2026-07-02 00:04:13,080 - root - [logging_config.py:61] - INFO - Logging initialized. Log file: /home/tuton/Kanto2026RPi/src/config/../logs/robot_20260702_000408.log
2026-07-02 00:04:15,016 - mazeUtils.device.LiDAR - [LiDAR.py:80] - INFO - Available ports: <ydlidar.Str2strMap; proxy of <Swig Object of type 'std::map< std::string,std::string > *' at 0x7f80ff1bc0> >
2026-07-02 00:04:19,058 - mazeUtils.moveTile - [moveTile.py:556] - DEBUG - overwrite the wall data
2026-07-02 00:04:19,083 - mazeUtils.moveTile - [moveTile.py:570] - DEBUG - Direction: absDirection.NORTH, Angle: 0, Distance: 328.5900281595976 cm
2026-07-02 00:04:19,085 - mazeUtils.moveTile - [moveTile.py:580] - INFO - angle: 0, result: judgeWallResult.NO_WALL
2026-07-02 00:04:19,087 - mazeUtils.moveTile - [moveTile.py:570] - DEBUG - Direction: absDirection.EAST, Angle: 270, Distance: 287.2640169679664 cm
2026-07-02 00:04:19,089 - mazeUtils.moveTile - [moveTile.py:570] - DEBUG - Direction: absDirection.SOUTH, Angle: 180, Distance: 23.755378588355576 cm
2026-07-02 00:04:19,091 - mazeUtils.moveTile - [moveTile.py:570] - DEBUG - Direction: absDirection.WEST, Angle: 90, Distance: 36.74200702368553 cm
2026-07-02 00:04:19,092 - __main__ - [main.py:69] - INFO - Initial Map:
2026-07-02 00:04:19,114 - __main__ - [main.py:70] - INFO - Current position: (20, 20, 0), front direction: absDirection.NORTH
Layer 0 (altitude=0.0cm, offset=(0.0cm, 0.0cm)):
Known map area: x=20..20, y=20..20
+   +
  @  
+---+
2026-07-02 00:04:20,082 - mazeUtils.mazeMap - [mazeMap.py:61] - INFO - next goal: (20, 19, 0)
2026-07-02 00:04:20,083 - __main__ - [main.py:76] - INFO - Next Direction: [<absDirection.NORTH: 0>]
2026-07-02 00:04:20,086 - __main__ - [main.py:77] - INFO - Exploration started.
2026-07-02 00:04:20,087 - mazeUtils.mazeMap - [mazeMap.py:61] - INFO - next goal: (20, 20, 0)
2026-07-02 00:04:20,089 - mazeUtils.moveTile - [moveTile.py:88] - DEBUG - [2240.792754] moveTile start direction=absDirection.NORTH position=(20, 20, 0) front=absDirection.NORTH
2026-07-02 00:04:20,136 - mazeUtils.moveTile - [moveTile.py:2716] - INFO - (None, 0)
2026-07-02 00:04:20,185 - __main__ - [main.py:110] - INFO - Current position: (20, 20, 0), front direction: absDirection.NORTH
Layer 0 (altitude=0.0cm, offset=(0.0cm, 0.0cm)):
Known map area: x=20..20, y=20..20
+   +
  @  
+---+
