2026-06-21 14:37:26,802 - root - [logging_config.py:61] - INFO - Logging initialized. Log file: /home/tuton/Kanto2026RPi/src/config/../logs/robot_20260621_143725.log
2026-06-21 14:37:29,048 - mazeUtils.device.LiDAR - [LiDAR.py:36] - INFO - Available ports: <ydlidar.Str2strMap; proxy of <Swig Object of type 'std::map< std::string,std::string > *' at 0x7fa2efdd40> >
2026-06-21 14:37:33,060 - mazeUtils.moveTile - [moveTile.py:529] - DEBUG - Direction: absDirection.NORTH, Angle: 0, Distance: 166.77132924494336 cm
2026-06-21 14:37:33,061 - mazeUtils.moveTile - [moveTile.py:553] - DEBUG - Front LiDAR distance: 166.77132924494336 cm, TSD10 distance: 129.3 cm
2026-06-21 14:37:33,063 - mazeUtils.moveTile - [moveTile.py:529] - DEBUG - Direction: absDirection.EAST, Angle: 270, Distance: 17.193133813187803 cm
2026-06-21 14:37:33,065 - mazeUtils.moveTile - [moveTile.py:529] - DEBUG - Direction: absDirection.SOUTH, Angle: 180, Distance: 16.638410836246745 cm
2026-06-21 14:37:33,067 - mazeUtils.moveTile - [moveTile.py:529] - DEBUG - Direction: absDirection.WEST, Angle: 90, Distance: 17.579731611062602 cm
2026-06-21 14:37:33,068 - __main__ - [main.py:69] - INFO - Initial Map:
2026-06-21 14:37:33,087 - __main__ - [main.py:70] - INFO - Current position: (20, 20, 0), front direction: absDirection.NORTH
Layer 0 (altitude=0.0cm, offset=(0.0cm, 0.0cm)):
Known map area: x=20..20, y=20..20
+   +
| @ |
+---+
mazeAsGraph[0][20][20] = {absDirection.NORTH: (20, 19, 0, 30), absDirection.EAST: None, absDirection.SOUTH: None, absDirection.WEST: None}
2026-06-21 14:37:33,089 - mazeUtils.mazeMap - [mazeMap.py:61] - INFO - next goal: (20, 19, 0)
2026-06-21 14:37:33,091 - __main__ - [main.py:73] - INFO - Next Direction: [<absDirection.NORTH: 0>]
2026-06-21 14:37:33,092 - __main__ - [main.py:74] - INFO - Exploration started.
2026-06-21 14:37:33,103 - mazeUtils.moveTile - [moveTile.py:79] - DEBUG - Moving to absDirection.NORTH from (20, 20, 0) facing absDirection.NORTH
2026-06-21 14:37:33,134 - mazeUtils.moveTile - [moveTile.py:79] - DEBUG - current heading: 0.040000000000020464 target: 0
2026-06-21 14:37:33,157 - mazeUtils.moveTile - [moveTile.py:404] - DEBUG - stopped turning at heading: 0.040000000000020464, diff: 0.040000000000020464
2026-06-21 14:37:33,199 - mazeUtils.moveTile - [moveTile.py:79] - DEBUG - Turned to heading: 0.040000000000020464 deg
2026-06-21 14:37:33,277 - mazeUtils.moveTile - [moveTile.py:79] - DEBUG - Little backward to adjust position
2026-06-21 14:37:33,777 - picamera2.picamera2 - [picamera2.py:1391] - DEBUG - Execute job: <picamera2.job.Job object at 0x7f5eda7ad0>
2026-06-21 14:37:33,783 - mazeUtils.device.camera - [camera.py:39] - DEBUG - Average HSV: H=154.8, S=16.1, V=218.9
2026-06-21 14:37:33,814 - mazeUtils.moveTile - [moveTile.py:79] - DEBUG - roll: 358.83 deg, practicalMoveTime: 0.04748736987307739 sec
2026-06-21 14:37:33,815 - mazeUtils.moveTile - [moveTile.py:1424] - DEBUG - moveTile loop time: 46.3 ms
2026-06-21 14:37:33,820 - picamera2.picamera2 - [picamera2.py:1391] - DEBUG - Execute job: <picamera2.job.Job object at 0x7f8f542b50>
2026-06-21 14:37:33,825 - mazeUtils.device.camera - [camera.py:39] - DEBUG - Average HSV: H=155.0, S=16.0, V=218.9
2026-06-21 14:37:33,861 - mazeUtils.moveTile - [moveTile.py:79] - DEBUG - roll: 359.01 deg, practicalMoveTime: 0.09314319515079175 sec
2026-06-21 14:37:33,861 - mazeUtils.moveTile - [moveTile.py:1424] - DEBUG - moveTile loop time: 45.9 ms
2026-06-21 14:37:33,867 - picamera2.picamera2 - [picamera2.py:1391] - DEBUG - Execute job: <picamera2.job.Job object at 0x7f8d2d3350>
2026-06-21 14:37:33,870 - mazeUtils.device.camera - [camera.py:39] - DEBUG - Average HSV: H=154.2, S=15.7, V=222.1
2026-06-21 14:37:33,901 - mazeUtils.moveTile - [moveTile.py:79] - DEBUG - roll: 358.29999999999995 deg, practicalMoveTime: 0.13356762323050908 sec
2026-06-21 14:37:33,902 - mazeUtils.moveTile - [moveTile.py:1424] - DEBUG - moveTile loop time: 40.7 ms
2026-06-21 14:37:33,907 - picamera2.picamera2 - [picamera2.py:1391] - DEBUG - Execute job: <picamera2.job.Job object at 0x7f8f5b2f50>
2026-06-21 14:37:33,910 - mazeUtils.device.camera - [camera.py:39] - DEBUG - Average HSV: H=155.5, S=16.0, V=222.1
2026-06-21 14:37:33,939 - mazeUtils.moveTile - [moveTile.py:79] - DEBUG - roll: 358.34 deg, practicalMoveTime: 0.1706897843495 sec
2026-06-21 14:37:33,940 - mazeUtils.moveTile - [moveTile.py:1424] - DEBUG - moveTile loop time: 37.4 ms
2026-06-21 14:37:33,945 - picamera2.picamera2 - [picamera2.py:1391] - DEBUG - Execute job: <picamera2.job.Job object at 0x7f8d2cb350>
2026-06-21 14:37:33,948 - mazeUtils.device.camera - [camera.py:39] - DEBUG - Average HSV: H=157.4, S=16.5, V=226.0
2026-06-21 14:37:33,974 - mazeUtils.moveTile - [moveTile.py:79] - DEBUG - roll: 358.34999999999997 deg, practicalMoveTime: 0.2045867135359157 sec
2026-06-21 14:37:33,974 - mazeUtils.moveTile - [moveTile.py:1424] - DEBUG - moveTile loop time: 34.2 ms
2026-06-21 14:37:33,979 - picamera2.picamera2 - [picamera2.py:1391] - DEBUG - Execute job: <picamera2.job.Job object at 0x7f969a30d0>
2026-06-21 14:37:33,983 - mazeUtils.device.camera - [camera.py:39] - DEBUG - Average HSV: H=159.2, S=17.0, V=224.5
2026-06-21 14:37:34,011 - mazeUtils.moveTile - [moveTile.py:79] - DEBUG - roll: 357.5 deg, practicalMoveTime: 0.24117009381934637 sec
2026-06-21 14:37:34,011 - mazeUtils.moveTile - [moveTile.py:1424] - DEBUG - moveTile loop time: 36.9 ms
2026-06-21 14:37:34,021 - picamera2.picamera2 - [picamera2.py:1391] - DEBUG - Execute job: <picamera2.job.Job object at 0x7f8d2cb350>
2026-06-21 14:37:34,024 - mazeUtils.device.camera - [camera.py:39] - DEBUG - Average HSV: H=157.3, S=15.5, V=227.3
2026-06-21 14:37:34,052 - mazeUtils.moveTile - [moveTile.py:79] - DEBUG - roll: 358.34999999999997 deg, practicalMoveTime: 0.28133530836472315 sec
2026-06-21 14:37:34,052 - mazeUtils.moveTile - [moveTile.py:1424] - DEBUG - moveTile loop time: 40.4 ms
2026-06-21 14:37:34,057 - picamera2.picamera2 - [picamera2.py:1391] - DEBUG - Execute job: <picamera2.job.Job object at 0x7f8d2d3350>
2026-06-21 14:37:34,061 - mazeUtils.device.camera - [camera.py:39] - DEBUG - Average HSV: H=161.1, S=17.0, V=226.6
2026-06-21 14:37:34,088 - mazeUtils.moveTile - [moveTile.py:79] - DEBUG - roll: 358.96 deg, practicalMoveTime: 0.31737444502958706 sec
2026-06-21 14:37:34,089 - mazeUtils.moveTile - [moveTile.py:1424] - DEBUG - moveTile loop time: 36.3 ms
2026-06-21 14:37:34,094 - picamera2.picamera2 - [picamera2.py:1391] - DEBUG - Execute job: <picamera2.job.Job object at 0x7f5f7c7410>
2026-06-21 14:37:34,097 - mazeUtils.device.camera - [camera.py:39] - DEBUG - Average HSV: H=161.4, S=16.0, V=228.9
2026-06-21 14:37:34,127 - mazeUtils.moveTile - [moveTile.py:79] - DEBUG - roll: 357.92999999999995 deg, practicalMoveTime: 0.3555263075014792 sec
2026-06-21 14:37:34,127 - mazeUtils.moveTile - [moveTile.py:1424] - DEBUG - moveTile loop time: 38.5 ms
2026-06-21 14:37:34,132 - picamera2.picamera2 - [picamera2.py:1391] - DEBUG - Execute job: <picamera2.job.Job object at 0x7f969a30d0>
2026-06-21 14:37:34,135 - mazeUtils.device.camera - [camera.py:39] - DEBUG - Average HSV: H=161.6, S=14.8, V=230.0
2026-06-21 14:37:34,168 - mazeUtils.moveTile - [moveTile.py:79] - DEBUG - roll: 357.96999999999997 deg, practicalMoveTime: 0.3956374558864255 sec
2026-06-21 14:37:34,168 - mazeUtils.moveTile - [moveTile.py:1424] - DEBUG - moveTile loop time: 40.4 ms
2026-06-21 14:37:34,179 - picamera2.picamera2 - [picamera2.py:1391] - DEBUG - Execute job: <picamera2.job.Job object at 0x7f8f56ae50>
2026-06-21 14:37:34,182 - mazeUtils.device.camera - [camera.py:39] - DEBUG - Average HSV: H=161.8, S=15.0, V=230.2
2026-06-21 14:37:34,208 - mazeUtils.moveTile - [moveTile.py:79] - DEBUG - roll: 358.79999999999995 deg, practicalMoveTime: 0.4355211418900377 sec
2026-06-21 14:37:34,209 - mazeUtils.moveTile - [moveTile.py:1424] - DEBUG - moveTile loop time: 40.6 ms
2026-06-21 14:37:34,215 - picamera2.picamera2 - [picamera2.py:1391] - DEBUG - Execute job: <picamera2.job.Job object at 0x7f8f5b2f50>
2026-06-21 14:37:34,222 - mazeUtils.device.camera - [camera.py:39] - DEBUG - Average HSV: H=161.7, S=14.1, V=231.1
2026-06-21 14:37:34,257 - mazeUtils.moveTile - [moveTile.py:79] - DEBUG - roll: 358.02 deg, practicalMoveTime: 0.4836741471157219 sec
2026-06-21 14:37:34,258 - mazeUtils.moveTile - [moveTile.py:1424] - DEBUG - moveTile loop time: 48.3 ms
2026-06-21 14:37:34,262 - picamera2.picamera2 - [picamera2.py:1391] - DEBUG - Execute job: <picamera2.job.Job object at 0x7f5eda7ad0>
2026-06-21 14:37:34,268 - mazeUtils.device.camera - [camera.py:39] - DEBUG - Average HSV: H=161.8, S=13.7, V=230.5
2026-06-21 14:37:34,297 - mazeUtils.moveTile - [moveTile.py:79] - DEBUG - roll: 357.98999999999995 deg, practicalMoveTime: 0.5230685909638422 sec
2026-06-21 14:37:34,299 - mazeUtils.moveTile - [moveTile.py:1424] - DEBUG - moveTile loop time: 40.4 ms
2026-06-21 14:37:34,308 - picamera2.picamera2 - [picamera2.py:1391] - DEBUG - Execute job: <picamera2.job.Job object at 0x7f8d2d3350>
2026-06-21 14:37:34,312 - mazeUtils.device.camera - [camera.py:39] - DEBUG - Average HSV: H=161.7, S=14.3, V=230.8
2026-06-21 14:37:34,348 - mazeUtils.moveTile - [moveTile.py:79] - DEBUG - roll: 358.48999999999995 deg, practicalMoveTime: 0.5721831614142127 sec
2026-06-21 14:37:34,349 - mazeUtils.moveTile - [moveTile.py:1424] - DEBUG - moveTile loop time: 49.1 ms
2026-06-21 14:37:34,354 - picamera2.picamera2 - [picamera2.py:1391] - DEBUG - Execute job: <picamera2.job.Job object at 0x7f969a30d0>
2026-06-21 14:37:34,358 - mazeUtils.device.camera - [camera.py:39] - DEBUG - Average HSV: H=160.1, S=13.5, V=231.2
2026-06-21 14:37:34,387 - mazeUtils.moveTile - [moveTile.py:79] - DEBUG - roll: 358.41999999999996 deg, practicalMoveTime: 0.6101414128968656 sec
2026-06-21 14:37:34,387 - mazeUtils.moveTile - [moveTile.py:1424] - DEBUG - moveTile loop time: 38.3 ms
2026-06-21 14:37:34,395 - picamera2.picamera2 - [picamera2.py:1391] - DEBUG - Execute job: <picamera2.job.Job object at 0x7f8f542b50>
2026-06-21 14:37:34,400 - mazeUtils.device.camera - [camera.py:39] - DEBUG - Average HSV: H=163.2, S=15.1, V=230.2
2026-06-21 14:37:34,429 - mazeUtils.moveTile - [moveTile.py:79] - DEBUG - roll: 358.83 deg, practicalMoveTime: 0.6519508362471554 sec
2026-06-21 14:37:34,430 - mazeUtils.moveTile - [moveTile.py:1424] - DEBUG - moveTile loop time: 42.0 ms
2026-06-21 14:37:34,435 - picamera2.picamera2 - [picamera2.py:1391] - DEBUG - Execute job: <picamera2.job.Job object at 0x7f8f542b50>
2026-06-21 14:37:34,439 - mazeUtils.device.camera - [camera.py:39] - DEBUG - Average HSV: H=160.8, S=13.6, V=232.4
2026-06-21 14:37:34,470 - mazeUtils.moveTile - [moveTile.py:79] - DEBUG - roll: 358.72999999999996 deg, practicalMoveTime: 0.6920124801667099 sec
2026-06-21 14:37:34,471 - mazeUtils.moveTile - [moveTile.py:1424] - DEBUG - moveTile loop time: 40.5 ms
2026-06-21 14:37:34,476 - picamera2.picamera2 - [picamera2.py:1391] - DEBUG - Execute job: <picamera2.job.Job object at 0x7f8f56ae50>
2026-06-21 14:37:34,483 - mazeUtils.device.camera - [camera.py:39] - DEBUG - Average HSV: H=161.0, S=13.4, V=232.0
2026-06-21 14:37:34,512 - mazeUtils.moveTile - [moveTile.py:79] - DEBUG - roll: 358.77 deg, practicalMoveTime: 0.732865148201454 sec
2026-06-21 14:37:34,512 - mazeUtils.moveTile - [moveTile.py:1424] - DEBUG - moveTile loop time: 40.7 ms
2026-06-21 14:37:34,524 - picamera2.picamera2 - [picamera2.py:1391] - DEBUG - Execute job: <picamera2.job.Job object at 0x7f969a30d0>
2026-06-21 14:37:34,529 - mazeUtils.device.camera - [camera.py:39] - DEBUG - Average HSV: H=160.2, S=13.5, V=229.7
2026-06-21 14:37:34,556 - mazeUtils.moveTile - [moveTile.py:79] - DEBUG - roll: 358.71999999999997 deg, practicalMoveTime: 0.7765925992437882 sec
2026-06-21 14:37:34,557 - mazeUtils.moveTile - [moveTile.py:1424] - DEBUG - moveTile loop time: 44.0 ms
2026-06-21 14:37:34,562 - picamera2.picamera2 - [picamera2.py:1391] - DEBUG - Execute job: <picamera2.job.Job object at 0x7f8d2d3350>
2026-06-21 14:37:34,567 - mazeUtils.device.camera - [camera.py:39] - DEBUG - Average HSV: H=158.2, S=13.2, V=229.7
2026-06-21 14:37:34,596 - mazeUtils.moveTile - [moveTile.py:79] - DEBUG - roll: 358.97999999999996 deg, practicalMoveTime: 0.81621625578967 sec
2026-06-21 14:37:34,597 - mazeUtils.moveTile - [moveTile.py:1424] - DEBUG - moveTile loop time: 40.0 ms
2026-06-21 14:37:34,602 - picamera2.picamera2 - [picamera2.py:1391] - DEBUG - Execute job: <picamera2.job.Job object at 0x7f8f5b2f50>
2026-06-21 14:37:34,607 - mazeUtils.device.camera - [camera.py:39] - DEBUG - Average HSV: H=159.9, S=14.2, V=227.6
2026-06-21 14:37:34,637 - mazeUtils.moveTile - [moveTile.py:1369] - INFO - practicalVerticalMove: -0.815479229948586 CM
2026-06-21 14:37:34,683 - mazeUtils.moveTile - [moveTile.py:1639] - INFO - Set moved vertical distance: -0.815479229948586 cm, past distances: [(0, False), (0, False), (0, False)]
2026-06-21 14:37:34,772 - mazeUtils.moveTile - [moveTile.py:529] - DEBUG - Direction: absDirection.NORTH, Angle: 0, Distance: 105.74335015638604 cm
2026-06-21 14:37:34,773 - mazeUtils.moveTile - [moveTile.py:553] - DEBUG - Front LiDAR distance: 105.74335015638604 cm, TSD10 distance: 74.0 cm
2026-06-21 14:37:34,774 - mazeUtils.moveTile - [moveTile.py:529] - DEBUG - Direction: absDirection.EAST, Angle: 270, Distance: 17.728721758098043 cm
2026-06-21 14:37:34,776 - mazeUtils.moveTile - [moveTile.py:529] - DEBUG - Direction: absDirection.SOUTH, Angle: 180, Distance: 50.8051103309751 cm
2026-06-21 14:37:34,778 - mazeUtils.moveTile - [moveTile.py:529] - DEBUG - Direction: absDirection.WEST, Angle: 90, Distance: 135.6441413918279 cm
2026-06-21 14:37:34,780 - mazeUtils.moveTile - [moveTile.py:1768] - INFO - Tile color detection counts: {}, decided tile type: E
2026-06-21 14:37:34,853 - __main__ - [main.py:91] - INFO - Current position: (20, 19, 0), front direction: absDirection.NORTH
Layer 0 (altitude=0.0cm, offset=(0.0cm, 0.0cm)):
Known map area: x=20..20, y=19..20
+   +
  @ |
+   +
| S |
+---+
mazeAsGraph[0][19][20] = {absDirection.NORTH: (20, 18, 0, 30), absDirection.EAST: None, absDirection.SOUTH: (20, 20, 0, 30), absDirection.WEST: (19, 19, 0, 30)}
mazeAsGraph[0][20][20] = {absDirection.NORTH: (20, 19, 0, 30), absDirection.EAST: None, absDirection.SOUTH: None, absDirection.WEST: None}
2026-06-21 14:37:34,859 - mazeUtils.mazeMap - [mazeMap.py:61] - INFO - next goal: (20, 18, 0)
2026-06-21 14:37:34,866 - mazeUtils.moveTile - [moveTile.py:79] - DEBUG - Moving to absDirection.NORTH from (20, 19, 0) facing absDirection.NORTH
2026-06-21 14:37:34,900 - mazeUtils.moveTile - [moveTile.py:79] - DEBUG - current heading: 359.88 target: 0
2026-06-21 14:37:34,919 - mazeUtils.moveTile - [moveTile.py:404] - DEBUG - stopped turning at heading: 359.88, diff: 0.12000000000000455
2026-06-21 14:37:34,965 - mazeUtils.moveTile - [moveTile.py:79] - DEBUG - Turned to heading: 359.69 deg
2026-06-21 14:37:35,183 - picamera2.picamera2 - [picamera2.py:1391] - DEBUG - Execute job: <picamera2.job.Job object at 0x7f7d6419d0>
2026-06-21 14:37:35,188 - mazeUtils.device.camera - [camera.py:39] - DEBUG - Average HSV: H=165.0, S=16.3, V=226.7
2026-06-21 14:37:35,220 - mazeUtils.moveTile - [moveTile.py:79] - DEBUG - roll: 357.44 deg, practicalMoveTime: 0.046795349619927186 sec
2026-06-21 14:37:35,221 - mazeUtils.moveTile - [moveTile.py:1424] - DEBUG - moveTile loop time: 44.7 ms
2026-06-21 14:37:35,229 - picamera2.picamera2 - [picamera2.py:1391] - DEBUG - Execute job: <picamera2.job.Job object at 0x7f7d641950>
2026-06-21 14:37:35,234 - mazeUtils.device.camera - [camera.py:39] - DEBUG - Average HSV: H=164.8, S=16.2, V=226.8
2026-06-21 14:37:35,264 - mazeUtils.moveTile - [moveTile.py:79] - DEBUG - roll: 357.59999999999997 deg, practicalMoveTime: 0.09014923049150018 sec
2026-06-21 14:37:35,265 - mazeUtils.moveTile - [moveTile.py:1424] - DEBUG - moveTile loop time: 43.6 ms
2026-06-21 14:37:35,271 - picamera2.picamera2 - [picamera2.py:1391] - DEBUG - Execute job: <picamera2.job.Job object at 0x7f8c96d4d0>
2026-06-21 14:37:35,277 - mazeUtils.device.camera - [camera.py:39] - DEBUG - Average HSV: H=164.6, S=15.6, V=227.8
2026-06-21 14:37:35,314 - mazeUtils.moveTile - [moveTile.py:79] - DEBUG - roll: 357.63 deg, practicalMoveTime: 0.13964737419554263 sec
2026-06-21 14:37:35,315 - mazeUtils.moveTile - [moveTile.py:1424] - DEBUG - moveTile loop time: 50.1 ms
2026-06-21 14:37:35,321 - picamera2.picamera2 - [picamera2.py:1391] - DEBUG - Execute job: <picamera2.job.Job object at 0x7f7d64a990>
2026-06-21 14:37:35,326 - mazeUtils.device.camera - [camera.py:39] - DEBUG - Average HSV: H=164.5, S=14.5, V=229.2
2026-06-21 14:37:35,353 - mazeUtils.moveTile - [moveTile.py:210] - WARNING - Escape from obstacle on Side.RIGHT side
2026-06-21 14:37:36,038 - mazeUtils.moveTile - [moveTile.py:1352] - DEBUG - Obstacle escape adjustment: 0.07218935286634119
2026-06-21 14:37:36,145 - mazeUtils.moveTile - [moveTile.py:79] - DEBUG - roll: 357.81 deg, practicalMoveTime: 0.057504041322195144 sec
2026-06-21 14:37:36,145 - mazeUtils.moveTile - [moveTile.py:1424] - DEBUG - moveTile loop time: 829.1 ms
2026-06-21 14:37:36,151 - picamera2.picamera2 - [picamera2.py:1391] - DEBUG - Execute job: <picamera2.job.Job object at 0x7f5eda7ad0>
2026-06-21 14:37:36,155 - mazeUtils.device.camera - [camera.py:39] - DEBUG - Average HSV: H=139.4, S=19.5, V=218.8
2026-06-21 14:37:36,194 - mazeUtils.moveTile - [moveTile.py:79] - DEBUG - roll: 357.10999999999996 deg, practicalMoveTime: 0.10677844162672234 sec
2026-06-21 14:37:36,195 - mazeUtils.moveTile - [moveTile.py:1424] - DEBUG - moveTile loop time: 49.5 ms
2026-06-21 14:37:36,201 - picamera2.picamera2 - [picamera2.py:1391] - DEBUG - Execute job: <picamera2.job.Job object at 0x7f967f8290>
2026-06-21 14:37:36,204 - mazeUtils.device.camera - [camera.py:39] - DEBUG - Average HSV: H=159.8, S=18.5, V=217.5
2026-06-21 14:37:36,232 - mazeUtils.moveTile - [moveTile.py:210] - WARNING - Escape from obstacle on Side.LEFT side
2026-06-21 14:37:36,913 - mazeUtils.moveTile - [moveTile.py:1352] - DEBUG - Obstacle escape adjustment: 0.07185165574638858
2026-06-21 14:37:37,019 - mazeUtils.moveTile - [moveTile.py:79] - DEBUG - roll: 356.95 deg, practicalMoveTime: 0.023517560586931302 sec
2026-06-21 14:37:37,019 - mazeUtils.moveTile - [moveTile.py:1424] - DEBUG - moveTile loop time: 823.4 ms
2026-06-21 14:37:37,030 - picamera2.picamera2 - [picamera2.py:1391] - DEBUG - Execute job: <picamera2.job.Job object at 0x7f7d5bb510>
2026-06-21 14:37:37,033 - mazeUtils.device.camera - [camera.py:39] - DEBUG - Average HSV: H=169.4, S=16.7, V=227.2
2026-06-21 14:37:37,070 - mazeUtils.moveTile - [moveTile.py:79] - DEBUG - roll: 356.84999999999997 deg, practicalMoveTime: 0.07441157951492403 sec
2026-06-21 14:37:37,071 - mazeUtils.moveTile - [moveTile.py:1424] - DEBUG - moveTile loop time: 52.0 ms
2026-06-21 14:37:37,078 - picamera2.picamera2 - [picamera2.py:1391] - DEBUG - Execute job: <picamera2.job.Job object at 0x7f7d5bb510>
2026-06-21 14:37:37,081 - mazeUtils.device.camera - [camera.py:39] - DEBUG - Average HSV: H=163.5, S=18.2, V=215.8
2026-06-21 14:37:37,108 - mazeUtils.moveTile - [moveTile.py:79] - DEBUG - roll: 357.38 deg, practicalMoveTime: 0.11091651091424319 sec
2026-06-21 14:37:37,108 - mazeUtils.moveTile - [moveTile.py:1424] - DEBUG - moveTile loop time: 36.7 ms
2026-06-21 14:37:37,116 - picamera2.picamera2 - [picamera2.py:1391] - DEBUG - Execute job: <picamera2.job.Job object at 0x7f5f31cd50>
2026-06-21 14:37:37,120 - mazeUtils.device.camera - [camera.py:39] - DEBUG - Average HSV: H=165.5, S=20.1, V=213.3
2026-06-21 14:37:37,153 - mazeUtils.moveTile - [moveTile.py:210] - WARNING - Escape from obstacle on Side.LEFT side
2026-06-21 14:37:37,831 - mazeUtils.moveTile - [moveTile.py:1352] - DEBUG - Obstacle escape adjustment: 0.07214283109404808
2026-06-21 14:37:37,937 - mazeUtils.moveTile - [moveTile.py:79] - DEBUG - roll: 357.48999999999995 deg, practicalMoveTime: 0.03524271856522075 sec
2026-06-21 14:37:37,938 - mazeUtils.moveTile - [moveTile.py:1424] - DEBUG - moveTile loop time: 828.9 ms
2026-06-21 14:37:37,942 - picamera2.picamera2 - [picamera2.py:1391] - DEBUG - Execute job: <picamera2.job.Job object at 0x7fa2ea1d50>
2026-06-21 14:37:37,946 - mazeUtils.device.camera - [camera.py:39] - DEBUG - Average HSV: H=162.5, S=15.8, V=220.4
2026-06-21 14:37:37,979 - mazeUtils.moveTile - [moveTile.py:79] - DEBUG - roll: 356.65 deg, practicalMoveTime: 0.07688705695837751 sec
2026-06-21 14:37:37,980 - mazeUtils.moveTile - [moveTile.py:1424] - DEBUG - moveTile loop time: 41.6 ms
2026-06-21 14:37:37,984 - picamera2.picamera2 - [picamera2.py:1391] - DEBUG - Execute job: <picamera2.job.Job object at 0x7f8f5b2f50>
2026-06-21 14:37:37,987 - mazeUtils.device.camera - [camera.py:39] - DEBUG - Average HSV: H=163.2, S=16.2, V=218.9
2026-06-21 14:37:38,016 - mazeUtils.moveTile - [moveTile.py:79] - DEBUG - roll: 357.84999999999997 deg, practicalMoveTime: 0.11265230518070005 sec
2026-06-21 14:37:38,016 - mazeUtils.moveTile - [moveTile.py:1424] - DEBUG - moveTile loop time: 36.1 ms
2026-06-21 14:37:38,025 - picamera2.picamera2 - [picamera2.py:1391] - DEBUG - Execute job: <picamera2.job.Job object at 0x7fa2ea1d50>
2026-06-21 14:37:38,028 - mazeUtils.device.camera - [camera.py:39] - DEBUG - Average HSV: H=165.2, S=17.3, V=219.2
2026-06-21 14:37:38,059 - mazeUtils.moveTile - [moveTile.py:79] - DEBUG - roll: 356.09999999999997 deg, practicalMoveTime: 0.15555675577420394 sec
2026-06-21 14:37:38,060 - mazeUtils.moveTile - [moveTile.py:1424] - DEBUG - moveTile loop time: 43.3 ms
2026-06-21 14:37:38,064 - picamera2.picamera2 - [picamera2.py:1391] - DEBUG - Execute job: <picamera2.job.Job object at 0x7f7d5bb510>
2026-06-21 14:37:38,067 - mazeUtils.device.camera - [camera.py:39] - DEBUG - Average HSV: H=163.9, S=16.8, V=218.8
2026-06-21 14:37:38,099 - mazeUtils.moveTile - [moveTile.py:79] - DEBUG - roll: 357.51 deg, practicalMoveTime: 0.19451567954762722 sec
2026-06-21 14:37:38,099 - mazeUtils.moveTile - [moveTile.py:1424] - DEBUG - moveTile loop time: 39.2 ms
2026-06-21 14:37:38,109 - picamera2.picamera2 - [picamera2.py:1391] - DEBUG - Execute job: <picamera2.job.Job object at 0x7f8f5b2f50>
2026-06-21 14:37:38,113 - mazeUtils.device.camera - [camera.py:39] - DEBUG - Average HSV: H=163.1, S=16.6, V=219.5
2026-06-21 14:37:38,144 - mazeUtils.moveTile - [moveTile.py:79] - DEBUG - roll: 357.03 deg, practicalMoveTime: 0.23930840510687007 sec
2026-06-21 14:37:38,145 - mazeUtils.moveTile - [moveTile.py:1424] - DEBUG - moveTile loop time: 45.4 ms
2026-06-21 14:37:38,153 - picamera2.picamera2 - [picamera2.py:1391] - DEBUG - Execute job: <picamera2.job.Job object at 0x7f8c96d4d0>
2026-06-21 14:37:38,156 - mazeUtils.device.camera - [camera.py:39] - DEBUG - Average HSV: H=159.9, S=16.0, V=221.5
2026-06-21 14:37:38,181 - mazeUtils.moveTile - [moveTile.py:79] - DEBUG - roll: 357.09 deg, practicalMoveTime: 0.27520842186053696 sec
2026-06-21 14:37:38,181 - mazeUtils.moveTile - [moveTile.py:1424] - DEBUG - moveTile loop time: 36.0 ms
2026-06-21 14:37:38,189 - picamera2.picamera2 - [picamera2.py:1391] - DEBUG - Execute job: <picamera2.job.Job object at 0x7f7d6419d0>
2026-06-21 14:37:38,192 - mazeUtils.device.camera - [camera.py:39] - DEBUG - Average HSV: H=160.0, S=16.1, V=222.9
2026-06-21 14:37:38,225 - mazeUtils.moveTile - [moveTile.py:79] - DEBUG - roll: 357.90999999999997 deg, practicalMoveTime: 0.3193055783825447 sec
2026-06-21 14:37:38,226 - mazeUtils.moveTile - [moveTile.py:1424] - DEBUG - moveTile loop time: 44.4 ms
2026-06-21 14:37:38,231 - picamera2.picamera2 - [picamera2.py:1391] - DEBUG - Execute job: <picamera2.job.Job object at 0x7f967f8290>
2026-06-21 14:37:38,234 - mazeUtils.device.camera - [camera.py:39] - DEBUG - Average HSV: H=158.0, S=15.4, V=220.2
2026-06-21 14:37:38,262 - mazeUtils.moveTile - [moveTile.py:79] - DEBUG - roll: 359.52 deg, practicalMoveTime: 0.35522160008777554 sec
2026-06-21 14:37:38,262 - mazeUtils.moveTile - [moveTile.py:1424] - DEBUG - moveTile loop time: 36.1 ms
2026-06-21 14:37:38,268 - picamera2.picamera2 - [picamera2.py:1391] - DEBUG - Execute job: <picamera2.job.Job object at 0x7f5f31cd50>
2026-06-21 14:37:38,271 - mazeUtils.device.camera - [camera.py:39] - DEBUG - Average HSV: H=158.9, S=15.8, V=221.3
2026-06-21 14:37:38,303 - mazeUtils.moveTile - [moveTile.py:79] - DEBUG - roll: 358.14 deg, practicalMoveTime: 0.39600758498189936 sec
2026-06-21 14:37:38,303 - mazeUtils.moveTile - [moveTile.py:1424] - DEBUG - moveTile loop time: 41.0 ms
2026-06-21 14:37:38,310 - picamera2.picamera2 - [picamera2.py:1391] - DEBUG - Execute job: <picamera2.job.Job object at 0x7f5eda7ad0>
2026-06-21 14:37:38,314 - mazeUtils.device.camera - [camera.py:39] - DEBUG - Average HSV: H=159.2, S=15.8, V=222.0
2026-06-21 14:37:38,344 - mazeUtils.moveTile - [moveTile.py:79] - DEBUG - roll: 358.23999999999995 deg, practicalMoveTime: 0.436247715413553 sec
2026-06-21 14:37:38,344 - mazeUtils.moveTile - [moveTile.py:1424] - DEBUG - moveTile loop time: 40.6 ms
2026-06-21 14:37:38,352 - picamera2.picamera2 - [picamera2.py:1391] - DEBUG - Execute job: <picamera2.job.Job object at 0x7f7d6406d0>
2026-06-21 14:37:38,355 - mazeUtils.device.camera - [camera.py:39] - DEBUG - Average HSV: H=156.2, S=15.9, V=221.3
2026-06-21 14:37:38,383 - mazeUtils.moveTile - [moveTile.py:79] - DEBUG - roll: 359.21 deg, practicalMoveTime: 0.4751555977375526 sec
2026-06-21 14:37:38,384 - mazeUtils.moveTile - [moveTile.py:1424] - DEBUG - moveTile loop time: 38.8 ms
2026-06-21 14:37:38,387 - picamera2.picamera2 - [picamera2.py:1391] - DEBUG - Execute job: <picamera2.job.Job object at 0x7f8f5b2f50>
2026-06-21 14:37:38,391 - mazeUtils.device.camera - [camera.py:39] - DEBUG - Average HSV: H=157.2, S=16.4, V=219.0
2026-06-21 14:37:38,417 - mazeUtils.moveTile - [moveTile.py:79] - DEBUG - roll: 358.71999999999997 deg, practicalMoveTime: 0.5084109806961706 sec
2026-06-21 14:37:38,417 - mazeUtils.moveTile - [moveTile.py:1424] - DEBUG - moveTile loop time: 33.4 ms
2026-06-21 14:37:38,423 - picamera2.picamera2 - [picamera2.py:1391] - DEBUG - Execute job: <picamera2.job.Job object at 0x7f7d641950>
2026-06-21 14:37:38,427 - mazeUtils.device.camera - [camera.py:39] - DEBUG - Average HSV: H=158.0, S=16.6, V=219.6
2026-06-21 14:37:38,461 - mazeUtils.moveTile - [moveTile.py:79] - DEBUG - roll: 357.46999999999997 deg, practicalMoveTime: 0.5520273957068484 sec
2026-06-21 14:37:38,461 - mazeUtils.moveTile - [moveTile.py:1424] - DEBUG - moveTile loop time: 43.9 ms
2026-06-21 14:37:38,466 - picamera2.picamera2 - [picamera2.py:1391] - DEBUG - Execute job: <picamera2.job.Job object at 0x7f7d6406d0>
2026-06-21 14:37:38,470 - mazeUtils.device.camera - [camera.py:39] - DEBUG - Average HSV: H=157.1, S=16.9, V=217.2
2026-06-21 14:37:38,495 - mazeUtils.moveTile - [moveTile.py:79] - DEBUG - roll: 358.95 deg, practicalMoveTime: 0.5854680914982148 sec
2026-06-21 14:37:38,495 - mazeUtils.moveTile - [moveTile.py:1424] - DEBUG - moveTile loop time: 33.7 ms
2026-06-21 14:37:38,500 - picamera2.picamera2 - [picamera2.py:1391] - DEBUG - Execute job: <picamera2.job.Job object at 0x7f7d5bb510>
2026-06-21 14:37:38,503 - mazeUtils.device.camera - [camera.py:39] - DEBUG - Average HSV: H=154.2, S=16.4, V=219.4
2026-06-21 14:37:38,534 - mazeUtils.moveTile - [moveTile.py:79] - DEBUG - roll: 358.71999999999997 deg, practicalMoveTime: 0.6237750185661376 sec
2026-06-21 14:37:38,534 - mazeUtils.moveTile - [moveTile.py:1424] - DEBUG - moveTile loop time: 38.6 ms
2026-06-21 14:37:38,539 - picamera2.picamera2 - [picamera2.py:1391] - DEBUG - Execute job: <picamera2.job.Job object at 0x7f5eda7ad0>
2026-06-21 14:37:38,542 - mazeUtils.device.camera - [camera.py:39] - DEBUG - Average HSV: H=156.5, S=23.1, V=207.7
2026-06-21 14:37:38,571 - mazeUtils.moveTile - [moveTile.py:79] - DEBUG - roll: 358.57 deg, practicalMoveTime: 0.660212145753807 sec
2026-06-21 14:37:38,571 - mazeUtils.moveTile - [moveTile.py:1424] - DEBUG - moveTile loop time: 36.8 ms
2026-06-21 14:37:38,579 - picamera2.picamera2 - [picamera2.py:1391] - DEBUG - Execute job: <picamera2.job.Job object at 0x7f8f5b2f50>
2026-06-21 14:37:38,582 - mazeUtils.device.camera - [camera.py:39] - DEBUG - Average HSV: H=158.5, S=41.8, V=176.7
2026-06-21 14:37:38,614 - mazeUtils.moveTile - [moveTile.py:79] - DEBUG - roll: 358.09 deg, practicalMoveTime: 0.7032482865028208 sec
2026-06-21 14:37:38,615 - mazeUtils.moveTile - [moveTile.py:1424] - DEBUG - moveTile loop time: 43.2 ms
2026-06-21 14:37:38,620 - picamera2.picamera2 - [picamera2.py:1391] - DEBUG - Execute job: <picamera2.job.Job object at 0x7f7d64a1d0>
2026-06-21 14:37:38,623 - mazeUtils.device.camera - [camera.py:39] - DEBUG - Average HSV: H=151.2, S=16.3, V=222.5
2026-06-21 14:37:38,650 - mazeUtils.moveTile - [moveTile.py:79] - DEBUG - roll: 359.32 deg, practicalMoveTime: 0.7386297342710182 sec
2026-06-21 14:37:38,651 - mazeUtils.moveTile - [moveTile.py:1424] - DEBUG - moveTile loop time: 35.7 ms
2026-06-21 14:37:38,654 - picamera2.picamera2 - [picamera2.py:1391] - DEBUG - Execute job: <picamera2.job.Job object at 0x7f7d5bb510>
2026-06-21 14:37:38,658 - mazeUtils.device.camera - [camera.py:39] - DEBUG - Average HSV: H=150.1, S=16.2, V=220.4
2026-06-21 14:37:38,687 - mazeUtils.moveTile - [moveTile.py:79] - DEBUG - roll: 359.29999999999995 deg, practicalMoveTime: 0.7751627474950256 sec
2026-06-21 14:37:38,688 - mazeUtils.moveTile - [moveTile.py:1424] - DEBUG - moveTile loop time: 37.0 ms
2026-06-21 14:37:38,693 - picamera2.picamera2 - [picamera2.py:1391] - DEBUG - Execute job: <picamera2.job.Job object at 0x7fa2ea1d50>
2026-06-21 14:37:38,696 - mazeUtils.device.camera - [camera.py:39] - DEBUG - Average HSV: H=150.0, S=16.3, V=221.4
2026-06-21 14:37:38,724 - mazeUtils.moveTile - [moveTile.py:79] - DEBUG - roll: 357.98999999999995 deg, practicalMoveTime: 0.8110117056931282 sec
2026-06-21 14:37:38,724 - mazeUtils.moveTile - [moveTile.py:1424] - DEBUG - moveTile loop time: 35.8 ms
2026-06-21 14:37:38,731 - picamera2.picamera2 - [picamera2.py:1391] - DEBUG - Execute job: <picamera2.job.Job object at 0x7f8f5b2f50>
2026-06-21 14:37:38,734 - mazeUtils.device.camera - [camera.py:39] - DEBUG - Average HSV: H=152.6, S=17.0, V=218.7
2026-06-21 14:37:38,762 - mazeUtils.moveTile - [moveTile.py:1369] - INFO - practicalVerticalMove: -1.6177585300261492 CM
2026-06-21 14:37:38,803 - mazeUtils.moveTile - [moveTile.py:1639] - INFO - Set moved vertical distance: -1.6177585300261492 cm, past distances: [(-0.815479229948586, False), (0, False), (0, False)]
2026-06-21 14:37:38,865 - mazeUtils.moveTile - [moveTile.py:529] - DEBUG - Direction: absDirection.NORTH, Angle: 0, Distance: 99.28096829706068 cm
2026-06-21 14:37:38,866 - mazeUtils.moveTile - [moveTile.py:553] - DEBUG - Front LiDAR distance: 99.28096829706068 cm, TSD10 distance: 59.0 cm
2026-06-21 14:37:38,867 - mazeUtils.moveTile - [moveTile.py:529] - DEBUG - Direction: absDirection.EAST, Angle: 270, Distance: 17.716216635390044 cm
2026-06-21 14:37:38,868 - mazeUtils.moveTile - [moveTile.py:529] - DEBUG - Direction: absDirection.SOUTH, Angle: 180, Distance: 84.05878778289004 cm
2026-06-21 14:37:38,870 - mazeUtils.moveTile - [moveTile.py:529] - DEBUG - Direction: absDirection.WEST, Angle: 90, Distance: 15.832664072103997 cm
2026-06-21 14:37:38,871 - mazeUtils.moveTile - [moveTile.py:1768] - INFO - Tile color detection counts: {}, decided tile type: E
2026-06-21 14:37:38,932 - __main__ - [main.py:91] - INFO - Current position: (20, 18, 0), front direction: absDirection.NORTH
Layer 0 (altitude=0.0cm, offset=(0.0cm, 0.0cm)):
Known map area: x=20..20, y=18..20
+   +
| @ |
+   +
  E |
+   +
| S |
+---+
mazeAsGraph[0][18][20] = {absDirection.NORTH: (20, 17, 0, 30), absDirection.EAST: None, absDirection.SOUTH: (20, 19, 0, 30), absDirection.WEST: None}
mazeAsGraph[0][19][20] = {absDirection.NORTH: (20, 18, 0, 30), absDirection.EAST: None, absDirection.SOUTH: (20, 20, 0, 30), absDirection.WEST: (19, 19, 0, 30)}
mazeAsGraph[0][20][20] = {absDirection.NORTH: (20, 19, 0, 30), absDirection.EAST: None, absDirection.SOUTH: None, absDirection.WEST: None}
2026-06-21 14:37:38,937 - mazeUtils.mazeMap - [mazeMap.py:61] - INFO - next goal: (20, 17, 0)
2026-06-21 14:37:38,944 - mazeUtils.moveTile - [moveTile.py:79] - DEBUG - Moving to absDirection.NORTH from (20, 18, 0) facing absDirection.NORTH
2026-06-21 14:37:38,972 - mazeUtils.moveTile - [moveTile.py:79] - DEBUG - current heading: 1.6800000000000068 target: 0
2026-06-21 14:37:38,995 - mazeUtils.moveTile - [moveTile.py:404] - DEBUG - stopped turning at heading: 1.6800000000000068, diff: 1.6800000000000068
2026-06-21 14:37:39,051 - mazeUtils.moveTile - [moveTile.py:79] - DEBUG - Turned to heading: 1.339999999999975 deg
2026-06-21 14:37:39,265 - picamera2.picamera2 - [picamera2.py:1391] - DEBUG - Execute job: <picamera2.job.Job object at 0x7f5e2e0990>
2026-06-21 14:37:39,268 - mazeUtils.device.camera - [camera.py:39] - DEBUG - Average HSV: H=141.2, S=35.7, V=203.8
2026-06-21 14:37:39,297 - mazeUtils.moveTile - [moveTile.py:79] - DEBUG - roll: 0.14999999999997726 deg, practicalMoveTime: 0.042210195847404174 sec
2026-06-21 14:37:39,297 - mazeUtils.moveTile - [moveTile.py:1424] - DEBUG - moveTile loop time: 40.7 ms
2026-06-21 14:37:39,303 - picamera2.picamera2 - [picamera2.py:1391] - DEBUG - Execute job: <picamera2.job.Job object at 0x7f7d63e250>
2026-06-21 14:37:39,305 - mazeUtils.device.camera - [camera.py:39] - DEBUG - Average HSV: H=136.5, S=37.9, V=206.0
2026-06-21 14:37:39,336 - mazeUtils.moveTile - [moveTile.py:79] - DEBUG - roll: 1.0600000000000023 deg, practicalMoveTime: 0.08066982828901195 sec
2026-06-21 14:37:39,336 - mazeUtils.moveTile - [moveTile.py:1424] - DEBUG - moveTile loop time: 38.7 ms
2026-06-21 14:37:39,343 - picamera2.picamera2 - [picamera2.py:1391] - DEBUG - Execute job: <picamera2.job.Job object at 0x7f5e296fd0>
2026-06-21 14:37:39,346 - mazeUtils.device.camera - [camera.py:39] - DEBUG - Average HSV: H=123.4, S=42.9, V=214.6
2026-06-21 14:37:39,373 - mazeUtils.moveTile - [moveTile.py:79] - DEBUG - roll: 1.0299999999999727 deg, practicalMoveTime: 0.11729668542690938 sec
2026-06-21 14:37:39,374 - mazeUtils.moveTile - [moveTile.py:1424] - DEBUG - moveTile loop time: 37.4 ms
2026-06-21 14:37:39,386 - picamera2.picamera2 - [picamera2.py:1391] - DEBUG - Execute job: <picamera2.job.Job object at 0x7f7d63f250>
2026-06-21 14:37:39,389 - mazeUtils.device.camera - [camera.py:39] - DEBUG - Average HSV: H=123.1, S=40.9, V=219.2
2026-06-21 14:37:39,416 - mazeUtils.moveTile - [moveTile.py:79] - DEBUG - roll: 359.48999999999995 deg, practicalMoveTime: 0.1595628103555929 sec
2026-06-21 14:37:39,417 - mazeUtils.moveTile - [moveTile.py:1424] - DEBUG - moveTile loop time: 42.4 ms
2026-06-21 14:37:39,422 - picamera2.picamera2 - [picamera2.py:1391] - DEBUG - Execute job: <picamera2.job.Job object at 0x7f7d63f250>
2026-06-21 14:37:39,425 - mazeUtils.device.camera - [camera.py:39] - DEBUG - Average HSV: H=122.7, S=39.1, V=221.6
2026-06-21 14:37:39,450 - mazeUtils.moveTile - [moveTile.py:79] - DEBUG - roll: 0.2799999999999727 deg, practicalMoveTime: 0.19314104365590823 sec
2026-06-21 14:37:39,451 - mazeUtils.moveTile - [moveTile.py:1424] - DEBUG - moveTile loop time: 33.8 ms
2026-06-21 14:37:39,458 - picamera2.picamera2 - [picamera2.py:1391] - DEBUG - Execute job: <picamera2.job.Job object at 0x7f8f5b2f50>
2026-06-21 14:37:39,461 - mazeUtils.device.camera - [camera.py:39] - DEBUG - Average HSV: H=123.1, S=38.8, V=222.0
2026-06-21 14:37:39,488 - mazeUtils.moveTile - [moveTile.py:79] - DEBUG - roll: 1.7099999999999795 deg, practicalMoveTime: 0.23081585152180156 sec
2026-06-21 14:37:39,489 - mazeUtils.moveTile - [moveTile.py:1424] - DEBUG - moveTile loop time: 38.0 ms
2026-06-21 14:37:39,494 - picamera2.picamera2 - [picamera2.py:1391] - DEBUG - Execute job: <picamera2.job.Job object at 0x7f7d62b310>
2026-06-21 14:37:39,497 - mazeUtils.device.camera - [camera.py:39] - DEBUG - Average HSV: H=122.5, S=39.5, V=221.4
2026-06-21 14:37:39,525 - mazeUtils.moveTile - [moveTile.py:79] - DEBUG - roll: 0.9699999999999704 deg, practicalMoveTime: 0.26654061639329846 sec
2026-06-21 14:37:39,525 - mazeUtils.moveTile - [moveTile.py:1424] - DEBUG - moveTile loop time: 35.7 ms
2026-06-21 14:37:39,532 - picamera2.picamera2 - [picamera2.py:1391] - DEBUG - Execute job: <picamera2.job.Job object at 0x7f5e2e0950>
2026-06-21 14:37:39,535 - mazeUtils.device.camera - [camera.py:39] - DEBUG - Average HSV: H=122.4, S=39.6, V=220.3
2026-06-21 14:37:39,564 - mazeUtils.moveTile - [moveTile.py:79] - DEBUG - roll: 0.3299999999999841 deg, practicalMoveTime: 0.3053530867907827 sec
2026-06-21 14:37:39,564 - mazeUtils.moveTile - [moveTile.py:1424] - DEBUG - moveTile loop time: 39.0 ms
2026-06-21 14:37:39,570 - picamera2.picamera2 - [picamera2.py:1391] - DEBUG - Execute job: <picamera2.job.Job object at 0x7f5e297010>
2026-06-21 14:37:39,573 - mazeUtils.device.camera - [camera.py:39] - DEBUG - Average HSV: H=124.7, S=40.0, V=215.8
2026-06-21 14:37:39,600 - mazeUtils.moveTile - [moveTile.py:79] - DEBUG - roll: 1.9399999999999977 deg, practicalMoveTime: 0.3412545476708146 sec
2026-06-21 14:37:39,601 - mazeUtils.moveTile - [moveTile.py:1424] - DEBUG - moveTile loop time: 36.2 ms
2026-06-21 14:37:39,607 - picamera2.picamera2 - [picamera2.py:1391] - DEBUG - Execute job: <picamera2.job.Job object at 0x7f5e296fd0>
2026-06-21 14:37:39,610 - mazeUtils.device.camera - [camera.py:39] - DEBUG - Average HSV: H=125.9, S=40.4, V=212.2
2026-06-21 14:37:39,640 - mazeUtils.moveTile - [moveTile.py:79] - DEBUG - roll: 2.4399999999999977 deg, practicalMoveTime: 0.37986168086760935 sec
2026-06-21 14:37:39,640 - mazeUtils.moveTile - [moveTile.py:1424] - DEBUG - moveTile loop time: 38.9 ms
2026-06-21 14:37:39,646 - picamera2.picamera2 - [picamera2.py:1391] - DEBUG - Execute job: <picamera2.job.Job object at 0x7f5e2e09d0>
2026-06-21 14:37:39,649 - mazeUtils.device.camera - [camera.py:39] - DEBUG - Average HSV: H=125.7, S=41.4, V=211.6
2026-06-21 14:37:39,674 - mazeUtils.moveTile - [moveTile.py:79] - DEBUG - roll: 0.589999999999975 deg, practicalMoveTime: 0.4139000887482576 sec
2026-06-21 14:37:39,674 - mazeUtils.moveTile - [moveTile.py:1424] - DEBUG - moveTile loop time: 34.2 ms
2026-06-21 14:37:39,682 - picamera2.picamera2 - [picamera2.py:1391] - DEBUG - Execute job: <picamera2.job.Job object at 0x7f5e297010>
2026-06-21 14:37:39,686 - mazeUtils.device.camera - [camera.py:39] - DEBUG - Average HSV: H=126.0, S=41.4, V=214.1
2026-06-21 14:37:39,717 - mazeUtils.moveTile - [moveTile.py:79] - DEBUG - roll: 2.4499999999999886 deg, practicalMoveTime: 0.45607494164864043 sec
2026-06-21 14:37:39,717 - mazeUtils.moveTile - [moveTile.py:1424] - DEBUG - moveTile loop time: 42.4 ms
2026-06-21 14:37:39,724 - picamera2.picamera2 - [picamera2.py:1391] - DEBUG - Execute job: <picamera2.job.Job object at 0x7f5e2e0950>
2026-06-21 14:37:39,728 - mazeUtils.device.camera - [camera.py:39] - DEBUG - Average HSV: H=126.7, S=43.5, V=212.7
2026-06-21 14:37:39,755 - mazeUtils.moveTile - [moveTile.py:79] - DEBUG - roll: 359.31 deg, practicalMoveTime: 0.4940548896527908 sec
2026-06-21 14:37:39,756 - mazeUtils.moveTile - [moveTile.py:1424] - DEBUG - moveTile loop time: 38.2 ms
2026-06-21 14:37:39,762 - picamera2.picamera2 - [picamera2.py:1391] - DEBUG - Execute job: <picamera2.job.Job object at 0x7f7d62b310>
2026-06-21 14:37:39,765 - mazeUtils.device.camera - [camera.py:39] - DEBUG - Average HSV: H=124.3, S=47.6, V=212.1
2026-06-21 14:37:39,792 - mazeUtils.moveTile - [moveTile.py:79] - DEBUG - roll: 0.18999999999999773 deg, practicalMoveTime: 0.5306862724073892 sec
2026-06-21 14:37:39,793 - mazeUtils.moveTile - [moveTile.py:1424] - DEBUG - moveTile loop time: 36.8 ms
2026-06-21 14:37:39,797 - picamera2.picamera2 - [picamera2.py:1391] - DEBUG - Execute job: <picamera2.job.Job object at 0x7f7d62b250>
2026-06-21 14:37:39,800 - mazeUtils.device.camera - [camera.py:39] - DEBUG - Average HSV: H=121.9, S=47.7, V=212.0
2026-06-21 14:37:39,839 - mazeUtils.moveTile - [moveTile.py:79] - DEBUG - roll: 0.7799999999999727 deg, practicalMoveTime: 0.5766216994040072 sec
2026-06-21 14:37:39,839 - mazeUtils.moveTile - [moveTile.py:1424] - DEBUG - moveTile loop time: 46.3 ms
2026-06-21 14:37:39,844 - picamera2.picamera2 - [picamera2.py:1391] - DEBUG - Execute job: <picamera2.job.Job object at 0x7f5e2e0990>
2026-06-21 14:37:39,846 - mazeUtils.device.camera - [camera.py:39] - DEBUG - Average HSV: H=121.7, S=52.4, V=207.1
2026-06-21 14:37:39,875 - mazeUtils.moveTile - [moveTile.py:79] - DEBUG - roll: 359.38 deg, practicalMoveTime: 0.6121807021601634 sec
2026-06-21 14:37:39,875 - mazeUtils.moveTile - [moveTile.py:1424] - DEBUG - moveTile loop time: 35.9 ms
2026-06-21 14:37:39,881 - picamera2.picamera2 - [picamera2.py:1391] - DEBUG - Execute job: <picamera2.job.Job object at 0x7f7d63d0d0>
2026-06-21 14:37:39,884 - mazeUtils.device.camera - [camera.py:39] - DEBUG - Average HSV: H=121.7, S=57.3, V=199.9
2026-06-21 14:37:39,914 - mazeUtils.moveTile - [moveTile.py:79] - DEBUG - roll: 359.26 deg, practicalMoveTime: 0.6503321219992295 sec
2026-06-21 14:37:39,914 - mazeUtils.moveTile - [moveTile.py:1424] - DEBUG - moveTile loop time: 38.4 ms
2026-06-21 14:37:39,920 - picamera2.picamera2 - [picamera2.py:1391] - DEBUG - Execute job: <picamera2.job.Job object at 0x7f7d63ec10>
2026-06-21 14:37:39,924 - mazeUtils.device.camera - [camera.py:39] - DEBUG - Average HSV: H=123.8, S=58.3, V=192.4
2026-06-21 14:37:39,964 - mazeUtils.moveTile - [moveTile.py:79] - DEBUG - roll: 359.32 deg, practicalMoveTime: 0.7000005121224582 sec
2026-06-21 14:37:39,964 - mazeUtils.moveTile - [moveTile.py:1424] - DEBUG - moveTile loop time: 49.9 ms
2026-06-21 14:37:39,970 - picamera2.picamera2 - [picamera2.py:1391] - DEBUG - Execute job: <picamera2.job.Job object at 0x7f5e2e0990>
2026-06-21 14:37:39,973 - mazeUtils.device.camera - [camera.py:39] - DEBUG - Average HSV: H=124.1, S=61.6, V=183.3
2026-06-21 14:37:39,999 - mazeUtils.moveTile - [moveTile.py:79] - DEBUG - roll: 357.46 deg, practicalMoveTime: 0.7344071926366369 sec
2026-06-21 14:37:39,999 - mazeUtils.moveTile - [moveTile.py:1424] - DEBUG - moveTile loop time: 34.8 ms
2026-06-21 14:37:40,007 - picamera2.picamera2 - [picamera2.py:1391] - DEBUG - Execute job: <picamera2.job.Job object at 0x7f7d62b310>
2026-06-21 14:37:40,010 - mazeUtils.device.camera - [camera.py:39] - DEBUG - Average HSV: H=127.2, S=56.2, V=180.6
2026-06-21 14:37:40,038 - mazeUtils.moveTile - [moveTile.py:79] - DEBUG - roll: 358.42999999999995 deg, practicalMoveTime: 0.7726725941290252 sec
2026-06-21 14:37:40,038 - mazeUtils.moveTile - [moveTile.py:1424] - DEBUG - moveTile loop time: 38.4 ms
2026-06-21 14:37:40,043 - picamera2.picamera2 - [picamera2.py:1391] - DEBUG - Execute job: <picamera2.job.Job object at 0x7f7d63f250>
2026-06-21 14:37:40,046 - mazeUtils.device.camera - [camera.py:39] - DEBUG - Average HSV: H=132.6, S=43.7, V=184.4
2026-06-21 14:37:40,082 - mazeUtils.moveTile - [moveTile.py:79] - DEBUG - roll: 358.64 deg, practicalMoveTime: 0.8167723733600611 sec
2026-06-21 14:37:40,083 - mazeUtils.moveTile - [moveTile.py:1424] - DEBUG - moveTile loop time: 44.5 ms
2026-06-21 14:37:40,089 - picamera2.picamera2 - [picamera2.py:1391] - DEBUG - Execute job: <picamera2.job.Job object at 0x7f8f5b2f50>
2026-06-21 14:37:40,093 - mazeUtils.device.camera - [camera.py:39] - DEBUG - Average HSV: H=133.1, S=47.8, V=175.1
2026-06-21 14:37:40,133 - mazeUtils.moveTile - [moveTile.py:1369] - INFO - practicalVerticalMove: 0.12893188227100572 CM
2026-06-21 14:37:40,178 - mazeUtils.moveTile - [moveTile.py:1639] - INFO - Set moved vertical distance: 0.12893188227100572 cm, past distances: [(-1.6177585300261492, False), (-0.815479229948586, False), (0, False)]
2026-06-21 14:37:40,241 - mazeUtils.moveTile - [moveTile.py:529] - DEBUG - Direction: absDirection.NORTH, Angle: 0, Distance: 42.08225537024755 cm
2026-06-21 14:37:40,241 - mazeUtils.moveTile - [moveTile.py:553] - DEBUG - Front LiDAR distance: 42.08225537024755 cm, TSD10 distance: 27.8 cm
2026-06-21 14:37:40,242 - mazeUtils.moveTile - [moveTile.py:529] - DEBUG - Direction: absDirection.EAST, Angle: 270, Distance: 18.147127120051664 cm
2026-06-21 14:37:40,243 - mazeUtils.moveTile - [moveTile.py:529] - DEBUG - Direction: absDirection.SOUTH, Angle: 180, Distance: 115.82146836961975 cm
2026-06-21 14:37:40,244 - mazeUtils.moveTile - [moveTile.py:529] - DEBUG - Direction: absDirection.WEST, Angle: 90, Distance: 15.48163722945272 cm
2026-06-21 14:37:40,246 - mazeUtils.moveTile - [moveTile.py:1768] - INFO - Tile color detection counts: {}, decided tile type: E
2026-06-21 14:37:40,305 - __main__ - [main.py:91] - INFO - Current position: (20, 17, 0), front direction: absDirection.NORTH
Layer 0 (altitude=0.0cm, offset=(0.0cm, 0.0cm)):
Known map area: x=20..20, y=17..20
+   +
| @ |
+   +
| E |
+   +
  E |
+   +
| S |
+---+
mazeAsGraph[0][17][20] = {absDirection.NORTH: (20, 16, 0, 30), absDirection.EAST: None, absDirection.SOUTH: (20, 18, 0, 30), absDirection.WEST: None}
mazeAsGraph[0][18][20] = {absDirection.NORTH: (20, 17, 0, 30), absDirection.EAST: None, absDirection.SOUTH: (20, 19, 0, 30), absDirection.WEST: None}
mazeAsGraph[0][19][20] = {absDirection.NORTH: (20, 18, 0, 30), absDirection.EAST: None, absDirection.SOUTH: (20, 20, 0, 30), absDirection.WEST: (19, 19, 0, 30)}
mazeAsGraph[0][20][20] = {absDirection.NORTH: (20, 19, 0, 30), absDirection.EAST: None, absDirection.SOUTH: None, absDirection.WEST: None}
2026-06-21 14:37:40,318 - mazeUtils.mazeMap - [mazeMap.py:61] - INFO - next goal: (20, 16, 0)
2026-06-21 14:37:40,331 - mazeUtils.moveTile - [moveTile.py:79] - DEBUG - Moving to absDirection.NORTH from (20, 17, 0) facing absDirection.NORTH
2026-06-21 14:37:40,360 - mazeUtils.moveTile - [moveTile.py:79] - DEBUG - current heading: 0.5299999999999727 target: 0
2026-06-21 14:37:40,380 - mazeUtils.moveTile - [moveTile.py:404] - DEBUG - stopped turning at heading: 0.5299999999999727, diff: 0.5299999999999727
2026-06-21 14:37:40,428 - mazeUtils.moveTile - [moveTile.py:79] - DEBUG - Turned to heading: 0.5699999999999932 deg
2026-06-21 14:37:40,652 - picamera2.picamera2 - [picamera2.py:1391] - DEBUG - Execute job: <picamera2.job.Job object at 0x7f7d641390>
2026-06-21 14:37:40,655 - mazeUtils.device.camera - [camera.py:39] - DEBUG - Average HSV: H=141.3, S=50.8, V=151.8
2026-06-21 14:37:40,688 - mazeUtils.moveTile - [moveTile.py:79] - DEBUG - roll: 357.84 deg, practicalMoveTime: 0.04389931670422785 sec
2026-06-21 14:37:40,689 - mazeUtils.moveTile - [moveTile.py:1424] - DEBUG - moveTile loop time: 43.6 ms
2026-06-21 14:37:40,694 - picamera2.picamera2 - [picamera2.py:1391] - DEBUG - Execute job: <picamera2.job.Job object at 0x7f7d641390>
2026-06-21 14:37:40,697 - mazeUtils.device.camera - [camera.py:39] - DEBUG - Average HSV: H=141.5, S=52.8, V=147.5
2026-06-21 14:37:40,733 - mazeUtils.moveTile - [moveTile.py:79] - DEBUG - roll: 358.26 deg, practicalMoveTime: 0.08800810223202132 sec
2026-06-21 14:37:40,733 - mazeUtils.moveTile - [moveTile.py:1424] - DEBUG - moveTile loop time: 44.3 ms
2026-06-21 14:37:40,740 - picamera2.picamera2 - [picamera2.py:1391] - DEBUG - Execute job: <picamera2.job.Job object at 0x7f966b8a90>
2026-06-21 14:37:40,743 - mazeUtils.device.camera - [camera.py:39] - DEBUG - Average HSV: H=145.5, S=64.9, V=123.6
2026-06-21 14:37:40,775 - mazeUtils.moveTile - [moveTile.py:79] - DEBUG - roll: 0.7299999999999613 deg, practicalMoveTime: 0.12986456989758302 sec
2026-06-21 14:37:40,776 - mazeUtils.moveTile - [moveTile.py:1424] - DEBUG - moveTile loop time: 42.1 ms
2026-06-21 14:37:40,780 - picamera2.picamera2 - [picamera2.py:1391] - DEBUG - Execute job: <picamera2.job.Job object at 0x7f7d641390>
2026-06-21 14:37:40,783 - mazeUtils.device.camera - [camera.py:39] - DEBUG - Average HSV: H=158.1, S=40.7, V=140.1
2026-06-21 14:37:40,810 - mazeUtils.moveTile - [moveTile.py:79] - DEBUG - roll: 0.17999999999994998 deg, practicalMoveTime: 0.16335387034733082 sec
2026-06-21 14:37:40,810 - mazeUtils.moveTile - [moveTile.py:1424] - DEBUG - moveTile loop time: 33.6 ms
2026-06-21 14:37:40,819 - picamera2.picamera2 - [picamera2.py:1391] - DEBUG - Execute job: <picamera2.job.Job object at 0x7f966b8a90>
2026-06-21 14:37:40,823 - mazeUtils.device.camera - [camera.py:39] - DEBUG - Average HSV: H=162.1, S=41.6, V=138.3
2026-06-21 14:37:40,853 - mazeUtils.moveTile - [moveTile.py:79] - DEBUG - roll: 359.47999999999996 deg, practicalMoveTime: 0.20655520653380594 sec
2026-06-21 14:37:40,854 - mazeUtils.moveTile - [moveTile.py:1424] - DEBUG - moveTile loop time: 43.6 ms
2026-06-21 14:37:40,858 - picamera2.picamera2 - [picamera2.py:1391] - DEBUG - Execute job: <picamera2.job.Job object at 0x7f7d640690>
2026-06-21 14:37:40,861 - mazeUtils.device.camera - [camera.py:39] - DEBUG - Average HSV: H=166.1, S=42.0, V=135.6
2026-06-21 14:37:40,891 - mazeUtils.moveTile - [moveTile.py:79] - DEBUG - roll: 358.07 deg, practicalMoveTime: 0.24407529947952533 sec
2026-06-21 14:37:40,892 - mazeUtils.moveTile - [moveTile.py:1424] - DEBUG - moveTile loop time: 37.8 ms
2026-06-21 14:37:40,898 - picamera2.picamera2 - [picamera2.py:1391] - DEBUG - Execute job: <picamera2.job.Job object at 0x7f5e2c2dd0>
2026-06-21 14:37:40,901 - mazeUtils.device.camera - [camera.py:39] - DEBUG - Average HSV: H=163.3, S=41.9, V=137.3
2026-06-21 14:37:40,933 - mazeUtils.moveTile - [moveTile.py:79] - DEBUG - roll: 357.97999999999996 deg, practicalMoveTime: 0.28552529862461223 sec
2026-06-21 14:37:40,934 - mazeUtils.moveTile - [moveTile.py:1424] - DEBUG - moveTile loop time: 41.8 ms
2026-06-21 14:37:40,940 - picamera2.picamera2 - [picamera2.py:1391] - DEBUG - Execute job: <picamera2.job.Job object at 0x7f966b8bd0>
2026-06-21 14:37:40,943 - mazeUtils.device.camera - [camera.py:39] - DEBUG - Average HSV: H=163.2, S=41.4, V=134.4
2026-06-21 14:37:40,968 - mazeUtils.moveTile - [moveTile.py:79] - DEBUG - roll: 358.38 deg, practicalMoveTime: 0.3199949486301167 sec
2026-06-21 14:37:40,969 - mazeUtils.moveTile - [moveTile.py:1424] - DEBUG - moveTile loop time: 35.0 ms
2026-06-21 14:37:40,977 - picamera2.picamera2 - [picamera2.py:1391] - DEBUG - Execute job: <picamera2.job.Job object at 0x7fa2cc8f90>
2026-06-21 14:37:40,980 - mazeUtils.device.camera - [camera.py:39] - DEBUG - Average HSV: H=151.9, S=46.4, V=108.1
2026-06-21 14:37:41,011 - mazeUtils.moveTile - [moveTile.py:79] - DEBUG - roll: 357.15 deg, practicalMoveTime: 0.3622616647239931 sec
2026-06-21 14:37:41,012 - mazeUtils.moveTile - [moveTile.py:1424] - DEBUG - moveTile loop time: 42.1 ms
2026-06-21 14:37:41,021 - picamera2.picamera2 - [picamera2.py:1391] - DEBUG - Execute job: <picamera2.job.Job object at 0x7f966bbf90>
2026-06-21 14:37:41,024 - mazeUtils.device.camera - [camera.py:39] - DEBUG - Average HSV: H=157.3, S=41.5, V=131.0
2026-06-21 14:37:41,053 - mazeUtils.moveTile - [moveTile.py:79] - DEBUG - roll: 358.41999999999996 deg, practicalMoveTime: 0.4033093611957503 sec
2026-06-21 14:37:41,054 - mazeUtils.moveTile - [moveTile.py:1424] - DEBUG - moveTile loop time: 41.5 ms
2026-06-21 14:37:41,059 - picamera2.picamera2 - [picamera2.py:1391] - DEBUG - Execute job: <picamera2.job.Job object at 0x7fa2cc8f90>
2026-06-21 14:37:41,063 - mazeUtils.device.camera - [camera.py:39] - DEBUG - Average HSV: H=153.8, S=43.0, V=122.9
2026-06-21 14:37:41,090 - mazeUtils.moveTile - [moveTile.py:79] - DEBUG - roll: 357.52 deg, practicalMoveTime: 0.43941785903589314 sec
2026-06-21 14:37:41,091 - mazeUtils.moveTile - [moveTile.py:1424] - DEBUG - moveTile loop time: 36.2 ms
2026-06-21 14:37:41,096 - picamera2.picamera2 - [picamera2.py:1391] - DEBUG - Execute job: <picamera2.job.Job object at 0x7f7e69d750>
2026-06-21 14:37:41,099 - mazeUtils.device.camera - [camera.py:39] - DEBUG - Average HSV: H=132.3, S=59.2, V=140.4
2026-06-21 14:37:41,130 - mazeUtils.moveTile - [moveTile.py:79] - DEBUG - roll: 358.08 deg, practicalMoveTime: 0.47831355152025423 sec
2026-06-21 14:37:41,131 - mazeUtils.moveTile - [moveTile.py:1424] - DEBUG - moveTile loop time: 39.5 ms
2026-06-21 14:37:41,137 - picamera2.picamera2 - [picamera2.py:1391] - DEBUG - Execute job: <picamera2.job.Job object at 0x7fa2cc8f90>
2026-06-21 14:37:41,142 - mazeUtils.device.camera - [camera.py:39] - DEBUG - Average HSV: H=130.1, S=62.4, V=160.7
2026-06-21 14:37:41,171 - mazeUtils.moveTile - [moveTile.py:79] - DEBUG - roll: 358.46 deg, practicalMoveTime: 0.5188129104354637 sec
2026-06-21 14:37:41,172 - mazeUtils.moveTile - [moveTile.py:1424] - DEBUG - moveTile loop time: 38.8 ms
2026-06-21 14:37:41,177 - picamera2.picamera2 - [picamera2.py:1391] - DEBUG - Execute job: <picamera2.job.Job object at 0x7f7e69d750>
2026-06-21 14:37:41,182 - mazeUtils.device.camera - [camera.py:39] - DEBUG - Average HSV: H=129.6, S=69.0, V=157.8
2026-06-21 14:37:41,214 - mazeUtils.moveTile - [moveTile.py:79] - DEBUG - roll: 358.97999999999996 deg, practicalMoveTime: 0.5606992775332257 sec
2026-06-21 14:37:41,214 - mazeUtils.moveTile - [moveTile.py:1424] - DEBUG - moveTile loop time: 42.0 ms
2026-06-21 14:37:41,219 - picamera2.picamera2 - [picamera2.py:1391] - DEBUG - Execute job: <picamera2.job.Job object at 0x7f5e4f0c10>
2026-06-21 14:37:41,223 - mazeUtils.device.camera - [camera.py:39] - DEBUG - Average HSV: H=129.7, S=70.0, V=157.6
2026-06-21 14:37:41,257 - mazeUtils.moveTile - [moveTile.py:79] - DEBUG - roll: 358.45 deg, practicalMoveTime: 0.6037659893452015 sec
2026-06-21 14:37:41,258 - mazeUtils.moveTile - [moveTile.py:1424] - DEBUG - moveTile loop time: 43.6 ms
2026-06-21 14:37:41,265 - picamera2.picamera2 - [picamera2.py:1391] - DEBUG - Execute job: <picamera2.job.Job object at 0x7f7e69d750>
2026-06-21 14:37:41,269 - mazeUtils.device.camera - [camera.py:39] - DEBUG - Average HSV: H=128.2, S=76.5, V=162.4
2026-06-21 14:37:41,300 - mazeUtils.moveTile - [moveTile.py:79] - DEBUG - roll: 359.4 deg, practicalMoveTime: 0.6450466180052001 sec
2026-06-21 14:37:41,300 - mazeUtils.moveTile - [moveTile.py:1424] - DEBUG - moveTile loop time: 41.6 ms
2026-06-21 14:37:41,304 - picamera2.picamera2 - [picamera2.py:1391] - DEBUG - Execute job: <picamera2.job.Job object at 0x7f7d640ad0>
2026-06-21 14:37:41,309 - mazeUtils.device.camera - [camera.py:39] - DEBUG - Average HSV: H=127.3, S=78.5, V=167.3
2026-06-21 14:37:41,338 - mazeUtils.moveTile - [moveTile.py:79] - DEBUG - roll: 358.4 deg, practicalMoveTime: 0.6831887274067333 sec
2026-06-21 14:37:41,339 - mazeUtils.moveTile - [moveTile.py:1424] - DEBUG - moveTile loop time: 38.4 ms
2026-06-21 14:37:41,346 - picamera2.picamera2 - [picamera2.py:1391] - DEBUG - Execute job: <picamera2.job.Job object at 0x7fa2cc8f90>
2026-06-21 14:37:41,351 - mazeUtils.device.camera - [camera.py:39] - DEBUG - Average HSV: H=126.5, S=82.2, V=162.3
2026-06-21 14:37:41,380 - mazeUtils.moveTile - [moveTile.py:79] - DEBUG - roll: 359.08 deg, practicalMoveTime: 0.724168312996373 sec
2026-06-21 14:37:41,381 - mazeUtils.moveTile - [moveTile.py:1424] - DEBUG - moveTile loop time: 41.3 ms
2026-06-21 14:37:41,386 - picamera2.picamera2 - [picamera2.py:1391] - DEBUG - Execute job: <picamera2.job.Job object at 0x7f8f5b2f50>
2026-06-21 14:37:41,391 - mazeUtils.device.camera - [camera.py:39] - DEBUG - Average HSV: H=119.5, S=132.8, V=127.9
2026-06-21 14:37:41,424 - mazeUtils.moveTile - [moveTile.py:79] - DEBUG - roll: 359.54999999999995 deg, practicalMoveTime: 0.7675007453254862 sec
2026-06-21 14:37:41,425 - mazeUtils.moveTile - [moveTile.py:1424] - DEBUG - moveTile loop time: 43.9 ms
2026-06-21 14:37:41,429 - picamera2.picamera2 - [picamera2.py:1391] - DEBUG - Execute job: <picamera2.job.Job object at 0x7f966b8a90>
2026-06-21 14:37:41,434 - mazeUtils.device.camera - [camera.py:39] - DEBUG - Average HSV: H=117.1, S=180.7, V=132.7
2026-06-21 14:37:41,510 - mazeUtils.moveTile - [moveTile.py:79] - DEBUG - Little forward to adjust position
2026-06-21 14:37:41,544 - mazeUtils.moveTile - [moveTile.py:1639] - INFO - Set moved vertical distance: -0.6768985203283889 cm, past distances: [(0.12893188227100572, False), (-1.6177585300261492, False), (-0.815479229948586, False)]
2026-06-21 14:37:41,649 - mazeUtils.moveTile - [moveTile.py:529] - DEBUG - Direction: absDirection.NORTH, Angle: 0, Distance: 10.853918519356428 cm
2026-06-21 14:37:41,650 - mazeUtils.moveTile - [moveTile.py:553] - DEBUG - Front LiDAR distance: 10.853918519356428 cm, TSD10 distance: 1.5 cm
2026-06-21 14:37:41,652 - mazeUtils.moveTile - [moveTile.py:529] - DEBUG - Direction: absDirection.EAST, Angle: 270, Distance: 18.26404844130114 cm
2026-06-21 14:37:41,654 - mazeUtils.moveTile - [moveTile.py:529] - DEBUG - Direction: absDirection.SOUTH, Angle: 180, Distance: 143.6969339093855 cm
2026-06-21 14:37:41,656 - mazeUtils.moveTile - [moveTile.py:529] - DEBUG - Direction: absDirection.WEST, Angle: 90, Distance: 71.45201530337374 cm
2026-06-21 14:37:41,659 - mazeUtils.moveTile - [moveTile.py:1768] - INFO - Tile color detection counts: {}, decided tile type: E
2026-06-21 14:37:41,734 - __main__ - [main.py:91] - INFO - Current position: (20, 16, 0), front direction: absDirection.NORTH
Layer 0 (altitude=0.0cm, offset=(0.0cm, 0.0cm)):
Known map area: x=20..20, y=16..20
+---+
  @ |
+   +
| E |
+   +
| E |
+   +
  E |
+   +
| S |
+---+
mazeAsGraph[0][16][20] = {absDirection.NORTH: None, absDirection.EAST: None, absDirection.SOUTH: (20, 17, 0, 30), absDirection.WEST: (19, 16, 0, 30)}
mazeAsGraph[0][17][20] = {absDirection.NORTH: (20, 16, 0, 30), absDirection.EAST: None, absDirection.SOUTH: (20, 18, 0, 30), absDirection.WEST: None}
mazeAsGraph[0][18][20] = {absDirection.NORTH: (20, 17, 0, 30), absDirection.EAST: None, absDirection.SOUTH: (20, 19, 0, 30), absDirection.WEST: None}
mazeAsGraph[0][19][20] = {absDirection.NORTH: (20, 18, 0, 30), absDirection.EAST: None, absDirection.SOUTH: (20, 20, 0, 30), absDirection.WEST: (19, 19, 0, 30)}
mazeAsGraph[0][20][20] = {absDirection.NORTH: (20, 19, 0, 30), absDirection.EAST: None, absDirection.SOUTH: None, absDirection.WEST: None}
2026-06-21 14:37:41,741 - mazeUtils.mazeMap - [mazeMap.py:61] - INFO - next goal: (19, 16, 0)
2026-06-21 14:37:41,750 - mazeUtils.moveTile - [moveTile.py:79] - DEBUG - Moving to absDirection.WEST from (20, 16, 0) facing absDirection.NORTH
2026-06-21 14:37:41,782 - mazeUtils.moveTile - [moveTile.py:79] - DEBUG - current heading: 1.1999999999999886 target: 45
2026-06-21 14:37:42,289 - mazeUtils.moveTile - [moveTile.py:404] - DEBUG - stopped turning at heading: 40.19999999999999, diff: 4.800000000000011
2026-06-21 14:37:42,332 - mazeUtils.moveTile - [moveTile.py:79] - DEBUG - Turned to heading: 43.29000000000002 deg
2026-06-21 14:37:42,863 - mazeUtils.moveTile - [moveTile.py:79] - DEBUG - current heading: 49.50999999999999 target: 90
2026-06-21 14:37:43,266 - mazeUtils.moveTile - [moveTile.py:404] - DEBUG - stopped turning at heading: 86.27999999999997, diff: 3.7200000000000273
2026-06-21 14:37:43,312 - mazeUtils.moveTile - [moveTile.py:79] - DEBUG - Turned to heading: 89.11000000000001 deg
2026-06-21 14:37:43,444 - mazeUtils.moveTile - [moveTile.py:79] - DEBUG - Little backward to adjust position
2026-06-21 14:37:44,151 - picamera2.picamera2 - [picamera2.py:1391] - DEBUG - Execute job: <picamera2.job.Job object at 0x7f967e8c50>
2026-06-21 14:37:44,158 - mazeUtils.device.camera - [camera.py:39] - DEBUG - Average HSV: H=156.3, S=36.4, V=158.0
2026-06-21 14:37:44,191 - mazeUtils.moveTile - [moveTile.py:79] - DEBUG - roll: 359.78 deg, practicalMoveTime: 0.04481878619786874 sec
2026-06-21 14:37:44,192 - mazeUtils.moveTile - [moveTile.py:1424] - DEBUG - moveTile loop time: 44.9 ms
2026-06-21 14:37:44,199 - picamera2.picamera2 - [picamera2.py:1391] - DEBUG - Execute job: <picamera2.job.Job object at 0x7f5eda7ad0>
2026-06-21 14:37:44,206 - mazeUtils.device.camera - [camera.py:39] - DEBUG - Average HSV: H=156.0, S=36.3, V=158.1
2026-06-21 14:37:44,246 - mazeUtils.moveTile - [moveTile.py:79] - DEBUG - roll: 359.81 deg, practicalMoveTime: 0.09829220319505116 sec
2026-06-21 14:37:44,246 - mazeUtils.moveTile - [moveTile.py:1424] - DEBUG - moveTile loop time: 53.8 ms
2026-06-21 14:37:44,251 - picamera2.picamera2 - [picamera2.py:1391] - DEBUG - Execute job: <picamera2.job.Job object at 0x7f7e709190>
2026-06-21 14:37:44,256 - mazeUtils.device.camera - [camera.py:39] - DEBUG - Average HSV: H=154.9, S=35.6, V=159.8
2026-06-21 14:37:44,285 - mazeUtils.moveTile - [moveTile.py:79] - DEBUG - roll: 358.77 deg, practicalMoveTime: 0.13677053098255454 sec
2026-06-21 14:37:44,285 - mazeUtils.moveTile - [moveTile.py:1424] - DEBUG - moveTile loop time: 38.4 ms
2026-06-21 14:37:44,293 - picamera2.picamera2 - [picamera2.py:1391] - DEBUG - Execute job: <picamera2.job.Job object at 0x7f8f59f3d0>
2026-06-21 14:37:44,298 - mazeUtils.device.camera - [camera.py:39] - DEBUG - Average HSV: H=156.0, S=35.9, V=160.2
2026-06-21 14:37:44,334 - mazeUtils.moveTile - [moveTile.py:79] - DEBUG - roll: 357.7 deg, practicalMoveTime: 0.18518244547095775 sec
2026-06-21 14:37:44,334 - mazeUtils.moveTile - [moveTile.py:1424] - DEBUG - moveTile loop time: 48.9 ms
2026-06-21 14:37:44,342 - picamera2.picamera2 - [picamera2.py:1391] - DEBUG - Execute job: <picamera2.job.Job object at 0x7f8f590590>
2026-06-21 14:37:44,347 - mazeUtils.device.camera - [camera.py:39] - DEBUG - Average HSV: H=154.8, S=34.1, V=165.5
2026-06-21 14:37:44,374 - mazeUtils.moveTile - [moveTile.py:79] - DEBUG - roll: 359.83 deg, practicalMoveTime: 0.22492187931303564 sec
2026-06-21 14:37:44,375 - mazeUtils.moveTile - [moveTile.py:1424] - DEBUG - moveTile loop time: 40.5 ms
2026-06-21 14:37:44,383 - picamera2.picamera2 - [picamera2.py:1391] - DEBUG - Execute job: <picamera2.job.Job object at 0x7f5eda7ad0>
2026-06-21 14:37:44,388 - mazeUtils.device.camera - [camera.py:39] - DEBUG - Average HSV: H=154.6, S=35.0, V=164.4
2026-06-21 14:37:44,429 - mazeUtils.moveTile - [moveTile.py:79] - DEBUG - roll: 359.4 deg, practicalMoveTime: 0.27870568475930774 sec
2026-06-21 14:37:44,430 - mazeUtils.moveTile - [moveTile.py:1424] - DEBUG - moveTile loop time: 53.9 ms
2026-06-21 14:37:44,436 - picamera2.picamera2 - [picamera2.py:1391] - DEBUG - Execute job: <picamera2.job.Job object at 0x7f7e709190>
2026-06-21 14:37:44,440 - mazeUtils.device.camera - [camera.py:39] - DEBUG - Average HSV: H=155.5, S=36.2, V=164.0
2026-06-21 14:37:44,469 - mazeUtils.moveTile - [moveTile.py:79] - DEBUG - roll: 359.11999999999995 deg, practicalMoveTime: 0.3172662950145722 sec
2026-06-21 14:37:44,470 - mazeUtils.moveTile - [moveTile.py:1424] - DEBUG - moveTile loop time: 39.6 ms
2026-06-21 14:37:44,477 - picamera2.picamera2 - [picamera2.py:1391] - DEBUG - Execute job: <picamera2.job.Job object at 0x7f7e709110>
2026-06-21 14:37:44,481 - mazeUtils.device.camera - [camera.py:39] - DEBUG - Average HSV: H=158.3, S=37.0, V=165.4
2026-06-21 14:37:44,518 - mazeUtils.moveTile - [moveTile.py:79] - DEBUG - roll: 358.7 deg, practicalMoveTime: 0.365046666737032 sec
2026-06-21 14:37:44,519 - mazeUtils.moveTile - [moveTile.py:1424] - DEBUG - moveTile loop time: 48.2 ms
2026-06-21 14:37:44,523 - picamera2.picamera2 - [picamera2.py:1391] - DEBUG - Execute job: <picamera2.job.Job object at 0x7f966b8a90>
2026-06-21 14:37:44,528 - mazeUtils.device.camera - [camera.py:39] - DEBUG - Average HSV: H=160.1, S=36.9, V=168.5
2026-06-21 14:37:44,557 - mazeUtils.moveTile - [moveTile.py:79] - DEBUG - roll: 356.98999999999995 deg, practicalMoveTime: 0.40345528960747584 sec
2026-06-21 14:37:44,558 - mazeUtils.moveTile - [moveTile.py:1424] - DEBUG - moveTile loop time: 38.6 ms
2026-06-21 14:37:44,567 - picamera2.picamera2 - [picamera2.py:1391] - DEBUG - Execute job: <picamera2.job.Job object at 0x7f967e9f90>
2026-06-21 14:37:44,571 - mazeUtils.device.camera - [camera.py:39] - DEBUG - Average HSV: H=161.3, S=40.1, V=167.0
2026-06-21 14:37:44,600 - mazeUtils.moveTile - [moveTile.py:79] - DEBUG - roll: 356.81 deg, practicalMoveTime: 0.4450320015177966 sec
2026-06-21 14:37:44,600 - mazeUtils.moveTile - [moveTile.py:1424] - DEBUG - moveTile loop time: 42.2 ms
2026-06-21 14:37:44,607 - picamera2.picamera2 - [picamera2.py:1391] - DEBUG - Execute job: <picamera2.job.Job object at 0x7f8f590590>
2026-06-21 14:37:44,613 - mazeUtils.device.camera - [camera.py:39] - DEBUG - Average HSV: H=158.2, S=58.4, V=127.1
2026-06-21 14:37:44,639 - mazeUtils.moveTile - [moveTile.py:79] - DEBUG - roll: 357.5 deg, practicalMoveTime: 0.48376125044313567 sec
2026-06-21 14:37:44,640 - mazeUtils.moveTile - [moveTile.py:1424] - DEBUG - moveTile loop time: 39.0 ms
2026-06-21 14:37:44,648 - picamera2.picamera2 - [picamera2.py:1391] - DEBUG - Execute job: <picamera2.job.Job object at 0x7f8f592d50>
2026-06-21 14:37:44,652 - mazeUtils.device.camera - [camera.py:39] - DEBUG - Average HSV: H=84.5, S=45.9, V=175.6
2026-06-21 14:37:44,681 - mazeUtils.moveTile - [moveTile.py:79] - DEBUG - roll: 359.22999999999996 deg, practicalMoveTime: 0.5248792583176303 sec
2026-06-21 14:37:44,682 - mazeUtils.moveTile - [moveTile.py:1424] - DEBUG - moveTile loop time: 41.4 ms
2026-06-21 14:37:44,694 - picamera2.picamera2 - [picamera2.py:1391] - DEBUG - Execute job: <picamera2.job.Job object at 0x7f8f590590>
2026-06-21 14:37:44,699 - mazeUtils.device.camera - [camera.py:39] - DEBUG - Average HSV: H=67.0, S=48.0, V=177.0
2026-06-21 14:37:44,728 - mazeUtils.moveTile - [moveTile.py:79] - DEBUG - roll: 358.98999999999995 deg, practicalMoveTime: 0.571483325552228 sec
2026-06-21 14:37:44,729 - mazeUtils.moveTile - [moveTile.py:1424] - DEBUG - moveTile loop time: 46.9 ms
2026-06-21 14:37:44,737 - picamera2.picamera2 - [picamera2.py:1391] - DEBUG - Execute job: <picamera2.job.Job object at 0x7f8f590590>
2026-06-21 14:37:44,742 - mazeUtils.device.camera - [camera.py:39] - DEBUG - Average HSV: H=94.7, S=45.6, V=178.6
2026-06-21 14:37:44,776 - mazeUtils.moveTile - [moveTile.py:79] - DEBUG - roll: 359.46999999999997 deg, practicalMoveTime: 0.6183477373875508 sec
2026-06-21 14:37:44,777 - mazeUtils.moveTile - [moveTile.py:1424] - DEBUG - moveTile loop time: 47.1 ms
2026-06-21 14:37:44,782 - picamera2.picamera2 - [picamera2.py:1391] - DEBUG - Execute job: <picamera2.job.Job object at 0x7f966b8a90>
2026-06-21 14:37:44,786 - mazeUtils.device.camera - [camera.py:39] - DEBUG - Average HSV: H=75.1, S=44.7, V=178.3
2026-06-21 14:37:44,820 - mazeUtils.moveTile - [moveTile.py:79] - DEBUG - roll: 359.21999999999997 deg, practicalMoveTime: 0.6616102629778005 sec
2026-06-21 14:37:44,821 - mazeUtils.moveTile - [moveTile.py:1424] - DEBUG - moveTile loop time: 43.9 ms
2026-06-21 14:37:44,831 - picamera2.picamera2 - [picamera2.py:1391] - DEBUG - Execute job: <picamera2.job.Job object at 0x7f967e9f90>
2026-06-21 14:37:44,835 - mazeUtils.device.camera - [camera.py:39] - DEBUG - Average HSV: H=160.2, S=34.1, V=178.0
2026-06-21 14:37:44,864 - mazeUtils.moveTile - [moveTile.py:79] - DEBUG - roll: 359.21 deg, practicalMoveTime: 0.7049275161710931 sec
2026-06-21 14:37:44,865 - mazeUtils.moveTile - [moveTile.py:1424] - DEBUG - moveTile loop time: 43.6 ms
2026-06-21 14:37:44,871 - picamera2.picamera2 - [picamera2.py:1391] - DEBUG - Execute job: <picamera2.job.Job object at 0x7f7e709110>
2026-06-21 14:37:44,876 - mazeUtils.device.camera - [camera.py:39] - DEBUG - Average HSV: H=157.9, S=34.4, V=176.7
2026-06-21 14:37:44,906 - mazeUtils.moveTile - [moveTile.py:79] - DEBUG - roll: 0.9199999999999591 deg, practicalMoveTime: 0.7457912452684285 sec
2026-06-21 14:37:44,906 - mazeUtils.moveTile - [moveTile.py:1424] - DEBUG - moveTile loop time: 41.1 ms
2026-06-21 14:37:44,914 - picamera2.picamera2 - [picamera2.py:1391] - DEBUG - Execute job: <picamera2.job.Job object at 0x7f8f592d50>
2026-06-21 14:37:44,919 - mazeUtils.device.camera - [camera.py:39] - DEBUG - Average HSV: H=152.6, S=34.0, V=177.1
2026-06-21 14:37:44,949 - mazeUtils.moveTile - [moveTile.py:79] - DEBUG - roll: 0.9699999999999704 deg, practicalMoveTime: 0.7881874363166328 sec
2026-06-21 14:37:44,950 - mazeUtils.moveTile - [moveTile.py:1424] - DEBUG - moveTile loop time: 42.3 ms
2026-06-21 14:37:44,954 - picamera2.picamera2 - [picamera2.py:1391] - DEBUG - Execute job: <picamera2.job.Job object at 0x7f8f590590>
2026-06-21 14:37:44,959 - mazeUtils.device.camera - [camera.py:39] - DEBUG - Average HSV: H=150.0, S=35.2, V=179.4
2026-06-21 14:37:44,991 - mazeUtils.moveTile - [moveTile.py:79] - DEBUG - roll: 2.6399999999999864 deg, practicalMoveTime: 0.8293414881394691 sec
2026-06-21 14:37:44,992 - mazeUtils.moveTile - [moveTile.py:1424] - DEBUG - moveTile loop time: 41.6 ms
2026-06-21 14:37:45,001 - picamera2.picamera2 - [picamera2.py:1391] - DEBUG - Execute job: <picamera2.job.Job object at 0x7f8f592d50>
2026-06-21 14:37:45,006 - mazeUtils.device.camera - [camera.py:39] - DEBUG - Average HSV: H=145.1, S=37.1, V=181.4
2026-06-21 14:37:45,036 - mazeUtils.moveTile - [moveTile.py:1369] - INFO - practicalVerticalMove: -0.42104923750153794 CM
2026-06-21 14:37:45,083 - mazeUtils.moveTile - [moveTile.py:79] - DEBUG - Little forward to adjust position
2026-06-21 14:37:45,532 - mazeUtils.moveTile - [moveTile.py:1639] - INFO - Set moved vertical distance: -0.42104923750153794 cm, past distances: [(-0.6768985203283889, False), (0.12893188227100572, False), (-1.6177585300261492, False)]
2026-06-21 14:37:45,631 - mazeUtils.moveTile - [moveTile.py:529] - DEBUG - Direction: absDirection.NORTH, Angle: 270, Distance: 45.77394206742356 cm
2026-06-21 14:37:45,634 - mazeUtils.moveTile - [moveTile.py:529] - DEBUG - Direction: absDirection.EAST, Angle: 180, Distance: 55.099468841321624 cm
2026-06-21 14:37:45,636 - mazeUtils.moveTile - [moveTile.py:529] - DEBUG - Direction: absDirection.SOUTH, Angle: 90, Distance: 136.9169522151778 cm
2026-06-21 14:37:45,638 - mazeUtils.moveTile - [moveTile.py:529] - DEBUG - Direction: absDirection.WEST, Angle: 0, Distance: 13.307694900940174 cm
2026-06-21 14:37:45,638 - mazeUtils.moveTile - [moveTile.py:553] - DEBUG - Front LiDAR distance: 13.307694900940174 cm, TSD10 distance: 2.3 cm
2026-06-21 14:37:45,640 - mazeUtils.moveTile - [moveTile.py:1768] - INFO - Tile color detection counts: {}, decided tile type: E
2026-06-21 14:37:45,716 - __main__ - [main.py:91] - INFO - Current position: (19, 16, 0), front direction: absDirection.WEST
Layer 0 (altitude=0.0cm, offset=(0.0cm, 0.0cm)):
Known map area: x=19..20, y=16..20
+   +---+
| @   E |
+   +   +
  U | E |
+   +   +
  U | E |
+   +   +
  U   E |
+   +   +
  U | S |
+   +---+
mazeAsGraph[0][16][19] = {absDirection.NORTH: (19, 15, 0, 30), absDirection.EAST: (20, 16, 0, 30), absDirection.SOUTH: (19, 17, 0, 30), absDirection.WEST: None}
mazeAsGraph[0][16][20] = {absDirection.NORTH: None, absDirection.EAST: None, absDirection.SOUTH: (20, 17, 0, 30), absDirection.WEST: (19, 16, 0, 30)}
mazeAsGraph[0][17][20] = {absDirection.NORTH: (20, 16, 0, 30), absDirection.EAST: None, absDirection.SOUTH: (20, 18, 0, 30), absDirection.WEST: None}
mazeAsGraph[0][18][20] = {absDirection.NORTH: (20, 17, 0, 30), absDirection.EAST: None, absDirection.SOUTH: (20, 19, 0, 30), absDirection.WEST: None}
mazeAsGraph[0][19][20] = {absDirection.NORTH: (20, 18, 0, 30), absDirection.EAST: None, absDirection.SOUTH: (20, 20, 0, 30), absDirection.WEST: (19, 19, 0, 30)}
mazeAsGraph[0][20][20] = {absDirection.NORTH: (20, 19, 0, 30), absDirection.EAST: None, absDirection.SOUTH: None, absDirection.WEST: None}
2026-06-21 14:37:45,723 - mazeUtils.mazeMap - [mazeMap.py:61] - INFO - next goal: (19, 15, 0)
2026-06-21 14:37:45,738 - mazeUtils.moveTile - [moveTile.py:79] - DEBUG - Moving to absDirection.NORTH from (19, 16, 0) facing absDirection.WEST
2026-06-21 14:37:45,746 - mazeUtils.moveTile - [moveTile.py:79] - DEBUG - Turning to 0 deg, current heading: 91.47000000000003 deg, turnAngle: 91.47000000000003 deg
2026-06-21 14:37:45,772 - mazeUtils.moveTile - [moveTile.py:79] - DEBUG - gyro:91.45999999999998 deg, derivative: -0.010000000000047748, turnSpeed: 100
2026-06-21 14:37:45,794 - mazeUtils.moveTile - [moveTile.py:79] - DEBUG - gyro:91.57999999999998 deg, derivative: 0.12000000000000455, turnSpeed: 100
2026-06-21 14:37:45,821 - mazeUtils.moveTile - [moveTile.py:79] - DEBUG - gyro:91.58999999999997 deg, derivative: 0.009999999999990905, turnSpeed: 100
2026-06-21 14:37:45,847 - mazeUtils.moveTile - [moveTile.py:79] - DEBUG - gyro:91.36000000000001 deg, derivative: -0.22999999999996135, turnSpeed: 100
2026-06-21 14:37:45,870 - mazeUtils.moveTile - [moveTile.py:79] - DEBUG - gyro:90.44999999999999 deg, derivative: -0.910000000000025, turnSpeed: 100
2026-06-21 14:37:45,901 - mazeUtils.moveTile - [moveTile.py:79] - DEBUG - gyro:88.63999999999999 deg, derivative: -1.8100000000000023, turnSpeed: 100
2026-06-21 14:37:45,929 - mazeUtils.moveTile - [moveTile.py:79] - DEBUG - gyro:84.69999999999999 deg, derivative: -3.9399999999999977, turnSpeed: 100
2026-06-21 14:37:45,955 - mazeUtils.moveTile - [moveTile.py:79] - DEBUG - gyro:79.50999999999999 deg, derivative: -5.189999999999998, turnSpeed: 100
2026-06-21 14:37:45,980 - mazeUtils.moveTile - [moveTile.py:79] - DEBUG - gyro:75.82999999999998 deg, derivative: -3.680000000000007, turnSpeed: 100
2026-06-21 14:37:46,009 - mazeUtils.moveTile - [moveTile.py:79] - DEBUG - gyro:72.58999999999997 deg, derivative: -3.240000000000009, turnSpeed: 100
2026-06-21 14:37:46,032 - mazeUtils.moveTile - [moveTile.py:79] - DEBUG - gyro:69.94 deg, derivative: -2.6499999999999773, turnSpeed: 100
2026-06-21 14:37:46,058 - mazeUtils.moveTile - [moveTile.py:79] - DEBUG - gyro:66.5 deg, derivative: -3.4399999999999977, turnSpeed: 100
2026-06-21 14:37:46,088 - mazeUtils.moveTile - [moveTile.py:79] - DEBUG - gyro:64.12 deg, derivative: -2.3799999999999955, turnSpeed: 100
2026-06-21 14:37:46,116 - mazeUtils.moveTile - [moveTile.py:79] - DEBUG - gyro:60.80000000000001 deg, derivative: -3.319999999999993, turnSpeed: 100
2026-06-21 14:37:46,140 - mazeUtils.moveTile - [moveTile.py:79] - DEBUG - gyro:55.76999999999998 deg, derivative: -5.03000000000003, turnSpeed: 100
2026-06-21 14:37:46,167 - mazeUtils.moveTile - [moveTile.py:79] - DEBUG - gyro:52.420000000000016 deg, derivative: -3.349999999999966, turnSpeed: 100
2026-06-21 14:37:46,192 - mazeUtils.moveTile - [moveTile.py:79] - DEBUG - gyro:49.06 deg, derivative: -3.3600000000000136, turnSpeed: 98.12
2026-06-21 14:37:46,219 - mazeUtils.moveTile - [moveTile.py:79] - DEBUG - gyro:45.870000000000005 deg, derivative: -3.1899999999999977, turnSpeed: 91.74000000000001
2026-06-21 14:37:46,246 - mazeUtils.moveTile - [moveTile.py:79] - DEBUG - gyro:41.94 deg, derivative: -3.930000000000007, turnSpeed: 83.88
2026-06-21 14:37:46,272 - mazeUtils.moveTile - [moveTile.py:79] - DEBUG - gyro:39.089999999999975 deg, derivative: -2.8500000000000227, turnSpeed: 78.17999999999995
2026-06-21 14:37:46,295 - mazeUtils.moveTile - [moveTile.py:79] - DEBUG - gyro:34.93000000000001 deg, derivative: -4.159999999999968, turnSpeed: 69.86000000000001
2026-06-21 14:37:46,325 - mazeUtils.moveTile - [moveTile.py:79] - DEBUG - gyro:31.589999999999975 deg, derivative: -3.340000000000032, turnSpeed: 63.17999999999995
2026-06-21 14:37:46,351 - mazeUtils.moveTile - [moveTile.py:79] - DEBUG - gyro:28.96999999999997 deg, derivative: -2.6200000000000045, turnSpeed: 57.93999999999994
2026-06-21 14:37:46,374 - mazeUtils.moveTile - [moveTile.py:79] - DEBUG - gyro:25.269999999999982 deg, derivative: -3.6999999999999886, turnSpeed: 50.539999999999964
2026-06-21 14:37:46,404 - mazeUtils.moveTile - [moveTile.py:79] - DEBUG - gyro:23.24000000000001 deg, derivative: -2.0299999999999727, turnSpeed: 46.48000000000002
2026-06-21 14:37:46,433 - mazeUtils.moveTile - [moveTile.py:79] - DEBUG - gyro:20.829999999999984 deg, derivative: -2.410000000000025, turnSpeed: 41.65999999999997
2026-06-21 14:37:46,464 - mazeUtils.moveTile - [moveTile.py:79] - DEBUG - gyro:18.310000000000002 deg, derivative: -2.519999999999982, turnSpeed: 36.620000000000005
2026-06-21 14:37:46,488 - mazeUtils.moveTile - [moveTile.py:79] - DEBUG - gyro:16.410000000000025 deg, derivative: -1.8999999999999773, turnSpeed: 32.82000000000005
2026-06-21 14:37:46,513 - mazeUtils.moveTile - [moveTile.py:79] - DEBUG - gyro:14.45999999999998 deg, derivative: -1.9500000000000455, turnSpeed: 28.91999999999996
2026-06-21 14:37:46,541 - mazeUtils.moveTile - [moveTile.py:79] - DEBUG - gyro:13.149999999999977 deg, derivative: -1.3100000000000023, turnSpeed: 26.299999999999955
2026-06-21 14:37:46,566 - mazeUtils.moveTile - [moveTile.py:79] - DEBUG - gyro:12.019999999999982 deg, derivative: -1.1299999999999955, turnSpeed: 24.039999999999964
2026-06-21 14:37:46,589 - mazeUtils.moveTile - [moveTile.py:79] - DEBUG - gyro:11.079999999999984 deg, derivative: -0.9399999999999977, turnSpeed: 22.159999999999968
2026-06-21 14:37:46,612 - mazeUtils.moveTile - [moveTile.py:79] - DEBUG - gyro:9.980000000000018 deg, derivative: -1.099999999999966, turnSpeed: 19.960000000000036
2026-06-21 14:37:46,640 - mazeUtils.moveTile - [moveTile.py:79] - DEBUG - gyro:8.54000000000002 deg, derivative: -1.4399999999999977, turnSpeed: 17.08000000000004
2026-06-21 14:37:46,664 - mazeUtils.moveTile - [moveTile.py:79] - DEBUG - gyro:7.230000000000018 deg, derivative: -1.3100000000000023, turnSpeed: 14.460000000000036
2026-06-21 14:37:46,687 - mazeUtils.moveTile - [moveTile.py:79] - DEBUG - gyro:5.819999999999993 deg, derivative: -1.410000000000025, turnSpeed: 11.639999999999986
2026-06-21 14:37:46,711 - mazeUtils.moveTile - [moveTile.py:79] - DEBUG - gyro:4.800000000000011 deg, derivative: -1.0199999999999818, turnSpeed: 9.600000000000023
2026-06-21 14:37:46,741 - mazeUtils.moveTile - [moveTile.py:79] - DEBUG - gyro:4.110000000000014 deg, derivative: -0.6899999999999977, turnSpeed: 8.220000000000027
2026-06-21 14:37:46,764 - mazeUtils.moveTile - [moveTile.py:79] - DEBUG - gyro:3.6999999999999886 deg, derivative: -0.410000000000025, turnSpeed: 7.399999999999977
2026-06-21 14:37:46,789 - mazeUtils.moveTile - [moveTile.py:79] - DEBUG - gyro:3.569999999999993 deg, derivative: -0.12999999999999545, turnSpeed: 7.139999999999986
2026-06-21 14:37:46,817 - mazeUtils.moveTile - [moveTile.py:79] - DEBUG - gyro:3.480000000000018 deg, derivative: -0.08999999999997499, turnSpeed: 6.960000000000036
2026-06-21 14:37:46,841 - mazeUtils.moveTile - [moveTile.py:79] - DEBUG - gyro:3.4699999999999704 deg, derivative: -0.010000000000047748, turnSpeed: 6.939999999999941
2026-06-21 14:37:46,866 - mazeUtils.moveTile - [moveTile.py:79] - DEBUG - gyro:3.240000000000009 deg, derivative: -0.22999999999996135, turnSpeed: 6.480000000000018
2026-06-21 14:37:46,892 - mazeUtils.moveTile - [moveTile.py:79] - DEBUG - gyro:3.0299999999999727 deg, derivative: -0.21000000000003638, turnSpeed: 6.059999999999945
2026-06-21 14:37:46,919 - mazeUtils.moveTile - [moveTile.py:79] - DEBUG - gyro:2.8999999999999773 deg, derivative: -0.12999999999999545, turnSpeed: 5.7999999999999545
2026-06-21 14:37:46,943 - mazeUtils.moveTile - [moveTile.py:79] - DEBUG - gyro:2.7799999999999727 deg, derivative: -0.12000000000000455, turnSpeed: 5.559999999999945
2026-06-21 14:37:46,972 - mazeUtils.moveTile - [moveTile.py:79] - DEBUG - gyro:2.519999999999982 deg, derivative: -0.2599999999999909, turnSpeed: 5.039999999999964
2026-06-21 14:37:46,996 - mazeUtils.moveTile - [moveTile.py:79] - DEBUG - gyro:2.339999999999975 deg, derivative: -0.18000000000000682, turnSpeed: 4.67999999999995
2026-06-21 14:37:47,020 - mazeUtils.moveTile - [moveTile.py:79] - DEBUG - gyro:2.160000000000025 deg, derivative: -0.17999999999994998, turnSpeed: 4.32000000000005
2026-06-21 14:37:47,043 - mazeUtils.moveTile - [moveTile.py:79] - DEBUG - gyro:2.009999999999991 deg, derivative: -0.1500000000000341, turnSpeed: 4.019999999999982
2026-06-21 14:37:47,072 - mazeUtils.moveTile - [moveTile.py:79] - DEBUG - gyro:1.910000000000025 deg, derivative: -0.0999999999999659, turnSpeed: 3.82000000000005
2026-06-21 14:37:47,092 - mazeUtils.moveTile - [moveTile.py:79] - DEBUG - Turned to heading: 1.910000000000025 deg
2026-06-21 14:37:47,236 - picamera2.picamera2 - [picamera2.py:1391] - DEBUG - Execute job: <picamera2.job.Job object at 0x7f7d599410>
2026-06-21 14:37:47,238 - mazeUtils.device.camera - [camera.py:39] - DEBUG - Average HSV: H=135.5, S=58.7, V=145.7
2026-06-21 14:37:47,267 - mazeUtils.moveTile - [moveTile.py:79] - DEBUG - roll: 359.31 deg, practicalMoveTime: 0.041336161372985104 sec
2026-06-21 14:37:47,268 - mazeUtils.moveTile - [moveTile.py:1424] - DEBUG - moveTile loop time: 41.0 ms
2026-06-21 14:37:47,273 - picamera2.picamera2 - [picamera2.py:1391] - DEBUG - Execute job: <picamera2.job.Job object at 0x7f5e296f50>
2026-06-21 14:37:47,276 - mazeUtils.device.camera - [camera.py:39] - DEBUG - Average HSV: H=135.1, S=59.3, V=146.2
2026-06-21 14:37:47,307 - mazeUtils.moveTile - [moveTile.py:79] - DEBUG - roll: 359.78 deg, practicalMoveTime: 0.08062463097832911 sec
2026-06-21 14:37:47,308 - mazeUtils.moveTile - [moveTile.py:1424] - DEBUG - moveTile loop time: 39.8 ms
2026-06-21 14:37:47,314 - picamera2.picamera2 - [picamera2.py:1391] - DEBUG - Execute job: <picamera2.job.Job object at 0x7f8f592d50>
2026-06-21 14:37:47,318 - mazeUtils.device.camera - [camera.py:39] - DEBUG - Average HSV: H=135.2, S=59.1, V=146.4
2026-06-21 14:37:47,321 - __main__ - [main.py:152] - INFO - Program interrupted by user.
2026-06-21 14:37:48,389 - mazeUtils.device.stm - [stm.py:216] - DEBUG - ACK resynchronized: type=STS_MOTOR dropped=24B seq=11
2026-06-21 14:37:48,897 - picamera2.picamera2 - [picamera2.py:1391] - DEBUG - Execute job: <picamera2.job.Job object at 0x7fa2f77410>
2026-06-21 14:37:48,913 - picamera2.picamera2 - [picamera2.py:1323] - INFO - Camera stopped
2026-06-21 14:37:49,115 - picamera2.picamera2 - [picamera2.py:1329] - DEBUG - Camera was not started
2026-06-21 14:37:49,317 - picamera2.picamera2 - [picamera2.py:723] - INFO - Camera closed successfully.
2026-06-21 14:37:49,553 - picamera2.picamera2 - [picamera2.py:500] - DEBUG - Resources now free: <picamera2.picamera2.Picamera2 object at 0x7f8f542e50>
