2026-06-26 18:06:43,014 - root - [logging_config.py:61] - INFO - Logging initialized. Log file: /home/tuton/Kanto2026RPi/src/config/../logs/robot_20260626_180638.log
2026-06-26 18:06:45,028 - mazeUtils.device.LiDAR - [LiDAR.py:78] - INFO - Available ports: <ydlidar.Str2strMap; proxy of <Swig Object of type 'std::map< std::string,std::string > *' at 0x7faa509800> >
2026-06-26 18:06:49,041 - mazeUtils.moveTile - [moveTile.py:550] - DEBUG - overwrite the wall data
2026-06-26 18:06:49,067 - mazeUtils.moveTile - [moveTile.py:564] - DEBUG - Direction: absDirection.NORTH, Angle: 0, Distance: 165.8000030517578 cm
2026-06-26 18:06:49,070 - mazeUtils.moveTile - [moveTile.py:571] - INFO - angle: 0, result: judgeWallResult.NO_WALL
2026-06-26 18:06:49,072 - mazeUtils.moveTile - [moveTile.py:564] - DEBUG - Direction: absDirection.EAST, Angle: 270, Distance: 18.248509591126954 cm
2026-06-26 18:06:49,074 - mazeUtils.moveTile - [moveTile.py:564] - DEBUG - Direction: absDirection.SOUTH, Angle: 180, Distance: 16.71051605785796 cm
2026-06-26 18:06:49,076 - mazeUtils.moveTile - [moveTile.py:564] - DEBUG - Direction: absDirection.WEST, Angle: 90, Distance: 15.668566743871306 cm
2026-06-26 18:06:49,077 - __main__ - [main.py:68] - INFO - Initial Map:
2026-06-26 18:06:49,119 - __main__ - [main.py:69] - INFO - Current position: (20, 20, 0), front direction: absDirection.NORTH
Layer 0 (altitude=0.0cm, offset=(0.0cm, 0.0cm)):
Known map area: x=20..20, y=20..20
+   +
| @ |
+---+
mazeAsGraph[0][20][20] = {absDirection.NORTH: (20, 19, 0, 30), absDirection.EAST: None, absDirection.SOUTH: None, absDirection.WEST: None}
2026-06-26 18:06:50,125 - mazeUtils.mazeMap - [mazeMap.py:61] - INFO - next goal: (20, 19, 0)
2026-06-26 18:06:50,127 - __main__ - [main.py:75] - INFO - Next Direction: [<absDirection.NORTH: 0>]
2026-06-26 18:06:50,129 - __main__ - [main.py:76] - INFO - Exploration started.
2026-06-26 18:06:50,131 - mazeUtils.mazeMap - [mazeMap.py:61] - INFO - next goal: (20, 20, 0)
2026-06-26 18:06:50,134 - mazeUtils.moveTile - [moveTile.py:88] - DEBUG - [1811.736754] moveTile start direction=absDirection.NORTH position=(20, 20, 0) front=absDirection.NORTH
2026-06-26 18:06:50,140 - mazeUtils.moveTile - [moveTile.py:90] - DEBUG - [1811.743005] moveTile after initial toggle check (+6.3 ms)
2026-06-26 18:06:50,144 - mazeUtils.moveTile - [moveTile.py:90] - DEBUG - [1811.746668] moveTile after tile checks isRedTile=False isUnknownTileAhead=True (+3.7 ms)
2026-06-26 18:06:50,145 - mazeUtils.moveTile - [moveTile.py:79] - DEBUG - Moving to absDirection.NORTH from (20, 20, 0) facing absDirection.NORTH
2026-06-26 18:06:50,145 - mazeUtils.moveTile - [moveTile.py:90] - DEBUG - [1811.748244] moveTile start heading change target=0 (+1.6 ms)
2026-06-26 18:06:50,172 - mazeUtils.moveTile - [moveTile.py:79] - DEBUG - current heading: 359.94 target: 0
2026-06-26 18:06:50,193 - mazeUtils.moveTile - [moveTile.py:436] - DEBUG - stopped turning at heading: 359.94, diff: 0.060000000000002274
2026-06-26 18:06:50,245 - mazeUtils.moveTile - [moveTile.py:79] - DEBUG - Turned to heading: 359.93 deg
2026-06-26 18:06:50,246 - mazeUtils.moveTile - [moveTile.py:90] - DEBUG - [1811.848801] moveTile finished heading change (+100.6 ms)
2026-06-26 18:06:50,246 - mazeUtils.moveTile - [moveTile.py:90] - DEBUG - [1811.849274] moveTile updated front direction (+0.5 ms)
2026-06-26 18:06:50,266 - mazeUtils.moveTile - [moveTile.py:90] - DEBUG - [1811.869206] moveTile stopped motors before alignment (+19.9 ms)
2026-06-26 18:06:50,425 - mazeUtils.moveTile - [moveTile.py:564] - DEBUG - Direction: absDirection.NORTH, Angle: 0, Distance: 165.6999969482422 cm
2026-06-26 18:06:50,427 - mazeUtils.moveTile - [moveTile.py:564] - DEBUG - Direction: absDirection.EAST, Angle: 270, Distance: 18.511943554089534 cm
2026-06-26 18:06:50,428 - mazeUtils.moveTile - [moveTile.py:564] - DEBUG - Direction: absDirection.SOUTH, Angle: 180, Distance: 17.051476133741616 cm
2026-06-26 18:06:50,430 - mazeUtils.moveTile - [moveTile.py:564] - DEBUG - Direction: absDirection.WEST, Angle: 90, Distance: 15.784795792906175 cm
2026-06-26 18:06:50,430 - mazeUtils.moveTile - [moveTile.py:90] - DEBUG - [1812.033340] moveTile start backward adjustment behind_wall_dist=17.051476133741616 (+164.1 ms)
2026-06-26 18:06:50,450 - mazeUtils.moveTile - [moveTile.py:79] - DEBUG - Little backward to adjust position
2026-06-26 18:06:55,092 - __main__ - [main.py:108] - INFO - Current position: (20, 20, 0), front direction: absDirection.NORTH
Layer 0 (altitude=0.0cm, offset=(0.0cm, 0.0cm)):
Known map area: x=20..20, y=20..20
+   +
| @ |
+---+
mazeAsGraph[0][20][20] = {absDirection.NORTH: (20, 19, 0, 30), absDirection.EAST: None, absDirection.SOUTH: None, absDirection.WEST: None}
2026-06-26 18:07:01,495 - __main__ - [main.py:111] - INFO - Exploration resumed.
2026-06-26 18:07:03,182 - mazeUtils.mazeMap - [mazeMap.py:61] - INFO - next goal: (20, 19, 0)
2026-06-26 18:07:03,194 - mazeUtils.moveTile - [moveTile.py:550] - DEBUG - overwrite the wall data
2026-06-26 18:07:03,252 - mazeUtils.moveTile - [moveTile.py:564] - DEBUG - Direction: absDirection.NORTH, Angle: 0, Distance: 166.10000610351562 cm
2026-06-26 18:07:03,253 - mazeUtils.moveTile - [moveTile.py:571] - INFO - angle: 0, result: judgeWallResult.NO_WALL
2026-06-26 18:07:03,255 - mazeUtils.moveTile - [moveTile.py:564] - DEBUG - Direction: absDirection.EAST, Angle: 270, Distance: 18.450497867323055 cm
2026-06-26 18:07:03,256 - mazeUtils.moveTile - [moveTile.py:564] - DEBUG - Direction: absDirection.SOUTH, Angle: 180, Distance: 16.830231727727977 cm
2026-06-26 18:07:03,257 - mazeUtils.moveTile - [moveTile.py:564] - DEBUG - Direction: absDirection.WEST, Angle: 90, Distance: 15.692432518870033 cm
2026-06-26 18:07:03,257 - __main__ - [main.py:68] - INFO - Initial Map:
2026-06-26 18:07:03,299 - __main__ - [main.py:69] - INFO - Current position: (20, 20, 0), front direction: absDirection.NORTH
Layer 0 (altitude=0.0cm, offset=(0.0cm, 0.0cm)):
Known map area: x=20..20, y=20..20
+   +
| @ |
+---+
mazeAsGraph[0][20][20] = {absDirection.NORTH: (20, 19, 0, 30), absDirection.EAST: None, absDirection.SOUTH: None, absDirection.WEST: None}
2026-06-26 18:07:03,956 - mazeUtils.mazeMap - [mazeMap.py:61] - INFO - next goal: (20, 19, 0)
2026-06-26 18:07:03,957 - __main__ - [main.py:75] - INFO - Next Direction: [<absDirection.NORTH: 0>]
2026-06-26 18:07:03,960 - __main__ - [main.py:76] - INFO - Exploration started.
2026-06-26 18:07:03,960 - mazeUtils.mazeMap - [mazeMap.py:61] - INFO - next goal: (20, 20, 0)
2026-06-26 18:07:03,962 - mazeUtils.moveTile - [moveTile.py:88] - DEBUG - [1825.564912] moveTile start direction=absDirection.NORTH position=(20, 20, 0) front=absDirection.NORTH
2026-06-26 18:07:03,973 - mazeUtils.moveTile - [moveTile.py:90] - DEBUG - [1825.575601] moveTile after initial toggle check (+10.7 ms)
2026-06-26 18:07:03,975 - mazeUtils.moveTile - [moveTile.py:90] - DEBUG - [1825.578082] moveTile after tile checks isRedTile=False isUnknownTileAhead=True (+2.5 ms)
2026-06-26 18:07:03,976 - mazeUtils.moveTile - [moveTile.py:79] - DEBUG - Moving to absDirection.NORTH from (20, 20, 0) facing absDirection.NORTH
2026-06-26 18:07:03,976 - mazeUtils.moveTile - [moveTile.py:90] - DEBUG - [1825.579095] moveTile start heading change target=0 (+1.0 ms)
2026-06-26 18:07:04,012 - mazeUtils.moveTile - [moveTile.py:79] - DEBUG - current heading: 0.7599999999999909 target: 0
2026-06-26 18:07:04,034 - mazeUtils.moveTile - [moveTile.py:436] - DEBUG - stopped turning at heading: 0.7599999999999909, diff: 0.7599999999999909
2026-06-26 18:07:04,079 - mazeUtils.moveTile - [moveTile.py:79] - DEBUG - Turned to heading: 0.7599999999999909 deg
2026-06-26 18:07:04,080 - mazeUtils.moveTile - [moveTile.py:90] - DEBUG - [1825.682610] moveTile finished heading change (+103.5 ms)
2026-06-26 18:07:04,080 - mazeUtils.moveTile - [moveTile.py:90] - DEBUG - [1825.683096] moveTile updated front direction (+0.5 ms)
2026-06-26 18:07:04,101 - mazeUtils.moveTile - [moveTile.py:90] - DEBUG - [1825.703618] moveTile stopped motors before alignment (+20.5 ms)
2026-06-26 18:07:04,259 - mazeUtils.moveTile - [moveTile.py:564] - DEBUG - Direction: absDirection.NORTH, Angle: 0, Distance: 166.19417686193447 cm
2026-06-26 18:07:04,262 - mazeUtils.moveTile - [moveTile.py:564] - DEBUG - Direction: absDirection.EAST, Angle: 270, Distance: 18.545602067755492 cm
2026-06-26 18:07:04,264 - mazeUtils.moveTile - [moveTile.py:564] - DEBUG - Direction: absDirection.SOUTH, Angle: 180, Distance: 17.02391127888398 cm
2026-06-26 18:07:04,265 - mazeUtils.moveTile - [moveTile.py:564] - DEBUG - Direction: absDirection.WEST, Angle: 90, Distance: 15.50971062185625 cm
2026-06-26 18:07:04,266 - mazeUtils.moveTile - [moveTile.py:90] - DEBUG - [1825.868978] moveTile start backward adjustment behind_wall_dist=17.02391127888398 (+165.4 ms)
2026-06-26 18:07:04,288 - mazeUtils.moveTile - [moveTile.py:79] - DEBUG - Little backward to adjust position
2026-06-26 18:07:07,351 - __main__ - [main.py:108] - INFO - Current position: (20, 20, 0), front direction: absDirection.NORTH
Layer 0 (altitude=0.0cm, offset=(0.0cm, 0.0cm)):
Known map area: x=20..20, y=20..20
+   +
| @ |
+---+
mazeAsGraph[0][20][20] = {absDirection.NORTH: (20, 19, 0, 30), absDirection.EAST: None, absDirection.SOUTH: None, absDirection.WEST: None}
2026-06-26 18:07:25,624 - __main__ - [main.py:193] - INFO - Program interrupted by user.
2026-06-26 18:07:26,698 - mazeUtils.device.stm - [stm.py:216] - DEBUG - ACK resynchronized: type=STS_MOTOR dropped=8B seq=240
2026-06-26 18:07:26,722 - picamera2.picamera2 - [picamera2.py:1391] - DEBUG - Execute job: <picamera2.job.Job object at 0x7faa6b7550>
2026-06-26 18:07:26,746 - picamera2.picamera2 - [picamera2.py:1323] - INFO - Camera stopped
2026-06-26 18:07:26,948 - picamera2.picamera2 - [picamera2.py:1329] - DEBUG - Camera was not started
2026-06-26 18:07:27,154 - picamera2.picamera2 - [picamera2.py:723] - INFO - Camera closed successfully.
2026-06-26 18:07:27,683 - picamera2.picamera2 - [picamera2.py:500] - DEBUG - Resources now free: <picamera2.picamera2.Picamera2 object at 0x7f9bd413d0>
