2026-06-20 12:06:23,087 - root - [logging_config.py:61] - INFO - Logging initialized. Log file: /home/tuton/Kanto2026RPi/src/config/../logs/robot_20260620_120622.log
2026-06-20 12:06:25,063 - mazeUtils.device.LiDAR - [LiDAR.py:36] - INFO - Available ports: <ydlidar.Str2strMap; proxy of <Swig Object of type 'std::map< std::string,std::string > *' at 0x7f9f2f7ed0> >
2026-06-20 12:06:30,560 - mazeUtils.moveTile - [moveTile.py:528] - DEBUG - Direction: absDirection.NORTH, Angle: 0, Distance: 69.97847090020888 cm
2026-06-20 12:06:30,561 - mazeUtils.moveTile - [moveTile.py:551] - DEBUG - Front LiDAR distance: 69.97847090020888 cm, TSD10 distance: 46.4 cm
2026-06-20 12:06:30,562 - mazeUtils.moveTile - [moveTile.py:528] - DEBUG - Direction: absDirection.EAST, Angle: 270, Distance: 16.79533144933662 cm
2026-06-20 12:06:30,563 - mazeUtils.moveTile - [moveTile.py:528] - DEBUG - Direction: absDirection.SOUTH, Angle: 180, Distance: 16.336277362523937 cm
2026-06-20 12:06:30,564 - mazeUtils.moveTile - [moveTile.py:528] - DEBUG - Direction: absDirection.WEST, Angle: 90, Distance: 16.951755476506992 cm
2026-06-20 12:06:30,565 - __main__ - [main.py:69] - INFO - Initial Map:
2026-06-20 12:06:30,579 - __main__ - [main.py:70] - INFO - Current position: (20, 20, 0), front direction: absDirection.NORTH
Layer 0 (altitude=0.0cm, offset=(0.0cm, 0.0cm)):
Known map area: x=20..20, y=20..20
+   +
| @ |
+---+
mazeAsGraph[0][20][20] = {absDirection.NORTH: (20, 19, 0, 30), absDirection.EAST: None, absDirection.SOUTH: None, absDirection.WEST: None}
2026-06-20 12:06:30,580 - mazeUtils.mazeMap - [mazeMap.py:61] - INFO - next goal: (20, 19, 0)
2026-06-20 12:06:30,581 - __main__ - [main.py:73] - INFO - Next Direction: [<absDirection.NORTH: 0>]
2026-06-20 12:06:30,581 - __main__ - [main.py:74] - INFO - Exploration started.
2026-06-20 12:06:30,591 - mazeUtils.moveTile - [moveTile.py:79] - DEBUG - Moving to absDirection.NORTH from (20, 20, 0) facing absDirection.NORTH
2026-06-20 12:06:30,621 - mazeUtils.moveTile - [moveTile.py:79] - DEBUG - current heading: 0.18000000000000682 target: 0
2026-06-20 12:06:30,641 - mazeUtils.moveTile - [moveTile.py:403] - DEBUG - stopped turning at heading: 0.18000000000000682, diff: 0.18000000000000682
2026-06-20 12:06:30,686 - mazeUtils.moveTile - [moveTile.py:79] - DEBUG - Turned to heading: 0.18000000000000682 deg
2026-06-20 12:06:30,733 - mazeUtils.moveTile - [moveTile.py:79] - DEBUG - Little backward to adjust position
2026-06-20 12:06:31,322 - picamera2.picamera2 - [picamera2.py:1391] - DEBUG - Execute job: <picamera2.job.Job object at 0x7f799ed9d0>
2026-06-20 12:06:31,329 - mazeUtils.device.camera - [camera.py:39] - DEBUG - Average HSV: H=165.0, S=19.8, V=222.0
2026-06-20 12:06:31,366 - mazeUtils.moveTile - [moveTile.py:79] - DEBUG - roll: 359.11 deg, practicalMoveTime: 0.05256328569343323 sec
2026-06-20 12:06:31,366 - mazeUtils.moveTile - [moveTile.py:1398] - DEBUG - moveTile loop time: 51.3 ms
2026-06-20 12:06:31,375 - picamera2.picamera2 - [picamera2.py:1391] - DEBUG - Execute job: <picamera2.job.Job object at 0x7f5b8832d0>
2026-06-20 12:06:31,380 - mazeUtils.device.camera - [camera.py:39] - DEBUG - Average HSV: H=165.1, S=19.7, V=222.0
2026-06-20 12:06:31,410 - mazeUtils.moveTile - [moveTile.py:79] - DEBUG - roll: 359.41 deg, practicalMoveTime: 0.09622423406701602 sec
2026-06-20 12:06:31,411 - mazeUtils.moveTile - [moveTile.py:1398] - DEBUG - moveTile loop time: 44.1 ms
2026-06-20 12:06:31,419 - picamera2.picamera2 - [picamera2.py:1391] - DEBUG - Execute job: <picamera2.job.Job object at 0x7f92b7a590>
2026-06-20 12:06:31,423 - mazeUtils.device.camera - [camera.py:39] - DEBUG - Average HSV: H=165.6, S=19.3, V=223.2
2026-06-20 12:06:31,453 - mazeUtils.moveTile - [moveTile.py:79] - DEBUG - roll: 0.44999999999998863 deg, practicalMoveTime: 0.13868122037531821 sec
2026-06-20 12:06:31,454 - mazeUtils.moveTile - [moveTile.py:1398] - DEBUG - moveTile loop time: 42.7 ms
2026-06-20 12:06:31,459 - picamera2.picamera2 - [picamera2.py:1391] - DEBUG - Execute job: <picamera2.job.Job object at 0x7f79997090>
2026-06-20 12:06:31,462 - mazeUtils.device.camera - [camera.py:39] - DEBUG - Average HSV: H=167.5, S=20.2, V=221.6
2026-06-20 12:06:31,495 - mazeUtils.moveTile - [moveTile.py:79] - DEBUG - roll: 357.95 deg, practicalMoveTime: 0.17971777166901198 sec
2026-06-20 12:06:31,496 - mazeUtils.moveTile - [moveTile.py:1398] - DEBUG - moveTile loop time: 41.5 ms
2026-06-20 12:06:31,502 - picamera2.picamera2 - [picamera2.py:1391] - DEBUG - Execute job: <picamera2.job.Job object at 0x7f799ed9d0>
2026-06-20 12:06:31,505 - mazeUtils.device.camera - [camera.py:39] - DEBUG - Average HSV: H=167.5, S=19.4, V=225.3
2026-06-20 12:06:31,532 - mazeUtils.moveTile - [moveTile.py:79] - DEBUG - roll: 359.02000000000004 deg, practicalMoveTime: 0.21583886252812767 sec
2026-06-20 12:06:31,532 - mazeUtils.moveTile - [moveTile.py:1398] - DEBUG - moveTile loop time: 36.5 ms
2026-06-20 12:06:31,540 - picamera2.picamera2 - [picamera2.py:1391] - DEBUG - Execute job: <picamera2.job.Job object at 0x7f92b7a590>
2026-06-20 12:06:31,543 - mazeUtils.device.camera - [camera.py:39] - DEBUG - Average HSV: H=167.1, S=19.4, V=224.9
2026-06-20 12:06:31,570 - mazeUtils.moveTile - [moveTile.py:79] - DEBUG - roll: 358.52000000000004 deg, practicalMoveTime: 0.253431603107712 sec
2026-06-20 12:06:31,571 - mazeUtils.moveTile - [moveTile.py:1398] - DEBUG - moveTile loop time: 37.9 ms
2026-06-20 12:06:31,575 - picamera2.picamera2 - [picamera2.py:1391] - DEBUG - Execute job: <picamera2.job.Job object at 0x7f88d4a590>
2026-06-20 12:06:31,578 - mazeUtils.device.camera - [camera.py:39] - DEBUG - Average HSV: H=169.9, S=21.6, V=222.4
2026-06-20 12:06:31,610 - mazeUtils.moveTile - [moveTile.py:79] - DEBUG - roll: 358.94 deg, practicalMoveTime: 0.2928990967977663 sec
2026-06-20 12:06:31,611 - mazeUtils.moveTile - [moveTile.py:1398] - DEBUG - moveTile loop time: 39.8 ms
2026-06-20 12:06:31,619 - picamera2.picamera2 - [picamera2.py:1391] - DEBUG - Execute job: <picamera2.job.Job object at 0x7f7a922210>
2026-06-20 12:06:31,622 - mazeUtils.device.camera - [camera.py:39] - DEBUG - Average HSV: H=170.6, S=20.4, V=225.6
2026-06-20 12:06:31,650 - mazeUtils.moveTile - [moveTile.py:79] - DEBUG - roll: 359.11 deg, practicalMoveTime: 0.33242889608248327 sec
2026-06-20 12:06:31,651 - mazeUtils.moveTile - [moveTile.py:1398] - DEBUG - moveTile loop time: 40.1 ms
2026-06-20 12:06:31,656 - picamera2.picamera2 - [picamera2.py:1391] - DEBUG - Execute job: <picamera2.job.Job object at 0x7f799ed9d0>
2026-06-20 12:06:31,660 - mazeUtils.device.camera - [camera.py:39] - DEBUG - Average HSV: H=168.7, S=18.9, V=227.8
2026-06-20 12:06:31,689 - mazeUtils.moveTile - [moveTile.py:79] - DEBUG - roll: 359.38 deg, practicalMoveTime: 0.3708497079023247 sec
2026-06-20 12:06:31,690 - mazeUtils.moveTile - [moveTile.py:1398] - DEBUG - moveTile loop time: 38.8 ms
2026-06-20 12:06:31,694 - picamera2.picamera2 - [picamera2.py:1391] - DEBUG - Execute job: <picamera2.job.Job object at 0x7f88d43690>
2026-06-20 12:06:31,698 - mazeUtils.device.camera - [camera.py:39] - DEBUG - Average HSV: H=167.8, S=19.2, V=226.8
2026-06-20 12:06:31,729 - mazeUtils.moveTile - [moveTile.py:79] - DEBUG - roll: 358.68 deg, practicalMoveTime: 0.40955145954395483 sec
2026-06-20 12:06:31,730 - mazeUtils.moveTile - [moveTile.py:1398] - DEBUG - moveTile loop time: 39.0 ms
2026-06-20 12:06:31,735 - picamera2.picamera2 - [picamera2.py:1391] - DEBUG - Execute job: <picamera2.job.Job object at 0x7f79997090>
2026-06-20 12:06:31,738 - mazeUtils.device.camera - [camera.py:39] - DEBUG - Average HSV: H=168.0, S=18.4, V=227.2
2026-06-20 12:06:31,768 - mazeUtils.moveTile - [moveTile.py:79] - DEBUG - roll: 359.61 deg, practicalMoveTime: 0.44804825409014537 sec
2026-06-20 12:06:31,769 - mazeUtils.moveTile - [moveTile.py:1398] - DEBUG - moveTile loop time: 38.7 ms
2026-06-20 12:06:31,780 - picamera2.picamera2 - [picamera2.py:1391] - DEBUG - Execute job: <picamera2.job.Job object at 0x7f7a922250>
2026-06-20 12:06:31,783 - mazeUtils.device.camera - [camera.py:39] - DEBUG - Average HSV: H=170.3, S=19.0, V=226.3
2026-06-20 12:06:31,809 - mazeUtils.moveTile - [moveTile.py:79] - DEBUG - roll: 358.86 deg, practicalMoveTime: 0.4887070233681545 sec
2026-06-20 12:06:31,810 - mazeUtils.moveTile - [moveTile.py:1398] - DEBUG - moveTile loop time: 40.9 ms
2026-06-20 12:06:31,817 - picamera2.picamera2 - [picamera2.py:1391] - DEBUG - Execute job: <picamera2.job.Job object at 0x7f8b8e15d0>
2026-06-20 12:06:31,820 - mazeUtils.device.camera - [camera.py:39] - DEBUG - Average HSV: H=169.0, S=19.5, V=225.6
2026-06-20 12:06:31,848 - mazeUtils.moveTile - [moveTile.py:79] - DEBUG - roll: 358.82 deg, practicalMoveTime: 0.5264719068837677 sec
2026-06-20 12:06:31,848 - mazeUtils.moveTile - [moveTile.py:1398] - DEBUG - moveTile loop time: 38.0 ms
2026-06-20 12:06:31,852 - picamera2.picamera2 - [picamera2.py:1391] - DEBUG - Execute job: <picamera2.job.Job object at 0x7f8b8e15d0>
2026-06-20 12:06:31,855 - mazeUtils.device.camera - [camera.py:39] - DEBUG - Average HSV: H=168.4, S=18.0, V=229.4
2026-06-20 12:06:31,886 - mazeUtils.moveTile - [moveTile.py:79] - DEBUG - roll: 358.92 deg, practicalMoveTime: 0.5643231908369203 sec
2026-06-20 12:06:31,886 - mazeUtils.moveTile - [moveTile.py:1398] - DEBUG - moveTile loop time: 38.1 ms
2026-06-20 12:06:31,891 - picamera2.picamera2 - [picamera2.py:1391] - DEBUG - Execute job: <picamera2.job.Job object at 0x7f79997090>
2026-06-20 12:06:31,894 - mazeUtils.device.camera - [camera.py:39] - DEBUG - Average HSV: H=169.6, S=19.0, V=228.6
2026-06-20 12:06:31,927 - mazeUtils.moveTile - [moveTile.py:79] - DEBUG - roll: 359.56 deg, practicalMoveTime: 0.6048264520556825 sec
2026-06-20 12:06:31,927 - mazeUtils.moveTile - [moveTile.py:1398] - DEBUG - moveTile loop time: 40.8 ms
2026-06-20 12:06:31,933 - picamera2.picamera2 - [picamera2.py:1391] - DEBUG - Execute job: <picamera2.job.Job object at 0x7f79a1a410>
2026-06-20 12:06:31,936 - mazeUtils.device.camera - [camera.py:39] - DEBUG - Average HSV: H=164.9, S=20.5, V=228.3
2026-06-20 12:06:31,968 - mazeUtils.moveTile - [moveTile.py:79] - DEBUG - roll: 358.47 deg, practicalMoveTime: 0.6457082874466405 sec
2026-06-20 12:06:31,969 - mazeUtils.moveTile - [moveTile.py:1398] - DEBUG - moveTile loop time: 41.2 ms
2026-06-20 12:06:31,976 - picamera2.picamera2 - [picamera2.py:1391] - DEBUG - Execute job: <picamera2.job.Job object at 0x7f5b8832d0>
2026-06-20 12:06:31,981 - mazeUtils.device.camera - [camera.py:39] - DEBUG - Average HSV: H=168.8, S=18.6, V=229.9
2026-06-20 12:06:32,009 - mazeUtils.moveTile - [moveTile.py:79] - DEBUG - roll: 359.41 deg, practicalMoveTime: 0.6859085352158074 sec
2026-06-20 12:06:32,009 - mazeUtils.moveTile - [moveTile.py:1398] - DEBUG - moveTile loop time: 40.4 ms
2026-06-20 12:06:32,017 - picamera2.picamera2 - [picamera2.py:1391] - DEBUG - Execute job: <picamera2.job.Job object at 0x7f79a1a410>
2026-06-20 12:06:32,020 - mazeUtils.device.camera - [camera.py:39] - DEBUG - Average HSV: H=166.7, S=17.3, V=230.5
2026-06-20 12:06:32,047 - mazeUtils.moveTile - [moveTile.py:79] - DEBUG - roll: 358.83000000000004 deg, practicalMoveTime: 0.7234025285136813 sec
2026-06-20 12:06:32,047 - mazeUtils.moveTile - [moveTile.py:1398] - DEBUG - moveTile loop time: 37.8 ms
2026-06-20 12:06:32,053 - picamera2.picamera2 - [picamera2.py:1391] - DEBUG - Execute job: <picamera2.job.Job object at 0x7f799ed9d0>
2026-06-20 12:06:32,057 - mazeUtils.device.camera - [camera.py:39] - DEBUG - Average HSV: H=165.8, S=16.5, V=230.6
2026-06-20 12:06:32,086 - mazeUtils.moveTile - [moveTile.py:79] - DEBUG - roll: 358.62 deg, practicalMoveTime: 0.7617052815188238 sec
2026-06-20 12:06:32,086 - mazeUtils.moveTile - [moveTile.py:1398] - DEBUG - moveTile loop time: 38.3 ms
2026-06-20 12:06:32,093 - picamera2.picamera2 - [picamera2.py:1391] - DEBUG - Execute job: <picamera2.job.Job object at 0x7f8b8e15d0>
2026-06-20 12:06:32,097 - mazeUtils.device.camera - [camera.py:39] - DEBUG - Average HSV: H=166.8, S=17.9, V=229.2
2026-06-20 12:06:32,124 - mazeUtils.moveTile - [moveTile.py:79] - DEBUG - roll: 359.48 deg, practicalMoveTime: 0.7992248601352487 sec
2026-06-20 12:06:32,124 - mazeUtils.moveTile - [moveTile.py:1398] - DEBUG - moveTile loop time: 37.8 ms
2026-06-20 12:06:32,133 - picamera2.picamera2 - [picamera2.py:1391] - DEBUG - Execute job: <picamera2.job.Job object at 0x7f5b883490>
2026-06-20 12:06:32,136 - mazeUtils.device.camera - [camera.py:39] - DEBUG - Average HSV: H=169.1, S=18.5, V=230.2
2026-06-20 12:06:32,163 - mazeUtils.moveTile - [moveTile.py:79] - DEBUG - roll: 358.5 deg, practicalMoveTime: 0.8380823515413831 sec
2026-06-20 12:06:32,164 - mazeUtils.moveTile - [moveTile.py:1398] - DEBUG - moveTile loop time: 39.1 ms
2026-06-20 12:06:32,175 - picamera2.picamera2 - [picamera2.py:1391] - DEBUG - Execute job: <picamera2.job.Job object at 0x7f7a922210>
2026-06-20 12:06:32,178 - mazeUtils.device.camera - [camera.py:39] - DEBUG - Average HSV: H=167.2, S=19.5, V=230.1
2026-06-20 12:06:32,211 - mazeUtils.moveTile - [moveTile.py:1344] - INFO - practicalVerticalMove: -0.5275753652935851 CM
2026-06-20 12:06:32,255 - mazeUtils.moveTile - [moveTile.py:1603] - INFO - Set moved vertical distance: -0.5275753652935851 cm, past distances: [(0, False), (0, False), (0, False)]
2026-06-20 12:06:32,303 - mazeUtils.moveTile - [moveTile.py:528] - DEBUG - Direction: absDirection.NORTH, Angle: 0, Distance: 31.990574055051685 cm
2026-06-20 12:06:32,304 - mazeUtils.moveTile - [moveTile.py:551] - DEBUG - Front LiDAR distance: 31.990574055051685 cm, TSD10 distance: 10.3 cm
2026-06-20 12:06:32,305 - mazeUtils.moveTile - [moveTile.py:528] - DEBUG - Direction: absDirection.EAST, Angle: 270, Distance: 15.681271653761453 cm
2026-06-20 12:06:32,305 - mazeUtils.moveTile - [moveTile.py:528] - DEBUG - Direction: absDirection.SOUTH, Angle: 180, Distance: 52.62580837205177 cm
2026-06-20 12:06:32,306 - mazeUtils.moveTile - [moveTile.py:528] - DEBUG - Direction: absDirection.WEST, Angle: 90, Distance: 138.8257167956422 cm
2026-06-20 12:06:32,308 - mazeUtils.moveTile - [moveTile.py:1724] - INFO - Tile color detection counts: {}, decided tile type: E
2026-06-20 12:06:32,364 - __main__ - [main.py:87] - INFO - Current position: (20, 19, 0), front direction: absDirection.NORTH
Layer 0 (altitude=0.0cm, offset=(0.0cm, 0.0cm)):
Known map area: x=20..20, y=19..20
+   +
  @ |
+   +
| S |
+---+
mazeAsGraph[0][19][20] = {absDirection.NORTH: (20, 18, 0, 30), absDirection.EAST: None, absDirection.SOUTH: (20, 20, 0, 30), absDirection.WEST: (19, 19, 0, 30)}
mazeAsGraph[0][20][20] = {absDirection.NORTH: (20, 19, 0, 30), absDirection.EAST: None, absDirection.SOUTH: None, absDirection.WEST: None}
2026-06-20 12:06:32,376 - mazeUtils.mazeMap - [mazeMap.py:61] - INFO - next goal: (20, 18, 0)
2026-06-20 12:06:32,382 - mazeUtils.moveTile - [moveTile.py:79] - DEBUG - Moving to absDirection.NORTH from (20, 19, 0) facing absDirection.NORTH
2026-06-20 12:06:32,409 - mazeUtils.moveTile - [moveTile.py:79] - DEBUG - current heading: 1.420000000000016 target: 0
2026-06-20 12:06:32,428 - mazeUtils.moveTile - [moveTile.py:403] - DEBUG - stopped turning at heading: 1.420000000000016, diff: 1.420000000000016
2026-06-20 12:06:32,483 - mazeUtils.moveTile - [moveTile.py:79] - DEBUG - Turned to heading: 0.6499999999999773 deg
2026-06-20 12:06:32,624 - picamera2.picamera2 - [picamera2.py:1391] - DEBUG - Execute job: <picamera2.job.Job object at 0x7f5b70f2d0>
2026-06-20 12:06:32,628 - mazeUtils.device.camera - [camera.py:39] - DEBUG - Average HSV: H=140.1, S=54.8, V=170.6
2026-06-20 12:06:32,654 - mazeUtils.moveTile - [moveTile.py:79] - DEBUG - roll: 357.81 deg, practicalMoveTime: 0.040683335041366724 sec
2026-06-20 12:06:32,655 - mazeUtils.moveTile - [moveTile.py:1398] - DEBUG - moveTile loop time: 40.7 ms
2026-06-20 12:06:32,660 - picamera2.picamera2 - [picamera2.py:1391] - DEBUG - Execute job: <picamera2.job.Job object at 0x7f5b70f310>
2026-06-20 12:06:32,663 - mazeUtils.device.camera - [camera.py:39] - DEBUG - Average HSV: H=138.1, S=59.0, V=171.3
2026-06-20 12:06:32,692 - mazeUtils.moveTile - [moveTile.py:79] - DEBUG - roll: 357.54 deg, practicalMoveTime: 0.07763631514681979 sec
2026-06-20 12:06:32,693 - mazeUtils.moveTile - [moveTile.py:1398] - DEBUG - moveTile loop time: 37.1 ms
2026-06-20 12:06:32,701 - picamera2.picamera2 - [picamera2.py:1391] - DEBUG - Execute job: <picamera2.job.Job object at 0x7f79997850>
2026-06-20 12:06:32,705 - mazeUtils.device.camera - [camera.py:39] - DEBUG - Average HSV: H=130.2, S=68.6, V=190.9
2026-06-20 12:06:32,735 - mazeUtils.moveTile - [moveTile.py:79] - DEBUG - roll: 358.51 deg, practicalMoveTime: 0.12017678178151964 sec
2026-06-20 12:06:32,736 - mazeUtils.moveTile - [moveTile.py:1398] - DEBUG - moveTile loop time: 43.0 ms
2026-06-20 12:06:32,743 - picamera2.picamera2 - [picamera2.py:1391] - DEBUG - Execute job: <picamera2.job.Job object at 0x7f5b70f2d0>
2026-06-20 12:06:32,746 - mazeUtils.device.camera - [camera.py:39] - DEBUG - Average HSV: H=133.2, S=15.8, V=227.4
2026-06-20 12:06:32,773 - mazeUtils.moveTile - [moveTile.py:79] - DEBUG - roll: 358.91 deg, practicalMoveTime: 0.15722914452943834 sec
2026-06-20 12:06:32,773 - mazeUtils.moveTile - [moveTile.py:1398] - DEBUG - moveTile loop time: 37.4 ms
2026-06-20 12:06:32,787 - picamera2.picamera2 - [picamera2.py:1391] - DEBUG - Execute job: <picamera2.job.Job object at 0x7f5b700150>
2026-06-20 12:06:32,792 - mazeUtils.device.camera - [camera.py:39] - DEBUG - Average HSV: H=8.2, S=52.0, V=209.8
2026-06-20 12:06:32,822 - mazeUtils.moveTile - [moveTile.py:79] - DEBUG - roll: 357.37 deg, practicalMoveTime: 0.20567383250746332 sec
2026-06-20 12:06:32,823 - mazeUtils.moveTile - [moveTile.py:1398] - DEBUG - moveTile loop time: 49.2 ms
2026-06-20 12:06:32,828 - picamera2.picamera2 - [picamera2.py:1391] - DEBUG - Execute job: <picamera2.job.Job object at 0x7f799e4690>
2026-06-20 12:06:32,832 - mazeUtils.device.camera - [camera.py:39] - DEBUG - Average HSV: H=163.4, S=45.9, V=117.7
2026-06-20 12:06:32,861 - mazeUtils.moveTile - [moveTile.py:79] - DEBUG - roll: 0.4300000000000068 deg, practicalMoveTime: 0.2436983792390797 sec
2026-06-20 12:06:32,862 - mazeUtils.moveTile - [moveTile.py:1398] - DEBUG - moveTile loop time: 38.0 ms
2026-06-20 12:06:32,868 - picamera2.picamera2 - [picamera2.py:1391] - DEBUG - Execute job: <picamera2.job.Job object at 0x7f9f03b610>
2026-06-20 12:06:32,872 - mazeUtils.device.camera - [camera.py:39] - DEBUG - Average HSV: H=123.0, S=98.7, V=200.2
2026-06-20 12:06:32,900 - mazeUtils.moveTile - [moveTile.py:79] - DEBUG - roll: 2.1000000000000227 deg, practicalMoveTime: 0.28234032687687405 sec
2026-06-20 12:06:32,901 - mazeUtils.moveTile - [moveTile.py:1398] - DEBUG - moveTile loop time: 39.0 ms
2026-06-20 12:06:32,908 - picamera2.picamera2 - [picamera2.py:1391] - DEBUG - Execute job: <picamera2.job.Job object at 0x7f799977d0>
2026-06-20 12:06:32,912 - mazeUtils.device.camera - [camera.py:39] - DEBUG - Average HSV: H=150.9, S=15.3, V=227.2
2026-06-20 12:06:32,942 - mazeUtils.moveTile - [moveTile.py:79] - DEBUG - roll: 6.3799999999999955 deg, practicalMoveTime: 0.32259369203578037 sec
2026-06-20 12:06:32,942 - mazeUtils.moveTile - [moveTile.py:1398] - DEBUG - moveTile loop time: 40.9 ms
2026-06-20 12:06:32,946 - picamera2.picamera2 - [picamera2.py:1391] - DEBUG - Execute job: <picamera2.job.Job object at 0x7f799e7510>
2026-06-20 12:06:32,949 - mazeUtils.device.camera - [camera.py:39] - DEBUG - Average HSV: H=150.3, S=39.1, V=159.8
2026-06-20 12:06:32,991 - mazeUtils.moveTile - [moveTile.py:79] - DEBUG - roll: 6.389999999999986 deg, practicalMoveTime: 0.3710616004567764 sec
2026-06-20 12:06:32,991 - mazeUtils.moveTile - [moveTile.py:1398] - DEBUG - moveTile loop time: 48.9 ms
2026-06-20 12:06:32,996 - picamera2.picamera2 - [picamera2.py:1391] - DEBUG - Execute job: <picamera2.job.Job object at 0x7f799e4690>
2026-06-20 12:06:33,001 - mazeUtils.device.camera - [camera.py:39] - DEBUG - Average HSV: H=129.0, S=40.0, V=217.5
2026-06-20 12:06:33,076 - mazeUtils.moveTile - [moveTile.py:1603] - INFO - Set moved vertical distance: 0.16691554768525146 cm, past distances: [(-0.5275753652935851, False), (0, False), (0, False)]
2026-06-20 12:06:33,103 - mazeUtils.moveTile - [moveTile.py:528] - DEBUG - Direction: absDirection.NORTH, Angle: 0, Distance: 128.26870225852508 cm
2026-06-20 12:06:33,103 - mazeUtils.moveTile - [moveTile.py:539] - DEBUG - Detected no wall at absDirection.NORTH due to high roll angle: 17.090000000000032 deg
2026-06-20 12:06:33,104 - mazeUtils.moveTile - [moveTile.py:528] - DEBUG - Direction: absDirection.EAST, Angle: 270, Distance: 15.895261685015289 cm
2026-06-20 12:06:33,105 - mazeUtils.moveTile - [moveTile.py:528] - DEBUG - Direction: absDirection.SOUTH, Angle: 180, Distance: 49.06903258421381 cm
2026-06-20 12:06:33,106 - mazeUtils.moveTile - [moveTile.py:528] - DEBUG - Direction: absDirection.WEST, Angle: 90, Distance: 51.02172118823552 cm
2026-06-20 12:06:33,110 - mazeUtils.moveTile - [moveTile.py:1724] - INFO - Tile color detection counts: {}, decided tile type: E
2026-06-20 12:06:33,170 - __main__ - [main.py:87] - INFO - Current position: (20, 18, 0), front direction: absDirection.NORTH
Layer 0 (altitude=0.0cm, offset=(0.0cm, 0.0cm)):
Known map area: x=20..20, y=18..20
+   +
  @ |
+   +
  E |
+   +
| S |
+---+
mazeAsGraph[0][18][20] = {absDirection.NORTH: (20, 17, 0, 30), absDirection.EAST: None, absDirection.SOUTH: (20, 19, 0, 30), absDirection.WEST: (19, 18, 0, 30)}
mazeAsGraph[0][19][20] = {absDirection.NORTH: (20, 18, 0, 30), absDirection.EAST: None, absDirection.SOUTH: (20, 20, 0, 30), absDirection.WEST: (19, 19, 0, 30)}
mazeAsGraph[0][20][20] = {absDirection.NORTH: (20, 19, 0, 30), absDirection.EAST: None, absDirection.SOUTH: None, absDirection.WEST: None}
2026-06-20 12:06:33,176 - mazeUtils.mazeMap - [mazeMap.py:61] - INFO - next goal: (20, 17, 0)
2026-06-20 12:06:33,183 - mazeUtils.moveTile - [moveTile.py:79] - DEBUG - Moving to absDirection.NORTH from (20, 18, 0) facing absDirection.NORTH
2026-06-20 12:06:33,207 - mazeUtils.moveTile - [moveTile.py:79] - DEBUG - current heading: 2.6399999999999864 target: 0
2026-06-20 12:06:33,229 - mazeUtils.moveTile - [moveTile.py:403] - DEBUG - stopped turning at heading: 2.6399999999999864, diff: 2.6399999999999864
2026-06-20 12:06:33,583 - mazeUtils.moveTile - [moveTile.py:79] - DEBUG - Turned to heading: 0.7300000000000182 deg
2026-06-20 12:06:33,715 - picamera2.picamera2 - [picamera2.py:1391] - DEBUG - Execute job: <picamera2.job.Job object at 0x7f799eda10>
2026-06-20 12:06:33,718 - mazeUtils.device.camera - [camera.py:39] - DEBUG - Average HSV: H=143.1, S=18.6, V=223.5
2026-06-20 12:06:33,744 - mazeUtils.moveTile - [moveTile.py:79] - DEBUG - roll: 17.350000000000023 deg, practicalMoveTime: 0.021980308229914963 sec
2026-06-20 12:06:33,744 - mazeUtils.moveTile - [moveTile.py:1398] - DEBUG - moveTile loop time: 32.8 ms
2026-06-20 12:06:33,751 - picamera2.picamera2 - [picamera2.py:1391] - DEBUG - Execute job: <picamera2.job.Job object at 0x7f799ed950>
2026-06-20 12:06:33,756 - mazeUtils.device.camera - [camera.py:39] - DEBUG - Average HSV: H=146.2, S=19.5, V=222.2
2026-06-20 12:06:33,786 - mazeUtils.moveTile - [moveTile.py:79] - DEBUG - roll: 17.930000000000007 deg, practicalMoveTime: 0.04964634288570999 sec
2026-06-20 12:06:33,786 - mazeUtils.moveTile - [moveTile.py:1398] - DEBUG - moveTile loop time: 41.8 ms
2026-06-20 12:06:33,790 - picamera2.picamera2 - [picamera2.py:1391] - DEBUG - Execute job: <picamera2.job.Job object at 0x7f799ee810>
2026-06-20 12:06:33,793 - mazeUtils.device.camera - [camera.py:39] - DEBUG - Average HSV: H=120.9, S=39.8, V=196.2
2026-06-20 12:06:33,821 - mazeUtils.moveTile - [moveTile.py:79] - DEBUG - roll: 19.930000000000007 deg, practicalMoveTime: 0.07261350561847665 sec
2026-06-20 12:06:33,821 - mazeUtils.moveTile - [moveTile.py:1398] - DEBUG - moveTile loop time: 35.1 ms
2026-06-20 12:06:33,832 - picamera2.picamera2 - [picamera2.py:1391] - DEBUG - Execute job: <picamera2.job.Job object at 0x7f92ba9e90>
2026-06-20 12:06:33,835 - mazeUtils.device.camera - [camera.py:39] - DEBUG - Average HSV: H=141.1, S=44.2, V=168.8
2026-06-20 12:06:33,863 - mazeUtils.moveTile - [moveTile.py:79] - DEBUG - roll: 22.25999999999999 deg, practicalMoveTime: 0.09954956656178096 sec
2026-06-20 12:06:33,863 - mazeUtils.moveTile - [moveTile.py:1398] - DEBUG - moveTile loop time: 41.8 ms
2026-06-20 12:06:33,868 - picamera2.picamera2 - [picamera2.py:1391] - DEBUG - Execute job: <picamera2.job.Job object at 0x7f799ede50>
2026-06-20 12:06:33,872 - mazeUtils.device.camera - [camera.py:39] - DEBUG - Average HSV: H=148.7, S=34.8, V=198.9
2026-06-20 12:06:33,903 - mazeUtils.moveTile - [moveTile.py:79] - DEBUG - roll: 27.319999999999993 deg, practicalMoveTime: 0.12414298319978213 sec
2026-06-20 12:06:33,903 - mazeUtils.moveTile - [moveTile.py:1398] - DEBUG - moveTile loop time: 39.9 ms
2026-06-20 12:06:33,913 - picamera2.picamera2 - [picamera2.py:1391] - DEBUG - Execute job: <picamera2.job.Job object at 0x7f799ede50>
2026-06-20 12:06:33,916 - mazeUtils.device.camera - [camera.py:39] - DEBUG - Average HSV: H=130.2, S=60.5, V=189.1
2026-06-20 12:06:33,946 - mazeUtils.moveTile - [moveTile.py:79] - DEBUG - roll: 27.69999999999999 deg, practicalMoveTime: 0.15032815331795762 sec
2026-06-20 12:06:33,946 - mazeUtils.moveTile - [moveTile.py:1398] - DEBUG - moveTile loop time: 42.5 ms
2026-06-20 12:06:33,951 - picamera2.picamera2 - [picamera2.py:1391] - DEBUG - Execute job: <picamera2.job.Job object at 0x7f93033890>
2026-06-20 12:06:33,954 - mazeUtils.device.camera - [camera.py:39] - DEBUG - Average HSV: H=132.9, S=50.6, V=187.0
2026-06-20 12:06:33,987 - mazeUtils.moveTile - [moveTile.py:79] - DEBUG - roll: 32.670000000000016 deg, practicalMoveTime: 0.17460964794161254 sec
2026-06-20 12:06:33,988 - mazeUtils.moveTile - [moveTile.py:1398] - DEBUG - moveTile loop time: 41.4 ms
2026-06-20 12:06:33,995 - picamera2.picamera2 - [picamera2.py:1391] - DEBUG - Execute job: <picamera2.job.Job object at 0x7f92ba9e90>
2026-06-20 12:06:33,998 - mazeUtils.device.camera - [camera.py:39] - DEBUG - Average HSV: H=127.6, S=57.6, V=193.0
2026-06-20 12:06:34,025 - mazeUtils.moveTile - [moveTile.py:79] - DEBUG - roll: 33.650000000000034 deg, practicalMoveTime: 0.19630813001274716 sec
2026-06-20 12:06:34,026 - mazeUtils.moveTile - [moveTile.py:1398] - DEBUG - moveTile loop time: 37.5 ms
2026-06-20 12:06:34,032 - picamera2.picamera2 - [picamera2.py:1391] - DEBUG - Execute job: <picamera2.job.Job object at 0x7f5b85b450>
2026-06-20 12:06:34,035 - mazeUtils.device.camera - [camera.py:39] - DEBUG - Average HSV: H=125.7, S=57.5, V=199.4
2026-06-20 12:06:34,066 - mazeUtils.moveTile - [moveTile.py:79] - DEBUG - roll: 33.85000000000002 deg, practicalMoveTime: 0.2197289509768402 sec
2026-06-20 12:06:34,066 - mazeUtils.moveTile - [moveTile.py:1398] - DEBUG - moveTile loop time: 40.6 ms
2026-06-20 12:06:34,072 - picamera2.picamera2 - [picamera2.py:1391] - DEBUG - Execute job: <picamera2.job.Job object at 0x7f92ba9e90>
2026-06-20 12:06:34,076 - mazeUtils.device.camera - [camera.py:39] - DEBUG - Average HSV: H=124.7, S=51.1, V=206.5
2026-06-20 12:06:34,105 - mazeUtils.moveTile - [moveTile.py:79] - DEBUG - roll: 34.59000000000003 deg, practicalMoveTime: 0.2418673748845584 sec
2026-06-20 12:06:34,105 - mazeUtils.moveTile - [moveTile.py:1398] - DEBUG - moveTile loop time: 38.7 ms
2026-06-20 12:06:34,110 - picamera2.picamera2 - [picamera2.py:1391] - DEBUG - Execute job: <picamera2.job.Job object at 0x7f799eda10>
2026-06-20 12:06:34,113 - mazeUtils.device.camera - [camera.py:39] - DEBUG - Average HSV: H=124.9, S=59.2, V=159.2
2026-06-20 12:06:34,146 - mazeUtils.moveTile - [moveTile.py:79] - DEBUG - roll: 35.77000000000004 deg, practicalMoveTime: 0.2649857199422197 sec
2026-06-20 12:06:34,146 - mazeUtils.moveTile - [moveTile.py:1398] - DEBUG - moveTile loop time: 40.9 ms
2026-06-20 12:06:34,150 - picamera2.picamera2 - [picamera2.py:1391] - DEBUG - Execute job: <picamera2.job.Job object at 0x7f799ed410>
2026-06-20 12:06:34,154 - mazeUtils.device.camera - [camera.py:39] - DEBUG - Average HSV: H=122.6, S=63.1, V=100.0
2026-06-20 12:06:34,179 - mazeUtils.moveTile - [moveTile.py:79] - DEBUG - roll: 34.5 deg, practicalMoveTime: 0.28389195402378736 sec
2026-06-20 12:06:34,180 - mazeUtils.moveTile - [moveTile.py:1398] - DEBUG - moveTile loop time: 33.0 ms
2026-06-20 12:06:34,185 - picamera2.picamera2 - [picamera2.py:1391] - DEBUG - Execute job: <picamera2.job.Job object at 0x7f799ed8d0>
2026-06-20 12:06:34,188 - mazeUtils.device.camera - [camera.py:39] - DEBUG - Average HSV: H=124.9, S=55.8, V=130.1
2026-06-20 12:06:34,223 - mazeUtils.moveTile - [moveTile.py:79] - DEBUG - roll: 33.44999999999999 deg, practicalMoveTime: 0.30934533012948884 sec
2026-06-20 12:06:34,224 - mazeUtils.moveTile - [moveTile.py:1398] - DEBUG - moveTile loop time: 43.9 ms
2026-06-20 12:06:34,229 - picamera2.picamera2 - [picamera2.py:1391] - DEBUG - Execute job: <picamera2.job.Job object at 0x7f799ec410>
2026-06-20 12:06:34,232 - mazeUtils.device.camera - [camera.py:39] - DEBUG - Average HSV: H=126.4, S=52.2, V=154.1
2026-06-20 12:06:34,260 - mazeUtils.moveTile - [moveTile.py:79] - DEBUG - roll: 30.560000000000002 deg, practicalMoveTime: 0.33116124977445816 sec
2026-06-20 12:06:34,261 - mazeUtils.moveTile - [moveTile.py:1398] - DEBUG - moveTile loop time: 36.4 ms
2026-06-20 12:06:34,265 - picamera2.picamera2 - [picamera2.py:1391] - DEBUG - Execute job: <picamera2.job.Job object at 0x7f799ed950>
2026-06-20 12:06:34,269 - mazeUtils.device.camera - [camera.py:39] - DEBUG - Average HSV: H=126.2, S=55.3, V=121.9
2026-06-20 12:06:34,299 - mazeUtils.moveTile - [moveTile.py:79] - DEBUG - roll: 31.460000000000036 deg, practicalMoveTime: 0.353940784121649 sec
2026-06-20 12:06:34,299 - mazeUtils.moveTile - [moveTile.py:1398] - DEBUG - moveTile loop time: 38.7 ms
2026-06-20 12:06:34,306 - picamera2.picamera2 - [picamera2.py:1391] - DEBUG - Execute job: <picamera2.job.Job object at 0x7f93033890>
2026-06-20 12:06:34,309 - mazeUtils.device.camera - [camera.py:39] - DEBUG - Average HSV: H=128.2, S=53.5, V=112.5
2026-06-20 12:06:34,337 - mazeUtils.moveTile - [moveTile.py:79] - DEBUG - roll: 32.210000000000036 deg, practicalMoveTime: 0.376325672291449 sec
2026-06-20 12:06:34,338 - mazeUtils.moveTile - [moveTile.py:1398] - DEBUG - moveTile loop time: 38.0 ms
2026-06-20 12:06:34,343 - picamera2.picamera2 - [picamera2.py:1391] - DEBUG - Execute job: <picamera2.job.Job object at 0x7f92ba8390>
2026-06-20 12:06:34,346 - mazeUtils.device.camera - [camera.py:39] - DEBUG - Average HSV: H=123.2, S=60.1, V=102.2
2026-06-20 12:06:34,380 - mazeUtils.moveTile - [moveTile.py:79] - DEBUG - roll: 32.870000000000005 deg, practicalMoveTime: 0.40124162365645827 sec
2026-06-20 12:06:34,381 - mazeUtils.moveTile - [moveTile.py:1398] - DEBUG - moveTile loop time: 42.7 ms
2026-06-20 12:06:34,386 - picamera2.picamera2 - [picamera2.py:1391] - DEBUG - Execute job: <picamera2.job.Job object at 0x7f93033890>
2026-06-20 12:06:34,389 - mazeUtils.device.camera - [camera.py:39] - DEBUG - Average HSV: H=122.7, S=63.0, V=100.6
2026-06-20 12:06:34,415 - mazeUtils.moveTile - [moveTile.py:79] - DEBUG - roll: 33.77000000000004 deg, practicalMoveTime: 0.421191446828316 sec
2026-06-20 12:06:34,415 - mazeUtils.moveTile - [moveTile.py:1398] - DEBUG - moveTile loop time: 34.5 ms
2026-06-20 12:06:34,424 - picamera2.picamera2 - [picamera2.py:1391] - DEBUG - Execute job: <picamera2.job.Job object at 0x7f799ede50>
2026-06-20 12:06:34,427 - mazeUtils.device.camera - [camera.py:39] - DEBUG - Average HSV: H=122.1, S=65.2, V=95.7
2026-06-20 12:06:34,460 - mazeUtils.moveTile - [moveTile.py:79] - DEBUG - roll: 32.19999999999999 deg, practicalMoveTime: 0.4477194754043673 sec
2026-06-20 12:06:34,461 - mazeUtils.moveTile - [moveTile.py:1398] - DEBUG - moveTile loop time: 45.1 ms
2026-06-20 12:06:34,466 - picamera2.picamera2 - [picamera2.py:1391] - DEBUG - Execute job: <picamera2.job.Job object at 0x7f93033890>
2026-06-20 12:06:34,469 - mazeUtils.device.camera - [camera.py:39] - DEBUG - Average HSV: H=124.1, S=61.0, V=100.3
2026-06-20 12:06:34,494 - mazeUtils.moveTile - [moveTile.py:79] - DEBUG - roll: 32.210000000000036 deg, practicalMoveTime: 0.4676466349110288 sec
2026-06-20 12:06:34,495 - mazeUtils.moveTile - [moveTile.py:1398] - DEBUG - moveTile loop time: 34.0 ms
2026-06-20 12:06:34,499 - picamera2.picamera2 - [picamera2.py:1391] - DEBUG - Execute job: <picamera2.job.Job object at 0x7f92ba9e90>
2026-06-20 12:06:34,502 - mazeUtils.device.camera - [camera.py:39] - DEBUG - Average HSV: H=123.7, S=62.5, V=100.0
2026-06-20 12:06:34,539 - mazeUtils.moveTile - [moveTile.py:79] - DEBUG - roll: 30.310000000000002 deg, practicalMoveTime: 0.4943112286544574 sec
2026-06-20 12:06:34,539 - mazeUtils.moveTile - [moveTile.py:1398] - DEBUG - moveTile loop time: 44.5 ms
2026-06-20 12:06:34,545 - picamera2.picamera2 - [picamera2.py:1391] - DEBUG - Execute job: <picamera2.job.Job object at 0x7f799ec090>
2026-06-20 12:06:34,548 - mazeUtils.device.camera - [camera.py:39] - DEBUG - Average HSV: H=124.6, S=62.4, V=102.6
2026-06-20 12:06:34,574 - mazeUtils.moveTile - [moveTile.py:79] - DEBUG - roll: 28.55000000000001 deg, practicalMoveTime: 0.5154792272017036 sec
2026-06-20 12:06:34,575 - mazeUtils.moveTile - [moveTile.py:1398] - DEBUG - moveTile loop time: 34.9 ms
2026-06-20 12:06:34,579 - picamera2.picamera2 - [picamera2.py:1391] - DEBUG - Execute job: <picamera2.job.Job object at 0x7f799ed950>
2026-06-20 12:06:34,582 - mazeUtils.device.camera - [camera.py:39] - DEBUG - Average HSV: H=127.7, S=56.4, V=114.3
2026-06-20 12:06:34,616 - mazeUtils.moveTile - [moveTile.py:79] - DEBUG - roll: 27.54000000000002 deg, practicalMoveTime: 0.5410400217943776 sec
2026-06-20 12:06:34,616 - mazeUtils.moveTile - [moveTile.py:1398] - DEBUG - moveTile loop time: 41.6 ms
2026-06-20 12:06:34,622 - picamera2.picamera2 - [picamera2.py:1391] - DEBUG - Execute job: <picamera2.job.Job object at 0x7f92ba9e90>
2026-06-20 12:06:34,625 - mazeUtils.device.camera - [camera.py:39] - DEBUG - Average HSV: H=131.6, S=50.5, V=124.8
2026-06-20 12:06:34,652 - mazeUtils.moveTile - [moveTile.py:79] - DEBUG - roll: 23.350000000000023 deg, practicalMoveTime: 0.5638983756540542 sec
2026-06-20 12:06:34,653 - mazeUtils.moveTile - [moveTile.py:1398] - DEBUG - moveTile loop time: 35.8 ms
2026-06-20 12:06:34,661 - picamera2.picamera2 - [picamera2.py:1391] - DEBUG - Execute job: <picamera2.job.Job object at 0x7f92ba8390>
2026-06-20 12:06:34,664 - mazeUtils.device.camera - [camera.py:39] - DEBUG - Average HSV: H=130.2, S=53.3, V=125.3
2026-06-20 12:06:34,697 - mazeUtils.moveTile - [moveTile.py:79] - DEBUG - roll: 24.55000000000001 deg, practicalMoveTime: 0.5921685470806585 sec
2026-06-20 12:06:34,697 - mazeUtils.moveTile - [moveTile.py:1398] - DEBUG - moveTile loop time: 44.6 ms
2026-06-20 12:06:34,703 - picamera2.picamera2 - [picamera2.py:1391] - DEBUG - Execute job: <picamera2.job.Job object at 0x7f5b85b450>
2026-06-20 12:06:34,707 - mazeUtils.device.camera - [camera.py:39] - DEBUG - Average HSV: H=136.3, S=49.0, V=119.2
2026-06-20 12:06:34,734 - mazeUtils.moveTile - [moveTile.py:79] - DEBUG - roll: 17.55000000000001 deg, practicalMoveTime: 0.6166429010376886 sec
2026-06-20 12:06:34,735 - mazeUtils.moveTile - [moveTile.py:1398] - DEBUG - moveTile loop time: 37.0 ms
2026-06-20 12:06:34,740 - picamera2.picamera2 - [picamera2.py:1391] - DEBUG - Execute job: <picamera2.job.Job object at 0x7f92ba9e90>
2026-06-20 12:06:34,742 - mazeUtils.device.camera - [camera.py:39] - DEBUG - Average HSV: H=148.4, S=45.0, V=120.9
2026-06-20 12:06:34,776 - mazeUtils.moveTile - [moveTile.py:79] - DEBUG - roll: 14.620000000000005 deg, practicalMoveTime: 0.644514483077111 sec
2026-06-20 12:06:34,776 - mazeUtils.moveTile - [moveTile.py:1398] - DEBUG - moveTile loop time: 41.4 ms
2026-06-20 12:06:34,782 - picamera2.picamera2 - [picamera2.py:1391] - DEBUG - Execute job: <picamera2.job.Job object at 0x7f5b85b450>
2026-06-20 12:06:34,785 - mazeUtils.device.camera - [camera.py:39] - DEBUG - Average HSV: H=155.0, S=45.2, V=124.9
2026-06-20 12:06:34,813 - mazeUtils.moveTile - [moveTile.py:79] - DEBUG - roll: 13.060000000000002 deg, practicalMoveTime: 0.6694866666184298 sec
2026-06-20 12:06:34,813 - mazeUtils.moveTile - [moveTile.py:1398] - DEBUG - moveTile loop time: 36.9 ms
2026-06-20 12:06:34,820 - picamera2.picamera2 - [picamera2.py:1391] - DEBUG - Execute job: <picamera2.job.Job object at 0x7f799ed410>
2026-06-20 12:06:34,823 - mazeUtils.device.camera - [camera.py:39] - DEBUG - Average HSV: H=167.1, S=42.0, V=137.9
2026-06-20 12:06:34,856 - mazeUtils.moveTile - [moveTile.py:79] - DEBUG - roll: 8.259999999999991 deg, practicalMoveTime: 0.711813838279379 sec
2026-06-20 12:06:34,857 - mazeUtils.moveTile - [moveTile.py:1398] - DEBUG - moveTile loop time: 43.0 ms
2026-06-20 12:06:34,860 - picamera2.picamera2 - [picamera2.py:1391] - DEBUG - Execute job: <picamera2.job.Job object at 0x7f799ec090>
2026-06-20 12:06:34,864 - mazeUtils.device.camera - [camera.py:39] - DEBUG - Average HSV: H=168.7, S=40.2, V=150.6
2026-06-20 12:06:34,892 - mazeUtils.moveTile - [moveTile.py:79] - DEBUG - roll: 5.810000000000002 deg, practicalMoveTime: 0.7471315261045781 sec
2026-06-20 12:06:34,893 - mazeUtils.moveTile - [moveTile.py:1398] - DEBUG - moveTile loop time: 35.9 ms
2026-06-20 12:06:34,898 - picamera2.picamera2 - [picamera2.py:1391] - DEBUG - Execute job: <picamera2.job.Job object at 0x7f93033890>
2026-06-20 12:06:34,901 - mazeUtils.device.camera - [camera.py:39] - DEBUG - Average HSV: H=168.8, S=40.1, V=152.7
2026-06-20 12:06:34,943 - mazeUtils.moveTile - [moveTile.py:79] - DEBUG - roll: 4.340000000000032 deg, practicalMoveTime: 0.7967670123524137 sec
2026-06-20 12:06:34,943 - mazeUtils.moveTile - [moveTile.py:1398] - DEBUG - moveTile loop time: 50.0 ms
2026-06-20 12:06:34,948 - picamera2.picamera2 - [picamera2.py:1391] - DEBUG - Execute job: <picamera2.job.Job object at 0x7f799ed950>
2026-06-20 12:06:34,951 - mazeUtils.device.camera - [camera.py:39] - DEBUG - Average HSV: H=167.0, S=38.1, V=159.4
2026-06-20 12:06:34,980 - mazeUtils.moveTile - [moveTile.py:79] - DEBUG - roll: 357.26 deg, practicalMoveTime: 0.8337518015031579 sec
2026-06-20 12:06:34,981 - mazeUtils.moveTile - [moveTile.py:1398] - DEBUG - moveTile loop time: 37.3 ms
2026-06-20 12:06:34,984 - picamera2.picamera2 - [picamera2.py:1391] - DEBUG - Execute job: <picamera2.job.Job object at 0x7f93033890>
2026-06-20 12:06:34,988 - mazeUtils.device.camera - [camera.py:39] - DEBUG - Average HSV: H=165.0, S=35.4, V=167.6
2026-06-20 12:06:35,012 - mazeUtils.moveTile - [moveTile.py:1344] - INFO - practicalVerticalMove: 13.666944063029902 CM
2026-06-20 12:06:35,063 - mazeUtils.moveTile - [moveTile.py:1603] - INFO - Set moved vertical distance: 13.666944063029902 cm, past distances: [(0.16691554768525146, False), (-0.5275753652935851, False), (0, False)]
2026-06-20 12:06:35,102 - mazeUtils.moveTile - [moveTile.py:528] - DEBUG - Direction: absDirection.NORTH, Angle: 0, Distance: 84.86551561537738 cm
2026-06-20 12:06:35,102 - mazeUtils.moveTile - [moveTile.py:539] - DEBUG - Detected no wall at absDirection.NORTH due to high roll angle: 341.99 deg
2026-06-20 12:06:35,103 - mazeUtils.moveTile - [moveTile.py:528] - DEBUG - Direction: absDirection.EAST, Angle: 270, Distance: 248.34199376654874 cm
2026-06-20 12:06:35,104 - mazeUtils.moveTile - [moveTile.py:528] - DEBUG - Direction: absDirection.SOUTH, Angle: 180, Distance: 183.65503419211072 cm
2026-06-20 12:06:35,105 - mazeUtils.moveTile - [moveTile.py:528] - DEBUG - Direction: absDirection.WEST, Angle: 90, Distance: 22.467555219232203 cm
2026-06-20 12:06:35,107 - mazeUtils.moveTile - [moveTile.py:1724] - INFO - Tile color detection counts: {}, decided tile type: E
2026-06-20 12:06:35,169 - __main__ - [main.py:87] - INFO - Current position: (20, 17, 0), front direction: absDirection.NORTH
Layer 0 (altitude=0.0cm, offset=(0.0cm, 0.0cm)):
Known map area: x=20..20, y=17..20
+   +
| @  
+   +
  E |
+   +
  E |
+   +
| S |
+---+
mazeAsGraph[0][17][20] = {absDirection.NORTH: (20, 16, 0, 30), absDirection.EAST: (21, 17, 0, 30), absDirection.SOUTH: (20, 18, 0, 30), absDirection.WEST: None}
mazeAsGraph[0][18][20] = {absDirection.NORTH: (20, 17, 0, 30), absDirection.EAST: None, absDirection.SOUTH: (20, 19, 0, 30), absDirection.WEST: (19, 18, 0, 30)}
mazeAsGraph[0][19][20] = {absDirection.NORTH: (20, 18, 0, 30), absDirection.EAST: None, absDirection.SOUTH: (20, 20, 0, 30), absDirection.WEST: (19, 19, 0, 30)}
mazeAsGraph[0][20][20] = {absDirection.NORTH: (20, 19, 0, 30), absDirection.EAST: None, absDirection.SOUTH: None, absDirection.WEST: None}
2026-06-20 12:06:35,175 - mazeUtils.mazeMap - [mazeMap.py:61] - INFO - next goal: (20, 16, 0)
2026-06-20 12:06:35,181 - mazeUtils.moveTile - [moveTile.py:79] - DEBUG - Moving to absDirection.NORTH from (20, 17, 0) facing absDirection.NORTH
2026-06-20 12:06:35,208 - mazeUtils.moveTile - [moveTile.py:79] - DEBUG - current heading: 359.0 target: 0
2026-06-20 12:06:35,227 - mazeUtils.moveTile - [moveTile.py:403] - DEBUG - stopped turning at heading: 359.0, diff: 1.0
2026-06-20 12:06:37,716 - mazeUtils.moveTile - [moveTile.py:79] - DEBUG - Turned to heading: 359.23 deg
2026-06-20 12:06:37,909 - picamera2.picamera2 - [picamera2.py:1391] - DEBUG - Execute job: <picamera2.job.Job object at 0x7f92ba9e90>
2026-06-20 12:06:37,913 - mazeUtils.device.camera - [camera.py:39] - DEBUG - Average HSV: H=120.3, S=110.1, V=111.1
2026-06-20 12:06:37,940 - mazeUtils.moveTile - [moveTile.py:79] - DEBUG - roll: 319.44 deg, practicalMoveTime: 0.030375838722691634 sec
2026-06-20 12:06:37,940 - mazeUtils.moveTile - [moveTile.py:1398] - DEBUG - moveTile loop time: 35.8 ms
2026-06-20 12:06:37,945 - picamera2.picamera2 - [picamera2.py:1391] - DEBUG - Execute job: <picamera2.job.Job object at 0x7f5b75bc50>
2026-06-20 12:06:37,949 - mazeUtils.device.camera - [camera.py:39] - DEBUG - Average HSV: H=120.4, S=109.8, V=111.1
2026-06-20 12:06:37,991 - mazeUtils.moveTile - [moveTile.py:79] - DEBUG - roll: 319.59000000000003 deg, practicalMoveTime: 0.07243889837890345 sec
2026-06-20 12:06:37,991 - mazeUtils.moveTile - [moveTile.py:1398] - DEBUG - moveTile loop time: 50.5 ms
2026-06-20 12:06:37,995 - picamera2.picamera2 - [picamera2.py:1391] - DEBUG - Execute job: <picamera2.job.Job object at 0x7f92ba9e90>
2026-06-20 12:06:37,998 - mazeUtils.device.camera - [camera.py:39] - DEBUG - Average HSV: H=120.2, S=110.2, V=110.4
2026-06-20 12:06:38,025 - mazeUtils.moveTile - [moveTile.py:79] - DEBUG - roll: 321.33000000000004 deg, practicalMoveTime: 0.10175547141549633 sec
2026-06-20 12:06:38,026 - mazeUtils.moveTile - [moveTile.py:1398] - DEBUG - moveTile loop time: 34.4 ms
2026-06-20 12:06:38,032 - picamera2.picamera2 - [picamera2.py:1391] - DEBUG - Execute job: <picamera2.job.Job object at 0x7f92ba8390>
2026-06-20 12:06:38,035 - mazeUtils.device.camera - [camera.py:39] - DEBUG - Average HSV: H=122.3, S=108.7, V=115.8
2026-06-20 12:06:38,063 - mazeUtils.moveTile - [moveTile.py:79] - DEBUG - roll: 321.77 deg, practicalMoveTime: 0.13410382496406495 sec
2026-06-20 12:06:38,064 - mazeUtils.moveTile - [moveTile.py:1398] - DEBUG - moveTile loop time: 37.9 ms
2026-06-20 12:06:38,070 - picamera2.picamera2 - [picamera2.py:1391] - DEBUG - Execute job: <picamera2.job.Job object at 0x7f92ba9e90>
2026-06-20 12:06:38,073 - mazeUtils.device.camera - [camera.py:39] - DEBUG - Average HSV: H=130.5, S=94.1, V=105.6
2026-06-20 12:06:38,100 - mazeUtils.moveTile - [moveTile.py:79] - DEBUG - roll: 323.52 deg, practicalMoveTime: 0.16627712663880137 sec
2026-06-20 12:06:38,101 - mazeUtils.moveTile - [moveTile.py:1398] - DEBUG - moveTile loop time: 36.6 ms
2026-06-20 12:06:38,109 - picamera2.picamera2 - [picamera2.py:1391] - DEBUG - Execute job: <picamera2.job.Job object at 0x7f7a908250>
2026-06-20 12:06:38,112 - mazeUtils.device.camera - [camera.py:39] - DEBUG - Average HSV: H=121.3, S=103.8, V=119.9
2026-06-20 12:06:38,141 - mazeUtils.moveTile - [moveTile.py:79] - DEBUG - roll: 322.66 deg, practicalMoveTime: 0.2012511713808689 sec
2026-06-20 12:06:38,141 - mazeUtils.moveTile - [moveTile.py:1398] - DEBUG - moveTile loop time: 40.3 ms
2026-06-20 12:06:38,147 - picamera2.picamera2 - [picamera2.py:1391] - DEBUG - Execute job: <picamera2.job.Job object at 0x7f92e79f50>
2026-06-20 12:06:38,150 - mazeUtils.device.camera - [camera.py:39] - DEBUG - Average HSV: H=121.1, S=106.3, V=112.3
2026-06-20 12:06:38,178 - mazeUtils.moveTile - [moveTile.py:79] - DEBUG - roll: 323.53000000000003 deg, practicalMoveTime: 0.23412417779454295 sec
2026-06-20 12:06:38,179 - mazeUtils.moveTile - [moveTile.py:1398] - DEBUG - moveTile loop time: 37.4 ms
2026-06-20 12:06:38,187 - picamera2.picamera2 - [picamera2.py:1391] - DEBUG - Execute job: <picamera2.job.Job object at 0x7f92e79f50>
2026-06-20 12:06:38,190 - mazeUtils.device.camera - [camera.py:39] - DEBUG - Average HSV: H=123.6, S=108.0, V=118.0
2026-06-20 12:06:38,228 - mazeUtils.moveTile - [moveTile.py:79] - DEBUG - roll: 323.48 deg, practicalMoveTime: 0.27730178532571964 sec
2026-06-20 12:06:38,228 - mazeUtils.moveTile - [moveTile.py:1398] - DEBUG - moveTile loop time: 49.1 ms
2026-06-20 12:06:38,240 - picamera2.picamera2 - [picamera2.py:1391] - DEBUG - Execute job: <picamera2.job.Job object at 0x7f7a908250>
2026-06-20 12:06:38,243 - mazeUtils.device.camera - [camera.py:39] - DEBUG - Average HSV: H=129.5, S=97.4, V=103.3
2026-06-20 12:06:38,274 - mazeUtils.moveTile - [moveTile.py:79] - DEBUG - roll: 323.21000000000004 deg, practicalMoveTime: 0.3172740234161502 sec
2026-06-20 12:06:38,274 - mazeUtils.moveTile - [moveTile.py:1398] - DEBUG - moveTile loop time: 45.5 ms
2026-06-20 12:06:38,283 - picamera2.picamera2 - [picamera2.py:1391] - DEBUG - Execute job: <picamera2.job.Job object at 0x7f88d43690>
2026-06-20 12:06:38,286 - mazeUtils.device.camera - [camera.py:39] - DEBUG - Average HSV: H=129.9, S=92.4, V=107.3
2026-06-20 12:06:38,316 - mazeUtils.moveTile - [moveTile.py:79] - DEBUG - roll: 326.70000000000005 deg, practicalMoveTime: 0.35629652328314837 sec
2026-06-20 12:06:38,317 - mazeUtils.moveTile - [moveTile.py:1398] - DEBUG - moveTile loop time: 43.1 ms
2026-06-20 12:06:38,322 - picamera2.picamera2 - [picamera2.py:1391] - DEBUG - Execute job: <picamera2.job.Job object at 0x7f92e79f50>
2026-06-20 12:06:38,326 - mazeUtils.device.camera - [camera.py:39] - DEBUG - Average HSV: H=131.8, S=81.2, V=110.3
2026-06-20 12:06:38,358 - mazeUtils.moveTile - [moveTile.py:79] - DEBUG - roll: 326.07 deg, practicalMoveTime: 0.3932922574837969 sec
2026-06-20 12:06:38,358 - mazeUtils.moveTile - [moveTile.py:1398] - DEBUG - moveTile loop time: 39.9 ms
2026-06-20 12:06:38,365 - picamera2.picamera2 - [picamera2.py:1391] - DEBUG - Execute job: <picamera2.job.Job object at 0x7f88d43690>
2026-06-20 12:06:38,368 - mazeUtils.device.camera - [camera.py:39] - DEBUG - Average HSV: H=133.2, S=85.5, V=77.2
2026-06-20 12:06:38,398 - mazeUtils.moveTile - [moveTile.py:79] - DEBUG - roll: 323.58000000000004 deg, practicalMoveTime: 0.42870328824582055 sec
2026-06-20 12:06:38,399 - mazeUtils.moveTile - [moveTile.py:1398] - DEBUG - moveTile loop time: 40.2 ms
2026-06-20 12:06:38,405 - picamera2.picamera2 - [picamera2.py:1391] - DEBUG - Execute job: <picamera2.job.Job object at 0x7f88d41d10>
2026-06-20 12:06:38,408 - mazeUtils.device.camera - [camera.py:39] - DEBUG - Average HSV: H=122.7, S=119.0, V=104.2
2026-06-20 12:06:38,440 - mazeUtils.moveTile - [moveTile.py:79] - DEBUG - roll: 323.21000000000004 deg, practicalMoveTime: 0.4651514736514465 sec
2026-06-20 12:06:38,441 - mazeUtils.moveTile - [moveTile.py:1398] - DEBUG - moveTile loop time: 41.8 ms
2026-06-20 12:06:38,448 - picamera2.picamera2 - [picamera2.py:1391] - DEBUG - Execute job: <picamera2.job.Job object at 0x7f92e79fd0>
2026-06-20 12:06:38,451 - mazeUtils.device.camera - [camera.py:39] - DEBUG - Average HSV: H=121.7, S=123.0, V=111.4
2026-06-20 12:06:38,481 - mazeUtils.moveTile - [moveTile.py:79] - DEBUG - roll: 324.54 deg, practicalMoveTime: 0.501357771950258 sec
2026-06-20 12:06:38,482 - mazeUtils.moveTile - [moveTile.py:1398] - DEBUG - moveTile loop time: 40.6 ms
2026-06-20 12:06:38,490 - picamera2.picamera2 - [picamera2.py:1391] - DEBUG - Execute job: <picamera2.job.Job object at 0x7f5b73ebd0>
2026-06-20 12:06:38,493 - mazeUtils.device.camera - [camera.py:39] - DEBUG - Average HSV: H=124.1, S=113.7, V=101.7
2026-06-20 12:06:38,521 - mazeUtils.moveTile - [moveTile.py:79] - DEBUG - roll: 326.23 deg, practicalMoveTime: 0.5369541247029599 sec
2026-06-20 12:06:38,521 - mazeUtils.moveTile - [moveTile.py:1398] - DEBUG - moveTile loop time: 39.2 ms
2026-06-20 12:06:38,526 - picamera2.picamera2 - [picamera2.py:1391] - DEBUG - Execute job: <picamera2.job.Job object at 0x7f5b73eb50>
2026-06-20 12:06:38,530 - mazeUtils.device.camera - [camera.py:39] - DEBUG - Average HSV: H=125.1, S=103.7, V=99.5
2026-06-20 12:06:38,561 - mazeUtils.moveTile - [moveTile.py:79] - DEBUG - roll: 327.53000000000003 deg, practicalMoveTime: 0.5742431816277715 sec
2026-06-20 12:06:38,562 - mazeUtils.moveTile - [moveTile.py:1398] - DEBUG - moveTile loop time: 40.1 ms
2026-06-20 12:06:38,568 - picamera2.picamera2 - [picamera2.py:1391] - DEBUG - Execute job: <picamera2.job.Job object at 0x7f92ba9e90>
2026-06-20 12:06:38,571 - mazeUtils.device.camera - [camera.py:39] - DEBUG - Average HSV: H=128.9, S=86.1, V=76.8
2026-06-20 12:06:38,601 - mazeUtils.moveTile - [moveTile.py:79] - DEBUG - roll: 327.43 deg, practicalMoveTime: 0.610151632806171 sec
2026-06-20 12:06:38,601 - mazeUtils.moveTile - [moveTile.py:1398] - DEBUG - moveTile loop time: 38.9 ms
2026-06-20 12:06:38,606 - picamera2.picamera2 - [picamera2.py:1391] - DEBUG - Execute job: <picamera2.job.Job object at 0x7f5b75bd10>
2026-06-20 12:06:38,609 - mazeUtils.device.camera - [camera.py:39] - DEBUG - Average HSV: H=131.5, S=75.6, V=72.9
2026-06-20 12:06:38,639 - mazeUtils.moveTile - [moveTile.py:79] - DEBUG - roll: 328.38 deg, practicalMoveTime: 0.6461337422038045 sec
2026-06-20 12:06:38,640 - mazeUtils.moveTile - [moveTile.py:1398] - DEBUG - moveTile loop time: 38.6 ms
2026-06-20 12:06:38,648 - picamera2.picamera2 - [picamera2.py:1391] - DEBUG - Execute job: <picamera2.job.Job object at 0x7f88d41d10>
2026-06-20 12:06:38,651 - mazeUtils.device.camera - [camera.py:39] - DEBUG - Average HSV: H=130.1, S=74.2, V=71.2
2026-06-20 12:06:38,682 - mazeUtils.moveTile - [moveTile.py:79] - DEBUG - roll: 332.62 deg, practicalMoveTime: 0.6873359742730205 sec
2026-06-20 12:06:38,682 - mazeUtils.moveTile - [moveTile.py:1398] - DEBUG - moveTile loop time: 42.3 ms
2026-06-20 12:06:38,691 - picamera2.picamera2 - [picamera2.py:1391] - DEBUG - Execute job: <picamera2.job.Job object at 0x7f93033890>
2026-06-20 12:06:38,694 - mazeUtils.device.camera - [camera.py:39] - DEBUG - Average HSV: H=130.7, S=75.0, V=76.4
2026-06-20 12:06:38,732 - mazeUtils.moveTile - [moveTile.py:79] - DEBUG - roll: 333.71000000000004 deg, practicalMoveTime: 0.7359558768692985 sec
2026-06-20 12:06:38,732 - mazeUtils.moveTile - [moveTile.py:1398] - DEBUG - moveTile loop time: 49.5 ms
2026-06-20 12:06:38,739 - picamera2.picamera2 - [picamera2.py:1391] - DEBUG - Execute job: <picamera2.job.Job object at 0x7f92e79f50>
2026-06-20 12:06:38,742 - mazeUtils.device.camera - [camera.py:39] - DEBUG - Average HSV: H=129.4, S=74.9, V=82.8
2026-06-20 12:06:38,783 - mazeUtils.moveTile - [moveTile.py:79] - DEBUG - roll: 338.49 deg, practicalMoveTime: 0.7873926938231753 sec
2026-06-20 12:06:38,783 - mazeUtils.moveTile - [moveTile.py:1398] - DEBUG - moveTile loop time: 50.5 ms
2026-06-20 12:06:38,789 - picamera2.picamera2 - [picamera2.py:1391] - DEBUG - Execute job: <picamera2.job.Job object at 0x7f88d43690>
2026-06-20 12:06:38,792 - mazeUtils.device.camera - [camera.py:39] - DEBUG - Average HSV: H=127.2, S=88.6, V=91.0
2026-06-20 12:06:38,819 - mazeUtils.moveTile - [moveTile.py:79] - DEBUG - roll: 343.79 deg, practicalMoveTime: 0.8246007031846923 sec
2026-06-20 12:06:38,819 - mazeUtils.moveTile - [moveTile.py:1398] - DEBUG - moveTile loop time: 35.2 ms
2026-06-20 12:06:38,825 - picamera2.picamera2 - [picamera2.py:1391] - DEBUG - Execute job: <picamera2.job.Job object at 0x7f92e79f50>
2026-06-20 12:06:38,830 - mazeUtils.device.camera - [camera.py:39] - DEBUG - Average HSV: H=125.8, S=95.2, V=99.1
2026-06-20 12:06:38,878 - picamera2.picamera2 - [picamera2.py:1391] - DEBUG - Execute job: <picamera2.job.Job object at 0x7f92e79f50>
2026-06-20 12:06:38,881 - mazeUtils.device.camera - [camera.py:39] - DEBUG - Average HSV: H=128.4, S=86.8, V=97.7
2026-06-20 12:06:38,911 - mazeUtils.moveTile - [moveTile.py:79] - DEBUG - roll: 346.99 deg, practicalMoveTime: 0.9229334046844165 sec
2026-06-20 12:06:38,911 - mazeUtils.moveTile - [moveTile.py:1398] - DEBUG - moveTile loop time: 45.5 ms
2026-06-20 12:06:38,920 - picamera2.picamera2 - [picamera2.py:1391] - DEBUG - Execute job: <picamera2.job.Job object at 0x7f92e79fd0>
2026-06-20 12:06:38,923 - mazeUtils.device.camera - [camera.py:39] - DEBUG - Average HSV: H=127.5, S=91.8, V=100.5
2026-06-20 12:06:38,954 - mazeUtils.moveTile - [moveTile.py:79] - DEBUG - roll: 349.19 deg, practicalMoveTime: 0.9686508307191805 sec
2026-06-20 12:06:38,954 - mazeUtils.moveTile - [moveTile.py:1398] - DEBUG - moveTile loop time: 42.5 ms
2026-06-20 12:06:38,960 - picamera2.picamera2 - [picamera2.py:1391] - DEBUG - Execute job: <picamera2.job.Job object at 0x7f92e79f50>
2026-06-20 12:06:38,963 - mazeUtils.device.camera - [camera.py:39] - DEBUG - Average HSV: H=131.7, S=77.8, V=113.2
2026-06-20 12:06:38,995 - mazeUtils.moveTile - [moveTile.py:79] - DEBUG - roll: 354.15000000000003 deg, practicalMoveTime: 1.0091774897441266 sec
2026-06-20 12:06:38,995 - mazeUtils.moveTile - [moveTile.py:1398] - DEBUG - moveTile loop time: 40.9 ms
2026-06-20 12:06:39,001 - picamera2.picamera2 - [picamera2.py:1391] - DEBUG - Execute job: <picamera2.job.Job object at 0x7f7a908610>
2026-06-20 12:06:39,005 - mazeUtils.device.camera - [camera.py:39] - DEBUG - Average HSV: H=128.8, S=86.9, V=118.6
2026-06-20 12:06:39,049 - mazeUtils.moveTile - [moveTile.py:79] - DEBUG - roll: 352.96000000000004 deg, practicalMoveTime: 1.062241901153623 sec
2026-06-20 12:06:39,049 - mazeUtils.moveTile - [moveTile.py:1398] - DEBUG - moveTile loop time: 53.7 ms
2026-06-20 12:06:39,056 - picamera2.picamera2 - [picamera2.py:1391] - DEBUG - Execute job: <picamera2.job.Job object at 0x7f88d41d10>
2026-06-20 12:06:39,059 - mazeUtils.device.camera - [camera.py:39] - DEBUG - Average HSV: H=134.6, S=110.0, V=57.8
2026-06-20 12:06:39,131 - mazeUtils.moveTile - [moveTile.py:79] - DEBUG - Little forward to adjust position
2026-06-20 12:06:40,100 - mazeUtils.moveTile - [moveTile.py:1517] - INFO - Set slope for tile at absDirection.NORTH, horizontal: 30 cm, vertical: -15 cm based on roll 343.01 deg
2026-06-20 12:06:40,188 - mazeUtils.moveTile - [moveTile.py:528] - DEBUG - Direction: absDirection.NORTH, Angle: 0, Distance: 11.67628493794411 cm
2026-06-20 12:06:40,188 - mazeUtils.moveTile - [moveTile.py:551] - DEBUG - Front LiDAR distance: 11.67628493794411 cm, TSD10 distance: 1.6 cm
2026-06-20 12:06:40,189 - mazeUtils.moveTile - [moveTile.py:528] - DEBUG - Direction: absDirection.EAST, Angle: 270, Distance: 203.64614318700097 cm
2026-06-20 12:06:40,190 - mazeUtils.moveTile - [moveTile.py:528] - DEBUG - Direction: absDirection.SOUTH, Angle: 180, Distance: 47.094156150744595 cm
2026-06-20 12:06:40,191 - mazeUtils.moveTile - [moveTile.py:528] - DEBUG - Direction: absDirection.WEST, Angle: 90, Distance: 72.09588711829264 cm
2026-06-20 12:06:40,196 - mazeUtils.moveTile - [moveTile.py:1724] - INFO - Tile color detection counts: {}, decided tile type: B
2026-06-20 12:06:40,268 - __main__ - [main.py:87] - INFO - Current position: (20, 17, 1), front direction: absDirection.NORTH
Layer 0 (altitude=0.0cm, offset=(0.0cm, 0.0cm)):
Known map area: x=20..20, y=17..20
+   +
| E  
+   +
  E |
+   +
  E |
+   +
| S |
+---+
Layer 1 (altitude=-15.0cm, offset=(0.0cm, -60.0cm)):
Known map area: x=20..20, y=17..17
+---+
  @  
+   +
mazeAsGraph[0][17][20] = {absDirection.NORTH: (20, 17, 1, 60), absDirection.EAST: (21, 17, 0, 30), absDirection.SOUTH: (20, 18, 0, 30), absDirection.WEST: None}
mazeAsGraph[0][18][20] = {absDirection.NORTH: (20, 17, 0, 30), absDirection.EAST: None, absDirection.SOUTH: (20, 19, 0, 30), absDirection.WEST: (19, 18, 0, 30)}
mazeAsGraph[0][19][20] = {absDirection.NORTH: (20, 18, 0, 30), absDirection.EAST: None, absDirection.SOUTH: (20, 20, 0, 30), absDirection.WEST: (19, 19, 0, 30)}
mazeAsGraph[0][20][20] = {absDirection.NORTH: (20, 19, 0, 30), absDirection.EAST: None, absDirection.SOUTH: None, absDirection.WEST: None}
mazeAsGraph[1][17][20] = {absDirection.NORTH: None, absDirection.EAST: (21, 17, 1, 30), absDirection.SOUTH: (20, 17, 0, 60), absDirection.WEST: (19, 17, 1, 30)}
2026-06-20 12:06:40,275 - mazeUtils.mazeMap - [mazeMap.py:61] - INFO - next goal: (21, 17, 1)
2026-06-20 12:06:40,282 - mazeUtils.moveTile - [moveTile.py:79] - DEBUG - Moving to absDirection.EAST from (20, 17, 1) facing absDirection.NORTH
2026-06-20 12:06:40,290 - mazeUtils.moveTile - [moveTile.py:79] - DEBUG - Turning to 270 deg, current heading: 324.71 deg, turnAngle: 54.70999999999998 deg
2026-06-20 12:06:40,318 - mazeUtils.moveTile - [moveTile.py:79] - DEBUG - gyro:325.01 deg, derivative: 0.30000000000001137, turnSpeed: 100
2026-06-20 12:06:40,342 - mazeUtils.moveTile - [moveTile.py:79] - DEBUG - gyro:325.58 deg, derivative: 0.5699999999999932, turnSpeed: 100
2026-06-20 12:06:40,369 - mazeUtils.moveTile - [moveTile.py:79] - DEBUG - gyro:327.62 deg, derivative: 2.0400000000000205, turnSpeed: 100
2026-06-20 12:06:40,395 - mazeUtils.moveTile - [moveTile.py:79] - DEBUG - gyro:329.43 deg, derivative: 1.8100000000000023, turnSpeed: 100
2026-06-20 12:06:40,419 - mazeUtils.moveTile - [moveTile.py:79] - DEBUG - gyro:331.33 deg, derivative: 1.8999999999999773, turnSpeed: 100
2026-06-20 12:06:40,442 - mazeUtils.moveTile - [moveTile.py:79] - DEBUG - gyro:333.04 deg, derivative: 1.7100000000000364, turnSpeed: 100
2026-06-20 12:06:40,466 - mazeUtils.moveTile - [moveTile.py:79] - DEBUG - gyro:334.43 deg, derivative: 1.3899999999999864, turnSpeed: 100
2026-06-20 12:06:40,491 - mazeUtils.moveTile - [moveTile.py:79] - DEBUG - gyro:335.85 deg, derivative: 1.420000000000016, turnSpeed: 100
2026-06-20 12:06:40,516 - mazeUtils.moveTile - [moveTile.py:79] - DEBUG - gyro:336.52 deg, derivative: 0.6699999999999591, turnSpeed: 100
2026-06-20 12:06:40,540 - mazeUtils.moveTile - [moveTile.py:79] - DEBUG - gyro:337.19 deg, derivative: 0.6700000000000159, turnSpeed: 100
2026-06-20 12:06:40,563 - mazeUtils.moveTile - [moveTile.py:79] - DEBUG - gyro:337.67 deg, derivative: 0.4800000000000182, turnSpeed: 100
2026-06-20 12:06:40,590 - mazeUtils.moveTile - [moveTile.py:79] - DEBUG - gyro:337.91 deg, derivative: 0.2400000000000091, turnSpeed: 100
2026-06-20 12:06:40,615 - mazeUtils.moveTile - [moveTile.py:79] - DEBUG - gyro:338.03 deg, derivative: 0.1199999999999477, turnSpeed: 100
2026-06-20 12:06:40,639 - mazeUtils.moveTile - [moveTile.py:79] - DEBUG - gyro:338.13 deg, derivative: 0.10000000000002274, turnSpeed: 100
2026-06-20 12:06:40,667 - mazeUtils.moveTile - [moveTile.py:79] - DEBUG - gyro:338.27 deg, derivative: 0.13999999999998636, turnSpeed: 100
2026-06-20 12:06:40,690 - mazeUtils.moveTile - [moveTile.py:79] - DEBUG - gyro:338.53 deg, derivative: 0.2599999999999909, turnSpeed: 100
2026-06-20 12:06:40,718 - mazeUtils.moveTile - [moveTile.py:79] - DEBUG - gyro:338.98 deg, derivative: 0.4500000000000455, turnSpeed: 100
2026-06-20 12:06:40,748 - mazeUtils.moveTile - [moveTile.py:79] - DEBUG - gyro:339.31 deg, derivative: 0.3299999999999841, turnSpeed: 100
2026-06-20 12:06:40,776 - mazeUtils.moveTile - [moveTile.py:79] - DEBUG - gyro:339.88 deg, derivative: 0.5699999999999932, turnSpeed: 100
2026-06-20 12:06:40,802 - mazeUtils.moveTile - [moveTile.py:79] - DEBUG - gyro:340.75 deg, derivative: 0.8700000000000045, turnSpeed: 100
2026-06-20 12:06:40,828 - mazeUtils.moveTile - [moveTile.py:79] - DEBUG - gyro:341.32 deg, derivative: 0.5699999999999932, turnSpeed: 100
2026-06-20 12:06:40,852 - mazeUtils.moveTile - [moveTile.py:79] - DEBUG - gyro:342.05 deg, derivative: 0.7300000000000182, turnSpeed: 100
2026-06-20 12:06:40,879 - mazeUtils.moveTile - [moveTile.py:79] - DEBUG - gyro:342.85 deg, derivative: 0.8000000000000114, turnSpeed: 100
2026-06-20 12:06:40,902 - mazeUtils.moveTile - [moveTile.py:79] - DEBUG - gyro:343.42 deg, derivative: 0.5699999999999932, turnSpeed: 100
2026-06-20 12:06:40,937 - mazeUtils.moveTile - [moveTile.py:79] - DEBUG - gyro:343.99 deg, derivative: 0.5699999999999932, turnSpeed: 100
2026-06-20 12:06:40,959 - mazeUtils.moveTile - [moveTile.py:79] - DEBUG - gyro:344.74 deg, derivative: 0.75, turnSpeed: 100
2026-06-20 12:06:40,997 - mazeUtils.moveTile - [moveTile.py:79] - DEBUG - gyro:345.56 deg, derivative: 0.8199999999999932, turnSpeed: 100
2026-06-20 12:06:41,021 - mazeUtils.moveTile - [moveTile.py:79] - DEBUG - gyro:346.54 deg, derivative: 0.9800000000000182, turnSpeed: 100
2026-06-20 12:06:41,048 - mazeUtils.moveTile - [moveTile.py:79] - DEBUG - gyro:347.45 deg, derivative: 0.9099999999999682, turnSpeed: 100
2026-06-20 12:06:41,072 - mazeUtils.moveTile - [moveTile.py:79] - DEBUG - gyro:348.07 deg, derivative: 0.6200000000000045, turnSpeed: 100
2026-06-20 12:06:41,101 - mazeUtils.moveTile - [moveTile.py:79] - DEBUG - gyro:348.37 deg, derivative: 0.30000000000001137, turnSpeed: 100
2026-06-20 12:06:41,196 - mazeUtils.moveTile - [moveTile.py:79] - DEBUG - Little backward to adjust position
2026-06-20 12:06:41,292 - __main__ - [main.py:87] - INFO - Current position: (20, 17, 1), front direction: absDirection.EAST
Layer 0 (altitude=0.0cm, offset=(0.0cm, 0.0cm)):
Known map area: x=20..20, y=17..20
+   +
| E  
+   +
  E |
+   +
  E |
+   +
| S |
+---+
Layer 1 (altitude=-15.0cm, offset=(0.0cm, -60.0cm)):
Known map area: x=20..20, y=17..17
+---+
  @  
+   +
mazeAsGraph[0][17][20] = {absDirection.NORTH: (20, 17, 1, 60), absDirection.EAST: (21, 17, 0, 30), absDirection.SOUTH: (20, 18, 0, 30), absDirection.WEST: None}
mazeAsGraph[0][18][20] = {absDirection.NORTH: (20, 17, 0, 30), absDirection.EAST: None, absDirection.SOUTH: (20, 19, 0, 30), absDirection.WEST: (19, 18, 0, 30)}
mazeAsGraph[0][19][20] = {absDirection.NORTH: (20, 18, 0, 30), absDirection.EAST: None, absDirection.SOUTH: (20, 20, 0, 30), absDirection.WEST: (19, 19, 0, 30)}
mazeAsGraph[0][20][20] = {absDirection.NORTH: (20, 19, 0, 30), absDirection.EAST: None, absDirection.SOUTH: None, absDirection.WEST: None}
mazeAsGraph[1][17][20] = {absDirection.NORTH: None, absDirection.EAST: (21, 17, 1, 30), absDirection.SOUTH: (20, 17, 0, 60), absDirection.WEST: (19, 17, 1, 30)}
2026-06-20 12:07:32,874 - __main__ - [main.py:147] - INFO - Program interrupted by user.
2026-06-20 12:07:33,928 - mazeUtils.device.stm - [stm.py:216] - DEBUG - ACK resynchronized: type=STS_MOTOR dropped=8B seq=104
2026-06-20 12:07:34,433 - picamera2.picamera2 - [picamera2.py:1391] - DEBUG - Execute job: <picamera2.job.Job object at 0x7f9f2e6d90>
2026-06-20 12:07:34,453 - picamera2.picamera2 - [picamera2.py:1323] - INFO - Camera stopped
2026-06-20 12:07:34,654 - picamera2.picamera2 - [picamera2.py:1329] - DEBUG - Camera was not started
2026-06-20 12:07:34,857 - picamera2.picamera2 - [picamera2.py:723] - INFO - Camera closed successfully.
2026-06-20 12:07:35,036 - picamera2.picamera2 - [picamera2.py:500] - DEBUG - Resources now free: <picamera2.picamera2.Picamera2 object at 0x7f799cbf50>
