2026-06-01 21:27:40,312 - root - [logging_config.py:61] - INFO - Logging initialized. Log file: /home/tuton/Kanto2026RPi/src/config/../logs/robot_20260601_212739.log
2026-06-01 21:27:41,828 - mazeUtils.device.LiDAR - [LiDAR.py:36] - INFO - Available ports: <ydlidar.Str2strMap; proxy of <Swig Object of type 'std::map< std::string,std::string > *' at 0x7f7b3bf630> >
2026-06-01 21:27:45,913 - mazeUtils.moveTile - [moveTile.py:512] - DEBUG - Direction: absDirection.NORTH, Angle: 0, Distance: 29.381903744358915 cm
2026-06-01 21:27:45,914 - mazeUtils.moveTile - [moveTile.py:541] - DEBUG - Detected ramp at absDirection.NORTH due to TSD10 distance: 0 mm
2026-06-01 21:27:45,915 - mazeUtils.moveTile - [moveTile.py:512] - DEBUG - Direction: absDirection.EAST, Angle: 270, Distance: 47.90585906870233 cm
2026-06-01 21:27:45,917 - mazeUtils.moveTile - [moveTile.py:512] - DEBUG - Direction: absDirection.SOUTH, Angle: 180, Distance: 24.49753710831588 cm
2026-06-01 21:27:45,918 - mazeUtils.moveTile - [moveTile.py:512] - DEBUG - Direction: absDirection.WEST, Angle: 90, Distance: 18.416661239443055 cm
2026-06-01 21:27:46,910 - __main__ - [main.py:69] - INFO - Initial Map:
2026-06-01 21:27:46,918 - __main__ - [main.py:70] - INFO - Current position: (20, 20, 0), front direction: absDirection.NORTH
Layer 0 (altitude=0.0cm, offset=(0.0cm, 0.0cm)):
Known map area: x=20..20, y=20..20
+   +
| @  
+---+
2026-06-01 21:27:46,919 - mazeUtils.mazeMap - [mazeMap.py:61] - INFO - next goal: (20, 19, 0)
2026-06-01 21:27:46,919 - __main__ - [main.py:73] - INFO - Next Direction: [<absDirection.NORTH: 0>]
2026-06-01 21:27:46,920 - __main__ - [main.py:74] - INFO - Exploration started.
2026-06-01 21:27:46,920 - mazeUtils.mazeMap - [mazeMap.py:61] - INFO - next goal: (20, 19, 0)
2026-06-01 21:27:46,931 - mazeUtils.moveTile - [moveTile.py:80] - DEBUG - Moving to absDirection.NORTH from (20, 20, 0) facing absDirection.NORTH
2026-06-01 21:27:47,069 - picamera2.picamera2 - [picamera2.py:1391] - DEBUG - Execute job: <picamera2.job.Job object at 0x7f620ff2d0>
2026-06-01 21:27:47,076 - mazeUtils.device.camera - [camera.py:37] - DEBUG - Average HSV: H=122.5, S=138.4, V=124.5
2026-06-01 21:27:47,128 - mazeUtils.moveTile - [moveTile.py:80] - DEBUG - roll: 0.040000000000020464 deg, practicalMoveTime: 0.05612550798240236 sec
2026-06-01 21:27:47,128 - mazeUtils.moveTile - [moveTile.py:1049] - DEBUG - moveTile loop time: 64.4 ms
2026-06-01 21:27:47,132 - picamera2.picamera2 - [picamera2.py:1391] - DEBUG - Execute job: <picamera2.job.Job object at 0x7f7408bf50>
2026-06-01 21:27:47,137 - mazeUtils.device.camera - [camera.py:37] - DEBUG - Average HSV: H=122.8, S=131.4, V=135.6
2026-06-01 21:27:47,185 - mazeUtils.moveTile - [moveTile.py:80] - DEBUG - roll: 358.77 deg, practicalMoveTime: 0.11319524646399105 sec
2026-06-01 21:27:47,186 - mazeUtils.moveTile - [moveTile.py:1049] - DEBUG - moveTile loop time: 57.4 ms
2026-06-01 21:27:47,192 - picamera2.picamera2 - [picamera2.py:1391] - DEBUG - Execute job: <picamera2.job.Job object at 0x7f620fd990>
2026-06-01 21:27:47,196 - mazeUtils.device.camera - [camera.py:37] - DEBUG - Average HSV: H=113.7, S=35.0, V=137.7
2026-06-01 21:27:47,245 - mazeUtils.moveTile - [moveTile.py:80] - DEBUG - roll: 359.45 deg, practicalMoveTime: 0.17204186981356806 sec
2026-06-01 21:27:47,245 - mazeUtils.moveTile - [moveTile.py:1049] - DEBUG - moveTile loop time: 59.3 ms
2026-06-01 21:27:47,250 - picamera2.picamera2 - [picamera2.py:1391] - DEBUG - Execute job: <picamera2.job.Job object at 0x7f585b9150>
2026-06-01 21:27:47,254 - mazeUtils.device.camera - [camera.py:37] - DEBUG - Average HSV: H=10.8, S=123.3, V=76.0
2026-06-01 21:27:47,303 - mazeUtils.moveTile - [moveTile.py:80] - DEBUG - roll: 359.58 deg, practicalMoveTime: 0.22987184184870477 sec
2026-06-01 21:27:47,304 - mazeUtils.moveTile - [moveTile.py:1049] - DEBUG - moveTile loop time: 58.0 ms
2026-06-01 21:27:47,308 - picamera2.picamera2 - [picamera2.py:1391] - DEBUG - Execute job: <picamera2.job.Job object at 0x7f6213e410>
2026-06-01 21:27:47,311 - mazeUtils.device.camera - [camera.py:37] - DEBUG - Average HSV: H=13.8, S=116.1, V=65.0
2026-06-01 21:27:47,358 - mazeUtils.moveTile - [moveTile.py:80] - DEBUG - roll: 0.5500000000000114 deg, practicalMoveTime: 0.27618749978642493 sec
2026-06-01 21:27:47,359 - mazeUtils.moveTile - [moveTile.py:1049] - DEBUG - moveTile loop time: 54.8 ms
2026-06-01 21:27:47,365 - picamera2.picamera2 - [picamera2.py:1391] - DEBUG - Execute job: <picamera2.job.Job object at 0x7f583d2310>
2026-06-01 21:27:47,368 - mazeUtils.device.camera - [camera.py:37] - DEBUG - Average HSV: H=143.1, S=39.5, V=140.7
2026-06-01 21:27:47,417 - mazeUtils.moveTile - [moveTile.py:80] - DEBUG - roll: 5.3799999999999955 deg, practicalMoveTime: 0.32585147297043787 sec
2026-06-01 21:27:47,418 - mazeUtils.moveTile - [moveTile.py:1049] - DEBUG - moveTile loop time: 59.0 ms
2026-06-01 21:27:47,424 - picamera2.picamera2 - [picamera2.py:1391] - DEBUG - Execute job: <picamera2.job.Job object at 0x7f6213e410>
2026-06-01 21:27:47,427 - mazeUtils.device.camera - [camera.py:37] - DEBUG - Average HSV: H=37.9, S=87.4, V=63.4
2026-06-01 21:27:47,475 - mazeUtils.moveTile - [moveTile.py:80] - DEBUG - roll: 8.279999999999973 deg, practicalMoveTime: 0.37420327255974695 sec
2026-06-01 21:27:47,476 - mazeUtils.moveTile - [moveTile.py:1049] - DEBUG - moveTile loop time: 58.0 ms
2026-06-01 21:27:47,481 - picamera2.picamera2 - [picamera2.py:1391] - DEBUG - Execute job: <picamera2.job.Job object at 0x7f620ff2d0>
2026-06-01 21:27:47,484 - mazeUtils.device.camera - [camera.py:37] - DEBUG - Average HSV: H=155.6, S=49.1, V=67.6
2026-06-01 21:27:47,534 - mazeUtils.moveTile - [moveTile.py:80] - DEBUG - roll: 10.939999999999998 deg, practicalMoveTime: 0.4225473004627939 sec
2026-06-01 21:27:47,534 - mazeUtils.moveTile - [moveTile.py:1049] - DEBUG - moveTile loop time: 58.1 ms
2026-06-01 21:27:47,539 - picamera2.picamera2 - [picamera2.py:1391] - DEBUG - Execute job: <picamera2.job.Job object at 0x7f620ff2d0>
2026-06-01 21:27:47,542 - mazeUtils.device.camera - [camera.py:37] - DEBUG - Average HSV: H=10.1, S=92.7, V=126.0
2026-06-01 21:27:47,591 - mazeUtils.moveTile - [moveTile.py:80] - DEBUG - roll: 13.569999999999993 deg, practicalMoveTime: 0.4695353708997109 sec
2026-06-01 21:27:47,592 - mazeUtils.moveTile - [moveTile.py:1049] - DEBUG - moveTile loop time: 57.3 ms
2026-06-01 21:27:47,597 - picamera2.picamera2 - [picamera2.py:1391] - DEBUG - Execute job: <picamera2.job.Job object at 0x7f583d21d0>
2026-06-01 21:27:47,600 - mazeUtils.device.camera - [camera.py:37] - DEBUG - Average HSV: H=23.8, S=68.6, V=86.6
2026-06-01 21:27:47,655 - mazeUtils.moveTile - [moveTile.py:80] - DEBUG - roll: 17.529999999999973 deg, practicalMoveTime: 0.5206440514965271 sec
2026-06-01 21:27:47,655 - mazeUtils.moveTile - [moveTile.py:1049] - DEBUG - moveTile loop time: 63.4 ms
2026-06-01 21:27:47,659 - picamera2.picamera2 - [picamera2.py:1391] - DEBUG - Execute job: <picamera2.job.Job object at 0x7f583b93d0>
2026-06-01 21:27:47,663 - mazeUtils.device.camera - [camera.py:37] - DEBUG - Average HSV: H=94.0, S=45.3, V=148.5
2026-06-01 21:27:47,712 - mazeUtils.moveTile - [moveTile.py:80] - DEBUG - roll: 19.930000000000007 deg, practicalMoveTime: 0.5661248640276414 sec
2026-06-01 21:27:47,713 - mazeUtils.moveTile - [moveTile.py:1049] - DEBUG - moveTile loop time: 57.2 ms
2026-06-01 21:27:47,719 - picamera2.picamera2 - [picamera2.py:1391] - DEBUG - Execute job: <picamera2.job.Job object at 0x7f583b9290>
2026-06-01 21:27:47,723 - mazeUtils.device.camera - [camera.py:37] - DEBUG - Average HSV: H=71.8, S=61.5, V=94.3
2026-06-01 21:27:47,772 - mazeUtils.moveTile - [moveTile.py:80] - DEBUG - roll: 23.80000000000001 deg, practicalMoveTime: 0.6120130699873318 sec
2026-06-01 21:27:47,772 - mazeUtils.moveTile - [moveTile.py:1049] - DEBUG - moveTile loop time: 59.3 ms
2026-06-01 21:27:47,778 - picamera2.picamera2 - [picamera2.py:1391] - DEBUG - Execute job: <picamera2.job.Job object at 0x7f585b9150>
2026-06-01 21:27:47,781 - mazeUtils.device.camera - [camera.py:37] - DEBUG - Average HSV: H=8.6, S=89.6, V=105.3
2026-06-01 21:27:47,828 - mazeUtils.moveTile - [moveTile.py:80] - DEBUG - roll: 27.329999999999984 deg, practicalMoveTime: 0.6542562406756351 sec
2026-06-01 21:27:47,829 - mazeUtils.moveTile - [moveTile.py:1049] - DEBUG - moveTile loop time: 56.3 ms
2026-06-01 21:27:47,835 - picamera2.picamera2 - [picamera2.py:1391] - DEBUG - Execute job: <picamera2.job.Job object at 0x7f7408bf50>
2026-06-01 21:27:47,838 - mazeUtils.device.camera - [camera.py:37] - DEBUG - Average HSV: H=19.3, S=68.9, V=94.8
2026-06-01 21:27:47,887 - mazeUtils.moveTile - [moveTile.py:80] - DEBUG - roll: 29.519999999999982 deg, practicalMoveTime: 0.6971113959933858 sec
2026-06-01 21:27:47,887 - mazeUtils.moveTile - [moveTile.py:1049] - DEBUG - moveTile loop time: 58.3 ms
2026-06-01 21:27:47,891 - picamera2.picamera2 - [picamera2.py:1391] - DEBUG - Execute job: <picamera2.job.Job object at 0x7f620fd990>
2026-06-01 21:27:47,895 - mazeUtils.device.camera - [camera.py:37] - DEBUG - Average HSV: H=36.6, S=72.6, V=106.7
2026-06-01 21:27:47,945 - mazeUtils.moveTile - [moveTile.py:80] - DEBUG - roll: 33.44 deg, practicalMoveTime: 0.7377269405259913 sec
2026-06-01 21:27:47,945 - mazeUtils.moveTile - [moveTile.py:1049] - DEBUG - moveTile loop time: 57.5 ms
2026-06-01 21:27:47,951 - picamera2.picamera2 - [picamera2.py:1391] - DEBUG - Execute job: <picamera2.job.Job object at 0x7f585b9190>
2026-06-01 21:27:47,955 - mazeUtils.device.camera - [camera.py:37] - DEBUG - Average HSV: H=8.6, S=76.2, V=101.2
2026-06-01 21:27:48,004 - mazeUtils.moveTile - [moveTile.py:80] - DEBUG - roll: 34.23000000000002 deg, practicalMoveTime: 0.7788400911331658 sec
2026-06-01 21:27:48,004 - mazeUtils.moveTile - [moveTile.py:1049] - DEBUG - moveTile loop time: 58.8 ms
2026-06-01 21:27:48,010 - picamera2.picamera2 - [picamera2.py:1391] - DEBUG - Execute job: <picamera2.job.Job object at 0x7f620ff2d0>
2026-06-01 21:27:48,014 - mazeUtils.device.camera - [camera.py:37] - DEBUG - Average HSV: H=32.5, S=59.8, V=99.4
2026-06-01 21:27:48,063 - mazeUtils.moveTile - [moveTile.py:80] - DEBUG - roll: 34.170000000000016 deg, practicalMoveTime: 0.8202397206393819 sec
2026-06-01 21:27:48,063 - mazeUtils.moveTile - [moveTile.py:1049] - DEBUG - moveTile loop time: 59.1 ms
2026-06-01 21:27:48,070 - picamera2.picamera2 - [picamera2.py:1391] - DEBUG - Execute job: <picamera2.job.Job object at 0x7f6213e410>
2026-06-01 21:27:48,072 - mazeUtils.device.camera - [camera.py:37] - DEBUG - Average HSV: H=48.8, S=83.6, V=50.6
2026-06-01 21:27:48,119 - mazeUtils.moveTile - [moveTile.py:80] - DEBUG - roll: 35.19999999999999 deg, practicalMoveTime: 0.8589329548709931 sec
2026-06-01 21:27:48,120 - mazeUtils.moveTile - [moveTile.py:1049] - DEBUG - moveTile loop time: 56.0 ms
2026-06-01 21:27:48,124 - picamera2.picamera2 - [picamera2.py:1391] - DEBUG - Execute job: <picamera2.job.Job object at 0x7f620ff2d0>
2026-06-01 21:27:48,127 - mazeUtils.device.camera - [camera.py:37] - DEBUG - Average HSV: H=38.0, S=89.5, V=41.6
2026-06-01 21:27:48,175 - mazeUtils.moveTile - [moveTile.py:80] - DEBUG - roll: 34.93000000000001 deg, practicalMoveTime: 0.8973157538331656 sec
2026-06-01 21:27:48,175 - mazeUtils.moveTile - [moveTile.py:1049] - DEBUG - moveTile loop time: 55.6 ms
2026-06-01 21:27:48,181 - picamera2.picamera2 - [picamera2.py:1391] - DEBUG - Execute job: <picamera2.job.Job object at 0x7f583d2090>
2026-06-01 21:27:48,184 - mazeUtils.device.camera - [camera.py:37] - DEBUG - Average HSV: H=39.6, S=89.5, V=39.5
2026-06-01 21:27:48,233 - mazeUtils.moveTile - [moveTile.py:80] - DEBUG - roll: 34.14999999999998 deg, practicalMoveTime: 0.9378837796289914 sec
2026-06-01 21:27:48,234 - mazeUtils.moveTile - [moveTile.py:1049] - DEBUG - moveTile loop time: 57.8 ms
2026-06-01 21:27:48,240 - picamera2.picamera2 - [picamera2.py:1391] - DEBUG - Execute job: <picamera2.job.Job object at 0x7f62161110>
2026-06-01 21:27:48,243 - mazeUtils.device.camera - [camera.py:37] - DEBUG - Average HSV: H=39.9, S=79.9, V=58.4
2026-06-01 21:27:48,290 - mazeUtils.moveTile - [moveTile.py:80] - DEBUG - roll: 34.44 deg, practicalMoveTime: 0.9771771636012943 sec
2026-06-01 21:27:48,290 - mazeUtils.moveTile - [moveTile.py:1049] - DEBUG - moveTile loop time: 56.3 ms
2026-06-01 21:27:48,294 - picamera2.picamera2 - [picamera2.py:1391] - DEBUG - Execute job: <picamera2.job.Job object at 0x7f583d2310>
2026-06-01 21:27:48,297 - mazeUtils.device.camera - [camera.py:37] - DEBUG - Average HSV: H=47.2, S=71.0, V=78.9
2026-06-01 21:27:48,349 - picamera2.picamera2 - [picamera2.py:1391] - DEBUG - Execute job: <picamera2.job.Job object at 0x7f7408bf50>
2026-06-01 21:27:48,352 - mazeUtils.device.camera - [camera.py:37] - DEBUG - Average HSV: H=47.9, S=78.1, V=56.7
2026-06-01 21:27:48,401 - mazeUtils.moveTile - [moveTile.py:80] - DEBUG - roll: 33.26999999999998 deg, practicalMoveTime: 1.0561372966392346 sec
2026-06-01 21:27:48,402 - mazeUtils.moveTile - [moveTile.py:1049] - DEBUG - moveTile loop time: 57.1 ms
2026-06-01 21:27:48,407 - picamera2.picamera2 - [picamera2.py:1391] - DEBUG - Execute job: <picamera2.job.Job object at 0x7f585b9150>
2026-06-01 21:27:48,411 - mazeUtils.device.camera - [camera.py:37] - DEBUG - Average HSV: H=44.5, S=73.0, V=73.4
2026-06-01 21:27:48,461 - mazeUtils.moveTile - [moveTile.py:80] - DEBUG - roll: 33.55000000000001 deg, practicalMoveTime: 1.0980878930498696 sec
2026-06-01 21:27:48,462 - mazeUtils.moveTile - [moveTile.py:1049] - DEBUG - moveTile loop time: 59.6 ms
2026-06-01 21:27:48,467 - picamera2.picamera2 - [picamera2.py:1391] - DEBUG - Execute job: <picamera2.job.Job object at 0x7f7408bf50>
2026-06-01 21:27:48,469 - mazeUtils.device.camera - [camera.py:37] - DEBUG - Average HSV: H=77.4, S=42.7, V=107.6
2026-06-01 21:27:48,521 - mazeUtils.moveTile - [moveTile.py:80] - DEBUG - roll: 34.02999999999997 deg, practicalMoveTime: 1.1395805893470772 sec
2026-06-01 21:27:48,521 - mazeUtils.moveTile - [moveTile.py:1049] - DEBUG - moveTile loop time: 59.0 ms
2026-06-01 21:27:48,527 - picamera2.picamera2 - [picamera2.py:1391] - DEBUG - Execute job: <picamera2.job.Job object at 0x7f583b9290>
2026-06-01 21:27:48,530 - mazeUtils.device.camera - [camera.py:37] - DEBUG - Average HSV: H=83.1, S=45.3, V=103.9
2026-06-01 21:27:48,577 - mazeUtils.moveTile - [moveTile.py:80] - DEBUG - roll: 32.04000000000002 deg, practicalMoveTime: 1.1793174630972139 sec
2026-06-01 21:27:48,577 - mazeUtils.moveTile - [moveTile.py:1049] - DEBUG - moveTile loop time: 55.4 ms
2026-06-01 21:27:48,581 - picamera2.picamera2 - [picamera2.py:1391] - DEBUG - Execute job: <picamera2.job.Job object at 0x7f585b9190>
2026-06-01 21:27:48,585 - mazeUtils.device.camera - [camera.py:37] - DEBUG - Average HSV: H=56.1, S=69.7, V=88.2
2026-06-01 21:27:48,632 - mazeUtils.moveTile - [moveTile.py:80] - DEBUG - roll: 34.06999999999999 deg, practicalMoveTime: 1.2180370055500285 sec
2026-06-01 21:27:48,633 - mazeUtils.moveTile - [moveTile.py:1049] - DEBUG - moveTile loop time: 55.4 ms
2026-06-01 21:27:48,638 - picamera2.picamera2 - [picamera2.py:1391] - DEBUG - Execute job: <picamera2.job.Job object at 0x7f583b93d0>
2026-06-01 21:27:48,641 - mazeUtils.device.camera - [camera.py:37] - DEBUG - Average HSV: H=78.6, S=45.1, V=105.7
2026-06-01 21:27:48,690 - mazeUtils.moveTile - [moveTile.py:80] - DEBUG - roll: 32.89999999999998 deg, practicalMoveTime: 1.2589874170717537 sec
2026-06-01 21:27:48,691 - mazeUtils.moveTile - [moveTile.py:1049] - DEBUG - moveTile loop time: 57.6 ms
2026-06-01 21:27:48,695 - picamera2.picamera2 - [picamera2.py:1391] - DEBUG - Execute job: <picamera2.job.Job object at 0x7f620fd990>
2026-06-01 21:27:48,698 - mazeUtils.device.camera - [camera.py:37] - DEBUG - Average HSV: H=38.6, S=43.2, V=145.7
2026-06-01 21:27:48,747 - mazeUtils.moveTile - [moveTile.py:80] - DEBUG - roll: 30.930000000000007 deg, practicalMoveTime: 1.3002202356877197 sec
2026-06-01 21:27:48,748 - mazeUtils.moveTile - [moveTile.py:1049] - DEBUG - moveTile loop time: 56.7 ms
2026-06-01 21:27:48,754 - picamera2.picamera2 - [picamera2.py:1391] - DEBUG - Execute job: <picamera2.job.Job object at 0x7f583b93d0>
2026-06-01 21:27:48,757 - mazeUtils.device.camera - [camera.py:37] - DEBUG - Average HSV: H=55.1, S=43.7, V=129.2
2026-06-01 21:27:48,805 - mazeUtils.moveTile - [moveTile.py:80] - DEBUG - roll: 29.529999999999973 deg, practicalMoveTime: 1.3425301736245314 sec
2026-06-01 21:27:48,805 - mazeUtils.moveTile - [moveTile.py:1049] - DEBUG - moveTile loop time: 57.6 ms
2026-06-01 21:27:48,811 - picamera2.picamera2 - [picamera2.py:1391] - DEBUG - Execute job: <picamera2.job.Job object at 0x7f585b9150>
2026-06-01 21:27:48,814 - mazeUtils.device.camera - [camera.py:37] - DEBUG - Average HSV: H=71.3, S=44.0, V=127.9
2026-06-01 21:27:48,861 - mazeUtils.moveTile - [moveTile.py:80] - DEBUG - roll: 26.94999999999999 deg, practicalMoveTime: 1.3846852533024097 sec
2026-06-01 21:27:48,862 - mazeUtils.moveTile - [moveTile.py:1049] - DEBUG - moveTile loop time: 55.9 ms
2026-06-01 21:27:48,867 - picamera2.picamera2 - [picamera2.py:1391] - DEBUG - Execute job: <picamera2.job.Job object at 0x7f585b9190>
2026-06-01 21:27:48,870 - mazeUtils.device.camera - [camera.py:37] - DEBUG - Average HSV: H=47.8, S=48.0, V=134.9
2026-06-01 21:27:48,918 - mazeUtils.moveTile - [moveTile.py:80] - DEBUG - roll: 24.70999999999998 deg, practicalMoveTime: 1.4279341299197288 sec
2026-06-01 21:27:48,918 - mazeUtils.moveTile - [moveTile.py:1049] - DEBUG - moveTile loop time: 56.2 ms
2026-06-01 21:27:48,924 - picamera2.picamera2 - [picamera2.py:1391] - DEBUG - Execute job: <picamera2.job.Job object at 0x7f7408bf50>
2026-06-01 21:27:48,928 - mazeUtils.device.camera - [camera.py:37] - DEBUG - Average HSV: H=59.0, S=45.9, V=132.4
2026-06-01 21:27:48,977 - mazeUtils.moveTile - [moveTile.py:80] - DEBUG - roll: 24.54000000000002 deg, practicalMoveTime: 1.4731450962735324 sec
2026-06-01 21:27:48,977 - mazeUtils.moveTile - [moveTile.py:1049] - DEBUG - moveTile loop time: 58.6 ms
2026-06-01 21:27:48,981 - picamera2.picamera2 - [picamera2.py:1391] - DEBUG - Execute job: <picamera2.job.Job object at 0x7f620ff2d0>
2026-06-01 21:27:48,984 - mazeUtils.device.camera - [camera.py:37] - DEBUG - Average HSV: H=28.2, S=49.9, V=136.4
2026-06-01 21:27:49,031 - mazeUtils.moveTile - [moveTile.py:80] - DEBUG - roll: 22.44999999999999 deg, practicalMoveTime: 1.5155538523446017 sec
2026-06-01 21:27:49,031 - mazeUtils.moveTile - [moveTile.py:1049] - DEBUG - moveTile loop time: 54.3 ms
2026-06-01 21:27:49,035 - picamera2.picamera2 - [picamera2.py:1391] - DEBUG - Execute job: <picamera2.job.Job object at 0x7f6213e410>
2026-06-01 21:27:49,038 - mazeUtils.device.camera - [camera.py:37] - DEBUG - Average HSV: H=66.4, S=45.4, V=135.9
2026-06-01 21:27:49,086 - mazeUtils.moveTile - [moveTile.py:80] - DEBUG - roll: 17.829999999999984 deg, practicalMoveTime: 1.5596706931225506 sec
2026-06-01 21:27:49,086 - mazeUtils.moveTile - [moveTile.py:1049] - DEBUG - moveTile loop time: 54.8 ms
2026-06-01 21:27:49,092 - picamera2.picamera2 - [picamera2.py:1391] - DEBUG - Execute job: <picamera2.job.Job object at 0x7f7408bf50>
2026-06-01 21:27:49,095 - mazeUtils.device.camera - [camera.py:37] - DEBUG - Average HSV: H=74.0, S=54.3, V=137.1
2026-06-01 21:27:49,142 - mazeUtils.moveTile - [moveTile.py:80] - DEBUG - roll: 13.019999999999982 deg, practicalMoveTime: 1.6057579022908737 sec
2026-06-01 21:27:49,143 - mazeUtils.moveTile - [moveTile.py:1049] - DEBUG - moveTile loop time: 55.7 ms
2026-06-01 21:27:49,147 - picamera2.picamera2 - [picamera2.py:1391] - DEBUG - Execute job: <picamera2.job.Job object at 0x7f620fd990>
2026-06-01 21:27:49,150 - mazeUtils.device.camera - [camera.py:37] - DEBUG - Average HSV: H=8.4, S=71.7, V=126.4
2026-06-01 21:27:49,197 - mazeUtils.moveTile - [moveTile.py:80] - DEBUG - roll: 6.939999999999998 deg, practicalMoveTime: 1.6514337732063875 sec
2026-06-01 21:27:49,197 - mazeUtils.moveTile - [moveTile.py:1049] - DEBUG - moveTile loop time: 54.4 ms
2026-06-01 21:27:49,201 - picamera2.picamera2 - [picamera2.py:1391] - DEBUG - Execute job: <picamera2.job.Job object at 0x7f583d21d0>
2026-06-01 21:27:49,205 - mazeUtils.device.camera - [camera.py:37] - DEBUG - Average HSV: H=8.7, S=80.3, V=125.9
2026-06-01 21:27:49,253 - mazeUtils.moveTile - [moveTile.py:80] - DEBUG - roll: 4.730000000000018 deg, practicalMoveTime: 1.6987623958919156 sec
2026-06-01 21:27:49,254 - mazeUtils.moveTile - [moveTile.py:1049] - DEBUG - moveTile loop time: 56.2 ms
2026-06-01 21:27:49,258 - picamera2.picamera2 - [picamera2.py:1391] - DEBUG - Execute job: <picamera2.job.Job object at 0x7f585c9f10>
2026-06-01 21:27:49,261 - mazeUtils.device.camera - [camera.py:37] - DEBUG - Average HSV: H=8.4, S=93.0, V=114.5
2026-06-01 21:27:49,308 - mazeUtils.moveTile - [moveTile.py:80] - DEBUG - roll: 1.5400000000000205 deg, practicalMoveTime: 1.7446524180573484 sec
2026-06-01 21:27:49,308 - mazeUtils.moveTile - [moveTile.py:1049] - DEBUG - moveTile loop time: 54.3 ms
2026-06-01 21:27:49,312 - picamera2.picamera2 - [picamera2.py:1391] - DEBUG - Execute job: <picamera2.job.Job object at 0x7f583b93d0>
2026-06-01 21:27:49,315 - mazeUtils.device.camera - [camera.py:37] - DEBUG - Average HSV: H=9.5, S=100.4, V=104.2
2026-06-01 21:27:49,363 - mazeUtils.moveTile - [moveTile.py:80] - DEBUG - roll: 357.26 deg, practicalMoveTime: 1.799118791061519 sec
2026-06-01 21:27:49,363 - mazeUtils.moveTile - [moveTile.py:1049] - DEBUG - moveTile loop time: 55.0 ms
2026-06-01 21:27:49,368 - picamera2.picamera2 - [picamera2.py:1391] - DEBUG - Execute job: <picamera2.job.Job object at 0x7f585c9f10>
2026-06-01 21:27:49,372 - mazeUtils.device.camera - [camera.py:37] - DEBUG - Average HSV: H=9.2, S=110.1, V=92.5
2026-06-01 21:27:49,421 - mazeUtils.moveTile - [moveTile.py:80] - DEBUG - roll: 354.18 deg, practicalMoveTime: 1.856788363756912 sec
2026-06-01 21:27:49,422 - mazeUtils.moveTile - [moveTile.py:1049] - DEBUG - moveTile loop time: 58.2 ms
2026-06-01 21:27:49,426 - picamera2.picamera2 - [picamera2.py:1391] - DEBUG - Execute job: <picamera2.job.Job object at 0x7f583d2310>
2026-06-01 21:27:49,430 - mazeUtils.device.camera - [camera.py:37] - DEBUG - Average HSV: H=8.5, S=119.0, V=84.5
2026-06-01 21:27:49,479 - mazeUtils.moveTile - [moveTile.py:80] - DEBUG - roll: 352.96999999999997 deg, practicalMoveTime: 1.9132987222667734 sec
2026-06-01 21:27:49,479 - mazeUtils.moveTile - [moveTile.py:1049] - DEBUG - moveTile loop time: 57.2 ms
2026-06-01 21:27:49,485 - picamera2.picamera2 - [picamera2.py:1391] - DEBUG - Execute job: <picamera2.job.Job object at 0x7f620ff2d0>
2026-06-01 21:27:49,488 - mazeUtils.device.camera - [camera.py:37] - DEBUG - Average HSV: H=8.1, S=114.2, V=85.9
2026-06-01 21:27:49,537 - mazeUtils.moveTile - [moveTile.py:80] - DEBUG - roll: 348.93 deg, practicalMoveTime: 1.970286072732009 sec
2026-06-01 21:27:49,538 - mazeUtils.moveTile - [moveTile.py:1049] - DEBUG - moveTile loop time: 58.4 ms
2026-06-01 21:27:49,542 - picamera2.picamera2 - [picamera2.py:1391] - DEBUG - Execute job: <picamera2.job.Job object at 0x7f585b9190>
2026-06-01 21:27:49,545 - mazeUtils.device.camera - [camera.py:37] - DEBUG - Average HSV: H=42.9, S=86.0, V=81.7
2026-06-01 21:27:49,596 - picamera2.picamera2 - [picamera2.py:1391] - DEBUG - Execute job: <picamera2.job.Job object at 0x7f620ff2d0>
2026-06-01 21:27:49,599 - mazeUtils.device.camera - [camera.py:37] - DEBUG - Average HSV: H=7.2, S=91.2, V=98.2
2026-06-01 21:27:49,647 - mazeUtils.moveTile - [moveTile.py:80] - DEBUG - roll: 340.61 deg, practicalMoveTime: 2.073548472904329 sec
2026-06-01 21:27:49,648 - mazeUtils.moveTile - [moveTile.py:1049] - DEBUG - moveTile loop time: 55.5 ms
2026-06-01 21:27:49,653 - picamera2.picamera2 - [picamera2.py:1391] - DEBUG - Execute job: <picamera2.job.Job object at 0x7f585b9190>
2026-06-01 21:27:49,656 - mazeUtils.device.camera - [camera.py:37] - DEBUG - Average HSV: H=68.0, S=92.1, V=73.4
2026-06-01 21:27:49,704 - mazeUtils.moveTile - [moveTile.py:80] - DEBUG - roll: 334.61 deg, practicalMoveTime: 2.1241336201862295 sec
2026-06-01 21:27:49,704 - mazeUtils.moveTile - [moveTile.py:1049] - DEBUG - moveTile loop time: 56.3 ms
2026-06-01 21:27:49,709 - picamera2.picamera2 - [picamera2.py:1391] - DEBUG - Execute job: <picamera2.job.Job object at 0x7f583b9290>
2026-06-01 21:27:49,712 - mazeUtils.device.camera - [camera.py:37] - DEBUG - Average HSV: H=87.9, S=84.4, V=66.6
2026-06-01 21:27:49,762 - mazeUtils.moveTile - [moveTile.py:80] - DEBUG - roll: 327.40999999999997 deg, practicalMoveTime: 2.172528116056219 sec
2026-06-01 21:27:49,763 - mazeUtils.moveTile - [moveTile.py:1049] - DEBUG - moveTile loop time: 58.5 ms
2026-06-01 21:27:49,770 - picamera2.picamera2 - [picamera2.py:1391] - DEBUG - Execute job: <picamera2.job.Job object at 0x7f6213e410>
2026-06-01 21:27:49,775 - mazeUtils.device.camera - [camera.py:37] - DEBUG - Average HSV: H=60.9, S=98.5, V=63.8
2026-06-01 21:27:49,824 - mazeUtils.moveTile - [moveTile.py:80] - DEBUG - roll: 323.99 deg, practicalMoveTime: 2.2220756424379116 sec
2026-06-01 21:27:49,825 - mazeUtils.moveTile - [moveTile.py:1049] - DEBUG - moveTile loop time: 61.3 ms
2026-06-01 21:27:49,831 - picamera2.picamera2 - [picamera2.py:1391] - DEBUG - Execute job: <picamera2.job.Job object at 0x7f583b93d0>
2026-06-01 21:27:49,834 - mazeUtils.device.camera - [camera.py:37] - DEBUG - Average HSV: H=26.9, S=120.4, V=50.4
2026-06-01 21:27:49,884 - mazeUtils.moveTile - [moveTile.py:80] - DEBUG - roll: 328.8 deg, practicalMoveTime: 2.2724762759209227 sec
2026-06-01 21:27:49,885 - mazeUtils.moveTile - [moveTile.py:1049] - DEBUG - moveTile loop time: 59.5 ms
2026-06-01 21:27:49,890 - picamera2.picamera2 - [picamera2.py:1391] - DEBUG - Execute job: <picamera2.job.Job object at 0x7f585c9f10>
2026-06-01 21:27:49,895 - mazeUtils.device.camera - [camera.py:37] - DEBUG - Average HSV: H=161.5, S=83.5, V=48.6
2026-06-01 21:27:49,943 - mazeUtils.moveTile - [moveTile.py:80] - DEBUG - roll: 327.79 deg, practicalMoveTime: 2.3220984500406843 sec
2026-06-01 21:27:49,944 - mazeUtils.moveTile - [moveTile.py:1049] - DEBUG - moveTile loop time: 58.9 ms
2026-06-01 21:27:49,950 - picamera2.picamera2 - [picamera2.py:1391] - DEBUG - Execute job: <picamera2.job.Job object at 0x7f583d2090>
2026-06-01 21:27:49,955 - mazeUtils.device.camera - [camera.py:37] - DEBUG - Average HSV: H=12.4, S=165.3, V=44.1
2026-06-01 21:27:50,002 - mazeUtils.moveTile - [moveTile.py:80] - DEBUG - roll: 329.98 deg, practicalMoveTime: 2.372701429543263 sec
2026-06-01 21:27:50,003 - mazeUtils.moveTile - [moveTile.py:1049] - DEBUG - moveTile loop time: 58.8 ms
2026-06-01 21:27:50,008 - picamera2.picamera2 - [picamera2.py:1391] - DEBUG - Execute job: <picamera2.job.Job object at 0x7f583b9290>
2026-06-01 21:27:50,013 - mazeUtils.device.camera - [camera.py:37] - DEBUG - Average HSV: H=11.9, S=138.1, V=48.2
2026-06-01 21:27:50,062 - mazeUtils.moveTile - [moveTile.py:80] - DEBUG - roll: 337.9 deg, practicalMoveTime: 2.4277218427389946 sec
2026-06-01 21:27:50,065 - mazeUtils.moveTile - [moveTile.py:1049] - DEBUG - moveTile loop time: 61.4 ms
2026-06-01 21:27:50,071 - picamera2.picamera2 - [picamera2.py:1391] - DEBUG - Execute job: <picamera2.job.Job object at 0x7f62161110>
2026-06-01 21:27:50,077 - mazeUtils.device.camera - [camera.py:37] - DEBUG - Average HSV: H=11.0, S=136.2, V=57.3
2026-06-01 21:27:50,129 - mazeUtils.moveTile - [moveTile.py:80] - DEBUG - roll: 346.02 deg, practicalMoveTime: 2.4895993350106864 sec
2026-06-01 21:27:50,130 - mazeUtils.moveTile - [moveTile.py:1049] - DEBUG - moveTile loop time: 64.3 ms
2026-06-01 21:27:50,135 - picamera2.picamera2 - [picamera2.py:1391] - DEBUG - Execute job: <picamera2.job.Job object at 0x7f585b9190>
2026-06-01 21:27:50,140 - mazeUtils.device.camera - [camera.py:37] - DEBUG - Average HSV: H=10.0, S=137.2, V=60.8
2026-06-01 21:27:50,194 - mazeUtils.moveTile - [moveTile.py:80] - DEBUG - roll: 351.43 deg, practicalMoveTime: 2.552406052446855 sec
2026-06-01 21:27:50,194 - mazeUtils.moveTile - [moveTile.py:1049] - DEBUG - moveTile loop time: 64.1 ms
2026-06-01 21:27:50,199 - picamera2.picamera2 - [picamera2.py:1391] - DEBUG - Execute job: <picamera2.job.Job object at 0x7f583d2090>
2026-06-01 21:27:50,204 - mazeUtils.device.camera - [camera.py:37] - DEBUG - Average HSV: H=9.4, S=137.4, V=61.9
2026-06-01 21:27:50,253 - mazeUtils.moveTile - [moveTile.py:80] - DEBUG - roll: 355.85 deg, practicalMoveTime: 2.6105558244116365 sec
2026-06-01 21:27:50,253 - mazeUtils.moveTile - [moveTile.py:1049] - DEBUG - moveTile loop time: 58.6 ms
2026-06-01 21:27:50,259 - picamera2.picamera2 - [picamera2.py:1391] - DEBUG - Execute job: <picamera2.job.Job object at 0x7f620ff2d0>
2026-06-01 21:27:50,264 - mazeUtils.device.camera - [camera.py:37] - DEBUG - Average HSV: H=8.8, S=130.9, V=64.1
2026-06-01 21:27:50,314 - mazeUtils.moveTile - [moveTile.py:80] - DEBUG - roll: 359.13 deg, practicalMoveTime: 2.6709209788808885 sec
2026-06-01 21:27:50,315 - mazeUtils.moveTile - [moveTile.py:1049] - DEBUG - moveTile loop time: 61.0 ms
2026-06-01 21:27:50,320 - picamera2.picamera2 - [picamera2.py:1391] - DEBUG - Execute job: <picamera2.job.Job object at 0x7f620ff2d0>
2026-06-01 21:27:50,325 - mazeUtils.device.camera - [camera.py:37] - DEBUG - Average HSV: H=9.3, S=134.2, V=63.3
2026-06-01 21:27:50,374 - mazeUtils.moveTile - [moveTile.py:80] - DEBUG - roll: 0.4800000000000182 deg, practicalMoveTime: 2.721206627806082 sec
2026-06-01 21:27:50,374 - mazeUtils.moveTile - [moveTile.py:1049] - DEBUG - moveTile loop time: 59.2 ms
2026-06-01 21:27:50,380 - picamera2.picamera2 - [picamera2.py:1391] - DEBUG - Execute job: <picamera2.job.Job object at 0x7f6213e410>
2026-06-01 21:27:50,385 - mazeUtils.device.camera - [camera.py:37] - DEBUG - Average HSV: H=9.1, S=134.6, V=62.6
2026-06-01 21:27:50,435 - mazeUtils.moveTile - [moveTile.py:80] - DEBUG - roll: 359.91 deg, practicalMoveTime: 2.781921513000284 sec
2026-06-01 21:27:50,436 - mazeUtils.moveTile - [moveTile.py:1049] - DEBUG - moveTile loop time: 61.1 ms
2026-06-01 21:27:50,442 - picamera2.picamera2 - [picamera2.py:1391] - DEBUG - Execute job: <picamera2.job.Job object at 0x7f620ff2d0>
2026-06-01 21:27:50,447 - mazeUtils.device.camera - [camera.py:37] - DEBUG - Average HSV: H=9.5, S=127.2, V=62.6
2026-06-01 21:27:50,495 - mazeUtils.moveTile - [moveTile.py:80] - DEBUG - roll: 359.98 deg, practicalMoveTime: 2.841403130165031 sec
2026-06-01 21:27:50,496 - mazeUtils.moveTile - [moveTile.py:1049] - DEBUG - moveTile loop time: 60.0 ms
2026-06-01 21:27:50,502 - picamera2.picamera2 - [picamera2.py:1391] - DEBUG - Execute job: <picamera2.job.Job object at 0x7f620fd990>
2026-06-01 21:27:50,506 - mazeUtils.device.camera - [camera.py:37] - DEBUG - Average HSV: H=9.5, S=132.2, V=62.3
2026-06-01 21:27:50,554 - mazeUtils.moveTile - [moveTile.py:80] - DEBUG - roll: 0.08999999999997499 deg, practicalMoveTime: 2.890395107496672 sec
2026-06-01 21:27:50,554 - mazeUtils.moveTile - [moveTile.py:1049] - DEBUG - moveTile loop time: 57.8 ms
2026-06-01 21:27:50,560 - picamera2.picamera2 - [picamera2.py:1391] - DEBUG - Execute job: <picamera2.job.Job object at 0x7f583d21d0>
2026-06-01 21:27:50,564 - mazeUtils.device.camera - [camera.py:37] - DEBUG - Average HSV: H=9.6, S=128.2, V=62.7
2026-06-01 21:27:50,613 - mazeUtils.moveTile - [moveTile.py:1004] - INFO - practicalVerticalMove: 15.370250480936445 CM
2026-06-01 21:27:50,716 - mazeUtils.mazeMap - [mazeMap.py:546] - DEBUG - Moving to wall direction: absDirection.NORTH
Current position: (20, 19, 0), front direction: absDirection.NORTH
Layer 0 (altitude=0.0cm, offset=(0.0cm, 0.0cm)):
Known map area: x=20..20, y=19..20
+   +
| @ |
+   +
| S  
+---+
2026-06-01 21:27:50,718 - __main__ - [main.py:147] - ERROR - An unexpected error occurred:
Traceback (most recent call last):
  File "/home/tuton/Kanto2026RPi/./src/main.py", line 81, in main
    isBlack, stopped = moveTile.moveNextTile(
                       ^^^^^^^^^^^^^^^^^^^^^^
  File "/home/tuton/Kanto2026RPi/src/mazeUtils/moveTile.py", line 1269, in moveNextTile
    isBlack, stopped = moveTile(direction, mapInstance, stmInstance, lidar, firstTime)
                       ^^^^^^^^^^^^^^^^^^^^^^^^^^^^^^^^^^^^^^^^^^^^^^^^^^^^^^^^^^^^^^^
  File "/home/tuton/Kanto2026RPi/src/mazeUtils/moveTile.py", line 1111, in moveTile
    mapInstance.moveTo(direction)
  File "/home/tuton/Kanto2026RPi/src/mazeUtils/mazeMap.py", line 558, in moveTo
    self.updateFrontDirection(direction)
  File "/home/tuton/Kanto2026RPi/src/mazeUtils/mazeMap.py", line 566, in updateFrontDirection
    self.updateArduinoStatus()
  File "/home/tuton/Kanto2026RPi/src/mazeUtils/mazeMap.py", line 802, in updateArduinoStatus
    x, y, z = self.currentPosition
    ^^^^^^^
TypeError: cannot unpack non-iterable NoneType object
2026-06-01 21:27:51,870 - picamera2.picamera2 - [picamera2.py:1391] - DEBUG - Execute job: <picamera2.job.Job object at 0x7f87a87090>
2026-06-01 21:27:51,894 - picamera2.picamera2 - [picamera2.py:1323] - INFO - Camera stopped
2026-06-01 21:27:51,898 - picamera2.picamera2 - [picamera2.py:1329] - DEBUG - Camera was not started
2026-06-01 21:27:52,094 - picamera2.picamera2 - [picamera2.py:723] - INFO - Camera closed successfully.
2026-06-01 21:27:52,161 - picamera2.picamera2 - [picamera2.py:500] - DEBUG - Resources now free: <picamera2.picamera2.Picamera2 object at 0x7f7b208ed0>
