2026-06-24 23:44:06,735 - root - [logging_config.py:61] - INFO - Logging initialized. Log file: /home/tuton/Kanto2026RPi/src/config/../logs/robot_20260624_234404.log
2026-06-24 23:44:08,476 - mazeUtils.device.LiDAR - [LiDAR.py:36] - INFO - Available ports: <ydlidar.Str2strMap; proxy of <Swig Object of type 'std::map< std::string,std::string > *' at 0x7fa7d58150> >
2026-06-24 23:44:12,512 - mazeUtils.moveTile - [moveTile.py:553] - DEBUG - Direction: absDirection.NORTH, Angle: 0, Distance: 44.481973387147356 cm
2026-06-24 23:44:12,513 - mazeUtils.moveTile - [moveTile.py:578] - DEBUG - Front LiDAR distance: 44.481973387147356 cm, TSD10 distance: 35.2 cm
2026-06-24 23:44:12,514 - mazeUtils.moveTile - [moveTile.py:553] - DEBUG - Direction: absDirection.EAST, Angle: 270, Distance: 19.14687847596731 cm
2026-06-24 23:44:12,515 - mazeUtils.moveTile - [moveTile.py:553] - DEBUG - Direction: absDirection.SOUTH, Angle: 180, Distance: 138.75994009822028 cm
2026-06-24 23:44:12,516 - mazeUtils.moveTile - [moveTile.py:553] - DEBUG - Direction: absDirection.WEST, Angle: 90, Distance: 49.08794692208546 cm
2026-06-24 23:44:12,516 - __main__ - [main.py:68] - INFO - Initial Map:
2026-06-24 23:44:12,531 - __main__ - [main.py:69] - INFO - Current position: (20, 20, 0), front direction: absDirection.NORTH
Layer 0 (altitude=0.0cm, offset=(0.0cm, 0.0cm)):
Known map area: x=20..20, y=20..20
+   +
  @ |
+   +
mazeAsGraph[0][20][20] = {absDirection.NORTH: (20, 19, 0, 30), absDirection.EAST: None, absDirection.SOUTH: (20, 21, 0, 30), absDirection.WEST: (19, 20, 0, 30)}
2026-06-24 23:44:13,796 - mazeUtils.mazeMap - [mazeMap.py:61] - INFO - next goal: (20, 19, 0)
2026-06-24 23:44:13,796 - __main__ - [main.py:73] - INFO - Next Direction: [<absDirection.NORTH: 0>]
2026-06-24 23:44:13,797 - __main__ - [main.py:74] - INFO - Exploration started.
2026-06-24 23:44:13,806 - mazeUtils.moveTile - [moveTile.py:79] - DEBUG - Moving to absDirection.NORTH from (20, 20, 0) facing absDirection.NORTH
2026-06-24 23:44:13,835 - mazeUtils.moveTile - [moveTile.py:79] - DEBUG - current heading: 0.05000000000001137 target: 0
2026-06-24 23:44:13,854 - mazeUtils.moveTile - [moveTile.py:427] - DEBUG - stopped turning at heading: 0.05000000000001137, diff: 0.05000000000001137
2026-06-24 23:44:13,898 - mazeUtils.moveTile - [moveTile.py:79] - DEBUG - Turned to heading: 0.040000000000020464 deg
2026-06-24 23:44:14,115 - picamera2.picamera2 - [picamera2.py:1391] - DEBUG - Execute job: <picamera2.job.Job object at 0x7f95e01b50>
2026-06-24 23:44:14,122 - mazeUtils.device.camera - [camera.py:39] - DEBUG - Average HSV: H=113.8, S=128.6, V=189.7
2026-06-24 23:44:14,159 - mazeUtils.moveTile - [moveTile.py:79] - DEBUG - roll: 359.78000000000003 deg, practicalMoveTime: 0.05090028759510373 sec
2026-06-24 23:44:14,160 - mazeUtils.moveTile - [moveTile.py:1803] - DEBUG - moveTile loop time: 50.1 ms
2026-06-24 23:44:14,165 - picamera2.picamera2 - [picamera2.py:1391] - DEBUG - Execute job: <picamera2.job.Job object at 0x7fbb780b10>
2026-06-24 23:44:14,169 - mazeUtils.device.camera - [camera.py:39] - DEBUG - Average HSV: H=114.1, S=126.9, V=187.8
2026-06-24 23:44:14,206 - mazeUtils.moveTile - [moveTile.py:79] - DEBUG - roll: 0.05000000000001137 deg, practicalMoveTime: 0.09737927150355427 sec
2026-06-24 23:44:14,207 - mazeUtils.moveTile - [moveTile.py:1803] - DEBUG - moveTile loop time: 46.9 ms
2026-06-24 23:44:14,212 - picamera2.picamera2 - [picamera2.py:1391] - DEBUG - Execute job: <picamera2.job.Job object at 0x7fbb780b10>
2026-06-24 23:44:14,216 - mazeUtils.device.camera - [camera.py:39] - DEBUG - Average HSV: H=114.2, S=127.1, V=187.8
2026-06-24 23:44:14,253 - mazeUtils.moveTile - [moveTile.py:79] - DEBUG - roll: 359.73 deg, practicalMoveTime: 0.14312771863289486 sec
2026-06-24 23:44:14,253 - mazeUtils.moveTile - [moveTile.py:1803] - DEBUG - moveTile loop time: 46.0 ms
2026-06-24 23:44:14,258 - picamera2.picamera2 - [picamera2.py:1391] - DEBUG - Execute job: <picamera2.job.Job object at 0x7f95e1ca10>
2026-06-24 23:44:14,261 - mazeUtils.device.camera - [camera.py:39] - DEBUG - Average HSV: H=113.2, S=134.7, V=191.4
2026-06-24 23:44:14,294 - mazeUtils.moveTile - [moveTile.py:79] - DEBUG - roll: 359.86 deg, practicalMoveTime: 0.18441870086827222 sec
2026-06-24 23:44:14,295 - mazeUtils.moveTile - [moveTile.py:1803] - DEBUG - moveTile loop time: 41.6 ms
2026-06-24 23:44:14,302 - picamera2.picamera2 - [picamera2.py:1391] - DEBUG - Execute job: <picamera2.job.Job object at 0x7f96de9290>
2026-06-24 23:44:14,306 - mazeUtils.device.camera - [camera.py:39] - DEBUG - Average HSV: H=113.2, S=139.5, V=190.1
2026-06-24 23:44:14,342 - mazeUtils.moveTile - [moveTile.py:79] - DEBUG - roll: 358.92 deg, practicalMoveTime: 0.23167959565201454 sec
2026-06-24 23:44:14,343 - mazeUtils.moveTile - [moveTile.py:1803] - DEBUG - moveTile loop time: 47.5 ms
2026-06-24 23:44:14,348 - picamera2.picamera2 - [picamera2.py:1391] - DEBUG - Execute job: <picamera2.job.Job object at 0x7f8c31b510>
2026-06-24 23:44:14,351 - mazeUtils.device.camera - [camera.py:39] - DEBUG - Average HSV: H=113.2, S=137.2, V=191.9
2026-06-24 23:44:14,389 - mazeUtils.moveTile - [moveTile.py:79] - DEBUG - roll: 359.90000000000003 deg, practicalMoveTime: 0.27757946303668457 sec
2026-06-24 23:44:14,389 - mazeUtils.moveTile - [moveTile.py:1803] - DEBUG - moveTile loop time: 46.2 ms
2026-06-24 23:44:14,395 - picamera2.picamera2 - [picamera2.py:1391] - DEBUG - Execute job: <picamera2.job.Job object at 0x7faf4a9650>
2026-06-24 23:44:14,399 - mazeUtils.device.camera - [camera.py:39] - DEBUG - Average HSV: H=113.2, S=140.4, V=190.5
2026-06-24 23:44:14,433 - mazeUtils.moveTile - [moveTile.py:79] - DEBUG - roll: 359.8 deg, practicalMoveTime: 0.3214347122502094 sec
2026-06-24 23:44:14,433 - mazeUtils.moveTile - [moveTile.py:1803] - DEBUG - moveTile loop time: 44.1 ms
2026-06-24 23:44:14,439 - picamera2.picamera2 - [picamera2.py:1391] - DEBUG - Execute job: <picamera2.job.Job object at 0x7fbb780b10>
2026-06-24 23:44:14,442 - mazeUtils.device.camera - [camera.py:39] - DEBUG - Average HSV: H=112.7, S=143.4, V=194.7
2026-06-24 23:44:14,478 - mazeUtils.moveTile - [moveTile.py:79] - DEBUG - roll: 359.81 deg, practicalMoveTime: 0.3663538107100761 sec
2026-06-24 23:44:14,479 - mazeUtils.moveTile - [moveTile.py:1803] - DEBUG - moveTile loop time: 45.1 ms
2026-06-24 23:44:14,484 - picamera2.picamera2 - [picamera2.py:1391] - DEBUG - Execute job: <picamera2.job.Job object at 0x7f95e1ca10>
2026-06-24 23:44:14,487 - mazeUtils.device.camera - [camera.py:39] - DEBUG - Average HSV: H=112.5, S=145.8, V=195.7
2026-06-24 23:44:14,524 - mazeUtils.moveTile - [moveTile.py:79] - DEBUG - roll: 359.72 deg, practicalMoveTime: 0.41192212007629836 sec
2026-06-24 23:44:14,525 - mazeUtils.moveTile - [moveTile.py:1803] - DEBUG - moveTile loop time: 45.9 ms
2026-06-24 23:44:14,537 - picamera2.picamera2 - [picamera2.py:1391] - DEBUG - Execute job: <picamera2.job.Job object at 0x7f95e01b50>
2026-06-24 23:44:14,541 - mazeUtils.device.camera - [camera.py:39] - DEBUG - Average HSV: H=112.4, S=149.1, V=197.0
2026-06-24 23:44:14,576 - mazeUtils.moveTile - [moveTile.py:79] - DEBUG - roll: 359.67 deg, practicalMoveTime: 0.46289720127552825 sec
2026-06-24 23:44:14,576 - mazeUtils.moveTile - [moveTile.py:1803] - DEBUG - moveTile loop time: 51.2 ms
2026-06-24 23:44:14,581 - picamera2.picamera2 - [picamera2.py:1391] - DEBUG - Execute job: <picamera2.job.Job object at 0x7fa51d05d0>
2026-06-24 23:44:14,584 - mazeUtils.device.camera - [camera.py:39] - DEBUG - Average HSV: H=112.0, S=150.0, V=199.9
2026-06-24 23:44:14,623 - mazeUtils.moveTile - [moveTile.py:79] - DEBUG - roll: 359.44 deg, practicalMoveTime: 0.5090197695140298 sec
2026-06-24 23:44:14,623 - mazeUtils.moveTile - [moveTile.py:1803] - DEBUG - moveTile loop time: 46.5 ms
2026-06-24 23:44:14,629 - picamera2.picamera2 - [picamera2.py:1391] - DEBUG - Execute job: <picamera2.job.Job object at 0x7f95e12a50>
2026-06-24 23:44:14,633 - mazeUtils.device.camera - [camera.py:39] - DEBUG - Average HSV: H=111.8, S=154.7, V=201.9
2026-06-24 23:44:14,667 - mazeUtils.moveTile - [moveTile.py:79] - DEBUG - roll: 359.85 deg, practicalMoveTime: 0.5528310800960219 sec
2026-06-24 23:44:14,667 - mazeUtils.moveTile - [moveTile.py:1803] - DEBUG - moveTile loop time: 43.8 ms
2026-06-24 23:44:14,672 - picamera2.picamera2 - [picamera2.py:1391] - DEBUG - Execute job: <picamera2.job.Job object at 0x7f95db34d0>
2026-06-24 23:44:14,676 - mazeUtils.device.camera - [camera.py:39] - DEBUG - Average HSV: H=111.4, S=158.1, V=203.3
2026-06-24 23:44:14,712 - mazeUtils.moveTile - [moveTile.py:79] - DEBUG - roll: 0.03000000000002956 deg, practicalMoveTime: 0.5977853793380865 sec
2026-06-24 23:44:14,713 - mazeUtils.moveTile - [moveTile.py:1803] - DEBUG - moveTile loop time: 45.2 ms
2026-06-24 23:44:14,725 - picamera2.picamera2 - [picamera2.py:1391] - DEBUG - Execute job: <picamera2.job.Job object at 0x7f7565fe50>
2026-06-24 23:44:14,728 - mazeUtils.device.camera - [camera.py:39] - DEBUG - Average HSV: H=110.9, S=166.3, V=205.7
2026-06-24 23:44:14,767 - mazeUtils.moveTile - [moveTile.py:79] - DEBUG - roll: 359.3 deg, practicalMoveTime: 0.6522501158360627 sec
2026-06-24 23:44:14,768 - mazeUtils.moveTile - [moveTile.py:1803] - DEBUG - moveTile loop time: 54.7 ms
2026-06-24 23:44:14,773 - picamera2.picamera2 - [picamera2.py:1391] - DEBUG - Execute job: <picamera2.job.Job object at 0x7f8c31b510>
2026-06-24 23:44:14,776 - mazeUtils.device.camera - [camera.py:39] - DEBUG - Average HSV: H=110.4, S=167.0, V=209.7
2026-06-24 23:44:14,808 - mazeUtils.moveTile - [moveTile.py:79] - DEBUG - roll: 0.12000000000000455 deg, practicalMoveTime: 0.692636672060097 sec
2026-06-24 23:44:14,809 - mazeUtils.moveTile - [moveTile.py:1803] - DEBUG - moveTile loop time: 40.6 ms
2026-06-24 23:44:14,814 - picamera2.picamera2 - [picamera2.py:1391] - DEBUG - Execute job: <picamera2.job.Job object at 0x7faf4a9650>
2026-06-24 23:44:14,817 - mazeUtils.device.camera - [camera.py:39] - DEBUG - Average HSV: H=110.4, S=166.7, V=209.7
2026-06-24 23:44:14,847 - mazeUtils.moveTile - [moveTile.py:79] - DEBUG - roll: 359.62 deg, practicalMoveTime: 0.731260004449125 sec
2026-06-24 23:44:14,848 - mazeUtils.moveTile - [moveTile.py:1803] - DEBUG - moveTile loop time: 38.8 ms
2026-06-24 23:44:14,853 - picamera2.picamera2 - [picamera2.py:1391] - DEBUG - Execute job: <picamera2.job.Job object at 0x7f95e01b50>
2026-06-24 23:44:14,856 - mazeUtils.device.camera - [camera.py:39] - DEBUG - Average HSV: H=109.8, S=178.8, V=209.3
2026-06-24 23:44:14,888 - mazeUtils.moveTile - [moveTile.py:79] - DEBUG - roll: 359.13 deg, practicalMoveTime: 0.771340999306931 sec
2026-06-24 23:44:14,888 - mazeUtils.moveTile - [moveTile.py:1803] - DEBUG - moveTile loop time: 40.3 ms
2026-06-24 23:44:14,895 - picamera2.picamera2 - [picamera2.py:1391] - DEBUG - Execute job: <picamera2.job.Job object at 0x7f7565fe50>
2026-06-24 23:44:14,897 - mazeUtils.device.camera - [camera.py:39] - DEBUG - Average HSV: H=109.8, S=179.6, V=210.1
2026-06-24 23:44:14,933 - mazeUtils.moveTile - [moveTile.py:79] - DEBUG - roll: 0.18000000000000682 deg, practicalMoveTime: 0.8156164884956072 sec
2026-06-24 23:44:14,933 - mazeUtils.moveTile - [moveTile.py:1803] - DEBUG - moveTile loop time: 44.6 ms
2026-06-24 23:44:14,938 - picamera2.picamera2 - [picamera2.py:1391] - DEBUG - Execute job: <picamera2.job.Job object at 0x7f96de9290>
2026-06-24 23:44:14,941 - mazeUtils.device.camera - [camera.py:39] - DEBUG - Average HSV: H=110.6, S=204.7, V=189.1
2026-06-24 23:44:14,974 - mazeUtils.moveTile - [moveTile.py:1651] - INFO - practicalVerticalMove: -0.16849687201145772 CM
2026-06-24 23:44:15,019 - mazeUtils.moveTile - [moveTile.py:79] - DEBUG - Little forward to adjust position
2026-06-24 23:44:15,102 - mazeUtils.moveTile - [moveTile.py:1998] - INFO - Set moved vertical distance: -0.16849687201145772 cm, past distances: [(0, False), (0, False), (0, False)]
2026-06-24 23:44:15,247 - mazeUtils.moveTile - [moveTile.py:553] - DEBUG - Direction: absDirection.NORTH, Angle: 0, Distance: 12.330731733842596 cm
2026-06-24 23:44:15,247 - mazeUtils.moveTile - [moveTile.py:578] - DEBUG - Front LiDAR distance: 12.330731733842596 cm, TSD10 distance: 2.5 cm
2026-06-24 23:44:15,248 - mazeUtils.moveTile - [moveTile.py:553] - DEBUG - Direction: absDirection.EAST, Angle: 270, Distance: 15.467910115253334 cm
2026-06-24 23:44:15,250 - mazeUtils.moveTile - [moveTile.py:553] - DEBUG - Direction: absDirection.SOUTH, Angle: 180, Distance: 170.36983270200747 cm
2026-06-24 23:44:15,251 - mazeUtils.moveTile - [moveTile.py:553] - DEBUG - Direction: absDirection.WEST, Angle: 90, Distance: 45.98281143413985 cm
2026-06-24 23:44:15,253 - mazeUtils.moveTile - [moveTile.py:2153] - INFO - Tile color detection, decided tile type: E
2026-06-24 23:44:15,311 - __main__ - [main.py:105] - INFO - Current position: (20, 19, 0), front direction: absDirection.NORTH
Layer 0 (altitude=0.0cm, offset=(0.0cm, 0.0cm)):
Known map area: x=20..20, y=19..20
+---+
  @ |
+   +
  S |
+   +
mazeAsGraph[0][19][20] = {absDirection.NORTH: None, absDirection.EAST: None, absDirection.SOUTH: (20, 20, 0, 30), absDirection.WEST: (19, 19, 0, 30)}
mazeAsGraph[0][20][20] = {absDirection.NORTH: (20, 19, 0, 30), absDirection.EAST: None, absDirection.SOUTH: (20, 21, 0, 30), absDirection.WEST: (19, 20, 0, 30)}
2026-06-24 23:44:15,321 - mazeUtils.mazeMap - [mazeMap.py:61] - INFO - next goal: (19, 19, 0)
2026-06-24 23:44:15,328 - mazeUtils.moveTile - [moveTile.py:79] - DEBUG - Moving to absDirection.WEST from (20, 19, 0) facing absDirection.NORTH
2026-06-24 23:44:15,359 - mazeUtils.moveTile - [moveTile.py:79] - DEBUG - current heading: 1.160000000000025 target: 90
2026-06-24 23:44:16,366 - mazeUtils.moveTile - [moveTile.py:427] - DEBUG - stopped turning at heading: 85.25, diff: 4.75
2026-06-24 23:44:16,414 - mazeUtils.moveTile - [moveTile.py:79] - DEBUG - Turned to heading: 88.46000000000004 deg
2026-06-24 23:44:16,585 - mazeUtils.moveTile - [moveTile.py:79] - DEBUG - Little backward to adjust position
2026-06-24 23:44:16,909 - picamera2.picamera2 - [picamera2.py:1391] - DEBUG - Execute job: <picamera2.job.Job object at 0x7fbb4b9290>
2026-06-24 23:44:16,912 - mazeUtils.device.camera - [camera.py:39] - DEBUG - Average HSV: H=108.7, S=178.0, V=231.5
2026-06-24 23:44:16,949 - mazeUtils.moveTile - [moveTile.py:79] - DEBUG - roll: 0.34000000000003183 deg, practicalMoveTime: 0.048558282837133544 sec
2026-06-24 23:44:16,949 - mazeUtils.moveTile - [moveTile.py:1803] - DEBUG - moveTile loop time: 47.7 ms
2026-06-24 23:44:16,954 - picamera2.picamera2 - [picamera2.py:1391] - DEBUG - Execute job: <picamera2.job.Job object at 0x7f96ebbf90>
2026-06-24 23:44:16,958 - mazeUtils.device.camera - [camera.py:39] - DEBUG - Average HSV: H=108.9, S=176.4, V=230.0
2026-06-24 23:44:16,991 - mazeUtils.moveTile - [moveTile.py:79] - DEBUG - roll: 359.81 deg, practicalMoveTime: 0.0896279888208039 sec
2026-06-24 23:44:16,991 - mazeUtils.moveTile - [moveTile.py:1803] - DEBUG - moveTile loop time: 41.3 ms
2026-06-24 23:44:17,001 - picamera2.picamera2 - [picamera2.py:1391] - DEBUG - Execute job: <picamera2.job.Job object at 0x7f96de9210>
2026-06-24 23:44:17,004 - mazeUtils.device.camera - [camera.py:39] - DEBUG - Average HSV: H=108.4, S=176.6, V=233.1
2026-06-24 23:44:17,050 - mazeUtils.moveTile - [moveTile.py:79] - DEBUG - roll: 358.47 deg, practicalMoveTime: 0.1484654884739393 sec
2026-06-24 23:44:17,050 - mazeUtils.moveTile - [moveTile.py:1803] - DEBUG - moveTile loop time: 59.1 ms
2026-06-24 23:44:17,055 - picamera2.picamera2 - [picamera2.py:1391] - DEBUG - Execute job: <picamera2.job.Job object at 0x7f77c87310>
2026-06-24 23:44:17,058 - mazeUtils.device.camera - [camera.py:39] - DEBUG - Average HSV: H=107.8, S=182.9, V=236.7
2026-06-24 23:44:17,092 - mazeUtils.moveTile - [moveTile.py:79] - DEBUG - roll: 359.41 deg, practicalMoveTime: 0.19006836363776727 sec
2026-06-24 23:44:17,092 - mazeUtils.moveTile - [moveTile.py:1803] - DEBUG - moveTile loop time: 41.9 ms
2026-06-24 23:44:17,105 - picamera2.picamera2 - [picamera2.py:1391] - DEBUG - Execute job: <picamera2.job.Job object at 0x7f96ebbf90>
2026-06-24 23:44:17,108 - mazeUtils.device.camera - [camera.py:39] - DEBUG - Average HSV: H=107.7, S=185.4, V=235.8
2026-06-24 23:44:17,148 - mazeUtils.moveTile - [moveTile.py:79] - DEBUG - roll: 359.22 deg, practicalMoveTime: 0.245192816429392 sec
2026-06-24 23:44:17,148 - mazeUtils.moveTile - [moveTile.py:1803] - DEBUG - moveTile loop time: 55.4 ms
2026-06-24 23:44:17,160 - picamera2.picamera2 - [picamera2.py:1391] - DEBUG - Execute job: <picamera2.job.Job object at 0x7f77c87310>
2026-06-24 23:44:17,163 - mazeUtils.device.camera - [camera.py:39] - DEBUG - Average HSV: H=108.1, S=181.5, V=233.3
2026-06-24 23:44:17,197 - mazeUtils.moveTile - [moveTile.py:79] - DEBUG - roll: 0.12999999999999545 deg, practicalMoveTime: 0.29417543592260187 sec
2026-06-24 23:44:17,198 - mazeUtils.moveTile - [moveTile.py:1803] - DEBUG - moveTile loop time: 49.5 ms
2026-06-24 23:44:17,210 - picamera2.picamera2 - [picamera2.py:1391] - DEBUG - Execute job: <picamera2.job.Job object at 0x7f96deaf10>
2026-06-24 23:44:17,212 - mazeUtils.device.camera - [camera.py:39] - DEBUG - Average HSV: H=107.7, S=185.3, V=237.6
2026-06-24 23:44:17,260 - mazeUtils.moveTile - [moveTile.py:79] - DEBUG - roll: 4.8799999999999955 deg, practicalMoveTime: 0.3559619127166475 sec
2026-06-24 23:44:17,260 - mazeUtils.moveTile - [moveTile.py:1803] - DEBUG - moveTile loop time: 62.2 ms
2026-06-24 23:44:17,265 - picamera2.picamera2 - [picamera2.py:1391] - DEBUG - Execute job: <picamera2.job.Job object at 0x7fbb4b9290>
2026-06-24 23:44:17,268 - mazeUtils.device.camera - [camera.py:39] - DEBUG - Average HSV: H=108.0, S=183.0, V=237.8
2026-06-24 23:44:17,306 - mazeUtils.moveTile - [moveTile.py:79] - DEBUG - roll: 5.889999999999986 deg, practicalMoveTime: 0.4012388969009047 sec
2026-06-24 23:44:17,306 - mazeUtils.moveTile - [moveTile.py:1803] - DEBUG - moveTile loop time: 45.6 ms
2026-06-24 23:44:17,317 - picamera2.picamera2 - [picamera2.py:1391] - DEBUG - Execute job: <picamera2.job.Job object at 0x7fa5197190>
2026-06-24 23:44:17,320 - mazeUtils.device.camera - [camera.py:39] - DEBUG - Average HSV: H=109.0, S=178.8, V=233.4
2026-06-24 23:44:17,352 - mazeUtils.moveTile - [moveTile.py:79] - DEBUG - roll: 10.25 deg, practicalMoveTime: 0.4375173316101163 sec
2026-06-24 23:44:17,353 - mazeUtils.moveTile - [moveTile.py:1803] - DEBUG - moveTile loop time: 46.1 ms
2026-06-24 23:44:17,357 - picamera2.picamera2 - [picamera2.py:1391] - DEBUG - Execute job: <picamera2.job.Job object at 0x7fbb4b9290>
2026-06-24 23:44:17,360 - mazeUtils.device.camera - [camera.py:39] - DEBUG - Average HSV: H=108.8, S=178.4, V=234.7
2026-06-24 23:44:17,401 - mazeUtils.moveTile - [moveTile.py:79] - DEBUG - roll: 12.920000000000016 deg, practicalMoveTime: 0.47550235349979797 sec
2026-06-24 23:44:17,402 - mazeUtils.moveTile - [moveTile.py:1803] - DEBUG - moveTile loop time: 48.6 ms
2026-06-24 23:44:17,407 - picamera2.picamera2 - [picamera2.py:1391] - DEBUG - Execute job: <picamera2.job.Job object at 0x7faf052950>
2026-06-24 23:44:17,410 - mazeUtils.device.camera - [camera.py:39] - DEBUG - Average HSV: H=109.9, S=166.7, V=231.1
2026-06-24 23:44:17,442 - mazeUtils.moveTile - [moveTile.py:79] - DEBUG - roll: 14.75 deg, practicalMoveTime: 0.506639830454849 sec
2026-06-24 23:44:17,442 - mazeUtils.moveTile - [moveTile.py:1803] - DEBUG - moveTile loop time: 40.6 ms
2026-06-24 23:44:17,448 - picamera2.picamera2 - [picamera2.py:1391] - DEBUG - Execute job: <picamera2.job.Job object at 0x7f77c87310>
2026-06-24 23:44:17,451 - mazeUtils.device.camera - [camera.py:39] - DEBUG - Average HSV: H=109.9, S=163.0, V=230.9
2026-06-24 23:44:17,497 - mazeUtils.moveTile - [moveTile.py:79] - DEBUG - roll: 17.430000000000007 deg, practicalMoveTime: 0.5488470199642962 sec
2026-06-24 23:44:17,498 - mazeUtils.moveTile - [moveTile.py:1803] - DEBUG - moveTile loop time: 55.3 ms
2026-06-24 23:44:17,502 - picamera2.picamera2 - [picamera2.py:1391] - DEBUG - Execute job: <picamera2.job.Job object at 0x7f96de9210>
2026-06-24 23:44:17,505 - mazeUtils.device.camera - [camera.py:39] - DEBUG - Average HSV: H=110.5, S=157.5, V=228.5
2026-06-24 23:44:17,540 - mazeUtils.moveTile - [moveTile.py:79] - DEBUG - roll: 21.639999999999986 deg, practicalMoveTime: 0.5802972710345257 sec
2026-06-24 23:44:17,541 - mazeUtils.moveTile - [moveTile.py:1803] - DEBUG - moveTile loop time: 42.6 ms
2026-06-24 23:44:17,546 - picamera2.picamera2 - [picamera2.py:1391] - DEBUG - Execute job: <picamera2.job.Job object at 0x7fbb4b9290>
2026-06-24 23:44:17,549 - mazeUtils.device.camera - [camera.py:39] - DEBUG - Average HSV: H=111.1, S=152.8, V=224.7
2026-06-24 23:44:17,587 - mazeUtils.moveTile - [moveTile.py:79] - DEBUG - roll: 23.55000000000001 deg, practicalMoveTime: 0.6140636029922293 sec
2026-06-24 23:44:17,587 - mazeUtils.moveTile - [moveTile.py:1803] - DEBUG - moveTile loop time: 45.9 ms
2026-06-24 23:44:17,597 - picamera2.picamera2 - [picamera2.py:1391] - DEBUG - Execute job: <picamera2.job.Job object at 0x7fa5197190>
2026-06-24 23:44:17,601 - mazeUtils.device.camera - [camera.py:39] - DEBUG - Average HSV: H=111.9, S=151.8, V=218.3
2026-06-24 23:44:17,635 - mazeUtils.moveTile - [moveTile.py:79] - DEBUG - roll: 25.910000000000025 deg, practicalMoveTime: 0.6483913030130174 sec
2026-06-24 23:44:17,635 - mazeUtils.moveTile - [moveTile.py:1803] - DEBUG - moveTile loop time: 47.7 ms
2026-06-24 23:44:17,646 - picamera2.picamera2 - [picamera2.py:1391] - DEBUG - Execute job: <picamera2.job.Job object at 0x7f96de9410>
2026-06-24 23:44:17,649 - mazeUtils.device.camera - [camera.py:39] - DEBUG - Average HSV: H=112.5, S=151.0, V=213.1
2026-06-24 23:44:17,690 - mazeUtils.moveTile - [moveTile.py:79] - DEBUG - roll: 26.08000000000004 deg, practicalMoveTime: 0.6873236310709839 sec
2026-06-24 23:44:17,690 - mazeUtils.moveTile - [moveTile.py:1803] - DEBUG - moveTile loop time: 54.6 ms
2026-06-24 23:44:17,701 - picamera2.picamera2 - [picamera2.py:1391] - DEBUG - Execute job: <picamera2.job.Job object at 0x7faf052950>
2026-06-24 23:44:17,704 - mazeUtils.device.camera - [camera.py:39] - DEBUG - Average HSV: H=112.6, S=153.2, V=211.9
2026-06-24 23:44:17,738 - mazeUtils.moveTile - [moveTile.py:79] - DEBUG - roll: 25.150000000000034 deg, practicalMoveTime: 0.72158711369314 sec
2026-06-24 23:44:17,738 - mazeUtils.moveTile - [moveTile.py:1803] - DEBUG - moveTile loop time: 47.6 ms
2026-06-24 23:44:17,751 - picamera2.picamera2 - [picamera2.py:1391] - DEBUG - Execute job: <picamera2.job.Job object at 0x7f96ebbf90>
2026-06-24 23:44:17,754 - mazeUtils.device.camera - [camera.py:39] - DEBUG - Average HSV: H=112.3, S=155.4, V=213.4
2026-06-24 23:44:17,797 - mazeUtils.moveTile - [moveTile.py:79] - DEBUG - roll: 25.120000000000005 deg, practicalMoveTime: 0.7643154901623211 sec
2026-06-24 23:44:17,798 - mazeUtils.moveTile - [moveTile.py:1803] - DEBUG - moveTile loop time: 59.1 ms
2026-06-24 23:44:17,803 - picamera2.picamera2 - [picamera2.py:1391] - DEBUG - Execute job: <picamera2.job.Job object at 0x7f77c87310>
2026-06-24 23:44:17,806 - mazeUtils.device.camera - [camera.py:39] - DEBUG - Average HSV: H=112.3, S=156.8, V=211.0
2026-06-24 23:44:17,848 - mazeUtils.moveTile - [moveTile.py:79] - DEBUG - roll: 24.27000000000004 deg, practicalMoveTime: 0.8007408193517431 sec
2026-06-24 23:44:17,848 - mazeUtils.moveTile - [moveTile.py:1803] - DEBUG - moveTile loop time: 50.5 ms
2026-06-24 23:44:17,853 - picamera2.picamera2 - [picamera2.py:1391] - DEBUG - Execute job: <picamera2.job.Job object at 0x7fbb4b9290>
2026-06-24 23:44:17,857 - mazeUtils.device.camera - [camera.py:39] - DEBUG - Average HSV: H=111.9, S=159.3, V=213.5
2026-06-24 23:44:17,903 - picamera2.picamera2 - [picamera2.py:1391] - DEBUG - Execute job: <picamera2.job.Job object at 0x7f96ebbf90>
2026-06-24 23:44:17,906 - mazeUtils.device.camera - [camera.py:39] - DEBUG - Average HSV: H=112.1, S=159.5, V=211.2
2026-06-24 23:44:17,953 - mazeUtils.moveTile - [moveTile.py:79] - DEBUG - roll: 24.720000000000027 deg, practicalMoveTime: 0.8766225243452337 sec
2026-06-24 23:44:17,953 - mazeUtils.moveTile - [moveTile.py:1803] - DEBUG - moveTile loop time: 62.7 ms
2026-06-24 23:44:17,964 - picamera2.picamera2 - [picamera2.py:1391] - DEBUG - Execute job: <picamera2.job.Job object at 0x7f96de9410>
2026-06-24 23:44:17,967 - mazeUtils.device.camera - [camera.py:39] - DEBUG - Average HSV: H=113.9, S=151.2, V=193.7
2026-06-24 23:44:18,012 - mazeUtils.moveTile - [moveTile.py:79] - DEBUG - roll: 23.910000000000025 deg, practicalMoveTime: 0.9194713456027495 sec
2026-06-24 23:44:18,012 - mazeUtils.moveTile - [moveTile.py:1803] - DEBUG - moveTile loop time: 59.1 ms
2026-06-24 23:44:18,017 - picamera2.picamera2 - [picamera2.py:1391] - DEBUG - Execute job: <picamera2.job.Job object at 0x7f96de9410>
2026-06-24 23:44:18,021 - mazeUtils.device.camera - [camera.py:39] - DEBUG - Average HSV: H=117.3, S=127.6, V=164.0
2026-06-24 23:44:18,053 - mazeUtils.moveTile - [moveTile.py:79] - DEBUG - roll: 25.33000000000004 deg, practicalMoveTime: 0.9486948338486938 sec
2026-06-24 23:44:18,053 - mazeUtils.moveTile - [moveTile.py:1803] - DEBUG - moveTile loop time: 40.8 ms
2026-06-24 23:44:18,065 - picamera2.picamera2 - [picamera2.py:1391] - DEBUG - Execute job: <picamera2.job.Job object at 0x7faf052950>
2026-06-24 23:44:18,068 - mazeUtils.device.camera - [camera.py:39] - DEBUG - Average HSV: H=123.3, S=98.4, V=122.4
2026-06-24 23:44:18,108 - mazeUtils.moveTile - [moveTile.py:79] - DEBUG - roll: 25.28000000000003 deg, practicalMoveTime: 0.9881007254081681 sec
2026-06-24 23:44:18,109 - mazeUtils.moveTile - [moveTile.py:1803] - DEBUG - moveTile loop time: 54.9 ms
2026-06-24 23:44:18,114 - picamera2.picamera2 - [picamera2.py:1391] - DEBUG - Execute job: <picamera2.job.Job object at 0x7faf052950>
2026-06-24 23:44:18,117 - mazeUtils.device.camera - [camera.py:39] - DEBUG - Average HSV: H=123.6, S=91.3, V=123.7
2026-06-24 23:44:18,159 - mazeUtils.moveTile - [moveTile.py:79] - DEBUG - roll: 23.5 deg, practicalMoveTime: 1.0254346205888378 sec
2026-06-24 23:44:18,160 - mazeUtils.moveTile - [moveTile.py:1803] - DEBUG - moveTile loop time: 50.9 ms
2026-06-24 23:44:18,170 - picamera2.picamera2 - [picamera2.py:1391] - DEBUG - Execute job: <picamera2.job.Job object at 0x7f96ebbf90>
2026-06-24 23:44:18,173 - mazeUtils.device.camera - [camera.py:39] - DEBUG - Average HSV: H=125.5, S=89.4, V=117.1
2026-06-24 23:44:18,207 - mazeUtils.moveTile - [moveTile.py:79] - DEBUG - roll: 25.29000000000002 deg, practicalMoveTime: 1.0592510558183057 sec
2026-06-24 23:44:18,207 - mazeUtils.moveTile - [moveTile.py:1803] - DEBUG - moveTile loop time: 47.2 ms
2026-06-24 23:44:18,220 - picamera2.picamera2 - [picamera2.py:1391] - DEBUG - Execute job: <picamera2.job.Job object at 0x7fa5197190>
2026-06-24 23:44:18,223 - mazeUtils.device.camera - [camera.py:39] - DEBUG - Average HSV: H=125.1, S=89.4, V=117.9
2026-06-24 23:44:18,260 - mazeUtils.moveTile - [moveTile.py:79] - DEBUG - roll: 23.44999999999999 deg, practicalMoveTime: 1.0976467109922516 sec
2026-06-24 23:44:18,261 - mazeUtils.moveTile - [moveTile.py:1803] - DEBUG - moveTile loop time: 53.2 ms
2026-06-24 23:44:18,266 - picamera2.picamera2 - [picamera2.py:1391] - DEBUG - Execute job: <picamera2.job.Job object at 0x7fa5197190>
2026-06-24 23:44:18,270 - mazeUtils.device.camera - [camera.py:39] - DEBUG - Average HSV: H=125.8, S=85.1, V=115.9
2026-06-24 23:44:18,303 - mazeUtils.moveTile - [moveTile.py:79] - DEBUG - roll: 25.439999999999998 deg, practicalMoveTime: 1.1287184597805469 sec
2026-06-24 23:44:18,304 - mazeUtils.moveTile - [moveTile.py:1803] - DEBUG - moveTile loop time: 42.8 ms
2026-06-24 23:44:18,308 - picamera2.picamera2 - [picamera2.py:1391] - DEBUG - Execute job: <picamera2.job.Job object at 0x7f96ebbf90>
2026-06-24 23:44:18,311 - mazeUtils.device.camera - [camera.py:39] - DEBUG - Average HSV: H=123.6, S=97.1, V=125.3
2026-06-24 23:44:18,343 - mazeUtils.moveTile - [moveTile.py:79] - DEBUG - roll: 25.210000000000036 deg, practicalMoveTime: 1.1568367086495341 sec
2026-06-24 23:44:18,343 - mazeUtils.moveTile - [moveTile.py:1803] - DEBUG - moveTile loop time: 39.3 ms
2026-06-24 23:44:18,356 - picamera2.picamera2 - [picamera2.py:1391] - DEBUG - Execute job: <picamera2.job.Job object at 0x7fbb4b9290>
2026-06-24 23:44:18,362 - mazeUtils.device.camera - [camera.py:39] - DEBUG - Average HSV: H=123.9, S=95.4, V=124.1
2026-06-24 23:44:18,397 - mazeUtils.moveTile - [moveTile.py:79] - DEBUG - roll: 22.930000000000007 deg, practicalMoveTime: 1.1964198076876627 sec
2026-06-24 23:44:18,398 - mazeUtils.moveTile - [moveTile.py:1803] - DEBUG - moveTile loop time: 54.6 ms
2026-06-24 23:44:18,404 - picamera2.picamera2 - [picamera2.py:1391] - DEBUG - Execute job: <picamera2.job.Job object at 0x7f96deaed0>
2026-06-24 23:44:18,410 - mazeUtils.device.camera - [camera.py:39] - DEBUG - Average HSV: H=124.8, S=90.5, V=120.8
2026-06-24 23:44:18,461 - mazeUtils.moveTile - [moveTile.py:79] - DEBUG - roll: 22.980000000000018 deg, practicalMoveTime: 1.2422665528032881 sec
2026-06-24 23:44:18,463 - mazeUtils.moveTile - [moveTile.py:1803] - DEBUG - moveTile loop time: 63.5 ms
2026-06-24 23:44:18,473 - picamera2.picamera2 - [picamera2.py:1391] - DEBUG - Execute job: <picamera2.job.Job object at 0x7fbb4b9290>
2026-06-24 23:44:18,480 - mazeUtils.device.camera - [camera.py:39] - DEBUG - Average HSV: H=122.9, S=100.0, V=128.6
2026-06-24 23:44:18,516 - mazeUtils.moveTile - [moveTile.py:79] - DEBUG - roll: 17.99000000000001 deg, practicalMoveTime: 1.282251320663699 sec
2026-06-24 23:44:18,517 - mazeUtils.moveTile - [moveTile.py:1803] - DEBUG - moveTile loop time: 52.6 ms
2026-06-24 23:44:18,524 - picamera2.picamera2 - [picamera2.py:1391] - DEBUG - Execute job: <picamera2.job.Job object at 0x7fbb4b9290>
2026-06-24 23:44:18,530 - mazeUtils.device.camera - [camera.py:39] - DEBUG - Average HSV: H=124.1, S=88.0, V=126.2
2026-06-24 23:44:18,568 - mazeUtils.moveTile - [moveTile.py:79] - DEBUG - roll: 16.50999999999999 deg, practicalMoveTime: 1.321875559872407 sec
2026-06-24 23:44:18,569 - mazeUtils.moveTile - [moveTile.py:1803] - DEBUG - moveTile loop time: 52.0 ms
2026-06-24 23:44:18,576 - picamera2.picamera2 - [picamera2.py:1391] - DEBUG - Execute job: <picamera2.job.Job object at 0x7f77c87310>
2026-06-24 23:44:18,583 - mazeUtils.device.camera - [camera.py:39] - DEBUG - Average HSV: H=123.2, S=91.5, V=130.4
2026-06-24 23:44:18,626 - mazeUtils.moveTile - [moveTile.py:79] - DEBUG - roll: 12.090000000000032 deg, practicalMoveTime: 1.3655922964302254 sec
2026-06-24 23:44:18,627 - mazeUtils.moveTile - [moveTile.py:1803] - DEBUG - moveTile loop time: 56.2 ms
2026-06-24 23:44:18,639 - picamera2.picamera2 - [picamera2.py:1391] - DEBUG - Execute job: <picamera2.job.Job object at 0x7f96de9410>
2026-06-24 23:44:18,645 - mazeUtils.device.camera - [camera.py:39] - DEBUG - Average HSV: H=117.4, S=121.0, V=164.9
2026-06-24 23:44:18,682 - mazeUtils.moveTile - [moveTile.py:79] - DEBUG - roll: 10.189999999999998 deg, practicalMoveTime: 1.408507500381868 sec
2026-06-24 23:44:18,682 - mazeUtils.moveTile - [moveTile.py:1803] - DEBUG - moveTile loop time: 54.8 ms
2026-06-24 23:44:18,691 - picamera2.picamera2 - [picamera2.py:1391] - DEBUG - Execute job: <picamera2.job.Job object at 0x7fa5197190>
2026-06-24 23:44:18,699 - mazeUtils.device.camera - [camera.py:39] - DEBUG - Average HSV: H=118.0, S=118.7, V=160.5
2026-06-24 23:44:18,733 - mazeUtils.moveTile - [moveTile.py:79] - DEBUG - roll: 3.75 deg, practicalMoveTime: 1.459136912988969 sec
2026-06-24 23:44:18,734 - mazeUtils.moveTile - [moveTile.py:1803] - DEBUG - moveTile loop time: 51.1 ms
2026-06-24 23:44:18,746 - picamera2.picamera2 - [picamera2.py:1391] - DEBUG - Execute job: <picamera2.job.Job object at 0x7f96de9210>
2026-06-24 23:44:18,753 - mazeUtils.device.camera - [camera.py:39] - DEBUG - Average HSV: H=114.7, S=145.9, V=181.2
2026-06-24 23:44:18,792 - mazeUtils.moveTile - [moveTile.py:79] - DEBUG - roll: 4.2900000000000205 deg, practicalMoveTime: 1.5167946669333392 sec
2026-06-24 23:44:18,793 - mazeUtils.moveTile - [moveTile.py:1803] - DEBUG - moveTile loop time: 58.4 ms
2026-06-24 23:44:18,799 - picamera2.picamera2 - [picamera2.py:1391] - DEBUG - Execute job: <picamera2.job.Job object at 0x7f77c87310>
2026-06-24 23:44:18,806 - mazeUtils.device.camera - [camera.py:39] - DEBUG - Average HSV: H=115.0, S=140.7, V=181.1
2026-06-24 23:44:18,855 - mazeUtils.moveTile - [moveTile.py:79] - DEBUG - roll: 359.21000000000004 deg, practicalMoveTime: 1.5784221397360336 sec
2026-06-24 23:44:18,856 - mazeUtils.moveTile - [moveTile.py:1803] - DEBUG - moveTile loop time: 61.8 ms
2026-06-24 23:44:18,861 - picamera2.picamera2 - [picamera2.py:1391] - DEBUG - Execute job: <picamera2.job.Job object at 0x7f77c87310>
2026-06-24 23:44:18,868 - mazeUtils.device.camera - [camera.py:39] - DEBUG - Average HSV: H=113.7, S=152.9, V=192.5
2026-06-24 23:44:20,923 - mazeUtils.moveTile - [moveTile.py:79] - DEBUG - roll: 359.88 deg, practicalMoveTime: 3.645440696013834 sec
2026-06-24 23:44:20,923 - mazeUtils.moveTile - [moveTile.py:1803] - DEBUG - moveTile loop time: 2067.1 ms
2026-06-24 23:44:20,933 - picamera2.picamera2 - [picamera2.py:1391] - DEBUG - Execute job: <picamera2.job.Job object at 0x7f96ebbf90>
2026-06-24 23:44:20,936 - mazeUtils.device.camera - [camera.py:39] - DEBUG - Average HSV: H=113.8, S=150.3, V=196.4
2026-06-24 23:44:20,976 - mazeUtils.moveTile - [moveTile.py:1651] - INFO - practicalVerticalMove: 15.765827985284767 CM
2026-06-24 23:44:20,977 - mazeUtils.moveTile - [moveTile.py:1662] - INFO - Waiting for adjustment after ramp
2026-06-24 23:44:21,367 - mazeUtils.moveTile - [moveTile.py:1906] - INFO - Set slope for tile at absDirection.WEST, horizontal: 30 cm, vertical: 15 cm based on roll 23.569999999999993 deg
2026-06-24 23:44:21,516 - mazeUtils.moveTile - [moveTile.py:553] - DEBUG - Direction: absDirection.NORTH, Angle: 270, Distance: 15.91321900618696 cm
2026-06-24 23:44:21,517 - mazeUtils.moveTile - [moveTile.py:553] - DEBUG - Direction: absDirection.EAST, Angle: 180, Distance: 166.89324471962357 cm
2026-06-24 23:44:21,519 - mazeUtils.moveTile - [moveTile.py:553] - DEBUG - Direction: absDirection.SOUTH, Angle: 90, Distance: 395.75645486539946 cm
2026-06-24 23:44:21,520 - mazeUtils.moveTile - [moveTile.py:553] - DEBUG - Direction: absDirection.WEST, Angle: 0, Distance: 34.83373050412214 cm
2026-06-24 23:44:21,521 - mazeUtils.moveTile - [moveTile.py:578] - DEBUG - Front LiDAR distance: 34.83373050412214 cm, TSD10 distance: 23.2 cm
2026-06-24 23:44:21,523 - mazeUtils.moveTile - [moveTile.py:2153] - INFO - Tile color detection, decided tile type: E
2026-06-24 23:44:21,601 - __main__ - [main.py:105] - INFO - Current position: (20, 19, 1), front direction: absDirection.WEST
Layer 0 (altitude=0.0cm, offset=(0.0cm, 0.0cm)):
Known map area: x=20..20, y=19..20
+---+
  E |
+   +
  S |
+   +
Layer 1 (altitude=15.0cm, offset=(-60.0cm, 0.0cm)):
Known map area: x=20..20, y=19..19
+---+
  @  
+   +
mazeAsGraph[0][19][20] = {absDirection.NORTH: None, absDirection.EAST: None, absDirection.SOUTH: (20, 20, 0, 30), absDirection.WEST: (20, 19, 1, 60)}
mazeAsGraph[0][20][20] = {absDirection.NORTH: (20, 19, 0, 30), absDirection.EAST: None, absDirection.SOUTH: (20, 21, 0, 30), absDirection.WEST: (19, 20, 0, 30)}
mazeAsGraph[1][19][20] = {absDirection.NORTH: None, absDirection.EAST: (20, 19, 0, 60), absDirection.SOUTH: (20, 20, 1, 30), absDirection.WEST: (19, 19, 1, 30)}
2026-06-24 23:44:21,607 - mazeUtils.mazeMap - [mazeMap.py:61] - INFO - next goal: (19, 19, 1)
2026-06-24 23:44:21,614 - mazeUtils.moveTile - [moveTile.py:79] - DEBUG - Moving to absDirection.WEST from (20, 19, 1) facing absDirection.WEST
2026-06-24 23:44:21,639 - mazeUtils.moveTile - [moveTile.py:79] - DEBUG - current heading: 92.46000000000004 target: 90
2026-06-24 23:44:21,658 - mazeUtils.moveTile - [moveTile.py:427] - DEBUG - stopped turning at heading: 92.46000000000004, diff: 2.4600000000000364
2026-06-24 23:44:21,723 - mazeUtils.moveTile - [moveTile.py:79] - DEBUG - Turned to heading: 91.77999999999997 deg
2026-06-24 23:44:21,991 - picamera2.picamera2 - [picamera2.py:1391] - DEBUG - Execute job: <picamera2.job.Job object at 0x7f77b22cd0>
2026-06-24 23:44:21,995 - mazeUtils.device.camera - [camera.py:39] - DEBUG - Average HSV: H=112.2, S=166.0, V=204.3
2026-06-24 23:44:22,032 - mazeUtils.moveTile - [moveTile.py:79] - DEBUG - roll: 359.29 deg, practicalMoveTime: 0.04821219108524397 sec
2026-06-24 23:44:22,032 - mazeUtils.moveTile - [moveTile.py:1803] - DEBUG - moveTile loop time: 47.4 ms
2026-06-24 23:44:22,043 - picamera2.picamera2 - [picamera2.py:1391] - DEBUG - Execute job: <picamera2.job.Job object at 0x7f77c87310>
2026-06-24 23:44:22,047 - mazeUtils.device.camera - [camera.py:39] - DEBUG - Average HSV: H=112.6, S=165.0, V=202.1
2026-06-24 23:44:22,087 - mazeUtils.moveTile - [moveTile.py:79] - DEBUG - roll: 359.93 deg, practicalMoveTime: 0.10269213353659185 sec
2026-06-24 23:44:22,087 - mazeUtils.moveTile - [moveTile.py:1803] - DEBUG - moveTile loop time: 54.8 ms
2026-06-24 23:44:22,092 - picamera2.picamera2 - [picamera2.py:1391] - DEBUG - Execute job: <picamera2.job.Job object at 0x7f77a1ee10>
2026-06-24 23:44:22,095 - mazeUtils.device.camera - [camera.py:39] - DEBUG - Average HSV: H=112.2, S=165.1, V=204.0
2026-06-24 23:44:22,129 - mazeUtils.moveTile - [moveTile.py:79] - DEBUG - roll: 358.52000000000004 deg, practicalMoveTime: 0.1448060415470473 sec
2026-06-24 23:44:22,130 - mazeUtils.moveTile - [moveTile.py:1803] - DEBUG - moveTile loop time: 42.4 ms
2026-06-24 23:44:22,135 - picamera2.picamera2 - [picamera2.py:1391] - DEBUG - Execute job: <picamera2.job.Job object at 0x7fa7daf890>
2026-06-24 23:44:22,138 - mazeUtils.device.camera - [camera.py:39] - DEBUG - Average HSV: H=111.5, S=172.2, V=207.0
2026-06-24 23:44:22,170 - mazeUtils.moveTile - [moveTile.py:79] - DEBUG - roll: 359.04 deg, practicalMoveTime: 0.18511348209713002 sec
2026-06-24 23:44:22,171 - mazeUtils.moveTile - [moveTile.py:1803] - DEBUG - moveTile loop time: 40.8 ms
2026-06-24 23:44:22,181 - picamera2.picamera2 - [picamera2.py:1391] - DEBUG - Execute job: <picamera2.job.Job object at 0x7fa7dbb990>
2026-06-24 23:44:22,185 - mazeUtils.device.camera - [camera.py:39] - DEBUG - Average HSV: H=111.1, S=175.2, V=210.0
2026-06-24 23:44:22,225 - mazeUtils.moveTile - [moveTile.py:79] - DEBUG - roll: 357.69 deg, practicalMoveTime: 0.23943822286022187 sec
2026-06-24 23:44:22,225 - mazeUtils.moveTile - [moveTile.py:1803] - DEBUG - moveTile loop time: 54.2 ms
2026-06-24 23:44:22,230 - picamera2.picamera2 - [picamera2.py:1391] - DEBUG - Execute job: <picamera2.job.Job object at 0x7fa5197190>
2026-06-24 23:44:22,234 - mazeUtils.device.camera - [camera.py:39] - DEBUG - Average HSV: H=110.6, S=179.7, V=214.7
2026-06-24 23:44:22,271 - mazeUtils.moveTile - [moveTile.py:79] - DEBUG - roll: 359.17 deg, practicalMoveTime: 0.2852423743569241 sec
2026-06-24 23:44:22,272 - mazeUtils.moveTile - [moveTile.py:1803] - DEBUG - moveTile loop time: 46.1 ms
2026-06-24 23:44:22,278 - picamera2.picamera2 - [picamera2.py:1391] - DEBUG - Execute job: <picamera2.job.Job object at 0x7f77c87310>
2026-06-24 23:44:22,282 - mazeUtils.device.camera - [camera.py:39] - DEBUG - Average HSV: H=109.9, S=183.9, V=222.2
2026-06-24 23:44:22,331 - mazeUtils.moveTile - [moveTile.py:79] - DEBUG - roll: 357.74 deg, practicalMoveTime: 0.34426136919708394 sec
2026-06-24 23:44:22,331 - mazeUtils.moveTile - [moveTile.py:1803] - DEBUG - moveTile loop time: 59.4 ms
2026-06-24 23:44:22,341 - picamera2.picamera2 - [picamera2.py:1391] - DEBUG - Execute job: <picamera2.job.Job object at 0x7fa7dba290>
2026-06-24 23:44:22,345 - mazeUtils.device.camera - [camera.py:39] - DEBUG - Average HSV: H=109.0, S=188.3, V=229.0
2026-06-24 23:44:22,381 - mazeUtils.moveTile - [moveTile.py:79] - DEBUG - roll: 359.18 deg, practicalMoveTime: 0.3935211773728851 sec
2026-06-24 23:44:22,381 - mazeUtils.moveTile - [moveTile.py:1803] - DEBUG - moveTile loop time: 49.4 ms
2026-06-24 23:44:22,386 - picamera2.picamera2 - [picamera2.py:1391] - DEBUG - Execute job: <picamera2.job.Job object at 0x7f96ebbf90>
2026-06-24 23:44:22,389 - mazeUtils.device.camera - [camera.py:39] - DEBUG - Average HSV: H=108.4, S=194.6, V=231.8
2026-06-24 23:44:22,425 - mazeUtils.moveTile - [moveTile.py:79] - DEBUG - roll: 359.98 deg, practicalMoveTime: 0.4375660997303305 sec
2026-06-24 23:44:22,426 - mazeUtils.moveTile - [moveTile.py:1803] - DEBUG - moveTile loop time: 44.3 ms
2026-06-24 23:44:22,431 - picamera2.picamera2 - [picamera2.py:1391] - DEBUG - Execute job: <picamera2.job.Job object at 0x7fa7daf890>
2026-06-24 23:44:22,435 - mazeUtils.device.camera - [camera.py:39] - DEBUG - Average HSV: H=108.3, S=199.3, V=232.2
2026-06-24 23:44:22,472 - mazeUtils.moveTile - [moveTile.py:79] - DEBUG - roll: 359.62 deg, practicalMoveTime: 0.4840703403794576 sec
2026-06-24 23:44:22,473 - mazeUtils.moveTile - [moveTile.py:1803] - DEBUG - moveTile loop time: 46.8 ms
2026-06-24 23:44:22,480 - picamera2.picamera2 - [picamera2.py:1391] - DEBUG - Execute job: <picamera2.job.Job object at 0x7fa7daf890>
2026-06-24 23:44:22,483 - mazeUtils.device.camera - [camera.py:39] - DEBUG - Average HSV: H=109.6, S=201.6, V=219.2
2026-06-24 23:44:22,521 - mazeUtils.moveTile - [moveTile.py:79] - DEBUG - roll: 0.12000000000000455 deg, practicalMoveTime: 0.5324107109005001 sec
2026-06-24 23:44:22,522 - mazeUtils.moveTile - [moveTile.py:1803] - DEBUG - moveTile loop time: 48.2 ms
2026-06-24 23:44:22,526 - picamera2.picamera2 - [picamera2.py:1391] - DEBUG - Execute job: <picamera2.job.Job object at 0x7f77c87310>
2026-06-24 23:44:22,530 - mazeUtils.device.camera - [camera.py:39] - DEBUG - Average HSV: H=112.2, S=204.0, V=188.1
2026-06-24 23:44:22,609 - mazeUtils.moveTile - [moveTile.py:79] - DEBUG - Little forward to adjust position
2026-06-24 23:44:22,683 - mazeUtils.moveTile - [moveTile.py:1998] - INFO - Set moved vertical distance: -0.3448135521539236 cm, past distances: [(15.765827985284767, True), (0, False), (0, False)]
2026-06-24 23:44:22,828 - mazeUtils.moveTile - [moveTile.py:553] - DEBUG - Direction: absDirection.NORTH, Angle: 270, Distance: 16.17413044683182 cm
2026-06-24 23:44:22,829 - mazeUtils.moveTile - [moveTile.py:553] - DEBUG - Direction: absDirection.EAST, Angle: 180, Distance: 185.88780292245707 cm
2026-06-24 23:44:22,830 - mazeUtils.moveTile - [moveTile.py:553] - DEBUG - Direction: absDirection.SOUTH, Angle: 90, Distance: 248.47906271530593 cm
2026-06-24 23:44:22,831 - mazeUtils.moveTile - [moveTile.py:553] - DEBUG - Direction: absDirection.WEST, Angle: 0, Distance: 11.886097680822258 cm
2026-06-24 23:44:22,832 - mazeUtils.moveTile - [moveTile.py:578] - DEBUG - Front LiDAR distance: 11.886097680822258 cm, TSD10 distance: 2.1 cm
2026-06-24 23:44:22,837 - mazeUtils.moveTile - [moveTile.py:2153] - INFO - Tile color detection, decided tile type: E
2026-06-24 23:44:22,913 - __main__ - [main.py:105] - INFO - Current position: (19, 19, 1), front direction: absDirection.WEST
Layer 0 (altitude=0.0cm, offset=(0.0cm, 0.0cm)):
Known map area: x=20..20, y=19..20
+---+
  E |
+   +
  S |
+   +
Layer 1 (altitude=15.0cm, offset=(-60.0cm, 0.0cm)):
Known map area: x=19..20, y=19..19
+---+---+
| @   E  
+   +   +
mazeAsGraph[0][19][20] = {absDirection.NORTH: None, absDirection.EAST: None, absDirection.SOUTH: (20, 20, 0, 30), absDirection.WEST: (20, 19, 1, 60)}
mazeAsGraph[0][20][20] = {absDirection.NORTH: (20, 19, 0, 30), absDirection.EAST: None, absDirection.SOUTH: (20, 21, 0, 30), absDirection.WEST: (19, 20, 0, 30)}
mazeAsGraph[1][19][19] = {absDirection.NORTH: None, absDirection.EAST: (20, 19, 1, 30), absDirection.SOUTH: (19, 20, 1, 30), absDirection.WEST: None}
mazeAsGraph[1][19][20] = {absDirection.NORTH: None, absDirection.EAST: (20, 19, 0, 60), absDirection.SOUTH: (20, 20, 1, 30), absDirection.WEST: (19, 19, 1, 30)}
2026-06-24 23:44:22,922 - mazeUtils.mazeMap - [mazeMap.py:61] - INFO - next goal: (19, 20, 1)
2026-06-24 23:44:22,935 - mazeUtils.moveTile - [moveTile.py:79] - DEBUG - Moving to absDirection.SOUTH from (19, 19, 1) facing absDirection.WEST
2026-06-24 23:44:22,959 - mazeUtils.moveTile - [moveTile.py:79] - DEBUG - current heading: 90.94999999999999 target: 180
2026-06-24 23:44:23,950 - mazeUtils.moveTile - [moveTile.py:427] - DEBUG - stopped turning at heading: 174.11, diff: 5.889999999999986
2026-06-24 23:44:24,001 - mazeUtils.moveTile - [moveTile.py:79] - DEBUG - Turned to heading: 179.32 deg
2026-06-24 23:44:24,169 - mazeUtils.moveTile - [moveTile.py:79] - DEBUG - Little backward to adjust position
2026-06-24 23:44:24,485 - picamera2.picamera2 - [picamera2.py:1391] - DEBUG - Execute job: <picamera2.job.Job object at 0x7f96de6610>
2026-06-24 23:44:24,489 - mazeUtils.device.camera - [camera.py:39] - DEBUG - Average HSV: H=149.5, S=28.5, V=179.7
2026-06-24 23:44:24,528 - mazeUtils.moveTile - [moveTile.py:79] - DEBUG - roll: 359.94 deg, practicalMoveTime: 0.04620696773582518 sec
2026-06-24 23:44:24,528 - mazeUtils.moveTile - [moveTile.py:1803] - DEBUG - moveTile loop time: 46.4 ms
2026-06-24 23:44:24,534 - picamera2.picamera2 - [picamera2.py:1391] - DEBUG - Execute job: <picamera2.job.Job object at 0x7f8c1e3910>
2026-06-24 23:44:24,537 - mazeUtils.device.camera - [camera.py:39] - DEBUG - Average HSV: H=152.7, S=26.9, V=181.4
2026-06-24 23:44:24,574 - mazeUtils.moveTile - [moveTile.py:79] - DEBUG - roll: 359.97 deg, practicalMoveTime: 0.0926217161371066 sec
2026-06-24 23:44:24,575 - mazeUtils.moveTile - [moveTile.py:1803] - DEBUG - moveTile loop time: 46.7 ms
2026-06-24 23:44:24,582 - picamera2.picamera2 - [picamera2.py:1391] - DEBUG - Execute job: <picamera2.job.Job object at 0x7f96de6610>
2026-06-24 23:44:24,586 - mazeUtils.device.camera - [camera.py:39] - DEBUG - Average HSV: H=156.2, S=24.3, V=188.8
2026-06-24 23:44:24,617 - mazeUtils.moveTile - [moveTile.py:79] - DEBUG - roll: 0.36000000000001364 deg, practicalMoveTime: 0.13420879625714785 sec
2026-06-24 23:44:24,617 - mazeUtils.moveTile - [moveTile.py:1803] - DEBUG - moveTile loop time: 41.9 ms
2026-06-24 23:44:24,622 - picamera2.picamera2 - [picamera2.py:1391] - DEBUG - Execute job: <picamera2.job.Job object at 0x7f96ebbf90>
2026-06-24 23:44:24,626 - mazeUtils.device.camera - [camera.py:39] - DEBUG - Average HSV: H=154.4, S=24.3, V=189.5
2026-06-24 23:44:24,669 - mazeUtils.moveTile - [moveTile.py:79] - DEBUG - roll: 358.67 deg, practicalMoveTime: 0.18623752188758663 sec
2026-06-24 23:44:24,670 - mazeUtils.moveTile - [moveTile.py:1803] - DEBUG - moveTile loop time: 52.3 ms
2026-06-24 23:44:24,683 - picamera2.picamera2 - [picamera2.py:1391] - DEBUG - Execute job: <picamera2.job.Job object at 0x7f96de6610>
2026-06-24 23:44:24,686 - mazeUtils.device.camera - [camera.py:39] - DEBUG - Average HSV: H=150.6, S=24.5, V=191.8
2026-06-24 23:44:24,722 - mazeUtils.moveTile - [moveTile.py:79] - DEBUG - roll: 0.30000000000001137 deg, practicalMoveTime: 0.23879076374071412 sec
2026-06-24 23:44:24,723 - mazeUtils.moveTile - [moveTile.py:1803] - DEBUG - moveTile loop time: 52.8 ms
2026-06-24 23:44:24,728 - picamera2.picamera2 - [picamera2.py:1391] - DEBUG - Execute job: <picamera2.job.Job object at 0x7f77200150>
2026-06-24 23:44:24,731 - mazeUtils.device.camera - [camera.py:39] - DEBUG - Average HSV: H=158.7, S=25.2, V=196.8
2026-06-24 23:44:24,763 - mazeUtils.moveTile - [moveTile.py:79] - DEBUG - roll: 0.6899999999999977 deg, practicalMoveTime: 0.2794263245484337 sec
2026-06-24 23:44:24,764 - mazeUtils.moveTile - [moveTile.py:1803] - DEBUG - moveTile loop time: 40.9 ms
2026-06-24 23:44:24,769 - picamera2.picamera2 - [picamera2.py:1391] - DEBUG - Execute job: <picamera2.job.Job object at 0x7f96ebbf90>
2026-06-24 23:44:24,772 - mazeUtils.device.camera - [camera.py:39] - DEBUG - Average HSV: H=159.2, S=25.1, V=195.6
2026-06-24 23:44:24,805 - mazeUtils.moveTile - [moveTile.py:79] - DEBUG - roll: 0.44999999999998863 deg, practicalMoveTime: 0.32019449523486465 sec
2026-06-24 23:44:24,805 - mazeUtils.moveTile - [moveTile.py:1803] - DEBUG - moveTile loop time: 41.0 ms
2026-06-24 23:44:24,809 - picamera2.picamera2 - [picamera2.py:1391] - DEBUG - Execute job: <picamera2.job.Job object at 0x7f77cf8cd0>
2026-06-24 23:44:24,812 - mazeUtils.device.camera - [camera.py:39] - DEBUG - Average HSV: H=160.7, S=25.0, V=198.2
2026-06-24 23:44:24,860 - mazeUtils.moveTile - [moveTile.py:79] - DEBUG - roll: 358.57 deg, practicalMoveTime: 0.37525556695769213 sec
2026-06-24 23:44:24,861 - mazeUtils.moveTile - [moveTile.py:1803] - DEBUG - moveTile loop time: 55.5 ms
2026-06-24 23:44:24,872 - picamera2.picamera2 - [picamera2.py:1391] - DEBUG - Execute job: <picamera2.job.Job object at 0x7f772001d0>
2026-06-24 23:44:24,875 - mazeUtils.device.camera - [camera.py:39] - DEBUG - Average HSV: H=133.3, S=38.6, V=197.0
2026-06-24 23:44:24,906 - mazeUtils.moveTile - [moveTile.py:79] - DEBUG - roll: 348.8 deg, practicalMoveTime: 0.4244750782205658 sec
2026-06-24 23:44:24,907 - mazeUtils.moveTile - [moveTile.py:1803] - DEBUG - moveTile loop time: 45.6 ms
2026-06-24 23:44:24,915 - picamera2.picamera2 - [picamera2.py:1391] - DEBUG - Execute job: <picamera2.job.Job object at 0x7f77cf8cd0>
2026-06-24 23:44:24,918 - mazeUtils.device.camera - [camera.py:39] - DEBUG - Average HSV: H=127.2, S=52.6, V=195.1
2026-06-24 23:44:24,962 - mazeUtils.moveTile - [moveTile.py:79] - DEBUG - roll: 345.77000000000004 deg, practicalMoveTime: 0.4831479424954742 sec
2026-06-24 23:44:24,962 - mazeUtils.moveTile - [moveTile.py:1803] - DEBUG - moveTile loop time: 54.9 ms
2026-06-24 23:44:24,967 - picamera2.picamera2 - [picamera2.py:1391] - DEBUG - Execute job: <picamera2.job.Job object at 0x7f77cfabd0>
2026-06-24 23:44:24,970 - mazeUtils.device.camera - [camera.py:39] - DEBUG - Average HSV: H=118.7, S=82.8, V=205.8
2026-06-24 23:44:25,008 - mazeUtils.moveTile - [moveTile.py:79] - DEBUG - roll: 338.5 deg, practicalMoveTime: 0.5299703480530193 sec
2026-06-24 23:44:25,008 - mazeUtils.moveTile - [moveTile.py:1803] - DEBUG - moveTile loop time: 46.0 ms
2026-06-24 23:44:25,019 - picamera2.picamera2 - [picamera2.py:1391] - DEBUG - Execute job: <picamera2.job.Job object at 0x7f8c1e3910>
2026-06-24 23:44:25,022 - mazeUtils.device.camera - [camera.py:39] - DEBUG - Average HSV: H=117.0, S=89.6, V=211.8
2026-06-24 23:44:25,055 - mazeUtils.moveTile - [moveTile.py:79] - DEBUG - roll: 334.17 deg, practicalMoveTime: 0.5768204705411758 sec
2026-06-24 23:44:25,056 - mazeUtils.moveTile - [moveTile.py:1803] - DEBUG - moveTile loop time: 47.3 ms
2026-06-24 23:44:25,068 - picamera2.picamera2 - [picamera2.py:1391] - DEBUG - Execute job: <picamera2.job.Job object at 0x7f77cfabd0>
2026-06-24 23:44:25,072 - mazeUtils.device.camera - [camera.py:39] - DEBUG - Average HSV: H=114.2, S=111.9, V=217.4
2026-06-24 23:44:25,113 - mazeUtils.moveTile - [moveTile.py:79] - DEBUG - roll: 328.24 deg, practicalMoveTime: 0.6304359513683309 sec
2026-06-24 23:44:25,113 - mazeUtils.moveTile - [moveTile.py:1803] - DEBUG - moveTile loop time: 56.8 ms
2026-06-24 23:44:25,117 - picamera2.picamera2 - [picamera2.py:1391] - DEBUG - Execute job: <picamera2.job.Job object at 0x7f772000d0>
2026-06-24 23:44:25,122 - mazeUtils.device.camera - [camera.py:39] - DEBUG - Average HSV: H=114.0, S=110.5, V=220.2
2026-06-24 23:44:25,159 - mazeUtils.moveTile - [moveTile.py:79] - DEBUG - roll: 326.82 deg, practicalMoveTime: 0.6724970329601551 sec
2026-06-24 23:44:25,159 - mazeUtils.moveTile - [moveTile.py:1803] - DEBUG - moveTile loop time: 45.8 ms
2026-06-24 23:44:25,165 - picamera2.picamera2 - [picamera2.py:1391] - DEBUG - Execute job: <picamera2.job.Job object at 0x7f77cf8cd0>
2026-06-24 23:44:25,170 - mazeUtils.device.camera - [camera.py:39] - DEBUG - Average HSV: H=113.5, S=138.5, V=214.2
2026-06-24 23:44:25,211 - mazeUtils.moveTile - [moveTile.py:79] - DEBUG - roll: 327.52 deg, practicalMoveTime: 0.7202587864402799 sec
2026-06-24 23:44:25,212 - mazeUtils.moveTile - [moveTile.py:1803] - DEBUG - moveTile loop time: 52.3 ms
2026-06-24 23:44:25,224 - picamera2.picamera2 - [picamera2.py:1391] - DEBUG - Execute job: <picamera2.job.Job object at 0x7fa5197190>
2026-06-24 23:44:25,229 - mazeUtils.device.camera - [camera.py:39] - DEBUG - Average HSV: H=114.0, S=98.9, V=221.8
2026-06-24 23:44:25,264 - mazeUtils.moveTile - [moveTile.py:79] - DEBUG - roll: 328.33000000000004 deg, practicalMoveTime: 0.7688511241631117 sec
2026-06-24 23:44:25,265 - mazeUtils.moveTile - [moveTile.py:1803] - DEBUG - moveTile loop time: 52.6 ms
2026-06-24 23:44:25,270 - picamera2.picamera2 - [picamera2.py:1391] - DEBUG - Execute job: <picamera2.job.Job object at 0x7f96de6610>
2026-06-24 23:44:25,276 - mazeUtils.device.camera - [camera.py:39] - DEBUG - Average HSV: H=114.6, S=76.8, V=226.6
2026-06-24 23:44:25,316 - mazeUtils.moveTile - [moveTile.py:79] - DEBUG - roll: 331.94 deg, practicalMoveTime: 0.8182495251734917 sec
2026-06-24 23:44:25,317 - mazeUtils.moveTile - [moveTile.py:1803] - DEBUG - moveTile loop time: 51.4 ms
2026-06-24 23:44:25,327 - picamera2.picamera2 - [picamera2.py:1391] - DEBUG - Execute job: <picamera2.job.Job object at 0x7fa7dc7110>
2026-06-24 23:44:25,332 - mazeUtils.device.camera - [camera.py:39] - DEBUG - Average HSV: H=115.9, S=58.9, V=232.7
2026-06-24 23:44:25,377 - picamera2.picamera2 - [picamera2.py:1391] - DEBUG - Execute job: <picamera2.job.Job object at 0x7fa5197190>
2026-06-24 23:44:25,382 - mazeUtils.device.camera - [camera.py:39] - DEBUG - Average HSV: H=112.0, S=101.5, V=227.4
2026-06-24 23:44:25,420 - mazeUtils.moveTile - [moveTile.py:79] - DEBUG - roll: 329.68 deg, practicalMoveTime: 0.9160012410243827 sec
2026-06-24 23:44:25,421 - mazeUtils.moveTile - [moveTile.py:1803] - DEBUG - moveTile loop time: 48.2 ms
2026-06-24 23:44:25,425 - picamera2.picamera2 - [picamera2.py:1391] - DEBUG - Execute job: <picamera2.job.Job object at 0x7f8c1e3910>
2026-06-24 23:44:25,430 - mazeUtils.device.camera - [camera.py:39] - DEBUG - Average HSV: H=109.1, S=163.7, V=221.3
2026-06-24 23:44:25,477 - mazeUtils.moveTile - [moveTile.py:79] - DEBUG - roll: 332.82 deg, practicalMoveTime: 0.9702924444139039 sec
2026-06-24 23:44:25,478 - mazeUtils.moveTile - [moveTile.py:1803] - DEBUG - moveTile loop time: 56.6 ms
2026-06-24 23:44:25,483 - picamera2.picamera2 - [picamera2.py:1391] - DEBUG - Execute job: <picamera2.job.Job object at 0x7f77cfabd0>
2026-06-24 23:44:25,487 - mazeUtils.device.camera - [camera.py:39] - DEBUG - Average HSV: H=111.1, S=153.0, V=205.0
2026-06-24 23:44:25,524 - mazeUtils.moveTile - [moveTile.py:79] - DEBUG - roll: 331.97 deg, practicalMoveTime: 1.014829044247935 sec
2026-06-24 23:44:25,525 - mazeUtils.moveTile - [moveTile.py:1803] - DEBUG - moveTile loop time: 46.0 ms
2026-06-24 23:44:25,535 - picamera2.picamera2 - [picamera2.py:1391] - DEBUG - Execute job: <picamera2.job.Job object at 0x7f77cf8cd0>
2026-06-24 23:44:25,539 - mazeUtils.device.camera - [camera.py:39] - DEBUG - Average HSV: H=110.7, S=147.0, V=202.8
2026-06-24 23:44:25,577 - mazeUtils.moveTile - [moveTile.py:79] - DEBUG - roll: 335.99 deg, practicalMoveTime: 1.0669796297358884 sec
2026-06-24 23:44:25,578 - mazeUtils.moveTile - [moveTile.py:1803] - DEBUG - moveTile loop time: 53.1 ms
2026-06-24 23:44:25,588 - picamera2.picamera2 - [picamera2.py:1391] - DEBUG - Execute job: <picamera2.job.Job object at 0x7fa7dc7110>
2026-06-24 23:44:25,592 - mazeUtils.device.camera - [camera.py:39] - DEBUG - Average HSV: H=113.2, S=110.8, V=206.3
2026-06-24 23:44:25,634 - mazeUtils.moveTile - [moveTile.py:79] - DEBUG - roll: 339.84000000000003 deg, practicalMoveTime: 1.1237447693303284 sec
2026-06-24 23:44:25,635 - mazeUtils.moveTile - [moveTile.py:1803] - DEBUG - moveTile loop time: 56.2 ms
2026-06-24 23:44:25,640 - picamera2.picamera2 - [picamera2.py:1391] - DEBUG - Execute job: <picamera2.job.Job object at 0x7f96ebbf90>
2026-06-24 23:44:25,644 - mazeUtils.device.camera - [camera.py:39] - DEBUG - Average HSV: H=120.0, S=40.1, V=229.6
2026-06-24 23:44:25,694 - mazeUtils.moveTile - [moveTile.py:79] - DEBUG - roll: 347.12 deg, practicalMoveTime: 1.1850147148437804 sec
2026-06-24 23:44:25,694 - mazeUtils.moveTile - [moveTile.py:1803] - DEBUG - moveTile loop time: 58.5 ms
2026-06-24 23:44:25,700 - picamera2.picamera2 - [picamera2.py:1391] - DEBUG - Execute job: <picamera2.job.Job object at 0x7f8c1e3910>
2026-06-24 23:44:25,704 - mazeUtils.device.camera - [camera.py:39] - DEBUG - Average HSV: H=127.3, S=44.6, V=200.0
2026-06-24 23:44:25,738 - mazeUtils.moveTile - [moveTile.py:79] - DEBUG - roll: 348.1 deg, practicalMoveTime: 1.2321106750919157 sec
2026-06-24 23:44:25,739 - mazeUtils.moveTile - [moveTile.py:1803] - DEBUG - moveTile loop time: 44.2 ms
2026-06-24 23:44:25,751 - picamera2.picamera2 - [picamera2.py:1391] - DEBUG - Execute job: <picamera2.job.Job object at 0x7f77200050>
2026-06-24 23:44:25,755 - mazeUtils.device.camera - [camera.py:39] - DEBUG - Average HSV: H=129.5, S=32.8, V=213.7
2026-06-24 23:44:25,791 - mazeUtils.moveTile - [moveTile.py:79] - DEBUG - roll: 353.24 deg, practicalMoveTime: 1.2889465862457548 sec
2026-06-24 23:44:25,793 - mazeUtils.moveTile - [moveTile.py:1803] - DEBUG - moveTile loop time: 53.7 ms
2026-06-24 23:44:25,807 - picamera2.picamera2 - [picamera2.py:1391] - DEBUG - Execute job: <picamera2.job.Job object at 0x7f96ebbf90>
2026-06-24 23:44:25,812 - mazeUtils.device.camera - [camera.py:39] - DEBUG - Average HSV: H=125.2, S=31.0, V=230.4
2026-06-24 23:44:25,853 - mazeUtils.moveTile - [moveTile.py:79] - DEBUG - roll: 357.02000000000004 deg, practicalMoveTime: 1.3487488122785372 sec
2026-06-24 23:44:25,854 - mazeUtils.moveTile - [moveTile.py:1803] - DEBUG - moveTile loop time: 60.0 ms
2026-06-24 23:44:25,858 - picamera2.picamera2 - [picamera2.py:1391] - DEBUG - Execute job: <picamera2.job.Job object at 0x7f96de6610>
2026-06-24 23:44:25,863 - mazeUtils.device.camera - [camera.py:39] - DEBUG - Average HSV: H=130.9, S=26.9, V=224.5
2026-06-24 23:44:25,899 - mazeUtils.moveTile - [moveTile.py:79] - DEBUG - roll: 357.71000000000004 deg, practicalMoveTime: 1.3945127099696415 sec
2026-06-24 23:44:25,900 - mazeUtils.moveTile - [moveTile.py:1803] - DEBUG - moveTile loop time: 45.7 ms
2026-06-24 23:44:25,911 - picamera2.picamera2 - [picamera2.py:1391] - DEBUG - Execute job: <picamera2.job.Job object at 0x7f96ebbf90>
2026-06-24 23:44:25,915 - mazeUtils.device.camera - [camera.py:39] - DEBUG - Average HSV: H=130.9, S=27.1, V=224.0
2026-06-24 23:44:25,957 - mazeUtils.moveTile - [moveTile.py:79] - DEBUG - roll: 1.1999999999999886 deg, practicalMoveTime: 1.4518244490416645 sec
2026-06-24 23:44:25,958 - mazeUtils.moveTile - [moveTile.py:1803] - DEBUG - moveTile loop time: 57.6 ms
2026-06-24 23:44:25,972 - picamera2.picamera2 - [picamera2.py:1391] - DEBUG - Execute job: <picamera2.job.Job object at 0x7f8c1e3910>
2026-06-24 23:44:25,976 - mazeUtils.device.camera - [camera.py:39] - DEBUG - Average HSV: H=132.6, S=23.4, V=226.5
2026-06-24 23:44:28,039 - mazeUtils.moveTile - [moveTile.py:79] - DEBUG - roll: 359.2 deg, practicalMoveTime: 3.5328576467235444 sec
2026-06-24 23:44:28,040 - mazeUtils.moveTile - [moveTile.py:1803] - DEBUG - moveTile loop time: 2081.2 ms
2026-06-24 23:44:28,044 - picamera2.picamera2 - [picamera2.py:1391] - DEBUG - Execute job: <picamera2.job.Job object at 0x7fa7dc7110>
2026-06-24 23:44:28,049 - mazeUtils.device.camera - [camera.py:39] - DEBUG - Average HSV: H=136.1, S=22.9, V=225.6
2026-06-24 23:44:28,092 - mazeUtils.moveTile - [moveTile.py:1651] - INFO - practicalVerticalMove: -15.990294038695318 CM
2026-06-24 23:44:28,093 - mazeUtils.moveTile - [moveTile.py:1662] - INFO - Waiting for adjustment after ramp
2026-06-24 23:44:28,468 - mazeUtils.moveTile - [moveTile.py:1906] - INFO - Set slope for tile at absDirection.SOUTH, horizontal: 30 cm, vertical: -15 cm based on roll 331.62 deg
2026-06-24 23:44:28,617 - mazeUtils.moveTile - [moveTile.py:553] - DEBUG - Direction: absDirection.NORTH, Angle: 180, Distance: 61.74913000683627 cm
2026-06-24 23:44:28,618 - mazeUtils.moveTile - [moveTile.py:553] - DEBUG - Direction: absDirection.EAST, Angle: 90, Distance: 48.60203569118251 cm
2026-06-24 23:44:28,619 - mazeUtils.moveTile - [moveTile.py:553] - DEBUG - Direction: absDirection.SOUTH, Angle: 0, Distance: 94.37470346554656 cm
2026-06-24 23:44:28,620 - mazeUtils.moveTile - [moveTile.py:578] - DEBUG - Front LiDAR distance: 94.37470346554656 cm, TSD10 distance: 81.5 cm
2026-06-24 23:44:28,621 - mazeUtils.moveTile - [moveTile.py:553] - DEBUG - Direction: absDirection.WEST, Angle: 270, Distance: 50.35426755762554 cm
2026-06-24 23:44:28,623 - mazeUtils.moveTile - [moveTile.py:2153] - INFO - Tile color detection, decided tile type: E
2026-06-24 23:44:28,694 - __main__ - [main.py:105] - INFO - Current position: (17, 21, 0), front direction: absDirection.SOUTH
Layer 0 (altitude=0.0cm, offset=(0.0cm, 0.0cm)):
Known map area: x=17..20, y=19..21
+   +   +   +---+
  U   U   U   E |
+   +   +   +   +
  U   U   U   S |
+   +   +   +   +
  @   U   U   U  
+   +   +   +   +
Layer 1 (altitude=15.0cm, offset=(-60.0cm, 0.0cm)):
Known map area: x=19..20, y=19..19
+---+---+
| E   E  
+   +   +
mazeAsGraph[0][19][20] = {absDirection.NORTH: None, absDirection.EAST: None, absDirection.SOUTH: (20, 20, 0, 30), absDirection.WEST: (20, 19, 1, 60)}
mazeAsGraph[0][20][20] = {absDirection.NORTH: (20, 19, 0, 30), absDirection.EAST: None, absDirection.SOUTH: (20, 21, 0, 30), absDirection.WEST: (19, 20, 0, 30)}
mazeAsGraph[0][21][17] = {absDirection.NORTH: (19, 19, 1, 60), absDirection.EAST: (18, 21, 0, 30), absDirection.SOUTH: (17, 22, 0, 30), absDirection.WEST: (16, 21, 0, 30)}
mazeAsGraph[1][19][19] = {absDirection.NORTH: None, absDirection.EAST: (20, 19, 1, 30), absDirection.SOUTH: (17, 21, 0, 60), absDirection.WEST: None}
mazeAsGraph[1][19][20] = {absDirection.NORTH: None, absDirection.EAST: (20, 19, 0, 60), absDirection.SOUTH: (20, 20, 1, 30), absDirection.WEST: (19, 19, 1, 30)}
2026-06-24 23:44:28,699 - mazeUtils.mazeMap - [mazeMap.py:61] - INFO - next goal: (17, 22, 0)
2026-06-24 23:44:28,713 - mazeUtils.moveTile - [moveTile.py:79] - DEBUG - Moving to absDirection.SOUTH from (17, 21, 0) facing absDirection.SOUTH
2026-06-24 23:44:28,743 - mazeUtils.moveTile - [moveTile.py:79] - DEBUG - current heading: 181.96 target: 180
2026-06-24 23:44:28,762 - mazeUtils.moveTile - [moveTile.py:427] - DEBUG - stopped turning at heading: 181.96, diff: 1.960000000000008
2026-06-24 23:44:28,805 - mazeUtils.moveTile - [moveTile.py:79] - DEBUG - Turned to heading: 181.78 deg
2026-06-24 23:44:29,075 - picamera2.picamera2 - [picamera2.py:1391] - DEBUG - Execute job: <picamera2.job.Job object at 0x7f8c1d8b10>
2026-06-24 23:44:29,078 - mazeUtils.device.camera - [camera.py:39] - DEBUG - Average HSV: H=134.5, S=15.7, V=244.5
2026-06-24 23:44:29,111 - mazeUtils.moveTile - [moveTile.py:79] - DEBUG - roll: 358.67 deg, practicalMoveTime: 0.04172804918751336 sec
2026-06-24 23:44:29,111 - mazeUtils.moveTile - [moveTile.py:1803] - DEBUG - moveTile loop time: 42.0 ms
2026-06-24 23:44:29,124 - picamera2.picamera2 - [picamera2.py:1391] - DEBUG - Execute job: <picamera2.job.Job object at 0x7f75442d90>
2026-06-24 23:44:29,127 - mazeUtils.device.camera - [camera.py:39] - DEBUG - Average HSV: H=136.0, S=15.5, V=243.7
2026-06-24 23:44:29,167 - mazeUtils.moveTile - [moveTile.py:79] - DEBUG - roll: 358.81 deg, practicalMoveTime: 0.09696803509798178 sec
2026-06-24 23:44:29,167 - mazeUtils.moveTile - [moveTile.py:1803] - DEBUG - moveTile loop time: 55.5 ms
2026-06-24 23:44:29,172 - picamera2.picamera2 - [picamera2.py:1391] - DEBUG - Execute job: <picamera2.job.Job object at 0x7f77c217d0>
2026-06-24 23:44:29,175 - mazeUtils.device.camera - [camera.py:39] - DEBUG - Average HSV: H=138.2, S=16.1, V=240.2
2026-06-24 23:44:29,208 - mazeUtils.moveTile - [moveTile.py:79] - DEBUG - roll: 358.08000000000004 deg, practicalMoveTime: 0.13819196897441666 sec
2026-06-24 23:44:29,209 - mazeUtils.moveTile - [moveTile.py:1803] - DEBUG - moveTile loop time: 41.5 ms
2026-06-24 23:44:29,219 - picamera2.picamera2 - [picamera2.py:1391] - DEBUG - Execute job: <picamera2.job.Job object at 0x7fa7dba690>
2026-06-24 23:44:29,222 - mazeUtils.device.camera - [camera.py:39] - DEBUG - Average HSV: H=134.3, S=23.0, V=230.9
2026-06-24 23:44:29,260 - mazeUtils.moveTile - [moveTile.py:79] - DEBUG - roll: 356.44 deg, practicalMoveTime: 0.18957322955228118 sec
2026-06-24 23:44:29,261 - mazeUtils.moveTile - [moveTile.py:1803] - DEBUG - moveTile loop time: 51.8 ms
2026-06-24 23:44:29,265 - picamera2.picamera2 - [picamera2.py:1391] - DEBUG - Execute job: <picamera2.job.Job object at 0x7f75442d10>
2026-06-24 23:44:29,269 - mazeUtils.device.camera - [camera.py:39] - DEBUG - Average HSV: H=127.6, S=28.3, V=230.7
2026-06-24 23:44:29,304 - mazeUtils.moveTile - [moveTile.py:79] - DEBUG - roll: 357.13 deg, practicalMoveTime: 0.2325891156292576 sec
2026-06-24 23:44:29,304 - mazeUtils.moveTile - [moveTile.py:1803] - DEBUG - moveTile loop time: 43.1 ms
2026-06-24 23:44:29,316 - picamera2.picamera2 - [picamera2.py:1391] - DEBUG - Execute job: <picamera2.job.Job object at 0x7fa7dba690>
2026-06-24 23:44:29,319 - mazeUtils.device.camera - [camera.py:39] - DEBUG - Average HSV: H=126.2, S=26.8, V=239.1
2026-06-24 23:44:29,359 - mazeUtils.moveTile - [moveTile.py:79] - DEBUG - roll: 358.3 deg, practicalMoveTime: 0.28697121976094403 sec
2026-06-24 23:44:29,359 - mazeUtils.moveTile - [moveTile.py:1803] - DEBUG - moveTile loop time: 54.7 ms
2026-06-24 23:44:29,364 - picamera2.picamera2 - [picamera2.py:1391] - DEBUG - Execute job: <picamera2.job.Job object at 0x7faf3a3c50>
2026-06-24 23:44:29,367 - mazeUtils.device.camera - [camera.py:39] - DEBUG - Average HSV: H=123.6, S=27.6, V=242.7
2026-06-24 23:44:29,400 - mazeUtils.moveTile - [moveTile.py:79] - DEBUG - roll: 357.93 deg, practicalMoveTime: 0.32729842339985177 sec
2026-06-24 23:44:29,400 - mazeUtils.moveTile - [moveTile.py:1803] - DEBUG - moveTile loop time: 40.6 ms
2026-06-24 23:44:29,413 - picamera2.picamera2 - [picamera2.py:1391] - DEBUG - Execute job: <picamera2.job.Job object at 0x7f8c1d8b10>
2026-06-24 23:44:29,416 - mazeUtils.device.camera - [camera.py:39] - DEBUG - Average HSV: H=124.4, S=27.0, V=242.5
2026-06-24 23:44:29,453 - mazeUtils.moveTile - [moveTile.py:79] - DEBUG - roll: 358.76 deg, practicalMoveTime: 0.3802003242546832 sec
2026-06-24 23:44:29,453 - mazeUtils.moveTile - [moveTile.py:1803] - DEBUG - moveTile loop time: 53.2 ms
2026-06-24 23:44:29,458 - picamera2.picamera2 - [picamera2.py:1391] - DEBUG - Execute job: <picamera2.job.Job object at 0x7f77b43f50>
2026-06-24 23:44:29,462 - mazeUtils.device.camera - [camera.py:39] - DEBUG - Average HSV: H=125.9, S=28.5, V=232.5
2026-06-24 23:44:29,499 - mazeUtils.moveTile - [moveTile.py:79] - DEBUG - roll: 358.2 deg, practicalMoveTime: 0.42587122471924965 sec
2026-06-24 23:44:29,500 - mazeUtils.moveTile - [moveTile.py:1803] - DEBUG - moveTile loop time: 46.1 ms
2026-06-24 23:44:29,512 - picamera2.picamera2 - [picamera2.py:1391] - DEBUG - Execute job: <picamera2.job.Job object at 0x7faf052950>
2026-06-24 23:44:29,515 - mazeUtils.device.camera - [camera.py:39] - DEBUG - Average HSV: H=127.2, S=26.7, V=230.8
2026-06-24 23:44:29,554 - mazeUtils.moveTile - [moveTile.py:79] - DEBUG - roll: 358.99 deg, practicalMoveTime: 0.4795201525511537 sec
2026-06-24 23:44:29,554 - mazeUtils.moveTile - [moveTile.py:1803] - DEBUG - moveTile loop time: 53.9 ms
2026-06-24 23:44:29,561 - picamera2.picamera2 - [picamera2.py:1391] - DEBUG - Execute job: <picamera2.job.Job object at 0x7fa7dba490>
2026-06-24 23:44:29,564 - mazeUtils.device.camera - [camera.py:39] - DEBUG - Average HSV: H=128.5, S=29.0, V=226.9
2026-06-24 23:44:29,597 - mazeUtils.moveTile - [moveTile.py:79] - DEBUG - roll: 1.7300000000000182 deg, practicalMoveTime: 0.5220268123388704 sec
2026-06-24 23:44:29,597 - mazeUtils.moveTile - [moveTile.py:1803] - DEBUG - moveTile loop time: 42.8 ms
2026-06-24 23:44:29,602 - picamera2.picamera2 - [picamera2.py:1391] - DEBUG - Execute job: <picamera2.job.Job object at 0x7faf052950>
2026-06-24 23:44:29,605 - mazeUtils.device.camera - [camera.py:39] - DEBUG - Average HSV: H=127.7, S=37.6, V=219.5
2026-06-24 23:44:29,642 - mazeUtils.moveTile - [moveTile.py:79] - DEBUG - roll: 1.5200000000000387 deg, practicalMoveTime: 0.5667013832875377 sec
2026-06-24 23:44:29,642 - mazeUtils.moveTile - [moveTile.py:1803] - DEBUG - moveTile loop time: 44.9 ms
2026-06-24 23:44:29,648 - picamera2.picamera2 - [picamera2.py:1391] - DEBUG - Execute job: <picamera2.job.Job object at 0x7fa7dbac10>
2026-06-24 23:44:29,651 - mazeUtils.device.camera - [camera.py:39] - DEBUG - Average HSV: H=122.3, S=49.8, V=216.6
2026-06-24 23:44:29,684 - mazeUtils.moveTile - [moveTile.py:79] - DEBUG - roll: 2.4399999999999977 deg, practicalMoveTime: 0.6082488948403034 sec
2026-06-24 23:44:29,684 - mazeUtils.moveTile - [moveTile.py:1803] - DEBUG - moveTile loop time: 41.8 ms
2026-06-24 23:44:29,695 - picamera2.picamera2 - [picamera2.py:1391] - DEBUG - Execute job: <picamera2.job.Job object at 0x7faf3a3c50>
2026-06-24 23:44:29,698 - mazeUtils.device.camera - [camera.py:39] - DEBUG - Average HSV: H=117.7, S=112.4, V=188.9
2026-06-24 23:44:29,731 - mazeUtils.moveTile - [moveTile.py:79] - DEBUG - roll: 3.4600000000000364 deg, practicalMoveTime: 0.6550522407283883 sec
2026-06-24 23:44:29,732 - mazeUtils.moveTile - [moveTile.py:1803] - DEBUG - moveTile loop time: 47.1 ms
2026-06-24 23:44:29,738 - picamera2.picamera2 - [picamera2.py:1391] - DEBUG - Execute job: <picamera2.job.Job object at 0x7f8c1d8b10>
2026-06-24 23:44:29,741 - mazeUtils.device.camera - [camera.py:39] - DEBUG - Average HSV: H=116.0, S=142.7, V=181.7
2026-06-24 23:44:29,785 - mazeUtils.moveTile - [moveTile.py:79] - DEBUG - roll: 2.9600000000000364 deg, practicalMoveTime: 0.708747129368324 sec
2026-06-24 23:44:29,786 - mazeUtils.moveTile - [moveTile.py:1803] - DEBUG - moveTile loop time: 54.0 ms
2026-06-24 23:44:29,792 - picamera2.picamera2 - [picamera2.py:1391] - DEBUG - Execute job: <picamera2.job.Job object at 0x7f8c1d8b10>
2026-06-24 23:44:29,795 - mazeUtils.device.camera - [camera.py:39] - DEBUG - Average HSV: H=115.4, S=157.8, V=178.4
2026-06-24 23:44:29,827 - mazeUtils.moveTile - [moveTile.py:79] - DEBUG - roll: 2.8000000000000114 deg, practicalMoveTime: 0.7501231549698147 sec
2026-06-24 23:44:29,828 - mazeUtils.moveTile - [moveTile.py:1803] - DEBUG - moveTile loop time: 41.7 ms
2026-06-24 23:44:29,833 - picamera2.picamera2 - [picamera2.py:1391] - DEBUG - Execute job: <picamera2.job.Job object at 0x7f75442d90>
2026-06-24 23:44:29,836 - mazeUtils.device.camera - [camera.py:39] - DEBUG - Average HSV: H=115.7, S=155.8, V=176.3
2026-06-24 23:44:29,875 - mazeUtils.moveTile - [moveTile.py:79] - DEBUG - roll: 2.170000000000016 deg, practicalMoveTime: 0.7976876435743927 sec
2026-06-24 23:44:29,876 - mazeUtils.moveTile - [moveTile.py:1803] - DEBUG - moveTile loop time: 47.8 ms
2026-06-24 23:44:29,883 - picamera2.picamera2 - [picamera2.py:1391] - DEBUG - Execute job: <picamera2.job.Job object at 0x7f77b43f50>
2026-06-24 23:44:29,886 - mazeUtils.device.camera - [camera.py:39] - DEBUG - Average HSV: H=114.7, S=159.1, V=180.8
2026-06-24 23:44:29,915 - mazeUtils.moveTile - [moveTile.py:79] - DEBUG - roll: 1.8600000000000136 deg, practicalMoveTime: 0.8369462690632419 sec
2026-06-24 23:44:29,916 - mazeUtils.moveTile - [moveTile.py:1803] - DEBUG - moveTile loop time: 39.5 ms
2026-06-24 23:44:29,922 - picamera2.picamera2 - [picamera2.py:1391] - DEBUG - Execute job: <picamera2.job.Job object at 0x7faf052950>
2026-06-24 23:44:29,925 - mazeUtils.device.camera - [camera.py:39] - DEBUG - Average HSV: H=114.0, S=162.0, V=184.2
2026-06-24 23:44:29,967 - mazeUtils.moveTile - [moveTile.py:1651] - INFO - practicalVerticalMove: -0.04973648032944728 CM
2026-06-24 23:44:30,009 - mazeUtils.moveTile - [moveTile.py:1998] - INFO - Set moved vertical distance: -0.04973648032944728 cm, past distances: [(0, False), (0, False), (0, False)]
2026-06-24 23:44:30,152 - mazeUtils.moveTile - [moveTile.py:553] - DEBUG - Direction: absDirection.NORTH, Angle: 180, Distance: 120.50551103194731 cm
2026-06-24 23:44:30,154 - mazeUtils.moveTile - [moveTile.py:553] - DEBUG - Direction: absDirection.EAST, Angle: 90, Distance: 100.09920896100566 cm
2026-06-24 23:44:30,155 - mazeUtils.moveTile - [moveTile.py:553] - DEBUG - Direction: absDirection.SOUTH, Angle: 0, Distance: 66.57157716350574 cm
2026-06-24 23:44:30,155 - mazeUtils.moveTile - [moveTile.py:578] - DEBUG - Front LiDAR distance: 66.57157716350574 cm, TSD10 distance: 51.9 cm
2026-06-24 23:44:30,156 - mazeUtils.moveTile - [moveTile.py:553] - DEBUG - Direction: absDirection.WEST, Angle: 270, Distance: 49.85609242789317 cm
2026-06-24 23:44:30,159 - mazeUtils.moveTile - [moveTile.py:2153] - INFO - Tile color detection, decided tile type: E
2026-06-24 23:44:30,230 - __main__ - [main.py:105] - INFO - Current position: (17, 22, 0), front direction: absDirection.SOUTH
Layer 0 (altitude=0.0cm, offset=(0.0cm, 0.0cm)):
Known map area: x=17..20, y=19..22
+   +   +   +---+
  U   U   U   E |
+   +   +   +   +
  U   U   U   S |
+   +   +   +   +
  E   U   U   U  
+   +   +   +   +
  @   U   U   U  
+   +   +   +   +
Layer 1 (altitude=15.0cm, offset=(-60.0cm, 0.0cm)):
Known map area: x=19..20, y=19..19
+---+---+
| E   E  
+   +   +
mazeAsGraph[0][19][20] = {absDirection.NORTH: None, absDirection.EAST: None, absDirection.SOUTH: (20, 20, 0, 30), absDirection.WEST: (20, 19, 1, 60)}
mazeAsGraph[0][20][20] = {absDirection.NORTH: (20, 19, 0, 30), absDirection.EAST: None, absDirection.SOUTH: (20, 21, 0, 30), absDirection.WEST: (19, 20, 0, 30)}
mazeAsGraph[0][21][17] = {absDirection.NORTH: (19, 19, 1, 60), absDirection.EAST: (18, 21, 0, 30), absDirection.SOUTH: (17, 22, 0, 30), absDirection.WEST: (16, 21, 0, 30)}
mazeAsGraph[0][22][17] = {absDirection.NORTH: (17, 21, 0, 30), absDirection.EAST: (18, 22, 0, 30), absDirection.SOUTH: (17, 23, 0, 30), absDirection.WEST: (16, 22, 0, 30)}
mazeAsGraph[1][19][19] = {absDirection.NORTH: None, absDirection.EAST: (20, 19, 1, 30), absDirection.SOUTH: (17, 21, 0, 60), absDirection.WEST: None}
mazeAsGraph[1][19][20] = {absDirection.NORTH: None, absDirection.EAST: (20, 19, 0, 60), absDirection.SOUTH: (20, 20, 1, 30), absDirection.WEST: (19, 19, 1, 30)}
2026-06-24 23:44:30,236 - mazeUtils.mazeMap - [mazeMap.py:61] - INFO - next goal: (17, 23, 0)
2026-06-24 23:44:30,245 - mazeUtils.moveTile - [moveTile.py:79] - DEBUG - Moving to absDirection.SOUTH from (17, 22, 0) facing absDirection.SOUTH
2026-06-24 23:44:30,271 - mazeUtils.moveTile - [moveTile.py:79] - DEBUG - current heading: 182.54 target: 180
2026-06-24 23:44:30,292 - mazeUtils.moveTile - [moveTile.py:427] - DEBUG - stopped turning at heading: 182.54, diff: 2.539999999999992
2026-06-24 23:44:30,387 - mazeUtils.moveTile - [moveTile.py:79] - DEBUG - Turned to heading: 181.87 deg
2026-06-24 23:44:30,584 - picamera2.picamera2 - [picamera2.py:1391] - DEBUG - Execute job: <picamera2.job.Job object at 0x7f95e12e10>
2026-06-24 23:44:30,587 - mazeUtils.device.camera - [camera.py:39] - DEBUG - Average HSV: H=113.8, S=163.3, V=182.8
2026-06-24 23:44:30,620 - mazeUtils.moveTile - [moveTile.py:79] - DEBUG - roll: 0.8700000000000045 deg, practicalMoveTime: 0.04315677829884608 sec
2026-06-24 23:44:30,620 - mazeUtils.moveTile - [moveTile.py:1803] - DEBUG - moveTile loop time: 43.3 ms
2026-06-24 23:44:30,626 - picamera2.picamera2 - [picamera2.py:1391] - DEBUG - Execute job: <picamera2.job.Job object at 0x7f95d46090>
2026-06-24 23:44:30,629 - mazeUtils.device.camera - [camera.py:39] - DEBUG - Average HSV: H=114.4, S=160.8, V=179.0
2026-06-24 23:44:30,661 - mazeUtils.moveTile - [moveTile.py:79] - DEBUG - roll: 2.0 deg, practicalMoveTime: 0.08407970661339423 sec
2026-06-24 23:44:30,662 - mazeUtils.moveTile - [moveTile.py:1803] - DEBUG - moveTile loop time: 41.2 ms
2026-06-24 23:44:30,668 - picamera2.picamera2 - [picamera2.py:1391] - DEBUG - Execute job: <picamera2.job.Job object at 0x7f7771b4d0>
2026-06-24 23:44:30,671 - mazeUtils.device.camera - [camera.py:39] - DEBUG - Average HSV: H=114.9, S=157.9, V=175.6
2026-06-24 23:44:30,706 - mazeUtils.moveTile - [moveTile.py:79] - DEBUG - roll: 0.06999999999999318 deg, practicalMoveTime: 0.12881518608969103 sec
2026-06-24 23:44:30,707 - mazeUtils.moveTile - [moveTile.py:1803] - DEBUG - moveTile loop time: 45.0 ms
2026-06-24 23:44:30,712 - picamera2.picamera2 - [picamera2.py:1391] - DEBUG - Execute job: <picamera2.job.Job object at 0x7f95e12e10>
2026-06-24 23:44:30,716 - mazeUtils.device.camera - [camera.py:39] - DEBUG - Average HSV: H=113.2, S=167.2, V=186.2
2026-06-24 23:44:30,759 - mazeUtils.moveTile - [moveTile.py:79] - DEBUG - roll: 0.30000000000001137 deg, practicalMoveTime: 0.1808480576875915 sec
2026-06-24 23:44:30,759 - mazeUtils.moveTile - [moveTile.py:1803] - DEBUG - moveTile loop time: 52.3 ms
2026-06-24 23:44:30,765 - picamera2.picamera2 - [picamera2.py:1391] - DEBUG - Execute job: <picamera2.job.Job object at 0x7f95e12510>
2026-06-24 23:44:30,769 - mazeUtils.device.camera - [camera.py:39] - DEBUG - Average HSV: H=113.7, S=165.8, V=180.8
2026-06-24 23:44:30,804 - mazeUtils.moveTile - [moveTile.py:79] - DEBUG - roll: 1.1399999999999864 deg, practicalMoveTime: 0.22578687990407453 sec
2026-06-24 23:44:30,805 - mazeUtils.moveTile - [moveTile.py:1803] - DEBUG - moveTile loop time: 45.2 ms
2026-06-24 23:44:30,810 - picamera2.picamera2 - [picamera2.py:1391] - DEBUG - Execute job: <picamera2.job.Job object at 0x7f95e119d0>
2026-06-24 23:44:30,813 - mazeUtils.device.camera - [camera.py:39] - DEBUG - Average HSV: H=113.9, S=166.7, V=179.9
2026-06-24 23:44:30,850 - mazeUtils.moveTile - [moveTile.py:79] - DEBUG - roll: 359.95 deg, practicalMoveTime: 0.2712574587317507 sec
2026-06-24 23:44:30,851 - mazeUtils.moveTile - [moveTile.py:1803] - DEBUG - moveTile loop time: 45.7 ms
2026-06-24 23:44:30,856 - picamera2.picamera2 - [picamera2.py:1391] - DEBUG - Execute job: <picamera2.job.Job object at 0x7faf052950>
2026-06-24 23:44:30,859 - mazeUtils.device.camera - [camera.py:39] - DEBUG - Average HSV: H=112.8, S=173.2, V=187.6
2026-06-24 23:44:30,893 - mazeUtils.moveTile - [moveTile.py:79] - DEBUG - roll: 359.14 deg, practicalMoveTime: 0.3131773457996817 sec
2026-06-24 23:44:30,893 - mazeUtils.moveTile - [moveTile.py:1803] - DEBUG - moveTile loop time: 42.3 ms
2026-06-24 23:44:30,898 - picamera2.picamera2 - [picamera2.py:1391] - DEBUG - Execute job: <picamera2.job.Job object at 0x7faeff82d0>
2026-06-24 23:44:30,901 - mazeUtils.device.camera - [camera.py:39] - DEBUG - Average HSV: H=112.7, S=175.3, V=186.7
2026-06-24 23:44:30,939 - mazeUtils.moveTile - [moveTile.py:79] - DEBUG - roll: 359.16 deg, practicalMoveTime: 0.3587945174651347 sec
2026-06-24 23:44:30,940 - mazeUtils.moveTile - [moveTile.py:1803] - DEBUG - moveTile loop time: 46.0 ms
2026-06-24 23:44:30,944 - picamera2.picamera2 - [picamera2.py:1391] - DEBUG - Execute job: <picamera2.job.Job object at 0x7fa5ae01d0>
2026-06-24 23:44:30,947 - mazeUtils.device.camera - [camera.py:39] - DEBUG - Average HSV: H=111.8, S=180.1, V=190.2
2026-06-24 23:44:30,979 - mazeUtils.moveTile - [moveTile.py:79] - DEBUG - roll: 358.06 deg, practicalMoveTime: 0.39798612721107196 sec
2026-06-24 23:44:30,979 - mazeUtils.moveTile - [moveTile.py:1803] - DEBUG - moveTile loop time: 39.5 ms
2026-06-24 23:44:30,984 - picamera2.picamera2 - [picamera2.py:1391] - DEBUG - Execute job: <picamera2.job.Job object at 0x7f7771b4d0>
2026-06-24 23:44:30,988 - mazeUtils.device.camera - [camera.py:39] - DEBUG - Average HSV: H=111.3, S=185.4, V=194.6
2026-06-24 23:44:31,029 - mazeUtils.moveTile - [moveTile.py:79] - DEBUG - roll: 358.97 deg, practicalMoveTime: 0.44737194106395134 sec
2026-06-24 23:44:31,029 - mazeUtils.moveTile - [moveTile.py:1803] - DEBUG - moveTile loop time: 49.7 ms
2026-06-24 23:44:31,035 - picamera2.picamera2 - [picamera2.py:1391] - DEBUG - Execute job: <picamera2.job.Job object at 0x7f7771b490>
2026-06-24 23:44:31,038 - mazeUtils.device.camera - [camera.py:39] - DEBUG - Average HSV: H=112.1, S=182.9, V=188.7
2026-06-24 23:44:31,076 - mazeUtils.moveTile - [moveTile.py:79] - DEBUG - roll: 357.43 deg, practicalMoveTime: 0.493739173861404 sec
2026-06-24 23:44:31,076 - mazeUtils.moveTile - [moveTile.py:1803] - DEBUG - moveTile loop time: 46.7 ms
2026-06-24 23:44:31,087 - picamera2.picamera2 - [picamera2.py:1391] - DEBUG - Execute job: <picamera2.job.Job object at 0x7f7771b4d0>
2026-06-24 23:44:31,090 - mazeUtils.device.camera - [camera.py:39] - DEBUG - Average HSV: H=111.4, S=185.9, V=191.9
2026-06-24 23:44:31,134 - mazeUtils.moveTile - [moveTile.py:79] - DEBUG - roll: 358.24 deg, practicalMoveTime: 0.5518464972250734 sec
2026-06-24 23:44:31,135 - mazeUtils.moveTile - [moveTile.py:1803] - DEBUG - moveTile loop time: 58.4 ms
2026-06-24 23:44:31,140 - picamera2.picamera2 - [picamera2.py:1391] - DEBUG - Execute job: <picamera2.job.Job object at 0x7f7771b490>
2026-06-24 23:44:31,143 - mazeUtils.device.camera - [camera.py:39] - DEBUG - Average HSV: H=112.6, S=178.6, V=179.2
2026-06-24 23:44:31,175 - mazeUtils.moveTile - [moveTile.py:79] - DEBUG - roll: 0.8700000000000045 deg, practicalMoveTime: 0.5920194492377381 sec
2026-06-24 23:44:31,175 - mazeUtils.moveTile - [moveTile.py:1803] - DEBUG - moveTile loop time: 40.4 ms
2026-06-24 23:44:31,182 - picamera2.picamera2 - [picamera2.py:1391] - DEBUG - Execute job: <picamera2.job.Job object at 0x7f96df70d0>
2026-06-24 23:44:31,185 - mazeUtils.device.camera - [camera.py:39] - DEBUG - Average HSV: H=112.4, S=181.1, V=183.4
2026-06-24 23:44:31,220 - mazeUtils.moveTile - [moveTile.py:79] - DEBUG - roll: 358.42 deg, practicalMoveTime: 0.6365005890439247 sec
2026-06-24 23:44:31,220 - mazeUtils.moveTile - [moveTile.py:1803] - DEBUG - moveTile loop time: 44.7 ms
2026-06-24 23:44:31,225 - picamera2.picamera2 - [picamera2.py:1391] - DEBUG - Execute job: <picamera2.job.Job object at 0x7fa5ae01d0>
2026-06-24 23:44:31,229 - mazeUtils.device.camera - [camera.py:39] - DEBUG - Average HSV: H=111.4, S=187.5, V=187.9
2026-06-24 23:44:31,267 - mazeUtils.moveTile - [moveTile.py:79] - DEBUG - roll: 1.1899999999999977 deg, practicalMoveTime: 0.6830996335274989 sec
2026-06-24 23:44:31,268 - mazeUtils.moveTile - [moveTile.py:1803] - DEBUG - moveTile loop time: 46.9 ms
2026-06-24 23:44:31,273 - picamera2.picamera2 - [picamera2.py:1391] - DEBUG - Execute job: <picamera2.job.Job object at 0x7faf052950>
2026-06-24 23:44:31,276 - mazeUtils.device.camera - [camera.py:39] - DEBUG - Average HSV: H=112.6, S=189.5, V=157.7
2026-06-24 23:44:31,308 - mazeUtils.moveTile - [moveTile.py:79] - DEBUG - roll: 359.6 deg, practicalMoveTime: 0.7233434755207815 sec
2026-06-24 23:44:31,308 - mazeUtils.moveTile - [moveTile.py:1803] - DEBUG - moveTile loop time: 40.5 ms
2026-06-24 23:44:31,321 - picamera2.picamera2 - [picamera2.py:1391] - DEBUG - Execute job: <picamera2.job.Job object at 0x7faeff9fd0>
2026-06-24 23:44:31,324 - mazeUtils.device.camera - [camera.py:39] - DEBUG - Average HSV: H=111.7, S=194.9, V=159.0
2026-06-24 23:44:31,361 - mazeUtils.moveTile - [moveTile.py:79] - DEBUG - roll: 0.30000000000001137 deg, practicalMoveTime: 0.7758971450192298 sec
2026-06-24 23:44:31,361 - mazeUtils.moveTile - [moveTile.py:1803] - DEBUG - moveTile loop time: 52.8 ms
2026-06-24 23:44:31,366 - picamera2.picamera2 - [picamera2.py:1391] - DEBUG - Execute job: <picamera2.job.Job object at 0x7faeff9fd0>
2026-06-24 23:44:31,369 - mazeUtils.device.camera - [camera.py:39] - DEBUG - Average HSV: H=113.1, S=178.5, V=154.6
2026-06-24 23:44:31,411 - mazeUtils.moveTile - [moveTile.py:79] - DEBUG - roll: 1.410000000000025 deg, practicalMoveTime: 0.8253140831793849 sec
2026-06-24 23:44:31,411 - mazeUtils.moveTile - [moveTile.py:1803] - DEBUG - moveTile loop time: 49.7 ms
2026-06-24 23:44:31,417 - picamera2.picamera2 - [picamera2.py:1391] - DEBUG - Execute job: <picamera2.job.Job object at 0x7faeff82d0>
2026-06-24 23:44:31,420 - mazeUtils.device.camera - [camera.py:39] - DEBUG - Average HSV: H=113.4, S=179.1, V=145.1
2026-06-24 23:44:31,455 - mazeUtils.moveTile - [moveTile.py:1651] - INFO - practicalVerticalMove: -0.211530087827028 CM
2026-06-24 23:44:31,501 - mazeUtils.moveTile - [moveTile.py:1998] - INFO - Set moved vertical distance: -0.211530087827028 cm, past distances: [(-0.04973648032944728, False), (0, False), (0, False)]
2026-06-24 23:44:31,639 - mazeUtils.moveTile - [moveTile.py:553] - DEBUG - Direction: absDirection.NORTH, Angle: 180, Distance: 149.90345437481886 cm
2026-06-24 23:44:31,641 - mazeUtils.moveTile - [moveTile.py:553] - DEBUG - Direction: absDirection.EAST, Angle: 90, Distance: 108.06550274254137 cm
2026-06-24 23:44:31,642 - mazeUtils.moveTile - [moveTile.py:553] - DEBUG - Direction: absDirection.SOUTH, Angle: 0, Distance: 35.36949075854162 cm
2026-06-24 23:44:31,643 - mazeUtils.moveTile - [moveTile.py:578] - DEBUG - Front LiDAR distance: 35.36949075854162 cm, TSD10 distance: 21.3 cm
2026-06-24 23:44:31,644 - mazeUtils.moveTile - [moveTile.py:553] - DEBUG - Direction: absDirection.WEST, Angle: 270, Distance: 77.80811109189001 cm
2026-06-24 23:44:31,646 - mazeUtils.moveTile - [moveTile.py:2153] - INFO - Tile color detection, decided tile type: E
2026-06-24 23:44:31,725 - __main__ - [main.py:105] - INFO - Current position: (17, 23, 0), front direction: absDirection.SOUTH
Layer 0 (altitude=0.0cm, offset=(0.0cm, 0.0cm)):
Known map area: x=17..20, y=19..23
+   +   +   +---+
  U   U   U   E |
+   +   +   +   +
  U   U   U   S |
+   +   +   +   +
  E   U   U   U  
+   +   +   +   +
  E   U   U   U  
+   +   +   +   +
  @   U   U   U  
+   +   +   +   +
Layer 1 (altitude=15.0cm, offset=(-60.0cm, 0.0cm)):
Known map area: x=19..20, y=19..19
+---+---+
| E   E  
+   +   +
mazeAsGraph[0][19][20] = {absDirection.NORTH: None, absDirection.EAST: None, absDirection.SOUTH: (20, 20, 0, 30), absDirection.WEST: (20, 19, 1, 60)}
mazeAsGraph[0][20][20] = {absDirection.NORTH: (20, 19, 0, 30), absDirection.EAST: None, absDirection.SOUTH: (20, 21, 0, 30), absDirection.WEST: (19, 20, 0, 30)}
mazeAsGraph[0][21][17] = {absDirection.NORTH: (19, 19, 1, 60), absDirection.EAST: (18, 21, 0, 30), absDirection.SOUTH: (17, 22, 0, 30), absDirection.WEST: (16, 21, 0, 30)}
mazeAsGraph[0][22][17] = {absDirection.NORTH: (17, 21, 0, 30), absDirection.EAST: (18, 22, 0, 30), absDirection.SOUTH: (17, 23, 0, 30), absDirection.WEST: (16, 22, 0, 30)}
mazeAsGraph[0][23][17] = {absDirection.NORTH: (17, 22, 0, 30), absDirection.EAST: (18, 23, 0, 30), absDirection.SOUTH: (17, 24, 0, 30), absDirection.WEST: (16, 23, 0, 30)}
mazeAsGraph[1][19][19] = {absDirection.NORTH: None, absDirection.EAST: (20, 19, 1, 30), absDirection.SOUTH: (17, 21, 0, 60), absDirection.WEST: None}
mazeAsGraph[1][19][20] = {absDirection.NORTH: None, absDirection.EAST: (20, 19, 0, 60), absDirection.SOUTH: (20, 20, 1, 30), absDirection.WEST: (19, 19, 1, 30)}
2026-06-24 23:44:31,732 - mazeUtils.mazeMap - [mazeMap.py:61] - INFO - next goal: (17, 24, 0)
2026-06-24 23:44:31,737 - mazeUtils.moveTile - [moveTile.py:79] - DEBUG - Moving to absDirection.SOUTH from (17, 23, 0) facing absDirection.SOUTH
2026-06-24 23:44:31,764 - mazeUtils.moveTile - [moveTile.py:79] - DEBUG - current heading: 181.23000000000002 target: 180
2026-06-24 23:44:31,783 - mazeUtils.moveTile - [moveTile.py:427] - DEBUG - stopped turning at heading: 181.23000000000002, diff: 1.2300000000000182
2026-06-24 23:44:31,827 - mazeUtils.moveTile - [moveTile.py:79] - DEBUG - Turned to heading: 181.03 deg
2026-06-24 23:44:32,069 - picamera2.picamera2 - [picamera2.py:1391] - DEBUG - Execute job: <picamera2.job.Job object at 0x7f77ceb150>
2026-06-24 23:44:32,073 - mazeUtils.device.camera - [camera.py:39] - DEBUG - Average HSV: H=112.9, S=177.5, V=170.7
2026-06-24 23:44:32,111 - mazeUtils.moveTile - [moveTile.py:79] - DEBUG - roll: 0.03000000000002956 deg, practicalMoveTime: 0.04887747764587402 sec
2026-06-24 23:44:32,112 - mazeUtils.moveTile - [moveTile.py:1803] - DEBUG - moveTile loop time: 48.1 ms
2026-06-24 23:44:32,117 - picamera2.picamera2 - [picamera2.py:1391] - DEBUG - Execute job: <picamera2.job.Job object at 0x7fa51dc750>
2026-06-24 23:44:32,120 - mazeUtils.device.camera - [camera.py:39] - DEBUG - Average HSV: H=113.2, S=177.2, V=166.7
2026-06-24 23:44:32,153 - mazeUtils.moveTile - [moveTile.py:79] - DEBUG - roll: 359.77000000000004 deg, practicalMoveTime: 0.08973160366453362 sec
2026-06-24 23:44:32,153 - mazeUtils.moveTile - [moveTile.py:1803] - DEBUG - moveTile loop time: 41.0 ms
2026-06-24 23:44:32,165 - picamera2.picamera2 - [picamera2.py:1391] - DEBUG - Execute job: <picamera2.job.Job object at 0x7f77ceb110>
2026-06-24 23:44:32,169 - mazeUtils.device.camera - [camera.py:39] - DEBUG - Average HSV: H=112.8, S=183.0, V=161.3
2026-06-24 23:44:32,211 - mazeUtils.moveTile - [moveTile.py:79] - DEBUG - roll: 359.01 deg, practicalMoveTime: 0.14731193081503768 sec
2026-06-24 23:44:32,211 - mazeUtils.moveTile - [moveTile.py:1803] - DEBUG - moveTile loop time: 57.7 ms
2026-06-24 23:44:32,216 - picamera2.picamera2 - [picamera2.py:1391] - DEBUG - Execute job: <picamera2.job.Job object at 0x7f8c1f4150>
2026-06-24 23:44:32,220 - mazeUtils.device.camera - [camera.py:39] - DEBUG - Average HSV: H=112.5, S=188.7, V=147.9
2026-06-24 23:44:32,264 - mazeUtils.moveTile - [moveTile.py:79] - DEBUG - roll: 0.7400000000000091 deg, practicalMoveTime: 0.1996771675885916 sec
2026-06-24 23:44:32,264 - mazeUtils.moveTile - [moveTile.py:1803] - DEBUG - moveTile loop time: 52.8 ms
2026-06-24 23:44:32,272 - picamera2.picamera2 - [picamera2.py:1391] - DEBUG - Execute job: <picamera2.job.Job object at 0x7f77b22cd0>
2026-06-24 23:44:32,277 - mazeUtils.device.camera - [camera.py:39] - DEBUG - Average HSV: H=112.3, S=189.7, V=156.5
2026-06-24 23:44:32,311 - mazeUtils.moveTile - [moveTile.py:79] - DEBUG - roll: 358.32 deg, practicalMoveTime: 0.24583569298682703 sec
2026-06-24 23:44:32,311 - mazeUtils.moveTile - [moveTile.py:1803] - DEBUG - moveTile loop time: 45.4 ms
2026-06-24 23:44:32,323 - picamera2.picamera2 - [picamera2.py:1391] - DEBUG - Execute job: <picamera2.job.Job object at 0x7faeff82d0>
2026-06-24 23:44:32,327 - mazeUtils.device.camera - [camera.py:39] - DEBUG - Average HSV: H=112.0, S=188.8, V=177.1
2026-06-24 23:44:32,364 - mazeUtils.moveTile - [moveTile.py:79] - DEBUG - roll: 0.8500000000000227 deg, practicalMoveTime: 0.29831628837895247 sec
2026-06-24 23:44:32,365 - mazeUtils.moveTile - [moveTile.py:1803] - DEBUG - moveTile loop time: 52.5 ms
2026-06-24 23:44:32,370 - picamera2.picamera2 - [picamera2.py:1391] - DEBUG - Execute job: <picamera2.job.Job object at 0x7f77b22cd0>
2026-06-24 23:44:32,375 - mazeUtils.device.camera - [camera.py:39] - DEBUG - Average HSV: H=111.0, S=205.4, V=194.6
2026-06-24 23:44:32,416 - mazeUtils.moveTile - [moveTile.py:79] - DEBUG - roll: 358.97 deg, practicalMoveTime: 0.34942810021381 sec
2026-06-24 23:44:32,416 - mazeUtils.moveTile - [moveTile.py:1803] - DEBUG - moveTile loop time: 51.3 ms
2026-06-24 23:44:32,422 - picamera2.picamera2 - [picamera2.py:1391] - DEBUG - Execute job: <picamera2.job.Job object at 0x7f77ceac10>
2026-06-24 23:44:32,427 - mazeUtils.device.camera - [camera.py:39] - DEBUG - Average HSV: H=110.1, S=211.2, V=200.6
2026-06-24 23:44:32,469 - mazeUtils.moveTile - [moveTile.py:79] - DEBUG - roll: 1.5699999999999932 deg, practicalMoveTime: 0.401529598033294 sec
2026-06-24 23:44:32,470 - mazeUtils.moveTile - [moveTile.py:1803] - DEBUG - moveTile loop time: 52.9 ms
2026-06-24 23:44:32,475 - picamera2.picamera2 - [picamera2.py:1391] - DEBUG - Execute job: <picamera2.job.Job object at 0x7f96e80b90>
2026-06-24 23:44:32,481 - mazeUtils.device.camera - [camera.py:39] - DEBUG - Average HSV: H=109.3, S=217.9, V=207.7
2026-06-24 23:44:32,522 - mazeUtils.moveTile - [moveTile.py:79] - DEBUG - roll: 359.59000000000003 deg, practicalMoveTime: 0.4538236074697001 sec
2026-06-24 23:44:32,523 - mazeUtils.moveTile - [moveTile.py:1803] - DEBUG - moveTile loop time: 52.4 ms
2026-06-24 23:44:32,527 - picamera2.picamera2 - [picamera2.py:1391] - DEBUG - Execute job: <picamera2.job.Job object at 0x7f77ceb090>
2026-06-24 23:44:32,532 - mazeUtils.device.camera - [camera.py:39] - DEBUG - Average HSV: H=108.5, S=221.6, V=210.9
2026-06-24 23:44:32,619 - mazeUtils.moveTile - [moveTile.py:79] - DEBUG - Little forward to adjust position
2026-06-24 23:44:32,641 - __main__ - [main.py:170] - INFO - Program interrupted by user.
2026-06-24 23:44:33,733 - picamera2.picamera2 - [picamera2.py:1391] - DEBUG - Execute job: <picamera2.job.Job object at 0x7fbb766e50>
2026-06-24 23:44:33,756 - picamera2.picamera2 - [picamera2.py:1323] - INFO - Camera stopped
2026-06-24 23:44:33,957 - picamera2.picamera2 - [picamera2.py:1329] - DEBUG - Camera was not started
2026-06-24 23:44:34,159 - picamera2.picamera2 - [picamera2.py:723] - INFO - Camera closed successfully.
2026-06-24 23:44:34,408 - picamera2.picamera2 - [picamera2.py:500] - DEBUG - Resources now free: <picamera2.picamera2.Picamera2 object at 0x7fa7d37450>
