2026-05-05 09:03:43,764 - root - [logging_config.py:61] - INFO - Logging initialized. Log file: /home/tuton/Kanto2026RPi/src/config/../logs/robot_20260505_090341.log
2026-05-05 09:03:45,984 - mazeUtils.device.LiDAR - [LiDAR.py:36] - INFO - Available ports: <ydlidar.Str2strMap; proxy of <Swig Object of type 'std::map< std::string,std::string > *' at 0x7fae11eeb0> >
2026-05-05 09:03:58,871 - mazeUtils.moveTile - [moveTile.py:514] - DEBUG - Direction: absDirection.NORTH, Angle: 0, Distance: 42.51745095071705 cm
2026-05-05 09:03:58,874 - mazeUtils.moveTile - [moveTile.py:514] - DEBUG - Direction: absDirection.EAST, Angle: 270, Distance: 79.0654193035747 cm
2026-05-05 09:03:58,876 - mazeUtils.moveTile - [moveTile.py:514] - DEBUG - Direction: absDirection.SOUTH, Angle: 180, Distance: 17.108634769882674 cm
2026-05-05 09:03:58,878 - mazeUtils.moveTile - [moveTile.py:514] - DEBUG - Direction: absDirection.WEST, Angle: 90, Distance: 14.893296908036953 cm
2026-05-05 09:03:59,865 - __main__ - [main.py:69] - INFO - Initial Map:
2026-05-05 09:03:59,874 - __main__ - [main.py:70] - INFO - Current position: (20, 20, 0), front direction: absDirection.NORTH
Layer 0 (altitude=0.0cm, offset=(0.0cm, 0.0cm)):
Known map area: x=20..20, y=20..20
+   +
| @  
+---+
2026-05-05 09:03:59,875 - mazeUtils.mazeMap - [mazeMap.py:61] - INFO - next goal: (20, 19, 0)
2026-05-05 09:03:59,876 - __main__ - [main.py:73] - INFO - Next Direction: [<absDirection.NORTH: 0>]
2026-05-05 09:03:59,876 - __main__ - [main.py:74] - INFO - Exploration started.
2026-05-05 09:03:59,876 - mazeUtils.mazeMap - [mazeMap.py:61] - INFO - next goal: (20, 19, 0)
2026-05-05 09:03:59,882 - mazeUtils.moveTile - [moveTile.py:80] - DEBUG - Moving to absDirection.NORTH from (20, 20, 0) facing absDirection.NORTH
2026-05-05 09:03:59,913 - mazeUtils.moveTile - [moveTile.py:80] - DEBUG - current heading: 0.3100000000000023 target: 0
2026-05-05 09:03:59,933 - mazeUtils.moveTile - [moveTile.py:387] - DEBUG - stopped turning at heading: 0.3100000000000023, diff: 0.3100000000000023
2026-05-05 09:03:59,980 - mazeUtils.moveTile - [moveTile.py:80] - DEBUG - Turned to heading: 359.97 deg
2026-05-05 09:04:00,166 - picamera2.picamera2 - [picamera2.py:1391] - DEBUG - Execute job: <picamera2.job.Job object at 0x7f770af750>
2026-05-05 09:04:00,172 - mazeUtils.device.camera - [camera.py:37] - DEBUG - Average HSV: H=20.2, S=7.5, V=255.0
2026-05-05 09:04:00,207 - mazeUtils.moveTile - [moveTile.py:80] - DEBUG - roll: 359.34 deg, practicalMoveTime: 0.048953146186501144 sec
2026-05-05 09:04:00,207 - mazeUtils.moveTile - [moveTile.py:1091] - DEBUG - moveTile loop time: 47.8 ms
2026-05-05 09:04:00,214 - picamera2.picamera2 - [picamera2.py:1391] - DEBUG - Execute job: <picamera2.job.Job object at 0x7fa6e22150>
2026-05-05 09:04:00,218 - mazeUtils.device.camera - [camera.py:37] - DEBUG - Average HSV: H=24.0, S=6.5, V=255.0
2026-05-05 09:04:00,250 - mazeUtils.moveTile - [moveTile.py:80] - DEBUG - roll: 359.77 deg, practicalMoveTime: 0.09117602109214248 sec
2026-05-05 09:04:00,250 - mazeUtils.moveTile - [moveTile.py:1091] - DEBUG - moveTile loop time: 42.2 ms
2026-05-05 09:04:00,258 - picamera2.picamera2 - [picamera2.py:1391] - DEBUG - Execute job: <picamera2.job.Job object at 0x7f94edf350>
2026-05-05 09:04:00,261 - mazeUtils.device.camera - [camera.py:37] - DEBUG - Average HSV: H=18.7, S=8.2, V=253.6
2026-05-05 09:04:00,291 - mazeUtils.moveTile - [moveTile.py:80] - DEBUG - roll: 359.32 deg, practicalMoveTime: 0.1317140995361396 sec
2026-05-05 09:04:00,291 - mazeUtils.moveTile - [moveTile.py:1091] - DEBUG - moveTile loop time: 40.9 ms
2026-05-05 09:04:00,301 - picamera2.picamera2 - [picamera2.py:1391] - DEBUG - Execute job: <picamera2.job.Job object at 0x7fa6e28390>
2026-05-05 09:04:00,303 - mazeUtils.device.camera - [camera.py:37] - DEBUG - Average HSV: H=14.8, S=19.3, V=245.7
2026-05-05 09:04:00,328 - mazeUtils.moveTile - [moveTile.py:80] - DEBUG - roll: 359.04999999999995 deg, practicalMoveTime: 0.16894304942701835 sec
2026-05-05 09:04:00,329 - mazeUtils.moveTile - [moveTile.py:1091] - DEBUG - moveTile loop time: 37.7 ms
2026-05-05 09:04:00,335 - picamera2.picamera2 - [picamera2.py:1391] - DEBUG - Execute job: <picamera2.job.Job object at 0x7f770af4d0>
2026-05-05 09:04:00,338 - mazeUtils.device.camera - [camera.py:37] - DEBUG - Average HSV: H=9.5, S=29.9, V=238.8
2026-05-05 09:04:00,376 - mazeUtils.moveTile - [moveTile.py:80] - DEBUG - roll: 359.29999999999995 deg, practicalMoveTime: 0.2158920313852507 sec
2026-05-05 09:04:00,377 - mazeUtils.moveTile - [moveTile.py:1091] - DEBUG - moveTile loop time: 47.3 ms
2026-05-05 09:04:00,383 - picamera2.picamera2 - [picamera2.py:1391] - DEBUG - Execute job: <picamera2.job.Job object at 0x7f94ede190>
2026-05-05 09:04:00,386 - mazeUtils.device.camera - [camera.py:37] - DEBUG - Average HSV: H=54.2, S=22.1, V=242.5
2026-05-05 09:04:00,426 - mazeUtils.moveTile - [moveTile.py:80] - DEBUG - roll: 358.66999999999996 deg, practicalMoveTime: 0.26534340786522914 sec
2026-05-05 09:04:00,427 - mazeUtils.moveTile - [moveTile.py:1091] - DEBUG - moveTile loop time: 49.9 ms
2026-05-05 09:04:00,433 - picamera2.picamera2 - [picamera2.py:1391] - DEBUG - Execute job: <picamera2.job.Job object at 0x7f770af4d0>
2026-05-05 09:04:00,436 - mazeUtils.device.camera - [camera.py:37] - DEBUG - Average HSV: H=67.2, S=2.9, V=254.1
2026-05-05 09:04:00,463 - mazeUtils.moveTile - [moveTile.py:80] - DEBUG - roll: 359.42999999999995 deg, practicalMoveTime: 0.3019018957025315 sec
2026-05-05 09:04:00,464 - mazeUtils.moveTile - [moveTile.py:1091] - DEBUG - moveTile loop time: 36.9 ms
2026-05-05 09:04:00,470 - picamera2.picamera2 - [picamera2.py:1391] - DEBUG - Execute job: <picamera2.job.Job object at 0x7f7733e6d0>
2026-05-05 09:04:00,473 - mazeUtils.device.camera - [camera.py:37] - DEBUG - Average HSV: H=0.0, S=0.0, V=255.0
2026-05-05 09:04:00,501 - mazeUtils.moveTile - [moveTile.py:80] - DEBUG - roll: 358.67999999999995 deg, practicalMoveTime: 0.3385840628047792 sec
2026-05-05 09:04:00,501 - mazeUtils.moveTile - [moveTile.py:1091] - DEBUG - moveTile loop time: 37.2 ms
2026-05-05 09:04:00,505 - picamera2.picamera2 - [picamera2.py:1391] - DEBUG - Execute job: <picamera2.job.Job object at 0x7f770af4d0>
2026-05-05 09:04:00,508 - mazeUtils.device.camera - [camera.py:37] - DEBUG - Average HSV: H=0.0, S=0.0, V=255.0
2026-05-05 09:04:00,539 - mazeUtils.moveTile - [moveTile.py:80] - DEBUG - roll: 358.42999999999995 deg, practicalMoveTime: 0.3759726516257144 sec
2026-05-05 09:04:00,539 - mazeUtils.moveTile - [moveTile.py:1091] - DEBUG - moveTile loop time: 37.8 ms
2026-05-05 09:04:00,543 - picamera2.picamera2 - [picamera2.py:1391] - DEBUG - Execute job: <picamera2.job.Job object at 0x7f94ede190>
2026-05-05 09:04:00,547 - mazeUtils.device.camera - [camera.py:37] - DEBUG - Average HSV: H=0.0, S=0.0, V=255.0
2026-05-05 09:04:00,590 - mazeUtils.moveTile - [moveTile.py:80] - DEBUG - roll: 358.96 deg, practicalMoveTime: 0.42615435562609694 sec
2026-05-05 09:04:00,590 - mazeUtils.moveTile - [moveTile.py:1091] - DEBUG - moveTile loop time: 50.6 ms
2026-05-05 09:04:00,595 - picamera2.picamera2 - [picamera2.py:1391] - DEBUG - Execute job: <picamera2.job.Job object at 0x7f770af4d0>
2026-05-05 09:04:00,599 - mazeUtils.device.camera - [camera.py:37] - DEBUG - Average HSV: H=0.0, S=0.0, V=255.0
2026-05-05 09:04:00,630 - mazeUtils.moveTile - [moveTile.py:80] - DEBUG - roll: 358.02 deg, practicalMoveTime: 0.4657525293338967 sec
2026-05-05 09:04:00,630 - mazeUtils.moveTile - [moveTile.py:1091] - DEBUG - moveTile loop time: 39.9 ms
2026-05-05 09:04:00,638 - picamera2.picamera2 - [picamera2.py:1391] - DEBUG - Execute job: <picamera2.job.Job object at 0x7fa6e28390>
2026-05-05 09:04:00,641 - mazeUtils.device.camera - [camera.py:37] - DEBUG - Average HSV: H=0.0, S=0.0, V=255.0
2026-05-05 09:04:00,680 - mazeUtils.moveTile - [moveTile.py:80] - DEBUG - roll: 358.38 deg, practicalMoveTime: 0.5149975080407525 sec
2026-05-05 09:04:00,680 - mazeUtils.moveTile - [moveTile.py:1091] - DEBUG - moveTile loop time: 49.7 ms
2026-05-05 09:04:00,685 - picamera2.picamera2 - [picamera2.py:1391] - DEBUG - Execute job: <picamera2.job.Job object at 0x7f94edf350>
2026-05-05 09:04:00,689 - mazeUtils.device.camera - [camera.py:37] - DEBUG - Average HSV: H=0.0, S=0.0, V=255.0
2026-05-05 09:04:00,719 - mazeUtils.moveTile - [moveTile.py:80] - DEBUG - roll: 0.7899999999999636 deg, practicalMoveTime: 0.5494651233846968 sec
2026-05-05 09:04:00,719 - mazeUtils.moveTile - [moveTile.py:1091] - DEBUG - moveTile loop time: 38.6 ms
2026-05-05 09:04:00,725 - picamera2.picamera2 - [picamera2.py:1391] - DEBUG - Execute job: <picamera2.job.Job object at 0x7f94ede190>
2026-05-05 09:04:00,728 - mazeUtils.device.camera - [camera.py:37] - DEBUG - Average HSV: H=0.0, S=0.0, V=255.0
2026-05-05 09:04:00,759 - mazeUtils.moveTile - [moveTile.py:80] - DEBUG - roll: 3.4599999999999795 deg, practicalMoveTime: 0.5851737158115816 sec
2026-05-05 09:04:00,759 - mazeUtils.moveTile - [moveTile.py:1091] - DEBUG - moveTile loop time: 40.0 ms
2026-05-05 09:04:00,768 - picamera2.picamera2 - [picamera2.py:1391] - DEBUG - Execute job: <picamera2.job.Job object at 0x7f7733e6d0>
2026-05-05 09:04:00,772 - mazeUtils.device.camera - [camera.py:37] - DEBUG - Average HSV: H=0.0, S=0.0, V=255.0
2026-05-05 09:04:00,799 - mazeUtils.moveTile - [moveTile.py:80] - DEBUG - roll: 6.069999999999993 deg, practicalMoveTime: 0.620443319165075 sec
2026-05-05 09:04:00,799 - mazeUtils.moveTile - [moveTile.py:1091] - DEBUG - moveTile loop time: 39.9 ms
2026-05-05 09:04:00,806 - picamera2.picamera2 - [picamera2.py:1391] - DEBUG - Execute job: <picamera2.job.Job object at 0x7f770af4d0>
2026-05-05 09:04:00,810 - mazeUtils.device.camera - [camera.py:37] - DEBUG - Average HSV: H=0.0, S=0.0, V=255.0
2026-05-05 09:04:00,846 - mazeUtils.moveTile - [moveTile.py:80] - DEBUG - roll: 7.109999999999957 deg, practicalMoveTime: 0.6624184115109184 sec
2026-05-05 09:04:00,847 - mazeUtils.moveTile - [moveTile.py:1091] - DEBUG - moveTile loop time: 47.4 ms
2026-05-05 09:04:00,852 - picamera2.picamera2 - [picamera2.py:1391] - DEBUG - Execute job: <picamera2.job.Job object at 0x7f7733e290>
2026-05-05 09:04:00,855 - mazeUtils.device.camera - [camera.py:37] - DEBUG - Average HSV: H=0.0, S=0.0, V=255.0
2026-05-05 09:04:00,886 - mazeUtils.moveTile - [moveTile.py:80] - DEBUG - roll: 10.199999999999989 deg, practicalMoveTime: 0.6965107149355554 sec
2026-05-05 09:04:00,887 - mazeUtils.moveTile - [moveTile.py:1091] - DEBUG - moveTile loop time: 40.0 ms
2026-05-05 09:04:00,892 - picamera2.picamera2 - [picamera2.py:1391] - DEBUG - Execute job: <picamera2.job.Job object at 0x7f7738f690>
2026-05-05 09:04:00,895 - mazeUtils.device.camera - [camera.py:37] - DEBUG - Average HSV: H=0.0, S=0.0, V=255.0
2026-05-05 09:04:00,938 - mazeUtils.moveTile - [moveTile.py:80] - DEBUG - roll: 11.75 deg, practicalMoveTime: 0.7408406135785187 sec
2026-05-05 09:04:00,938 - mazeUtils.moveTile - [moveTile.py:1091] - DEBUG - moveTile loop time: 50.2 ms
2026-05-05 09:04:00,943 - picamera2.picamera2 - [picamera2.py:1391] - DEBUG - Execute job: <picamera2.job.Job object at 0x7fa6e23c10>
2026-05-05 09:04:00,947 - mazeUtils.device.camera - [camera.py:37] - DEBUG - Average HSV: H=0.0, S=0.0, V=255.0
2026-05-05 09:04:00,975 - mazeUtils.moveTile - [moveTile.py:80] - DEBUG - roll: 14.149999999999977 deg, practicalMoveTime: 0.7735398908692775 sec
2026-05-05 09:04:00,976 - mazeUtils.moveTile - [moveTile.py:1091] - DEBUG - moveTile loop time: 38.0 ms
2026-05-05 09:04:00,985 - picamera2.picamera2 - [picamera2.py:1391] - DEBUG - Execute job: <picamera2.job.Job object at 0x7f770af750>
2026-05-05 09:04:00,988 - mazeUtils.device.camera - [camera.py:37] - DEBUG - Average HSV: H=0.0, S=0.0, V=255.0
2026-05-05 09:04:02,195 - mazeUtils.moveTile - [moveTile.py:952] - INFO - Detected big ramp, lastTofDist: 28.8 cm, roll: 21.879999999999995 deg
2026-05-05 09:04:02,272 - mazeUtils.moveTile - [moveTile.py:986] - DEBUG - Tof:28.8, nowDist: 0.0 cm, nowHeight: 0.0 cm
2026-05-05 09:04:02,345 - mazeUtils.moveTile - [moveTile.py:986] - DEBUG - Tof:34.2, nowDist: 5.0 cm, nowHeight: 2.0 cm
2026-05-05 09:04:02,431 - mazeUtils.moveTile - [moveTile.py:986] - DEBUG - Tof:34.2, nowDist: 5.0 cm, nowHeight: 2.0 cm
2026-05-05 09:04:02,511 - mazeUtils.moveTile - [moveTile.py:986] - DEBUG - Tof:34.0, nowDist: 4.8 cm, nowHeight: 1.9 cm
2026-05-05 09:04:02,590 - mazeUtils.moveTile - [moveTile.py:986] - DEBUG - Tof:35.0, nowDist: 5.8 cm, nowHeight: 2.3 cm
2026-05-05 09:04:02,671 - mazeUtils.moveTile - [moveTile.py:986] - DEBUG - Tof:36.2, nowDist: 6.9 cm, nowHeight: 2.8 cm
2026-05-05 09:04:02,750 - mazeUtils.moveTile - [moveTile.py:986] - DEBUG - Tof:36.6, nowDist: 7.2 cm, nowHeight: 2.9 cm
2026-05-05 09:04:02,829 - mazeUtils.moveTile - [moveTile.py:986] - DEBUG - Tof:38.4, nowDist: 8.9 cm, nowHeight: 3.6 cm
2026-05-05 09:04:02,907 - mazeUtils.moveTile - [moveTile.py:986] - DEBUG - Tof:39.6, nowDist: 10.0 cm, nowHeight: 4.1 cm
2026-05-05 09:04:02,988 - mazeUtils.moveTile - [moveTile.py:986] - DEBUG - Tof:39.8, nowDist: 10.2 cm, nowHeight: 4.2 cm
2026-05-05 09:04:03,061 - mazeUtils.moveTile - [moveTile.py:986] - DEBUG - Tof:40.6, nowDist: 10.9 cm, nowHeight: 4.5 cm
2026-05-05 09:04:03,143 - mazeUtils.moveTile - [moveTile.py:986] - DEBUG - Tof:40.8, nowDist: 11.1 cm, nowHeight: 4.6 cm
2026-05-05 09:04:03,223 - mazeUtils.moveTile - [moveTile.py:986] - DEBUG - Tof:41.4, nowDist: 11.6 cm, nowHeight: 4.8 cm
2026-05-05 09:04:03,301 - mazeUtils.moveTile - [moveTile.py:986] - DEBUG - Tof:42.4, nowDist: 12.6 cm, nowHeight: 5.2 cm
2026-05-05 09:04:03,379 - mazeUtils.moveTile - [moveTile.py:986] - DEBUG - Tof:43.0, nowDist: 13.1 cm, nowHeight: 5.4 cm
2026-05-05 09:04:03,453 - mazeUtils.moveTile - [moveTile.py:986] - DEBUG - Tof:44.2, nowDist: 14.2 cm, nowHeight: 5.9 cm
2026-05-05 09:04:03,529 - mazeUtils.moveTile - [moveTile.py:986] - DEBUG - Tof:45.4, nowDist: 15.3 cm, nowHeight: 6.4 cm
2026-05-05 09:04:03,604 - mazeUtils.moveTile - [moveTile.py:986] - DEBUG - Tof:45.8, nowDist: 15.7 cm, nowHeight: 6.5 cm
2026-05-05 09:04:03,677 - mazeUtils.moveTile - [moveTile.py:986] - DEBUG - Tof:45.8, nowDist: 15.7 cm, nowHeight: 6.5 cm
2026-05-05 09:04:03,756 - mazeUtils.moveTile - [moveTile.py:986] - DEBUG - Tof:47.2, nowDist: 17.0 cm, nowHeight: 7.1 cm
2026-05-05 09:04:03,833 - mazeUtils.moveTile - [moveTile.py:986] - DEBUG - Tof:48.2, nowDist: 17.9 cm, nowHeight: 7.4 cm
2026-05-05 09:04:03,910 - mazeUtils.moveTile - [moveTile.py:986] - DEBUG - Tof:49.4, nowDist: 19.0 cm, nowHeight: 7.9 cm
2026-05-05 09:04:03,990 - mazeUtils.moveTile - [moveTile.py:986] - DEBUG - Tof:50.4, nowDist: 19.9 cm, nowHeight: 8.3 cm
2026-05-05 09:04:04,067 - mazeUtils.moveTile - [moveTile.py:986] - DEBUG - Tof:50.4, nowDist: 19.9 cm, nowHeight: 8.3 cm
2026-05-05 09:04:04,148 - mazeUtils.moveTile - [moveTile.py:986] - DEBUG - Tof:49.8, nowDist: 19.4 cm, nowHeight: 8.0 cm
2026-05-05 09:04:04,227 - mazeUtils.moveTile - [moveTile.py:986] - DEBUG - Tof:48.4, nowDist: 18.1 cm, nowHeight: 7.4 cm
2026-05-05 09:04:04,303 - mazeUtils.moveTile - [moveTile.py:986] - DEBUG - Tof:46.6, nowDist: 16.6 cm, nowHeight: 6.6 cm
2026-05-05 09:04:04,378 - mazeUtils.moveTile - [moveTile.py:986] - DEBUG - Tof:43.4, nowDist: 13.9 cm, nowHeight: 4.9 cm
2026-05-05 09:04:04,454 - mazeUtils.moveTile - [moveTile.py:986] - DEBUG - Tof:39.6, nowDist: 10.8 cm, nowHeight: 2.6 cm
2026-05-05 09:04:04,529 - mazeUtils.moveTile - [moveTile.py:986] - DEBUG - Tof:36.2, nowDist: 8.2 cm, nowHeight: 0.4 cm
2026-05-05 09:04:04,604 - mazeUtils.moveTile - [moveTile.py:986] - DEBUG - Tof:34.2, nowDist: 6.8 cm, nowHeight: -1.0 cm
2026-05-05 09:04:04,678 - mazeUtils.moveTile - [moveTile.py:986] - DEBUG - Tof:29.2, nowDist: 3.5 cm, nowHeight: -4.8 cm
2026-05-05 09:04:04,758 - mazeUtils.moveTile - [moveTile.py:986] - DEBUG - Tof:25.2, nowDist: 1.1 cm, nowHeight: -8.0 cm
2026-05-05 09:04:04,837 - mazeUtils.moveTile - [moveTile.py:986] - DEBUG - Tof:22.2, nowDist: -0.6 cm, nowHeight: -10.5 cm
2026-05-05 09:04:04,912 - mazeUtils.moveTile - [moveTile.py:986] - DEBUG - Tof:21.0, nowDist: -1.2 cm, nowHeight: -11.5 cm
2026-05-05 09:04:04,990 - mazeUtils.moveTile - [moveTile.py:986] - DEBUG - Tof:18.6, nowDist: -2.2 cm, nowHeight: -13.7 cm
2026-05-05 09:04:05,069 - mazeUtils.moveTile - [moveTile.py:986] - DEBUG - Tof:16.8, nowDist: -2.7 cm, nowHeight: -15.4 cm
2026-05-05 09:04:05,155 - mazeUtils.moveTile - [moveTile.py:986] - DEBUG - Tof:14.0, nowDist: -3.2 cm, nowHeight: -18.2 cm
2026-05-05 09:04:05,235 - mazeUtils.moveTile - [moveTile.py:986] - DEBUG - Tof:12.2, nowDist: -3.6 cm, nowHeight: -19.9 cm
2026-05-05 09:04:05,311 - mazeUtils.moveTile - [moveTile.py:986] - DEBUG - Tof:12.2, nowDist: -3.6 cm, nowHeight: -19.9 cm
2026-05-05 09:04:05,384 - mazeUtils.moveTile - [moveTile.py:986] - DEBUG - Tof:13.4, nowDist: -3.1 cm, nowHeight: -18.8 cm
2026-05-05 09:04:05,461 - mazeUtils.moveTile - [moveTile.py:986] - DEBUG - Tof:17.2, nowDist: -0.6 cm, nowHeight: -16.0 cm
2026-05-05 09:04:05,546 - mazeUtils.moveTile - [moveTile.py:986] - DEBUG - Tof:21.6, nowDist: 2.4 cm, nowHeight: -12.8 cm
2026-05-05 09:04:05,625 - mazeUtils.moveTile - [moveTile.py:986] - DEBUG - Tof:26.0, nowDist: 5.5 cm, nowHeight: -9.6 cm
2026-05-05 09:04:05,699 - mazeUtils.moveTile - [moveTile.py:986] - DEBUG - Tof:30.0, nowDist: 9.2 cm, nowHeight: -8.1 cm
2026-05-05 09:04:05,774 - mazeUtils.moveTile - [moveTile.py:986] - DEBUG - Tof:59.8, nowDist: 37.5 cm, nowHeight: 1.2 cm
2026-05-05 09:04:05,851 - mazeUtils.moveTile - [moveTile.py:986] - DEBUG - Tof:61.6, nowDist: 39.3 cm, nowHeight: 1.7 cm
2026-05-05 09:04:05,936 - mazeUtils.moveTile - [moveTile.py:986] - DEBUG - Tof:62.0, nowDist: 39.6 cm, nowHeight: 1.8 cm
2026-05-05 09:04:06,016 - mazeUtils.moveTile - [moveTile.py:986] - DEBUG - Tof:62.6, nowDist: 40.2 cm, nowHeight: 1.9 cm
2026-05-05 09:04:06,095 - mazeUtils.moveTile - [moveTile.py:986] - DEBUG - Tof:63.6, nowDist: 41.2 cm, nowHeight: 2.0 cm
2026-05-05 09:04:06,096 - mazeUtils.moveTile - [moveTile.py:989] - INFO - Detected big ramp, height: 2.0 cm, distance: 41.2 cm
2026-05-05 09:04:06,792 - mazeUtils.moveTile - [moveTile.py:80] - DEBUG - roll: 6.869999999999948 deg, practicalMoveTime: 0.8108267303108326 sec
2026-05-05 09:04:06,792 - mazeUtils.moveTile - [moveTile.py:1091] - DEBUG - moveTile loop time: 5815.8 ms
2026-05-05 09:04:06,799 - picamera2.picamera2 - [picamera2.py:1391] - DEBUG - Execute job: <picamera2.job.Job object at 0x7fa6e28390>
2026-05-05 09:04:06,803 - mazeUtils.device.camera - [camera.py:37] - DEBUG - Average HSV: H=122.9, S=17.8, V=236.8
2026-05-05 09:04:06,831 - mazeUtils.moveTile - [moveTile.py:80] - DEBUG - roll: 357.57 deg, practicalMoveTime: 0.8491285340773879 sec
2026-05-05 09:04:06,831 - mazeUtils.moveTile - [moveTile.py:1091] - DEBUG - moveTile loop time: 38.0 ms
2026-05-05 09:04:06,839 - picamera2.picamera2 - [picamera2.py:1391] - DEBUG - Execute job: <picamera2.job.Job object at 0x7f7733e6d0>
2026-05-05 09:04:06,842 - mazeUtils.device.camera - [camera.py:37] - DEBUG - Average HSV: H=122.8, S=17.6, V=236.9
2026-05-05 09:04:06,873 - mazeUtils.moveTile - [moveTile.py:80] - DEBUG - roll: 357.59999999999997 deg, practicalMoveTime: 0.8911908433354593 sec
2026-05-05 09:04:06,874 - mazeUtils.moveTile - [moveTile.py:1091] - DEBUG - moveTile loop time: 42.4 ms
2026-05-05 09:04:06,882 - picamera2.picamera2 - [picamera2.py:1391] - DEBUG - Execute job: <picamera2.job.Job object at 0x7f77327010>
2026-05-05 09:04:06,886 - mazeUtils.device.camera - [camera.py:37] - DEBUG - Average HSV: H=122.1, S=18.7, V=236.8
2026-05-05 09:04:06,914 - mazeUtils.moveTile - [moveTile.py:80] - DEBUG - roll: 358.39 deg, practicalMoveTime: 0.9316638177292621 sec
2026-05-05 09:04:06,915 - mazeUtils.moveTile - [moveTile.py:1091] - DEBUG - moveTile loop time: 40.8 ms
2026-05-05 09:04:06,920 - picamera2.picamera2 - [picamera2.py:1391] - DEBUG - Execute job: <picamera2.job.Job object at 0x7f94e82410>
2026-05-05 09:04:06,923 - mazeUtils.device.camera - [camera.py:37] - DEBUG - Average HSV: H=121.8, S=20.1, V=236.2
2026-05-05 09:04:06,952 - mazeUtils.moveTile - [moveTile.py:80] - DEBUG - roll: 357.7 deg, practicalMoveTime: 0.9690956342406899 sec
2026-05-05 09:04:06,952 - mazeUtils.moveTile - [moveTile.py:1091] - DEBUG - moveTile loop time: 37.7 ms
2026-05-05 09:04:06,957 - picamera2.picamera2 - [picamera2.py:1391] - DEBUG - Execute job: <picamera2.job.Job object at 0x7f94ebb890>
2026-05-05 09:04:06,960 - mazeUtils.device.camera - [camera.py:37] - DEBUG - Average HSV: H=121.6, S=21.2, V=235.5
2026-05-05 09:04:06,996 - mazeUtils.moveTile - [moveTile.py:80] - DEBUG - roll: 356.96 deg, practicalMoveTime: 1.0121008164471106 sec
2026-05-05 09:04:06,996 - mazeUtils.moveTile - [moveTile.py:1091] - DEBUG - moveTile loop time: 43.3 ms
2026-05-05 09:04:07,003 - picamera2.picamera2 - [picamera2.py:1391] - DEBUG - Execute job: <picamera2.job.Job object at 0x7f77327010>
2026-05-05 09:04:07,006 - mazeUtils.device.camera - [camera.py:37] - DEBUG - Average HSV: H=121.3, S=21.8, V=235.0
2026-05-05 09:04:07,044 - mazeUtils.moveTile - [moveTile.py:80] - DEBUG - roll: 356.69 deg, practicalMoveTime: 1.059566455999446 sec
2026-05-05 09:04:07,044 - mazeUtils.moveTile - [moveTile.py:1091] - DEBUG - moveTile loop time: 47.9 ms
2026-05-05 09:04:07,049 - picamera2.picamera2 - [picamera2.py:1391] - DEBUG - Execute job: <picamera2.job.Job object at 0x7f7733e290>
2026-05-05 09:04:07,052 - mazeUtils.device.camera - [camera.py:37] - DEBUG - Average HSV: H=120.7, S=22.3, V=235.1
2026-05-05 09:04:07,085 - mazeUtils.moveTile - [moveTile.py:80] - DEBUG - roll: 357.55999999999995 deg, practicalMoveTime: 1.1004331773272205 sec
2026-05-05 09:04:07,086 - mazeUtils.moveTile - [moveTile.py:1091] - DEBUG - moveTile loop time: 41.2 ms
2026-05-05 09:04:07,090 - picamera2.picamera2 - [picamera2.py:1391] - DEBUG - Execute job: <picamera2.job.Job object at 0x7f770af750>
2026-05-05 09:04:07,093 - mazeUtils.device.camera - [camera.py:37] - DEBUG - Average HSV: H=120.2, S=22.8, V=234.9
2026-05-05 09:04:07,127 - mazeUtils.moveTile - [moveTile.py:80] - DEBUG - roll: 357.95 deg, practicalMoveTime: 1.141517858350702 sec
2026-05-05 09:04:07,127 - mazeUtils.moveTile - [moveTile.py:1091] - DEBUG - moveTile loop time: 41.6 ms
2026-05-05 09:04:07,133 - picamera2.picamera2 - [picamera2.py:1391] - DEBUG - Execute job: <picamera2.job.Job object at 0x7f94e82410>
2026-05-05 09:04:07,137 - mazeUtils.device.camera - [camera.py:37] - DEBUG - Average HSV: H=120.0, S=23.1, V=235.1
2026-05-05 09:04:07,166 - mazeUtils.moveTile - [moveTile.py:80] - DEBUG - roll: 357.77 deg, practicalMoveTime: 1.1796511887605818 sec
2026-05-05 09:04:07,166 - mazeUtils.moveTile - [moveTile.py:1091] - DEBUG - moveTile loop time: 38.4 ms
2026-05-05 09:04:07,173 - picamera2.picamera2 - [picamera2.py:1391] - DEBUG - Execute job: <picamera2.job.Job object at 0x7fa6e28390>
2026-05-05 09:04:07,177 - mazeUtils.device.camera - [camera.py:37] - DEBUG - Average HSV: H=119.8, S=23.3, V=235.2
2026-05-05 09:04:07,207 - mazeUtils.moveTile - [moveTile.py:80] - DEBUG - roll: 357.91999999999996 deg, practicalMoveTime: 1.2205278066474516 sec
2026-05-05 09:04:07,207 - mazeUtils.moveTile - [moveTile.py:1091] - DEBUG - moveTile loop time: 41.2 ms
2026-05-05 09:04:07,216 - picamera2.picamera2 - [picamera2.py:1391] - DEBUG - Execute job: <picamera2.job.Job object at 0x7f94ebb890>
2026-05-05 09:04:07,219 - mazeUtils.device.camera - [camera.py:37] - DEBUG - Average HSV: H=119.7, S=23.3, V=235.6
2026-05-05 09:04:07,249 - mazeUtils.moveTile - [moveTile.py:80] - DEBUG - roll: 358.07 deg, practicalMoveTime: 1.2621637675307515 sec
2026-05-05 09:04:07,250 - mazeUtils.moveTile - [moveTile.py:1091] - DEBUG - moveTile loop time: 41.9 ms
2026-05-05 09:04:07,255 - picamera2.picamera2 - [picamera2.py:1391] - DEBUG - Execute job: <picamera2.job.Job object at 0x7fa6e22150>
2026-05-05 09:04:07,258 - mazeUtils.device.camera - [camera.py:37] - DEBUG - Average HSV: H=119.8, S=23.2, V=234.7
2026-05-05 09:04:07,288 - mazeUtils.moveTile - [moveTile.py:80] - DEBUG - roll: 358.01 deg, practicalMoveTime: 1.2997578107267922 sec
2026-05-05 09:04:07,288 - mazeUtils.moveTile - [moveTile.py:1091] - DEBUG - moveTile loop time: 38.2 ms
2026-05-05 09:04:07,294 - picamera2.picamera2 - [picamera2.py:1391] - DEBUG - Execute job: <picamera2.job.Job object at 0x7fa6e28390>
2026-05-05 09:04:07,297 - mazeUtils.device.camera - [camera.py:37] - DEBUG - Average HSV: H=119.8, S=23.0, V=234.7
2026-05-05 09:04:07,331 - mazeUtils.moveTile - [moveTile.py:80] - DEBUG - roll: 357.89 deg, practicalMoveTime: 1.3427893943587923 sec
2026-05-05 09:04:07,332 - mazeUtils.moveTile - [moveTile.py:1091] - DEBUG - moveTile loop time: 43.4 ms
2026-05-05 09:04:07,339 - picamera2.picamera2 - [picamera2.py:1391] - DEBUG - Execute job: <picamera2.job.Job object at 0x7f7738f690>
2026-05-05 09:04:07,342 - mazeUtils.device.camera - [camera.py:37] - DEBUG - Average HSV: H=118.9, S=23.3, V=236.6
2026-05-05 09:04:07,369 - mazeUtils.moveTile - [moveTile.py:80] - DEBUG - roll: 358.5 deg, practicalMoveTime: 1.3797690294952136 sec
2026-05-05 09:04:07,369 - mazeUtils.moveTile - [moveTile.py:1091] - DEBUG - moveTile loop time: 37.3 ms
2026-05-05 09:04:07,376 - picamera2.picamera2 - [picamera2.py:1391] - DEBUG - Execute job: <picamera2.job.Job object at 0x7f94ede190>
2026-05-05 09:04:07,379 - mazeUtils.device.camera - [camera.py:37] - DEBUG - Average HSV: H=117.9, S=25.9, V=236.5
2026-05-05 09:04:07,410 - mazeUtils.moveTile - [moveTile.py:80] - DEBUG - roll: 358.48999999999995 deg, practicalMoveTime: 1.4201638468750837 sec
2026-05-05 09:04:07,410 - mazeUtils.moveTile - [moveTile.py:1091] - DEBUG - moveTile loop time: 40.2 ms
2026-05-05 09:04:07,419 - picamera2.picamera2 - [picamera2.py:1391] - DEBUG - Execute job: <picamera2.job.Job object at 0x7f770af750>
2026-05-05 09:04:07,422 - mazeUtils.device.camera - [camera.py:37] - DEBUG - Average HSV: H=115.6, S=43.3, V=229.4
2026-05-05 09:04:07,504 - mazeUtils.moveTile - [moveTile.py:80] - DEBUG - Little forward to adjust position
2026-05-05 09:04:07,755 - mazeUtils.moveTile - [moveTile.py:514] - DEBUG - Direction: absDirection.NORTH, Angle: 0, Distance: 13.542781243664784 cm
2026-05-05 09:04:07,756 - mazeUtils.moveTile - [moveTile.py:514] - DEBUG - Direction: absDirection.EAST, Angle: 270, Distance: 204.2551933520982 cm
2026-05-05 09:04:07,758 - mazeUtils.moveTile - [moveTile.py:514] - DEBUG - Direction: absDirection.SOUTH, Angle: 180, Distance: 170.8000355616849 cm
2026-05-05 09:04:07,759 - mazeUtils.moveTile - [moveTile.py:514] - DEBUG - Direction: absDirection.WEST, Angle: 90, Distance: 19.937255010269922 cm
2026-05-05 09:04:07,760 - mazeUtils.moveTile - [moveTile.py:1249] - INFO - Tile color detection counts: {}, decided tile type: E
2026-05-05 09:04:07,812 - __main__ - [main.py:84] - INFO - Current position: (20, 18, 0), front direction: absDirection.NORTH
Layer 0 (altitude=0.0cm, offset=(0.0cm, 0.0cm)):
Known map area: x=20..20, y=18..20
+---+
| @  
+   +
  U  
+   +
| S  
+---+
2026-05-05 09:04:07,829 - mazeUtils.mazeMap - [mazeMap.py:61] - INFO - next goal: (21, 18, 0)
2026-05-05 09:04:07,830 - mazeUtils.mazeMap - [mazeMap.py:61] - INFO - next goal: (21, 18, 0)
2026-05-05 09:04:07,836 - mazeUtils.moveTile - [moveTile.py:80] - DEBUG - Moving to absDirection.EAST from (20, 18, 0) facing absDirection.NORTH
2026-05-05 09:04:07,861 - mazeUtils.moveTile - [moveTile.py:80] - DEBUG - current heading: 2.25 target: 270
2026-05-05 09:04:08,472 - mazeUtils.moveTile - [moveTile.py:387] - DEBUG - stopped turning at heading: 275.92, diff: 5.920000000000016
2026-05-05 09:04:08,967 - mazeUtils.moveTile - [moveTile.py:80] - DEBUG - Turned to heading: 269.8 deg
2026-05-05 09:04:09,222 - picamera2.picamera2 - [picamera2.py:1391] - DEBUG - Execute job: <picamera2.job.Job object at 0x7fa4258050>
2026-05-05 09:04:09,226 - mazeUtils.device.camera - [camera.py:37] - DEBUG - Average HSV: H=150.0, S=27.4, V=230.6
2026-05-05 09:04:09,257 - mazeUtils.moveTile - [moveTile.py:80] - DEBUG - roll: 356.91999999999996 deg, practicalMoveTime: 0.04243910337302436 sec
2026-05-05 09:04:09,257 - mazeUtils.moveTile - [moveTile.py:1091] - DEBUG - moveTile loop time: 42.0 ms
2026-05-05 09:04:09,265 - picamera2.picamera2 - [picamera2.py:1391] - DEBUG - Execute job: <picamera2.job.Job object at 0x7f95e30050>
2026-05-05 09:04:09,268 - mazeUtils.device.camera - [camera.py:37] - DEBUG - Average HSV: H=144.0, S=23.7, V=231.3
2026-05-05 09:04:09,299 - mazeUtils.moveTile - [moveTile.py:80] - DEBUG - roll: 357.5 deg, practicalMoveTime: 0.08407500509414632 sec
2026-05-05 09:04:09,299 - mazeUtils.moveTile - [moveTile.py:1091] - DEBUG - moveTile loop time: 41.9 ms
2026-05-05 09:04:09,304 - picamera2.picamera2 - [picamera2.py:1391] - DEBUG - Execute job: <picamera2.job.Job object at 0x7fa4258050>
2026-05-05 09:04:09,308 - mazeUtils.device.camera - [camera.py:37] - DEBUG - Average HSV: H=129.3, S=19.3, V=227.2
2026-05-05 09:04:09,334 - mazeUtils.moveTile - [moveTile.py:80] - DEBUG - roll: 358.09 deg, practicalMoveTime: 0.11914595580724073 sec
2026-05-05 09:04:09,335 - mazeUtils.moveTile - [moveTile.py:1091] - DEBUG - moveTile loop time: 35.4 ms
2026-05-05 09:04:09,339 - picamera2.picamera2 - [picamera2.py:1391] - DEBUG - Execute job: <picamera2.job.Job object at 0x7f95d86110>
2026-05-05 09:04:09,341 - mazeUtils.device.camera - [camera.py:37] - DEBUG - Average HSV: H=125.6, S=21.3, V=222.0
2026-05-05 09:04:09,374 - mazeUtils.moveTile - [moveTile.py:80] - DEBUG - roll: 357.76 deg, practicalMoveTime: 0.1583203577584958 sec
2026-05-05 09:04:09,374 - mazeUtils.moveTile - [moveTile.py:1091] - DEBUG - moveTile loop time: 39.5 ms
2026-05-05 09:04:09,381 - picamera2.picamera2 - [picamera2.py:1391] - DEBUG - Execute job: <picamera2.job.Job object at 0x7f95d85ad0>
2026-05-05 09:04:09,384 - mazeUtils.device.camera - [camera.py:37] - DEBUG - Average HSV: H=125.9, S=21.6, V=220.3
2026-05-05 09:04:09,412 - mazeUtils.moveTile - [moveTile.py:80] - DEBUG - roll: 356.39 deg, practicalMoveTime: 0.19604947181883897 sec
2026-05-05 09:04:09,413 - mazeUtils.moveTile - [moveTile.py:1091] - DEBUG - moveTile loop time: 38.0 ms
2026-05-05 09:04:09,419 - picamera2.picamera2 - [picamera2.py:1391] - DEBUG - Execute job: <picamera2.job.Job object at 0x7f76ebfcd0>
2026-05-05 09:04:09,422 - mazeUtils.device.camera - [camera.py:37] - DEBUG - Average HSV: H=126.6, S=22.1, V=219.4
2026-05-05 09:04:09,462 - mazeUtils.moveTile - [moveTile.py:80] - DEBUG - roll: 357.03 deg, practicalMoveTime: 0.2454848768216475 sec
2026-05-05 09:04:09,463 - mazeUtils.moveTile - [moveTile.py:1091] - DEBUG - moveTile loop time: 49.9 ms
2026-05-05 09:04:09,468 - picamera2.picamera2 - [picamera2.py:1391] - DEBUG - Execute job: <picamera2.job.Job object at 0x7fae258290>
2026-05-05 09:04:09,471 - mazeUtils.device.camera - [camera.py:37] - DEBUG - Average HSV: H=127.7, S=22.0, V=218.4
2026-05-05 09:04:09,499 - mazeUtils.moveTile - [moveTile.py:80] - DEBUG - roll: 357.53999999999996 deg, practicalMoveTime: 0.28129664619009587 sec
2026-05-05 09:04:09,499 - mazeUtils.moveTile - [moveTile.py:1091] - DEBUG - moveTile loop time: 36.1 ms
2026-05-05 09:04:09,504 - picamera2.picamera2 - [picamera2.py:1391] - DEBUG - Execute job: <picamera2.job.Job object at 0x7fae258510>
2026-05-05 09:04:09,507 - mazeUtils.device.camera - [camera.py:37] - DEBUG - Average HSV: H=129.5, S=22.4, V=214.3
2026-05-05 09:04:09,538 - mazeUtils.moveTile - [moveTile.py:80] - DEBUG - roll: 357.54999999999995 deg, practicalMoveTime: 0.32000401234238274 sec
2026-05-05 09:04:09,538 - mazeUtils.moveTile - [moveTile.py:1091] - DEBUG - moveTile loop time: 39.0 ms
2026-05-05 09:04:09,544 - picamera2.picamera2 - [picamera2.py:1391] - DEBUG - Execute job: <picamera2.job.Job object at 0x7fae258210>
2026-05-05 09:04:09,548 - mazeUtils.device.camera - [camera.py:37] - DEBUG - Average HSV: H=131.3, S=22.6, V=210.4
2026-05-05 09:04:09,578 - mazeUtils.moveTile - [moveTile.py:80] - DEBUG - roll: 357.54999999999995 deg, practicalMoveTime: 0.35962892736831564 sec
2026-05-05 09:04:09,579 - mazeUtils.moveTile - [moveTile.py:1091] - DEBUG - moveTile loop time: 40.0 ms
2026-05-05 09:04:09,584 - picamera2.picamera2 - [picamera2.py:1391] - DEBUG - Execute job: <picamera2.job.Job object at 0x7f95e30c10>
2026-05-05 09:04:09,587 - mazeUtils.device.camera - [camera.py:37] - DEBUG - Average HSV: H=128.2, S=24.9, V=202.7
2026-05-05 09:04:09,615 - mazeUtils.moveTile - [moveTile.py:80] - DEBUG - roll: 357.90999999999997 deg, practicalMoveTime: 0.39571673650733324 sec
2026-05-05 09:04:09,615 - mazeUtils.moveTile - [moveTile.py:1091] - DEBUG - moveTile loop time: 36.5 ms
2026-05-05 09:04:09,625 - picamera2.picamera2 - [picamera2.py:1391] - DEBUG - Execute job: <picamera2.job.Job object at 0x7fae258290>
2026-05-05 09:04:09,628 - mazeUtils.device.camera - [camera.py:37] - DEBUG - Average HSV: H=113.0, S=31.5, V=188.2
2026-05-05 09:04:09,659 - mazeUtils.moveTile - [moveTile.py:80] - DEBUG - roll: 358.89 deg, practicalMoveTime: 0.4390845657797165 sec
2026-05-05 09:04:09,659 - mazeUtils.moveTile - [moveTile.py:1091] - DEBUG - moveTile loop time: 43.7 ms
2026-05-05 09:04:09,669 - picamera2.picamera2 - [picamera2.py:1391] - DEBUG - Execute job: <picamera2.job.Job object at 0x7f95e30050>
2026-05-05 09:04:09,673 - mazeUtils.device.camera - [camera.py:37] - DEBUG - Average HSV: H=109.0, S=32.4, V=186.4
2026-05-05 09:04:09,699 - mazeUtils.moveTile - [moveTile.py:80] - DEBUG - roll: 357.61999999999995 deg, practicalMoveTime: 0.4785492995797063 sec
2026-05-05 09:04:09,699 - mazeUtils.moveTile - [moveTile.py:1091] - DEBUG - moveTile loop time: 39.8 ms
2026-05-05 09:04:09,704 - picamera2.picamera2 - [picamera2.py:1391] - DEBUG - Execute job: <picamera2.job.Job object at 0x7f95e30c10>
2026-05-05 09:04:09,707 - mazeUtils.device.camera - [camera.py:37] - DEBUG - Average HSV: H=115.4, S=31.2, V=188.7
2026-05-05 09:04:09,739 - mazeUtils.moveTile - [moveTile.py:80] - DEBUG - roll: 357.45 deg, practicalMoveTime: 0.5185756290638434 sec
2026-05-05 09:04:09,740 - mazeUtils.moveTile - [moveTile.py:1091] - DEBUG - moveTile loop time: 40.3 ms
2026-05-05 09:04:09,746 - picamera2.picamera2 - [picamera2.py:1391] - DEBUG - Execute job: <picamera2.job.Job object at 0x7fa4258050>
2026-05-05 09:04:09,749 - mazeUtils.device.camera - [camera.py:37] - DEBUG - Average HSV: H=111.0, S=31.5, V=188.1
2026-05-05 09:04:09,777 - mazeUtils.moveTile - [moveTile.py:80] - DEBUG - roll: 356.4 deg, practicalMoveTime: 0.5560557883707631 sec
2026-05-05 09:04:09,778 - mazeUtils.moveTile - [moveTile.py:1091] - DEBUG - moveTile loop time: 37.8 ms
2026-05-05 09:04:09,784 - picamera2.picamera2 - [picamera2.py:1391] - DEBUG - Execute job: <picamera2.job.Job object at 0x7f95d85fd0>
2026-05-05 09:04:09,787 - mazeUtils.device.camera - [camera.py:37] - DEBUG - Average HSV: H=119.7, S=28.3, V=194.8
2026-05-05 09:04:09,825 - mazeUtils.moveTile - [moveTile.py:80] - DEBUG - roll: 355.48999999999995 deg, practicalMoveTime: 0.6035398055228139 sec
2026-05-05 09:04:09,826 - mazeUtils.moveTile - [moveTile.py:1091] - DEBUG - moveTile loop time: 47.9 ms
2026-05-05 09:04:09,831 - picamera2.picamera2 - [picamera2.py:1391] - DEBUG - Execute job: <picamera2.job.Job object at 0x7f95e30050>
2026-05-05 09:04:09,834 - mazeUtils.device.camera - [camera.py:37] - DEBUG - Average HSV: H=126.5, S=24.4, V=202.6
2026-05-05 09:04:09,866 - mazeUtils.moveTile - [moveTile.py:80] - DEBUG - roll: 354.16999999999996 deg, practicalMoveTime: 0.6429329793738245 sec
2026-05-05 09:04:09,866 - mazeUtils.moveTile - [moveTile.py:1091] - DEBUG - moveTile loop time: 39.6 ms
2026-05-05 09:04:09,871 - picamera2.picamera2 - [picamera2.py:1391] - DEBUG - Execute job: <picamera2.job.Job object at 0x7f95e30c10>
2026-05-05 09:04:09,874 - mazeUtils.device.camera - [camera.py:37] - DEBUG - Average HSV: H=132.9, S=21.1, V=209.9
2026-05-05 09:04:09,903 - mazeUtils.moveTile - [moveTile.py:80] - DEBUG - roll: 352.23999999999995 deg, practicalMoveTime: 0.6792217808895507 sec
2026-05-05 09:04:09,903 - mazeUtils.moveTile - [moveTile.py:1091] - DEBUG - moveTile loop time: 36.9 ms
2026-05-05 09:04:09,909 - picamera2.picamera2 - [picamera2.py:1391] - DEBUG - Execute job: <picamera2.job.Job object at 0x7fae258510>
2026-05-05 09:04:09,912 - mazeUtils.device.camera - [camera.py:37] - DEBUG - Average HSV: H=131.4, S=20.7, V=214.8
2026-05-05 09:04:09,944 - mazeUtils.moveTile - [moveTile.py:80] - DEBUG - roll: 349.69 deg, practicalMoveTime: 0.7196457653421775 sec
2026-05-05 09:04:09,945 - mazeUtils.moveTile - [moveTile.py:1091] - DEBUG - moveTile loop time: 41.5 ms
2026-05-05 09:04:09,954 - picamera2.picamera2 - [picamera2.py:1391] - DEBUG - Execute job: <picamera2.job.Job object at 0x7f95e30050>
2026-05-05 09:04:09,957 - mazeUtils.device.camera - [camera.py:37] - DEBUG - Average HSV: H=129.9, S=20.5, V=220.6
2026-05-05 09:04:11,162 - mazeUtils.moveTile - [moveTile.py:952] - INFO - Detected big ramp, lastTofDist: 104.0 cm, roll: 333.84999999999997 deg
2026-05-05 09:04:11,239 - mazeUtils.moveTile - [moveTile.py:986] - DEBUG - Tof:104.0, nowDist: 0.0 cm, nowHeight: 0.0 cm
2026-05-05 09:04:11,321 - mazeUtils.moveTile - [moveTile.py:986] - DEBUG - Tof:45.8, nowDist: 51.5 cm, nowHeight: -27.1 cm
2026-05-05 09:04:11,400 - mazeUtils.moveTile - [moveTile.py:986] - DEBUG - Tof:45.0, nowDist: 52.2 cm, nowHeight: -27.5 cm
2026-05-05 09:04:11,474 - mazeUtils.moveTile - [moveTile.py:986] - DEBUG - Tof:43.4, nowDist: 53.6 cm, nowHeight: -28.2 cm
2026-05-05 09:04:11,555 - mazeUtils.moveTile - [moveTile.py:986] - DEBUG - Tof:42.4, nowDist: 54.5 cm, nowHeight: -28.7 cm
2026-05-05 09:04:11,634 - mazeUtils.moveTile - [moveTile.py:986] - DEBUG - Tof:40.6, nowDist: 56.1 cm, nowHeight: -29.5 cm
2026-05-05 09:04:11,715 - mazeUtils.moveTile - [moveTile.py:986] - DEBUG - Tof:40.2, nowDist: 56.5 cm, nowHeight: -29.7 cm
2026-05-05 09:04:11,793 - mazeUtils.moveTile - [moveTile.py:986] - DEBUG - Tof:38.6, nowDist: 57.9 cm, nowHeight: -30.4 cm
2026-05-05 09:04:11,869 - mazeUtils.moveTile - [moveTile.py:986] - DEBUG - Tof:38.8, nowDist: 57.7 cm, nowHeight: -30.3 cm
2026-05-05 09:04:11,951 - mazeUtils.moveTile - [moveTile.py:986] - DEBUG - Tof:37.2, nowDist: 59.2 cm, nowHeight: -31.0 cm
2026-05-05 09:04:12,029 - mazeUtils.moveTile - [moveTile.py:986] - DEBUG - Tof:36.2, nowDist: 60.1 cm, nowHeight: -31.4 cm
2026-05-05 09:04:12,111 - mazeUtils.moveTile - [moveTile.py:986] - DEBUG - Tof:36.4, nowDist: 59.9 cm, nowHeight: -31.3 cm
2026-05-05 09:04:12,188 - mazeUtils.moveTile - [moveTile.py:986] - DEBUG - Tof:34.4, nowDist: 61.7 cm, nowHeight: -32.2 cm
2026-05-05 09:04:12,265 - mazeUtils.moveTile - [moveTile.py:986] - DEBUG - Tof:33.6, nowDist: 62.4 cm, nowHeight: -32.6 cm
2026-05-05 09:04:12,344 - mazeUtils.moveTile - [moveTile.py:986] - DEBUG - Tof:30.6, nowDist: 65.1 cm, nowHeight: -34.0 cm
2026-05-05 09:04:12,424 - mazeUtils.moveTile - [moveTile.py:986] - DEBUG - Tof:29.0, nowDist: 66.5 cm, nowHeight: -34.8 cm
2026-05-05 09:04:12,502 - mazeUtils.moveTile - [moveTile.py:986] - DEBUG - Tof:26.4, nowDist: 68.7 cm, nowHeight: -36.0 cm
2026-05-05 09:04:12,577 - mazeUtils.moveTile - [moveTile.py:986] - DEBUG - Tof:25.0, nowDist: 70.0 cm, nowHeight: -36.7 cm
2026-05-05 09:04:12,656 - mazeUtils.moveTile - [moveTile.py:986] - DEBUG - Tof:26.0, nowDist: 69.1 cm, nowHeight: -36.2 cm
2026-05-05 09:04:12,735 - mazeUtils.moveTile - [moveTile.py:986] - DEBUG - Tof:24.6, nowDist: 70.3 cm, nowHeight: -36.9 cm
2026-05-05 09:04:12,814 - mazeUtils.moveTile - [moveTile.py:986] - DEBUG - Tof:23.2, nowDist: 71.6 cm, nowHeight: -37.5 cm
2026-05-05 09:04:12,890 - mazeUtils.moveTile - [moveTile.py:986] - DEBUG - Tof:25.4, nowDist: 69.6 cm, nowHeight: -36.6 cm
2026-05-05 09:04:12,969 - mazeUtils.moveTile - [moveTile.py:986] - DEBUG - Tof:29.0, nowDist: 66.2 cm, nowHeight: -35.4 cm
2026-05-05 09:04:13,044 - mazeUtils.moveTile - [moveTile.py:986] - DEBUG - Tof:29.2, nowDist: 66.0 cm, nowHeight: -35.3 cm
2026-05-05 09:04:13,120 - mazeUtils.moveTile - [moveTile.py:986] - DEBUG - Tof:31.4, nowDist: 63.9 cm, nowHeight: -34.7 cm
2026-05-05 09:04:13,201 - mazeUtils.moveTile - [moveTile.py:986] - DEBUG - Tof:30.6, nowDist: 64.6 cm, nowHeight: -34.9 cm
2026-05-05 09:04:13,280 - mazeUtils.moveTile - [moveTile.py:986] - DEBUG - Tof:32.0, nowDist: 63.3 cm, nowHeight: -34.6 cm
2026-05-05 09:04:13,354 - mazeUtils.moveTile - [moveTile.py:986] - DEBUG - Tof:31.0, nowDist: 64.3 cm, nowHeight: -34.8 cm
2026-05-05 09:04:13,355 - mazeUtils.moveTile - [moveTile.py:989] - INFO - Detected big ramp, height: -34.8 cm, distance: 64.3 cm
2026-05-05 09:04:14,049 - mazeUtils.moveTile - [moveTile.py:80] - DEBUG - roll: 351.59 deg, practicalMoveTime: 0.7572519945285959 sec
2026-05-05 09:04:14,050 - mazeUtils.moveTile - [moveTile.py:1091] - DEBUG - moveTile loop time: 4104.6 ms
2026-05-05 09:04:14,055 - picamera2.picamera2 - [picamera2.py:1391] - DEBUG - Execute job: <picamera2.job.Job object at 0x7f76ebfc90>
2026-05-05 09:04:14,058 - mazeUtils.device.camera - [camera.py:37] - DEBUG - Average HSV: H=157.6, S=72.5, V=75.1
2026-05-05 09:04:14,093 - mazeUtils.moveTile - [moveTile.py:80] - DEBUG - roll: 357.29999999999995 deg, practicalMoveTime: 0.8009977708152312 sec
2026-05-05 09:04:14,094 - mazeUtils.moveTile - [moveTile.py:1091] - DEBUG - moveTile loop time: 44.0 ms
2026-05-05 09:04:14,098 - picamera2.picamera2 - [picamera2.py:1391] - DEBUG - Execute job: <picamera2.job.Job object at 0x7f95d86410>
2026-05-05 09:04:14,102 - mazeUtils.device.camera - [camera.py:37] - DEBUG - Average HSV: H=154.2, S=72.5, V=75.1
2026-05-05 09:04:14,131 - mazeUtils.moveTile - [moveTile.py:80] - DEBUG - roll: 357.29999999999995 deg, practicalMoveTime: 0.8380621393064234 sec
2026-05-05 09:04:14,131 - mazeUtils.moveTile - [moveTile.py:1091] - DEBUG - moveTile loop time: 37.4 ms
2026-05-05 09:04:14,136 - picamera2.picamera2 - [picamera2.py:1391] - DEBUG - Execute job: <picamera2.job.Job object at 0x7f7733e290>
2026-05-05 09:04:14,139 - mazeUtils.device.camera - [camera.py:37] - DEBUG - Average HSV: H=155.6, S=72.1, V=75.7
2026-05-05 09:04:14,170 - mazeUtils.moveTile - [moveTile.py:80] - DEBUG - roll: 357.80999999999995 deg, practicalMoveTime: 0.8760490237935237 sec
2026-05-05 09:04:14,170 - mazeUtils.moveTile - [moveTile.py:1091] - DEBUG - moveTile loop time: 38.1 ms
2026-05-05 09:04:14,176 - picamera2.picamera2 - [picamera2.py:1391] - DEBUG - Execute job: <picamera2.job.Job object at 0x7f76ebfc50>
2026-05-05 09:04:14,179 - mazeUtils.device.camera - [camera.py:37] - DEBUG - Average HSV: H=155.6, S=71.3, V=75.6
2026-05-05 09:04:14,209 - mazeUtils.moveTile - [moveTile.py:80] - DEBUG - roll: 357.65999999999997 deg, practicalMoveTime: 0.9145591553780599 sec
2026-05-05 09:04:14,209 - mazeUtils.moveTile - [moveTile.py:1091] - DEBUG - moveTile loop time: 38.8 ms
2026-05-05 09:04:14,220 - picamera2.picamera2 - [picamera2.py:1391] - DEBUG - Execute job: <picamera2.job.Job object at 0x7f95e30050>
2026-05-05 09:04:14,224 - mazeUtils.device.camera - [camera.py:37] - DEBUG - Average HSV: H=157.6, S=71.3, V=73.4
2026-05-05 09:04:14,253 - mazeUtils.moveTile - [moveTile.py:80] - DEBUG - roll: 357.55999999999995 deg, practicalMoveTime: 0.9582040314993844 sec
2026-05-05 09:04:14,253 - mazeUtils.moveTile - [moveTile.py:1091] - DEBUG - moveTile loop time: 43.9 ms
2026-05-05 09:04:14,257 - picamera2.picamera2 - [picamera2.py:1391] - DEBUG - Execute job: <picamera2.job.Job object at 0x7f95d86410>
2026-05-05 09:04:14,261 - mazeUtils.device.camera - [camera.py:37] - DEBUG - Average HSV: H=158.3, S=71.7, V=71.2
2026-05-05 09:04:14,286 - mazeUtils.moveTile - [moveTile.py:80] - DEBUG - roll: 357.25 deg, practicalMoveTime: 0.990836429318727 sec
2026-05-05 09:04:14,286 - mazeUtils.moveTile - [moveTile.py:1091] - DEBUG - moveTile loop time: 32.9 ms
2026-05-05 09:04:14,293 - picamera2.picamera2 - [picamera2.py:1391] - DEBUG - Execute job: <picamera2.job.Job object at 0x7f95d86110>
2026-05-05 09:04:14,296 - mazeUtils.device.camera - [camera.py:37] - DEBUG - Average HSV: H=156.7, S=70.3, V=71.0
2026-05-05 09:04:14,326 - mazeUtils.moveTile - [moveTile.py:80] - DEBUG - roll: 357.84 deg, practicalMoveTime: 1.0299424108474273 sec
2026-05-05 09:04:14,326 - mazeUtils.moveTile - [moveTile.py:1091] - DEBUG - moveTile loop time: 39.4 ms
2026-05-05 09:04:14,332 - picamera2.picamera2 - [picamera2.py:1391] - DEBUG - Execute job: <picamera2.job.Job object at 0x7f76ebfc50>
2026-05-05 09:04:14,336 - mazeUtils.device.camera - [camera.py:37] - DEBUG - Average HSV: H=157.3, S=69.7, V=70.4
2026-05-05 09:04:14,364 - mazeUtils.moveTile - [moveTile.py:80] - DEBUG - roll: 357.54999999999995 deg, practicalMoveTime: 1.0678851529383424 sec
2026-05-05 09:04:14,364 - mazeUtils.moveTile - [moveTile.py:1091] - DEBUG - moveTile loop time: 38.2 ms
2026-05-05 09:04:14,371 - picamera2.picamera2 - [picamera2.py:1391] - DEBUG - Execute job: <picamera2.job.Job object at 0x7f95e30c10>
2026-05-05 09:04:14,374 - mazeUtils.device.camera - [camera.py:37] - DEBUG - Average HSV: H=158.5, S=68.8, V=68.3
2026-05-05 09:04:14,403 - mazeUtils.moveTile - [moveTile.py:80] - DEBUG - roll: 357.17999999999995 deg, practicalMoveTime: 1.1068181944141338 sec
2026-05-05 09:04:14,404 - mazeUtils.moveTile - [moveTile.py:1091] - DEBUG - moveTile loop time: 39.5 ms
2026-05-05 09:04:14,410 - picamera2.picamera2 - [picamera2.py:1391] - DEBUG - Execute job: <picamera2.job.Job object at 0x7f95e30050>
2026-05-05 09:04:14,413 - mazeUtils.device.camera - [camera.py:37] - DEBUG - Average HSV: H=155.2, S=67.5, V=65.8
2026-05-05 09:04:14,447 - mazeUtils.moveTile - [moveTile.py:80] - DEBUG - roll: 357.80999999999995 deg, practicalMoveTime: 1.1493636479863492 sec
2026-05-05 09:04:14,447 - mazeUtils.moveTile - [moveTile.py:1091] - DEBUG - moveTile loop time: 42.7 ms
2026-05-05 09:04:14,451 - picamera2.picamera2 - [picamera2.py:1391] - DEBUG - Execute job: <picamera2.job.Job object at 0x7f95d86110>
2026-05-05 09:04:14,454 - mazeUtils.device.camera - [camera.py:37] - DEBUG - Average HSV: H=149.8, S=68.0, V=64.0
2026-05-05 09:04:14,485 - mazeUtils.moveTile - [moveTile.py:80] - DEBUG - roll: 357.66999999999996 deg, practicalMoveTime: 1.187453592752693 sec
2026-05-05 09:04:14,486 - mazeUtils.moveTile - [moveTile.py:1091] - DEBUG - moveTile loop time: 38.4 ms
2026-05-05 09:04:14,491 - picamera2.picamera2 - [picamera2.py:1391] - DEBUG - Execute job: <picamera2.job.Job object at 0x7f95d85fd0>
2026-05-05 09:04:14,494 - mazeUtils.device.camera - [camera.py:37] - DEBUG - Average HSV: H=143.3, S=70.7, V=61.8
2026-05-05 09:04:14,524 - mazeUtils.moveTile - [moveTile.py:80] - DEBUG - roll: 357.28 deg, practicalMoveTime: 1.2253444436947312 sec
2026-05-05 09:04:14,524 - mazeUtils.moveTile - [moveTile.py:1091] - DEBUG - moveTile loop time: 38.3 ms
2026-05-05 09:04:14,530 - picamera2.picamera2 - [picamera2.py:1391] - DEBUG - Execute job: <picamera2.job.Job object at 0x7fae258290>
2026-05-05 09:04:14,533 - mazeUtils.device.camera - [camera.py:37] - DEBUG - Average HSV: H=144.0, S=72.4, V=59.8
2026-05-05 09:04:14,560 - mazeUtils.moveTile - [moveTile.py:80] - DEBUG - roll: 357.77 deg, practicalMoveTime: 1.2614074857120814 sec
2026-05-05 09:04:14,561 - mazeUtils.moveTile - [moveTile.py:1091] - DEBUG - moveTile loop time: 36.3 ms
2026-05-05 09:04:14,566 - picamera2.picamera2 - [picamera2.py:1391] - DEBUG - Execute job: <picamera2.job.Job object at 0x7f95e30050>
2026-05-05 09:04:14,569 - mazeUtils.device.camera - [camera.py:37] - DEBUG - Average HSV: H=144.5, S=71.5, V=58.6
2026-05-05 09:04:14,607 - mazeUtils.moveTile - [moveTile.py:80] - DEBUG - roll: 357.53 deg, practicalMoveTime: 1.3074990951605399 sec
2026-05-05 09:04:14,607 - mazeUtils.moveTile - [moveTile.py:1091] - DEBUG - moveTile loop time: 46.5 ms
2026-05-05 09:04:14,614 - picamera2.picamera2 - [picamera2.py:1391] - DEBUG - Execute job: <picamera2.job.Job object at 0x7f95d85ad0>
2026-05-05 09:04:14,616 - mazeUtils.device.camera - [camera.py:37] - DEBUG - Average HSV: H=148.7, S=71.4, V=56.8
2026-05-05 09:04:14,647 - mazeUtils.moveTile - [moveTile.py:80] - DEBUG - roll: 357.65 deg, practicalMoveTime: 1.346652616721934 sec
2026-05-05 09:04:14,647 - mazeUtils.moveTile - [moveTile.py:1091] - DEBUG - moveTile loop time: 39.5 ms
2026-05-05 09:04:14,658 - picamera2.picamera2 - [picamera2.py:1391] - DEBUG - Execute job: <picamera2.job.Job object at 0x7f7733e290>
2026-05-05 09:04:14,662 - mazeUtils.device.camera - [camera.py:37] - DEBUG - Average HSV: H=145.3, S=71.2, V=56.5
2026-05-05 09:04:14,691 - mazeUtils.moveTile - [moveTile.py:197] - WARNING - Escape from obstacle on Side.RIGHT side
2026-05-05 09:04:15,169 - mazeUtils.moveTile - [moveTile.py:1032] - DEBUG - Obstacle escape adjustment: 0.05216336259937113
2026-05-05 09:04:15,270 - mazeUtils.moveTile - [moveTile.py:80] - DEBUG - roll: 357.7 deg, practicalMoveTime: 1.2906339946158654 sec
2026-05-05 09:04:15,271 - mazeUtils.moveTile - [moveTile.py:1091] - DEBUG - moveTile loop time: 623.0 ms
2026-05-05 09:04:15,275 - picamera2.picamera2 - [picamera2.py:1391] - DEBUG - Execute job: <picamera2.job.Job object at 0x7f95d85fd0>
2026-05-05 09:04:15,278 - mazeUtils.device.camera - [camera.py:37] - DEBUG - Average HSV: H=150.8, S=78.7, V=55.9
2026-05-05 09:04:15,306 - mazeUtils.moveTile - [moveTile.py:80] - DEBUG - roll: 357.61999999999995 deg, practicalMoveTime: 1.3255731594369682 sec
2026-05-05 09:04:15,306 - mazeUtils.moveTile - [moveTile.py:1091] - DEBUG - moveTile loop time: 35.3 ms
2026-05-05 09:04:15,310 - picamera2.picamera2 - [picamera2.py:1391] - DEBUG - Execute job: <picamera2.job.Job object at 0x7f95e30050>
2026-05-05 09:04:15,314 - mazeUtils.device.camera - [camera.py:37] - DEBUG - Average HSV: H=144.8, S=76.8, V=56.4
2026-05-05 09:04:15,350 - mazeUtils.moveTile - [moveTile.py:197] - WARNING - Escape from obstacle on Side.RIGHT side
2026-05-05 09:04:15,828 - mazeUtils.moveTile - [moveTile.py:1032] - DEBUG - Obstacle escape adjustment: 0.05218557265265107
2026-05-05 09:04:15,929 - mazeUtils.moveTile - [moveTile.py:80] - DEBUG - roll: 358.03 deg, practicalMoveTime: 1.2689964045485231 sec
2026-05-05 09:04:15,930 - mazeUtils.moveTile - [moveTile.py:1091] - DEBUG - moveTile loop time: 623.4 ms
2026-05-05 09:04:15,937 - picamera2.picamera2 - [picamera2.py:1391] - DEBUG - Execute job: <picamera2.job.Job object at 0x7f76ebfc90>
2026-05-05 09:04:15,940 - mazeUtils.device.camera - [camera.py:37] - DEBUG - Average HSV: H=146.5, S=77.0, V=62.6
2026-05-05 09:04:15,974 - mazeUtils.moveTile - [moveTile.py:197] - WARNING - Escape from obstacle on Side.RIGHT side
2026-05-05 09:04:16,458 - mazeUtils.moveTile - [moveTile.py:1032] - DEBUG - Obstacle escape adjustment: 0.052793464426690764
2026-05-05 09:04:16,559 - mazeUtils.moveTile - [moveTile.py:80] - DEBUG - roll: 358.17999999999995 deg, practicalMoveTime: 1.2126104752766607 sec
2026-05-05 09:04:16,560 - mazeUtils.moveTile - [moveTile.py:1091] - DEBUG - moveTile loop time: 629.7 ms
2026-05-05 09:04:16,567 - picamera2.picamera2 - [picamera2.py:1391] - DEBUG - Execute job: <picamera2.job.Job object at 0x7f95e30c10>
2026-05-05 09:04:16,572 - mazeUtils.device.camera - [camera.py:37] - DEBUG - Average HSV: H=147.7, S=75.1, V=63.3
2026-05-05 09:04:16,602 - mazeUtils.moveTile - [moveTile.py:197] - WARNING - Escape from obstacle on Side.RIGHT side
2026-05-05 09:04:17,087 - mazeUtils.moveTile - [moveTile.py:1032] - DEBUG - Obstacle escape adjustment: 0.05265502015986963
2026-05-05 09:04:17,188 - mazeUtils.moveTile - [moveTile.py:80] - DEBUG - roll: 358.02 deg, practicalMoveTime: 1.1550107774598055 sec
2026-05-05 09:04:17,189 - mazeUtils.moveTile - [moveTile.py:1091] - DEBUG - moveTile loop time: 628.4 ms
2026-05-05 09:04:17,194 - picamera2.picamera2 - [picamera2.py:1391] - DEBUG - Execute job: <picamera2.job.Job object at 0x7f95d86410>
2026-05-05 09:04:17,199 - mazeUtils.device.camera - [camera.py:37] - DEBUG - Average HSV: H=141.5, S=72.8, V=65.2
2026-05-05 09:04:17,235 - mazeUtils.moveTile - [moveTile.py:80] - DEBUG - roll: 357.95 deg, practicalMoveTime: 1.201535309279236 sec
2026-05-05 09:04:17,236 - mazeUtils.moveTile - [moveTile.py:1091] - DEBUG - moveTile loop time: 46.9 ms
2026-05-05 09:04:17,246 - picamera2.picamera2 - [picamera2.py:1391] - DEBUG - Execute job: <picamera2.job.Job object at 0x7f95e30050>
2026-05-05 09:04:17,252 - mazeUtils.device.camera - [camera.py:37] - DEBUG - Average HSV: H=140.6, S=76.9, V=63.3
2026-05-05 09:04:17,281 - mazeUtils.moveTile - [moveTile.py:80] - DEBUG - roll: 357.53999999999996 deg, practicalMoveTime: 1.2462309433204724 sec
2026-05-05 09:04:17,282 - mazeUtils.moveTile - [moveTile.py:1091] - DEBUG - moveTile loop time: 45.2 ms
2026-05-05 09:04:17,288 - picamera2.picamera2 - [picamera2.py:1391] - DEBUG - Execute job: <picamera2.job.Job object at 0x7f7733e290>
2026-05-05 09:04:17,292 - mazeUtils.device.camera - [camera.py:37] - DEBUG - Average HSV: H=140.7, S=77.7, V=62.8
2026-05-05 09:04:17,326 - mazeUtils.moveTile - [moveTile.py:80] - DEBUG - roll: 357.48999999999995 deg, practicalMoveTime: 1.2901388581920332 sec
2026-05-05 09:04:17,327 - mazeUtils.moveTile - [moveTile.py:1091] - DEBUG - moveTile loop time: 44.7 ms
2026-05-05 09:04:17,335 - picamera2.picamera2 - [picamera2.py:1391] - DEBUG - Execute job: <picamera2.job.Job object at 0x7f76ebfc50>
2026-05-05 09:04:17,339 - mazeUtils.device.camera - [camera.py:37] - DEBUG - Average HSV: H=139.5, S=78.4, V=62.1
2026-05-05 09:04:17,374 - mazeUtils.moveTile - [moveTile.py:80] - DEBUG - roll: 357.63 deg, practicalMoveTime: 1.336746505449193 sec
2026-05-05 09:04:17,374 - mazeUtils.moveTile - [moveTile.py:1091] - DEBUG - moveTile loop time: 46.7 ms
2026-05-05 09:04:17,380 - picamera2.picamera2 - [picamera2.py:1391] - DEBUG - Execute job: <picamera2.job.Job object at 0x7fa428e9d0>
2026-05-05 09:04:17,384 - mazeUtils.device.camera - [camera.py:37] - DEBUG - Average HSV: H=142.2, S=79.3, V=61.2
2026-05-05 09:04:17,427 - mazeUtils.moveTile - [moveTile.py:80] - DEBUG - roll: 357.61999999999995 deg, practicalMoveTime: 1.3893560661690671 sec
2026-05-05 09:04:17,427 - mazeUtils.moveTile - [moveTile.py:1091] - DEBUG - moveTile loop time: 52.9 ms
2026-05-05 09:04:17,434 - picamera2.picamera2 - [picamera2.py:1391] - DEBUG - Execute job: <picamera2.job.Job object at 0x7f95e30c10>
2026-05-05 09:04:17,438 - mazeUtils.device.camera - [camera.py:37] - DEBUG - Average HSV: H=148.5, S=78.8, V=60.5
2026-05-05 09:04:17,467 - mazeUtils.moveTile - [moveTile.py:80] - DEBUG - roll: 357.21999999999997 deg, practicalMoveTime: 1.429139875224437 sec
2026-05-05 09:04:17,468 - mazeUtils.moveTile - [moveTile.py:1091] - DEBUG - moveTile loop time: 40.2 ms
2026-05-05 09:04:17,472 - picamera2.picamera2 - [picamera2.py:1391] - DEBUG - Execute job: <picamera2.job.Job object at 0x7fa428e7d0>
2026-05-05 09:04:17,478 - mazeUtils.device.camera - [camera.py:37] - DEBUG - Average HSV: H=149.1, S=78.9, V=60.0
2026-05-05 09:04:17,511 - mazeUtils.moveTile - [moveTile.py:80] - DEBUG - roll: 357.66999999999996 deg, practicalMoveTime: 1.4717090982045964 sec
2026-05-05 09:04:17,511 - mazeUtils.moveTile - [moveTile.py:1091] - DEBUG - moveTile loop time: 42.9 ms
2026-05-05 09:04:17,519 - picamera2.picamera2 - [picamera2.py:1391] - DEBUG - Execute job: <picamera2.job.Job object at 0x7f95d85fd0>
2026-05-05 09:04:17,523 - mazeUtils.device.camera - [camera.py:37] - DEBUG - Average HSV: H=149.5, S=78.2, V=60.3
2026-05-05 09:04:17,733 - mazeUtils.moveTile - [moveTile.py:514] - DEBUG - Direction: absDirection.NORTH, Angle: 90, Distance: 22.94665252176715 cm
2026-05-05 09:04:17,736 - mazeUtils.moveTile - [moveTile.py:514] - DEBUG - Direction: absDirection.EAST, Angle: 0, Distance: 69.26767973781946 cm
2026-05-05 09:04:17,738 - mazeUtils.moveTile - [moveTile.py:514] - DEBUG - Direction: absDirection.SOUTH, Angle: 270, Distance: 69.64950838865622 cm
2026-05-05 09:04:17,740 - mazeUtils.moveTile - [moveTile.py:514] - DEBUG - Direction: absDirection.WEST, Angle: 180, Distance: 59.947457306313424 cm
2026-05-05 09:04:17,741 - mazeUtils.moveTile - [moveTile.py:1249] - INFO - Tile color detection counts: {}, decided tile type: E
2026-05-05 09:04:17,811 - __main__ - [main.py:84] - INFO - Current position: (20, 18, 1), front direction: absDirection.EAST
Layer 0 (altitude=0.0cm, offset=(0.0cm, 0.0cm)):
Known map area: x=20..20, y=18..20
+---+
| E  
+   +
  U  
+   +
| S  
+---+
Layer 1 (altitude=-32.46937661647211cm, offset=(90.0cm, 0.0cm)):
Known map area: x=20..20, y=18..18
+   +
  @  
+   +
2026-05-05 09:04:17,839 - mazeUtils.mazeMap - [mazeMap.py:61] - INFO - next goal: (21, 18, 1)
2026-05-05 09:04:17,840 - mazeUtils.mazeMap - [mazeMap.py:61] - INFO - next goal: (21, 18, 1)
2026-05-05 09:04:17,848 - mazeUtils.moveTile - [moveTile.py:80] - DEBUG - Moving to absDirection.EAST from (20, 18, 1) facing absDirection.EAST
2026-05-05 09:04:17,852 - __main__ - [main.py:144] - INFO - Program interrupted by user.
2026-05-05 09:04:18,908 - mazeUtils.device.stm - [stm.py:214] - DEBUG - ACK resynchronized: type=STS_MOTOR dropped=24B seq=140
2026-05-05 09:04:18,929 - picamera2.picamera2 - [picamera2.py:1391] - DEBUG - Execute job: <picamera2.job.Job object at 0x7fba6e3150>
2026-05-05 09:04:18,948 - picamera2.picamera2 - [picamera2.py:1323] - INFO - Camera stopped
2026-05-05 09:04:19,150 - picamera2.picamera2 - [picamera2.py:1329] - DEBUG - Camera was not started
2026-05-05 09:04:19,356 - picamera2.picamera2 - [picamera2.py:723] - INFO - Camera closed successfully.
2026-05-05 09:04:19,562 - picamera2.picamera2 - [picamera2.py:500] - DEBUG - Resources now free: <picamera2.picamera2.Picamera2 object at 0x7fadf5e010>
