2026-06-20 13:58:06,621 - root - [logging_config.py:61] - INFO - Logging initialized. Log file: /home/tuton/Kanto2026RPi/src/config/../logs/robot_20260620_135805.log
2026-06-20 13:58:08,631 - mazeUtils.device.LiDAR - [LiDAR.py:36] - INFO - Available ports: <ydlidar.Str2strMap; proxy of <Swig Object of type 'std::map< std::string,std::string > *' at 0x7f9c0f7ed0> >
2026-06-20 13:58:12,639 - mazeUtils.moveTile - [moveTile.py:528] - DEBUG - Direction: absDirection.NORTH, Angle: 0, Distance: 136.13399512343076 cm
2026-06-20 13:58:12,640 - mazeUtils.moveTile - [moveTile.py:552] - DEBUG - Front LiDAR distance: 136.13399512343076 cm, TSD10 distance: 129.5 cm
2026-06-20 13:58:12,642 - mazeUtils.moveTile - [moveTile.py:528] - DEBUG - Direction: absDirection.EAST, Angle: 270, Distance: 19.183012655946154 cm
2026-06-20 13:58:12,643 - mazeUtils.moveTile - [moveTile.py:528] - DEBUG - Direction: absDirection.SOUTH, Angle: 180, Distance: 16.36053983668621 cm
2026-06-20 13:58:12,644 - mazeUtils.moveTile - [moveTile.py:528] - DEBUG - Direction: absDirection.WEST, Angle: 90, Distance: 15.085894523357098 cm
2026-06-20 13:58:12,645 - __main__ - [main.py:69] - INFO - Initial Map:
2026-06-20 13:58:12,659 - __main__ - [main.py:70] - INFO - Current position: (20, 20, 0), front direction: absDirection.NORTH
Layer 0 (altitude=0.0cm, offset=(0.0cm, 0.0cm)):
Known map area: x=20..20, y=20..20
+   +
| @ |
+---+
mazeAsGraph[0][20][20] = {absDirection.NORTH: (20, 19, 0, 30), absDirection.EAST: None, absDirection.SOUTH: None, absDirection.WEST: None}
2026-06-20 13:58:12,660 - mazeUtils.mazeMap - [mazeMap.py:61] - INFO - next goal: (20, 19, 0)
2026-06-20 13:58:12,661 - __main__ - [main.py:73] - INFO - Next Direction: [<absDirection.NORTH: 0>]
2026-06-20 13:58:12,661 - __main__ - [main.py:74] - INFO - Exploration started.
2026-06-20 13:58:12,672 - mazeUtils.moveTile - [moveTile.py:79] - DEBUG - Moving to absDirection.NORTH from (20, 20, 0) facing absDirection.NORTH
2026-06-20 13:58:12,697 - mazeUtils.moveTile - [moveTile.py:79] - DEBUG - current heading: 359.95 target: 0
2026-06-20 13:58:12,721 - mazeUtils.moveTile - [moveTile.py:403] - DEBUG - stopped turning at heading: 359.95, diff: 0.05000000000001137
2026-06-20 13:58:12,771 - mazeUtils.moveTile - [moveTile.py:79] - DEBUG - Turned to heading: 359.96000000000004 deg
2026-06-20 13:58:12,824 - mazeUtils.moveTile - [moveTile.py:79] - DEBUG - Little backward to adjust position
2026-06-20 13:58:13,300 - picamera2.picamera2 - [picamera2.py:1391] - DEBUG - Execute job: <picamera2.job.Job object at 0x7f6c6a0c10>
2026-06-20 13:58:13,307 - mazeUtils.device.camera - [camera.py:39] - DEBUG - Average HSV: H=164.4, S=19.2, V=225.5
2026-06-20 13:58:13,340 - mazeUtils.moveTile - [moveTile.py:79] - DEBUG - roll: 0.03999999999996362 deg, practicalMoveTime: 0.04546951139554985 sec
2026-06-20 13:58:13,340 - mazeUtils.moveTile - [moveTile.py:1400] - DEBUG - moveTile loop time: 44.7 ms
2026-06-20 13:58:13,347 - picamera2.picamera2 - [picamera2.py:1391] - DEBUG - Execute job: <picamera2.job.Job object at 0x7f77661610>
2026-06-20 13:58:13,353 - mazeUtils.device.camera - [camera.py:39] - DEBUG - Average HSV: H=164.2, S=19.0, V=225.9
2026-06-20 13:58:13,386 - mazeUtils.moveTile - [moveTile.py:79] - DEBUG - roll: 0.6199999999999477 deg, practicalMoveTime: 0.09106677909968408 sec
2026-06-20 13:58:13,386 - mazeUtils.moveTile - [moveTile.py:1400] - DEBUG - moveTile loop time: 45.9 ms
2026-06-20 13:58:13,390 - picamera2.picamera2 - [picamera2.py:1391] - DEBUG - Execute job: <picamera2.job.Job object at 0x7f767ae950>
2026-06-20 13:58:13,393 - mazeUtils.device.camera - [camera.py:39] - DEBUG - Average HSV: H=161.7, S=18.4, V=227.3
2026-06-20 13:58:13,429 - mazeUtils.moveTile - [moveTile.py:79] - DEBUG - roll: 0.5799999999999841 deg, practicalMoveTime: 0.13371743911212572 sec
2026-06-20 13:58:13,429 - mazeUtils.moveTile - [moveTile.py:1400] - DEBUG - moveTile loop time: 42.9 ms
2026-06-20 13:58:13,435 - picamera2.picamera2 - [picamera2.py:1391] - DEBUG - Execute job: <picamera2.job.Job object at 0x7f7678bed0>
2026-06-20 13:58:13,439 - mazeUtils.device.camera - [camera.py:39] - DEBUG - Average HSV: H=162.6, S=18.4, V=227.9
2026-06-20 13:58:13,470 - mazeUtils.moveTile - [moveTile.py:79] - DEBUG - roll: 359.95 deg, practicalMoveTime: 0.17400444159423303 sec
2026-06-20 13:58:13,470 - mazeUtils.moveTile - [moveTile.py:1400] - DEBUG - moveTile loop time: 40.6 ms
2026-06-20 13:58:13,475 - picamera2.picamera2 - [picamera2.py:1391] - DEBUG - Execute job: <picamera2.job.Job object at 0x7f76757850>
2026-06-20 13:58:13,479 - mazeUtils.device.camera - [camera.py:39] - DEBUG - Average HSV: H=165.2, S=19.2, V=226.9
2026-06-20 13:58:13,515 - mazeUtils.moveTile - [moveTile.py:79] - DEBUG - roll: 359.83 deg, practicalMoveTime: 0.21904556604314007 sec
2026-06-20 13:58:13,516 - mazeUtils.moveTile - [moveTile.py:1400] - DEBUG - moveTile loop time: 45.2 ms
2026-06-20 13:58:13,521 - picamera2.picamera2 - [picamera2.py:1391] - DEBUG - Execute job: <picamera2.job.Job object at 0x7f767d8f90>
2026-06-20 13:58:13,524 - mazeUtils.device.camera - [camera.py:39] - DEBUG - Average HSV: H=163.8, S=17.8, V=229.9
2026-06-20 13:58:13,554 - mazeUtils.moveTile - [moveTile.py:79] - DEBUG - roll: 0.14999999999997726 deg, practicalMoveTime: 0.2570257539561744 sec
2026-06-20 13:58:13,554 - mazeUtils.moveTile - [moveTile.py:1400] - DEBUG - moveTile loop time: 38.3 ms
2026-06-20 13:58:13,563 - picamera2.picamera2 - [picamera2.py:1391] - DEBUG - Execute job: <picamera2.job.Job object at 0x7f77661610>
2026-06-20 13:58:13,566 - mazeUtils.device.camera - [camera.py:39] - DEBUG - Average HSV: H=167.6, S=19.7, V=228.7
2026-06-20 13:58:13,599 - mazeUtils.moveTile - [moveTile.py:79] - DEBUG - roll: 0.5199999999999818 deg, practicalMoveTime: 0.3020740428069319 sec
2026-06-20 13:58:13,600 - mazeUtils.moveTile - [moveTile.py:1400] - DEBUG - moveTile loop time: 45.3 ms
2026-06-20 13:58:13,604 - picamera2.picamera2 - [picamera2.py:1391] - DEBUG - Execute job: <picamera2.job.Job object at 0x7f7678bed0>
2026-06-20 13:58:13,607 - mazeUtils.device.camera - [camera.py:39] - DEBUG - Average HSV: H=165.4, S=17.9, V=231.7
2026-06-20 13:58:13,631 - mazeUtils.moveTile - [moveTile.py:79] - DEBUG - roll: 359.28 deg, practicalMoveTime: 0.3338625044814269 sec
2026-06-20 13:58:13,632 - mazeUtils.moveTile - [moveTile.py:1400] - DEBUG - moveTile loop time: 32.0 ms
2026-06-20 13:58:13,639 - picamera2.picamera2 - [picamera2.py:1391] - DEBUG - Execute job: <picamera2.job.Job object at 0x7f767d8f90>
2026-06-20 13:58:13,642 - mazeUtils.device.camera - [camera.py:39] - DEBUG - Average HSV: H=164.9, S=17.1, V=232.5
2026-06-20 13:58:13,679 - mazeUtils.moveTile - [moveTile.py:79] - DEBUG - roll: 359.95 deg, practicalMoveTime: 0.3813328175980824 sec
2026-06-20 13:58:13,680 - mazeUtils.moveTile - [moveTile.py:1400] - DEBUG - moveTile loop time: 47.4 ms
2026-06-20 13:58:13,683 - picamera2.picamera2 - [picamera2.py:1391] - DEBUG - Execute job: <picamera2.job.Job object at 0x7f77661610>
2026-06-20 13:58:13,686 - mazeUtils.device.camera - [camera.py:39] - DEBUG - Average HSV: H=164.5, S=17.4, V=231.4
2026-06-20 13:58:13,719 - mazeUtils.moveTile - [moveTile.py:79] - DEBUG - roll: 359.84999999999997 deg, practicalMoveTime: 0.4208112227278668 sec
2026-06-20 13:58:13,720 - mazeUtils.moveTile - [moveTile.py:1400] - DEBUG - moveTile loop time: 39.8 ms
2026-06-20 13:58:13,725 - picamera2.picamera2 - [picamera2.py:1391] - DEBUG - Execute job: <picamera2.job.Job object at 0x7f76757850>
2026-06-20 13:58:13,728 - mazeUtils.device.camera - [camera.py:39] - DEBUG - Average HSV: H=164.0, S=15.4, V=233.9
2026-06-20 13:58:13,755 - mazeUtils.moveTile - [moveTile.py:79] - DEBUG - roll: 0.029999999999972715 deg, practicalMoveTime: 0.4559877334851698 sec
2026-06-20 13:58:13,755 - mazeUtils.moveTile - [moveTile.py:1400] - DEBUG - moveTile loop time: 35.4 ms
2026-06-20 13:58:13,759 - picamera2.picamera2 - [picamera2.py:1391] - DEBUG - Execute job: <picamera2.job.Job object at 0x7f85b4ae90>
2026-06-20 13:58:13,763 - mazeUtils.device.camera - [camera.py:39] - DEBUG - Average HSV: H=164.5, S=15.7, V=233.0
2026-06-20 13:58:13,790 - mazeUtils.moveTile - [moveTile.py:79] - DEBUG - roll: 358.84 deg, practicalMoveTime: 0.49058876659639383 sec
2026-06-20 13:58:13,791 - mazeUtils.moveTile - [moveTile.py:1400] - DEBUG - moveTile loop time: 34.9 ms
2026-06-20 13:58:13,796 - picamera2.picamera2 - [picamera2.py:1391] - DEBUG - Execute job: <picamera2.job.Job object at 0x7f767ae950>
2026-06-20 13:58:13,798 - mazeUtils.device.camera - [camera.py:39] - DEBUG - Average HSV: H=165.5, S=16.5, V=232.4
2026-06-20 13:58:13,829 - mazeUtils.moveTile - [moveTile.py:79] - DEBUG - roll: 359.4 deg, practicalMoveTime: 0.5288814590439342 sec
2026-06-20 13:58:13,829 - mazeUtils.moveTile - [moveTile.py:1400] - DEBUG - moveTile loop time: 38.4 ms
2026-06-20 13:58:13,833 - picamera2.picamera2 - [picamera2.py:1391] - DEBUG - Execute job: <picamera2.job.Job object at 0x7f767d8f90>
2026-06-20 13:58:13,837 - mazeUtils.device.camera - [camera.py:39] - DEBUG - Average HSV: H=165.0, S=15.1, V=234.3
2026-06-20 13:58:13,863 - mazeUtils.moveTile - [moveTile.py:79] - DEBUG - roll: 0.9799999999999613 deg, practicalMoveTime: 0.5629972661788666 sec
2026-06-20 13:58:13,864 - mazeUtils.moveTile - [moveTile.py:1400] - DEBUG - moveTile loop time: 34.4 ms
2026-06-20 13:58:13,869 - picamera2.picamera2 - [picamera2.py:1391] - DEBUG - Execute job: <picamera2.job.Job object at 0x7f7678bed0>
2026-06-20 13:58:13,873 - mazeUtils.device.camera - [camera.py:39] - DEBUG - Average HSV: H=166.0, S=15.4, V=233.5
2026-06-20 13:58:13,900 - mazeUtils.moveTile - [moveTile.py:79] - DEBUG - roll: 358.96 deg, practicalMoveTime: 0.5994559504184087 sec
2026-06-20 13:58:13,901 - mazeUtils.moveTile - [moveTile.py:1400] - DEBUG - moveTile loop time: 36.7 ms
2026-06-20 13:58:13,905 - picamera2.picamera2 - [picamera2.py:1391] - DEBUG - Execute job: <picamera2.job.Job object at 0x7f77661610>
2026-06-20 13:58:13,909 - mazeUtils.device.camera - [camera.py:39] - DEBUG - Average HSV: H=166.7, S=15.8, V=233.7
2026-06-20 13:58:13,938 - mazeUtils.moveTile - [moveTile.py:79] - DEBUG - roll: 359.72999999999996 deg, practicalMoveTime: 0.6368350386332753 sec
2026-06-20 13:58:13,939 - mazeUtils.moveTile - [moveTile.py:1400] - DEBUG - moveTile loop time: 37.1 ms
2026-06-20 13:58:13,945 - picamera2.picamera2 - [picamera2.py:1391] - DEBUG - Execute job: <picamera2.job.Job object at 0x7f767d8f90>
2026-06-20 13:58:13,948 - mazeUtils.device.camera - [camera.py:39] - DEBUG - Average HSV: H=166.0, S=15.7, V=234.3
2026-06-20 13:58:13,976 - mazeUtils.moveTile - [moveTile.py:79] - DEBUG - roll: 0.92999999999995 deg, practicalMoveTime: 0.6740141404407054 sec
2026-06-20 13:58:13,977 - mazeUtils.moveTile - [moveTile.py:1400] - DEBUG - moveTile loop time: 38.0 ms
2026-06-20 13:58:13,981 - picamera2.picamera2 - [picamera2.py:1391] - DEBUG - Execute job: <picamera2.job.Job object at 0x7f7770d0d0>
2026-06-20 13:58:13,984 - mazeUtils.device.camera - [camera.py:39] - DEBUG - Average HSV: H=166.6, S=15.2, V=234.1
2026-06-20 13:58:14,011 - mazeUtils.moveTile - [moveTile.py:79] - DEBUG - roll: 0.37999999999999545 deg, practicalMoveTime: 0.7081289430294367 sec
2026-06-20 13:58:14,012 - mazeUtils.moveTile - [moveTile.py:1400] - DEBUG - moveTile loop time: 34.4 ms
2026-06-20 13:58:14,018 - picamera2.picamera2 - [picamera2.py:1391] - DEBUG - Execute job: <picamera2.job.Job object at 0x7f7770ef90>
2026-06-20 13:58:14,022 - mazeUtils.device.camera - [camera.py:39] - DEBUG - Average HSV: H=166.7, S=15.5, V=233.7
2026-06-20 13:58:14,066 - mazeUtils.moveTile - [moveTile.py:79] - DEBUG - roll: 359.01 deg, practicalMoveTime: 0.7624077961825017 sec
2026-06-20 13:58:14,067 - mazeUtils.moveTile - [moveTile.py:1400] - DEBUG - moveTile loop time: 54.7 ms
2026-06-20 13:58:14,073 - picamera2.picamera2 - [picamera2.py:1391] - DEBUG - Execute job: <picamera2.job.Job object at 0x7f7770d0d0>
2026-06-20 13:58:14,076 - mazeUtils.device.camera - [camera.py:39] - DEBUG - Average HSV: H=164.0, S=16.0, V=230.8
2026-06-20 13:58:14,106 - mazeUtils.moveTile - [moveTile.py:79] - DEBUG - roll: 0.7799999999999727 deg, practicalMoveTime: 0.8019043724758907 sec
2026-06-20 13:58:14,107 - mazeUtils.moveTile - [moveTile.py:1400] - DEBUG - moveTile loop time: 39.8 ms
2026-06-20 13:58:14,111 - picamera2.picamera2 - [picamera2.py:1391] - DEBUG - Execute job: <picamera2.job.Job object at 0x7f767ae950>
2026-06-20 13:58:14,114 - mazeUtils.device.camera - [camera.py:39] - DEBUG - Average HSV: H=164.6, S=15.7, V=231.4
2026-06-20 13:58:14,144 - mazeUtils.moveTile - [moveTile.py:1345] - INFO - practicalVerticalMove: -0.005847171119941387 CM
2026-06-20 13:58:14,185 - mazeUtils.moveTile - [moveTile.py:1606] - INFO - Set moved vertical distance: -0.005847171119941387 cm, past distances: [(0, False), (0, False), (0, False)]
2026-06-20 13:58:14,206 - mazeUtils.moveTile - [moveTile.py:528] - DEBUG - Direction: absDirection.NORTH, Angle: 0, Distance: 108.66118430145934 cm
2026-06-20 13:58:14,207 - mazeUtils.moveTile - [moveTile.py:552] - DEBUG - Front LiDAR distance: 108.66118430145934 cm, TSD10 distance: 98.5 cm
2026-06-20 13:58:14,208 - mazeUtils.moveTile - [moveTile.py:528] - DEBUG - Direction: absDirection.EAST, Angle: 270, Distance: 19.53891669390699 cm
2026-06-20 13:58:14,209 - mazeUtils.moveTile - [moveTile.py:528] - DEBUG - Direction: absDirection.SOUTH, Angle: 180, Distance: 47.30861995406194 cm
2026-06-20 13:58:14,210 - mazeUtils.moveTile - [moveTile.py:528] - DEBUG - Direction: absDirection.WEST, Angle: 90, Distance: 14.854404993106145 cm
2026-06-20 13:58:14,212 - mazeUtils.moveTile - [moveTile.py:1736] - INFO - Tile color detection counts: {}, decided tile type: E
2026-06-20 13:58:14,272 - __main__ - [main.py:87] - INFO - Current position: (20, 19, 0), front direction: absDirection.NORTH
Layer 0 (altitude=0.0cm, offset=(0.0cm, 0.0cm)):
Known map area: x=20..20, y=19..20
+   +
| @ |
+   +
| S |
+---+
mazeAsGraph[0][19][20] = {absDirection.NORTH: (20, 18, 0, 30), absDirection.EAST: None, absDirection.SOUTH: (20, 20, 0, 30), absDirection.WEST: None}
mazeAsGraph[0][20][20] = {absDirection.NORTH: (20, 19, 0, 30), absDirection.EAST: None, absDirection.SOUTH: None, absDirection.WEST: None}
2026-06-20 13:58:14,278 - mazeUtils.mazeMap - [mazeMap.py:61] - INFO - next goal: (20, 18, 0)
2026-06-20 13:58:14,288 - mazeUtils.moveTile - [moveTile.py:79] - DEBUG - Moving to absDirection.NORTH from (20, 19, 0) facing absDirection.NORTH
2026-06-20 13:58:14,315 - mazeUtils.moveTile - [moveTile.py:79] - DEBUG - current heading: 0.4300000000000068 target: 0
2026-06-20 13:58:14,338 - mazeUtils.moveTile - [moveTile.py:403] - DEBUG - stopped turning at heading: 0.4300000000000068, diff: 0.4300000000000068
2026-06-20 13:58:14,410 - mazeUtils.moveTile - [moveTile.py:79] - DEBUG - Turned to heading: 0.36000000000001364 deg
2026-06-20 13:58:14,598 - picamera2.picamera2 - [picamera2.py:1391] - DEBUG - Execute job: <picamera2.job.Job object at 0x7f85b6b8d0>
2026-06-20 13:58:14,601 - mazeUtils.device.camera - [camera.py:39] - DEBUG - Average HSV: H=167.9, S=17.4, V=231.3
2026-06-20 13:58:14,630 - mazeUtils.moveTile - [moveTile.py:79] - DEBUG - roll: 359.39 deg, practicalMoveTime: 0.039101530266618965 sec
2026-06-20 13:58:14,631 - mazeUtils.moveTile - [moveTile.py:1400] - DEBUG - moveTile loop time: 37.4 ms
2026-06-20 13:58:14,635 - picamera2.picamera2 - [picamera2.py:1391] - DEBUG - Execute job: <picamera2.job.Job object at 0x7f767ae950>
2026-06-20 13:58:14,638 - mazeUtils.device.camera - [camera.py:39] - DEBUG - Average HSV: H=167.9, S=17.4, V=231.4
2026-06-20 13:58:14,666 - mazeUtils.moveTile - [moveTile.py:79] - DEBUG - roll: 359.30999999999995 deg, practicalMoveTime: 0.0741014621384754 sec
2026-06-20 13:58:14,666 - mazeUtils.moveTile - [moveTile.py:1400] - DEBUG - moveTile loop time: 35.1 ms
2026-06-20 13:58:14,671 - picamera2.picamera2 - [picamera2.py:1391] - DEBUG - Execute job: <picamera2.job.Job object at 0x7f7770d050>
2026-06-20 13:58:14,674 - mazeUtils.device.camera - [camera.py:39] - DEBUG - Average HSV: H=167.5, S=17.3, V=231.6
2026-06-20 13:58:14,702 - mazeUtils.moveTile - [moveTile.py:79] - DEBUG - roll: 359.63 deg, practicalMoveTime: 0.10956191010028593 sec
2026-06-20 13:58:14,702 - mazeUtils.moveTile - [moveTile.py:1400] - DEBUG - moveTile loop time: 36.0 ms
2026-06-20 13:58:14,710 - picamera2.picamera2 - [picamera2.py:1391] - DEBUG - Execute job: <picamera2.job.Job object at 0x7f6c6a0c10>
2026-06-20 13:58:14,714 - mazeUtils.device.camera - [camera.py:39] - DEBUG - Average HSV: H=169.2, S=17.4, V=231.2
2026-06-20 13:58:14,740 - mazeUtils.moveTile - [moveTile.py:79] - DEBUG - roll: 359.13 deg, practicalMoveTime: 0.14730947112108123 sec
2026-06-20 13:58:14,741 - mazeUtils.moveTile - [moveTile.py:1400] - DEBUG - moveTile loop time: 38.0 ms
2026-06-20 13:58:14,747 - picamera2.picamera2 - [picamera2.py:1391] - DEBUG - Execute job: <picamera2.job.Job object at 0x7f85b6b8d0>
2026-06-20 13:58:14,750 - mazeUtils.device.camera - [camera.py:39] - DEBUG - Average HSV: H=169.7, S=18.1, V=230.7
2026-06-20 13:58:14,781 - mazeUtils.moveTile - [moveTile.py:79] - DEBUG - roll: 0.22999999999996135 deg, practicalMoveTime: 0.18726404994123116 sec
2026-06-20 13:58:14,781 - mazeUtils.moveTile - [moveTile.py:1400] - DEBUG - moveTile loop time: 40.3 ms
2026-06-20 13:58:14,790 - picamera2.picamera2 - [picamera2.py:1391] - DEBUG - Execute job: <picamera2.job.Job object at 0x7f8f9d2250>
2026-06-20 13:58:14,793 - mazeUtils.device.camera - [camera.py:39] - DEBUG - Average HSV: H=167.6, S=17.9, V=230.3
2026-06-20 13:58:14,825 - mazeUtils.moveTile - [moveTile.py:79] - DEBUG - roll: 358.53999999999996 deg, practicalMoveTime: 0.23074820616452896 sec
2026-06-20 13:58:14,826 - mazeUtils.moveTile - [moveTile.py:1400] - DEBUG - moveTile loop time: 44.5 ms
2026-06-20 13:58:14,835 - picamera2.picamera2 - [picamera2.py:1391] - DEBUG - Execute job: <picamera2.job.Job object at 0x7f8871dfd0>
2026-06-20 13:58:14,840 - mazeUtils.device.camera - [camera.py:39] - DEBUG - Average HSV: H=165.1, S=17.2, V=231.1
2026-06-20 13:58:14,869 - mazeUtils.moveTile - [moveTile.py:79] - DEBUG - roll: 0.9899999999999523 deg, practicalMoveTime: 0.27398015320608476 sec
2026-06-20 13:58:14,870 - mazeUtils.moveTile - [moveTile.py:1400] - DEBUG - moveTile loop time: 43.5 ms
2026-06-20 13:58:14,878 - picamera2.picamera2 - [picamera2.py:1391] - DEBUG - Execute job: <picamera2.job.Job object at 0x7f86409ad0>
2026-06-20 13:58:14,884 - mazeUtils.device.camera - [camera.py:39] - DEBUG - Average HSV: H=163.1, S=17.4, V=228.8
2026-06-20 13:58:14,914 - mazeUtils.moveTile - [moveTile.py:79] - DEBUG - roll: 359.85999999999996 deg, practicalMoveTime: 0.3171948221727753 sec
2026-06-20 13:58:14,914 - mazeUtils.moveTile - [moveTile.py:1400] - DEBUG - moveTile loop time: 43.6 ms
2026-06-20 13:58:14,923 - picamera2.picamera2 - [picamera2.py:1391] - DEBUG - Execute job: <picamera2.job.Job object at 0x7f8f9d2250>
2026-06-20 13:58:14,929 - mazeUtils.device.camera - [camera.py:39] - DEBUG - Average HSV: H=164.3, S=17.7, V=229.5
2026-06-20 13:58:14,960 - mazeUtils.moveTile - [moveTile.py:79] - DEBUG - roll: 359.63 deg, practicalMoveTime: 0.36281049776045277 sec
2026-06-20 13:58:14,962 - mazeUtils.moveTile - [moveTile.py:1400] - DEBUG - moveTile loop time: 45.7 ms
2026-06-20 13:58:14,970 - picamera2.picamera2 - [picamera2.py:1391] - DEBUG - Execute job: <picamera2.job.Job object at 0x7f8871dfd0>
2026-06-20 13:58:14,976 - mazeUtils.device.camera - [camera.py:39] - DEBUG - Average HSV: H=165.2, S=18.1, V=228.9
2026-06-20 13:58:15,009 - mazeUtils.moveTile - [moveTile.py:79] - DEBUG - roll: 0.4199999999999591 deg, practicalMoveTime: 0.4096203439009554 sec
2026-06-20 13:58:15,009 - mazeUtils.moveTile - [moveTile.py:1400] - DEBUG - moveTile loop time: 46.3 ms
2026-06-20 13:58:15,015 - picamera2.picamera2 - [picamera2.py:1391] - DEBUG - Execute job: <picamera2.job.Job object at 0x7f6c6a0c10>
2026-06-20 13:58:15,025 - mazeUtils.device.camera - [camera.py:39] - DEBUG - Average HSV: H=165.6, S=18.3, V=227.8
2026-06-20 13:58:15,065 - mazeUtils.moveTile - [moveTile.py:79] - DEBUG - roll: 358.79999999999995 deg, practicalMoveTime: 0.46521522880888977 sec
2026-06-20 13:58:15,065 - mazeUtils.moveTile - [moveTile.py:1400] - DEBUG - moveTile loop time: 55.7 ms
2026-06-20 13:58:15,071 - picamera2.picamera2 - [picamera2.py:1391] - DEBUG - Execute job: <picamera2.job.Job object at 0x7f88700350>
2026-06-20 13:58:15,076 - mazeUtils.device.camera - [camera.py:39] - DEBUG - Average HSV: H=166.8, S=18.5, V=225.3
2026-06-20 13:58:15,104 - mazeUtils.moveTile - [moveTile.py:79] - DEBUG - roll: 1.0 deg, practicalMoveTime: 0.5041797638459526 sec
2026-06-20 13:58:15,105 - mazeUtils.moveTile - [moveTile.py:1400] - DEBUG - moveTile loop time: 39.2 ms
2026-06-20 13:58:15,109 - picamera2.picamera2 - [picamera2.py:1391] - DEBUG - Execute job: <picamera2.job.Job object at 0x7f7770d0d0>
2026-06-20 13:58:15,113 - mazeUtils.device.camera - [camera.py:39] - DEBUG - Average HSV: H=164.8, S=17.8, V=224.5
2026-06-20 13:58:15,141 - mazeUtils.moveTile - [moveTile.py:79] - DEBUG - roll: 359.65 deg, practicalMoveTime: 0.5405257596639255 sec
2026-06-20 13:58:15,142 - mazeUtils.moveTile - [moveTile.py:1400] - DEBUG - moveTile loop time: 36.5 ms
2026-06-20 13:58:15,148 - picamera2.picamera2 - [picamera2.py:1391] - DEBUG - Execute job: <picamera2.job.Job object at 0x7f85b6b8d0>
2026-06-20 13:58:15,151 - mazeUtils.device.camera - [camera.py:39] - DEBUG - Average HSV: H=166.6, S=18.2, V=224.5
2026-06-20 13:58:15,177 - mazeUtils.moveTile - [moveTile.py:79] - DEBUG - roll: 359.21999999999997 deg, practicalMoveTime: 0.5754477457783276 sec
2026-06-20 13:58:15,177 - mazeUtils.moveTile - [moveTile.py:1400] - DEBUG - moveTile loop time: 35.2 ms
2026-06-20 13:58:15,183 - picamera2.picamera2 - [picamera2.py:1391] - DEBUG - Execute job: <picamera2.job.Job object at 0x7f7770e0d0>
2026-06-20 13:58:15,186 - mazeUtils.device.camera - [camera.py:39] - DEBUG - Average HSV: H=164.3, S=18.4, V=223.5
2026-06-20 13:58:15,216 - mazeUtils.moveTile - [moveTile.py:79] - DEBUG - roll: 0.40999999999996817 deg, practicalMoveTime: 0.6147123730903236 sec
2026-06-20 13:58:15,217 - mazeUtils.moveTile - [moveTile.py:1400] - DEBUG - moveTile loop time: 39.4 ms
2026-06-20 13:58:15,223 - picamera2.picamera2 - [picamera2.py:1391] - DEBUG - Execute job: <picamera2.job.Job object at 0x7f8f9d2250>
2026-06-20 13:58:15,227 - mazeUtils.device.camera - [camera.py:39] - DEBUG - Average HSV: H=163.7, S=18.5, V=223.7
2026-06-20 13:58:15,253 - mazeUtils.moveTile - [moveTile.py:79] - DEBUG - roll: 0.07999999999998408 deg, practicalMoveTime: 0.650956968573541 sec
2026-06-20 13:58:15,254 - mazeUtils.moveTile - [moveTile.py:1400] - DEBUG - moveTile loop time: 36.5 ms
2026-06-20 13:58:15,257 - picamera2.picamera2 - [picamera2.py:1391] - DEBUG - Execute job: <picamera2.job.Job object at 0x7f85b6b6d0>
2026-06-20 13:58:15,261 - mazeUtils.device.camera - [camera.py:39] - DEBUG - Average HSV: H=164.8, S=19.6, V=220.8
2026-06-20 13:58:15,291 - mazeUtils.moveTile - [moveTile.py:79] - DEBUG - roll: 358.92999999999995 deg, practicalMoveTime: 0.688407903121769 sec
2026-06-20 13:58:15,291 - mazeUtils.moveTile - [moveTile.py:1400] - DEBUG - moveTile loop time: 37.7 ms
2026-06-20 13:58:15,298 - picamera2.picamera2 - [picamera2.py:1391] - DEBUG - Execute job: <picamera2.job.Job object at 0x7f88700350>
2026-06-20 13:58:15,301 - mazeUtils.device.camera - [camera.py:39] - DEBUG - Average HSV: H=165.4, S=20.5, V=218.3
2026-06-20 13:58:15,334 - mazeUtils.moveTile - [moveTile.py:79] - DEBUG - roll: 359.90999999999997 deg, practicalMoveTime: 0.7309283737354761 sec
2026-06-20 13:58:15,335 - mazeUtils.moveTile - [moveTile.py:1400] - DEBUG - moveTile loop time: 42.9 ms
2026-06-20 13:58:15,339 - picamera2.picamera2 - [picamera2.py:1391] - DEBUG - Execute job: <picamera2.job.Job object at 0x7f767ae950>
2026-06-20 13:58:15,341 - mazeUtils.device.camera - [camera.py:39] - DEBUG - Average HSV: H=163.4, S=19.7, V=219.5
2026-06-20 13:58:15,369 - mazeUtils.moveTile - [moveTile.py:79] - DEBUG - roll: 0.5099999999999909 deg, practicalMoveTime: 0.7650366149137383 sec
2026-06-20 13:58:15,369 - mazeUtils.moveTile - [moveTile.py:1400] - DEBUG - moveTile loop time: 34.5 ms
2026-06-20 13:58:15,375 - picamera2.picamera2 - [picamera2.py:1391] - DEBUG - Execute job: <picamera2.job.Job object at 0x7f8f9d2250>
2026-06-20 13:58:15,378 - mazeUtils.device.camera - [camera.py:39] - DEBUG - Average HSV: H=162.7, S=19.9, V=218.9
2026-06-20 13:58:15,410 - mazeUtils.moveTile - [moveTile.py:79] - DEBUG - roll: 359.34999999999997 deg, practicalMoveTime: 0.8056414542273223 sec
2026-06-20 13:58:15,411 - mazeUtils.moveTile - [moveTile.py:1400] - DEBUG - moveTile loop time: 40.8 ms
2026-06-20 13:58:15,417 - picamera2.picamera2 - [picamera2.py:1391] - DEBUG - Execute job: <picamera2.job.Job object at 0x7f767ae950>
2026-06-20 13:58:15,420 - mazeUtils.device.camera - [camera.py:39] - DEBUG - Average HSV: H=165.6, S=26.4, V=209.6
2026-06-20 13:58:15,449 - mazeUtils.moveTile - [moveTile.py:1345] - INFO - practicalVerticalMove: -0.13768267712018736 CM
2026-06-20 13:58:15,499 - mazeUtils.moveTile - [moveTile.py:1606] - INFO - Set moved vertical distance: -0.13768267712018736 cm, past distances: [(-0.005847171119941387, False), (0, False), (0, False)]
2026-06-20 13:58:15,582 - mazeUtils.moveTile - [moveTile.py:528] - DEBUG - Direction: absDirection.NORTH, Angle: 0, Distance: 101.74727450693929 cm
2026-06-20 13:58:15,582 - mazeUtils.moveTile - [moveTile.py:552] - DEBUG - Front LiDAR distance: 101.74727450693929 cm, TSD10 distance: 65.5 cm
2026-06-20 13:58:15,583 - mazeUtils.moveTile - [moveTile.py:528] - DEBUG - Direction: absDirection.EAST, Angle: 270, Distance: 17.71740504910108 cm
2026-06-20 13:58:15,585 - mazeUtils.moveTile - [moveTile.py:528] - DEBUG - Direction: absDirection.SOUTH, Angle: 180, Distance: 80.11614201818855 cm
2026-06-20 13:58:15,586 - mazeUtils.moveTile - [moveTile.py:528] - DEBUG - Direction: absDirection.WEST, Angle: 90, Distance: 16.73360048591279 cm
2026-06-20 13:58:15,588 - mazeUtils.moveTile - [moveTile.py:1736] - INFO - Tile color detection counts: {}, decided tile type: E
2026-06-20 13:58:15,648 - __main__ - [main.py:87] - INFO - Current position: (20, 18, 0), front direction: absDirection.NORTH
Layer 0 (altitude=0.0cm, offset=(0.0cm, 0.0cm)):
Known map area: x=20..20, y=18..20
+   +
| @ |
+   +
| E |
+   +
| S |
+---+
mazeAsGraph[0][18][20] = {absDirection.NORTH: (20, 17, 0, 30), absDirection.EAST: None, absDirection.SOUTH: (20, 19, 0, 30), absDirection.WEST: None}
mazeAsGraph[0][19][20] = {absDirection.NORTH: (20, 18, 0, 30), absDirection.EAST: None, absDirection.SOUTH: (20, 20, 0, 30), absDirection.WEST: None}
mazeAsGraph[0][20][20] = {absDirection.NORTH: (20, 19, 0, 30), absDirection.EAST: None, absDirection.SOUTH: None, absDirection.WEST: None}
2026-06-20 13:58:15,657 - mazeUtils.mazeMap - [mazeMap.py:61] - INFO - next goal: (20, 17, 0)
2026-06-20 13:58:15,665 - mazeUtils.moveTile - [moveTile.py:79] - DEBUG - Moving to absDirection.NORTH from (20, 18, 0) facing absDirection.NORTH
2026-06-20 13:58:15,690 - mazeUtils.moveTile - [moveTile.py:79] - DEBUG - current heading: 358.88 target: 0
2026-06-20 13:58:15,713 - mazeUtils.moveTile - [moveTile.py:403] - DEBUG - stopped turning at heading: 358.88, diff: 1.1200000000000045
2026-06-20 13:58:15,778 - mazeUtils.moveTile - [moveTile.py:79] - DEBUG - Turned to heading: 359.35 deg
2026-06-20 13:58:16,002 - picamera2.picamera2 - [picamera2.py:1391] - DEBUG - Execute job: <picamera2.job.Job object at 0x7f767afd50>
2026-06-20 13:58:16,006 - mazeUtils.device.camera - [camera.py:39] - DEBUG - Average HSV: H=162.5, S=18.6, V=221.9
2026-06-20 13:58:16,030 - mazeUtils.moveTile - [moveTile.py:79] - DEBUG - roll: 359.78 deg, practicalMoveTime: 0.03781433839774009 sec
2026-06-20 13:58:16,031 - mazeUtils.moveTile - [moveTile.py:1400] - DEBUG - moveTile loop time: 36.5 ms
2026-06-20 13:58:16,036 - picamera2.picamera2 - [picamera2.py:1391] - DEBUG - Execute job: <picamera2.job.Job object at 0x7f88729150>
2026-06-20 13:58:16,039 - mazeUtils.device.camera - [camera.py:39] - DEBUG - Average HSV: H=162.3, S=18.5, V=221.9
2026-06-20 13:58:16,072 - mazeUtils.moveTile - [moveTile.py:79] - DEBUG - roll: 0.0 deg, practicalMoveTime: 0.07939859170889732 sec
2026-06-20 13:58:16,073 - mazeUtils.moveTile - [moveTile.py:1400] - DEBUG - moveTile loop time: 41.8 ms
2026-06-20 13:58:16,079 - picamera2.picamera2 - [picamera2.py:1391] - DEBUG - Execute job: <picamera2.job.Job object at 0x7f88729010>
2026-06-20 13:58:16,082 - mazeUtils.device.camera - [camera.py:39] - DEBUG - Average HSV: H=162.6, S=18.5, V=222.8
2026-06-20 13:58:16,109 - mazeUtils.moveTile - [moveTile.py:79] - DEBUG - roll: 359.0 deg, practicalMoveTime: 0.11592018527582287 sec
2026-06-20 13:58:16,110 - mazeUtils.moveTile - [moveTile.py:1400] - DEBUG - moveTile loop time: 36.9 ms
2026-06-20 13:58:16,116 - picamera2.picamera2 - [picamera2.py:1391] - DEBUG - Execute job: <picamera2.job.Job object at 0x7f88729150>
2026-06-20 13:58:16,120 - mazeUtils.device.camera - [camera.py:39] - DEBUG - Average HSV: H=164.0, S=19.4, V=221.6
2026-06-20 13:58:16,147 - mazeUtils.moveTile - [moveTile.py:79] - DEBUG - roll: 359.42999999999995 deg, practicalMoveTime: 0.15337651305049055 sec
2026-06-20 13:58:16,148 - mazeUtils.moveTile - [moveTile.py:1400] - DEBUG - moveTile loop time: 37.7 ms
2026-06-20 13:58:16,152 - picamera2.picamera2 - [picamera2.py:1391] - DEBUG - Execute job: <picamera2.job.Job object at 0x7f6c55f390>
2026-06-20 13:58:16,155 - mazeUtils.device.camera - [camera.py:39] - DEBUG - Average HSV: H=163.5, S=20.6, V=217.2
2026-06-20 13:58:16,185 - mazeUtils.moveTile - [moveTile.py:79] - DEBUG - roll: 359.53999999999996 deg, practicalMoveTime: 0.19028228122648916 sec
2026-06-20 13:58:16,185 - mazeUtils.moveTile - [moveTile.py:1400] - DEBUG - moveTile loop time: 37.1 ms
2026-06-20 13:58:16,193 - picamera2.picamera2 - [picamera2.py:1391] - DEBUG - Execute job: <picamera2.job.Job object at 0x7f6c574f10>
2026-06-20 13:58:16,197 - mazeUtils.device.camera - [camera.py:39] - DEBUG - Average HSV: H=161.1, S=22.4, V=213.7
2026-06-20 13:58:16,227 - mazeUtils.moveTile - [moveTile.py:79] - DEBUG - roll: 0.7799999999999727 deg, practicalMoveTime: 0.23237594884354726 sec
2026-06-20 13:58:16,228 - mazeUtils.moveTile - [moveTile.py:1400] - DEBUG - moveTile loop time: 42.3 ms
2026-06-20 13:58:16,234 - picamera2.picamera2 - [picamera2.py:1391] - DEBUG - Execute job: <picamera2.job.Job object at 0x7f6c574f50>
2026-06-20 13:58:16,237 - mazeUtils.device.camera - [camera.py:39] - DEBUG - Average HSV: H=156.7, S=20.1, V=214.2
2026-06-20 13:58:16,263 - mazeUtils.moveTile - [moveTile.py:79] - DEBUG - roll: 0.9199999999999591 deg, practicalMoveTime: 0.2678242212831173 sec
2026-06-20 13:58:16,264 - mazeUtils.moveTile - [moveTile.py:1400] - DEBUG - moveTile loop time: 35.7 ms
2026-06-20 13:58:16,271 - picamera2.picamera2 - [picamera2.py:1391] - DEBUG - Execute job: <picamera2.job.Job object at 0x7f6c574f10>
2026-06-20 13:58:16,274 - mazeUtils.device.camera - [camera.py:39] - DEBUG - Average HSV: H=154.9, S=19.5, V=213.4
2026-06-20 13:58:16,308 - mazeUtils.moveTile - [moveTile.py:79] - DEBUG - roll: 2.6399999999999864 deg, practicalMoveTime: 0.3119189029692407 sec
2026-06-20 13:58:16,308 - mazeUtils.moveTile - [moveTile.py:1400] - DEBUG - moveTile loop time: 44.6 ms
2026-06-20 13:58:16,313 - picamera2.picamera2 - [picamera2.py:1391] - DEBUG - Execute job: <picamera2.job.Job object at 0x7f6c55f250>
2026-06-20 13:58:16,316 - mazeUtils.device.camera - [camera.py:39] - DEBUG - Average HSV: H=154.1, S=19.4, V=213.6
2026-06-20 13:58:16,343 - mazeUtils.moveTile - [moveTile.py:79] - DEBUG - roll: 2.319999999999993 deg, practicalMoveTime: 0.34588904821150246 sec
2026-06-20 13:58:16,343 - mazeUtils.moveTile - [moveTile.py:1400] - DEBUG - moveTile loop time: 34.2 ms
2026-06-20 13:58:16,347 - picamera2.picamera2 - [picamera2.py:1391] - DEBUG - Execute job: <picamera2.job.Job object at 0x7f88729010>
2026-06-20 13:58:16,350 - mazeUtils.device.camera - [camera.py:39] - DEBUG - Average HSV: H=153.9, S=20.3, V=211.9
2026-06-20 13:58:16,380 - mazeUtils.moveTile - [moveTile.py:79] - DEBUG - roll: 1.8199999999999932 deg, practicalMoveTime: 0.38266419587627193 sec
2026-06-20 13:58:16,380 - mazeUtils.moveTile - [moveTile.py:1400] - DEBUG - moveTile loop time: 37.1 ms
2026-06-20 13:58:16,388 - picamera2.picamera2 - [picamera2.py:1391] - DEBUG - Execute job: <picamera2.job.Job object at 0x7f767ae950>
2026-06-20 13:58:16,391 - mazeUtils.device.camera - [camera.py:39] - DEBUG - Average HSV: H=154.1, S=20.2, V=211.8
2026-06-20 13:58:16,418 - mazeUtils.moveTile - [moveTile.py:79] - DEBUG - roll: 2.5499999999999545 deg, practicalMoveTime: 0.4199399939506248 sec
2026-06-20 13:58:16,418 - mazeUtils.moveTile - [moveTile.py:1400] - DEBUG - moveTile loop time: 37.6 ms
2026-06-20 13:58:16,424 - picamera2.picamera2 - [picamera2.py:1391] - DEBUG - Execute job: <picamera2.job.Job object at 0x7f8fb202d0>
2026-06-20 13:58:16,427 - mazeUtils.device.camera - [camera.py:39] - DEBUG - Average HSV: H=148.7, S=19.1, V=212.3
2026-06-20 13:58:16,454 - mazeUtils.moveTile - [moveTile.py:79] - DEBUG - roll: 2.3099999999999454 deg, practicalMoveTime: 0.4561437366999638 sec
2026-06-20 13:58:16,455 - mazeUtils.moveTile - [moveTile.py:1400] - DEBUG - moveTile loop time: 36.6 ms
2026-06-20 13:58:16,459 - picamera2.picamera2 - [picamera2.py:1391] - DEBUG - Execute job: <picamera2.job.Job object at 0x7f6c574f90>
2026-06-20 13:58:16,463 - mazeUtils.device.camera - [camera.py:39] - DEBUG - Average HSV: H=148.7, S=19.5, V=210.3
2026-06-20 13:58:16,490 - mazeUtils.moveTile - [moveTile.py:79] - DEBUG - roll: 2.569999999999993 deg, practicalMoveTime: 0.4910907555062943 sec
2026-06-20 13:58:16,490 - mazeUtils.moveTile - [moveTile.py:1400] - DEBUG - moveTile loop time: 35.2 ms
2026-06-20 13:58:16,497 - picamera2.picamera2 - [picamera2.py:1391] - DEBUG - Execute job: <picamera2.job.Job object at 0x7f8872a490>
2026-06-20 13:58:16,500 - mazeUtils.device.camera - [camera.py:39] - DEBUG - Average HSV: H=148.2, S=20.7, V=209.4
2026-06-20 13:58:16,531 - mazeUtils.moveTile - [moveTile.py:79] - DEBUG - roll: 2.849999999999966 deg, practicalMoveTime: 0.5318734847906843 sec
2026-06-20 13:58:16,532 - mazeUtils.moveTile - [moveTile.py:1400] - DEBUG - moveTile loop time: 41.3 ms
2026-06-20 13:58:16,537 - picamera2.picamera2 - [picamera2.py:1391] - DEBUG - Execute job: <picamera2.job.Job object at 0x7f767adbd0>
2026-06-20 13:58:16,540 - mazeUtils.device.camera - [camera.py:39] - DEBUG - Average HSV: H=147.6, S=22.3, V=207.9
2026-06-20 13:58:16,569 - mazeUtils.moveTile - [moveTile.py:79] - DEBUG - roll: 2.9499999999999886 deg, practicalMoveTime: 0.5684555733333799 sec
2026-06-20 13:58:16,569 - mazeUtils.moveTile - [moveTile.py:1400] - DEBUG - moveTile loop time: 36.9 ms
2026-06-20 13:58:16,574 - picamera2.picamera2 - [picamera2.py:1391] - DEBUG - Execute job: <picamera2.job.Job object at 0x7f767afd50>
2026-06-20 13:58:16,577 - mazeUtils.device.camera - [camera.py:39] - DEBUG - Average HSV: H=148.4, S=22.2, V=207.5
2026-06-20 13:58:16,604 - mazeUtils.moveTile - [moveTile.py:79] - DEBUG - roll: 1.6299999999999955 deg, practicalMoveTime: 0.6037446423867223 sec
2026-06-20 13:58:16,605 - mazeUtils.moveTile - [moveTile.py:1400] - DEBUG - moveTile loop time: 35.7 ms
2026-06-20 13:58:16,615 - picamera2.picamera2 - [picamera2.py:1391] - DEBUG - Execute job: <picamera2.job.Job object at 0x7f767adbd0>
2026-06-20 13:58:16,619 - mazeUtils.device.camera - [camera.py:39] - DEBUG - Average HSV: H=148.3, S=24.8, V=204.3
2026-06-20 13:58:16,647 - mazeUtils.moveTile - [moveTile.py:79] - DEBUG - roll: 1.5199999999999818 deg, practicalMoveTime: 0.6460175889632694 sec
2026-06-20 13:58:16,648 - mazeUtils.moveTile - [moveTile.py:1400] - DEBUG - moveTile loop time: 42.7 ms
2026-06-20 13:58:16,653 - picamera2.picamera2 - [picamera2.py:1391] - DEBUG - Execute job: <picamera2.job.Job object at 0x7f8fb202d0>
2026-06-20 13:58:16,656 - mazeUtils.device.camera - [camera.py:39] - DEBUG - Average HSV: H=149.2, S=26.4, V=198.7
2026-06-20 13:58:16,683 - mazeUtils.moveTile - [moveTile.py:79] - DEBUG - roll: 1.25 deg, practicalMoveTime: 0.6812319756816977 sec
2026-06-20 13:58:16,684 - mazeUtils.moveTile - [moveTile.py:1400] - DEBUG - moveTile loop time: 35.9 ms
2026-06-20 13:58:16,688 - picamera2.picamera2 - [picamera2.py:1391] - DEBUG - Execute job: <picamera2.job.Job object at 0x7f88728d50>
2026-06-20 13:58:16,692 - mazeUtils.device.camera - [camera.py:39] - DEBUG - Average HSV: H=145.3, S=25.9, V=204.1
2026-06-20 13:58:16,725 - mazeUtils.moveTile - [moveTile.py:79] - DEBUG - roll: 0.5399999999999636 deg, practicalMoveTime: 0.7224744123218564 sec
2026-06-20 13:58:16,726 - mazeUtils.moveTile - [moveTile.py:1400] - DEBUG - moveTile loop time: 41.3 ms
2026-06-20 13:58:16,730 - picamera2.picamera2 - [picamera2.py:1391] - DEBUG - Execute job: <picamera2.job.Job object at 0x7f88729150>
2026-06-20 13:58:16,734 - mazeUtils.device.camera - [camera.py:39] - DEBUG - Average HSV: H=144.5, S=26.4, V=203.8
2026-06-20 13:58:16,764 - mazeUtils.moveTile - [moveTile.py:79] - DEBUG - roll: 1.1899999999999977 deg, practicalMoveTime: 0.7603912377444249 sec
2026-06-20 13:58:16,764 - mazeUtils.moveTile - [moveTile.py:1400] - DEBUG - moveTile loop time: 38.0 ms
2026-06-20 13:58:16,771 - picamera2.picamera2 - [picamera2.py:1391] - DEBUG - Execute job: <picamera2.job.Job object at 0x7f6c574f50>
2026-06-20 13:58:16,776 - mazeUtils.device.camera - [camera.py:39] - DEBUG - Average HSV: H=142.8, S=30.2, V=199.1
2026-06-20 13:58:16,807 - mazeUtils.moveTile - [moveTile.py:79] - DEBUG - roll: 0.23999999999995225 deg, practicalMoveTime: 0.803452831627517 sec
2026-06-20 13:58:16,808 - mazeUtils.moveTile - [moveTile.py:1400] - DEBUG - moveTile loop time: 43.3 ms
2026-06-20 13:58:16,816 - picamera2.picamera2 - [picamera2.py:1391] - DEBUG - Execute job: <picamera2.job.Job object at 0x7f6c574f50>
2026-06-20 13:58:16,820 - mazeUtils.device.camera - [camera.py:39] - DEBUG - Average HSV: H=141.4, S=31.8, V=196.9
2026-06-20 13:58:16,855 - mazeUtils.moveTile - [moveTile.py:1345] - INFO - practicalVerticalMove: 0.642160280563252 CM
2026-06-20 13:58:16,899 - mazeUtils.moveTile - [moveTile.py:1606] - INFO - Set moved vertical distance: 0.642160280563252 cm, past distances: [(-0.13768267712018736, False), (-0.005847171119941387, False), (0, False)]
2026-06-20 13:58:16,973 - mazeUtils.moveTile - [moveTile.py:528] - DEBUG - Direction: absDirection.NORTH, Angle: 0, Distance: 46.32016740337632 cm
2026-06-20 13:58:16,974 - mazeUtils.moveTile - [moveTile.py:552] - DEBUG - Front LiDAR distance: 46.32016740337632 cm, TSD10 distance: 33.8 cm
2026-06-20 13:58:16,975 - mazeUtils.moveTile - [moveTile.py:528] - DEBUG - Direction: absDirection.EAST, Angle: 270, Distance: 17.329026169693023 cm
2026-06-20 13:58:16,975 - mazeUtils.moveTile - [moveTile.py:528] - DEBUG - Direction: absDirection.SOUTH, Angle: 180, Distance: 110.31698512043498 cm
2026-06-20 13:58:16,976 - mazeUtils.moveTile - [moveTile.py:528] - DEBUG - Direction: absDirection.WEST, Angle: 90, Distance: 17.32702384593506 cm
2026-06-20 13:58:16,978 - mazeUtils.moveTile - [moveTile.py:1736] - INFO - Tile color detection counts: {}, decided tile type: E
2026-06-20 13:58:17,041 - __main__ - [main.py:87] - INFO - Current position: (20, 17, 0), front direction: absDirection.NORTH
Layer 0 (altitude=0.0cm, offset=(0.0cm, 0.0cm)):
Known map area: x=20..20, y=17..20
+   +
| @ |
+   +
| E |
+   +
| E |
+   +
| S |
+---+
mazeAsGraph[0][17][20] = {absDirection.NORTH: (20, 16, 0, 30), absDirection.EAST: None, absDirection.SOUTH: (20, 18, 0, 30), absDirection.WEST: None}
mazeAsGraph[0][18][20] = {absDirection.NORTH: (20, 17, 0, 30), absDirection.EAST: None, absDirection.SOUTH: (20, 19, 0, 30), absDirection.WEST: None}
mazeAsGraph[0][19][20] = {absDirection.NORTH: (20, 18, 0, 30), absDirection.EAST: None, absDirection.SOUTH: (20, 20, 0, 30), absDirection.WEST: None}
mazeAsGraph[0][20][20] = {absDirection.NORTH: (20, 19, 0, 30), absDirection.EAST: None, absDirection.SOUTH: None, absDirection.WEST: None}
2026-06-20 13:58:17,045 - mazeUtils.mazeMap - [mazeMap.py:61] - INFO - next goal: (20, 16, 0)
2026-06-20 13:58:17,054 - mazeUtils.moveTile - [moveTile.py:79] - DEBUG - Moving to absDirection.NORTH from (20, 17, 0) facing absDirection.NORTH
2026-06-20 13:58:17,087 - mazeUtils.moveTile - [moveTile.py:79] - DEBUG - current heading: 359.02000000000004 target: 0
2026-06-20 13:58:17,106 - mazeUtils.moveTile - [moveTile.py:403] - DEBUG - stopped turning at heading: 359.02000000000004, diff: 0.9799999999999613
2026-06-20 13:58:17,161 - mazeUtils.moveTile - [moveTile.py:79] - DEBUG - Turned to heading: 359.40000000000003 deg
2026-06-20 13:58:17,395 - picamera2.picamera2 - [picamera2.py:1391] - DEBUG - Execute job: <picamera2.job.Job object at 0x7f6c543710>
2026-06-20 13:58:17,398 - mazeUtils.device.camera - [camera.py:39] - DEBUG - Average HSV: H=140.4, S=37.9, V=183.4
2026-06-20 13:58:17,426 - mazeUtils.moveTile - [moveTile.py:79] - DEBUG - roll: 0.37999999999999545 deg, practicalMoveTime: 0.03949269219739998 sec
2026-06-20 13:58:17,427 - mazeUtils.moveTile - [moveTile.py:1400] - DEBUG - moveTile loop time: 38.2 ms
2026-06-20 13:58:17,432 - picamera2.picamera2 - [picamera2.py:1391] - DEBUG - Execute job: <picamera2.job.Job object at 0x7f88733450>
2026-06-20 13:58:17,435 - mazeUtils.device.camera - [camera.py:39] - DEBUG - Average HSV: H=140.6, S=38.3, V=181.7
2026-06-20 13:58:17,463 - mazeUtils.moveTile - [moveTile.py:79] - DEBUG - roll: 0.14999999999997726 deg, practicalMoveTime: 0.07620473603406672 sec
2026-06-20 13:58:17,464 - mazeUtils.moveTile - [moveTile.py:1400] - DEBUG - moveTile loop time: 36.9 ms
2026-06-20 13:58:17,468 - picamera2.picamera2 - [picamera2.py:1391] - DEBUG - Execute job: <picamera2.job.Job object at 0x7f88733010>
2026-06-20 13:58:17,471 - mazeUtils.device.camera - [camera.py:39] - DEBUG - Average HSV: H=140.3, S=37.6, V=185.0
2026-06-20 13:58:17,498 - mazeUtils.moveTile - [moveTile.py:79] - DEBUG - roll: 0.17999999999994998 deg, practicalMoveTime: 0.1103477770016176 sec
2026-06-20 13:58:17,498 - mazeUtils.moveTile - [moveTile.py:1400] - DEBUG - moveTile loop time: 34.4 ms
2026-06-20 13:58:17,509 - picamera2.picamera2 - [picamera2.py:1391] - DEBUG - Execute job: <picamera2.job.Job object at 0x7f6c5437d0>
2026-06-20 13:58:17,512 - mazeUtils.device.camera - [camera.py:39] - DEBUG - Average HSV: H=141.4, S=39.6, V=180.3
2026-06-20 13:58:17,542 - mazeUtils.moveTile - [moveTile.py:79] - DEBUG - roll: 0.18999999999999773 deg, practicalMoveTime: 0.15371468600000135 sec
2026-06-20 13:58:17,542 - mazeUtils.moveTile - [moveTile.py:1400] - DEBUG - moveTile loop time: 43.8 ms
2026-06-20 13:58:17,548 - picamera2.picamera2 - [picamera2.py:1391] - DEBUG - Execute job: <picamera2.job.Job object at 0x7f88731790>
2026-06-20 13:58:17,551 - mazeUtils.device.camera - [camera.py:39] - DEBUG - Average HSV: H=141.2, S=40.1, V=178.1
2026-06-20 13:58:17,578 - mazeUtils.moveTile - [moveTile.py:79] - DEBUG - roll: 359.77 deg, practicalMoveTime: 0.18926833172764698 sec
2026-06-20 13:58:17,579 - mazeUtils.moveTile - [moveTile.py:1400] - DEBUG - moveTile loop time: 35.6 ms
2026-06-20 13:58:17,589 - picamera2.picamera2 - [picamera2.py:1391] - DEBUG - Execute job: <picamera2.job.Job object at 0x7f88733010>
2026-06-20 13:58:17,592 - mazeUtils.device.camera - [camera.py:39] - DEBUG - Average HSV: H=142.2, S=42.5, V=168.5
2026-06-20 13:58:17,623 - mazeUtils.moveTile - [moveTile.py:79] - DEBUG - roll: 359.67999999999995 deg, practicalMoveTime: 0.23343015477827425 sec
2026-06-20 13:58:17,623 - mazeUtils.moveTile - [moveTile.py:1400] - DEBUG - moveTile loop time: 44.4 ms
2026-06-20 13:58:17,627 - picamera2.picamera2 - [picamera2.py:1391] - DEBUG - Execute job: <picamera2.job.Job object at 0x7f6c574f10>
2026-06-20 13:58:17,630 - mazeUtils.device.camera - [camera.py:39] - DEBUG - Average HSV: H=142.9, S=42.9, V=163.8
2026-06-20 13:58:17,658 - mazeUtils.moveTile - [moveTile.py:79] - DEBUG - roll: 0.8199999999999932 deg, practicalMoveTime: 0.2678094537414499 sec
2026-06-20 13:58:17,658 - mazeUtils.moveTile - [moveTile.py:1400] - DEBUG - moveTile loop time: 34.7 ms
2026-06-20 13:58:17,662 - picamera2.picamera2 - [picamera2.py:1391] - DEBUG - Execute job: <picamera2.job.Job object at 0x7f88733010>
2026-06-20 13:58:17,665 - mazeUtils.device.camera - [camera.py:39] - DEBUG - Average HSV: H=143.1, S=41.7, V=165.3
2026-06-20 13:58:17,699 - mazeUtils.moveTile - [moveTile.py:79] - DEBUG - roll: 359.66999999999996 deg, practicalMoveTime: 0.3085774008899211 sec
2026-06-20 13:58:17,699 - mazeUtils.moveTile - [moveTile.py:1400] - DEBUG - moveTile loop time: 41.0 ms
2026-06-20 13:58:17,704 - picamera2.picamera2 - [picamera2.py:1391] - DEBUG - Execute job: <picamera2.job.Job object at 0x7f6c574f10>
2026-06-20 13:58:17,707 - mazeUtils.device.camera - [camera.py:39] - DEBUG - Average HSV: H=144.7, S=42.7, V=158.4
2026-06-20 13:58:17,737 - mazeUtils.moveTile - [moveTile.py:79] - DEBUG - roll: 0.7699999999999818 deg, practicalMoveTime: 0.34654928290462156 sec
2026-06-20 13:58:17,738 - mazeUtils.moveTile - [moveTile.py:1400] - DEBUG - moveTile loop time: 38.4 ms
2026-06-20 13:58:17,743 - picamera2.picamera2 - [picamera2.py:1391] - DEBUG - Execute job: <picamera2.job.Job object at 0x7f88730410>
2026-06-20 13:58:17,746 - mazeUtils.device.camera - [camera.py:39] - DEBUG - Average HSV: H=146.1, S=45.3, V=152.7
2026-06-20 13:58:17,777 - mazeUtils.moveTile - [moveTile.py:79] - DEBUG - roll: 359.90999999999997 deg, practicalMoveTime: 0.3858735179900947 sec
2026-06-20 13:58:17,778 - mazeUtils.moveTile - [moveTile.py:1400] - DEBUG - moveTile loop time: 39.7 ms
2026-06-20 13:58:17,783 - picamera2.picamera2 - [picamera2.py:1391] - DEBUG - Execute job: <picamera2.job.Job object at 0x7f88733450>
2026-06-20 13:58:17,786 - mazeUtils.device.camera - [camera.py:39] - DEBUG - Average HSV: H=141.5, S=46.5, V=157.3
2026-06-20 13:58:17,813 - mazeUtils.moveTile - [moveTile.py:79] - DEBUG - roll: 359.84999999999997 deg, practicalMoveTime: 0.42101105092615393 sec
2026-06-20 13:58:17,814 - mazeUtils.moveTile - [moveTile.py:1400] - DEBUG - moveTile loop time: 35.4 ms
2026-06-20 13:58:17,820 - picamera2.picamera2 - [picamera2.py:1391] - DEBUG - Execute job: <picamera2.job.Job object at 0x7f6c543810>
2026-06-20 13:58:17,823 - mazeUtils.device.camera - [camera.py:39] - DEBUG - Average HSV: H=139.0, S=50.6, V=155.6
2026-06-20 13:58:17,852 - mazeUtils.moveTile - [moveTile.py:79] - DEBUG - roll: 1.0699999999999932 deg, practicalMoveTime: 0.45954397870142577 sec
2026-06-20 13:58:17,853 - mazeUtils.moveTile - [moveTile.py:1400] - DEBUG - moveTile loop time: 38.8 ms
2026-06-20 13:58:17,858 - picamera2.picamera2 - [picamera2.py:1391] - DEBUG - Execute job: <picamera2.job.Job object at 0x7f88732f90>
2026-06-20 13:58:17,861 - mazeUtils.device.camera - [camera.py:39] - DEBUG - Average HSV: H=138.5, S=53.3, V=156.1
2026-06-20 13:58:17,889 - mazeUtils.moveTile - [moveTile.py:79] - DEBUG - roll: 359.92999999999995 deg, practicalMoveTime: 0.4958009802220609 sec
2026-06-20 13:58:17,889 - mazeUtils.moveTile - [moveTile.py:1400] - DEBUG - moveTile loop time: 36.5 ms
2026-06-20 13:58:17,896 - picamera2.picamera2 - [picamera2.py:1391] - DEBUG - Execute job: <picamera2.job.Job object at 0x7f6c543710>
2026-06-20 13:58:17,899 - mazeUtils.device.camera - [camera.py:39] - DEBUG - Average HSV: H=137.0, S=55.2, V=156.2
2026-06-20 13:58:17,930 - mazeUtils.moveTile - [moveTile.py:79] - DEBUG - roll: 0.9599999999999795 deg, practicalMoveTime: 0.5359176190667986 sec
2026-06-20 13:58:17,930 - mazeUtils.moveTile - [moveTile.py:1400] - DEBUG - moveTile loop time: 40.4 ms
2026-06-20 13:58:17,935 - picamera2.picamera2 - [picamera2.py:1391] - DEBUG - Execute job: <picamera2.job.Job object at 0x7f6c574f10>
2026-06-20 13:58:17,938 - mazeUtils.device.camera - [camera.py:39] - DEBUG - Average HSV: H=136.0, S=57.0, V=154.7
2026-06-20 13:58:17,974 - mazeUtils.moveTile - [moveTile.py:79] - DEBUG - roll: 0.9499999999999886 deg, practicalMoveTime: 0.5799284067857351 sec
2026-06-20 13:58:17,975 - mazeUtils.moveTile - [moveTile.py:1400] - DEBUG - moveTile loop time: 44.5 ms
2026-06-20 13:58:17,981 - picamera2.picamera2 - [picamera2.py:1391] - DEBUG - Execute job: <picamera2.job.Job object at 0x7f6c5437d0>
2026-06-20 13:58:17,985 - mazeUtils.device.camera - [camera.py:39] - DEBUG - Average HSV: H=132.7, S=61.7, V=158.9
2026-06-20 13:58:18,012 - mazeUtils.moveTile - [moveTile.py:79] - DEBUG - roll: 359.73999999999995 deg, practicalMoveTime: 0.6174536742587962 sec
2026-06-20 13:58:18,013 - mazeUtils.moveTile - [moveTile.py:1400] - DEBUG - moveTile loop time: 37.4 ms
2026-06-20 13:58:18,017 - picamera2.picamera2 - [picamera2.py:1391] - DEBUG - Execute job: <picamera2.job.Job object at 0x7f6c574f10>
2026-06-20 13:58:18,020 - mazeUtils.device.camera - [camera.py:39] - DEBUG - Average HSV: H=132.3, S=63.5, V=159.1
2026-06-20 13:58:18,065 - mazeUtils.moveTile - [moveTile.py:79] - DEBUG - roll: 1.6199999999999477 deg, practicalMoveTime: 0.6697215455128388 sec
2026-06-20 13:58:18,066 - mazeUtils.moveTile - [moveTile.py:1400] - DEBUG - moveTile loop time: 52.5 ms
2026-06-20 13:58:18,070 - picamera2.picamera2 - [picamera2.py:1391] - DEBUG - Execute job: <picamera2.job.Job object at 0x7f6c543710>
2026-06-20 13:58:18,073 - mazeUtils.device.camera - [camera.py:39] - DEBUG - Average HSV: H=130.7, S=71.0, V=160.4
2026-06-20 13:58:18,102 - mazeUtils.moveTile - [moveTile.py:79] - DEBUG - roll: 1.099999999999966 deg, practicalMoveTime: 0.7061301731235994 sec
2026-06-20 13:58:18,103 - mazeUtils.moveTile - [moveTile.py:1400] - DEBUG - moveTile loop time: 36.6 ms
2026-06-20 13:58:18,114 - picamera2.picamera2 - [picamera2.py:1391] - DEBUG - Execute job: <picamera2.job.Job object at 0x7f6c5437d0>
2026-06-20 13:58:18,117 - mazeUtils.device.camera - [camera.py:39] - DEBUG - Average HSV: H=131.4, S=72.6, V=158.4
2026-06-20 13:58:18,146 - mazeUtils.moveTile - [moveTile.py:79] - DEBUG - roll: 0.20999999999997954 deg, practicalMoveTime: 0.749665113249808 sec
2026-06-20 13:58:18,147 - mazeUtils.moveTile - [moveTile.py:1400] - DEBUG - moveTile loop time: 43.8 ms
2026-06-20 13:58:18,152 - picamera2.picamera2 - [picamera2.py:1391] - DEBUG - Execute job: <picamera2.job.Job object at 0x7f88730cd0>
2026-06-20 13:58:18,155 - mazeUtils.device.camera - [camera.py:39] - DEBUG - Average HSV: H=129.9, S=74.6, V=166.3
2026-06-20 13:58:18,185 - mazeUtils.moveTile - [moveTile.py:79] - DEBUG - roll: 359.82 deg, practicalMoveTime: 0.7883261639957572 sec
2026-06-20 13:58:18,186 - mazeUtils.moveTile - [moveTile.py:1400] - DEBUG - moveTile loop time: 38.9 ms
2026-06-20 13:58:18,194 - picamera2.picamera2 - [picamera2.py:1391] - DEBUG - Execute job: <picamera2.job.Job object at 0x7f88733d50>
2026-06-20 13:58:18,197 - mazeUtils.device.camera - [camera.py:39] - DEBUG - Average HSV: H=128.1, S=79.2, V=169.4
2026-06-20 13:58:18,226 - mazeUtils.moveTile - [moveTile.py:79] - DEBUG - roll: 1.6199999999999477 deg, practicalMoveTime: 0.8286635716017257 sec
2026-06-20 13:58:18,227 - mazeUtils.moveTile - [moveTile.py:1400] - DEBUG - moveTile loop time: 40.5 ms
2026-06-20 13:58:18,233 - picamera2.picamera2 - [picamera2.py:1391] - DEBUG - Execute job: <picamera2.job.Job object at 0x7f88731250>
2026-06-20 13:58:18,236 - mazeUtils.device.camera - [camera.py:39] - DEBUG - Average HSV: H=127.0, S=85.7, V=160.5
2026-06-20 13:58:18,266 - mazeUtils.moveTile - [moveTile.py:1345] - INFO - practicalVerticalMove: 0.2286349676123193 CM
2026-06-20 13:58:18,311 - mazeUtils.moveTile - [moveTile.py:79] - DEBUG - Little forward to adjust position
2026-06-20 13:58:18,357 - __main__ - [main.py:147] - INFO - Program interrupted by user.
2026-06-20 13:58:19,938 - picamera2.picamera2 - [picamera2.py:1391] - DEBUG - Execute job: <picamera2.job.Job object at 0x7f9c0e7650>
2026-06-20 13:58:19,953 - picamera2.picamera2 - [picamera2.py:1323] - INFO - Camera stopped
2026-06-20 13:58:20,155 - picamera2.picamera2 - [picamera2.py:1329] - DEBUG - Camera was not started
2026-06-20 13:58:20,357 - picamera2.picamera2 - [picamera2.py:723] - INFO - Camera closed successfully.
2026-06-20 13:58:20,536 - picamera2.picamera2 - [picamera2.py:500] - DEBUG - Resources now free: <picamera2.picamera2.Picamera2 object at 0x7f886b1b50>
