2026-06-18 01:13:56,394 - root - [logging_config.py:61] - INFO - Logging initialized. Log file: /home/tuton/Kanto2026RPi/src/config/../logs/robot_20260618_011355.log
2026-06-18 01:13:58,393 - mazeUtils.device.LiDAR - [LiDAR.py:36] - INFO - Available ports: <ydlidar.Str2strMap; proxy of <Swig Object of type 'std::map< std::string,std::string > *' at 0x7f912b7ed0> >
2026-06-18 01:14:02,333 - mazeUtils.moveTile - [moveTile.py:527] - DEBUG - Direction: absDirection.NORTH, Angle: 0, Distance: 165.51462036851225 cm
2026-06-18 01:14:02,333 - mazeUtils.moveTile - [moveTile.py:550] - DEBUG - Front LiDAR distance: 165.51462036851225 cm, TSD10 distance: 99.4 cm
2026-06-18 01:14:02,334 - mazeUtils.moveTile - [moveTile.py:527] - DEBUG - Direction: absDirection.EAST, Angle: 270, Distance: 17.73076648517652 cm
2026-06-18 01:14:02,335 - mazeUtils.moveTile - [moveTile.py:527] - DEBUG - Direction: absDirection.SOUTH, Angle: 180, Distance: 16.390844342245487 cm
2026-06-18 01:14:02,337 - mazeUtils.moveTile - [moveTile.py:527] - DEBUG - Direction: absDirection.WEST, Angle: 90, Distance: 16.219148771889667 cm
2026-06-18 01:14:02,337 - __main__ - [main.py:69] - INFO - Initial Map:
2026-06-18 01:14:02,353 - __main__ - [main.py:70] - INFO - Current position: (20, 20, 0), front direction: absDirection.NORTH
Layer 0 (altitude=0.0cm, offset=(0.0cm, 0.0cm)):
Known map area: x=20..20, y=20..20
+   +
| @ |
+---+
mazeAsGraph[0][20][20] = {absDirection.NORTH: (20, 19, 0, 30), absDirection.EAST: None, absDirection.SOUTH: None, absDirection.WEST: None}
2026-06-18 01:14:02,354 - mazeUtils.mazeMap - [mazeMap.py:61] - INFO - next goal: (20, 19, 0)
2026-06-18 01:14:02,355 - __main__ - [main.py:73] - INFO - Next Direction: [<absDirection.NORTH: 0>]
2026-06-18 01:14:02,355 - __main__ - [main.py:74] - INFO - Exploration started.
2026-06-18 01:14:02,356 - mazeUtils.moveTile - [moveTile.py:88] - DEBUG - [2816.645498] moveTile start direction=absDirection.NORTH position=(20, 20, 0) front=absDirection.NORTH
2026-06-18 01:14:02,361 - mazeUtils.moveTile - [moveTile.py:90] - DEBUG - [2816.650910] moveTile after initial toggle check (+5.4 ms)
2026-06-18 01:14:02,364 - mazeUtils.moveTile - [moveTile.py:90] - DEBUG - [2816.653253] moveTile after tile checks isRedTile=False isUnknownTileAhead=True (+2.3 ms)
2026-06-18 01:14:02,364 - mazeUtils.moveTile - [moveTile.py:79] - DEBUG - Moving to absDirection.NORTH from (20, 20, 0) facing absDirection.NORTH
2026-06-18 01:14:02,364 - mazeUtils.moveTile - [moveTile.py:90] - DEBUG - [2816.653827] moveTile updated front direction (+0.6 ms)
2026-06-18 01:14:02,397 - mazeUtils.moveTile - [moveTile.py:90] - DEBUG - [2816.686620] moveTile acquired initial LiDAR scan (+32.8 ms)
2026-06-18 01:14:02,437 - mazeUtils.moveTile - [moveTile.py:90] - DEBUG - [2816.726945] moveTile stopped motors before alignment (+40.3 ms)
2026-06-18 01:14:02,500 - mazeUtils.moveTile - [moveTile.py:90] - DEBUG - [2816.789102] moveTile start backward adjustment behind_wall_dist=16.203938529918485 (+62.2 ms)
2026-06-18 01:14:02,541 - mazeUtils.moveTile - [moveTile.py:79] - DEBUG - Little backward to adjust position
2026-06-18 01:14:02,896 - mazeUtils.moveTile - [moveTile.py:90] - DEBUG - [2817.185288] moveTile finished backward adjustment (+396.2 ms)
2026-06-18 01:14:02,937 - mazeUtils.moveTile - [moveTile.py:90] - DEBUG - [2817.226606] moveTile ready for forward move (+41.3 ms)
2026-06-18 01:14:02,981 - mazeUtils.moveTile - [moveTile.py:90] - DEBUG - [2817.270959] moveTile initialized movement targetSteps=1 (+44.4 ms)
2026-06-18 01:14:02,982 - __main__ - [main.py:150] - ERROR - An unexpected error occurred:
Traceback (most recent call last):
  File "/home/tuton/Kanto2026RPi/./src/main.py", line 84, in main
    isBlack, stopped = moveTile.moveNextTile(
                       ^^^^^^^^^^^^^^^^^^^^^^
  File "/home/tuton/Kanto2026RPi/src/mazeUtils/moveTile.py", line 1650, in moveNextTile
    isBlack, stopped = moveTile(direction, mapInstance, stmInstance, lidar)
                       ^^^^^^^^^^^^^^^^^^^^^^^^^^^^^^^^^^^^^^^^^^^^^^^^^^^^
  File "/home/tuton/Kanto2026RPi/src/mazeUtils/moveTile.py", line 1118, in moveTile
    isWallAhead = {
                  ^
  File "/home/tuton/Kanto2026RPi/src/mazeUtils/moveTile.py", line 1119, in <dictcomp>
    s: LiDAR.isWallAheadTile(points, s)
                             ^^^^^^
NameError: name 'points' is not defined
2026-06-18 01:14:04,609 - picamera2.picamera2 - [picamera2.py:1391] - DEBUG - Execute job: <picamera2.job.Job object at 0x7f912a7090>
2026-06-18 01:14:04,632 - picamera2.picamera2 - [picamera2.py:1323] - INFO - Camera stopped
2026-06-18 01:14:04,834 - picamera2.picamera2 - [picamera2.py:1329] - DEBUG - Camera was not started
2026-06-18 01:14:05,031 - picamera2.picamera2 - [picamera2.py:723] - INFO - Camera closed successfully.
2026-06-18 01:14:05,109 - picamera2.picamera2 - [picamera2.py:500] - DEBUG - Resources now free: <picamera2.picamera2.Picamera2 object at 0x7f848a4690>
