2026-07-03 15:57:49,925 - root - [logging_config.py:61] - INFO - Logging initialized. Log file: /home/tuton/Kanto2026RPi/src/config/../logs/robot_20260703_155737.log
2026-07-03 15:57:51,810 - mazeUtils.device.LiDAR - [LiDAR.py:80] - INFO - Available ports: <ydlidar.Str2strMap; proxy of <Swig Object of type 'std::map< std::string,std::string > *' at 0x7f9058a460> >
2026-07-03 15:57:56,195 - mazeUtils.moveTile - [moveTile.py:574] - DEBUG - overwrite the wall data
2026-07-03 15:57:56,221 - mazeUtils.moveTile - [moveTile.py:588] - DEBUG - Direction: absDirection.NORTH, Angle: 0, Distance: 119.15557842981524 cm
2026-07-03 15:57:56,223 - mazeUtils.moveTile - [moveTile.py:598] - INFO - angle: 0, result: judgeWallResult.NO_WALL
2026-07-03 15:57:56,224 - mazeUtils.moveTile - [moveTile.py:588] - DEBUG - Direction: absDirection.EAST, Angle: 270, Distance: 236.61389864736842 cm
2026-07-03 15:57:56,226 - mazeUtils.moveTile - [moveTile.py:588] - DEBUG - Direction: absDirection.SOUTH, Angle: 180, Distance: 393.6600406630243 cm
2026-07-03 15:57:56,227 - mazeUtils.moveTile - [moveTile.py:588] - DEBUG - Direction: absDirection.WEST, Angle: 90, Distance: 200.44146809462072 cm
2026-07-03 15:57:56,228 - __main__ - [main.py:78] - INFO - Initial Map:
2026-07-03 15:57:56,248 - __main__ - [main.py:79] - INFO - Current position: (20, 20, 0), front direction: absDirection.NORTH
Layer 0 (altitude=0.0cm, offset=(0.0cm, 0.0cm)):
Known map area: x=20..20, y=20..20
+   +
  @  
+   +
2026-07-03 15:57:57,193 - mazeUtils.mazeMap - [mazeMap.py:61] - INFO - next goal: (20, 19, 0)
2026-07-03 15:57:57,194 - __main__ - [main.py:85] - INFO - Next Direction: [<absDirection.NORTH: 0>]
2026-07-03 15:57:57,195 - __main__ - [main.py:86] - INFO - Exploration started.
2026-07-03 15:57:57,196 - mazeUtils.mazeMap - [mazeMap.py:61] - INFO - next goal: (20, 20, 0)
2026-07-03 15:57:57,197 - mazeUtils.moveTile - [moveTile.py:88] - DEBUG - [33.162301] moveTile start direction=absDirection.NORTH position=(20, 20, 0) front=absDirection.NORTH
2026-07-03 15:57:57,247 - mazeUtils.moveTile - [moveTile.py:2763] - INFO - (None, None)
2026-07-03 15:57:57,299 - __main__ - [main.py:119] - INFO - Current position: (20, 20, 0), front direction: absDirection.NORTH
Layer 0 (altitude=0.0cm, offset=(0.0cm, 0.0cm)):
Known map area: x=20..20, y=20..20
+   +
  @  
+   +
2026-07-03 16:22:14,657 - mazeUtils.device.stm - [stm.py:134] - ERROR - Timeout while searching valid frame: elapsed=1421.113s timeout=0.500s seq=186 buffered=0B dropped=0B tail=
2026-07-03 16:22:14,660 - mazeUtils.device.stm - [stm.py:709] - ERROR - update failed: requestSensorValues returned None
