2026-06-21 02:36:26,941 - root - [logging_config.py:61] - INFO - Logging initialized. Log file: /home/tuton/Kanto2026RPi/src/config/../logs/robot_20260621_023626.log
2026-06-21 02:36:31,263 - mazeUtils.device.LiDAR - [LiDAR.py:36] - INFO - Available ports: <ydlidar.Str2strMap; proxy of <Swig Object of type 'std::map< std::string,std::string > *' at 0x7fa01c7ed0> >
2026-06-21 02:36:35,232 - mazeUtils.moveTile - [moveTile.py:529] - DEBUG - Direction: absDirection.NORTH, Angle: 0, Distance: 46.925199239690045 cm
2026-06-21 02:36:35,233 - mazeUtils.moveTile - [moveTile.py:553] - DEBUG - Front LiDAR distance: 46.925199239690045 cm, TSD10 distance: 36.4 cm
2026-06-21 02:36:35,234 - mazeUtils.moveTile - [moveTile.py:529] - DEBUG - Direction: absDirection.EAST, Angle: 270, Distance: 47.10550571590376 cm
2026-06-21 02:36:35,235 - mazeUtils.moveTile - [moveTile.py:529] - DEBUG - Direction: absDirection.SOUTH, Angle: 180, Distance: 108.15518803691208 cm
2026-06-21 02:36:35,236 - mazeUtils.moveTile - [moveTile.py:529] - DEBUG - Direction: absDirection.WEST, Angle: 90, Distance: 18.15578784385288 cm
2026-06-21 02:36:35,237 - __main__ - [main.py:69] - INFO - Initial Map:
2026-06-21 02:36:35,252 - __main__ - [main.py:70] - INFO - Current position: (20, 20, 0), front direction: absDirection.NORTH
Layer 0 (altitude=0.0cm, offset=(0.0cm, 0.0cm)):
Known map area: x=20..20, y=20..20
+   +
| @  
+   +
mazeAsGraph[0][20][20] = {absDirection.NORTH: (20, 19, 0, 30), absDirection.EAST: (21, 20, 0, 30), absDirection.SOUTH: (20, 21, 0, 30), absDirection.WEST: None}
2026-06-21 02:36:35,253 - mazeUtils.mazeMap - [mazeMap.py:61] - INFO - next goal: (20, 19, 0)
2026-06-21 02:36:35,254 - __main__ - [main.py:73] - INFO - Next Direction: [<absDirection.NORTH: 0>]
2026-06-21 02:36:35,255 - __main__ - [main.py:74] - INFO - Exploration started.
2026-06-21 02:36:35,261 - mazeUtils.moveTile - [moveTile.py:79] - DEBUG - Moving to absDirection.NORTH from (20, 20, 0) facing absDirection.NORTH
2026-06-21 02:36:35,287 - mazeUtils.moveTile - [moveTile.py:79] - DEBUG - current heading: 359.97 target: 0
2026-06-21 02:36:35,306 - mazeUtils.moveTile - [moveTile.py:404] - DEBUG - stopped turning at heading: 359.97, diff: 0.029999999999972715
2026-06-21 02:36:35,349 - mazeUtils.moveTile - [moveTile.py:79] - DEBUG - Turned to heading: 359.97 deg
2026-06-21 02:36:35,507 - picamera2.picamera2 - [picamera2.py:1391] - DEBUG - Execute job: <picamera2.job.Job object at 0x7f89ba6110>
2026-06-21 02:36:35,514 - mazeUtils.device.camera - [camera.py:39] - DEBUG - Average HSV: H=134.6, S=27.2, V=209.4
2026-06-21 02:36:35,545 - mazeUtils.moveTile - [moveTile.py:79] - DEBUG - roll: 359.88 deg, practicalMoveTime: 0.047850980713705575 sec
2026-06-21 02:36:35,546 - mazeUtils.moveTile - [moveTile.py:1424] - DEBUG - moveTile loop time: 46.6 ms
2026-06-21 02:36:35,550 - picamera2.picamera2 - [picamera2.py:1391] - DEBUG - Execute job: <picamera2.job.Job object at 0x7f7010a990>
2026-06-21 02:36:35,554 - mazeUtils.device.camera - [camera.py:39] - DEBUG - Average HSV: H=138.4, S=27.2, V=209.6
2026-06-21 02:36:35,582 - mazeUtils.moveTile - [moveTile.py:79] - DEBUG - roll: 0.049999999999954525 deg, practicalMoveTime: 0.08447325261186919 sec
2026-06-21 02:36:35,583 - mazeUtils.moveTile - [moveTile.py:1424] - DEBUG - moveTile loop time: 37.4 ms
2026-06-21 02:36:35,591 - picamera2.picamera2 - [picamera2.py:1391] - DEBUG - Execute job: <picamera2.job.Job object at 0x7f89ba6110>
2026-06-21 02:36:35,600 - mazeUtils.device.camera - [camera.py:39] - DEBUG - Average HSV: H=139.6, S=27.1, V=209.7
2026-06-21 02:36:35,630 - mazeUtils.moveTile - [moveTile.py:79] - DEBUG - roll: 358.91999999999996 deg, practicalMoveTime: 0.13058808676730405 sec
2026-06-21 02:36:35,631 - mazeUtils.moveTile - [moveTile.py:1424] - DEBUG - moveTile loop time: 47.0 ms
2026-06-21 02:36:35,639 - picamera2.picamera2 - [picamera2.py:1391] - DEBUG - Execute job: <picamera2.job.Job object at 0x7f5f5b8810>
2026-06-21 02:36:35,646 - mazeUtils.device.camera - [camera.py:39] - DEBUG - Average HSV: H=120.4, S=26.7, V=210.0
2026-06-21 02:36:35,677 - mazeUtils.moveTile - [moveTile.py:79] - DEBUG - roll: 358.39 deg, practicalMoveTime: 0.17663284865957718 sec
2026-06-21 02:36:35,678 - mazeUtils.moveTile - [moveTile.py:1424] - DEBUG - moveTile loop time: 46.3 ms
2026-06-21 02:36:35,685 - picamera2.picamera2 - [picamera2.py:1391] - DEBUG - Execute job: <picamera2.job.Job object at 0x7f7b8ef2d0>
2026-06-21 02:36:35,692 - mazeUtils.device.camera - [camera.py:39] - DEBUG - Average HSV: H=125.5, S=31.2, V=205.9
2026-06-21 02:36:35,723 - mazeUtils.moveTile - [moveTile.py:79] - DEBUG - roll: 359.34999999999997 deg, practicalMoveTime: 0.2216407573559851 sec
2026-06-21 02:36:35,724 - mazeUtils.moveTile - [moveTile.py:1424] - DEBUG - moveTile loop time: 46.0 ms
2026-06-21 02:36:35,736 - picamera2.picamera2 - [picamera2.py:1391] - DEBUG - Execute job: <picamera2.job.Job object at 0x7f7a88b010>
2026-06-21 02:36:35,742 - mazeUtils.device.camera - [camera.py:39] - DEBUG - Average HSV: H=142.4, S=28.9, V=208.3
2026-06-21 02:36:35,777 - mazeUtils.moveTile - [moveTile.py:79] - DEBUG - roll: 357.78 deg, practicalMoveTime: 0.2735572239804506 sec
2026-06-21 02:36:35,778 - mazeUtils.moveTile - [moveTile.py:1424] - DEBUG - moveTile loop time: 52.5 ms
2026-06-21 02:36:35,782 - picamera2.picamera2 - [picamera2.py:1391] - DEBUG - Execute job: <picamera2.job.Job object at 0x7f7a853410>
2026-06-21 02:36:35,789 - mazeUtils.device.camera - [camera.py:39] - DEBUG - Average HSV: H=150.4, S=30.2, V=204.4
2026-06-21 02:36:35,826 - mazeUtils.moveTile - [moveTile.py:79] - DEBUG - roll: 359.71 deg, practicalMoveTime: 0.32211817497726275 sec
2026-06-21 02:36:35,828 - mazeUtils.moveTile - [moveTile.py:1424] - DEBUG - moveTile loop time: 49.2 ms
2026-06-21 02:36:35,835 - picamera2.picamera2 - [picamera2.py:1391] - DEBUG - Execute job: <picamera2.job.Job object at 0x7f89ba6110>
2026-06-21 02:36:35,842 - mazeUtils.device.camera - [camera.py:39] - DEBUG - Average HSV: H=154.9, S=30.7, V=188.7
2026-06-21 02:36:35,878 - mazeUtils.moveTile - [moveTile.py:79] - DEBUG - roll: 359.4 deg, practicalMoveTime: 0.3724369947926511 sec
2026-06-21 02:36:35,879 - mazeUtils.moveTile - [moveTile.py:1424] - DEBUG - moveTile loop time: 50.4 ms
2026-06-21 02:36:35,885 - picamera2.picamera2 - [picamera2.py:1391] - DEBUG - Execute job: <picamera2.job.Job object at 0x7f7010a990>
2026-06-21 02:36:35,892 - mazeUtils.device.camera - [camera.py:39] - DEBUG - Average HSV: H=149.5, S=29.7, V=190.5
2026-06-21 02:36:35,923 - mazeUtils.moveTile - [moveTile.py:79] - DEBUG - roll: 359.83 deg, practicalMoveTime: 0.4163206021351069 sec
2026-06-21 02:36:35,924 - mazeUtils.moveTile - [moveTile.py:1424] - DEBUG - moveTile loop time: 44.4 ms
2026-06-21 02:36:35,931 - picamera2.picamera2 - [picamera2.py:1391] - DEBUG - Execute job: <picamera2.job.Job object at 0x7f70649710>
2026-06-21 02:36:35,937 - mazeUtils.device.camera - [camera.py:39] - DEBUG - Average HSV: H=146.1, S=30.6, V=190.6
2026-06-21 02:36:35,967 - mazeUtils.moveTile - [moveTile.py:79] - DEBUG - roll: 359.72999999999996 deg, practicalMoveTime: 0.4593100940587918 sec
2026-06-21 02:36:35,968 - mazeUtils.moveTile - [moveTile.py:1424] - DEBUG - moveTile loop time: 42.9 ms
2026-06-21 02:36:35,973 - picamera2.picamera2 - [picamera2.py:1391] - DEBUG - Execute job: <picamera2.job.Job object at 0x7f89bdee90>
2026-06-21 02:36:35,980 - mazeUtils.device.camera - [camera.py:39] - DEBUG - Average HSV: H=144.5, S=32.1, V=188.4
2026-06-21 02:36:36,020 - mazeUtils.moveTile - [moveTile.py:79] - DEBUG - roll: 0.049999999999954525 deg, practicalMoveTime: 0.5110278325448414 sec
2026-06-21 02:36:36,021 - mazeUtils.moveTile - [moveTile.py:1424] - DEBUG - moveTile loop time: 52.2 ms
2026-06-21 02:36:36,029 - picamera2.picamera2 - [picamera2.py:1391] - DEBUG - Execute job: <picamera2.job.Job object at 0x7f7a88b010>
2026-06-21 02:36:36,034 - mazeUtils.device.camera - [camera.py:39] - DEBUG - Average HSV: H=168.7, S=30.1, V=198.1
2026-06-21 02:36:36,062 - mazeUtils.moveTile - [moveTile.py:79] - DEBUG - roll: 0.2799999999999727 deg, practicalMoveTime: 0.5520095895756199 sec
2026-06-21 02:36:36,063 - mazeUtils.moveTile - [moveTile.py:1424] - DEBUG - moveTile loop time: 41.1 ms
2026-06-21 02:36:36,071 - picamera2.picamera2 - [picamera2.py:1391] - DEBUG - Execute job: <picamera2.job.Job object at 0x7f7a899ed0>
2026-06-21 02:36:36,077 - mazeUtils.device.camera - [camera.py:39] - DEBUG - Average HSV: H=166.4, S=29.8, V=197.8
2026-06-21 02:36:36,109 - mazeUtils.moveTile - [moveTile.py:79] - DEBUG - roll: 359.12 deg, practicalMoveTime: 0.5979364650044668 sec
2026-06-21 02:36:36,110 - mazeUtils.moveTile - [moveTile.py:1424] - DEBUG - moveTile loop time: 46.9 ms
2026-06-21 02:36:36,120 - picamera2.picamera2 - [picamera2.py:1391] - DEBUG - Execute job: <picamera2.job.Job object at 0x7f89bdee90>
2026-06-21 02:36:36,126 - mazeUtils.device.camera - [camera.py:39] - DEBUG - Average HSV: H=164.6, S=31.2, V=195.4
2026-06-21 02:36:36,156 - mazeUtils.moveTile - [moveTile.py:79] - DEBUG - roll: 359.23999999999995 deg, practicalMoveTime: 0.6440125236919076 sec
2026-06-21 02:36:36,157 - mazeUtils.moveTile - [moveTile.py:1424] - DEBUG - moveTile loop time: 46.1 ms
2026-06-21 02:36:36,164 - picamera2.picamera2 - [picamera2.py:1391] - DEBUG - Execute job: <picamera2.job.Job object at 0x7f7b8ef2d0>
2026-06-21 02:36:36,170 - mazeUtils.device.camera - [camera.py:39] - DEBUG - Average HSV: H=159.2, S=30.2, V=192.3
2026-06-21 02:36:36,202 - mazeUtils.moveTile - [moveTile.py:79] - DEBUG - roll: 359.90999999999997 deg, practicalMoveTime: 0.6882813155892594 sec
2026-06-21 02:36:36,202 - mazeUtils.moveTile - [moveTile.py:1424] - DEBUG - moveTile loop time: 44.6 ms
2026-06-21 02:36:36,210 - picamera2.picamera2 - [picamera2.py:1391] - DEBUG - Execute job: <picamera2.job.Job object at 0x7f703ac610>
2026-06-21 02:36:36,215 - mazeUtils.device.camera - [camera.py:39] - DEBUG - Average HSV: H=157.5, S=30.6, V=191.9
2026-06-21 02:36:36,246 - mazeUtils.moveTile - [moveTile.py:79] - DEBUG - roll: 358.58 deg, practicalMoveTime: 0.7320748921936966 sec
2026-06-21 02:36:36,247 - mazeUtils.moveTile - [moveTile.py:1424] - DEBUG - moveTile loop time: 44.2 ms
2026-06-21 02:36:36,256 - picamera2.picamera2 - [picamera2.py:1391] - DEBUG - Execute job: <picamera2.job.Job object at 0x7f89bdee90>
2026-06-21 02:36:36,262 - mazeUtils.device.camera - [camera.py:39] - DEBUG - Average HSV: H=150.6, S=28.5, V=191.1
2026-06-21 02:36:36,292 - mazeUtils.moveTile - [moveTile.py:79] - DEBUG - roll: 359.29999999999995 deg, practicalMoveTime: 0.7769743425960448 sec
2026-06-21 02:36:36,293 - mazeUtils.moveTile - [moveTile.py:1424] - DEBUG - moveTile loop time: 45.4 ms
2026-06-21 02:36:36,304 - picamera2.picamera2 - [picamera2.py:1391] - DEBUG - Execute job: <picamera2.job.Job object at 0x7f7a88b010>
2026-06-21 02:36:36,311 - mazeUtils.device.camera - [camera.py:39] - DEBUG - Average HSV: H=145.8, S=32.2, V=191.0
2026-06-21 02:36:36,343 - mazeUtils.moveTile - [moveTile.py:79] - DEBUG - roll: 359.39 deg, practicalMoveTime: 0.8261546854784417 sec
2026-06-21 02:36:36,343 - mazeUtils.moveTile - [moveTile.py:1424] - DEBUG - moveTile loop time: 49.3 ms
2026-06-21 02:36:36,351 - picamera2.picamera2 - [picamera2.py:1391] - DEBUG - Execute job: <picamera2.job.Job object at 0x7f70649710>
2026-06-21 02:36:36,357 - mazeUtils.device.camera - [camera.py:39] - DEBUG - Average HSV: H=144.6, S=35.6, V=188.2
2026-06-21 02:36:36,390 - mazeUtils.moveTile - [moveTile.py:1369] - INFO - practicalVerticalMove: -0.3434662680105169 CM
2026-06-21 02:36:36,444 - mazeUtils.moveTile - [moveTile.py:79] - DEBUG - Little forward to adjust position
2026-06-21 02:36:36,601 - mazeUtils.moveTile - [moveTile.py:1639] - INFO - Set moved vertical distance: -0.3434662680105169 cm, past distances: [(0, False), (0, False), (0, False)]
2026-06-21 02:36:36,688 - mazeUtils.moveTile - [moveTile.py:529] - DEBUG - Direction: absDirection.NORTH, Angle: 0, Distance: 14.751797398763475 cm
2026-06-21 02:36:36,689 - mazeUtils.moveTile - [moveTile.py:553] - DEBUG - Front LiDAR distance: 14.751797398763475 cm, TSD10 distance: 2.3 cm
2026-06-21 02:36:36,692 - mazeUtils.moveTile - [moveTile.py:529] - DEBUG - Direction: absDirection.EAST, Angle: 270, Distance: 16.598693233955178 cm
2026-06-21 02:36:36,695 - mazeUtils.moveTile - [moveTile.py:529] - DEBUG - Direction: absDirection.SOUTH, Angle: 180, Distance: 139.57840991953933 cm
2026-06-21 02:36:36,698 - mazeUtils.moveTile - [moveTile.py:529] - DEBUG - Direction: absDirection.WEST, Angle: 90, Distance: 17.727969547692595 cm
2026-06-21 02:36:36,703 - mazeUtils.moveTile - [moveTile.py:1768] - INFO - Tile color detection counts: {}, decided tile type: E
2026-06-21 02:36:36,796 - __main__ - [main.py:91] - INFO - Current position: (20, 19, 0), front direction: absDirection.NORTH
Layer 0 (altitude=0.0cm, offset=(0.0cm, 0.0cm)):
Known map area: x=20..20, y=19..20
+---+
| @ |
+   +
| S  
+   +
mazeAsGraph[0][19][20] = {absDirection.NORTH: None, absDirection.EAST: None, absDirection.SOUTH: (20, 20, 0, 30), absDirection.WEST: None}
mazeAsGraph[0][20][20] = {absDirection.NORTH: (20, 19, 0, 30), absDirection.EAST: (21, 20, 0, 30), absDirection.SOUTH: (20, 21, 0, 30), absDirection.WEST: None}
2026-06-21 02:36:36,803 - mazeUtils.mazeMap - [mazeMap.py:61] - INFO - next goal: (20, 21, 0)
2026-06-21 02:36:36,811 - mazeUtils.moveTile - [moveTile.py:79] - DEBUG - Moving to absDirection.SOUTH from (20, 19, 0) facing absDirection.NORTH
2026-06-21 02:36:36,839 - mazeUtils.moveTile - [moveTile.py:79] - DEBUG - current heading: 3.0600000000000023 target: 45
2026-06-21 02:36:37,157 - mazeUtils.moveTile - [moveTile.py:371] - INFO - Find victim on RIGHT side during turn: UnitVStatus.Y_VICTIM
2026-06-21 02:36:47,290 - mazeUtils.moveTile - [moveTile.py:79] - DEBUG - Turning to 39.28000000000003 deg, current heading: 39.28000000000003 deg, turnAngle: 0.0 deg
2026-06-21 02:36:47,310 - mazeUtils.moveTile - [moveTile.py:79] - DEBUG - Turned to heading: 39.28000000000003 deg
2026-06-21 02:36:48,122 - mazeUtils.moveTile - [moveTile.py:79] - DEBUG - Turning to 39.28000000000003 deg, current heading: 39.25999999999999 deg, turnAngle: -0.020000000000038654 deg
2026-06-21 02:36:48,142 - mazeUtils.moveTile - [moveTile.py:79] - DEBUG - Turned to heading: 39.25999999999999 deg
2026-06-21 02:36:48,143 - mazeUtils.moveTile - [moveTile.py:383] - INFO - Dropped rescue kit, detected victim info: {<Side.LEFT: 0>: <UnitVStatus.NOTHING: 0>, <Side.RIGHT: 1>: <UnitVStatus.Y_VICTIM: 5>}
2026-06-21 02:36:48,181 - mazeUtils.moveTile - [moveTile.py:404] - DEBUG - stopped turning at heading: 39.25999999999999, diff: 5.740000000000009
2026-06-21 02:36:49,036 - mazeUtils.moveTile - [moveTile.py:79] - DEBUG - Turned to heading: 44.25999999999999 deg
2026-06-21 02:36:49,567 - mazeUtils.moveTile - [moveTile.py:79] - DEBUG - current heading: 44.639999999999986 target: 90
2026-06-21 02:36:50,001 - mazeUtils.moveTile - [moveTile.py:404] - DEBUG - stopped turning at heading: 87.42000000000002, diff: 2.579999999999984
2026-06-21 02:36:51,021 - mazeUtils.moveTile - [moveTile.py:79] - DEBUG - Turned to heading: 90.73000000000002 deg
2026-06-21 02:36:51,045 - mazeUtils.moveTile - [moveTile.py:79] - DEBUG - current heading: 90.56 target: 135
2026-06-21 02:36:51,486 - mazeUtils.moveTile - [moveTile.py:404] - DEBUG - stopped turning at heading: 130.2, diff: 4.800000000000011
2026-06-21 02:36:51,561 - mazeUtils.moveTile - [moveTile.py:79] - DEBUG - Turned to heading: 134.53000000000003 deg
2026-06-21 02:36:52,099 - mazeUtils.moveTile - [moveTile.py:79] - DEBUG - current heading: 134.54000000000002 target: 180
2026-06-21 02:36:52,498 - mazeUtils.moveTile - [moveTile.py:404] - DEBUG - stopped turning at heading: 174.04000000000002, diff: 5.9599999999999795
2026-06-21 02:36:53,137 - mazeUtils.moveTile - [moveTile.py:79] - DEBUG - Turned to heading: 180.78 deg
2026-06-21 02:36:53,237 - mazeUtils.moveTile - [moveTile.py:79] - DEBUG - Little backward to adjust position
2026-06-21 02:36:53,536 - mazeUtils.moveTile - [moveTile.py:1216] - DEBUG - Calculated target steps to next tile: 1 based on distance 30 cm
2026-06-21 02:36:53,543 - picamera2.picamera2 - [picamera2.py:1391] - DEBUG - Execute job: <picamera2.job.Job object at 0x7f8c803a90>
2026-06-21 02:36:53,546 - mazeUtils.device.camera - [camera.py:39] - DEBUG - Average HSV: H=159.0, S=23.1, V=205.5
2026-06-21 02:36:53,581 - mazeUtils.moveTile - [moveTile.py:79] - DEBUG - roll: 359.95 deg, practicalMoveTime: 0.04536674679422134 sec
2026-06-21 02:36:53,582 - mazeUtils.moveTile - [moveTile.py:1424] - DEBUG - moveTile loop time: 43.6 ms
2026-06-21 02:36:53,587 - picamera2.picamera2 - [picamera2.py:1391] - DEBUG - Execute job: <picamera2.job.Job object at 0x7f70649710>
2026-06-21 02:36:53,590 - mazeUtils.device.camera - [camera.py:39] - DEBUG - Average HSV: H=158.9, S=22.8, V=206.0
2026-06-21 02:36:53,617 - mazeUtils.moveTile - [moveTile.py:79] - DEBUG - roll: 0.08999999999997499 deg, practicalMoveTime: 0.08032816568312931 sec
2026-06-21 02:36:53,617 - mazeUtils.moveTile - [moveTile.py:1424] - DEBUG - moveTile loop time: 35.3 ms
2026-06-21 02:36:53,621 - picamera2.picamera2 - [picamera2.py:1391] - DEBUG - Execute job: <picamera2.job.Job object at 0x7f7a890ad0>
2026-06-21 02:36:53,624 - mazeUtils.device.camera - [camera.py:39] - DEBUG - Average HSV: H=156.7, S=21.6, V=206.9
2026-06-21 02:36:53,655 - mazeUtils.moveTile - [moveTile.py:79] - DEBUG - roll: 0.3100000000000023 deg, practicalMoveTime: 0.11837921395281177 sec
2026-06-21 02:36:53,656 - mazeUtils.moveTile - [moveTile.py:1424] - DEBUG - moveTile loop time: 38.4 ms
2026-06-21 02:36:53,660 - picamera2.picamera2 - [picamera2.py:1391] - DEBUG - Execute job: <picamera2.job.Job object at 0x7f8c803a90>
2026-06-21 02:36:53,662 - mazeUtils.device.camera - [camera.py:39] - DEBUG - Average HSV: H=156.6, S=21.1, V=207.9
2026-06-21 02:36:53,692 - mazeUtils.moveTile - [moveTile.py:79] - DEBUG - roll: 358.68 deg, practicalMoveTime: 0.1544950488391297 sec
2026-06-21 02:36:53,692 - mazeUtils.moveTile - [moveTile.py:1424] - DEBUG - moveTile loop time: 36.5 ms
2026-06-21 02:36:53,704 - picamera2.picamera2 - [picamera2.py:1391] - DEBUG - Execute job: <picamera2.job.Job object at 0x7f70649710>
2026-06-21 02:36:53,707 - mazeUtils.device.camera - [camera.py:39] - DEBUG - Average HSV: H=155.7, S=19.0, V=210.8
2026-06-21 02:36:53,737 - mazeUtils.moveTile - [moveTile.py:79] - DEBUG - roll: 0.4300000000000068 deg, practicalMoveTime: 0.19875120489334727 sec
2026-06-21 02:36:53,737 - mazeUtils.moveTile - [moveTile.py:1424] - DEBUG - moveTile loop time: 44.6 ms
2026-06-21 02:36:53,741 - picamera2.picamera2 - [picamera2.py:1391] - DEBUG - Execute job: <picamera2.job.Job object at 0x7f7a891490>
2026-06-21 02:36:53,744 - mazeUtils.device.camera - [camera.py:39] - DEBUG - Average HSV: H=155.9, S=21.0, V=206.9
2026-06-21 02:36:53,770 - mazeUtils.moveTile - [moveTile.py:79] - DEBUG - roll: 359.45 deg, practicalMoveTime: 0.23122804103765912 sec
2026-06-21 02:36:53,770 - mazeUtils.moveTile - [moveTile.py:1424] - DEBUG - moveTile loop time: 32.7 ms
2026-06-21 02:36:53,783 - picamera2.picamera2 - [picamera2.py:1391] - DEBUG - Execute job: <picamera2.job.Job object at 0x7f7a890310>
2026-06-21 02:36:53,786 - mazeUtils.device.camera - [camera.py:39] - DEBUG - Average HSV: H=160.6, S=21.2, V=209.9
2026-06-21 02:36:53,815 - mazeUtils.moveTile - [moveTile.py:79] - DEBUG - roll: 359.34 deg, practicalMoveTime: 0.27542862817893776 sec
2026-06-21 02:36:53,815 - mazeUtils.moveTile - [moveTile.py:1424] - DEBUG - moveTile loop time: 44.6 ms
2026-06-21 02:36:53,821 - picamera2.picamera2 - [picamera2.py:1391] - DEBUG - Execute job: <picamera2.job.Job object at 0x7f7a891490>
2026-06-21 02:36:53,825 - mazeUtils.device.camera - [camera.py:39] - DEBUG - Average HSV: H=161.7, S=20.0, V=212.0
2026-06-21 02:36:53,851 - mazeUtils.moveTile - [moveTile.py:79] - DEBUG - roll: 359.75 deg, practicalMoveTime: 0.31121253207607424 sec
2026-06-21 02:36:53,851 - mazeUtils.moveTile - [moveTile.py:1424] - DEBUG - moveTile loop time: 36.0 ms
2026-06-21 02:36:53,862 - picamera2.picamera2 - [picamera2.py:1391] - DEBUG - Execute job: <picamera2.job.Job object at 0x7f8c803a90>
2026-06-21 02:36:53,865 - mazeUtils.device.camera - [camera.py:39] - DEBUG - Average HSV: H=163.7, S=20.6, V=213.9
2026-06-21 02:36:53,896 - mazeUtils.moveTile - [moveTile.py:79] - DEBUG - roll: 359.94 deg, practicalMoveTime: 0.3558308757601223 sec
2026-06-21 02:36:53,896 - mazeUtils.moveTile - [moveTile.py:1424] - DEBUG - moveTile loop time: 44.9 ms
2026-06-21 02:36:53,902 - picamera2.picamera2 - [picamera2.py:1391] - DEBUG - Execute job: <picamera2.job.Job object at 0x7f8c800510>
2026-06-21 02:36:53,905 - mazeUtils.device.camera - [camera.py:39] - DEBUG - Average HSV: H=166.4, S=20.1, V=216.4
2026-06-21 02:36:53,933 - mazeUtils.moveTile - [moveTile.py:79] - DEBUG - roll: 359.53 deg, practicalMoveTime: 0.39279953204625406 sec
2026-06-21 02:36:53,934 - mazeUtils.moveTile - [moveTile.py:1424] - DEBUG - moveTile loop time: 37.3 ms
2026-06-21 02:36:53,942 - picamera2.picamera2 - [picamera2.py:1391] - DEBUG - Execute job: <picamera2.job.Job object at 0x7f5f5c4550>
2026-06-21 02:36:53,945 - mazeUtils.device.camera - [camera.py:39] - DEBUG - Average HSV: H=165.7, S=19.3, V=217.9
2026-06-21 02:36:53,976 - mazeUtils.moveTile - [moveTile.py:79] - DEBUG - roll: 359.37 deg, practicalMoveTime: 0.4351887464714733 sec
2026-06-21 02:36:53,977 - mazeUtils.moveTile - [moveTile.py:1424] - DEBUG - moveTile loop time: 42.7 ms
2026-06-21 02:36:53,981 - picamera2.picamera2 - [picamera2.py:1391] - DEBUG - Execute job: <picamera2.job.Job object at 0x7f8c800510>
2026-06-21 02:36:53,984 - mazeUtils.device.camera - [camera.py:39] - DEBUG - Average HSV: H=153.5, S=17.3, V=222.2
2026-06-21 02:36:54,013 - mazeUtils.moveTile - [moveTile.py:79] - DEBUG - roll: 0.5099999999999909 deg, practicalMoveTime: 0.47139927939417453 sec
2026-06-21 02:36:54,014 - mazeUtils.moveTile - [moveTile.py:1424] - DEBUG - moveTile loop time: 36.7 ms
2026-06-21 02:36:54,021 - picamera2.picamera2 - [picamera2.py:1391] - DEBUG - Execute job: <picamera2.job.Job object at 0x7f5f5c4550>
2026-06-21 02:36:54,025 - mazeUtils.device.camera - [camera.py:39] - DEBUG - Average HSV: H=148.3, S=16.7, V=220.7
2026-06-21 02:36:54,060 - mazeUtils.moveTile - [moveTile.py:79] - DEBUG - roll: 359.40999999999997 deg, practicalMoveTime: 0.5175396495289812 sec
2026-06-21 02:36:54,060 - mazeUtils.moveTile - [moveTile.py:1424] - DEBUG - moveTile loop time: 46.3 ms
2026-06-21 02:36:54,065 - picamera2.picamera2 - [picamera2.py:1391] - DEBUG - Execute job: <picamera2.job.Job object at 0x7f8c800510>
2026-06-21 02:36:54,068 - mazeUtils.device.camera - [camera.py:39] - DEBUG - Average HSV: H=138.0, S=16.0, V=227.5
2026-06-21 02:36:54,097 - mazeUtils.moveTile - [moveTile.py:79] - DEBUG - roll: 0.12000000000000455 deg, practicalMoveTime: 0.5540936674861746 sec
2026-06-21 02:36:54,097 - mazeUtils.moveTile - [moveTile.py:1424] - DEBUG - moveTile loop time: 36.7 ms
2026-06-21 02:36:54,104 - picamera2.picamera2 - [picamera2.py:1391] - DEBUG - Execute job: <picamera2.job.Job object at 0x7f7a891810>
2026-06-21 02:36:54,108 - mazeUtils.device.camera - [camera.py:39] - DEBUG - Average HSV: H=136.7, S=16.7, V=224.6
2026-06-21 02:36:54,135 - mazeUtils.moveTile - [moveTile.py:79] - DEBUG - roll: 1.259999999999991 deg, practicalMoveTime: 0.5917535027079471 sec
2026-06-21 02:36:54,136 - mazeUtils.moveTile - [moveTile.py:1424] - DEBUG - moveTile loop time: 38.0 ms
2026-06-21 02:36:54,141 - picamera2.picamera2 - [picamera2.py:1391] - DEBUG - Execute job: <picamera2.job.Job object at 0x7f8c800510>
2026-06-21 02:36:54,144 - mazeUtils.device.camera - [camera.py:39] - DEBUG - Average HSV: H=137.9, S=17.8, V=218.4
2026-06-21 02:36:54,171 - mazeUtils.moveTile - [moveTile.py:79] - DEBUG - roll: 0.8999999999999773 deg, practicalMoveTime: 0.6273597853190134 sec
2026-06-21 02:36:54,172 - mazeUtils.moveTile - [moveTile.py:1424] - DEBUG - moveTile loop time: 36.0 ms
2026-06-21 02:36:54,178 - picamera2.picamera2 - [picamera2.py:1391] - DEBUG - Execute job: <picamera2.job.Job object at 0x7f7a890ad0>
2026-06-21 02:36:54,181 - mazeUtils.device.camera - [camera.py:39] - DEBUG - Average HSV: H=139.6, S=17.4, V=216.9
2026-06-21 02:36:54,207 - mazeUtils.moveTile - [moveTile.py:79] - DEBUG - roll: 1.0 deg, practicalMoveTime: 0.6628375029396342 sec
2026-06-21 02:36:54,208 - mazeUtils.moveTile - [moveTile.py:1424] - DEBUG - moveTile loop time: 35.6 ms
2026-06-21 02:36:54,214 - picamera2.picamera2 - [picamera2.py:1391] - DEBUG - Execute job: <picamera2.job.Job object at 0x7f8c800510>
2026-06-21 02:36:54,217 - mazeUtils.device.camera - [camera.py:39] - DEBUG - Average HSV: H=154.4, S=15.7, V=216.3
2026-06-21 02:36:54,244 - mazeUtils.moveTile - [moveTile.py:79] - DEBUG - roll: 1.2299999999999613 deg, practicalMoveTime: 0.6991019092115898 sec
2026-06-21 02:36:54,245 - mazeUtils.moveTile - [moveTile.py:1424] - DEBUG - moveTile loop time: 36.7 ms
2026-06-21 02:36:54,255 - picamera2.picamera2 - [picamera2.py:1391] - DEBUG - Execute job: <picamera2.job.Job object at 0x7f8c803a90>
2026-06-21 02:36:54,261 - mazeUtils.device.camera - [camera.py:39] - DEBUG - Average HSV: H=153.8, S=17.2, V=212.1
2026-06-21 02:36:54,287 - mazeUtils.moveTile - [moveTile.py:79] - DEBUG - roll: 359.85999999999996 deg, practicalMoveTime: 0.7413321508039398 sec
2026-06-21 02:36:54,289 - mazeUtils.moveTile - [moveTile.py:1424] - DEBUG - moveTile loop time: 43.8 ms
2026-06-21 02:36:54,295 - picamera2.picamera2 - [picamera2.py:1391] - DEBUG - Execute job: <picamera2.job.Job object at 0x7f8c803a90>
2026-06-21 02:36:54,301 - mazeUtils.device.camera - [camera.py:39] - DEBUG - Average HSV: H=155.6, S=19.0, V=208.8
2026-06-21 02:36:54,328 - mazeUtils.moveTile - [moveTile.py:79] - DEBUG - roll: 0.4399999999999977 deg, practicalMoveTime: 0.7795001709012703 sec
2026-06-21 02:36:54,328 - mazeUtils.moveTile - [moveTile.py:1424] - DEBUG - moveTile loop time: 38.0 ms
2026-06-21 02:36:54,336 - picamera2.picamera2 - [picamera2.py:1391] - DEBUG - Execute job: <picamera2.job.Job object at 0x7f70649710>
2026-06-21 02:36:54,341 - mazeUtils.device.camera - [camera.py:39] - DEBUG - Average HSV: H=160.4, S=19.0, V=211.4
2026-06-21 02:36:54,371 - mazeUtils.moveTile - [moveTile.py:79] - DEBUG - roll: 359.75 deg, practicalMoveTime: 0.8225119036380736 sec
2026-06-21 02:36:54,372 - mazeUtils.moveTile - [moveTile.py:1424] - DEBUG - moveTile loop time: 43.4 ms
2026-06-21 02:36:54,379 - picamera2.picamera2 - [picamera2.py:1391] - DEBUG - Execute job: <picamera2.job.Job object at 0x7f8c800510>
2026-06-21 02:36:54,383 - mazeUtils.device.camera - [camera.py:39] - DEBUG - Average HSV: H=159.9, S=15.2, V=221.2
2026-06-21 02:36:54,394 - __main__ - [main.py:151] - INFO - Program interrupted by user.
2026-06-21 02:36:55,462 - mazeUtils.device.stm - [stm.py:216] - DEBUG - ACK resynchronized: type=STS_MOTOR dropped=3B seq=245
2026-06-21 02:36:55,976 - picamera2.picamera2 - [picamera2.py:1391] - DEBUG - Execute job: <picamera2.job.Job object at 0x7fa01b7510>
2026-06-21 02:36:55,992 - picamera2.picamera2 - [picamera2.py:1323] - INFO - Camera stopped
2026-06-21 02:36:56,192 - picamera2.picamera2 - [picamera2.py:1329] - DEBUG - Camera was not started
2026-06-21 02:36:56,395 - picamera2.picamera2 - [picamera2.py:723] - INFO - Camera closed successfully.
2026-06-21 02:36:56,634 - picamera2.picamera2 - [picamera2.py:500] - DEBUG - Resources now free: <picamera2.picamera2.Picamera2 object at 0x7f8c775fd0>
