2026-06-21 02:27:32,777 - root - [logging_config.py:61] - INFO - Logging initialized. Log file: /home/tuton/Kanto2026RPi/src/config/../logs/robot_20260621_022731.log
2026-06-21 02:27:37,035 - mazeUtils.device.LiDAR - [LiDAR.py:36] - INFO - Available ports: <ydlidar.Str2strMap; proxy of <Swig Object of type 'std::map< std::string,std::string > *' at 0x7f7fce9f50> >
2026-06-21 02:27:41,050 - mazeUtils.moveTile - [moveTile.py:528] - DEBUG - Direction: absDirection.NORTH, Angle: 0, Distance: 46.07983327205206 cm
2026-06-21 02:27:41,051 - mazeUtils.moveTile - [moveTile.py:552] - DEBUG - Front LiDAR distance: 46.07983327205206 cm, TSD10 distance: 34.9 cm
2026-06-21 02:27:41,052 - mazeUtils.moveTile - [moveTile.py:528] - DEBUG - Direction: absDirection.EAST, Angle: 270, Distance: 45.74252302457931 cm
2026-06-21 02:27:41,053 - mazeUtils.moveTile - [moveTile.py:528] - DEBUG - Direction: absDirection.SOUTH, Angle: 180, Distance: 109.56642292210579 cm
2026-06-21 02:27:41,054 - mazeUtils.moveTile - [moveTile.py:528] - DEBUG - Direction: absDirection.WEST, Angle: 90, Distance: 18.497730258431204 cm
2026-06-21 02:27:41,054 - __main__ - [main.py:69] - INFO - Initial Map:
2026-06-21 02:27:41,069 - __main__ - [main.py:70] - INFO - Current position: (20, 20, 0), front direction: absDirection.NORTH
Layer 0 (altitude=0.0cm, offset=(0.0cm, 0.0cm)):
Known map area: x=20..20, y=20..20
+   +
| @  
+   +
mazeAsGraph[0][20][20] = {absDirection.NORTH: (20, 19, 0, 30), absDirection.EAST: (21, 20, 0, 30), absDirection.SOUTH: (20, 21, 0, 30), absDirection.WEST: None}
2026-06-21 02:27:41,070 - mazeUtils.mazeMap - [mazeMap.py:61] - INFO - next goal: (20, 19, 0)
2026-06-21 02:27:41,071 - __main__ - [main.py:73] - INFO - Next Direction: [<absDirection.NORTH: 0>]
2026-06-21 02:27:41,072 - __main__ - [main.py:74] - INFO - Exploration started.
2026-06-21 02:27:41,080 - mazeUtils.moveTile - [moveTile.py:79] - DEBUG - Moving to absDirection.NORTH from (20, 20, 0) facing absDirection.NORTH
2026-06-21 02:27:41,106 - mazeUtils.moveTile - [moveTile.py:79] - DEBUG - current heading: 359.99 target: 0
2026-06-21 02:27:41,126 - mazeUtils.moveTile - [moveTile.py:403] - DEBUG - stopped turning at heading: 359.99, diff: 0.009999999999990905
2026-06-21 02:27:41,174 - mazeUtils.moveTile - [moveTile.py:79] - DEBUG - Turned to heading: 359.99 deg
2026-06-21 02:27:41,332 - picamera2.picamera2 - [picamera2.py:1391] - DEBUG - Execute job: <picamera2.job.Job object at 0x7f4b94b310>
2026-06-21 02:27:41,339 - mazeUtils.device.camera - [camera.py:39] - DEBUG - Average HSV: H=164.0, S=23.2, V=202.2
2026-06-21 02:27:41,366 - mazeUtils.moveTile - [moveTile.py:79] - DEBUG - roll: 359.7 deg, practicalMoveTime: 0.042876847930924764 sec
2026-06-21 02:27:41,367 - mazeUtils.moveTile - [moveTile.py:1421] - DEBUG - moveTile loop time: 41.6 ms
2026-06-21 02:27:41,372 - picamera2.picamera2 - [picamera2.py:1391] - DEBUG - Execute job: <picamera2.job.Job object at 0x7f4ba79950>
2026-06-21 02:27:41,377 - mazeUtils.device.camera - [camera.py:39] - DEBUG - Average HSV: H=164.4, S=23.3, V=202.0
2026-06-21 02:27:41,403 - mazeUtils.moveTile - [moveTile.py:79] - DEBUG - roll: 0.28000000000002956 deg, practicalMoveTime: 0.07941000581551085 sec
2026-06-21 02:27:41,404 - mazeUtils.moveTile - [moveTile.py:1421] - DEBUG - moveTile loop time: 36.4 ms
2026-06-21 02:27:41,409 - picamera2.picamera2 - [picamera2.py:1391] - DEBUG - Execute job: <picamera2.job.Job object at 0x7f4bed4dd0>
2026-06-21 02:27:41,413 - mazeUtils.device.camera - [camera.py:39] - DEBUG - Average HSV: H=164.6, S=22.9, V=204.0
2026-06-21 02:27:41,443 - mazeUtils.moveTile - [moveTile.py:79] - DEBUG - roll: 359.28000000000003 deg, practicalMoveTime: 0.11873833652788056 sec
2026-06-21 02:27:41,444 - mazeUtils.moveTile - [moveTile.py:1421] - DEBUG - moveTile loop time: 39.6 ms
2026-06-21 02:27:41,450 - picamera2.picamera2 - [picamera2.py:1391] - DEBUG - Execute job: <picamera2.job.Job object at 0x7f5cb8e890>
2026-06-21 02:27:41,453 - mazeUtils.device.camera - [camera.py:39] - DEBUG - Average HSV: H=137.6, S=24.9, V=205.8
2026-06-21 02:27:41,481 - mazeUtils.moveTile - [moveTile.py:79] - DEBUG - roll: 0.17000000000001592 deg, practicalMoveTime: 0.15660142441161218 sec
2026-06-21 02:27:41,482 - mazeUtils.moveTile - [moveTile.py:1421] - DEBUG - moveTile loop time: 38.1 ms
2026-06-21 02:27:41,488 - picamera2.picamera2 - [picamera2.py:1391] - DEBUG - Execute job: <picamera2.job.Job object at 0x7f66dbfed0>
2026-06-21 02:27:41,492 - mazeUtils.device.camera - [camera.py:39] - DEBUG - Average HSV: H=128.8, S=25.0, V=212.7
2026-06-21 02:27:41,523 - mazeUtils.moveTile - [moveTile.py:79] - DEBUG - roll: 357.8 deg, practicalMoveTime: 0.19769617093322445 sec
2026-06-21 02:27:41,524 - mazeUtils.moveTile - [moveTile.py:1421] - DEBUG - moveTile loop time: 41.4 ms
2026-06-21 02:27:41,530 - picamera2.picamera2 - [picamera2.py:1391] - DEBUG - Execute job: <picamera2.job.Job object at 0x7f67e787d0>
2026-06-21 02:27:41,533 - mazeUtils.device.camera - [camera.py:39] - DEBUG - Average HSV: H=156.2, S=29.0, V=209.8
2026-06-21 02:27:41,558 - mazeUtils.moveTile - [moveTile.py:79] - DEBUG - roll: 358.92 deg, practicalMoveTime: 0.23220923423695805 sec
2026-06-21 02:27:41,558 - mazeUtils.moveTile - [moveTile.py:1421] - DEBUG - moveTile loop time: 34.7 ms
2026-06-21 02:27:41,567 - picamera2.picamera2 - [picamera2.py:1391] - DEBUG - Execute job: <picamera2.job.Job object at 0x7f4ba79950>
2026-06-21 02:27:41,570 - mazeUtils.device.camera - [camera.py:39] - DEBUG - Average HSV: H=163.2, S=29.1, V=208.1
2026-06-21 02:27:41,604 - mazeUtils.moveTile - [moveTile.py:79] - DEBUG - roll: 358.85 deg, practicalMoveTime: 0.27800975295751396 sec
2026-06-21 02:27:41,605 - mazeUtils.moveTile - [moveTile.py:1421] - DEBUG - moveTile loop time: 46.1 ms
2026-06-21 02:27:41,610 - picamera2.picamera2 - [picamera2.py:1391] - DEBUG - Execute job: <picamera2.job.Job object at 0x7f4b94b310>
2026-06-21 02:27:41,614 - mazeUtils.device.camera - [camera.py:39] - DEBUG - Average HSV: H=165.2, S=28.4, V=208.3
2026-06-21 02:27:41,641 - mazeUtils.moveTile - [moveTile.py:79] - DEBUG - roll: 358.27 deg, practicalMoveTime: 0.31425382986575057 sec
2026-06-21 02:27:41,642 - mazeUtils.moveTile - [moveTile.py:1421] - DEBUG - moveTile loop time: 36.7 ms
2026-06-21 02:27:41,648 - picamera2.picamera2 - [picamera2.py:1391] - DEBUG - Execute job: <picamera2.job.Job object at 0x7f7611f450>
2026-06-21 02:27:41,652 - mazeUtils.device.camera - [camera.py:39] - DEBUG - Average HSV: H=168.6, S=26.1, V=207.4
2026-06-21 02:27:41,682 - mazeUtils.moveTile - [moveTile.py:79] - DEBUG - roll: 358.52 deg, practicalMoveTime: 0.3542311525708849 sec
2026-06-21 02:27:41,683 - mazeUtils.moveTile - [moveTile.py:1421] - DEBUG - moveTile loop time: 40.4 ms
2026-06-21 02:27:41,687 - picamera2.picamera2 - [picamera2.py:1391] - DEBUG - Execute job: <picamera2.job.Job object at 0x7f67e787d0>
2026-06-21 02:27:41,690 - mazeUtils.device.camera - [camera.py:39] - DEBUG - Average HSV: H=169.1, S=28.1, V=204.9
2026-06-21 02:27:41,718 - mazeUtils.moveTile - [moveTile.py:79] - DEBUG - roll: 0.8500000000000227 deg, practicalMoveTime: 0.38954492555750986 sec
2026-06-21 02:27:41,719 - mazeUtils.moveTile - [moveTile.py:1421] - DEBUG - moveTile loop time: 36.0 ms
2026-06-21 02:27:41,725 - picamera2.picamera2 - [picamera2.py:1391] - DEBUG - Execute job: <picamera2.job.Job object at 0x7f66dce4d0>
2026-06-21 02:27:41,733 - mazeUtils.device.camera - [camera.py:39] - DEBUG - Average HSV: H=167.6, S=27.3, V=204.6
2026-06-21 02:27:41,761 - mazeUtils.moveTile - [moveTile.py:79] - DEBUG - roll: 358.67 deg, practicalMoveTime: 0.4313515630494787 sec
2026-06-21 02:27:41,763 - mazeUtils.moveTile - [moveTile.py:1421] - DEBUG - moveTile loop time: 43.4 ms
2026-06-21 02:27:41,769 - picamera2.picamera2 - [picamera2.py:1391] - DEBUG - Execute job: <picamera2.job.Job object at 0x7f66d83550>
2026-06-21 02:27:41,775 - mazeUtils.device.camera - [camera.py:39] - DEBUG - Average HSV: H=169.7, S=28.5, V=202.3
2026-06-21 02:27:41,806 - mazeUtils.moveTile - [moveTile.py:79] - DEBUG - roll: 0.30000000000001137 deg, practicalMoveTime: 0.4733188565692487 sec
2026-06-21 02:27:41,806 - mazeUtils.moveTile - [moveTile.py:1421] - DEBUG - moveTile loop time: 42.3 ms
2026-06-21 02:27:41,812 - picamera2.picamera2 - [picamera2.py:1391] - DEBUG - Execute job: <picamera2.job.Job object at 0x7f66dbfed0>
2026-06-21 02:27:41,819 - mazeUtils.device.camera - [camera.py:39] - DEBUG - Average HSV: H=171.1, S=29.8, V=200.1
2026-06-21 02:27:41,851 - mazeUtils.moveTile - [moveTile.py:79] - DEBUG - roll: 0.4399999999999977 deg, practicalMoveTime: 0.5181950624178526 sec
2026-06-21 02:27:41,852 - mazeUtils.moveTile - [moveTile.py:1421] - DEBUG - moveTile loop time: 44.7 ms
2026-06-21 02:27:41,858 - picamera2.picamera2 - [picamera2.py:1391] - DEBUG - Execute job: <picamera2.job.Job object at 0x7f4bed4dd0>
2026-06-21 02:27:41,864 - mazeUtils.device.camera - [camera.py:39] - DEBUG - Average HSV: H=168.4, S=29.9, V=199.4
2026-06-21 02:27:41,893 - mazeUtils.moveTile - [moveTile.py:79] - DEBUG - roll: 359.34000000000003 deg, practicalMoveTime: 0.5583907215731422 sec
2026-06-21 02:27:41,893 - mazeUtils.moveTile - [moveTile.py:1421] - DEBUG - moveTile loop time: 40.6 ms
2026-06-21 02:27:41,899 - picamera2.picamera2 - [picamera2.py:1391] - DEBUG - Execute job: <picamera2.job.Job object at 0x7f67e83950>
2026-06-21 02:27:41,905 - mazeUtils.device.camera - [camera.py:39] - DEBUG - Average HSV: H=166.6, S=30.5, V=197.9
2026-06-21 02:27:41,936 - mazeUtils.moveTile - [moveTile.py:79] - DEBUG - roll: 359.87 deg, practicalMoveTime: 0.6006166890086413 sec
2026-06-21 02:27:41,937 - mazeUtils.moveTile - [moveTile.py:1421] - DEBUG - moveTile loop time: 42.6 ms
2026-06-21 02:27:41,943 - picamera2.picamera2 - [picamera2.py:1391] - DEBUG - Execute job: <picamera2.job.Job object at 0x7f7611f450>
2026-06-21 02:27:41,949 - mazeUtils.device.camera - [camera.py:39] - DEBUG - Average HSV: H=162.1, S=30.6, V=194.2
2026-06-21 02:27:41,982 - mazeUtils.moveTile - [moveTile.py:79] - DEBUG - roll: 0.4800000000000182 deg, practicalMoveTime: 0.6457174641536392 sec
2026-06-21 02:27:41,983 - mazeUtils.moveTile - [moveTile.py:1421] - DEBUG - moveTile loop time: 46.4 ms
2026-06-21 02:27:41,989 - picamera2.picamera2 - [picamera2.py:1391] - DEBUG - Execute job: <picamera2.job.Job object at 0x7f66dbfed0>
2026-06-21 02:27:41,997 - mazeUtils.device.camera - [camera.py:39] - DEBUG - Average HSV: H=159.2, S=29.8, V=193.6
2026-06-21 02:27:42,028 - mazeUtils.moveTile - [moveTile.py:79] - DEBUG - roll: 359.17 deg, practicalMoveTime: 0.6901809628361374 sec
2026-06-21 02:27:42,030 - mazeUtils.moveTile - [moveTile.py:1421] - DEBUG - moveTile loop time: 45.1 ms
2026-06-21 02:27:42,035 - picamera2.picamera2 - [picamera2.py:1391] - DEBUG - Execute job: <picamera2.job.Job object at 0x7f66d83550>
2026-06-21 02:27:42,043 - mazeUtils.device.camera - [camera.py:39] - DEBUG - Average HSV: H=152.3, S=28.9, V=190.1
2026-06-21 02:27:42,074 - mazeUtils.moveTile - [moveTile.py:79] - DEBUG - roll: 0.6299999999999955 deg, practicalMoveTime: 0.734057819260487 sec
2026-06-21 02:27:42,074 - mazeUtils.moveTile - [moveTile.py:1421] - DEBUG - moveTile loop time: 44.0 ms
2026-06-21 02:27:42,082 - picamera2.picamera2 - [picamera2.py:1391] - DEBUG - Execute job: <picamera2.job.Job object at 0x7f8c4399d0>
2026-06-21 02:27:42,090 - mazeUtils.device.camera - [camera.py:39] - DEBUG - Average HSV: H=148.9, S=31.0, V=190.9
2026-06-21 02:27:42,124 - mazeUtils.moveTile - [moveTile.py:79] - DEBUG - roll: 358.79 deg, practicalMoveTime: 0.7829673036440902 sec
2026-06-21 02:27:42,125 - mazeUtils.moveTile - [moveTile.py:1421] - DEBUG - moveTile loop time: 49.7 ms
2026-06-21 02:27:42,132 - picamera2.picamera2 - [picamera2.py:1391] - DEBUG - Execute job: <picamera2.job.Job object at 0x7f5cb8e890>
2026-06-21 02:27:42,138 - mazeUtils.device.camera - [camera.py:39] - DEBUG - Average HSV: H=145.1, S=33.1, V=192.9
2026-06-21 02:27:42,174 - mazeUtils.moveTile - [moveTile.py:79] - DEBUG - roll: 359.77 deg, practicalMoveTime: 0.8316166995697463 sec
2026-06-21 02:27:42,175 - mazeUtils.moveTile - [moveTile.py:1421] - DEBUG - moveTile loop time: 49.1 ms
2026-06-21 02:27:42,180 - picamera2.picamera2 - [picamera2.py:1391] - DEBUG - Execute job: <picamera2.job.Job object at 0x7f4b94b310>
2026-06-21 02:27:42,186 - mazeUtils.device.camera - [camera.py:39] - DEBUG - Average HSV: H=141.0, S=31.3, V=207.7
2026-06-21 02:27:42,215 - mazeUtils.moveTile - [moveTile.py:1366] - INFO - practicalVerticalMove: -0.2684071455973369 CM
2026-06-21 02:27:42,270 - mazeUtils.moveTile - [moveTile.py:79] - DEBUG - Little forward to adjust position
2026-06-21 02:27:42,426 - mazeUtils.moveTile - [moveTile.py:1636] - INFO - Set moved vertical distance: -0.2684071455973369 cm, past distances: [(0, False), (0, False), (0, False)]
2026-06-21 02:27:42,523 - mazeUtils.moveTile - [moveTile.py:528] - DEBUG - Direction: absDirection.NORTH, Angle: 0, Distance: 12.617300942630283 cm
2026-06-21 02:27:42,524 - mazeUtils.moveTile - [moveTile.py:552] - DEBUG - Front LiDAR distance: 12.617300942630283 cm, TSD10 distance: 1.6 cm
2026-06-21 02:27:42,527 - mazeUtils.moveTile - [moveTile.py:528] - DEBUG - Direction: absDirection.EAST, Angle: 270, Distance: 17.150582537954186 cm
2026-06-21 02:27:42,529 - mazeUtils.moveTile - [moveTile.py:528] - DEBUG - Direction: absDirection.SOUTH, Angle: 180, Distance: 141.89721154292272 cm
2026-06-21 02:27:42,533 - mazeUtils.moveTile - [moveTile.py:528] - DEBUG - Direction: absDirection.WEST, Angle: 90, Distance: 17.223995864939127 cm
2026-06-21 02:27:42,537 - mazeUtils.moveTile - [moveTile.py:1766] - INFO - Tile color detection counts: {}, decided tile type: E
2026-06-21 02:27:42,622 - __main__ - [main.py:91] - INFO - Current position: (20, 19, 0), front direction: absDirection.NORTH
Layer 0 (altitude=0.0cm, offset=(0.0cm, 0.0cm)):
Known map area: x=20..20, y=19..20
+---+
| @ |
+   +
| S  
+   +
mazeAsGraph[0][19][20] = {absDirection.NORTH: None, absDirection.EAST: None, absDirection.SOUTH: (20, 20, 0, 30), absDirection.WEST: None}
mazeAsGraph[0][20][20] = {absDirection.NORTH: (20, 19, 0, 30), absDirection.EAST: (21, 20, 0, 30), absDirection.SOUTH: (20, 21, 0, 30), absDirection.WEST: None}
2026-06-21 02:27:42,630 - mazeUtils.mazeMap - [mazeMap.py:61] - INFO - next goal: (20, 21, 0)
2026-06-21 02:27:42,637 - mazeUtils.moveTile - [moveTile.py:79] - DEBUG - Moving to absDirection.SOUTH from (20, 19, 0) facing absDirection.NORTH
2026-06-21 02:27:42,664 - mazeUtils.moveTile - [moveTile.py:79] - DEBUG - current heading: 1.4400000000000546 target: 45
2026-06-21 02:27:43,013 - mazeUtils.moveTile - [moveTile.py:371] - INFO - Find victim on RIGHT side during turn: UnitVStatus.R_VICTIM
2026-06-21 02:27:43,014 - mazeUtils.moveTile - [moveTile.py:612] - INFO - Detected 2-point Cognitive Target victim, dropping only one rescue kit.
2026-06-21 02:27:43,015 - mazeUtils.moveTile - [moveTile.py:638] - INFO - Detected previously seen victims on Side.RIGHT side: {<UnitVStatus.R_VICTIM: 6>}, max dropped kits: 2. Adjusting needRescueKitCount accordingly.
2026-06-21 02:27:43,029 - mazeUtils.moveTile - [moveTile.py:79] - DEBUG - Turning to 30.370000000000005 deg, current heading: 32.620000000000005 deg, turnAngle: 2.25 deg
2026-06-21 02:27:43,061 - mazeUtils.moveTile - [moveTile.py:79] - DEBUG - gyro:34.910000000000025 deg, derivative: 2.2900000000000205, turnSpeed: 9.080000000000041
2026-06-21 02:27:43,097 - mazeUtils.moveTile - [moveTile.py:79] - DEBUG - gyro:38.120000000000005 deg, derivative: 3.2099999999999795, turnSpeed: 15.5
2026-06-21 02:27:43,124 - mazeUtils.moveTile - [moveTile.py:79] - DEBUG - gyro:39.89000000000004 deg, derivative: 1.7700000000000387, turnSpeed: 19.040000000000077
2026-06-21 02:27:43,150 - mazeUtils.moveTile - [moveTile.py:79] - DEBUG - gyro:39.38000000000005 deg, derivative: -0.5099999999999909, turnSpeed: 18.020000000000095
2026-06-21 02:27:43,187 - mazeUtils.moveTile - [moveTile.py:79] - DEBUG - gyro:38.09000000000003 deg, derivative: -1.2900000000000205, turnSpeed: 15.440000000000055
2026-06-21 02:27:43,215 - mazeUtils.moveTile - [moveTile.py:79] - DEBUG - gyro:36.98000000000002 deg, derivative: -1.1100000000000136, turnSpeed: 13.220000000000027
2026-06-21 02:27:43,241 - mazeUtils.moveTile - [moveTile.py:79] - DEBUG - gyro:36.05000000000001 deg, derivative: -0.9300000000000068, turnSpeed: 11.360000000000014
2026-06-21 02:27:43,271 - mazeUtils.moveTile - [moveTile.py:79] - DEBUG - gyro:35.99000000000001 deg, derivative: -0.060000000000002274, turnSpeed: 11.240000000000009
2026-06-21 02:27:43,305 - mazeUtils.moveTile - [moveTile.py:79] - DEBUG - gyro:35.690000000000055 deg, derivative: -0.2999999999999545, turnSpeed: 10.6400000000001
2026-06-21 02:27:43,333 - mazeUtils.moveTile - [moveTile.py:79] - DEBUG - gyro:35.18000000000001 deg, derivative: -0.5100000000000477, turnSpeed: 9.620000000000005
2026-06-21 02:27:43,369 - mazeUtils.moveTile - [moveTile.py:79] - DEBUG - gyro:34.72000000000003 deg, derivative: -0.45999999999997954, turnSpeed: 8.700000000000045
2026-06-21 02:27:43,403 - mazeUtils.moveTile - [moveTile.py:79] - DEBUG - gyro:34.23000000000002 deg, derivative: -0.4900000000000091, turnSpeed: 7.720000000000027
2026-06-21 02:27:43,430 - mazeUtils.moveTile - [moveTile.py:79] - DEBUG - gyro:33.88000000000005 deg, derivative: -0.3499999999999659, turnSpeed: 7.0200000000000955
2026-06-21 02:27:43,460 - mazeUtils.moveTile - [moveTile.py:79] - DEBUG - gyro:33.55000000000001 deg, derivative: -0.3300000000000409, turnSpeed: 6.360000000000014
2026-06-21 02:27:43,486 - mazeUtils.moveTile - [moveTile.py:79] - DEBUG - gyro:33.29000000000002 deg, derivative: -0.2599999999999909, turnSpeed: 5.840000000000032
2026-06-21 02:27:43,511 - mazeUtils.moveTile - [moveTile.py:79] - DEBUG - gyro:33.06 deg, derivative: -0.2300000000000182, turnSpeed: 5.3799999999999955
2026-06-21 02:27:43,542 - mazeUtils.moveTile - [moveTile.py:79] - DEBUG - gyro:32.920000000000016 deg, derivative: -0.13999999999998636, turnSpeed: 5.100000000000023
2026-06-21 02:27:43,577 - mazeUtils.moveTile - [moveTile.py:79] - DEBUG - gyro:32.75 deg, derivative: -0.17000000000001592, turnSpeed: 4.759999999999991
2026-06-21 02:27:43,604 - mazeUtils.moveTile - [moveTile.py:79] - DEBUG - gyro:32.60000000000002 deg, derivative: -0.14999999999997726, turnSpeed: 4.460000000000036
2026-06-21 02:27:43,643 - mazeUtils.moveTile - [moveTile.py:79] - DEBUG - gyro:32.53000000000003 deg, derivative: -0.06999999999999318, turnSpeed: 4.32000000000005
2026-06-21 02:27:43,672 - mazeUtils.moveTile - [moveTile.py:79] - DEBUG - gyro:32.440000000000055 deg, derivative: -0.08999999999997499, turnSpeed: 4.1400000000001
2026-06-21 02:27:43,699 - mazeUtils.moveTile - [moveTile.py:79] - DEBUG - gyro:32.31 deg, derivative: -0.1300000000000523, turnSpeed: 3.8799999999999955
2026-06-21 02:27:43,724 - mazeUtils.moveTile - [moveTile.py:79] - DEBUG - gyro:32.200000000000045 deg, derivative: -0.1099999999999568, turnSpeed: 3.660000000000082
2026-06-21 02:27:43,760 - mazeUtils.moveTile - [moveTile.py:79] - DEBUG - gyro:32.05000000000001 deg, derivative: -0.1500000000000341, turnSpeed: 3.3600000000000136
2026-06-21 02:27:43,787 - mazeUtils.moveTile - [moveTile.py:79] - DEBUG - gyro:31.900000000000034 deg, derivative: -0.14999999999997726, turnSpeed: 3.060000000000059
2026-06-21 02:27:43,815 - mazeUtils.moveTile - [moveTile.py:79] - DEBUG - gyro:31.80000000000001 deg, derivative: -0.10000000000002274, turnSpeed: 2.8600000000000136
2026-06-21 02:27:43,841 - mazeUtils.moveTile - [moveTile.py:79] - DEBUG - gyro:31.74000000000001 deg, derivative: -0.060000000000002274, turnSpeed: 2.740000000000009
2026-06-21 02:27:43,876 - mazeUtils.moveTile - [moveTile.py:79] - DEBUG - gyro:31.640000000000043 deg, derivative: -0.0999999999999659, turnSpeed: 2.5400000000000773
2026-06-21 02:27:43,903 - mazeUtils.moveTile - [moveTile.py:79] - DEBUG - gyro:31.55000000000001 deg, derivative: -0.09000000000003183, turnSpeed: 2.3600000000000136
2026-06-21 02:27:43,932 - mazeUtils.moveTile - [moveTile.py:79] - DEBUG - gyro:31.450000000000045 deg, derivative: -0.0999999999999659, turnSpeed: 2.160000000000082
2026-06-21 02:27:43,957 - mazeUtils.moveTile - [moveTile.py:79] - DEBUG - gyro:31.390000000000043 deg, derivative: -0.060000000000002274, turnSpeed: 2.0400000000000773
2026-06-21 02:27:43,984 - mazeUtils.moveTile - [moveTile.py:79] - DEBUG - gyro:31.33000000000004 deg, derivative: -0.060000000000002274, turnSpeed: 1.9200000000000728
2026-06-21 02:27:44,014 - mazeUtils.moveTile - [moveTile.py:79] - DEBUG - gyro:31.27000000000004 deg, derivative: -0.060000000000002274, turnSpeed: 1.8000000000000682
2026-06-21 02:27:44,050 - mazeUtils.moveTile - [moveTile.py:79] - DEBUG - gyro:31.170000000000016 deg, derivative: -0.10000000000002274, turnSpeed: 1.6000000000000227
2026-06-21 02:27:44,077 - mazeUtils.moveTile - [moveTile.py:79] - DEBUG - gyro:31.090000000000032 deg, derivative: -0.07999999999998408, turnSpeed: 1.4400000000000546
2026-06-21 02:27:44,103 - mazeUtils.moveTile - [moveTile.py:79] - DEBUG - Turned to heading: 31.090000000000032 deg
2026-06-21 02:27:44,103 - mazeUtils.moveTile - [moveTile.py:382] - INFO - Dropped rescue kit, detected victim info: {<Side.LEFT: 0>: <UnitVStatus.NOTHING: 0>, <Side.RIGHT: 1>: <UnitVStatus.R_VICTIM: 6>}
2026-06-21 02:27:44,185 - mazeUtils.moveTile - [moveTile.py:371] - INFO - Find victim on RIGHT side during turn: UnitVStatus.Y_VICTIM
2026-06-21 02:27:44,187 - mazeUtils.moveTile - [moveTile.py:638] - INFO - Detected previously seen victims on Side.RIGHT side: {<UnitVStatus.Y_VICTIM: 5>, <UnitVStatus.R_VICTIM: 6>}, max dropped kits: 2. Adjusting needRescueKitCount accordingly.
2026-06-21 02:27:44,197 - mazeUtils.moveTile - [moveTile.py:79] - DEBUG - Turning to 31.150000000000034 deg, current heading: 31.610000000000014 deg, turnAngle: 0.45999999999997954 deg
2026-06-21 02:27:44,221 - mazeUtils.moveTile - [moveTile.py:79] - DEBUG - Turned to heading: 31.610000000000014 deg
2026-06-21 02:27:44,222 - mazeUtils.moveTile - [moveTile.py:382] - INFO - Dropped rescue kit, detected victim info: {<Side.LEFT: 0>: <UnitVStatus.NOTHING: 0>, <Side.RIGHT: 1>: <UnitVStatus.Y_VICTIM: 5>}
2026-06-21 02:27:44,353 - mazeUtils.moveTile - [moveTile.py:403] - DEBUG - stopped turning at heading: 40.200000000000045, diff: 4.7999999999999545
2026-06-21 02:27:44,414 - mazeUtils.moveTile - [moveTile.py:79] - DEBUG - Turned to heading: 44.400000000000034 deg
2026-06-21 02:27:44,949 - mazeUtils.moveTile - [moveTile.py:79] - DEBUG - current heading: 50.03000000000003 target: 90
2026-06-21 02:27:45,305 - mazeUtils.moveTile - [moveTile.py:403] - DEBUG - stopped turning at heading: 84.05000000000001, diff: 5.949999999999989
2026-06-21 02:27:45,367 - mazeUtils.moveTile - [moveTile.py:79] - DEBUG - Turned to heading: 90.27000000000004 deg
2026-06-21 02:27:45,394 - mazeUtils.moveTile - [moveTile.py:79] - DEBUG - current heading: 90.67000000000002 target: 135
2026-06-21 02:27:45,821 - mazeUtils.moveTile - [moveTile.py:403] - DEBUG - stopped turning at heading: 129.37000000000003, diff: 5.629999999999967
2026-06-21 02:27:45,877 - mazeUtils.moveTile - [moveTile.py:79] - DEBUG - Turned to heading: 134.52000000000004 deg
2026-06-21 02:27:46,410 - mazeUtils.moveTile - [moveTile.py:79] - DEBUG - current heading: 137.49 target: 180
2026-06-21 02:27:46,802 - mazeUtils.moveTile - [moveTile.py:403] - DEBUG - stopped turning at heading: 175.32000000000002, diff: 4.679999999999978
2026-06-21 02:27:46,857 - mazeUtils.moveTile - [moveTile.py:79] - DEBUG - Turned to heading: 180.10000000000002 deg
2026-06-21 02:27:46,906 - mazeUtils.moveTile - [moveTile.py:79] - DEBUG - Little backward to adjust position
2026-06-21 02:27:47,407 - mazeUtils.moveTile - [moveTile.py:1213] - DEBUG - Calculated target steps to next tile: 1 based on distance 30 cm
2026-06-21 02:27:47,416 - picamera2.picamera2 - [picamera2.py:1391] - DEBUG - Execute job: <picamera2.job.Job object at 0x7f7fd62690>
2026-06-21 02:27:47,423 - mazeUtils.device.camera - [camera.py:39] - DEBUG - Average HSV: H=167.5, S=18.3, V=226.4
2026-06-21 02:27:47,453 - mazeUtils.moveTile - [moveTile.py:79] - DEBUG - roll: 0.7800000000000296 deg, practicalMoveTime: 0.04533943578042814 sec
2026-06-21 02:27:47,455 - mazeUtils.moveTile - [moveTile.py:1421] - DEBUG - moveTile loop time: 44.6 ms
2026-06-21 02:27:47,465 - picamera2.picamera2 - [picamera2.py:1391] - DEBUG - Execute job: <picamera2.job.Job object at 0x7f7fd62a50>
2026-06-21 02:27:47,470 - mazeUtils.device.camera - [camera.py:39] - DEBUG - Average HSV: H=163.7, S=18.2, V=222.5
2026-06-21 02:27:47,502 - mazeUtils.moveTile - [moveTile.py:79] - DEBUG - roll: 1.0199999999999818 deg, practicalMoveTime: 0.09297602453141936 sec
2026-06-21 02:27:47,503 - mazeUtils.moveTile - [moveTile.py:1421] - DEBUG - moveTile loop time: 46.9 ms
2026-06-21 02:27:47,510 - picamera2.picamera2 - [picamera2.py:1391] - DEBUG - Execute job: <picamera2.job.Job object at 0x7f4b94b390>
2026-06-21 02:27:47,514 - mazeUtils.device.camera - [camera.py:39] - DEBUG - Average HSV: H=157.7, S=18.1, V=216.8
2026-06-21 02:27:47,546 - mazeUtils.moveTile - [moveTile.py:79] - DEBUG - roll: 358.88 deg, practicalMoveTime: 0.1363835147831903 sec
2026-06-21 02:27:47,547 - mazeUtils.moveTile - [moveTile.py:1421] - DEBUG - moveTile loop time: 42.9 ms
2026-06-21 02:27:47,553 - picamera2.picamera2 - [picamera2.py:1391] - DEBUG - Execute job: <picamera2.job.Job object at 0x7f8c4399d0>
2026-06-21 02:27:47,558 - mazeUtils.device.camera - [camera.py:39] - DEBUG - Average HSV: H=160.6, S=16.5, V=219.8
2026-06-21 02:27:47,590 - mazeUtils.moveTile - [moveTile.py:79] - DEBUG - roll: 0.4200000000000159 deg, practicalMoveTime: 0.17905309511908885 sec
2026-06-21 02:27:47,590 - mazeUtils.moveTile - [moveTile.py:1421] - DEBUG - moveTile loop time: 41.8 ms
2026-06-21 02:27:47,596 - picamera2.picamera2 - [picamera2.py:1391] - DEBUG - Execute job: <picamera2.job.Job object at 0x7f7fd62950>
2026-06-21 02:27:47,601 - mazeUtils.device.camera - [camera.py:39] - DEBUG - Average HSV: H=143.7, S=17.4, V=218.9
2026-06-21 02:27:47,628 - mazeUtils.moveTile - [moveTile.py:79] - DEBUG - roll: 359.64 deg, practicalMoveTime: 0.21649265606741408 sec
2026-06-21 02:27:47,628 - mazeUtils.moveTile - [moveTile.py:1421] - DEBUG - moveTile loop time: 37.7 ms
2026-06-21 02:27:47,635 - picamera2.picamera2 - [picamera2.py:1391] - DEBUG - Execute job: <picamera2.job.Job object at 0x7f4b983fd0>
2026-06-21 02:27:47,639 - mazeUtils.device.camera - [camera.py:39] - DEBUG - Average HSV: H=145.7, S=16.3, V=221.2
2026-06-21 02:27:47,670 - mazeUtils.moveTile - [moveTile.py:79] - DEBUG - roll: 0.4800000000000182 deg, practicalMoveTime: 0.25849481367946836 sec
2026-06-21 02:27:47,671 - mazeUtils.moveTile - [moveTile.py:1421] - DEBUG - moveTile loop time: 42.2 ms
2026-06-21 02:27:47,677 - picamera2.picamera2 - [picamera2.py:1391] - DEBUG - Execute job: <picamera2.job.Job object at 0x7f4b94b390>
2026-06-21 02:27:47,682 - mazeUtils.device.camera - [camera.py:39] - DEBUG - Average HSV: H=143.0, S=17.6, V=223.2
2026-06-21 02:27:47,716 - mazeUtils.moveTile - [moveTile.py:79] - DEBUG - roll: 358.87 deg, practicalMoveTime: 0.30313072553916626 sec
2026-06-21 02:27:47,717 - mazeUtils.moveTile - [moveTile.py:1421] - DEBUG - moveTile loop time: 45.2 ms
2026-06-21 02:27:47,721 - picamera2.picamera2 - [picamera2.py:1391] - DEBUG - Execute job: <picamera2.job.Job object at 0x7f67d97390>
2026-06-21 02:27:47,727 - mazeUtils.device.camera - [camera.py:39] - DEBUG - Average HSV: H=139.9, S=19.1, V=216.0
2026-06-21 02:27:47,750 - __main__ - [main.py:151] - INFO - Program interrupted by user.
2026-06-21 02:27:48,807 - mazeUtils.device.stm - [stm.py:216] - DEBUG - ACK resynchronized: type=STS_MOTOR dropped=3B seq=76
2026-06-21 02:27:49,322 - picamera2.picamera2 - [picamera2.py:1391] - DEBUG - Execute job: <picamera2.job.Job object at 0x7f8c6e6e10>
2026-06-21 02:27:49,337 - picamera2.picamera2 - [picamera2.py:1323] - INFO - Camera stopped
2026-06-21 02:27:49,538 - picamera2.picamera2 - [picamera2.py:1329] - DEBUG - Camera was not started
2026-06-21 02:27:49,740 - picamera2.picamera2 - [picamera2.py:723] - INFO - Camera closed successfully.
2026-06-21 02:27:49,978 - picamera2.picamera2 - [picamera2.py:500] - DEBUG - Resources now free: <picamera2.picamera2.Picamera2 object at 0x7f7fcd2550>
