2026-06-18 01:17:56,358 - root - [logging_config.py:61] - INFO - Logging initialized. Log file: /home/tuton/Kanto2026RPi/src/config/../logs/robot_20260618_011755.log
2026-06-18 01:17:58,387 - mazeUtils.device.LiDAR - [LiDAR.py:36] - INFO - Available ports: <ydlidar.Str2strMap; proxy of <Swig Object of type 'std::map< std::string,std::string > *' at 0x7f813d66a0> >
2026-06-18 01:18:02,346 - mazeUtils.moveTile - [moveTile.py:527] - DEBUG - Direction: absDirection.NORTH, Angle: 0, Distance: 165.75670085605452 cm
2026-06-18 01:18:02,347 - mazeUtils.moveTile - [moveTile.py:550] - DEBUG - Front LiDAR distance: 165.75670085605452 cm, TSD10 distance: 97.6 cm
2026-06-18 01:18:02,349 - mazeUtils.moveTile - [moveTile.py:527] - DEBUG - Direction: absDirection.EAST, Angle: 270, Distance: 17.65317703305041 cm
2026-06-18 01:18:02,351 - mazeUtils.moveTile - [moveTile.py:527] - DEBUG - Direction: absDirection.SOUTH, Angle: 180, Distance: 16.69049510388879 cm
2026-06-18 01:18:02,354 - mazeUtils.moveTile - [moveTile.py:527] - DEBUG - Direction: absDirection.WEST, Angle: 90, Distance: 16.556997102212904 cm
2026-06-18 01:18:02,355 - __main__ - [main.py:69] - INFO - Initial Map:
2026-06-18 01:18:02,386 - __main__ - [main.py:70] - INFO - Current position: (20, 20, 0), front direction: absDirection.NORTH
Layer 0 (altitude=0.0cm, offset=(0.0cm, 0.0cm)):
Known map area: x=20..20, y=20..20
+   +
| @ |
+---+
mazeAsGraph[0][20][20] = {absDirection.NORTH: (20, 19, 0, 30), absDirection.EAST: None, absDirection.SOUTH: None, absDirection.WEST: None}
2026-06-18 01:18:02,389 - mazeUtils.mazeMap - [mazeMap.py:61] - INFO - next goal: (20, 19, 0)
2026-06-18 01:18:02,390 - __main__ - [main.py:73] - INFO - Next Direction: [<absDirection.NORTH: 0>]
2026-06-18 01:18:02,391 - __main__ - [main.py:74] - INFO - Exploration started.
2026-06-18 01:18:02,393 - mazeUtils.moveTile - [moveTile.py:88] - DEBUG - [3056.682100] moveTile start direction=absDirection.NORTH position=(20, 20, 0) front=absDirection.NORTH
2026-06-18 01:18:02,397 - mazeUtils.moveTile - [moveTile.py:90] - DEBUG - [3056.686943] moveTile after initial toggle check (+4.8 ms)
2026-06-18 01:18:02,400 - mazeUtils.moveTile - [moveTile.py:90] - DEBUG - [3056.689526] moveTile after tile checks isRedTile=False isUnknownTileAhead=True (+2.6 ms)
2026-06-18 01:18:02,401 - mazeUtils.moveTile - [moveTile.py:79] - DEBUG - Moving to absDirection.NORTH from (20, 20, 0) facing absDirection.NORTH
2026-06-18 01:18:02,401 - mazeUtils.moveTile - [moveTile.py:90] - DEBUG - [3056.690455] moveTile updated front direction (+0.9 ms)
2026-06-18 01:18:02,412 - mazeUtils.moveTile - [moveTile.py:90] - DEBUG - [3056.701505] moveTile acquired initial LiDAR scan (+11.0 ms)
2026-06-18 01:18:02,453 - mazeUtils.moveTile - [moveTile.py:90] - DEBUG - [3056.742404] moveTile stopped motors before alignment (+40.9 ms)
2026-06-18 01:18:02,513 - mazeUtils.moveTile - [moveTile.py:90] - DEBUG - [3056.802395] moveTile start backward adjustment behind_wall_dist=16.685002526798264 (+60.0 ms)
2026-06-18 01:18:02,553 - mazeUtils.moveTile - [moveTile.py:79] - DEBUG - Little backward to adjust position
2026-06-18 01:18:02,910 - mazeUtils.moveTile - [moveTile.py:90] - DEBUG - [3057.199525] moveTile finished backward adjustment (+397.1 ms)
2026-06-18 01:18:02,950 - mazeUtils.moveTile - [moveTile.py:90] - DEBUG - [3057.240031] moveTile ready for forward move (+40.5 ms)
2026-06-18 01:18:03,050 - mazeUtils.moveTile - [moveTile.py:90] - DEBUG - [3057.339608] moveTile initialized movement targetSteps=1 (+99.6 ms)
2026-06-18 01:18:03,053 - mazeUtils.moveTile - [moveTile.py:90] - DEBUG - [3057.342169] moveTile loop start (+2.6 ms)
2026-06-18 01:18:03,059 - picamera2.picamera2 - [picamera2.py:1391] - DEBUG - Execute job: <picamera2.job.Job object at 0x7f9a32ed50>
2026-06-18 01:18:03,068 - mazeUtils.device.camera - [camera.py:39] - DEBUG - Average HSV: H=167.1, S=18.7, V=224.0
2026-06-18 01:18:03,074 - mazeUtils.moveTile - [moveTile.py:90] - DEBUG - [3057.363327] moveTile calculated motor speeds left=100 right=95 gyroSteer=0.13500000000001933 wallSteer=4.0 (+21.2 ms)
2026-06-18 01:18:03,117 - mazeUtils.moveTile - [moveTile.py:90] - DEBUG - [3057.406239] moveTile applied motor speed left=100 right=95 (+42.9 ms)
2026-06-18 01:18:03,117 - mazeUtils.moveTile - [moveTile.py:90] - DEBUG - [3057.406663] moveTile ramp check isBigRamp=False (+0.4 ms)
2026-06-18 01:18:03,120 - mazeUtils.moveTile - [moveTile.py:90] - DEBUG - [3057.409733] moveTile tile color check tempTileColor=E (+3.1 ms)
2026-06-18 01:18:03,120 - mazeUtils.moveTile - [moveTile.py:90] - DEBUG - [3057.410074] moveTile obstacle check escapeFlag=False (+0.3 ms)
2026-06-18 01:18:03,121 - mazeUtils.moveTile - [moveTile.py:79] - DEBUG - roll: 359.38 deg, practicalMoveTime: 0.07074514068595425 sec
2026-06-18 01:18:03,121 - mazeUtils.moveTile - [moveTile.py:1306] - DEBUG - moveTile loop time: 68.5 ms
2026-06-18 01:18:03,121 - mazeUtils.moveTile - [moveTile.py:90] - DEBUG - [3057.410847] moveTile loop end practicalMoveTime=0.071 (+0.8 ms)
2026-06-18 01:18:03,122 - mazeUtils.moveTile - [moveTile.py:90] - DEBUG - [3057.411344] moveTile loop start (+0.5 ms)
2026-06-18 01:18:03,128 - picamera2.picamera2 - [picamera2.py:1391] - DEBUG - Execute job: <picamera2.job.Job object at 0x7f813772d0>
2026-06-18 01:18:03,134 - mazeUtils.device.camera - [camera.py:39] - DEBUG - Average HSV: H=167.2, S=18.9, V=224.0
2026-06-18 01:18:03,140 - mazeUtils.moveTile - [moveTile.py:90] - DEBUG - [3057.429772] moveTile calculated motor speeds left=100 right=97 gyroSteer=-0.4849999999999852 wallSteer=3.200000000000003 (+18.4 ms)
2026-06-18 01:18:03,181 - mazeUtils.moveTile - [moveTile.py:90] - DEBUG - [3057.470284] moveTile applied motor speed left=100 right=97 (+40.5 ms)
2026-06-18 01:18:03,181 - mazeUtils.moveTile - [moveTile.py:90] - DEBUG - [3057.470645] moveTile ramp check isBigRamp=False (+0.4 ms)
2026-06-18 01:18:03,184 - mazeUtils.moveTile - [moveTile.py:90] - DEBUG - [3057.473205] moveTile tile color check tempTileColor=E (+2.6 ms)
2026-06-18 01:18:03,184 - mazeUtils.moveTile - [moveTile.py:90] - DEBUG - [3057.473560] moveTile obstacle check escapeFlag=False (+0.4 ms)
2026-06-18 01:18:03,184 - mazeUtils.moveTile - [moveTile.py:79] - DEBUG - roll: 358.33 deg, practicalMoveTime: 0.1339535647965231 sec
2026-06-18 01:18:03,185 - mazeUtils.moveTile - [moveTile.py:1306] - DEBUG - moveTile loop time: 62.9 ms
2026-06-18 01:18:03,185 - mazeUtils.moveTile - [moveTile.py:90] - DEBUG - [3057.474516] moveTile loop end practicalMoveTime=0.134 (+1.0 ms)
2026-06-18 01:18:03,185 - mazeUtils.moveTile - [moveTile.py:90] - DEBUG - [3057.474660] moveTile loop start (+0.1 ms)
2026-06-18 01:18:03,189 - picamera2.picamera2 - [picamera2.py:1391] - DEBUG - Execute job: <picamera2.job.Job object at 0x7f813cda50>
2026-06-18 01:18:03,192 - mazeUtils.device.camera - [camera.py:39] - DEBUG - Average HSV: H=167.0, S=19.0, V=225.2
2026-06-18 01:18:03,196 - mazeUtils.moveTile - [moveTile.py:90] - DEBUG - [3057.485973] moveTile calculated motor speeds left=100 right=97 gyroSteer=-0.585000000000008 wallSteer=3.200000000000003 (+11.3 ms)
2026-06-18 01:18:03,237 - mazeUtils.moveTile - [moveTile.py:90] - DEBUG - [3057.526618] moveTile applied motor speed left=100 right=97 (+40.6 ms)
2026-06-18 01:18:03,237 - mazeUtils.moveTile - [moveTile.py:90] - DEBUG - [3057.527022] moveTile ramp check isBigRamp=False (+0.4 ms)
2026-06-18 01:18:03,240 - mazeUtils.moveTile - [moveTile.py:90] - DEBUG - [3057.529589] moveTile tile color check tempTileColor=E (+2.6 ms)
2026-06-18 01:18:03,240 - mazeUtils.moveTile - [moveTile.py:90] - DEBUG - [3057.529893] moveTile obstacle check escapeFlag=False (+0.3 ms)
2026-06-18 01:18:03,241 - mazeUtils.moveTile - [moveTile.py:79] - DEBUG - roll: 359.13 deg, practicalMoveTime: 0.18989418055837426 sec
2026-06-18 01:18:03,241 - mazeUtils.moveTile - [moveTile.py:1306] - DEBUG - moveTile loop time: 55.9 ms
2026-06-18 01:18:03,241 - mazeUtils.moveTile - [moveTile.py:90] - DEBUG - [3057.530794] moveTile loop end practicalMoveTime=0.190 (+0.9 ms)
2026-06-18 01:18:03,241 - mazeUtils.moveTile - [moveTile.py:90] - DEBUG - [3057.531010] moveTile loop start (+0.2 ms)
2026-06-18 01:18:03,246 - picamera2.picamera2 - [picamera2.py:1391] - DEBUG - Execute job: <picamera2.job.Job object at 0x7f813cd3d0>
2026-06-18 01:18:03,249 - mazeUtils.device.camera - [camera.py:39] - DEBUG - Average HSV: H=166.5, S=18.5, V=223.7
2026-06-18 01:18:03,256 - mazeUtils.moveTile - [moveTile.py:90] - DEBUG - [3057.545363] moveTile calculated motor speeds left=100 right=97 gyroSteer=-0.3050000000000068 wallSteer=2.3999999999999986 (+14.4 ms)
2026-06-18 01:18:03,296 - mazeUtils.moveTile - [moveTile.py:90] - DEBUG - [3057.585755] moveTile applied motor speed left=100 right=97 (+40.4 ms)
2026-06-18 01:18:03,297 - mazeUtils.moveTile - [moveTile.py:90] - DEBUG - [3057.586120] moveTile ramp check isBigRamp=False (+0.4 ms)
2026-06-18 01:18:03,299 - mazeUtils.moveTile - [moveTile.py:90] - DEBUG - [3057.588809] moveTile tile color check tempTileColor=E (+2.7 ms)
2026-06-18 01:18:03,300 - mazeUtils.moveTile - [moveTile.py:90] - DEBUG - [3057.589176] moveTile obstacle check escapeFlag=False (+0.4 ms)
2026-06-18 01:18:03,300 - mazeUtils.moveTile - [moveTile.py:79] - DEBUG - roll: 357.85999999999996 deg, practicalMoveTime: 0.24882302753575686 sec
2026-06-18 01:18:03,300 - mazeUtils.moveTile - [moveTile.py:1306] - DEBUG - moveTile loop time: 58.8 ms
2026-06-18 01:18:03,300 - mazeUtils.moveTile - [moveTile.py:90] - DEBUG - [3057.590080] moveTile loop end practicalMoveTime=0.249 (+0.9 ms)
2026-06-18 01:18:03,301 - mazeUtils.moveTile - [moveTile.py:90] - DEBUG - [3057.590306] moveTile loop start (+0.2 ms)
2026-06-18 01:18:03,305 - picamera2.picamera2 - [picamera2.py:1391] - DEBUG - Execute job: <picamera2.job.Job object at 0x7f63158c50>
2026-06-18 01:18:03,309 - mazeUtils.device.camera - [camera.py:39] - DEBUG - Average HSV: H=167.2, S=18.5, V=227.0
2026-06-18 01:18:03,313 - mazeUtils.moveTile - [moveTile.py:90] - DEBUG - [3057.602298] moveTile calculated motor speeds left=100 right=98 gyroSteer=-0.41499999999999204 wallSteer=2.3999999999999986 (+12.0 ms)
2026-06-18 01:18:03,353 - mazeUtils.moveTile - [moveTile.py:90] - DEBUG - [3057.642900] moveTile applied motor speed left=100 right=98 (+40.6 ms)
2026-06-18 01:18:03,354 - mazeUtils.moveTile - [moveTile.py:90] - DEBUG - [3057.643319] moveTile ramp check isBigRamp=False (+0.4 ms)
2026-06-18 01:18:03,357 - mazeUtils.moveTile - [moveTile.py:90] - DEBUG - [3057.647057] moveTile tile color check tempTileColor=E (+3.7 ms)
2026-06-18 01:18:03,358 - mazeUtils.moveTile - [moveTile.py:90] - DEBUG - [3057.647434] moveTile obstacle check escapeFlag=False (+0.4 ms)
2026-06-18 01:18:03,358 - mazeUtils.moveTile - [moveTile.py:79] - DEBUG - roll: 359.77 deg, practicalMoveTime: 0.30686890079180895 sec
2026-06-18 01:18:03,359 - mazeUtils.moveTile - [moveTile.py:1306] - DEBUG - moveTile loop time: 58.0 ms
2026-06-18 01:18:03,359 - mazeUtils.moveTile - [moveTile.py:90] - DEBUG - [3057.648463] moveTile loop end practicalMoveTime=0.307 (+1.0 ms)
2026-06-18 01:18:03,359 - mazeUtils.moveTile - [moveTile.py:90] - DEBUG - [3057.648614] moveTile loop start (+0.2 ms)
2026-06-18 01:18:03,364 - picamera2.picamera2 - [picamera2.py:1391] - DEBUG - Execute job: <picamera2.job.Job object at 0x7f813f8410>
2026-06-18 01:18:03,368 - mazeUtils.device.camera - [camera.py:39] - DEBUG - Average HSV: H=165.7, S=17.6, V=228.6
2026-06-18 01:18:03,374 - mazeUtils.moveTile - [moveTile.py:90] - DEBUG - [3057.663690] moveTile calculated motor speeds left=100 right=97 gyroSteer=-0.2699999999999818 wallSteer=2.3999999999999986 (+15.1 ms)
2026-06-18 01:18:03,414 - mazeUtils.moveTile - [moveTile.py:90] - DEBUG - [3057.703847] moveTile applied motor speed left=100 right=97 (+40.2 ms)
2026-06-18 01:18:03,415 - mazeUtils.moveTile - [moveTile.py:90] - DEBUG - [3057.704278] moveTile ramp check isBigRamp=False (+0.4 ms)
2026-06-18 01:18:03,417 - mazeUtils.moveTile - [moveTile.py:90] - DEBUG - [3057.706852] moveTile tile color check tempTileColor=E (+2.6 ms)
2026-06-18 01:18:03,418 - mazeUtils.moveTile - [moveTile.py:90] - DEBUG - [3057.707127] moveTile obstacle check escapeFlag=False (+0.3 ms)
2026-06-18 01:18:03,418 - mazeUtils.moveTile - [moveTile.py:79] - DEBUG - roll: 358.53 deg, practicalMoveTime: 0.36594340480612036 sec
2026-06-18 01:18:03,418 - mazeUtils.moveTile - [moveTile.py:1306] - DEBUG - moveTile loop time: 59.1 ms
2026-06-18 01:18:03,418 - mazeUtils.moveTile - [moveTile.py:90] - DEBUG - [3057.707990] moveTile loop end practicalMoveTime=0.366 (+0.9 ms)
2026-06-18 01:18:03,419 - mazeUtils.moveTile - [moveTile.py:90] - DEBUG - [3057.708228] moveTile loop start (+0.2 ms)
2026-06-18 01:18:03,424 - picamera2.picamera2 - [picamera2.py:1391] - DEBUG - Execute job: <picamera2.job.Job object at 0x7f9a321750>
2026-06-18 01:18:03,427 - mazeUtils.device.camera - [camera.py:39] - DEBUG - Average HSV: H=166.7, S=18.3, V=226.9
2026-06-18 01:18:03,433 - mazeUtils.moveTile - [moveTile.py:90] - DEBUG - [3057.722100] moveTile calculated motor speeds left=100 right=99 gyroSteer=-0.7450000000000045 wallSteer=1.5999999999999979 (+13.9 ms)
2026-06-18 01:18:03,474 - mazeUtils.moveTile - [moveTile.py:90] - DEBUG - [3057.763547] moveTile applied motor speed left=100 right=99 (+41.4 ms)
2026-06-18 01:18:03,474 - mazeUtils.moveTile - [moveTile.py:90] - DEBUG - [3057.764053] moveTile ramp check isBigRamp=False (+0.5 ms)
2026-06-18 01:18:03,477 - mazeUtils.moveTile - [moveTile.py:90] - DEBUG - [3057.766655] moveTile tile color check tempTileColor=E (+2.6 ms)
2026-06-18 01:18:03,477 - mazeUtils.moveTile - [moveTile.py:90] - DEBUG - [3057.766983] moveTile obstacle check escapeFlag=False (+0.3 ms)
2026-06-18 01:18:03,478 - mazeUtils.moveTile - [moveTile.py:79] - DEBUG - roll: 359.04999999999995 deg, practicalMoveTime: 0.4254473629043718 sec
2026-06-18 01:18:03,478 - mazeUtils.moveTile - [moveTile.py:1306] - DEBUG - moveTile loop time: 59.3 ms
2026-06-18 01:18:03,478 - mazeUtils.moveTile - [moveTile.py:90] - DEBUG - [3057.767701] moveTile loop end practicalMoveTime=0.425 (+0.7 ms)
2026-06-18 01:18:03,478 - mazeUtils.moveTile - [moveTile.py:90] - DEBUG - [3057.767867] moveTile loop start (+0.2 ms)
2026-06-18 01:18:03,483 - picamera2.picamera2 - [picamera2.py:1391] - DEBUG - Execute job: <picamera2.job.Job object at 0x7f9a32ed50>
2026-06-18 01:18:03,486 - mazeUtils.device.camera - [camera.py:39] - DEBUG - Average HSV: H=166.8, S=18.0, V=227.5
2026-06-18 01:18:03,493 - mazeUtils.moveTile - [moveTile.py:90] - DEBUG - [3057.782133] moveTile calculated motor speeds left=100 right=98 gyroSteer=-0.3299999999999841 wallSteer=2.0 (+14.3 ms)
2026-06-18 01:18:03,533 - mazeUtils.moveTile - [moveTile.py:90] - DEBUG - [3057.822889] moveTile applied motor speed left=100 right=98 (+40.8 ms)
2026-06-18 01:18:03,534 - mazeUtils.moveTile - [moveTile.py:90] - DEBUG - [3057.823279] moveTile ramp check isBigRamp=False (+0.4 ms)
2026-06-18 01:18:03,537 - mazeUtils.moveTile - [moveTile.py:90] - DEBUG - [3057.826243] moveTile tile color check tempTileColor=E (+3.0 ms)
2026-06-18 01:18:03,537 - mazeUtils.moveTile - [moveTile.py:90] - DEBUG - [3057.826574] moveTile obstacle check escapeFlag=False (+0.3 ms)
2026-06-18 01:18:03,537 - mazeUtils.moveTile - [moveTile.py:79] - DEBUG - roll: 357.04999999999995 deg, practicalMoveTime: 0.4846606305137566 sec
2026-06-18 01:18:03,538 - mazeUtils.moveTile - [moveTile.py:1306] - DEBUG - moveTile loop time: 59.2 ms
2026-06-18 01:18:03,538 - mazeUtils.moveTile - [moveTile.py:90] - DEBUG - [3057.827265] moveTile loop end practicalMoveTime=0.485 (+0.7 ms)
2026-06-18 01:18:03,538 - mazeUtils.moveTile - [moveTile.py:90] - DEBUG - [3057.827401] moveTile loop start (+0.1 ms)
2026-06-18 01:18:03,542 - picamera2.picamera2 - [picamera2.py:1391] - DEBUG - Execute job: <picamera2.job.Job object at 0x7f63158d50>
2026-06-18 01:18:03,545 - mazeUtils.device.camera - [camera.py:39] - DEBUG - Average HSV: H=164.1, S=16.8, V=229.0
2026-06-18 01:18:03,551 - mazeUtils.moveTile - [moveTile.py:90] - DEBUG - [3057.840303] moveTile calculated motor speeds left=100 right=99 gyroSteer=-0.5900000000000034 wallSteer=0.8000000000000007 (+12.9 ms)
2026-06-18 01:18:03,590 - mazeUtils.moveTile - [moveTile.py:90] - DEBUG - [3057.879920] moveTile applied motor speed left=100 right=99 (+39.6 ms)
2026-06-18 01:18:03,591 - mazeUtils.moveTile - [moveTile.py:90] - DEBUG - [3057.880319] moveTile ramp check isBigRamp=False (+0.4 ms)
2026-06-18 01:18:03,593 - mazeUtils.moveTile - [moveTile.py:90] - DEBUG - [3057.882970] moveTile tile color check tempTileColor=E (+2.7 ms)
2026-06-18 01:18:03,594 - mazeUtils.moveTile - [moveTile.py:90] - DEBUG - [3057.883301] moveTile obstacle check escapeFlag=False (+0.3 ms)
2026-06-18 01:18:03,594 - mazeUtils.moveTile - [moveTile.py:79] - DEBUG - roll: 359.46999999999997 deg, practicalMoveTime: 0.5411205027785813 sec
2026-06-18 01:18:03,594 - mazeUtils.moveTile - [moveTile.py:1306] - DEBUG - moveTile loop time: 56.5 ms
2026-06-18 01:18:03,595 - mazeUtils.moveTile - [moveTile.py:90] - DEBUG - [3057.884114] moveTile loop end practicalMoveTime=0.541 (+0.8 ms)
2026-06-18 01:18:03,595 - mazeUtils.moveTile - [moveTile.py:90] - DEBUG - [3057.884262] moveTile loop start (+0.1 ms)
2026-06-18 01:18:03,600 - picamera2.picamera2 - [picamera2.py:1391] - DEBUG - Execute job: <picamera2.job.Job object at 0x7f813772d0>
2026-06-18 01:18:03,603 - mazeUtils.device.camera - [camera.py:39] - DEBUG - Average HSV: H=167.7, S=18.3, V=228.8
2026-06-18 01:18:03,607 - mazeUtils.moveTile - [moveTile.py:90] - DEBUG - [3057.896369] moveTile calculated motor speeds left=100 right=99 gyroSteer=-0.16499999999999204 wallSteer=0.8000000000000007 (+12.1 ms)
2026-06-18 01:18:03,648 - mazeUtils.moveTile - [moveTile.py:90] - DEBUG - [3057.937180] moveTile applied motor speed left=100 right=99 (+40.8 ms)
2026-06-18 01:18:03,648 - mazeUtils.moveTile - [moveTile.py:90] - DEBUG - [3057.937573] moveTile ramp check isBigRamp=False (+0.4 ms)
2026-06-18 01:18:03,651 - mazeUtils.moveTile - [moveTile.py:90] - DEBUG - [3057.940200] moveTile tile color check tempTileColor=E (+2.6 ms)
2026-06-18 01:18:03,651 - mazeUtils.moveTile - [moveTile.py:90] - DEBUG - [3057.940543] moveTile obstacle check escapeFlag=False (+0.3 ms)
2026-06-18 01:18:03,651 - mazeUtils.moveTile - [moveTile.py:79] - DEBUG - roll: 357.89 deg, practicalMoveTime: 0.5979952903981041 sec
2026-06-18 01:18:03,651 - mazeUtils.moveTile - [moveTile.py:1306] - DEBUG - moveTile loop time: 56.8 ms
2026-06-18 01:18:03,652 - mazeUtils.moveTile - [moveTile.py:90] - DEBUG - [3057.941241] moveTile loop end practicalMoveTime=0.598 (+0.7 ms)
2026-06-18 01:18:03,652 - mazeUtils.moveTile - [moveTile.py:90] - DEBUG - [3057.941377] moveTile loop start (+0.1 ms)
2026-06-18 01:18:03,657 - picamera2.picamera2 - [picamera2.py:1391] - DEBUG - Execute job: <picamera2.job.Job object at 0x7f9072c990>
2026-06-18 01:18:03,660 - mazeUtils.device.camera - [camera.py:39] - DEBUG - Average HSV: H=166.2, S=17.3, V=229.4
2026-06-18 01:18:03,666 - mazeUtils.moveTile - [moveTile.py:90] - DEBUG - [3057.955811] moveTile calculated motor speeds left=99 right=100 gyroSteer=-0.9499999999999886 wallSteer=0.8000000000000007 (+14.4 ms)
2026-06-18 01:18:03,707 - mazeUtils.moveTile - [moveTile.py:90] - DEBUG - [3057.996570] moveTile applied motor speed left=99 right=100 (+40.8 ms)
2026-06-18 01:18:03,707 - mazeUtils.moveTile - [moveTile.py:90] - DEBUG - [3057.996965] moveTile ramp check isBigRamp=False (+0.4 ms)
2026-06-18 01:18:03,710 - mazeUtils.moveTile - [moveTile.py:90] - DEBUG - [3057.999568] moveTile tile color check tempTileColor=E (+2.6 ms)
2026-06-18 01:18:03,710 - mazeUtils.moveTile - [moveTile.py:90] - DEBUG - [3057.999825] moveTile obstacle check escapeFlag=False (+0.3 ms)
2026-06-18 01:18:03,711 - mazeUtils.moveTile - [moveTile.py:79] - DEBUG - roll: 359.42999999999995 deg, practicalMoveTime: 0.6570028759576921 sec
2026-06-18 01:18:03,711 - mazeUtils.moveTile - [moveTile.py:1306] - DEBUG - moveTile loop time: 59.1 ms
2026-06-18 01:18:03,711 - mazeUtils.moveTile - [moveTile.py:90] - DEBUG - [3058.000708] moveTile loop end practicalMoveTime=0.657 (+0.9 ms)
2026-06-18 01:18:03,712 - mazeUtils.moveTile - [moveTile.py:90] - DEBUG - [3058.001131] moveTile loop start (+0.4 ms)
2026-06-18 01:18:03,715 - picamera2.picamera2 - [picamera2.py:1391] - DEBUG - Execute job: <picamera2.job.Job object at 0x7f9a32ed50>
2026-06-18 01:18:03,719 - mazeUtils.device.camera - [camera.py:39] - DEBUG - Average HSV: H=163.7, S=16.5, V=227.3
2026-06-18 01:18:03,723 - mazeUtils.moveTile - [moveTile.py:90] - DEBUG - [3058.012387] moveTile calculated motor speeds left=99 right=100 gyroSteer=-0.4350000000000023 wallSteer=0.0 (+11.3 ms)
2026-06-18 01:18:03,764 - mazeUtils.moveTile - [moveTile.py:90] - DEBUG - [3058.053297] moveTile applied motor speed left=99 right=100 (+40.9 ms)
2026-06-18 01:18:03,764 - mazeUtils.moveTile - [moveTile.py:90] - DEBUG - [3058.053960] moveTile ramp check isBigRamp=False (+0.7 ms)
2026-06-18 01:18:03,767 - mazeUtils.moveTile - [moveTile.py:90] - DEBUG - [3058.056666] moveTile tile color check tempTileColor=E (+2.7 ms)
2026-06-18 01:18:03,767 - mazeUtils.moveTile - [moveTile.py:90] - DEBUG - [3058.056989] moveTile obstacle check escapeFlag=False (+0.3 ms)
2026-06-18 01:18:03,768 - mazeUtils.moveTile - [moveTile.py:79] - DEBUG - roll: 358.5 deg, practicalMoveTime: 0.7139103342218258 sec
2026-06-18 01:18:03,768 - mazeUtils.moveTile - [moveTile.py:1306] - DEBUG - moveTile loop time: 56.8 ms
2026-06-18 01:18:03,769 - mazeUtils.moveTile - [moveTile.py:90] - DEBUG - [3058.058141] moveTile loop end practicalMoveTime=0.714 (+1.2 ms)
2026-06-18 01:18:03,769 - mazeUtils.moveTile - [moveTile.py:90] - DEBUG - [3058.058557] moveTile loop start (+0.4 ms)
2026-06-18 01:18:03,773 - picamera2.picamera2 - [picamera2.py:1391] - DEBUG - Execute job: <picamera2.job.Job object at 0x7f63158cd0>
2026-06-18 01:18:03,776 - mazeUtils.device.camera - [camera.py:39] - DEBUG - Average HSV: H=164.9, S=17.3, V=226.0
2026-06-18 01:18:03,780 - mazeUtils.moveTile - [moveTile.py:90] - DEBUG - [3058.070003] moveTile calculated motor speeds left=99 right=100 gyroSteer=-0.7399999999999807 wallSteer=0.0 (+11.4 ms)
2026-06-18 01:18:03,821 - mazeUtils.moveTile - [moveTile.py:90] - DEBUG - [3058.110568] moveTile applied motor speed left=99 right=100 (+40.6 ms)
2026-06-18 01:18:03,821 - mazeUtils.moveTile - [moveTile.py:90] - DEBUG - [3058.110966] moveTile ramp check isBigRamp=False (+0.4 ms)
2026-06-18 01:18:03,824 - mazeUtils.moveTile - [moveTile.py:90] - DEBUG - [3058.113538] moveTile tile color check tempTileColor=E (+2.6 ms)
2026-06-18 01:18:03,824 - mazeUtils.moveTile - [moveTile.py:90] - DEBUG - [3058.113825] moveTile obstacle check escapeFlag=False (+0.3 ms)
2026-06-18 01:18:03,825 - mazeUtils.moveTile - [moveTile.py:79] - DEBUG - roll: 359.78999999999996 deg, practicalMoveTime: 0.7700732679883672 sec
2026-06-18 01:18:03,825 - mazeUtils.moveTile - [moveTile.py:1306] - DEBUG - moveTile loop time: 55.8 ms
2026-06-18 01:18:03,825 - mazeUtils.moveTile - [moveTile.py:90] - DEBUG - [3058.114548] moveTile loop end practicalMoveTime=0.770 (+0.7 ms)
2026-06-18 01:18:03,825 - mazeUtils.moveTile - [moveTile.py:90] - DEBUG - [3058.114905] moveTile loop start (+0.4 ms)
2026-06-18 01:18:03,831 - picamera2.picamera2 - [picamera2.py:1391] - DEBUG - Execute job: <picamera2.job.Job object at 0x7f813772d0>
2026-06-18 01:18:03,834 - mazeUtils.device.camera - [camera.py:39] - DEBUG - Average HSV: H=168.2, S=17.8, V=225.9
2026-06-18 01:18:03,840 - mazeUtils.moveTile - [moveTile.py:90] - DEBUG - [3058.129121] moveTile calculated motor speeds left=100 right=99 gyroSteer=-0.044999999999987494 wallSteer=0.8000000000000007 (+14.2 ms)
2026-06-18 01:18:03,880 - mazeUtils.moveTile - [moveTile.py:90] - DEBUG - [3058.169817] moveTile applied motor speed left=100 right=99 (+40.7 ms)
2026-06-18 01:18:03,881 - mazeUtils.moveTile - [moveTile.py:90] - DEBUG - [3058.170221] moveTile ramp check isBigRamp=False (+0.4 ms)
2026-06-18 01:18:03,883 - mazeUtils.moveTile - [moveTile.py:90] - DEBUG - [3058.172859] moveTile tile color check tempTileColor=E (+2.6 ms)
2026-06-18 01:18:03,884 - mazeUtils.moveTile - [moveTile.py:90] - DEBUG - [3058.173818] moveTile obstacle check escapeFlag=False (+1.0 ms)
2026-06-18 01:18:03,885 - mazeUtils.moveTile - [moveTile.py:1253] - INFO - practicalVerticalMove: -0.6453093234193946 CM
2026-06-18 01:18:03,926 - mazeUtils.moveTile - [moveTile.py:90] - DEBUG - [3058.215335] moveTile finished by time control (+41.5 ms)
2026-06-18 01:18:03,926 - mazeUtils.moveTile - [moveTile.py:90] - DEBUG - [3058.215923] moveTile start final forward adjustment (+42.1 ms)
2026-06-18 01:18:03,969 - mazeUtils.moveTile - [moveTile.py:90] - DEBUG - [3058.258986] moveTile finished final forward adjustment (+43.1 ms)
2026-06-18 01:18:03,970 - mazeUtils.moveTile - [moveTile.py:1499] - INFO - Set moved vertical distance: -0.6453093234193946 cm, past distances: [(0, False), (0, False), (0, False)]
2026-06-18 01:18:03,970 - mazeUtils.moveTile - [moveTile.py:90] - DEBUG - [3058.259784] moveTile updated moved vertical distance -0.645 (+0.8 ms)
2026-06-18 01:18:04,024 - mazeUtils.moveTile - [moveTile.py:527] - DEBUG - Direction: absDirection.NORTH, Angle: 0, Distance: 132.58160393597004 cm
2026-06-18 01:18:04,025 - mazeUtils.moveTile - [moveTile.py:550] - DEBUG - Front LiDAR distance: 132.58160393597004 cm, TSD10 distance: 64.2 cm
2026-06-18 01:18:04,026 - mazeUtils.moveTile - [moveTile.py:527] - DEBUG - Direction: absDirection.EAST, Angle: 270, Distance: 17.2308103628149 cm
2026-06-18 01:18:04,027 - mazeUtils.moveTile - [moveTile.py:527] - DEBUG - Direction: absDirection.SOUTH, Angle: 180, Distance: 52.882115793969774 cm
2026-06-18 01:18:04,027 - mazeUtils.moveTile - [moveTile.py:527] - DEBUG - Direction: absDirection.WEST, Angle: 90, Distance: 17.148913029991025 cm
2026-06-18 01:18:04,028 - mazeUtils.moveTile - [moveTile.py:90] - DEBUG - [3058.317355] moveTile updated map and detected walls (+57.6 ms)
2026-06-18 01:18:04,029 - mazeUtils.moveTile - [moveTile.py:1620] - INFO - Tile color detection counts: {}, decided tile type: E
2026-06-18 01:18:04,030 - mazeUtils.moveTile - [moveTile.py:90] - DEBUG - [3058.319548] moveTile finished (+59.8 ms)
2026-06-18 01:18:04,120 - mazeUtils.mazeMap - [mazeMap.py:61] - INFO - next goal: (20, 18, 0)
2026-06-18 01:18:04,120 - mazeUtils.moveTile - [moveTile.py:88] - DEBUG - [3058.409804] moveTile start direction=absDirection.NORTH position=(20, 19, 0) front=absDirection.NORTH
2026-06-18 01:18:04,125 - mazeUtils.moveTile - [moveTile.py:90] - DEBUG - [3058.414656] moveTile after initial toggle check (+4.9 ms)
2026-06-18 01:18:04,127 - mazeUtils.moveTile - [moveTile.py:90] - DEBUG - [3058.416848] moveTile after tile checks isRedTile=False isUnknownTileAhead=True (+2.2 ms)
2026-06-18 01:18:04,128 - mazeUtils.moveTile - [moveTile.py:79] - DEBUG - Moving to absDirection.NORTH from (20, 19, 0) facing absDirection.NORTH
2026-06-18 01:18:04,128 - mazeUtils.moveTile - [moveTile.py:90] - DEBUG - [3058.417827] moveTile updated front direction (+1.0 ms)
2026-06-18 01:18:04,131 - mazeUtils.moveTile - [moveTile.py:90] - DEBUG - [3058.420442] moveTile acquired initial LiDAR scan (+2.6 ms)
2026-06-18 01:18:04,172 - mazeUtils.moveTile - [moveTile.py:90] - DEBUG - [3058.461933] moveTile stopped motors before alignment (+41.5 ms)
2026-06-18 01:18:04,247 - mazeUtils.moveTile - [moveTile.py:90] - DEBUG - [3058.536634] moveTile ready for forward move (+74.7 ms)
2026-06-18 01:18:04,351 - mazeUtils.moveTile - [moveTile.py:90] - DEBUG - [3058.640696] moveTile initialized movement targetSteps=1 (+104.1 ms)
2026-06-18 01:18:04,353 - mazeUtils.moveTile - [moveTile.py:90] - DEBUG - [3058.642762] moveTile loop start (+2.1 ms)
2026-06-18 01:18:04,357 - picamera2.picamera2 - [picamera2.py:1391] - DEBUG - Execute job: <picamera2.job.Job object at 0x7f8234f690>
2026-06-18 01:18:04,360 - mazeUtils.device.camera - [camera.py:39] - DEBUG - Average HSV: H=107.2, S=61.7, V=17.3
2026-06-18 01:18:04,365 - mazeUtils.moveTile - [moveTile.py:90] - DEBUG - [3058.654134] moveTile calculated motor speeds left=100 right=96 gyroSteer=1.8100000000000023 wallSteer=1.5999999999999979 (+11.4 ms)
2026-06-18 01:18:04,405 - mazeUtils.moveTile - [moveTile.py:90] - DEBUG - [3058.694307] moveTile applied motor speed left=100 right=96 (+40.2 ms)
2026-06-18 01:18:04,405 - mazeUtils.moveTile - [moveTile.py:90] - DEBUG - [3058.694709] moveTile ramp check isBigRamp=False (+0.4 ms)
2026-06-18 01:18:04,408 - mazeUtils.moveTile - [moveTile.py:90] - DEBUG - [3058.697282] moveTile tile color check tempTileColor=E (+2.6 ms)
2026-06-18 01:18:04,408 - mazeUtils.moveTile - [moveTile.py:90] - DEBUG - [3058.697594] moveTile obstacle check escapeFlag=False (+0.3 ms)
2026-06-18 01:18:04,408 - mazeUtils.moveTile - [moveTile.py:79] - DEBUG - roll: 359.01 deg, practicalMoveTime: 0.057145646983517616 sec
2026-06-18 01:18:04,409 - mazeUtils.moveTile - [moveTile.py:1306] - DEBUG - moveTile loop time: 55.5 ms
2026-06-18 01:18:04,409 - mazeUtils.moveTile - [moveTile.py:90] - DEBUG - [3058.698435] moveTile loop end practicalMoveTime=0.057 (+0.8 ms)
2026-06-18 01:18:04,409 - mazeUtils.moveTile - [moveTile.py:90] - DEBUG - [3058.698609] moveTile loop start (+0.2 ms)
2026-06-18 01:18:04,414 - picamera2.picamera2 - [picamera2.py:1391] - DEBUG - Execute job: <picamera2.job.Job object at 0x7f813772d0>
2026-06-18 01:18:04,417 - mazeUtils.device.camera - [camera.py:39] - DEBUG - Average HSV: H=111.4, S=63.3, V=16.9
2026-06-18 01:18:04,422 - mazeUtils.moveTile - [moveTile.py:90] - DEBUG - [3058.711188] moveTile calculated motor speeds left=100 right=96 gyroSteer=1.4550000000000125 wallSteer=1.6000000000000014 (+12.6 ms)
2026-06-18 01:18:04,461 - mazeUtils.moveTile - [moveTile.py:90] - DEBUG - [3058.750758] moveTile applied motor speed left=100 right=96 (+39.6 ms)
2026-06-18 01:18:04,462 - mazeUtils.moveTile - [moveTile.py:90] - DEBUG - [3058.751341] moveTile ramp check isBigRamp=False (+0.6 ms)
2026-06-18 01:18:04,465 - mazeUtils.moveTile - [moveTile.py:90] - DEBUG - [3058.754162] moveTile tile color check tempTileColor=E (+2.8 ms)
2026-06-18 01:18:04,465 - mazeUtils.moveTile - [moveTile.py:90] - DEBUG - [3058.754650] moveTile obstacle check escapeFlag=False (+0.5 ms)
2026-06-18 01:18:04,465 - mazeUtils.moveTile - [moveTile.py:79] - DEBUG - roll: 358.28 deg, practicalMoveTime: 0.1138606045711842 sec
2026-06-18 01:18:04,466 - mazeUtils.moveTile - [moveTile.py:1306] - DEBUG - moveTile loop time: 56.7 ms
2026-06-18 01:18:04,466 - mazeUtils.moveTile - [moveTile.py:90] - DEBUG - [3058.755520] moveTile loop end practicalMoveTime=0.114 (+0.9 ms)
2026-06-18 01:18:04,466 - mazeUtils.moveTile - [moveTile.py:90] - DEBUG - [3058.755662] moveTile loop start (+0.1 ms)
2026-06-18 01:18:04,471 - picamera2.picamera2 - [picamera2.py:1391] - DEBUG - Execute job: <picamera2.job.Job object at 0x7f813c22d0>
2026-06-18 01:18:04,475 - mazeUtils.device.camera - [camera.py:39] - DEBUG - Average HSV: H=104.0, S=62.9, V=16.8
2026-06-18 01:18:04,480 - mazeUtils.moveTile - [moveTile.py:90] - DEBUG - [3058.769673] moveTile calculated motor speeds left=100 right=96 gyroSteer=1.2600000000000193 wallSteer=2.0 (+14.0 ms)
2026-06-18 01:18:04,522 - mazeUtils.moveTile - [moveTile.py:90] - DEBUG - [3058.811146] moveTile applied motor speed left=100 right=96 (+41.5 ms)
2026-06-18 01:18:04,522 - mazeUtils.moveTile - [moveTile.py:90] - DEBUG - [3058.811562] moveTile ramp check isBigRamp=False (+0.4 ms)
2026-06-18 01:18:04,525 - mazeUtils.moveTile - [moveTile.py:90] - DEBUG - [3058.814520] moveTile tile color check tempTileColor=E (+3.0 ms)
2026-06-18 01:18:04,525 - mazeUtils.moveTile - [moveTile.py:90] - DEBUG - [3058.814840] moveTile obstacle check escapeFlag=False (+0.3 ms)
2026-06-18 01:18:04,526 - mazeUtils.moveTile - [moveTile.py:79] - DEBUG - roll: 358.15999999999997 deg, practicalMoveTime: 0.17363682947814404 sec
2026-06-18 01:18:04,526 - mazeUtils.moveTile - [moveTile.py:1306] - DEBUG - moveTile loop time: 60.1 ms
2026-06-18 01:18:04,526 - mazeUtils.moveTile - [moveTile.py:90] - DEBUG - [3058.815947] moveTile loop end practicalMoveTime=0.174 (+1.1 ms)
2026-06-18 01:18:04,527 - mazeUtils.moveTile - [moveTile.py:90] - DEBUG - [3058.816280] moveTile loop start (+0.3 ms)
2026-06-18 01:18:04,532 - picamera2.picamera2 - [picamera2.py:1391] - DEBUG - Execute job: <picamera2.job.Job object at 0x7f8234f690>
2026-06-18 01:18:04,535 - mazeUtils.device.camera - [camera.py:39] - DEBUG - Average HSV: H=87.7, S=65.3, V=15.3
2026-06-18 01:18:04,540 - mazeUtils.moveTile - [moveTile.py:90] - DEBUG - [3058.830047] moveTile calculated motor speeds left=100 right=95 gyroSteer=1.9300000000000068 wallSteer=2.3999999999999986 (+13.8 ms)
2026-06-18 01:18:04,581 - mazeUtils.moveTile - [moveTile.py:90] - DEBUG - [3058.870180] moveTile applied motor speed left=100 right=95 (+40.1 ms)
2026-06-18 01:18:04,581 - mazeUtils.moveTile - [moveTile.py:90] - DEBUG - [3058.870578] moveTile ramp check isBigRamp=False (+0.4 ms)
2026-06-18 01:18:04,624 - mazeUtils.moveTile - [moveTile.py:235] - INFO - Black tile detected! Stopping movement. Starting escape maneuver.
2026-06-18 01:18:04,882 - mazeUtils.moveTile - [moveTile.py:79] - DEBUG - Escape maneuver complete.
2026-06-18 01:18:04,882 - mazeUtils.moveTile - [moveTile.py:90] - DEBUG - [3059.171565] moveTile escaped from black tile (+301.0 ms)
2026-06-18 01:18:04,906 - mazeUtils.mazeMap - [mazeMap.py:61] - INFO - next goal: (20, 20, 0)
2026-06-18 01:18:04,907 - __main__ - [main.py:105] - INFO - Return Path: [<absDirection.SOUTH: 180>]
2026-06-18 01:18:04,907 - mazeUtils.moveTile - [moveTile.py:88] - DEBUG - [3059.196612] moveTile start direction=absDirection.SOUTH position=(20, 19, 0) front=absDirection.NORTH
2026-06-18 01:18:04,913 - mazeUtils.moveTile - [moveTile.py:90] - DEBUG - [3059.202657] moveTile after initial toggle check (+6.0 ms)
2026-06-18 01:18:04,915 - mazeUtils.moveTile - [moveTile.py:90] - DEBUG - [3059.204324] moveTile after tile checks isRedTile=False isUnknownTileAhead=False (+1.7 ms)
2026-06-18 01:18:04,915 - mazeUtils.moveTile - [moveTile.py:79] - DEBUG - Moving to absDirection.SOUTH from (20, 19, 0) facing absDirection.NORTH
2026-06-18 01:18:04,915 - mazeUtils.moveTile - [moveTile.py:90] - DEBUG - [3059.204790] moveTile start heading change target=180 (+0.5 ms)
2026-06-18 01:18:04,920 - mazeUtils.moveTile - [moveTile.py:79] - DEBUG - Turning to 90 deg, current heading: 12.069999999999993 deg, turnAngle: -77.93 deg
2026-06-18 01:18:04,966 - mazeUtils.moveTile - [moveTile.py:79] - DEBUG - gyro:12.079999999999984 deg, derivative: 0.009999999999990905, turnSpeed: -100
2026-06-18 01:18:05,010 - mazeUtils.moveTile - [moveTile.py:79] - DEBUG - gyro:12.079999999999984 deg, derivative: 0.0, turnSpeed: -100
2026-06-18 01:18:05,055 - mazeUtils.moveTile - [moveTile.py:79] - DEBUG - gyro:12.460000000000036 deg, derivative: 0.3800000000000523, turnSpeed: -100
2026-06-18 01:18:05,101 - mazeUtils.moveTile - [moveTile.py:79] - DEBUG - gyro:15.629999999999995 deg, derivative: 3.169999999999959, turnSpeed: -100
2026-06-18 01:18:05,147 - mazeUtils.moveTile - [moveTile.py:79] - DEBUG - gyro:21.420000000000016 deg, derivative: 5.7900000000000205, turnSpeed: -100
2026-06-18 01:18:05,193 - mazeUtils.moveTile - [moveTile.py:79] - DEBUG - gyro:26.920000000000016 deg, derivative: 5.5, turnSpeed: -100
2026-06-18 01:18:05,237 - mazeUtils.moveTile - [moveTile.py:79] - DEBUG - gyro:32.120000000000005 deg, derivative: 5.199999999999989, turnSpeed: -100
2026-06-18 01:18:05,283 - mazeUtils.moveTile - [moveTile.py:79] - DEBUG - gyro:36.94999999999999 deg, derivative: 4.829999999999984, turnSpeed: -100
2026-06-18 01:18:05,329 - mazeUtils.moveTile - [moveTile.py:79] - DEBUG - gyro:41.920000000000016 deg, derivative: 4.970000000000027, turnSpeed: -96.15999999999997
2026-06-18 01:18:05,374 - mazeUtils.moveTile - [moveTile.py:79] - DEBUG - gyro:48.650000000000034 deg, derivative: 6.730000000000018, turnSpeed: -82.69999999999993
2026-06-18 01:18:05,418 - mazeUtils.moveTile - [moveTile.py:79] - DEBUG - gyro:53.920000000000016 deg, derivative: 5.269999999999982, turnSpeed: -72.15999999999997
2026-06-18 01:18:05,462 - mazeUtils.moveTile - [moveTile.py:79] - DEBUG - gyro:58.99000000000001 deg, derivative: 5.069999999999993, turnSpeed: -62.01999999999998
2026-06-18 01:18:05,507 - mazeUtils.moveTile - [moveTile.py:79] - DEBUG - gyro:63.650000000000034 deg, derivative: 4.660000000000025, turnSpeed: -52.69999999999993
2026-06-18 01:18:05,553 - mazeUtils.moveTile - [moveTile.py:79] - DEBUG - gyro:67.75999999999999 deg, derivative: 4.109999999999957, turnSpeed: -44.48000000000002
2026-06-18 01:18:05,598 - mazeUtils.moveTile - [moveTile.py:79] - DEBUG - gyro:71.05000000000001 deg, derivative: 3.2900000000000205, turnSpeed: -37.89999999999998
2026-06-18 01:18:05,645 - mazeUtils.moveTile - [moveTile.py:79] - DEBUG - gyro:74.50999999999999 deg, derivative: 3.4599999999999795, turnSpeed: -30.980000000000018
2026-06-18 01:18:05,691 - mazeUtils.moveTile - [moveTile.py:79] - DEBUG - gyro:77.93 deg, derivative: 3.420000000000016, turnSpeed: -24.139999999999986
2026-06-18 01:18:05,735 - mazeUtils.moveTile - [moveTile.py:79] - DEBUG - gyro:80.44 deg, derivative: 2.509999999999991, turnSpeed: -19.120000000000005
2026-06-18 01:18:05,780 - mazeUtils.moveTile - [moveTile.py:79] - DEBUG - gyro:81.71000000000004 deg, derivative: 1.2700000000000387, turnSpeed: -16.579999999999927
2026-06-18 01:18:05,827 - mazeUtils.moveTile - [moveTile.py:79] - DEBUG - gyro:82.22000000000003 deg, derivative: 0.5099999999999909, turnSpeed: -15.559999999999945
2026-06-18 01:18:05,873 - mazeUtils.moveTile - [moveTile.py:79] - DEBUG - gyro:82.93 deg, derivative: 0.7099999999999795, turnSpeed: -14.139999999999986
2026-06-18 01:18:05,918 - mazeUtils.moveTile - [moveTile.py:79] - DEBUG - gyro:83.38999999999999 deg, derivative: 0.45999999999997954, turnSpeed: -13.220000000000027
2026-06-18 01:18:05,963 - mazeUtils.moveTile - [moveTile.py:79] - DEBUG - gyro:83.82999999999998 deg, derivative: 0.4399999999999977, turnSpeed: -12.340000000000032
2026-06-18 01:18:06,007 - mazeUtils.moveTile - [moveTile.py:79] - DEBUG - gyro:84.29000000000002 deg, derivative: 0.4600000000000364, turnSpeed: -11.419999999999959
2026-06-18 01:18:06,050 - mazeUtils.moveTile - [moveTile.py:79] - DEBUG - gyro:84.84000000000003 deg, derivative: 0.5500000000000114, turnSpeed: -10.319999999999936
2026-06-18 01:18:06,094 - mazeUtils.moveTile - [moveTile.py:79] - DEBUG - gyro:85.32 deg, derivative: 0.47999999999996135, turnSpeed: -9.360000000000014
2026-06-18 01:18:06,138 - mazeUtils.moveTile - [moveTile.py:79] - DEBUG - gyro:85.79000000000002 deg, derivative: 0.4700000000000273, turnSpeed: -8.419999999999959
2026-06-18 01:18:06,183 - mazeUtils.moveTile - [moveTile.py:79] - DEBUG - gyro:86.18 deg, derivative: 0.38999999999998636, turnSpeed: -7.639999999999986
2026-06-18 01:18:06,227 - mazeUtils.moveTile - [moveTile.py:79] - DEBUG - gyro:86.56 deg, derivative: 0.37999999999999545, turnSpeed: -6.8799999999999955
2026-06-18 01:18:06,271 - mazeUtils.moveTile - [moveTile.py:79] - DEBUG - gyro:86.92000000000002 deg, derivative: 0.36000000000001364, turnSpeed: -6.159999999999968
2026-06-18 01:18:06,315 - mazeUtils.moveTile - [moveTile.py:79] - DEBUG - gyro:87.19999999999999 deg, derivative: 0.2799999999999727, turnSpeed: -5.600000000000023
2026-06-18 01:18:06,361 - mazeUtils.moveTile - [moveTile.py:79] - DEBUG - gyro:87.43 deg, derivative: 0.2300000000000182, turnSpeed: -5.139999999999986
2026-06-18 01:18:06,405 - mazeUtils.moveTile - [moveTile.py:79] - DEBUG - gyro:87.67000000000002 deg, derivative: 0.2400000000000091, turnSpeed: -4.659999999999968
2026-06-18 01:18:06,449 - mazeUtils.moveTile - [moveTile.py:79] - DEBUG - gyro:87.86000000000001 deg, derivative: 0.18999999999999773, turnSpeed: -4.279999999999973
2026-06-18 01:18:06,494 - mazeUtils.moveTile - [moveTile.py:79] - DEBUG - gyro:88.07 deg, derivative: 0.20999999999997954, turnSpeed: -3.8600000000000136
2026-06-18 01:18:06,538 - mazeUtils.moveTile - [moveTile.py:79] - DEBUG - gyro:88.23000000000002 deg, derivative: 0.160000000000025, turnSpeed: -3.5399999999999636
2026-06-18 01:18:06,681 - mazeUtils.moveTile - [moveTile.py:79] - DEBUG - gyro:88.40000000000003 deg, derivative: 0.17000000000001592, turnSpeed: -3.199999999999932
2026-06-18 01:18:06,725 - mazeUtils.moveTile - [moveTile.py:79] - DEBUG - gyro:88.5 deg, derivative: 0.0999999999999659, turnSpeed: -3.0
2026-06-18 01:18:06,770 - mazeUtils.moveTile - [moveTile.py:79] - DEBUG - gyro:88.94999999999999 deg, derivative: 0.44999999999998863, turnSpeed: -2.1000000000000227
2026-06-18 01:18:06,815 - mazeUtils.moveTile - [moveTile.py:79] - DEBUG - gyro:89.09000000000003 deg, derivative: 0.1400000000000432, turnSpeed: -1.8199999999999363
2026-06-18 01:18:06,861 - mazeUtils.moveTile - [moveTile.py:79] - DEBUG - gyro:89.24000000000001 deg, derivative: 0.14999999999997726, turnSpeed: -1.5199999999999818
2026-06-18 01:18:06,906 - mazeUtils.moveTile - [moveTile.py:79] - DEBUG - gyro:89.32999999999998 deg, derivative: 0.08999999999997499, turnSpeed: -1.3400000000000318
2026-06-18 01:18:06,950 - mazeUtils.moveTile - [moveTile.py:79] - DEBUG - gyro:89.30000000000001 deg, derivative: -0.029999999999972715, turnSpeed: -1.3999999999999773
2026-06-18 01:18:06,995 - mazeUtils.moveTile - [moveTile.py:79] - DEBUG - gyro:89.34000000000003 deg, derivative: 0.040000000000020464, turnSpeed: -1.3199999999999363
2026-06-18 01:18:07,042 - mazeUtils.moveTile - [moveTile.py:79] - DEBUG - gyro:89.38999999999999 deg, derivative: 0.049999999999954525, turnSpeed: -1.2200000000000273
2026-06-18 01:18:07,089 - mazeUtils.moveTile - [moveTile.py:79] - DEBUG - gyro:89.38999999999999 deg, derivative: 0.0, turnSpeed: -1.2200000000000273
2026-06-18 01:18:07,133 - mazeUtils.moveTile - [moveTile.py:79] - DEBUG - gyro:89.44999999999999 deg, derivative: 0.060000000000002274, turnSpeed: -1.1000000000000227
2026-06-18 01:18:07,178 - mazeUtils.moveTile - [moveTile.py:79] - DEBUG - gyro:89.52000000000004 deg, derivative: 0.07000000000005002, turnSpeed: -1
2026-06-18 01:18:07,218 - mazeUtils.moveTile - [moveTile.py:79] - DEBUG - Turned to heading: 89.52000000000004 deg
2026-06-18 01:18:07,222 - mazeUtils.moveTile - [moveTile.py:79] - DEBUG - Turning to 180 deg, current heading: 89.50999999999999 deg, turnAngle: -90.49000000000001 deg
2026-06-18 01:18:07,267 - mazeUtils.moveTile - [moveTile.py:79] - DEBUG - gyro:89.55000000000001 deg, derivative: 0.040000000000020464, turnSpeed: -100
2026-06-18 01:18:07,409 - mazeUtils.moveTile - [moveTile.py:79] - DEBUG - gyro:89.55000000000001 deg, derivative: 0.0, turnSpeed: -100
2026-06-18 01:18:07,454 - mazeUtils.moveTile - [moveTile.py:79] - DEBUG - gyro:89.44 deg, derivative: -0.11000000000001364, turnSpeed: -100
2026-06-18 01:18:07,501 - mazeUtils.moveTile - [moveTile.py:79] - DEBUG - gyro:100.46000000000004 deg, derivative: 11.020000000000039, turnSpeed: -100
2026-06-18 01:18:07,548 - mazeUtils.moveTile - [moveTile.py:79] - DEBUG - gyro:102.07 deg, derivative: 1.6099999999999568, turnSpeed: -100
2026-06-18 01:18:07,592 - mazeUtils.moveTile - [moveTile.py:79] - DEBUG - gyro:105.14000000000001 deg, derivative: 3.0700000000000216, turnSpeed: -100
2026-06-18 01:18:07,637 - mazeUtils.moveTile - [moveTile.py:79] - DEBUG - gyro:109.9 deg, derivative: 4.759999999999991, turnSpeed: -100
2026-06-18 01:18:07,682 - mazeUtils.moveTile - [moveTile.py:79] - DEBUG - gyro:113.03 deg, derivative: 3.1299999999999955, turnSpeed: -100
2026-06-18 01:18:07,729 - mazeUtils.moveTile - [moveTile.py:79] - DEBUG - gyro:114.4 deg, derivative: 1.3700000000000045, turnSpeed: -100
2026-06-18 01:18:07,774 - mazeUtils.moveTile - [moveTile.py:79] - DEBUG - gyro:116.39000000000001 deg, derivative: 1.990000000000009, turnSpeed: -100
2026-06-18 01:18:07,820 - mazeUtils.moveTile - [moveTile.py:79] - DEBUG - gyro:117.27000000000001 deg, derivative: 0.8799999999999955, turnSpeed: -100
2026-06-18 01:18:07,867 - mazeUtils.moveTile - [moveTile.py:79] - DEBUG - gyro:118.01000000000002 deg, derivative: 0.7400000000000091, turnSpeed: -100
2026-06-18 01:18:07,914 - mazeUtils.moveTile - [moveTile.py:79] - DEBUG - gyro:122.03 deg, derivative: 4.019999999999982, turnSpeed: -100
2026-06-18 01:18:07,959 - mazeUtils.moveTile - [moveTile.py:79] - DEBUG - gyro:124.26000000000002 deg, derivative: 2.230000000000018, turnSpeed: -100
2026-06-18 01:18:08,005 - mazeUtils.moveTile - [moveTile.py:79] - DEBUG - gyro:127.53 deg, derivative: 3.269999999999982, turnSpeed: -100
2026-06-18 01:18:08,050 - mazeUtils.moveTile - [moveTile.py:79] - DEBUG - gyro:134.36 deg, derivative: 6.8300000000000125, turnSpeed: -91.27999999999997
2026-06-18 01:18:08,097 - mazeUtils.moveTile - [moveTile.py:79] - DEBUG - gyro:139.87 deg, derivative: 5.509999999999991, turnSpeed: -80.25999999999999
2026-06-18 01:18:08,143 - mazeUtils.moveTile - [moveTile.py:79] - DEBUG - gyro:146.25 deg, derivative: 6.3799999999999955, turnSpeed: -67.5
2026-06-18 01:18:08,189 - mazeUtils.moveTile - [moveTile.py:79] - DEBUG - gyro:151.81 deg, derivative: 5.560000000000002, turnSpeed: -56.379999999999995
2026-06-18 01:18:08,236 - mazeUtils.moveTile - [moveTile.py:79] - DEBUG - gyro:156.26000000000002 deg, derivative: 4.450000000000017, turnSpeed: -47.47999999999996
2026-06-18 01:18:08,282 - mazeUtils.moveTile - [moveTile.py:79] - DEBUG - gyro:160.20000000000002 deg, derivative: 3.9399999999999977, turnSpeed: -39.599999999999966
2026-06-18 01:18:08,327 - mazeUtils.moveTile - [moveTile.py:79] - DEBUG - gyro:163.76000000000002 deg, derivative: 3.5600000000000023, turnSpeed: -32.47999999999996
2026-06-18 01:18:08,371 - mazeUtils.moveTile - [moveTile.py:79] - DEBUG - gyro:166.13 deg, derivative: 2.369999999999976, turnSpeed: -27.74000000000001
2026-06-18 01:18:08,416 - mazeUtils.moveTile - [moveTile.py:79] - DEBUG - gyro:168.24 deg, derivative: 2.1100000000000136, turnSpeed: -23.519999999999982
2026-06-18 01:18:08,464 - mazeUtils.moveTile - [moveTile.py:79] - DEBUG - gyro:170.05 deg, derivative: 1.8100000000000023, turnSpeed: -19.899999999999977
2026-06-18 01:18:08,510 - mazeUtils.moveTile - [moveTile.py:79] - DEBUG - gyro:171.76 deg, derivative: 1.7099999999999795, turnSpeed: -16.480000000000018
2026-06-18 01:18:08,555 - mazeUtils.moveTile - [moveTile.py:79] - DEBUG - gyro:172.93 deg, derivative: 1.170000000000016, turnSpeed: -14.139999999999986
2026-06-18 01:18:08,602 - mazeUtils.moveTile - [moveTile.py:79] - DEBUG - gyro:174.02 deg, derivative: 1.0900000000000034, turnSpeed: -11.95999999999998
2026-06-18 01:18:08,647 - mazeUtils.moveTile - [moveTile.py:79] - DEBUG - gyro:174.86 deg, derivative: 0.8400000000000034, turnSpeed: -10.279999999999973
2026-06-18 01:18:08,693 - mazeUtils.moveTile - [moveTile.py:79] - DEBUG - gyro:175.63 deg, derivative: 0.7699999999999818, turnSpeed: -8.740000000000009
2026-06-18 01:18:08,739 - mazeUtils.moveTile - [moveTile.py:79] - DEBUG - gyro:176.22000000000003 deg, derivative: 0.5900000000000318, turnSpeed: -7.559999999999945
2026-06-18 01:18:08,783 - mazeUtils.moveTile - [moveTile.py:79] - DEBUG - gyro:176.82 deg, derivative: 0.5999999999999659, turnSpeed: -6.360000000000014
2026-06-18 01:18:08,828 - mazeUtils.moveTile - [moveTile.py:79] - DEBUG - gyro:177.38 deg, derivative: 0.5600000000000023, turnSpeed: -5.240000000000009
2026-06-18 01:18:08,875 - mazeUtils.moveTile - [moveTile.py:79] - DEBUG - gyro:177.83 deg, derivative: 0.45000000000001705, turnSpeed: -4.339999999999975
2026-06-18 01:18:08,920 - mazeUtils.moveTile - [moveTile.py:79] - DEBUG - gyro:178.12 deg, derivative: 0.28999999999999204, turnSpeed: -3.759999999999991
2026-06-18 01:18:08,967 - mazeUtils.moveTile - [moveTile.py:79] - DEBUG - gyro:178.35000000000002 deg, derivative: 0.2300000000000182, turnSpeed: -3.2999999999999545
2026-06-18 01:18:09,015 - mazeUtils.moveTile - [moveTile.py:79] - DEBUG - gyro:178.61 deg, derivative: 0.2599999999999909, turnSpeed: -2.7799999999999727
2026-06-18 01:18:09,062 - mazeUtils.moveTile - [moveTile.py:79] - DEBUG - gyro:178.82 deg, derivative: 0.20999999999997954, turnSpeed: -2.3600000000000136
2026-06-18 01:18:09,108 - mazeUtils.moveTile - [moveTile.py:79] - DEBUG - gyro:178.98000000000002 deg, derivative: 0.160000000000025, turnSpeed: -2.0399999999999636
2026-06-18 01:18:09,155 - mazeUtils.moveTile - [moveTile.py:79] - DEBUG - gyro:179.12 deg, derivative: 0.13999999999998636, turnSpeed: -1.759999999999991
2026-06-18 01:18:09,200 - mazeUtils.moveTile - [moveTile.py:79] - DEBUG - gyro:179.19 deg, derivative: 0.06999999999999318, turnSpeed: -1.6200000000000045
2026-06-18 01:18:09,244 - mazeUtils.moveTile - [moveTile.py:79] - DEBUG - gyro:179.32 deg, derivative: 0.12999999999999545, turnSpeed: -1.3600000000000136
2026-06-18 01:18:09,292 - mazeUtils.moveTile - [moveTile.py:79] - DEBUG - gyro:179.38 deg, derivative: 0.060000000000002274, turnSpeed: -1.240000000000009
2026-06-18 01:18:09,339 - mazeUtils.moveTile - [moveTile.py:79] - DEBUG - gyro:179.39000000000001 deg, derivative: 0.010000000000019327, turnSpeed: -1.2199999999999704
2026-06-18 01:18:09,386 - mazeUtils.moveTile - [moveTile.py:79] - DEBUG - gyro:179.43 deg, derivative: 0.03999999999999204, turnSpeed: -1.1399999999999864
2026-06-18 01:18:09,432 - mazeUtils.moveTile - [moveTile.py:79] - DEBUG - gyro:179.49 deg, derivative: 0.060000000000002274, turnSpeed: -1.0199999999999818
2026-06-18 01:18:09,477 - mazeUtils.moveTile - [moveTile.py:79] - DEBUG - gyro:179.49 deg, derivative: 0.0, turnSpeed: -1.0199999999999818
2026-06-18 01:18:09,524 - mazeUtils.moveTile - [moveTile.py:79] - DEBUG - gyro:179.53000000000003 deg, derivative: 0.040000000000020464, turnSpeed: -1
2026-06-18 01:18:09,566 - mazeUtils.moveTile - [moveTile.py:79] - DEBUG - Turned to heading: 179.53000000000003 deg
2026-06-18 01:18:09,566 - mazeUtils.moveTile - [moveTile.py:90] - DEBUG - [3063.855939] moveTile finished heading change (+4651.1 ms)
2026-06-18 01:18:09,567 - mazeUtils.moveTile - [moveTile.py:90] - DEBUG - [3063.856630] moveTile updated front direction (+0.7 ms)
2026-06-18 01:18:09,572 - mazeUtils.moveTile - [moveTile.py:90] - DEBUG - [3063.861292] moveTile acquired initial LiDAR scan (+4.7 ms)
2026-06-18 01:18:09,613 - mazeUtils.moveTile - [moveTile.py:90] - DEBUG - [3063.902471] moveTile stopped motors before alignment (+41.2 ms)
2026-06-18 01:18:09,659 - mazeUtils.moveTile - [moveTile.py:90] - DEBUG - [3063.948807] moveTile ready for forward move (+46.3 ms)
2026-06-18 01:18:09,738 - mazeUtils.moveTile - [moveTile.py:1100] - DEBUG - Calculated target steps to next tile: 1 based on distance 30 cm
2026-06-18 01:18:09,739 - mazeUtils.moveTile - [moveTile.py:90] - DEBUG - [3064.028599] moveTile initialized movement targetSteps=1 (+79.8 ms)
2026-06-18 01:18:09,744 - mazeUtils.moveTile - [moveTile.py:90] - DEBUG - [3064.033194] moveTile loop start (+4.6 ms)
2026-06-18 01:18:09,750 - picamera2.picamera2 - [picamera2.py:1391] - DEBUG - Execute job: <picamera2.job.Job object at 0x7f8227f690>
2026-06-18 01:18:09,756 - mazeUtils.device.camera - [camera.py:39] - DEBUG - Average HSV: H=171.2, S=19.8, V=225.2
2026-06-18 01:18:09,762 - mazeUtils.moveTile - [moveTile.py:90] - DEBUG - [3064.051943] moveTile calculated motor speeds left=93 right=100 gyroSteer=-0.13999999999998636 wallSteer=-6.400000000000002 (+18.7 ms)
2026-06-18 01:18:09,803 - mazeUtils.moveTile - [moveTile.py:90] - DEBUG - [3064.092432] moveTile applied motor speed left=93 right=100 (+40.5 ms)
2026-06-18 01:18:09,804 - mazeUtils.moveTile - [moveTile.py:90] - DEBUG - [3064.094024] moveTile ramp check isBigRamp=False (+1.6 ms)
2026-06-18 01:18:09,808 - mazeUtils.moveTile - [moveTile.py:90] - DEBUG - [3064.097576] moveTile tile color check tempTileColor=E (+3.6 ms)
2026-06-18 01:18:09,809 - mazeUtils.moveTile - [moveTile.py:90] - DEBUG - [3064.098281] moveTile obstacle check escapeFlag=False (+0.7 ms)
2026-06-18 01:18:09,809 - mazeUtils.moveTile - [moveTile.py:79] - DEBUG - roll: 0.1199999999999477 deg, practicalMoveTime: 0.07086642935007618 sec
2026-06-18 01:18:09,810 - mazeUtils.moveTile - [moveTile.py:1306] - DEBUG - moveTile loop time: 66.2 ms
2026-06-18 01:18:09,810 - mazeUtils.moveTile - [moveTile.py:90] - DEBUG - [3064.099760] moveTile loop end practicalMoveTime=0.071 (+1.5 ms)
2026-06-18 01:18:09,810 - mazeUtils.moveTile - [moveTile.py:90] - DEBUG - [3064.100059] moveTile loop start (+0.3 ms)
2026-06-18 01:18:09,816 - picamera2.picamera2 - [picamera2.py:1391] - DEBUG - Execute job: <picamera2.job.Job object at 0x7f813772d0>
2026-06-18 01:18:09,821 - mazeUtils.device.camera - [camera.py:39] - DEBUG - Average HSV: H=171.2, S=20.3, V=225.7
2026-06-18 01:18:09,826 - mazeUtils.moveTile - [moveTile.py:90] - DEBUG - [3064.115847] moveTile calculated motor speeds left=92 right=100 gyroSteer=-0.23999999999999488 wallSteer=-6.800000000000001 (+15.8 ms)
2026-06-18 01:18:09,867 - mazeUtils.moveTile - [moveTile.py:90] - DEBUG - [3064.156153] moveTile applied motor speed left=92 right=100 (+40.3 ms)
2026-06-18 01:18:09,867 - mazeUtils.moveTile - [moveTile.py:90] - DEBUG - [3064.156938] moveTile ramp check isBigRamp=False (+0.8 ms)
2026-06-18 01:18:09,870 - mazeUtils.moveTile - [moveTile.py:90] - DEBUG - [3064.159758] moveTile tile color check tempTileColor=E (+2.8 ms)
2026-06-18 01:18:09,871 - mazeUtils.moveTile - [moveTile.py:90] - DEBUG - [3064.160211] moveTile obstacle check escapeFlag=False (+0.5 ms)
2026-06-18 01:18:09,871 - mazeUtils.moveTile - [moveTile.py:79] - DEBUG - roll: 359.15 deg, practicalMoveTime: 0.13203432874975862 sec
2026-06-18 01:18:09,871 - mazeUtils.moveTile - [moveTile.py:1306] - DEBUG - moveTile loop time: 61.0 ms
2026-06-18 01:18:09,872 - mazeUtils.moveTile - [moveTile.py:90] - DEBUG - [3064.161324] moveTile loop end practicalMoveTime=0.132 (+1.1 ms)
2026-06-18 01:18:09,872 - mazeUtils.moveTile - [moveTile.py:90] - DEBUG - [3064.161560] moveTile loop start (+0.2 ms)
2026-06-18 01:18:09,878 - picamera2.picamera2 - [picamera2.py:1391] - DEBUG - Execute job: <picamera2.job.Job object at 0x7f8227f690>
2026-06-18 01:18:09,882 - mazeUtils.device.camera - [camera.py:39] - DEBUG - Average HSV: H=169.7, S=21.5, V=220.0
2026-06-18 01:18:09,886 - mazeUtils.moveTile - [moveTile.py:90] - DEBUG - [3064.175797] moveTile calculated motor speeds left=97 right=100 gyroSteer=-0.20499999999998408 wallSteer=-2.0 (+14.2 ms)
2026-06-18 01:18:09,927 - mazeUtils.moveTile - [moveTile.py:90] - DEBUG - [3064.216084] moveTile applied motor speed left=97 right=100 (+40.3 ms)
2026-06-18 01:18:09,927 - mazeUtils.moveTile - [moveTile.py:90] - DEBUG - [3064.216653] moveTile ramp check isBigRamp=False (+0.6 ms)
2026-06-18 01:18:09,930 - mazeUtils.moveTile - [moveTile.py:90] - DEBUG - [3064.219424] moveTile tile color check tempTileColor=E (+2.8 ms)
2026-06-18 01:18:09,930 - mazeUtils.moveTile - [moveTile.py:90] - DEBUG - [3064.219825] moveTile obstacle check escapeFlag=False (+0.4 ms)
2026-06-18 01:18:09,931 - mazeUtils.moveTile - [moveTile.py:79] - DEBUG - roll: 358.86999999999995 deg, practicalMoveTime: 0.19130200374153972 sec
2026-06-18 01:18:09,931 - mazeUtils.moveTile - [moveTile.py:1306] - DEBUG - moveTile loop time: 59.4 ms
2026-06-18 01:18:09,932 - mazeUtils.moveTile - [moveTile.py:90] - DEBUG - [3064.221349] moveTile loop end practicalMoveTime=0.191 (+1.5 ms)
2026-06-18 01:18:09,932 - mazeUtils.moveTile - [moveTile.py:90] - DEBUG - [3064.221691] moveTile loop start (+0.3 ms)
2026-06-18 01:18:09,938 - picamera2.picamera2 - [picamera2.py:1391] - DEBUG - Execute job: <picamera2.job.Job object at 0x7f813772d0>
2026-06-18 01:18:09,943 - mazeUtils.device.camera - [camera.py:39] - DEBUG - Average HSV: H=168.7, S=21.6, V=218.2
2026-06-18 01:18:09,949 - mazeUtils.moveTile - [moveTile.py:90] - DEBUG - [3064.238080] moveTile calculated motor speeds left=99 right=100 gyroSteer=0.605000000000004 wallSteer=-1.6000000000000014 (+16.4 ms)
2026-06-18 01:18:09,988 - mazeUtils.moveTile - [moveTile.py:90] - DEBUG - [3064.278020] moveTile applied motor speed left=99 right=100 (+39.9 ms)
2026-06-18 01:18:09,989 - mazeUtils.moveTile - [moveTile.py:90] - DEBUG - [3064.278792] moveTile ramp check isBigRamp=False (+0.8 ms)
2026-06-18 01:18:09,993 - mazeUtils.moveTile - [moveTile.py:90] - DEBUG - [3064.282011] moveTile tile color check tempTileColor=E (+3.2 ms)
2026-06-18 01:18:09,994 - mazeUtils.moveTile - [moveTile.py:90] - DEBUG - [3064.283275] moveTile obstacle check escapeFlag=False (+1.3 ms)
2026-06-18 01:18:09,995 - mazeUtils.moveTile - [moveTile.py:79] - DEBUG - roll: 357.90999999999997 deg, practicalMoveTime: 0.2542719712926416 sec
2026-06-18 01:18:09,995 - mazeUtils.moveTile - [moveTile.py:1306] - DEBUG - moveTile loop time: 63.0 ms
2026-06-18 01:18:09,996 - mazeUtils.moveTile - [moveTile.py:90] - DEBUG - [3064.285160] moveTile loop end practicalMoveTime=0.254 (+1.9 ms)
2026-06-18 01:18:09,996 - mazeUtils.moveTile - [moveTile.py:90] - DEBUG - [3064.286005] moveTile loop start (+0.8 ms)
2026-06-18 01:18:10,003 - picamera2.picamera2 - [picamera2.py:1391] - DEBUG - Execute job: <picamera2.job.Job object at 0x7f63164e90>
2026-06-18 01:18:10,007 - mazeUtils.device.camera - [camera.py:39] - DEBUG - Average HSV: H=167.2, S=21.2, V=217.9
2026-06-18 01:18:10,012 - mazeUtils.moveTile - [moveTile.py:90] - DEBUG - [3064.301494] moveTile calculated motor speeds left=98 right=100 gyroSteer=0.25499999999999545 wallSteer=-1.6000000000000014 (+15.5 ms)
2026-06-18 01:18:10,054 - mazeUtils.moveTile - [moveTile.py:90] - DEBUG - [3064.344040] moveTile applied motor speed left=98 right=100 (+42.5 ms)
2026-06-18 01:18:10,055 - mazeUtils.moveTile - [moveTile.py:90] - DEBUG - [3064.344734] moveTile ramp check isBigRamp=False (+0.7 ms)
2026-06-18 01:18:10,059 - mazeUtils.moveTile - [moveTile.py:90] - DEBUG - [3064.348225] moveTile tile color check tempTileColor=E (+3.5 ms)
2026-06-18 01:18:10,059 - mazeUtils.moveTile - [moveTile.py:90] - DEBUG - [3064.348726] moveTile obstacle check escapeFlag=False (+0.5 ms)
2026-06-18 01:18:10,060 - mazeUtils.moveTile - [moveTile.py:79] - DEBUG - roll: 359.46999999999997 deg, practicalMoveTime: 0.31871304085418767 sec
2026-06-18 01:18:10,060 - mazeUtils.moveTile - [moveTile.py:1306] - DEBUG - moveTile loop time: 63.5 ms
2026-06-18 01:18:10,060 - mazeUtils.moveTile - [moveTile.py:90] - DEBUG - [3064.349851] moveTile loop end practicalMoveTime=0.319 (+1.1 ms)
2026-06-18 01:18:10,061 - mazeUtils.moveTile - [moveTile.py:90] - DEBUG - [3064.350162] moveTile loop start (+0.3 ms)
2026-06-18 01:18:10,067 - picamera2.picamera2 - [picamera2.py:1391] - DEBUG - Execute job: <picamera2.job.Job object at 0x7f9a85b850>
2026-06-18 01:18:10,072 - mazeUtils.device.camera - [camera.py:39] - DEBUG - Average HSV: H=166.3, S=22.7, V=213.3
2026-06-18 01:18:10,079 - mazeUtils.moveTile - [moveTile.py:90] - DEBUG - [3064.368340] moveTile calculated motor speeds left=99 right=100 gyroSteer=0.5800000000000125 wallSteer=-1.1999999999999993 (+18.2 ms)
2026-06-18 01:18:10,119 - mazeUtils.moveTile - [moveTile.py:90] - DEBUG - [3064.408550] moveTile applied motor speed left=99 right=100 (+40.2 ms)
2026-06-18 01:18:10,120 - mazeUtils.moveTile - [moveTile.py:90] - DEBUG - [3064.409098] moveTile ramp check isBigRamp=False (+0.5 ms)
2026-06-18 01:18:10,124 - mazeUtils.moveTile - [moveTile.py:90] - DEBUG - [3064.413522] moveTile tile color check tempTileColor=E (+4.4 ms)
2026-06-18 01:18:10,124 - mazeUtils.moveTile - [moveTile.py:90] - DEBUG - [3064.413951] moveTile obstacle check escapeFlag=False (+0.4 ms)
2026-06-18 01:18:10,125 - mazeUtils.moveTile - [moveTile.py:79] - DEBUG - roll: 358.32 deg, practicalMoveTime: 0.38349927155036445 sec
2026-06-18 01:18:10,125 - mazeUtils.moveTile - [moveTile.py:1306] - DEBUG - moveTile loop time: 64.6 ms
2026-06-18 01:18:10,126 - mazeUtils.moveTile - [moveTile.py:90] - DEBUG - [3064.415225] moveTile loop end practicalMoveTime=0.383 (+1.3 ms)
2026-06-18 01:18:10,126 - mazeUtils.moveTile - [moveTile.py:90] - DEBUG - [3064.415492] moveTile loop start (+0.3 ms)
2026-06-18 01:18:10,131 - picamera2.picamera2 - [picamera2.py:1391] - DEBUG - Execute job: <picamera2.job.Job object at 0x7f63164ed0>
2026-06-18 01:18:10,135 - mazeUtils.device.camera - [camera.py:39] - DEBUG - Average HSV: H=169.3, S=23.9, V=212.9
2026-06-18 01:18:10,140 - mazeUtils.moveTile - [moveTile.py:90] - DEBUG - [3064.429495] moveTile calculated motor speeds left=100 right=99 gyroSteer=0.5550000000000068 wallSteer=-0.40000000000000213 (+14.0 ms)
2026-06-18 01:18:10,182 - mazeUtils.moveTile - [moveTile.py:90] - DEBUG - [3064.471314] moveTile applied motor speed left=100 right=99 (+41.8 ms)
2026-06-18 01:18:10,182 - mazeUtils.moveTile - [moveTile.py:90] - DEBUG - [3064.471899] moveTile ramp check isBigRamp=False (+0.6 ms)
2026-06-18 01:18:10,186 - mazeUtils.moveTile - [moveTile.py:90] - DEBUG - [3064.475233] moveTile tile color check tempTileColor=E (+3.3 ms)
2026-06-18 01:18:10,186 - mazeUtils.moveTile - [moveTile.py:90] - DEBUG - [3064.475603] moveTile obstacle check escapeFlag=False (+0.4 ms)
2026-06-18 01:18:10,187 - mazeUtils.moveTile - [moveTile.py:79] - DEBUG - roll: 359.79999999999995 deg, practicalMoveTime: 0.44476079064067764 sec
2026-06-18 01:18:10,187 - mazeUtils.moveTile - [moveTile.py:1306] - DEBUG - moveTile loop time: 61.1 ms
2026-06-18 01:18:10,187 - mazeUtils.moveTile - [moveTile.py:90] - DEBUG - [3064.477043] moveTile loop end practicalMoveTime=0.445 (+1.4 ms)
2026-06-18 01:18:10,188 - mazeUtils.moveTile - [moveTile.py:90] - DEBUG - [3064.477380] moveTile loop start (+0.3 ms)
2026-06-18 01:18:10,194 - picamera2.picamera2 - [picamera2.py:1391] - DEBUG - Execute job: <picamera2.job.Job object at 0x7f9a85b850>
2026-06-18 01:18:10,198 - mazeUtils.device.camera - [camera.py:39] - DEBUG - Average HSV: H=167.0, S=25.2, V=210.6
2026-06-18 01:18:10,203 - mazeUtils.moveTile - [moveTile.py:90] - DEBUG - [3064.492201] moveTile calculated motor speeds left=100 right=98 gyroSteer=1.0900000000000034 wallSteer=0.40000000000000213 (+14.8 ms)
2026-06-18 01:18:10,243 - mazeUtils.moveTile - [moveTile.py:90] - DEBUG - [3064.532386] moveTile applied motor speed left=100 right=98 (+40.2 ms)
2026-06-18 01:18:10,244 - mazeUtils.moveTile - [moveTile.py:90] - DEBUG - [3064.533205] moveTile ramp check isBigRamp=False (+0.8 ms)
2026-06-18 01:18:10,248 - mazeUtils.moveTile - [moveTile.py:90] - DEBUG - [3064.537426] moveTile tile color check tempTileColor=E (+4.2 ms)
2026-06-18 01:18:10,248 - mazeUtils.moveTile - [moveTile.py:90] - DEBUG - [3064.537900] moveTile obstacle check escapeFlag=False (+0.5 ms)
2026-06-18 01:18:10,249 - mazeUtils.moveTile - [moveTile.py:79] - DEBUG - roll: 357.59999999999997 deg, practicalMoveTime: 0.506422258446161 sec
2026-06-18 01:18:10,249 - mazeUtils.moveTile - [moveTile.py:1306] - DEBUG - moveTile loop time: 61.4 ms
2026-06-18 01:18:10,249 - mazeUtils.moveTile - [moveTile.py:90] - DEBUG - [3064.539086] moveTile loop end practicalMoveTime=0.506 (+1.2 ms)
2026-06-18 01:18:10,250 - mazeUtils.moveTile - [moveTile.py:90] - DEBUG - [3064.539385] moveTile loop start (+0.3 ms)
2026-06-18 01:18:10,255 - picamera2.picamera2 - [picamera2.py:1391] - DEBUG - Execute job: <picamera2.job.Job object at 0x7f8232dc50>
2026-06-18 01:18:10,260 - mazeUtils.device.camera - [camera.py:39] - DEBUG - Average HSV: H=167.0, S=28.9, V=206.4
2026-06-18 01:18:10,265 - mazeUtils.moveTile - [moveTile.py:90] - DEBUG - [3064.554247] moveTile calculated motor speeds left=100 right=98 gyroSteer=1.1550000000000011 wallSteer=0.40000000000000213 (+14.9 ms)
2026-06-18 01:18:10,305 - mazeUtils.moveTile - [moveTile.py:90] - DEBUG - [3064.594667] moveTile applied motor speed left=100 right=98 (+40.4 ms)
2026-06-18 01:18:10,306 - mazeUtils.moveTile - [moveTile.py:90] - DEBUG - [3064.595547] moveTile ramp check isBigRamp=False (+0.9 ms)
2026-06-18 01:18:10,312 - mazeUtils.moveTile - [moveTile.py:90] - DEBUG - [3064.601422] moveTile tile color check tempTileColor=E (+5.9 ms)
2026-06-18 01:18:10,312 - mazeUtils.moveTile - [moveTile.py:90] - DEBUG - [3064.601919] moveTile obstacle check escapeFlag=False (+0.5 ms)
2026-06-18 01:18:10,313 - mazeUtils.moveTile - [moveTile.py:79] - DEBUG - roll: 359.16999999999996 deg, practicalMoveTime: 0.5701100524713717 sec
2026-06-18 01:18:10,314 - mazeUtils.moveTile - [moveTile.py:1306] - DEBUG - moveTile loop time: 64.0 ms
2026-06-18 01:18:10,314 - mazeUtils.moveTile - [moveTile.py:90] - DEBUG - [3064.603876] moveTile loop end practicalMoveTime=0.570 (+2.0 ms)
2026-06-18 01:18:10,315 - mazeUtils.moveTile - [moveTile.py:90] - DEBUG - [3064.604351] moveTile loop start (+0.5 ms)
2026-06-18 01:18:10,321 - picamera2.picamera2 - [picamera2.py:1391] - DEBUG - Execute job: <picamera2.job.Job object at 0x7f813772d0>
2026-06-18 01:18:10,326 - mazeUtils.device.camera - [camera.py:39] - DEBUG - Average HSV: H=164.0, S=28.9, V=205.0
2026-06-18 01:18:10,331 - mazeUtils.moveTile - [moveTile.py:90] - DEBUG - [3064.620218] moveTile calculated motor speeds left=99 right=100 gyroSteer=1.710000000000008 wallSteer=-2.0 (+15.9 ms)
2026-06-18 01:18:10,371 - mazeUtils.moveTile - [moveTile.py:90] - DEBUG - [3064.660587] moveTile applied motor speed left=99 right=100 (+40.4 ms)
2026-06-18 01:18:10,372 - mazeUtils.moveTile - [moveTile.py:90] - DEBUG - [3064.661145] moveTile ramp check isBigRamp=False (+0.6 ms)
2026-06-18 01:18:10,376 - mazeUtils.moveTile - [moveTile.py:90] - DEBUG - [3064.665523] moveTile tile color check tempTileColor=E (+4.4 ms)
2026-06-18 01:18:10,377 - mazeUtils.moveTile - [moveTile.py:90] - DEBUG - [3064.666700] moveTile obstacle check escapeFlag=False (+1.2 ms)
2026-06-18 01:18:10,379 - mazeUtils.moveTile - [moveTile.py:79] - DEBUG - roll: 359.0 deg, practicalMoveTime: 0.6348968697947032 sec
2026-06-18 01:18:10,380 - mazeUtils.moveTile - [moveTile.py:1306] - DEBUG - moveTile loop time: 65.0 ms
2026-06-18 01:18:10,381 - mazeUtils.moveTile - [moveTile.py:90] - DEBUG - [3064.670267] moveTile loop end practicalMoveTime=0.635 (+3.6 ms)
2026-06-18 01:18:10,381 - mazeUtils.moveTile - [moveTile.py:90] - DEBUG - [3064.670723] moveTile loop start (+0.5 ms)
2026-06-18 01:18:10,386 - picamera2.picamera2 - [picamera2.py:1391] - DEBUG - Execute job: <picamera2.job.Job object at 0x7f9a85b850>
2026-06-18 01:18:10,391 - mazeUtils.device.camera - [camera.py:39] - DEBUG - Average HSV: H=160.5, S=28.0, V=201.7
2026-06-18 01:18:10,398 - mazeUtils.moveTile - [moveTile.py:90] - DEBUG - [3064.687641] moveTile calculated motor speeds left=100 right=98 gyroSteer=2.295000000000016 wallSteer=-0.8000000000000007 (+16.9 ms)
2026-06-18 01:18:10,438 - mazeUtils.moveTile - [moveTile.py:90] - DEBUG - [3064.727454] moveTile applied motor speed left=100 right=98 (+39.8 ms)
2026-06-18 01:18:10,439 - mazeUtils.moveTile - [moveTile.py:90] - DEBUG - [3064.728524] moveTile ramp check isBigRamp=False (+1.1 ms)
2026-06-18 01:18:10,442 - mazeUtils.moveTile - [moveTile.py:90] - DEBUG - [3064.731983] moveTile tile color check tempTileColor=E (+3.5 ms)
2026-06-18 01:18:10,443 - mazeUtils.moveTile - [moveTile.py:90] - DEBUG - [3064.732536] moveTile obstacle check escapeFlag=False (+0.6 ms)
2026-06-18 01:18:10,443 - mazeUtils.moveTile - [moveTile.py:79] - DEBUG - roll: 0.6599999999999682 deg, practicalMoveTime: 0.6985003424646261 sec
2026-06-18 01:18:10,444 - mazeUtils.moveTile - [moveTile.py:1306] - DEBUG - moveTile loop time: 62.6 ms
2026-06-18 01:18:10,444 - mazeUtils.moveTile - [moveTile.py:90] - DEBUG - [3064.733671] moveTile loop end practicalMoveTime=0.699 (+1.1 ms)
2026-06-18 01:18:10,444 - mazeUtils.moveTile - [moveTile.py:90] - DEBUG - [3064.733914] moveTile loop start (+0.2 ms)
2026-06-18 01:18:10,450 - picamera2.picamera2 - [picamera2.py:1391] - DEBUG - Execute job: <picamera2.job.Job object at 0x7f813772d0>
2026-06-18 01:18:10,454 - mazeUtils.device.camera - [camera.py:39] - DEBUG - Average HSV: H=161.4, S=29.9, V=197.1
2026-06-18 01:18:10,460 - mazeUtils.moveTile - [moveTile.py:90] - DEBUG - [3064.749157] moveTile calculated motor speeds left=100 right=98 gyroSteer=1.9950000000000045 wallSteer=-0.8000000000000007 (+15.2 ms)
2026-06-18 01:18:10,499 - mazeUtils.moveTile - [moveTile.py:90] - DEBUG - [3064.788795] moveTile applied motor speed left=100 right=98 (+39.6 ms)
2026-06-18 01:18:10,500 - mazeUtils.moveTile - [moveTile.py:90] - DEBUG - [3064.789368] moveTile ramp check isBigRamp=False (+0.6 ms)
2026-06-18 01:18:10,503 - mazeUtils.moveTile - [moveTile.py:90] - DEBUG - [3064.792744] moveTile tile color check tempTileColor=E (+3.4 ms)
2026-06-18 01:18:10,504 - mazeUtils.moveTile - [moveTile.py:90] - DEBUG - [3064.793261] moveTile obstacle check escapeFlag=False (+0.5 ms)
2026-06-18 01:18:10,504 - mazeUtils.moveTile - [moveTile.py:79] - DEBUG - roll: 359.84999999999997 deg, practicalMoveTime: 0.7588295729748815 sec
2026-06-18 01:18:10,505 - mazeUtils.moveTile - [moveTile.py:1306] - DEBUG - moveTile loop time: 60.3 ms
2026-06-18 01:18:10,505 - mazeUtils.moveTile - [moveTile.py:90] - DEBUG - [3064.794577] moveTile loop end practicalMoveTime=0.759 (+1.3 ms)
2026-06-18 01:18:10,505 - mazeUtils.moveTile - [moveTile.py:90] - DEBUG - [3064.794846] moveTile loop start (+0.3 ms)
2026-06-18 01:18:10,512 - picamera2.picamera2 - [picamera2.py:1391] - DEBUG - Execute job: <picamera2.job.Job object at 0x7f63164e50>
2026-06-18 01:18:10,517 - mazeUtils.device.camera - [camera.py:39] - DEBUG - Average HSV: H=164.1, S=29.9, V=197.8
2026-06-18 01:18:10,524 - mazeUtils.moveTile - [moveTile.py:90] - DEBUG - [3064.813713] moveTile calculated motor speeds left=100 right=94 gyroSteer=2.3200000000000074 wallSteer=2.8000000000000007 (+18.9 ms)
2026-06-18 01:18:10,567 - mazeUtils.moveTile - [moveTile.py:90] - DEBUG - [3064.856362] moveTile applied motor speed left=100 right=94 (+42.6 ms)
2026-06-18 01:18:10,568 - mazeUtils.moveTile - [moveTile.py:90] - DEBUG - [3064.857215] moveTile ramp check isBigRamp=False (+0.9 ms)
2026-06-18 01:18:10,571 - mazeUtils.moveTile - [moveTile.py:90] - DEBUG - [3064.860243] moveTile tile color check tempTileColor=E (+3.0 ms)
2026-06-18 01:18:10,571 - mazeUtils.moveTile - [moveTile.py:90] - DEBUG - [3064.860802] moveTile obstacle check escapeFlag=False (+0.6 ms)
2026-06-18 01:18:10,572 - mazeUtils.moveTile - [moveTile.py:79] - DEBUG - roll: 0.20999999999997954 deg, practicalMoveTime: 0.8259642176377426 sec
2026-06-18 01:18:10,572 - mazeUtils.moveTile - [moveTile.py:1306] - DEBUG - moveTile loop time: 67.1 ms
2026-06-18 01:18:10,573 - mazeUtils.moveTile - [moveTile.py:90] - DEBUG - [3064.862429] moveTile loop end practicalMoveTime=0.826 (+1.6 ms)
2026-06-18 01:18:10,573 - mazeUtils.moveTile - [moveTile.py:90] - DEBUG - [3064.862819] moveTile loop start (+0.4 ms)
2026-06-18 01:18:10,578 - picamera2.picamera2 - [picamera2.py:1391] - DEBUG - Execute job: <picamera2.job.Job object at 0x7f813772d0>
2026-06-18 01:18:10,584 - mazeUtils.device.camera - [camera.py:39] - DEBUG - Average HSV: H=161.8, S=30.4, V=195.9
2026-06-18 01:18:10,590 - mazeUtils.moveTile - [moveTile.py:90] - DEBUG - [3064.879263] moveTile calculated motor speeds left=100 right=94 gyroSteer=2.015000000000015 wallSteer=3.6000000000000014 (+16.4 ms)
2026-06-18 01:18:10,631 - mazeUtils.moveTile - [moveTile.py:90] - DEBUG - [3064.920681] moveTile applied motor speed left=100 right=94 (+41.4 ms)
2026-06-18 01:18:10,632 - mazeUtils.moveTile - [moveTile.py:90] - DEBUG - [3064.921531] moveTile ramp check isBigRamp=False (+0.8 ms)
2026-06-18 01:18:10,635 - mazeUtils.moveTile - [moveTile.py:90] - DEBUG - [3064.924717] moveTile tile color check tempTileColor=E (+3.2 ms)
2026-06-18 01:18:10,636 - mazeUtils.moveTile - [moveTile.py:90] - DEBUG - [3064.925151] moveTile obstacle check escapeFlag=False (+0.4 ms)
2026-06-18 01:18:10,636 - mazeUtils.moveTile - [moveTile.py:1253] - INFO - practicalVerticalMove: -0.424474307770954 CM
2026-06-18 01:18:10,678 - mazeUtils.moveTile - [moveTile.py:90] - DEBUG - [3064.967538] moveTile finished by time control (+42.4 ms)
2026-06-18 01:18:10,679 - mazeUtils.moveTile - [moveTile.py:90] - DEBUG - [3064.968145] moveTile start final forward adjustment (+43.0 ms)
2026-06-18 01:18:10,725 - mazeUtils.moveTile - [moveTile.py:90] - DEBUG - [3065.014676] moveTile finished final forward adjustment (+46.5 ms)
2026-06-18 01:18:10,742 - mazeUtils.moveTile - [moveTile.py:527] - DEBUG - Direction: absDirection.NORTH, Angle: 180, Distance: 99.21469901876051 cm
2026-06-18 01:18:10,744 - mazeUtils.moveTile - [moveTile.py:527] - DEBUG - Direction: absDirection.EAST, Angle: 90, Distance: 16.622704073100522 cm
2026-06-18 01:18:10,746 - mazeUtils.moveTile - [moveTile.py:527] - DEBUG - Direction: absDirection.SOUTH, Angle: 0, Distance: 30.14700817608374 cm
2026-06-18 01:18:10,747 - mazeUtils.moveTile - [moveTile.py:571] - WARNING - Inconsistent wall detection at absDirection.SOUTH: distance=30.14700817608374 cm, map wall type=wallType.WALL
2026-06-18 01:18:10,750 - mazeUtils.moveTile - [moveTile.py:527] - DEBUG - Direction: absDirection.WEST, Angle: 270, Distance: 18.01443663679748 cm
2026-06-18 01:18:10,751 - mazeUtils.moveTile - [moveTile.py:90] - DEBUG - [3065.040171] moveTile updated map and detected walls (+25.5 ms)
2026-06-18 01:18:10,753 - mazeUtils.moveTile - [moveTile.py:1620] - INFO - Tile color detection counts: {}, decided tile type: E
2026-06-18 01:18:10,755 - mazeUtils.moveTile - [moveTile.py:90] - DEBUG - [3065.044083] moveTile finished (+29.4 ms)
2026-06-18 01:18:10,871 - __main__ - [main.py:120] - INFO - Current position: (20, 20, 0), front direction: absDirection.SOUTH
Layer 0 (altitude=0.0cm, offset=(0.0cm, 0.0cm)):
Known map area: x=20..20, y=18..20
+   +
  B  
+   +
| E |
+   +
| @ |
+---+
mazeAsGraph[0][18][20] = {absDirection.NORTH: None, absDirection.EAST: None, absDirection.SOUTH: None, absDirection.WEST: None}
mazeAsGraph[0][19][20] = {absDirection.NORTH: None, absDirection.EAST: None, absDirection.SOUTH: (20, 20, 0, 30), absDirection.WEST: None}
mazeAsGraph[0][20][20] = {absDirection.NORTH: (20, 19, 0, 30), absDirection.EAST: None, absDirection.SOUTH: None, absDirection.WEST: None}
2026-06-18 01:18:10,872 - __main__ - [main.py:124] - INFO - Robot now at the starting position, Congratulations!
2026-06-18 01:18:19,006 - __main__ - [main.py:147] - INFO - Program interrupted by user.
2026-06-18 01:18:20,095 - mazeUtils.device.stm - [stm.py:216] - DEBUG - ACK resynchronized: type=STS_MOTOR dropped=24B seq=133
2026-06-18 01:18:20,605 - picamera2.picamera2 - [picamera2.py:1391] - DEBUG - Execute job: <picamera2.job.Job object at 0x7fa6cd7010>
2026-06-18 01:18:20,622 - picamera2.picamera2 - [picamera2.py:1323] - INFO - Camera stopped
2026-06-18 01:18:20,823 - picamera2.picamera2 - [picamera2.py:1329] - DEBUG - Camera was not started
2026-06-18 01:18:21,025 - picamera2.picamera2 - [picamera2.py:723] - INFO - Camera closed successfully.
2026-06-18 01:18:21,200 - picamera2.picamera2 - [picamera2.py:500] - DEBUG - Resources now free: <picamera2.picamera2.Picamera2 object at 0x7f822fd9d0>
