2026-06-23 22:41:11,359 - root - [logging_config.py:61] - INFO - Logging initialized. Log file: /home/tuton/Kanto2026RPi/src/config/../logs/robot_20260623_224110.log
2026-06-23 22:41:13,577 - mazeUtils.device.LiDAR - [LiDAR.py:36] - INFO - Available ports: <ydlidar.Str2strMap; proxy of <Swig Object of type 'std::map< std::string,std::string > *' at 0x7f7831e580> >
2026-06-23 22:41:27,183 - mazeUtils.moveTile - [moveTile.py:535] - DEBUG - Direction: absDirection.NORTH, Angle: 0, Distance: 44.899986039148615 cm
2026-06-23 22:41:27,184 - mazeUtils.moveTile - [moveTile.py:557] - DEBUG - Front LiDAR distance: 44.899986039148615 cm, TSD10 distance: 35.4 cm
2026-06-23 22:41:27,186 - mazeUtils.moveTile - [moveTile.py:535] - DEBUG - Direction: absDirection.EAST, Angle: 270, Distance: 17.63075629217404 cm
2026-06-23 22:41:27,189 - mazeUtils.moveTile - [moveTile.py:535] - DEBUG - Direction: absDirection.SOUTH, Angle: 180, Distance: 109.50390227644556 cm
2026-06-23 22:41:27,191 - mazeUtils.moveTile - [moveTile.py:535] - DEBUG - Direction: absDirection.WEST, Angle: 90, Distance: 48.807056145895814 cm
2026-06-23 22:41:27,192 - __main__ - [main.py:68] - INFO - Initial Map:
2026-06-23 22:41:27,223 - __main__ - [main.py:69] - INFO - Current position: (20, 20, 0), front direction: absDirection.NORTH
Layer 0 (altitude=0.0cm, offset=(0.0cm, 0.0cm)):
Known map area: x=20..20, y=20..20
+   +
  @ |
+   +
mazeAsGraph[0][20][20] = {absDirection.NORTH: (20, 19, 0, 30), absDirection.EAST: None, absDirection.SOUTH: (20, 21, 0, 30), absDirection.WEST: (19, 20, 0, 30)}
2026-06-23 22:41:27,224 - mazeUtils.mazeMap - [mazeMap.py:61] - INFO - next goal: (20, 19, 0)
2026-06-23 22:41:27,226 - __main__ - [main.py:72] - INFO - Next Direction: [<absDirection.NORTH: 0>]
2026-06-23 22:41:27,228 - __main__ - [main.py:73] - INFO - Exploration started.
2026-06-23 22:41:27,238 - mazeUtils.moveTile - [moveTile.py:79] - DEBUG - Moving to absDirection.NORTH from (20, 20, 0) facing absDirection.NORTH
2026-06-23 22:41:27,262 - mazeUtils.moveTile - [moveTile.py:79] - DEBUG - current heading: 359.15999999999997 target: 0
2026-06-23 22:41:27,281 - mazeUtils.moveTile - [moveTile.py:410] - DEBUG - stopped turning at heading: 359.15999999999997, diff: 0.8400000000000318
2026-06-23 22:41:27,331 - mazeUtils.moveTile - [moveTile.py:79] - DEBUG - Turned to heading: 359.15999999999997 deg
2026-06-23 22:41:27,922 - picamera2.picamera2 - [picamera2.py:1391] - DEBUG - Execute job: <picamera2.job.Job object at 0x7f6446b650>
2026-06-23 22:41:27,934 - mazeUtils.device.camera - [camera.py:39] - DEBUG - Average HSV: H=113.4, S=126.0, V=182.3
2026-06-23 22:41:27,974 - mazeUtils.moveTile - [moveTile.py:79] - DEBUG - roll: 359.07 deg, practicalMoveTime: 0.0604781935692269 sec
2026-06-23 22:41:27,975 - mazeUtils.moveTile - [moveTile.py:1718] - DEBUG - moveTile loop time: 59.2 ms
2026-06-23 22:41:27,980 - picamera2.picamera2 - [picamera2.py:1391] - DEBUG - Execute job: <picamera2.job.Job object at 0x7f5f3677d0>
2026-06-23 22:41:27,987 - mazeUtils.device.camera - [camera.py:39] - DEBUG - Average HSV: H=113.9, S=122.6, V=179.4
2026-06-23 22:41:28,026 - mazeUtils.moveTile - [moveTile.py:79] - DEBUG - roll: 359.07 deg, practicalMoveTime: 0.11081444768913087 sec
2026-06-23 22:41:28,026 - mazeUtils.moveTile - [moveTile.py:1718] - DEBUG - moveTile loop time: 50.5 ms
2026-06-23 22:41:28,038 - picamera2.picamera2 - [picamera2.py:1391] - DEBUG - Execute job: <picamera2.job.Job object at 0x7f5f3bf510>
2026-06-23 22:41:28,043 - mazeUtils.device.camera - [camera.py:39] - DEBUG - Average HSV: H=113.6, S=125.7, V=180.9
2026-06-23 22:41:28,084 - mazeUtils.moveTile - [moveTile.py:79] - DEBUG - roll: 358.78 deg, practicalMoveTime: 0.16843341252124494 sec
2026-06-23 22:41:28,085 - mazeUtils.moveTile - [moveTile.py:1718] - DEBUG - moveTile loop time: 58.3 ms
2026-06-23 22:41:28,093 - picamera2.picamera2 - [picamera2.py:1391] - DEBUG - Execute job: <picamera2.job.Job object at 0x7f4c126d50>
2026-06-23 22:41:28,098 - mazeUtils.device.camera - [camera.py:39] - DEBUG - Average HSV: H=112.9, S=130.6, V=184.7
2026-06-23 22:41:28,137 - mazeUtils.moveTile - [moveTile.py:79] - DEBUG - roll: 359.27 deg, practicalMoveTime: 0.22082873165139708 sec
2026-06-23 22:41:28,138 - mazeUtils.moveTile - [moveTile.py:1718] - DEBUG - moveTile loop time: 52.7 ms
2026-06-23 22:41:28,142 - picamera2.picamera2 - [picamera2.py:1391] - DEBUG - Execute job: <picamera2.job.Job object at 0x7f5f3677d0>
2026-06-23 22:41:28,148 - mazeUtils.device.camera - [camera.py:39] - DEBUG - Average HSV: H=113.2, S=132.2, V=181.2
2026-06-23 22:41:28,184 - mazeUtils.moveTile - [moveTile.py:79] - DEBUG - roll: 357.92 deg, practicalMoveTime: 0.2664255803820515 sec
2026-06-23 22:41:28,184 - mazeUtils.moveTile - [moveTile.py:1718] - DEBUG - moveTile loop time: 45.9 ms
2026-06-23 22:41:28,191 - picamera2.picamera2 - [picamera2.py:1391] - DEBUG - Execute job: <picamera2.job.Job object at 0x7f6447f690>
2026-06-23 22:41:28,197 - mazeUtils.device.camera - [camera.py:39] - DEBUG - Average HSV: H=112.8, S=136.0, V=182.5
2026-06-23 22:41:28,232 - mazeUtils.moveTile - [moveTile.py:79] - DEBUG - roll: 358.96 deg, practicalMoveTime: 0.31401961337074985 sec
2026-06-23 22:41:28,233 - mazeUtils.moveTile - [moveTile.py:1718] - DEBUG - moveTile loop time: 48.3 ms
2026-06-23 22:41:28,238 - picamera2.picamera2 - [picamera2.py:1391] - DEBUG - Execute job: <picamera2.job.Job object at 0x7f6446b650>
2026-06-23 22:41:28,244 - mazeUtils.device.camera - [camera.py:39] - DEBUG - Average HSV: H=112.7, S=138.3, V=182.6
2026-06-23 22:41:28,282 - mazeUtils.moveTile - [moveTile.py:79] - DEBUG - roll: 358.49 deg, practicalMoveTime: 0.3630544779625815 sec
2026-06-23 22:41:28,283 - mazeUtils.moveTile - [moveTile.py:1718] - DEBUG - moveTile loop time: 49.0 ms
2026-06-23 22:41:28,288 - picamera2.picamera2 - [picamera2.py:1391] - DEBUG - Execute job: <picamera2.job.Job object at 0x7f5f3bf210>
2026-06-23 22:41:28,291 - mazeUtils.device.camera - [camera.py:39] - DEBUG - Average HSV: H=112.2, S=141.9, V=186.0
2026-06-23 22:41:28,334 - mazeUtils.moveTile - [moveTile.py:79] - DEBUG - roll: 358.8 deg, practicalMoveTime: 0.41415337461008184 sec
2026-06-23 22:41:28,334 - mazeUtils.moveTile - [moveTile.py:1718] - DEBUG - moveTile loop time: 51.2 ms
2026-06-23 22:41:28,341 - picamera2.picamera2 - [picamera2.py:1391] - DEBUG - Execute job: <picamera2.job.Job object at 0x7f5f3b3ad0>
2026-06-23 22:41:28,345 - mazeUtils.device.camera - [camera.py:39] - DEBUG - Average HSV: H=112.1, S=143.5, V=186.4
2026-06-23 22:41:28,383 - mazeUtils.moveTile - [moveTile.py:79] - DEBUG - roll: 357.69 deg, practicalMoveTime: 0.4628600373583329 sec
2026-06-23 22:41:28,384 - mazeUtils.moveTile - [moveTile.py:1718] - DEBUG - moveTile loop time: 49.0 ms
2026-06-23 22:41:28,388 - picamera2.picamera2 - [picamera2.py:1391] - DEBUG - Execute job: <picamera2.job.Job object at 0x7f5f3b3690>
2026-06-23 22:41:28,393 - mazeUtils.device.camera - [camera.py:39] - DEBUG - Average HSV: H=111.6, S=148.6, V=189.3
2026-06-23 22:41:28,428 - mazeUtils.moveTile - [moveTile.py:79] - DEBUG - roll: 357.74 deg, practicalMoveTime: 0.507183277805555 sec
2026-06-23 22:41:28,429 - mazeUtils.moveTile - [moveTile.py:1718] - DEBUG - moveTile loop time: 44.6 ms
2026-06-23 22:41:28,434 - picamera2.picamera2 - [picamera2.py:1391] - DEBUG - Execute job: <picamera2.job.Job object at 0x7f5f3b3ad0>
2026-06-23 22:41:28,439 - mazeUtils.device.camera - [camera.py:39] - DEBUG - Average HSV: H=111.2, S=152.1, V=192.2
2026-06-23 22:41:28,474 - mazeUtils.moveTile - [moveTile.py:79] - DEBUG - roll: 358.78999999999996 deg, practicalMoveTime: 0.5526063105805672 sec
2026-06-23 22:41:28,475 - mazeUtils.moveTile - [moveTile.py:1718] - DEBUG - moveTile loop time: 45.7 ms
2026-06-23 22:41:28,480 - picamera2.picamera2 - [picamera2.py:1391] - DEBUG - Execute job: <picamera2.job.Job object at 0x7f5f3677d0>
2026-06-23 22:41:28,485 - mazeUtils.device.camera - [camera.py:39] - DEBUG - Average HSV: H=110.6, S=162.6, V=195.6
2026-06-23 22:41:28,522 - mazeUtils.moveTile - [moveTile.py:79] - DEBUG - roll: 358.19 deg, practicalMoveTime: 0.5999658333954486 sec
2026-06-23 22:41:28,524 - mazeUtils.moveTile - [moveTile.py:1718] - DEBUG - moveTile loop time: 48.1 ms
2026-06-23 22:41:28,532 - picamera2.picamera2 - [picamera2.py:1391] - DEBUG - Execute job: <picamera2.job.Job object at 0x7f5f3b3690>
2026-06-23 22:41:28,536 - mazeUtils.device.camera - [camera.py:39] - DEBUG - Average HSV: H=110.9, S=157.2, V=197.6
2026-06-23 22:41:28,573 - mazeUtils.moveTile - [moveTile.py:79] - DEBUG - roll: 358.17 deg, practicalMoveTime: 0.6490713984413636 sec
2026-06-23 22:41:28,573 - mazeUtils.moveTile - [moveTile.py:1718] - DEBUG - moveTile loop time: 49.2 ms
2026-06-23 22:41:28,578 - picamera2.picamera2 - [picamera2.py:1391] - DEBUG - Execute job: <picamera2.job.Job object at 0x7f5f3b3ad0>
2026-06-23 22:41:28,583 - mazeUtils.device.camera - [camera.py:39] - DEBUG - Average HSV: H=110.3, S=161.2, V=200.2
2026-06-23 22:41:28,621 - mazeUtils.moveTile - [moveTile.py:79] - DEBUG - roll: 358.18 deg, practicalMoveTime: 0.6969913351764729 sec
2026-06-23 22:41:28,622 - mazeUtils.moveTile - [moveTile.py:1718] - DEBUG - moveTile loop time: 47.9 ms
2026-06-23 22:41:28,628 - picamera2.picamera2 - [picamera2.py:1391] - DEBUG - Execute job: <picamera2.job.Job object at 0x7f4ca19d50>
2026-06-23 22:41:28,632 - mazeUtils.device.camera - [camera.py:39] - DEBUG - Average HSV: H=109.9, S=163.9, V=202.6
2026-06-23 22:41:28,668 - mazeUtils.moveTile - [moveTile.py:79] - DEBUG - roll: 358.28999999999996 deg, practicalMoveTime: 0.7425362981063929 sec
2026-06-23 22:41:28,668 - mazeUtils.moveTile - [moveTile.py:1718] - DEBUG - moveTile loop time: 45.8 ms
2026-06-23 22:41:28,675 - picamera2.picamera2 - [picamera2.py:1391] - DEBUG - Execute job: <picamera2.job.Job object at 0x7f4c126d50>
2026-06-23 22:41:28,680 - mazeUtils.device.camera - [camera.py:39] - DEBUG - Average HSV: H=109.8, S=164.5, V=202.5
2026-06-23 22:41:28,717 - mazeUtils.moveTile - [moveTile.py:79] - DEBUG - roll: 358.21999999999997 deg, practicalMoveTime: 0.7916113362837168 sec
2026-06-23 22:41:28,718 - mazeUtils.moveTile - [moveTile.py:1718] - DEBUG - moveTile loop time: 49.4 ms
2026-06-23 22:41:28,730 - picamera2.picamera2 - [picamera2.py:1391] - DEBUG - Execute job: <picamera2.job.Job object at 0x7f4cabc090>
2026-06-23 22:41:28,735 - mazeUtils.device.camera - [camera.py:39] - DEBUG - Average HSV: H=109.5, S=173.5, V=201.1
2026-06-23 22:41:28,773 - mazeUtils.moveTile - [moveTile.py:79] - DEBUG - roll: 357.88 deg, practicalMoveTime: 0.8461450939298357 sec
2026-06-23 22:41:28,774 - mazeUtils.moveTile - [moveTile.py:1718] - DEBUG - moveTile loop time: 55.3 ms
2026-06-23 22:41:28,778 - picamera2.picamera2 - [picamera2.py:1391] - DEBUG - Execute job: <picamera2.job.Job object at 0x7f5f3bed50>
2026-06-23 22:41:28,783 - mazeUtils.device.camera - [camera.py:39] - DEBUG - Average HSV: H=109.9, S=192.2, V=185.7
2026-06-23 22:41:28,816 - mazeUtils.moveTile - [moveTile.py:1607] - INFO - practicalVerticalMove: -0.7706421560002191 CM
2026-06-23 22:41:28,863 - mazeUtils.moveTile - [moveTile.py:79] - DEBUG - Little forward to adjust position
2026-06-23 22:41:29,002 - mazeUtils.moveTile - [moveTile.py:1940] - INFO - Set moved vertical distance: -0.7706421560002191 cm, past distances: [(0, False), (0, False), (0, False)]
2026-06-23 22:41:29,535 - mazeUtils.moveTile - [moveTile.py:535] - DEBUG - Direction: absDirection.NORTH, Angle: 0, Distance: 12.29637768756774 cm
2026-06-23 22:41:29,536 - mazeUtils.moveTile - [moveTile.py:557] - DEBUG - Front LiDAR distance: 12.29637768756774 cm, TSD10 distance: 2.2 cm
2026-06-23 22:41:29,538 - mazeUtils.moveTile - [moveTile.py:535] - DEBUG - Direction: absDirection.EAST, Angle: 270, Distance: 19.290326778162772 cm
2026-06-23 22:41:29,539 - mazeUtils.moveTile - [moveTile.py:535] - DEBUG - Direction: absDirection.SOUTH, Angle: 180, Distance: 110.00825992196064 cm
2026-06-23 22:41:29,541 - mazeUtils.moveTile - [moveTile.py:535] - DEBUG - Direction: absDirection.WEST, Angle: 90, Distance: 44.11418921918235 cm
2026-06-23 22:41:29,544 - mazeUtils.moveTile - [moveTile.py:2092] - INFO - Tile color detection, decided tile type: E
2026-06-23 22:41:29,617 - __main__ - [main.py:104] - INFO - Current position: (20, 19, 0), front direction: absDirection.NORTH
Layer 0 (altitude=0.0cm, offset=(0.0cm, 0.0cm)):
Known map area: x=20..20, y=19..20
+---+
  @ |
+   +
  S |
+   +
mazeAsGraph[0][19][20] = {absDirection.NORTH: None, absDirection.EAST: None, absDirection.SOUTH: (20, 20, 0, 30), absDirection.WEST: (19, 19, 0, 30)}
mazeAsGraph[0][20][20] = {absDirection.NORTH: (20, 19, 0, 30), absDirection.EAST: None, absDirection.SOUTH: (20, 21, 0, 30), absDirection.WEST: (19, 20, 0, 30)}
2026-06-23 22:41:29,624 - mazeUtils.mazeMap - [mazeMap.py:61] - INFO - next goal: (19, 19, 0)
2026-06-23 22:41:29,632 - mazeUtils.moveTile - [moveTile.py:79] - DEBUG - Moving to absDirection.WEST from (20, 19, 0) facing absDirection.NORTH
2026-06-23 22:41:29,659 - mazeUtils.moveTile - [moveTile.py:79] - DEBUG - current heading: 0.6999999999999886 target: 90
2026-06-23 22:41:30,689 - mazeUtils.moveTile - [moveTile.py:410] - DEBUG - stopped turning at heading: 84.12999999999997, diff: 5.870000000000033
2026-06-23 22:41:30,744 - mazeUtils.moveTile - [moveTile.py:79] - DEBUG - Turned to heading: 90.03999999999999 deg
2026-06-23 22:41:30,790 - mazeUtils.moveTile - [moveTile.py:79] - DEBUG - Little backward to adjust position
2026-06-23 22:41:31,216 - picamera2.picamera2 - [picamera2.py:1391] - DEBUG - Execute job: <picamera2.job.Job object at 0x7f84e2abd0>
2026-06-23 22:41:31,221 - mazeUtils.device.camera - [camera.py:39] - DEBUG - Average HSV: H=114.0, S=126.5, V=170.8
2026-06-23 22:41:31,255 - mazeUtils.moveTile - [moveTile.py:79] - DEBUG - roll: 359.13 deg, practicalMoveTime: 0.04925913020050394 sec
2026-06-23 22:41:31,256 - mazeUtils.moveTile - [moveTile.py:1718] - DEBUG - moveTile loop time: 47.3 ms
2026-06-23 22:41:31,260 - picamera2.picamera2 - [picamera2.py:1391] - DEBUG - Execute job: <picamera2.job.Job object at 0x7f5f3ba710>
2026-06-23 22:41:31,265 - mazeUtils.device.camera - [camera.py:39] - DEBUG - Average HSV: H=113.7, S=130.6, V=171.7
2026-06-23 22:41:31,300 - mazeUtils.moveTile - [moveTile.py:79] - DEBUG - roll: 359.68 deg, practicalMoveTime: 0.09357766381558213 sec
2026-06-23 22:41:31,301 - mazeUtils.moveTile - [moveTile.py:1718] - DEBUG - moveTile loop time: 44.7 ms
2026-06-23 22:41:31,306 - picamera2.picamera2 - [picamera2.py:1391] - DEBUG - Execute job: <picamera2.job.Job object at 0x7f784d9350>
2026-06-23 22:41:31,312 - mazeUtils.device.camera - [camera.py:39] - DEBUG - Average HSV: H=113.1, S=140.0, V=175.4
2026-06-23 22:41:31,349 - mazeUtils.moveTile - [moveTile.py:79] - DEBUG - roll: 358.49 deg, practicalMoveTime: 0.14182039406731994 sec
2026-06-23 22:41:31,350 - mazeUtils.moveTile - [moveTile.py:1718] - DEBUG - moveTile loop time: 48.4 ms
2026-06-23 22:41:31,360 - picamera2.picamera2 - [picamera2.py:1391] - DEBUG - Execute job: <picamera2.job.Job object at 0x7f5f3af590>
2026-06-23 22:41:31,365 - mazeUtils.device.camera - [camera.py:39] - DEBUG - Average HSV: H=112.5, S=156.5, V=167.8
2026-06-23 22:41:31,398 - mazeUtils.moveTile - [moveTile.py:79] - DEBUG - roll: 358.68 deg, practicalMoveTime: 0.18992995793413947 sec
2026-06-23 22:41:31,398 - mazeUtils.moveTile - [moveTile.py:1718] - DEBUG - moveTile loop time: 48.4 ms
2026-06-23 22:41:31,403 - picamera2.picamera2 - [picamera2.py:1391] - DEBUG - Execute job: <picamera2.job.Job object at 0x7f784d9350>
2026-06-23 22:41:31,408 - mazeUtils.device.camera - [camera.py:39] - DEBUG - Average HSV: H=109.9, S=176.7, V=209.3
2026-06-23 22:41:31,450 - mazeUtils.moveTile - [moveTile.py:79] - DEBUG - roll: 358.46999999999997 deg, practicalMoveTime: 0.24109540609834645 sec
2026-06-23 22:41:31,451 - mazeUtils.moveTile - [moveTile.py:1718] - DEBUG - moveTile loop time: 51.8 ms
2026-06-23 22:41:31,457 - picamera2.picamera2 - [picamera2.py:1391] - DEBUG - Execute job: <picamera2.job.Job object at 0x7f6e72f510>
2026-06-23 22:41:31,462 - mazeUtils.device.camera - [camera.py:39] - DEBUG - Average HSV: H=109.1, S=178.9, V=220.1
2026-06-23 22:41:31,501 - mazeUtils.moveTile - [moveTile.py:79] - DEBUG - roll: 358.53 deg, practicalMoveTime: 0.29163136816818 sec
2026-06-23 22:41:31,502 - mazeUtils.moveTile - [moveTile.py:1718] - DEBUG - moveTile loop time: 50.5 ms
2026-06-23 22:41:31,509 - picamera2.picamera2 - [picamera2.py:1391] - DEBUG - Execute job: <picamera2.job.Job object at 0x7f4cc8ced0>
2026-06-23 22:41:31,515 - mazeUtils.device.camera - [camera.py:39] - DEBUG - Average HSV: H=109.0, S=180.5, V=223.1
2026-06-23 22:41:31,549 - mazeUtils.moveTile - [moveTile.py:79] - DEBUG - roll: 358.75 deg, practicalMoveTime: 0.3389466403163726 sec
2026-06-23 22:41:31,550 - mazeUtils.moveTile - [moveTile.py:1718] - DEBUG - moveTile loop time: 47.7 ms
2026-06-23 22:41:31,555 - picamera2.picamera2 - [picamera2.py:1391] - DEBUG - Execute job: <picamera2.job.Job object at 0x7f4c5a3410>
2026-06-23 22:41:31,559 - mazeUtils.device.camera - [camera.py:39] - DEBUG - Average HSV: H=108.3, S=187.8, V=226.6
2026-06-23 22:41:31,597 - mazeUtils.moveTile - [moveTile.py:79] - DEBUG - roll: 358.31 deg, practicalMoveTime: 0.385450461935897 sec
2026-06-23 22:41:31,597 - mazeUtils.moveTile - [moveTile.py:1718] - DEBUG - moveTile loop time: 46.8 ms
2026-06-23 22:41:31,602 - picamera2.picamera2 - [picamera2.py:1391] - DEBUG - Execute job: <picamera2.job.Job object at 0x7f84e2abd0>
2026-06-23 22:41:31,607 - mazeUtils.device.camera - [camera.py:39] - DEBUG - Average HSV: H=108.8, S=183.7, V=224.7
2026-06-23 22:41:31,642 - mazeUtils.moveTile - [moveTile.py:79] - DEBUG - roll: 358.97999999999996 deg, practicalMoveTime: 0.43024004106538555 sec
2026-06-23 22:41:31,643 - mazeUtils.moveTile - [moveTile.py:1718] - DEBUG - moveTile loop time: 45.1 ms
2026-06-23 22:41:31,649 - picamera2.picamera2 - [picamera2.py:1391] - DEBUG - Execute job: <picamera2.job.Job object at 0x7f5f3ba710>
2026-06-23 22:41:31,654 - mazeUtils.device.camera - [camera.py:39] - DEBUG - Average HSV: H=108.2, S=189.9, V=226.9
2026-06-23 22:41:31,691 - mazeUtils.moveTile - [moveTile.py:79] - DEBUG - roll: 1.3999999999999773 deg, practicalMoveTime: 0.47800603167898703 sec
2026-06-23 22:41:31,691 - mazeUtils.moveTile - [moveTile.py:1718] - DEBUG - moveTile loop time: 48.0 ms
2026-06-23 22:41:31,703 - picamera2.picamera2 - [picamera2.py:1391] - DEBUG - Execute job: <picamera2.job.Job object at 0x7f4cc8ced0>
2026-06-23 22:41:31,708 - mazeUtils.device.camera - [camera.py:39] - DEBUG - Average HSV: H=108.4, S=186.7, V=228.2
2026-06-23 22:41:31,747 - mazeUtils.moveTile - [moveTile.py:79] - DEBUG - roll: 5.5 deg, practicalMoveTime: 0.5337624568733564 sec
2026-06-23 22:41:31,749 - mazeUtils.moveTile - [moveTile.py:1718] - DEBUG - moveTile loop time: 56.8 ms
2026-06-23 22:41:31,755 - picamera2.picamera2 - [picamera2.py:1391] - DEBUG - Execute job: <picamera2.job.Job object at 0x7f84e2abd0>
2026-06-23 22:41:31,759 - mazeUtils.device.camera - [camera.py:39] - DEBUG - Average HSV: H=109.1, S=181.9, V=224.0
2026-06-23 22:41:31,793 - mazeUtils.moveTile - [moveTile.py:79] - DEBUG - roll: 8.829999999999984 deg, practicalMoveTime: 0.5691457090413683 sec
2026-06-23 22:41:31,794 - mazeUtils.moveTile - [moveTile.py:1718] - DEBUG - moveTile loop time: 44.8 ms
2026-06-23 22:41:31,805 - picamera2.picamera2 - [picamera2.py:1391] - DEBUG - Execute job: <picamera2.job.Job object at 0x7f6e72f610>
2026-06-23 22:41:31,809 - mazeUtils.device.camera - [camera.py:39] - DEBUG - Average HSV: H=110.0, S=173.7, V=218.9
2026-06-23 22:41:31,847 - mazeUtils.moveTile - [moveTile.py:79] - DEBUG - roll: 11.430000000000007 deg, practicalMoveTime: 0.6106090707781685 sec
2026-06-23 22:41:31,847 - mazeUtils.moveTile - [moveTile.py:1718] - DEBUG - moveTile loop time: 53.1 ms
2026-06-23 22:41:31,853 - picamera2.picamera2 - [picamera2.py:1391] - DEBUG - Execute job: <picamera2.job.Job object at 0x7f6e702c10>
2026-06-23 22:41:31,858 - mazeUtils.device.camera - [camera.py:39] - DEBUG - Average HSV: H=110.0, S=171.5, V=218.5
2026-06-23 22:41:31,894 - mazeUtils.moveTile - [moveTile.py:79] - DEBUG - roll: 14.769999999999982 deg, practicalMoveTime: 0.6470501349936145 sec
2026-06-23 22:41:31,895 - mazeUtils.moveTile - [moveTile.py:1718] - DEBUG - moveTile loop time: 47.0 ms
2026-06-23 22:41:31,907 - picamera2.picamera2 - [picamera2.py:1391] - DEBUG - Execute job: <picamera2.job.Job object at 0x7f84e2abd0>
2026-06-23 22:41:31,912 - mazeUtils.device.camera - [camera.py:39] - DEBUG - Average HSV: H=111.0, S=162.8, V=213.2
2026-06-23 22:41:31,968 - mazeUtils.moveTile - [moveTile.py:1637] - INFO - Front wall detected on up ramp, stopping movement
2026-06-23 22:41:32,775 - __main__ - [main.py:104] - INFO - Current position: (20, 19, 0), front direction: absDirection.WEST
Layer 0 (altitude=0.0cm, offset=(0.0cm, 0.0cm)):
Known map area: x=19..20, y=19..20
+   +---+
  B   @ |
+   +   +
  U   S |
+   +   +
mazeAsGraph[0][19][19] = {absDirection.NORTH: None, absDirection.EAST: None, absDirection.SOUTH: None, absDirection.WEST: None}
mazeAsGraph[0][19][20] = {absDirection.NORTH: None, absDirection.EAST: None, absDirection.SOUTH: (20, 20, 0, 30), absDirection.WEST: None}
mazeAsGraph[0][20][20] = {absDirection.NORTH: (20, 19, 0, 30), absDirection.EAST: None, absDirection.SOUTH: (20, 21, 0, 30), absDirection.WEST: (19, 20, 0, 30)}
2026-06-23 22:41:32,783 - mazeUtils.mazeMap - [mazeMap.py:61] - INFO - next goal: (20, 21, 0)
2026-06-23 22:41:32,794 - mazeUtils.moveTile - [moveTile.py:79] - DEBUG - Moving to absDirection.SOUTH from (20, 19, 0) facing absDirection.WEST
2026-06-23 22:41:32,799 - mazeUtils.moveTile - [moveTile.py:79] - DEBUG - Turning to 180 deg, current heading: 89.12999999999997 deg, turnAngle: -90.87000000000003 deg
2026-06-23 22:41:32,825 - mazeUtils.moveTile - [moveTile.py:79] - DEBUG - gyro:89.12999999999997 deg, derivative: 0.0, turnSpeed: -100
2026-06-23 22:41:32,852 - mazeUtils.moveTile - [moveTile.py:79] - DEBUG - gyro:87.99999999999997 deg, derivative: -1.1299999999999955, turnSpeed: -100
2026-06-23 22:41:32,878 - mazeUtils.moveTile - [moveTile.py:79] - DEBUG - gyro:85.97 deg, derivative: -2.0299999999999727, turnSpeed: -100
2026-06-23 22:41:32,909 - mazeUtils.moveTile - [moveTile.py:79] - DEBUG - gyro:86.10999999999999 deg, derivative: 0.13999999999998636, turnSpeed: -100
2026-06-23 22:41:32,937 - mazeUtils.moveTile - [moveTile.py:79] - DEBUG - gyro:88.74999999999997 deg, derivative: 2.6399999999999864, turnSpeed: -100
2026-06-23 22:41:32,968 - mazeUtils.moveTile - [moveTile.py:79] - DEBUG - gyro:92.72999999999999 deg, derivative: 3.980000000000018, turnSpeed: -100
2026-06-23 22:41:32,993 - mazeUtils.moveTile - [moveTile.py:79] - DEBUG - gyro:95.4 deg, derivative: 2.670000000000016, turnSpeed: -100
2026-06-23 22:41:33,019 - mazeUtils.moveTile - [moveTile.py:79] - DEBUG - gyro:98.15 deg, derivative: 2.75, turnSpeed: -100
2026-06-23 22:41:33,047 - mazeUtils.moveTile - [moveTile.py:79] - DEBUG - gyro:100.39000000000001 deg, derivative: 2.240000000000009, turnSpeed: -100
2026-06-23 22:41:33,075 - mazeUtils.moveTile - [moveTile.py:79] - DEBUG - gyro:102.81999999999996 deg, derivative: 2.42999999999995, turnSpeed: -100
2026-06-23 22:41:33,100 - mazeUtils.moveTile - [moveTile.py:79] - DEBUG - gyro:106.62999999999997 deg, derivative: 3.8100000000000023, turnSpeed: -100
2026-06-23 22:41:33,125 - mazeUtils.moveTile - [moveTile.py:79] - DEBUG - gyro:110.55999999999997 deg, derivative: 3.930000000000007, turnSpeed: -100
2026-06-23 22:41:33,155 - mazeUtils.moveTile - [moveTile.py:79] - DEBUG - gyro:113.33000000000001 deg, derivative: 2.7700000000000387, turnSpeed: -100
2026-06-23 22:41:33,179 - mazeUtils.moveTile - [moveTile.py:79] - DEBUG - gyro:117.56999999999996 deg, derivative: 4.239999999999952, turnSpeed: -100
2026-06-23 22:41:33,202 - mazeUtils.moveTile - [moveTile.py:79] - DEBUG - gyro:120.86999999999998 deg, derivative: 3.3000000000000114, turnSpeed: -100
2026-06-23 22:41:33,229 - mazeUtils.moveTile - [moveTile.py:79] - DEBUG - gyro:122.74999999999997 deg, derivative: 1.8799999999999955, turnSpeed: -100
2026-06-23 22:41:33,260 - mazeUtils.moveTile - [moveTile.py:79] - DEBUG - gyro:125.84 deg, derivative: 3.090000000000032, turnSpeed: -100
2026-06-23 22:41:33,282 - mazeUtils.moveTile - [moveTile.py:79] - DEBUG - gyro:128.47 deg, derivative: 2.6299999999999955, turnSpeed: -100
2026-06-23 22:41:33,308 - mazeUtils.moveTile - [moveTile.py:79] - DEBUG - gyro:130.73999999999998 deg, derivative: 2.269999999999982, turnSpeed: -98.52000000000004
2026-06-23 22:41:33,333 - mazeUtils.moveTile - [moveTile.py:79] - DEBUG - gyro:135.17999999999998 deg, derivative: 4.439999999999998, turnSpeed: -89.64000000000004
2026-06-23 22:41:33,357 - mazeUtils.moveTile - [moveTile.py:79] - DEBUG - gyro:138.34 deg, derivative: 3.160000000000025, turnSpeed: -83.32
2026-06-23 22:41:33,381 - mazeUtils.moveTile - [moveTile.py:79] - DEBUG - gyro:142.22 deg, derivative: 3.8799999999999955, turnSpeed: -75.56
2026-06-23 22:41:33,410 - mazeUtils.moveTile - [moveTile.py:79] - DEBUG - gyro:145.85 deg, derivative: 3.6299999999999955, turnSpeed: -68.30000000000001
2026-06-23 22:41:33,438 - mazeUtils.moveTile - [moveTile.py:79] - DEBUG - gyro:148.39 deg, derivative: 2.539999999999992, turnSpeed: -63.22000000000003
2026-06-23 22:41:33,465 - mazeUtils.moveTile - [moveTile.py:79] - DEBUG - gyro:151.48 deg, derivative: 3.0900000000000034, turnSpeed: -57.04000000000002
2026-06-23 22:41:33,492 - mazeUtils.moveTile - [moveTile.py:79] - DEBUG - gyro:153.28 deg, derivative: 1.8000000000000114, turnSpeed: -53.44
2026-06-23 22:41:33,515 - mazeUtils.moveTile - [moveTile.py:79] - DEBUG - gyro:156.19 deg, derivative: 2.9099999999999966, turnSpeed: -47.620000000000005
2026-06-23 22:41:33,541 - mazeUtils.moveTile - [moveTile.py:79] - DEBUG - gyro:158.60999999999999 deg, derivative: 2.4199999999999875, turnSpeed: -42.78000000000003
2026-06-23 22:41:33,567 - mazeUtils.moveTile - [moveTile.py:79] - DEBUG - gyro:160.95 deg, derivative: 2.3400000000000034, turnSpeed: -38.10000000000002
2026-06-23 22:41:33,594 - mazeUtils.moveTile - [moveTile.py:79] - DEBUG - gyro:162.59 deg, derivative: 1.6400000000000148, turnSpeed: -34.81999999999999
2026-06-23 22:41:33,618 - mazeUtils.moveTile - [moveTile.py:79] - DEBUG - gyro:164.2 deg, derivative: 1.6099999999999852, turnSpeed: -31.600000000000023
2026-06-23 22:41:33,653 - mazeUtils.moveTile - [moveTile.py:79] - DEBUG - gyro:165.59 deg, derivative: 1.3900000000000148, turnSpeed: -28.819999999999993
2026-06-23 22:41:33,676 - mazeUtils.moveTile - [moveTile.py:79] - DEBUG - gyro:167.0 deg, derivative: 1.4099999999999966, turnSpeed: -26.0
2026-06-23 22:41:33,703 - mazeUtils.moveTile - [moveTile.py:79] - DEBUG - gyro:168.85999999999999 deg, derivative: 1.8599999999999852, turnSpeed: -22.28000000000003
2026-06-23 22:41:33,736 - mazeUtils.moveTile - [moveTile.py:79] - DEBUG - gyro:170.45 deg, derivative: 1.5900000000000034, turnSpeed: -19.100000000000023
2026-06-23 22:41:33,763 - mazeUtils.moveTile - [moveTile.py:79] - DEBUG - gyro:172.19 deg, derivative: 1.740000000000009, turnSpeed: -15.620000000000005
2026-06-23 22:41:33,788 - mazeUtils.moveTile - [moveTile.py:79] - DEBUG - gyro:173.66 deg, derivative: 1.4699999999999989, turnSpeed: -12.680000000000007
2026-06-23 22:41:33,820 - mazeUtils.moveTile - [moveTile.py:79] - DEBUG - gyro:174.29 deg, derivative: 0.6299999999999955, turnSpeed: -11.420000000000016
2026-06-23 22:41:33,844 - mazeUtils.moveTile - [moveTile.py:79] - DEBUG - gyro:174.82 deg, derivative: 0.5300000000000011, turnSpeed: -10.360000000000014
2026-06-23 22:41:33,872 - mazeUtils.moveTile - [moveTile.py:79] - DEBUG - gyro:175.26 deg, derivative: 0.4399999999999977, turnSpeed: -9.480000000000018
2026-06-23 22:41:33,896 - mazeUtils.moveTile - [moveTile.py:79] - DEBUG - gyro:175.64999999999998 deg, derivative: 0.38999999999998636, turnSpeed: -8.700000000000045
2026-06-23 22:41:33,921 - mazeUtils.moveTile - [moveTile.py:79] - DEBUG - gyro:176.10999999999999 deg, derivative: 0.46000000000000796, turnSpeed: -7.78000000000003
2026-06-23 22:41:33,948 - mazeUtils.moveTile - [moveTile.py:79] - DEBUG - gyro:176.54999999999998 deg, derivative: 0.4399999999999977, turnSpeed: -6.900000000000034
2026-06-23 22:41:33,975 - mazeUtils.moveTile - [moveTile.py:79] - DEBUG - gyro:176.85 deg, derivative: 0.30000000000001137, turnSpeed: -6.300000000000011
2026-06-23 22:41:34,000 - mazeUtils.moveTile - [moveTile.py:79] - DEBUG - gyro:177.26999999999998 deg, derivative: 0.4199999999999875, turnSpeed: -5.460000000000036
2026-06-23 22:41:34,028 - mazeUtils.moveTile - [moveTile.py:79] - DEBUG - gyro:177.53 deg, derivative: 0.2600000000000193, turnSpeed: -4.939999999999998
2026-06-23 22:41:34,054 - mazeUtils.moveTile - [moveTile.py:79] - DEBUG - gyro:177.79 deg, derivative: 0.2599999999999909, turnSpeed: -4.420000000000016
2026-06-23 22:41:34,083 - mazeUtils.moveTile - [moveTile.py:79] - DEBUG - gyro:178.12 deg, derivative: 0.3300000000000125, turnSpeed: -3.759999999999991
2026-06-23 22:41:34,102 - mazeUtils.moveTile - [moveTile.py:79] - DEBUG - Turned to heading: 178.12 deg
2026-06-23 22:41:34,151 - mazeUtils.moveTile - [moveTile.py:79] - DEBUG - Little backward to adjust position
2026-06-23 22:41:34,498 - mazeUtils.moveTile - [moveTile.py:1447] - DEBUG - Calculated target steps to next tile: 1 based on distance 30 cm
2026-06-23 22:41:34,509 - picamera2.picamera2 - [picamera2.py:1391] - DEBUG - Execute job: <picamera2.job.Job object at 0x7f6446bb90>
2026-06-23 22:41:34,516 - mazeUtils.device.camera - [camera.py:39] - DEBUG - Average HSV: H=114.9, S=127.3, V=162.9
2026-06-23 22:41:34,558 - mazeUtils.moveTile - [moveTile.py:79] - DEBUG - roll: 358.82 deg, practicalMoveTime: 0.05976966464232396 sec
2026-06-23 22:41:34,559 - mazeUtils.moveTile - [moveTile.py:1718] - DEBUG - moveTile loop time: 56.8 ms
2026-06-23 22:41:34,563 - picamera2.picamera2 - [picamera2.py:1391] - DEBUG - Execute job: <picamera2.job.Job object at 0x7f84e2abd0>
2026-06-23 22:41:34,569 - mazeUtils.device.camera - [camera.py:39] - DEBUG - Average HSV: H=115.5, S=123.1, V=159.1
2026-06-23 22:41:34,607 - mazeUtils.moveTile - [moveTile.py:79] - DEBUG - roll: 0.11000000000001364 deg, practicalMoveTime: 0.10833384854625676 sec
2026-06-23 22:41:34,609 - mazeUtils.moveTile - [moveTile.py:1718] - DEBUG - moveTile loop time: 49.4 ms
2026-06-23 22:41:34,615 - picamera2.picamera2 - [picamera2.py:1391] - DEBUG - Execute job: <picamera2.job.Job object at 0x7f6446bb90>
2026-06-23 22:41:34,620 - mazeUtils.device.camera - [camera.py:39] - DEBUG - Average HSV: H=115.1, S=106.9, V=185.2
2026-06-23 22:41:34,658 - mazeUtils.moveTile - [moveTile.py:79] - DEBUG - roll: 358.27 deg, practicalMoveTime: 0.1580279042289967 sec
2026-06-23 22:41:34,659 - mazeUtils.moveTile - [moveTile.py:1718] - DEBUG - moveTile loop time: 49.2 ms
2026-06-23 22:41:34,664 - picamera2.picamera2 - [picamera2.py:1391] - DEBUG - Execute job: <picamera2.job.Job object at 0x7f5f3b3c50>
2026-06-23 22:41:34,669 - mazeUtils.device.camera - [camera.py:39] - DEBUG - Average HSV: H=113.3, S=116.6, V=193.6
2026-06-23 22:41:34,705 - mazeUtils.moveTile - [moveTile.py:79] - DEBUG - roll: 359.4 deg, practicalMoveTime: 0.20399953487416664 sec
2026-06-23 22:41:34,706 - mazeUtils.moveTile - [moveTile.py:1718] - DEBUG - moveTile loop time: 46.3 ms
2026-06-23 22:41:34,719 - picamera2.picamera2 - [picamera2.py:1391] - DEBUG - Execute job: <picamera2.job.Job object at 0x7f78702990>
2026-06-23 22:41:34,724 - mazeUtils.device.camera - [camera.py:39] - DEBUG - Average HSV: H=114.4, S=105.9, V=190.9
2026-06-23 22:41:34,759 - mazeUtils.moveTile - [moveTile.py:79] - DEBUG - roll: 358.68 deg, practicalMoveTime: 0.2574084048291018 sec
2026-06-23 22:41:34,760 - mazeUtils.moveTile - [moveTile.py:1718] - DEBUG - moveTile loop time: 53.7 ms
2026-06-23 22:41:34,764 - picamera2.picamera2 - [picamera2.py:1391] - DEBUG - Execute job: <picamera2.job.Job object at 0x7f6446bb90>
2026-06-23 22:41:34,769 - mazeUtils.device.camera - [camera.py:39] - DEBUG - Average HSV: H=114.6, S=105.1, V=190.2
2026-06-23 22:41:34,811 - mazeUtils.moveTile - [moveTile.py:79] - DEBUG - roll: 358.96999999999997 deg, practicalMoveTime: 0.3087090305311663 sec
2026-06-23 22:41:34,812 - mazeUtils.moveTile - [moveTile.py:1718] - DEBUG - moveTile loop time: 51.6 ms
2026-06-23 22:41:34,825 - picamera2.picamera2 - [picamera2.py:1391] - DEBUG - Execute job: <picamera2.job.Job object at 0x7f5f3b3c50>
2026-06-23 22:41:34,830 - mazeUtils.device.camera - [camera.py:39] - DEBUG - Average HSV: H=114.9, S=101.9, V=189.8
2026-06-23 22:41:34,870 - mazeUtils.moveTile - [moveTile.py:79] - DEBUG - roll: 359.55 deg, practicalMoveTime: 0.366596356709559 sec
2026-06-23 22:41:34,870 - mazeUtils.moveTile - [moveTile.py:1718] - DEBUG - moveTile loop time: 58.5 ms
2026-06-23 22:41:34,877 - picamera2.picamera2 - [picamera2.py:1391] - DEBUG - Execute job: <picamera2.job.Job object at 0x7f6446bb90>
2026-06-23 22:41:34,882 - mazeUtils.device.camera - [camera.py:39] - DEBUG - Average HSV: H=115.2, S=95.4, V=190.5
2026-06-23 22:41:34,922 - mazeUtils.moveTile - [moveTile.py:79] - DEBUG - roll: 358.03 deg, practicalMoveTime: 0.4179639528628153 sec
2026-06-23 22:41:34,923 - mazeUtils.moveTile - [moveTile.py:1718] - DEBUG - moveTile loop time: 51.9 ms
2026-06-23 22:41:34,927 - picamera2.picamera2 - [picamera2.py:1391] - DEBUG - Execute job: <picamera2.job.Job object at 0x7f78702990>
2026-06-23 22:41:34,932 - mazeUtils.device.camera - [camera.py:39] - DEBUG - Average HSV: H=115.7, S=92.4, V=186.7
2026-06-23 22:41:34,969 - mazeUtils.moveTile - [moveTile.py:79] - DEBUG - roll: 358.51 deg, practicalMoveTime: 0.46362101364508385 sec
2026-06-23 22:41:34,969 - mazeUtils.moveTile - [moveTile.py:1718] - DEBUG - moveTile loop time: 46.0 ms
2026-06-23 22:41:34,980 - picamera2.picamera2 - [picamera2.py:1391] - DEBUG - Execute job: <picamera2.job.Job object at 0x7f6446b650>
2026-06-23 22:41:34,986 - mazeUtils.device.camera - [camera.py:39] - DEBUG - Average HSV: H=116.0, S=92.8, V=185.1
2026-06-23 22:41:35,028 - mazeUtils.moveTile - [moveTile.py:79] - DEBUG - roll: 358.05 deg, practicalMoveTime: 0.5219445638030731 sec
2026-06-23 22:41:35,028 - mazeUtils.moveTile - [moveTile.py:1718] - DEBUG - moveTile loop time: 58.7 ms
2026-06-23 22:41:35,032 - picamera2.picamera2 - [picamera2.py:1391] - DEBUG - Execute job: <picamera2.job.Job object at 0x7f84e2abd0>
2026-06-23 22:41:35,039 - mazeUtils.device.camera - [camera.py:39] - DEBUG - Average HSV: H=115.3, S=99.3, V=185.9
2026-06-23 22:41:35,074 - mazeUtils.moveTile - [moveTile.py:79] - DEBUG - roll: 358.34 deg, practicalMoveTime: 0.5673437891507024 sec
2026-06-23 22:41:35,074 - mazeUtils.moveTile - [moveTile.py:1718] - DEBUG - moveTile loop time: 45.7 ms
2026-06-23 22:41:35,086 - picamera2.picamera2 - [picamera2.py:1391] - DEBUG - Execute job: <picamera2.job.Job object at 0x7f6446b650>
2026-06-23 22:41:35,091 - mazeUtils.device.camera - [camera.py:39] - DEBUG - Average HSV: H=115.9, S=92.0, V=185.0
2026-06-23 22:41:35,125 - mazeUtils.moveTile - [moveTile.py:79] - DEBUG - roll: 358.64 deg, practicalMoveTime: 0.6181821983139174 sec
2026-06-23 22:41:35,126 - mazeUtils.moveTile - [moveTile.py:1718] - DEBUG - moveTile loop time: 51.2 ms
2026-06-23 22:41:35,131 - picamera2.picamera2 - [picamera2.py:1391] - DEBUG - Execute job: <picamera2.job.Job object at 0x7f3ff8bbd0>
2026-06-23 22:41:35,135 - mazeUtils.device.camera - [camera.py:39] - DEBUG - Average HSV: H=116.1, S=90.8, V=185.6
2026-06-23 22:41:35,172 - mazeUtils.moveTile - [moveTile.py:79] - DEBUG - roll: 357.82 deg, practicalMoveTime: 0.664681369802765 sec
2026-06-23 22:41:35,173 - mazeUtils.moveTile - [moveTile.py:1718] - DEBUG - moveTile loop time: 46.8 ms
2026-06-23 22:41:35,180 - picamera2.picamera2 - [picamera2.py:1391] - DEBUG - Execute job: <picamera2.job.Job object at 0x7f4cc8ced0>
2026-06-23 22:41:35,184 - mazeUtils.device.camera - [camera.py:39] - DEBUG - Average HSV: H=116.1, S=88.7, V=190.3
2026-06-23 22:41:35,219 - mazeUtils.moveTile - [moveTile.py:79] - DEBUG - roll: 359.47999999999996 deg, practicalMoveTime: 0.7106229558439258 sec
2026-06-23 22:41:35,219 - mazeUtils.moveTile - [moveTile.py:1718] - DEBUG - moveTile loop time: 46.2 ms
2026-06-23 22:41:35,232 - picamera2.picamera2 - [picamera2.py:1391] - DEBUG - Execute job: <picamera2.job.Job object at 0x7f84b999d0>
2026-06-23 22:41:35,236 - mazeUtils.device.camera - [camera.py:39] - DEBUG - Average HSV: H=116.2, S=86.2, V=190.3
2026-06-23 22:41:35,277 - mazeUtils.moveTile - [moveTile.py:79] - DEBUG - roll: 358.42 deg, practicalMoveTime: 0.7676561435111238 sec
2026-06-23 22:41:35,277 - mazeUtils.moveTile - [moveTile.py:1718] - DEBUG - moveTile loop time: 57.4 ms
2026-06-23 22:41:35,283 - picamera2.picamera2 - [picamera2.py:1391] - DEBUG - Execute job: <picamera2.job.Job object at 0x7f84e2abd0>
2026-06-23 22:41:35,287 - mazeUtils.device.camera - [camera.py:39] - DEBUG - Average HSV: H=116.5, S=85.0, V=188.8
2026-06-23 22:41:35,329 - mazeUtils.moveTile - [moveTile.py:79] - DEBUG - roll: 359.28 deg, practicalMoveTime: 0.8197250695323808 sec
2026-06-23 22:41:35,330 - mazeUtils.moveTile - [moveTile.py:1718] - DEBUG - moveTile loop time: 52.4 ms
2026-06-23 22:41:35,336 - picamera2.picamera2 - [picamera2.py:1391] - DEBUG - Execute job: <picamera2.job.Job object at 0x7f78702990>
2026-06-23 22:41:35,340 - mazeUtils.device.camera - [camera.py:39] - DEBUG - Average HSV: H=117.8, S=77.2, V=189.1
2026-06-23 22:41:35,374 - mazeUtils.moveTile - [moveTile.py:1607] - INFO - practicalVerticalMove: -0.6786556071632208 CM
2026-06-23 22:41:35,483 - mazeUtils.moveTile - [moveTile.py:535] - DEBUG - Direction: absDirection.NORTH, Angle: 180, Distance: 51.21502372353734 cm
2026-06-23 22:41:35,486 - mazeUtils.moveTile - [moveTile.py:535] - DEBUG - Direction: absDirection.EAST, Angle: 90, Distance: 17.686174091184707 cm
2026-06-23 22:41:35,488 - mazeUtils.moveTile - [moveTile.py:535] - DEBUG - Direction: absDirection.SOUTH, Angle: 0, Distance: 103.2026245923233 cm
2026-06-23 22:41:35,490 - mazeUtils.moveTile - [moveTile.py:535] - DEBUG - Direction: absDirection.WEST, Angle: 270, Distance: 137.0338552644189 cm
2026-06-23 22:41:35,492 - mazeUtils.moveTile - [moveTile.py:2092] - INFO - Tile color detection, decided tile type: E
2026-06-23 22:41:35,576 - __main__ - [main.py:104] - INFO - Current position: (20, 20, 0), front direction: absDirection.SOUTH
Layer 0 (altitude=0.0cm, offset=(0.0cm, 0.0cm)):
Known map area: x=19..20, y=19..20
+   +---+
  B   E |
+   +   +
  U   @ |
+   +   +
mazeAsGraph[0][19][19] = {absDirection.NORTH: None, absDirection.EAST: None, absDirection.SOUTH: None, absDirection.WEST: None}
mazeAsGraph[0][19][20] = {absDirection.NORTH: None, absDirection.EAST: None, absDirection.SOUTH: (20, 20, 0, 30), absDirection.WEST: None}
mazeAsGraph[0][20][20] = {absDirection.NORTH: (20, 19, 0, 30), absDirection.EAST: None, absDirection.SOUTH: (20, 21, 0, 30), absDirection.WEST: (19, 20, 0, 30)}
2026-06-23 22:41:35,605 - mazeUtils.moveTile - [moveTile.py:79] - DEBUG - Moving to absDirection.SOUTH from (20, 20, 0) facing absDirection.SOUTH
2026-06-23 22:41:35,633 - mazeUtils.moveTile - [moveTile.py:79] - DEBUG - current heading: 179.20999999999998 target: 180
2026-06-23 22:41:35,653 - mazeUtils.moveTile - [moveTile.py:410] - DEBUG - stopped turning at heading: 179.20999999999998, diff: 0.7900000000000205
2026-06-23 22:41:35,697 - mazeUtils.moveTile - [moveTile.py:79] - DEBUG - Turned to heading: 179.64 deg
2026-06-23 22:41:35,796 - picamera2.picamera2 - [picamera2.py:1391] - DEBUG - Execute job: <picamera2.job.Job object at 0x7f78351b50>
2026-06-23 22:41:35,801 - mazeUtils.device.camera - [camera.py:39] - DEBUG - Average HSV: H=115.3, S=111.6, V=186.0
2026-06-23 22:41:35,844 - mazeUtils.moveTile - [moveTile.py:79] - DEBUG - roll: 359.08 deg, practicalMoveTime: 0.05564164807267663 sec
2026-06-23 22:41:35,845 - mazeUtils.moveTile - [moveTile.py:1718] - DEBUG - moveTile loop time: 53.9 ms
2026-06-23 22:41:35,851 - picamera2.picamera2 - [picamera2.py:1391] - DEBUG - Execute job: <picamera2.job.Job object at 0x7f849dc650>
2026-06-23 22:41:35,856 - mazeUtils.device.camera - [camera.py:39] - DEBUG - Average HSV: H=115.2, S=121.4, V=179.4
2026-06-23 22:41:35,889 - mazeUtils.moveTile - [moveTile.py:79] - DEBUG - roll: 358.13 deg, practicalMoveTime: 0.10024591830547941 sec
2026-06-23 22:41:35,890 - mazeUtils.moveTile - [moveTile.py:1718] - DEBUG - moveTile loop time: 44.6 ms
2026-06-23 22:41:35,902 - picamera2.picamera2 - [picamera2.py:1391] - DEBUG - Execute job: <picamera2.job.Job object at 0x7f4ca19d50>
2026-06-23 22:41:35,907 - mazeUtils.device.camera - [camera.py:39] - DEBUG - Average HSV: H=113.3, S=138.6, V=183.2
2026-06-23 22:41:35,949 - mazeUtils.moveTile - [moveTile.py:79] - DEBUG - roll: 358.52 deg, practicalMoveTime: 0.1590912678711109 sec
2026-06-23 22:41:35,949 - mazeUtils.moveTile - [moveTile.py:1718] - DEBUG - moveTile loop time: 59.3 ms
2026-06-23 22:41:35,955 - picamera2.picamera2 - [picamera2.py:1391] - DEBUG - Execute job: <picamera2.job.Job object at 0x7f4cabc090>
2026-06-23 22:41:35,960 - mazeUtils.device.camera - [camera.py:39] - DEBUG - Average HSV: H=111.5, S=200.7, V=167.3
2026-06-23 22:41:36,003 - mazeUtils.moveTile - [moveTile.py:79] - DEBUG - roll: 357.95 deg, practicalMoveTime: 0.21254382617662532 sec
2026-06-23 22:41:36,004 - mazeUtils.moveTile - [moveTile.py:1718] - DEBUG - moveTile loop time: 54.3 ms
2026-06-23 22:41:36,009 - picamera2.picamera2 - [picamera2.py:1391] - DEBUG - Execute job: <picamera2.job.Job object at 0x7f5f337b90>
2026-06-23 22:41:36,013 - mazeUtils.device.camera - [camera.py:39] - DEBUG - Average HSV: H=110.8, S=203.6, V=165.7
2026-06-23 22:41:36,046 - mazeUtils.moveTile - [moveTile.py:79] - DEBUG - roll: 357.49 deg, practicalMoveTime: 0.25477622815535034 sec
2026-06-23 22:41:36,047 - mazeUtils.moveTile - [moveTile.py:1718] - DEBUG - moveTile loop time: 42.4 ms
2026-06-23 22:41:36,060 - picamera2.picamera2 - [picamera2.py:1391] - DEBUG - Execute job: <picamera2.job.Job object at 0x7f4cabc090>
2026-06-23 22:41:36,065 - mazeUtils.device.camera - [camera.py:39] - DEBUG - Average HSV: H=110.2, S=209.9, V=174.2
2026-06-23 22:41:36,103 - mazeUtils.moveTile - [moveTile.py:79] - DEBUG - roll: 358.87 deg, practicalMoveTime: 0.31030596751744244 sec
2026-06-23 22:41:36,103 - mazeUtils.moveTile - [moveTile.py:1718] - DEBUG - moveTile loop time: 55.6 ms
2026-06-23 22:41:36,109 - picamera2.picamera2 - [picamera2.py:1391] - DEBUG - Execute job: <picamera2.job.Job object at 0x7f643e7d90>
2026-06-23 22:41:36,114 - mazeUtils.device.camera - [camera.py:39] - DEBUG - Average HSV: H=110.5, S=208.3, V=169.2
2026-06-23 22:41:36,149 - mazeUtils.moveTile - [moveTile.py:79] - DEBUG - roll: 357.87 deg, practicalMoveTime: 0.3558468495481718 sec
2026-06-23 22:41:36,150 - mazeUtils.moveTile - [moveTile.py:1718] - DEBUG - moveTile loop time: 46.1 ms
2026-06-23 22:41:36,163 - picamera2.picamera2 - [picamera2.py:1391] - DEBUG - Execute job: <picamera2.job.Job object at 0x7f782fe710>
2026-06-23 22:41:36,168 - mazeUtils.device.camera - [camera.py:39] - DEBUG - Average HSV: H=110.4, S=209.4, V=171.6
2026-06-23 22:41:36,207 - mazeUtils.moveTile - [moveTile.py:79] - DEBUG - roll: 358.74 deg, practicalMoveTime: 0.412669556847038 sec
2026-06-23 22:41:36,207 - mazeUtils.moveTile - [moveTile.py:1718] - DEBUG - moveTile loop time: 56.6 ms
2026-06-23 22:41:36,212 - picamera2.picamera2 - [picamera2.py:1391] - DEBUG - Execute job: <picamera2.job.Job object at 0x7f4cabc090>
2026-06-23 22:41:36,217 - mazeUtils.device.camera - [camera.py:39] - DEBUG - Average HSV: H=110.8, S=207.0, V=166.7
2026-06-23 22:41:36,262 - mazeUtils.moveTile - [moveTile.py:79] - DEBUG - roll: 358.42 deg, practicalMoveTime: 0.4671088080289945 sec
2026-06-23 22:41:36,262 - mazeUtils.moveTile - [moveTile.py:1718] - DEBUG - moveTile loop time: 54.8 ms
2026-06-23 22:41:36,267 - picamera2.picamera2 - [picamera2.py:1391] - DEBUG - Execute job: <picamera2.job.Job object at 0x7f78351b50>
2026-06-23 22:41:36,272 - mazeUtils.device.camera - [camera.py:39] - DEBUG - Average HSV: H=110.4, S=208.8, V=171.0
2026-06-23 22:41:36,306 - mazeUtils.moveTile - [moveTile.py:79] - DEBUG - roll: 358.63 deg, practicalMoveTime: 0.5103054836894125 sec
2026-06-23 22:41:36,307 - mazeUtils.moveTile - [moveTile.py:1718] - DEBUG - moveTile loop time: 43.8 ms
2026-06-23 22:41:36,318 - picamera2.picamera2 - [picamera2.py:1391] - DEBUG - Execute job: <picamera2.job.Job object at 0x7f5f3bdb50>
2026-06-23 22:41:36,323 - mazeUtils.device.camera - [camera.py:39] - DEBUG - Average HSV: H=110.8, S=207.1, V=167.1
2026-06-23 22:41:36,361 - mazeUtils.moveTile - [moveTile.py:79] - DEBUG - roll: 359.44 deg, practicalMoveTime: 0.564756359490191 sec
2026-06-23 22:41:36,362 - mazeUtils.moveTile - [moveTile.py:1718] - DEBUG - moveTile loop time: 54.9 ms
2026-06-23 22:41:36,368 - picamera2.picamera2 - [picamera2.py:1391] - DEBUG - Execute job: <picamera2.job.Job object at 0x7f782fe710>
2026-06-23 22:41:36,373 - mazeUtils.device.camera - [camera.py:39] - DEBUG - Average HSV: H=110.8, S=206.2, V=166.8
2026-06-23 22:41:36,413 - mazeUtils.moveTile - [moveTile.py:79] - DEBUG - roll: 358.02 deg, practicalMoveTime: 0.6158048113133759 sec
2026-06-23 22:41:36,414 - mazeUtils.moveTile - [moveTile.py:1718] - DEBUG - moveTile loop time: 51.4 ms
2026-06-23 22:41:36,425 - picamera2.picamera2 - [picamera2.py:1391] - DEBUG - Execute job: <picamera2.job.Job object at 0x7f4ca19d50>
2026-06-23 22:41:36,429 - mazeUtils.device.camera - [camera.py:39] - DEBUG - Average HSV: H=110.9, S=204.7, V=166.0
2026-06-23 22:41:36,467 - mazeUtils.moveTile - [moveTile.py:79] - DEBUG - roll: 359.2 deg, practicalMoveTime: 0.668636306997388 sec
2026-06-23 22:41:36,468 - mazeUtils.moveTile - [moveTile.py:1718] - DEBUG - moveTile loop time: 53.4 ms
2026-06-23 22:41:36,473 - picamera2.picamera2 - [picamera2.py:1391] - DEBUG - Execute job: <picamera2.job.Job object at 0x7f782fffd0>
2026-06-23 22:41:36,477 - mazeUtils.device.camera - [camera.py:39] - DEBUG - Average HSV: H=111.0, S=201.9, V=166.2
2026-06-23 22:41:36,519 - mazeUtils.moveTile - [moveTile.py:79] - DEBUG - roll: 358.21999999999997 deg, practicalMoveTime: 0.7203408346738515 sec
2026-06-23 22:41:36,520 - mazeUtils.moveTile - [moveTile.py:1718] - DEBUG - moveTile loop time: 51.6 ms
2026-06-23 22:41:36,526 - picamera2.picamera2 - [picamera2.py:1391] - DEBUG - Execute job: <picamera2.job.Job object at 0x7f782fe710>
2026-06-23 22:41:36,530 - mazeUtils.device.camera - [camera.py:39] - DEBUG - Average HSV: H=111.2, S=200.5, V=164.3
2026-06-23 22:41:36,565 - mazeUtils.moveTile - [moveTile.py:79] - DEBUG - roll: 359.43 deg, practicalMoveTime: 0.7657067773533962 sec
2026-06-23 22:41:36,566 - mazeUtils.moveTile - [moveTile.py:1718] - DEBUG - moveTile loop time: 45.9 ms
2026-06-23 22:41:36,578 - picamera2.picamera2 - [picamera2.py:1391] - DEBUG - Execute job: <picamera2.job.Job object at 0x7f78351b50>
2026-06-23 22:41:36,583 - mazeUtils.device.camera - [camera.py:39] - DEBUG - Average HSV: H=111.4, S=199.2, V=163.8
2026-06-23 22:41:36,621 - mazeUtils.moveTile - [moveTile.py:79] - DEBUG - roll: 358.19 deg, practicalMoveTime: 0.8204416673053719 sec
2026-06-23 22:41:36,622 - mazeUtils.moveTile - [moveTile.py:1718] - DEBUG - moveTile loop time: 55.1 ms
2026-06-23 22:41:36,626 - picamera2.picamera2 - [picamera2.py:1391] - DEBUG - Execute job: <picamera2.job.Job object at 0x7f5f337b90>
2026-06-23 22:41:36,632 - mazeUtils.device.camera - [camera.py:39] - DEBUG - Average HSV: H=110.9, S=201.3, V=170.9
2026-06-23 22:41:36,672 - mazeUtils.moveTile - [moveTile.py:1607] - INFO - practicalVerticalMove: -0.8131500008065364 CM
2026-06-23 22:41:36,718 - mazeUtils.moveTile - [moveTile.py:1940] - INFO - Set moved vertical distance: -0.8131500008065364 cm, past distances: [(0, False), (0, False), (0, False)]
2026-06-23 22:41:36,778 - mazeUtils.moveTile - [moveTile.py:535] - DEBUG - Direction: absDirection.NORTH, Angle: 180, Distance: 81.3735517881978 cm
2026-06-23 22:41:36,781 - mazeUtils.moveTile - [moveTile.py:535] - DEBUG - Direction: absDirection.EAST, Angle: 90, Distance: 16.999817956331224 cm
2026-06-23 22:41:36,783 - mazeUtils.moveTile - [moveTile.py:535] - DEBUG - Direction: absDirection.SOUTH, Angle: 0, Distance: 45.37186722046024 cm
2026-06-23 22:41:36,783 - mazeUtils.moveTile - [moveTile.py:557] - DEBUG - Front LiDAR distance: 45.37186722046024 cm, TSD10 distance: 31.6 cm
2026-06-23 22:41:36,785 - mazeUtils.moveTile - [moveTile.py:535] - DEBUG - Direction: absDirection.WEST, Angle: 270, Distance: 137.40418252383014 cm
2026-06-23 22:41:36,787 - mazeUtils.moveTile - [moveTile.py:2092] - INFO - Tile color detection, decided tile type: E
2026-06-23 22:41:36,864 - __main__ - [main.py:104] - INFO - Current position: (20, 21, 0), front direction: absDirection.SOUTH
Layer 0 (altitude=0.0cm, offset=(0.0cm, 0.0cm)):
Known map area: x=19..20, y=19..21
+   +---+
  B   E |
+   +   +
  U   E |
+   +   +
  U   @ |
+   +   +
mazeAsGraph[0][19][19] = {absDirection.NORTH: None, absDirection.EAST: None, absDirection.SOUTH: None, absDirection.WEST: None}
mazeAsGraph[0][19][20] = {absDirection.NORTH: None, absDirection.EAST: None, absDirection.SOUTH: (20, 20, 0, 30), absDirection.WEST: None}
mazeAsGraph[0][20][20] = {absDirection.NORTH: (20, 19, 0, 30), absDirection.EAST: None, absDirection.SOUTH: (20, 21, 0, 30), absDirection.WEST: (19, 20, 0, 30)}
mazeAsGraph[0][21][20] = {absDirection.NORTH: (20, 20, 0, 30), absDirection.EAST: None, absDirection.SOUTH: (20, 22, 0, 30), absDirection.WEST: (19, 21, 0, 30)}
2026-06-23 22:41:36,871 - mazeUtils.mazeMap - [mazeMap.py:61] - INFO - next goal: (20, 22, 0)
2026-06-23 22:41:36,885 - mazeUtils.moveTile - [moveTile.py:79] - DEBUG - Moving to absDirection.SOUTH from (20, 21, 0) facing absDirection.SOUTH
2026-06-23 22:41:36,914 - mazeUtils.moveTile - [moveTile.py:79] - DEBUG - current heading: 181.72 target: 180
2026-06-23 22:41:36,934 - mazeUtils.moveTile - [moveTile.py:410] - DEBUG - stopped turning at heading: 181.72, diff: 1.7199999999999989
2026-06-23 22:41:36,996 - mazeUtils.moveTile - [moveTile.py:79] - DEBUG - Turned to heading: 181.57 deg
2026-06-23 22:41:37,094 - picamera2.picamera2 - [picamera2.py:1391] - DEBUG - Execute job: <picamera2.job.Job object at 0x7f6e722090>
2026-06-23 22:41:37,097 - mazeUtils.device.camera - [camera.py:39] - DEBUG - Average HSV: H=111.4, S=185.7, V=169.7
2026-06-23 22:41:37,131 - mazeUtils.moveTile - [moveTile.py:79] - DEBUG - roll: 358.45 deg, practicalMoveTime: 0.046790002471755424 sec
2026-06-23 22:41:37,132 - mazeUtils.moveTile - [moveTile.py:1718] - DEBUG - moveTile loop time: 45.9 ms
2026-06-23 22:41:37,136 - picamera2.picamera2 - [picamera2.py:1391] - DEBUG - Execute job: <picamera2.job.Job object at 0x7f5f337b90>
2026-06-23 22:41:37,139 - mazeUtils.device.camera - [camera.py:39] - DEBUG - Average HSV: H=111.5, S=188.5, V=166.0
2026-06-23 22:41:37,183 - mazeUtils.moveTile - [moveTile.py:79] - DEBUG - roll: 358.4 deg, practicalMoveTime: 0.09744586766096165 sec
2026-06-23 22:41:37,183 - mazeUtils.moveTile - [moveTile.py:1718] - DEBUG - moveTile loop time: 50.9 ms
2026-06-23 22:41:37,194 - picamera2.picamera2 - [picamera2.py:1391] - DEBUG - Execute job: <picamera2.job.Job object at 0x7f6e721f50>
2026-06-23 22:41:37,198 - mazeUtils.device.camera - [camera.py:39] - DEBUG - Average HSV: H=111.0, S=191.5, V=170.1
2026-06-23 22:41:37,238 - mazeUtils.moveTile - [moveTile.py:79] - DEBUG - roll: 359.15 deg, practicalMoveTime: 0.15246342663706838 sec
2026-06-23 22:41:37,238 - mazeUtils.moveTile - [moveTile.py:1718] - DEBUG - moveTile loop time: 55.3 ms
2026-06-23 22:41:37,249 - picamera2.picamera2 - [picamera2.py:1391] - DEBUG - Execute job: <picamera2.job.Job object at 0x7f6efe1250>
2026-06-23 22:41:37,252 - mazeUtils.device.camera - [camera.py:39] - DEBUG - Average HSV: H=111.8, S=168.5, V=172.3
2026-06-23 22:41:37,302 - mazeUtils.moveTile - [moveTile.py:79] - DEBUG - roll: 357.39 deg, practicalMoveTime: 0.21577318291009198 sec
2026-06-23 22:41:37,302 - mazeUtils.moveTile - [moveTile.py:1718] - DEBUG - moveTile loop time: 63.7 ms
2026-06-23 22:41:37,307 - picamera2.picamera2 - [picamera2.py:1391] - DEBUG - Execute job: <picamera2.job.Job object at 0x7f5f2f1390>
2026-06-23 22:41:37,310 - mazeUtils.device.camera - [camera.py:39] - DEBUG - Average HSV: H=111.9, S=156.1, V=180.5
2026-06-23 22:41:37,343 - mazeUtils.moveTile - [moveTile.py:79] - DEBUG - roll: 358.43 deg, practicalMoveTime: 0.2564155740454607 sec
2026-06-23 22:41:37,344 - mazeUtils.moveTile - [moveTile.py:1718] - DEBUG - moveTile loop time: 40.9 ms
2026-06-23 22:41:37,349 - picamera2.picamera2 - [picamera2.py:1391] - DEBUG - Execute job: <picamera2.job.Job object at 0x7f6e722090>
2026-06-23 22:41:37,352 - mazeUtils.device.camera - [camera.py:39] - DEBUG - Average HSV: H=112.1, S=150.9, V=182.6
2026-06-23 22:41:37,390 - mazeUtils.moveTile - [moveTile.py:79] - DEBUG - roll: 358.71 deg, practicalMoveTime: 0.3027164649684632 sec
2026-06-23 22:41:37,391 - mazeUtils.moveTile - [moveTile.py:1718] - DEBUG - moveTile loop time: 46.6 ms
2026-06-23 22:41:37,402 - picamera2.picamera2 - [picamera2.py:1391] - DEBUG - Execute job: <picamera2.job.Job object at 0x7f6efe1250>
2026-06-23 22:41:37,406 - mazeUtils.device.camera - [camera.py:39] - DEBUG - Average HSV: H=115.5, S=101.6, V=191.5
2026-06-23 22:41:37,444 - mazeUtils.moveTile - [moveTile.py:79] - DEBUG - roll: 357.51 deg, practicalMoveTime: 0.3562931775695537 sec
2026-06-23 22:41:37,445 - mazeUtils.moveTile - [moveTile.py:1718] - DEBUG - moveTile loop time: 53.9 ms
2026-06-23 22:41:37,450 - picamera2.picamera2 - [picamera2.py:1391] - DEBUG - Execute job: <picamera2.job.Job object at 0x7f78351b50>
2026-06-23 22:41:37,453 - mazeUtils.device.camera - [camera.py:39] - DEBUG - Average HSV: H=117.4, S=67.8, V=203.8
2026-06-23 22:41:37,491 - mazeUtils.moveTile - [moveTile.py:79] - DEBUG - roll: 358.44 deg, practicalMoveTime: 0.40228552008246393 sec
2026-06-23 22:41:37,492 - mazeUtils.moveTile - [moveTile.py:1718] - DEBUG - moveTile loop time: 46.3 ms
2026-06-23 22:41:37,502 - picamera2.picamera2 - [picamera2.py:1391] - DEBUG - Execute job: <picamera2.job.Job object at 0x7f782a1950>
2026-06-23 22:41:37,506 - mazeUtils.device.camera - [camera.py:39] - DEBUG - Average HSV: H=117.9, S=55.8, V=211.2
2026-06-23 22:41:37,550 - mazeUtils.moveTile - [moveTile.py:79] - DEBUG - roll: 356.21 deg, practicalMoveTime: 0.4607343407077797 sec
2026-06-23 22:41:37,551 - mazeUtils.moveTile - [moveTile.py:1718] - DEBUG - moveTile loop time: 58.7 ms
2026-06-23 22:41:37,563 - picamera2.picamera2 - [picamera2.py:1391] - DEBUG - Execute job: <picamera2.job.Job object at 0x7f6e722010>
2026-06-23 22:41:37,566 - mazeUtils.device.camera - [camera.py:39] - DEBUG - Average HSV: H=117.1, S=56.1, V=214.2
2026-06-23 22:41:37,606 - mazeUtils.moveTile - [moveTile.py:79] - DEBUG - roll: 356.81 deg, practicalMoveTime: 0.516355960445411 sec
2026-06-23 22:41:37,607 - mazeUtils.moveTile - [moveTile.py:1718] - DEBUG - moveTile loop time: 56.1 ms
2026-06-23 22:41:37,619 - picamera2.picamera2 - [picamera2.py:1391] - DEBUG - Execute job: <picamera2.job.Job object at 0x7f6efe1250>
2026-06-23 22:41:37,622 - mazeUtils.device.camera - [camera.py:39] - DEBUG - Average HSV: H=118.1, S=51.5, V=218.4
2026-06-23 22:41:37,661 - mazeUtils.moveTile - [moveTile.py:79] - DEBUG - roll: 357.89 deg, practicalMoveTime: 0.5700005243643683 sec
2026-06-23 22:41:37,661 - mazeUtils.moveTile - [moveTile.py:1718] - DEBUG - moveTile loop time: 53.8 ms
2026-06-23 22:41:37,674 - picamera2.picamera2 - [picamera2.py:1391] - DEBUG - Execute job: <picamera2.job.Job object at 0x7f6e722090>
2026-06-23 22:41:37,677 - mazeUtils.device.camera - [camera.py:39] - DEBUG - Average HSV: H=116.7, S=53.9, V=223.1
2026-06-23 22:41:37,712 - mazeUtils.moveTile - [moveTile.py:79] - DEBUG - roll: 356.99 deg, practicalMoveTime: 0.6204702680112407 sec
2026-06-23 22:41:37,712 - mazeUtils.moveTile - [moveTile.py:1718] - DEBUG - moveTile loop time: 50.8 ms
2026-06-23 22:41:37,717 - picamera2.picamera2 - [picamera2.py:1391] - DEBUG - Execute job: <picamera2.job.Job object at 0x7f5f337b90>
2026-06-23 22:41:37,720 - mazeUtils.device.camera - [camera.py:39] - DEBUG - Average HSV: H=120.3, S=37.0, V=233.5
2026-06-23 22:41:37,754 - mazeUtils.moveTile - [moveTile.py:79] - DEBUG - roll: 358.18 deg, practicalMoveTime: 0.6621548296055266 sec
2026-06-23 22:41:37,754 - mazeUtils.moveTile - [moveTile.py:1718] - DEBUG - moveTile loop time: 41.9 ms
2026-06-23 22:41:37,759 - picamera2.picamera2 - [picamera2.py:1391] - DEBUG - Execute job: <picamera2.job.Job object at 0x7f5f337b90>
2026-06-23 22:41:37,763 - mazeUtils.device.camera - [camera.py:39] - DEBUG - Average HSV: H=118.7, S=40.9, V=241.8
2026-06-23 22:41:37,806 - mazeUtils.moveTile - [moveTile.py:79] - DEBUG - roll: 356.55 deg, practicalMoveTime: 0.713765163641502 sec
2026-06-23 22:41:37,806 - mazeUtils.moveTile - [moveTile.py:1718] - DEBUG - moveTile loop time: 51.9 ms
2026-06-23 22:41:37,813 - picamera2.picamera2 - [picamera2.py:1391] - DEBUG - Execute job: <picamera2.job.Job object at 0x7f84cc0d90>
2026-06-23 22:41:37,816 - mazeUtils.device.camera - [camera.py:39] - DEBUG - Average HSV: H=115.6, S=53.6, V=245.3
2026-06-23 22:41:37,872 - mazeUtils.moveTile - [moveTile.py:811] - INFO - Moving backward before dropping rescue kit
2026-06-23 22:41:38,411 - mazeUtils.moveTile - [moveTile.py:820] - INFO - Detected victim info ahead: {<Side.LEFT: 0>: <UnitVStatus.Y_VICTIM: 5>, <Side.RIGHT: 1>: <UnitVStatus.NOTHING: 0>}
2026-06-23 22:41:43,309 - __main__ - [main.py:169] - INFO - Program interrupted by user.
2026-06-23 22:41:44,888 - picamera2.picamera2 - [picamera2.py:1391] - DEBUG - Execute job: <picamera2.job.Job object at 0x7f84c97550>
2026-06-23 22:41:44,905 - picamera2.picamera2 - [picamera2.py:1323] - INFO - Camera stopped
2026-06-23 22:41:45,106 - picamera2.picamera2 - [picamera2.py:1329] - DEBUG - Camera was not started
2026-06-23 22:41:45,309 - picamera2.picamera2 - [picamera2.py:723] - INFO - Camera closed successfully.
2026-06-23 22:41:45,548 - picamera2.picamera2 - [picamera2.py:500] - DEBUG - Resources now free: <picamera2.picamera2.Picamera2 object at 0x7f782ae4d0>
