2026-06-21 16:17:25,758 - root - [logging_config.py:61] - INFO - Logging initialized. Log file: /home/tuton/Kanto2026RPi/src/config/../logs/robot_20260621_161724.log
2026-06-21 16:17:28,014 - mazeUtils.device.LiDAR - [LiDAR.py:36] - INFO - Available ports: <ydlidar.Str2strMap; proxy of <Swig Object of type 'std::map< std::string,std::string > *' at 0x7f8ea70330> >
2026-06-21 16:17:31,987 - mazeUtils.moveTile - [moveTile.py:529] - DEBUG - Direction: absDirection.NORTH, Angle: 0, Distance: 132.71782772047754 cm
2026-06-21 16:17:31,988 - mazeUtils.moveTile - [moveTile.py:553] - DEBUG - Front LiDAR distance: 132.71782772047754 cm, TSD10 distance: 125.1 cm
2026-06-21 16:17:31,994 - mazeUtils.moveTile - [moveTile.py:529] - DEBUG - Direction: absDirection.EAST, Angle: 270, Distance: 17.678462368965786 cm
2026-06-21 16:17:31,997 - mazeUtils.moveTile - [moveTile.py:529] - DEBUG - Direction: absDirection.SOUTH, Angle: 180, Distance: 20.621691714293178 cm
2026-06-21 16:17:32,001 - mazeUtils.moveTile - [moveTile.py:529] - DEBUG - Direction: absDirection.WEST, Angle: 90, Distance: 16.780652618155486 cm
2026-06-21 16:17:32,002 - __main__ - [main.py:70] - INFO - Initial Map:
2026-06-21 16:17:32,037 - __main__ - [main.py:71] - INFO - Current position: (20, 20, 0), front direction: absDirection.NORTH
Layer 0 (altitude=0.0cm, offset=(0.0cm, 0.0cm)):
Known map area: x=20..20, y=20..20
+   +
| @ |
+---+
mazeAsGraph[0][20][20] = {absDirection.NORTH: (20, 19, 0, 30), absDirection.EAST: None, absDirection.SOUTH: None, absDirection.WEST: None}
2026-06-21 16:17:32,040 - mazeUtils.mazeMap - [mazeMap.py:61] - INFO - next goal: (20, 19, 0)
2026-06-21 16:17:32,041 - __main__ - [main.py:74] - INFO - Next Direction: [<absDirection.NORTH: 0>]
2026-06-21 16:17:32,043 - __main__ - [main.py:75] - INFO - Exploration started.
2026-06-21 16:17:32,054 - mazeUtils.moveTile - [moveTile.py:79] - DEBUG - Moving to absDirection.NORTH from (20, 20, 0) facing absDirection.NORTH
2026-06-21 16:17:32,092 - mazeUtils.moveTile - [moveTile.py:79] - DEBUG - current heading: 0.00999999999999801 target: 0
2026-06-21 16:17:32,112 - mazeUtils.moveTile - [moveTile.py:404] - DEBUG - stopped turning at heading: 0.00999999999999801, diff: 0.00999999999999801
2026-06-21 16:17:32,157 - mazeUtils.moveTile - [moveTile.py:79] - DEBUG - Turned to heading: 0.00999999999999801 deg
2026-06-21 16:17:32,263 - mazeUtils.moveTile - [moveTile.py:79] - DEBUG - Little backward to adjust position
2026-06-21 16:17:32,568 - picamera2.picamera2 - [picamera2.py:1391] - DEBUG - Execute job: <picamera2.job.Job object at 0x7f787618d0>
2026-06-21 16:17:32,575 - mazeUtils.device.camera - [camera.py:39] - DEBUG - Average HSV: H=165.9, S=19.9, V=218.4
2026-06-21 16:17:32,602 - mazeUtils.moveTile - [moveTile.py:79] - DEBUG - roll: 0.2699999999999818 deg, practicalMoveTime: 0.03944472384860796 sec
2026-06-21 16:17:32,602 - mazeUtils.moveTile - [moveTile.py:1430] - DEBUG - moveTile loop time: 38.2 ms
2026-06-21 16:17:32,608 - picamera2.picamera2 - [picamera2.py:1391] - DEBUG - Execute job: <picamera2.job.Job object at 0x7f6944c1d0>
2026-06-21 16:17:32,613 - mazeUtils.device.camera - [camera.py:39] - DEBUG - Average HSV: H=166.1, S=19.7, V=219.0
2026-06-21 16:17:32,652 - mazeUtils.moveTile - [moveTile.py:79] - DEBUG - roll: 0.75 deg, practicalMoveTime: 0.08975960767481714 sec
2026-06-21 16:17:32,653 - mazeUtils.moveTile - [moveTile.py:1430] - DEBUG - moveTile loop time: 50.7 ms
2026-06-21 16:17:32,658 - picamera2.picamera2 - [picamera2.py:1391] - DEBUG - Execute job: <picamera2.job.Job object at 0x7f6940e8d0>
2026-06-21 16:17:32,662 - mazeUtils.device.camera - [camera.py:39] - DEBUG - Average HSV: H=167.2, S=19.5, V=220.5
2026-06-21 16:17:32,689 - mazeUtils.moveTile - [moveTile.py:79] - DEBUG - roll: 359.88 deg, practicalMoveTime: 0.12592238160180058 sec
2026-06-21 16:17:32,690 - mazeUtils.moveTile - [moveTile.py:1430] - DEBUG - moveTile loop time: 36.6 ms
2026-06-21 16:17:32,702 - picamera2.picamera2 - [picamera2.py:1391] - DEBUG - Execute job: <picamera2.job.Job object at 0x7f7b3319d0>
2026-06-21 16:17:32,706 - mazeUtils.device.camera - [camera.py:39] - DEBUG - Average HSV: H=167.0, S=19.7, V=221.1
2026-06-21 16:17:32,746 - mazeUtils.moveTile - [moveTile.py:79] - DEBUG - roll: 359.51 deg, practicalMoveTime: 0.18187407649754805 sec
2026-06-21 16:17:32,746 - mazeUtils.moveTile - [moveTile.py:1430] - DEBUG - moveTile loop time: 56.2 ms
2026-06-21 16:17:32,751 - picamera2.picamera2 - [picamera2.py:1391] - DEBUG - Execute job: <picamera2.job.Job object at 0x7f693d2990>
2026-06-21 16:17:32,755 - mazeUtils.device.camera - [camera.py:39] - DEBUG - Average HSV: H=168.7, S=19.2, V=224.6
2026-06-21 16:17:32,784 - mazeUtils.moveTile - [moveTile.py:79] - DEBUG - roll: 1.1200000000000045 deg, practicalMoveTime: 0.21955703845209454 sec
2026-06-21 16:17:32,784 - mazeUtils.moveTile - [moveTile.py:1430] - DEBUG - moveTile loop time: 38.1 ms
2026-06-21 16:17:32,797 - picamera2.picamera2 - [picamera2.py:1391] - DEBUG - Execute job: <picamera2.job.Job object at 0x7f6a49e910>
2026-06-21 16:17:32,801 - mazeUtils.device.camera - [camera.py:39] - DEBUG - Average HSV: H=169.2, S=19.7, V=226.2
2026-06-21 16:17:32,845 - mazeUtils.moveTile - [moveTile.py:79] - DEBUG - roll: 358.81 deg, practicalMoveTime: 0.28003984433552676 sec
2026-06-21 16:17:32,845 - mazeUtils.moveTile - [moveTile.py:1430] - DEBUG - moveTile loop time: 60.8 ms
2026-06-21 16:17:32,851 - picamera2.picamera2 - [picamera2.py:1391] - DEBUG - Execute job: <picamera2.job.Job object at 0x7f6941ec50>
2026-06-21 16:17:32,854 - mazeUtils.device.camera - [camera.py:39] - DEBUG - Average HSV: H=168.6, S=18.3, V=227.8
2026-06-21 16:17:32,882 - mazeUtils.moveTile - [moveTile.py:79] - DEBUG - roll: 0.4800000000000182 deg, practicalMoveTime: 0.31612513729169167 sec
2026-06-21 16:17:32,882 - mazeUtils.moveTile - [moveTile.py:1430] - DEBUG - moveTile loop time: 36.6 ms
2026-06-21 16:17:32,889 - picamera2.picamera2 - [picamera2.py:1391] - DEBUG - Execute job: <picamera2.job.Job object at 0x7f6940fa90>
2026-06-21 16:17:32,892 - mazeUtils.device.camera - [camera.py:39] - DEBUG - Average HSV: H=170.1, S=19.6, V=229.7
2026-06-21 16:17:32,927 - mazeUtils.moveTile - [moveTile.py:79] - DEBUG - roll: 0.2599999999999909 deg, practicalMoveTime: 0.36102843014832103 sec
2026-06-21 16:17:32,928 - mazeUtils.moveTile - [moveTile.py:1430] - DEBUG - moveTile loop time: 45.3 ms
2026-06-21 16:17:32,932 - picamera2.picamera2 - [picamera2.py:1391] - DEBUG - Execute job: <picamera2.job.Job object at 0x7f693d2990>
2026-06-21 16:17:32,935 - mazeUtils.device.camera - [camera.py:39] - DEBUG - Average HSV: H=168.8, S=19.1, V=230.2
2026-06-21 16:17:32,963 - mazeUtils.moveTile - [moveTile.py:79] - DEBUG - roll: 0.01999999999998181 deg, practicalMoveTime: 0.396458620937178 sec
2026-06-21 16:17:32,964 - mazeUtils.moveTile - [moveTile.py:1430] - DEBUG - moveTile loop time: 35.8 ms
2026-06-21 16:17:32,969 - picamera2.picamera2 - [picamera2.py:1391] - DEBUG - Execute job: <picamera2.job.Job object at 0x7f8ec29610>
2026-06-21 16:17:32,972 - mazeUtils.device.camera - [camera.py:39] - DEBUG - Average HSV: H=164.6, S=18.6, V=230.2
2026-06-21 16:17:33,000 - mazeUtils.moveTile - [moveTile.py:79] - DEBUG - roll: 359.83 deg, practicalMoveTime: 0.43257172415327794 sec
2026-06-21 16:17:33,001 - mazeUtils.moveTile - [moveTile.py:1430] - DEBUG - moveTile loop time: 36.4 ms
2026-06-21 16:17:33,007 - picamera2.picamera2 - [picamera2.py:1391] - DEBUG - Execute job: <picamera2.job.Job object at 0x7f4b5aaf90>
2026-06-21 16:17:33,010 - mazeUtils.device.camera - [camera.py:39] - DEBUG - Average HSV: H=167.9, S=17.6, V=231.8
2026-06-21 16:17:33,039 - mazeUtils.moveTile - [moveTile.py:79] - DEBUG - roll: 0.6999999999999886 deg, practicalMoveTime: 0.4711225616286524 sec
2026-06-21 16:17:33,040 - mazeUtils.moveTile - [moveTile.py:1430] - DEBUG - moveTile loop time: 39.1 ms
2026-06-21 16:17:33,045 - picamera2.picamera2 - [picamera2.py:1391] - DEBUG - Execute job: <picamera2.job.Job object at 0x7f787618d0>
2026-06-21 16:17:33,048 - mazeUtils.device.camera - [camera.py:39] - DEBUG - Average HSV: H=168.0, S=18.1, V=231.0
2026-06-21 16:17:33,078 - mazeUtils.moveTile - [moveTile.py:79] - DEBUG - roll: 0.12999999999999545 deg, practicalMoveTime: 0.509512384000732 sec
2026-06-21 16:17:33,079 - mazeUtils.moveTile - [moveTile.py:1430] - DEBUG - moveTile loop time: 38.8 ms
2026-06-21 16:17:33,084 - picamera2.picamera2 - [picamera2.py:1391] - DEBUG - Execute job: <picamera2.job.Job object at 0x7f6941e650>
2026-06-21 16:17:33,087 - mazeUtils.device.camera - [camera.py:39] - DEBUG - Average HSV: H=170.0, S=16.9, V=231.4
2026-06-21 16:17:33,116 - mazeUtils.moveTile - [moveTile.py:79] - DEBUG - roll: 1.3000000000000114 deg, practicalMoveTime: 0.5462889950135764 sec
2026-06-21 16:17:33,116 - mazeUtils.moveTile - [moveTile.py:1430] - DEBUG - moveTile loop time: 37.2 ms
2026-06-21 16:17:33,123 - picamera2.picamera2 - [picamera2.py:1391] - DEBUG - Execute job: <picamera2.job.Job object at 0x7f7b3319d0>
2026-06-21 16:17:33,125 - mazeUtils.device.camera - [camera.py:39] - DEBUG - Average HSV: H=164.8, S=16.5, V=232.2
2026-06-21 16:17:33,155 - mazeUtils.moveTile - [moveTile.py:79] - DEBUG - roll: 1.7300000000000182 deg, practicalMoveTime: 0.5850589186102461 sec
2026-06-21 16:17:33,156 - mazeUtils.moveTile - [moveTile.py:1430] - DEBUG - moveTile loop time: 39.1 ms
2026-06-21 16:17:33,163 - picamera2.picamera2 - [picamera2.py:1391] - DEBUG - Execute job: <picamera2.job.Job object at 0x7f4b5aaf90>
2026-06-21 16:17:33,166 - mazeUtils.device.camera - [camera.py:39] - DEBUG - Average HSV: H=157.6, S=16.8, V=232.2
2026-06-21 16:17:33,757 - mazeUtils.moveTile - [moveTile.py:797] - INFO - Detected victim info ahead: {<Side.LEFT: 0>: <UnitVStatus.NOTHING: 0>, <Side.RIGHT: 1>: <UnitVStatus.S_VICTIM: 2>}
2026-06-21 16:17:38,811 - mazeUtils.device.stm - [stm.py:134] - ERROR - Timeout while searching valid frame: elapsed=0.500s timeout=0.500s seq=105 buffered=0B dropped=0B tail=
2026-06-21 16:17:38,812 - mazeUtils.device.stm - [stm.py:709] - ERROR - update failed: requestSensorValues returned None
2026-06-21 16:17:38,818 - mazeUtils.device.stm - [stm.py:216] - DEBUG - ACK resynchronized: type=LED dropped=24B seq=106
2026-06-21 16:17:41,419 - __main__ - [main.py:153] - INFO - Program interrupted by user.
2026-06-21 16:17:43,006 - picamera2.picamera2 - [picamera2.py:1391] - DEBUG - Execute job: <picamera2.job.Job object at 0x7f8ed26dd0>
2026-06-21 16:17:43,029 - picamera2.picamera2 - [picamera2.py:1323] - INFO - Camera stopped
2026-06-21 16:17:43,230 - picamera2.picamera2 - [picamera2.py:1329] - DEBUG - Camera was not started
2026-06-21 16:17:43,432 - picamera2.picamera2 - [picamera2.py:723] - INFO - Camera closed successfully.
2026-06-21 16:17:43,670 - picamera2.picamera2 - [picamera2.py:500] - DEBUG - Resources now free: <picamera2.picamera2.Picamera2 object at 0x7f7b2f2590>
