2026-06-25 00:21:58,113 - root - [logging_config.py:61] - INFO - Logging initialized. Log file: /home/tuton/Kanto2026RPi/src/config/../logs/robot_20260625_002154.log
2026-06-25 00:21:59,856 - mazeUtils.device.LiDAR - [LiDAR.py:36] - INFO - Available ports: <ydlidar.Str2strMap; proxy of <Swig Object of type 'std::map< std::string,std::string > *' at 0x7f90bdbf60> >
2026-06-25 00:22:08,562 - mazeUtils.moveTile - [moveTile.py:553] - DEBUG - Direction: absDirection.NORTH, Angle: 0, Distance: 42.26037448238141 cm
2026-06-25 00:22:08,562 - mazeUtils.moveTile - [moveTile.py:578] - DEBUG - Front LiDAR distance: 42.26037448238141 cm, TSD10 distance: 19.7 cm
2026-06-25 00:22:08,563 - mazeUtils.moveTile - [moveTile.py:553] - DEBUG - Direction: absDirection.EAST, Angle: 270, Distance: 47.551218975874775 cm
2026-06-25 00:22:08,565 - mazeUtils.moveTile - [moveTile.py:553] - DEBUG - Direction: absDirection.SOUTH, Angle: 180, Distance: 108.86460468075721 cm
2026-06-25 00:22:08,566 - mazeUtils.moveTile - [moveTile.py:553] - DEBUG - Direction: absDirection.WEST, Angle: 90, Distance: 49.947060249517946 cm
2026-06-25 00:22:08,566 - __main__ - [main.py:68] - INFO - Initial Map:
2026-06-25 00:22:08,582 - __main__ - [main.py:69] - INFO - Current position: (20, 20, 0), front direction: absDirection.NORTH
Layer 0 (altitude=0.0cm, offset=(0.0cm, 0.0cm)):
Known map area: x=20..20, y=20..20
+   +
  @  
+   +
mazeAsGraph[0][20][20] = {absDirection.NORTH: (20, 19, 0, 30), absDirection.EAST: (21, 20, 0, 30), absDirection.SOUTH: (20, 21, 0, 30), absDirection.WEST: (19, 20, 0, 30)}
2026-06-25 00:22:09,826 - mazeUtils.mazeMap - [mazeMap.py:61] - INFO - next goal: (20, 19, 0)
2026-06-25 00:22:09,827 - __main__ - [main.py:73] - INFO - Next Direction: [<absDirection.NORTH: 0>]
2026-06-25 00:22:09,828 - __main__ - [main.py:74] - INFO - Exploration started.
2026-06-25 00:22:09,834 - mazeUtils.moveTile - [moveTile.py:79] - DEBUG - Moving to absDirection.NORTH from (20, 20, 0) facing absDirection.NORTH
2026-06-25 00:22:09,861 - mazeUtils.moveTile - [moveTile.py:79] - DEBUG - current heading: 359.95 target: 0
2026-06-25 00:22:09,882 - mazeUtils.moveTile - [moveTile.py:427] - DEBUG - stopped turning at heading: 359.95, diff: 0.05000000000001137
2026-06-25 00:22:09,930 - mazeUtils.moveTile - [moveTile.py:79] - DEBUG - Turned to heading: 359.95 deg
2026-06-25 00:22:10,156 - picamera2.picamera2 - [picamera2.py:1391] - DEBUG - Execute job: <picamera2.job.Job object at 0x7f6b503350>
2026-06-25 00:22:10,204 - mazeUtils.device.camera - [camera.py:39] - DEBUG - Average HSV: H=110.5, S=208.6, V=181.8
2026-06-25 00:22:10,257 - mazeUtils.moveTile - [moveTile.py:79] - DEBUG - roll: 359.29 deg, practicalMoveTime: 0.10567085191888634 sec
2026-06-25 00:22:10,258 - mazeUtils.moveTile - [moveTile.py:1803] - DEBUG - moveTile loop time: 105.5 ms
2026-06-25 00:22:10,268 - picamera2.picamera2 - [picamera2.py:1391] - DEBUG - Execute job: <picamera2.job.Job object at 0x7f59076c50>
2026-06-25 00:22:10,274 - mazeUtils.device.camera - [camera.py:39] - DEBUG - Average HSV: H=111.0, S=211.4, V=180.4
2026-06-25 00:22:10,311 - mazeUtils.moveTile - [moveTile.py:79] - DEBUG - roll: 359.46 deg, practicalMoveTime: 0.15893329225103764 sec
2026-06-25 00:22:10,312 - mazeUtils.moveTile - [moveTile.py:1803] - DEBUG - moveTile loop time: 53.5 ms
2026-06-25 00:22:10,317 - picamera2.picamera2 - [picamera2.py:1391] - DEBUG - Execute job: <picamera2.job.Job object at 0x7f6b503350>
2026-06-25 00:22:10,320 - mazeUtils.device.camera - [camera.py:39] - DEBUG - Average HSV: H=109.9, S=211.7, V=207.6
2026-06-25 00:22:10,363 - mazeUtils.moveTile - [moveTile.py:79] - DEBUG - roll: 359.21 deg, practicalMoveTime: 0.21003005437447508 sec
2026-06-25 00:22:10,364 - mazeUtils.moveTile - [moveTile.py:1803] - DEBUG - moveTile loop time: 52.0 ms
2026-06-25 00:22:10,375 - picamera2.picamera2 - [picamera2.py:1391] - DEBUG - Execute job: <picamera2.job.Job object at 0x7f7d452910>
2026-06-25 00:22:10,379 - mazeUtils.device.camera - [camera.py:39] - DEBUG - Average HSV: H=109.1, S=208.3, V=215.4
2026-06-25 00:22:10,419 - mazeUtils.moveTile - [moveTile.py:79] - DEBUG - roll: 359.28 deg, practicalMoveTime: 0.26471579958631913 sec
2026-06-25 00:22:10,419 - mazeUtils.moveTile - [moveTile.py:1803] - DEBUG - moveTile loop time: 55.0 ms
2026-06-25 00:22:10,425 - picamera2.picamera2 - [picamera2.py:1391] - DEBUG - Execute job: <picamera2.job.Job object at 0x7f59076c90>
2026-06-25 00:22:10,429 - mazeUtils.device.camera - [camera.py:39] - DEBUG - Average HSV: H=109.0, S=212.5, V=218.7
2026-06-25 00:22:10,465 - mazeUtils.moveTile - [moveTile.py:79] - DEBUG - roll: 359.06 deg, practicalMoveTime: 0.3101278536356328 sec
2026-06-25 00:22:10,466 - mazeUtils.moveTile - [moveTile.py:1803] - DEBUG - moveTile loop time: 46.0 ms
2026-06-25 00:22:10,477 - picamera2.picamera2 - [picamera2.py:1391] - DEBUG - Execute job: <picamera2.job.Job object at 0x7f6b50c710>
2026-06-25 00:22:10,481 - mazeUtils.device.camera - [camera.py:39] - DEBUG - Average HSV: H=108.6, S=219.4, V=221.2
2026-06-25 00:22:10,520 - mazeUtils.moveTile - [moveTile.py:79] - DEBUG - roll: 358.59999999999997 deg, practicalMoveTime: 0.36471296140723436 sec
2026-06-25 00:22:10,521 - mazeUtils.moveTile - [moveTile.py:1803] - DEBUG - moveTile loop time: 54.9 ms
2026-06-25 00:22:10,526 - picamera2.picamera2 - [picamera2.py:1391] - DEBUG - Execute job: <picamera2.job.Job object at 0x7f597f2fd0>
2026-06-25 00:22:10,532 - mazeUtils.device.camera - [camera.py:39] - DEBUG - Average HSV: H=108.3, S=232.5, V=219.6
2026-06-25 00:22:10,566 - mazeUtils.moveTile - [moveTile.py:79] - DEBUG - roll: 359.74 deg, practicalMoveTime: 0.4100163476312696 sec
2026-06-25 00:22:10,567 - mazeUtils.moveTile - [moveTile.py:1803] - DEBUG - moveTile loop time: 45.8 ms
2026-06-25 00:22:10,579 - picamera2.picamera2 - [picamera2.py:1391] - DEBUG - Execute job: <picamera2.job.Job object at 0x7f59076c50>
2026-06-25 00:22:10,586 - mazeUtils.device.camera - [camera.py:39] - DEBUG - Average HSV: H=108.4, S=225.6, V=222.0
2026-06-25 00:22:10,622 - mazeUtils.moveTile - [moveTile.py:79] - DEBUG - roll: 5.810000000000002 deg, practicalMoveTime: 0.46450920150002345 sec
2026-06-25 00:22:10,623 - mazeUtils.moveTile - [moveTile.py:1803] - DEBUG - moveTile loop time: 55.2 ms
2026-06-25 00:22:10,629 - picamera2.picamera2 - [picamera2.py:1391] - DEBUG - Execute job: <picamera2.job.Job object at 0x7f6b50c710>
2026-06-25 00:22:10,635 - mazeUtils.device.camera - [camera.py:39] - DEBUG - Average HSV: H=109.0, S=220.7, V=221.5
2026-06-25 00:22:10,673 - mazeUtils.moveTile - [moveTile.py:79] - DEBUG - roll: 5.550000000000011 deg, practicalMoveTime: 0.5147423786382284 sec
2026-06-25 00:22:10,674 - mazeUtils.moveTile - [moveTile.py:1803] - DEBUG - moveTile loop time: 49.8 ms
2026-06-25 00:22:10,685 - picamera2.picamera2 - [picamera2.py:1391] - DEBUG - Execute job: <picamera2.job.Job object at 0x7f6b51c410>
2026-06-25 00:22:10,689 - mazeUtils.device.camera - [camera.py:39] - DEBUG - Average HSV: H=109.1, S=223.9, V=220.4
2026-06-25 00:22:10,729 - mazeUtils.moveTile - [moveTile.py:79] - DEBUG - roll: 11.79000000000002 deg, practicalMoveTime: 0.5578950238360634 sec
2026-06-25 00:22:10,729 - mazeUtils.moveTile - [moveTile.py:1803] - DEBUG - moveTile loop time: 55.3 ms
2026-06-25 00:22:10,735 - picamera2.picamera2 - [picamera2.py:1391] - DEBUG - Execute job: <picamera2.job.Job object at 0x7f597f2f90>
2026-06-25 00:22:10,738 - mazeUtils.device.camera - [camera.py:39] - DEBUG - Average HSV: H=109.7, S=221.7, V=218.4
2026-06-25 00:22:10,777 - mazeUtils.moveTile - [moveTile.py:79] - DEBUG - roll: 13.04000000000002 deg, practicalMoveTime: 0.5950649117174373 sec
2026-06-25 00:22:10,778 - mazeUtils.moveTile - [moveTile.py:1803] - DEBUG - moveTile loop time: 48.0 ms
2026-06-25 00:22:10,783 - picamera2.picamera2 - [picamera2.py:1391] - DEBUG - Execute job: <picamera2.job.Job object at 0x7f7d452490>
2026-06-25 00:22:10,786 - mazeUtils.device.camera - [camera.py:39] - DEBUG - Average HSV: H=109.4, S=224.5, V=219.6
2026-06-25 00:22:10,824 - mazeUtils.moveTile - [moveTile.py:79] - DEBUG - roll: 15.300000000000011 deg, practicalMoveTime: 0.6307830983166544 sec
2026-06-25 00:22:10,824 - mazeUtils.moveTile - [moveTile.py:1803] - DEBUG - moveTile loop time: 46.5 ms
2026-06-25 00:22:10,836 - picamera2.picamera2 - [picamera2.py:1391] - DEBUG - Execute job: <picamera2.job.Job object at 0x7f6b50c710>
2026-06-25 00:22:10,839 - mazeUtils.device.camera - [camera.py:39] - DEBUG - Average HSV: H=110.1, S=217.3, V=213.6
2026-06-25 00:22:10,878 - mazeUtils.moveTile - [moveTile.py:79] - DEBUG - roll: 20.55000000000001 deg, practicalMoveTime: 0.6719006208695644 sec
2026-06-25 00:22:10,879 - mazeUtils.moveTile - [moveTile.py:1803] - DEBUG - moveTile loop time: 54.3 ms
2026-06-25 00:22:10,889 - picamera2.picamera2 - [picamera2.py:1391] - DEBUG - Execute job: <picamera2.job.Job object at 0x7f6b4b36d0>
2026-06-25 00:22:10,893 - mazeUtils.device.camera - [camera.py:39] - DEBUG - Average HSV: H=110.5, S=213.1, V=211.8
2026-06-25 00:22:10,927 - mazeUtils.moveTile - [moveTile.py:79] - DEBUG - roll: 21.45999999999998 deg, practicalMoveTime: 0.707837007627623 sec
2026-06-25 00:22:10,928 - mazeUtils.moveTile - [moveTile.py:1803] - DEBUG - moveTile loop time: 48.7 ms
2026-06-25 00:22:10,933 - picamera2.picamera2 - [picamera2.py:1391] - DEBUG - Execute job: <picamera2.job.Job object at 0x7f7d452490>
2026-06-25 00:22:10,936 - mazeUtils.device.camera - [camera.py:39] - DEBUG - Average HSV: H=110.0, S=215.6, V=215.4
2026-06-25 00:22:10,969 - mazeUtils.moveTile - [moveTile.py:79] - DEBUG - roll: 23.599999999999966 deg, practicalMoveTime: 0.7378335853062657 sec
2026-06-25 00:22:10,969 - mazeUtils.moveTile - [moveTile.py:1803] - DEBUG - moveTile loop time: 41.2 ms
2026-06-25 00:22:10,981 - picamera2.picamera2 - [picamera2.py:1391] - DEBUG - Execute job: <picamera2.job.Job object at 0x7f6b51c410>
2026-06-25 00:22:10,985 - mazeUtils.device.camera - [camera.py:39] - DEBUG - Average HSV: H=110.0, S=212.3, V=217.9
2026-06-25 00:22:11,027 - mazeUtils.moveTile - [moveTile.py:79] - DEBUG - roll: 26.019999999999982 deg, practicalMoveTime: 0.7789716632619473 sec
2026-06-25 00:22:11,028 - mazeUtils.moveTile - [moveTile.py:1803] - DEBUG - moveTile loop time: 58.0 ms
2026-06-25 00:22:11,032 - picamera2.picamera2 - [picamera2.py:1391] - DEBUG - Execute job: <picamera2.job.Job object at 0x7f59076c50>
2026-06-25 00:22:11,035 - mazeUtils.device.camera - [camera.py:39] - DEBUG - Average HSV: H=109.7, S=217.1, V=220.4
2026-06-25 00:22:11,068 - mazeUtils.moveTile - [moveTile.py:79] - DEBUG - roll: 25.769999999999982 deg, practicalMoveTime: 0.8080376081538744 sec
2026-06-25 00:22:11,069 - mazeUtils.moveTile - [moveTile.py:1803] - DEBUG - moveTile loop time: 40.5 ms
2026-06-25 00:22:11,079 - picamera2.picamera2 - [picamera2.py:1391] - DEBUG - Execute job: <picamera2.job.Job object at 0x7f6b50c710>
2026-06-25 00:22:11,083 - mazeUtils.device.camera - [camera.py:39] - DEBUG - Average HSV: H=109.3, S=221.0, V=222.9
2026-06-25 00:22:11,126 - picamera2.picamera2 - [picamera2.py:1391] - DEBUG - Execute job: <picamera2.job.Job object at 0x7f6b50c710>
2026-06-25 00:22:11,130 - mazeUtils.device.camera - [camera.py:39] - DEBUG - Average HSV: H=108.9, S=228.5, V=226.5
2026-06-25 00:22:11,165 - mazeUtils.moveTile - [moveTile.py:79] - DEBUG - roll: 26.399999999999977 deg, practicalMoveTime: 0.8768101038864825 sec
2026-06-25 00:22:11,165 - mazeUtils.moveTile - [moveTile.py:1803] - DEBUG - moveTile loop time: 43.0 ms
2026-06-25 00:22:11,170 - picamera2.picamera2 - [picamera2.py:1391] - DEBUG - Execute job: <picamera2.job.Job object at 0x7f59076c10>
2026-06-25 00:22:11,174 - mazeUtils.device.camera - [camera.py:39] - DEBUG - Average HSV: H=108.4, S=234.9, V=230.1
2026-06-25 00:22:11,229 - mazeUtils.moveTile - [moveTile.py:79] - DEBUG - roll: 25.45999999999998 deg, practicalMoveTime: 0.922500303123824 sec
2026-06-25 00:22:11,229 - mazeUtils.moveTile - [moveTile.py:1803] - DEBUG - moveTile loop time: 63.7 ms
2026-06-25 00:22:11,241 - picamera2.picamera2 - [picamera2.py:1391] - DEBUG - Execute job: <picamera2.job.Job object at 0x7f59076c50>
2026-06-25 00:22:11,244 - mazeUtils.device.camera - [camera.py:39] - DEBUG - Average HSV: H=107.8, S=246.6, V=233.8
2026-06-25 00:22:11,284 - mazeUtils.moveTile - [moveTile.py:79] - DEBUG - roll: 25.70999999999998 deg, practicalMoveTime: 0.9613724470412257 sec
2026-06-25 00:22:11,284 - mazeUtils.moveTile - [moveTile.py:1803] - DEBUG - moveTile loop time: 54.6 ms
2026-06-25 00:22:11,289 - picamera2.picamera2 - [picamera2.py:1391] - DEBUG - Execute job: <picamera2.job.Job object at 0x7f7d452490>
2026-06-25 00:22:11,293 - mazeUtils.device.camera - [camera.py:39] - DEBUG - Average HSV: H=109.4, S=243.7, V=219.8
2026-06-25 00:22:11,325 - mazeUtils.moveTile - [moveTile.py:79] - DEBUG - roll: 25.730000000000018 deg, practicalMoveTime: 0.9908227865828119 sec
2026-06-25 00:22:11,325 - mazeUtils.moveTile - [moveTile.py:1803] - DEBUG - moveTile loop time: 41.0 ms
2026-06-25 00:22:11,336 - picamera2.picamera2 - [picamera2.py:1391] - DEBUG - Execute job: <picamera2.job.Job object at 0x7f6b4b36d0>
2026-06-25 00:22:11,340 - mazeUtils.device.camera - [camera.py:39] - DEBUG - Average HSV: H=109.5, S=245.2, V=219.5
2026-06-25 00:22:11,383 - mazeUtils.moveTile - [moveTile.py:79] - DEBUG - roll: 26.409999999999968 deg, practicalMoveTime: 1.0322540057586809 sec
2026-06-25 00:22:11,384 - mazeUtils.moveTile - [moveTile.py:1803] - DEBUG - moveTile loop time: 58.0 ms
2026-06-25 00:22:11,389 - picamera2.picamera2 - [picamera2.py:1391] - DEBUG - Execute job: <picamera2.job.Job object at 0x7f59076c10>
2026-06-25 00:22:11,393 - mazeUtils.device.camera - [camera.py:39] - DEBUG - Average HSV: H=107.9, S=254.2, V=232.0
2026-06-25 00:22:11,441 - mazeUtils.moveTile - [moveTile.py:79] - DEBUG - roll: 25.74000000000001 deg, practicalMoveTime: 1.0732404070092019 sec
2026-06-25 00:22:11,441 - mazeUtils.moveTile - [moveTile.py:1803] - DEBUG - moveTile loop time: 57.3 ms
2026-06-25 00:22:11,453 - picamera2.picamera2 - [picamera2.py:1391] - DEBUG - Execute job: <picamera2.job.Job object at 0x7f7d452490>
2026-06-25 00:22:11,456 - mazeUtils.device.camera - [camera.py:39] - DEBUG - Average HSV: H=108.4, S=254.5, V=227.8
2026-06-25 00:22:11,497 - mazeUtils.moveTile - [moveTile.py:79] - DEBUG - roll: 26.069999999999993 deg, practicalMoveTime: 1.113407370666835 sec
2026-06-25 00:22:11,497 - mazeUtils.moveTile - [moveTile.py:1803] - DEBUG - moveTile loop time: 55.5 ms
2026-06-25 00:22:11,502 - picamera2.picamera2 - [picamera2.py:1391] - DEBUG - Execute job: <picamera2.job.Job object at 0x7f59076c90>
2026-06-25 00:22:11,506 - mazeUtils.device.camera - [camera.py:39] - DEBUG - Average HSV: H=108.4, S=254.8, V=227.2
2026-06-25 00:22:11,548 - mazeUtils.moveTile - [moveTile.py:79] - DEBUG - roll: 25.189999999999998 deg, practicalMoveTime: 1.149651548948629 sec
2026-06-25 00:22:11,548 - mazeUtils.moveTile - [moveTile.py:1803] - DEBUG - moveTile loop time: 50.7 ms
2026-06-25 00:22:11,553 - picamera2.picamera2 - [picamera2.py:1391] - DEBUG - Execute job: <picamera2.job.Job object at 0x7f597f2fd0>
2026-06-25 00:22:11,556 - mazeUtils.device.camera - [camera.py:39] - DEBUG - Average HSV: H=109.3, S=251.5, V=214.3
2026-06-25 00:22:11,592 - mazeUtils.moveTile - [moveTile.py:79] - DEBUG - roll: 25.420000000000016 deg, practicalMoveTime: 1.1812828747583866 sec
2026-06-25 00:22:11,592 - mazeUtils.moveTile - [moveTile.py:1803] - DEBUG - moveTile loop time: 43.9 ms
2026-06-25 00:22:11,597 - picamera2.picamera2 - [picamera2.py:1391] - DEBUG - Execute job: <picamera2.job.Job object at 0x7f6b503350>
2026-06-25 00:22:11,602 - mazeUtils.device.camera - [camera.py:39] - DEBUG - Average HSV: H=110.5, S=239.7, V=194.2
2026-06-25 00:22:11,642 - mazeUtils.moveTile - [moveTile.py:79] - DEBUG - roll: 26.329999999999984 deg, practicalMoveTime: 1.2172091337889137 sec
2026-06-25 00:22:11,643 - mazeUtils.moveTile - [moveTile.py:1803] - DEBUG - moveTile loop time: 50.5 ms
2026-06-25 00:22:11,653 - picamera2.picamera2 - [picamera2.py:1391] - DEBUG - Execute job: <picamera2.job.Job object at 0x7f6b50c710>
2026-06-25 00:22:11,657 - mazeUtils.device.camera - [camera.py:39] - DEBUG - Average HSV: H=112.8, S=222.6, V=150.6
2026-06-25 00:22:11,691 - mazeUtils.moveTile - [moveTile.py:79] - DEBUG - roll: 25.19999999999999 deg, practicalMoveTime: 1.2520059068077778 sec
2026-06-25 00:22:11,691 - mazeUtils.moveTile - [moveTile.py:1803] - DEBUG - moveTile loop time: 48.2 ms
2026-06-25 00:22:11,696 - picamera2.picamera2 - [picamera2.py:1391] - DEBUG - Execute job: <picamera2.job.Job object at 0x7f6b4b36d0>
2026-06-25 00:22:11,700 - mazeUtils.device.camera - [camera.py:39] - DEBUG - Average HSV: H=112.8, S=220.8, V=139.6
2026-06-25 00:22:11,737 - mazeUtils.moveTile - [moveTile.py:79] - DEBUG - roll: 28.149999999999977 deg, practicalMoveTime: 1.2847612389039937 sec
2026-06-25 00:22:11,738 - mazeUtils.moveTile - [moveTile.py:1803] - DEBUG - moveTile loop time: 46.1 ms
2026-06-25 00:22:11,749 - picamera2.picamera2 - [picamera2.py:1391] - DEBUG - Execute job: <picamera2.job.Job object at 0x7f6b503350>
2026-06-25 00:22:11,752 - mazeUtils.device.camera - [camera.py:39] - DEBUG - Average HSV: H=112.0, S=213.9, V=161.3
2026-06-25 00:22:11,789 - mazeUtils.moveTile - [moveTile.py:79] - DEBUG - roll: 39.25999999999999 deg, practicalMoveTime: 1.3193777919451881 sec
2026-06-25 00:22:11,789 - mazeUtils.moveTile - [moveTile.py:1803] - DEBUG - moveTile loop time: 51.6 ms
2026-06-25 00:22:11,798 - picamera2.picamera2 - [picamera2.py:1391] - DEBUG - Execute job: <picamera2.job.Job object at 0x7f6b50c710>
2026-06-25 00:22:11,801 - mazeUtils.device.camera - [camera.py:39] - DEBUG - Average HSV: H=111.6, S=220.4, V=173.8
2026-06-25 00:22:11,840 - mazeUtils.moveTile - [moveTile.py:79] - DEBUG - roll: 44.15999999999997 deg, practicalMoveTime: 1.3503523923367635 sec
2026-06-25 00:22:11,840 - mazeUtils.moveTile - [moveTile.py:1803] - DEBUG - moveTile loop time: 50.8 ms
2026-06-25 00:22:11,844 - picamera2.picamera2 - [picamera2.py:1391] - DEBUG - Execute job: <picamera2.job.Job object at 0x7f7d452490>
2026-06-25 00:22:11,848 - mazeUtils.device.camera - [camera.py:39] - DEBUG - Average HSV: H=107.6, S=229.6, V=220.8
2026-06-25 00:22:11,888 - mazeUtils.moveTile - [moveTile.py:79] - DEBUG - roll: 51.579999999999984 deg, practicalMoveTime: 1.3753569272066317 sec
2026-06-25 00:22:11,889 - mazeUtils.moveTile - [moveTile.py:1803] - DEBUG - moveTile loop time: 48.1 ms
2026-06-25 00:22:11,893 - picamera2.picamera2 - [picamera2.py:1391] - DEBUG - Execute job: <picamera2.job.Job object at 0x7f6b503350>
2026-06-25 00:22:11,896 - mazeUtils.device.camera - [camera.py:39] - DEBUG - Average HSV: H=104.5, S=231.2, V=243.3
2026-06-25 00:22:11,926 - mazeUtils.moveTile - [moveTile.py:79] - DEBUG - roll: 61.589999999999975 deg, practicalMoveTime: 1.3926411824830014 sec
2026-06-25 00:22:11,927 - mazeUtils.moveTile - [moveTile.py:1803] - DEBUG - moveTile loop time: 37.9 ms
2026-06-25 00:22:11,933 - picamera2.picamera2 - [picamera2.py:1391] - DEBUG - Execute job: <picamera2.job.Job object at 0x7f597f2f90>
2026-06-25 00:22:11,937 - mazeUtils.device.camera - [camera.py:39] - DEBUG - Average HSV: H=112.6, S=185.9, V=193.2
2026-06-25 00:22:11,975 - mazeUtils.moveTile - [moveTile.py:79] - DEBUG - roll: 65.34999999999997 deg, practicalMoveTime: 1.4096314443645837 sec
2026-06-25 00:22:11,975 - mazeUtils.moveTile - [moveTile.py:1803] - DEBUG - moveTile loop time: 47.6 ms
2026-06-25 00:22:11,989 - picamera2.picamera2 - [picamera2.py:1391] - DEBUG - Execute job: <picamera2.job.Job object at 0x7f597f2fd0>
2026-06-25 00:22:11,992 - mazeUtils.device.camera - [camera.py:39] - DEBUG - Average HSV: H=119.1, S=123.7, V=120.6
2026-06-25 00:22:12,034 - mazeUtils.moveTile - [moveTile.py:79] - DEBUG - roll: 73.90999999999997 deg, practicalMoveTime: 1.4264210357745624 sec
2026-06-25 00:22:12,034 - mazeUtils.moveTile - [moveTile.py:1803] - DEBUG - moveTile loop time: 59.1 ms
2026-06-25 00:22:12,039 - picamera2.picamera2 - [picamera2.py:1391] - DEBUG - Execute job: <picamera2.job.Job object at 0x7f6b503350>
2026-06-25 00:22:12,043 - mazeUtils.device.camera - [camera.py:39] - DEBUG - Average HSV: H=123.9, S=97.7, V=99.4
2026-06-25 00:22:12,091 - mazeUtils.moveTile - [moveTile.py:79] - DEBUG - roll: 86.52999999999997 deg, practicalMoveTime: 1.432270537341426 sec
2026-06-25 00:22:12,092 - mazeUtils.moveTile - [moveTile.py:1803] - DEBUG - moveTile loop time: 57.0 ms
2026-06-25 00:22:12,097 - picamera2.picamera2 - [picamera2.py:1391] - DEBUG - Execute job: <picamera2.job.Job object at 0x7f7d452910>
2026-06-25 00:22:12,100 - mazeUtils.device.camera - [camera.py:39] - DEBUG - Average HSV: H=150.8, S=53.3, V=67.2
2026-06-25 00:22:12,132 - mazeUtils.moveTile - [moveTile.py:79] - DEBUG - roll: 101.12 deg, practicalMoveTime: 1.4277584993849748 sec
2026-06-25 00:22:12,133 - mazeUtils.moveTile - [moveTile.py:1803] - DEBUG - moveTile loop time: 41.0 ms
2026-06-25 00:22:12,144 - picamera2.picamera2 - [picamera2.py:1391] - DEBUG - Execute job: <picamera2.job.Job object at 0x7f7d452490>
2026-06-25 00:22:12,148 - mazeUtils.device.camera - [camera.py:39] - DEBUG - Average HSV: H=151.0, S=87.3, V=50.2
2026-06-25 00:22:12,183 - mazeUtils.moveTile - [moveTile.py:79] - DEBUG - roll: 119.35 deg, practicalMoveTime: 1.4139285729990634 sec
2026-06-25 00:22:12,184 - mazeUtils.moveTile - [moveTile.py:1803] - DEBUG - moveTile loop time: 50.7 ms
2026-06-25 00:22:12,190 - picamera2.picamera2 - [picamera2.py:1391] - DEBUG - Execute job: <picamera2.job.Job object at 0x7f6b503350>
2026-06-25 00:22:12,193 - mazeUtils.device.camera - [camera.py:39] - DEBUG - Average HSV: H=122.3, S=71.2, V=55.7
2026-06-25 00:22:12,225 - mazeUtils.moveTile - [moveTile.py:79] - DEBUG - roll: 138.42 deg, practicalMoveTime: 1.3912948285843727 sec
2026-06-25 00:22:12,225 - mazeUtils.moveTile - [moveTile.py:1803] - DEBUG - moveTile loop time: 41.0 ms
2026-06-25 00:22:12,236 - picamera2.picamera2 - [picamera2.py:1391] - DEBUG - Execute job: <picamera2.job.Job object at 0x7f6b50c710>
2026-06-25 00:22:12,240 - mazeUtils.device.camera - [camera.py:39] - DEBUG - Average HSV: H=97.0, S=69.4, V=61.9
2026-06-25 00:22:12,285 - mazeUtils.moveTile - [moveTile.py:79] - DEBUG - roll: 157.37 deg, practicalMoveTime: 1.3512698756277401 sec
2026-06-25 00:22:12,285 - mazeUtils.moveTile - [moveTile.py:1803] - DEBUG - moveTile loop time: 59.9 ms
2026-06-25 00:22:12,292 - picamera2.picamera2 - [picamera2.py:1391] - DEBUG - Execute job: <picamera2.job.Job object at 0x7f597f2f90>
2026-06-25 00:22:12,295 - mazeUtils.device.camera - [camera.py:39] - DEBUG - Average HSV: H=69.0, S=70.5, V=47.7
2026-06-25 00:22:12,332 - mazeUtils.moveTile - [moveTile.py:79] - DEBUG - roll: 153.73 deg, practicalMoveTime: 1.3168774356526478 sec
2026-06-25 00:22:12,333 - mazeUtils.moveTile - [moveTile.py:1803] - DEBUG - moveTile loop time: 47.3 ms
2026-06-25 00:22:12,337 - picamera2.picamera2 - [picamera2.py:1391] - DEBUG - Execute job: <picamera2.job.Job object at 0x7f597f2fd0>
2026-06-25 00:22:12,340 - mazeUtils.device.camera - [camera.py:39] - DEBUG - Average HSV: H=76.9, S=66.1, V=59.6
2026-06-25 00:22:12,374 - mazeUtils.moveTile - [moveTile.py:79] - DEBUG - roll: 148.26 deg, practicalMoveTime: 1.2887946294962316 sec
2026-06-25 00:22:12,374 - mazeUtils.moveTile - [moveTile.py:1803] - DEBUG - moveTile loop time: 40.8 ms
2026-06-25 00:22:12,379 - picamera2.picamera2 - [picamera2.py:1391] - DEBUG - Execute job: <picamera2.job.Job object at 0x7f7d452490>
2026-06-25 00:22:12,382 - mazeUtils.device.camera - [camera.py:39] - DEBUG - Average HSV: H=78.4, S=66.6, V=63.8
2026-06-25 00:22:12,416 - mazeUtils.moveTile - [moveTile.py:79] - DEBUG - roll: 142.51 deg, practicalMoveTime: 1.2613862963970455 sec
2026-06-25 00:22:12,417 - mazeUtils.moveTile - [moveTile.py:1803] - DEBUG - moveTile loop time: 42.6 ms
2026-06-25 00:22:12,422 - picamera2.picamera2 - [picamera2.py:1391] - DEBUG - Execute job: <picamera2.job.Job object at 0x7f59076c90>
2026-06-25 00:22:12,425 - mazeUtils.device.camera - [camera.py:39] - DEBUG - Average HSV: H=70.7, S=70.6, V=67.9
2026-06-25 00:22:12,470 - mazeUtils.moveTile - [moveTile.py:79] - DEBUG - roll: 126.94 deg, practicalMoveTime: 1.2294089407245103 sec
2026-06-25 00:22:12,470 - mazeUtils.moveTile - [moveTile.py:1803] - DEBUG - moveTile loop time: 52.5 ms
2026-06-25 00:22:12,474 - picamera2.picamera2 - [picamera2.py:1391] - DEBUG - Execute job: <picamera2.job.Job object at 0x7f6b4b36d0>
2026-06-25 00:22:12,477 - mazeUtils.device.camera - [camera.py:39] - DEBUG - Average HSV: H=86.6, S=138.9, V=14.7
2026-06-25 00:22:12,511 - mazeUtils.moveTile - [moveTile.py:79] - DEBUG - roll: 110.4 deg, practicalMoveTime: 1.2175771716118031 sec
2026-06-25 00:22:12,512 - mazeUtils.moveTile - [moveTile.py:1803] - DEBUG - moveTile loop time: 41.1 ms
2026-06-25 00:22:12,517 - picamera2.picamera2 - [picamera2.py:1391] - DEBUG - Execute job: <picamera2.job.Job object at 0x7f59076c50>
2026-06-25 00:22:12,520 - mazeUtils.device.camera - [camera.py:39] - DEBUG - Average HSV: H=118.0, S=68.8, V=55.6
2026-06-25 00:22:12,557 - mazeUtils.moveTile - [moveTile.py:79] - DEBUG - roll: 113.82 deg, practicalMoveTime: 1.2034614353329929 sec
2026-06-25 00:22:12,558 - mazeUtils.moveTile - [moveTile.py:1803] - DEBUG - moveTile loop time: 46.0 ms
2026-06-25 00:22:12,563 - picamera2.picamera2 - [picamera2.py:1391] - DEBUG - Execute job: <picamera2.job.Job object at 0x7f6b51c410>
2026-06-25 00:22:12,566 - mazeUtils.device.camera - [camera.py:39] - DEBUG - Average HSV: H=86.6, S=121.2, V=26.2
2026-06-25 00:22:12,603 - mazeUtils.moveTile - [moveTile.py:79] - DEBUG - roll: 122.53999999999999 deg, practicalMoveTime: 1.1853425421468673 sec
2026-06-25 00:22:12,603 - mazeUtils.moveTile - [moveTile.py:1803] - DEBUG - moveTile loop time: 45.1 ms
2026-06-25 00:22:12,608 - picamera2.picamera2 - [picamera2.py:1391] - DEBUG - Execute job: <picamera2.job.Job object at 0x7f59076c50>
2026-06-25 00:22:12,611 - mazeUtils.device.camera - [camera.py:39] - DEBUG - Average HSV: H=112.8, S=77.6, V=60.4
2026-06-25 00:22:12,644 - mazeUtils.moveTile - [moveTile.py:79] - DEBUG - roll: 125.85 deg, practicalMoveTime: 1.1658762240394365 sec
2026-06-25 00:22:12,645 - mazeUtils.moveTile - [moveTile.py:1803] - DEBUG - moveTile loop time: 41.5 ms
2026-06-25 00:22:12,650 - picamera2.picamera2 - [picamera2.py:1391] - DEBUG - Execute job: <picamera2.job.Job object at 0x7f6b503350>
2026-06-25 00:22:12,653 - mazeUtils.device.camera - [camera.py:39] - DEBUG - Average HSV: H=121.3, S=71.4, V=62.0
2026-06-25 00:22:12,690 - mazeUtils.moveTile - [moveTile.py:79] - DEBUG - roll: 124.07 deg, practicalMoveTime: 1.1453720279625832 sec
2026-06-25 00:22:12,691 - mazeUtils.moveTile - [moveTile.py:1803] - DEBUG - moveTile loop time: 45.6 ms
2026-06-25 00:22:12,695 - picamera2.picamera2 - [picamera2.py:1391] - DEBUG - Execute job: <picamera2.job.Job object at 0x7f597f2f90>
2026-06-25 00:22:12,698 - mazeUtils.device.camera - [camera.py:39] - DEBUG - Average HSV: H=118.8, S=71.8, V=60.1
2026-06-25 00:22:12,730 - mazeUtils.moveTile - [moveTile.py:79] - DEBUG - roll: 124.12 deg, practicalMoveTime: 1.1276715089584337 sec
2026-06-25 00:22:12,730 - mazeUtils.moveTile - [moveTile.py:1803] - DEBUG - moveTile loop time: 39.4 ms
2026-06-25 00:22:12,735 - picamera2.picamera2 - [picamera2.py:1391] - DEBUG - Execute job: <picamera2.job.Job object at 0x7f59076c90>
2026-06-25 00:22:12,739 - mazeUtils.device.camera - [camera.py:39] - DEBUG - Average HSV: H=124.0, S=71.8, V=59.9
2026-06-25 00:22:12,776 - mazeUtils.moveTile - [moveTile.py:79] - DEBUG - roll: 124.25999999999999 deg, practicalMoveTime: 1.1070862950998899 sec
2026-06-25 00:22:12,777 - mazeUtils.moveTile - [moveTile.py:1803] - DEBUG - moveTile loop time: 46.2 ms
2026-06-25 00:22:12,789 - picamera2.picamera2 - [picamera2.py:1391] - DEBUG - Execute job: <picamera2.job.Job object at 0x7f59076c50>
2026-06-25 00:22:12,793 - mazeUtils.device.camera - [camera.py:39] - DEBUG - Average HSV: H=122.9, S=71.7, V=59.7
2026-06-25 00:22:12,837 - mazeUtils.moveTile - [moveTile.py:79] - DEBUG - roll: 124.09 deg, practicalMoveTime: 1.0800512545884466 sec
2026-06-25 00:22:12,838 - mazeUtils.moveTile - [moveTile.py:1803] - DEBUG - moveTile loop time: 60.6 ms
2026-06-25 00:22:12,843 - picamera2.picamera2 - [picamera2.py:1391] - DEBUG - Execute job: <picamera2.job.Job object at 0x7f59076c10>
2026-06-25 00:22:12,846 - mazeUtils.device.camera - [camera.py:39] - DEBUG - Average HSV: H=119.3, S=71.7, V=60.3
2026-06-25 00:22:12,878 - mazeUtils.moveTile - [moveTile.py:79] - DEBUG - roll: 124.07999999999998 deg, practicalMoveTime: 1.0617793303256349 sec
2026-06-25 00:22:12,879 - mazeUtils.moveTile - [moveTile.py:1803] - DEBUG - moveTile loop time: 41.0 ms
2026-06-25 00:22:12,885 - picamera2.picamera2 - [picamera2.py:1391] - DEBUG - Execute job: <picamera2.job.Job object at 0x7f59076c90>
2026-06-25 00:22:12,888 - mazeUtils.device.camera - [camera.py:39] - DEBUG - Average HSV: H=124.7, S=71.8, V=60.0
2026-06-25 00:22:12,919 - mazeUtils.moveTile - [moveTile.py:79] - DEBUG - roll: 124.09 deg, practicalMoveTime: 1.0437300975485921 sec
2026-06-25 00:22:12,920 - mazeUtils.moveTile - [moveTile.py:1803] - DEBUG - moveTile loop time: 40.5 ms
2026-06-25 00:22:12,932 - picamera2.picamera2 - [picamera2.py:1391] - DEBUG - Execute job: <picamera2.job.Job object at 0x7f7d452490>
2026-06-25 00:22:12,935 - mazeUtils.device.camera - [camera.py:39] - DEBUG - Average HSV: H=121.0, S=72.0, V=60.2
2026-06-25 00:22:12,978 - mazeUtils.moveTile - [moveTile.py:79] - DEBUG - roll: 124.13 deg, practicalMoveTime: 1.0173464058460517 sec
2026-06-25 00:22:12,979 - mazeUtils.moveTile - [moveTile.py:1803] - DEBUG - moveTile loop time: 59.1 ms
2026-06-25 00:22:12,985 - picamera2.picamera2 - [picamera2.py:1391] - DEBUG - Execute job: <picamera2.job.Job object at 0x7f7d452910>
2026-06-25 00:22:12,988 - mazeUtils.device.camera - [camera.py:39] - DEBUG - Average HSV: H=123.7, S=71.9, V=60.1
2026-06-25 00:22:13,030 - mazeUtils.moveTile - [moveTile.py:79] - DEBUG - roll: 124.13999999999999 deg, practicalMoveTime: 0.9946563205313053 sec
2026-06-25 00:22:13,030 - mazeUtils.moveTile - [moveTile.py:1803] - DEBUG - moveTile loop time: 50.8 ms
2026-06-25 00:22:13,035 - picamera2.picamera2 - [picamera2.py:1391] - DEBUG - Execute job: <picamera2.job.Job object at 0x7f6b4b36d0>
2026-06-25 00:22:13,039 - mazeUtils.device.camera - [camera.py:39] - DEBUG - Average HSV: H=123.2, S=71.9, V=60.2
2026-06-25 00:22:13,071 - mazeUtils.moveTile - [moveTile.py:79] - DEBUG - roll: 124.13 deg, practicalMoveTime: 0.9763553907343032 sec
2026-06-25 00:22:13,071 - mazeUtils.moveTile - [moveTile.py:1803] - DEBUG - moveTile loop time: 41.1 ms
2026-06-25 00:22:13,077 - picamera2.picamera2 - [picamera2.py:1391] - DEBUG - Execute job: <picamera2.job.Job object at 0x7f59076c10>
2026-06-25 00:22:13,080 - mazeUtils.device.camera - [camera.py:39] - DEBUG - Average HSV: H=122.4, S=71.9, V=60.1
2026-06-25 00:22:13,113 - mazeUtils.moveTile - [moveTile.py:79] - DEBUG - roll: 124.13999999999999 deg, practicalMoveTime: 0.9577938096767906 sec
2026-06-25 00:22:13,113 - mazeUtils.moveTile - [moveTile.py:1803] - DEBUG - moveTile loop time: 41.6 ms
2026-06-25 00:22:13,123 - picamera2.picamera2 - [picamera2.py:1391] - DEBUG - Execute job: <picamera2.job.Job object at 0x7f597f2f90>
2026-06-25 00:22:13,127 - mazeUtils.device.camera - [camera.py:39] - DEBUG - Average HSV: H=121.6, S=71.8, V=60.2
2026-06-25 00:22:13,168 - mazeUtils.moveTile - [moveTile.py:79] - DEBUG - roll: 124.13 deg, practicalMoveTime: 0.933329397681141 sec
2026-06-25 00:22:13,168 - mazeUtils.moveTile - [moveTile.py:1803] - DEBUG - moveTile loop time: 54.9 ms
2026-06-25 00:22:13,173 - picamera2.picamera2 - [picamera2.py:1391] - DEBUG - Execute job: <picamera2.job.Job object at 0x7f6b4b36d0>
2026-06-25 00:22:13,176 - mazeUtils.device.camera - [camera.py:39] - DEBUG - Average HSV: H=122.5, S=71.5, V=60.1
2026-06-25 00:22:13,209 - mazeUtils.moveTile - [moveTile.py:79] - DEBUG - roll: 124.13 deg, practicalMoveTime: 0.9147993944970784 sec
2026-06-25 00:22:13,210 - mazeUtils.moveTile - [moveTile.py:1803] - DEBUG - moveTile loop time: 41.5 ms
2026-06-25 00:22:13,215 - picamera2.picamera2 - [picamera2.py:1391] - DEBUG - Execute job: <picamera2.job.Job object at 0x7f59076c50>
2026-06-25 00:22:13,218 - mazeUtils.device.camera - [camera.py:39] - DEBUG - Average HSV: H=122.4, S=71.8, V=60.3
2026-06-25 00:22:13,250 - mazeUtils.moveTile - [moveTile.py:79] - DEBUG - roll: 124.13999999999999 deg, practicalMoveTime: 0.8967034532684038 sec
2026-06-25 00:22:13,251 - mazeUtils.moveTile - [moveTile.py:1803] - DEBUG - moveTile loop time: 40.6 ms
2026-06-25 00:22:13,262 - picamera2.picamera2 - [picamera2.py:1391] - DEBUG - Execute job: <picamera2.job.Job object at 0x7f6b50c710>
2026-06-25 00:22:13,265 - mazeUtils.device.camera - [camera.py:39] - DEBUG - Average HSV: H=122.5, S=71.6, V=60.4
2026-06-25 00:22:13,306 - mazeUtils.moveTile - [moveTile.py:79] - DEBUG - roll: 124.13999999999999 deg, practicalMoveTime: 0.8720211565247253 sec
2026-06-25 00:22:13,306 - mazeUtils.moveTile - [moveTile.py:1803] - DEBUG - moveTile loop time: 55.2 ms
2026-06-25 00:22:13,311 - picamera2.picamera2 - [picamera2.py:1391] - DEBUG - Execute job: <picamera2.job.Job object at 0x7f597f2fd0>
2026-06-25 00:22:13,314 - mazeUtils.device.camera - [camera.py:39] - DEBUG - Average HSV: H=117.2, S=71.6, V=60.7
2026-06-25 00:22:13,348 - mazeUtils.moveTile - [moveTile.py:79] - DEBUG - roll: 124.15 deg, practicalMoveTime: 0.8534314565390779 sec
2026-06-25 00:22:13,348 - mazeUtils.moveTile - [moveTile.py:1803] - DEBUG - moveTile loop time: 41.7 ms
2026-06-25 00:22:13,353 - picamera2.picamera2 - [picamera2.py:1391] - DEBUG - Execute job: <picamera2.job.Job object at 0x7f6b4b36d0>
2026-06-25 00:22:13,356 - mazeUtils.device.camera - [camera.py:39] - DEBUG - Average HSV: H=118.8, S=71.7, V=61.0
2026-06-25 00:22:13,389 - mazeUtils.moveTile - [moveTile.py:79] - DEBUG - roll: 124.15 deg, practicalMoveTime: 0.8352472351494773 sec
2026-06-25 00:22:13,389 - mazeUtils.moveTile - [moveTile.py:1803] - DEBUG - moveTile loop time: 40.7 ms
2026-06-25 00:22:13,402 - picamera2.picamera2 - [picamera2.py:1391] - DEBUG - Execute job: <picamera2.job.Job object at 0x7f7d452490>
2026-06-25 00:22:13,405 - mazeUtils.device.camera - [camera.py:39] - DEBUG - Average HSV: H=113.0, S=71.7, V=62.0
2026-06-25 00:22:13,441 - mazeUtils.moveTile - [moveTile.py:79] - DEBUG - roll: 124.16 deg, practicalMoveTime: 0.8119867816111669 sec
2026-06-25 00:22:13,441 - mazeUtils.moveTile - [moveTile.py:1803] - DEBUG - moveTile loop time: 52.0 ms
2026-06-25 00:22:13,446 - picamera2.picamera2 - [picamera2.py:1391] - DEBUG - Execute job: <picamera2.job.Job object at 0x7f59076c10>
2026-06-25 00:22:13,450 - mazeUtils.device.camera - [camera.py:39] - DEBUG - Average HSV: H=112.2, S=71.4, V=62.2
2026-06-25 00:22:13,482 - mazeUtils.moveTile - [moveTile.py:79] - DEBUG - roll: 124.15 deg, practicalMoveTime: 0.7935928947125762 sec
2026-06-25 00:22:13,483 - mazeUtils.moveTile - [moveTile.py:1803] - DEBUG - moveTile loop time: 41.4 ms
2026-06-25 00:22:13,495 - picamera2.picamera2 - [picamera2.py:1391] - DEBUG - Execute job: <picamera2.job.Job object at 0x7f6b4b36d0>
2026-06-25 00:22:13,499 - mazeUtils.device.camera - [camera.py:39] - DEBUG - Average HSV: H=108.7, S=71.9, V=62.2
2026-06-25 00:22:13,543 - mazeUtils.moveTile - [moveTile.py:79] - DEBUG - roll: 124.15 deg, practicalMoveTime: 0.7665236918449835 sec
2026-06-25 00:22:13,543 - mazeUtils.moveTile - [moveTile.py:1803] - DEBUG - moveTile loop time: 60.5 ms
2026-06-25 00:22:13,549 - picamera2.picamera2 - [picamera2.py:1391] - DEBUG - Execute job: <picamera2.job.Job object at 0x7f6b503350>
2026-06-25 00:22:13,552 - mazeUtils.device.camera - [camera.py:39] - DEBUG - Average HSV: H=106.3, S=72.2, V=61.9
2026-06-25 00:22:13,585 - mazeUtils.moveTile - [moveTile.py:79] - DEBUG - roll: 124.16 deg, practicalMoveTime: 0.747868591125216 sec
2026-06-25 00:22:13,585 - mazeUtils.moveTile - [moveTile.py:1803] - DEBUG - moveTile loop time: 41.7 ms
2026-06-25 00:22:13,599 - picamera2.picamera2 - [picamera2.py:1391] - DEBUG - Execute job: <picamera2.job.Job object at 0x7f59076c50>
2026-06-25 00:22:13,602 - mazeUtils.device.camera - [camera.py:39] - DEBUG - Average HSV: H=102.7, S=73.0, V=62.0
2026-06-25 00:22:13,646 - mazeUtils.moveTile - [moveTile.py:79] - DEBUG - roll: 124.16999999999999 deg, practicalMoveTime: 0.7206687995682481 sec
2026-06-25 00:22:13,647 - mazeUtils.moveTile - [moveTile.py:1803] - DEBUG - moveTile loop time: 60.9 ms
2026-06-25 00:22:13,651 - picamera2.picamera2 - [picamera2.py:1391] - DEBUG - Execute job: <picamera2.job.Job object at 0x7f597f2f90>
2026-06-25 00:22:13,654 - mazeUtils.device.camera - [camera.py:39] - DEBUG - Average HSV: H=103.3, S=74.4, V=61.1
2026-06-25 00:22:13,687 - mazeUtils.moveTile - [moveTile.py:79] - DEBUG - roll: 124.16999999999999 deg, practicalMoveTime: 0.7023273910511157 sec
2026-06-25 00:22:13,688 - mazeUtils.moveTile - [moveTile.py:1803] - DEBUG - moveTile loop time: 41.0 ms
2026-06-25 00:22:13,693 - picamera2.picamera2 - [picamera2.py:1391] - DEBUG - Execute job: <picamera2.job.Job object at 0x7f6b4b36d0>
2026-06-25 00:22:13,696 - mazeUtils.device.camera - [camera.py:39] - DEBUG - Average HSV: H=97.9, S=75.4, V=60.4
2026-06-25 00:22:13,731 - mazeUtils.moveTile - [moveTile.py:79] - DEBUG - roll: 124.16999999999999 deg, practicalMoveTime: 0.6830495111717978 sec
2026-06-25 00:22:13,731 - mazeUtils.moveTile - [moveTile.py:1803] - DEBUG - moveTile loop time: 43.1 ms
2026-06-25 00:22:13,742 - picamera2.picamera2 - [picamera2.py:1391] - DEBUG - Execute job: <picamera2.job.Job object at 0x7f59076c90>
2026-06-25 00:22:13,745 - mazeUtils.device.camera - [camera.py:39] - DEBUG - Average HSV: H=94.9, S=76.7, V=59.5
2026-06-25 00:22:13,786 - mazeUtils.moveTile - [moveTile.py:79] - DEBUG - roll: 124.19 deg, practicalMoveTime: 0.6587107875426269 sec
2026-06-25 00:22:13,786 - mazeUtils.moveTile - [moveTile.py:1803] - DEBUG - moveTile loop time: 54.4 ms
2026-06-25 00:22:13,796 - picamera2.picamera2 - [picamera2.py:1391] - DEBUG - Execute job: <picamera2.job.Job object at 0x7f59076c50>
2026-06-25 00:22:13,799 - mazeUtils.device.camera - [camera.py:39] - DEBUG - Average HSV: H=98.2, S=77.0, V=60.2
2026-06-25 00:22:13,834 - mazeUtils.moveTile - [moveTile.py:79] - DEBUG - roll: 124.19 deg, practicalMoveTime: 0.6370760322839599 sec
2026-06-25 00:22:13,835 - mazeUtils.moveTile - [moveTile.py:1803] - DEBUG - moveTile loop time: 48.4 ms
2026-06-25 00:22:13,840 - picamera2.picamera2 - [picamera2.py:1391] - DEBUG - Execute job: <picamera2.job.Job object at 0x7f7d452490>
2026-06-25 00:22:13,844 - mazeUtils.device.camera - [camera.py:39] - DEBUG - Average HSV: H=92.8, S=76.5, V=60.6
2026-06-25 00:22:13,882 - mazeUtils.moveTile - [moveTile.py:79] - DEBUG - roll: 124.22 deg, practicalMoveTime: 0.6160131292777693 sec
2026-06-25 00:22:13,882 - mazeUtils.moveTile - [moveTile.py:1803] - DEBUG - moveTile loop time: 46.4 ms
2026-06-25 00:22:13,887 - picamera2.picamera2 - [picamera2.py:1391] - DEBUG - Execute job: <picamera2.job.Job object at 0x7f597f2f90>
2026-06-25 00:22:13,890 - mazeUtils.device.camera - [camera.py:39] - DEBUG - Average HSV: H=92.5, S=76.2, V=61.2
2026-06-25 00:22:13,935 - mazeUtils.moveTile - [moveTile.py:79] - DEBUG - roll: 123.75999999999999 deg, practicalMoveTime: 0.5922649927706228 sec
2026-06-25 00:22:13,935 - mazeUtils.moveTile - [moveTile.py:1803] - DEBUG - moveTile loop time: 53.2 ms
2026-06-25 00:22:13,946 - picamera2.picamera2 - [picamera2.py:1391] - DEBUG - Execute job: <picamera2.job.Job object at 0x7f6b50c710>
2026-06-25 00:22:13,949 - mazeUtils.device.camera - [camera.py:39] - DEBUG - Average HSV: H=99.2, S=83.7, V=54.6
2026-06-25 00:22:13,980 - mazeUtils.moveTile - [moveTile.py:79] - DEBUG - roll: 120.53 deg, practicalMoveTime: 0.5737066816021479 sec
2026-06-25 00:22:13,981 - mazeUtils.moveTile - [moveTile.py:1803] - DEBUG - moveTile loop time: 45.4 ms
2026-06-25 00:22:13,986 - picamera2.picamera2 - [picamera2.py:1391] - DEBUG - Execute job: <picamera2.job.Job object at 0x7f59076c10>
2026-06-25 00:22:13,990 - mazeUtils.device.camera - [camera.py:39] - DEBUG - Average HSV: H=99.8, S=100.3, V=43.2
2026-06-25 00:22:14,031 - mazeUtils.moveTile - [moveTile.py:79] - DEBUG - roll: 116.68 deg, practicalMoveTime: 0.5549416625678235 sec
2026-06-25 00:22:14,031 - mazeUtils.moveTile - [moveTile.py:1803] - DEBUG - moveTile loop time: 49.7 ms
2026-06-25 00:22:14,043 - picamera2.picamera2 - [picamera2.py:1391] - DEBUG - Execute job: <picamera2.job.Job object at 0x7f6b4b36d0>
2026-06-25 00:22:14,046 - mazeUtils.device.camera - [camera.py:39] - DEBUG - Average HSV: H=100.0, S=100.1, V=41.1
2026-06-25 00:22:14,089 - mazeUtils.moveTile - [moveTile.py:79] - DEBUG - roll: 109.32999999999998 deg, practicalMoveTime: 0.5369546727577074 sec
2026-06-25 00:22:14,089 - mazeUtils.moveTile - [moveTile.py:1803] - DEBUG - moveTile loop time: 57.8 ms
2026-06-25 00:22:14,094 - picamera2.picamera2 - [picamera2.py:1391] - DEBUG - Execute job: <picamera2.job.Job object at 0x7f6b503350>
2026-06-25 00:22:14,097 - mazeUtils.device.camera - [camera.py:39] - DEBUG - Average HSV: H=121.4, S=73.9, V=55.7
2026-06-25 00:22:14,129 - mazeUtils.moveTile - [moveTile.py:79] - DEBUG - roll: 102.46999999999997 deg, practicalMoveTime: 0.5296414491174766 sec
2026-06-25 00:22:14,129 - mazeUtils.moveTile - [moveTile.py:1803] - DEBUG - moveTile loop time: 39.7 ms
2026-06-25 00:22:14,141 - picamera2.picamera2 - [picamera2.py:1391] - DEBUG - Execute job: <picamera2.job.Job object at 0x7f597f2fd0>
2026-06-25 00:22:14,144 - mazeUtils.device.camera - [camera.py:39] - DEBUG - Average HSV: H=114.8, S=72.3, V=51.8
2026-06-25 00:22:14,182 - mazeUtils.moveTile - [moveTile.py:79] - DEBUG - roll: 95.94 deg, practicalMoveTime: 0.5238093078240801 sec
2026-06-25 00:22:14,182 - mazeUtils.moveTile - [moveTile.py:1803] - DEBUG - moveTile loop time: 52.5 ms
2026-06-25 00:22:14,187 - picamera2.picamera2 - [picamera2.py:1391] - DEBUG - Execute job: <picamera2.job.Job object at 0x7f59076c50>
2026-06-25 00:22:14,191 - mazeUtils.device.camera - [camera.py:39] - DEBUG - Average HSV: H=117.3, S=64.9, V=56.4
2026-06-25 00:22:14,229 - mazeUtils.moveTile - [moveTile.py:79] - DEBUG - roll: 94.06 deg, practicalMoveTime: 0.5209062439615774 sec
2026-06-25 00:22:14,229 - mazeUtils.moveTile - [moveTile.py:1803] - DEBUG - moveTile loop time: 47.0 ms
2026-06-25 00:22:14,240 - picamera2.picamera2 - [picamera2.py:1391] - DEBUG - Execute job: <picamera2.job.Job object at 0x7f59076c10>
2026-06-25 00:22:14,243 - mazeUtils.device.camera - [camera.py:39] - DEBUG - Average HSV: H=142.4, S=57.1, V=64.8
2026-06-25 00:22:14,288 - mazeUtils.moveTile - [moveTile.py:79] - DEBUG - roll: 90.19999999999999 deg, practicalMoveTime: 0.5196380378390223 sec
2026-06-25 00:22:14,288 - mazeUtils.moveTile - [moveTile.py:1803] - DEBUG - moveTile loop time: 58.5 ms
2026-06-25 00:22:14,293 - picamera2.picamera2 - [picamera2.py:1391] - DEBUG - Execute job: <picamera2.job.Job object at 0x7f7d452910>
2026-06-25 00:22:14,296 - mazeUtils.device.camera - [camera.py:39] - DEBUG - Average HSV: H=149.2, S=53.4, V=68.8
2026-06-25 00:22:14,327 - mazeUtils.moveTile - [moveTile.py:79] - DEBUG - roll: 88.88999999999999 deg, practicalMoveTime: 0.5200224872032655 sec
2026-06-25 00:22:14,328 - mazeUtils.moveTile - [moveTile.py:1803] - DEBUG - moveTile loop time: 39.7 ms
2026-06-25 00:22:14,339 - picamera2.picamera2 - [picamera2.py:1391] - DEBUG - Execute job: <picamera2.job.Job object at 0x7f6b50c710>
2026-06-25 00:22:14,343 - mazeUtils.device.camera - [camera.py:39] - DEBUG - Average HSV: H=161.6, S=46.8, V=75.0
2026-06-25 00:22:14,383 - mazeUtils.moveTile - [moveTile.py:79] - DEBUG - roll: 82.81 deg, practicalMoveTime: 0.5240620365074221 sec
2026-06-25 00:22:14,383 - mazeUtils.moveTile - [moveTile.py:1803] - DEBUG - moveTile loop time: 54.9 ms
2026-06-25 00:22:14,388 - picamera2.picamera2 - [picamera2.py:1391] - DEBUG - Execute job: <picamera2.job.Job object at 0x7f7d452910>
2026-06-25 00:22:14,391 - mazeUtils.device.camera - [camera.py:39] - DEBUG - Average HSV: H=148.9, S=70.7, V=66.1
2026-06-25 00:22:14,432 - mazeUtils.moveTile - [moveTile.py:79] - DEBUG - roll: 74.94999999999999 deg, practicalMoveTime: 0.5334339990560285 sec
2026-06-25 00:22:14,433 - mazeUtils.moveTile - [moveTile.py:1803] - DEBUG - moveTile loop time: 49.2 ms
2026-06-25 00:22:14,443 - picamera2.picamera2 - [picamera2.py:1391] - DEBUG - Execute job: <picamera2.job.Job object at 0x7f6b4b36d0>
2026-06-25 00:22:14,446 - mazeUtils.device.camera - [camera.py:39] - DEBUG - Average HSV: H=151.2, S=55.2, V=75.5
2026-06-25 00:22:14,481 - mazeUtils.moveTile - [moveTile.py:79] - DEBUG - roll: 61.24000000000001 deg, practicalMoveTime: 0.5501774442343882 sec
2026-06-25 00:22:14,482 - mazeUtils.moveTile - [moveTile.py:1803] - DEBUG - moveTile loop time: 48.6 ms
2026-06-25 00:22:14,487 - picamera2.picamera2 - [picamera2.py:1391] - DEBUG - Execute job: <picamera2.job.Job object at 0x7f7d452490>
2026-06-25 00:22:14,491 - mazeUtils.device.camera - [camera.py:39] - DEBUG - Average HSV: H=112.0, S=189.9, V=208.2
2026-06-25 00:22:14,540 - mazeUtils.moveTile - [moveTile.py:79] - DEBUG - roll: 49.25999999999999 deg, practicalMoveTime: 0.5779939179176546 sec
2026-06-25 00:22:14,540 - mazeUtils.moveTile - [moveTile.py:1803] - DEBUG - moveTile loop time: 58.3 ms
2026-06-25 00:22:14,546 - picamera2.picamera2 - [picamera2.py:1391] - DEBUG - Execute job: <picamera2.job.Job object at 0x7f7d452910>
2026-06-25 00:22:14,549 - mazeUtils.device.camera - [camera.py:39] - DEBUG - Average HSV: H=109.3, S=228.6, V=224.1
2026-06-25 00:22:14,584 - mazeUtils.moveTile - [moveTile.py:79] - DEBUG - roll: 36.870000000000005 deg, practicalMoveTime: 0.6046440300999386 sec
2026-06-25 00:22:14,584 - mazeUtils.moveTile - [moveTile.py:1803] - DEBUG - moveTile loop time: 43.7 ms
2026-06-25 00:22:14,589 - picamera2.picamera2 - [picamera2.py:1391] - DEBUG - Execute job: <picamera2.job.Job object at 0x7f7d452910>
2026-06-25 00:22:14,592 - mazeUtils.device.camera - [camera.py:39] - DEBUG - Average HSV: H=109.6, S=229.9, V=224.6
2026-06-25 00:22:14,625 - mazeUtils.moveTile - [moveTile.py:79] - DEBUG - roll: 29.269999999999982 deg, practicalMoveTime: 0.6329082980201243 sec
2026-06-25 00:22:14,626 - mazeUtils.moveTile - [moveTile.py:1803] - DEBUG - moveTile loop time: 41.4 ms
2026-06-25 00:22:14,631 - picamera2.picamera2 - [picamera2.py:1391] - DEBUG - Execute job: <picamera2.job.Job object at 0x7f7d452490>
2026-06-25 00:22:14,635 - mazeUtils.device.camera - [camera.py:39] - DEBUG - Average HSV: H=110.5, S=228.4, V=217.3
2026-06-25 00:22:14,676 - mazeUtils.moveTile - [moveTile.py:79] - DEBUG - roll: 23.829999999999984 deg, practicalMoveTime: 0.669508647631573 sec
2026-06-25 00:22:14,677 - mazeUtils.moveTile - [moveTile.py:1803] - DEBUG - moveTile loop time: 50.7 ms
2026-06-25 00:22:14,688 - picamera2.picamera2 - [picamera2.py:1391] - DEBUG - Execute job: <picamera2.job.Job object at 0x7f597f2f90>
2026-06-25 00:22:14,691 - mazeUtils.device.camera - [camera.py:39] - DEBUG - Average HSV: H=111.6, S=212.7, V=208.0
2026-06-25 00:22:14,720 - mazeUtils.moveTile - [moveTile.py:79] - DEBUG - roll: 19.55000000000001 deg, practicalMoveTime: 0.7022989942238617 sec
2026-06-25 00:22:14,721 - mazeUtils.moveTile - [moveTile.py:1803] - DEBUG - moveTile loop time: 43.8 ms
2026-06-25 00:22:14,726 - picamera2.picamera2 - [picamera2.py:1391] - DEBUG - Execute job: <picamera2.job.Job object at 0x7f597f2fd0>
2026-06-25 00:22:14,729 - mazeUtils.device.camera - [camera.py:39] - DEBUG - Average HSV: H=112.2, S=214.6, V=189.6
2026-06-25 00:22:14,767 - mazeUtils.moveTile - [moveTile.py:79] - DEBUG - roll: 17.569999999999993 deg, practicalMoveTime: 0.7373018425691099 sec
2026-06-25 00:22:14,767 - mazeUtils.moveTile - [moveTile.py:1803] - DEBUG - moveTile loop time: 46.2 ms
2026-06-25 00:22:14,780 - picamera2.picamera2 - [picamera2.py:1391] - DEBUG - Execute job: <picamera2.job.Job object at 0x7f7d452910>
2026-06-25 00:22:14,783 - mazeUtils.device.camera - [camera.py:39] - DEBUG - Average HSV: H=112.2, S=193.4, V=197.9
2026-06-25 00:22:14,821 - mazeUtils.moveTile - [moveTile.py:79] - DEBUG - roll: 16.649999999999977 deg, practicalMoveTime: 0.7788282174960798 sec
2026-06-25 00:22:14,822 - mazeUtils.moveTile - [moveTile.py:1803] - DEBUG - moveTile loop time: 54.4 ms
2026-06-25 00:22:14,827 - picamera2.picamera2 - [picamera2.py:1391] - DEBUG - Execute job: <picamera2.job.Job object at 0x7f7d452490>
2026-06-25 00:22:14,831 - mazeUtils.device.camera - [camera.py:39] - DEBUG - Average HSV: H=112.0, S=198.4, V=202.3
2026-06-25 00:22:14,866 - mazeUtils.moveTile - [moveTile.py:79] - DEBUG - roll: 17.579999999999984 deg, practicalMoveTime: 0.8123094450903467 sec
2026-06-25 00:22:14,866 - mazeUtils.moveTile - [moveTile.py:1803] - DEBUG - moveTile loop time: 44.1 ms
2026-06-25 00:22:14,874 - picamera2.picamera2 - [picamera2.py:1391] - DEBUG - Execute job: <picamera2.job.Job object at 0x7f6b4b36d0>
2026-06-25 00:22:14,877 - mazeUtils.device.camera - [camera.py:39] - DEBUG - Average HSV: H=111.9, S=202.0, V=204.6
2026-06-25 00:22:14,913 - mazeUtils.moveTile - [moveTile.py:79] - DEBUG - roll: 19.349999999999966 deg, practicalMoveTime: 0.8478744397658171 sec
2026-06-25 00:22:14,914 - mazeUtils.moveTile - [moveTile.py:1803] - DEBUG - moveTile loop time: 46.7 ms
2026-06-25 00:22:14,925 - picamera2.picamera2 - [picamera2.py:1391] - DEBUG - Execute job: <picamera2.job.Job object at 0x7f59076c10>
2026-06-25 00:22:14,929 - mazeUtils.device.camera - [camera.py:39] - DEBUG - Average HSV: H=110.9, S=202.2, V=209.2
2026-06-25 00:22:14,968 - mazeUtils.moveTile - [moveTile.py:79] - DEBUG - roll: 22.439999999999998 deg, practicalMoveTime: 0.8880365247293687 sec
2026-06-25 00:22:14,969 - mazeUtils.moveTile - [moveTile.py:1803] - DEBUG - moveTile loop time: 54.1 ms
2026-06-25 00:22:14,979 - picamera2.picamera2 - [picamera2.py:1391] - DEBUG - Execute job: <picamera2.job.Job object at 0x7f6b4b36d0>
2026-06-25 00:22:14,982 - mazeUtils.device.camera - [camera.py:39] - DEBUG - Average HSV: H=110.1, S=201.7, V=214.5
2026-06-25 00:22:15,017 - mazeUtils.moveTile - [moveTile.py:79] - DEBUG - roll: 25.610000000000014 deg, practicalMoveTime: 0.9229742291327612 sec
2026-06-25 00:22:15,017 - mazeUtils.moveTile - [moveTile.py:1803] - DEBUG - moveTile loop time: 48.4 ms
2026-06-25 00:22:15,023 - picamera2.picamera2 - [picamera2.py:1391] - DEBUG - Execute job: <picamera2.job.Job object at 0x7f6b51c410>
2026-06-25 00:22:15,026 - mazeUtils.device.camera - [camera.py:39] - DEBUG - Average HSV: H=110.0, S=210.3, V=219.2
2026-06-25 00:22:15,058 - mazeUtils.moveTile - [moveTile.py:79] - DEBUG - roll: 28.00999999999999 deg, practicalMoveTime: 0.9520034703472393 sec
2026-06-25 00:22:15,059 - mazeUtils.moveTile - [moveTile.py:1803] - DEBUG - moveTile loop time: 41.4 ms
2026-06-25 00:22:15,064 - picamera2.picamera2 - [picamera2.py:1391] - DEBUG - Execute job: <picamera2.job.Job object at 0x7f59076c50>
2026-06-25 00:22:15,067 - mazeUtils.device.camera - [camera.py:39] - DEBUG - Average HSV: H=109.5, S=219.5, V=224.5
2026-06-25 00:22:15,105 - mazeUtils.moveTile - [moveTile.py:79] - DEBUG - roll: 30.920000000000016 deg, practicalMoveTime: 0.9839581056151488 sec
2026-06-25 00:22:15,106 - mazeUtils.moveTile - [moveTile.py:1803] - DEBUG - moveTile loop time: 46.3 ms
2026-06-25 00:22:15,111 - picamera2.picamera2 - [picamera2.py:1391] - DEBUG - Execute job: <picamera2.job.Job object at 0x7f7d452490>
2026-06-25 00:22:15,114 - mazeUtils.device.camera - [camera.py:39] - DEBUG - Average HSV: H=108.8, S=220.2, V=228.1
2026-06-25 00:22:15,152 - mazeUtils.moveTile - [moveTile.py:79] - DEBUG - roll: 28.930000000000007 deg, practicalMoveTime: 1.015760284359308 sec
2026-06-25 00:22:15,152 - mazeUtils.moveTile - [moveTile.py:1803] - DEBUG - moveTile loop time: 46.3 ms
2026-06-25 00:22:15,158 - picamera2.picamera2 - [picamera2.py:1391] - DEBUG - Execute job: <picamera2.job.Job object at 0x7f59076c90>
2026-06-25 00:22:15,161 - mazeUtils.device.camera - [camera.py:39] - DEBUG - Average HSV: H=107.9, S=222.0, V=231.4
2026-06-25 00:22:15,198 - mazeUtils.moveTile - [moveTile.py:79] - DEBUG - roll: 27.0 deg, practicalMoveTime: 1.048550926181594 sec
2026-06-25 00:22:15,199 - mazeUtils.moveTile - [moveTile.py:1803] - DEBUG - moveTile loop time: 45.9 ms
2026-06-25 00:22:15,212 - picamera2.picamera2 - [picamera2.py:1391] - DEBUG - Execute job: <picamera2.job.Job object at 0x7f597f2f90>
2026-06-25 00:22:15,215 - mazeUtils.device.camera - [camera.py:39] - DEBUG - Average HSV: H=107.3, S=230.2, V=235.4
2026-06-25 00:22:15,257 - mazeUtils.moveTile - [moveTile.py:79] - DEBUG - roll: 27.269999999999982 deg, practicalMoveTime: 1.0901153671870276 sec
2026-06-25 00:22:15,258 - mazeUtils.moveTile - [moveTile.py:1803] - DEBUG - moveTile loop time: 58.5 ms
2026-06-25 00:22:15,263 - picamera2.picamera2 - [picamera2.py:1391] - DEBUG - Execute job: <picamera2.job.Job object at 0x7f6b4b36d0>
2026-06-25 00:22:15,265 - mazeUtils.device.camera - [camera.py:39] - DEBUG - Average HSV: H=107.1, S=237.8, V=238.6
2026-06-25 00:22:15,303 - mazeUtils.moveTile - [moveTile.py:79] - DEBUG - roll: 28.019999999999982 deg, practicalMoveTime: 1.122084074344274 sec
2026-06-25 00:22:15,304 - mazeUtils.moveTile - [moveTile.py:1803] - DEBUG - moveTile loop time: 46.0 ms
2026-06-25 00:22:15,315 - picamera2.picamera2 - [picamera2.py:1391] - DEBUG - Execute job: <picamera2.job.Job object at 0x7f7d452490>
2026-06-25 00:22:15,318 - mazeUtils.device.camera - [camera.py:39] - DEBUG - Average HSV: H=106.8, S=245.7, V=240.9
2026-06-25 00:22:15,353 - mazeUtils.moveTile - [moveTile.py:79] - DEBUG - roll: 26.24000000000001 deg, practicalMoveTime: 1.1569256038728746 sec
2026-06-25 00:22:15,353 - mazeUtils.moveTile - [moveTile.py:1803] - DEBUG - moveTile loop time: 48.7 ms
2026-06-25 00:22:15,358 - picamera2.picamera2 - [picamera2.py:1391] - DEBUG - Execute job: <picamera2.job.Job object at 0x7f597f2f90>
2026-06-25 00:22:15,361 - mazeUtils.device.camera - [camera.py:39] - DEBUG - Average HSV: H=106.7, S=251.2, V=239.5
2026-06-25 00:22:15,398 - mazeUtils.moveTile - [moveTile.py:79] - DEBUG - roll: 27.25 deg, practicalMoveTime: 1.1888082613883821 sec
2026-06-25 00:22:15,398 - mazeUtils.moveTile - [moveTile.py:1803] - DEBUG - moveTile loop time: 44.9 ms
2026-06-25 00:22:15,411 - picamera2.picamera2 - [picamera2.py:1391] - DEBUG - Execute job: <picamera2.job.Job object at 0x7f59076c50>
2026-06-25 00:22:15,415 - mazeUtils.device.camera - [camera.py:39] - DEBUG - Average HSV: H=108.3, S=250.0, V=229.5
2026-06-25 00:22:15,458 - mazeUtils.moveTile - [moveTile.py:79] - DEBUG - roll: 26.95999999999998 deg, practicalMoveTime: 1.2308207526037709 sec
2026-06-25 00:22:15,458 - mazeUtils.moveTile - [moveTile.py:1803] - DEBUG - moveTile loop time: 59.2 ms
2026-06-25 00:22:15,463 - picamera2.picamera2 - [picamera2.py:1391] - DEBUG - Execute job: <picamera2.job.Job object at 0x7f6b4b36d0>
2026-06-25 00:22:15,466 - mazeUtils.device.camera - [camera.py:39] - DEBUG - Average HSV: H=107.4, S=254.7, V=236.0
2026-06-25 00:22:15,498 - mazeUtils.moveTile - [moveTile.py:79] - DEBUG - roll: 26.79000000000002 deg, practicalMoveTime: 1.2594461551460174 sec
2026-06-25 00:22:15,499 - mazeUtils.moveTile - [moveTile.py:1803] - DEBUG - moveTile loop time: 40.3 ms
2026-06-25 00:22:15,510 - picamera2.picamera2 - [picamera2.py:1391] - DEBUG - Execute job: <picamera2.job.Job object at 0x7f597f2f90>
2026-06-25 00:22:15,514 - mazeUtils.device.camera - [camera.py:39] - DEBUG - Average HSV: H=107.6, S=254.9, V=235.4
2026-06-25 00:22:15,545 - mazeUtils.moveTile - [moveTile.py:79] - DEBUG - roll: 28.360000000000014 deg, practicalMoveTime: 1.292212199054573 sec
2026-06-25 00:22:15,546 - mazeUtils.moveTile - [moveTile.py:1803] - DEBUG - moveTile loop time: 46.8 ms
2026-06-25 00:22:15,551 - picamera2.picamera2 - [picamera2.py:1391] - DEBUG - Execute job: <picamera2.job.Job object at 0x7f6b51c410>
2026-06-25 00:22:15,555 - mazeUtils.device.camera - [camera.py:39] - DEBUG - Average HSV: H=108.1, S=255.0, V=232.0
2026-06-25 00:22:15,595 - mazeUtils.moveTile - [moveTile.py:79] - DEBUG - roll: 26.439999999999998 deg, practicalMoveTime: 1.3276811673019253 sec
2026-06-25 00:22:15,596 - mazeUtils.moveTile - [moveTile.py:1803] - DEBUG - moveTile loop time: 50.0 ms
2026-06-25 00:22:15,601 - picamera2.picamera2 - [picamera2.py:1391] - DEBUG - Execute job: <picamera2.job.Job object at 0x7f597f2fd0>
2026-06-25 00:22:15,604 - mazeUtils.device.camera - [camera.py:39] - DEBUG - Average HSV: H=109.0, S=254.8, V=219.7
2026-06-25 00:22:15,637 - mazeUtils.moveTile - [moveTile.py:79] - DEBUG - roll: 27.46999999999997 deg, practicalMoveTime: 1.357114701670144 sec
2026-06-25 00:22:15,638 - mazeUtils.moveTile - [moveTile.py:1803] - DEBUG - moveTile loop time: 42.1 ms
2026-06-25 00:22:15,650 - picamera2.picamera2 - [picamera2.py:1391] - DEBUG - Execute job: <picamera2.job.Job object at 0x7f6b4b36d0>
2026-06-25 00:22:15,655 - mazeUtils.device.camera - [camera.py:39] - DEBUG - Average HSV: H=110.3, S=244.9, V=197.5
2026-06-25 00:22:15,695 - mazeUtils.moveTile - [moveTile.py:79] - DEBUG - roll: 27.860000000000014 deg, practicalMoveTime: 1.396904084356944 sec
2026-06-25 00:22:15,696 - mazeUtils.moveTile - [moveTile.py:1803] - DEBUG - moveTile loop time: 56.6 ms
2026-06-25 00:22:15,701 - picamera2.picamera2 - [picamera2.py:1391] - DEBUG - Execute job: <picamera2.job.Job object at 0x7f7d452490>
2026-06-25 00:22:15,706 - mazeUtils.device.camera - [camera.py:39] - DEBUG - Average HSV: H=112.7, S=232.2, V=149.4
2026-06-25 00:22:15,749 - mazeUtils.moveTile - [moveTile.py:79] - DEBUG - roll: 28.50999999999999 deg, practicalMoveTime: 1.4351881058077196 sec
2026-06-25 00:22:15,750 - mazeUtils.moveTile - [moveTile.py:1803] - DEBUG - moveTile loop time: 54.1 ms
2026-06-25 00:22:15,761 - picamera2.picamera2 - [picamera2.py:1391] - DEBUG - Execute job: <picamera2.job.Job object at 0x7f597f2fd0>
2026-06-25 00:22:15,765 - mazeUtils.device.camera - [camera.py:39] - DEBUG - Average HSV: H=111.9, S=229.1, V=154.5
2026-06-25 00:22:15,803 - mazeUtils.moveTile - [moveTile.py:79] - DEBUG - roll: 35.120000000000005 deg, practicalMoveTime: 1.470638721812643 sec
2026-06-25 00:22:15,804 - mazeUtils.moveTile - [moveTile.py:1803] - DEBUG - moveTile loop time: 53.2 ms
2026-06-25 00:22:15,816 - picamera2.picamera2 - [picamera2.py:1391] - DEBUG - Execute job: <picamera2.job.Job object at 0x7f6b50c710>
2026-06-25 00:22:15,821 - mazeUtils.device.camera - [camera.py:39] - DEBUG - Average HSV: H=110.7, S=233.2, V=181.8
2026-06-25 00:22:15,861 - mazeUtils.moveTile - [moveTile.py:79] - DEBUG - roll: 42.099999999999966 deg, practicalMoveTime: 1.505358277934276 sec
2026-06-25 00:22:15,862 - mazeUtils.moveTile - [moveTile.py:1803] - DEBUG - moveTile loop time: 57.2 ms
2026-06-25 00:22:15,867 - picamera2.picamera2 - [picamera2.py:1391] - DEBUG - Execute job: <picamera2.job.Job object at 0x7f59076c90>
2026-06-25 00:22:15,872 - mazeUtils.device.camera - [camera.py:39] - DEBUG - Average HSV: H=109.4, S=239.7, V=200.6
2026-06-25 00:22:15,917 - mazeUtils.moveTile - [moveTile.py:79] - DEBUG - roll: 50.129999999999995 deg, practicalMoveTime: 1.535109012173337 sec
2026-06-25 00:22:15,917 - mazeUtils.moveTile - [moveTile.py:1803] - DEBUG - moveTile loop time: 55.4 ms
2026-06-25 00:22:15,929 - picamera2.picamera2 - [picamera2.py:1391] - DEBUG - Execute job: <picamera2.job.Job object at 0x7f59076c50>
2026-06-25 00:22:15,933 - mazeUtils.device.camera - [camera.py:39] - DEBUG - Average HSV: H=100.2, S=236.1, V=252.1
2026-06-25 00:22:15,976 - mazeUtils.moveTile - [moveTile.py:79] - DEBUG - roll: 59.18000000000001 deg, practicalMoveTime: 1.5615636674195879 sec
2026-06-25 00:22:15,977 - mazeUtils.moveTile - [moveTile.py:1803] - DEBUG - moveTile loop time: 59.0 ms
2026-06-25 00:22:15,989 - picamera2.picamera2 - [picamera2.py:1391] - DEBUG - Execute job: <picamera2.job.Job object at 0x7f59076c10>
2026-06-25 00:22:15,993 - mazeUtils.device.camera - [camera.py:39] - DEBUG - Average HSV: H=107.5, S=236.3, V=227.1
2026-06-25 00:22:16,034 - mazeUtils.moveTile - [moveTile.py:79] - DEBUG - roll: 63.19999999999999 deg, practicalMoveTime: 1.5835264411587993 sec
2026-06-25 00:22:16,034 - mazeUtils.moveTile - [moveTile.py:1803] - DEBUG - moveTile loop time: 57.0 ms
2026-06-25 00:22:16,040 - picamera2.picamera2 - [picamera2.py:1391] - DEBUG - Execute job: <picamera2.job.Job object at 0x7f59076c50>
2026-06-25 00:22:16,044 - mazeUtils.device.camera - [camera.py:39] - DEBUG - Average HSV: H=117.4, S=144.2, V=131.4
2026-06-25 00:22:16,087 - mazeUtils.moveTile - [moveTile.py:79] - DEBUG - roll: 68.55000000000001 deg, practicalMoveTime: 1.6003201769230093 sec
2026-06-25 00:22:16,087 - mazeUtils.moveTile - [moveTile.py:1803] - DEBUG - moveTile loop time: 52.8 ms
2026-06-25 00:22:16,092 - picamera2.picamera2 - [picamera2.py:1391] - DEBUG - Execute job: <picamera2.job.Job object at 0x7f6b50c710>
2026-06-25 00:22:16,097 - mazeUtils.device.camera - [camera.py:39] - DEBUG - Average HSV: H=119.6, S=119.5, V=116.1
2026-06-25 00:22:16,146 - picamera2.picamera2 - [picamera2.py:1391] - DEBUG - Execute job: <picamera2.job.Job object at 0x7f7d452910>
2026-06-25 00:22:16,150 - mazeUtils.device.camera - [camera.py:39] - DEBUG - Average HSV: H=122.4, S=103.6, V=103.6
2026-06-25 00:22:16,189 - mazeUtils.moveTile - [moveTile.py:79] - DEBUG - roll: 80.49000000000001 deg, practicalMoveTime: 1.6162132915128398 sec
2026-06-25 00:22:16,189 - mazeUtils.moveTile - [moveTile.py:1803] - DEBUG - moveTile loop time: 56.6 ms
2026-06-25 00:22:16,195 - picamera2.picamera2 - [picamera2.py:1391] - DEBUG - Execute job: <picamera2.job.Job object at 0x7f59076c10>
2026-06-25 00:22:16,199 - mazeUtils.device.camera - [camera.py:39] - DEBUG - Average HSV: H=124.4, S=94.6, V=96.7
2026-06-25 00:22:16,236 - mazeUtils.moveTile - [moveTile.py:79] - DEBUG - roll: 82.51999999999998 deg, practicalMoveTime: 1.6209987609213967 sec
2026-06-25 00:22:16,236 - mazeUtils.moveTile - [moveTile.py:1803] - DEBUG - moveTile loop time: 46.9 ms
2026-06-25 00:22:16,247 - picamera2.picamera2 - [picamera2.py:1391] - DEBUG - Execute job: <picamera2.job.Job object at 0x7f7d452490>
2026-06-25 00:22:16,252 - mazeUtils.device.camera - [camera.py:39] - DEBUG - Average HSV: H=124.8, S=93.3, V=93.6
2026-06-25 00:22:16,292 - mazeUtils.moveTile - [moveTile.py:79] - DEBUG - roll: 71.19 deg, practicalMoveTime: 1.629880628866068 sec
2026-06-25 00:22:16,293 - mazeUtils.moveTile - [moveTile.py:1803] - DEBUG - moveTile loop time: 56.2 ms
2026-06-25 00:22:16,303 - picamera2.picamera2 - [picamera2.py:1391] - DEBUG - Execute job: <picamera2.job.Job object at 0x7f59076c10>
2026-06-25 00:22:16,308 - mazeUtils.device.camera - [camera.py:39] - DEBUG - Average HSV: H=118.5, S=130.3, V=118.4
2026-06-25 00:22:16,341 - mazeUtils.moveTile - [moveTile.py:79] - DEBUG - roll: 53.01999999999998 deg, practicalMoveTime: 1.650680144012043 sec
2026-06-25 00:22:16,342 - mazeUtils.moveTile - [moveTile.py:1803] - DEBUG - moveTile loop time: 48.6 ms
2026-06-25 00:22:16,348 - picamera2.picamera2 - [picamera2.py:1391] - DEBUG - Execute job: <picamera2.job.Job object at 0x7f6b503350>
2026-06-25 00:22:16,354 - mazeUtils.device.camera - [camera.py:39] - DEBUG - Average HSV: H=116.4, S=155.5, V=133.0
2026-06-25 00:22:16,388 - mazeUtils.moveTile - [moveTile.py:79] - DEBUG - roll: 37.48000000000002 deg, practicalMoveTime: 1.6789677416987547 sec
2026-06-25 00:22:16,389 - mazeUtils.moveTile - [moveTile.py:1803] - DEBUG - moveTile loop time: 46.0 ms
2026-06-25 00:22:16,401 - picamera2.picamera2 - [picamera2.py:1391] - DEBUG - Execute job: <picamera2.job.Job object at 0x7f6b50c710>
2026-06-25 00:22:16,407 - mazeUtils.device.camera - [camera.py:39] - DEBUG - Average HSV: H=108.6, S=243.3, V=218.9
2026-06-25 00:22:16,445 - mazeUtils.moveTile - [moveTile.py:79] - DEBUG - roll: 22.129999999999995 deg, practicalMoveTime: 1.7187703709010325 sec
2026-06-25 00:22:16,446 - mazeUtils.moveTile - [moveTile.py:1803] - DEBUG - moveTile loop time: 57.0 ms
2026-06-25 00:22:16,457 - picamera2.picamera2 - [picamera2.py:1391] - DEBUG - Execute job: <picamera2.job.Job object at 0x7f59076c10>
2026-06-25 00:22:16,462 - mazeUtils.device.camera - [camera.py:39] - DEBUG - Average HSV: H=110.5, S=224.9, V=210.6
2026-06-25 00:22:16,496 - mazeUtils.moveTile - [moveTile.py:79] - DEBUG - roll: 13.21999999999997 deg, practicalMoveTime: 1.7570084436895321 sec
2026-06-25 00:22:16,496 - mazeUtils.moveTile - [moveTile.py:1803] - DEBUG - moveTile loop time: 49.9 ms
2026-06-25 00:22:16,505 - picamera2.picamera2 - [picamera2.py:1391] - DEBUG - Execute job: <picamera2.job.Job object at 0x7f597f2fd0>
2026-06-25 00:22:16,511 - mazeUtils.device.camera - [camera.py:39] - DEBUG - Average HSV: H=112.7, S=197.3, V=190.3
2026-06-25 00:22:16,554 - mazeUtils.moveTile - [moveTile.py:79] - DEBUG - roll: 11.560000000000002 deg, practicalMoveTime: 1.8020268765766783 sec
2026-06-25 00:22:16,556 - mazeUtils.moveTile - [moveTile.py:1803] - DEBUG - moveTile loop time: 59.1 ms
2026-06-25 00:22:16,561 - picamera2.picamera2 - [picamera2.py:1391] - DEBUG - Execute job: <picamera2.job.Job object at 0x7f6b4b36d0>
2026-06-25 00:22:16,566 - mazeUtils.device.camera - [camera.py:39] - DEBUG - Average HSV: H=115.6, S=175.5, V=153.6
2026-06-25 00:22:16,602 - mazeUtils.moveTile - [moveTile.py:79] - DEBUG - roll: 10.29000000000002 deg, practicalMoveTime: 1.8383845409013018 sec
2026-06-25 00:22:16,603 - mazeUtils.moveTile - [moveTile.py:1803] - DEBUG - moveTile loop time: 46.4 ms
2026-06-25 00:22:16,611 - picamera2.picamera2 - [picamera2.py:1391] - DEBUG - Execute job: <picamera2.job.Job object at 0x7f7d452910>
2026-06-25 00:22:16,616 - mazeUtils.device.camera - [camera.py:39] - DEBUG - Average HSV: H=114.7, S=174.5, V=161.6
2026-06-25 00:22:16,654 - mazeUtils.moveTile - [moveTile.py:79] - DEBUG - roll: 11.0 deg, practicalMoveTime: 1.8780791939323456 sec
2026-06-25 00:22:16,654 - mazeUtils.moveTile - [moveTile.py:1803] - DEBUG - moveTile loop time: 50.6 ms
2026-06-25 00:22:16,659 - picamera2.picamera2 - [picamera2.py:1391] - DEBUG - Execute job: <picamera2.job.Job object at 0x7f6b51c410>
2026-06-25 00:22:16,663 - mazeUtils.device.camera - [camera.py:39] - DEBUG - Average HSV: H=118.1, S=143.4, V=125.4
2026-06-25 00:22:16,700 - mazeUtils.moveTile - [moveTile.py:79] - DEBUG - roll: 11.949999999999989 deg, practicalMoveTime: 1.9139144345634314 sec
2026-06-25 00:22:16,701 - mazeUtils.moveTile - [moveTile.py:1803] - DEBUG - moveTile loop time: 45.8 ms
2026-06-25 00:22:16,713 - picamera2.picamera2 - [picamera2.py:1391] - DEBUG - Execute job: <picamera2.job.Job object at 0x7f6b4b36d0>
2026-06-25 00:22:16,717 - mazeUtils.device.camera - [camera.py:39] - DEBUG - Average HSV: H=135.2, S=75.0, V=58.7
2026-06-25 00:22:16,752 - mazeUtils.moveTile - [moveTile.py:79] - DEBUG - roll: 12.990000000000009 deg, practicalMoveTime: 1.9535791663624098 sec
2026-06-25 00:22:16,752 - mazeUtils.moveTile - [moveTile.py:1803] - DEBUG - moveTile loop time: 51.2 ms
2026-06-25 00:22:16,761 - picamera2.picamera2 - [picamera2.py:1391] - DEBUG - Execute job: <picamera2.job.Job object at 0x7f7d452490>
2026-06-25 00:22:16,765 - mazeUtils.device.camera - [camera.py:39] - DEBUG - Average HSV: H=122.9, S=100.3, V=96.6
2026-06-25 00:22:16,808 - mazeUtils.moveTile - [moveTile.py:79] - DEBUG - roll: 12.95999999999998 deg, practicalMoveTime: 1.9970801130568288 sec
2026-06-25 00:22:16,809 - mazeUtils.moveTile - [moveTile.py:1803] - DEBUG - moveTile loop time: 56.1 ms
2026-06-25 00:22:16,813 - picamera2.picamera2 - [picamera2.py:1391] - DEBUG - Execute job: <picamera2.job.Job object at 0x7f59076c90>
2026-06-25 00:22:16,818 - mazeUtils.device.camera - [camera.py:39] - DEBUG - Average HSV: H=125.4, S=93.5, V=74.7
2026-06-25 00:22:16,861 - mazeUtils.moveTile - [moveTile.py:79] - DEBUG - roll: 12.21999999999997 deg, practicalMoveTime: 2.0375626335810755 sec
2026-06-25 00:22:16,861 - mazeUtils.moveTile - [moveTile.py:1803] - DEBUG - moveTile loop time: 52.1 ms
2026-06-25 00:22:16,868 - picamera2.picamera2 - [picamera2.py:1391] - DEBUG - Execute job: <picamera2.job.Job object at 0x7f59076c10>
2026-06-25 00:22:16,872 - mazeUtils.device.camera - [camera.py:39] - DEBUG - Average HSV: H=124.9, S=88.2, V=83.5
2026-06-25 00:22:16,910 - mazeUtils.moveTile - [moveTile.py:79] - DEBUG - roll: 11.199999999999989 deg, practicalMoveTime: 2.0754047501970305 sec
2026-06-25 00:22:16,910 - mazeUtils.moveTile - [moveTile.py:1803] - DEBUG - moveTile loop time: 48.5 ms
2026-06-25 00:22:16,921 - picamera2.picamera2 - [picamera2.py:1391] - DEBUG - Execute job: <picamera2.job.Job object at 0x7f59076c10>
2026-06-25 00:22:16,926 - mazeUtils.device.camera - [camera.py:39] - DEBUG - Average HSV: H=125.0, S=85.1, V=80.3
2026-06-25 00:22:16,959 - mazeUtils.moveTile - [moveTile.py:79] - DEBUG - roll: 10.990000000000009 deg, practicalMoveTime: 2.1135213879560975 sec
2026-06-25 00:22:16,960 - mazeUtils.moveTile - [moveTile.py:1803] - DEBUG - moveTile loop time: 49.8 ms
2026-06-25 00:22:16,967 - picamera2.picamera2 - [picamera2.py:1391] - DEBUG - Execute job: <picamera2.job.Job object at 0x7f59076c50>
2026-06-25 00:22:16,971 - mazeUtils.device.camera - [camera.py:39] - DEBUG - Average HSV: H=125.2, S=84.4, V=78.1
2026-06-25 00:22:17,010 - mazeUtils.moveTile - [moveTile.py:79] - DEBUG - roll: 11.060000000000002 deg, practicalMoveTime: 2.1526854819112047 sec
2026-06-25 00:22:17,011 - mazeUtils.moveTile - [moveTile.py:1803] - DEBUG - moveTile loop time: 49.8 ms
2026-06-25 00:22:17,015 - picamera2.picamera2 - [picamera2.py:1391] - DEBUG - Execute job: <picamera2.job.Job object at 0x7f6b50c710>
2026-06-25 00:22:17,021 - mazeUtils.device.camera - [camera.py:39] - DEBUG - Average HSV: H=120.8, S=96.5, V=68.2
2026-06-25 00:22:17,058 - mazeUtils.moveTile - [moveTile.py:79] - DEBUG - roll: 11.449999999999989 deg, practicalMoveTime: 2.189426601615134 sec
2026-06-25 00:22:17,059 - mazeUtils.moveTile - [moveTile.py:1803] - DEBUG - moveTile loop time: 47.0 ms
2026-06-25 00:22:17,063 - picamera2.picamera2 - [picamera2.py:1391] - DEBUG - Execute job: <picamera2.job.Job object at 0x7f597f2f90>
2026-06-25 00:22:17,069 - mazeUtils.device.camera - [camera.py:39] - DEBUG - Average HSV: H=116.6, S=117.6, V=56.8
2026-06-25 00:22:17,106 - mazeUtils.moveTile - [moveTile.py:79] - DEBUG - roll: 12.170000000000016 deg, practicalMoveTime: 2.22647201547252 sec
2026-06-25 00:22:17,107 - mazeUtils.moveTile - [moveTile.py:1803] - DEBUG - moveTile loop time: 47.5 ms
2026-06-25 00:22:17,118 - picamera2.picamera2 - [picamera2.py:1391] - DEBUG - Execute job: <picamera2.job.Job object at 0x7f6b50c710>
2026-06-25 00:22:17,122 - mazeUtils.device.camera - [camera.py:39] - DEBUG - Average HSV: H=110.7, S=139.7, V=44.1
2026-06-25 00:22:17,160 - mazeUtils.moveTile - [moveTile.py:79] - DEBUG - roll: 12.990000000000009 deg, practicalMoveTime: 2.268496671066949 sec
2026-06-25 00:22:17,161 - mazeUtils.moveTile - [moveTile.py:1803] - DEBUG - moveTile loop time: 54.2 ms
2026-06-25 00:22:17,166 - picamera2.picamera2 - [picamera2.py:1391] - DEBUG - Execute job: <picamera2.job.Job object at 0x7f59076c50>
2026-06-25 00:22:17,170 - mazeUtils.device.camera - [camera.py:39] - DEBUG - Average HSV: H=109.0, S=149.5, V=35.9
2026-06-25 00:22:17,218 - mazeUtils.moveTile - [moveTile.py:79] - DEBUG - roll: 13.589999999999975 deg, practicalMoveTime: 2.3128878722626864 sec
2026-06-25 00:22:17,219 - mazeUtils.moveTile - [moveTile.py:1803] - DEBUG - moveTile loop time: 57.2 ms
2026-06-25 00:22:17,230 - picamera2.picamera2 - [picamera2.py:1391] - DEBUG - Execute job: <picamera2.job.Job object at 0x7f597f2f90>
2026-06-25 00:22:17,234 - mazeUtils.device.camera - [camera.py:39] - DEBUG - Average HSV: H=111.8, S=138.3, V=33.2
2026-06-25 00:22:17,270 - mazeUtils.moveTile - [moveTile.py:79] - DEBUG - roll: 14.04000000000002 deg, practicalMoveTime: 2.352627347556933 sec
2026-06-25 00:22:17,271 - mazeUtils.moveTile - [moveTile.py:1803] - DEBUG - moveTile loop time: 51.5 ms
2026-06-25 00:22:17,275 - picamera2.picamera2 - [picamera2.py:1391] - DEBUG - Execute job: <picamera2.job.Job object at 0x7f6b50c710>
2026-06-25 00:22:17,280 - mazeUtils.device.camera - [camera.py:39] - DEBUG - Average HSV: H=118.6, S=118.0, V=37.2
2026-06-25 00:22:17,318 - mazeUtils.moveTile - [moveTile.py:79] - DEBUG - roll: 14.310000000000002 deg, practicalMoveTime: 2.389070357632432 sec
2026-06-25 00:22:17,318 - mazeUtils.moveTile - [moveTile.py:1803] - DEBUG - moveTile loop time: 47.2 ms
2026-06-25 00:22:17,323 - picamera2.picamera2 - [picamera2.py:1391] - DEBUG - Execute job: <picamera2.job.Job object at 0x7f6b51c410>
2026-06-25 00:22:17,329 - mazeUtils.device.camera - [camera.py:39] - DEBUG - Average HSV: H=127.6, S=86.1, V=48.7
2026-06-25 00:22:17,365 - mazeUtils.moveTile - [moveTile.py:79] - DEBUG - roll: 14.319999999999993 deg, practicalMoveTime: 2.425519157784935 sec
2026-06-25 00:22:17,366 - mazeUtils.moveTile - [moveTile.py:1803] - DEBUG - moveTile loop time: 47.3 ms
2026-06-25 00:22:17,372 - picamera2.picamera2 - [picamera2.py:1391] - DEBUG - Execute job: <picamera2.job.Job object at 0x7f7d452910>
2026-06-25 00:22:17,376 - mazeUtils.device.camera - [camera.py:39] - DEBUG - Average HSV: H=127.5, S=86.6, V=49.3
2026-06-25 00:22:17,424 - picamera2.picamera2 - [picamera2.py:1391] - DEBUG - Execute job: <picamera2.job.Job object at 0x7f6b50c710>
2026-06-25 00:22:17,429 - mazeUtils.device.camera - [camera.py:39] - DEBUG - Average HSV: H=127.9, S=85.0, V=49.0
2026-06-25 00:22:17,464 - mazeUtils.moveTile - [moveTile.py:79] - DEBUG - roll: 16.430000000000007 deg, practicalMoveTime: 2.5010841260755994 sec
2026-06-25 00:22:17,465 - mazeUtils.moveTile - [moveTile.py:1803] - DEBUG - moveTile loop time: 47.6 ms
2026-06-25 00:22:17,478 - picamera2.picamera2 - [picamera2.py:1391] - DEBUG - Execute job: <picamera2.job.Job object at 0x7f7d452910>
2026-06-25 00:22:17,483 - mazeUtils.device.camera - [camera.py:39] - DEBUG - Average HSV: H=128.0, S=86.3, V=48.5
2026-06-25 00:22:17,521 - mazeUtils.moveTile - [moveTile.py:79] - DEBUG - roll: 18.639999999999986 deg, practicalMoveTime: 2.543187836072189 sec
2026-06-25 00:22:17,521 - mazeUtils.moveTile - [moveTile.py:1803] - DEBUG - moveTile loop time: 55.4 ms
2026-06-25 00:22:17,526 - picamera2.picamera2 - [picamera2.py:1391] - DEBUG - Execute job: <picamera2.job.Job object at 0x7f597f2fd0>
2026-06-25 00:22:17,530 - mazeUtils.device.camera - [camera.py:39] - DEBUG - Average HSV: H=128.2, S=86.9, V=48.0
2026-06-25 00:22:17,573 - mazeUtils.moveTile - [moveTile.py:79] - DEBUG - roll: 19.99000000000001 deg, practicalMoveTime: 2.5817334209885385 sec
2026-06-25 00:22:17,573 - mazeUtils.moveTile - [moveTile.py:1803] - DEBUG - moveTile loop time: 51.4 ms
2026-06-25 00:22:17,584 - picamera2.picamera2 - [picamera2.py:1391] - DEBUG - Execute job: <picamera2.job.Job object at 0x7f59076c10>
2026-06-25 00:22:17,589 - mazeUtils.device.camera - [camera.py:39] - DEBUG - Average HSV: H=128.1, S=87.8, V=47.9
2026-06-25 00:22:17,626 - mazeUtils.moveTile - [moveTile.py:79] - DEBUG - roll: 20.589999999999975 deg, practicalMoveTime: 2.621157509014079 sec
2026-06-25 00:22:17,626 - mazeUtils.moveTile - [moveTile.py:1803] - DEBUG - moveTile loop time: 52.8 ms
2026-06-25 00:22:17,632 - picamera2.picamera2 - [picamera2.py:1391] - DEBUG - Execute job: <picamera2.job.Job object at 0x7f6b50c710>
2026-06-25 00:22:17,637 - mazeUtils.device.camera - [camera.py:39] - DEBUG - Average HSV: H=128.2, S=88.2, V=48.0
2026-06-25 00:22:17,679 - mazeUtils.moveTile - [moveTile.py:79] - DEBUG - roll: 20.680000000000007 deg, practicalMoveTime: 2.6601453172568075 sec
2026-06-25 00:22:17,679 - mazeUtils.moveTile - [moveTile.py:1803] - DEBUG - moveTile loop time: 52.5 ms
2026-06-25 00:22:17,685 - picamera2.picamera2 - [picamera2.py:1391] - DEBUG - Execute job: <picamera2.job.Job object at 0x7f7d452910>
2026-06-25 00:22:17,690 - mazeUtils.device.camera - [camera.py:39] - DEBUG - Average HSV: H=128.2, S=87.9, V=47.9
2026-06-25 00:22:17,727 - mazeUtils.moveTile - [moveTile.py:79] - DEBUG - roll: 19.19999999999999 deg, practicalMoveTime: 2.6958431558489035 sec
2026-06-25 00:22:17,728 - mazeUtils.moveTile - [moveTile.py:1803] - DEBUG - moveTile loop time: 47.9 ms
2026-06-25 00:22:17,738 - picamera2.picamera2 - [picamera2.py:1391] - DEBUG - Execute job: <picamera2.job.Job object at 0x7f7d452910>
2026-06-25 00:22:17,742 - mazeUtils.device.camera - [camera.py:39] - DEBUG - Average HSV: H=128.0, S=87.2, V=48.4
2026-06-25 00:22:17,778 - mazeUtils.moveTile - [moveTile.py:79] - DEBUG - roll: 16.930000000000007 deg, practicalMoveTime: 2.733701887670117 sec
2026-06-25 00:22:17,778 - mazeUtils.moveTile - [moveTile.py:1803] - DEBUG - moveTile loop time: 50.3 ms
2026-06-25 00:22:17,783 - picamera2.picamera2 - [picamera2.py:1391] - DEBUG - Execute job: <picamera2.job.Job object at 0x7f597f2f90>
2026-06-25 00:22:17,788 - mazeUtils.device.camera - [camera.py:39] - DEBUG - Average HSV: H=127.6, S=85.9, V=49.6
2026-06-25 00:22:17,828 - mazeUtils.moveTile - [moveTile.py:79] - DEBUG - roll: 16.24000000000001 deg, practicalMoveTime: 2.77196650977746 sec
2026-06-25 00:22:17,829 - mazeUtils.moveTile - [moveTile.py:1803] - DEBUG - moveTile loop time: 50.2 ms
2026-06-25 00:22:17,833 - picamera2.picamera2 - [picamera2.py:1391] - DEBUG - Execute job: <picamera2.job.Job object at 0x7f6b50c710>
2026-06-25 00:22:17,839 - mazeUtils.device.camera - [camera.py:39] - DEBUG - Average HSV: H=126.8, S=86.3, V=50.6
2026-06-25 00:22:17,874 - mazeUtils.moveTile - [moveTile.py:79] - DEBUG - roll: 14.870000000000005 deg, practicalMoveTime: 2.8068074391089297 sec
2026-06-25 00:22:17,875 - mazeUtils.moveTile - [moveTile.py:1803] - DEBUG - moveTile loop time: 45.4 ms
2026-06-25 00:22:17,886 - picamera2.picamera2 - [picamera2.py:1391] - DEBUG - Execute job: <picamera2.job.Job object at 0x7f7d452490>
2026-06-25 00:22:17,890 - mazeUtils.device.camera - [camera.py:39] - DEBUG - Average HSV: H=124.8, S=86.5, V=64.5
2026-06-25 00:22:17,930 - mazeUtils.moveTile - [moveTile.py:79] - DEBUG - roll: 13.909999999999968 deg, practicalMoveTime: 2.849688336976561 sec
2026-06-25 00:22:17,930 - mazeUtils.moveTile - [moveTile.py:1803] - DEBUG - moveTile loop time: 55.6 ms
2026-06-25 00:22:17,937 - picamera2.picamera2 - [picamera2.py:1391] - DEBUG - Execute job: <picamera2.job.Job object at 0x7f6b51c410>
2026-06-25 00:22:17,942 - mazeUtils.device.camera - [camera.py:39] - DEBUG - Average HSV: H=123.8, S=93.7, V=76.2
2026-06-25 00:22:17,982 - mazeUtils.moveTile - [moveTile.py:79] - DEBUG - roll: 13.189999999999998 deg, practicalMoveTime: 2.8895424404099406 sec
2026-06-25 00:22:17,982 - mazeUtils.moveTile - [moveTile.py:1803] - DEBUG - moveTile loop time: 51.5 ms
2026-06-25 00:22:17,987 - picamera2.picamera2 - [picamera2.py:1391] - DEBUG - Execute job: <picamera2.job.Job object at 0x7f6b4b36d0>
2026-06-25 00:22:17,992 - mazeUtils.device.camera - [camera.py:39] - DEBUG - Average HSV: H=123.5, S=89.3, V=79.1
2026-06-25 00:22:18,030 - mazeUtils.moveTile - [moveTile.py:79] - DEBUG - roll: 13.310000000000002 deg, practicalMoveTime: 2.926252989233384 sec
2026-06-25 00:22:18,031 - mazeUtils.moveTile - [moveTile.py:1803] - DEBUG - moveTile loop time: 47.8 ms
2026-06-25 00:22:18,036 - picamera2.picamera2 - [picamera2.py:1391] - DEBUG - Execute job: <picamera2.job.Job object at 0x7f6b503350>
2026-06-25 00:22:18,041 - mazeUtils.device.camera - [camera.py:39] - DEBUG - Average HSV: H=123.6, S=88.9, V=74.7
2026-06-25 00:22:18,083 - mazeUtils.moveTile - [moveTile.py:79] - DEBUG - roll: 14.589999999999975 deg, practicalMoveTime: 2.966780235954834 sec
2026-06-25 00:22:18,083 - mazeUtils.moveTile - [moveTile.py:1803] - DEBUG - moveTile loop time: 52.2 ms
2026-06-25 00:22:18,094 - picamera2.picamera2 - [picamera2.py:1391] - DEBUG - Execute job: <picamera2.job.Job object at 0x7f6b4b36d0>
2026-06-25 00:22:18,099 - mazeUtils.device.camera - [camera.py:39] - DEBUG - Average HSV: H=123.6, S=92.4, V=71.1
2026-06-25 00:22:18,137 - mazeUtils.moveTile - [moveTile.py:79] - DEBUG - roll: 15.689999999999998 deg, practicalMoveTime: 3.0080240392504396 sec
2026-06-25 00:22:18,138 - mazeUtils.moveTile - [moveTile.py:1803] - DEBUG - moveTile loop time: 53.8 ms
2026-06-25 00:22:18,143 - picamera2.picamera2 - [picamera2.py:1391] - DEBUG - Execute job: <picamera2.job.Job object at 0x7f6b51c410>
2026-06-25 00:22:18,147 - mazeUtils.device.camera - [camera.py:39] - DEBUG - Average HSV: H=124.1, S=96.9, V=66.0
2026-06-25 00:22:18,183 - mazeUtils.moveTile - [moveTile.py:79] - DEBUG - roll: 15.599999999999966 deg, practicalMoveTime: 3.043226862594239 sec
2026-06-25 00:22:18,184 - mazeUtils.moveTile - [moveTile.py:1803] - DEBUG - moveTile loop time: 46.0 ms
2026-06-25 00:22:18,190 - picamera2.picamera2 - [picamera2.py:1391] - DEBUG - Execute job: <picamera2.job.Job object at 0x7f59076c90>
2026-06-25 00:22:18,194 - mazeUtils.device.camera - [camera.py:39] - DEBUG - Average HSV: H=124.7, S=92.5, V=68.6
2026-06-25 00:22:18,292 - __main__ - [main.py:105] - INFO - Current position: (20, 20, 0), front direction: absDirection.NORTH
Layer 0 (altitude=0.0cm, offset=(0.0cm, 0.0cm)):
Known map area: x=20..20, y=20..20
+   +
  @  
+   +
mazeAsGraph[0][20][20] = {absDirection.NORTH: (20, 19, 0, 30), absDirection.EAST: (21, 20, 0, 30), absDirection.SOUTH: (20, 21, 0, 30), absDirection.WEST: (19, 20, 0, 30)}
2026-06-25 00:22:25,554 - __main__ - [main.py:170] - INFO - Program interrupted by user.
2026-06-25 00:22:26,624 - mazeUtils.device.stm - [stm.py:216] - DEBUG - ACK resynchronized: type=STS_MOTOR dropped=24B seq=43
2026-06-25 00:22:26,640 - picamera2.picamera2 - [picamera2.py:1391] - DEBUG - Execute job: <picamera2.job.Job object at 0x7f90c88dd0>
2026-06-25 00:22:26,668 - picamera2.picamera2 - [picamera2.py:1323] - INFO - Camera stopped
2026-06-25 00:22:26,870 - picamera2.picamera2 - [picamera2.py:1329] - DEBUG - Camera was not started
2026-06-25 00:22:27,072 - picamera2.picamera2 - [picamera2.py:723] - INFO - Camera closed successfully.
2026-06-25 00:22:27,324 - picamera2.picamera2 - [picamera2.py:500] - DEBUG - Resources now free: <picamera2.picamera2.Picamera2 object at 0x7f7d3e7450>
