2026-05-04 19:35:20,799 - root - [logging_config.py:61] - INFO - Logging initialized. Log file: /home/tuton/Kanto2026RPi/src/config/../logs/robot_20260504_193519.log
2026-05-04 19:35:21,972 - mazeUtils.device.LiDAR - [LiDAR.py:36] - INFO - Available ports: <ydlidar.Str2strMap; proxy of <Swig Object of type 'std::map< std::string,std::string > *' at 0x7fa0372a30> >
2026-05-04 19:35:26,006 - mazeUtils.moveTile - [moveTile.py:513] - DEBUG - Direction: absDirection.NORTH, Angle: 0, Distance: 48.68438874265219 cm
2026-05-04 19:35:26,007 - mazeUtils.moveTile - [moveTile.py:513] - DEBUG - Direction: absDirection.EAST, Angle: 270, Distance: 49.428575544970315 cm
2026-05-04 19:35:26,009 - mazeUtils.moveTile - [moveTile.py:513] - DEBUG - Direction: absDirection.SOUTH, Angle: 180, Distance: 16.94671616663915 cm
2026-05-04 19:35:26,010 - mazeUtils.moveTile - [moveTile.py:513] - DEBUG - Direction: absDirection.WEST, Angle: 90, Distance: 17.02080419084237 cm
2026-05-04 19:35:26,544 - __main__ - [main.py:69] - INFO - Initial Map:
2026-05-04 19:35:26,615 - __main__ - [main.py:70] - DEBUG - Known map area: x=20..20, y=20..20, z=0..0 (current=@ at 20,20,0)
+   +
| @  
+---+
2026-05-04 19:35:26,615 - __main__ - [main.py:73] - INFO - Next Direction: [<absDirection.NORTH: 0>]
2026-05-04 19:35:26,616 - __main__ - [main.py:74] - INFO - Exploration started.
2026-05-04 19:35:26,625 - mazeUtils.moveTile - [moveTile.py:80] - DEBUG - Moving to absDirection.NORTH from (20, 20, 0) facing absDirection.NORTH
2026-05-04 19:35:26,651 - mazeUtils.moveTile - [moveTile.py:80] - DEBUG - current heading: 0.010000000000000009 target: 0
2026-05-04 19:35:26,670 - mazeUtils.moveTile - [moveTile.py:389] - DEBUG - stopped turning at heading: 0.010000000000000009, diff: 0.010000000000000009
2026-05-04 19:35:26,713 - mazeUtils.moveTile - [moveTile.py:80] - DEBUG - Turned to heading: 0.010000000000000009 deg
2026-05-04 19:35:26,961 - picamera2.picamera2 - [picamera2.py:1391] - DEBUG - Execute job: <picamera2.job.Job object at 0x7f87f92450>
2026-05-04 19:35:27,001 - mazeUtils.device.camera - [camera.py:37] - DEBUG - Average HSV: H=10.2, S=33.1, V=228.0
2026-05-04 19:35:27,030 - __main__ - [main.py:147] - ERROR - An unexpected error occurred:
Traceback (most recent call last):
  File "/home/tuton/Kanto2026RPi/./src/main.py", line 81, in main
    isBlack, stopped = moveTile.moveNextTile(
                       ^^^^^^^^^^^^^^^^^^^^^^
  File "/home/tuton/Kanto2026RPi/src/mazeUtils/moveTile.py", line 1209, in moveNextTile
    isBlack, stopped = moveTile(direction, mapInstance, stmInstance, lidar, firstTime)
                       ^^^^^^^^^^^^^^^^^^^^^^^^^^^^^^^^^^^^^^^^^^^^^^^^^^^^^^^^^^^^^^^
  File "/home/tuton/Kanto2026RPi/src/mazeUtils/moveTile.py", line 997, in moveTile
    victimRescueFlag = findVictimDuringMove(
                       ^^^^^^^^^^^^^^^^^^^^^
  File "/home/tuton/Kanto2026RPi/src/mazeUtils/moveTile.py", line 666, in findVictimDuringMove
    currentPosX, currentPosY = mapInstance.currentPosition
    ^^^^^^^^^^^^^^^^^^^^^^^^
ValueError: too many values to unpack (expected 2)
2026-05-04 19:35:28,156 - picamera2.picamera2 - [picamera2.py:1391] - DEBUG - Execute job: <picamera2.job.Job object at 0x7facbd7090>
2026-05-04 19:35:28,179 - picamera2.picamera2 - [picamera2.py:1323] - INFO - Camera stopped
2026-05-04 19:35:28,180 - picamera2.picamera2 - [picamera2.py:1329] - DEBUG - Camera was not started
2026-05-04 19:35:28,385 - picamera2.picamera2 - [picamera2.py:723] - INFO - Camera closed successfully.
2026-05-04 19:35:28,501 - picamera2.picamera2 - [picamera2.py:500] - DEBUG - Resources now free: <picamera2.picamera2.Picamera2 object at 0x7fa033dc10>
