2026-06-26 17:22:32,420 - root - [logging_config.py:61] - INFO - Logging initialized. Log file: /home/tuton/Kanto2026RPi/src/config/../logs/robot_20260626_172227.log
2026-06-26 17:22:34,477 - mazeUtils.device.LiDAR - [LiDAR.py:78] - INFO - Available ports: <ydlidar.Str2strMap; proxy of <Swig Object of type 'std::map< std::string,std::string > *' at 0x7f8d5e9a70> >
2026-06-26 17:22:38,488 - mazeUtils.moveTile - [moveTile.py:550] - DEBUG - overwrite the wall data
2026-06-26 17:22:38,536 - mazeUtils.moveTile - [moveTile.py:564] - DEBUG - Direction: absDirection.NORTH, Angle: 0, Distance: 173.36207809066755 cm
2026-06-26 17:22:38,540 - mazeUtils.moveTile - [moveTile.py:571] - INFO - angle: 0, result: judgeWallResult.NO_WALL
2026-06-26 17:22:38,542 - mazeUtils.moveTile - [moveTile.py:564] - DEBUG - Direction: absDirection.EAST, Angle: 270, Distance: 17.527745572240374 cm
2026-06-26 17:22:38,544 - mazeUtils.moveTile - [moveTile.py:564] - DEBUG - Direction: absDirection.SOUTH, Angle: 180, Distance: 16.707967083427 cm
2026-06-26 17:22:38,546 - mazeUtils.moveTile - [moveTile.py:564] - DEBUG - Direction: absDirection.WEST, Angle: 90, Distance: 16.13943541210779 cm
2026-06-26 17:22:38,548 - __main__ - [main.py:68] - INFO - Initial Map:
2026-06-26 17:22:38,599 - __main__ - [main.py:69] - INFO - Current position: (20, 20, 0), front direction: absDirection.NORTH
Layer 0 (altitude=0.0cm, offset=(0.0cm, 0.0cm)):
Known map area: x=20..20, y=20..20
+   +
| @ |
+---+
mazeAsGraph[0][20][20] = {absDirection.NORTH: (20, 19, 0, 30), absDirection.EAST: None, absDirection.SOUTH: None, absDirection.WEST: None}
2026-06-26 17:22:39,738 - mazeUtils.mazeMap - [mazeMap.py:61] - INFO - next goal: (20, 19, 0)
2026-06-26 17:22:39,740 - __main__ - [main.py:75] - INFO - Next Direction: [<absDirection.NORTH: 0>]
2026-06-26 17:22:39,742 - __main__ - [main.py:76] - INFO - Exploration started.
2026-06-26 17:22:39,745 - mazeUtils.mazeMap - [mazeMap.py:61] - INFO - next goal: (20, 20, 0)
2026-06-26 17:22:39,746 - mazeUtils.moveTile - [moveTile.py:88] - DEBUG - [2456.060269] moveTile start direction=absDirection.NORTH position=(20, 20, 0) front=absDirection.NORTH
2026-06-26 17:22:39,752 - mazeUtils.moveTile - [moveTile.py:90] - DEBUG - [2456.066498] moveTile after initial toggle check (+6.2 ms)
2026-06-26 17:22:39,757 - mazeUtils.moveTile - [moveTile.py:90] - DEBUG - [2456.071317] moveTile after tile checks isRedTile=False isUnknownTileAhead=True (+4.8 ms)
2026-06-26 17:22:39,758 - mazeUtils.moveTile - [moveTile.py:79] - DEBUG - Moving to absDirection.NORTH from (20, 20, 0) facing absDirection.NORTH
2026-06-26 17:22:39,759 - mazeUtils.moveTile - [moveTile.py:90] - DEBUG - [2456.072654] moveTile start heading change target=0 (+1.3 ms)
2026-06-26 17:22:39,784 - mazeUtils.moveTile - [moveTile.py:79] - DEBUG - current heading: 0.04999999999998295 target: 0
2026-06-26 17:22:39,805 - mazeUtils.moveTile - [moveTile.py:436] - DEBUG - stopped turning at heading: 0.04999999999998295, diff: 0.04999999999998295
2026-06-26 17:22:39,860 - mazeUtils.moveTile - [moveTile.py:79] - DEBUG - Turned to heading: 0.03999999999999204 deg
2026-06-26 17:22:39,861 - mazeUtils.moveTile - [moveTile.py:90] - DEBUG - [2456.174931] moveTile finished heading change (+102.3 ms)
2026-06-26 17:22:39,861 - mazeUtils.moveTile - [moveTile.py:90] - DEBUG - [2456.175500] moveTile updated front direction (+0.6 ms)
2026-06-26 17:22:39,882 - mazeUtils.moveTile - [moveTile.py:90] - DEBUG - [2456.196352] moveTile stopped motors before alignment (+20.9 ms)
2026-06-26 17:22:40,055 - mazeUtils.moveTile - [moveTile.py:564] - DEBUG - Direction: absDirection.NORTH, Angle: 0, Distance: 173.26222427991857 cm
2026-06-26 17:22:40,057 - mazeUtils.moveTile - [moveTile.py:564] - DEBUG - Direction: absDirection.EAST, Angle: 270, Distance: 17.527745572240374 cm
2026-06-26 17:22:40,059 - mazeUtils.moveTile - [moveTile.py:564] - DEBUG - Direction: absDirection.SOUTH, Angle: 180, Distance: 16.64325065023197 cm
2026-06-26 17:22:40,061 - mazeUtils.moveTile - [moveTile.py:564] - DEBUG - Direction: absDirection.WEST, Angle: 90, Distance: 16.237248679646385 cm
2026-06-26 17:22:40,062 - mazeUtils.moveTile - [moveTile.py:90] - DEBUG - [2456.375718] moveTile start backward adjustment behind_wall_dist=16.64325065023197 (+179.4 ms)
2026-06-26 17:22:40,081 - mazeUtils.moveTile - [moveTile.py:79] - DEBUG - Little backward to adjust position
2026-06-26 17:22:40,514 - mazeUtils.moveTile - [moveTile.py:90] - DEBUG - [2456.828149] moveTile finished backward adjustment (+452.4 ms)
2026-06-26 17:22:40,592 - mazeUtils.moveTile - [moveTile.py:90] - DEBUG - [2456.906059] moveTile ready for forward move (+77.9 ms)
2026-06-26 17:22:40,618 - mazeUtils.moveTile - [moveTile.py:90] - DEBUG - [2456.931587] moveTile initialized movement targetSteps=1 (+25.5 ms)
2026-06-26 17:22:40,619 - mazeUtils.moveTile - [moveTile.py:90] - DEBUG - [2456.933268] moveTile loop start (+1.7 ms)
2026-06-26 17:22:40,629 - picamera2.picamera2 - [picamera2.py:1391] - DEBUG - Execute job: <picamera2.job.Job object at 0x7f95a0ca10>
2026-06-26 17:22:40,647 - mazeUtils.device.camera - [camera.py:39] - DEBUG - Average HSV: H=139.7, S=20.8, V=217.7
2026-06-26 17:22:40,653 - mazeUtils.moveTile - [moveTile.py:90] - DEBUG - [2456.967460] moveTile calculated motor speeds left=98 right=100 gyroSteer=-1.400000000000091 wallSteer=-0.40000000000000213 (+34.2 ms)
2026-06-26 17:22:40,678 - mazeUtils.moveTile - [moveTile.py:90] - DEBUG - [2456.992545] moveTile applied motor speed left=98 right=100 (+25.1 ms)
2026-06-26 17:22:40,679 - mazeUtils.moveTile - [moveTile.py:90] - DEBUG - [2456.993325] moveTile ramp check isBigRamp=False (+0.8 ms)
2026-06-26 17:22:40,685 - mazeUtils.moveTile - [moveTile.py:90] - DEBUG - [2456.998770] moveTile tile color check tempTileColor=E (+5.4 ms)
2026-06-26 17:22:40,686 - mazeUtils.moveTile - [moveTile.py:90] - DEBUG - [2456.999924] moveTile obstacle check escapeFlag=False (+1.2 ms)
2026-06-26 17:22:40,694 - mazeUtils.moveTile - [moveTile.py:79] - DEBUG - roll: 359.61 deg, practicalMoveTime: 0.07655807874288756 sec
2026-06-26 17:22:40,698 - mazeUtils.moveTile - [moveTile.py:1933] - DEBUG - moveTile loop time: 78.3 ms
2026-06-26 17:22:40,698 - mazeUtils.moveTile - [moveTile.py:90] - DEBUG - [2457.012467] moveTile loop end practicalMoveTime=0.077 (+12.5 ms)
2026-06-26 17:22:40,699 - mazeUtils.moveTile - [moveTile.py:90] - DEBUG - [2457.013095] moveTile loop start (+0.6 ms)
2026-06-26 17:22:40,704 - picamera2.picamera2 - [picamera2.py:1391] - DEBUG - Execute job: <picamera2.job.Job object at 0x7f94cb40d0>
2026-06-26 17:22:40,716 - mazeUtils.device.camera - [camera.py:39] - DEBUG - Average HSV: H=141.5, S=19.8, V=217.2
2026-06-26 17:22:40,721 - mazeUtils.moveTile - [moveTile.py:90] - DEBUG - [2457.034675] moveTile calculated motor speeds left=100 right=96 gyroSteer=0.39999999999997726 wallSteer=3.599999999999998 (+21.6 ms)
2026-06-26 17:22:40,741 - mazeUtils.moveTile - [moveTile.py:90] - DEBUG - [2457.054827] moveTile applied motor speed left=100 right=96 (+20.2 ms)
2026-06-26 17:22:40,741 - mazeUtils.moveTile - [moveTile.py:90] - DEBUG - [2457.055575] moveTile ramp check isBigRamp=False (+0.7 ms)
2026-06-26 17:22:40,745 - mazeUtils.moveTile - [moveTile.py:90] - DEBUG - [2457.059267] moveTile tile color check tempTileColor=E (+3.7 ms)
2026-06-26 17:22:40,747 - mazeUtils.moveTile - [moveTile.py:90] - DEBUG - [2457.060771] moveTile obstacle check escapeFlag=False (+1.5 ms)
2026-06-26 17:22:40,752 - mazeUtils.moveTile - [moveTile.py:79] - DEBUG - roll: 358.65999999999997 deg, practicalMoveTime: 0.13062927555329176 sec
2026-06-26 17:22:40,752 - mazeUtils.moveTile - [moveTile.py:1933] - DEBUG - moveTile loop time: 53.4 ms
2026-06-26 17:22:40,753 - mazeUtils.moveTile - [moveTile.py:90] - DEBUG - [2457.067069] moveTile loop end practicalMoveTime=0.131 (+6.3 ms)
2026-06-26 17:22:40,754 - mazeUtils.moveTile - [moveTile.py:90] - DEBUG - [2457.067515] moveTile loop start (+0.4 ms)
2026-06-26 17:22:40,763 - picamera2.picamera2 - [picamera2.py:1391] - DEBUG - Execute job: <picamera2.job.Job object at 0x7f95198210>
2026-06-26 17:22:40,771 - mazeUtils.device.camera - [camera.py:39] - DEBUG - Average HSV: H=138.3, S=21.2, V=218.4
2026-06-26 17:22:40,777 - mazeUtils.moveTile - [moveTile.py:90] - DEBUG - [2457.091252] moveTile calculated motor speeds left=98 right=100 gyroSteer=-2.0399999999999636 wallSteer=0.40000000000000213 (+23.7 ms)
2026-06-26 17:22:40,801 - mazeUtils.moveTile - [moveTile.py:90] - DEBUG - [2457.115147] moveTile applied motor speed left=98 right=100 (+23.9 ms)
2026-06-26 17:22:40,802 - mazeUtils.moveTile - [moveTile.py:90] - DEBUG - [2457.116321] moveTile ramp check isBigRamp=False (+1.2 ms)
2026-06-26 17:22:40,807 - mazeUtils.moveTile - [moveTile.py:90] - DEBUG - [2457.120755] moveTile tile color check tempTileColor=E (+4.4 ms)
2026-06-26 17:22:40,808 - mazeUtils.moveTile - [moveTile.py:90] - DEBUG - [2457.121797] moveTile obstacle check escapeFlag=False (+1.0 ms)
2026-06-26 17:22:40,815 - mazeUtils.moveTile - [moveTile.py:79] - DEBUG - roll: 1.2299999999999613 deg, practicalMoveTime: 0.19270759604758553 sec
2026-06-26 17:22:40,815 - mazeUtils.moveTile - [moveTile.py:1933] - DEBUG - moveTile loop time: 62.0 ms
2026-06-26 17:22:40,816 - mazeUtils.moveTile - [moveTile.py:90] - DEBUG - [2457.130004] moveTile loop end practicalMoveTime=0.193 (+8.2 ms)
2026-06-26 17:22:40,816 - mazeUtils.moveTile - [moveTile.py:90] - DEBUG - [2457.130543] moveTile loop start (+0.5 ms)
2026-06-26 17:22:40,822 - picamera2.picamera2 - [picamera2.py:1391] - DEBUG - Execute job: <picamera2.job.Job object at 0x7f94802c10>
2026-06-26 17:22:40,828 - mazeUtils.device.camera - [camera.py:39] - DEBUG - Average HSV: H=140.1, S=20.1, V=218.7
2026-06-26 17:22:40,833 - mazeUtils.moveTile - [moveTile.py:90] - DEBUG - [2457.147551] moveTile calculated motor speeds left=100 right=96 gyroSteer=3.0 wallSteer=0.8000000000000007 (+17.0 ms)
2026-06-26 17:22:40,854 - mazeUtils.moveTile - [moveTile.py:90] - DEBUG - [2457.167971] moveTile applied motor speed left=100 right=96 (+20.4 ms)
2026-06-26 17:22:40,855 - mazeUtils.moveTile - [moveTile.py:90] - DEBUG - [2457.169085] moveTile ramp check isBigRamp=False (+1.1 ms)
2026-06-26 17:22:40,859 - mazeUtils.moveTile - [moveTile.py:90] - DEBUG - [2457.173324] moveTile tile color check tempTileColor=E (+4.2 ms)
2026-06-26 17:22:40,860 - mazeUtils.moveTile - [moveTile.py:90] - DEBUG - [2457.174296] moveTile obstacle check escapeFlag=False (+1.0 ms)
2026-06-26 17:22:40,867 - mazeUtils.moveTile - [moveTile.py:79] - DEBUG - roll: 359.81 deg, practicalMoveTime: 0.24402828820877565 sec
2026-06-26 17:22:40,869 - mazeUtils.moveTile - [moveTile.py:1933] - DEBUG - moveTile loop time: 52.6 ms
2026-06-26 17:22:40,870 - mazeUtils.moveTile - [moveTile.py:90] - DEBUG - [2457.184241] moveTile loop end practicalMoveTime=0.244 (+9.9 ms)
2026-06-26 17:22:40,871 - mazeUtils.moveTile - [moveTile.py:90] - DEBUG - [2457.185144] moveTile loop start (+0.9 ms)
2026-06-26 17:22:40,877 - picamera2.picamera2 - [picamera2.py:1391] - DEBUG - Execute job: <picamera2.job.Job object at 0x7f94cb40d0>
2026-06-26 17:22:40,884 - mazeUtils.device.camera - [camera.py:39] - DEBUG - Average HSV: H=145.6, S=17.6, V=217.1
2026-06-26 17:22:40,890 - mazeUtils.moveTile - [moveTile.py:90] - DEBUG - [2457.204071] moveTile calculated motor speeds left=100 right=98 gyroSteer=0.67999999999995 wallSteer=0.8000000000000007 (+18.9 ms)
2026-06-26 17:22:40,910 - mazeUtils.moveTile - [moveTile.py:90] - DEBUG - [2457.224445] moveTile applied motor speed left=100 right=98 (+20.4 ms)
2026-06-26 17:22:40,911 - mazeUtils.moveTile - [moveTile.py:90] - DEBUG - [2457.225224] moveTile ramp check isBigRamp=False (+0.8 ms)
2026-06-26 17:22:40,915 - mazeUtils.moveTile - [moveTile.py:90] - DEBUG - [2457.228976] moveTile tile color check tempTileColor=E (+3.8 ms)
2026-06-26 17:22:40,916 - mazeUtils.moveTile - [moveTile.py:90] - DEBUG - [2457.230247] moveTile obstacle check escapeFlag=False (+1.3 ms)
2026-06-26 17:22:40,921 - mazeUtils.moveTile - [moveTile.py:79] - DEBUG - roll: 0.37999999999999545 deg, practicalMoveTime: 0.29587378177369494 sec
2026-06-26 17:22:40,922 - mazeUtils.moveTile - [moveTile.py:1933] - DEBUG - moveTile loop time: 50.7 ms
2026-06-26 17:22:40,922 - mazeUtils.moveTile - [moveTile.py:90] - DEBUG - [2457.236577] moveTile loop end practicalMoveTime=0.296 (+6.3 ms)
2026-06-26 17:22:40,923 - mazeUtils.moveTile - [moveTile.py:90] - DEBUG - [2457.237498] moveTile loop start (+0.9 ms)
2026-06-26 17:22:40,932 - picamera2.picamera2 - [picamera2.py:1391] - DEBUG - Execute job: <picamera2.job.Job object at 0x7f94bd14d0>
2026-06-26 17:22:40,940 - mazeUtils.device.camera - [camera.py:39] - DEBUG - Average HSV: H=149.0, S=16.4, V=216.6
2026-06-26 17:22:40,945 - mazeUtils.moveTile - [moveTile.py:90] - DEBUG - [2457.259042] moveTile calculated motor speeds left=100 right=90 gyroSteer=5.839999999999918 wallSteer=3.200000000000003 (+21.5 ms)
2026-06-26 17:22:40,966 - mazeUtils.moveTile - [moveTile.py:90] - DEBUG - [2457.279872] moveTile applied motor speed left=100 right=90 (+20.8 ms)
2026-06-26 17:22:40,967 - mazeUtils.moveTile - [moveTile.py:90] - DEBUG - [2457.280669] moveTile ramp check isBigRamp=False (+0.8 ms)
2026-06-26 17:22:40,970 - mazeUtils.moveTile - [moveTile.py:90] - DEBUG - [2457.284120] moveTile tile color check tempTileColor=E (+3.5 ms)
2026-06-26 17:22:40,971 - mazeUtils.moveTile - [moveTile.py:90] - DEBUG - [2457.284652] moveTile obstacle check escapeFlag=False (+0.5 ms)
2026-06-26 17:22:40,978 - mazeUtils.moveTile - [moveTile.py:79] - DEBUG - roll: 0.3199999999999932 deg, practicalMoveTime: 0.3521513616326319 sec
2026-06-26 17:22:40,980 - mazeUtils.moveTile - [moveTile.py:1933] - DEBUG - moveTile loop time: 56.4 ms
2026-06-26 17:22:40,981 - mazeUtils.moveTile - [moveTile.py:90] - DEBUG - [2457.294889] moveTile loop end practicalMoveTime=0.352 (+10.2 ms)
2026-06-26 17:22:40,982 - mazeUtils.moveTile - [moveTile.py:90] - DEBUG - [2457.295874] moveTile loop start (+1.0 ms)
2026-06-26 17:22:40,989 - picamera2.picamera2 - [picamera2.py:1391] - DEBUG - Execute job: <picamera2.job.Job object at 0x7f951a6d10>
2026-06-26 17:22:40,996 - mazeUtils.device.camera - [camera.py:39] - DEBUG - Average HSV: H=146.9, S=16.4, V=218.1
2026-06-26 17:22:41,002 - mazeUtils.moveTile - [moveTile.py:90] - DEBUG - [2457.315690] moveTile calculated motor speeds left=100 right=93 gyroSteer=4.599999999999909 wallSteer=2.0 (+19.8 ms)
2026-06-26 17:22:41,023 - mazeUtils.moveTile - [moveTile.py:90] - DEBUG - [2457.337081] moveTile applied motor speed left=100 right=93 (+21.4 ms)
2026-06-26 17:22:41,024 - mazeUtils.moveTile - [moveTile.py:90] - DEBUG - [2457.337848] moveTile ramp check isBigRamp=False (+0.8 ms)
2026-06-26 17:22:41,028 - mazeUtils.moveTile - [moveTile.py:90] - DEBUG - [2457.342397] moveTile tile color check tempTileColor=E (+4.5 ms)
2026-06-26 17:22:41,029 - mazeUtils.moveTile - [moveTile.py:90] - DEBUG - [2457.343598] moveTile obstacle check escapeFlag=False (+1.2 ms)
2026-06-26 17:22:41,035 - mazeUtils.moveTile - [moveTile.py:79] - DEBUG - roll: 359.97999999999996 deg, practicalMoveTime: 0.4066221862436288 sec
2026-06-26 17:22:41,035 - mazeUtils.moveTile - [moveTile.py:1933] - DEBUG - moveTile loop time: 53.5 ms
2026-06-26 17:22:41,036 - mazeUtils.moveTile - [moveTile.py:90] - DEBUG - [2457.350224] moveTile loop end practicalMoveTime=0.407 (+6.6 ms)
2026-06-26 17:22:41,037 - mazeUtils.moveTile - [moveTile.py:90] - DEBUG - [2457.351203] moveTile loop start (+1.0 ms)
2026-06-26 17:22:41,044 - picamera2.picamera2 - [picamera2.py:1391] - DEBUG - Execute job: <picamera2.job.Job object at 0x7fa32109d0>
2026-06-26 17:22:41,050 - mazeUtils.device.camera - [camera.py:39] - DEBUG - Average HSV: H=149.3, S=16.7, V=218.2
2026-06-26 17:22:41,056 - mazeUtils.moveTile - [moveTile.py:90] - DEBUG - [2457.370220] moveTile calculated motor speeds left=100 right=91 gyroSteer=6.039999999999964 wallSteer=2.8000000000000007 (+19.0 ms)
2026-06-26 17:22:41,077 - mazeUtils.moveTile - [moveTile.py:90] - DEBUG - [2457.391130] moveTile applied motor speed left=100 right=91 (+20.9 ms)
2026-06-26 17:22:41,078 - mazeUtils.moveTile - [moveTile.py:90] - DEBUG - [2457.391909] moveTile ramp check isBigRamp=False (+0.8 ms)
2026-06-26 17:22:41,084 - mazeUtils.moveTile - [moveTile.py:90] - DEBUG - [2457.397913] moveTile tile color check tempTileColor=E (+6.0 ms)
2026-06-26 17:22:41,085 - mazeUtils.moveTile - [moveTile.py:90] - DEBUG - [2457.398741] moveTile obstacle check escapeFlag=False (+0.8 ms)
2026-06-26 17:22:41,096 - mazeUtils.moveTile - [moveTile.py:79] - DEBUG - roll: 359.3 deg, practicalMoveTime: 0.46703879588353636 sec
2026-06-26 17:22:41,097 - mazeUtils.moveTile - [moveTile.py:1933] - DEBUG - moveTile loop time: 59.5 ms
2026-06-26 17:22:41,097 - mazeUtils.moveTile - [moveTile.py:90] - DEBUG - [2457.411288] moveTile loop end practicalMoveTime=0.467 (+12.5 ms)
2026-06-26 17:22:41,098 - mazeUtils.moveTile - [moveTile.py:90] - DEBUG - [2457.411692] moveTile loop start (+0.4 ms)
2026-06-26 17:22:41,104 - picamera2.picamera2 - [picamera2.py:1391] - DEBUG - Execute job: <picamera2.job.Job object at 0x7f948d8ed0>
2026-06-26 17:22:41,110 - mazeUtils.device.camera - [camera.py:39] - DEBUG - Average HSV: H=147.3, S=17.3, V=219.4
2026-06-26 17:22:41,116 - mazeUtils.moveTile - [moveTile.py:90] - DEBUG - [2457.430328] moveTile calculated motor speeds left=100 right=91 gyroSteer=5.039999999999964 wallSteer=3.1999999999999993 (+18.6 ms)
2026-06-26 17:22:41,137 - mazeUtils.moveTile - [moveTile.py:90] - DEBUG - [2457.450792] moveTile applied motor speed left=100 right=91 (+20.5 ms)
2026-06-26 17:22:41,137 - mazeUtils.moveTile - [moveTile.py:90] - DEBUG - [2457.451579] moveTile ramp check isBigRamp=False (+0.8 ms)
2026-06-26 17:22:41,142 - mazeUtils.moveTile - [moveTile.py:90] - DEBUG - [2457.455777] moveTile tile color check tempTileColor=E (+4.2 ms)
2026-06-26 17:22:41,143 - mazeUtils.moveTile - [moveTile.py:90] - DEBUG - [2457.457154] moveTile obstacle check escapeFlag=False (+1.4 ms)
2026-06-26 17:22:41,149 - mazeUtils.moveTile - [moveTile.py:79] - DEBUG - roll: 0.7299999999999613 deg, practicalMoveTime: 0.5192760609855374 sec
2026-06-26 17:22:41,150 - mazeUtils.moveTile - [moveTile.py:1933] - DEBUG - moveTile loop time: 52.1 ms
2026-06-26 17:22:41,150 - mazeUtils.moveTile - [moveTile.py:90] - DEBUG - [2457.464476] moveTile loop end practicalMoveTime=0.519 (+7.3 ms)
2026-06-26 17:22:41,151 - mazeUtils.moveTile - [moveTile.py:90] - DEBUG - [2457.465077] moveTile loop start (+0.6 ms)
2026-06-26 17:22:41,158 - picamera2.picamera2 - [picamera2.py:1391] - DEBUG - Execute job: <picamera2.job.Job object at 0x7f6a8c8bd0>
2026-06-26 17:22:41,164 - mazeUtils.device.camera - [camera.py:39] - DEBUG - Average HSV: H=153.3, S=16.5, V=219.3
2026-06-26 17:22:41,177 - mazeUtils.moveTile - [moveTile.py:90] - DEBUG - [2457.490994] moveTile calculated motor speeds left=100 right=92 gyroSteer=3.3199999999999363 wallSteer=4.399999999999999 (+25.9 ms)
2026-06-26 17:22:41,204 - mazeUtils.moveTile - [moveTile.py:90] - DEBUG - [2457.518045] moveTile applied motor speed left=100 right=92 (+27.1 ms)
2026-06-26 17:22:41,205 - mazeUtils.moveTile - [moveTile.py:90] - DEBUG - [2457.519187] moveTile ramp check isBigRamp=False (+1.1 ms)
2026-06-26 17:22:41,211 - mazeUtils.moveTile - [moveTile.py:90] - DEBUG - [2457.525280] moveTile tile color check tempTileColor=E (+6.1 ms)
2026-06-26 17:22:41,212 - mazeUtils.moveTile - [moveTile.py:90] - DEBUG - [2457.526099] moveTile obstacle check escapeFlag=False (+0.8 ms)
2026-06-26 17:22:41,218 - mazeUtils.moveTile - [moveTile.py:79] - DEBUG - roll: 0.37999999999999545 deg, practicalMoveTime: 0.5879303221239578 sec
2026-06-26 17:22:41,219 - mazeUtils.moveTile - [moveTile.py:1933] - DEBUG - moveTile loop time: 68.2 ms
2026-06-26 17:22:41,220 - mazeUtils.moveTile - [moveTile.py:90] - DEBUG - [2457.533809] moveTile loop end practicalMoveTime=0.588 (+7.7 ms)
2026-06-26 17:22:41,220 - mazeUtils.moveTile - [moveTile.py:90] - DEBUG - [2457.534208] moveTile loop start (+0.4 ms)
2026-06-26 17:22:41,227 - picamera2.picamera2 - [picamera2.py:1391] - DEBUG - Execute job: <picamera2.job.Job object at 0x7f94802c10>
2026-06-26 17:22:41,233 - mazeUtils.device.camera - [camera.py:39] - DEBUG - Average HSV: H=150.2, S=16.0, V=220.4
2026-06-26 17:22:41,246 - mazeUtils.moveTile - [moveTile.py:90] - DEBUG - [2457.559903] moveTile calculated motor speeds left=100 right=93 gyroSteer=2.599999999999909 wallSteer=4.399999999999999 (+25.7 ms)
2026-06-26 17:22:41,267 - mazeUtils.moveTile - [moveTile.py:90] - DEBUG - [2457.580960] moveTile applied motor speed left=100 right=93 (+21.1 ms)
2026-06-26 17:22:41,268 - mazeUtils.moveTile - [moveTile.py:90] - DEBUG - [2457.581982] moveTile ramp check isBigRamp=False (+1.0 ms)
2026-06-26 17:22:41,274 - mazeUtils.moveTile - [moveTile.py:90] - DEBUG - [2457.588076] moveTile tile color check tempTileColor=E (+6.1 ms)
2026-06-26 17:22:41,275 - mazeUtils.moveTile - [moveTile.py:90] - DEBUG - [2457.588894] moveTile obstacle check escapeFlag=False (+0.8 ms)
2026-06-26 17:22:41,282 - mazeUtils.moveTile - [moveTile.py:79] - DEBUG - roll: 359.96 deg, practicalMoveTime: 0.6505809253737869 sec
2026-06-26 17:22:41,283 - mazeUtils.moveTile - [moveTile.py:1933] - DEBUG - moveTile loop time: 62.6 ms
2026-06-26 17:22:41,283 - mazeUtils.moveTile - [moveTile.py:90] - DEBUG - [2457.597452] moveTile loop end practicalMoveTime=0.651 (+8.6 ms)
2026-06-26 17:22:41,284 - mazeUtils.moveTile - [moveTile.py:90] - DEBUG - [2457.597983] moveTile loop start (+0.5 ms)
2026-06-26 17:22:41,290 - picamera2.picamera2 - [picamera2.py:1391] - DEBUG - Execute job: <picamera2.job.Job object at 0x7f94cb40d0>
2026-06-26 17:22:41,296 - mazeUtils.device.camera - [camera.py:39] - DEBUG - Average HSV: H=151.0, S=15.6, V=221.0
2026-06-26 17:22:41,303 - mazeUtils.moveTile - [moveTile.py:90] - DEBUG - [2457.617584] moveTile calculated motor speeds left=100 right=92 gyroSteer=2.839999999999918 wallSteer=4.800000000000001 (+19.6 ms)
2026-06-26 17:22:41,328 - mazeUtils.moveTile - [moveTile.py:90] - DEBUG - [2457.642384] moveTile applied motor speed left=100 right=92 (+24.8 ms)
2026-06-26 17:22:41,330 - mazeUtils.moveTile - [moveTile.py:90] - DEBUG - [2457.643954] moveTile ramp check isBigRamp=False (+1.6 ms)
2026-06-26 17:22:41,334 - mazeUtils.moveTile - [moveTile.py:90] - DEBUG - [2457.648281] moveTile tile color check tempTileColor=E (+4.3 ms)
2026-06-26 17:22:41,335 - mazeUtils.moveTile - [moveTile.py:90] - DEBUG - [2457.649020] moveTile obstacle check escapeFlag=False (+0.7 ms)
2026-06-26 17:22:41,340 - mazeUtils.moveTile - [moveTile.py:79] - DEBUG - roll: 0.8999999999999773 deg, practicalMoveTime: 0.7080250065501512 sec
2026-06-26 17:22:41,341 - mazeUtils.moveTile - [moveTile.py:1933] - DEBUG - moveTile loop time: 57.5 ms
2026-06-26 17:22:41,342 - mazeUtils.moveTile - [moveTile.py:90] - DEBUG - [2457.656397] moveTile loop end practicalMoveTime=0.708 (+7.4 ms)
2026-06-26 17:22:41,343 - mazeUtils.moveTile - [moveTile.py:90] - DEBUG - [2457.657052] moveTile loop start (+0.7 ms)
2026-06-26 17:22:41,350 - picamera2.picamera2 - [picamera2.py:1391] - DEBUG - Execute job: <picamera2.job.Job object at 0x7f9487e910>
2026-06-26 17:22:41,356 - mazeUtils.device.camera - [camera.py:39] - DEBUG - Average HSV: H=152.6, S=15.5, V=220.5
2026-06-26 17:22:41,365 - mazeUtils.moveTile - [moveTile.py:90] - DEBUG - [2457.679111] moveTile calculated motor speeds left=100 right=94 gyroSteer=1.2399999999998954 wallSteer=4.399999999999999 (+22.1 ms)
2026-06-26 17:22:41,390 - mazeUtils.moveTile - [moveTile.py:90] - DEBUG - [2457.704476] moveTile applied motor speed left=100 right=94 (+25.4 ms)
2026-06-26 17:22:41,392 - mazeUtils.moveTile - [moveTile.py:90] - DEBUG - [2457.705685] moveTile ramp check isBigRamp=False (+1.2 ms)
2026-06-26 17:22:41,398 - mazeUtils.moveTile - [moveTile.py:90] - DEBUG - [2457.712250] moveTile tile color check tempTileColor=E (+6.6 ms)
2026-06-26 17:22:41,399 - mazeUtils.moveTile - [moveTile.py:90] - DEBUG - [2457.713278] moveTile obstacle check escapeFlag=False (+1.0 ms)
2026-06-26 17:22:41,412 - mazeUtils.moveTile - [moveTile.py:79] - DEBUG - roll: 0.13999999999998636 deg, practicalMoveTime: 0.778510520413218 sec
2026-06-26 17:22:41,413 - mazeUtils.moveTile - [moveTile.py:1933] - DEBUG - moveTile loop time: 70.3 ms
2026-06-26 17:22:41,414 - mazeUtils.moveTile - [moveTile.py:90] - DEBUG - [2457.728226] moveTile loop end practicalMoveTime=0.779 (+14.9 ms)
2026-06-26 17:22:41,414 - mazeUtils.moveTile - [moveTile.py:90] - DEBUG - [2457.728639] moveTile loop start (+0.4 ms)
2026-06-26 17:22:41,419 - picamera2.picamera2 - [picamera2.py:1391] - DEBUG - Execute job: <picamera2.job.Job object at 0x7f94b89f50>
2026-06-26 17:22:41,425 - mazeUtils.device.camera - [camera.py:39] - DEBUG - Average HSV: H=151.2, S=15.5, V=221.6
2026-06-26 17:22:41,433 - mazeUtils.moveTile - [moveTile.py:90] - DEBUG - [2457.746864] moveTile calculated motor speeds left=100 right=97 gyroSteer=1.1999999999999318 wallSteer=1.6000000000000014 (+18.2 ms)
2026-06-26 17:22:41,459 - mazeUtils.moveTile - [moveTile.py:90] - DEBUG - [2457.772814] moveTile applied motor speed left=100 right=97 (+26.0 ms)
2026-06-26 17:22:41,459 - mazeUtils.moveTile - [moveTile.py:90] - DEBUG - [2457.773534] moveTile ramp check isBigRamp=False (+0.7 ms)
2026-06-26 17:22:41,463 - mazeUtils.moveTile - [moveTile.py:90] - DEBUG - [2457.777359] moveTile tile color check tempTileColor=E (+3.8 ms)
2026-06-26 17:22:41,464 - mazeUtils.moveTile - [moveTile.py:90] - DEBUG - [2457.777993] moveTile obstacle check escapeFlag=False (+0.6 ms)
2026-06-26 17:22:41,470 - mazeUtils.moveTile - [moveTile.py:79] - DEBUG - roll: 1.2899999999999636 deg, practicalMoveTime: 0.8351033782718005 sec
2026-06-26 17:22:41,471 - mazeUtils.moveTile - [moveTile.py:1933] - DEBUG - moveTile loop time: 56.2 ms
2026-06-26 17:22:41,471 - mazeUtils.moveTile - [moveTile.py:90] - DEBUG - [2457.785472] moveTile loop end practicalMoveTime=0.835 (+7.5 ms)
2026-06-26 17:22:41,472 - mazeUtils.moveTile - [moveTile.py:90] - DEBUG - [2457.785899] moveTile loop start (+0.4 ms)
2026-06-26 17:22:41,479 - picamera2.picamera2 - [picamera2.py:1391] - DEBUG - Execute job: <picamera2.job.Job object at 0x7f95a0ca10>
2026-06-26 17:22:41,484 - mazeUtils.device.camera - [camera.py:39] - DEBUG - Average HSV: H=154.4, S=15.3, V=219.7
2026-06-26 17:22:41,490 - mazeUtils.moveTile - [moveTile.py:90] - DEBUG - [2457.804255] moveTile calculated motor speeds left=97 right=100 gyroSteer=-4.559999999999945 wallSteer=1.6000000000000014 (+18.4 ms)
2026-06-26 17:22:41,510 - mazeUtils.moveTile - [moveTile.py:90] - DEBUG - [2457.823845] moveTile applied motor speed left=97 right=100 (+19.6 ms)
2026-06-26 17:22:41,511 - mazeUtils.moveTile - [moveTile.py:90] - DEBUG - [2457.824640] moveTile ramp check isBigRamp=False (+0.8 ms)
2026-06-26 17:22:41,514 - mazeUtils.moveTile - [moveTile.py:90] - DEBUG - [2457.828138] moveTile tile color check tempTileColor=E (+3.5 ms)
2026-06-26 17:22:41,515 - mazeUtils.moveTile - [moveTile.py:90] - DEBUG - [2457.828736] moveTile obstacle check escapeFlag=False (+0.6 ms)
2026-06-26 17:22:41,520 - mazeUtils.moveTile - [moveTile.py:1780] - INFO - practicalVerticalMove: -0.09904817799334438 CM
2026-06-26 17:22:41,545 - mazeUtils.moveTile - [moveTile.py:90] - DEBUG - [2457.859570] moveTile finished by time control (+30.8 ms)
2026-06-26 17:22:41,546 - mazeUtils.moveTile - [moveTile.py:90] - DEBUG - [2457.860377] moveTile start final forward adjustment (+31.6 ms)
2026-06-26 17:22:41,574 - mazeUtils.moveTile - [moveTile.py:90] - DEBUG - [2457.888426] moveTile finished final forward adjustment (+28.0 ms)
2026-06-26 17:22:41,576 - mazeUtils.moveTile - [moveTile.py:2143] - INFO - Set moved vertical distance: -0.09904817799334438 cm, past distances: [(0, False), (0, False), (0, False)]
2026-06-26 17:22:41,578 - mazeUtils.moveTile - [moveTile.py:90] - DEBUG - [2457.891856] moveTile updated moved vertical distance -0.099 (+3.4 ms)
2026-06-26 17:22:41,750 - mazeUtils.moveTile - [moveTile.py:564] - DEBUG - Direction: absDirection.NORTH, Angle: 0, Distance: 129.5835792617228 cm
2026-06-26 17:22:41,752 - mazeUtils.moveTile - [moveTile.py:571] - INFO - angle: 0, result: judgeWallResult.NO_WALL
2026-06-26 17:22:41,753 - mazeUtils.moveTile - [moveTile.py:564] - DEBUG - Direction: absDirection.EAST, Angle: 270, Distance: 67.2282272626119 cm
2026-06-26 17:22:41,754 - mazeUtils.moveTile - [moveTile.py:564] - DEBUG - Direction: absDirection.SOUTH, Angle: 180, Distance: 54.8217085345938 cm
2026-06-26 17:22:41,755 - mazeUtils.moveTile - [moveTile.py:564] - DEBUG - Direction: absDirection.WEST, Angle: 90, Distance: 16.30096746115985 cm
2026-06-26 17:22:41,756 - mazeUtils.moveTile - [moveTile.py:90] - DEBUG - [2458.070239] moveTile updated map and detected walls (+178.4 ms)
2026-06-26 17:22:41,759 - mazeUtils.moveTile - [moveTile.py:2298] - INFO - Tile color detection, decided tile type: E
2026-06-26 17:22:41,761 - mazeUtils.moveTile - [moveTile.py:90] - DEBUG - [2458.075438] moveTile finished (+183.6 ms)
2026-06-26 17:22:41,852 - __main__ - [main.py:108] - INFO - Current position: (20, 19, 0), front direction: absDirection.NORTH
Layer 0 (altitude=0.0cm, offset=(0.0cm, 0.0cm)):
Known map area: x=20..20, y=19..20
+   +
| @  
+   +
| S |
+---+
mazeAsGraph[0][19][20] = {absDirection.NORTH: (20, 18, 0, 30), absDirection.EAST: (21, 19, 0, 30), absDirection.SOUTH: (20, 20, 0, 30), absDirection.WEST: None}
mazeAsGraph[0][20][20] = {absDirection.NORTH: (20, 19, 0, 30), absDirection.EAST: None, absDirection.SOUTH: None, absDirection.WEST: None}
2026-06-26 17:22:42,088 - mazeUtils.mazeMap - [mazeMap.py:61] - INFO - next goal: (20, 18, 0)
2026-06-26 17:22:42,091 - mazeUtils.mazeMap - [mazeMap.py:61] - INFO - next goal: (20, 20, 0)
2026-06-26 17:22:42,092 - mazeUtils.moveTile - [moveTile.py:88] - DEBUG - [2458.406556] moveTile start direction=absDirection.NORTH position=(20, 19, 0) front=absDirection.NORTH
2026-06-26 17:22:42,098 - mazeUtils.moveTile - [moveTile.py:90] - DEBUG - [2458.412364] moveTile after initial toggle check (+5.8 ms)
2026-06-26 17:22:42,101 - mazeUtils.moveTile - [moveTile.py:90] - DEBUG - [2458.414795] moveTile after tile checks isRedTile=False isUnknownTileAhead=True (+2.4 ms)
2026-06-26 17:22:42,101 - mazeUtils.moveTile - [moveTile.py:79] - DEBUG - Moving to absDirection.NORTH from (20, 19, 0) facing absDirection.NORTH
2026-06-26 17:22:42,102 - mazeUtils.moveTile - [moveTile.py:90] - DEBUG - [2458.415859] moveTile start heading change target=0 (+1.1 ms)
2026-06-26 17:22:42,128 - mazeUtils.moveTile - [moveTile.py:79] - DEBUG - current heading: 1.299999999999983 target: 0
2026-06-26 17:22:42,150 - mazeUtils.moveTile - [moveTile.py:436] - DEBUG - stopped turning at heading: 1.299999999999983, diff: 1.299999999999983
2026-06-26 17:22:42,199 - mazeUtils.moveTile - [moveTile.py:79] - DEBUG - Turned to heading: 1.329999999999984 deg
2026-06-26 17:22:42,199 - mazeUtils.moveTile - [moveTile.py:90] - DEBUG - [2458.513429] moveTile finished heading change (+97.6 ms)
2026-06-26 17:22:42,200 - mazeUtils.moveTile - [moveTile.py:90] - DEBUG - [2458.513899] moveTile updated front direction (+0.5 ms)
2026-06-26 17:22:42,220 - mazeUtils.moveTile - [moveTile.py:90] - DEBUG - [2458.534058] moveTile stopped motors before alignment (+20.2 ms)
2026-06-26 17:22:42,391 - mazeUtils.moveTile - [moveTile.py:564] - DEBUG - Direction: absDirection.NORTH, Angle: 0, Distance: 130.2823682932438 cm
2026-06-26 17:22:42,393 - mazeUtils.moveTile - [moveTile.py:564] - DEBUG - Direction: absDirection.EAST, Angle: 270, Distance: 66.46318053943095 cm
2026-06-26 17:22:42,395 - mazeUtils.moveTile - [moveTile.py:564] - DEBUG - Direction: absDirection.SOUTH, Angle: 180, Distance: 53.75438471624398 cm
2026-06-26 17:22:42,396 - mazeUtils.moveTile - [moveTile.py:564] - DEBUG - Direction: absDirection.WEST, Angle: 90, Distance: 16.47738732345047 cm
2026-06-26 17:22:42,397 - mazeUtils.moveTile - [moveTile.py:90] - DEBUG - [2458.710713] moveTile ready for forward move (+176.7 ms)
2026-06-26 17:22:42,423 - mazeUtils.moveTile - [moveTile.py:90] - DEBUG - [2458.736998] moveTile initialized movement targetSteps=1 (+26.3 ms)
2026-06-26 17:22:42,424 - mazeUtils.moveTile - [moveTile.py:90] - DEBUG - [2458.738484] moveTile loop start (+1.5 ms)
2026-06-26 17:22:42,432 - picamera2.picamera2 - [picamera2.py:1391] - DEBUG - Execute job: <picamera2.job.Job object at 0x7f5be99050>
2026-06-26 17:22:42,439 - mazeUtils.device.camera - [camera.py:39] - DEBUG - Average HSV: H=147.8, S=15.8, V=220.9
2026-06-26 17:22:42,446 - mazeUtils.moveTile - [moveTile.py:90] - DEBUG - [2458.759844] moveTile calculated motor speeds left=100 right=93 gyroSteer=2.6399999999999864 wallSteer=4.0 (+21.4 ms)
2026-06-26 17:22:42,467 - mazeUtils.moveTile - [moveTile.py:90] - DEBUG - [2458.781485] moveTile applied motor speed left=100 right=93 (+21.6 ms)
2026-06-26 17:22:42,468 - mazeUtils.moveTile - [moveTile.py:90] - DEBUG - [2458.782575] moveTile ramp check isBigRamp=False (+1.1 ms)
2026-06-26 17:22:42,473 - mazeUtils.moveTile - [moveTile.py:90] - DEBUG - [2458.786998] moveTile tile color check tempTileColor=E (+4.4 ms)
2026-06-26 17:22:42,474 - mazeUtils.moveTile - [moveTile.py:90] - DEBUG - [2458.787736] moveTile obstacle check escapeFlag=False (+0.7 ms)
2026-06-26 17:22:42,481 - mazeUtils.moveTile - [moveTile.py:79] - DEBUG - roll: 0.6899999999999977 deg, practicalMoveTime: 0.057963252428549335 sec
2026-06-26 17:22:42,482 - mazeUtils.moveTile - [moveTile.py:1933] - DEBUG - moveTile loop time: 58.0 ms
2026-06-26 17:22:42,483 - mazeUtils.moveTile - [moveTile.py:90] - DEBUG - [2458.797208] moveTile loop end practicalMoveTime=0.058 (+9.5 ms)
2026-06-26 17:22:42,484 - mazeUtils.moveTile - [moveTile.py:90] - DEBUG - [2458.797887] moveTile loop start (+0.7 ms)
2026-06-26 17:22:42,497 - picamera2.picamera2 - [picamera2.py:1391] - DEBUG - Execute job: <picamera2.job.Job object at 0x7f94802c10>
2026-06-26 17:22:42,503 - mazeUtils.device.camera - [camera.py:39] - DEBUG - Average HSV: H=150.2, S=15.4, V=220.5
2026-06-26 17:22:42,507 - mazeUtils.moveTile - [moveTile.py:90] - DEBUG - [2458.821484] moveTile calculated motor speeds left=100 right=96 gyroSteer=-0.40000000000009095 wallSteer=4.0 (+23.6 ms)
2026-06-26 17:22:42,531 - mazeUtils.moveTile - [moveTile.py:90] - DEBUG - [2458.844903] moveTile applied motor speed left=100 right=96 (+23.4 ms)
2026-06-26 17:22:42,532 - mazeUtils.moveTile - [moveTile.py:90] - DEBUG - [2458.845650] moveTile ramp check isBigRamp=False (+0.7 ms)
2026-06-26 17:22:42,535 - mazeUtils.moveTile - [moveTile.py:90] - DEBUG - [2458.849073] moveTile tile color check tempTileColor=E (+3.4 ms)
2026-06-26 17:22:42,536 - mazeUtils.moveTile - [moveTile.py:90] - DEBUG - [2458.849670] moveTile obstacle check escapeFlag=False (+0.6 ms)
2026-06-26 17:22:42,542 - mazeUtils.moveTile - [moveTile.py:79] - DEBUG - roll: 359.87 deg, practicalMoveTime: 0.11730765592388534 sec
2026-06-26 17:22:42,543 - mazeUtils.moveTile - [moveTile.py:1933] - DEBUG - moveTile loop time: 58.9 ms
2026-06-26 17:22:42,543 - mazeUtils.moveTile - [moveTile.py:90] - DEBUG - [2458.857306] moveTile loop end practicalMoveTime=0.117 (+7.6 ms)
2026-06-26 17:22:42,544 - mazeUtils.moveTile - [moveTile.py:90] - DEBUG - [2458.857710] moveTile loop start (+0.4 ms)
2026-06-26 17:22:42,551 - picamera2.picamera2 - [picamera2.py:1391] - DEBUG - Execute job: <picamera2.job.Job object at 0x7f94bd14d0>
2026-06-26 17:22:42,557 - mazeUtils.device.camera - [camera.py:39] - DEBUG - Average HSV: H=148.1, S=15.8, V=219.7
2026-06-26 17:22:42,566 - mazeUtils.moveTile - [moveTile.py:90] - DEBUG - [2458.879911] moveTile calculated motor speeds left=100 right=94 gyroSteer=2.2799999999999727 wallSteer=3.6000000000000014 (+22.2 ms)
2026-06-26 17:22:42,588 - mazeUtils.moveTile - [moveTile.py:90] - DEBUG - [2458.902108] moveTile applied motor speed left=100 right=94 (+22.2 ms)
2026-06-26 17:22:42,589 - mazeUtils.moveTile - [moveTile.py:90] - DEBUG - [2458.902840] moveTile ramp check isBigRamp=False (+0.7 ms)
2026-06-26 17:22:42,593 - mazeUtils.moveTile - [moveTile.py:90] - DEBUG - [2458.907136] moveTile tile color check tempTileColor=E (+4.3 ms)
2026-06-26 17:22:42,594 - mazeUtils.moveTile - [moveTile.py:90] - DEBUG - [2458.908297] moveTile obstacle check escapeFlag=False (+1.2 ms)
2026-06-26 17:22:42,600 - mazeUtils.moveTile - [moveTile.py:79] - DEBUG - roll: 0.40999999999996817 deg, practicalMoveTime: 0.17453667358091185 sec
2026-06-26 17:22:42,601 - mazeUtils.moveTile - [moveTile.py:1933] - DEBUG - moveTile loop time: 57.1 ms
2026-06-26 17:22:42,601 - mazeUtils.moveTile - [moveTile.py:90] - DEBUG - [2458.915362] moveTile loop end practicalMoveTime=0.175 (+7.1 ms)
2026-06-26 17:22:42,602 - mazeUtils.moveTile - [moveTile.py:90] - DEBUG - [2458.915803] moveTile loop start (+0.4 ms)
2026-06-26 17:22:42,608 - picamera2.picamera2 - [picamera2.py:1391] - DEBUG - Execute job: <picamera2.job.Job object at 0x7f948d8ed0>
2026-06-26 17:22:42,614 - mazeUtils.device.camera - [camera.py:39] - DEBUG - Average HSV: H=150.6, S=16.1, V=218.9
2026-06-26 17:22:42,621 - mazeUtils.moveTile - [moveTile.py:90] - DEBUG - [2458.935608] moveTile calculated motor speeds left=100 right=97 gyroSteer=1.1599999999999682 wallSteer=1.1999999999999993 (+19.8 ms)
2026-06-26 17:22:42,644 - mazeUtils.moveTile - [moveTile.py:90] - DEBUG - [2458.958332] moveTile applied motor speed left=100 right=97 (+22.7 ms)
2026-06-26 17:22:42,645 - mazeUtils.moveTile - [moveTile.py:90] - DEBUG - [2458.959047] moveTile ramp check isBigRamp=False (+0.7 ms)
2026-06-26 17:22:42,648 - mazeUtils.moveTile - [moveTile.py:90] - DEBUG - [2458.962456] moveTile tile color check tempTileColor=E (+3.4 ms)
2026-06-26 17:22:42,649 - mazeUtils.moveTile - [moveTile.py:90] - DEBUG - [2458.963460] moveTile obstacle check escapeFlag=False (+1.0 ms)
2026-06-26 17:22:42,655 - mazeUtils.moveTile - [moveTile.py:79] - DEBUG - roll: 358.51 deg, practicalMoveTime: 0.2283842946749312 sec
2026-06-26 17:22:42,655 - mazeUtils.moveTile - [moveTile.py:1933] - DEBUG - moveTile loop time: 53.7 ms
2026-06-26 17:22:42,656 - mazeUtils.moveTile - [moveTile.py:90] - DEBUG - [2458.970090] moveTile loop end practicalMoveTime=0.228 (+6.6 ms)
2026-06-26 17:22:42,656 - mazeUtils.moveTile - [moveTile.py:90] - DEBUG - [2458.970492] moveTile loop start (+0.4 ms)
2026-06-26 17:22:42,664 - picamera2.picamera2 - [picamera2.py:1391] - DEBUG - Execute job: <picamera2.job.Job object at 0x7fa32109d0>
2026-06-26 17:22:42,670 - mazeUtils.device.camera - [camera.py:39] - DEBUG - Average HSV: H=146.4, S=16.5, V=221.1
2026-06-26 17:22:42,677 - mazeUtils.moveTile - [moveTile.py:90] - DEBUG - [2458.991171] moveTile calculated motor speeds left=100 right=93 gyroSteer=5.199999999999932 wallSteer=1.1999999999999993 (+20.7 ms)
2026-06-26 17:22:42,699 - mazeUtils.moveTile - [moveTile.py:90] - DEBUG - [2459.012712] moveTile applied motor speed left=100 right=93 (+21.5 ms)
2026-06-26 17:22:42,699 - mazeUtils.moveTile - [moveTile.py:90] - DEBUG - [2459.013393] moveTile ramp check isBigRamp=False (+0.7 ms)
2026-06-26 17:22:42,703 - mazeUtils.moveTile - [moveTile.py:90] - DEBUG - [2459.017261] moveTile tile color check tempTileColor=E (+3.9 ms)
2026-06-26 17:22:42,704 - mazeUtils.moveTile - [moveTile.py:90] - DEBUG - [2459.018021] moveTile obstacle check escapeFlag=False (+0.8 ms)
2026-06-26 17:22:42,713 - mazeUtils.moveTile - [moveTile.py:79] - DEBUG - roll: 1.2699999999999818 deg, practicalMoveTime: 0.28591373144967236 sec
2026-06-26 17:22:42,714 - mazeUtils.moveTile - [moveTile.py:1933] - DEBUG - moveTile loop time: 57.5 ms
2026-06-26 17:22:42,715 - mazeUtils.moveTile - [moveTile.py:90] - DEBUG - [2459.028768] moveTile loop end practicalMoveTime=0.286 (+10.7 ms)
2026-06-26 17:22:42,715 - mazeUtils.moveTile - [moveTile.py:90] - DEBUG - [2459.029318] moveTile loop start (+0.6 ms)
2026-06-26 17:22:42,723 - picamera2.picamera2 - [picamera2.py:1391] - DEBUG - Execute job: <picamera2.job.Job object at 0x7f6a8c8bd0>
2026-06-26 17:22:42,730 - mazeUtils.device.camera - [camera.py:39] - DEBUG - Average HSV: H=151.5, S=16.3, V=217.3
2026-06-26 17:22:42,736 - mazeUtils.moveTile - [moveTile.py:90] - DEBUG - [2459.049933] moveTile calculated motor speeds left=100 right=94 gyroSteer=3.759999999999991 wallSteer=1.6000000000000014 (+20.6 ms)
2026-06-26 17:22:42,759 - mazeUtils.moveTile - [moveTile.py:90] - DEBUG - [2459.072985] moveTile applied motor speed left=100 right=94 (+23.1 ms)
2026-06-26 17:22:42,760 - mazeUtils.moveTile - [moveTile.py:90] - DEBUG - [2459.074130] moveTile ramp check isBigRamp=False (+1.1 ms)
2026-06-26 17:22:42,764 - mazeUtils.moveTile - [moveTile.py:90] - DEBUG - [2459.078559] moveTile tile color check tempTileColor=E (+4.4 ms)
2026-06-26 17:22:42,765 - mazeUtils.moveTile - [moveTile.py:90] - DEBUG - [2459.079488] moveTile obstacle check escapeFlag=False (+0.9 ms)
2026-06-26 17:22:42,771 - mazeUtils.moveTile - [moveTile.py:79] - DEBUG - roll: 358.66999999999996 deg, practicalMoveTime: 0.34328277296519516 sec
2026-06-26 17:22:42,773 - mazeUtils.moveTile - [moveTile.py:1933] - DEBUG - moveTile loop time: 57.2 ms
2026-06-26 17:22:42,773 - mazeUtils.moveTile - [moveTile.py:90] - DEBUG - [2459.087333] moveTile loop end practicalMoveTime=0.343 (+7.8 ms)
2026-06-26 17:22:42,774 - mazeUtils.moveTile - [moveTile.py:90] - DEBUG - [2459.087986] moveTile loop start (+0.7 ms)
2026-06-26 17:22:42,782 - picamera2.picamera2 - [picamera2.py:1391] - DEBUG - Execute job: <picamera2.job.Job object at 0x7f8b45fdd0>
2026-06-26 17:22:42,788 - mazeUtils.device.camera - [camera.py:39] - DEBUG - Average HSV: H=144.5, S=17.4, V=220.7
2026-06-26 17:22:42,793 - mazeUtils.moveTile - [moveTile.py:90] - DEBUG - [2459.106668] moveTile calculated motor speeds left=100 right=87 gyroSteer=5.0 wallSteer=8.0 (+18.7 ms)
2026-06-26 17:22:42,814 - mazeUtils.moveTile - [moveTile.py:90] - DEBUG - [2459.128063] moveTile applied motor speed left=100 right=87 (+21.4 ms)
2026-06-26 17:22:42,815 - mazeUtils.moveTile - [moveTile.py:90] - DEBUG - [2459.128775] moveTile ramp check isBigRamp=False (+0.7 ms)
2026-06-26 17:22:42,818 - mazeUtils.moveTile - [moveTile.py:90] - DEBUG - [2459.132206] moveTile tile color check tempTileColor=E (+3.4 ms)
2026-06-26 17:22:42,819 - mazeUtils.moveTile - [moveTile.py:90] - DEBUG - [2459.132814] moveTile obstacle check escapeFlag=False (+0.6 ms)
2026-06-26 17:22:42,824 - mazeUtils.moveTile - [moveTile.py:79] - DEBUG - roll: 0.8199999999999932 deg, practicalMoveTime: 0.39462107276818204 sec
2026-06-26 17:22:42,825 - mazeUtils.moveTile - [moveTile.py:1933] - DEBUG - moveTile loop time: 50.9 ms
2026-06-26 17:22:42,826 - mazeUtils.moveTile - [moveTile.py:90] - DEBUG - [2459.139683] moveTile loop end practicalMoveTime=0.395 (+6.9 ms)
2026-06-26 17:22:42,827 - mazeUtils.moveTile - [moveTile.py:90] - DEBUG - [2459.140765] moveTile loop start (+1.1 ms)
2026-06-26 17:22:42,836 - picamera2.picamera2 - [picamera2.py:1391] - DEBUG - Execute job: <picamera2.job.Job object at 0x7f94957d50>
2026-06-26 17:22:42,841 - mazeUtils.device.camera - [camera.py:39] - DEBUG - Average HSV: H=141.2, S=31.6, V=213.9
2026-06-26 17:22:42,850 - mazeUtils.moveTile - [moveTile.py:90] - DEBUG - [2459.164553] moveTile calculated motor speeds left=100 right=88 gyroSteer=6.599999999999909 wallSteer=4.800000000000001 (+23.8 ms)
2026-06-26 17:22:42,873 - mazeUtils.moveTile - [moveTile.py:90] - DEBUG - [2459.186966] moveTile applied motor speed left=100 right=88 (+22.4 ms)
2026-06-26 17:22:42,874 - mazeUtils.moveTile - [moveTile.py:90] - DEBUG - [2459.188166] moveTile ramp check isBigRamp=False (+1.2 ms)
2026-06-26 17:22:42,880 - mazeUtils.moveTile - [moveTile.py:90] - DEBUG - [2459.194148] moveTile tile color check tempTileColor=E (+6.0 ms)
2026-06-26 17:22:42,881 - mazeUtils.moveTile - [moveTile.py:90] - DEBUG - [2459.194826] moveTile obstacle check escapeFlag=False (+0.7 ms)
2026-06-26 17:22:42,887 - mazeUtils.moveTile - [moveTile.py:79] - DEBUG - roll: 358.09 deg, practicalMoveTime: 0.45659445661118003 sec
2026-06-26 17:22:42,888 - mazeUtils.moveTile - [moveTile.py:1933] - DEBUG - moveTile loop time: 61.0 ms
2026-06-26 17:22:42,888 - mazeUtils.moveTile - [moveTile.py:90] - DEBUG - [2459.202346] moveTile loop end practicalMoveTime=0.457 (+7.5 ms)
2026-06-26 17:22:42,889 - mazeUtils.moveTile - [moveTile.py:90] - DEBUG - [2459.202740] moveTile loop start (+0.4 ms)
2026-06-26 17:22:42,895 - picamera2.picamera2 - [picamera2.py:1391] - DEBUG - Execute job: <picamera2.job.Job object at 0x7f94988a50>
2026-06-26 17:22:42,901 - mazeUtils.device.camera - [camera.py:39] - DEBUG - Average HSV: H=134.9, S=37.8, V=214.6
2026-06-26 17:22:42,909 - mazeUtils.moveTile - [moveTile.py:90] - DEBUG - [2459.223256] moveTile calculated motor speeds left=100 right=88 gyroSteer=6.67999999999995 wallSteer=4.399999999999999 (+20.5 ms)
2026-06-26 17:22:42,929 - mazeUtils.moveTile - [moveTile.py:90] - DEBUG - [2459.242665] moveTile applied motor speed left=100 right=88 (+19.4 ms)
2026-06-26 17:22:42,929 - mazeUtils.moveTile - [moveTile.py:90] - DEBUG - [2459.243448] moveTile ramp check isBigRamp=False (+0.8 ms)
2026-06-26 17:22:42,933 - mazeUtils.moveTile - [moveTile.py:90] - DEBUG - [2459.247342] moveTile tile color check tempTileColor=E (+3.9 ms)
2026-06-26 17:22:42,934 - mazeUtils.moveTile - [moveTile.py:90] - DEBUG - [2459.248565] moveTile obstacle check escapeFlag=False (+1.2 ms)
2026-06-26 17:22:42,940 - mazeUtils.moveTile - [moveTile.py:79] - DEBUG - roll: 2.6100000000000136 deg, practicalMoveTime: 0.5092280673036077 sec
2026-06-26 17:22:42,941 - mazeUtils.moveTile - [moveTile.py:1933] - DEBUG - moveTile loop time: 52.5 ms
2026-06-26 17:22:42,942 - mazeUtils.moveTile - [moveTile.py:90] - DEBUG - [2459.255823] moveTile loop end practicalMoveTime=0.509 (+7.3 ms)
2026-06-26 17:22:42,942 - mazeUtils.moveTile - [moveTile.py:90] - DEBUG - [2459.256343] moveTile loop start (+0.5 ms)
2026-06-26 17:22:42,952 - picamera2.picamera2 - [picamera2.py:1391] - DEBUG - Execute job: <picamera2.job.Job object at 0x7f94988a50>
2026-06-26 17:22:42,961 - mazeUtils.device.camera - [camera.py:39] - DEBUG - Average HSV: H=167.2, S=23.0, V=209.3
2026-06-26 17:22:42,965 - mazeUtils.moveTile - [moveTile.py:90] - DEBUG - [2459.279598] moveTile calculated motor speeds left=100 right=90 gyroSteer=4.159999999999968 wallSteer=5.199999999999999 (+23.3 ms)
2026-06-26 17:22:42,987 - mazeUtils.moveTile - [moveTile.py:90] - DEBUG - [2459.300777] moveTile applied motor speed left=100 right=90 (+21.2 ms)
2026-06-26 17:22:42,987 - mazeUtils.moveTile - [moveTile.py:90] - DEBUG - [2459.301604] moveTile ramp check isBigRamp=False (+0.8 ms)
2026-06-26 17:22:42,992 - mazeUtils.moveTile - [moveTile.py:90] - DEBUG - [2459.306096] moveTile tile color check tempTileColor=E (+4.5 ms)
2026-06-26 17:22:42,993 - mazeUtils.moveTile - [moveTile.py:90] - DEBUG - [2459.306867] moveTile obstacle check escapeFlag=False (+0.8 ms)
2026-06-26 17:22:42,999 - mazeUtils.moveTile - [moveTile.py:79] - DEBUG - roll: 359.37 deg, practicalMoveTime: 0.56732336505636 sec
2026-06-26 17:22:43,000 - mazeUtils.moveTile - [moveTile.py:1933] - DEBUG - moveTile loop time: 57.9 ms
2026-06-26 17:22:43,001 - mazeUtils.moveTile - [moveTile.py:90] - DEBUG - [2459.314892] moveTile loop end practicalMoveTime=0.567 (+8.0 ms)
2026-06-26 17:22:43,001 - mazeUtils.moveTile - [moveTile.py:90] - DEBUG - [2459.315379] moveTile loop start (+0.5 ms)
2026-06-26 17:22:43,008 - picamera2.picamera2 - [picamera2.py:1391] - DEBUG - Execute job: <picamera2.job.Job object at 0x7f94988a50>
2026-06-26 17:22:43,015 - mazeUtils.device.camera - [camera.py:39] - DEBUG - Average HSV: H=159.1, S=18.4, V=214.0
2026-06-26 17:22:43,024 - mazeUtils.moveTile - [moveTile.py:90] - DEBUG - [2459.338234] moveTile calculated motor speeds left=100 right=91 gyroSteer=3.759999999999991 wallSteer=4.800000000000001 (+22.9 ms)
2026-06-26 17:22:43,046 - mazeUtils.moveTile - [moveTile.py:90] - DEBUG - [2459.360150] moveTile applied motor speed left=100 right=91 (+21.9 ms)
2026-06-26 17:22:43,047 - mazeUtils.moveTile - [moveTile.py:90] - DEBUG - [2459.360880] moveTile ramp check isBigRamp=False (+0.7 ms)
2026-06-26 17:22:43,051 - mazeUtils.moveTile - [moveTile.py:90] - DEBUG - [2459.364761] moveTile tile color check tempTileColor=E (+3.9 ms)
2026-06-26 17:22:43,052 - mazeUtils.moveTile - [moveTile.py:90] - DEBUG - [2459.365670] moveTile obstacle check escapeFlag=False (+0.9 ms)
2026-06-26 17:22:43,058 - mazeUtils.moveTile - [moveTile.py:79] - DEBUG - roll: 1.7299999999999613 deg, practicalMoveTime: 0.6249505753537747 sec
2026-06-26 17:22:43,059 - mazeUtils.moveTile - [moveTile.py:1933] - DEBUG - moveTile loop time: 57.5 ms
2026-06-26 17:22:43,059 - mazeUtils.moveTile - [moveTile.py:90] - DEBUG - [2459.373549] moveTile loop end practicalMoveTime=0.625 (+7.9 ms)
2026-06-26 17:22:43,061 - mazeUtils.moveTile - [moveTile.py:90] - DEBUG - [2459.374719] moveTile loop start (+1.2 ms)
2026-06-26 17:22:43,067 - picamera2.picamera2 - [picamera2.py:1391] - DEBUG - Execute job: <picamera2.job.Job object at 0x7f95a0ca10>
2026-06-26 17:22:43,074 - mazeUtils.device.camera - [camera.py:39] - DEBUG - Average HSV: H=146.3, S=20.6, V=210.6
2026-06-26 17:22:43,084 - mazeUtils.moveTile - [moveTile.py:90] - DEBUG - [2459.398110] moveTile calculated motor speeds left=100 right=90 gyroSteer=4.919999999999959 wallSteer=4.800000000000001 (+23.4 ms)
2026-06-26 17:22:43,104 - mazeUtils.moveTile - [moveTile.py:90] - DEBUG - [2459.417694] moveTile applied motor speed left=100 right=90 (+19.6 ms)
2026-06-26 17:22:43,104 - mazeUtils.moveTile - [moveTile.py:90] - DEBUG - [2459.418462] moveTile ramp check isBigRamp=False (+0.8 ms)
2026-06-26 17:22:43,108 - mazeUtils.moveTile - [moveTile.py:90] - DEBUG - [2459.422095] moveTile tile color check tempTileColor=E (+3.6 ms)
2026-06-26 17:22:43,109 - mazeUtils.moveTile - [moveTile.py:90] - DEBUG - [2459.422822] moveTile obstacle check escapeFlag=False (+0.7 ms)
2026-06-26 17:22:43,115 - mazeUtils.moveTile - [moveTile.py:79] - DEBUG - roll: 359.46999999999997 deg, practicalMoveTime: 0.6814710785357279 sec
2026-06-26 17:22:43,116 - mazeUtils.moveTile - [moveTile.py:1933] - DEBUG - moveTile loop time: 55.6 ms
2026-06-26 17:22:43,117 - mazeUtils.moveTile - [moveTile.py:90] - DEBUG - [2459.430871] moveTile loop end practicalMoveTime=0.681 (+8.0 ms)
2026-06-26 17:22:43,117 - mazeUtils.moveTile - [moveTile.py:90] - DEBUG - [2459.431314] moveTile loop start (+0.4 ms)
2026-06-26 17:22:43,125 - picamera2.picamera2 - [picamera2.py:1391] - DEBUG - Execute job: <picamera2.job.Job object at 0x7fa32109d0>
2026-06-26 17:22:43,132 - mazeUtils.device.camera - [camera.py:39] - DEBUG - Average HSV: H=141.0, S=23.6, V=212.2
2026-06-26 17:22:43,137 - mazeUtils.moveTile - [moveTile.py:90] - DEBUG - [2459.450864] moveTile calculated motor speeds left=100 right=99 gyroSteer=-2.7200000000000273 wallSteer=2.8000000000000007 (+19.6 ms)
2026-06-26 17:22:43,157 - mazeUtils.moveTile - [moveTile.py:90] - DEBUG - [2459.471166] moveTile applied motor speed left=100 right=99 (+20.3 ms)
2026-06-26 17:22:43,158 - mazeUtils.moveTile - [moveTile.py:90] - DEBUG - [2459.471898] moveTile ramp check isBigRamp=False (+0.7 ms)
2026-06-26 17:22:43,161 - mazeUtils.moveTile - [moveTile.py:90] - DEBUG - [2459.475500] moveTile tile color check tempTileColor=E (+3.6 ms)
2026-06-26 17:22:43,162 - mazeUtils.moveTile - [moveTile.py:90] - DEBUG - [2459.476201] moveTile obstacle check escapeFlag=False (+0.7 ms)
2026-06-26 17:22:43,169 - mazeUtils.moveTile - [moveTile.py:79] - DEBUG - roll: 0.3100000000000023 deg, practicalMoveTime: 0.7343591214655677 sec
2026-06-26 17:22:43,170 - mazeUtils.moveTile - [moveTile.py:1933] - DEBUG - moveTile loop time: 53.1 ms
2026-06-26 17:22:43,171 - mazeUtils.moveTile - [moveTile.py:90] - DEBUG - [2459.485149] moveTile loop end practicalMoveTime=0.734 (+8.9 ms)
2026-06-26 17:22:43,172 - mazeUtils.moveTile - [moveTile.py:90] - DEBUG - [2459.486172] moveTile loop start (+1.0 ms)
2026-06-26 17:22:43,181 - picamera2.picamera2 - [picamera2.py:1391] - DEBUG - Execute job: <picamera2.job.Job object at 0x7f94957d50>
2026-06-26 17:22:43,187 - mazeUtils.device.camera - [camera.py:39] - DEBUG - Average HSV: H=137.5, S=25.9, V=214.2
2026-06-26 17:22:43,194 - mazeUtils.moveTile - [moveTile.py:90] - DEBUG - [2459.507933] moveTile calculated motor speeds left=98 right=100 gyroSteer=-4.240000000000009 wallSteer=2.8000000000000007 (+21.8 ms)
2026-06-26 17:22:43,214 - mazeUtils.moveTile - [moveTile.py:90] - DEBUG - [2459.528269] moveTile applied motor speed left=98 right=100 (+20.3 ms)
2026-06-26 17:22:43,215 - mazeUtils.moveTile - [moveTile.py:90] - DEBUG - [2459.529144] moveTile ramp check isBigRamp=False (+0.9 ms)
2026-06-26 17:22:43,219 - mazeUtils.moveTile - [moveTile.py:90] - DEBUG - [2459.533383] moveTile tile color check tempTileColor=E (+4.2 ms)
2026-06-26 17:22:43,220 - mazeUtils.moveTile - [moveTile.py:90] - DEBUG - [2459.534100] moveTile obstacle check escapeFlag=False (+0.7 ms)
2026-06-26 17:22:43,225 - mazeUtils.moveTile - [moveTile.py:79] - DEBUG - roll: 0.38999999999998636 deg, practicalMoveTime: 0.7889231466087868 sec
2026-06-26 17:22:43,227 - mazeUtils.moveTile - [moveTile.py:1933] - DEBUG - moveTile loop time: 54.6 ms
2026-06-26 17:22:43,227 - mazeUtils.moveTile - [moveTile.py:90] - DEBUG - [2459.541397] moveTile loop end practicalMoveTime=0.789 (+7.3 ms)
2026-06-26 17:22:43,228 - mazeUtils.moveTile - [moveTile.py:90] - DEBUG - [2459.541984] moveTile loop start (+0.6 ms)
2026-06-26 17:22:43,233 - picamera2.picamera2 - [picamera2.py:1391] - DEBUG - Execute job: <picamera2.job.Job object at 0x7f94802c10>
2026-06-26 17:22:43,241 - mazeUtils.device.camera - [camera.py:39] - DEBUG - Average HSV: H=129.6, S=53.8, V=194.2
2026-06-26 17:22:43,248 - mazeUtils.moveTile - [moveTile.py:90] - DEBUG - [2459.562481] moveTile calculated motor speeds left=94 right=100 gyroSteer=-7.800000000000182 wallSteer=2.8000000000000007 (+20.5 ms)
2026-06-26 17:22:43,270 - mazeUtils.moveTile - [moveTile.py:90] - DEBUG - [2459.583873] moveTile applied motor speed left=94 right=100 (+21.4 ms)
2026-06-26 17:22:43,272 - mazeUtils.moveTile - [moveTile.py:90] - DEBUG - [2459.585709] moveTile ramp check isBigRamp=False (+1.8 ms)
2026-06-26 17:22:43,276 - mazeUtils.moveTile - [moveTile.py:90] - DEBUG - [2459.590258] moveTile tile color check tempTileColor=E (+4.5 ms)
2026-06-26 17:22:43,277 - mazeUtils.moveTile - [moveTile.py:90] - DEBUG - [2459.590970] moveTile obstacle check escapeFlag=False (+0.7 ms)
2026-06-26 17:22:43,282 - mazeUtils.moveTile - [moveTile.py:79] - DEBUG - roll: 359.75 deg, practicalMoveTime: 0.8444446820792102 sec
2026-06-26 17:22:43,283 - mazeUtils.moveTile - [moveTile.py:1933] - DEBUG - moveTile loop time: 55.5 ms
2026-06-26 17:22:43,284 - mazeUtils.moveTile - [moveTile.py:90] - DEBUG - [2459.598556] moveTile loop end practicalMoveTime=0.844 (+7.6 ms)
2026-06-26 17:22:43,285 - mazeUtils.moveTile - [moveTile.py:90] - DEBUG - [2459.599154] moveTile loop start (+0.6 ms)
2026-06-26 17:22:43,293 - picamera2.picamera2 - [picamera2.py:1391] - DEBUG - Execute job: <picamera2.job.Job object at 0x7f948d8ed0>
2026-06-26 17:22:43,299 - mazeUtils.device.camera - [camera.py:39] - DEBUG - Average HSV: H=119.9, S=82.0, V=189.8
2026-06-26 17:22:43,304 - mazeUtils.moveTile - [moveTile.py:90] - DEBUG - [2459.617986] moveTile calculated motor speeds left=93 right=100 gyroSteer=-8.400000000000091 wallSteer=2.3999999999999986 (+18.8 ms)
2026-06-26 17:22:43,323 - mazeUtils.moveTile - [moveTile.py:90] - DEBUG - [2459.637464] moveTile applied motor speed left=93 right=100 (+19.5 ms)
2026-06-26 17:22:43,324 - mazeUtils.moveTile - [moveTile.py:90] - DEBUG - [2459.638176] moveTile ramp check isBigRamp=False (+0.7 ms)
2026-06-26 17:22:43,330 - mazeUtils.moveTile - [moveTile.py:90] - DEBUG - [2459.643843] moveTile tile color check tempTileColor=E (+5.7 ms)
2026-06-26 17:22:43,330 - mazeUtils.moveTile - [moveTile.py:90] - DEBUG - [2459.644491] moveTile obstacle check escapeFlag=False (+0.6 ms)
2026-06-26 17:22:43,336 - mazeUtils.moveTile - [moveTile.py:1780] - INFO - practicalVerticalMove: 0.14240986416218326 CM
2026-06-26 17:22:43,356 - mazeUtils.moveTile - [moveTile.py:90] - DEBUG - [2459.670396] moveTile finished by time control (+25.9 ms)
2026-06-26 17:22:43,357 - mazeUtils.moveTile - [moveTile.py:90] - DEBUG - [2459.671225] moveTile start final forward adjustment (+26.7 ms)
2026-06-26 17:22:43,388 - mazeUtils.moveTile - [moveTile.py:90] - DEBUG - [2459.701935] moveTile finished final forward adjustment (+30.7 ms)
2026-06-26 17:22:43,389 - mazeUtils.moveTile - [moveTile.py:2143] - INFO - Set moved vertical distance: 0.14240986416218326 cm, past distances: [(-0.09904817799334438, False), (0, False), (0, False)]
2026-06-26 17:22:43,390 - mazeUtils.moveTile - [moveTile.py:90] - DEBUG - [2459.704548] moveTile updated moved vertical distance 0.142 (+2.6 ms)
2026-06-26 17:22:43,542 - mazeUtils.moveTile - [moveTile.py:564] - DEBUG - Direction: absDirection.NORTH, Angle: 0, Distance: 101.19241478500142 cm
2026-06-26 17:22:43,544 - mazeUtils.moveTile - [moveTile.py:571] - INFO - angle: 0, result: judgeWallResult.NO_WALL
2026-06-26 17:22:43,547 - mazeUtils.moveTile - [moveTile.py:564] - DEBUG - Direction: absDirection.EAST, Angle: 270, Distance: 49.427834004124506 cm
2026-06-26 17:22:43,548 - mazeUtils.moveTile - [moveTile.py:564] - DEBUG - Direction: absDirection.SOUTH, Angle: 180, Distance: 85.2301178375676 cm
2026-06-26 17:22:43,550 - mazeUtils.moveTile - [moveTile.py:564] - DEBUG - Direction: absDirection.WEST, Angle: 90, Distance: 16.347807197305276 cm
2026-06-26 17:22:43,551 - mazeUtils.moveTile - [moveTile.py:90] - DEBUG - [2459.865434] moveTile updated map and detected walls (+160.9 ms)
2026-06-26 17:22:43,555 - mazeUtils.moveTile - [moveTile.py:2298] - INFO - Tile color detection, decided tile type: E
2026-06-26 17:22:43,556 - mazeUtils.moveTile - [moveTile.py:90] - DEBUG - [2459.870561] moveTile finished (+166.0 ms)
2026-06-26 17:22:43,650 - __main__ - [main.py:108] - INFO - Current position: (20, 18, 0), front direction: absDirection.NORTH
Layer 0 (altitude=0.0cm, offset=(0.0cm, 0.0cm)):
Known map area: x=20..20, y=18..20
+   +
| @  
+   +
| E  
+   +
| S |
+---+
mazeAsGraph[0][18][20] = {absDirection.NORTH: (20, 17, 0, 30), absDirection.EAST: (21, 18, 0, 30), absDirection.SOUTH: (20, 19, 0, 30), absDirection.WEST: None}
mazeAsGraph[0][19][20] = {absDirection.NORTH: (20, 18, 0, 30), absDirection.EAST: (21, 19, 0, 30), absDirection.SOUTH: (20, 20, 0, 30), absDirection.WEST: None}
mazeAsGraph[0][20][20] = {absDirection.NORTH: (20, 19, 0, 30), absDirection.EAST: None, absDirection.SOUTH: None, absDirection.WEST: None}
2026-06-26 17:22:43,882 - mazeUtils.mazeMap - [mazeMap.py:61] - INFO - next goal: (20, 17, 0)
2026-06-26 17:22:43,884 - mazeUtils.mazeMap - [mazeMap.py:61] - INFO - next goal: (20, 20, 0)
2026-06-26 17:22:43,885 - mazeUtils.moveTile - [moveTile.py:88] - DEBUG - [2460.199599] moveTile start direction=absDirection.NORTH position=(20, 18, 0) front=absDirection.NORTH
2026-06-26 17:22:43,892 - mazeUtils.moveTile - [moveTile.py:90] - DEBUG - [2460.205648] moveTile after initial toggle check (+6.0 ms)
2026-06-26 17:22:43,894 - mazeUtils.moveTile - [moveTile.py:90] - DEBUG - [2460.208137] moveTile after tile checks isRedTile=False isUnknownTileAhead=True (+2.5 ms)
2026-06-26 17:22:43,895 - mazeUtils.moveTile - [moveTile.py:79] - DEBUG - Moving to absDirection.NORTH from (20, 18, 0) facing absDirection.NORTH
2026-06-26 17:22:43,895 - mazeUtils.moveTile - [moveTile.py:90] - DEBUG - [2460.209278] moveTile start heading change target=0 (+1.1 ms)
2026-06-26 17:22:43,922 - mazeUtils.moveTile - [moveTile.py:79] - DEBUG - current heading: 359.64 target: 0
2026-06-26 17:22:43,941 - mazeUtils.moveTile - [moveTile.py:436] - DEBUG - stopped turning at heading: 359.64, diff: 0.36000000000001364
2026-06-26 17:22:43,988 - mazeUtils.moveTile - [moveTile.py:79] - DEBUG - Turned to heading: 359.63 deg
2026-06-26 17:22:43,990 - mazeUtils.moveTile - [moveTile.py:90] - DEBUG - [2460.304217] moveTile finished heading change (+94.9 ms)
2026-06-26 17:22:43,991 - mazeUtils.moveTile - [moveTile.py:90] - DEBUG - [2460.304720] moveTile updated front direction (+0.5 ms)
2026-06-26 17:22:44,011 - mazeUtils.moveTile - [moveTile.py:90] - DEBUG - [2460.325423] moveTile stopped motors before alignment (+20.7 ms)
2026-06-26 17:22:44,166 - mazeUtils.moveTile - [moveTile.py:564] - DEBUG - Direction: absDirection.NORTH, Angle: 0, Distance: 99.75220251199367 cm
2026-06-26 17:22:44,169 - mazeUtils.moveTile - [moveTile.py:564] - DEBUG - Direction: absDirection.EAST, Angle: 270, Distance: 48.8833110798581 cm
2026-06-26 17:22:44,171 - mazeUtils.moveTile - [moveTile.py:564] - DEBUG - Direction: absDirection.SOUTH, Angle: 180, Distance: 85.0966718039385 cm
2026-06-26 17:22:44,173 - mazeUtils.moveTile - [moveTile.py:564] - DEBUG - Direction: absDirection.WEST, Angle: 90, Distance: 16.174541588664177 cm
2026-06-26 17:22:44,175 - mazeUtils.moveTile - [moveTile.py:90] - DEBUG - [2460.489275] moveTile ready for forward move (+163.9 ms)
2026-06-26 17:22:44,211 - mazeUtils.moveTile - [moveTile.py:90] - DEBUG - [2460.524926] moveTile initialized movement targetSteps=1 (+35.7 ms)
2026-06-26 17:22:44,213 - mazeUtils.moveTile - [moveTile.py:90] - DEBUG - [2460.526615] moveTile loop start (+1.7 ms)
2026-06-26 17:22:44,225 - picamera2.picamera2 - [picamera2.py:1391] - DEBUG - Execute job: <picamera2.job.Job object at 0x7f958df290>
2026-06-26 17:22:44,234 - mazeUtils.device.camera - [camera.py:39] - DEBUG - Average HSV: H=120.4, S=86.0, V=154.1
2026-06-26 17:22:44,243 - mazeUtils.moveTile - [moveTile.py:90] - DEBUG - [2460.557213] moveTile calculated motor speeds left=100 right=95 gyroSteer=2.9599999999999227 wallSteer=2.0 (+30.6 ms)
2026-06-26 17:22:44,265 - mazeUtils.moveTile - [moveTile.py:90] - DEBUG - [2460.579232] moveTile applied motor speed left=100 right=95 (+22.0 ms)
2026-06-26 17:22:44,267 - mazeUtils.moveTile - [moveTile.py:90] - DEBUG - [2460.581237] moveTile ramp check isBigRamp=False (+2.0 ms)
2026-06-26 17:22:44,273 - mazeUtils.moveTile - [moveTile.py:90] - DEBUG - [2460.586793] moveTile tile color check tempTileColor=E (+5.6 ms)
2026-06-26 17:22:44,273 - mazeUtils.moveTile - [moveTile.py:90] - DEBUG - [2460.587620] moveTile obstacle check escapeFlag=False (+0.8 ms)
2026-06-26 17:22:44,280 - mazeUtils.moveTile - [moveTile.py:79] - DEBUG - roll: 0.2899999999999636 deg, practicalMoveTime: 0.06906417256401996 sec
2026-06-26 17:22:44,281 - mazeUtils.moveTile - [moveTile.py:1933] - DEBUG - moveTile loop time: 68.5 ms
2026-06-26 17:22:44,282 - mazeUtils.moveTile - [moveTile.py:90] - DEBUG - [2460.595845] moveTile loop end practicalMoveTime=0.069 (+8.2 ms)
2026-06-26 17:22:44,283 - mazeUtils.moveTile - [moveTile.py:90] - DEBUG - [2460.596673] moveTile loop start (+0.8 ms)
2026-06-26 17:22:44,290 - picamera2.picamera2 - [picamera2.py:1391] - DEBUG - Execute job: <picamera2.job.Job object at 0x7f8b45ff90>
2026-06-26 17:22:44,298 - mazeUtils.device.camera - [camera.py:39] - DEBUG - Average HSV: H=122.2, S=84.9, V=145.2
2026-06-26 17:22:44,304 - mazeUtils.moveTile - [moveTile.py:90] - DEBUG - [2460.617655] moveTile calculated motor speeds left=100 right=91 gyroSteer=5.919999999999959 wallSteer=2.3999999999999986 (+21.0 ms)
2026-06-26 17:22:44,323 - mazeUtils.moveTile - [moveTile.py:90] - DEBUG - [2460.637560] moveTile applied motor speed left=100 right=91 (+19.9 ms)
2026-06-26 17:22:44,327 - mazeUtils.moveTile - [moveTile.py:90] - DEBUG - [2460.641308] moveTile ramp check isBigRamp=False (+3.7 ms)
2026-06-26 17:22:44,331 - mazeUtils.moveTile - [moveTile.py:90] - DEBUG - [2460.645161] moveTile tile color check tempTileColor=E (+3.9 ms)
2026-06-26 17:22:44,332 - mazeUtils.moveTile - [moveTile.py:90] - DEBUG - [2460.645971] moveTile obstacle check escapeFlag=False (+0.8 ms)
2026-06-26 17:22:44,338 - mazeUtils.moveTile - [moveTile.py:79] - DEBUG - roll: 0.36000000000001364 deg, practicalMoveTime: 0.126101117391062 sec
2026-06-26 17:22:44,340 - mazeUtils.moveTile - [moveTile.py:1933] - DEBUG - moveTile loop time: 57.2 ms
2026-06-26 17:22:44,345 - mazeUtils.moveTile - [moveTile.py:90] - DEBUG - [2460.659004] moveTile loop end practicalMoveTime=0.126 (+13.0 ms)
2026-06-26 17:22:44,346 - mazeUtils.moveTile - [moveTile.py:90] - DEBUG - [2460.659842] moveTile loop start (+0.8 ms)
2026-06-26 17:22:44,354 - picamera2.picamera2 - [picamera2.py:1391] - DEBUG - Execute job: <picamera2.job.Job object at 0x7f94988a50>
2026-06-26 17:22:44,361 - mazeUtils.device.camera - [camera.py:39] - DEBUG - Average HSV: H=117.3, S=123.3, V=134.2
2026-06-26 17:22:44,371 - mazeUtils.moveTile - [moveTile.py:90] - DEBUG - [2460.685096] moveTile calculated motor speeds left=100 right=90 gyroSteer=7.599999999999909 wallSteer=2.3999999999999986 (+25.3 ms)
2026-06-26 17:22:44,391 - mazeUtils.moveTile - [moveTile.py:90] - DEBUG - [2460.705519] moveTile applied motor speed left=100 right=90 (+20.4 ms)
2026-06-26 17:22:44,392 - mazeUtils.moveTile - [moveTile.py:90] - DEBUG - [2460.706421] moveTile ramp check isBigRamp=False (+0.9 ms)
2026-06-26 17:22:44,397 - mazeUtils.moveTile - [moveTile.py:90] - DEBUG - [2460.711527] moveTile tile color check tempTileColor=E (+5.1 ms)
2026-06-26 17:22:44,399 - mazeUtils.moveTile - [moveTile.py:90] - DEBUG - [2460.713009] moveTile obstacle check escapeFlag=False (+1.5 ms)
2026-06-26 17:22:44,405 - mazeUtils.moveTile - [moveTile.py:79] - DEBUG - roll: 359.49 deg, practicalMoveTime: 0.19111033864918903 sec
2026-06-26 17:22:44,406 - mazeUtils.moveTile - [moveTile.py:1933] - DEBUG - moveTile loop time: 60.3 ms
2026-06-26 17:22:44,407 - mazeUtils.moveTile - [moveTile.py:90] - DEBUG - [2460.721184] moveTile loop end practicalMoveTime=0.191 (+8.2 ms)
2026-06-26 17:22:44,408 - mazeUtils.moveTile - [moveTile.py:90] - DEBUG - [2460.722340] moveTile loop start (+1.2 ms)
2026-06-26 17:22:44,418 - picamera2.picamera2 - [picamera2.py:1391] - DEBUG - Execute job: <picamera2.job.Job object at 0x7f958df290>
2026-06-26 17:22:44,427 - mazeUtils.device.camera - [camera.py:39] - DEBUG - Average HSV: H=114.3, S=160.5, V=142.6
2026-06-26 17:22:44,436 - mazeUtils.moveTile - [moveTile.py:90] - DEBUG - [2460.750014] moveTile calculated motor speeds left=100 right=91 gyroSteer=5.519999999999982 wallSteer=2.8000000000000007 (+27.7 ms)
2026-06-26 17:22:44,455 - mazeUtils.moveTile - [moveTile.py:90] - DEBUG - [2460.769386] moveTile applied motor speed left=100 right=91 (+19.4 ms)
2026-06-26 17:22:44,456 - mazeUtils.moveTile - [moveTile.py:90] - DEBUG - [2460.770475] moveTile ramp check isBigRamp=False (+1.1 ms)
2026-06-26 17:22:44,461 - mazeUtils.moveTile - [moveTile.py:90] - DEBUG - [2460.774736] moveTile tile color check tempTileColor=E (+4.3 ms)
2026-06-26 17:22:44,462 - mazeUtils.moveTile - [moveTile.py:90] - DEBUG - [2460.775743] moveTile obstacle check escapeFlag=False (+1.0 ms)
2026-06-26 17:22:44,470 - mazeUtils.moveTile - [moveTile.py:79] - DEBUG - roll: 0.8600000000000136 deg, practicalMoveTime: 0.2541729746275956 sec
2026-06-26 17:22:44,472 - mazeUtils.moveTile - [moveTile.py:1933] - DEBUG - moveTile loop time: 63.0 ms
2026-06-26 17:22:44,472 - mazeUtils.moveTile - [moveTile.py:90] - DEBUG - [2460.786449] moveTile loop end practicalMoveTime=0.254 (+10.7 ms)
2026-06-26 17:22:44,473 - mazeUtils.moveTile - [moveTile.py:90] - DEBUG - [2460.787054] moveTile loop start (+0.6 ms)
2026-06-26 17:22:44,482 - picamera2.picamera2 - [picamera2.py:1391] - DEBUG - Execute job: <picamera2.job.Job object at 0x7f5be99050>
2026-06-26 17:22:44,490 - mazeUtils.device.camera - [camera.py:39] - DEBUG - Average HSV: H=114.0, S=174.4, V=150.8
2026-06-26 17:22:44,497 - mazeUtils.moveTile - [moveTile.py:90] - DEBUG - [2460.810693] moveTile calculated motor speeds left=100 right=92 gyroSteer=6.67999999999995 wallSteer=1.1999999999999993 (+23.6 ms)
2026-06-26 17:22:44,521 - mazeUtils.moveTile - [moveTile.py:90] - DEBUG - [2460.834843] moveTile applied motor speed left=100 right=92 (+24.2 ms)
2026-06-26 17:22:44,521 - mazeUtils.moveTile - [moveTile.py:90] - DEBUG - [2460.835578] moveTile ramp check isBigRamp=False (+0.7 ms)
2026-06-26 17:22:44,525 - mazeUtils.moveTile - [moveTile.py:90] - DEBUG - [2460.839016] moveTile tile color check tempTileColor=E (+3.4 ms)
2026-06-26 17:22:44,525 - mazeUtils.moveTile - [moveTile.py:90] - DEBUG - [2460.839559] moveTile obstacle check escapeFlag=False (+0.5 ms)
2026-06-26 17:22:44,531 - mazeUtils.moveTile - [moveTile.py:79] - DEBUG - roll: 0.8499999999999659 deg, practicalMoveTime: 0.3134776918016951 sec
2026-06-26 17:22:44,532 - mazeUtils.moveTile - [moveTile.py:1933] - DEBUG - moveTile loop time: 58.9 ms
2026-06-26 17:22:44,532 - mazeUtils.moveTile - [moveTile.py:90] - DEBUG - [2460.846572] moveTile loop end practicalMoveTime=0.313 (+7.0 ms)
2026-06-26 17:22:44,533 - mazeUtils.moveTile - [moveTile.py:90] - DEBUG - [2460.847060] moveTile loop start (+0.5 ms)
2026-06-26 17:22:44,541 - picamera2.picamera2 - [picamera2.py:1391] - DEBUG - Execute job: <picamera2.job.Job object at 0x7f95198210>
2026-06-26 17:22:44,547 - mazeUtils.device.camera - [camera.py:39] - DEBUG - Average HSV: H=114.5, S=174.6, V=144.6
2026-06-26 17:22:44,556 - mazeUtils.moveTile - [moveTile.py:90] - DEBUG - [2460.870244] moveTile calculated motor speeds left=100 right=97 gyroSteer=1.3999999999999773 wallSteer=1.6000000000000014 (+23.2 ms)
2026-06-26 17:22:44,583 - mazeUtils.moveTile - [moveTile.py:90] - DEBUG - [2460.896702] moveTile applied motor speed left=100 right=97 (+26.5 ms)
2026-06-26 17:22:44,583 - mazeUtils.moveTile - [moveTile.py:90] - DEBUG - [2460.897571] moveTile ramp check isBigRamp=False (+0.9 ms)
2026-06-26 17:22:44,588 - mazeUtils.moveTile - [moveTile.py:90] - DEBUG - [2460.902178] moveTile tile color check tempTileColor=E (+4.6 ms)
2026-06-26 17:22:44,589 - mazeUtils.moveTile - [moveTile.py:90] - DEBUG - [2460.903462] moveTile obstacle check escapeFlag=False (+1.3 ms)
2026-06-26 17:22:44,595 - mazeUtils.moveTile - [moveTile.py:79] - DEBUG - roll: 359.28999999999996 deg, practicalMoveTime: 0.37646976607241917 sec
2026-06-26 17:22:44,596 - mazeUtils.moveTile - [moveTile.py:1933] - DEBUG - moveTile loop time: 63.2 ms
2026-06-26 17:22:44,597 - mazeUtils.moveTile - [moveTile.py:90] - DEBUG - [2460.911285] moveTile loop end practicalMoveTime=0.376 (+7.8 ms)
2026-06-26 17:22:44,598 - mazeUtils.moveTile - [moveTile.py:90] - DEBUG - [2460.912467] moveTile loop start (+1.2 ms)
2026-06-26 17:22:44,606 - picamera2.picamera2 - [picamera2.py:1391] - DEBUG - Execute job: <picamera2.job.Job object at 0x7f8b419e10>
2026-06-26 17:22:44,612 - mazeUtils.device.camera - [camera.py:39] - DEBUG - Average HSV: H=114.2, S=176.3, V=143.5
2026-06-26 17:22:44,619 - mazeUtils.moveTile - [moveTile.py:90] - DEBUG - [2460.933161] moveTile calculated motor speeds left=100 right=87 gyroSteer=7.239999999999895 wallSteer=5.199999999999999 (+20.7 ms)
2026-06-26 17:22:44,639 - mazeUtils.moveTile - [moveTile.py:90] - DEBUG - [2460.953441] moveTile applied motor speed left=100 right=87 (+20.3 ms)
2026-06-26 17:22:44,640 - mazeUtils.moveTile - [moveTile.py:90] - DEBUG - [2460.954230] moveTile ramp check isBigRamp=False (+0.8 ms)
2026-06-26 17:22:44,644 - mazeUtils.moveTile - [moveTile.py:90] - DEBUG - [2460.957897] moveTile tile color check tempTileColor=E (+3.7 ms)
2026-06-26 17:22:44,645 - mazeUtils.moveTile - [moveTile.py:90] - DEBUG - [2460.958970] moveTile obstacle check escapeFlag=False (+1.1 ms)
2026-06-26 17:22:44,652 - mazeUtils.moveTile - [moveTile.py:79] - DEBUG - roll: 0.9399999999999977 deg, practicalMoveTime: 0.4323608000343475 sec
2026-06-26 17:22:44,653 - mazeUtils.moveTile - [moveTile.py:1933] - DEBUG - moveTile loop time: 54.6 ms
2026-06-26 17:22:44,654 - mazeUtils.moveTile - [moveTile.py:90] - DEBUG - [2460.967667] moveTile loop end practicalMoveTime=0.432 (+8.7 ms)
2026-06-26 17:22:44,654 - mazeUtils.moveTile - [moveTile.py:90] - DEBUG - [2460.968218] moveTile loop start (+0.6 ms)
2026-06-26 17:22:44,661 - picamera2.picamera2 - [picamera2.py:1391] - DEBUG - Execute job: <picamera2.job.Job object at 0x7f8b3ecfd0>
2026-06-26 17:22:44,668 - mazeUtils.device.camera - [camera.py:39] - DEBUG - Average HSV: H=113.1, S=183.8, V=152.6
2026-06-26 17:22:44,675 - mazeUtils.moveTile - [moveTile.py:90] - DEBUG - [2460.989536] moveTile calculated motor speeds left=100 right=89 gyroSteer=7.67999999999995 wallSteer=2.8000000000000007 (+21.3 ms)
2026-06-26 17:22:44,698 - mazeUtils.moveTile - [moveTile.py:90] - DEBUG - [2461.012132] moveTile applied motor speed left=100 right=89 (+22.6 ms)
2026-06-26 17:22:44,700 - mazeUtils.moveTile - [moveTile.py:90] - DEBUG - [2461.013923] moveTile ramp check isBigRamp=False (+1.8 ms)
2026-06-26 17:22:44,705 - mazeUtils.moveTile - [moveTile.py:90] - DEBUG - [2461.019509] moveTile tile color check tempTileColor=E (+5.6 ms)
2026-06-26 17:22:44,706 - mazeUtils.moveTile - [moveTile.py:90] - DEBUG - [2461.020534] moveTile obstacle check escapeFlag=False (+1.0 ms)
2026-06-26 17:22:44,713 - mazeUtils.moveTile - [moveTile.py:79] - DEBUG - roll: 359.25 deg, practicalMoveTime: 0.4919030883099188 sec
2026-06-26 17:22:44,714 - mazeUtils.moveTile - [moveTile.py:1933] - DEBUG - moveTile loop time: 59.7 ms
2026-06-26 17:22:44,715 - mazeUtils.moveTile - [moveTile.py:90] - DEBUG - [2461.029330] moveTile loop end practicalMoveTime=0.492 (+8.8 ms)
2026-06-26 17:22:44,716 - mazeUtils.moveTile - [moveTile.py:90] - DEBUG - [2461.029970] moveTile loop start (+0.6 ms)
2026-06-26 17:22:44,722 - picamera2.picamera2 - [picamera2.py:1391] - DEBUG - Execute job: <picamera2.job.Job object at 0x7f8b419d50>
2026-06-26 17:22:44,728 - mazeUtils.device.camera - [camera.py:39] - DEBUG - Average HSV: H=114.0, S=179.7, V=141.1
2026-06-26 17:22:44,733 - mazeUtils.moveTile - [moveTile.py:90] - DEBUG - [2461.047444] moveTile calculated motor speeds left=100 right=90 gyroSteer=7.959999999999923 wallSteer=2.0 (+17.5 ms)
2026-06-26 17:22:44,758 - mazeUtils.moveTile - [moveTile.py:90] - DEBUG - [2461.071997] moveTile applied motor speed left=100 right=90 (+24.6 ms)
2026-06-26 17:22:44,759 - mazeUtils.moveTile - [moveTile.py:90] - DEBUG - [2461.072965] moveTile ramp check isBigRamp=False (+1.0 ms)
2026-06-26 17:22:44,764 - mazeUtils.moveTile - [moveTile.py:90] - DEBUG - [2461.077686] moveTile tile color check tempTileColor=E (+4.7 ms)
2026-06-26 17:22:44,764 - mazeUtils.moveTile - [moveTile.py:90] - DEBUG - [2461.078404] moveTile obstacle check escapeFlag=False (+0.7 ms)
2026-06-26 17:22:44,773 - mazeUtils.moveTile - [moveTile.py:79] - DEBUG - roll: 359.22999999999996 deg, practicalMoveTime: 0.5513492406821738 sec
2026-06-26 17:22:44,775 - mazeUtils.moveTile - [moveTile.py:1933] - DEBUG - moveTile loop time: 58.8 ms
2026-06-26 17:22:44,775 - mazeUtils.moveTile - [moveTile.py:90] - DEBUG - [2461.089362] moveTile loop end practicalMoveTime=0.551 (+11.0 ms)
2026-06-26 17:22:44,776 - mazeUtils.moveTile - [moveTile.py:90] - DEBUG - [2461.089789] moveTile loop start (+0.4 ms)
2026-06-26 17:22:44,782 - picamera2.picamera2 - [picamera2.py:1391] - DEBUG - Execute job: <picamera2.job.Job object at 0x7f94b89f50>
2026-06-26 17:22:44,789 - mazeUtils.device.camera - [camera.py:39] - DEBUG - Average HSV: H=113.3, S=185.4, V=146.8
2026-06-26 17:22:44,796 - mazeUtils.moveTile - [moveTile.py:90] - DEBUG - [2461.109923] moveTile calculated motor speeds left=100 right=91 gyroSteer=6.0 wallSteer=2.3999999999999986 (+20.1 ms)
2026-06-26 17:22:44,816 - mazeUtils.moveTile - [moveTile.py:90] - DEBUG - [2461.129880] moveTile applied motor speed left=100 right=91 (+20.0 ms)
2026-06-26 17:22:44,817 - mazeUtils.moveTile - [moveTile.py:90] - DEBUG - [2461.130628] moveTile ramp check isBigRamp=False (+0.7 ms)
2026-06-26 17:22:44,820 - mazeUtils.moveTile - [moveTile.py:90] - DEBUG - [2461.134231] moveTile tile color check tempTileColor=E (+3.6 ms)
2026-06-26 17:22:44,821 - mazeUtils.moveTile - [moveTile.py:90] - DEBUG - [2461.135074] moveTile obstacle check escapeFlag=False (+0.8 ms)
2026-06-26 17:22:44,832 - mazeUtils.moveTile - [moveTile.py:79] - DEBUG - roll: 2.169999999999959 deg, practicalMoveTime: 0.6083865867316092 sec
2026-06-26 17:22:44,833 - mazeUtils.moveTile - [moveTile.py:1933] - DEBUG - moveTile loop time: 57.2 ms
2026-06-26 17:22:44,835 - mazeUtils.moveTile - [moveTile.py:90] - DEBUG - [2461.148619] moveTile loop end practicalMoveTime=0.608 (+13.5 ms)
2026-06-26 17:22:44,835 - mazeUtils.moveTile - [moveTile.py:90] - DEBUG - [2461.149470] moveTile loop start (+0.9 ms)
2026-06-26 17:22:44,845 - picamera2.picamera2 - [picamera2.py:1391] - DEBUG - Execute job: <picamera2.job.Job object at 0x7f5be99050>
2026-06-26 17:22:44,852 - mazeUtils.device.camera - [camera.py:39] - DEBUG - Average HSV: H=113.7, S=183.3, V=141.2
2026-06-26 17:22:44,859 - mazeUtils.moveTile - [moveTile.py:90] - DEBUG - [2461.173131] moveTile calculated motor speeds left=100 right=89 gyroSteer=7.959999999999923 wallSteer=2.3999999999999986 (+23.7 ms)
2026-06-26 17:22:44,879 - mazeUtils.moveTile - [moveTile.py:90] - DEBUG - [2461.193534] moveTile applied motor speed left=100 right=89 (+20.4 ms)
2026-06-26 17:22:44,881 - mazeUtils.moveTile - [moveTile.py:90] - DEBUG - [2461.195276] moveTile ramp check isBigRamp=False (+1.7 ms)
2026-06-26 17:22:44,886 - mazeUtils.moveTile - [moveTile.py:90] - DEBUG - [2461.199814] moveTile tile color check tempTileColor=E (+4.5 ms)
2026-06-26 17:22:44,887 - mazeUtils.moveTile - [moveTile.py:90] - DEBUG - [2461.201299] moveTile obstacle check escapeFlag=False (+1.5 ms)
2026-06-26 17:22:44,893 - mazeUtils.moveTile - [moveTile.py:79] - DEBUG - roll: 0.6299999999999955 deg, practicalMoveTime: 0.6685364938812696 sec
2026-06-26 17:22:44,894 - mazeUtils.moveTile - [moveTile.py:1933] - DEBUG - moveTile loop time: 58.8 ms
2026-06-26 17:22:44,895 - mazeUtils.moveTile - [moveTile.py:90] - DEBUG - [2461.209307] moveTile loop end practicalMoveTime=0.669 (+8.0 ms)
2026-06-26 17:22:44,896 - mazeUtils.moveTile - [moveTile.py:90] - DEBUG - [2461.209889] moveTile loop start (+0.6 ms)
2026-06-26 17:22:44,902 - picamera2.picamera2 - [picamera2.py:1391] - DEBUG - Execute job: <picamera2.job.Job object at 0x7f8b41a750>
2026-06-26 17:22:44,908 - mazeUtils.device.camera - [camera.py:39] - DEBUG - Average HSV: H=113.1, S=188.3, V=146.6
2026-06-26 17:22:44,918 - mazeUtils.moveTile - [moveTile.py:90] - DEBUG - [2461.232055] moveTile calculated motor speeds left=100 right=93 gyroSteer=4.199999999999932 wallSteer=2.8000000000000007 (+22.2 ms)
2026-06-26 17:22:44,939 - mazeUtils.moveTile - [moveTile.py:90] - DEBUG - [2461.252710] moveTile applied motor speed left=100 right=93 (+20.7 ms)
2026-06-26 17:22:44,939 - mazeUtils.moveTile - [moveTile.py:90] - DEBUG - [2461.253540] moveTile ramp check isBigRamp=False (+0.8 ms)
2026-06-26 17:22:44,943 - mazeUtils.moveTile - [moveTile.py:90] - DEBUG - [2461.257374] moveTile tile color check tempTileColor=E (+3.8 ms)
2026-06-26 17:22:44,944 - mazeUtils.moveTile - [moveTile.py:90] - DEBUG - [2461.257997] moveTile obstacle check escapeFlag=False (+0.6 ms)
2026-06-26 17:22:44,953 - mazeUtils.moveTile - [moveTile.py:79] - DEBUG - roll: 1.339999999999975 deg, practicalMoveTime: 0.7277003895084463 sec
2026-06-26 17:22:44,954 - mazeUtils.moveTile - [moveTile.py:1933] - DEBUG - moveTile loop time: 58.5 ms
2026-06-26 17:22:44,955 - mazeUtils.moveTile - [moveTile.py:90] - DEBUG - [2461.268907] moveTile loop end practicalMoveTime=0.728 (+10.9 ms)
2026-06-26 17:22:44,955 - mazeUtils.moveTile - [moveTile.py:90] - DEBUG - [2461.269315] moveTile loop start (+0.4 ms)
2026-06-26 17:22:44,965 - picamera2.picamera2 - [picamera2.py:1391] - DEBUG - Execute job: <picamera2.job.Job object at 0x7f94988a50>
2026-06-26 17:22:44,971 - mazeUtils.device.camera - [camera.py:39] - DEBUG - Average HSV: H=113.1, S=189.7, V=146.7
2026-06-26 17:22:44,978 - mazeUtils.moveTile - [moveTile.py:90] - DEBUG - [2461.291965] moveTile calculated motor speeds left=100 right=90 gyroSteer=6.4799999999999045 wallSteer=2.8000000000000007 (+22.6 ms)
2026-06-26 17:22:44,997 - mazeUtils.moveTile - [moveTile.py:90] - DEBUG - [2461.311594] moveTile applied motor speed left=100 right=90 (+19.6 ms)
2026-06-26 17:22:44,998 - mazeUtils.moveTile - [moveTile.py:90] - DEBUG - [2461.312381] moveTile ramp check isBigRamp=False (+0.8 ms)
2026-06-26 17:22:45,003 - mazeUtils.moveTile - [moveTile.py:90] - DEBUG - [2461.316677] moveTile tile color check tempTileColor=E (+4.3 ms)
2026-06-26 17:22:45,003 - mazeUtils.moveTile - [moveTile.py:90] - DEBUG - [2461.317491] moveTile obstacle check escapeFlag=False (+0.8 ms)
2026-06-26 17:22:45,012 - mazeUtils.moveTile - [moveTile.py:79] - DEBUG - roll: 1.009999999999991 deg, practicalMoveTime: 0.7851046394653638 sec
2026-06-26 17:22:45,013 - mazeUtils.moveTile - [moveTile.py:1933] - DEBUG - moveTile loop time: 57.3 ms
2026-06-26 17:22:45,013 - mazeUtils.moveTile - [moveTile.py:90] - DEBUG - [2461.327175] moveTile loop end practicalMoveTime=0.785 (+9.7 ms)
2026-06-26 17:22:45,013 - mazeUtils.moveTile - [moveTile.py:90] - DEBUG - [2461.327574] moveTile loop start (+0.4 ms)
2026-06-26 17:22:45,020 - picamera2.picamera2 - [picamera2.py:1391] - DEBUG - Execute job: <picamera2.job.Job object at 0x7f5be99050>
2026-06-26 17:22:45,026 - mazeUtils.device.camera - [camera.py:39] - DEBUG - Average HSV: H=113.2, S=188.9, V=144.0
2026-06-26 17:22:45,032 - mazeUtils.moveTile - [moveTile.py:90] - DEBUG - [2461.346502] moveTile calculated motor speeds left=100 right=92 gyroSteer=4.0 wallSteer=3.1999999999999993 (+18.9 ms)
2026-06-26 17:22:45,053 - mazeUtils.moveTile - [moveTile.py:90] - DEBUG - [2461.366826] moveTile applied motor speed left=100 right=92 (+20.3 ms)
2026-06-26 17:22:45,053 - mazeUtils.moveTile - [moveTile.py:90] - DEBUG - [2461.367604] moveTile ramp check isBigRamp=False (+0.8 ms)
2026-06-26 17:22:45,059 - mazeUtils.moveTile - [moveTile.py:90] - DEBUG - [2461.373434] moveTile tile color check tempTileColor=E (+5.8 ms)
2026-06-26 17:22:45,060 - mazeUtils.moveTile - [moveTile.py:90] - DEBUG - [2461.374406] moveTile obstacle check escapeFlag=False (+1.0 ms)
2026-06-26 17:22:45,086 - mazeUtils.moveTile - [moveTile.py:922] - INFO - Moving backward before dropping rescue kit
2026-06-26 17:22:45,631 - mazeUtils.moveTile - [moveTile.py:931] - INFO - Detected victim info ahead: {<Side.LEFT: 0>: <UnitVStatus.H_VICTIM: 3>, <Side.RIGHT: 1>: <UnitVStatus.NOTHING: 0>}
2026-06-26 17:22:50,768 - mazeUtils.moveTile - [moveTile.py:79] - DEBUG - Turning to 2.0999999999999943 deg, current heading: 2.0999999999999943 deg, turnAngle: 0.0 deg
2026-06-26 17:22:50,789 - mazeUtils.moveTile - [moveTile.py:79] - DEBUG - Turned to heading: 2.0999999999999943 deg
2026-06-26 17:22:51,627 - mazeUtils.moveTile - [moveTile.py:79] - DEBUG - Turning to 2.109999999999985 deg, current heading: 2.119999999999976 deg, turnAngle: 0.009999999999990905 deg
2026-06-26 17:22:51,653 - mazeUtils.moveTile - [moveTile.py:79] - DEBUG - Turned to heading: 2.119999999999976 deg
2026-06-26 17:22:52,114 - __main__ - [main.py:191] - INFO - Program interrupted by user.
2026-06-26 17:22:53,180 - mazeUtils.device.stm - [stm.py:216] - DEBUG - ACK resynchronized: type=STS_MOTOR dropped=24B seq=120
2026-06-26 17:22:53,213 - picamera2.picamera2 - [picamera2.py:1391] - DEBUG - Execute job: <picamera2.job.Job object at 0x7fa30d7510>
2026-06-26 17:22:53,238 - picamera2.picamera2 - [picamera2.py:1323] - INFO - Camera stopped
2026-06-26 17:22:53,440 - picamera2.picamera2 - [picamera2.py:1329] - DEBUG - Camera was not started
2026-06-26 17:22:53,644 - picamera2.picamera2 - [picamera2.py:723] - INFO - Camera closed successfully.
2026-06-26 17:22:54,195 - picamera2.picamera2 - [picamera2.py:500] - DEBUG - Resources now free: <picamera2.picamera2.Picamera2 object at 0x7f8d57de10>
