2026-06-23 21:19:50,420 - root - [logging_config.py:61] - INFO - Logging initialized. Log file: /home/tuton/Kanto2026RPi/src/config/../logs/robot_20260623_211949.log
2026-06-23 21:19:52,634 - mazeUtils.device.LiDAR - [LiDAR.py:36] - INFO - Available ports: <ydlidar.Str2strMap; proxy of <Swig Object of type 'std::map< std::string,std::string > *' at 0x7f8d6ab870> >
2026-06-23 21:20:00,292 - mazeUtils.moveTile - [moveTile.py:535] - DEBUG - Direction: absDirection.NORTH, Angle: 0, Distance: 47.246348997329854 cm
2026-06-23 21:20:00,293 - mazeUtils.moveTile - [moveTile.py:557] - DEBUG - Front LiDAR distance: 47.246348997329854 cm, TSD10 distance: 36.1 cm
2026-06-23 21:20:00,294 - mazeUtils.moveTile - [moveTile.py:535] - DEBUG - Direction: absDirection.EAST, Angle: 270, Distance: 15.595187852932728 cm
2026-06-23 21:20:00,296 - mazeUtils.moveTile - [moveTile.py:535] - DEBUG - Direction: absDirection.SOUTH, Angle: 180, Distance: 17.495538755594467 cm
2026-06-23 21:20:00,297 - mazeUtils.moveTile - [moveTile.py:535] - DEBUG - Direction: absDirection.WEST, Angle: 90, Distance: 138.5172205744389 cm
2026-06-23 21:20:00,297 - __main__ - [main.py:68] - INFO - Initial Map:
2026-06-23 21:20:00,313 - __main__ - [main.py:69] - INFO - Current position: (20, 20, 0), front direction: absDirection.NORTH
Layer 0 (altitude=0.0cm, offset=(0.0cm, 0.0cm)):
Known map area: x=20..20, y=20..20
+   +
  @ |
+---+
mazeAsGraph[0][20][20] = {absDirection.NORTH: (20, 19, 0, 30), absDirection.EAST: None, absDirection.SOUTH: None, absDirection.WEST: (19, 20, 0, 30)}
2026-06-23 21:20:00,314 - mazeUtils.mazeMap - [mazeMap.py:61] - INFO - next goal: (20, 19, 0)
2026-06-23 21:20:00,315 - __main__ - [main.py:72] - INFO - Next Direction: [<absDirection.NORTH: 0>]
2026-06-23 21:20:00,315 - __main__ - [main.py:73] - INFO - Exploration started.
2026-06-23 21:20:00,323 - mazeUtils.moveTile - [moveTile.py:79] - DEBUG - Moving to absDirection.NORTH from (20, 20, 0) facing absDirection.NORTH
2026-06-23 21:20:00,350 - mazeUtils.moveTile - [moveTile.py:79] - DEBUG - current heading: 0.07000000000005002 target: 0
2026-06-23 21:20:00,369 - mazeUtils.moveTile - [moveTile.py:410] - DEBUG - stopped turning at heading: 0.07000000000005002, diff: 0.07000000000005002
2026-06-23 21:20:00,424 - mazeUtils.moveTile - [moveTile.py:79] - DEBUG - Turned to heading: 0.060000000000002274 deg
2026-06-23 21:20:00,972 - mazeUtils.moveTile - [moveTile.py:79] - DEBUG - Little backward to adjust position
2026-06-23 21:20:01,393 - picamera2.picamera2 - [picamera2.py:1391] - DEBUG - Execute job: <picamera2.job.Job object at 0x7f757992d0>
2026-06-23 21:20:01,406 - mazeUtils.device.camera - [camera.py:39] - DEBUG - Average HSV: H=127.2, S=31.1, V=224.1
2026-06-23 21:20:01,465 - mazeUtils.moveTile - [moveTile.py:811] - INFO - Moving backward before dropping rescue kit
2026-06-23 21:20:02,005 - mazeUtils.moveTile - [moveTile.py:820] - INFO - Detected victim info ahead: {<Side.LEFT: 0>: <UnitVStatus.NOTHING: 0>, <Side.RIGHT: 1>: <UnitVStatus.Y_VICTIM: 5>}
2026-06-23 21:20:12,138 - mazeUtils.moveTile - [moveTile.py:79] - DEBUG - Turning to 2.140000000000043 deg, current heading: 2.140000000000043 deg, turnAngle: 0.0 deg
2026-06-23 21:20:12,158 - mazeUtils.moveTile - [moveTile.py:79] - DEBUG - Turned to heading: 2.140000000000043 deg
2026-06-23 21:20:12,974 - mazeUtils.moveTile - [moveTile.py:79] - DEBUG - Turning to 2.140000000000043 deg, current heading: 2.1200000000000045 deg, turnAngle: -0.020000000000038654 deg
2026-06-23 21:20:12,994 - mazeUtils.moveTile - [moveTile.py:79] - DEBUG - Turned to heading: 2.1200000000000045 deg
2026-06-23 21:20:13,532 - mazeUtils.moveTile - [moveTile.py:79] - DEBUG - roll: 359.88 deg, practicalMoveTime: 0.0 sec
2026-06-23 21:20:13,533 - mazeUtils.moveTile - [moveTile.py:1702] - DEBUG - moveTile loop time: 12146.3 ms
2026-06-23 21:20:13,540 - picamera2.picamera2 - [picamera2.py:1391] - DEBUG - Execute job: <picamera2.job.Job object at 0x7f8d727010>
2026-06-23 21:20:13,549 - mazeUtils.device.camera - [camera.py:39] - DEBUG - Average HSV: H=128.7, S=31.6, V=221.7
2026-06-23 21:20:13,587 - mazeUtils.moveTile - [moveTile.py:79] - DEBUG - roll: 0.01999999999998181 deg, practicalMoveTime: 0.05400508750525794 sec
2026-06-23 21:20:13,588 - mazeUtils.moveTile - [moveTile.py:1702] - DEBUG - moveTile loop time: 54.1 ms
2026-06-23 21:20:13,593 - picamera2.picamera2 - [picamera2.py:1391] - DEBUG - Execute job: <picamera2.job.Job object at 0x7f8d6fd590>
2026-06-23 21:20:13,598 - mazeUtils.device.camera - [camera.py:39] - DEBUG - Average HSV: H=128.9, S=30.9, V=222.1
2026-06-23 21:20:13,633 - mazeUtils.moveTile - [moveTile.py:79] - DEBUG - roll: 359.7 deg, practicalMoveTime: 0.0995328615346652 sec
2026-06-23 21:20:13,634 - mazeUtils.moveTile - [moveTile.py:1702] - DEBUG - moveTile loop time: 45.8 ms
2026-06-23 21:20:13,646 - picamera2.picamera2 - [picamera2.py:1391] - DEBUG - Execute job: <picamera2.job.Job object at 0x7f8d727a50>
2026-06-23 21:20:13,650 - mazeUtils.device.camera - [camera.py:39] - DEBUG - Average HSV: H=129.4, S=30.4, V=221.5
2026-06-23 21:20:13,691 - mazeUtils.moveTile - [moveTile.py:79] - DEBUG - roll: 359.93 deg, practicalMoveTime: 0.15657558957025164 sec
2026-06-23 21:20:13,692 - mazeUtils.moveTile - [moveTile.py:1702] - DEBUG - moveTile loop time: 57.5 ms
2026-06-23 21:20:13,697 - picamera2.picamera2 - [picamera2.py:1391] - DEBUG - Execute job: <picamera2.job.Job object at 0x7f8d6fd590>
2026-06-23 21:20:13,702 - mazeUtils.device.camera - [camera.py:39] - DEBUG - Average HSV: H=127.8, S=31.9, V=223.4
2026-06-23 21:20:13,737 - mazeUtils.moveTile - [moveTile.py:79] - DEBUG - roll: 1.420000000000016 deg, practicalMoveTime: 0.20171027336976977 sec
2026-06-23 21:20:13,738 - mazeUtils.moveTile - [moveTile.py:1702] - DEBUG - moveTile loop time: 45.1 ms
2026-06-23 21:20:13,743 - picamera2.picamera2 - [picamera2.py:1391] - DEBUG - Execute job: <picamera2.job.Job object at 0x7f594c06d0>
2026-06-23 21:20:13,747 - mazeUtils.device.camera - [camera.py:39] - DEBUG - Average HSV: H=128.9, S=32.1, V=218.9
2026-06-23 21:20:13,786 - mazeUtils.moveTile - [moveTile.py:79] - DEBUG - roll: 1.3600000000000136 deg, practicalMoveTime: 0.25025125025451145 sec
2026-06-23 21:20:13,787 - mazeUtils.moveTile - [moveTile.py:1702] - DEBUG - moveTile loop time: 48.8 ms
2026-06-23 21:20:13,798 - picamera2.picamera2 - [picamera2.py:1391] - DEBUG - Execute job: <picamera2.job.Job object at 0x7f8d6fd590>
2026-06-23 21:20:13,803 - mazeUtils.device.camera - [camera.py:39] - DEBUG - Average HSV: H=127.8, S=38.6, V=209.2
2026-06-23 21:20:13,843 - mazeUtils.moveTile - [moveTile.py:79] - DEBUG - roll: 2.0299999999999727 deg, practicalMoveTime: 0.30636698025594156 sec
2026-06-23 21:20:13,844 - mazeUtils.moveTile - [moveTile.py:1702] - DEBUG - moveTile loop time: 56.4 ms
2026-06-23 21:20:13,848 - picamera2.picamera2 - [picamera2.py:1391] - DEBUG - Execute job: <picamera2.job.Job object at 0x7f8d727010>
2026-06-23 21:20:13,852 - mazeUtils.device.camera - [camera.py:39] - DEBUG - Average HSV: H=122.3, S=67.7, V=172.4
2026-06-23 21:20:13,893 - mazeUtils.moveTile - [moveTile.py:79] - DEBUG - roll: 2.339999999999975 deg, practicalMoveTime: 0.35562009956094964 sec
2026-06-23 21:20:13,894 - mazeUtils.moveTile - [moveTile.py:1702] - DEBUG - moveTile loop time: 49.5 ms
2026-06-23 21:20:13,899 - picamera2.picamera2 - [picamera2.py:1391] - DEBUG - Execute job: <picamera2.job.Job object at 0x7f59505850>
2026-06-23 21:20:13,904 - mazeUtils.device.camera - [camera.py:39] - DEBUG - Average HSV: H=117.4, S=90.7, V=177.5
2026-06-23 21:20:13,939 - mazeUtils.moveTile - [moveTile.py:79] - DEBUG - roll: 1.75 deg, practicalMoveTime: 0.4011351115860009 sec
2026-06-23 21:20:13,940 - mazeUtils.moveTile - [moveTile.py:1702] - DEBUG - moveTile loop time: 45.8 ms
2026-06-23 21:20:13,946 - picamera2.picamera2 - [picamera2.py:1391] - DEBUG - Execute job: <picamera2.job.Job object at 0x7f7faf7b10>
2026-06-23 21:20:13,951 - mazeUtils.device.camera - [camera.py:39] - DEBUG - Average HSV: H=116.0, S=97.7, V=185.4
2026-06-23 21:20:13,989 - mazeUtils.moveTile - [moveTile.py:79] - DEBUG - roll: 3.1499999999999773 deg, practicalMoveTime: 0.4500188415072606 sec
2026-06-23 21:20:13,989 - mazeUtils.moveTile - [moveTile.py:1702] - DEBUG - moveTile loop time: 49.2 ms
2026-06-23 21:20:13,995 - picamera2.picamera2 - [picamera2.py:1391] - DEBUG - Execute job: <picamera2.job.Job object at 0x7f594c06d0>
2026-06-23 21:20:14,000 - mazeUtils.device.camera - [camera.py:39] - DEBUG - Average HSV: H=114.3, S=110.6, V=194.1
2026-06-23 21:20:14,038 - mazeUtils.moveTile - [moveTile.py:79] - DEBUG - roll: 1.3899999999999864 deg, practicalMoveTime: 0.49812216950606025 sec
2026-06-23 21:20:14,039 - mazeUtils.moveTile - [moveTile.py:1702] - DEBUG - moveTile loop time: 48.9 ms
2026-06-23 21:20:14,043 - picamera2.picamera2 - [picamera2.py:1391] - DEBUG - Execute job: <picamera2.job.Job object at 0x7f7faf7990>
2026-06-23 21:20:14,048 - mazeUtils.device.camera - [camera.py:39] - DEBUG - Average HSV: H=112.5, S=119.9, V=204.7
2026-06-23 21:20:14,086 - mazeUtils.moveTile - [moveTile.py:79] - DEBUG - roll: 3.3899999999999864 deg, practicalMoveTime: 0.5453913104096467 sec
2026-06-23 21:20:14,087 - mazeUtils.moveTile - [moveTile.py:1702] - DEBUG - moveTile loop time: 47.5 ms
2026-06-23 21:20:14,092 - picamera2.picamera2 - [picamera2.py:1391] - DEBUG - Execute job: <picamera2.job.Job object at 0x7f75873b90>
2026-06-23 21:20:14,097 - mazeUtils.device.camera - [camera.py:39] - DEBUG - Average HSV: H=111.8, S=128.7, V=209.5
2026-06-23 21:20:14,134 - mazeUtils.moveTile - [moveTile.py:79] - DEBUG - roll: 359.55 deg, practicalMoveTime: 0.5929107440943668 sec
2026-06-23 21:20:14,135 - mazeUtils.moveTile - [moveTile.py:1702] - DEBUG - moveTile loop time: 47.8 ms
2026-06-23 21:20:14,139 - picamera2.picamera2 - [picamera2.py:1391] - DEBUG - Execute job: <picamera2.job.Job object at 0x7f8d727a50>
2026-06-23 21:20:14,145 - mazeUtils.device.camera - [camera.py:39] - DEBUG - Average HSV: H=110.3, S=129.3, V=218.4
2026-06-23 21:20:14,180 - mazeUtils.moveTile - [moveTile.py:79] - DEBUG - roll: 0.0999999999999659 deg, practicalMoveTime: 0.6376538902458374 sec
2026-06-23 21:20:14,180 - mazeUtils.moveTile - [moveTile.py:1702] - DEBUG - moveTile loop time: 45.1 ms
2026-06-23 21:20:14,188 - picamera2.picamera2 - [picamera2.py:1391] - DEBUG - Execute job: <picamera2.job.Job object at 0x7f59505850>
2026-06-23 21:20:14,193 - mazeUtils.device.camera - [camera.py:39] - DEBUG - Average HSV: H=110.7, S=132.7, V=216.7
2026-06-23 21:20:14,225 - mazeUtils.moveTile - [moveTile.py:79] - DEBUG - roll: 0.36000000000001364 deg, practicalMoveTime: 0.6826296719908334 sec
2026-06-23 21:20:14,226 - mazeUtils.moveTile - [moveTile.py:1702] - DEBUG - moveTile loop time: 45.5 ms
2026-06-23 21:20:14,234 - picamera2.picamera2 - [picamera2.py:1391] - DEBUG - Execute job: <picamera2.job.Job object at 0x7f8d727010>
2026-06-23 21:20:14,239 - mazeUtils.device.camera - [camera.py:39] - DEBUG - Average HSV: H=110.9, S=136.1, V=214.1
2026-06-23 21:20:14,278 - mazeUtils.moveTile - [moveTile.py:79] - DEBUG - roll: 359.90999999999997 deg, practicalMoveTime: 0.7342388076830846 sec
2026-06-23 21:20:14,279 - mazeUtils.moveTile - [moveTile.py:1702] - DEBUG - moveTile loop time: 51.9 ms
2026-06-23 21:20:14,283 - picamera2.picamera2 - [picamera2.py:1391] - DEBUG - Execute job: <picamera2.job.Job object at 0x7f75873b90>
2026-06-23 21:20:14,288 - mazeUtils.device.camera - [camera.py:39] - DEBUG - Average HSV: H=113.9, S=117.5, V=193.5
2026-06-23 21:20:14,330 - mazeUtils.moveTile - [moveTile.py:79] - DEBUG - roll: 0.44999999999998863 deg, practicalMoveTime: 0.785579251444329 sec
2026-06-23 21:20:14,331 - mazeUtils.moveTile - [moveTile.py:1702] - DEBUG - moveTile loop time: 51.5 ms
2026-06-23 21:20:14,338 - picamera2.picamera2 - [picamera2.py:1391] - DEBUG - Execute job: <picamera2.job.Job object at 0x7f7faf7b10>
2026-06-23 21:20:14,344 - mazeUtils.device.camera - [camera.py:39] - DEBUG - Average HSV: H=120.1, S=85.7, V=142.5
2026-06-23 21:20:14,380 - mazeUtils.moveTile - [moveTile.py:79] - DEBUG - roll: 0.01999999999998181 deg, practicalMoveTime: 0.8348594257912563 sec
2026-06-23 21:20:14,381 - mazeUtils.moveTile - [moveTile.py:1702] - DEBUG - moveTile loop time: 49.6 ms
2026-06-23 21:20:14,385 - picamera2.picamera2 - [picamera2.py:1391] - DEBUG - Execute job: <picamera2.job.Job object at 0x7f8d727010>
2026-06-23 21:20:14,391 - mazeUtils.device.camera - [camera.py:39] - DEBUG - Average HSV: H=116.1, S=124.0, V=136.8
2026-06-23 21:20:14,431 - mazeUtils.moveTile - [moveTile.py:1592] - INFO - practicalVerticalMove: 0.5699764168910513 CM
2026-06-23 21:20:14,477 - mazeUtils.moveTile - [moveTile.py:79] - DEBUG - Little forward to adjust position
2026-06-23 21:20:14,527 - mazeUtils.moveTile - [moveTile.py:1923] - INFO - Set moved vertical distance: 0.5699764168910513 cm, past distances: [(0, False), (0, False), (0, False)]
2026-06-23 21:20:15,055 - mazeUtils.moveTile - [moveTile.py:535] - DEBUG - Direction: absDirection.NORTH, Angle: 0, Distance: 46.334675303565355 cm
2026-06-23 21:20:15,055 - mazeUtils.moveTile - [moveTile.py:557] - DEBUG - Front LiDAR distance: 46.334675303565355 cm, TSD10 distance: 32.4 cm
2026-06-23 21:20:15,057 - mazeUtils.moveTile - [moveTile.py:535] - DEBUG - Direction: absDirection.EAST, Angle: 270, Distance: 15.708384079863976 cm
2026-06-23 21:20:15,059 - mazeUtils.moveTile - [moveTile.py:535] - DEBUG - Direction: absDirection.SOUTH, Angle: 180, Distance: 84.79272361482224 cm
2026-06-23 21:20:15,061 - mazeUtils.moveTile - [moveTile.py:535] - DEBUG - Direction: absDirection.WEST, Angle: 90, Distance: 136.9732261516825 cm
2026-06-23 21:20:15,065 - mazeUtils.mazeMap - [mazeMap.py:431] - DEBUG - Silver tile detected, saving cache
2026-06-23 21:20:15,066 - mazeUtils.moveTile - [moveTile.py:2074] - INFO - Tile color detection, decided tile type: V
2026-06-23 21:20:15,076 - mazeUtils.moveTile - [moveTile.py:2084] - INFO - Moved to (20, 19, 0), Tile type: V, Wall types: {<absDirection.NORTH: 0>: <wallType.NO_WALL: 1>, <absDirection.EAST: 270>: <wallType.WALL: 2>, <absDirection.SOUTH: 180>: <wallType.NO_WALL: 1>, <absDirection.WEST: 90>: <wallType.NO_WALL: 1>}
2026-06-23 21:20:15,141 - __main__ - [main.py:101] - INFO - Current position: (20, 19, 0), front direction: absDirection.NORTH
Layer 0 (altitude=0.0cm, offset=(0.0cm, 0.0cm)):
Known map area: x=20..20, y=19..20
+   +
  @ |
+   +
  S |
+---+
mazeAsGraph[0][19][20] = {absDirection.NORTH: (20, 18, 0, 30), absDirection.EAST: None, absDirection.SOUTH: (20, 20, 0, 30), absDirection.WEST: (19, 19, 0, 30)}
mazeAsGraph[0][20][20] = {absDirection.NORTH: (20, 19, 0, 30), absDirection.EAST: None, absDirection.SOUTH: None, absDirection.WEST: (19, 20, 0, 30)}
2026-06-23 21:20:15,154 - mazeUtils.mazeMap - [mazeMap.py:61] - INFO - next goal: (20, 18, 0)
2026-06-23 21:20:15,167 - mazeUtils.moveTile - [moveTile.py:79] - DEBUG - Moving to absDirection.NORTH from (20, 19, 0) facing absDirection.NORTH
2026-06-23 21:20:15,198 - mazeUtils.moveTile - [moveTile.py:79] - DEBUG - current heading: 358.39000000000004 target: 0
2026-06-23 21:20:15,217 - mazeUtils.moveTile - [moveTile.py:410] - DEBUG - stopped turning at heading: 358.39000000000004, diff: 1.6099999999999568
2026-06-23 21:20:15,267 - mazeUtils.moveTile - [moveTile.py:79] - DEBUG - Turned to heading: 358.21000000000004 deg
2026-06-23 21:20:15,858 - picamera2.picamera2 - [picamera2.py:1391] - DEBUG - Execute job: <picamera2.job.Job object at 0x7f8d70f9d0>
2026-06-23 21:20:15,863 - mazeUtils.device.camera - [camera.py:39] - DEBUG - Average HSV: H=123.8, S=86.4, V=139.3
2026-06-23 21:20:15,907 - mazeUtils.moveTile - [moveTile.py:79] - DEBUG - roll: 0.5600000000000023 deg, practicalMoveTime: 0.05404353615291674 sec
2026-06-23 21:20:15,907 - mazeUtils.moveTile - [moveTile.py:1702] - DEBUG - moveTile loop time: 53.9 ms
2026-06-23 21:20:15,920 - picamera2.picamera2 - [picamera2.py:1391] - DEBUG - Execute job: <picamera2.job.Job object at 0x7f594a4890>
2026-06-23 21:20:15,925 - mazeUtils.device.camera - [camera.py:39] - DEBUG - Average HSV: H=125.7, S=76.9, V=141.2
2026-06-23 21:20:15,959 - mazeUtils.moveTile - [moveTile.py:79] - DEBUG - roll: 0.7799999999999727 deg, practicalMoveTime: 0.10594292181751616 sec
2026-06-23 21:20:15,960 - mazeUtils.moveTile - [moveTile.py:1702] - DEBUG - moveTile loop time: 52.2 ms
2026-06-23 21:20:15,964 - picamera2.picamera2 - [picamera2.py:1391] - DEBUG - Execute job: <picamera2.job.Job object at 0x7f594a4890>
2026-06-23 21:20:15,971 - mazeUtils.device.camera - [camera.py:39] - DEBUG - Average HSV: H=127.1, S=52.9, V=158.4
2026-06-23 21:20:16,010 - mazeUtils.moveTile - [moveTile.py:79] - DEBUG - roll: 0.75 deg, practicalMoveTime: 0.1562706538575283 sec
2026-06-23 21:20:16,011 - mazeUtils.moveTile - [moveTile.py:1702] - DEBUG - moveTile loop time: 50.5 ms
2026-06-23 21:20:16,023 - picamera2.picamera2 - [picamera2.py:1391] - DEBUG - Execute job: <picamera2.job.Job object at 0x7f75797bd0>
2026-06-23 21:20:16,027 - mazeUtils.device.camera - [camera.py:39] - DEBUG - Average HSV: H=124.5, S=54.9, V=166.3
2026-06-23 21:20:16,059 - mazeUtils.moveTile - [moveTile.py:79] - DEBUG - roll: 359.88 deg, practicalMoveTime: 0.2040030593172992 sec
2026-06-23 21:20:16,060 - mazeUtils.moveTile - [moveTile.py:1702] - DEBUG - moveTile loop time: 48.2 ms
2026-06-23 21:20:16,064 - picamera2.picamera2 - [picamera2.py:1391] - DEBUG - Execute job: <picamera2.job.Job object at 0x7f8d70f9d0>
2026-06-23 21:20:16,069 - mazeUtils.device.camera - [camera.py:39] - DEBUG - Average HSV: H=113.5, S=127.8, V=170.8
2026-06-23 21:20:16,111 - mazeUtils.moveTile - [moveTile.py:79] - DEBUG - roll: 1.4800000000000182 deg, practicalMoveTime: 0.25529697189897754 sec
2026-06-23 21:20:16,112 - mazeUtils.moveTile - [moveTile.py:1702] - DEBUG - moveTile loop time: 52.1 ms
2026-06-23 21:20:16,118 - picamera2.picamera2 - [picamera2.py:1391] - DEBUG - Execute job: <picamera2.job.Job object at 0x7f75797090>
2026-06-23 21:20:16,124 - mazeUtils.device.camera - [camera.py:39] - DEBUG - Average HSV: H=110.4, S=162.4, V=196.3
2026-06-23 21:20:16,164 - mazeUtils.moveTile - [moveTile.py:79] - DEBUG - roll: 4.349999999999966 deg, practicalMoveTime: 0.3063800909649306 sec
2026-06-23 21:20:16,164 - mazeUtils.moveTile - [moveTile.py:1702] - DEBUG - moveTile loop time: 51.3 ms
2026-06-23 21:20:16,170 - picamera2.picamera2 - [picamera2.py:1391] - DEBUG - Execute job: <picamera2.job.Job object at 0x7f74777690>
2026-06-23 21:20:16,177 - mazeUtils.device.camera - [camera.py:39] - DEBUG - Average HSV: H=110.8, S=79.3, V=236.7
2026-06-23 21:20:16,215 - mazeUtils.moveTile - [moveTile.py:79] - DEBUG - roll: 10.529999999999973 deg, practicalMoveTime: 0.34634531747066694 sec
2026-06-23 21:20:16,215 - mazeUtils.moveTile - [moveTile.py:1702] - DEBUG - moveTile loop time: 50.4 ms
2026-06-23 21:20:16,222 - picamera2.picamera2 - [picamera2.py:1391] - DEBUG - Execute job: <picamera2.job.Job object at 0x7f746f7dd0>
2026-06-23 21:20:16,228 - mazeUtils.device.camera - [camera.py:39] - DEBUG - Average HSV: H=108.3, S=81.8, V=253.8
2026-06-23 21:20:16,263 - mazeUtils.moveTile - [moveTile.py:79] - DEBUG - roll: 13.399999999999977 deg, practicalMoveTime: 0.3836450825621549 sec
2026-06-23 21:20:16,264 - mazeUtils.moveTile - [moveTile.py:1702] - DEBUG - moveTile loop time: 48.3 ms
2026-06-23 21:20:16,271 - picamera2.picamera2 - [picamera2.py:1391] - DEBUG - Execute job: <picamera2.job.Job object at 0x7f75797bd0>
2026-06-23 21:20:16,275 - mazeUtils.device.camera - [camera.py:39] - DEBUG - Average HSV: H=108.2, S=82.1, V=248.9
2026-06-23 21:20:16,316 - mazeUtils.moveTile - [moveTile.py:79] - DEBUG - roll: 18.49000000000001 deg, practicalMoveTime: 0.42359115387671764 sec
2026-06-23 21:20:16,316 - mazeUtils.moveTile - [moveTile.py:1702] - DEBUG - moveTile loop time: 52.0 ms
2026-06-23 21:20:16,322 - picamera2.picamera2 - [picamera2.py:1391] - DEBUG - Execute job: <picamera2.job.Job object at 0x7f8d70f9d0>
2026-06-23 21:20:16,326 - mazeUtils.device.camera - [camera.py:39] - DEBUG - Average HSV: H=108.7, S=77.0, V=247.6
2026-06-23 21:20:16,375 - mazeUtils.moveTile - [moveTile.py:79] - DEBUG - roll: 22.269999999999982 deg, practicalMoveTime: 0.4673072022456447 sec
2026-06-23 21:20:16,376 - mazeUtils.moveTile - [moveTile.py:1702] - DEBUG - moveTile loop time: 59.1 ms
2026-06-23 21:20:16,380 - picamera2.picamera2 - [picamera2.py:1391] - DEBUG - Execute job: <picamera2.job.Job object at 0x7f75797bd0>
2026-06-23 21:20:16,386 - mazeUtils.device.camera - [camera.py:39] - DEBUG - Average HSV: H=11.1, S=50.1, V=125.7
2026-06-23 21:20:16,421 - mazeUtils.moveTile - [moveTile.py:79] - DEBUG - roll: 27.620000000000005 deg, practicalMoveTime: 0.4994090462798596 sec
2026-06-23 21:20:16,422 - mazeUtils.moveTile - [moveTile.py:1702] - DEBUG - moveTile loop time: 45.5 ms
2026-06-23 21:20:16,426 - picamera2.picamera2 - [picamera2.py:1391] - DEBUG - Execute job: <picamera2.job.Job object at 0x7f75797090>
2026-06-23 21:20:16,431 - mazeUtils.device.camera - [camera.py:39] - DEBUG - Average HSV: H=13.7, S=66.5, V=83.7
2026-06-23 21:20:16,472 - mazeUtils.moveTile - [moveTile.py:79] - DEBUG - roll: 31.029999999999973 deg, practicalMoveTime: 0.5347911407230276 sec
2026-06-23 21:20:16,473 - mazeUtils.moveTile - [moveTile.py:1702] - DEBUG - moveTile loop time: 51.0 ms
2026-06-23 21:20:16,478 - picamera2.picamera2 - [picamera2.py:1391] - DEBUG - Execute job: <picamera2.job.Job object at 0x7f594a4850>
2026-06-23 21:20:16,483 - mazeUtils.device.camera - [camera.py:39] - DEBUG - Average HSV: H=20.0, S=89.4, V=51.7
2026-06-23 21:20:16,524 - mazeUtils.moveTile - [moveTile.py:79] - DEBUG - roll: 29.96999999999997 deg, practicalMoveTime: 0.5695404610303395 sec
2026-06-23 21:20:16,524 - mazeUtils.moveTile - [moveTile.py:1702] - DEBUG - moveTile loop time: 50.8 ms
2026-06-23 21:20:16,531 - picamera2.picamera2 - [picamera2.py:1391] - DEBUG - Execute job: <picamera2.job.Job object at 0x7f75797090>
2026-06-23 21:20:16,538 - mazeUtils.device.camera - [camera.py:39] - DEBUG - Average HSV: H=50.9, S=51.5, V=72.8
2026-06-23 21:20:16,586 - mazeUtils.moveTile - [moveTile.py:79] - DEBUG - roll: 29.089999999999975 deg, practicalMoveTime: 0.612024327041039 sec
2026-06-23 21:20:16,587 - mazeUtils.moveTile - [moveTile.py:1702] - DEBUG - moveTile loop time: 61.7 ms
2026-06-23 21:20:16,598 - picamera2.picamera2 - [picamera2.py:1391] - DEBUG - Execute job: <picamera2.job.Job object at 0x7f74777690>
2026-06-23 21:20:16,603 - mazeUtils.device.camera - [camera.py:39] - DEBUG - Average HSV: H=111.1, S=142.0, V=190.6
2026-06-23 21:20:16,641 - mazeUtils.moveTile - [moveTile.py:79] - DEBUG - roll: 23.889999999999986 deg, practicalMoveTime: 0.6511852370779943 sec
2026-06-23 21:20:16,642 - mazeUtils.moveTile - [moveTile.py:1702] - DEBUG - moveTile loop time: 55.0 ms
2026-06-23 21:20:16,646 - picamera2.picamera2 - [picamera2.py:1391] - DEBUG - Execute job: <picamera2.job.Job object at 0x7f8d70f9d0>
2026-06-23 21:20:16,651 - mazeUtils.device.camera - [camera.py:39] - DEBUG - Average HSV: H=110.4, S=138.1, V=209.3
2026-06-23 21:20:16,689 - mazeUtils.moveTile - [moveTile.py:79] - DEBUG - roll: 20.170000000000016 deg, practicalMoveTime: 0.6869164011766673 sec
2026-06-23 21:20:16,690 - mazeUtils.moveTile - [moveTile.py:1702] - DEBUG - moveTile loop time: 47.5 ms
2026-06-23 21:20:16,700 - picamera2.picamera2 - [picamera2.py:1391] - DEBUG - Execute job: <picamera2.job.Job object at 0x7f594a4890>
2026-06-23 21:20:16,705 - mazeUtils.device.camera - [camera.py:39] - DEBUG - Average HSV: H=104.7, S=144.0, V=251.4
2026-06-23 21:20:16,747 - mazeUtils.moveTile - [moveTile.py:79] - DEBUG - roll: 26.170000000000016 deg, practicalMoveTime: 0.7285351685422448 sec
2026-06-23 21:20:16,748 - mazeUtils.moveTile - [moveTile.py:1702] - DEBUG - moveTile loop time: 57.3 ms
2026-06-23 21:20:16,761 - picamera2.picamera2 - [picamera2.py:1391] - DEBUG - Execute job: <picamera2.job.Job object at 0x7f594a4850>
2026-06-23 21:20:16,766 - mazeUtils.device.camera - [camera.py:39] - DEBUG - Average HSV: H=109.0, S=119.1, V=229.1
2026-06-23 21:20:16,807 - mazeUtils.moveTile - [moveTile.py:79] - DEBUG - roll: 31.620000000000005 deg, practicalMoveTime: 0.7707767163832991 sec
2026-06-23 21:20:16,808 - mazeUtils.moveTile - [moveTile.py:1702] - DEBUG - moveTile loop time: 59.3 ms
2026-06-23 21:20:16,815 - picamera2.picamera2 - [picamera2.py:1391] - DEBUG - Execute job: <picamera2.job.Job object at 0x7f594a4850>
2026-06-23 21:20:16,819 - mazeUtils.device.camera - [camera.py:39] - DEBUG - Average HSV: H=111.5, S=104.9, V=213.8
2026-06-23 21:20:16,865 - mazeUtils.moveTile - [moveTile.py:79] - DEBUG - roll: 36.02999999999997 deg, practicalMoveTime: 0.8100549474981529 sec
2026-06-23 21:20:16,866 - mazeUtils.moveTile - [moveTile.py:1702] - DEBUG - moveTile loop time: 58.1 ms
2026-06-23 21:20:16,871 - picamera2.picamera2 - [picamera2.py:1391] - DEBUG - Execute job: <picamera2.job.Job object at 0x7f74777690>
2026-06-23 21:20:16,876 - mazeUtils.device.camera - [camera.py:39] - DEBUG - Average HSV: H=109.4, S=147.0, V=221.6
2026-06-23 21:20:16,926 - picamera2.picamera2 - [picamera2.py:1391] - DEBUG - Execute job: <picamera2.job.Job object at 0x7f9a079250>
2026-06-23 21:20:16,932 - mazeUtils.device.camera - [camera.py:39] - DEBUG - Average HSV: H=111.5, S=165.2, V=194.0
2026-06-23 21:20:16,967 - mazeUtils.moveTile - [moveTile.py:79] - DEBUG - roll: 39.629999999999995 deg, practicalMoveTime: 0.8720876821706475 sec
2026-06-23 21:20:16,968 - mazeUtils.moveTile - [moveTile.py:1702] - DEBUG - moveTile loop time: 46.2 ms
2026-06-23 21:20:16,981 - picamera2.picamera2 - [picamera2.py:1391] - DEBUG - Execute job: <picamera2.job.Job object at 0x7f746f7dd0>
2026-06-23 21:20:16,986 - mazeUtils.device.camera - [camera.py:39] - DEBUG - Average HSV: H=114.9, S=146.1, V=138.1
2026-06-23 21:20:17,030 - mazeUtils.moveTile - [moveTile.py:79] - DEBUG - roll: 40.639999999999986 deg, practicalMoveTime: 0.9107103156445888 sec
2026-06-23 21:20:17,031 - mazeUtils.moveTile - [moveTile.py:1702] - DEBUG - moveTile loop time: 62.7 ms
2026-06-23 21:20:17,036 - picamera2.picamera2 - [picamera2.py:1391] - DEBUG - Execute job: <picamera2.job.Job object at 0x7f8d70f9d0>
2026-06-23 21:20:17,040 - mazeUtils.device.camera - [camera.py:39] - DEBUG - Average HSV: H=116.9, S=124.1, V=116.1
2026-06-23 21:20:17,088 - mazeUtils.moveTile - [moveTile.py:79] - DEBUG - roll: 39.94999999999999 deg, practicalMoveTime: 0.9457279670235809 sec
2026-06-23 21:20:17,089 - mazeUtils.moveTile - [moveTile.py:1702] - DEBUG - moveTile loop time: 57.1 ms
2026-06-23 21:20:17,094 - picamera2.picamera2 - [picamera2.py:1391] - DEBUG - Execute job: <picamera2.job.Job object at 0x7f75797090>
2026-06-23 21:20:17,099 - mazeUtils.device.camera - [camera.py:39] - DEBUG - Average HSV: H=115.6, S=140.6, V=123.4
2026-06-23 21:20:17,134 - mazeUtils.moveTile - [moveTile.py:79] - DEBUG - roll: 39.81999999999999 deg, practicalMoveTime: 0.9737737720707965 sec
2026-06-23 21:20:17,135 - mazeUtils.moveTile - [moveTile.py:1702] - DEBUG - moveTile loop time: 46.1 ms
2026-06-23 21:20:17,147 - picamera2.picamera2 - [picamera2.py:1391] - DEBUG - Execute job: <picamera2.job.Job object at 0x7f594a47d0>
2026-06-23 21:20:17,152 - mazeUtils.device.camera - [camera.py:39] - DEBUG - Average HSV: H=112.5, S=165.8, V=166.1
2026-06-23 21:20:17,186 - mazeUtils.moveTile - [moveTile.py:79] - DEBUG - roll: 38.55000000000001 deg, practicalMoveTime: 1.005492141850505 sec
2026-06-23 21:20:17,187 - mazeUtils.moveTile - [moveTile.py:1702] - DEBUG - moveTile loop time: 51.5 ms
2026-06-23 21:20:17,194 - picamera2.picamera2 - [picamera2.py:1391] - DEBUG - Execute job: <picamera2.job.Job object at 0x7f75797bd0>
2026-06-23 21:20:17,198 - mazeUtils.device.camera - [camera.py:39] - DEBUG - Average HSV: H=113.3, S=164.3, V=153.5
2026-06-23 21:20:17,239 - mazeUtils.moveTile - [moveTile.py:79] - DEBUG - roll: 39.77999999999997 deg, practicalMoveTime: 1.0372788304422278 sec
2026-06-23 21:20:17,239 - mazeUtils.moveTile - [moveTile.py:1702] - DEBUG - moveTile loop time: 51.5 ms
2026-06-23 21:20:17,243 - picamera2.picamera2 - [picamera2.py:1391] - DEBUG - Execute job: <picamera2.job.Job object at 0x7f594a4890>
2026-06-23 21:20:17,248 - mazeUtils.device.camera - [camera.py:39] - DEBUG - Average HSV: H=116.2, S=136.8, V=117.1
2026-06-23 21:20:17,285 - mazeUtils.moveTile - [moveTile.py:79] - DEBUG - roll: 41.44 deg, practicalMoveTime: 1.0646169948090412 sec
2026-06-23 21:20:17,285 - mazeUtils.moveTile - [moveTile.py:1702] - DEBUG - moveTile loop time: 45.7 ms
2026-06-23 21:20:17,289 - picamera2.picamera2 - [picamera2.py:1391] - DEBUG - Execute job: <picamera2.job.Job object at 0x7f746f7dd0>
2026-06-23 21:20:17,295 - mazeUtils.device.camera - [camera.py:39] - DEBUG - Average HSV: H=116.2, S=134.2, V=117.8
2026-06-23 21:20:17,333 - mazeUtils.moveTile - [moveTile.py:79] - DEBUG - roll: 41.74000000000001 deg, practicalMoveTime: 1.0935410840232447 sec
2026-06-23 21:20:17,334 - mazeUtils.moveTile - [moveTile.py:1702] - DEBUG - moveTile loop time: 48.6 ms
2026-06-23 21:20:17,338 - picamera2.picamera2 - [picamera2.py:1391] - DEBUG - Execute job: <picamera2.job.Job object at 0x7f75797090>
2026-06-23 21:20:17,344 - mazeUtils.device.camera - [camera.py:39] - DEBUG - Average HSV: H=116.2, S=134.8, V=119.6
2026-06-23 21:20:17,380 - mazeUtils.moveTile - [moveTile.py:79] - DEBUG - roll: 43.89999999999998 deg, practicalMoveTime: 1.1196363119158046 sec
2026-06-23 21:20:17,380 - mazeUtils.moveTile - [moveTile.py:1702] - DEBUG - moveTile loop time: 45.7 ms
2026-06-23 21:20:17,391 - picamera2.picamera2 - [picamera2.py:1391] - DEBUG - Execute job: <picamera2.job.Job object at 0x7f8d70f9d0>
2026-06-23 21:20:17,397 - mazeUtils.device.camera - [camera.py:39] - DEBUG - Average HSV: H=116.3, S=131.2, V=123.4
2026-06-23 21:20:17,433 - mazeUtils.moveTile - [moveTile.py:79] - DEBUG - roll: 41.839999999999975 deg, practicalMoveTime: 1.1510121374150633 sec
2026-06-23 21:20:17,434 - mazeUtils.moveTile - [moveTile.py:1702] - DEBUG - moveTile loop time: 53.0 ms
2026-06-23 21:20:17,446 - picamera2.picamera2 - [picamera2.py:1391] - DEBUG - Execute job: <picamera2.job.Job object at 0x7f746f7dd0>
2026-06-23 21:20:17,450 - mazeUtils.device.camera - [camera.py:39] - DEBUG - Average HSV: H=116.1, S=135.6, V=123.3
2026-06-23 21:20:17,490 - mazeUtils.moveTile - [moveTile.py:79] - DEBUG - roll: 40.39999999999998 deg, practicalMoveTime: 1.1847190433713601 sec
2026-06-23 21:20:17,491 - mazeUtils.moveTile - [moveTile.py:1702] - DEBUG - moveTile loop time: 56.5 ms
2026-06-23 21:20:17,496 - picamera2.picamera2 - [picamera2.py:1391] - DEBUG - Execute job: <picamera2.job.Job object at 0x7f75797bd0>
2026-06-23 21:20:17,501 - mazeUtils.device.camera - [camera.py:39] - DEBUG - Average HSV: H=115.7, S=138.3, V=125.9
2026-06-23 21:20:17,535 - mazeUtils.moveTile - [moveTile.py:79] - DEBUG - roll: 35.26999999999998 deg, practicalMoveTime: 1.2126141335142477 sec
2026-06-23 21:20:17,535 - mazeUtils.moveTile - [moveTile.py:1702] - DEBUG - moveTile loop time: 44.1 ms
2026-06-23 21:20:17,541 - picamera2.picamera2 - [picamera2.py:1391] - DEBUG - Execute job: <picamera2.job.Job object at 0x7f75797bd0>
2026-06-23 21:20:17,545 - mazeUtils.device.camera - [camera.py:39] - DEBUG - Average HSV: H=115.1, S=146.9, V=124.3
2026-06-23 21:20:17,583 - mazeUtils.moveTile - [moveTile.py:79] - DEBUG - roll: 29.20999999999998 deg, practicalMoveTime: 1.2449283508010998 sec
2026-06-23 21:20:17,583 - mazeUtils.moveTile - [moveTile.py:1702] - DEBUG - moveTile loop time: 47.5 ms
2026-06-23 21:20:17,590 - picamera2.picamera2 - [picamera2.py:1391] - DEBUG - Execute job: <picamera2.job.Job object at 0x7f594a4850>
2026-06-23 21:20:17,595 - mazeUtils.device.camera - [camera.py:39] - DEBUG - Average HSV: H=114.2, S=161.5, V=125.7
2026-06-23 21:20:17,634 - mazeUtils.moveTile - [moveTile.py:79] - DEBUG - roll: 17.579999999999984 deg, practicalMoveTime: 1.2821046097880833 sec
2026-06-23 21:20:17,635 - mazeUtils.moveTile - [moveTile.py:1702] - DEBUG - moveTile loop time: 51.4 ms
2026-06-23 21:20:17,643 - picamera2.picamera2 - [picamera2.py:1391] - DEBUG - Execute job: <picamera2.job.Job object at 0x7f594a4890>
2026-06-23 21:20:17,648 - mazeUtils.device.camera - [camera.py:39] - DEBUG - Average HSV: H=111.8, S=164.5, V=188.9
2026-06-23 21:20:17,690 - mazeUtils.moveTile - [moveTile.py:79] - DEBUG - roll: 13.519999999999982 deg, practicalMoveTime: 1.324593501682862 sec
2026-06-23 21:20:17,691 - mazeUtils.moveTile - [moveTile.py:1702] - DEBUG - moveTile loop time: 55.4 ms
2026-06-23 21:20:17,697 - picamera2.picamera2 - [picamera2.py:1391] - DEBUG - Execute job: <picamera2.job.Job object at 0x7f75797bd0>
2026-06-23 21:20:17,701 - mazeUtils.device.camera - [camera.py:39] - DEBUG - Average HSV: H=113.9, S=152.2, V=169.5
2026-06-23 21:20:17,737 - mazeUtils.moveTile - [moveTile.py:79] - DEBUG - roll: 9.329999999999984 deg, practicalMoveTime: 1.3606977744924469 sec
2026-06-23 21:20:17,738 - mazeUtils.moveTile - [moveTile.py:1702] - DEBUG - moveTile loop time: 46.5 ms
2026-06-23 21:20:17,750 - picamera2.picamera2 - [picamera2.py:1391] - DEBUG - Execute job: <picamera2.job.Job object at 0x7f746f7dd0>
2026-06-23 21:20:17,754 - mazeUtils.device.camera - [camera.py:39] - DEBUG - Average HSV: H=115.1, S=147.3, V=155.2
2026-06-23 21:20:17,797 - mazeUtils.moveTile - [moveTile.py:79] - DEBUG - roll: 5.399999999999977 deg, practicalMoveTime: 1.4077314634494196 sec
2026-06-23 21:20:17,798 - mazeUtils.moveTile - [moveTile.py:1702] - DEBUG - moveTile loop time: 59.3 ms
2026-06-23 21:20:17,803 - picamera2.picamera2 - [picamera2.py:1391] - DEBUG - Execute job: <picamera2.job.Job object at 0x7f9a079250>
2026-06-23 21:20:17,808 - mazeUtils.device.camera - [camera.py:39] - DEBUG - Average HSV: H=115.9, S=165.6, V=82.7
2026-06-23 21:20:17,848 - mazeUtils.moveTile - [moveTile.py:79] - DEBUG - roll: 4.1200000000000045 deg, practicalMoveTime: 1.4580897267493027 sec
2026-06-23 21:20:17,849 - mazeUtils.moveTile - [moveTile.py:1702] - DEBUG - moveTile loop time: 50.9 ms
2026-06-23 21:20:17,860 - picamera2.picamera2 - [picamera2.py:1391] - DEBUG - Execute job: <picamera2.job.Job object at 0x7f75797bd0>
2026-06-23 21:20:17,867 - mazeUtils.device.camera - [camera.py:39] - DEBUG - Average HSV: H=114.3, S=242.9, V=49.2
2026-06-23 21:20:17,903 - mazeUtils.moveTile - [moveTile.py:79] - DEBUG - roll: 1.6899999999999977 deg, practicalMoveTime: 1.512271280742423 sec
2026-06-23 21:20:17,904 - mazeUtils.moveTile - [moveTile.py:1702] - DEBUG - moveTile loop time: 54.8 ms
2026-06-23 21:20:17,910 - picamera2.picamera2 - [picamera2.py:1391] - DEBUG - Execute job: <picamera2.job.Job object at 0x7f594a47d0>
2026-06-23 21:20:17,915 - mazeUtils.device.camera - [camera.py:39] - DEBUG - Average HSV: H=119.6, S=254.8, V=72.7
2026-06-23 21:20:17,957 - mazeUtils.moveTile - [moveTile.py:79] - DEBUG - roll: 359.76 deg, practicalMoveTime: 1.5647369109497682 sec
2026-06-23 21:20:17,957 - mazeUtils.moveTile - [moveTile.py:1702] - DEBUG - moveTile loop time: 52.7 ms
2026-06-23 21:20:17,969 - picamera2.picamera2 - [picamera2.py:1391] - DEBUG - Execute job: <picamera2.job.Job object at 0x7f75797bd0>
2026-06-23 21:20:17,973 - mazeUtils.device.camera - [camera.py:39] - DEBUG - Average HSV: H=117.4, S=216.0, V=44.4
2026-06-23 21:20:18,013 - mazeUtils.moveTile - [moveTile.py:79] - DEBUG - roll: 358.64 deg, practicalMoveTime: 1.6199316999188915 sec
2026-06-23 21:20:18,013 - mazeUtils.moveTile - [moveTile.py:1702] - DEBUG - moveTile loop time: 55.5 ms
2026-06-23 21:20:18,019 - picamera2.picamera2 - [picamera2.py:1391] - DEBUG - Execute job: <picamera2.job.Job object at 0x7f594a47d0>
2026-06-23 21:20:18,023 - mazeUtils.device.camera - [camera.py:39] - DEBUG - Average HSV: H=116.7, S=153.1, V=23.8
2026-06-23 21:20:18,064 - mazeUtils.moveTile - [moveTile.py:1592] - INFO - practicalVerticalMove: 23.672762090277732 CM
2026-06-23 21:20:18,111 - mazeUtils.moveTile - [moveTile.py:1831] - INFO - Set slope for tile at absDirection.NORTH, horizontal: 30 cm, vertical: 15 cm based on roll 37.06 deg
2026-06-23 21:20:18,637 - mazeUtils.moveTile - [moveTile.py:535] - DEBUG - Direction: absDirection.NORTH, Angle: 0, Distance: 109.16618793131597 cm
2026-06-23 21:20:18,638 - mazeUtils.moveTile - [moveTile.py:557] - DEBUG - Front LiDAR distance: 109.16618793131597 cm, TSD10 distance: 90.9 cm
2026-06-23 21:20:18,641 - mazeUtils.moveTile - [moveTile.py:535] - DEBUG - Direction: absDirection.EAST, Angle: 270, Distance: 71.75265879929515 cm
2026-06-23 21:20:18,643 - mazeUtils.moveTile - [moveTile.py:535] - DEBUG - Direction: absDirection.SOUTH, Angle: 180, Distance: 171.97675098484063 cm
2026-06-23 21:20:18,645 - mazeUtils.moveTile - [moveTile.py:535] - DEBUG - Direction: absDirection.WEST, Angle: 90, Distance: 271.1269001145928 cm
2026-06-23 21:20:18,648 - mazeUtils.moveTile - [moveTile.py:2074] - INFO - Tile color detection, decided tile type: R
2026-06-23 21:20:18,650 - mazeUtils.moveTile - [moveTile.py:2084] - INFO - Moved to (20, 19, 1), Tile type: R, Wall types: {<absDirection.NORTH: 0>: <wallType.NO_WALL: 1>, <absDirection.EAST: 270>: <wallType.NO_WALL: 1>, <absDirection.SOUTH: 180>: <wallType.NO_WALL: 1>, <absDirection.WEST: 90>: <wallType.NO_WALL: 1>}
2026-06-23 21:20:18,740 - __main__ - [main.py:101] - INFO - Current position: (20, 19, 1), front direction: absDirection.NORTH
Layer 0 (altitude=0.0cm, offset=(0.0cm, 0.0cm)):
Known map area: x=20..20, y=19..20
+   +
  V |
+   +
  S |
+---+
Layer 1 (altitude=15.0cm, offset=(0.0cm, -60.0cm)):
Known map area: x=20..20, y=19..19
+   +
  @  
+   +
mazeAsGraph[0][19][20] = {absDirection.NORTH: (20, 19, 1, 60), absDirection.EAST: None, absDirection.SOUTH: (20, 20, 0, 30), absDirection.WEST: (19, 19, 0, 30)}
mazeAsGraph[0][20][20] = {absDirection.NORTH: (20, 19, 0, 30), absDirection.EAST: None, absDirection.SOUTH: None, absDirection.WEST: (19, 20, 0, 30)}
mazeAsGraph[1][19][20] = {absDirection.NORTH: (20, 18, 1, 30), absDirection.EAST: (21, 19, 1, 30), absDirection.SOUTH: (20, 19, 0, 60), absDirection.WEST: (19, 19, 1, 30)}
2026-06-23 21:20:18,753 - mazeUtils.mazeMap - [mazeMap.py:61] - INFO - next goal: (19, 19, 0)
2026-06-23 21:20:18,761 - mazeUtils.moveTile - [moveTile.py:79] - DEBUG - Moving to absDirection.SOUTH from (20, 19, 1) facing absDirection.NORTH
2026-06-23 21:20:18,766 - mazeUtils.moveTile - [moveTile.py:79] - DEBUG - Turning to 180 deg, current heading: 344.53000000000003 deg, turnAngle: 164.53000000000003 deg
2026-06-23 21:20:18,793 - mazeUtils.moveTile - [moveTile.py:79] - DEBUG - gyro:344.58000000000004 deg, derivative: 0.05000000000001137, turnSpeed: 100
2026-06-23 21:20:18,815 - mazeUtils.moveTile - [moveTile.py:79] - DEBUG - gyro:344.69000000000005 deg, derivative: 0.11000000000001364, turnSpeed: 100
2026-06-23 21:20:18,840 - mazeUtils.moveTile - [moveTile.py:79] - DEBUG - gyro:344.87 deg, derivative: 0.17999999999994998, turnSpeed: 100
2026-06-23 21:20:18,864 - mazeUtils.moveTile - [moveTile.py:79] - DEBUG - gyro:345.13000000000005 deg, derivative: 0.26000000000004775, turnSpeed: 100
2026-06-23 21:20:18,892 - mazeUtils.moveTile - [moveTile.py:79] - DEBUG - gyro:345.43 deg, derivative: 0.2999999999999545, turnSpeed: 100
2026-06-23 21:20:18,915 - mazeUtils.moveTile - [moveTile.py:79] - DEBUG - gyro:345.88000000000005 deg, derivative: 0.4500000000000455, turnSpeed: 100
2026-06-23 21:20:18,944 - mazeUtils.moveTile - [moveTile.py:79] - DEBUG - gyro:346.51000000000005 deg, derivative: 0.6299999999999955, turnSpeed: 100
2026-06-23 21:20:18,968 - mazeUtils.moveTile - [moveTile.py:79] - DEBUG - gyro:346.97 deg, derivative: 0.45999999999997954, turnSpeed: 100
2026-06-23 21:20:18,997 - mazeUtils.moveTile - [moveTile.py:79] - DEBUG - gyro:347.85 deg, derivative: 0.8799999999999955, turnSpeed: 100
2026-06-23 21:20:19,020 - mazeUtils.moveTile - [moveTile.py:79] - DEBUG - gyro:348.81 deg, derivative: 0.9599999999999795, turnSpeed: 100
2026-06-23 21:20:19,047 - mazeUtils.moveTile - [moveTile.py:79] - DEBUG - gyro:349.88000000000005 deg, derivative: 1.07000000000005, turnSpeed: 100
2026-06-23 21:20:19,073 - mazeUtils.moveTile - [moveTile.py:79] - DEBUG - gyro:351.28000000000003 deg, derivative: 1.3999999999999773, turnSpeed: 100
2026-06-23 21:20:19,095 - mazeUtils.moveTile - [moveTile.py:79] - DEBUG - gyro:352.19000000000005 deg, derivative: 0.910000000000025, turnSpeed: 100
2026-06-23 21:20:19,121 - mazeUtils.moveTile - [moveTile.py:79] - DEBUG - gyro:353.39000000000004 deg, derivative: 1.1999999999999886, turnSpeed: 100
2026-06-23 21:20:19,149 - mazeUtils.moveTile - [moveTile.py:79] - DEBUG - gyro:354.41 deg, derivative: 1.0199999999999818, turnSpeed: 100
2026-06-23 21:20:19,173 - mazeUtils.moveTile - [moveTile.py:79] - DEBUG - gyro:355.62 deg, derivative: 1.2099999999999795, turnSpeed: 100
2026-06-23 21:20:19,197 - mazeUtils.moveTile - [moveTile.py:79] - DEBUG - gyro:356.89000000000004 deg, derivative: 1.2700000000000387, turnSpeed: 100
2026-06-23 21:20:19,224 - mazeUtils.moveTile - [moveTile.py:79] - DEBUG - gyro:358.09000000000003 deg, derivative: 1.1999999999999886, turnSpeed: 100
2026-06-23 21:20:19,254 - mazeUtils.moveTile - [moveTile.py:79] - DEBUG - gyro:358.91 deg, derivative: 0.8199999999999932, turnSpeed: 100
2026-06-23 21:20:19,283 - mazeUtils.moveTile - [moveTile.py:79] - DEBUG - gyro:0.08000000000004093 deg, derivative: 1.170000000000016, turnSpeed: -100
2026-06-23 21:20:19,305 - mazeUtils.moveTile - [moveTile.py:79] - DEBUG - gyro:1.1900000000000546 deg, derivative: 1.1100000000000136, turnSpeed: -100
2026-06-23 21:20:19,331 - mazeUtils.moveTile - [moveTile.py:79] - DEBUG - gyro:2.1100000000000136 deg, derivative: 0.9199999999999591, turnSpeed: -100
2026-06-23 21:20:19,360 - mazeUtils.moveTile - [moveTile.py:79] - DEBUG - gyro:2.8600000000000136 deg, derivative: 0.75, turnSpeed: -100
2026-06-23 21:20:19,384 - mazeUtils.moveTile - [moveTile.py:79] - DEBUG - gyro:3.6900000000000546 deg, derivative: 0.8300000000000409, turnSpeed: -100
2026-06-23 21:20:19,408 - mazeUtils.moveTile - [moveTile.py:79] - DEBUG - gyro:4.510000000000048 deg, derivative: 0.8199999999999932, turnSpeed: -100
2026-06-23 21:20:19,434 - mazeUtils.moveTile - [moveTile.py:79] - DEBUG - gyro:5.240000000000009 deg, derivative: 0.7299999999999613, turnSpeed: -100
2026-06-23 21:20:19,460 - mazeUtils.moveTile - [moveTile.py:79] - DEBUG - gyro:5.650000000000034 deg, derivative: 0.410000000000025, turnSpeed: -100
2026-06-23 21:20:19,487 - mazeUtils.moveTile - [moveTile.py:79] - DEBUG - gyro:6.140000000000043 deg, derivative: 0.4900000000000091, turnSpeed: -100
2026-06-23 21:20:19,510 - mazeUtils.moveTile - [moveTile.py:79] - DEBUG - gyro:6.350000000000023 deg, derivative: 0.20999999999997954, turnSpeed: -100
2026-06-23 21:20:19,532 - mazeUtils.moveTile - [moveTile.py:79] - DEBUG - gyro:6.53000000000003 deg, derivative: 0.18000000000000682, turnSpeed: -100
2026-06-23 21:20:19,556 - mazeUtils.moveTile - [moveTile.py:79] - DEBUG - gyro:6.610000000000014 deg, derivative: 0.07999999999998408, turnSpeed: -100
2026-06-23 21:20:19,580 - mazeUtils.moveTile - [moveTile.py:79] - DEBUG - gyro:6.660000000000025 deg, derivative: 0.05000000000001137, turnSpeed: -100
2026-06-23 21:20:19,608 - mazeUtils.moveTile - [moveTile.py:79] - DEBUG - gyro:6.670000000000016 deg, derivative: 0.009999999999990905, turnSpeed: -100
2026-06-23 21:20:19,635 - mazeUtils.moveTile - [moveTile.py:79] - DEBUG - gyro:6.650000000000034 deg, derivative: -0.01999999999998181, turnSpeed: -100
2026-06-23 21:20:19,660 - mazeUtils.moveTile - [moveTile.py:79] - DEBUG - gyro:6.6200000000000045 deg, derivative: -0.03000000000002956, turnSpeed: -100
2026-06-23 21:20:19,688 - mazeUtils.moveTile - [moveTile.py:79] - DEBUG - gyro:6.590000000000032 deg, derivative: -0.029999999999972715, turnSpeed: -100
2026-06-23 21:20:19,715 - mazeUtils.moveTile - [moveTile.py:79] - DEBUG - gyro:6.580000000000041 deg, derivative: -0.009999999999990905, turnSpeed: -100
2026-06-23 21:20:19,740 - mazeUtils.moveTile - [moveTile.py:79] - DEBUG - gyro:6.590000000000032 deg, derivative: 0.009999999999990905, turnSpeed: -100
2026-06-23 21:20:19,763 - mazeUtils.moveTile - [moveTile.py:79] - DEBUG - gyro:6.630000000000052 deg, derivative: 0.040000000000020464, turnSpeed: -100
2026-06-23 21:20:19,786 - mazeUtils.moveTile - [moveTile.py:79] - DEBUG - gyro:6.670000000000016 deg, derivative: 0.03999999999996362, turnSpeed: -100
2026-06-23 21:20:19,813 - mazeUtils.moveTile - [moveTile.py:79] - DEBUG - gyro:6.7000000000000455 deg, derivative: 0.03000000000002956, turnSpeed: -100
2026-06-23 21:20:19,838 - mazeUtils.moveTile - [moveTile.py:79] - DEBUG - gyro:6.710000000000036 deg, derivative: 0.009999999999990905, turnSpeed: -100
2026-06-23 21:20:19,862 - mazeUtils.moveTile - [moveTile.py:79] - DEBUG - gyro:6.7000000000000455 deg, derivative: -0.009999999999990905, turnSpeed: -100
2026-06-23 21:20:19,890 - mazeUtils.moveTile - [moveTile.py:79] - DEBUG - gyro:6.680000000000007 deg, derivative: -0.020000000000038654, turnSpeed: -100
2026-06-23 21:20:19,914 - mazeUtils.moveTile - [moveTile.py:79] - DEBUG - gyro:6.690000000000055 deg, derivative: 0.010000000000047748, turnSpeed: -100
2026-06-23 21:20:19,954 - mazeUtils.moveTile - [moveTile.py:79] - DEBUG - gyro:6.770000000000039 deg, derivative: 0.07999999999998408, turnSpeed: -100
2026-06-23 21:20:19,977 - mazeUtils.moveTile - [moveTile.py:79] - DEBUG - gyro:6.960000000000036 deg, derivative: 0.18999999999999773, turnSpeed: -100
2026-06-23 21:20:20,001 - mazeUtils.moveTile - [moveTile.py:79] - DEBUG - gyro:7.230000000000018 deg, derivative: 0.2699999999999818, turnSpeed: -100
2026-06-23 21:20:20,029 - mazeUtils.moveTile - [moveTile.py:79] - DEBUG - gyro:7.550000000000011 deg, derivative: 0.3199999999999932, turnSpeed: -100
2026-06-23 21:20:20,058 - mazeUtils.moveTile - [moveTile.py:79] - DEBUG - gyro:7.78000000000003 deg, derivative: 0.2300000000000182, turnSpeed: -100
2026-06-23 21:20:20,083 - mazeUtils.moveTile - [moveTile.py:79] - DEBUG - gyro:8.180000000000007 deg, derivative: 0.39999999999997726, turnSpeed: -100
2026-06-23 21:20:20,107 - mazeUtils.moveTile - [moveTile.py:79] - DEBUG - gyro:8.350000000000023 deg, derivative: 0.17000000000001592, turnSpeed: -100
2026-06-23 21:20:20,133 - mazeUtils.moveTile - [moveTile.py:79] - DEBUG - gyro:8.520000000000039 deg, derivative: 0.17000000000001592, turnSpeed: -100
2026-06-23 21:20:20,160 - mazeUtils.moveTile - [moveTile.py:79] - DEBUG - gyro:8.670000000000016 deg, derivative: 0.14999999999997726, turnSpeed: -100
2026-06-23 21:20:20,184 - mazeUtils.moveTile - [moveTile.py:79] - DEBUG - gyro:8.75 deg, derivative: 0.07999999999998408, turnSpeed: -100
2026-06-23 21:20:20,208 - mazeUtils.moveTile - [moveTile.py:79] - DEBUG - gyro:8.810000000000002 deg, derivative: 0.060000000000002274, turnSpeed: -100
2026-06-23 21:20:20,235 - mazeUtils.moveTile - [moveTile.py:79] - DEBUG - gyro:8.860000000000014 deg, derivative: 0.05000000000001137, turnSpeed: -100
2026-06-23 21:20:20,270 - mazeUtils.moveTile - [moveTile.py:79] - DEBUG - gyro:8.880000000000052 deg, derivative: 0.020000000000038654, turnSpeed: -100
2026-06-23 21:20:20,294 - mazeUtils.moveTile - [moveTile.py:79] - DEBUG - gyro:8.900000000000034 deg, derivative: 0.01999999999998181, turnSpeed: -100
2026-06-23 21:20:20,322 - mazeUtils.moveTile - [moveTile.py:79] - DEBUG - gyro:8.870000000000005 deg, derivative: -0.03000000000002956, turnSpeed: -100
2026-06-23 21:20:20,347 - mazeUtils.moveTile - [moveTile.py:79] - DEBUG - gyro:8.880000000000052 deg, derivative: 0.010000000000047748, turnSpeed: -100
2026-06-23 21:20:20,374 - mazeUtils.moveTile - [moveTile.py:79] - DEBUG - gyro:8.960000000000036 deg, derivative: 0.07999999999998408, turnSpeed: -100
2026-06-23 21:20:20,400 - mazeUtils.moveTile - [moveTile.py:79] - DEBUG - gyro:9.180000000000007 deg, derivative: 0.21999999999997044, turnSpeed: -100
2026-06-23 21:20:20,430 - mazeUtils.moveTile - [moveTile.py:79] - DEBUG - gyro:9.480000000000018 deg, derivative: 0.30000000000001137, turnSpeed: -100
2026-06-23 21:20:20,453 - mazeUtils.moveTile - [moveTile.py:79] - DEBUG - gyro:9.960000000000036 deg, derivative: 0.4800000000000182, turnSpeed: -100
2026-06-23 21:20:20,479 - mazeUtils.moveTile - [moveTile.py:79] - DEBUG - gyro:10.490000000000009 deg, derivative: 0.5299999999999727, turnSpeed: -100
2026-06-23 21:20:20,503 - mazeUtils.moveTile - [moveTile.py:79] - DEBUG - gyro:11.100000000000023 deg, derivative: 0.6100000000000136, turnSpeed: -100
2026-06-23 21:20:20,531 - mazeUtils.moveTile - [moveTile.py:79] - DEBUG - gyro:11.600000000000023 deg, derivative: 0.5, turnSpeed: -100
2026-06-23 21:20:20,556 - mazeUtils.moveTile - [moveTile.py:79] - DEBUG - gyro:12.270000000000039 deg, derivative: 0.6700000000000159, turnSpeed: -100
2026-06-23 21:20:20,582 - mazeUtils.moveTile - [moveTile.py:79] - DEBUG - gyro:12.910000000000025 deg, derivative: 0.6399999999999864, turnSpeed: -100
2026-06-23 21:20:20,608 - mazeUtils.moveTile - [moveTile.py:79] - DEBUG - gyro:13.840000000000032 deg, derivative: 0.9300000000000068, turnSpeed: -100
2026-06-23 21:20:20,631 - mazeUtils.moveTile - [moveTile.py:79] - DEBUG - gyro:14.54000000000002 deg, derivative: 0.6999999999999886, turnSpeed: -100
2026-06-23 21:20:20,655 - mazeUtils.moveTile - [moveTile.py:79] - DEBUG - gyro:15.640000000000043 deg, derivative: 1.1000000000000227, turnSpeed: -100
2026-06-23 21:20:20,822 - __main__ - [main.py:101] - INFO - Current position: (20, 19, 1), front direction: absDirection.SOUTH
Layer 0 (altitude=0.0cm, offset=(0.0cm, 0.0cm)):
Known map area: x=20..20, y=19..20
+   +
  V |
+   +
  S |
+---+
Layer 1 (altitude=15.0cm, offset=(0.0cm, -60.0cm)):
Known map area: x=20..20, y=19..19
+   +
  @  
+   +
mazeAsGraph[0][19][20] = {absDirection.NORTH: (20, 19, 1, 60), absDirection.EAST: None, absDirection.SOUTH: (20, 20, 0, 30), absDirection.WEST: (19, 19, 0, 30)}
mazeAsGraph[0][20][20] = {absDirection.NORTH: (20, 19, 0, 30), absDirection.EAST: None, absDirection.SOUTH: None, absDirection.WEST: (19, 20, 0, 30)}
mazeAsGraph[1][19][20] = {absDirection.NORTH: (20, 18, 1, 30), absDirection.EAST: (21, 19, 1, 30), absDirection.SOUTH: (20, 19, 0, 60), absDirection.WEST: (19, 19, 1, 30)}
2026-06-23 21:21:03,871 - __main__ - [main.py:162] - INFO - Program interrupted by user.
2026-06-23 21:21:04,935 - mazeUtils.device.stm - [stm.py:216] - DEBUG - ACK resynchronized: type=STS_MOTOR dropped=24B seq=0
2026-06-23 21:21:05,444 - picamera2.picamera2 - [picamera2.py:1391] - DEBUG - Execute job: <picamera2.job.Job object at 0x7f9a0a73d0>
2026-06-23 21:21:05,459 - picamera2.picamera2 - [picamera2.py:1323] - INFO - Camera stopped
2026-06-23 21:21:05,661 - picamera2.picamera2 - [picamera2.py:1329] - DEBUG - Camera was not started
2026-06-23 21:21:05,863 - picamera2.picamera2 - [picamera2.py:723] - INFO - Camera closed successfully.
2026-06-23 21:21:06,115 - picamera2.picamera2 - [picamera2.py:500] - DEBUG - Resources now free: <picamera2.picamera2.Picamera2 object at 0x7f8d6901d0>
