2026-07-01 22:45:16,973 - root - [logging_config.py:61] - INFO - Logging initialized. Log file: /home/tuton/Kanto2026RPi/src/config/../logs/robot_20260701_224502.log
2026-07-01 22:45:18,741 - mazeUtils.device.LiDAR - [LiDAR.py:80] - INFO - Available ports: <ydlidar.Str2strMap; proxy of <Swig Object of type 'std::map< std::string,std::string > *' at 0x7f92851d10> >
2026-07-01 22:45:23,117 - mazeUtils.moveTile - [moveTile.py:556] - DEBUG - overwrite the wall data
2026-07-01 22:45:23,159 - mazeUtils.moveTile - [moveTile.py:570] - DEBUG - Direction: absDirection.NORTH, Angle: 0, Distance: 33.01936854143824 cm
2026-07-01 22:45:23,162 - mazeUtils.moveTile - [moveTile.py:580] - INFO - angle: 0, result: judgeWallResult.CENTER_OBSTACLE
2026-07-01 22:45:23,163 - mazeUtils.moveTile - [moveTile.py:607] - DEBUG - Detected center obstacle at absDirection.NORTH, distance: 33.01936854143824 cm
2026-07-01 22:45:23,164 - mazeUtils.moveTile - [moveTile.py:570] - DEBUG - Direction: absDirection.EAST, Angle: 270, Distance: 17.78475758031791 cm
2026-07-01 22:45:23,166 - mazeUtils.moveTile - [moveTile.py:570] - DEBUG - Direction: absDirection.SOUTH, Angle: 180, Distance: 303.2203205627073 cm
2026-07-01 22:45:23,168 - mazeUtils.moveTile - [moveTile.py:570] - DEBUG - Direction: absDirection.WEST, Angle: 90, Distance: 13.770788121066397 cm
2026-07-01 22:45:23,169 - __main__ - [main.py:69] - INFO - Initial Map:
2026-07-01 22:45:23,191 - __main__ - [main.py:70] - INFO - Current position: (20, 20, 0), front direction: absDirection.NORTH
Layer 0 (altitude=0.0cm, offset=(0.0cm, 0.0cm)):
Known map area: x=20..20, y=20..20
+---+
| @ |
+   +
2026-07-01 22:45:24,138 - mazeUtils.mazeMap - [mazeMap.py:61] - INFO - next goal: (20, 21, 0)
2026-07-01 22:45:24,140 - __main__ - [main.py:76] - INFO - Next Direction: [<absDirection.SOUTH: 180>]
2026-07-01 22:45:24,141 - __main__ - [main.py:77] - INFO - Exploration started.
2026-07-01 22:45:24,142 - mazeUtils.mazeMap - [mazeMap.py:61] - INFO - next goal: (20, 20, 0)
2026-07-01 22:45:24,142 - mazeUtils.moveTile - [moveTile.py:88] - DEBUG - [36.997344] moveTile start direction=absDirection.SOUTH position=(20, 20, 0) front=absDirection.NORTH
2026-07-01 22:45:24,148 - mazeUtils.moveTile - [moveTile.py:90] - DEBUG - [37.003249] moveTile after initial toggle check (+5.9 ms)
2026-07-01 22:45:24,151 - mazeUtils.moveTile - [moveTile.py:90] - DEBUG - [37.006332] moveTile after tile checks isRedTile=False isUnknownTileAhead=True (+3.1 ms)
2026-07-01 22:45:24,152 - mazeUtils.moveTile - [moveTile.py:79] - DEBUG - Moving to absDirection.SOUTH from (20, 20, 0) facing absDirection.NORTH
2026-07-01 22:45:24,153 - mazeUtils.moveTile - [moveTile.py:90] - DEBUG - [37.007450] moveTile start heading change target=180 (+1.1 ms)
2026-07-01 22:45:24,178 - mazeUtils.moveTile - [moveTile.py:79] - DEBUG - current heading: 0.06999999999999318 target: 90
2026-07-01 22:45:25,532 - mazeUtils.device.stm - [stm.py:134] - ERROR - Timeout while searching valid frame: elapsed=0.501s timeout=0.500s seq=120 buffered=10B dropped=0B tail=00 78 00 00 ff ff c0 c0 51 63
2026-07-01 22:45:25,532 - mazeUtils.device.stm - [stm.py:709] - ERROR - update failed: requestSensorValues returned None
2026-07-01 22:45:26,035 - mazeUtils.device.stm - [stm.py:134] - ERROR - Timeout while searching valid frame: elapsed=0.501s timeout=0.500s seq=121 buffered=0B dropped=0B tail=
2026-07-01 22:45:26,036 - mazeUtils.device.stm - [stm.py:709] - ERROR - update failed: requestSensorValues returned None
2026-07-01 22:45:26,346 - mazeUtils.moveTile - [moveTile.py:90] - DEBUG - [39.200082] moveTile finished heading change (+2192.6 ms)
2026-07-01 22:45:26,347 - mazeUtils.moveTile - [moveTile.py:90] - DEBUG - [39.202355] Adjustment after ramp completed (+2.3 ms)
2026-07-01 22:45:26,348 - mazeUtils.moveTile - [moveTile.py:90] - DEBUG - [39.202900] moveTile updated front direction (+0.5 ms)
2026-07-01 22:45:26,368 - mazeUtils.moveTile - [moveTile.py:90] - DEBUG - [39.222424] moveTile stopped motors before alignment (+19.5 ms)
2026-07-01 22:45:26,530 - mazeUtils.moveTile - [moveTile.py:570] - DEBUG - Direction: absDirection.NORTH, Angle: 180, Distance: 25.935514899833922 cm
2026-07-01 22:45:26,531 - mazeUtils.moveTile - [moveTile.py:570] - DEBUG - Direction: absDirection.EAST, Angle: 90, Distance: 321.6395643326891 cm
2026-07-01 22:45:26,532 - mazeUtils.moveTile - [moveTile.py:751] - WARNING - Inconsistent wall detection at absDirection.EAST: distance=321.6395643326891 cm, map wall type=wallType.WALL
2026-07-01 22:45:26,534 - mazeUtils.moveTile - [moveTile.py:570] - DEBUG - Direction: absDirection.SOUTH, Angle: 0, Distance: 1000000000 cm
2026-07-01 22:45:26,535 - mazeUtils.device.LiDAR - [LiDAR.py:333] - WARNING - Both left and right obstacles detected, returning WALL as default.
2026-07-01 22:45:26,537 - mazeUtils.moveTile - [moveTile.py:661] - DEBUG - Front LiDAR distance: 1000000000 cm, TSD10 distance: 2.8 cm
2026-07-01 22:45:26,537 - mazeUtils.moveTile - [moveTile.py:686] - WARNING - inconsistent wall detection: LiDAR indicates wall, but map indicates no wall. distance: 1000000000 cm
2026-07-01 22:45:26,561 - mazeUtils.moveTile - [moveTile.py:2708] - INFO - (0, None)
2026-07-01 22:45:26,609 - __main__ - [main.py:110] - INFO - Current position: (20, 20, 0), front direction: absDirection.SOUTH
Layer 0 (altitude=0.0cm, offset=(0.0cm, 0.0cm)):
Known map area: x=20..20, y=20..20
+---+
| @ |
+---+
2026-07-01 23:27:38,902 - mazeUtils.device.stm - [stm.py:134] - ERROR - Timeout while searching valid frame: elapsed=2532.157s timeout=0.500s seq=155 buffered=16B dropped=0B tail=00 9b 00 00 ff ff c0 c0 8b bc 8a 7b 8c 4d c0 00
2026-07-01 23:27:38,903 - mazeUtils.device.stm - [stm.py:709] - ERROR - update failed: requestSensorValues returned None
