2026-06-17 01:45:10,974 - root - [logging_config.py:61] - INFO - Logging initialized. Log file: /home/tuton/Kanto2026RPi/src/config/../logs/robot_20260617_014510.log
2026-06-17 01:45:12,493 - mazeUtils.device.LiDAR - [LiDAR.py:36] - INFO - Available ports: <ydlidar.Str2strMap; proxy of <Swig Object of type 'std::map< std::string,std::string > *' at 0x7f7f6a1230> >
2026-06-17 01:45:16,528 - mazeUtils.moveTile - [moveTile.py:514] - DEBUG - Direction: absDirection.NORTH, Angle: 0, Distance: 107.37177550454615 cm
2026-06-17 01:45:16,528 - mazeUtils.moveTile - [moveTile.py:537] - DEBUG - Front LiDAR distance: 107.37177550454615 cm, TSD10 distance: 99.9 cm
2026-06-17 01:45:16,529 - mazeUtils.moveTile - [moveTile.py:514] - DEBUG - Direction: absDirection.EAST, Angle: 270, Distance: 16.628109552250333 cm
2026-06-17 01:45:16,530 - mazeUtils.moveTile - [moveTile.py:514] - DEBUG - Direction: absDirection.SOUTH, Angle: 180, Distance: 16.643251471990457 cm
2026-06-17 01:45:16,531 - mazeUtils.moveTile - [moveTile.py:514] - DEBUG - Direction: absDirection.WEST, Angle: 90, Distance: 43.45193664609467 cm
2026-06-17 01:45:16,532 - __main__ - [main.py:70] - INFO - Initial Map:
2026-06-17 01:45:16,539 - __main__ - [main.py:71] - INFO - Current position: (20, 20, 0), front direction: absDirection.NORTH
Layer 0 (altitude=0.0cm, offset=(0.0cm, 0.0cm)):
Known map area: x=20..20, y=20..20
+   +
  @ |
+---+
2026-06-17 01:45:16,539 - mazeUtils.mazeMap - [mazeMap.py:60] - INFO - next goal: (20, 19, 0)
2026-06-17 01:45:16,540 - __main__ - [main.py:74] - INFO - Next Direction: [<absDirection.NORTH: 0>]
2026-06-17 01:45:16,540 - __main__ - [main.py:75] - INFO - Exploration started.
2026-06-17 01:45:16,541 - mazeUtils.mazeMap - [mazeMap.py:60] - INFO - next goal: (20, 19, 0)
2026-06-17 01:45:16,546 - mazeUtils.moveTile - [moveTile.py:80] - DEBUG - Moving to absDirection.NORTH from (20, 20, 0) facing absDirection.NORTH
2026-06-17 01:45:16,670 - mazeUtils.moveTile - [moveTile.py:80] - DEBUG - Little backward to adjust position
2026-06-17 01:45:17,220 - mazeUtils.moveTile - [moveTile.py:80] - DEBUG - roll: 0.3299999999999841 deg, practicalMoveTime: 0.043562977158532176 sec
2026-06-17 01:45:17,221 - mazeUtils.moveTile - [moveTile.py:1234] - DEBUG - moveTile loop time: 51.4 ms
2026-06-17 01:45:17,270 - mazeUtils.moveTile - [moveTile.py:80] - DEBUG - roll: 0.37999999999999545 deg, practicalMoveTime: 0.08528422608876676 sec
2026-06-17 01:45:17,270 - mazeUtils.moveTile - [moveTile.py:1234] - DEBUG - moveTile loop time: 49.3 ms
2026-06-17 01:45:17,321 - mazeUtils.moveTile - [moveTile.py:80] - DEBUG - roll: 0.6299999999999955 deg, practicalMoveTime: 0.12803735255398158 sec
2026-06-17 01:45:17,321 - mazeUtils.moveTile - [moveTile.py:1234] - DEBUG - moveTile loop time: 50.6 ms
2026-06-17 01:45:17,372 - mazeUtils.moveTile - [moveTile.py:80] - DEBUG - roll: 359.72 deg, practicalMoveTime: 0.17921924985334606 sec
2026-06-17 01:45:17,373 - mazeUtils.moveTile - [moveTile.py:1234] - DEBUG - moveTile loop time: 51.5 ms
2026-06-17 01:45:17,422 - mazeUtils.moveTile - [moveTile.py:80] - DEBUG - roll: 359.81 deg, practicalMoveTime: 0.2287366091193639 sec
2026-06-17 01:45:17,423 - mazeUtils.moveTile - [moveTile.py:1234] - DEBUG - moveTile loop time: 50.1 ms
2026-06-17 01:45:17,475 - mazeUtils.moveTile - [moveTile.py:80] - DEBUG - roll: 359.97 deg, practicalMoveTime: 0.2804841625270189 sec
2026-06-17 01:45:17,475 - mazeUtils.moveTile - [moveTile.py:1234] - DEBUG - moveTile loop time: 51.7 ms
2026-06-17 01:45:17,526 - mazeUtils.moveTile - [moveTile.py:80] - DEBUG - roll: 1.0400000000000205 deg, practicalMoveTime: 0.32335683526100273 sec
2026-06-17 01:45:17,526 - mazeUtils.moveTile - [moveTile.py:1234] - DEBUG - moveTile loop time: 50.7 ms
2026-06-17 01:45:17,575 - mazeUtils.moveTile - [moveTile.py:80] - DEBUG - roll: 359.53000000000003 deg, practicalMoveTime: 0.3724055160878826 sec
2026-06-17 01:45:17,576 - mazeUtils.moveTile - [moveTile.py:1234] - DEBUG - moveTile loop time: 49.3 ms
2026-06-17 01:45:17,625 - mazeUtils.moveTile - [moveTile.py:80] - DEBUG - roll: 359.94 deg, practicalMoveTime: 0.4215318757937854 sec
2026-06-17 01:45:17,625 - mazeUtils.moveTile - [moveTile.py:1234] - DEBUG - moveTile loop time: 49.5 ms
2026-06-17 01:45:17,676 - mazeUtils.moveTile - [moveTile.py:80] - DEBUG - roll: 0.27000000000003865 deg, practicalMoveTime: 0.4640512234206148 sec
2026-06-17 01:45:17,676 - mazeUtils.moveTile - [moveTile.py:1234] - DEBUG - moveTile loop time: 50.2 ms
2026-06-17 01:45:17,727 - mazeUtils.moveTile - [moveTile.py:80] - DEBUG - roll: 359.91 deg, practicalMoveTime: 0.5153888790488788 sec
2026-06-17 01:45:17,728 - mazeUtils.moveTile - [moveTile.py:1234] - DEBUG - moveTile loop time: 51.6 ms
2026-06-17 01:45:17,779 - mazeUtils.moveTile - [moveTile.py:80] - DEBUG - roll: 1.1800000000000068 deg, practicalMoveTime: 0.5591504106389888 sec
2026-06-17 01:45:17,780 - mazeUtils.moveTile - [moveTile.py:1234] - DEBUG - moveTile loop time: 51.8 ms
2026-06-17 01:45:17,830 - mazeUtils.moveTile - [moveTile.py:80] - DEBUG - roll: 0.910000000000025 deg, practicalMoveTime: 0.60173477502778 sec
2026-06-17 01:45:17,830 - mazeUtils.moveTile - [moveTile.py:1234] - DEBUG - moveTile loop time: 50.4 ms
2026-06-17 01:45:17,882 - mazeUtils.moveTile - [moveTile.py:80] - DEBUG - roll: 0.9399999999999977 deg, practicalMoveTime: 0.6453596821198391 sec
2026-06-17 01:45:17,882 - mazeUtils.moveTile - [moveTile.py:1234] - DEBUG - moveTile loop time: 51.6 ms
2026-06-17 01:45:17,933 - mazeUtils.moveTile - [moveTile.py:80] - DEBUG - roll: 0.10000000000002274 deg, practicalMoveTime: 0.6888692064767227 sec
2026-06-17 01:45:17,934 - mazeUtils.moveTile - [moveTile.py:1234] - DEBUG - moveTile loop time: 51.5 ms
2026-06-17 01:45:17,985 - mazeUtils.moveTile - [moveTile.py:80] - DEBUG - roll: 0.5500000000000114 deg, practicalMoveTime: 0.7324552166619595 sec
2026-06-17 01:45:17,985 - mazeUtils.moveTile - [moveTile.py:1234] - DEBUG - moveTile loop time: 51.6 ms
2026-06-17 01:45:18,037 - mazeUtils.moveTile - [moveTile.py:80] - DEBUG - roll: 0.7800000000000296 deg, practicalMoveTime: 0.7758726284494726 sec
2026-06-17 01:45:18,037 - mazeUtils.moveTile - [moveTile.py:1234] - DEBUG - moveTile loop time: 51.3 ms
2026-06-17 01:45:18,086 - mazeUtils.moveTile - [moveTile.py:1185] - INFO - practicalVerticalMove: 0.1775488893767712 CM
2026-06-17 01:45:18,170 - mazeUtils.moveTile - [moveTile.py:1418] - INFO - Set moved vertical distance: 0.1775488893767712 cm, past distances: [(0, False), (0, False), (0, False)]
2026-06-17 01:45:18,239 - mazeUtils.moveTile - [moveTile.py:514] - DEBUG - Direction: absDirection.NORTH, Angle: 0, Distance: 72.3783506816617 cm
2026-06-17 01:45:18,239 - mazeUtils.moveTile - [moveTile.py:537] - DEBUG - Front LiDAR distance: 72.3783506816617 cm, TSD10 distance: 62.2 cm
2026-06-17 01:45:18,240 - mazeUtils.moveTile - [moveTile.py:514] - DEBUG - Direction: absDirection.EAST, Angle: 270, Distance: 79.26922901895918 cm
2026-06-17 01:45:18,242 - mazeUtils.moveTile - [moveTile.py:514] - DEBUG - Direction: absDirection.SOUTH, Angle: 180, Distance: 55.445070556699484 cm
2026-06-17 01:45:18,243 - mazeUtils.moveTile - [moveTile.py:514] - DEBUG - Direction: absDirection.WEST, Angle: 90, Distance: 16.00445002526636 cm
2026-06-17 01:45:18,243 - mazeUtils.moveTile - [moveTile.py:1533] - INFO - Tile color detection counts: {}, decided tile type: E
2026-06-17 01:45:18,334 - __main__ - [main.py:88] - INFO - Current position: (20, 19, 0), front direction: absDirection.NORTH
Layer 0 (altitude=0.0cm, offset=(0.0cm, 0.0cm)):
Known map area: x=20..20, y=19..20
+   +
| @  
+   +
  S |
+---+
2026-06-17 01:45:18,347 - mazeUtils.mazeMap - [mazeMap.py:60] - INFO - next goal: (20, 18, 0)
2026-06-17 01:45:18,348 - mazeUtils.mazeMap - [mazeMap.py:60] - INFO - next goal: (20, 18, 0)
2026-06-17 01:45:18,353 - mazeUtils.moveTile - [moveTile.py:80] - DEBUG - Moving to absDirection.NORTH from (20, 19, 0) facing absDirection.NORTH
2026-06-17 01:45:18,613 - mazeUtils.moveTile - [moveTile.py:80] - DEBUG - roll: 0.37000000000000455 deg, practicalMoveTime: 0.041906722773260595 sec
2026-06-17 01:45:18,613 - mazeUtils.moveTile - [moveTile.py:1234] - DEBUG - moveTile loop time: 49.1 ms
2026-06-17 01:45:18,662 - mazeUtils.moveTile - [moveTile.py:80] - DEBUG - roll: 0.35000000000002274 deg, practicalMoveTime: 0.08349962949431469 sec
2026-06-17 01:45:18,662 - mazeUtils.moveTile - [moveTile.py:1234] - DEBUG - moveTile loop time: 49.1 ms
2026-06-17 01:45:18,712 - mazeUtils.moveTile - [moveTile.py:80] - DEBUG - roll: 0.5200000000000387 deg, practicalMoveTime: 0.12593319410985201 sec
2026-06-17 01:45:18,713 - mazeUtils.moveTile - [moveTile.py:1234] - DEBUG - moveTile loop time: 50.1 ms
2026-06-17 01:45:18,762 - mazeUtils.moveTile - [moveTile.py:80] - DEBUG - roll: 0.38999999999998636 deg, practicalMoveTime: 0.16814906543864988 sec
2026-06-17 01:45:18,763 - mazeUtils.moveTile - [moveTile.py:1234] - DEBUG - moveTile loop time: 49.9 ms
2026-06-17 01:45:18,814 - mazeUtils.moveTile - [moveTile.py:80] - DEBUG - roll: 0.8500000000000227 deg, practicalMoveTime: 0.21174910596561658 sec
2026-06-17 01:45:18,815 - mazeUtils.moveTile - [moveTile.py:1234] - DEBUG - moveTile loop time: 51.6 ms
2026-06-17 01:45:18,864 - mazeUtils.moveTile - [moveTile.py:80] - DEBUG - roll: 1.1100000000000136 deg, practicalMoveTime: 0.25332586572409405 sec
2026-06-17 01:45:18,864 - mazeUtils.moveTile - [moveTile.py:1234] - DEBUG - moveTile loop time: 49.2 ms
2026-06-17 01:45:18,915 - mazeUtils.moveTile - [moveTile.py:80] - DEBUG - roll: 0.020000000000038654 deg, practicalMoveTime: 0.2969345523754673 sec
2026-06-17 01:45:18,916 - mazeUtils.moveTile - [moveTile.py:1234] - DEBUG - moveTile loop time: 51.6 ms
2026-06-17 01:45:18,967 - mazeUtils.moveTile - [moveTile.py:80] - DEBUG - roll: 1.2100000000000364 deg, practicalMoveTime: 0.34032422076489505 sec
2026-06-17 01:45:18,967 - mazeUtils.moveTile - [moveTile.py:1234] - DEBUG - moveTile loop time: 51.3 ms
2026-06-17 01:45:19,016 - mazeUtils.moveTile - [moveTile.py:80] - DEBUG - roll: 1.5900000000000318 deg, practicalMoveTime: 0.3820631407428656 sec
2026-06-17 01:45:19,017 - mazeUtils.moveTile - [moveTile.py:1234] - DEBUG - moveTile loop time: 49.4 ms
2026-06-17 01:45:19,066 - mazeUtils.moveTile - [moveTile.py:80] - DEBUG - roll: 1.4800000000000182 deg, practicalMoveTime: 0.42362390463124927 sec
2026-06-17 01:45:19,066 - mazeUtils.moveTile - [moveTile.py:1234] - DEBUG - moveTile loop time: 49.1 ms
2026-06-17 01:45:19,115 - mazeUtils.moveTile - [moveTile.py:80] - DEBUG - roll: 1.910000000000025 deg, practicalMoveTime: 0.4651017137460331 sec
2026-06-17 01:45:19,115 - mazeUtils.moveTile - [moveTile.py:1234] - DEBUG - moveTile loop time: 49.0 ms
2026-06-17 01:45:19,164 - mazeUtils.moveTile - [moveTile.py:80] - DEBUG - roll: 0.06999999999999318 deg, practicalMoveTime: 0.5066108580678113 sec
2026-06-17 01:45:19,164 - mazeUtils.moveTile - [moveTile.py:1234] - DEBUG - moveTile loop time: 49.0 ms
2026-06-17 01:45:19,214 - mazeUtils.moveTile - [moveTile.py:80] - DEBUG - roll: 0.2400000000000091 deg, practicalMoveTime: 0.5489768956903794 sec
2026-06-17 01:45:19,215 - mazeUtils.moveTile - [moveTile.py:1234] - DEBUG - moveTile loop time: 50.0 ms
2026-06-17 01:45:19,263 - mazeUtils.moveTile - [moveTile.py:80] - DEBUG - roll: 359.58 deg, practicalMoveTime: 0.597174300680519 sec
2026-06-17 01:45:19,263 - mazeUtils.moveTile - [moveTile.py:1234] - DEBUG - moveTile loop time: 48.5 ms
2026-06-17 01:45:19,314 - mazeUtils.moveTile - [moveTile.py:80] - DEBUG - roll: 359.52000000000004 deg, practicalMoveTime: 0.6474180609313612 sec
2026-06-17 01:45:19,314 - mazeUtils.moveTile - [moveTile.py:1234] - DEBUG - moveTile loop time: 50.6 ms
2026-06-17 01:45:19,365 - mazeUtils.moveTile - [moveTile.py:80] - DEBUG - roll: 1.1800000000000068 deg, practicalMoveTime: 0.690850751921753 sec
2026-06-17 01:45:19,366 - mazeUtils.moveTile - [moveTile.py:1234] - DEBUG - moveTile loop time: 51.4 ms
2026-06-17 01:45:19,417 - mazeUtils.moveTile - [moveTile.py:80] - DEBUG - roll: 0.7700000000000387 deg, practicalMoveTime: 0.7344174074088643 sec
2026-06-17 01:45:19,417 - mazeUtils.moveTile - [moveTile.py:1234] - DEBUG - moveTile loop time: 51.6 ms
2026-06-17 01:45:19,467 - mazeUtils.moveTile - [moveTile.py:80] - DEBUG - roll: 1.2900000000000205 deg, practicalMoveTime: 0.7760969881218815 sec
2026-06-17 01:45:19,467 - mazeUtils.moveTile - [moveTile.py:1234] - DEBUG - moveTile loop time: 49.3 ms
2026-06-17 01:45:19,516 - mazeUtils.moveTile - [moveTile.py:1185] - INFO - practicalVerticalMove: 0.3676839730559873 CM
2026-06-17 01:45:19,599 - mazeUtils.moveTile - [moveTile.py:1418] - INFO - Set moved vertical distance: 0.3676839730559873 cm, past distances: [(0.1775488893767712, False), (0, False), (0, False)]
2026-06-17 01:45:19,630 - mazeUtils.moveTile - [moveTile.py:514] - DEBUG - Direction: absDirection.NORTH, Angle: 0, Distance: 42.976312475152525 cm
2026-06-17 01:45:19,631 - mazeUtils.moveTile - [moveTile.py:537] - DEBUG - Front LiDAR distance: 42.976312475152525 cm, TSD10 distance: 28.4 cm
2026-06-17 01:45:19,632 - mazeUtils.moveTile - [moveTile.py:514] - DEBUG - Direction: absDirection.EAST, Angle: 270, Distance: 17.5750530981249 cm
2026-06-17 01:45:19,632 - mazeUtils.moveTile - [moveTile.py:514] - DEBUG - Direction: absDirection.SOUTH, Angle: 180, Distance: 86.93240532475602 cm
2026-06-17 01:45:19,633 - mazeUtils.moveTile - [moveTile.py:514] - DEBUG - Direction: absDirection.WEST, Angle: 90, Distance: 45.984940897379154 cm
2026-06-17 01:45:19,634 - mazeUtils.moveTile - [moveTile.py:1533] - INFO - Tile color detection counts: {}, decided tile type: E
2026-06-17 01:45:19,725 - __main__ - [main.py:88] - INFO - Current position: (20, 18, 0), front direction: absDirection.NORTH
Layer 0 (altitude=0.0cm, offset=(0.0cm, 0.0cm)):
Known map area: x=20..20, y=18..20
+   +
  @ |
+   +
| E  
+   +
  S |
+---+
2026-06-17 01:45:19,738 - mazeUtils.mazeMap - [mazeMap.py:60] - INFO - next goal: (20, 17, 0)
2026-06-17 01:45:19,738 - mazeUtils.mazeMap - [mazeMap.py:60] - INFO - next goal: (20, 17, 0)
2026-06-17 01:45:19,744 - mazeUtils.moveTile - [moveTile.py:80] - DEBUG - Moving to absDirection.NORTH from (20, 18, 0) facing absDirection.NORTH
2026-06-17 01:45:20,011 - mazeUtils.moveTile - [moveTile.py:80] - DEBUG - roll: 0.38999999999998636 deg, practicalMoveTime: 0.04165047476677564 sec
2026-06-17 01:45:20,012 - mazeUtils.moveTile - [moveTile.py:1234] - DEBUG - moveTile loop time: 49.1 ms
2026-06-17 01:45:20,063 - mazeUtils.moveTile - [moveTile.py:80] - DEBUG - roll: 0.7700000000000387 deg, practicalMoveTime: 0.08506109938511106 sec
2026-06-17 01:45:20,063 - mazeUtils.moveTile - [moveTile.py:1234] - DEBUG - moveTile loop time: 51.3 ms
2026-06-17 01:45:20,113 - mazeUtils.moveTile - [moveTile.py:80] - DEBUG - roll: 0.8299999999999841 deg, practicalMoveTime: 0.12749195918899786 sec
2026-06-17 01:45:20,113 - mazeUtils.moveTile - [moveTile.py:1234] - DEBUG - moveTile loop time: 50.2 ms
2026-06-17 01:45:20,165 - mazeUtils.moveTile - [moveTile.py:80] - DEBUG - roll: 0.020000000000038654 deg, practicalMoveTime: 0.17129945116044304 sec
2026-06-17 01:45:20,166 - mazeUtils.moveTile - [moveTile.py:1234] - DEBUG - moveTile loop time: 51.8 ms
2026-06-17 01:45:20,313 - mazeUtils.moveTile - [moveTile.py:80] - DEBUG - roll: 1.420000000000016 deg, practicalMoveTime: 0.2964990277233527 sec
2026-06-17 01:45:20,313 - mazeUtils.moveTile - [moveTile.py:1234] - DEBUG - moveTile loop time: 147.6 ms
2026-06-17 01:45:20,461 - mazeUtils.moveTile - [moveTile.py:80] - DEBUG - roll: 1.6299999999999955 deg, practicalMoveTime: 0.4217499964679043 sec
2026-06-17 01:45:20,461 - mazeUtils.moveTile - [moveTile.py:1234] - DEBUG - moveTile loop time: 147.6 ms
2026-06-17 01:45:20,512 - mazeUtils.moveTile - [moveTile.py:80] - DEBUG - roll: 0.9200000000000159 deg, practicalMoveTime: 0.46515853964136383 sec
2026-06-17 01:45:20,513 - mazeUtils.moveTile - [moveTile.py:1234] - DEBUG - moveTile loop time: 51.3 ms
2026-06-17 01:45:20,563 - mazeUtils.moveTile - [moveTile.py:80] - DEBUG - roll: 0.7700000000000387 deg, practicalMoveTime: 0.5075750247243558 sec
2026-06-17 01:45:20,563 - mazeUtils.moveTile - [moveTile.py:1234] - DEBUG - moveTile loop time: 50.1 ms
2026-06-17 01:45:20,612 - mazeUtils.moveTile - [moveTile.py:80] - DEBUG - roll: 1.1399999999999864 deg, practicalMoveTime: 0.5493333058666061 sec
2026-06-17 01:45:20,613 - mazeUtils.moveTile - [moveTile.py:1234] - DEBUG - moveTile loop time: 49.4 ms
2026-06-17 01:45:20,661 - mazeUtils.moveTile - [moveTile.py:80] - DEBUG - roll: 359.79 deg, practicalMoveTime: 0.59724605853716 sec
2026-06-17 01:45:20,661 - mazeUtils.moveTile - [moveTile.py:1234] - DEBUG - moveTile loop time: 48.1 ms
2026-06-17 01:45:20,712 - mazeUtils.moveTile - [moveTile.py:80] - DEBUG - roll: 1.3700000000000045 deg, practicalMoveTime: 0.6406285413564213 sec
2026-06-17 01:45:20,712 - mazeUtils.moveTile - [moveTile.py:1234] - DEBUG - moveTile loop time: 51.3 ms
2026-06-17 01:45:20,761 - mazeUtils.moveTile - [moveTile.py:80] - DEBUG - roll: 0.5 deg, practicalMoveTime: 0.6821387705397997 sec
2026-06-17 01:45:20,762 - mazeUtils.moveTile - [moveTile.py:1234] - DEBUG - moveTile loop time: 49.0 ms
2026-06-17 01:45:20,811 - mazeUtils.moveTile - [moveTile.py:80] - DEBUG - roll: 0.11000000000001364 deg, practicalMoveTime: 0.7238264087656162 sec
2026-06-17 01:45:20,811 - mazeUtils.moveTile - [moveTile.py:1234] - DEBUG - moveTile loop time: 49.3 ms
2026-06-17 01:45:20,942 - mazeUtils.moveTile - [moveTile.py:1418] - INFO - Set moved vertical distance: 0.46893216935288307 cm, past distances: [(0.3676839730559873, False), (0.1775488893767712, False), (0, False)]
2026-06-17 01:45:20,958 - mazeUtils.moveTile - [moveTile.py:514] - DEBUG - Direction: absDirection.NORTH, Angle: 0, Distance: 10.857741069858985 cm
2026-06-17 01:45:20,958 - mazeUtils.moveTile - [moveTile.py:537] - DEBUG - Front LiDAR distance: 10.857741069858985 cm, TSD10 distance: 1.7 cm
2026-06-17 01:45:20,959 - mazeUtils.moveTile - [moveTile.py:514] - DEBUG - Direction: absDirection.EAST, Angle: 270, Distance: 104.76919637711197 cm
2026-06-17 01:45:20,960 - mazeUtils.moveTile - [moveTile.py:514] - DEBUG - Direction: absDirection.SOUTH, Angle: 180, Distance: 114.71697996142612 cm
2026-06-17 01:45:20,961 - mazeUtils.moveTile - [moveTile.py:514] - DEBUG - Direction: absDirection.WEST, Angle: 90, Distance: 18.116127531730204 cm
2026-06-17 01:45:20,961 - mazeUtils.moveTile - [moveTile.py:1533] - INFO - Tile color detection counts: {}, decided tile type: E
2026-06-17 01:45:21,052 - __main__ - [main.py:88] - INFO - Current position: (20, 17, 0), front direction: absDirection.NORTH
Layer 0 (altitude=0.0cm, offset=(0.0cm, 0.0cm)):
Known map area: x=20..20, y=17..20
+---+
| @  
+   +
  E |
+   +
| E  
+   +
  S |
+---+
2026-06-17 01:45:21,060 - mazeUtils.mazeMap - [mazeMap.py:60] - INFO - next goal: (21, 17, 0)
2026-06-17 01:45:21,061 - mazeUtils.mazeMap - [mazeMap.py:60] - INFO - next goal: (21, 17, 0)
2026-06-17 01:45:21,067 - mazeUtils.moveTile - [moveTile.py:80] - DEBUG - Moving to absDirection.EAST from (20, 17, 0) facing absDirection.NORTH
2026-06-17 01:45:21,113 - mazeUtils.moveTile - [moveTile.py:80] - DEBUG - current heading: 1.8399999999999892 target: 315
2026-06-17 01:45:21,727 - mazeUtils.moveTile - [moveTile.py:389] - DEBUG - stopped turning at heading: 324.2, diff: 9.199999999999989
2026-06-17 01:45:22,206 - mazeUtils.moveTile - [moveTile.py:80] - DEBUG - Turned to heading: 315.18 deg
2026-06-17 01:45:22,555 - mazeUtils.moveTile - [moveTile.py:80] - DEBUG - current heading: 315.01 target: 270
2026-06-17 01:45:22,917 - mazeUtils.moveTile - [moveTile.py:389] - DEBUG - stopped turning at heading: 278.8, diff: 8.800000000000011
2026-06-17 01:45:23,373 - mazeUtils.moveTile - [moveTile.py:80] - DEBUG - Turned to heading: 270.2 deg
2026-06-17 01:45:23,467 - mazeUtils.moveTile - [moveTile.py:80] - DEBUG - Little backward to adjust position
2026-06-17 01:45:23,809 - mazeUtils.moveTile - [moveTile.py:80] - DEBUG - roll: 0.9900000000000091 deg, practicalMoveTime: 0.044642661815341295 sec
2026-06-17 01:45:23,810 - mazeUtils.moveTile - [moveTile.py:1234] - DEBUG - moveTile loop time: 50.5 ms
2026-06-17 01:45:23,861 - mazeUtils.moveTile - [moveTile.py:80] - DEBUG - roll: 0.7900000000000205 deg, practicalMoveTime: 0.08773534605540756 sec
2026-06-17 01:45:23,861 - mazeUtils.moveTile - [moveTile.py:1234] - DEBUG - moveTile loop time: 51.2 ms
2026-06-17 01:45:23,913 - mazeUtils.moveTile - [moveTile.py:80] - DEBUG - roll: 0.3100000000000023 deg, practicalMoveTime: 0.13154888703610645 sec
2026-06-17 01:45:23,914 - mazeUtils.moveTile - [moveTile.py:1234] - DEBUG - moveTile loop time: 51.8 ms
2026-06-17 01:45:23,966 - mazeUtils.moveTile - [moveTile.py:80] - DEBUG - roll: 0.9200000000000159 deg, practicalMoveTime: 0.175546879912644 sec
2026-06-17 01:45:23,966 - mazeUtils.moveTile - [moveTile.py:1234] - DEBUG - moveTile loop time: 52.1 ms
2026-06-17 01:45:24,017 - mazeUtils.moveTile - [moveTile.py:80] - DEBUG - roll: 1.1999999999999886 deg, practicalMoveTime: 0.2187462529280153 sec
2026-06-17 01:45:24,018 - mazeUtils.moveTile - [moveTile.py:1234] - DEBUG - moveTile loop time: 51.2 ms
2026-06-17 01:45:24,069 - mazeUtils.moveTile - [moveTile.py:80] - DEBUG - roll: 3.579999999999984 deg, practicalMoveTime: 0.26229290129136684 sec
2026-06-17 01:45:24,070 - mazeUtils.moveTile - [moveTile.py:1234] - DEBUG - moveTile loop time: 51.8 ms
2026-06-17 01:45:24,122 - mazeUtils.moveTile - [moveTile.py:80] - DEBUG - roll: 4.079999999999984 deg, practicalMoveTime: 0.3058676840961829 sec
2026-06-17 01:45:24,122 - mazeUtils.moveTile - [moveTile.py:1234] - DEBUG - moveTile loop time: 51.8 ms
2026-06-17 01:45:24,172 - mazeUtils.moveTile - [moveTile.py:80] - DEBUG - roll: 2.8899999999999864 deg, practicalMoveTime: 0.34825772906959435 sec
2026-06-17 01:45:24,174 - mazeUtils.moveTile - [moveTile.py:1234] - DEBUG - moveTile loop time: 51.1 ms
2026-06-17 01:45:24,225 - mazeUtils.moveTile - [moveTile.py:80] - DEBUG - roll: 3.5600000000000023 deg, practicalMoveTime: 0.39141495486459105 sec
2026-06-17 01:45:24,225 - mazeUtils.moveTile - [moveTile.py:1234] - DEBUG - moveTile loop time: 51.1 ms
2026-06-17 01:45:24,277 - mazeUtils.moveTile - [moveTile.py:80] - DEBUG - roll: 3.319999999999993 deg, practicalMoveTime: 0.43494539616747857 sec
2026-06-17 01:45:24,277 - mazeUtils.moveTile - [moveTile.py:1234] - DEBUG - moveTile loop time: 51.7 ms
2026-06-17 01:45:24,328 - mazeUtils.moveTile - [moveTile.py:80] - DEBUG - roll: 4.0400000000000205 deg, practicalMoveTime: 0.4776575311063914 sec
2026-06-17 01:45:24,328 - mazeUtils.moveTile - [moveTile.py:1234] - DEBUG - moveTile loop time: 50.7 ms
2026-06-17 01:45:24,381 - mazeUtils.moveTile - [moveTile.py:80] - DEBUG - roll: 3.1999999999999886 deg, practicalMoveTime: 0.5222973339999002 sec
2026-06-17 01:45:24,382 - mazeUtils.moveTile - [moveTile.py:1234] - DEBUG - moveTile loop time: 53.0 ms
2026-06-17 01:45:24,433 - mazeUtils.moveTile - [moveTile.py:80] - DEBUG - roll: 2.670000000000016 deg, practicalMoveTime: 0.5658734596547252 sec
2026-06-17 01:45:24,434 - mazeUtils.moveTile - [moveTile.py:1234] - DEBUG - moveTile loop time: 51.7 ms
2026-06-17 01:45:24,485 - mazeUtils.moveTile - [moveTile.py:80] - DEBUG - roll: 0.5500000000000114 deg, practicalMoveTime: 0.6087947894666772 sec
2026-06-17 01:45:24,486 - mazeUtils.moveTile - [moveTile.py:1234] - DEBUG - moveTile loop time: 51.0 ms
2026-06-17 01:45:24,537 - mazeUtils.moveTile - [moveTile.py:80] - DEBUG - roll: 1.650000000000034 deg, practicalMoveTime: 0.652309432813465 sec
2026-06-17 01:45:24,538 - mazeUtils.moveTile - [moveTile.py:1234] - DEBUG - moveTile loop time: 51.6 ms
2026-06-17 01:45:24,590 - mazeUtils.moveTile - [moveTile.py:80] - DEBUG - roll: 1.5 deg, practicalMoveTime: 0.6963780409106947 sec
2026-06-17 01:45:24,590 - mazeUtils.moveTile - [moveTile.py:1234] - DEBUG - moveTile loop time: 52.3 ms
2026-06-17 01:45:24,643 - mazeUtils.moveTile - [moveTile.py:80] - DEBUG - roll: 1.0 deg, practicalMoveTime: 0.7408568464624227 sec
2026-06-17 01:45:24,643 - mazeUtils.moveTile - [moveTile.py:1234] - DEBUG - moveTile loop time: 52.7 ms
2026-06-17 01:45:24,694 - mazeUtils.moveTile - [moveTile.py:1185] - INFO - practicalVerticalMove: 1.116379984318672 CM
2026-06-17 01:45:24,783 - mazeUtils.moveTile - [moveTile.py:1418] - INFO - Set moved vertical distance: 1.116379984318672 cm, past distances: [(0.46893216935288307, False), (0.3676839730559873, False), (0.1775488893767712, False)]
2026-06-17 01:45:24,829 - mazeUtils.moveTile - [moveTile.py:514] - DEBUG - Direction: absDirection.NORTH, Angle: 90, Distance: 17.63637943913523 cm
2026-06-17 01:45:24,831 - mazeUtils.moveTile - [moveTile.py:514] - DEBUG - Direction: absDirection.EAST, Angle: 0, Distance: 72.31626794813748 cm
2026-06-17 01:45:24,832 - mazeUtils.moveTile - [moveTile.py:537] - DEBUG - Front LiDAR distance: 72.31626794813748 cm, TSD10 distance: 61.7 cm
2026-06-17 01:45:24,833 - mazeUtils.moveTile - [moveTile.py:514] - DEBUG - Direction: absDirection.SOUTH, Angle: 270, Distance: 16.389695476798313 cm
2026-06-17 01:45:24,835 - mazeUtils.moveTile - [moveTile.py:514] - DEBUG - Direction: absDirection.WEST, Angle: 180, Distance: 80.93961279756243 cm
2026-06-17 01:45:24,836 - mazeUtils.moveTile - [moveTile.py:1533] - INFO - Tile color detection counts: {}, decided tile type: E
2026-06-17 01:45:24,933 - __main__ - [main.py:88] - INFO - Current position: (21, 17, 0), front direction: absDirection.EAST
Layer 0 (altitude=0.0cm, offset=(0.0cm, 0.0cm)):
Known map area: x=20..21, y=17..20
+---+---+
| E   @  
+   +---+
  E | U  
+   +   +
| E   U  
+   +   +
  S | U  
+---+   +
2026-06-17 01:45:24,942 - mazeUtils.mazeMap - [mazeMap.py:60] - INFO - next goal: (22, 17, 0)
2026-06-17 01:45:24,943 - mazeUtils.mazeMap - [mazeMap.py:60] - INFO - next goal: (22, 17, 0)
2026-06-17 01:45:24,950 - mazeUtils.moveTile - [moveTile.py:80] - DEBUG - Moving to absDirection.EAST from (21, 17, 0) facing absDirection.EAST
2026-06-17 01:45:25,210 - mazeUtils.moveTile - [moveTile.py:80] - DEBUG - roll: 1.1800000000000068 deg, practicalMoveTime: 0.046194101054199736 sec
2026-06-17 01:45:25,210 - mazeUtils.moveTile - [moveTile.py:1234] - DEBUG - moveTile loop time: 52.6 ms
2026-06-17 01:45:25,261 - mazeUtils.moveTile - [moveTile.py:80] - DEBUG - roll: 1.3100000000000023 deg, practicalMoveTime: 0.08880269076558678 sec
2026-06-17 01:45:25,261 - mazeUtils.moveTile - [moveTile.py:1234] - DEBUG - moveTile loop time: 50.6 ms
2026-06-17 01:45:25,313 - mazeUtils.moveTile - [moveTile.py:80] - DEBUG - roll: 0.17000000000001592 deg, practicalMoveTime: 0.13250623326877436 sec
2026-06-17 01:45:25,314 - mazeUtils.moveTile - [moveTile.py:1234] - DEBUG - moveTile loop time: 51.7 ms
2026-06-17 01:45:25,365 - mazeUtils.moveTile - [moveTile.py:80] - DEBUG - roll: 1.1200000000000045 deg, practicalMoveTime: 0.1755716820608873 sec
2026-06-17 01:45:25,365 - mazeUtils.moveTile - [moveTile.py:1234] - DEBUG - moveTile loop time: 51.1 ms
2026-06-17 01:45:25,417 - mazeUtils.moveTile - [moveTile.py:80] - DEBUG - roll: 0.2300000000000182 deg, practicalMoveTime: 0.21944590226576546 sec
2026-06-17 01:45:25,418 - mazeUtils.moveTile - [moveTile.py:1234] - DEBUG - moveTile loop time: 51.8 ms
2026-06-17 01:45:25,468 - mazeUtils.moveTile - [moveTile.py:80] - DEBUG - roll: 1.509999999999991 deg, practicalMoveTime: 0.2621650893996412 sec
2026-06-17 01:45:25,469 - mazeUtils.moveTile - [moveTile.py:1234] - DEBUG - moveTile loop time: 50.6 ms
2026-06-17 01:45:25,520 - mazeUtils.moveTile - [moveTile.py:80] - DEBUG - roll: 0.6500000000000341 deg, practicalMoveTime: 0.3059709808956198 sec
2026-06-17 01:45:25,521 - mazeUtils.moveTile - [moveTile.py:1234] - DEBUG - moveTile loop time: 51.8 ms
2026-06-17 01:45:25,573 - mazeUtils.moveTile - [moveTile.py:80] - DEBUG - roll: 1.650000000000034 deg, practicalMoveTime: 0.3496156753153445 sec
2026-06-17 01:45:25,573 - mazeUtils.moveTile - [moveTile.py:1234] - DEBUG - moveTile loop time: 51.9 ms
2026-06-17 01:45:25,624 - mazeUtils.moveTile - [moveTile.py:80] - DEBUG - roll: 0.8199999999999932 deg, practicalMoveTime: 0.39245353291602614 sec
2026-06-17 01:45:25,624 - mazeUtils.moveTile - [moveTile.py:1234] - DEBUG - moveTile loop time: 50.7 ms
2026-06-17 01:45:25,676 - mazeUtils.moveTile - [moveTile.py:80] - DEBUG - roll: 1.2200000000000273 deg, practicalMoveTime: 0.4361398641262443 sec
2026-06-17 01:45:25,677 - mazeUtils.moveTile - [moveTile.py:1234] - DEBUG - moveTile loop time: 51.7 ms
2026-06-17 01:45:25,728 - mazeUtils.moveTile - [moveTile.py:80] - DEBUG - roll: 2.090000000000032 deg, practicalMoveTime: 0.47960471440859387 sec
2026-06-17 01:45:25,729 - mazeUtils.moveTile - [moveTile.py:1234] - DEBUG - moveTile loop time: 51.4 ms
2026-06-17 01:45:25,780 - mazeUtils.moveTile - [moveTile.py:80] - DEBUG - roll: 359.97 deg, practicalMoveTime: 0.5308956962998552 sec
2026-06-17 01:45:25,781 - mazeUtils.moveTile - [moveTile.py:1234] - DEBUG - moveTile loop time: 51.7 ms
2026-06-17 01:45:25,832 - mazeUtils.moveTile - [moveTile.py:80] - DEBUG - roll: 2.910000000000025 deg, practicalMoveTime: 0.5741038797259883 sec
2026-06-17 01:45:25,832 - mazeUtils.moveTile - [moveTile.py:1234] - DEBUG - moveTile loop time: 51.2 ms
2026-06-17 01:45:25,884 - mazeUtils.moveTile - [moveTile.py:80] - DEBUG - roll: 359.98 deg, practicalMoveTime: 0.6253600564128536 sec
2026-06-17 01:45:25,884 - mazeUtils.moveTile - [moveTile.py:1234] - DEBUG - moveTile loop time: 51.6 ms
2026-06-17 01:45:25,935 - mazeUtils.moveTile - [moveTile.py:80] - DEBUG - roll: 0.21000000000003638 deg, practicalMoveTime: 0.6686926401292478 sec
2026-06-17 01:45:25,936 - mazeUtils.moveTile - [moveTile.py:1234] - DEBUG - moveTile loop time: 51.4 ms
2026-06-17 01:45:25,987 - mazeUtils.moveTile - [moveTile.py:80] - DEBUG - roll: 1.25 deg, practicalMoveTime: 0.7120496461395943 sec
2026-06-17 01:45:25,988 - mazeUtils.moveTile - [moveTile.py:1234] - DEBUG - moveTile loop time: 51.2 ms
2026-06-17 01:45:26,039 - mazeUtils.moveTile - [moveTile.py:80] - DEBUG - roll: 359.98 deg, practicalMoveTime: 0.7629448571196912 sec
2026-06-17 01:45:26,039 - mazeUtils.moveTile - [moveTile.py:1234] - DEBUG - moveTile loop time: 51.2 ms
2026-06-17 01:45:26,090 - mazeUtils.moveTile - [moveTile.py:1185] - INFO - practicalVerticalMove: 0.49955373304704315 CM
2026-06-17 01:45:26,180 - mazeUtils.moveTile - [moveTile.py:1418] - INFO - Set moved vertical distance: 0.49955373304704315 cm, past distances: [(1.116379984318672, False), (0.46893216935288307, False), (0.3676839730559873, False)]
2026-06-17 01:45:26,236 - mazeUtils.moveTile - [moveTile.py:514] - DEBUG - Direction: absDirection.NORTH, Angle: 90, Distance: 17.447698025721802 cm
2026-06-17 01:45:26,239 - mazeUtils.moveTile - [moveTile.py:514] - DEBUG - Direction: absDirection.EAST, Angle: 0, Distance: 38.29299095273667 cm
2026-06-17 01:45:26,239 - mazeUtils.moveTile - [moveTile.py:537] - DEBUG - Front LiDAR distance: 38.29299095273667 cm, TSD10 distance: 27.4 cm
2026-06-17 01:45:26,241 - mazeUtils.moveTile - [moveTile.py:514] - DEBUG - Direction: absDirection.SOUTH, Angle: 270, Distance: 47.6188388664969 cm
2026-06-17 01:45:26,243 - mazeUtils.moveTile - [moveTile.py:514] - DEBUG - Direction: absDirection.WEST, Angle: 180, Distance: 85.19537713203829 cm
2026-06-17 01:45:26,244 - mazeUtils.moveTile - [moveTile.py:1533] - INFO - Tile color detection counts: {}, decided tile type: E
2026-06-17 01:45:26,341 - __main__ - [main.py:88] - INFO - Current position: (22, 17, 0), front direction: absDirection.EAST
Layer 0 (altitude=0.0cm, offset=(0.0cm, 0.0cm)):
Known map area: x=20..22, y=17..20
+---+---+---+
| E   E   @  
+   +---+   +
  E | U   U  
+   +   +   +
| E   U   U  
+   +   +   +
  S | U   U  
+---+   +   +
2026-06-17 01:45:26,353 - mazeUtils.mazeMap - [mazeMap.py:60] - INFO - next goal: (23, 17, 0)
2026-06-17 01:45:26,354 - mazeUtils.mazeMap - [mazeMap.py:60] - INFO - next goal: (23, 17, 0)
2026-06-17 01:45:26,361 - mazeUtils.moveTile - [moveTile.py:80] - DEBUG - Moving to absDirection.EAST from (22, 17, 0) facing absDirection.EAST
2026-06-17 01:45:26,603 - mazeUtils.moveTile - [moveTile.py:80] - DEBUG - roll: 1.8700000000000045 deg, practicalMoveTime: 0.04395005117694734 sec
2026-06-17 01:45:26,604 - mazeUtils.moveTile - [moveTile.py:1234] - DEBUG - moveTile loop time: 50.3 ms
2026-06-17 01:45:26,655 - mazeUtils.moveTile - [moveTile.py:80] - DEBUG - roll: 1.6399999999999864 deg, practicalMoveTime: 0.08742460065097074 sec
2026-06-17 01:45:26,655 - mazeUtils.moveTile - [moveTile.py:1234] - DEBUG - moveTile loop time: 51.4 ms
2026-06-17 01:45:26,704 - mazeUtils.moveTile - [moveTile.py:80] - DEBUG - roll: 0.5099999999999909 deg, practicalMoveTime: 0.12898785969097565 sec
2026-06-17 01:45:26,704 - mazeUtils.moveTile - [moveTile.py:1234] - DEBUG - moveTile loop time: 49.1 ms
2026-06-17 01:45:26,754 - mazeUtils.moveTile - [moveTile.py:80] - DEBUG - roll: 1.160000000000025 deg, practicalMoveTime: 0.17138813543238252 sec
2026-06-17 01:45:26,755 - mazeUtils.moveTile - [moveTile.py:1234] - DEBUG - moveTile loop time: 50.2 ms
2026-06-17 01:45:26,804 - mazeUtils.moveTile - [moveTile.py:80] - DEBUG - roll: 359.92 deg, practicalMoveTime: 0.2203735689447384 sec
2026-06-17 01:45:26,804 - mazeUtils.moveTile - [moveTile.py:1234] - DEBUG - moveTile loop time: 49.2 ms
2026-06-17 01:45:26,854 - mazeUtils.moveTile - [moveTile.py:80] - DEBUG - roll: 0.2599999999999909 deg, practicalMoveTime: 0.26246332503893577 sec
2026-06-17 01:45:26,854 - mazeUtils.moveTile - [moveTile.py:1234] - DEBUG - moveTile loop time: 49.8 ms
2026-06-17 01:45:26,905 - mazeUtils.moveTile - [moveTile.py:80] - DEBUG - roll: 0.8899999999999864 deg, practicalMoveTime: 0.30587790092577444 sec
2026-06-17 01:45:26,906 - mazeUtils.moveTile - [moveTile.py:1234] - DEBUG - moveTile loop time: 51.3 ms
2026-06-17 01:45:26,955 - mazeUtils.moveTile - [moveTile.py:80] - DEBUG - roll: 1.1000000000000227 deg, practicalMoveTime: 0.34748924578583895 sec
2026-06-17 01:45:26,955 - mazeUtils.moveTile - [moveTile.py:1234] - DEBUG - moveTile loop time: 49.2 ms
2026-06-17 01:45:27,005 - mazeUtils.moveTile - [moveTile.py:80] - DEBUG - roll: 1.7200000000000273 deg, practicalMoveTime: 0.3897002407391016 sec
2026-06-17 01:45:27,005 - mazeUtils.moveTile - [moveTile.py:1234] - DEBUG - moveTile loop time: 50.0 ms
2026-06-17 01:45:27,057 - mazeUtils.moveTile - [moveTile.py:80] - DEBUG - roll: 359.89 deg, practicalMoveTime: 0.4419088065550213 sec
2026-06-17 01:45:27,058 - mazeUtils.moveTile - [moveTile.py:1234] - DEBUG - moveTile loop time: 52.5 ms
2026-06-17 01:45:27,107 - mazeUtils.moveTile - [moveTile.py:80] - DEBUG - roll: 1.8000000000000114 deg, practicalMoveTime: 0.4837294885294381 sec
2026-06-17 01:45:27,108 - mazeUtils.moveTile - [moveTile.py:1234] - DEBUG - moveTile loop time: 49.5 ms
2026-06-17 01:45:27,156 - mazeUtils.moveTile - [moveTile.py:80] - DEBUG - roll: 1.420000000000016 deg, practicalMoveTime: 0.5252577235688484 sec
2026-06-17 01:45:27,157 - mazeUtils.moveTile - [moveTile.py:1234] - DEBUG - moveTile loop time: 49.1 ms
2026-06-17 01:45:27,207 - mazeUtils.moveTile - [moveTile.py:80] - DEBUG - roll: 0.5600000000000023 deg, practicalMoveTime: 0.5676346733560423 sec
2026-06-17 01:45:27,207 - mazeUtils.moveTile - [moveTile.py:1234] - DEBUG - moveTile loop time: 50.0 ms
2026-06-17 01:45:27,258 - mazeUtils.moveTile - [moveTile.py:80] - DEBUG - roll: 0.9900000000000091 deg, practicalMoveTime: 0.611317092732656 sec
2026-06-17 01:45:27,259 - mazeUtils.moveTile - [moveTile.py:1234] - DEBUG - moveTile loop time: 51.6 ms
2026-06-17 01:45:27,311 - mazeUtils.moveTile - [moveTile.py:80] - DEBUG - roll: 0.6000000000000227 deg, practicalMoveTime: 0.655174670352527 sec
2026-06-17 01:45:27,311 - mazeUtils.moveTile - [moveTile.py:1234] - DEBUG - moveTile loop time: 51.9 ms
2026-06-17 01:45:27,361 - mazeUtils.moveTile - [moveTile.py:80] - DEBUG - roll: 1.0699999999999932 deg, practicalMoveTime: 0.6976084590367331 sec
2026-06-17 01:45:27,361 - mazeUtils.moveTile - [moveTile.py:1234] - DEBUG - moveTile loop time: 50.1 ms
2026-06-17 01:45:27,413 - mazeUtils.moveTile - [moveTile.py:80] - DEBUG - roll: 359.96000000000004 deg, practicalMoveTime: 0.749038910294335 sec
2026-06-17 01:45:27,413 - mazeUtils.moveTile - [moveTile.py:1234] - DEBUG - moveTile loop time: 51.7 ms
2026-06-17 01:45:27,443 - __main__ - [main.py:148] - INFO - Program interrupted by user.
2026-06-17 01:45:28,532 - mazeUtils.device.stm - [stm.py:216] - DEBUG - ACK resynchronized: type=STS_MOTOR dropped=3B seq=43
