2026-07-02 19:27:45,405 - root - [logging_config.py:61] - INFO - Logging initialized. Log file: /home/tuton/Kanto2026RPi/src/config/../logs/robot_20260702_192740.log
2026-07-02 19:27:45,918 - mazeUtils.device.stm - [stm.py:134] - ERROR - Timeout while searching valid frame: elapsed=0.501s timeout=0.500s seq=1 buffered=0B dropped=0B tail=
2026-07-02 19:27:45,920 - mazeUtils.device.stm - [stm.py:709] - ERROR - update failed: requestSensorValues returned None
2026-07-02 19:27:47,857 - mazeUtils.device.LiDAR - [LiDAR.py:80] - INFO - Available ports: <ydlidar.Str2strMap; proxy of <Swig Object of type 'std::map< std::string,std::string > *' at 0x7fad1b1f20> >
2026-07-02 19:27:51,370 - mazeUtils.device.stm - [stm.py:134] - ERROR - Timeout while searching valid frame: elapsed=0.500s timeout=0.500s seq=2 buffered=0B dropped=0B tail=
2026-07-02 19:27:51,374 - mazeUtils.device.stm - [stm.py:709] - ERROR - update failed: requestSensorValues returned None
2026-07-02 19:27:52,877 - mazeUtils.device.stm - [stm.py:134] - ERROR - Timeout while searching valid frame: elapsed=0.501s timeout=0.500s seq=3 buffered=0B dropped=0B tail=
2026-07-02 19:27:52,878 - mazeUtils.device.stm - [stm.py:709] - ERROR - update failed: requestSensorValues returned None
2026-07-02 19:27:52,879 - mazeUtils.moveTile - [moveTile.py:556] - DEBUG - overwrite the wall data
2026-07-02 19:27:53,389 - mazeUtils.device.stm - [stm.py:134] - ERROR - Timeout while searching valid frame: elapsed=0.500s timeout=0.500s seq=4 buffered=0B dropped=0B tail=
2026-07-02 19:27:53,390 - mazeUtils.device.stm - [stm.py:709] - ERROR - update failed: requestSensorValues returned None
2026-07-02 19:27:53,424 - mazeUtils.moveTile - [moveTile.py:570] - DEBUG - Direction: absDirection.NORTH, Angle: 0, Distance: 227.0616080983336 cm
2026-07-02 19:27:53,426 - mazeUtils.moveTile - [moveTile.py:580] - INFO - angle: 0, result: judgeWallResult.NO_WALL
2026-07-02 19:27:53,428 - mazeUtils.moveTile - [moveTile.py:570] - DEBUG - Direction: absDirection.EAST, Angle: 270, Distance: 57.43554798701108 cm
2026-07-02 19:27:53,429 - mazeUtils.moveTile - [moveTile.py:570] - DEBUG - Direction: absDirection.SOUTH, Angle: 180, Distance: 96.60963906780023 cm
2026-07-02 19:27:53,432 - mazeUtils.moveTile - [moveTile.py:570] - DEBUG - Direction: absDirection.WEST, Angle: 90, Distance: 19.49919275829303 cm
2026-07-02 19:27:53,433 - __main__ - [main.py:72] - INFO - Initial Map:
2026-07-02 19:27:53,456 - __main__ - [main.py:73] - INFO - Current position: (20, 20, 0), front direction: absDirection.NORTH
Layer 0 (altitude=0.0cm, offset=(0.0cm, 0.0cm)):
Known map area: x=20..20, y=20..20
+   +
| @  
+   +
2026-07-02 19:27:54,425 - mazeUtils.mazeMap - [mazeMap.py:61] - INFO - next goal: (20, 19, 0)
2026-07-02 19:27:54,427 - __main__ - [main.py:79] - INFO - Next Direction: [<absDirection.NORTH: 0>]
2026-07-02 19:27:54,430 - __main__ - [main.py:80] - INFO - Exploration started.
2026-07-02 19:27:54,431 - mazeUtils.mazeMap - [mazeMap.py:61] - INFO - next goal: (20, 20, 0)
2026-07-02 19:27:54,433 - mazeUtils.moveTile - [moveTile.py:88] - DEBUG - [622.082848] moveTile start direction=absDirection.NORTH position=(20, 20, 0) front=absDirection.NORTH
2026-07-02 19:27:54,934 - mazeUtils.device.stm - [stm.py:134] - ERROR - Timeout while searching valid frame: elapsed=0.500s timeout=0.500s seq=5 buffered=0B dropped=0B tail=
2026-07-02 19:27:54,935 - mazeUtils.device.stm - [stm.py:709] - ERROR - update failed: requestSensorValues returned None
2026-07-02 19:27:54,935 - mazeUtils.moveTile - [moveTile.py:90] - DEBUG - [622.585741] moveTile after initial toggle check (+502.9 ms)
2026-07-02 19:27:54,939 - mazeUtils.moveTile - [moveTile.py:90] - DEBUG - [622.588839] moveTile after tile checks isRedTile=False isUnknownTileAhead=True (+3.1 ms)
2026-07-02 19:27:54,939 - mazeUtils.moveTile - [moveTile.py:79] - DEBUG - Moving to absDirection.NORTH from (20, 20, 0) facing absDirection.NORTH
2026-07-02 19:27:54,940 - mazeUtils.moveTile - [moveTile.py:90] - DEBUG - [622.590454] moveTile start heading change target=0 (+1.6 ms)
2026-07-02 19:27:55,442 - mazeUtils.device.stm - [stm.py:134] - ERROR - Timeout while searching valid frame: elapsed=0.500s timeout=0.500s seq=6 buffered=0B dropped=0B tail=
2026-07-02 19:27:55,443 - mazeUtils.device.stm - [stm.py:709] - ERROR - update failed: requestSensorValues returned None
2026-07-02 19:27:55,945 - mazeUtils.device.stm - [stm.py:226] - ERROR - Timeout while searching valid ACK: type=STS_MOTOR elapsed=0.501s timeout=0.500s seq=7 payload=14 b4 buffered=0B dropped=0B tail=
2026-07-02 19:27:55,946 - mazeUtils.moveTile - [moveTile.py:79] - DEBUG - current heading: 0.0 target: 0
2026-07-02 19:27:56,449 - mazeUtils.device.stm - [stm.py:226] - ERROR - Timeout while searching valid ACK: type=STS_MOTOR elapsed=0.501s timeout=0.500s seq=8 payload=64 64 buffered=0B dropped=0B tail=
2026-07-02 19:27:56,450 - mazeUtils.moveTile - [moveTile.py:441] - DEBUG - stopped turning at heading: 0.0, diff: 0.0
2026-07-02 19:27:56,952 - mazeUtils.device.stm - [stm.py:134] - ERROR - Timeout while searching valid frame: elapsed=0.500s timeout=0.500s seq=9 buffered=0B dropped=0B tail=
2026-07-02 19:27:56,953 - mazeUtils.device.stm - [stm.py:709] - ERROR - update failed: requestSensorValues returned None
2026-07-02 19:27:57,454 - mazeUtils.device.stm - [stm.py:226] - ERROR - Timeout while searching valid ACK: type=STS_MOTOR elapsed=0.500s timeout=0.500s seq=10 payload=5a 6e buffered=0B dropped=0B tail=
2026-07-02 19:27:57,957 - mazeUtils.device.stm - [stm.py:226] - ERROR - Timeout while searching valid ACK: type=STS_MOTOR elapsed=0.501s timeout=0.500s seq=11 payload=64 64 buffered=0B dropped=0B tail=
2026-07-02 19:27:57,958 - mazeUtils.moveTile - [moveTile.py:79] - DEBUG - Turned to heading: 0.0 deg
2026-07-02 19:27:57,959 - mazeUtils.moveTile - [moveTile.py:90] - DEBUG - [625.609133] moveTile finished heading change (+3018.7 ms)
2026-07-02 19:27:57,960 - mazeUtils.moveTile - [moveTile.py:90] - DEBUG - [625.609809] Adjustment after ramp completed (+0.7 ms)
2026-07-02 19:27:57,961 - mazeUtils.moveTile - [moveTile.py:90] - DEBUG - [625.611138] moveTile updated front direction (+1.3 ms)
2026-07-02 19:27:58,467 - mazeUtils.device.stm - [stm.py:226] - ERROR - Timeout while searching valid ACK: type=STS_MOTOR elapsed=0.501s timeout=0.500s seq=12 payload=64 64 buffered=0B dropped=0B tail=
2026-07-02 19:27:58,469 - mazeUtils.moveTile - [moveTile.py:90] - DEBUG - [626.119694] moveTile stopped motors before alignment (+508.6 ms)
2026-07-02 19:27:59,117 - mazeUtils.device.stm - [stm.py:134] - ERROR - Timeout while searching valid frame: elapsed=0.501s timeout=0.500s seq=13 buffered=0B dropped=0B tail=
2026-07-02 19:27:59,118 - mazeUtils.device.stm - [stm.py:709] - ERROR - update failed: requestSensorValues returned None
2026-07-02 19:27:59,134 - mazeUtils.moveTile - [moveTile.py:570] - DEBUG - Direction: absDirection.NORTH, Angle: 0, Distance: 226.46196750232463 cm
2026-07-02 19:27:59,139 - mazeUtils.moveTile - [moveTile.py:570] - DEBUG - Direction: absDirection.EAST, Angle: 270, Distance: 58.02971109479975 cm
2026-07-02 19:27:59,141 - mazeUtils.moveTile - [moveTile.py:570] - DEBUG - Direction: absDirection.SOUTH, Angle: 180, Distance: 96.70811834040407 cm
2026-07-02 19:27:59,145 - mazeUtils.moveTile - [moveTile.py:570] - DEBUG - Direction: absDirection.WEST, Angle: 90, Distance: 19.49703005554963 cm
2026-07-02 19:27:59,146 - mazeUtils.moveTile - [moveTile.py:90] - DEBUG - [626.795916] moveTile ready for forward move (+676.2 ms)
2026-07-02 19:27:59,648 - mazeUtils.device.stm - [stm.py:134] - ERROR - Timeout while searching valid frame: elapsed=0.500s timeout=0.500s seq=14 buffered=0B dropped=0B tail=
2026-07-02 19:27:59,650 - mazeUtils.device.stm - [stm.py:709] - ERROR - update failed: requestSensorValues returned None
2026-07-02 19:28:00,155 - mazeUtils.device.stm - [stm.py:226] - ERROR - Timeout while searching valid ACK: type=STS_MOTOR elapsed=0.500s timeout=0.500s seq=15 payload=c8 c8 buffered=0B dropped=0B tail=
2026-07-02 19:28:00,156 - mazeUtils.moveTile - [moveTile.py:90] - DEBUG - [627.806727] moveTile initialized movement targetSteps=1 (+1010.8 ms)
2026-07-02 19:28:00,159 - mazeUtils.moveTile - [moveTile.py:90] - DEBUG - [627.809679] moveTile loop start (+3.0 ms)
2026-07-02 19:28:00,664 - mazeUtils.device.stm - [stm.py:134] - ERROR - Timeout while searching valid frame: elapsed=0.501s timeout=0.500s seq=16 buffered=0B dropped=0B tail=
2026-07-02 19:28:00,665 - mazeUtils.device.stm - [stm.py:709] - ERROR - update failed: requestSensorValues returned None
2026-07-02 19:28:00,670 - picamera2.picamera2 - [picamera2.py:1391] - DEBUG - Execute job: <picamera2.job.Job object at 0x7f65afd590>
2026-07-02 19:28:00,688 - mazeUtils.device.camera - [camera.py:39] - DEBUG - Average HSV: H=126.8, S=121.2, V=37.2
2026-07-02 19:28:01,192 - mazeUtils.device.stm - [stm.py:134] - ERROR - Timeout while searching valid frame: elapsed=0.501s timeout=0.500s seq=17 buffered=0B dropped=0B tail=
2026-07-02 19:28:01,193 - mazeUtils.device.stm - [stm.py:709] - ERROR - update failed: requestSensorValues returned None
2026-07-02 19:28:01,194 - mazeUtils.moveTile - [moveTile.py:90] - DEBUG - [628.844299] moveTile calculated motor speeds left=100 right=100 gyroSteer=0.0 wallSteer=0.0 (+1034.6 ms)
2026-07-02 19:28:01,695 - mazeUtils.device.stm - [stm.py:226] - ERROR - Timeout while searching valid ACK: type=STS_MOTOR elapsed=0.501s timeout=0.500s seq=18 payload=c8 c8 buffered=0B dropped=0B tail=
2026-07-02 19:28:01,696 - mazeUtils.moveTile - [moveTile.py:90] - DEBUG - [629.346686] moveTile applied motor speed left=100 right=100 (+502.4 ms)
2026-07-02 19:28:01,700 - mazeUtils.moveTile - [moveTile.py:90] - DEBUG - [629.350323] moveTile tile color check tempTileColor=E (+3.6 ms)
2026-07-02 19:28:01,701 - mazeUtils.moveTile - [moveTile.py:90] - DEBUG - [629.351598] moveTile obstacle check escapeFlag=False (+1.3 ms)
2026-07-02 19:28:02,204 - mazeUtils.device.stm - [stm.py:134] - ERROR - Timeout while searching valid frame: elapsed=0.501s timeout=0.500s seq=19 buffered=0B dropped=0B tail=
2026-07-02 19:28:02,205 - mazeUtils.device.stm - [stm.py:709] - ERROR - update failed: requestSensorValues returned None
2026-07-02 19:28:02,206 - mazeUtils.moveTile - [moveTile.py:90] - DEBUG - [629.855910] moveTile ramp check isBigRamp=False (+504.3 ms)
2026-07-02 19:28:02,207 - __main__ - [main.py:221] - ERROR - An unexpected error occurred:
Traceback (most recent call last):
  File "/home/tuton/Kanto2026RPi/src/main.py", line 106, in main
    isBlack, stopped, resetMapData = moveTile.moveNextTile(
                                     ^^^^^^^^^^^^^^^^^^^^^^
  File "/home/tuton/Kanto2026RPi/src/mazeUtils/moveTile.py", line 2738, in moveNextTile
    isBlack, stopped, resetMapData = moveTile(
                                     ^^^^^^^^^
  File "/home/tuton/Kanto2026RPi/src/mazeUtils/moveTile.py", line 2241, in moveTile
    victimRescueFlag = findVictimDuringMove(
                       ^^^^^^^^^^^^^^^^^^^^^
  File "/home/tuton/Kanto2026RPi/src/mazeUtils/moveTile.py", line 1067, in findVictimDuringMove
    practicalMoveTime - lastUpdateTime / 1000  # type: ignore
                        ~~~~~~~~~~~~~~~^~~~~~
TypeError: unsupported operand type(s) for /: 'NoneType' and 'int'
2026-07-02 19:28:03,772 - mazeUtils.device.stm - [stm.py:226] - ERROR - Timeout while searching valid ACK: type=STS_MOTOR elapsed=0.500s timeout=0.500s seq=20 payload=64 64 buffered=0B dropped=0B tail=
2026-07-02 19:28:04,274 - mazeUtils.device.stm - [stm.py:226] - ERROR - Timeout while searching valid ACK: type=LED elapsed=0.500s timeout=0.500s seq=21 payload=00 00 00 buffered=0B dropped=0B tail=
2026-07-02 19:28:04,351 - picamera2.picamera2 - [picamera2.py:1391] - DEBUG - Execute job: <picamera2.job.Job object at 0x7fad257090>
2026-07-02 19:28:04,375 - picamera2.picamera2 - [picamera2.py:1323] - INFO - Camera stopped
2026-07-02 19:28:04,378 - picamera2.picamera2 - [picamera2.py:1329] - DEBUG - Camera was not started
2026-07-02 19:28:04,580 - picamera2.picamera2 - [picamera2.py:723] - INFO - Camera closed successfully.
2026-07-02 19:28:04,838 - picamera2.picamera2 - [picamera2.py:500] - DEBUG - Resources now free: <picamera2.picamera2.Picamera2 object at 0x7f9e7c1690>
