2026-05-25 22:23:59,508 - root - [logging_config.py:61] - INFO - Logging initialized. Log file: /home/tuton/Kanto2026RPi/src/config/../logs/robot_20260525_222358.log
2026-05-25 22:23:59,968 - mazeUtils.mazeMap - [mazeMap.py:167] - WARNING - ArduinoNanoEveryUART init failed: [Errno 2] could not open port /dev/ttyUSB0: [Errno 2] No such file or directory: '/dev/ttyUSB0'
2026-05-25 22:24:01,021 - mazeUtils.device.LiDAR - [LiDAR.py:36] - INFO - Available ports: <ydlidar.Str2strMap; proxy of <Swig Object of type 'std::map< std::string,std::string > *' at 0x7f9b4ea1f0> >
2026-05-25 22:24:04,961 - mazeUtils.moveTile - [moveTile.py:511] - DEBUG - Direction: absDirection.NORTH, Angle: 0, Distance: 31.686110033664 cm
2026-05-25 22:24:04,962 - mazeUtils.moveTile - [moveTile.py:511] - DEBUG - Direction: absDirection.EAST, Angle: 270, Distance: 14.98327512750743 cm
2026-05-25 22:24:04,964 - mazeUtils.moveTile - [moveTile.py:511] - DEBUG - Direction: absDirection.SOUTH, Angle: 180, Distance: 22.17148525827254 cm
2026-05-25 22:24:04,965 - mazeUtils.moveTile - [moveTile.py:511] - DEBUG - Direction: absDirection.WEST, Angle: 90, Distance: 79.90422538308651 cm
2026-05-25 22:24:05,916 - __main__ - [main.py:69] - INFO - Initial Map:
2026-05-25 22:24:05,931 - __main__ - [main.py:70] - INFO - Current position: (20, 20, 0), front direction: absDirection.NORTH
Layer 0 (altitude=0.0cm, offset=(0.0cm, 0.0cm)):
Known map area: x=20..20, y=20..20
+   +
  @ |
+   +
mazeAsGraph[0][20][20] = {absDirection.NORTH: (20, 19, 0), absDirection.EAST: None, absDirection.SOUTH: (20, 21, 0), absDirection.WEST: (19, 20, 0)}
2026-05-25 22:24:05,932 - mazeUtils.mazeMap - [mazeMap.py:61] - INFO - next goal: (20, 19, 0)
2026-05-25 22:24:05,933 - __main__ - [main.py:73] - INFO - Next Direction: [<absDirection.NORTH: 0>]
2026-05-25 22:24:05,934 - __main__ - [main.py:74] - INFO - Exploration started.
2026-05-25 22:24:05,934 - mazeUtils.mazeMap - [mazeMap.py:61] - INFO - next goal: (20, 19, 0)
2026-05-25 22:24:05,944 - mazeUtils.moveTile - [moveTile.py:80] - DEBUG - Moving to absDirection.NORTH from (20, 20, 0) facing absDirection.NORTH
2026-05-25 22:24:05,989 - mazeUtils.moveTile - [moveTile.py:80] - DEBUG - current heading: 359.94 target: 0
2026-05-25 22:24:06,029 - mazeUtils.moveTile - [moveTile.py:387] - DEBUG - stopped turning at heading: 359.94, diff: 0.060000000000002274
2026-05-25 22:24:06,119 - mazeUtils.moveTile - [moveTile.py:80] - DEBUG - Turned to heading: 359.93 deg
2026-05-25 22:24:06,263 - picamera2.picamera2 - [picamera2.py:1391] - DEBUG - Execute job: <picamera2.job.Job object at 0x7f82398350>
2026-05-25 22:24:06,275 - mazeUtils.device.camera - [camera.py:37] - DEBUG - Average HSV: H=7.9, S=56.8, V=191.5
2026-05-25 22:24:06,328 - mazeUtils.moveTile - [moveTile.py:80] - DEBUG - roll: 0.4500000000000455 deg, practicalMoveTime: 0.06684480966108593 sec
2026-05-25 22:24:06,329 - mazeUtils.moveTile - [moveTile.py:1105] - DEBUG - moveTile loop time: 72.5 ms
2026-05-25 22:24:06,334 - picamera2.picamera2 - [picamera2.py:1391] - DEBUG - Execute job: <picamera2.job.Job object at 0x7f823a24d0>
2026-05-25 22:24:06,343 - mazeUtils.device.camera - [camera.py:37] - DEBUG - Average HSV: H=7.5, S=65.2, V=177.0
2026-05-25 22:24:06,393 - mazeUtils.moveTile - [moveTile.py:80] - DEBUG - roll: 359.65 deg, practicalMoveTime: 0.13048278626785248 sec
2026-05-25 22:24:06,393 - mazeUtils.moveTile - [moveTile.py:1105] - DEBUG - moveTile loop time: 64.0 ms
2026-05-25 22:24:06,399 - picamera2.picamera2 - [picamera2.py:1391] - DEBUG - Execute job: <picamera2.job.Job object at 0x7f78906490>
2026-05-25 22:24:06,404 - mazeUtils.device.camera - [camera.py:37] - DEBUG - Average HSV: H=161.2, S=43.4, V=179.4
2026-05-25 22:24:06,457 - mazeUtils.moveTile - [moveTile.py:80] - DEBUG - roll: 359.85999999999996 deg, practicalMoveTime: 0.19414941673264868 sec
2026-05-25 22:24:06,458 - mazeUtils.moveTile - [moveTile.py:1105] - DEBUG - moveTile loop time: 64.7 ms
2026-05-25 22:24:06,463 - picamera2.picamera2 - [picamera2.py:1391] - DEBUG - Execute job: <picamera2.job.Job object at 0x7f9b508850>
2026-05-25 22:24:06,469 - mazeUtils.device.camera - [camera.py:37] - DEBUG - Average HSV: H=159.1, S=8.3, V=240.7
2026-05-25 22:24:06,523 - mazeUtils.moveTile - [moveTile.py:80] - DEBUG - roll: 0.44000000000005457 deg, practicalMoveTime: 0.25204244016900507 sec
2026-05-25 22:24:06,523 - mazeUtils.moveTile - [moveTile.py:1105] - DEBUG - moveTile loop time: 64.8 ms
2026-05-25 22:24:06,528 - picamera2.picamera2 - [picamera2.py:1391] - DEBUG - Execute job: <picamera2.job.Job object at 0x7f788e4050>
2026-05-25 22:24:06,534 - mazeUtils.device.camera - [camera.py:37] - DEBUG - Average HSV: H=12.9, S=41.9, V=237.4
2026-05-25 22:24:06,587 - mazeUtils.moveTile - [moveTile.py:80] - DEBUG - roll: 0.01999999999998181 deg, practicalMoveTime: 0.3089966774981045 sec
2026-05-25 22:24:06,588 - mazeUtils.moveTile - [moveTile.py:1105] - DEBUG - moveTile loop time: 63.8 ms
2026-05-25 22:24:06,594 - picamera2.picamera2 - [picamera2.py:1391] - DEBUG - Execute job: <picamera2.job.Job object at 0x7f91777190>
2026-05-25 22:24:06,600 - mazeUtils.device.camera - [camera.py:37] - DEBUG - Average HSV: H=11.4, S=80.4, V=171.2
2026-05-25 22:24:06,652 - mazeUtils.moveTile - [moveTile.py:80] - DEBUG - roll: 2.519999999999982 deg, practicalMoveTime: 0.366578391395214 sec
2026-05-25 22:24:06,653 - mazeUtils.moveTile - [moveTile.py:1105] - DEBUG - moveTile loop time: 64.5 ms
2026-05-25 22:24:06,657 - picamera2.picamera2 - [picamera2.py:1391] - DEBUG - Execute job: <picamera2.job.Job object at 0x7f823999d0>
2026-05-25 22:24:06,663 - mazeUtils.device.camera - [camera.py:37] - DEBUG - Average HSV: H=144.4, S=9.7, V=241.7
2026-05-25 22:24:06,716 - mazeUtils.moveTile - [moveTile.py:80] - DEBUG - roll: 6.6299999999999955 deg, practicalMoveTime: 0.42364922056856524 sec
2026-05-25 22:24:06,717 - mazeUtils.moveTile - [moveTile.py:1105] - DEBUG - moveTile loop time: 64.0 ms
2026-05-25 22:24:06,723 - picamera2.picamera2 - [picamera2.py:1391] - DEBUG - Execute job: <picamera2.job.Job object at 0x7f823aaa10>
2026-05-25 22:24:06,727 - mazeUtils.device.camera - [camera.py:37] - DEBUG - Average HSV: H=8.8, S=47.4, V=184.4
2026-05-25 22:24:06,781 - mazeUtils.moveTile - [moveTile.py:80] - DEBUG - roll: 10.759999999999991 deg, practicalMoveTime: 0.48050390161635226 sec
2026-05-25 22:24:06,782 - mazeUtils.moveTile - [moveTile.py:1105] - DEBUG - moveTile loop time: 65.0 ms
2026-05-25 22:24:06,787 - picamera2.picamera2 - [picamera2.py:1391] - DEBUG - Execute job: <picamera2.job.Job object at 0x7f9b508850>
2026-05-25 22:24:06,792 - mazeUtils.device.camera - [camera.py:37] - DEBUG - Average HSV: H=57.7, S=27.1, V=238.2
2026-05-25 22:24:06,847 - mazeUtils.moveTile - [moveTile.py:80] - DEBUG - roll: 14.409999999999968 deg, practicalMoveTime: 0.5370292707410259 sec
2026-05-25 22:24:06,848 - mazeUtils.moveTile - [moveTile.py:1105] - DEBUG - moveTile loop time: 65.3 ms
2026-05-25 22:24:06,855 - picamera2.picamera2 - [picamera2.py:1391] - DEBUG - Execute job: <picamera2.job.Job object at 0x7f788e46d0>
2026-05-25 22:24:06,860 - mazeUtils.device.camera - [camera.py:37] - DEBUG - Average HSV: H=7.6, S=57.4, V=180.2
2026-05-25 22:24:06,911 - mazeUtils.moveTile - [moveTile.py:80] - DEBUG - roll: 18.079999999999927 deg, practicalMoveTime: 0.5883998449858685 sec
2026-05-25 22:24:06,912 - mazeUtils.moveTile - [moveTile.py:1105] - DEBUG - moveTile loop time: 63.4 ms
2026-05-25 22:24:06,916 - picamera2.picamera2 - [picamera2.py:1391] - DEBUG - Execute job: <picamera2.job.Job object at 0x7f823ac4d0>
2026-05-25 22:24:06,923 - mazeUtils.device.camera - [camera.py:37] - DEBUG - Average HSV: H=83.7, S=25.8, V=231.1
2026-05-25 22:24:06,976 - mazeUtils.moveTile - [moveTile.py:80] - DEBUG - roll: 21.99000000000001 deg, practicalMoveTime: 0.63963540583965 sec
2026-05-25 22:24:06,976 - mazeUtils.moveTile - [moveTile.py:1105] - DEBUG - moveTile loop time: 64.0 ms
2026-05-25 22:24:06,981 - picamera2.picamera2 - [picamera2.py:1391] - DEBUG - Execute job: <picamera2.job.Job object at 0x7f78906cd0>
2026-05-25 22:24:06,985 - mazeUtils.device.camera - [camera.py:37] - DEBUG - Average HSV: H=6.8, S=47.1, V=180.4
2026-05-25 22:24:07,034 - mazeUtils.moveTile - [moveTile.py:80] - DEBUG - roll: 25.319999999999936 deg, practicalMoveTime: 0.6835375839383493 sec
2026-05-25 22:24:07,035 - mazeUtils.moveTile - [moveTile.py:1105] - DEBUG - moveTile loop time: 58.5 ms
2026-05-25 22:24:07,043 - picamera2.picamera2 - [picamera2.py:1391] - DEBUG - Execute job: <picamera2.job.Job object at 0x7f823a24d0>
2026-05-25 22:24:07,047 - mazeUtils.device.camera - [camera.py:37] - DEBUG - Average HSV: H=9.7, S=58.1, V=198.7
2026-05-25 22:24:07,098 - mazeUtils.moveTile - [moveTile.py:80] - DEBUG - roll: 28.16999999999996 deg, practicalMoveTime: 0.7312850412914627 sec
2026-05-25 22:24:07,099 - mazeUtils.moveTile - [moveTile.py:1105] - DEBUG - moveTile loop time: 62.9 ms
2026-05-25 22:24:07,104 - picamera2.picamera2 - [picamera2.py:1391] - DEBUG - Execute job: <picamera2.job.Job object at 0x7f91749950>
2026-05-25 22:24:07,108 - mazeUtils.device.camera - [camera.py:37] - DEBUG - Average HSV: H=6.0, S=48.2, V=184.4
2026-05-25 22:24:07,156 - mazeUtils.moveTile - [moveTile.py:80] - DEBUG - roll: 31.579999999999927 deg, practicalMoveTime: 0.7730999949557915 sec
2026-05-25 22:24:07,157 - mazeUtils.moveTile - [moveTile.py:1105] - DEBUG - moveTile loop time: 58.1 ms
2026-05-25 22:24:07,161 - picamera2.picamera2 - [picamera2.py:1391] - DEBUG - Execute job: <picamera2.job.Job object at 0x7f823aaa10>
2026-05-25 22:24:07,166 - mazeUtils.device.camera - [camera.py:37] - DEBUG - Average HSV: H=8.3, S=53.2, V=195.0
2026-05-25 22:24:07,222 - mazeUtils.moveTile - [moveTile.py:80] - DEBUG - roll: 33.74000000000001 deg, practicalMoveTime: 0.8191020992585839 sec
2026-05-25 22:24:07,223 - mazeUtils.moveTile - [moveTile.py:1105] - DEBUG - moveTile loop time: 65.1 ms
2026-05-25 22:24:07,229 - picamera2.picamera2 - [picamera2.py:1391] - DEBUG - Execute job: <picamera2.job.Job object at 0x7f788e4050>
2026-05-25 22:24:07,234 - mazeUtils.device.camera - [camera.py:37] - DEBUG - Average HSV: H=7.3, S=46.0, V=184.7
2026-05-25 22:24:07,286 - mazeUtils.moveTile - [moveTile.py:80] - DEBUG - roll: 32.819999999999936 deg, practicalMoveTime: 0.8646935999351681 sec
2026-05-25 22:24:07,286 - mazeUtils.moveTile - [moveTile.py:1105] - DEBUG - moveTile loop time: 63.4 ms
2026-05-25 22:24:07,292 - picamera2.picamera2 - [picamera2.py:1391] - DEBUG - Execute job: <picamera2.job.Job object at 0x7f823a24d0>
2026-05-25 22:24:07,297 - mazeUtils.device.camera - [camera.py:37] - DEBUG - Average HSV: H=139.0, S=21.7, V=201.3
2026-05-25 22:24:07,350 - mazeUtils.moveTile - [moveTile.py:80] - DEBUG - roll: 35.22000000000003 deg, practicalMoveTime: 0.9093808591809488 sec
2026-05-25 22:24:07,351 - mazeUtils.moveTile - [moveTile.py:1105] - DEBUG - moveTile loop time: 64.0 ms
2026-05-25 22:24:07,357 - picamera2.picamera2 - [picamera2.py:1391] - DEBUG - Execute job: <picamera2.job.Job object at 0x7f8234a550>
2026-05-25 22:24:07,361 - mazeUtils.device.camera - [camera.py:37] - DEBUG - Average HSV: H=138.3, S=22.5, V=201.2
2026-05-25 22:24:07,415 - mazeUtils.moveTile - [moveTile.py:80] - DEBUG - roll: 33.139999999999986 deg, practicalMoveTime: 0.9561168827940221 sec
2026-05-25 22:24:07,416 - mazeUtils.moveTile - [moveTile.py:1105] - DEBUG - moveTile loop time: 64.9 ms
2026-05-25 22:24:07,421 - picamera2.picamera2 - [picamera2.py:1391] - DEBUG - Execute job: <picamera2.job.Job object at 0x7f91777190>
2026-05-25 22:24:07,425 - mazeUtils.device.camera - [camera.py:37] - DEBUG - Average HSV: H=165.6, S=20.7, V=182.0
2026-05-25 22:24:07,474 - mazeUtils.moveTile - [moveTile.py:80] - DEBUG - roll: 33.72000000000003 deg, practicalMoveTime: 0.9964418447234411 sec
2026-05-25 22:24:07,474 - mazeUtils.moveTile - [moveTile.py:1105] - DEBUG - moveTile loop time: 57.9 ms
2026-05-25 22:24:07,479 - picamera2.picamera2 - [picamera2.py:1391] - DEBUG - Execute job: <picamera2.job.Job object at 0x7f8234a550>
2026-05-25 22:24:07,484 - mazeUtils.device.camera - [camera.py:37] - DEBUG - Average HSV: H=166.3, S=22.5, V=173.6
2026-05-25 22:24:07,543 - picamera2.picamera2 - [picamera2.py:1391] - DEBUG - Execute job: <picamera2.job.Job object at 0x7f823ac4d0>
2026-05-25 22:24:07,548 - mazeUtils.device.camera - [camera.py:37] - DEBUG - Average HSV: H=166.3, S=23.5, V=172.0
2026-05-25 22:24:07,595 - mazeUtils.moveTile - [moveTile.py:80] - DEBUG - roll: 33.809999999999945 deg, practicalMoveTime: 1.0849645155902643 sec
2026-05-25 22:24:07,596 - mazeUtils.moveTile - [moveTile.py:1105] - DEBUG - moveTile loop time: 58.4 ms
2026-05-25 22:24:07,601 - picamera2.picamera2 - [picamera2.py:1391] - DEBUG - Execute job: <picamera2.job.Job object at 0x7f91749950>
2026-05-25 22:24:07,607 - mazeUtils.device.camera - [camera.py:37] - DEBUG - Average HSV: H=167.9, S=24.0, V=170.3
2026-05-25 22:24:07,660 - mazeUtils.moveTile - [moveTile.py:80] - DEBUG - roll: 33.07999999999993 deg, practicalMoveTime: 1.131161795112835 sec
2026-05-25 22:24:07,660 - mazeUtils.moveTile - [moveTile.py:1105] - DEBUG - moveTile loop time: 64.3 ms
2026-05-25 22:24:07,666 - picamera2.picamera2 - [picamera2.py:1391] - DEBUG - Execute job: <picamera2.job.Job object at 0x7f8234a550>
2026-05-25 22:24:07,670 - mazeUtils.device.camera - [camera.py:37] - DEBUG - Average HSV: H=168.1, S=24.4, V=167.3
2026-05-25 22:24:07,718 - mazeUtils.moveTile - [moveTile.py:80] - DEBUG - roll: 34.879999999999995 deg, practicalMoveTime: 1.171283935608989 sec
2026-05-25 22:24:07,719 - mazeUtils.moveTile - [moveTile.py:1105] - DEBUG - moveTile loop time: 58.1 ms
2026-05-25 22:24:07,723 - picamera2.picamera2 - [picamera2.py:1391] - DEBUG - Execute job: <picamera2.job.Job object at 0x7f788f5750>
2026-05-25 22:24:07,728 - mazeUtils.device.camera - [camera.py:37] - DEBUG - Average HSV: H=166.5, S=24.2, V=167.1
2026-05-25 22:24:07,777 - mazeUtils.moveTile - [moveTile.py:80] - DEBUG - roll: 33.73000000000002 deg, practicalMoveTime: 1.212753632271623 sec
2026-05-25 22:24:07,778 - mazeUtils.moveTile - [moveTile.py:1105] - DEBUG - moveTile loop time: 58.2 ms
2026-05-25 22:24:07,783 - picamera2.picamera2 - [picamera2.py:1391] - DEBUG - Execute job: <picamera2.job.Job object at 0x7f91777190>
2026-05-25 22:24:07,787 - mazeUtils.device.camera - [camera.py:37] - DEBUG - Average HSV: H=166.1, S=25.2, V=163.9
2026-05-25 22:24:07,835 - mazeUtils.moveTile - [moveTile.py:80] - DEBUG - roll: 35.36999999999989 deg, practicalMoveTime: 1.2526184939146883 sec
2026-05-25 22:24:07,835 - mazeUtils.moveTile - [moveTile.py:1105] - DEBUG - moveTile loop time: 57.3 ms
2026-05-25 22:24:07,841 - picamera2.picamera2 - [picamera2.py:1391] - DEBUG - Execute job: <picamera2.job.Job object at 0x7f823ac510>
2026-05-25 22:24:07,846 - mazeUtils.device.camera - [camera.py:37] - DEBUG - Average HSV: H=166.4, S=25.5, V=161.4
2026-05-25 22:24:07,900 - mazeUtils.moveTile - [moveTile.py:80] - DEBUG - roll: 36.25 deg, practicalMoveTime: 1.2975809246241519 sec
2026-05-25 22:24:07,901 - mazeUtils.moveTile - [moveTile.py:1105] - DEBUG - moveTile loop time: 64.7 ms
2026-05-25 22:24:07,906 - picamera2.picamera2 - [picamera2.py:1391] - DEBUG - Execute job: <picamera2.job.Job object at 0x7f788e46d0>
2026-05-25 22:24:07,911 - mazeUtils.device.camera - [camera.py:37] - DEBUG - Average HSV: H=166.0, S=24.8, V=161.9
2026-05-25 22:24:07,965 - mazeUtils.moveTile - [moveTile.py:80] - DEBUG - roll: 36.66999999999996 deg, practicalMoveTime: 1.341522547772857 sec
2026-05-25 22:24:07,965 - mazeUtils.moveTile - [moveTile.py:1105] - DEBUG - moveTile loop time: 63.9 ms
2026-05-25 22:24:07,970 - picamera2.picamera2 - [picamera2.py:1391] - DEBUG - Execute job: <picamera2.job.Job object at 0x7f823aaa10>
2026-05-25 22:24:07,974 - mazeUtils.device.camera - [camera.py:37] - DEBUG - Average HSV: H=165.0, S=24.3, V=168.8
2026-05-25 22:24:08,023 - mazeUtils.moveTile - [moveTile.py:80] - DEBUG - roll: 32.15999999999997 deg, practicalMoveTime: 1.382886238683358 sec
2026-05-25 22:24:08,023 - mazeUtils.moveTile - [moveTile.py:1105] - DEBUG - moveTile loop time: 57.6 ms
2026-05-25 22:24:08,028 - picamera2.picamera2 - [picamera2.py:1391] - DEBUG - Execute job: <picamera2.job.Job object at 0x7f8234a550>
2026-05-25 22:24:08,033 - mazeUtils.device.camera - [camera.py:37] - DEBUG - Average HSV: H=166.7, S=23.1, V=176.9
2026-05-25 22:24:08,080 - mazeUtils.moveTile - [moveTile.py:80] - DEBUG - roll: 26.639999999999986 deg, practicalMoveTime: 1.4260270725198247 sec
2026-05-25 22:24:08,081 - mazeUtils.moveTile - [moveTile.py:1105] - DEBUG - moveTile loop time: 57.1 ms
2026-05-25 22:24:08,087 - picamera2.picamera2 - [picamera2.py:1391] - DEBUG - Execute job: <picamera2.job.Job object at 0x7f788e4050>
2026-05-25 22:24:08,091 - mazeUtils.device.camera - [camera.py:37] - DEBUG - Average HSV: H=165.9, S=24.4, V=176.9
2026-05-25 22:24:08,145 - mazeUtils.moveTile - [moveTile.py:80] - DEBUG - roll: 26.460000000000036 deg, practicalMoveTime: 1.4750537792260097 sec
2026-05-25 22:24:08,146 - mazeUtils.moveTile - [moveTile.py:1105] - DEBUG - moveTile loop time: 64.2 ms
2026-05-25 22:24:08,150 - picamera2.picamera2 - [picamera2.py:1391] - DEBUG - Execute job: <picamera2.job.Job object at 0x7f91749950>
2026-05-25 22:24:08,156 - mazeUtils.device.camera - [camera.py:37] - DEBUG - Average HSV: H=166.1, S=21.5, V=182.3
2026-05-25 22:24:08,210 - mazeUtils.moveTile - [moveTile.py:80] - DEBUG - roll: 25.99000000000001 deg, practicalMoveTime: 1.5245046632557604 sec
2026-05-25 22:24:08,211 - mazeUtils.moveTile - [moveTile.py:1105] - DEBUG - moveTile loop time: 65.2 ms
2026-05-25 22:24:08,218 - picamera2.picamera2 - [picamera2.py:1391] - DEBUG - Execute job: <picamera2.job.Job object at 0x7f823ac510>
2026-05-25 22:24:08,224 - mazeUtils.device.camera - [camera.py:37] - DEBUG - Average HSV: H=163.0, S=19.2, V=198.3
2026-05-25 22:24:08,275 - mazeUtils.moveTile - [moveTile.py:80] - DEBUG - roll: 19.339999999999918 deg, practicalMoveTime: 1.5761808122391514 sec
2026-05-25 22:24:08,275 - mazeUtils.moveTile - [moveTile.py:1105] - DEBUG - moveTile loop time: 63.1 ms
2026-05-25 22:24:08,281 - picamera2.picamera2 - [picamera2.py:1391] - DEBUG - Execute job: <picamera2.job.Job object at 0x7f91749950>
2026-05-25 22:24:08,284 - mazeUtils.device.camera - [camera.py:37] - DEBUG - Average HSV: H=155.4, S=9.7, V=229.0
2026-05-25 22:24:08,333 - mazeUtils.moveTile - [moveTile.py:80] - DEBUG - roll: 15.529999999999973 deg, practicalMoveTime: 1.6239774294913667 sec
2026-05-25 22:24:08,333 - mazeUtils.moveTile - [moveTile.py:1105] - DEBUG - moveTile loop time: 57.8 ms
2026-05-25 22:24:08,339 - picamera2.picamera2 - [picamera2.py:1391] - DEBUG - Execute job: <picamera2.job.Job object at 0x7f82398350>
2026-05-25 22:24:08,342 - mazeUtils.device.camera - [camera.py:37] - DEBUG - Average HSV: H=149.8, S=9.9, V=226.8
2026-05-25 22:24:08,392 - mazeUtils.moveTile - [moveTile.py:80] - DEBUG - roll: 9.759999999999991 deg, practicalMoveTime: 1.6760462524498716 sec
2026-05-25 22:24:08,392 - mazeUtils.moveTile - [moveTile.py:1105] - DEBUG - moveTile loop time: 59.0 ms
2026-05-25 22:24:08,397 - picamera2.picamera2 - [picamera2.py:1391] - DEBUG - Execute job: <picamera2.job.Job object at 0x7f9b508850>
2026-05-25 22:24:08,400 - mazeUtils.device.camera - [camera.py:37] - DEBUG - Average HSV: H=147.9, S=9.5, V=230.5
2026-05-25 22:24:08,449 - mazeUtils.moveTile - [moveTile.py:80] - DEBUG - roll: 4.669999999999959 deg, practicalMoveTime: 1.7267654684509404 sec
2026-05-25 22:24:08,450 - mazeUtils.moveTile - [moveTile.py:1105] - DEBUG - moveTile loop time: 56.9 ms
2026-05-25 22:24:08,455 - picamera2.picamera2 - [picamera2.py:1391] - DEBUG - Execute job: <picamera2.job.Job object at 0x7f91777190>
2026-05-25 22:24:08,458 - mazeUtils.device.camera - [camera.py:37] - DEBUG - Average HSV: H=147.3, S=9.5, V=230.7
2026-05-25 22:24:08,506 - mazeUtils.moveTile - [moveTile.py:80] - DEBUG - roll: 2.92999999999995 deg, practicalMoveTime: 1.7777814674387176 sec
2026-05-25 22:24:08,507 - mazeUtils.moveTile - [moveTile.py:1105] - DEBUG - moveTile loop time: 56.8 ms
2026-05-25 22:24:08,513 - picamera2.picamera2 - [picamera2.py:1391] - DEBUG - Execute job: <picamera2.job.Job object at 0x7f78905010>
2026-05-25 22:24:08,516 - mazeUtils.device.camera - [camera.py:37] - DEBUG - Average HSV: H=148.3, S=9.8, V=229.3
2026-05-25 22:24:08,565 - mazeUtils.moveTile - [moveTile.py:80] - DEBUG - roll: 1.3699999999998909 deg, practicalMoveTime: 1.8297716302868208 sec
2026-05-25 22:24:08,565 - mazeUtils.moveTile - [moveTile.py:1105] - DEBUG - moveTile loop time: 58.0 ms
2026-05-25 22:24:08,570 - picamera2.picamera2 - [picamera2.py:1391] - DEBUG - Execute job: <picamera2.job.Job object at 0x7f91749950>
2026-05-25 22:24:08,573 - mazeUtils.device.camera - [camera.py:37] - DEBUG - Average HSV: H=148.6, S=9.6, V=229.4
2026-05-25 22:24:08,623 - mazeUtils.moveTile - [moveTile.py:80] - DEBUG - roll: 0.09999999999990905 deg, practicalMoveTime: 1.8821705420633907 sec
2026-05-25 22:24:08,624 - mazeUtils.moveTile - [moveTile.py:1105] - DEBUG - moveTile loop time: 58.6 ms
2026-05-25 22:24:08,628 - picamera2.picamera2 - [picamera2.py:1391] - DEBUG - Execute job: <picamera2.job.Job object at 0x7f788e46d0>
2026-05-25 22:24:08,633 - mazeUtils.device.camera - [camera.py:37] - DEBUG - Average HSV: H=149.3, S=9.4, V=230.0
2026-05-25 22:24:08,681 - mazeUtils.moveTile - [moveTile.py:80] - DEBUG - roll: 358.71999999999997 deg, practicalMoveTime: 1.9389567339905631 sec
2026-05-25 22:24:08,681 - mazeUtils.moveTile - [moveTile.py:1105] - DEBUG - moveTile loop time: 56.7 ms
2026-05-25 22:24:08,686 - picamera2.picamera2 - [picamera2.py:1391] - DEBUG - Execute job: <picamera2.job.Job object at 0x7f78906cd0>
2026-05-25 22:24:08,689 - mazeUtils.device.camera - [camera.py:37] - DEBUG - Average HSV: H=149.0, S=9.6, V=229.4
2026-05-25 22:24:08,833 - mazeUtils.moveTile - [moveTile.py:511] - DEBUG - Direction: absDirection.NORTH, Angle: 0, Distance: 23.838820406678078 cm
2026-05-25 22:24:08,834 - mazeUtils.moveTile - [moveTile.py:511] - DEBUG - Direction: absDirection.EAST, Angle: 270, Distance: 17.829900378150924 cm
2026-05-25 22:24:08,835 - mazeUtils.moveTile - [moveTile.py:511] - DEBUG - Direction: absDirection.SOUTH, Angle: 180, Distance: 150.5976159109782 cm
2026-05-25 22:24:08,837 - mazeUtils.moveTile - [moveTile.py:511] - DEBUG - Direction: absDirection.WEST, Angle: 90, Distance: 211.64564569149795 cm
2026-05-25 22:24:08,837 - mazeUtils.moveTile - [moveTile.py:1274] - INFO - Tile color detection counts: {}, decided tile type: E
2026-05-25 22:24:08,950 - __main__ - [main.py:84] - INFO - Current position: (20, 20, 1), front direction: absDirection.NORTH
Layer 0 (altitude=0.0cm, offset=(0.0cm, 0.0cm)):
Known map area: x=20..20, y=20..20
+   +
  S |
+   +
Layer 1 (altitude=15.0cm, offset=(0.0cm, -60.0cm)):
Known map area: x=20..20, y=20..20
+   +
  @ |
+   +
mazeAsGraph[0][20][20] = {absDirection.NORTH: (20, 20, 1), absDirection.EAST: None, absDirection.SOUTH: (20, 21, 0), absDirection.WEST: (19, 20, 0)}
mazeAsGraph[1][20][20] = {absDirection.NORTH: (20, 19, 1), absDirection.EAST: None, absDirection.SOUTH: (20, 20, 0), absDirection.WEST: (19, 20, 1)}
2026-05-25 22:24:08,961 - mazeUtils.mazeMap - [mazeMap.py:61] - INFO - next goal: (20, 19, 1)
2026-05-25 22:24:08,962 - mazeUtils.mazeMap - [mazeMap.py:61] - INFO - next goal: (20, 19, 1)
2026-05-25 22:24:08,970 - mazeUtils.moveTile - [moveTile.py:80] - DEBUG - Moving to absDirection.NORTH from (20, 20, 1) facing absDirection.NORTH
2026-05-25 22:24:09,019 - mazeUtils.moveTile - [moveTile.py:80] - DEBUG - current heading: 2.009999999999991 target: 0
2026-05-25 22:24:09,059 - mazeUtils.moveTile - [moveTile.py:387] - DEBUG - stopped turning at heading: 2.009999999999991, diff: 2.009999999999991
2026-05-25 22:24:09,520 - mazeUtils.moveTile - [moveTile.py:80] - DEBUG - Turned to heading: 359.82 deg
2026-05-25 22:24:09,650 - picamera2.picamera2 - [picamera2.py:1391] - DEBUG - Execute job: <picamera2.job.Job object at 0x7f79a6a390>
2026-05-25 22:24:09,654 - mazeUtils.device.camera - [camera.py:37] - DEBUG - Average HSV: H=145.0, S=10.2, V=227.6
2026-05-25 22:24:09,707 - mazeUtils.moveTile - [moveTile.py:80] - DEBUG - roll: 1.6499999999999773 deg, practicalMoveTime: 0.058334877064080325 sec
2026-05-25 22:24:09,707 - mazeUtils.moveTile - [moveTile.py:1105] - DEBUG - moveTile loop time: 64.2 ms
2026-05-25 22:24:09,716 - picamera2.picamera2 - [picamera2.py:1391] - DEBUG - Execute job: <picamera2.job.Job object at 0x7f942f0ed0>
2026-05-25 22:24:09,719 - mazeUtils.device.camera - [camera.py:37] - DEBUG - Average HSV: H=143.3, S=10.2, V=229.4
2026-05-25 22:24:09,768 - mazeUtils.moveTile - [moveTile.py:80] - DEBUG - roll: 1.8599999999999 deg, practicalMoveTime: 0.11310911151946806 sec
2026-05-25 22:24:09,769 - mazeUtils.moveTile - [moveTile.py:1105] - DEBUG - moveTile loop time: 61.4 ms
2026-05-25 22:24:09,773 - picamera2.picamera2 - [picamera2.py:1391] - DEBUG - Execute job: <picamera2.job.Job object at 0x7f942f1e50>
2026-05-25 22:24:09,777 - mazeUtils.device.camera - [camera.py:37] - DEBUG - Average HSV: H=139.4, S=11.3, V=227.8
2026-05-25 22:24:09,825 - mazeUtils.moveTile - [moveTile.py:80] - DEBUG - roll: 1.8099999999999454 deg, practicalMoveTime: 0.16375161808072242 sec
2026-05-25 22:24:09,826 - mazeUtils.moveTile - [moveTile.py:1105] - DEBUG - moveTile loop time: 56.5 ms
2026-05-25 22:24:09,831 - picamera2.picamera2 - [picamera2.py:1391] - DEBUG - Execute job: <picamera2.job.Job object at 0x7f7863ca90>
2026-05-25 22:24:09,834 - mazeUtils.device.camera - [camera.py:37] - DEBUG - Average HSV: H=150.4, S=17.4, V=204.1
2026-05-25 22:24:09,884 - mazeUtils.moveTile - [moveTile.py:80] - DEBUG - roll: 0.9900000000000091 deg, practicalMoveTime: 0.21585808705143947 sec
2026-05-25 22:24:09,884 - mazeUtils.moveTile - [moveTile.py:1105] - DEBUG - moveTile loop time: 58.5 ms
2026-05-25 22:24:09,888 - picamera2.picamera2 - [picamera2.py:1391] - DEBUG - Execute job: <picamera2.job.Job object at 0x7f7863c310>
2026-05-25 22:24:09,892 - mazeUtils.device.camera - [camera.py:37] - DEBUG - Average HSV: H=148.4, S=26.0, V=174.4
2026-05-25 22:24:09,942 - mazeUtils.moveTile - [moveTile.py:80] - DEBUG - roll: 1.42999999999995 deg, practicalMoveTime: 0.267691828681497 sec
2026-05-25 22:24:09,942 - mazeUtils.moveTile - [moveTile.py:1105] - DEBUG - moveTile loop time: 57.8 ms
2026-05-25 22:24:09,947 - picamera2.picamera2 - [picamera2.py:1391] - DEBUG - Execute job: <picamera2.job.Job object at 0x7f942f0ed0>
2026-05-25 22:24:09,949 - mazeUtils.device.camera - [camera.py:37] - DEBUG - Average HSV: H=124.8, S=70.1, V=203.7
2026-05-25 22:24:10,000 - mazeUtils.moveTile - [moveTile.py:80] - DEBUG - roll: 2.519999999999982 deg, practicalMoveTime: 0.31952244537287455 sec
2026-05-25 22:24:10,001 - mazeUtils.moveTile - [moveTile.py:1105] - DEBUG - moveTile loop time: 58.1 ms
2026-05-25 22:24:10,005 - picamera2.picamera2 - [picamera2.py:1391] - DEBUG - Execute job: <picamera2.job.Job object at 0x7f942f0210>
2026-05-25 22:24:10,008 - mazeUtils.device.camera - [camera.py:37] - DEBUG - Average HSV: H=119.3, S=118.3, V=215.2
2026-05-25 22:24:10,200 - mazeUtils.moveTile - [moveTile.py:511] - DEBUG - Direction: absDirection.NORTH, Angle: 0, Distance: 10.937582794673027 cm
2026-05-25 22:24:10,201 - mazeUtils.moveTile - [moveTile.py:511] - DEBUG - Direction: absDirection.EAST, Angle: 270, Distance: 17.486488593886637 cm
2026-05-25 22:24:10,201 - mazeUtils.moveTile - [moveTile.py:511] - DEBUG - Direction: absDirection.SOUTH, Angle: 180, Distance: 162.87093985556982 cm
2026-05-25 22:24:10,202 - mazeUtils.moveTile - [moveTile.py:511] - DEBUG - Direction: absDirection.WEST, Angle: 90, Distance: 227.0818221594697 cm
2026-05-25 22:24:10,203 - mazeUtils.moveTile - [moveTile.py:1274] - INFO - Tile color detection counts: {}, decided tile type: E
2026-05-25 22:24:10,318 - __main__ - [main.py:84] - INFO - Current position: (20, 19, 1), front direction: absDirection.NORTH
Layer 0 (altitude=0.0cm, offset=(0.0cm, 0.0cm)):
Known map area: x=20..20, y=20..20
+   +
  S |
+   +
Layer 1 (altitude=15.0cm, offset=(0.0cm, -60.0cm)):
Known map area: x=20..20, y=19..20
+---+
  @ |
+   +
  E |
+   +
mazeAsGraph[0][20][20] = {absDirection.NORTH: (20, 20, 1), absDirection.EAST: None, absDirection.SOUTH: (20, 21, 0), absDirection.WEST: (19, 20, 0)}
mazeAsGraph[1][19][20] = {absDirection.NORTH: None, absDirection.EAST: None, absDirection.SOUTH: (20, 20, 1), absDirection.WEST: (19, 19, 1)}
mazeAsGraph[1][20][20] = {absDirection.NORTH: (20, 19, 1), absDirection.EAST: None, absDirection.SOUTH: (20, 20, 0), absDirection.WEST: (19, 20, 1)}
2026-05-25 22:24:10,329 - mazeUtils.mazeMap - [mazeMap.py:61] - INFO - next goal: (19, 19, 1)
2026-05-25 22:24:10,330 - mazeUtils.mazeMap - [mazeMap.py:61] - INFO - next goal: (19, 19, 1)
2026-05-25 22:24:10,335 - mazeUtils.moveTile - [moveTile.py:80] - DEBUG - Moving to absDirection.WEST from (20, 19, 1) facing absDirection.NORTH
2026-05-25 22:24:10,381 - mazeUtils.moveTile - [moveTile.py:80] - DEBUG - current heading: 359.65 target: 90
2026-05-25 22:24:11,431 - mazeUtils.moveTile - [moveTile.py:387] - DEBUG - stopped turning at heading: 81.31, diff: 8.689999999999998
2026-05-25 22:24:11,955 - mazeUtils.moveTile - [moveTile.py:80] - DEBUG - Turned to heading: 89.82999999999998 deg
2026-05-25 22:24:12,054 - picamera2.picamera2 - [picamera2.py:1391] - DEBUG - Execute job: <picamera2.job.Job object at 0x7f788b44d0>
2026-05-25 22:24:12,057 - mazeUtils.device.camera - [camera.py:37] - DEBUG - Average HSV: H=80.0, S=24.2, V=220.6
2026-05-25 22:24:12,115 - mazeUtils.moveTile - [moveTile.py:80] - DEBUG - roll: 1.8199999999999363 deg, practicalMoveTime: 0.058702595162498684 sec
2026-05-25 22:24:12,115 - mazeUtils.moveTile - [moveTile.py:1105] - DEBUG - moveTile loop time: 65.5 ms
2026-05-25 22:24:12,123 - picamera2.picamera2 - [picamera2.py:1391] - DEBUG - Execute job: <picamera2.job.Job object at 0x7f78636610>
2026-05-25 22:24:12,126 - mazeUtils.device.camera - [camera.py:37] - DEBUG - Average HSV: H=54.1, S=27.0, V=222.9
2026-05-25 22:24:12,175 - mazeUtils.moveTile - [moveTile.py:80] - DEBUG - roll: 2.2799999999999727 deg, practicalMoveTime: 0.11214285930491472 sec
2026-05-25 22:24:12,175 - mazeUtils.moveTile - [moveTile.py:1105] - DEBUG - moveTile loop time: 59.7 ms
2026-05-25 22:24:12,180 - picamera2.picamera2 - [picamera2.py:1391] - DEBUG - Execute job: <picamera2.job.Job object at 0x7f78636890>
2026-05-25 22:24:12,183 - mazeUtils.device.camera - [camera.py:37] - DEBUG - Average HSV: H=14.3, S=37.1, V=224.7
2026-05-25 22:24:12,233 - mazeUtils.moveTile - [moveTile.py:80] - DEBUG - roll: 3.919999999999959 deg, practicalMoveTime: 0.16370832007908914 sec
2026-05-25 22:24:12,234 - mazeUtils.moveTile - [moveTile.py:1105] - DEBUG - moveTile loop time: 58.1 ms
2026-05-25 22:24:12,239 - picamera2.picamera2 - [picamera2.py:1391] - DEBUG - Execute job: <picamera2.job.Job object at 0x7f83269610>
2026-05-25 22:24:12,242 - mazeUtils.device.camera - [camera.py:37] - DEBUG - Average HSV: H=11.7, S=41.3, V=220.9
2026-05-25 22:24:12,290 - mazeUtils.moveTile - [moveTile.py:80] - DEBUG - roll: 6.869999999999891 deg, practicalMoveTime: 0.21422237108832326 sec
2026-05-25 22:24:12,291 - mazeUtils.moveTile - [moveTile.py:1105] - DEBUG - moveTile loop time: 56.7 ms
2026-05-25 22:24:12,296 - picamera2.picamera2 - [picamera2.py:1391] - DEBUG - Execute job: <picamera2.job.Job object at 0x7f78636890>
2026-05-25 22:24:12,299 - mazeUtils.device.camera - [camera.py:37] - DEBUG - Average HSV: H=11.6, S=50.4, V=208.5
2026-05-25 22:24:12,349 - mazeUtils.moveTile - [moveTile.py:80] - DEBUG - roll: 6.92999999999995 deg, practicalMoveTime: 0.266151856784149 sec
2026-05-25 22:24:12,350 - mazeUtils.moveTile - [moveTile.py:1105] - DEBUG - moveTile loop time: 58.3 ms
2026-05-25 22:24:12,355 - picamera2.picamera2 - [picamera2.py:1391] - DEBUG - Execute job: <picamera2.job.Job object at 0x7f83268b50>
2026-05-25 22:24:12,357 - mazeUtils.device.camera - [camera.py:37] - DEBUG - Average HSV: H=11.5, S=57.0, V=201.0
2026-05-25 22:24:12,406 - mazeUtils.moveTile - [moveTile.py:80] - DEBUG - roll: 3.6099999999999 deg, practicalMoveTime: 0.31703005321717426 sec
2026-05-25 22:24:12,407 - mazeUtils.moveTile - [moveTile.py:1105] - DEBUG - moveTile loop time: 57.0 ms
2026-05-25 22:24:12,412 - picamera2.picamera2 - [picamera2.py:1391] - DEBUG - Execute job: <picamera2.job.Job object at 0x7f78636750>
2026-05-25 22:24:12,415 - mazeUtils.device.camera - [camera.py:37] - DEBUG - Average HSV: H=11.4, S=59.2, V=198.9
2026-05-25 22:24:12,467 - mazeUtils.moveTile - [moveTile.py:80] - DEBUG - roll: 0.6299999999999955 deg, practicalMoveTime: 0.3710003460418732 sec
2026-05-25 22:24:12,467 - mazeUtils.moveTile - [moveTile.py:1105] - DEBUG - moveTile loop time: 60.2 ms
2026-05-25 22:24:12,472 - picamera2.picamera2 - [picamera2.py:1391] - DEBUG - Execute job: <picamera2.job.Job object at 0x7f82308a90>
2026-05-25 22:24:12,475 - mazeUtils.device.camera - [camera.py:37] - DEBUG - Average HSV: H=11.2, S=62.7, V=194.3
2026-05-25 22:24:12,523 - mazeUtils.moveTile - [moveTile.py:80] - DEBUG - roll: 359.4 deg, practicalMoveTime: 0.42638480605851503 sec
2026-05-25 22:24:12,523 - mazeUtils.moveTile - [moveTile.py:1105] - DEBUG - moveTile loop time: 55.7 ms
2026-05-25 22:24:12,528 - picamera2.picamera2 - [picamera2.py:1391] - DEBUG - Execute job: <picamera2.job.Job object at 0x7f83268b50>
2026-05-25 22:24:12,531 - mazeUtils.device.camera - [camera.py:37] - DEBUG - Average HSV: H=11.0, S=65.5, V=189.1
2026-05-25 22:24:12,580 - mazeUtils.moveTile - [moveTile.py:80] - DEBUG - roll: 0.30999999999994543 deg, practicalMoveTime: 0.4779331047358577 sec
2026-05-25 22:24:12,581 - mazeUtils.moveTile - [moveTile.py:1105] - DEBUG - moveTile loop time: 57.6 ms
2026-05-25 22:24:12,586 - picamera2.picamera2 - [picamera2.py:1391] - DEBUG - Execute job: <picamera2.job.Job object at 0x7f78636610>
2026-05-25 22:24:12,589 - mazeUtils.device.camera - [camera.py:37] - DEBUG - Average HSV: H=10.9, S=69.0, V=180.7
2026-05-25 22:24:12,638 - mazeUtils.moveTile - [moveTile.py:80] - DEBUG - roll: 2.409999999999968 deg, practicalMoveTime: 0.5291559306195055 sec
2026-05-25 22:24:12,638 - mazeUtils.moveTile - [moveTile.py:1105] - DEBUG - moveTile loop time: 57.4 ms
2026-05-25 22:24:12,643 - picamera2.picamera2 - [picamera2.py:1391] - DEBUG - Execute job: <picamera2.job.Job object at 0x7f789345d0>
2026-05-25 22:24:12,647 - mazeUtils.device.camera - [camera.py:37] - DEBUG - Average HSV: H=9.2, S=62.3, V=165.1
2026-05-25 22:24:12,696 - mazeUtils.moveTile - [moveTile.py:80] - DEBUG - roll: 5.2000000000000455 deg, practicalMoveTime: 0.5805047952990818 sec
2026-05-25 22:24:12,696 - mazeUtils.moveTile - [moveTile.py:1105] - DEBUG - moveTile loop time: 57.6 ms
2026-05-25 22:24:12,701 - picamera2.picamera2 - [picamera2.py:1391] - DEBUG - Execute job: <picamera2.job.Job object at 0x7f82308a90>
2026-05-25 22:24:12,705 - mazeUtils.device.camera - [camera.py:37] - DEBUG - Average HSV: H=10.1, S=50.9, V=148.0
2026-05-25 22:24:12,756 - mazeUtils.moveTile - [moveTile.py:80] - DEBUG - roll: 6.9500000000000455 deg, practicalMoveTime: 0.6337620468540129 sec
2026-05-25 22:24:12,756 - mazeUtils.moveTile - [moveTile.py:1105] - DEBUG - moveTile loop time: 59.9 ms
2026-05-25 22:24:12,761 - picamera2.picamera2 - [picamera2.py:1391] - DEBUG - Execute job: <picamera2.job.Job object at 0x7f83268b50>
2026-05-25 22:24:12,764 - mazeUtils.device.camera - [camera.py:37] - DEBUG - Average HSV: H=23.3, S=44.5, V=153.7
2026-05-25 22:24:12,811 - mazeUtils.moveTile - [moveTile.py:80] - DEBUG - roll: 8.049999999999955 deg, practicalMoveTime: 0.682798990866494 sec
2026-05-25 22:24:12,812 - mazeUtils.moveTile - [moveTile.py:1105] - DEBUG - moveTile loop time: 55.3 ms
2026-05-25 22:24:12,818 - picamera2.picamera2 - [picamera2.py:1391] - DEBUG - Execute job: <picamera2.job.Job object at 0x7f82308a90>
2026-05-25 22:24:12,821 - mazeUtils.device.camera - [camera.py:37] - DEBUG - Average HSV: H=40.7, S=45.7, V=147.3
2026-05-25 22:24:12,869 - mazeUtils.moveTile - [moveTile.py:80] - DEBUG - roll: 8.789999999999964 deg, practicalMoveTime: 0.7340117036456136 sec
2026-05-25 22:24:12,870 - mazeUtils.moveTile - [moveTile.py:1105] - DEBUG - moveTile loop time: 57.9 ms
2026-05-25 22:24:12,875 - picamera2.picamera2 - [picamera2.py:1391] - DEBUG - Execute job: <picamera2.job.Job object at 0x7f83268b50>
2026-05-25 22:24:12,879 - mazeUtils.device.camera - [camera.py:37] - DEBUG - Average HSV: H=37.4, S=64.0, V=127.2
2026-05-25 22:24:12,928 - mazeUtils.moveTile - [moveTile.py:80] - DEBUG - roll: 9.779999999999973 deg, practicalMoveTime: 0.785314878307856 sec
2026-05-25 22:24:12,928 - mazeUtils.moveTile - [moveTile.py:1105] - DEBUG - moveTile loop time: 58.3 ms
2026-05-25 22:24:12,933 - picamera2.picamera2 - [picamera2.py:1391] - DEBUG - Execute job: <picamera2.job.Job object at 0x7f83268b50>
2026-05-25 22:24:12,937 - mazeUtils.device.camera - [camera.py:37] - DEBUG - Average HSV: H=34.6, S=67.3, V=120.2
2026-05-25 22:24:12,985 - mazeUtils.moveTile - [moveTile.py:80] - DEBUG - roll: 10.36999999999989 deg, practicalMoveTime: 0.8356901169605521 sec
2026-05-25 22:24:12,986 - mazeUtils.moveTile - [moveTile.py:1105] - DEBUG - moveTile loop time: 57.2 ms
2026-05-25 22:24:12,991 - picamera2.picamera2 - [picamera2.py:1391] - DEBUG - Execute job: <picamera2.job.Job object at 0x7f83269610>
2026-05-25 22:24:12,994 - mazeUtils.device.camera - [camera.py:37] - DEBUG - Average HSV: H=34.9, S=52.6, V=135.5
2026-05-25 22:24:13,046 - mazeUtils.moveTile - [moveTile.py:80] - DEBUG - roll: 10.200000000000045 deg, practicalMoveTime: 0.8888157217451889 sec
2026-05-25 22:24:13,046 - mazeUtils.moveTile - [moveTile.py:1105] - DEBUG - moveTile loop time: 60.3 ms
2026-05-25 22:24:13,051 - picamera2.picamera2 - [picamera2.py:1391] - DEBUG - Execute job: <picamera2.job.Job object at 0x7f78636610>
2026-05-25 22:24:13,055 - mazeUtils.device.camera - [camera.py:37] - DEBUG - Average HSV: H=35.2, S=47.1, V=151.5
2026-05-25 22:24:13,110 - mazeUtils.moveTile - [moveTile.py:80] - DEBUG - roll: 9.129999999999995 deg, practicalMoveTime: 0.9452227606096445 sec
2026-05-25 22:24:13,110 - mazeUtils.moveTile - [moveTile.py:1105] - DEBUG - moveTile loop time: 63.9 ms
2026-05-25 22:24:13,116 - picamera2.picamera2 - [picamera2.py:1391] - DEBUG - Execute job: <picamera2.job.Job object at 0x7f788b44d0>
2026-05-25 22:24:13,119 - mazeUtils.device.camera - [camera.py:37] - DEBUG - Average HSV: H=36.9, S=38.0, V=177.5
2026-05-25 22:24:13,174 - mazeUtils.moveTile - [moveTile.py:80] - DEBUG - roll: 7.17999999999995 deg, practicalMoveTime: 1.00233649797498 sec
2026-05-25 22:24:13,175 - mazeUtils.moveTile - [moveTile.py:1105] - DEBUG - moveTile loop time: 64.6 ms
2026-05-25 22:24:13,184 - picamera2.picamera2 - [picamera2.py:1391] - DEBUG - Execute job: <picamera2.job.Job object at 0x7f789345d0>
2026-05-25 22:24:13,189 - mazeUtils.device.camera - [camera.py:37] - DEBUG - Average HSV: H=9.7, S=38.1, V=193.5
2026-05-25 22:24:13,388 - mazeUtils.moveTile - [moveTile.py:511] - DEBUG - Direction: absDirection.NORTH, Angle: 270, Distance: 103.30864173429492 cm
2026-05-25 22:24:13,390 - mazeUtils.moveTile - [moveTile.py:511] - DEBUG - Direction: absDirection.EAST, Angle: 180, Distance: 126.97381566017152 cm
2026-05-25 22:24:13,391 - mazeUtils.moveTile - [moveTile.py:511] - DEBUG - Direction: absDirection.SOUTH, Angle: 90, Distance: 163.59970556537118 cm
2026-05-25 22:24:13,394 - mazeUtils.moveTile - [moveTile.py:511] - DEBUG - Direction: absDirection.WEST, Angle: 0, Distance: 170.62183227295785 cm
2026-05-25 22:24:13,394 - mazeUtils.moveTile - [moveTile.py:1274] - INFO - Tile color detection counts: {}, decided tile type: E
2026-05-25 22:24:13,538 - __main__ - [main.py:84] - INFO - Current position: (19, 19, 1), front direction: absDirection.WEST
Layer 0 (altitude=0.0cm, offset=(0.0cm, 0.0cm)):
Known map area: x=20..20, y=20..20
+   +
  S |
+   +
Layer 1 (altitude=15.0cm, offset=(0.0cm, -60.0cm)):
Known map area: x=19..20, y=19..20
+   +---+
  @   E |
+   +   +
  U   E |
+   +   +
mazeAsGraph[0][20][20] = {absDirection.NORTH: (20, 20, 1), absDirection.EAST: None, absDirection.SOUTH: (20, 21, 0), absDirection.WEST: (19, 20, 0)}
mazeAsGraph[1][19][19] = {absDirection.NORTH: (19, 18, 1), absDirection.EAST: (20, 19, 1), absDirection.SOUTH: (19, 20, 1), absDirection.WEST: (18, 19, 1)}
mazeAsGraph[1][19][20] = {absDirection.NORTH: None, absDirection.EAST: None, absDirection.SOUTH: (20, 20, 1), absDirection.WEST: (19, 19, 1)}
mazeAsGraph[1][20][20] = {absDirection.NORTH: (20, 19, 1), absDirection.EAST: None, absDirection.SOUTH: (20, 20, 0), absDirection.WEST: (19, 20, 1)}
2026-05-25 22:24:13,550 - mazeUtils.mazeMap - [mazeMap.py:61] - INFO - next goal: (18, 19, 1)
2026-05-25 22:24:13,551 - mazeUtils.mazeMap - [mazeMap.py:61] - INFO - next goal: (18, 19, 1)
2026-05-25 22:24:13,561 - mazeUtils.moveTile - [moveTile.py:80] - DEBUG - Moving to absDirection.WEST from (19, 19, 1) facing absDirection.WEST
2026-05-25 22:24:13,609 - mazeUtils.moveTile - [moveTile.py:80] - DEBUG - current heading: 79.15 target: 90
2026-05-25 22:24:13,703 - __main__ - [main.py:144] - INFO - Program interrupted by user.
2026-05-25 22:24:14,790 - mazeUtils.device.stm - [stm.py:214] - DEBUG - ACK resynchronized: type=STS_MOTOR dropped=24B seq=27
2026-05-25 22:24:14,816 - picamera2.picamera2 - [picamera2.py:1391] - DEBUG - Execute job: <picamera2.job.Job object at 0x7fa7ce7790>
2026-05-25 22:24:14,839 - picamera2.picamera2 - [picamera2.py:1323] - INFO - Camera stopped
2026-05-25 22:24:14,840 - picamera2.picamera2 - [picamera2.py:1329] - DEBUG - Camera was not started
2026-05-25 22:24:15,043 - picamera2.picamera2 - [picamera2.py:723] - INFO - Camera closed successfully.
2026-05-25 22:24:15,213 - picamera2.picamera2 - [picamera2.py:500] - DEBUG - Resources now free: <picamera2.picamera2.Picamera2 object at 0x7f9b448850>
