2026-06-26 01:18:44,008 - root - [logging_config.py:61] - INFO - Logging initialized. Log file: /home/tuton/Kanto2026RPi/src/config/../logs/robot_20260626_011839.log
2026-06-26 01:18:45,984 - mazeUtils.device.LiDAR - [LiDAR.py:78] - INFO - Available ports: <ydlidar.Str2strMap; proxy of <Swig Object of type 'std::map< std::string,std::string > *' at 0x7f89597e40> >
2026-06-26 01:18:50,013 - mazeUtils.moveTile - [moveTile.py:549] - DEBUG - overwrite the wall data
2026-06-26 01:18:50,049 - mazeUtils.moveTile - [moveTile.py:563] - DEBUG - Direction: absDirection.NORTH, Angle: 0, Distance: 11.522250522405661 cm
2026-06-26 01:18:50,051 - mazeUtils.moveTile - [moveTile.py:572] - DEBUG - Front LiDAR distance: 11.522250522405661 cm, TSD10 distance: 1.3 cm
2026-06-26 01:18:50,054 - mazeUtils.moveTile - [moveTile.py:563] - DEBUG - Direction: absDirection.EAST, Angle: 270, Distance: 19.451637967196877 cm
2026-06-26 01:18:50,056 - mazeUtils.moveTile - [moveTile.py:563] - DEBUG - Direction: absDirection.SOUTH, Angle: 180, Distance: 165.4729108612574 cm
2026-06-26 01:18:50,060 - mazeUtils.moveTile - [moveTile.py:563] - DEBUG - Direction: absDirection.WEST, Angle: 90, Distance: 14.682072375358107 cm
2026-06-26 01:18:50,062 - __main__ - [main.py:68] - INFO - Initial Map:
2026-06-26 01:18:50,115 - __main__ - [main.py:69] - INFO - Current position: (20, 20, 0), front direction: absDirection.NORTH
Layer 0 (altitude=0.0cm, offset=(0.0cm, 0.0cm)):
Known map area: x=20..20, y=20..20
+---+
| @ |
+   +
mazeAsGraph[0][20][20] = {absDirection.NORTH: None, absDirection.EAST: None, absDirection.SOUTH: (20, 21, 0, 30), absDirection.WEST: None}
2026-06-26 01:18:51,128 - mazeUtils.mazeMap - [mazeMap.py:61] - INFO - next goal: (20, 21, 0)
2026-06-26 01:18:51,130 - __main__ - [main.py:73] - INFO - Next Direction: [<absDirection.SOUTH: 180>]
2026-06-26 01:18:51,131 - __main__ - [main.py:74] - INFO - Exploration started.
2026-06-26 01:18:51,131 - mazeUtils.mazeMap - [mazeMap.py:61] - INFO - next goal: (20, 20, 0)
2026-06-26 01:18:51,132 - mazeUtils.moveTile - [moveTile.py:88] - DEBUG - [2683.008173] moveTile start direction=absDirection.SOUTH position=(20, 20, 0) front=absDirection.NORTH
2026-06-26 01:18:51,138 - mazeUtils.moveTile - [moveTile.py:90] - DEBUG - [2683.014163] moveTile after initial toggle check (+6.0 ms)
2026-06-26 01:18:51,142 - mazeUtils.moveTile - [moveTile.py:90] - DEBUG - [2683.017450] moveTile after tile checks isRedTile=False isUnknownTileAhead=True (+3.3 ms)
2026-06-26 01:18:51,142 - mazeUtils.moveTile - [moveTile.py:79] - DEBUG - Moving to absDirection.SOUTH from (20, 20, 0) facing absDirection.NORTH
2026-06-26 01:18:51,143 - mazeUtils.moveTile - [moveTile.py:90] - DEBUG - [2683.018757] moveTile start heading change target=180 (+1.3 ms)
2026-06-26 01:18:51,170 - mazeUtils.moveTile - [moveTile.py:79] - DEBUG - current heading: 0.06999999999999318 target: 90
2026-06-26 01:18:52,630 - mazeUtils.moveTile - [moveTile.py:435] - DEBUG - stopped turning at heading: 88.37, diff: 1.6299999999999955
2026-06-26 01:18:52,683 - mazeUtils.moveTile - [moveTile.py:79] - DEBUG - Turned to heading: 89.05000000000001 deg
2026-06-26 01:18:52,708 - mazeUtils.moveTile - [moveTile.py:79] - DEBUG - current heading: 92.19999999999999 target: 180
2026-06-26 01:18:53,762 - mazeUtils.moveTile - [moveTile.py:435] - DEBUG - stopped turning at heading: 174.64, diff: 5.360000000000014
2026-06-26 01:18:53,825 - mazeUtils.moveTile - [moveTile.py:79] - DEBUG - Turned to heading: 178.57 deg
2026-06-26 01:18:53,826 - mazeUtils.moveTile - [moveTile.py:90] - DEBUG - [2685.701453] moveTile finished heading change (+2682.7 ms)
2026-06-26 01:18:53,826 - mazeUtils.moveTile - [moveTile.py:90] - DEBUG - [2685.702194] moveTile updated front direction (+0.7 ms)
2026-06-26 01:18:53,850 - mazeUtils.moveTile - [moveTile.py:90] - DEBUG - [2685.725785] moveTile stopped motors before alignment (+23.6 ms)
2026-06-26 01:18:54,011 - mazeUtils.moveTile - [moveTile.py:563] - DEBUG - Direction: absDirection.NORTH, Angle: 180, Distance: 29.364144750716214 cm
2026-06-26 01:18:54,012 - mazeUtils.moveTile - [moveTile.py:563] - DEBUG - Direction: absDirection.EAST, Angle: 90, Distance: 18.981791656803924 cm
2026-06-26 01:18:54,013 - mazeUtils.moveTile - [moveTile.py:563] - DEBUG - Direction: absDirection.SOUTH, Angle: 0, Distance: 149.50508736389514 cm
2026-06-26 01:18:54,014 - mazeUtils.moveTile - [moveTile.py:563] - DEBUG - Direction: absDirection.WEST, Angle: 270, Distance: 68.5999122893743 cm
2026-06-26 01:18:54,015 - mazeUtils.moveTile - [moveTile.py:680] - WARNING - Inconsistent wall detection at absDirection.WEST: distance=68.5999122893743 cm, map wall type=wallType.WALL
2026-06-26 01:18:54,015 - mazeUtils.moveTile - [moveTile.py:90] - DEBUG - [2685.890910] moveTile start backward adjustment behind_wall_dist=29.364144750716214 (+165.1 ms)
2026-06-26 01:18:54,036 - mazeUtils.moveTile - [moveTile.py:79] - DEBUG - Little backward to adjust position
2026-06-26 01:19:02,841 - __main__ - [main.py:174] - INFO - Program interrupted by user.
2026-06-26 01:19:03,942 - picamera2.picamera2 - [picamera2.py:1391] - DEBUG - Execute job: <picamera2.job.Job object at 0x7f894631d0>
2026-06-26 01:19:03,967 - picamera2.picamera2 - [picamera2.py:1323] - INFO - Camera stopped
2026-06-26 01:19:04,170 - picamera2.picamera2 - [picamera2.py:1329] - DEBUG - Camera was not started
2026-06-26 01:19:04,371 - picamera2.picamera2 - [picamera2.py:723] - INFO - Camera closed successfully.
2026-06-26 01:19:04,895 - picamera2.picamera2 - [picamera2.py:500] - DEBUG - Resources now free: <picamera2.picamera2.Picamera2 object at 0x7f7a958a90>
