2026-06-20 13:57:47,012 - root - [logging_config.py:61] - INFO - Logging initialized. Log file: /home/tuton/Kanto2026RPi/src/config/../logs/robot_20260620_135746.log
2026-06-20 13:57:49,066 - mazeUtils.device.LiDAR - [LiDAR.py:36] - INFO - Available ports: <ydlidar.Str2strMap; proxy of <Swig Object of type 'std::map< std::string,std::string > *' at 0x7f7c5881e0> >
2026-06-20 13:57:53,051 - mazeUtils.moveTile - [moveTile.py:528] - DEBUG - Direction: absDirection.NORTH, Angle: 0, Distance: 136.30505891683148 cm
2026-06-20 13:57:53,052 - mazeUtils.moveTile - [moveTile.py:552] - DEBUG - Front LiDAR distance: 136.30505891683148 cm, TSD10 distance: 129.3 cm
2026-06-20 13:57:53,055 - mazeUtils.moveTile - [moveTile.py:528] - DEBUG - Direction: absDirection.EAST, Angle: 270, Distance: 21.99772197336451 cm
2026-06-20 13:57:53,059 - mazeUtils.moveTile - [moveTile.py:528] - DEBUG - Direction: absDirection.SOUTH, Angle: 180, Distance: 16.37822467536994 cm
2026-06-20 13:57:53,061 - mazeUtils.moveTile - [moveTile.py:528] - DEBUG - Direction: absDirection.WEST, Angle: 90, Distance: 12.864916563693995 cm
2026-06-20 13:57:53,065 - __main__ - [main.py:69] - INFO - Initial Map:
2026-06-20 13:57:53,099 - __main__ - [main.py:70] - INFO - Current position: (20, 20, 0), front direction: absDirection.NORTH
Layer 0 (altitude=0.0cm, offset=(0.0cm, 0.0cm)):
Known map area: x=20..20, y=20..20
+   +
| @ |
+---+
mazeAsGraph[0][20][20] = {absDirection.NORTH: (20, 19, 0, 30), absDirection.EAST: None, absDirection.SOUTH: None, absDirection.WEST: None}
2026-06-20 13:57:53,102 - mazeUtils.mazeMap - [mazeMap.py:61] - INFO - next goal: (20, 19, 0)
2026-06-20 13:57:53,104 - __main__ - [main.py:73] - INFO - Next Direction: [<absDirection.NORTH: 0>]
2026-06-20 13:57:53,106 - __main__ - [main.py:74] - INFO - Exploration started.
2026-06-20 13:57:53,117 - mazeUtils.moveTile - [moveTile.py:79] - DEBUG - Moving to absDirection.NORTH from (20, 20, 0) facing absDirection.NORTH
2026-06-20 13:57:53,142 - mazeUtils.moveTile - [moveTile.py:79] - DEBUG - current heading: 359.98 target: 0
2026-06-20 13:57:53,166 - mazeUtils.moveTile - [moveTile.py:403] - DEBUG - stopped turning at heading: 359.98, diff: 0.01999999999998181
2026-06-20 13:57:53,215 - mazeUtils.moveTile - [moveTile.py:79] - DEBUG - Turned to heading: 359.98 deg
2026-06-20 13:57:53,340 - mazeUtils.moveTile - [moveTile.py:79] - DEBUG - Little backward to adjust position
2026-06-20 13:57:53,900 - picamera2.picamera2 - [picamera2.py:1391] - DEBUG - Execute job: <picamera2.job.Job object at 0x7f799f24d0>
2026-06-20 13:57:53,922 - mazeUtils.device.camera - [camera.py:39] - DEBUG - Average HSV: H=164.8, S=19.4, V=224.2
2026-06-20 13:57:53,972 - mazeUtils.moveTile - [moveTile.py:79] - DEBUG - roll: 359.43 deg, practicalMoveTime: 0.08193325843715615 sec
2026-06-20 13:57:53,974 - mazeUtils.moveTile - [moveTile.py:1400] - DEBUG - moveTile loop time: 78.1 ms
2026-06-20 13:57:53,984 - picamera2.picamera2 - [picamera2.py:1391] - DEBUG - Execute job: <picamera2.job.Job object at 0x7f6b5ce290>
2026-06-20 13:57:54,001 - mazeUtils.device.camera - [camera.py:39] - DEBUG - Average HSV: H=165.0, S=19.2, V=225.8
2026-06-20 13:57:54,037 - mazeUtils.moveTile - [moveTile.py:79] - DEBUG - roll: 1.259999999999991 deg, practicalMoveTime: 0.14443530820146705 sec
2026-06-20 13:57:54,038 - mazeUtils.moveTile - [moveTile.py:1400] - DEBUG - moveTile loop time: 60.0 ms
2026-06-20 13:57:54,045 - picamera2.picamera2 - [picamera2.py:1391] - DEBUG - Execute job: <picamera2.job.Job object at 0x7f60441a90>
2026-06-20 13:57:54,055 - mazeUtils.device.camera - [camera.py:39] - DEBUG - Average HSV: H=164.1, S=18.5, V=228.9
2026-06-20 13:57:54,090 - mazeUtils.moveTile - [moveTile.py:79] - DEBUG - roll: 0.4399999999999977 deg, practicalMoveTime: 0.19684984881459838 sec
2026-06-20 13:57:54,091 - mazeUtils.moveTile - [moveTile.py:1400] - DEBUG - moveTile loop time: 52.5 ms
2026-06-20 13:57:54,100 - picamera2.picamera2 - [picamera2.py:1391] - DEBUG - Execute job: <picamera2.job.Job object at 0x7f6a647010>
2026-06-20 13:57:54,109 - mazeUtils.device.camera - [camera.py:39] - DEBUG - Average HSV: H=163.5, S=17.7, V=229.5
2026-06-20 13:57:54,141 - mazeUtils.moveTile - [moveTile.py:79] - DEBUG - roll: 0.7299999999999613 deg, practicalMoveTime: 0.2467227289224045 sec
2026-06-20 13:57:54,142 - mazeUtils.moveTile - [moveTile.py:1400] - DEBUG - moveTile loop time: 50.0 ms
2026-06-20 13:57:54,153 - picamera2.picamera2 - [picamera2.py:1391] - DEBUG - Execute job: <picamera2.job.Job object at 0x7f6b5ce4d0>
2026-06-20 13:57:54,161 - mazeUtils.device.camera - [camera.py:39] - DEBUG - Average HSV: H=166.3, S=18.8, V=230.1
2026-06-20 13:57:54,194 - mazeUtils.moveTile - [moveTile.py:79] - DEBUG - roll: 0.12000000000000455 deg, practicalMoveTime: 0.29794947089372265 sec
2026-06-20 13:57:54,195 - mazeUtils.moveTile - [moveTile.py:1400] - DEBUG - moveTile loop time: 51.9 ms
2026-06-20 13:57:54,204 - picamera2.picamera2 - [picamera2.py:1391] - DEBUG - Execute job: <picamera2.job.Job object at 0x7f6b5ce290>
2026-06-20 13:57:54,212 - mazeUtils.device.camera - [camera.py:39] - DEBUG - Average HSV: H=168.0, S=19.4, V=229.1
2026-06-20 13:57:54,251 - mazeUtils.moveTile - [moveTile.py:79] - DEBUG - roll: 0.589999999999975 deg, practicalMoveTime: 0.35380631346126407 sec
2026-06-20 13:57:54,252 - mazeUtils.moveTile - [moveTile.py:1400] - DEBUG - moveTile loop time: 56.2 ms
2026-06-20 13:57:54,258 - picamera2.picamera2 - [picamera2.py:1391] - DEBUG - Execute job: <picamera2.job.Job object at 0x7f60405410>
2026-06-20 13:57:54,266 - mazeUtils.device.camera - [camera.py:39] - DEBUG - Average HSV: H=163.6, S=16.5, V=231.9
2026-06-20 13:57:54,297 - mazeUtils.moveTile - [moveTile.py:79] - DEBUG - roll: 0.589999999999975 deg, practicalMoveTime: 0.3988907836941034 sec
2026-06-20 13:57:54,300 - mazeUtils.moveTile - [moveTile.py:1400] - DEBUG - moveTile loop time: 46.0 ms
2026-06-20 13:57:54,306 - picamera2.picamera2 - [picamera2.py:1391] - DEBUG - Execute job: <picamera2.job.Job object at 0x7f799f24d0>
2026-06-20 13:57:54,313 - mazeUtils.device.camera - [camera.py:39] - DEBUG - Average HSV: H=163.9, S=16.5, V=232.3
2026-06-20 13:57:54,348 - mazeUtils.moveTile - [moveTile.py:79] - DEBUG - roll: 0.2599999999999909 deg, practicalMoveTime: 0.4482419677662647 sec
2026-06-20 13:57:54,349 - mazeUtils.moveTile - [moveTile.py:1400] - DEBUG - moveTile loop time: 47.0 ms
2026-06-20 13:57:54,359 - picamera2.picamera2 - [picamera2.py:1391] - DEBUG - Execute job: <picamera2.job.Job object at 0x7f6b5ce310>
2026-06-20 13:57:54,365 - mazeUtils.device.camera - [camera.py:39] - DEBUG - Average HSV: H=165.0, S=16.3, V=232.4
2026-06-20 13:57:54,394 - mazeUtils.moveTile - [moveTile.py:79] - DEBUG - roll: 0.9499999999999886 deg, practicalMoveTime: 0.4932034380841781 sec
2026-06-20 13:57:54,395 - mazeUtils.moveTile - [moveTile.py:1400] - DEBUG - moveTile loop time: 45.1 ms
2026-06-20 13:57:54,402 - picamera2.picamera2 - [picamera2.py:1391] - DEBUG - Execute job: <picamera2.job.Job object at 0x7f6b5ce4d0>
2026-06-20 13:57:54,411 - mazeUtils.device.camera - [camera.py:39] - DEBUG - Average HSV: H=165.2, S=16.4, V=232.9
2026-06-20 13:57:54,447 - mazeUtils.moveTile - [moveTile.py:79] - DEBUG - roll: 0.18999999999999773 deg, practicalMoveTime: 0.5443301139105142 sec
2026-06-20 13:57:54,447 - mazeUtils.moveTile - [moveTile.py:1400] - DEBUG - moveTile loop time: 51.5 ms
2026-06-20 13:57:54,455 - picamera2.picamera2 - [picamera2.py:1391] - DEBUG - Execute job: <picamera2.job.Job object at 0x7f6b5fe090>
2026-06-20 13:57:54,462 - mazeUtils.device.camera - [camera.py:39] - DEBUG - Average HSV: H=164.5, S=15.6, V=233.0
2026-06-20 13:57:54,491 - mazeUtils.moveTile - [moveTile.py:79] - DEBUG - roll: 1.079999999999984 deg, practicalMoveTime: 0.5878633335534378 sec
2026-06-20 13:57:54,492 - mazeUtils.moveTile - [moveTile.py:1400] - DEBUG - moveTile loop time: 43.3 ms
2026-06-20 13:57:54,500 - picamera2.picamera2 - [picamera2.py:1391] - DEBUG - Execute job: <picamera2.job.Job object at 0x7f6b5ce450>
2026-06-20 13:57:54,508 - mazeUtils.device.camera - [camera.py:39] - DEBUG - Average HSV: H=165.3, S=15.8, V=233.3
2026-06-20 13:57:54,539 - mazeUtils.moveTile - [moveTile.py:79] - DEBUG - roll: 1.6200000000000045 deg, practicalMoveTime: 0.6352458157878665 sec
2026-06-20 13:57:54,541 - mazeUtils.moveTile - [moveTile.py:1400] - DEBUG - moveTile loop time: 48.2 ms
2026-06-20 13:57:54,550 - picamera2.picamera2 - [picamera2.py:1391] - DEBUG - Execute job: <picamera2.job.Job object at 0x7f60441ad0>
2026-06-20 13:57:54,557 - mazeUtils.device.camera - [camera.py:39] - DEBUG - Average HSV: H=166.5, S=15.7, V=234.7
2026-06-20 13:57:54,587 - mazeUtils.moveTile - [moveTile.py:79] - DEBUG - roll: 0.07999999999998408 deg, practicalMoveTime: 0.6810252377921885 sec
2026-06-20 13:57:54,588 - mazeUtils.moveTile - [moveTile.py:1400] - DEBUG - moveTile loop time: 46.4 ms
2026-06-20 13:57:54,593 - picamera2.picamera2 - [picamera2.py:1391] - DEBUG - Execute job: <picamera2.job.Job object at 0x7f799f24d0>
2026-06-20 13:57:54,599 - mazeUtils.device.camera - [camera.py:39] - DEBUG - Average HSV: H=167.6, S=16.2, V=233.2
2026-06-20 13:57:54,629 - mazeUtils.moveTile - [moveTile.py:79] - DEBUG - roll: 0.3299999999999841 deg, practicalMoveTime: 0.7215519093405623 sec
2026-06-20 13:57:54,629 - mazeUtils.moveTile - [moveTile.py:1400] - DEBUG - moveTile loop time: 40.6 ms
2026-06-20 13:57:54,635 - picamera2.picamera2 - [picamera2.py:1391] - DEBUG - Execute job: <picamera2.job.Job object at 0x7f6b5ce290>
2026-06-20 13:57:54,642 - mazeUtils.device.camera - [camera.py:39] - DEBUG - Average HSV: H=165.1, S=15.2, V=233.6
2026-06-20 13:57:54,674 - mazeUtils.moveTile - [moveTile.py:79] - DEBUG - roll: 0.2799999999999727 deg, practicalMoveTime: 0.7659935554763059 sec
2026-06-20 13:57:54,675 - mazeUtils.moveTile - [moveTile.py:1400] - DEBUG - moveTile loop time: 45.0 ms
2026-06-20 13:57:54,687 - picamera2.picamera2 - [picamera2.py:1391] - DEBUG - Execute job: <picamera2.job.Job object at 0x7f6b5ce1d0>
2026-06-20 13:57:54,693 - mazeUtils.device.camera - [camera.py:39] - DEBUG - Average HSV: H=164.7, S=16.1, V=230.1
2026-06-20 13:57:54,723 - mazeUtils.moveTile - [moveTile.py:79] - DEBUG - roll: 0.4199999999999591 deg, practicalMoveTime: 0.8136008903370896 sec
2026-06-20 13:57:54,723 - mazeUtils.moveTile - [moveTile.py:1400] - DEBUG - moveTile loop time: 47.7 ms
2026-06-20 13:57:54,731 - picamera2.picamera2 - [picamera2.py:1391] - DEBUG - Execute job: <picamera2.job.Job object at 0x7f6b5ce450>
2026-06-20 13:57:54,738 - mazeUtils.device.camera - [camera.py:39] - DEBUG - Average HSV: H=166.1, S=16.9, V=231.4
2026-06-20 13:57:54,776 - mazeUtils.moveTile - [moveTile.py:1345] - INFO - practicalVerticalMove: 0.25903632341238825 CM
2026-06-20 13:57:54,827 - mazeUtils.moveTile - [moveTile.py:1606] - INFO - Set moved vertical distance: 0.25903632341238825 cm, past distances: [(0, False), (0, False), (0, False)]
2026-06-20 13:57:54,872 - mazeUtils.moveTile - [moveTile.py:528] - DEBUG - Direction: absDirection.NORTH, Angle: 0, Distance: 105.92524402300172 cm
2026-06-20 13:57:54,872 - mazeUtils.moveTile - [moveTile.py:552] - DEBUG - Front LiDAR distance: 105.92524402300172 cm, TSD10 distance: 95.1 cm
2026-06-20 13:57:54,875 - mazeUtils.moveTile - [moveTile.py:528] - DEBUG - Direction: absDirection.EAST, Angle: 270, Distance: 21.50853267317238 cm
2026-06-20 13:57:54,877 - mazeUtils.moveTile - [moveTile.py:528] - DEBUG - Direction: absDirection.SOUTH, Angle: 180, Distance: 50.58062094611095 cm
2026-06-20 13:57:54,880 - mazeUtils.moveTile - [moveTile.py:528] - DEBUG - Direction: absDirection.WEST, Angle: 90, Distance: 13.708116402141822 cm
2026-06-20 13:57:54,883 - mazeUtils.moveTile - [moveTile.py:1736] - INFO - Tile color detection counts: {}, decided tile type: E
2026-06-20 13:57:54,978 - __main__ - [main.py:87] - INFO - Current position: (20, 19, 0), front direction: absDirection.NORTH
Layer 0 (altitude=0.0cm, offset=(0.0cm, 0.0cm)):
Known map area: x=20..20, y=19..20
+   +
| @ |
+   +
| S |
+---+
mazeAsGraph[0][19][20] = {absDirection.NORTH: (20, 18, 0, 30), absDirection.EAST: None, absDirection.SOUTH: (20, 20, 0, 30), absDirection.WEST: None}
mazeAsGraph[0][20][20] = {absDirection.NORTH: (20, 19, 0, 30), absDirection.EAST: None, absDirection.SOUTH: None, absDirection.WEST: None}
2026-06-20 13:57:54,989 - mazeUtils.mazeMap - [mazeMap.py:61] - INFO - next goal: (20, 18, 0)
2026-06-20 13:57:55,001 - mazeUtils.moveTile - [moveTile.py:79] - DEBUG - Moving to absDirection.NORTH from (20, 19, 0) facing absDirection.NORTH
2026-06-20 13:57:55,027 - mazeUtils.moveTile - [moveTile.py:79] - DEBUG - current heading: 355.9 target: 0
2026-06-20 13:57:55,050 - mazeUtils.moveTile - [moveTile.py:403] - DEBUG - stopped turning at heading: 355.9, diff: 4.100000000000023
2026-06-20 13:57:55,675 - mazeUtils.moveTile - [moveTile.py:79] - DEBUG - Turned to heading: 359.26 deg
2026-06-20 13:57:55,902 - picamera2.picamera2 - [picamera2.py:1391] - DEBUG - Execute job: <picamera2.job.Job object at 0x7f6041b010>
2026-06-20 13:57:55,909 - mazeUtils.device.camera - [camera.py:39] - DEBUG - Average HSV: H=168.2, S=17.9, V=230.2
2026-06-20 13:57:55,942 - mazeUtils.moveTile - [moveTile.py:79] - DEBUG - roll: 359.51 deg, practicalMoveTime: 0.054614930808770105 sec
2026-06-20 13:57:55,943 - mazeUtils.moveTile - [moveTile.py:1400] - DEBUG - moveTile loop time: 51.4 ms
2026-06-20 13:57:55,948 - picamera2.picamera2 - [picamera2.py:1391] - DEBUG - Execute job: <picamera2.job.Job object at 0x7f6041afd0>
2026-06-20 13:57:55,955 - mazeUtils.device.camera - [camera.py:39] - DEBUG - Average HSV: H=167.7, S=17.3, V=231.5
2026-06-20 13:57:55,990 - mazeUtils.moveTile - [moveTile.py:79] - DEBUG - roll: 359.72999999999996 deg, practicalMoveTime: 0.10158573037879007 sec
2026-06-20 13:57:55,990 - mazeUtils.moveTile - [moveTile.py:1400] - DEBUG - moveTile loop time: 47.3 ms
2026-06-20 13:57:55,996 - picamera2.picamera2 - [picamera2.py:1391] - DEBUG - Execute job: <picamera2.job.Job object at 0x7f7c5efd10>
2026-06-20 13:57:56,002 - mazeUtils.device.camera - [camera.py:39] - DEBUG - Average HSV: H=169.4, S=15.7, V=233.9
2026-06-20 13:57:56,032 - mazeUtils.moveTile - [moveTile.py:79] - DEBUG - roll: 359.84999999999997 deg, practicalMoveTime: 0.14320512701182334 sec
2026-06-20 13:57:56,033 - mazeUtils.moveTile - [moveTile.py:1400] - DEBUG - moveTile loop time: 42.4 ms
2026-06-20 13:57:56,041 - picamera2.picamera2 - [picamera2.py:1391] - DEBUG - Execute job: <picamera2.job.Job object at 0x7f6a5fe2d0>
2026-06-20 13:57:56,047 - mazeUtils.device.camera - [camera.py:39] - DEBUG - Average HSV: H=170.1, S=17.6, V=232.1
2026-06-20 13:57:56,076 - mazeUtils.moveTile - [moveTile.py:79] - DEBUG - roll: 359.4 deg, practicalMoveTime: 0.18566920060588732 sec
2026-06-20 13:57:56,077 - mazeUtils.moveTile - [moveTile.py:1400] - DEBUG - moveTile loop time: 42.8 ms
2026-06-20 13:57:56,083 - picamera2.picamera2 - [picamera2.py:1391] - DEBUG - Execute job: <picamera2.job.Job object at 0x7f605c2d10>
2026-06-20 13:57:56,089 - mazeUtils.device.camera - [camera.py:39] - DEBUG - Average HSV: H=166.7, S=17.6, V=229.8
2026-06-20 13:57:56,121 - mazeUtils.moveTile - [moveTile.py:79] - DEBUG - roll: 1.599999999999966 deg, practicalMoveTime: 0.22976563737953476 sec
2026-06-20 13:57:56,123 - mazeUtils.moveTile - [moveTile.py:1400] - DEBUG - moveTile loop time: 45.8 ms
2026-06-20 13:57:56,130 - picamera2.picamera2 - [picamera2.py:1391] - DEBUG - Execute job: <picamera2.job.Job object at 0x7f7c5efd10>
2026-06-20 13:57:56,137 - mazeUtils.device.camera - [camera.py:39] - DEBUG - Average HSV: H=165.3, S=19.9, V=220.4
2026-06-20 13:57:56,168 - mazeUtils.moveTile - [moveTile.py:79] - DEBUG - roll: 0.7299999999999613 deg, practicalMoveTime: 0.27488650567471795 sec
2026-06-20 13:57:56,169 - mazeUtils.moveTile - [moveTile.py:1400] - DEBUG - moveTile loop time: 45.2 ms
2026-06-20 13:57:56,177 - picamera2.picamera2 - [picamera2.py:1391] - DEBUG - Execute job: <picamera2.job.Job object at 0x7f7c5ee8d0>
2026-06-20 13:57:56,185 - mazeUtils.device.camera - [camera.py:39] - DEBUG - Average HSV: H=164.3, S=21.3, V=215.7
2026-06-20 13:57:56,220 - mazeUtils.moveTile - [moveTile.py:79] - DEBUG - roll: 3.5600000000000023 deg, practicalMoveTime: 0.3257829749994218 sec
2026-06-20 13:57:56,222 - mazeUtils.moveTile - [moveTile.py:1400] - DEBUG - moveTile loop time: 52.1 ms
2026-06-20 13:57:56,230 - picamera2.picamera2 - [picamera2.py:1391] - DEBUG - Execute job: <picamera2.job.Job object at 0x7f7c5efd10>
2026-06-20 13:57:56,237 - mazeUtils.device.camera - [camera.py:39] - DEBUG - Average HSV: H=167.1, S=22.3, V=215.7
2026-06-20 13:57:56,266 - mazeUtils.moveTile - [moveTile.py:79] - DEBUG - roll: 7.289999999999964 deg, practicalMoveTime: 0.36034136100106207 sec
2026-06-20 13:57:56,267 - mazeUtils.moveTile - [moveTile.py:1400] - DEBUG - moveTile loop time: 44.3 ms
2026-06-20 13:57:56,281 - picamera2.picamera2 - [picamera2.py:1391] - DEBUG - Execute job: <picamera2.job.Job object at 0x7f605c2d10>
2026-06-20 13:57:56,288 - mazeUtils.device.camera - [camera.py:39] - DEBUG - Average HSV: H=169.1, S=23.7, V=212.5
2026-06-20 13:57:56,322 - mazeUtils.moveTile - [moveTile.py:79] - DEBUG - roll: 10.169999999999959 deg, practicalMoveTime: 0.4032798746393207 sec
2026-06-20 13:57:56,322 - mazeUtils.moveTile - [moveTile.py:1400] - DEBUG - moveTile loop time: 54.2 ms
2026-06-20 13:57:56,328 - picamera2.picamera2 - [picamera2.py:1391] - DEBUG - Execute job: <picamera2.job.Job object at 0x7f839d3590>
2026-06-20 13:57:56,332 - mazeUtils.device.camera - [camera.py:39] - DEBUG - Average HSV: H=146.4, S=55.8, V=122.5
2026-06-20 13:57:56,361 - mazeUtils.moveTile - [moveTile.py:79] - DEBUG - roll: 12.620000000000005 deg, practicalMoveTime: 0.4335321826514852 sec
2026-06-20 13:57:56,361 - mazeUtils.moveTile - [moveTile.py:1400] - DEBUG - moveTile loop time: 39.0 ms
2026-06-20 13:57:56,366 - picamera2.picamera2 - [picamera2.py:1391] - DEBUG - Execute job: <picamera2.job.Job object at 0x7f6a68b350>
2026-06-20 13:57:56,370 - mazeUtils.device.camera - [camera.py:39] - DEBUG - Average HSV: H=146.0, S=37.2, V=170.1
2026-06-20 13:57:56,404 - mazeUtils.moveTile - [moveTile.py:79] - DEBUG - roll: 16.22999999999996 deg, practicalMoveTime: 0.4659669740704668 sec
2026-06-20 13:57:56,404 - mazeUtils.moveTile - [moveTile.py:1400] - DEBUG - moveTile loop time: 42.5 ms
2026-06-20 13:57:56,410 - picamera2.picamera2 - [picamera2.py:1391] - DEBUG - Execute job: <picamera2.job.Job object at 0x7f6041b050>
2026-06-20 13:57:56,413 - mazeUtils.device.camera - [camera.py:39] - DEBUG - Average HSV: H=145.8, S=36.2, V=173.4
2026-06-20 13:57:56,444 - mazeUtils.moveTile - [moveTile.py:79] - DEBUG - roll: 19.25 deg, practicalMoveTime: 0.49583277846924484 sec
2026-06-20 13:57:56,444 - mazeUtils.moveTile - [moveTile.py:1400] - DEBUG - moveTile loop time: 39.8 ms
2026-06-20 13:57:56,450 - picamera2.picamera2 - [picamera2.py:1391] - DEBUG - Execute job: <picamera2.job.Job object at 0x7f6041afd0>
2026-06-20 13:57:56,453 - mazeUtils.device.camera - [camera.py:39] - DEBUG - Average HSV: H=144.1, S=38.7, V=171.6
2026-06-20 13:57:56,480 - mazeUtils.moveTile - [moveTile.py:79] - DEBUG - roll: 19.839999999999975 deg, practicalMoveTime: 0.522749485536043 sec
2026-06-20 13:57:56,480 - mazeUtils.moveTile - [moveTile.py:1400] - DEBUG - moveTile loop time: 36.0 ms
2026-06-20 13:57:56,491 - picamera2.picamera2 - [picamera2.py:1391] - DEBUG - Execute job: <picamera2.job.Job object at 0x7f6041afd0>
2026-06-20 13:57:56,494 - mazeUtils.device.camera - [camera.py:39] - DEBUG - Average HSV: H=141.8, S=41.3, V=171.4
2026-06-20 13:57:56,531 - mazeUtils.moveTile - [moveTile.py:79] - DEBUG - roll: 22.20999999999998 deg, practicalMoveTime: 0.5604143328936156 sec
2026-06-20 13:57:56,532 - mazeUtils.moveTile - [moveTile.py:1400] - DEBUG - moveTile loop time: 51.1 ms
2026-06-20 13:57:56,537 - picamera2.picamera2 - [picamera2.py:1391] - DEBUG - Execute job: <picamera2.job.Job object at 0x7f7c5ee8d0>
2026-06-20 13:57:56,540 - mazeUtils.device.camera - [camera.py:39] - DEBUG - Average HSV: H=143.2, S=41.4, V=164.7
2026-06-20 13:57:56,581 - mazeUtils.moveTile - [moveTile.py:79] - DEBUG - roll: 24.389999999999986 deg, practicalMoveTime: 0.5962554676893086 sec
2026-06-20 13:57:56,582 - mazeUtils.moveTile - [moveTile.py:1400] - DEBUG - moveTile loop time: 49.5 ms
2026-06-20 13:57:56,587 - picamera2.picamera2 - [picamera2.py:1391] - DEBUG - Execute job: <picamera2.job.Job object at 0x7f839d3590>
2026-06-20 13:57:56,589 - mazeUtils.device.camera - [camera.py:39] - DEBUG - Average HSV: H=143.0, S=43.1, V=156.4
2026-06-20 13:57:56,623 - mazeUtils.moveTile - [moveTile.py:79] - DEBUG - roll: 26.409999999999968 deg, practicalMoveTime: 0.6257579182098078 sec
2026-06-20 13:57:56,623 - mazeUtils.moveTile - [moveTile.py:1400] - DEBUG - moveTile loop time: 41.5 ms
2026-06-20 13:57:56,628 - picamera2.picamera2 - [picamera2.py:1391] - DEBUG - Execute job: <picamera2.job.Job object at 0x7f6a5fe2d0>
2026-06-20 13:57:56,631 - mazeUtils.device.camera - [camera.py:39] - DEBUG - Average HSV: H=137.7, S=56.2, V=136.3
2026-06-20 13:57:56,663 - mazeUtils.moveTile - [moveTile.py:79] - DEBUG - roll: 29.75999999999999 deg, practicalMoveTime: 0.6535399656507825 sec
2026-06-20 13:57:56,664 - mazeUtils.moveTile - [moveTile.py:1400] - DEBUG - moveTile loop time: 40.3 ms
2026-06-20 13:57:56,670 - picamera2.picamera2 - [picamera2.py:1391] - DEBUG - Execute job: <picamera2.job.Job object at 0x7f605c2d10>
2026-06-20 13:57:56,673 - mazeUtils.device.camera - [camera.py:39] - DEBUG - Average HSV: H=137.5, S=58.6, V=125.4
2026-06-20 13:57:56,698 - mazeUtils.moveTile - [moveTile.py:79] - DEBUG - roll: 29.599999999999966 deg, practicalMoveTime: 0.6774742610630872 sec
2026-06-20 13:57:56,699 - mazeUtils.moveTile - [moveTile.py:1400] - DEBUG - moveTile loop time: 34.6 ms
2026-06-20 13:57:56,705 - picamera2.picamera2 - [picamera2.py:1391] - DEBUG - Execute job: <picamera2.job.Job object at 0x7f6a68bfd0>
2026-06-20 13:57:56,708 - mazeUtils.device.camera - [camera.py:39] - DEBUG - Average HSV: H=147.6, S=40.3, V=143.1
2026-06-20 13:57:56,744 - mazeUtils.moveTile - [moveTile.py:79] - DEBUG - roll: 27.899999999999977 deg, practicalMoveTime: 0.7092870120834708 sec
2026-06-20 13:57:56,745 - mazeUtils.moveTile - [moveTile.py:1400] - DEBUG - moveTile loop time: 45.8 ms
2026-06-20 13:57:56,750 - picamera2.picamera2 - [picamera2.py:1391] - DEBUG - Execute job: <picamera2.job.Job object at 0x7f6041b050>
2026-06-20 13:57:56,754 - mazeUtils.device.camera - [camera.py:39] - DEBUG - Average HSV: H=148.6, S=39.6, V=143.9
2026-06-20 13:57:56,784 - mazeUtils.moveTile - [moveTile.py:79] - DEBUG - roll: 27.430000000000007 deg, practicalMoveTime: 0.7371034452970051 sec
2026-06-20 13:57:56,784 - mazeUtils.moveTile - [moveTile.py:1400] - DEBUG - moveTile loop time: 39.5 ms
2026-06-20 13:57:56,792 - picamera2.picamera2 - [picamera2.py:1391] - DEBUG - Execute job: <picamera2.job.Job object at 0x7f605c2d10>
2026-06-20 13:57:56,796 - mazeUtils.device.camera - [camera.py:39] - DEBUG - Average HSV: H=150.0, S=39.0, V=143.2
2026-06-20 13:57:56,821 - mazeUtils.moveTile - [moveTile.py:79] - DEBUG - roll: 26.319999999999993 deg, practicalMoveTime: 0.7634640309096676 sec
2026-06-20 13:57:56,822 - mazeUtils.moveTile - [moveTile.py:1400] - DEBUG - moveTile loop time: 36.9 ms
2026-06-20 13:57:56,829 - picamera2.picamera2 - [picamera2.py:1391] - DEBUG - Execute job: <picamera2.job.Job object at 0x7f839d3590>
2026-06-20 13:57:56,832 - mazeUtils.device.camera - [camera.py:39] - DEBUG - Average HSV: H=151.0, S=38.6, V=144.0
2026-06-20 13:57:56,873 - mazeUtils.moveTile - [moveTile.py:79] - DEBUG - roll: 25.769999999999982 deg, practicalMoveTime: 0.800614014527485 sec
2026-06-20 13:57:56,874 - mazeUtils.moveTile - [moveTile.py:1400] - DEBUG - moveTile loop time: 51.8 ms
2026-06-20 13:57:56,881 - picamera2.picamera2 - [picamera2.py:1391] - DEBUG - Execute job: <picamera2.job.Job object at 0x7f605c2d10>
2026-06-20 13:57:56,884 - mazeUtils.device.camera - [camera.py:39] - DEBUG - Average HSV: H=146.6, S=40.9, V=145.6
2026-06-20 13:57:56,927 - picamera2.picamera2 - [picamera2.py:1391] - DEBUG - Execute job: <picamera2.job.Job object at 0x7f6041afd0>
2026-06-20 13:57:56,930 - mazeUtils.device.camera - [camera.py:39] - DEBUG - Average HSV: H=147.3, S=40.8, V=143.2
2026-06-20 13:57:56,962 - mazeUtils.moveTile - [moveTile.py:79] - DEBUG - roll: 25.379999999999995 deg, practicalMoveTime: 0.8645945526391411 sec
2026-06-20 13:57:56,963 - mazeUtils.moveTile - [moveTile.py:1400] - DEBUG - moveTile loop time: 47.7 ms
2026-06-20 13:57:56,969 - picamera2.picamera2 - [picamera2.py:1391] - DEBUG - Execute job: <picamera2.job.Job object at 0x7f6a689450>
2026-06-20 13:57:56,973 - mazeUtils.device.camera - [camera.py:39] - DEBUG - Average HSV: H=150.6, S=39.0, V=137.8
2026-06-20 13:57:57,003 - mazeUtils.moveTile - [moveTile.py:79] - DEBUG - roll: 26.139999999999986 deg, practicalMoveTime: 0.8936772098609153 sec
2026-06-20 13:57:57,004 - mazeUtils.moveTile - [moveTile.py:1400] - DEBUG - moveTile loop time: 40.9 ms
2026-06-20 13:57:57,010 - picamera2.picamera2 - [picamera2.py:1391] - DEBUG - Execute job: <picamera2.job.Job object at 0x7f6041b050>
2026-06-20 13:57:57,013 - mazeUtils.device.camera - [camera.py:39] - DEBUG - Average HSV: H=149.1, S=39.7, V=136.7
2026-06-20 13:57:57,045 - mazeUtils.moveTile - [moveTile.py:79] - DEBUG - roll: 25.99000000000001 deg, practicalMoveTime: 0.9229183453244677 sec
2026-06-20 13:57:57,045 - mazeUtils.moveTile - [moveTile.py:1400] - DEBUG - moveTile loop time: 41.0 ms
2026-06-20 13:57:57,050 - picamera2.picamera2 - [picamera2.py:1391] - DEBUG - Execute job: <picamera2.job.Job object at 0x7f7c5ee8d0>
2026-06-20 13:57:57,054 - mazeUtils.device.camera - [camera.py:39] - DEBUG - Average HSV: H=144.4, S=43.2, V=138.6
2026-06-20 13:57:57,088 - mazeUtils.moveTile - [moveTile.py:79] - DEBUG - roll: 28.180000000000007 deg, practicalMoveTime: 0.9527959810814518 sec
2026-06-20 13:57:57,088 - mazeUtils.moveTile - [moveTile.py:1400] - DEBUG - moveTile loop time: 42.6 ms
2026-06-20 13:57:57,097 - picamera2.picamera2 - [picamera2.py:1391] - DEBUG - Execute job: <picamera2.job.Job object at 0x7f6041b010>
2026-06-20 13:57:57,100 - mazeUtils.device.camera - [camera.py:39] - DEBUG - Average HSV: H=143.0, S=45.0, V=139.1
2026-06-20 13:57:57,129 - mazeUtils.moveTile - [moveTile.py:79] - DEBUG - roll: 27.5 deg, practicalMoveTime: 0.9817211815700473 sec
2026-06-20 13:57:57,129 - mazeUtils.moveTile - [moveTile.py:1400] - DEBUG - moveTile loop time: 41.0 ms
2026-06-20 13:57:57,141 - picamera2.picamera2 - [picamera2.py:1391] - DEBUG - Execute job: <picamera2.job.Job object at 0x7f6a689450>
2026-06-20 13:57:57,144 - mazeUtils.device.camera - [camera.py:39] - DEBUG - Average HSV: H=145.0, S=42.9, V=137.3
2026-06-20 13:57:57,177 - mazeUtils.moveTile - [moveTile.py:79] - DEBUG - roll: 26.539999999999964 deg, practicalMoveTime: 1.0157206913826071 sec
2026-06-20 13:57:57,177 - mazeUtils.moveTile - [moveTile.py:1400] - DEBUG - moveTile loop time: 47.8 ms
2026-06-20 13:57:57,184 - picamera2.picamera2 - [picamera2.py:1391] - DEBUG - Execute job: <picamera2.job.Job object at 0x7f6a5fe2d0>
2026-06-20 13:57:57,188 - mazeUtils.device.camera - [camera.py:39] - DEBUG - Average HSV: H=145.9, S=41.9, V=136.7
2026-06-20 13:57:57,214 - mazeUtils.moveTile - [moveTile.py:79] - DEBUG - roll: 25.349999999999966 deg, practicalMoveTime: 1.0421220854175723 sec
2026-06-20 13:57:57,214 - mazeUtils.moveTile - [moveTile.py:1400] - DEBUG - moveTile loop time: 36.8 ms
2026-06-20 13:57:57,220 - picamera2.picamera2 - [picamera2.py:1391] - DEBUG - Execute job: <picamera2.job.Job object at 0x7f6041b050>
2026-06-20 13:57:57,224 - mazeUtils.device.camera - [camera.py:39] - DEBUG - Average HSV: H=142.9, S=44.9, V=138.3
2026-06-20 13:57:57,258 - mazeUtils.moveTile - [moveTile.py:79] - DEBUG - roll: 26.370000000000005 deg, practicalMoveTime: 1.0730013475383573 sec
2026-06-20 13:57:57,258 - mazeUtils.moveTile - [moveTile.py:1400] - DEBUG - moveTile loop time: 43.4 ms
2026-06-20 13:57:57,264 - picamera2.picamera2 - [picamera2.py:1391] - DEBUG - Execute job: <picamera2.job.Job object at 0x7f7c5ee8d0>
2026-06-20 13:57:57,267 - mazeUtils.device.camera - [camera.py:39] - DEBUG - Average HSV: H=141.9, S=46.3, V=135.8
2026-06-20 13:57:57,297 - mazeUtils.moveTile - [moveTile.py:79] - DEBUG - roll: 27.519999999999982 deg, practicalMoveTime: 1.1003611908218245 sec
2026-06-20 13:57:57,298 - mazeUtils.moveTile - [moveTile.py:1400] - DEBUG - moveTile loop time: 39.3 ms
2026-06-20 13:57:57,307 - picamera2.picamera2 - [picamera2.py:1391] - DEBUG - Execute job: <picamera2.job.Job object at 0x7f839d3590>
2026-06-20 13:57:57,310 - mazeUtils.device.camera - [camera.py:39] - DEBUG - Average HSV: H=143.3, S=45.3, V=129.4
2026-06-20 13:57:57,343 - mazeUtils.moveTile - [moveTile.py:79] - DEBUG - roll: 26.029999999999973 deg, practicalMoveTime: 1.1326543770029631 sec
2026-06-20 13:57:57,343 - mazeUtils.moveTile - [moveTile.py:1400] - DEBUG - moveTile loop time: 44.9 ms
2026-06-20 13:57:57,349 - picamera2.picamera2 - [picamera2.py:1391] - DEBUG - Execute job: <picamera2.job.Job object at 0x7f6041b050>
2026-06-20 13:57:57,352 - mazeUtils.device.camera - [camera.py:39] - DEBUG - Average HSV: H=138.8, S=54.5, V=116.0
2026-06-20 13:57:57,383 - mazeUtils.moveTile - [moveTile.py:79] - DEBUG - roll: 27.610000000000014 deg, practicalMoveTime: 1.1612830659227222 sec
2026-06-20 13:57:57,384 - mazeUtils.moveTile - [moveTile.py:1400] - DEBUG - moveTile loop time: 40.7 ms
2026-06-20 13:57:57,388 - picamera2.picamera2 - [picamera2.py:1391] - DEBUG - Execute job: <picamera2.job.Job object at 0x7f6a689450>
2026-06-20 13:57:57,391 - mazeUtils.device.camera - [camera.py:39] - DEBUG - Average HSV: H=137.8, S=56.1, V=117.5
2026-06-20 13:57:57,426 - mazeUtils.moveTile - [moveTile.py:79] - DEBUG - roll: 28.72999999999996 deg, practicalMoveTime: 1.1904759784262366 sec
2026-06-20 13:57:57,426 - mazeUtils.moveTile - [moveTile.py:1400] - DEBUG - moveTile loop time: 41.9 ms
2026-06-20 13:57:57,436 - picamera2.picamera2 - [picamera2.py:1391] - DEBUG - Execute job: <picamera2.job.Job object at 0x7f60596e50>
2026-06-20 13:57:57,440 - mazeUtils.device.camera - [camera.py:39] - DEBUG - Average HSV: H=135.0, S=62.0, V=107.5
2026-06-20 13:57:57,471 - mazeUtils.moveTile - [moveTile.py:79] - DEBUG - roll: 29.69999999999999 deg, practicalMoveTime: 1.2220004194605016 sec
2026-06-20 13:57:57,472 - mazeUtils.moveTile - [moveTile.py:1400] - DEBUG - moveTile loop time: 45.8 ms
2026-06-20 13:57:57,479 - picamera2.picamera2 - [picamera2.py:1391] - DEBUG - Execute job: <picamera2.job.Job object at 0x7f839d3590>
2026-06-20 13:57:57,483 - mazeUtils.device.camera - [camera.py:39] - DEBUG - Average HSV: H=135.6, S=56.6, V=101.6
2026-06-20 13:57:57,514 - mazeUtils.moveTile - [moveTile.py:79] - DEBUG - roll: 34.50999999999999 deg, practicalMoveTime: 1.249418068873788 sec
2026-06-20 13:57:57,514 - mazeUtils.moveTile - [moveTile.py:1400] - DEBUG - moveTile loop time: 41.6 ms
2026-06-20 13:57:57,523 - picamera2.picamera2 - [picamera2.py:1391] - DEBUG - Execute job: <picamera2.job.Job object at 0x7f6a68bfd0>
2026-06-20 13:57:57,526 - mazeUtils.device.camera - [camera.py:39] - DEBUG - Average HSV: H=136.5, S=43.7, V=106.1
2026-06-20 13:57:57,555 - mazeUtils.moveTile - [moveTile.py:79] - DEBUG - roll: 38.75999999999999 deg, practicalMoveTime: 1.2748735608256836 sec
2026-06-20 13:57:57,555 - mazeUtils.moveTile - [moveTile.py:1400] - DEBUG - moveTile loop time: 41.1 ms
2026-06-20 13:57:57,561 - picamera2.picamera2 - [picamera2.py:1391] - DEBUG - Execute job: <picamera2.job.Job object at 0x7f839d3590>
2026-06-20 13:57:57,564 - mazeUtils.device.camera - [camera.py:39] - DEBUG - Average HSV: H=133.5, S=44.1, V=111.1
2026-06-20 13:57:57,595 - mazeUtils.moveTile - [moveTile.py:79] - DEBUG - roll: 39.31999999999999 deg, practicalMoveTime: 1.2995273862029386 sec
2026-06-20 13:57:57,596 - mazeUtils.moveTile - [moveTile.py:1400] - DEBUG - moveTile loop time: 39.8 ms
2026-06-20 13:57:57,602 - picamera2.picamera2 - [picamera2.py:1391] - DEBUG - Execute job: <picamera2.job.Job object at 0x7f60596e50>
2026-06-20 13:57:57,605 - mazeUtils.device.camera - [camera.py:39] - DEBUG - Average HSV: H=131.7, S=49.0, V=114.5
2026-06-20 13:57:57,633 - mazeUtils.moveTile - [moveTile.py:79] - DEBUG - roll: 37.45999999999998 deg, practicalMoveTime: 1.3234071350313208 sec
2026-06-20 13:57:57,634 - mazeUtils.moveTile - [moveTile.py:1400] - DEBUG - moveTile loop time: 37.9 ms
2026-06-20 13:57:57,638 - picamera2.picamera2 - [picamera2.py:1391] - DEBUG - Execute job: <picamera2.job.Job object at 0x7f7c5ee8d0>
2026-06-20 13:57:57,641 - mazeUtils.device.camera - [camera.py:39] - DEBUG - Average HSV: H=131.0, S=51.1, V=114.8
2026-06-20 13:57:57,670 - mazeUtils.moveTile - [moveTile.py:79] - DEBUG - roll: 36.75 deg, practicalMoveTime: 1.3466415822048656 sec
2026-06-20 13:57:57,671 - mazeUtils.moveTile - [moveTile.py:1400] - DEBUG - moveTile loop time: 36.5 ms
2026-06-20 13:57:57,676 - picamera2.picamera2 - [picamera2.py:1391] - DEBUG - Execute job: <picamera2.job.Job object at 0x7f7c5ee8d0>
2026-06-20 13:57:57,679 - mazeUtils.device.camera - [camera.py:39] - DEBUG - Average HSV: H=130.2, S=52.4, V=118.8
2026-06-20 13:57:57,714 - mazeUtils.moveTile - [moveTile.py:79] - DEBUG - roll: 36.289999999999964 deg, practicalMoveTime: 1.3746766884207806 sec
2026-06-20 13:57:57,715 - mazeUtils.moveTile - [moveTile.py:1400] - DEBUG - moveTile loop time: 43.7 ms
2026-06-20 13:57:57,720 - picamera2.picamera2 - [picamera2.py:1391] - DEBUG - Execute job: <picamera2.job.Job object at 0x7f6a68bfd0>
2026-06-20 13:57:57,723 - mazeUtils.device.camera - [camera.py:39] - DEBUG - Average HSV: H=130.2, S=50.8, V=121.4
2026-06-20 13:57:57,756 - mazeUtils.moveTile - [moveTile.py:79] - DEBUG - roll: 36.90999999999997 deg, practicalMoveTime: 1.4008796556638472 sec
2026-06-20 13:57:57,756 - mazeUtils.moveTile - [moveTile.py:1400] - DEBUG - moveTile loop time: 41.1 ms
2026-06-20 13:57:57,761 - picamera2.picamera2 - [picamera2.py:1391] - DEBUG - Execute job: <picamera2.job.Job object at 0x7f60596e50>
2026-06-20 13:57:57,764 - mazeUtils.device.camera - [camera.py:39] - DEBUG - Average HSV: H=132.0, S=49.5, V=132.7
2026-06-20 13:57:57,792 - mazeUtils.moveTile - [moveTile.py:79] - DEBUG - roll: 33.56999999999999 deg, practicalMoveTime: 1.4245048953139268 sec
2026-06-20 13:57:57,792 - mazeUtils.moveTile - [moveTile.py:1400] - DEBUG - moveTile loop time: 36.0 ms
2026-06-20 13:57:57,798 - picamera2.picamera2 - [picamera2.py:1391] - DEBUG - Execute job: <picamera2.job.Job object at 0x7f839d3590>
2026-06-20 13:57:57,803 - mazeUtils.device.camera - [camera.py:39] - DEBUG - Average HSV: H=130.1, S=53.7, V=138.9
2026-06-20 13:57:57,832 - mazeUtils.moveTile - [moveTile.py:79] - DEBUG - roll: 30.879999999999995 deg, practicalMoveTime: 1.4515602565448424 sec
2026-06-20 13:57:57,832 - mazeUtils.moveTile - [moveTile.py:1400] - DEBUG - moveTile loop time: 39.6 ms
2026-06-20 13:57:57,836 - picamera2.picamera2 - [picamera2.py:1391] - DEBUG - Execute job: <picamera2.job.Job object at 0x7f60596e50>
2026-06-20 13:57:57,839 - mazeUtils.device.camera - [camera.py:39] - DEBUG - Average HSV: H=127.3, S=60.9, V=139.7
2026-06-20 13:57:57,868 - mazeUtils.moveTile - [moveTile.py:79] - DEBUG - roll: 30.45999999999998 deg, practicalMoveTime: 1.4765341754766392 sec
2026-06-20 13:57:57,869 - mazeUtils.moveTile - [moveTile.py:1400] - DEBUG - moveTile loop time: 36.7 ms
2026-06-20 13:57:57,873 - picamera2.picamera2 - [picamera2.py:1391] - DEBUG - Execute job: <picamera2.job.Job object at 0x7f6041b050>
2026-06-20 13:57:57,876 - mazeUtils.device.camera - [camera.py:39] - DEBUG - Average HSV: H=126.7, S=63.5, V=139.4
2026-06-20 13:57:57,904 - mazeUtils.moveTile - [moveTile.py:79] - DEBUG - roll: 29.25999999999999 deg, practicalMoveTime: 1.5007805266910248 sec
2026-06-20 13:57:57,904 - mazeUtils.moveTile - [moveTile.py:1400] - DEBUG - moveTile loop time: 35.0 ms
2026-06-20 13:57:57,915 - picamera2.picamera2 - [picamera2.py:1391] - DEBUG - Execute job: <picamera2.job.Job object at 0x7f6a647010>
2026-06-20 13:57:57,918 - mazeUtils.device.camera - [camera.py:39] - DEBUG - Average HSV: H=126.0, S=64.4, V=141.4
2026-06-20 13:57:57,949 - mazeUtils.moveTile - [moveTile.py:79] - DEBUG - roll: 32.889999999999986 deg, practicalMoveTime: 1.530791683168297 sec
2026-06-20 13:57:57,950 - mazeUtils.moveTile - [moveTile.py:1400] - DEBUG - moveTile loop time: 45.0 ms
2026-06-20 13:57:57,955 - picamera2.picamera2 - [picamera2.py:1391] - DEBUG - Execute job: <picamera2.job.Job object at 0x7f839d3590>
2026-06-20 13:57:57,958 - mazeUtils.device.camera - [camera.py:39] - DEBUG - Average HSV: H=122.8, S=68.2, V=132.1
2026-06-20 13:57:57,987 - mazeUtils.moveTile - [moveTile.py:79] - DEBUG - roll: 36.16999999999996 deg, practicalMoveTime: 1.5551134835996103 sec
2026-06-20 13:57:57,988 - mazeUtils.moveTile - [moveTile.py:1400] - DEBUG - moveTile loop time: 38.0 ms
2026-06-20 13:57:57,995 - picamera2.picamera2 - [picamera2.py:1391] - DEBUG - Execute job: <picamera2.job.Job object at 0x7f60596e50>
2026-06-20 13:57:57,998 - mazeUtils.device.camera - [camera.py:39] - DEBUG - Average HSV: H=121.9, S=72.7, V=127.1
2026-06-20 13:57:58,026 - mazeUtils.moveTile - [moveTile.py:79] - DEBUG - roll: 37.579999999999984 deg, practicalMoveTime: 1.5792871037185576 sec
2026-06-20 13:57:58,026 - mazeUtils.moveTile - [moveTile.py:1400] - DEBUG - moveTile loop time: 38.4 ms
2026-06-20 13:57:58,031 - picamera2.picamera2 - [picamera2.py:1391] - DEBUG - Execute job: <picamera2.job.Job object at 0x7f7c5efd10>
2026-06-20 13:57:58,035 - mazeUtils.device.camera - [camera.py:39] - DEBUG - Average HSV: H=119.8, S=78.1, V=109.9
2026-06-20 13:57:58,061 - mazeUtils.moveTile - [moveTile.py:79] - DEBUG - roll: 39.349999999999966 deg, practicalMoveTime: 1.6009265136425834 sec
2026-06-20 13:57:58,062 - mazeUtils.moveTile - [moveTile.py:1400] - DEBUG - moveTile loop time: 35.3 ms
2026-06-20 13:57:58,068 - picamera2.picamera2 - [picamera2.py:1391] - DEBUG - Execute job: <picamera2.job.Job object at 0x7f60596e50>
2026-06-20 13:57:58,071 - mazeUtils.device.camera - [camera.py:39] - DEBUG - Average HSV: H=118.7, S=80.0, V=101.5
2026-06-20 13:57:58,108 - picamera2.picamera2 - [picamera2.py:1391] - DEBUG - Execute job: <picamera2.job.Job object at 0x7f605c2d10>
2026-06-20 13:57:58,111 - mazeUtils.device.camera - [camera.py:39] - DEBUG - Average HSV: H=118.3, S=80.6, V=101.7
2026-06-20 13:57:58,140 - mazeUtils.moveTile - [moveTile.py:79] - DEBUG - roll: 42.25999999999999 deg, practicalMoveTime: 1.6469649969843676 sec
2026-06-20 13:57:58,140 - mazeUtils.moveTile - [moveTile.py:1400] - DEBUG - moveTile loop time: 37.1 ms
2026-06-20 13:57:58,145 - picamera2.picamera2 - [picamera2.py:1391] - DEBUG - Execute job: <picamera2.job.Job object at 0x7f7c5efd10>
2026-06-20 13:57:58,149 - mazeUtils.device.camera - [camera.py:39] - DEBUG - Average HSV: H=118.4, S=79.6, V=101.2
2026-06-20 13:57:58,177 - mazeUtils.moveTile - [moveTile.py:79] - DEBUG - roll: 41.56 deg, practicalMoveTime: 1.6688767277932963 sec
2026-06-20 13:57:58,177 - mazeUtils.moveTile - [moveTile.py:1400] - DEBUG - moveTile loop time: 36.8 ms
2026-06-20 13:57:58,182 - picamera2.picamera2 - [picamera2.py:1391] - DEBUG - Execute job: <picamera2.job.Job object at 0x7f7c5ee8d0>
2026-06-20 13:57:58,185 - mazeUtils.device.camera - [camera.py:39] - DEBUG - Average HSV: H=118.2, S=79.8, V=103.3
2026-06-20 13:57:58,213 - mazeUtils.moveTile - [moveTile.py:79] - DEBUG - roll: 43.72999999999996 deg, practicalMoveTime: 1.6892494814442935 sec
2026-06-20 13:57:58,213 - mazeUtils.moveTile - [moveTile.py:1400] - DEBUG - moveTile loop time: 35.6 ms
2026-06-20 13:57:58,225 - picamera2.picamera2 - [picamera2.py:1391] - DEBUG - Execute job: <picamera2.job.Job object at 0x7f6a647010>
2026-06-20 13:57:58,228 - mazeUtils.device.camera - [camera.py:39] - DEBUG - Average HSV: H=118.1, S=81.8, V=99.2
2026-06-20 13:57:58,255 - mazeUtils.moveTile - [moveTile.py:79] - DEBUG - roll: 40.43000000000001 deg, practicalMoveTime: 1.7149123279794656 sec
2026-06-20 13:57:58,256 - mazeUtils.moveTile - [moveTile.py:1400] - DEBUG - moveTile loop time: 42.3 ms
2026-06-20 13:57:58,262 - picamera2.picamera2 - [picamera2.py:1391] - DEBUG - Execute job: <picamera2.job.Job object at 0x7f6a68b350>
2026-06-20 13:57:58,265 - mazeUtils.device.camera - [camera.py:39] - DEBUG - Average HSV: H=117.6, S=100.0, V=118.5
2026-06-20 13:57:58,293 - mazeUtils.moveTile - [moveTile.py:79] - DEBUG - roll: 36.19999999999999 deg, practicalMoveTime: 1.738628084543807 sec
2026-06-20 13:57:58,293 - mazeUtils.moveTile - [moveTile.py:1400] - DEBUG - moveTile loop time: 37.0 ms
2026-06-20 13:57:58,299 - picamera2.picamera2 - [picamera2.py:1391] - DEBUG - Execute job: <picamera2.job.Job object at 0x7f6a647010>
2026-06-20 13:57:58,303 - mazeUtils.device.camera - [camera.py:39] - DEBUG - Average HSV: H=131.4, S=55.3, V=133.2
2026-06-20 13:57:58,333 - mazeUtils.moveTile - [moveTile.py:210] - WARNING - Escape from obstacle on Side.RIGHT side
2026-06-20 13:57:59,016 - mazeUtils.moveTile - [moveTile.py:1328] - DEBUG - Obstacle escape adjustment: 0.061330948498252574
2026-06-20 13:57:59,126 - mazeUtils.moveTile - [moveTile.py:79] - DEBUG - roll: 23.279999999999973 deg, practicalMoveTime: 1.6061022805608127 sec
2026-06-20 13:57:59,127 - mazeUtils.moveTile - [moveTile.py:1400] - DEBUG - moveTile loop time: 833.8 ms
2026-06-20 13:57:59,132 - picamera2.picamera2 - [picamera2.py:1391] - DEBUG - Execute job: <picamera2.job.Job object at 0x7f7c5ee8d0>
2026-06-20 13:57:59,137 - mazeUtils.device.camera - [camera.py:39] - DEBUG - Average HSV: H=156.7, S=45.0, V=136.1
2026-06-20 13:57:59,168 - mazeUtils.moveTile - [moveTile.py:79] - DEBUG - roll: 22.24000000000001 deg, practicalMoveTime: 1.636674478524197 sec
2026-06-20 13:57:59,170 - mazeUtils.moveTile - [moveTile.py:1400] - DEBUG - moveTile loop time: 42.1 ms
2026-06-20 13:57:59,176 - picamera2.picamera2 - [picamera2.py:1391] - DEBUG - Execute job: <picamera2.job.Job object at 0x7f6041b050>
2026-06-20 13:57:59,182 - mazeUtils.device.camera - [camera.py:39] - DEBUG - Average HSV: H=159.2, S=44.6, V=141.7
2026-06-20 13:57:59,213 - mazeUtils.moveTile - [moveTile.py:79] - DEBUG - roll: 20.099999999999966 deg, practicalMoveTime: 1.66883493878065 sec
2026-06-20 13:57:59,213 - mazeUtils.moveTile - [moveTile.py:1400] - DEBUG - moveTile loop time: 43.2 ms
2026-06-20 13:57:59,220 - picamera2.picamera2 - [picamera2.py:1391] - DEBUG - Execute job: <picamera2.job.Job object at 0x7f605c2d10>
2026-06-20 13:57:59,225 - mazeUtils.device.camera - [camera.py:39] - DEBUG - Average HSV: H=151.6, S=39.4, V=159.4
2026-06-20 13:57:59,253 - mazeUtils.moveTile - [moveTile.py:79] - DEBUG - roll: 18.5 deg, practicalMoveTime: 1.698879380785944 sec
2026-06-20 13:57:59,254 - mazeUtils.moveTile - [moveTile.py:1400] - DEBUG - moveTile loop time: 39.8 ms
2026-06-20 13:57:59,263 - picamera2.picamera2 - [picamera2.py:1391] - DEBUG - Execute job: <picamera2.job.Job object at 0x7f7c5ee8d0>
2026-06-20 13:57:59,267 - mazeUtils.device.camera - [camera.py:39] - DEBUG - Average HSV: H=140.8, S=28.3, V=183.8
2026-06-20 13:57:59,296 - mazeUtils.moveTile - [moveTile.py:79] - DEBUG - roll: 15.930000000000007 deg, practicalMoveTime: 1.7317375037005693 sec
2026-06-20 13:57:59,297 - mazeUtils.moveTile - [moveTile.py:1400] - DEBUG - moveTile loop time: 43.0 ms
2026-06-20 13:57:59,304 - picamera2.picamera2 - [picamera2.py:1391] - DEBUG - Execute job: <picamera2.job.Job object at 0x7f839d3590>
2026-06-20 13:57:59,309 - mazeUtils.device.camera - [camera.py:39] - DEBUG - Average HSV: H=152.3, S=26.5, V=176.2
2026-06-20 13:57:59,339 - mazeUtils.moveTile - [moveTile.py:79] - DEBUG - roll: 14.569999999999993 deg, practicalMoveTime: 1.7642139927958915 sec
2026-06-20 13:57:59,340 - mazeUtils.moveTile - [moveTile.py:1400] - DEBUG - moveTile loop time: 42.4 ms
2026-06-20 13:57:59,345 - picamera2.picamera2 - [picamera2.py:1391] - DEBUG - Execute job: <picamera2.job.Job object at 0x7f6041b050>
2026-06-20 13:57:59,351 - mazeUtils.device.camera - [camera.py:39] - DEBUG - Average HSV: H=165.3, S=35.2, V=160.7
2026-06-20 13:57:59,381 - mazeUtils.moveTile - [moveTile.py:79] - DEBUG - roll: 12.909999999999968 deg, practicalMoveTime: 1.796590830281392 sec
2026-06-20 13:57:59,382 - mazeUtils.moveTile - [moveTile.py:1400] - DEBUG - moveTile loop time: 42.1 ms
2026-06-20 13:57:59,391 - picamera2.picamera2 - [picamera2.py:1391] - DEBUG - Execute job: <picamera2.job.Job object at 0x7f6041afd0>
2026-06-20 13:57:59,397 - mazeUtils.device.camera - [camera.py:39] - DEBUG - Average HSV: H=158.6, S=32.5, V=166.3
2026-06-20 13:57:59,432 - mazeUtils.moveTile - [moveTile.py:79] - DEBUG - roll: 11.689999999999998 deg, practicalMoveTime: 1.8345831073620658 sec
2026-06-20 13:57:59,433 - mazeUtils.moveTile - [moveTile.py:1400] - DEBUG - moveTile loop time: 49.9 ms
2026-06-20 13:57:59,441 - picamera2.picamera2 - [picamera2.py:1391] - DEBUG - Execute job: <picamera2.job.Job object at 0x7f6a5fe2d0>
2026-06-20 13:57:59,446 - mazeUtils.device.camera - [camera.py:39] - DEBUG - Average HSV: H=84.1, S=27.7, V=202.3
2026-06-20 13:57:59,486 - mazeUtils.moveTile - [moveTile.py:79] - DEBUG - roll: 10.519999999999982 deg, practicalMoveTime: 1.8760749896850748 sec
2026-06-20 13:57:59,487 - mazeUtils.moveTile - [moveTile.py:1400] - DEBUG - moveTile loop time: 51.8 ms
2026-06-20 13:57:59,494 - picamera2.picamera2 - [picamera2.py:1391] - DEBUG - Execute job: <picamera2.job.Job object at 0x7f7c5ee8d0>
2026-06-20 13:57:59,499 - mazeUtils.device.camera - [camera.py:39] - DEBUG - Average HSV: H=40.0, S=27.6, V=216.3
2026-06-20 13:57:59,527 - mazeUtils.moveTile - [moveTile.py:79] - DEBUG - roll: 10.019999999999982 deg, practicalMoveTime: 1.907684911103579 sec
2026-06-20 13:57:59,527 - mazeUtils.moveTile - [moveTile.py:1400] - DEBUG - moveTile loop time: 40.0 ms
2026-06-20 13:57:59,531 - picamera2.picamera2 - [picamera2.py:1391] - DEBUG - Execute job: <picamera2.job.Job object at 0x7f6041b050>
2026-06-20 13:57:59,534 - mazeUtils.device.camera - [camera.py:39] - DEBUG - Average HSV: H=40.6, S=27.6, V=219.8
2026-06-20 13:57:59,565 - mazeUtils.moveTile - [moveTile.py:79] - DEBUG - roll: 10.0 deg, practicalMoveTime: 1.9374450813070248 sec
2026-06-20 13:57:59,565 - mazeUtils.moveTile - [moveTile.py:1400] - DEBUG - moveTile loop time: 38.1 ms
2026-06-20 13:57:59,572 - picamera2.picamera2 - [picamera2.py:1391] - DEBUG - Execute job: <picamera2.job.Job object at 0x7f6a647010>
2026-06-20 13:57:59,575 - mazeUtils.device.camera - [camera.py:39] - DEBUG - Average HSV: H=36.2, S=29.1, V=224.8
2026-06-20 13:57:59,606 - mazeUtils.moveTile - [moveTile.py:79] - DEBUG - roll: 10.189999999999998 deg, practicalMoveTime: 1.9696983381013073 sec
2026-06-20 13:57:59,607 - mazeUtils.moveTile - [moveTile.py:1400] - DEBUG - moveTile loop time: 41.3 ms
2026-06-20 13:57:59,612 - picamera2.picamera2 - [picamera2.py:1391] - DEBUG - Execute job: <picamera2.job.Job object at 0x7f6041b010>
2026-06-20 13:57:59,616 - mazeUtils.device.camera - [camera.py:39] - DEBUG - Average HSV: H=24.9, S=31.2, V=228.5
2026-06-20 13:57:59,650 - mazeUtils.moveTile - [moveTile.py:79] - DEBUG - roll: 10.479999999999961 deg, practicalMoveTime: 2.0036109416012327 sec
2026-06-20 13:57:59,651 - mazeUtils.moveTile - [moveTile.py:1400] - DEBUG - moveTile loop time: 43.7 ms
2026-06-20 13:57:59,656 - picamera2.picamera2 - [picamera2.py:1391] - DEBUG - Execute job: <picamera2.job.Job object at 0x7f6041b010>
2026-06-20 13:57:59,661 - mazeUtils.device.camera - [camera.py:39] - DEBUG - Average HSV: H=15.7, S=33.7, V=233.5
2026-06-20 13:57:59,690 - mazeUtils.moveTile - [moveTile.py:79] - DEBUG - roll: 10.759999999999991 deg, practicalMoveTime: 2.0345238017787985 sec
2026-06-20 13:57:59,691 - mazeUtils.moveTile - [moveTile.py:1400] - DEBUG - moveTile loop time: 39.4 ms
2026-06-20 13:57:59,699 - picamera2.picamera2 - [picamera2.py:1391] - DEBUG - Execute job: <picamera2.job.Job object at 0x7f6a647010>
2026-06-20 13:57:59,702 - mazeUtils.device.camera - [camera.py:39] - DEBUG - Average HSV: H=13.6, S=33.9, V=236.2
2026-06-20 13:57:59,733 - mazeUtils.moveTile - [moveTile.py:79] - DEBUG - roll: 11.069999999999993 deg, practicalMoveTime: 2.067743874779171 sec
2026-06-20 13:57:59,733 - mazeUtils.moveTile - [moveTile.py:1400] - DEBUG - moveTile loop time: 42.7 ms
2026-06-20 13:57:59,739 - picamera2.picamera2 - [picamera2.py:1391] - DEBUG - Execute job: <picamera2.job.Job object at 0x7f7c5ee8d0>
2026-06-20 13:57:59,743 - mazeUtils.device.camera - [camera.py:39] - DEBUG - Average HSV: H=12.1, S=33.5, V=238.1
2026-06-20 13:57:59,781 - mazeUtils.moveTile - [moveTile.py:79] - DEBUG - roll: 11.329999999999984 deg, practicalMoveTime: 2.10465801084199 sec
2026-06-20 13:57:59,781 - mazeUtils.moveTile - [moveTile.py:1400] - DEBUG - moveTile loop time: 47.4 ms
2026-06-20 13:57:59,788 - picamera2.picamera2 - [picamera2.py:1391] - DEBUG - Execute job: <picamera2.job.Job object at 0x7f6a647010>
2026-06-20 13:57:59,792 - mazeUtils.device.camera - [camera.py:39] - DEBUG - Average HSV: H=12.9, S=33.0, V=238.7
2026-06-20 13:57:59,824 - mazeUtils.moveTile - [moveTile.py:79] - DEBUG - roll: 11.829999999999984 deg, practicalMoveTime: 2.138123675711981 sec
2026-06-20 13:57:59,824 - mazeUtils.moveTile - [moveTile.py:1400] - DEBUG - moveTile loop time: 43.0 ms
2026-06-20 13:57:59,828 - picamera2.picamera2 - [picamera2.py:1391] - DEBUG - Execute job: <picamera2.job.Job object at 0x7f6a689450>
2026-06-20 13:57:59,832 - mazeUtils.device.camera - [camera.py:39] - DEBUG - Average HSV: H=13.4, S=33.1, V=238.0
2026-06-20 13:57:59,861 - mazeUtils.moveTile - [moveTile.py:79] - DEBUG - roll: 12.120000000000005 deg, practicalMoveTime: 2.166513533189321 sec
2026-06-20 13:57:59,861 - mazeUtils.moveTile - [moveTile.py:1400] - DEBUG - moveTile loop time: 36.5 ms
2026-06-20 13:57:59,870 - picamera2.picamera2 - [picamera2.py:1391] - DEBUG - Execute job: <picamera2.job.Job object at 0x7f6041b050>
2026-06-20 13:57:59,873 - mazeUtils.device.camera - [camera.py:39] - DEBUG - Average HSV: H=15.8, S=33.1, V=236.6
2026-06-20 13:57:59,891 - __main__ - [main.py:147] - INFO - Program interrupted by user.
2026-06-20 13:58:00,947 - mazeUtils.device.stm - [stm.py:216] - DEBUG - ACK resynchronized: type=STS_MOTOR dropped=3B seq=152
2026-06-20 13:58:01,467 - picamera2.picamera2 - [picamera2.py:1391] - DEBUG - Execute job: <picamera2.job.Job object at 0x7f8ff97250>
2026-06-20 13:58:01,482 - picamera2.picamera2 - [picamera2.py:1323] - INFO - Camera stopped
2026-06-20 13:58:01,484 - picamera2.picamera2 - [picamera2.py:1329] - DEBUG - Camera was not started
2026-06-20 13:58:01,686 - picamera2.picamera2 - [picamera2.py:723] - INFO - Camera closed successfully.
2026-06-20 13:58:01,870 - picamera2.picamera2 - [picamera2.py:500] - DEBUG - Resources now free: <picamera2.picamera2.Picamera2 object at 0x7f6b5cd9d0>
