2026-06-17 02:25:10,907 - root - [logging_config.py:61] - INFO - Logging initialized. Log file: /home/tuton/Kanto2026RPi/src/config/../logs/robot_20260617_022504.log
2026-06-17 02:25:12,938 - mazeUtils.device.LiDAR - [LiDAR.py:36] - INFO - Available ports: <ydlidar.Str2strMap; proxy of <Swig Object of type 'std::map< std::string,std::string > *' at 0x7f9c7a51d0> >
2026-06-17 02:25:18,141 - mazeUtils.moveTile - [moveTile.py:514] - DEBUG - Direction: absDirection.NORTH, Angle: 0, Distance: 108.54508410523268 cm
2026-06-17 02:25:18,141 - mazeUtils.moveTile - [moveTile.py:537] - DEBUG - Front LiDAR distance: 108.54508410523268 cm, TSD10 distance: 100.4 cm
2026-06-17 02:25:18,143 - mazeUtils.moveTile - [moveTile.py:514] - DEBUG - Direction: absDirection.EAST, Angle: 270, Distance: 17.450746206794864 cm
2026-06-17 02:25:18,144 - mazeUtils.moveTile - [moveTile.py:514] - DEBUG - Direction: absDirection.SOUTH, Angle: 180, Distance: 16.316854738578655 cm
2026-06-17 02:25:18,146 - mazeUtils.moveTile - [moveTile.py:514] - DEBUG - Direction: absDirection.WEST, Angle: 90, Distance: 40.294948169212205 cm
2026-06-17 02:25:18,147 - __main__ - [main.py:70] - INFO - Initial Map:
2026-06-17 02:25:18,155 - __main__ - [main.py:71] - INFO - Current position: (20, 20, 0), front direction: absDirection.NORTH
Layer 0 (altitude=0.0cm, offset=(0.0cm, 0.0cm)):
Known map area: x=20..20, y=20..20
+   +
  @ |
+---+
2026-06-17 02:25:18,156 - mazeUtils.mazeMap - [mazeMap.py:60] - INFO - next goal: (20, 19, 0)
2026-06-17 02:25:18,157 - __main__ - [main.py:74] - INFO - Next Direction: [<absDirection.NORTH: 0>]
2026-06-17 02:25:18,158 - __main__ - [main.py:75] - INFO - Exploration started.
2026-06-17 02:25:18,159 - mazeUtils.mazeMap - [mazeMap.py:60] - INFO - next goal: (20, 19, 0)
2026-06-17 02:25:18,165 - mazeUtils.moveTile - [moveTile.py:80] - DEBUG - Moving to absDirection.NORTH from (20, 20, 0) facing absDirection.NORTH
2026-06-17 02:25:18,295 - mazeUtils.moveTile - [moveTile.py:80] - DEBUG - Little backward to adjust position
2026-06-17 02:25:18,854 - mazeUtils.moveTile - [moveTile.py:80] - DEBUG - roll: 359.27 deg, practicalMoveTime: 0.05009626018448437 sec
2026-06-17 02:25:18,855 - mazeUtils.moveTile - [moveTile.py:1234] - DEBUG - moveTile loop time: 50.9 ms
2026-06-17 02:25:18,908 - mazeUtils.moveTile - [moveTile.py:80] - DEBUG - roll: 359.22999999999996 deg, practicalMoveTime: 0.10288285003469169 sec
2026-06-17 02:25:18,909 - mazeUtils.moveTile - [moveTile.py:1234] - DEBUG - moveTile loop time: 53.2 ms
2026-06-17 02:25:18,960 - mazeUtils.moveTile - [moveTile.py:80] - DEBUG - roll: 358.95 deg, practicalMoveTime: 0.15379144883851656 sec
2026-06-17 02:25:18,960 - mazeUtils.moveTile - [moveTile.py:1234] - DEBUG - moveTile loop time: 51.2 ms
2026-06-17 02:25:19,011 - mazeUtils.moveTile - [moveTile.py:80] - DEBUG - roll: 359.16999999999996 deg, practicalMoveTime: 0.20503343010152206 sec
2026-06-17 02:25:19,012 - mazeUtils.moveTile - [moveTile.py:1234] - DEBUG - moveTile loop time: 51.4 ms
2026-06-17 02:25:19,063 - mazeUtils.moveTile - [moveTile.py:80] - DEBUG - roll: 359.13 deg, practicalMoveTime: 0.25565148790431413 sec
2026-06-17 02:25:19,063 - mazeUtils.moveTile - [moveTile.py:1234] - DEBUG - moveTile loop time: 50.8 ms
2026-06-17 02:25:19,112 - mazeUtils.moveTile - [moveTile.py:80] - DEBUG - roll: 359.10999999999996 deg, practicalMoveTime: 0.3046584743230555 sec
2026-06-17 02:25:19,112 - mazeUtils.moveTile - [moveTile.py:1234] - DEBUG - moveTile loop time: 49.3 ms
2026-06-17 02:25:19,162 - mazeUtils.moveTile - [moveTile.py:80] - DEBUG - roll: 359.18 deg, practicalMoveTime: 0.3540077347207346 sec
2026-06-17 02:25:19,162 - mazeUtils.moveTile - [moveTile.py:1234] - DEBUG - moveTile loop time: 49.6 ms
2026-06-17 02:25:19,213 - mazeUtils.moveTile - [moveTile.py:80] - DEBUG - roll: 359.60999999999996 deg, practicalMoveTime: 0.4051344609022308 sec
2026-06-17 02:25:19,214 - mazeUtils.moveTile - [moveTile.py:1234] - DEBUG - moveTile loop time: 51.4 ms
2026-06-17 02:25:19,263 - mazeUtils.moveTile - [moveTile.py:80] - DEBUG - roll: 359.53999999999996 deg, practicalMoveTime: 0.4540456481201521 sec
2026-06-17 02:25:19,263 - mazeUtils.moveTile - [moveTile.py:1234] - DEBUG - moveTile loop time: 49.2 ms
2026-06-17 02:25:19,312 - mazeUtils.moveTile - [moveTile.py:80] - DEBUG - roll: 359.2 deg, practicalMoveTime: 0.503285728602891 sec
2026-06-17 02:25:19,313 - mazeUtils.moveTile - [moveTile.py:1234] - DEBUG - moveTile loop time: 49.5 ms
2026-06-17 02:25:19,364 - mazeUtils.moveTile - [moveTile.py:80] - DEBUG - roll: 358.65999999999997 deg, practicalMoveTime: 0.5544361251778858 sec
2026-06-17 02:25:19,364 - mazeUtils.moveTile - [moveTile.py:1234] - DEBUG - moveTile loop time: 51.4 ms
2026-06-17 02:25:19,413 - mazeUtils.moveTile - [moveTile.py:80] - DEBUG - roll: 0.5799999999999841 deg, practicalMoveTime: 0.5959916059582906 sec
2026-06-17 02:25:19,414 - mazeUtils.moveTile - [moveTile.py:1234] - DEBUG - moveTile loop time: 49.1 ms
2026-06-17 02:25:19,463 - mazeUtils.moveTile - [moveTile.py:80] - DEBUG - roll: 0.6699999999999591 deg, practicalMoveTime: 0.6377994744532047 sec
2026-06-17 02:25:19,463 - mazeUtils.moveTile - [moveTile.py:1234] - DEBUG - moveTile loop time: 49.5 ms
2026-06-17 02:25:19,512 - mazeUtils.moveTile - [moveTile.py:80] - DEBUG - roll: 358.31 deg, practicalMoveTime: 0.6867419614862903 sec
2026-06-17 02:25:19,513 - mazeUtils.moveTile - [moveTile.py:1234] - DEBUG - moveTile loop time: 49.2 ms
2026-06-17 02:25:19,564 - mazeUtils.moveTile - [moveTile.py:80] - DEBUG - roll: 359.58 deg, practicalMoveTime: 0.7377960211390331 sec
2026-06-17 02:25:19,564 - mazeUtils.moveTile - [moveTile.py:1234] - DEBUG - moveTile loop time: 51.3 ms
2026-06-17 02:25:19,713 - mazeUtils.moveTile - [moveTile.py:80] - DEBUG - roll: 358.84999999999997 deg, practicalMoveTime: 0.8860937338075986 sec
2026-06-17 02:25:19,713 - mazeUtils.moveTile - [moveTile.py:1234] - DEBUG - moveTile loop time: 148.6 ms
2026-06-17 02:25:19,764 - mazeUtils.moveTile - [moveTile.py:1185] - INFO - practicalVerticalMove: -0.41540590299341656 CM
2026-06-17 02:25:19,850 - mazeUtils.moveTile - [moveTile.py:1417] - INFO - Set moved vertical distance: -0.41540590299341656 cm, past distances: [(0, False), (0, False), (0, False)]
2026-06-17 02:25:19,883 - mazeUtils.moveTile - [moveTile.py:514] - DEBUG - Direction: absDirection.NORTH, Angle: 0, Distance: 80.21100635527273 cm
2026-06-17 02:25:19,884 - mazeUtils.moveTile - [moveTile.py:537] - DEBUG - Front LiDAR distance: 80.21100635527273 cm, TSD10 distance: 18.9 cm
2026-06-17 02:25:19,885 - mazeUtils.moveTile - [moveTile.py:514] - DEBUG - Direction: absDirection.EAST, Angle: 270, Distance: 45.66803790535675 cm
2026-06-17 02:25:19,886 - mazeUtils.moveTile - [moveTile.py:514] - DEBUG - Direction: absDirection.SOUTH, Angle: 180, Distance: 57.40223939617406 cm
2026-06-17 02:25:19,886 - mazeUtils.moveTile - [moveTile.py:514] - DEBUG - Direction: absDirection.WEST, Angle: 90, Distance: 23.82802926132415 cm
2026-06-17 02:25:19,887 - mazeUtils.moveTile - [moveTile.py:1532] - INFO - Tile color detection counts: {}, decided tile type: E
2026-06-17 02:25:19,981 - __main__ - [main.py:88] - INFO - Current position: (20, 19, 0), front direction: absDirection.NORTH
Layer 0 (altitude=0.0cm, offset=(0.0cm, 0.0cm)):
Known map area: x=20..20, y=19..20
+   +
| @  
+   +
  S |
+---+
2026-06-17 02:25:19,990 - mazeUtils.mazeMap - [mazeMap.py:60] - INFO - next goal: (20, 18, 0)
2026-06-17 02:25:19,991 - mazeUtils.mazeMap - [mazeMap.py:60] - INFO - next goal: (20, 18, 0)
2026-06-17 02:25:19,996 - mazeUtils.moveTile - [moveTile.py:80] - DEBUG - Moving to absDirection.NORTH from (20, 19, 0) facing absDirection.NORTH
2026-06-17 02:25:20,234 - mazeUtils.moveTile - [moveTile.py:80] - DEBUG - roll: 0.5999999999999659 deg, practicalMoveTime: 0.042618405398670595 sec
2026-06-17 02:25:20,234 - mazeUtils.moveTile - [moveTile.py:1234] - DEBUG - moveTile loop time: 50.3 ms
2026-06-17 02:25:20,285 - mazeUtils.moveTile - [moveTile.py:80] - DEBUG - roll: 359.84 deg, practicalMoveTime: 0.09378831658378411 sec
2026-06-17 02:25:20,286 - mazeUtils.moveTile - [moveTile.py:1234] - DEBUG - moveTile loop time: 51.4 ms
2026-06-17 02:25:20,337 - mazeUtils.moveTile - [moveTile.py:80] - DEBUG - roll: 1.599999999999966 deg, practicalMoveTime: 0.13722503228333943 sec
2026-06-17 02:25:20,337 - mazeUtils.moveTile - [moveTile.py:1234] - DEBUG - moveTile loop time: 51.4 ms
2026-06-17 02:25:20,387 - mazeUtils.moveTile - [moveTile.py:80] - DEBUG - roll: 0.9799999999999613 deg, practicalMoveTime: 0.1795011546410114 sec
2026-06-17 02:25:20,387 - mazeUtils.moveTile - [moveTile.py:1234] - DEBUG - moveTile loop time: 50.0 ms
2026-06-17 02:25:20,439 - mazeUtils.moveTile - [moveTile.py:80] - DEBUG - roll: 359.60999999999996 deg, practicalMoveTime: 0.23068033169480148 sec
2026-06-17 02:25:20,439 - mazeUtils.moveTile - [moveTile.py:1234] - DEBUG - moveTile loop time: 51.4 ms
2026-06-17 02:25:20,487 - mazeUtils.moveTile - [moveTile.py:80] - DEBUG - roll: 1.1099999999999568 deg, practicalMoveTime: 0.27162269523692306 sec
2026-06-17 02:25:20,488 - mazeUtils.moveTile - [moveTile.py:1234] - DEBUG - moveTile loop time: 48.5 ms
2026-06-17 02:25:20,620 - mazeUtils.moveTile - [moveTile.py:1417] - INFO - Set moved vertical distance: 0.09475767271273676 cm, past distances: [(-0.41540590299341656, False), (0, False), (0, False)]
2026-06-17 02:25:20,651 - mazeUtils.moveTile - [moveTile.py:514] - DEBUG - Direction: absDirection.NORTH, Angle: 0, Distance: 130.4161930156745 cm
2026-06-17 02:25:20,651 - mazeUtils.moveTile - [moveTile.py:537] - DEBUG - Front LiDAR distance: 130.4161930156745 cm, TSD10 distance: 46.0 cm
2026-06-17 02:25:20,652 - mazeUtils.moveTile - [moveTile.py:514] - DEBUG - Direction: absDirection.EAST, Angle: 270, Distance: 42.52022959254471 cm
2026-06-17 02:25:20,653 - mazeUtils.moveTile - [moveTile.py:514] - DEBUG - Direction: absDirection.SOUTH, Angle: 180, Distance: 68.58242690126434 cm
2026-06-17 02:25:20,654 - mazeUtils.moveTile - [moveTile.py:514] - DEBUG - Direction: absDirection.WEST, Angle: 90, Distance: 70.27102329717138 cm
2026-06-17 02:25:20,654 - mazeUtils.moveTile - [moveTile.py:1532] - INFO - Tile color detection counts: {}, decided tile type: E
2026-06-17 02:25:20,745 - __main__ - [main.py:88] - INFO - Current position: (20, 18, 0), front direction: absDirection.NORTH
Layer 0 (altitude=0.0cm, offset=(0.0cm, 0.0cm)):
Known map area: x=20..20, y=18..20
+   +
  @  
+   +
| E  
+   +
  S |
+---+
2026-06-17 02:25:20,756 - mazeUtils.mazeMap - [mazeMap.py:60] - INFO - next goal: (20, 17, 0)
2026-06-17 02:25:20,757 - mazeUtils.mazeMap - [mazeMap.py:60] - INFO - next goal: (20, 17, 0)
2026-06-17 02:25:20,763 - mazeUtils.moveTile - [moveTile.py:80] - DEBUG - Moving to absDirection.NORTH from (20, 18, 0) facing absDirection.NORTH
2026-06-17 02:25:21,032 - mazeUtils.moveTile - [moveTile.py:80] - DEBUG - roll: 0.25 deg, practicalMoveTime: 0.04241342700804142 sec
2026-06-17 02:25:21,033 - mazeUtils.moveTile - [moveTile.py:1234] - DEBUG - moveTile loop time: 50.2 ms
2026-06-17 02:25:21,082 - mazeUtils.moveTile - [moveTile.py:80] - DEBUG - roll: 0.5999999999999659 deg, practicalMoveTime: 0.08399084668303151 sec
2026-06-17 02:25:21,082 - mazeUtils.moveTile - [moveTile.py:1234] - DEBUG - moveTile loop time: 49.1 ms
2026-06-17 02:25:21,133 - mazeUtils.moveTile - [moveTile.py:80] - DEBUG - roll: 0.0999999999999659 deg, practicalMoveTime: 0.12742133540132125 sec
2026-06-17 02:25:21,133 - mazeUtils.moveTile - [moveTile.py:1234] - DEBUG - moveTile loop time: 51.3 ms
2026-06-17 02:25:21,184 - mazeUtils.moveTile - [moveTile.py:197] - WARNING - Escape from obstacle on Side.RIGHT side
2026-06-17 02:25:21,948 - mazeUtils.moveTile - [moveTile.py:1171] - DEBUG - Obstacle escape adjustment: 0.08140575388278966
2026-06-17 02:25:22,052 - mazeUtils.moveTile - [moveTile.py:80] - DEBUG - roll: 1.4099999999999682 deg, practicalMoveTime: 0.01034015174490839 sec
2026-06-17 02:25:22,052 - mazeUtils.moveTile - [moveTile.py:1234] - DEBUG - moveTile loop time: 918.5 ms
2026-06-17 02:25:22,102 - mazeUtils.moveTile - [moveTile.py:80] - DEBUG - roll: 0.47999999999996135 deg, practicalMoveTime: 0.05285118403521081 sec
2026-06-17 02:25:22,103 - mazeUtils.moveTile - [moveTile.py:1234] - DEBUG - moveTile loop time: 50.3 ms
2026-06-17 02:25:22,153 - mazeUtils.moveTile - [moveTile.py:80] - DEBUG - roll: 359.46999999999997 deg, practicalMoveTime: 0.10296271798964052 sec
2026-06-17 02:25:22,153 - mazeUtils.moveTile - [moveTile.py:1234] - DEBUG - moveTile loop time: 50.2 ms
2026-06-17 02:25:22,205 - mazeUtils.moveTile - [moveTile.py:197] - WARNING - Escape from obstacle on Side.RIGHT side
2026-06-17 02:25:22,304 - __main__ - [main.py:148] - INFO - Program interrupted by user.
