2026-05-24 21:43:29,324 - root - [logging_config.py:61] - INFO - Logging initialized. Log file: /home/tuton/Kanto2026RPi/src/config/../logs/robot_20260524_214328.log
2026-05-24 21:43:29,782 - mazeUtils.mazeMap - [mazeMap.py:167] - WARNING - ArduinoNanoEveryUART init failed: [Errno 2] could not open port /dev/ttyUSB0: [Errno 2] No such file or directory: '/dev/ttyUSB0'
2026-05-24 21:43:30,933 - mazeUtils.device.LiDAR - [LiDAR.py:36] - INFO - Available ports: <ydlidar.Str2strMap; proxy of <Swig Object of type 'std::map< std::string,std::string > *' at 0x7f960e4330> >
2026-05-24 21:43:34,937 - mazeUtils.moveTile - [moveTile.py:511] - DEBUG - Direction: absDirection.NORTH, Angle: 0, Distance: 73.77853989476473 cm
2026-05-24 21:43:34,940 - mazeUtils.moveTile - [moveTile.py:511] - DEBUG - Direction: absDirection.EAST, Angle: 270, Distance: 16.451232876337688 cm
2026-05-24 21:43:34,943 - mazeUtils.moveTile - [moveTile.py:511] - DEBUG - Direction: absDirection.SOUTH, Angle: 180, Distance: 21.800109682308992 cm
2026-05-24 21:43:34,946 - mazeUtils.moveTile - [moveTile.py:511] - DEBUG - Direction: absDirection.WEST, Angle: 90, Distance: 77.76345796904269 cm
2026-05-24 21:43:35,970 - __main__ - [main.py:69] - INFO - Initial Map:
2026-05-24 21:43:35,985 - __main__ - [main.py:70] - INFO - Current position: (20, 20, 0), front direction: absDirection.NORTH
Layer 0 (altitude=0.0cm, offset=(0.0cm, 0.0cm)):
Known map area: x=20..20, y=20..20
+   +
  @ |
+---+
mazeAsGraph[0][20][20] = {absDirection.NORTH: (20, 19, 0), absDirection.EAST: None, absDirection.SOUTH: None, absDirection.WEST: (19, 20, 0)}
2026-05-24 21:43:35,986 - mazeUtils.mazeMap - [mazeMap.py:61] - INFO - next goal: (20, 19, 0)
2026-05-24 21:43:35,987 - __main__ - [main.py:73] - INFO - Next Direction: [<absDirection.NORTH: 0>]
2026-05-24 21:43:35,987 - __main__ - [main.py:74] - INFO - Exploration started.
2026-05-24 21:43:35,988 - mazeUtils.mazeMap - [mazeMap.py:61] - INFO - next goal: (20, 19, 0)
2026-05-24 21:43:35,999 - mazeUtils.moveTile - [moveTile.py:80] - DEBUG - Moving to absDirection.NORTH from (20, 20, 0) facing absDirection.NORTH
2026-05-24 21:43:36,028 - mazeUtils.moveTile - [moveTile.py:80] - DEBUG - current heading: 359.95000000000005 target: 0
2026-05-24 21:43:36,047 - mazeUtils.moveTile - [moveTile.py:387] - DEBUG - stopped turning at heading: 359.95000000000005, diff: 0.049999999999954525
2026-05-24 21:43:36,095 - mazeUtils.moveTile - [moveTile.py:80] - DEBUG - Turned to heading: 359.97 deg
2026-05-24 21:43:36,191 - picamera2.picamera2 - [picamera2.py:1391] - DEBUG - Execute job: <picamera2.job.Job object at 0x7f56f39250>
2026-05-24 21:43:36,200 - mazeUtils.device.camera - [camera.py:37] - DEBUG - Average HSV: H=13.3, S=52.1, V=211.7
2026-05-24 21:43:36,228 - mazeUtils.moveTile - [moveTile.py:80] - DEBUG - roll: 359.73999999999995 deg, practicalMoveTime: 0.04687594786934971 sec
2026-05-24 21:43:36,229 - mazeUtils.moveTile - [moveTile.py:1116] - DEBUG - moveTile loop time: 45.9 ms
2026-05-24 21:43:36,242 - picamera2.picamera2 - [picamera2.py:1391] - DEBUG - Execute job: <picamera2.job.Job object at 0x7f56caecd0>
2026-05-24 21:43:36,248 - mazeUtils.device.camera - [camera.py:37] - DEBUG - Average HSV: H=13.3, S=51.3, V=212.4
2026-05-24 21:43:36,285 - mazeUtils.moveTile - [moveTile.py:80] - DEBUG - roll: 359.96999999999997 deg, practicalMoveTime: 0.10295747361382132 sec
2026-05-24 21:43:36,285 - mazeUtils.moveTile - [moveTile.py:1116] - DEBUG - moveTile loop time: 55.1 ms
2026-05-24 21:43:36,292 - picamera2.picamera2 - [picamera2.py:1391] - DEBUG - Execute job: <picamera2.job.Job object at 0x7f56fb2ed0>
2026-05-24 21:43:36,296 - mazeUtils.device.camera - [camera.py:37] - DEBUG - Average HSV: H=13.4, S=51.7, V=213.0
2026-05-24 21:43:36,325 - mazeUtils.moveTile - [moveTile.py:80] - DEBUG - roll: 0.17999999999994998 deg, practicalMoveTime: 0.13875577508208387 sec
2026-05-24 21:43:36,326 - mazeUtils.moveTile - [moveTile.py:1116] - DEBUG - moveTile loop time: 40.0 ms
2026-05-24 21:43:36,331 - picamera2.picamera2 - [picamera2.py:1391] - DEBUG - Execute job: <picamera2.job.Job object at 0x7f56fb2ed0>
2026-05-24 21:43:36,335 - mazeUtils.device.camera - [camera.py:37] - DEBUG - Average HSV: H=13.5, S=51.7, V=213.4
2026-05-24 21:43:36,362 - mazeUtils.moveTile - [moveTile.py:80] - DEBUG - roll: 359.59999999999997 deg, practicalMoveTime: 0.1748176136968425 sec
2026-05-24 21:43:36,362 - mazeUtils.moveTile - [moveTile.py:1116] - DEBUG - moveTile loop time: 36.4 ms
2026-05-24 21:43:36,372 - picamera2.picamera2 - [picamera2.py:1391] - DEBUG - Execute job: <picamera2.job.Job object at 0x7f56fb2ed0>
2026-05-24 21:43:36,375 - mazeUtils.device.camera - [camera.py:37] - DEBUG - Average HSV: H=13.6, S=50.2, V=214.4
2026-05-24 21:43:36,413 - mazeUtils.moveTile - [moveTile.py:80] - DEBUG - roll: 359.77 deg, practicalMoveTime: 0.22584855362060394 sec
2026-05-24 21:43:36,414 - mazeUtils.moveTile - [moveTile.py:1116] - DEBUG - moveTile loop time: 51.3 ms
2026-05-24 21:43:36,419 - picamera2.picamera2 - [picamera2.py:1391] - DEBUG - Execute job: <picamera2.job.Job object at 0x7f56caea50>
2026-05-24 21:43:36,422 - mazeUtils.device.camera - [camera.py:37] - DEBUG - Average HSV: H=14.0, S=49.3, V=215.2
2026-05-24 21:43:36,447 - mazeUtils.moveTile - [moveTile.py:80] - DEBUG - roll: 0.12999999999999545 deg, practicalMoveTime: 0.25530835957292586 sec
2026-05-24 21:43:36,447 - mazeUtils.moveTile - [moveTile.py:1116] - DEBUG - moveTile loop time: 33.1 ms
2026-05-24 21:43:36,451 - picamera2.picamera2 - [picamera2.py:1391] - DEBUG - Execute job: <picamera2.job.Job object at 0x7f56fbfa90>
2026-05-24 21:43:36,455 - mazeUtils.device.camera - [camera.py:37] - DEBUG - Average HSV: H=14.1, S=49.9, V=215.1
2026-05-24 21:43:36,482 - mazeUtils.moveTile - [moveTile.py:80] - DEBUG - roll: 0.07999999999998408 deg, practicalMoveTime: 0.28654769565292615 sec
2026-05-24 21:43:36,482 - mazeUtils.moveTile - [moveTile.py:1116] - DEBUG - moveTile loop time: 34.7 ms
2026-05-24 21:43:36,487 - picamera2.picamera2 - [picamera2.py:1391] - DEBUG - Execute job: <picamera2.job.Job object at 0x7f70a8a150>
2026-05-24 21:43:36,492 - mazeUtils.device.camera - [camera.py:37] - DEBUG - Average HSV: H=14.4, S=50.6, V=215.6
2026-05-24 21:43:36,519 - mazeUtils.moveTile - [moveTile.py:80] - DEBUG - roll: 0.07999999999998408 deg, practicalMoveTime: 0.31971264135185906 sec
2026-05-24 21:43:36,520 - mazeUtils.moveTile - [moveTile.py:1116] - DEBUG - moveTile loop time: 37.1 ms
2026-05-24 21:43:36,530 - picamera2.picamera2 - [picamera2.py:1391] - DEBUG - Execute job: <picamera2.job.Job object at 0x7f7bdd3550>
2026-05-24 21:43:36,534 - mazeUtils.device.camera - [camera.py:37] - DEBUG - Average HSV: H=14.6, S=51.3, V=216.2
2026-05-24 21:43:36,564 - mazeUtils.moveTile - [moveTile.py:80] - DEBUG - roll: 359.73999999999995 deg, practicalMoveTime: 0.3644850437562303 sec
2026-05-24 21:43:36,565 - mazeUtils.moveTile - [moveTile.py:1116] - DEBUG - moveTile loop time: 45.1 ms
2026-05-24 21:43:36,574 - picamera2.picamera2 - [picamera2.py:1391] - DEBUG - Execute job: <picamera2.job.Job object at 0x7f56fb2ed0>
2026-05-24 21:43:36,578 - mazeUtils.device.camera - [camera.py:37] - DEBUG - Average HSV: H=14.6, S=51.7, V=217.2
2026-05-24 21:43:36,604 - mazeUtils.moveTile - [moveTile.py:80] - DEBUG - roll: 0.25 deg, practicalMoveTime: 0.3993233885697766 sec
2026-05-24 21:43:36,604 - mazeUtils.moveTile - [moveTile.py:1116] - DEBUG - moveTile loop time: 39.2 ms
2026-05-24 21:43:36,610 - picamera2.picamera2 - [picamera2.py:1391] - DEBUG - Execute job: <picamera2.job.Job object at 0x7f7bdd3550>
2026-05-24 21:43:36,613 - mazeUtils.device.camera - [camera.py:37] - DEBUG - Average HSV: H=14.6, S=52.0, V=216.8
2026-05-24 21:43:36,646 - mazeUtils.moveTile - [moveTile.py:80] - DEBUG - roll: 0.060000000000002274 deg, practicalMoveTime: 0.43653869638074416 sec
2026-05-24 21:43:36,646 - mazeUtils.moveTile - [moveTile.py:1116] - DEBUG - moveTile loop time: 41.2 ms
2026-05-24 21:43:36,652 - picamera2.picamera2 - [picamera2.py:1391] - DEBUG - Execute job: <picamera2.job.Job object at 0x7f56fbf990>
2026-05-24 21:43:36,656 - mazeUtils.device.camera - [camera.py:37] - DEBUG - Average HSV: H=14.4, S=52.0, V=216.7
2026-05-24 21:43:36,683 - mazeUtils.moveTile - [moveTile.py:80] - DEBUG - roll: 359.95 deg, practicalMoveTime: 0.4733488420477028 sec
2026-05-24 21:43:36,683 - mazeUtils.moveTile - [moveTile.py:1116] - DEBUG - moveTile loop time: 37.1 ms
2026-05-24 21:43:36,689 - picamera2.picamera2 - [picamera2.py:1391] - DEBUG - Execute job: <picamera2.job.Job object at 0x7f56fb2e90>
2026-05-24 21:43:36,692 - mazeUtils.device.camera - [camera.py:37] - DEBUG - Average HSV: H=14.4, S=51.8, V=217.0
2026-05-24 21:43:36,719 - mazeUtils.moveTile - [moveTile.py:80] - DEBUG - roll: 0.0 deg, practicalMoveTime: 0.5049823860159035 sec
2026-05-24 21:43:36,719 - mazeUtils.moveTile - [moveTile.py:1116] - DEBUG - moveTile loop time: 35.4 ms
2026-05-24 21:43:36,723 - picamera2.picamera2 - [picamera2.py:1391] - DEBUG - Execute job: <picamera2.job.Job object at 0x7f56fbfa90>
2026-05-24 21:43:36,727 - mazeUtils.device.camera - [camera.py:37] - DEBUG - Average HSV: H=14.5, S=52.8, V=216.8
2026-05-24 21:43:36,753 - mazeUtils.moveTile - [moveTile.py:80] - DEBUG - roll: 359.84 deg, practicalMoveTime: 0.538477681591851 sec
2026-05-24 21:43:36,753 - mazeUtils.moveTile - [moveTile.py:1116] - DEBUG - moveTile loop time: 33.7 ms
2026-05-24 21:43:36,757 - picamera2.picamera2 - [picamera2.py:1391] - DEBUG - Execute job: <picamera2.job.Job object at 0x7f56f39250>
2026-05-24 21:43:36,760 - mazeUtils.device.camera - [camera.py:37] - DEBUG - Average HSV: H=14.4, S=52.4, V=216.9
2026-05-24 21:43:36,788 - mazeUtils.moveTile - [moveTile.py:80] - DEBUG - roll: 359.97999999999996 deg, practicalMoveTime: 0.5730149948563699 sec
2026-05-24 21:43:36,788 - mazeUtils.moveTile - [moveTile.py:1116] - DEBUG - moveTile loop time: 34.8 ms
2026-05-24 21:43:36,794 - picamera2.picamera2 - [picamera2.py:1391] - DEBUG - Execute job: <picamera2.job.Job object at 0x7f56fbf990>
2026-05-24 21:43:36,797 - mazeUtils.device.camera - [camera.py:37] - DEBUG - Average HSV: H=14.4, S=51.5, V=217.7
2026-05-24 21:43:36,826 - mazeUtils.moveTile - [moveTile.py:80] - DEBUG - roll: 0.12999999999999545 deg, practicalMoveTime: 0.606909231914507 sec
2026-05-24 21:43:36,826 - mazeUtils.moveTile - [moveTile.py:1116] - DEBUG - moveTile loop time: 37.9 ms
2026-05-24 21:43:36,833 - picamera2.picamera2 - [picamera2.py:1391] - DEBUG - Execute job: <picamera2.job.Job object at 0x7f70a89910>
2026-05-24 21:43:36,836 - mazeUtils.device.camera - [camera.py:37] - DEBUG - Average HSV: H=14.4, S=50.6, V=218.1
2026-05-24 21:43:36,863 - mazeUtils.moveTile - [moveTile.py:80] - DEBUG - roll: 0.20999999999997954 deg, practicalMoveTime: 0.6400930843790208 sec
2026-05-24 21:43:36,864 - mazeUtils.moveTile - [moveTile.py:1116] - DEBUG - moveTile loop time: 37.3 ms
2026-05-24 21:43:36,870 - picamera2.picamera2 - [picamera2.py:1391] - DEBUG - Execute job: <picamera2.job.Job object at 0x7f56fb2e90>
2026-05-24 21:43:36,873 - mazeUtils.device.camera - [camera.py:37] - DEBUG - Average HSV: H=14.4, S=48.3, V=219.0
2026-05-24 21:43:36,906 - mazeUtils.moveTile - [moveTile.py:80] - DEBUG - roll: 359.92999999999995 deg, practicalMoveTime: 0.6821572428968752 sec
2026-05-24 21:43:36,906 - mazeUtils.moveTile - [moveTile.py:1116] - DEBUG - moveTile loop time: 42.3 ms
2026-05-24 21:43:36,912 - picamera2.picamera2 - [picamera2.py:1391] - DEBUG - Execute job: <picamera2.job.Job object at 0x7f56fb2e90>
2026-05-24 21:43:36,916 - mazeUtils.device.camera - [camera.py:37] - DEBUG - Average HSV: H=14.4, S=47.4, V=219.9
2026-05-24 21:43:36,947 - mazeUtils.moveTile - [moveTile.py:80] - DEBUG - roll: 0.19999999999998863 deg, practicalMoveTime: 0.7189524202998782 sec
2026-05-24 21:43:36,948 - mazeUtils.moveTile - [moveTile.py:1116] - DEBUG - moveTile loop time: 41.3 ms
2026-05-24 21:43:36,954 - picamera2.picamera2 - [picamera2.py:1391] - DEBUG - Execute job: <picamera2.job.Job object at 0x7f56caea50>
2026-05-24 21:43:36,957 - mazeUtils.device.camera - [camera.py:37] - DEBUG - Average HSV: H=14.5, S=48.1, V=220.1
2026-05-24 21:43:36,990 - mazeUtils.moveTile - [moveTile.py:80] - DEBUG - roll: 0.6199999999999477 deg, practicalMoveTime: 0.7563443016183901 sec
2026-05-24 21:43:36,990 - mazeUtils.moveTile - [moveTile.py:1116] - DEBUG - moveTile loop time: 42.2 ms
2026-05-24 21:43:36,997 - picamera2.picamera2 - [picamera2.py:1391] - DEBUG - Execute job: <picamera2.job.Job object at 0x7f56caeb90>
2026-05-24 21:43:37,000 - mazeUtils.device.camera - [camera.py:37] - DEBUG - Average HSV: H=14.6, S=49.1, V=219.8
2026-05-24 21:43:37,032 - mazeUtils.moveTile - [moveTile.py:80] - DEBUG - roll: 0.3699999999999477 deg, practicalMoveTime: 0.7936182903709432 sec
2026-05-24 21:43:37,033 - mazeUtils.moveTile - [moveTile.py:1116] - DEBUG - moveTile loop time: 41.7 ms
2026-05-24 21:43:37,039 - picamera2.picamera2 - [picamera2.py:1391] - DEBUG - Execute job: <picamera2.job.Job object at 0x7f56fbfa90>
2026-05-24 21:43:37,042 - mazeUtils.device.camera - [camera.py:37] - DEBUG - Average HSV: H=14.6, S=49.6, V=219.8
2026-05-24 21:43:37,073 - mazeUtils.moveTile - [moveTile.py:80] - DEBUG - roll: 0.13999999999998636 deg, practicalMoveTime: 0.8297456067616902 sec
2026-05-24 21:43:37,073 - mazeUtils.moveTile - [moveTile.py:1116] - DEBUG - moveTile loop time: 40.5 ms
2026-05-24 21:43:37,080 - picamera2.picamera2 - [picamera2.py:1391] - DEBUG - Execute job: <picamera2.job.Job object at 0x7f56fb2ed0>
2026-05-24 21:43:37,084 - mazeUtils.device.camera - [camera.py:37] - DEBUG - Average HSV: H=14.2, S=48.3, V=220.4
2026-05-24 21:43:37,115 - mazeUtils.moveTile - [moveTile.py:80] - DEBUG - roll: 0.47999999999996135 deg, practicalMoveTime: 0.8674623646435831 sec
2026-05-24 21:43:37,116 - mazeUtils.moveTile - [moveTile.py:1116] - DEBUG - moveTile loop time: 42.1 ms
2026-05-24 21:43:37,123 - picamera2.picamera2 - [picamera2.py:1391] - DEBUG - Execute job: <picamera2.job.Job object at 0x7f56caea50>
2026-05-24 21:43:37,126 - mazeUtils.device.camera - [camera.py:37] - DEBUG - Average HSV: H=14.3, S=48.0, V=220.8
2026-05-24 21:43:37,158 - mazeUtils.moveTile - [moveTile.py:80] - DEBUG - roll: 0.3299999999999841 deg, practicalMoveTime: 0.9050978535637938 sec
2026-05-24 21:43:37,158 - mazeUtils.moveTile - [moveTile.py:1116] - DEBUG - moveTile loop time: 42.4 ms
2026-05-24 21:43:37,165 - picamera2.picamera2 - [picamera2.py:1391] - DEBUG - Execute job: <picamera2.job.Job object at 0x7f56f39250>
2026-05-24 21:43:37,168 - mazeUtils.device.camera - [camera.py:37] - DEBUG - Average HSV: H=14.3, S=47.7, V=221.2
2026-05-24 21:43:37,202 - mazeUtils.moveTile - [moveTile.py:80] - DEBUG - roll: 0.5799999999999841 deg, practicalMoveTime: 0.9441885105542186 sec
2026-05-24 21:43:37,202 - mazeUtils.moveTile - [moveTile.py:1116] - DEBUG - moveTile loop time: 43.6 ms
2026-05-24 21:43:37,207 - picamera2.picamera2 - [picamera2.py:1391] - DEBUG - Execute job: <picamera2.job.Job object at 0x7f56caea50>
2026-05-24 21:43:37,210 - mazeUtils.device.camera - [camera.py:37] - DEBUG - Average HSV: H=14.4, S=48.2, V=221.0
2026-05-24 21:43:37,243 - mazeUtils.moveTile - [moveTile.py:80] - DEBUG - roll: 0.4199999999999591 deg, practicalMoveTime: 0.9806078535090229 sec
2026-05-24 21:43:37,243 - mazeUtils.moveTile - [moveTile.py:1116] - DEBUG - moveTile loop time: 40.7 ms
2026-05-24 21:43:37,248 - picamera2.picamera2 - [picamera2.py:1391] - DEBUG - Execute job: <picamera2.job.Job object at 0x7f56caecd0>
2026-05-24 21:43:37,252 - mazeUtils.device.camera - [camera.py:37] - DEBUG - Average HSV: H=14.4, S=48.2, V=221.3
2026-05-24 21:43:37,281 - mazeUtils.moveTile - [moveTile.py:80] - DEBUG - roll: 0.3299999999999841 deg, practicalMoveTime: 1.0145855137342 sec
2026-05-24 21:43:37,281 - mazeUtils.moveTile - [moveTile.py:1116] - DEBUG - moveTile loop time: 38.0 ms
2026-05-24 21:43:37,292 - picamera2.picamera2 - [picamera2.py:1391] - DEBUG - Execute job: <picamera2.job.Job object at 0x7f56fbf990>
2026-05-24 21:43:37,295 - mazeUtils.device.camera - [camera.py:37] - DEBUG - Average HSV: H=14.4, S=48.4, V=221.6
2026-05-24 21:43:37,331 - mazeUtils.moveTile - [moveTile.py:80] - DEBUG - roll: 0.4199999999999591 deg, practicalMoveTime: 1.0589077195742074 sec
2026-05-24 21:43:37,331 - mazeUtils.moveTile - [moveTile.py:1116] - DEBUG - moveTile loop time: 49.6 ms
2026-05-24 21:43:37,336 - picamera2.picamera2 - [picamera2.py:1391] - DEBUG - Execute job: <picamera2.job.Job object at 0x7f56fbfad0>
2026-05-24 21:43:37,339 - mazeUtils.device.camera - [camera.py:37] - DEBUG - Average HSV: H=14.2, S=48.5, V=221.9
2026-05-24 21:43:37,366 - mazeUtils.moveTile - [moveTile.py:80] - DEBUG - roll: 1.0 deg, practicalMoveTime: 1.0898855189827248 sec
2026-05-24 21:43:37,366 - mazeUtils.moveTile - [moveTile.py:1116] - DEBUG - moveTile loop time: 34.8 ms
2026-05-24 21:43:37,373 - picamera2.picamera2 - [picamera2.py:1391] - DEBUG - Execute job: <picamera2.job.Job object at 0x7f7bdd3550>
2026-05-24 21:43:37,376 - mazeUtils.device.camera - [camera.py:37] - DEBUG - Average HSV: H=13.9, S=48.1, V=221.9
2026-05-24 21:43:37,403 - mazeUtils.moveTile - [moveTile.py:80] - DEBUG - roll: 0.6499999999999773 deg, practicalMoveTime: 1.1229423687732247 sec
2026-05-24 21:43:37,404 - mazeUtils.moveTile - [moveTile.py:1116] - DEBUG - moveTile loop time: 36.9 ms
2026-05-24 21:43:37,408 - picamera2.picamera2 - [picamera2.py:1391] - DEBUG - Execute job: <picamera2.job.Job object at 0x7f56caecd0>
2026-05-24 21:43:37,411 - mazeUtils.device.camera - [camera.py:37] - DEBUG - Average HSV: H=13.6, S=48.1, V=221.7
2026-05-24 21:43:37,436 - mazeUtils.moveTile - [moveTile.py:80] - DEBUG - roll: 0.44999999999998863 deg, practicalMoveTime: 1.1519604003816655 sec
2026-05-24 21:43:37,436 - mazeUtils.moveTile - [moveTile.py:1116] - DEBUG - moveTile loop time: 32.5 ms
2026-05-24 21:43:37,444 - picamera2.picamera2 - [picamera2.py:1391] - DEBUG - Execute job: <picamera2.job.Job object at 0x7f56fb2e90>
2026-05-24 21:43:37,447 - mazeUtils.device.camera - [camera.py:37] - DEBUG - Average HSV: H=13.7, S=48.4, V=221.8
2026-05-24 21:43:37,476 - mazeUtils.moveTile - [moveTile.py:80] - DEBUG - roll: 0.45999999999997954 deg, practicalMoveTime: 1.1876905644331164 sec
2026-05-24 21:43:37,477 - mazeUtils.moveTile - [moveTile.py:1116] - DEBUG - moveTile loop time: 40.0 ms
2026-05-24 21:43:37,485 - picamera2.picamera2 - [picamera2.py:1391] - DEBUG - Execute job: <picamera2.job.Job object at 0x7f70a2e0d0>
2026-05-24 21:43:37,488 - mazeUtils.device.camera - [camera.py:37] - DEBUG - Average HSV: H=13.7, S=48.1, V=222.1
2026-05-24 21:43:37,516 - mazeUtils.moveTile - [moveTile.py:80] - DEBUG - roll: 0.5499999999999545 deg, practicalMoveTime: 1.2233929838078552 sec
2026-05-24 21:43:37,517 - mazeUtils.moveTile - [moveTile.py:1116] - DEBUG - moveTile loop time: 40.0 ms
2026-05-24 21:43:37,523 - picamera2.picamera2 - [picamera2.py:1391] - DEBUG - Execute job: <picamera2.job.Job object at 0x7f56caea50>
2026-05-24 21:43:37,526 - mazeUtils.device.camera - [camera.py:37] - DEBUG - Average HSV: H=13.7, S=47.2, V=222.4
2026-05-24 21:43:37,554 - mazeUtils.moveTile - [moveTile.py:80] - DEBUG - roll: 1.2799999999999727 deg, practicalMoveTime: 1.2566348518062977 sec
2026-05-24 21:43:37,554 - mazeUtils.moveTile - [moveTile.py:1116] - DEBUG - moveTile loop time: 37.1 ms
2026-05-24 21:43:37,563 - picamera2.picamera2 - [picamera2.py:1391] - DEBUG - Execute job: <picamera2.job.Job object at 0x7f70a8a150>
2026-05-24 21:43:37,567 - mazeUtils.device.camera - [camera.py:37] - DEBUG - Average HSV: H=13.7, S=46.0, V=222.9
2026-05-24 21:43:37,596 - mazeUtils.moveTile - [moveTile.py:80] - DEBUG - roll: 1.509999999999991 deg, practicalMoveTime: 1.294303155460264 sec
2026-05-24 21:43:37,597 - mazeUtils.moveTile - [moveTile.py:1116] - DEBUG - moveTile loop time: 42.5 ms
2026-05-24 21:43:37,606 - picamera2.picamera2 - [picamera2.py:1391] - DEBUG - Execute job: <picamera2.job.Job object at 0x7f56f39250>
2026-05-24 21:43:37,609 - mazeUtils.device.camera - [camera.py:37] - DEBUG - Average HSV: H=13.6, S=45.5, V=223.5
2026-05-24 21:43:37,639 - mazeUtils.moveTile - [moveTile.py:80] - DEBUG - roll: 1.0199999999999818 deg, practicalMoveTime: 1.3322104940855304 sec
2026-05-24 21:43:37,640 - mazeUtils.moveTile - [moveTile.py:1116] - DEBUG - moveTile loop time: 42.4 ms
2026-05-24 21:43:37,646 - picamera2.picamera2 - [picamera2.py:1391] - DEBUG - Execute job: <picamera2.job.Job object at 0x7f70a89910>
2026-05-24 21:43:37,649 - mazeUtils.device.camera - [camera.py:37] - DEBUG - Average HSV: H=13.6, S=45.3, V=223.5
2026-05-24 21:43:37,678 - mazeUtils.moveTile - [moveTile.py:80] - DEBUG - roll: 0.18999999999999773 deg, practicalMoveTime: 1.3663535396537012 sec
2026-05-24 21:43:37,678 - mazeUtils.moveTile - [moveTile.py:1116] - DEBUG - moveTile loop time: 38.1 ms
2026-05-24 21:43:37,683 - picamera2.picamera2 - [picamera2.py:1391] - DEBUG - Execute job: <picamera2.job.Job object at 0x7f56fbf990>
2026-05-24 21:43:37,687 - mazeUtils.device.camera - [camera.py:37] - DEBUG - Average HSV: H=13.6, S=45.3, V=224.0
2026-05-24 21:43:37,717 - mazeUtils.moveTile - [moveTile.py:80] - DEBUG - roll: 0.8899999999999864 deg, practicalMoveTime: 1.4015049047053787 sec
2026-05-24 21:43:37,718 - mazeUtils.moveTile - [moveTile.py:1116] - DEBUG - moveTile loop time: 39.3 ms
2026-05-24 21:43:37,721 - picamera2.picamera2 - [picamera2.py:1391] - DEBUG - Execute job: <picamera2.job.Job object at 0x7f7bdd3550>
2026-05-24 21:43:37,725 - mazeUtils.device.camera - [camera.py:37] - DEBUG - Average HSV: H=13.7, S=45.2, V=224.3
2026-05-24 21:43:37,757 - mazeUtils.moveTile - [moveTile.py:80] - DEBUG - roll: 1.0199999999999818 deg, practicalMoveTime: 1.4364210887306788 sec
2026-05-24 21:43:37,757 - mazeUtils.moveTile - [moveTile.py:1116] - DEBUG - moveTile loop time: 39.1 ms
2026-05-24 21:43:37,761 - picamera2.picamera2 - [picamera2.py:1391] - DEBUG - Execute job: <picamera2.job.Job object at 0x7f70a89910>
2026-05-24 21:43:37,764 - mazeUtils.device.camera - [camera.py:37] - DEBUG - Average HSV: H=13.7, S=45.1, V=224.5
2026-05-24 21:43:37,796 - mazeUtils.moveTile - [moveTile.py:80] - DEBUG - roll: 0.6999999999999886 deg, practicalMoveTime: 1.4719478360777254 sec
2026-05-24 21:43:37,797 - mazeUtils.moveTile - [moveTile.py:1116] - DEBUG - moveTile loop time: 39.8 ms
2026-05-24 21:43:37,804 - picamera2.picamera2 - [picamera2.py:1391] - DEBUG - Execute job: <picamera2.job.Job object at 0x7f56caecd0>
2026-05-24 21:43:37,807 - mazeUtils.device.camera - [camera.py:37] - DEBUG - Average HSV: H=13.7, S=45.2, V=224.3
2026-05-24 21:43:37,840 - mazeUtils.moveTile - [moveTile.py:80] - DEBUG - roll: 0.14999999999997726 deg, practicalMoveTime: 1.5102771152779597 sec
2026-05-24 21:43:37,840 - mazeUtils.moveTile - [moveTile.py:1116] - DEBUG - moveTile loop time: 42.9 ms
2026-05-24 21:43:37,847 - picamera2.picamera2 - [picamera2.py:1391] - DEBUG - Execute job: <picamera2.job.Job object at 0x7f70a2e0d0>
2026-05-24 21:43:37,850 - mazeUtils.device.camera - [camera.py:37] - DEBUG - Average HSV: H=13.6, S=43.8, V=225.0
2026-05-24 21:43:37,887 - mazeUtils.moveTile - [moveTile.py:80] - DEBUG - roll: 1.0299999999999727 deg, practicalMoveTime: 1.5527954878099808 sec
2026-05-24 21:43:37,888 - mazeUtils.moveTile - [moveTile.py:1116] - DEBUG - moveTile loop time: 47.5 ms
2026-05-24 21:43:37,894 - picamera2.picamera2 - [picamera2.py:1391] - DEBUG - Execute job: <picamera2.job.Job object at 0x7f7bdd3550>
2026-05-24 21:43:37,897 - mazeUtils.device.camera - [camera.py:37] - DEBUG - Average HSV: H=13.5, S=43.1, V=225.7
2026-05-24 21:43:37,924 - mazeUtils.moveTile - [moveTile.py:80] - DEBUG - roll: 0.8199999999999932 deg, practicalMoveTime: 1.5857122624256044 sec
2026-05-24 21:43:37,925 - mazeUtils.moveTile - [moveTile.py:1116] - DEBUG - moveTile loop time: 36.9 ms
2026-05-24 21:43:37,932 - picamera2.picamera2 - [picamera2.py:1391] - DEBUG - Execute job: <picamera2.job.Job object at 0x7f56f39250>
2026-05-24 21:43:37,935 - mazeUtils.device.camera - [camera.py:37] - DEBUG - Average HSV: H=13.5, S=42.9, V=226.0
2026-05-24 21:43:37,966 - mazeUtils.moveTile - [moveTile.py:80] - DEBUG - roll: 0.47999999999996135 deg, practicalMoveTime: 1.6225527197301264 sec
2026-05-24 21:43:37,966 - mazeUtils.moveTile - [moveTile.py:1116] - DEBUG - moveTile loop time: 41.3 ms
2026-05-24 21:43:37,972 - picamera2.picamera2 - [picamera2.py:1391] - DEBUG - Execute job: <picamera2.job.Job object at 0x7f7bdd3550>
2026-05-24 21:43:37,975 - mazeUtils.device.camera - [camera.py:37] - DEBUG - Average HSV: H=13.6, S=42.7, V=226.1
2026-05-24 21:43:38,006 - mazeUtils.moveTile - [moveTile.py:80] - DEBUG - roll: 0.5699999999999932 deg, practicalMoveTime: 1.6579428236149487 sec
2026-05-24 21:43:38,006 - mazeUtils.moveTile - [moveTile.py:1116] - DEBUG - moveTile loop time: 39.6 ms
2026-05-24 21:43:38,013 - picamera2.picamera2 - [picamera2.py:1391] - DEBUG - Execute job: <picamera2.job.Job object at 0x7f56caeb90>
2026-05-24 21:43:38,016 - mazeUtils.device.camera - [camera.py:37] - DEBUG - Average HSV: H=13.4, S=42.4, V=224.9
2026-05-24 21:43:38,048 - mazeUtils.moveTile - [moveTile.py:80] - DEBUG - roll: 0.6999999999999886 deg, practicalMoveTime: 1.6952905476844926 sec
2026-05-24 21:43:38,048 - mazeUtils.moveTile - [moveTile.py:1116] - DEBUG - moveTile loop time: 41.8 ms
2026-05-24 21:43:38,052 - picamera2.picamera2 - [picamera2.py:1391] - DEBUG - Execute job: <picamera2.job.Job object at 0x7f56caecd0>
2026-05-24 21:43:38,055 - mazeUtils.device.camera - [camera.py:37] - DEBUG - Average HSV: H=13.2, S=41.2, V=225.5
2026-05-24 21:43:38,090 - mazeUtils.moveTile - [moveTile.py:80] - DEBUG - roll: 0.5799999999999841 deg, practicalMoveTime: 1.7332749037860262 sec
2026-05-24 21:43:38,091 - mazeUtils.moveTile - [moveTile.py:1116] - DEBUG - moveTile loop time: 42.5 ms
2026-05-24 21:43:38,096 - picamera2.picamera2 - [picamera2.py:1391] - DEBUG - Execute job: <picamera2.job.Job object at 0x7f56fbfad0>
2026-05-24 21:43:38,099 - mazeUtils.device.camera - [camera.py:37] - DEBUG - Average HSV: H=13.2, S=41.9, V=225.3
2026-05-24 21:43:38,124 - mazeUtils.moveTile - [moveTile.py:80] - DEBUG - roll: 0.9400000000000546 deg, practicalMoveTime: 1.7631637784967127 sec
2026-05-24 21:43:38,124 - mazeUtils.moveTile - [moveTile.py:1116] - DEBUG - moveTile loop time: 33.5 ms
2026-05-24 21:43:38,132 - picamera2.picamera2 - [picamera2.py:1391] - DEBUG - Execute job: <picamera2.job.Job object at 0x7f70a2e0d0>
2026-05-24 21:43:38,136 - mazeUtils.device.camera - [camera.py:37] - DEBUG - Average HSV: H=13.3, S=42.9, V=225.6
2026-05-24 21:43:38,166 - mazeUtils.moveTile - [moveTile.py:80] - DEBUG - roll: 0.8100000000000023 deg, practicalMoveTime: 1.800530511323643 sec
2026-05-24 21:43:38,167 - mazeUtils.moveTile - [moveTile.py:1116] - DEBUG - moveTile loop time: 42.2 ms
2026-05-24 21:43:38,174 - picamera2.picamera2 - [picamera2.py:1391] - DEBUG - Execute job: <picamera2.job.Job object at 0x7f70a8a150>
2026-05-24 21:43:38,178 - mazeUtils.device.camera - [camera.py:37] - DEBUG - Average HSV: H=13.4, S=43.3, V=226.0
2026-05-24 21:43:38,209 - mazeUtils.moveTile - [moveTile.py:80] - DEBUG - roll: 0.6899999999999977 deg, practicalMoveTime: 1.8379937483705826 sec
2026-05-24 21:43:38,209 - mazeUtils.moveTile - [moveTile.py:1116] - DEBUG - moveTile loop time: 42.0 ms
2026-05-24 21:43:38,213 - picamera2.picamera2 - [picamera2.py:1391] - DEBUG - Execute job: <picamera2.job.Job object at 0x7f56fbf990>
2026-05-24 21:43:38,217 - mazeUtils.device.camera - [camera.py:37] - DEBUG - Average HSV: H=13.5, S=43.7, V=226.3
2026-05-24 21:43:38,242 - mazeUtils.moveTile - [moveTile.py:80] - DEBUG - roll: 0.67999999999995 deg, practicalMoveTime: 1.8675968135997123 sec
2026-05-24 21:43:38,243 - mazeUtils.moveTile - [moveTile.py:1116] - DEBUG - moveTile loop time: 33.0 ms
2026-05-24 21:43:38,248 - picamera2.picamera2 - [picamera2.py:1391] - DEBUG - Execute job: <picamera2.job.Job object at 0x7f56f39250>
2026-05-24 21:43:38,251 - mazeUtils.device.camera - [camera.py:37] - DEBUG - Average HSV: H=13.5, S=43.8, V=226.7
2026-05-24 21:43:38,347 - mazeUtils.moveTile - [moveTile.py:511] - DEBUG - Direction: absDirection.NORTH, Angle: 0, Distance: 52.55713606815962 cm
2026-05-24 21:43:38,349 - mazeUtils.moveTile - [moveTile.py:511] - DEBUG - Direction: absDirection.EAST, Angle: 270, Distance: 23.96839746095862 cm
2026-05-24 21:43:38,350 - mazeUtils.moveTile - [moveTile.py:511] - DEBUG - Direction: absDirection.SOUTH, Angle: 180, Distance: 51.895104348287155 cm
2026-05-24 21:43:38,352 - mazeUtils.moveTile - [moveTile.py:511] - DEBUG - Direction: absDirection.WEST, Angle: 90, Distance: 46.6368714694043 cm
2026-05-24 21:43:38,358 - mazeUtils.mazeMap - [mazeMap.py:323] - DEBUG - Silver tile detected, saving cache
2026-05-24 21:43:39,400 - mazeUtils.moveTile - [moveTile.py:1274] - INFO - Tile color detection counts: {}, decided tile type: V
2026-05-24 21:43:39,401 - mazeUtils.moveTile - [moveTile.py:1282] - INFO - Moved to (20, 19, 0), Tile type: V, Wall types: {<absDirection.NORTH: 0>: <wallType.NO_WALL: 1>, <absDirection.EAST: 270>: <wallType.NO_WALL: 1>, <absDirection.SOUTH: 180>: <wallType.NO_WALL: 1>, <absDirection.WEST: 90>: <wallType.NO_WALL: 1>}
2026-05-24 21:43:39,460 - __main__ - [main.py:84] - INFO - Current position: (20, 19, 0), front direction: absDirection.NORTH
Layer 0 (altitude=0.0cm, offset=(0.0cm, 0.0cm)):
Known map area: x=20..20, y=19..20
+   +
  @  
+   +
  S |
+---+
mazeAsGraph[0][19][20] = {absDirection.NORTH: (20, 18, 0), absDirection.EAST: (21, 19, 0), absDirection.SOUTH: (20, 20, 0), absDirection.WEST: (19, 19, 0)}
mazeAsGraph[0][20][20] = {absDirection.NORTH: (20, 19, 0), absDirection.EAST: None, absDirection.SOUTH: None, absDirection.WEST: (19, 20, 0)}
2026-05-24 21:43:39,475 - mazeUtils.mazeMap - [mazeMap.py:61] - INFO - next goal: (20, 18, 0)
2026-05-24 21:43:39,476 - mazeUtils.mazeMap - [mazeMap.py:61] - INFO - next goal: (20, 18, 0)
2026-05-24 21:43:39,487 - mazeUtils.moveTile - [moveTile.py:80] - DEBUG - Moving to absDirection.NORTH from (20, 19, 0) facing absDirection.NORTH
2026-05-24 21:43:39,517 - mazeUtils.moveTile - [moveTile.py:80] - DEBUG - current heading: 10.420000000000016 target: 0
2026-05-24 21:43:39,605 - mazeUtils.moveTile - [moveTile.py:387] - DEBUG - stopped turning at heading: 9.689999999999998, diff: 9.689999999999998
2026-05-24 21:43:40,607 - mazeUtils.moveTile - [moveTile.py:80] - DEBUG - Turned to heading: 0.09000000000003183 deg
2026-05-24 21:43:40,671 - picamera2.picamera2 - [picamera2.py:1391] - DEBUG - Execute job: <picamera2.job.Job object at 0x7f56ca0c50>
2026-05-24 21:43:40,676 - mazeUtils.device.camera - [camera.py:37] - DEBUG - Average HSV: H=13.3, S=41.6, V=226.8
2026-05-24 21:43:40,720 - mazeUtils.moveTile - [moveTile.py:80] - DEBUG - roll: 0.38999999999998636 deg, practicalMoveTime: 0.04797609764802637 sec
2026-05-24 21:43:40,720 - mazeUtils.moveTile - [moveTile.py:1116] - DEBUG - moveTile loop time: 53.4 ms
2026-05-24 21:43:40,726 - picamera2.picamera2 - [picamera2.py:1391] - DEBUG - Execute job: <picamera2.job.Job object at 0x7f55f92b10>
2026-05-24 21:43:40,732 - mazeUtils.device.camera - [camera.py:37] - DEBUG - Average HSV: H=13.5, S=41.6, V=227.2
2026-05-24 21:43:40,762 - mazeUtils.moveTile - [moveTile.py:80] - DEBUG - roll: 0.7099999999999795 deg, practicalMoveTime: 0.0858041418992104 sec
2026-05-24 21:43:40,763 - mazeUtils.moveTile - [moveTile.py:1116] - DEBUG - moveTile loop time: 42.4 ms
2026-05-24 21:43:40,769 - picamera2.picamera2 - [picamera2.py:1391] - DEBUG - Execute job: <picamera2.job.Job object at 0x7f55fc8a90>
2026-05-24 21:43:40,773 - mazeUtils.device.camera - [camera.py:37] - DEBUG - Average HSV: H=13.4, S=41.8, V=226.9
2026-05-24 21:43:40,808 - mazeUtils.moveTile - [moveTile.py:80] - DEBUG - roll: 0.39999999999997726 deg, practicalMoveTime: 0.1259981029438787 sec
2026-05-24 21:43:40,808 - mazeUtils.moveTile - [moveTile.py:1116] - DEBUG - moveTile loop time: 45.0 ms
2026-05-24 21:43:40,814 - picamera2.picamera2 - [picamera2.py:1391] - DEBUG - Execute job: <picamera2.job.Job object at 0x7f55fc8bd0>
2026-05-24 21:43:40,818 - mazeUtils.device.camera - [camera.py:37] - DEBUG - Average HSV: H=13.8, S=43.5, V=226.0
2026-05-24 21:43:40,848 - mazeUtils.moveTile - [moveTile.py:80] - DEBUG - roll: 359.96999999999997 deg, practicalMoveTime: 0.16546710121092126 sec
2026-05-24 21:43:40,849 - mazeUtils.moveTile - [moveTile.py:1116] - DEBUG - moveTile loop time: 40.0 ms
2026-05-24 21:43:40,855 - picamera2.picamera2 - [picamera2.py:1391] - DEBUG - Execute job: <picamera2.job.Job object at 0x7f55fc8b90>
2026-05-24 21:43:40,861 - mazeUtils.device.camera - [camera.py:37] - DEBUG - Average HSV: H=14.0, S=44.1, V=226.2
2026-05-24 21:43:40,889 - mazeUtils.moveTile - [moveTile.py:80] - DEBUG - roll: 0.2599999999999909 deg, practicalMoveTime: 0.20169178488414055 sec
2026-05-24 21:43:40,890 - mazeUtils.moveTile - [moveTile.py:1116] - DEBUG - moveTile loop time: 41.1 ms
2026-05-24 21:43:40,898 - picamera2.picamera2 - [picamera2.py:1391] - DEBUG - Execute job: <picamera2.job.Job object at 0x7f7195bc50>
2026-05-24 21:43:40,902 - mazeUtils.device.camera - [camera.py:37] - DEBUG - Average HSV: H=13.9, S=44.4, V=226.1
2026-05-24 21:43:40,932 - mazeUtils.moveTile - [moveTile.py:80] - DEBUG - roll: 0.1199999999999477 deg, practicalMoveTime: 0.23914091959149852 sec
2026-05-24 21:43:40,933 - mazeUtils.moveTile - [moveTile.py:1116] - DEBUG - moveTile loop time: 41.7 ms
2026-05-24 21:43:40,945 - picamera2.picamera2 - [picamera2.py:1391] - DEBUG - Execute job: <picamera2.job.Job object at 0x7f55f33810>
2026-05-24 21:43:40,950 - mazeUtils.device.camera - [camera.py:37] - DEBUG - Average HSV: H=14.0, S=43.9, V=226.3
2026-05-24 21:43:40,978 - mazeUtils.moveTile - [moveTile.py:80] - DEBUG - roll: 0.37999999999999545 deg, practicalMoveTime: 0.28029454213192956 sec
2026-05-24 21:43:40,979 - mazeUtils.moveTile - [moveTile.py:1116] - DEBUG - moveTile loop time: 45.9 ms
2026-05-24 21:43:40,988 - picamera2.picamera2 - [picamera2.py:1391] - DEBUG - Execute job: <picamera2.job.Job object at 0x7f7195bc50>
2026-05-24 21:43:40,993 - mazeUtils.device.camera - [camera.py:37] - DEBUG - Average HSV: H=14.0, S=45.0, V=225.9
2026-05-24 21:43:41,028 - mazeUtils.moveTile - [moveTile.py:80] - DEBUG - roll: 0.25 deg, practicalMoveTime: 0.32456837928648397 sec
2026-05-24 21:43:41,030 - mazeUtils.moveTile - [moveTile.py:1116] - DEBUG - moveTile loop time: 50.7 ms
2026-05-24 21:43:41,034 - picamera2.picamera2 - [picamera2.py:1391] - DEBUG - Execute job: <picamera2.job.Job object at 0x7f55fc8b90>
2026-05-24 21:43:41,039 - mazeUtils.device.camera - [camera.py:37] - DEBUG - Average HSV: H=14.0, S=45.2, V=226.1
2026-05-24 21:43:41,068 - mazeUtils.moveTile - [moveTile.py:80] - DEBUG - roll: 0.2899999999999636 deg, practicalMoveTime: 0.3585740624719265 sec
2026-05-24 21:43:41,069 - mazeUtils.moveTile - [moveTile.py:1116] - DEBUG - moveTile loop time: 38.4 ms
2026-05-24 21:43:41,074 - picamera2.picamera2 - [picamera2.py:1391] - DEBUG - Execute job: <picamera2.job.Job object at 0x7f7195bd50>
2026-05-24 21:43:41,078 - mazeUtils.device.camera - [camera.py:37] - DEBUG - Average HSV: H=14.0, S=45.2, V=226.0
2026-05-24 21:43:41,114 - mazeUtils.moveTile - [moveTile.py:80] - DEBUG - roll: 0.06999999999999318 deg, practicalMoveTime: 0.3993652813041113 sec
2026-05-24 21:43:41,115 - mazeUtils.moveTile - [moveTile.py:1116] - DEBUG - moveTile loop time: 45.3 ms
2026-05-24 21:43:41,122 - picamera2.picamera2 - [picamera2.py:1391] - DEBUG - Execute job: <picamera2.job.Job object at 0x7f55fc8a90>
2026-05-24 21:43:41,127 - mazeUtils.device.camera - [camera.py:37] - DEBUG - Average HSV: H=14.0, S=45.2, V=226.2
2026-05-24 21:43:41,157 - mazeUtils.moveTile - [moveTile.py:80] - DEBUG - roll: 0.1099999999999568 deg, practicalMoveTime: 0.4367470521640143 sec
2026-05-24 21:43:41,157 - mazeUtils.moveTile - [moveTile.py:1116] - DEBUG - moveTile loop time: 41.8 ms
2026-05-24 21:43:41,165 - picamera2.picamera2 - [picamera2.py:1391] - DEBUG - Execute job: <picamera2.job.Job object at 0x7f55f92b10>
2026-05-24 21:43:41,169 - mazeUtils.device.camera - [camera.py:37] - DEBUG - Average HSV: H=14.0, S=45.1, V=225.7
2026-05-24 21:43:41,198 - mazeUtils.moveTile - [moveTile.py:80] - DEBUG - roll: 0.17999999999994998 deg, practicalMoveTime: 0.4738291598198094 sec
2026-05-24 21:43:41,199 - mazeUtils.moveTile - [moveTile.py:1116] - DEBUG - moveTile loop time: 41.7 ms
2026-05-24 21:43:41,206 - picamera2.picamera2 - [picamera2.py:1391] - DEBUG - Execute job: <picamera2.job.Job object at 0x7f56ca0c50>
2026-05-24 21:43:41,211 - mazeUtils.device.camera - [camera.py:37] - DEBUG - Average HSV: H=13.9, S=44.5, V=226.3
2026-05-24 21:43:41,252 - mazeUtils.moveTile - [moveTile.py:80] - DEBUG - roll: 0.19999999999998863 deg, practicalMoveTime: 0.5210265241386609 sec
2026-05-24 21:43:41,253 - mazeUtils.moveTile - [moveTile.py:1116] - DEBUG - moveTile loop time: 52.9 ms
2026-05-24 21:43:41,260 - picamera2.picamera2 - [picamera2.py:1391] - DEBUG - Execute job: <picamera2.job.Job object at 0x7f55fc8b90>
2026-05-24 21:43:41,266 - mazeUtils.device.camera - [camera.py:37] - DEBUG - Average HSV: H=13.7, S=43.7, V=226.4
2026-05-24 21:43:41,299 - mazeUtils.moveTile - [moveTile.py:80] - DEBUG - roll: 1.92999999999995 deg, practicalMoveTime: 0.5627062814977858 sec
2026-05-24 21:43:41,300 - mazeUtils.moveTile - [moveTile.py:1116] - DEBUG - moveTile loop time: 45.2 ms
2026-05-24 21:43:41,305 - picamera2.picamera2 - [picamera2.py:1391] - DEBUG - Execute job: <picamera2.job.Job object at 0x7f55fc8b90>
2026-05-24 21:43:41,311 - mazeUtils.device.camera - [camera.py:37] - DEBUG - Average HSV: H=13.5, S=42.7, V=227.3
2026-05-24 21:43:41,342 - mazeUtils.moveTile - [moveTile.py:80] - DEBUG - roll: 3.409999999999968 deg, practicalMoveTime: 0.6010162368432941 sec
2026-05-24 21:43:41,343 - mazeUtils.moveTile - [moveTile.py:1116] - DEBUG - moveTile loop time: 43.2 ms
2026-05-24 21:43:41,350 - picamera2.picamera2 - [picamera2.py:1391] - DEBUG - Execute job: <picamera2.job.Job object at 0x7f7195ba50>
2026-05-24 21:43:41,357 - mazeUtils.device.camera - [camera.py:37] - DEBUG - Average HSV: H=13.8, S=44.3, V=227.3
2026-05-24 21:43:41,391 - mazeUtils.moveTile - [moveTile.py:80] - DEBUG - roll: 3.9700000000000273 deg, practicalMoveTime: 0.6440775569583108 sec
2026-05-24 21:43:41,392 - mazeUtils.moveTile - [moveTile.py:1116] - DEBUG - moveTile loop time: 47.9 ms
2026-05-24 21:43:41,398 - picamera2.picamera2 - [picamera2.py:1391] - DEBUG - Execute job: <picamera2.job.Job object at 0x7f55fc8bd0>
2026-05-24 21:43:41,403 - mazeUtils.device.camera - [camera.py:37] - DEBUG - Average HSV: H=13.9, S=45.0, V=227.2
2026-05-24 21:43:41,431 - mazeUtils.moveTile - [moveTile.py:80] - DEBUG - roll: 3.92999999999995 deg, practicalMoveTime: 0.6793039855837452 sec
2026-05-24 21:43:41,431 - mazeUtils.moveTile - [moveTile.py:1116] - DEBUG - moveTile loop time: 39.6 ms
2026-05-24 21:43:41,439 - picamera2.picamera2 - [picamera2.py:1391] - DEBUG - Execute job: <picamera2.job.Job object at 0x7f55fc8b90>
2026-05-24 21:43:41,442 - mazeUtils.device.camera - [camera.py:37] - DEBUG - Average HSV: H=14.1, S=46.9, V=227.4
2026-05-24 21:43:41,473 - mazeUtils.moveTile - [moveTile.py:80] - DEBUG - roll: 4.710000000000036 deg, practicalMoveTime: 0.7168998282131381 sec
2026-05-24 21:43:41,474 - mazeUtils.moveTile - [moveTile.py:1116] - DEBUG - moveTile loop time: 41.6 ms
2026-05-24 21:43:41,483 - picamera2.picamera2 - [picamera2.py:1391] - DEBUG - Execute job: <picamera2.job.Job object at 0x7f55f92b10>
2026-05-24 21:43:41,485 - mazeUtils.device.camera - [camera.py:37] - DEBUG - Average HSV: H=14.0, S=46.4, V=228.5
2026-05-24 21:43:41,515 - mazeUtils.moveTile - [moveTile.py:80] - DEBUG - roll: 5.3599999999999 deg, practicalMoveTime: 0.7539351247877184 sec
2026-05-24 21:43:41,516 - mazeUtils.moveTile - [moveTile.py:1116] - DEBUG - moveTile loop time: 41.6 ms
2026-05-24 21:43:41,524 - picamera2.picamera2 - [picamera2.py:1391] - DEBUG - Execute job: <picamera2.job.Job object at 0x7f7195bc50>
2026-05-24 21:43:41,527 - mazeUtils.device.camera - [camera.py:37] - DEBUG - Average HSV: H=14.0, S=46.5, V=228.8
2026-05-24 21:43:41,557 - mazeUtils.moveTile - [moveTile.py:80] - DEBUG - roll: 4.940000000000055 deg, practicalMoveTime: 0.7909916908851936 sec
2026-05-24 21:43:41,557 - mazeUtils.moveTile - [moveTile.py:1116] - DEBUG - moveTile loop time: 41.6 ms
2026-05-24 21:43:41,566 - picamera2.picamera2 - [picamera2.py:1391] - DEBUG - Execute job: <picamera2.job.Job object at 0x7f56ca0c50>
2026-05-24 21:43:41,569 - mazeUtils.device.camera - [camera.py:37] - DEBUG - Average HSV: H=14.1, S=47.8, V=229.1
2026-05-24 21:43:41,597 - mazeUtils.moveTile - [moveTile.py:80] - DEBUG - roll: 2.8299999999999272 deg, practicalMoveTime: 0.8263380255582209 sec
2026-05-24 21:43:41,597 - mazeUtils.moveTile - [moveTile.py:1116] - DEBUG - moveTile loop time: 39.7 ms
2026-05-24 21:43:41,602 - picamera2.picamera2 - [picamera2.py:1391] - DEBUG - Execute job: <picamera2.job.Job object at 0x7f7195bc50>
2026-05-24 21:43:41,605 - mazeUtils.device.camera - [camera.py:37] - DEBUG - Average HSV: H=14.1, S=48.2, V=229.2
2026-05-24 21:43:41,636 - mazeUtils.moveTile - [moveTile.py:80] - DEBUG - roll: 3.589999999999918 deg, practicalMoveTime: 0.8612910118795372 sec
2026-05-24 21:43:41,637 - mazeUtils.moveTile - [moveTile.py:1116] - DEBUG - moveTile loop time: 39.2 ms
2026-05-24 21:43:41,643 - picamera2.picamera2 - [picamera2.py:1391] - DEBUG - Execute job: <picamera2.job.Job object at 0x7f55f33810>
2026-05-24 21:43:41,646 - mazeUtils.device.camera - [camera.py:37] - DEBUG - Average HSV: H=14.1, S=46.1, V=231.0
2026-05-24 21:43:41,677 - mazeUtils.moveTile - [moveTile.py:80] - DEBUG - roll: 4.1299999999999955 deg, practicalMoveTime: 0.8974076603641101 sec
2026-05-24 21:43:41,677 - mazeUtils.moveTile - [moveTile.py:1116] - DEBUG - moveTile loop time: 40.1 ms
2026-05-24 21:43:41,687 - picamera2.picamera2 - [picamera2.py:1391] - DEBUG - Execute job: <picamera2.job.Job object at 0x7f7195ba50>
2026-05-24 21:43:41,691 - mazeUtils.device.camera - [camera.py:37] - DEBUG - Average HSV: H=14.0, S=46.3, V=231.0
2026-05-24 21:43:41,721 - mazeUtils.moveTile - [moveTile.py:80] - DEBUG - roll: 3.740000000000009 deg, practicalMoveTime: 0.9364082866677297 sec
2026-05-24 21:43:41,722 - mazeUtils.moveTile - [moveTile.py:1116] - DEBUG - moveTile loop time: 43.9 ms
2026-05-24 21:43:41,729 - picamera2.picamera2 - [picamera2.py:1391] - DEBUG - Execute job: <picamera2.job.Job object at 0x7f7195ba50>
2026-05-24 21:43:41,732 - mazeUtils.device.camera - [camera.py:37] - DEBUG - Average HSV: H=14.0, S=46.3, V=231.0
2026-05-24 21:43:41,759 - mazeUtils.moveTile - [moveTile.py:80] - DEBUG - roll: 3.409999999999968 deg, practicalMoveTime: 0.9696694091246866 sec
2026-05-24 21:43:41,759 - mazeUtils.moveTile - [moveTile.py:1116] - DEBUG - moveTile loop time: 37.2 ms
2026-05-24 21:43:41,764 - picamera2.picamera2 - [picamera2.py:1391] - DEBUG - Execute job: <picamera2.job.Job object at 0x7f7195bc50>
2026-05-24 21:43:41,767 - mazeUtils.device.camera - [camera.py:37] - DEBUG - Average HSV: H=14.0, S=45.2, V=231.4
2026-05-24 21:43:41,808 - mazeUtils.moveTile - [moveTile.py:80] - DEBUG - roll: 3.3999999999999773 deg, practicalMoveTime: 1.0131485990746747 sec
2026-05-24 21:43:41,808 - mazeUtils.moveTile - [moveTile.py:1116] - DEBUG - moveTile loop time: 49.0 ms
2026-05-24 21:43:41,816 - picamera2.picamera2 - [picamera2.py:1391] - DEBUG - Execute job: <picamera2.job.Job object at 0x7f55fc8b90>
2026-05-24 21:43:41,819 - mazeUtils.device.camera - [camera.py:37] - DEBUG - Average HSV: H=14.0, S=44.0, V=232.3
2026-05-24 21:43:41,845 - mazeUtils.moveTile - [moveTile.py:80] - DEBUG - roll: 3.009999999999991 deg, practicalMoveTime: 1.046199466667931 sec
2026-05-24 21:43:41,846 - mazeUtils.moveTile - [moveTile.py:1116] - DEBUG - moveTile loop time: 36.9 ms
2026-05-24 21:43:41,851 - picamera2.picamera2 - [picamera2.py:1391] - DEBUG - Execute job: <picamera2.job.Job object at 0x7f7195ba50>
2026-05-24 21:43:41,854 - mazeUtils.device.camera - [camera.py:37] - DEBUG - Average HSV: H=13.9, S=43.4, V=232.7
2026-05-24 21:43:41,894 - mazeUtils.moveTile - [moveTile.py:80] - DEBUG - roll: 3.5499999999999545 deg, practicalMoveTime: 1.089725928720324 sec
2026-05-24 21:43:41,895 - mazeUtils.moveTile - [moveTile.py:1116] - DEBUG - moveTile loop time: 48.7 ms
2026-05-24 21:43:41,898 - picamera2.picamera2 - [picamera2.py:1391] - DEBUG - Execute job: <picamera2.job.Job object at 0x7f55fc8b90>
2026-05-24 21:43:41,902 - mazeUtils.device.camera - [camera.py:37] - DEBUG - Average HSV: H=13.8, S=43.1, V=232.6
2026-05-24 21:43:41,933 - mazeUtils.moveTile - [moveTile.py:80] - DEBUG - roll: 3.2200000000000273 deg, practicalMoveTime: 1.1240046436454625 sec
2026-05-24 21:43:41,933 - mazeUtils.moveTile - [moveTile.py:1116] - DEBUG - moveTile loop time: 38.6 ms
2026-05-24 21:43:41,942 - picamera2.picamera2 - [picamera2.py:1391] - DEBUG - Execute job: <picamera2.job.Job object at 0x7f55fc8a90>
2026-05-24 21:43:41,945 - mazeUtils.device.camera - [camera.py:37] - DEBUG - Average HSV: H=13.7, S=40.9, V=233.3
2026-05-24 21:43:41,970 - mazeUtils.moveTile - [moveTile.py:80] - DEBUG - roll: 3.619999999999891 deg, practicalMoveTime: 1.156661874850917 sec
2026-05-24 21:43:41,970 - mazeUtils.moveTile - [moveTile.py:1116] - DEBUG - moveTile loop time: 36.6 ms
2026-05-24 21:43:41,977 - picamera2.picamera2 - [picamera2.py:1391] - DEBUG - Execute job: <picamera2.job.Job object at 0x7f55f92b10>
2026-05-24 21:43:41,981 - mazeUtils.device.camera - [camera.py:37] - DEBUG - Average HSV: H=13.7, S=40.1, V=233.5
2026-05-24 21:43:42,011 - mazeUtils.moveTile - [moveTile.py:80] - DEBUG - roll: 3.7999999999999545 deg, practicalMoveTime: 1.1928937879703643 sec
2026-05-24 21:43:42,011 - mazeUtils.moveTile - [moveTile.py:1116] - DEBUG - moveTile loop time: 40.6 ms
2026-05-24 21:43:42,021 - picamera2.picamera2 - [picamera2.py:1391] - DEBUG - Execute job: <picamera2.job.Job object at 0x7f55fc8bd0>
2026-05-24 21:43:42,024 - mazeUtils.device.camera - [camera.py:37] - DEBUG - Average HSV: H=13.7, S=40.5, V=234.0
2026-05-24 21:43:42,053 - mazeUtils.moveTile - [moveTile.py:80] - DEBUG - roll: 3.3799999999999955 deg, practicalMoveTime: 1.230823436945366 sec
2026-05-24 21:43:42,054 - mazeUtils.moveTile - [moveTile.py:1116] - DEBUG - moveTile loop time: 42.5 ms
2026-05-24 21:43:42,058 - picamera2.picamera2 - [picamera2.py:1391] - DEBUG - Execute job: <picamera2.job.Job object at 0x7f55fc8a90>
2026-05-24 21:43:42,062 - mazeUtils.device.camera - [camera.py:37] - DEBUG - Average HSV: H=13.6, S=39.4, V=234.4
2026-05-24 21:43:42,097 - mazeUtils.moveTile - [moveTile.py:80] - DEBUG - roll: 3.4500000000000455 deg, practicalMoveTime: 1.2695582372955425 sec
2026-05-24 21:43:42,098 - mazeUtils.moveTile - [moveTile.py:1116] - DEBUG - moveTile loop time: 43.8 ms
2026-05-24 21:43:42,104 - picamera2.picamera2 - [picamera2.py:1391] - DEBUG - Execute job: <picamera2.job.Job object at 0x7f55fc8bd0>
2026-05-24 21:43:42,107 - mazeUtils.device.camera - [camera.py:37] - DEBUG - Average HSV: H=13.5, S=37.8, V=234.9
2026-05-24 21:43:42,140 - mazeUtils.moveTile - [moveTile.py:80] - DEBUG - roll: 4.710000000000036 deg, practicalMoveTime: 1.3076448705191488 sec
2026-05-24 21:43:42,141 - mazeUtils.moveTile - [moveTile.py:1116] - DEBUG - moveTile loop time: 42.4 ms
2026-05-24 21:43:42,148 - picamera2.picamera2 - [picamera2.py:1391] - DEBUG - Execute job: <picamera2.job.Job object at 0x7f7195ba50>
2026-05-24 21:43:42,151 - mazeUtils.device.camera - [camera.py:37] - DEBUG - Average HSV: H=13.5, S=38.1, V=234.8
2026-05-24 21:43:42,183 - mazeUtils.moveTile - [moveTile.py:80] - DEBUG - roll: 5.1299999999999955 deg, practicalMoveTime: 1.3454099836932292 sec
2026-05-24 21:43:42,184 - mazeUtils.moveTile - [moveTile.py:1116] - DEBUG - moveTile loop time: 42.7 ms
2026-05-24 21:43:42,195 - picamera2.picamera2 - [picamera2.py:1391] - DEBUG - Execute job: <picamera2.job.Job object at 0x7f55fc8b90>
2026-05-24 21:43:42,198 - mazeUtils.device.camera - [camera.py:37] - DEBUG - Average HSV: H=13.6, S=38.3, V=234.9
2026-05-24 21:43:42,238 - mazeUtils.moveTile - [moveTile.py:80] - DEBUG - roll: 5.440000000000055 deg, practicalMoveTime: 1.3945091592361891 sec
2026-05-24 21:43:42,239 - mazeUtils.moveTile - [moveTile.py:1116] - DEBUG - moveTile loop time: 55.0 ms
2026-05-24 21:43:42,244 - picamera2.picamera2 - [picamera2.py:1391] - DEBUG - Execute job: <picamera2.job.Job object at 0x7f55fc8bd0>
2026-05-24 21:43:42,247 - mazeUtils.device.camera - [camera.py:37] - DEBUG - Average HSV: H=13.7, S=39.1, V=235.4
2026-05-24 21:43:42,274 - mazeUtils.moveTile - [moveTile.py:80] - DEBUG - roll: 5.970000000000027 deg, practicalMoveTime: 1.4262701299228375 sec
2026-05-24 21:43:42,275 - mazeUtils.moveTile - [moveTile.py:1116] - DEBUG - moveTile loop time: 35.8 ms
2026-05-24 21:43:42,280 - picamera2.picamera2 - [picamera2.py:1391] - DEBUG - Execute job: <picamera2.job.Job object at 0x7f55f33810>
2026-05-24 21:43:42,283 - mazeUtils.device.camera - [camera.py:37] - DEBUG - Average HSV: H=14.0, S=40.5, V=235.4
2026-05-24 21:43:42,313 - mazeUtils.moveTile - [moveTile.py:80] - DEBUG - roll: 6.220000000000027 deg, practicalMoveTime: 1.4601778121951892 sec
2026-05-24 21:43:42,313 - mazeUtils.moveTile - [moveTile.py:1116] - DEBUG - moveTile loop time: 38.1 ms
2026-05-24 21:43:42,322 - picamera2.picamera2 - [picamera2.py:1391] - DEBUG - Execute job: <picamera2.job.Job object at 0x7f7195bd50>
2026-05-24 21:43:42,325 - mazeUtils.device.camera - [camera.py:37] - DEBUG - Average HSV: H=14.1, S=41.0, V=235.3
2026-05-24 21:43:42,351 - mazeUtils.moveTile - [moveTile.py:80] - DEBUG - roll: 7.3799999999999955 deg, practicalMoveTime: 1.4938268954158949 sec
2026-05-24 21:43:42,352 - mazeUtils.moveTile - [moveTile.py:1116] - DEBUG - moveTile loop time: 38.2 ms
2026-05-24 21:43:42,358 - picamera2.picamera2 - [picamera2.py:1391] - DEBUG - Execute job: <picamera2.job.Job object at 0x7f7195bd50>
2026-05-24 21:43:42,361 - mazeUtils.device.camera - [camera.py:37] - DEBUG - Average HSV: H=14.1, S=41.5, V=234.9
2026-05-24 21:43:42,392 - mazeUtils.moveTile - [moveTile.py:80] - DEBUG - roll: 7.6299999999999955 deg, practicalMoveTime: 1.529429007167193 sec
2026-05-24 21:43:42,392 - mazeUtils.moveTile - [moveTile.py:1116] - DEBUG - moveTile loop time: 40.0 ms
2026-05-24 21:43:42,400 - picamera2.picamera2 - [picamera2.py:1391] - DEBUG - Execute job: <picamera2.job.Job object at 0x7f55fc8b90>
2026-05-24 21:43:42,404 - mazeUtils.device.camera - [camera.py:37] - DEBUG - Average HSV: H=14.1, S=41.4, V=236.4
2026-05-24 21:43:42,434 - mazeUtils.moveTile - [moveTile.py:80] - DEBUG - roll: 9.25 deg, practicalMoveTime: 1.5668179978064072 sec
2026-05-24 21:43:42,435 - mazeUtils.moveTile - [moveTile.py:1116] - DEBUG - moveTile loop time: 42.3 ms
2026-05-24 21:43:42,439 - picamera2.picamera2 - [picamera2.py:1391] - DEBUG - Execute job: <picamera2.job.Job object at 0x7f7195bd50>
2026-05-24 21:43:42,442 - mazeUtils.device.camera - [camera.py:37] - DEBUG - Average HSV: H=13.8, S=48.1, V=228.7
2026-05-24 21:43:42,472 - mazeUtils.moveTile - [moveTile.py:80] - DEBUG - roll: 10.6099999999999 deg, practicalMoveTime: 1.5994828196705086 sec
2026-05-24 21:43:42,472 - mazeUtils.moveTile - [moveTile.py:1116] - DEBUG - moveTile loop time: 37.4 ms
2026-05-24 21:43:42,479 - picamera2.picamera2 - [picamera2.py:1391] - DEBUG - Execute job: <picamera2.job.Job object at 0x7f55fc8b90>
2026-05-24 21:43:42,482 - mazeUtils.device.camera - [camera.py:37] - DEBUG - Average HSV: H=13.4, S=57.0, V=216.3
2026-05-24 21:43:42,513 - mazeUtils.moveTile - [moveTile.py:80] - DEBUG - roll: 11.11999999999989 deg, practicalMoveTime: 1.6352696852203454 sec
2026-05-24 21:43:42,515 - mazeUtils.moveTile - [moveTile.py:1116] - DEBUG - moveTile loop time: 42.1 ms
2026-05-24 21:43:42,523 - picamera2.picamera2 - [picamera2.py:1391] - DEBUG - Execute job: <picamera2.job.Job object at 0x7f55f33810>
2026-05-24 21:43:42,526 - mazeUtils.device.camera - [camera.py:37] - DEBUG - Average HSV: H=18.0, S=59.3, V=207.9
2026-05-24 21:43:42,557 - mazeUtils.moveTile - [moveTile.py:80] - DEBUG - roll: 12.42999999999995 deg, practicalMoveTime: 1.6719039456280387 sec
2026-05-24 21:43:42,557 - mazeUtils.moveTile - [moveTile.py:1116] - DEBUG - moveTile loop time: 41.6 ms
2026-05-24 21:43:42,570 - picamera2.picamera2 - [picamera2.py:1391] - DEBUG - Execute job: <picamera2.job.Job object at 0x7f55fc8bd0>
2026-05-24 21:43:42,573 - mazeUtils.device.camera - [camera.py:37] - DEBUG - Average HSV: H=38.3, S=45.4, V=218.9
2026-05-24 21:43:42,611 - mazeUtils.moveTile - [moveTile.py:80] - DEBUG - roll: 13.039999999999964 deg, practicalMoveTime: 1.7195685548535304 sec
2026-05-24 21:43:42,612 - mazeUtils.moveTile - [moveTile.py:1116] - DEBUG - moveTile loop time: 54.6 ms
2026-05-24 21:43:42,617 - picamera2.picamera2 - [picamera2.py:1391] - DEBUG - Execute job: <picamera2.job.Job object at 0x7f7195ba50>
2026-05-24 21:43:42,620 - mazeUtils.device.camera - [camera.py:37] - DEBUG - Average HSV: H=38.9, S=50.7, V=220.0
2026-05-24 21:43:43,691 - __main__ - [main.py:144] - INFO - Program interrupted by user.
2026-05-24 21:43:44,777 - picamera2.picamera2 - [picamera2.py:1391] - DEBUG - Execute job: <picamera2.job.Job object at 0x7f96396fd0>
2026-05-24 21:43:44,793 - picamera2.picamera2 - [picamera2.py:1323] - INFO - Camera stopped
2026-05-24 21:43:44,994 - picamera2.picamera2 - [picamera2.py:1329] - DEBUG - Camera was not started
2026-05-24 21:43:45,197 - picamera2.picamera2 - [picamera2.py:723] - INFO - Camera closed successfully.
2026-05-24 21:43:45,369 - picamera2.picamera2 - [picamera2.py:500] - DEBUG - Resources now free: <picamera2.picamera2.Picamera2 object at 0x7f89af8350>
