2026-06-25 01:18:10,171 - root - [logging_config.py:61] - INFO - Logging initialized. Log file: /home/tuton/Kanto2026RPi/src/config/../logs/robot_20260625_011808.log
2026-06-25 01:18:12,607 - mazeUtils.device.LiDAR - [LiDAR.py:36] - INFO - Available ports: <ydlidar.Str2strMap; proxy of <Swig Object of type 'std::map< std::string,std::string > *' at 0x7faaba8060> >
2026-06-25 01:18:22,264 - mazeUtils.moveTile - [moveTile.py:541] - DEBUG - overwrite the wall data
2026-06-25 01:18:22,303 - mazeUtils.moveTile - [moveTile.py:555] - DEBUG - Direction: absDirection.NORTH, Angle: 0, Distance: 15.053800487969909 cm
2026-06-25 01:18:22,303 - mazeUtils.moveTile - [moveTile.py:580] - DEBUG - Front LiDAR distance: 15.053800487969909 cm, TSD10 distance: 5.2 cm
2026-06-25 01:18:22,305 - mazeUtils.moveTile - [moveTile.py:555] - DEBUG - Direction: absDirection.EAST, Angle: 270, Distance: 166.6912801875009 cm
2026-06-25 01:18:22,307 - mazeUtils.moveTile - [moveTile.py:555] - DEBUG - Direction: absDirection.SOUTH, Angle: 180, Distance: 168.83064046666172 cm
2026-06-25 01:18:22,308 - mazeUtils.moveTile - [moveTile.py:555] - DEBUG - Direction: absDirection.WEST, Angle: 90, Distance: 17.6414539689269 cm
2026-06-25 01:18:22,309 - __main__ - [main.py:68] - INFO - Initial Map:
2026-06-25 01:18:22,338 - __main__ - [main.py:69] - INFO - Current position: (20, 20, 0), front direction: absDirection.NORTH
Layer 0 (altitude=0.0cm, offset=(0.0cm, 0.0cm)):
Known map area: x=20..20, y=20..20
+---+
| @  
+   +
mazeAsGraph[0][20][20] = {absDirection.NORTH: None, absDirection.EAST: (21, 20, 0, 30), absDirection.SOUTH: (20, 21, 0, 30), absDirection.WEST: None}
2026-06-25 01:18:23,627 - mazeUtils.mazeMap - [mazeMap.py:61] - INFO - next goal: (21, 20, 0)
2026-06-25 01:18:23,629 - __main__ - [main.py:73] - INFO - Next Direction: [<absDirection.EAST: 270>]
2026-06-25 01:18:23,629 - __main__ - [main.py:74] - INFO - Exploration started.
2026-06-25 01:18:23,630 - mazeUtils.mazeMap - [mazeMap.py:61] - INFO - next goal: (20, 20, 0)
2026-06-25 01:18:23,642 - mazeUtils.moveTile - [moveTile.py:79] - DEBUG - Moving to absDirection.EAST from (20, 20, 0) facing absDirection.NORTH
2026-06-25 01:18:23,669 - mazeUtils.moveTile - [moveTile.py:79] - DEBUG - current heading: 0.1599999999999966 target: 270
2026-06-25 01:18:27,702 - mazeUtils.moveTile - [moveTile.py:409] - WARNING - Stuck avoidance triggered during turning. Performing escape maneuver.
2026-06-25 01:18:32,171 - mazeUtils.moveTile - [moveTile.py:409] - WARNING - Stuck avoidance triggered during turning. Performing escape maneuver.
2026-06-25 01:18:36,631 - mazeUtils.moveTile - [moveTile.py:409] - WARNING - Stuck avoidance triggered during turning. Performing escape maneuver.
2026-06-25 01:18:38,606 - __main__ - [main.py:105] - INFO - Current position: (20, 20, 0), front direction: absDirection.EAST
Layer 0 (altitude=0.0cm, offset=(0.0cm, 0.0cm)):
Known map area: x=20..20, y=20..20
+---+
| @  
+   +
mazeAsGraph[0][20][20] = {absDirection.NORTH: None, absDirection.EAST: (21, 20, 0, 30), absDirection.SOUTH: (20, 21, 0, 30), absDirection.WEST: None}
2026-06-25 01:19:56,940 - __main__ - [main.py:170] - INFO - Program interrupted by user.
2026-06-25 01:19:58,019 - mazeUtils.device.stm - [stm.py:216] - DEBUG - ACK resynchronized: type=STS_MOTOR dropped=24B seq=17
2026-06-25 01:19:58,039 - picamera2.picamera2 - [picamera2.py:1391] - DEBUG - Execute job: <picamera2.job.Job object at 0x7fbe418dd0>
2026-06-25 01:19:58,064 - picamera2.picamera2 - [picamera2.py:1323] - INFO - Camera stopped
2026-06-25 01:19:58,267 - picamera2.picamera2 - [picamera2.py:1329] - DEBUG - Camera was not started
2026-06-25 01:19:58,472 - picamera2.picamera2 - [picamera2.py:723] - INFO - Camera closed successfully.
2026-06-25 01:19:59,019 - picamera2.picamera2 - [picamera2.py:500] - DEBUG - Resources now free: <picamera2.picamera2.Picamera2 object at 0x7faab87310>
