2026-05-26 20:49:08,220 - root - [logging_config.py:61] - INFO - Logging initialized. Log file: /home/tuton/Kanto2026RPi/src/config/../logs/robot_20260526_204907.log
2026-05-26 20:49:08,674 - mazeUtils.mazeMap - [mazeMap.py:167] - WARNING - ArduinoNanoEveryUART init failed: [Errno 2] could not open port /dev/ttyUSB0: [Errno 2] No such file or directory: '/dev/ttyUSB0'
2026-05-26 20:49:09,699 - mazeUtils.device.LiDAR - [LiDAR.py:36] - INFO - Available ports: <ydlidar.Str2strMap; proxy of <Swig Object of type 'std::map< std::string,std::string > *' at 0x7fb0fd3180> >
2026-05-26 20:49:13,636 - mazeUtils.moveTile - [moveTile.py:511] - DEBUG - Direction: absDirection.NORTH, Angle: 0, Distance: 39.18906922191652 cm
2026-05-26 20:49:13,637 - mazeUtils.moveTile - [moveTile.py:511] - DEBUG - Direction: absDirection.EAST, Angle: 270, Distance: 16.966756475264297 cm
2026-05-26 20:49:13,639 - mazeUtils.moveTile - [moveTile.py:511] - DEBUG - Direction: absDirection.SOUTH, Angle: 180, Distance: 49.70605036392545 cm
2026-05-26 20:49:13,640 - mazeUtils.moveTile - [moveTile.py:511] - DEBUG - Direction: absDirection.WEST, Angle: 90, Distance: 49.84359309141589 cm
2026-05-26 20:49:14,586 - __main__ - [main.py:69] - INFO - Initial Map:
2026-05-26 20:49:14,600 - __main__ - [main.py:70] - INFO - Current position: (20, 20, 0), front direction: absDirection.NORTH
Layer 0 (altitude=0.0cm, offset=(0.0cm, 0.0cm)):
Known map area: x=20..20, y=20..20
+   +
  @ |
+   +
mazeAsGraph[0][20][20] = {absDirection.NORTH: (20, 19, 0), absDirection.EAST: None, absDirection.SOUTH: (20, 21, 0), absDirection.WEST: (19, 20, 0)}
2026-05-26 20:49:14,602 - mazeUtils.mazeMap - [mazeMap.py:61] - INFO - next goal: (20, 19, 0)
2026-05-26 20:49:14,602 - __main__ - [main.py:73] - INFO - Next Direction: [<absDirection.NORTH: 0>]
2026-05-26 20:49:14,603 - __main__ - [main.py:74] - INFO - Exploration started.
2026-05-26 20:49:14,603 - mazeUtils.mazeMap - [mazeMap.py:61] - INFO - next goal: (20, 19, 0)
2026-05-26 20:49:14,611 - mazeUtils.moveTile - [moveTile.py:80] - DEBUG - Moving to absDirection.NORTH from (20, 20, 0) facing absDirection.NORTH
2026-05-26 20:49:14,740 - picamera2.picamera2 - [picamera2.py:1391] - DEBUG - Execute job: <picamera2.job.Job object at 0x7f97eb7250>
2026-05-26 20:49:14,747 - mazeUtils.device.camera - [camera.py:37] - DEBUG - Average HSV: H=24.3, S=117.4, V=42.9
2026-05-26 20:49:14,795 - mazeUtils.moveTile - [moveTile.py:80] - DEBUG - roll: 0.01999999999998181 deg, practicalMoveTime: 0.056040569705930264 sec
2026-05-26 20:49:14,796 - mazeUtils.moveTile - [moveTile.py:1115] - DEBUG - moveTile loop time: 61.7 ms
2026-05-26 20:49:14,802 - picamera2.picamera2 - [picamera2.py:1391] - DEBUG - Execute job: <picamera2.job.Job object at 0x7fa9e7ab10>
2026-05-26 20:49:14,808 - mazeUtils.device.camera - [camera.py:37] - DEBUG - Average HSV: H=28.0, S=121.3, V=41.3
2026-05-26 20:49:14,857 - mazeUtils.moveTile - [moveTile.py:80] - DEBUG - roll: 359.34999999999997 deg, practicalMoveTime: 0.11705773256853 sec
2026-05-26 20:49:14,857 - mazeUtils.moveTile - [moveTile.py:1115] - DEBUG - moveTile loop time: 61.3 ms
2026-05-26 20:49:14,863 - picamera2.picamera2 - [picamera2.py:1391] - DEBUG - Execute job: <picamera2.job.Job object at 0x7f97f499d0>
2026-05-26 20:49:14,866 - mazeUtils.device.camera - [camera.py:37] - DEBUG - Average HSV: H=157.0, S=59.6, V=47.1
2026-05-26 20:49:15,013 - mazeUtils.moveTile - [moveTile.py:80] - DEBUG - roll: 359.62 deg, practicalMoveTime: 0.27328474622234933 sec
2026-05-26 20:49:15,014 - mazeUtils.moveTile - [moveTile.py:1115] - DEBUG - moveTile loop time: 156.5 ms
2026-05-26 20:49:15,019 - picamera2.picamera2 - [picamera2.py:1391] - DEBUG - Execute job: <picamera2.job.Job object at 0x7f86180f10>
2026-05-26 20:49:15,023 - mazeUtils.device.camera - [camera.py:37] - DEBUG - Average HSV: H=157.0, S=64.8, V=46.5
2026-05-26 20:49:15,071 - mazeUtils.moveTile - [moveTile.py:80] - DEBUG - roll: 0.22999999999996135 deg, practicalMoveTime: 0.3248632100015166 sec
2026-05-26 20:49:15,072 - mazeUtils.moveTile - [moveTile.py:1115] - DEBUG - moveTile loop time: 57.6 ms
2026-05-26 20:49:15,076 - picamera2.picamera2 - [picamera2.py:1391] - DEBUG - Execute job: <picamera2.job.Job object at 0x7f97efff50>
2026-05-26 20:49:15,079 - mazeUtils.device.camera - [camera.py:37] - DEBUG - Average HSV: H=138.9, S=80.2, V=55.8
2026-05-26 20:49:15,128 - mazeUtils.moveTile - [moveTile.py:80] - DEBUG - roll: 359.99 deg, practicalMoveTime: 0.3815369743208209 sec
2026-05-26 20:49:15,129 - mazeUtils.moveTile - [moveTile.py:1115] - DEBUG - moveTile loop time: 56.9 ms
2026-05-26 20:49:15,133 - picamera2.picamera2 - [picamera2.py:1391] - DEBUG - Execute job: <picamera2.job.Job object at 0x7fa9e7ab10>
2026-05-26 20:49:15,136 - mazeUtils.device.camera - [camera.py:37] - DEBUG - Average HSV: H=132.2, S=90.3, V=68.2
2026-05-26 20:49:15,183 - mazeUtils.moveTile - [moveTile.py:80] - DEBUG - roll: 1.4799999999999613 deg, practicalMoveTime: 0.4303688546475962 sec
2026-05-26 20:49:15,184 - mazeUtils.moveTile - [moveTile.py:1115] - DEBUG - moveTile loop time: 54.7 ms
2026-05-26 20:49:15,190 - picamera2.picamera2 - [picamera2.py:1391] - DEBUG - Execute job: <picamera2.job.Job object at 0x7f864544d0>
2026-05-26 20:49:15,193 - mazeUtils.device.camera - [camera.py:37] - DEBUG - Average HSV: H=131.4, S=85.3, V=72.8
2026-05-26 20:49:15,242 - mazeUtils.moveTile - [moveTile.py:80] - DEBUG - roll: 3.680000000000007 deg, practicalMoveTime: 0.4827782201449529 sec
2026-05-26 20:49:15,243 - mazeUtils.moveTile - [moveTile.py:1115] - DEBUG - moveTile loop time: 58.7 ms
2026-05-26 20:49:15,247 - picamera2.picamera2 - [picamera2.py:1391] - DEBUG - Execute job: <picamera2.job.Job object at 0x7f86425750>
2026-05-26 20:49:15,250 - mazeUtils.device.camera - [camera.py:37] - DEBUG - Average HSV: H=130.7, S=82.9, V=78.0
2026-05-26 20:49:15,298 - mazeUtils.moveTile - [moveTile.py:80] - DEBUG - roll: 6.180000000000007 deg, practicalMoveTime: 0.5318124853657106 sec
2026-05-26 20:49:15,298 - mazeUtils.moveTile - [moveTile.py:1115] - DEBUG - moveTile loop time: 55.2 ms
2026-05-26 20:49:15,303 - picamera2.picamera2 - [picamera2.py:1391] - DEBUG - Execute job: <picamera2.job.Job object at 0x7f97f499d0>
2026-05-26 20:49:15,307 - mazeUtils.device.camera - [camera.py:37] - DEBUG - Average HSV: H=130.4, S=75.4, V=86.3
2026-05-26 20:49:15,354 - mazeUtils.moveTile - [moveTile.py:80] - DEBUG - roll: 9.45999999999998 deg, practicalMoveTime: 0.5816146964893255 sec
2026-05-26 20:49:15,355 - mazeUtils.moveTile - [moveTile.py:1115] - DEBUG - moveTile loop time: 56.4 ms
2026-05-26 20:49:15,360 - picamera2.picamera2 - [picamera2.py:1391] - DEBUG - Execute job: <picamera2.job.Job object at 0x7f97f50650>
2026-05-26 20:49:15,363 - mazeUtils.device.camera - [camera.py:37] - DEBUG - Average HSV: H=129.6, S=74.0, V=91.6
2026-05-26 20:49:15,413 - mazeUtils.moveTile - [moveTile.py:80] - DEBUG - roll: 12.339999999999975 deg, practicalMoveTime: 0.6324238926340048 sec
2026-05-26 20:49:15,413 - mazeUtils.moveTile - [moveTile.py:1115] - DEBUG - moveTile loop time: 58.3 ms
2026-05-26 20:49:15,420 - picamera2.picamera2 - [picamera2.py:1391] - DEBUG - Execute job: <picamera2.job.Job object at 0x7f86465910>
2026-05-26 20:49:15,424 - mazeUtils.device.camera - [camera.py:37] - DEBUG - Average HSV: H=128.8, S=71.2, V=98.6
2026-05-26 20:49:15,472 - mazeUtils.moveTile - [moveTile.py:80] - DEBUG - roll: 15.139999999999986 deg, practicalMoveTime: 0.6814305848716229 sec
2026-05-26 20:49:15,473 - mazeUtils.moveTile - [moveTile.py:1115] - DEBUG - moveTile loop time: 59.2 ms
2026-05-26 20:49:15,479 - picamera2.picamera2 - [picamera2.py:1391] - DEBUG - Execute job: <picamera2.job.Job object at 0x7f97f50650>
2026-05-26 20:49:15,482 - mazeUtils.device.camera - [camera.py:37] - DEBUG - Average HSV: H=139.9, S=89.2, V=53.6
2026-05-26 20:49:15,530 - mazeUtils.moveTile - [moveTile.py:80] - DEBUG - roll: 18.19999999999999 deg, practicalMoveTime: 0.7277834148442834 sec
2026-05-26 20:49:15,530 - mazeUtils.moveTile - [moveTile.py:1115] - DEBUG - moveTile loop time: 57.4 ms
2026-05-26 20:49:15,536 - picamera2.picamera2 - [picamera2.py:1391] - DEBUG - Execute job: <picamera2.job.Job object at 0x7fa9e7ab10>
2026-05-26 20:49:15,540 - mazeUtils.device.camera - [camera.py:37] - DEBUG - Average HSV: H=98.3, S=78.8, V=74.3
2026-05-26 20:49:15,591 - mazeUtils.moveTile - [moveTile.py:80] - DEBUG - roll: 21.349999999999966 deg, practicalMoveTime: 0.7740077873322931 sec
2026-05-26 20:49:15,591 - mazeUtils.moveTile - [moveTile.py:1115] - DEBUG - moveTile loop time: 60.2 ms
2026-05-26 20:49:15,598 - picamera2.picamera2 - [picamera2.py:1391] - DEBUG - Execute job: <picamera2.job.Job object at 0x7f86180f10>
2026-05-26 20:49:15,601 - mazeUtils.device.camera - [camera.py:37] - DEBUG - Average HSV: H=149.9, S=38.1, V=88.4
2026-05-26 20:49:15,650 - mazeUtils.moveTile - [moveTile.py:80] - DEBUG - roll: 24.269999999999982 deg, practicalMoveTime: 0.820426742456421 sec
2026-05-26 20:49:15,651 - mazeUtils.moveTile - [moveTile.py:1115] - DEBUG - moveTile loop time: 59.3 ms
2026-05-26 20:49:15,655 - picamera2.picamera2 - [picamera2.py:1391] - DEBUG - Execute job: <picamera2.job.Job object at 0x7f86425750>
2026-05-26 20:49:15,659 - mazeUtils.device.camera - [camera.py:37] - DEBUG - Average HSV: H=144.1, S=35.9, V=101.1
2026-05-26 20:49:15,708 - mazeUtils.moveTile - [moveTile.py:80] - DEBUG - roll: 28.099999999999966 deg, practicalMoveTime: 0.8634647885103865 sec
2026-05-26 20:49:15,708 - mazeUtils.moveTile - [moveTile.py:1115] - DEBUG - moveTile loop time: 57.2 ms
2026-05-26 20:49:15,714 - picamera2.picamera2 - [picamera2.py:1391] - DEBUG - Execute job: <picamera2.job.Job object at 0x7f97f499d0>
2026-05-26 20:49:15,717 - mazeUtils.device.camera - [camera.py:37] - DEBUG - Average HSV: H=148.9, S=33.2, V=98.1
2026-05-26 20:49:15,767 - mazeUtils.moveTile - [moveTile.py:80] - DEBUG - roll: 28.099999999999966 deg, practicalMoveTime: 0.9085711396367735 sec
2026-05-26 20:49:15,768 - mazeUtils.moveTile - [moveTile.py:1115] - DEBUG - moveTile loop time: 59.7 ms
2026-05-26 20:49:15,773 - picamera2.picamera2 - [picamera2.py:1391] - DEBUG - Execute job: <picamera2.job.Job object at 0x7f97efff50>
2026-05-26 20:49:15,777 - mazeUtils.device.camera - [camera.py:37] - DEBUG - Average HSV: H=154.3, S=33.0, V=94.4
2026-05-26 20:49:15,823 - mazeUtils.moveTile - [moveTile.py:80] - DEBUG - roll: 28.96999999999997 deg, practicalMoveTime: 0.9503206032008861 sec
2026-05-26 20:49:15,824 - mazeUtils.moveTile - [moveTile.py:1115] - DEBUG - moveTile loop time: 55.4 ms
2026-05-26 20:49:15,830 - picamera2.picamera2 - [picamera2.py:1391] - DEBUG - Execute job: <picamera2.job.Job object at 0x7f8619f250>
2026-05-26 20:49:15,834 - mazeUtils.device.camera - [camera.py:37] - DEBUG - Average HSV: H=157.5, S=33.4, V=92.6
2026-05-26 20:49:15,883 - mazeUtils.moveTile - [moveTile.py:80] - DEBUG - roll: 28.849999999999966 deg, practicalMoveTime: 0.9947202909187658 sec
2026-05-26 20:49:15,883 - mazeUtils.moveTile - [moveTile.py:1115] - DEBUG - moveTile loop time: 58.9 ms
2026-05-26 20:49:15,889 - picamera2.picamera2 - [picamera2.py:1391] - DEBUG - Execute job: <picamera2.job.Job object at 0x7f97eb7250>
2026-05-26 20:49:15,893 - mazeUtils.device.camera - [camera.py:37] - DEBUG - Average HSV: H=157.4, S=33.8, V=92.2
2026-05-26 20:49:15,944 - picamera2.picamera2 - [picamera2.py:1391] - DEBUG - Execute job: <picamera2.job.Job object at 0x7f97f4be10>
2026-05-26 20:49:15,947 - mazeUtils.device.camera - [camera.py:37] - DEBUG - Average HSV: H=153.4, S=33.6, V=92.6
2026-05-26 20:49:15,994 - mazeUtils.moveTile - [moveTile.py:80] - DEBUG - roll: 25.860000000000014 deg, practicalMoveTime: 1.0822580157858894 sec
2026-05-26 20:49:15,994 - mazeUtils.moveTile - [moveTile.py:1115] - DEBUG - moveTile loop time: 55.4 ms
2026-05-26 20:49:15,999 - picamera2.picamera2 - [picamera2.py:1391] - DEBUG - Execute job: <picamera2.job.Job object at 0x7f86425750>
2026-05-26 20:49:16,002 - mazeUtils.device.camera - [camera.py:37] - DEBUG - Average HSV: H=147.3, S=36.6, V=93.5
2026-05-26 20:49:16,054 - mazeUtils.moveTile - [moveTile.py:80] - DEBUG - roll: 26.149999999999977 deg, practicalMoveTime: 1.1264144357755372 sec
2026-05-26 20:49:16,054 - mazeUtils.moveTile - [moveTile.py:1115] - DEBUG - moveTile loop time: 59.4 ms
2026-05-26 20:49:16,060 - picamera2.picamera2 - [picamera2.py:1391] - DEBUG - Execute job: <picamera2.job.Job object at 0x7f8619efd0>
2026-05-26 20:49:16,064 - mazeUtils.device.camera - [camera.py:37] - DEBUG - Average HSV: H=143.4, S=39.1, V=94.1
2026-05-26 20:49:16,112 - mazeUtils.moveTile - [moveTile.py:80] - DEBUG - roll: 26.839999999999975 deg, practicalMoveTime: 1.171150916174115 sec
2026-05-26 20:49:16,113 - mazeUtils.moveTile - [moveTile.py:1115] - DEBUG - moveTile loop time: 58.5 ms
2026-05-26 20:49:16,117 - picamera2.picamera2 - [picamera2.py:1391] - DEBUG - Execute job: <picamera2.job.Job object at 0x7f86180f10>
2026-05-26 20:49:16,120 - mazeUtils.device.camera - [camera.py:37] - DEBUG - Average HSV: H=140.1, S=44.0, V=91.8
2026-05-26 20:49:16,167 - mazeUtils.moveTile - [moveTile.py:80] - DEBUG - roll: 26.879999999999995 deg, practicalMoveTime: 1.2124573245587014 sec
2026-05-26 20:49:16,167 - mazeUtils.moveTile - [moveTile.py:1115] - DEBUG - moveTile loop time: 54.2 ms
2026-05-26 20:49:16,171 - picamera2.picamera2 - [picamera2.py:1391] - DEBUG - Execute job: <picamera2.job.Job object at 0x7f86465910>
2026-05-26 20:49:16,174 - mazeUtils.device.camera - [camera.py:37] - DEBUG - Average HSV: H=152.5, S=48.3, V=77.3
2026-05-26 20:49:16,222 - mazeUtils.moveTile - [moveTile.py:80] - DEBUG - roll: 26.44999999999999 deg, practicalMoveTime: 1.2545083467875249 sec
2026-05-26 20:49:16,222 - mazeUtils.moveTile - [moveTile.py:1115] - DEBUG - moveTile loop time: 54.9 ms
2026-05-26 20:49:16,229 - picamera2.picamera2 - [picamera2.py:1391] - DEBUG - Execute job: <picamera2.job.Job object at 0x7f97f50650>
2026-05-26 20:49:16,232 - mazeUtils.device.camera - [camera.py:37] - DEBUG - Average HSV: H=150.4, S=34.7, V=93.0
2026-05-26 20:49:16,281 - mazeUtils.moveTile - [moveTile.py:80] - DEBUG - roll: 26.55000000000001 deg, practicalMoveTime: 1.2991831981786055 sec
2026-05-26 20:49:16,281 - mazeUtils.moveTile - [moveTile.py:1115] - DEBUG - moveTile loop time: 58.7 ms
2026-05-26 20:49:16,288 - picamera2.picamera2 - [picamera2.py:1391] - DEBUG - Execute job: <picamera2.job.Job object at 0x7f97efff50>
2026-05-26 20:49:16,291 - mazeUtils.device.camera - [camera.py:37] - DEBUG - Average HSV: H=154.0, S=33.2, V=93.5
2026-05-26 20:49:16,343 - mazeUtils.moveTile - [moveTile.py:80] - DEBUG - roll: 25.089999999999975 deg, practicalMoveTime: 1.3451507623120362 sec
2026-05-26 20:49:16,343 - mazeUtils.moveTile - [moveTile.py:1115] - DEBUG - moveTile loop time: 61.4 ms
2026-05-26 20:49:16,348 - picamera2.picamera2 - [picamera2.py:1391] - DEBUG - Execute job: <picamera2.job.Job object at 0x7fa9e7ab10>
2026-05-26 20:49:16,352 - mazeUtils.device.camera - [camera.py:37] - DEBUG - Average HSV: H=155.8, S=34.0, V=94.4
2026-05-26 20:49:16,399 - mazeUtils.moveTile - [moveTile.py:80] - DEBUG - roll: 24.360000000000014 deg, practicalMoveTime: 1.3891097867522058 sec
2026-05-26 20:49:16,400 - mazeUtils.moveTile - [moveTile.py:1115] - DEBUG - moveTile loop time: 56.1 ms
2026-05-26 20:49:16,406 - picamera2.picamera2 - [picamera2.py:1391] - DEBUG - Execute job: <picamera2.job.Job object at 0x7f97efff50>
2026-05-26 20:49:16,410 - mazeUtils.device.camera - [camera.py:37] - DEBUG - Average HSV: H=155.3, S=32.3, V=102.6
2026-05-26 20:49:16,458 - mazeUtils.moveTile - [moveTile.py:80] - DEBUG - roll: 23.50999999999999 deg, practicalMoveTime: 1.4351466519904925 sec
2026-05-26 20:49:16,459 - mazeUtils.moveTile - [moveTile.py:1115] - DEBUG - moveTile loop time: 58.6 ms
2026-05-26 20:49:16,463 - picamera2.picamera2 - [picamera2.py:1391] - DEBUG - Execute job: <picamera2.job.Job object at 0x7f864544d0>
2026-05-26 20:49:16,466 - mazeUtils.device.camera - [camera.py:37] - DEBUG - Average HSV: H=149.2, S=29.6, V=113.2
2026-05-26 20:49:16,515 - mazeUtils.moveTile - [moveTile.py:80] - DEBUG - roll: 24.75 deg, practicalMoveTime: 1.479338255826359 sec
2026-05-26 20:49:16,516 - mazeUtils.moveTile - [moveTile.py:1115] - DEBUG - moveTile loop time: 56.9 ms
2026-05-26 20:49:16,522 - picamera2.picamera2 - [picamera2.py:1391] - DEBUG - Execute job: <picamera2.job.Job object at 0x7f864544d0>
2026-05-26 20:49:16,525 - mazeUtils.device.camera - [camera.py:37] - DEBUG - Average HSV: H=136.2, S=31.9, V=139.0
2026-05-26 20:49:16,574 - mazeUtils.moveTile - [moveTile.py:80] - DEBUG - roll: 25.769999999999982 deg, practicalMoveTime: 1.5241706285699537 sec
2026-05-26 20:49:16,574 - mazeUtils.moveTile - [moveTile.py:1115] - DEBUG - moveTile loop time: 58.1 ms
2026-05-26 20:49:16,579 - picamera2.picamera2 - [picamera2.py:1391] - DEBUG - Execute job: <picamera2.job.Job object at 0x7fa9e7ab10>
2026-05-26 20:49:16,582 - mazeUtils.device.camera - [camera.py:37] - DEBUG - Average HSV: H=131.2, S=35.3, V=150.2
2026-05-26 20:49:16,633 - mazeUtils.moveTile - [moveTile.py:80] - DEBUG - roll: 26.829999999999984 deg, practicalMoveTime: 1.5691412151313133 sec
2026-05-26 20:49:16,633 - mazeUtils.moveTile - [moveTile.py:1115] - DEBUG - moveTile loop time: 59.0 ms
2026-05-26 20:49:16,639 - picamera2.picamera2 - [picamera2.py:1391] - DEBUG - Execute job: <picamera2.job.Job object at 0x7f8619f250>
2026-05-26 20:49:16,643 - mazeUtils.device.camera - [camera.py:37] - DEBUG - Average HSV: H=130.8, S=47.4, V=129.9
2026-05-26 20:49:16,691 - mazeUtils.moveTile - [moveTile.py:80] - DEBUG - roll: 27.769999999999982 deg, practicalMoveTime: 1.6132666725543898 sec
2026-05-26 20:49:16,692 - mazeUtils.moveTile - [moveTile.py:1115] - DEBUG - moveTile loop time: 58.0 ms
2026-05-26 20:49:16,696 - picamera2.picamera2 - [picamera2.py:1391] - DEBUG - Execute job: <picamera2.job.Job object at 0x7f97f499d0>
2026-05-26 20:49:16,699 - mazeUtils.device.camera - [camera.py:37] - DEBUG - Average HSV: H=128.1, S=83.4, V=90.4
2026-05-26 20:49:16,748 - mazeUtils.moveTile - [moveTile.py:80] - DEBUG - roll: 28.20999999999998 deg, practicalMoveTime: 1.6542535245427452 sec
2026-05-26 20:49:16,749 - mazeUtils.moveTile - [moveTile.py:1115] - DEBUG - moveTile loop time: 56.8 ms
2026-05-26 20:49:16,754 - picamera2.picamera2 - [picamera2.py:1391] - DEBUG - Execute job: <picamera2.job.Job object at 0x7f86180f10>
2026-05-26 20:49:16,757 - mazeUtils.device.camera - [camera.py:37] - DEBUG - Average HSV: H=127.4, S=53.8, V=134.8
2026-05-26 20:49:16,806 - mazeUtils.moveTile - [moveTile.py:80] - DEBUG - roll: 28.170000000000016 deg, practicalMoveTime: 1.6970330656915276 sec
2026-05-26 20:49:16,806 - mazeUtils.moveTile - [moveTile.py:1115] - DEBUG - moveTile loop time: 56.8 ms
2026-05-26 20:49:16,811 - picamera2.picamera2 - [picamera2.py:1391] - DEBUG - Execute job: <picamera2.job.Job object at 0x7f864544d0>
2026-05-26 20:49:16,815 - mazeUtils.device.camera - [camera.py:37] - DEBUG - Average HSV: H=127.7, S=41.2, V=154.3
2026-05-26 20:49:16,864 - mazeUtils.moveTile - [moveTile.py:80] - DEBUG - roll: 27.920000000000016 deg, practicalMoveTime: 1.74111669201505 sec
2026-05-26 20:49:16,864 - mazeUtils.moveTile - [moveTile.py:1115] - DEBUG - moveTile loop time: 58.2 ms
2026-05-26 20:49:16,870 - picamera2.picamera2 - [picamera2.py:1391] - DEBUG - Execute job: <picamera2.job.Job object at 0x7f8619f110>
2026-05-26 20:49:16,874 - mazeUtils.device.camera - [camera.py:37] - DEBUG - Average HSV: H=128.0, S=40.5, V=151.6
2026-05-26 20:49:16,921 - mazeUtils.moveTile - [moveTile.py:80] - DEBUG - roll: 28.349999999999966 deg, practicalMoveTime: 1.7841305394048295 sec
2026-05-26 20:49:16,922 - mazeUtils.moveTile - [moveTile.py:1115] - DEBUG - moveTile loop time: 57.1 ms
2026-05-26 20:49:16,928 - picamera2.picamera2 - [picamera2.py:1391] - DEBUG - Execute job: <picamera2.job.Job object at 0x7f97f50650>
2026-05-26 20:49:16,931 - mazeUtils.device.camera - [camera.py:37] - DEBUG - Average HSV: H=130.0, S=36.6, V=144.2
2026-05-26 20:49:16,979 - mazeUtils.moveTile - [moveTile.py:80] - DEBUG - roll: 28.430000000000007 deg, practicalMoveTime: 1.8269519225317108 sec
2026-05-26 20:49:16,979 - mazeUtils.moveTile - [moveTile.py:1115] - DEBUG - moveTile loop time: 57.3 ms
2026-05-26 20:49:16,985 - picamera2.picamera2 - [picamera2.py:1391] - DEBUG - Execute job: <picamera2.job.Job object at 0x7f97efff50>
2026-05-26 20:49:16,988 - mazeUtils.device.camera - [camera.py:37] - DEBUG - Average HSV: H=131.2, S=34.9, V=140.6
2026-05-26 20:49:17,038 - mazeUtils.moveTile - [moveTile.py:80] - DEBUG - roll: 28.96999999999997 deg, practicalMoveTime: 1.8713864521378816 sec
2026-05-26 20:49:17,039 - mazeUtils.moveTile - [moveTile.py:1115] - DEBUG - moveTile loop time: 59.2 ms
2026-05-26 20:49:17,045 - picamera2.picamera2 - [picamera2.py:1391] - DEBUG - Execute job: <picamera2.job.Job object at 0x7f97eb7250>
2026-05-26 20:49:17,048 - mazeUtils.device.camera - [camera.py:37] - DEBUG - Average HSV: H=131.3, S=34.7, V=138.2
2026-05-26 20:49:17,098 - mazeUtils.moveTile - [moveTile.py:80] - DEBUG - roll: 30.45999999999998 deg, practicalMoveTime: 1.9151594515532793 sec
2026-05-26 20:49:17,099 - mazeUtils.moveTile - [moveTile.py:1115] - DEBUG - moveTile loop time: 59.9 ms
2026-05-26 20:49:17,104 - picamera2.picamera2 - [picamera2.py:1391] - DEBUG - Execute job: <picamera2.job.Job object at 0x7f97f50650>
2026-05-26 20:49:17,107 - mazeUtils.device.camera - [camera.py:37] - DEBUG - Average HSV: H=130.9, S=35.7, V=139.2
2026-05-26 20:49:17,157 - mazeUtils.moveTile - [moveTile.py:80] - DEBUG - roll: 29.819999999999993 deg, practicalMoveTime: 1.95653127857924 sec
2026-05-26 20:49:17,157 - mazeUtils.moveTile - [moveTile.py:1115] - DEBUG - moveTile loop time: 58.5 ms
2026-05-26 20:49:17,163 - picamera2.picamera2 - [picamera2.py:1391] - DEBUG - Execute job: <picamera2.job.Job object at 0x7f86180f10>
2026-05-26 20:49:17,166 - mazeUtils.device.camera - [camera.py:37] - DEBUG - Average HSV: H=131.1, S=35.4, V=140.9
2026-05-26 20:49:17,217 - picamera2.picamera2 - [picamera2.py:1391] - DEBUG - Execute job: <picamera2.job.Job object at 0x7f86425750>
2026-05-26 20:49:17,220 - mazeUtils.device.camera - [camera.py:37] - DEBUG - Average HSV: H=133.9, S=32.0, V=141.9
2026-05-26 20:49:17,268 - mazeUtils.moveTile - [moveTile.py:80] - DEBUG - roll: 28.70999999999998 deg, practicalMoveTime: 2.0411644825247364 sec
2026-05-26 20:49:17,269 - mazeUtils.moveTile - [moveTile.py:1115] - DEBUG - moveTile loop time: 55.2 ms
2026-05-26 20:49:17,274 - picamera2.picamera2 - [picamera2.py:1391] - DEBUG - Execute job: <picamera2.job.Job object at 0x7f97f4be10>
2026-05-26 20:49:17,277 - mazeUtils.device.camera - [camera.py:37] - DEBUG - Average HSV: H=137.0, S=28.6, V=143.2
2026-05-26 20:49:17,326 - mazeUtils.moveTile - [moveTile.py:80] - DEBUG - roll: 27.409999999999968 deg, practicalMoveTime: 2.0835141853333976 sec
2026-05-26 20:49:17,326 - mazeUtils.moveTile - [moveTile.py:1115] - DEBUG - moveTile loop time: 56.9 ms
2026-05-26 20:49:17,331 - picamera2.picamera2 - [picamera2.py:1391] - DEBUG - Execute job: <picamera2.job.Job object at 0x7f8619f250>
2026-05-26 20:49:17,334 - mazeUtils.device.camera - [camera.py:37] - DEBUG - Average HSV: H=135.6, S=30.5, V=143.1
2026-05-26 20:49:17,384 - mazeUtils.moveTile - [moveTile.py:80] - DEBUG - roll: 26.639999999999986 deg, practicalMoveTime: 2.1279786141456363 sec
2026-05-26 20:49:17,384 - mazeUtils.moveTile - [moveTile.py:1115] - DEBUG - moveTile loop time: 58.2 ms
2026-05-26 20:49:17,391 - picamera2.picamera2 - [picamera2.py:1391] - DEBUG - Execute job: <picamera2.job.Job object at 0x7f86425750>
2026-05-26 20:49:17,394 - mazeUtils.device.camera - [camera.py:37] - DEBUG - Average HSV: H=140.4, S=24.6, V=144.9
2026-05-26 20:49:17,444 - mazeUtils.moveTile - [moveTile.py:80] - DEBUG - roll: 26.50999999999999 deg, practicalMoveTime: 2.172913474436437 sec
2026-05-26 20:49:17,444 - mazeUtils.moveTile - [moveTile.py:1115] - DEBUG - moveTile loop time: 59.3 ms
2026-05-26 20:49:17,449 - picamera2.picamera2 - [picamera2.py:1391] - DEBUG - Execute job: <picamera2.job.Job object at 0x7f86465910>
2026-05-26 20:49:17,452 - mazeUtils.device.camera - [camera.py:37] - DEBUG - Average HSV: H=132.5, S=32.9, V=139.6
2026-05-26 20:49:17,501 - mazeUtils.moveTile - [moveTile.py:80] - DEBUG - roll: 27.05000000000001 deg, practicalMoveTime: 2.215137941773508 sec
2026-05-26 20:49:17,501 - mazeUtils.moveTile - [moveTile.py:1115] - DEBUG - moveTile loop time: 56.8 ms
2026-05-26 20:49:17,506 - picamera2.picamera2 - [picamera2.py:1391] - DEBUG - Execute job: <picamera2.job.Job object at 0x7f8619efd0>
2026-05-26 20:49:17,509 - mazeUtils.device.camera - [camera.py:37] - DEBUG - Average HSV: H=129.9, S=36.8, V=135.3
2026-05-26 20:49:17,559 - mazeUtils.moveTile - [moveTile.py:80] - DEBUG - roll: 25.139999999999986 deg, practicalMoveTime: 2.2603133952442382 sec
2026-05-26 20:49:17,559 - mazeUtils.moveTile - [moveTile.py:1115] - DEBUG - moveTile loop time: 58.2 ms
2026-05-26 20:49:17,566 - picamera2.picamera2 - [picamera2.py:1391] - DEBUG - Execute job: <picamera2.job.Job object at 0x7f864544d0>
2026-05-26 20:49:17,569 - mazeUtils.device.camera - [camera.py:37] - DEBUG - Average HSV: H=128.7, S=39.7, V=128.8
2026-05-26 20:49:17,617 - mazeUtils.moveTile - [moveTile.py:80] - DEBUG - roll: 23.670000000000016 deg, practicalMoveTime: 2.30441223175517 sec
2026-05-26 20:49:17,617 - mazeUtils.moveTile - [moveTile.py:1115] - DEBUG - moveTile loop time: 57.5 ms
2026-05-26 20:49:17,623 - picamera2.picamera2 - [picamera2.py:1391] - DEBUG - Execute job: <picamera2.job.Job object at 0x7f86454490>
2026-05-26 20:49:17,626 - mazeUtils.device.camera - [camera.py:37] - DEBUG - Average HSV: H=105.8, S=85.5, V=51.6
2026-05-26 20:49:17,676 - mazeUtils.moveTile - [moveTile.py:80] - DEBUG - roll: 24.089999999999975 deg, practicalMoveTime: 2.350738040836958 sec
2026-05-26 20:49:17,677 - mazeUtils.moveTile - [moveTile.py:1115] - DEBUG - moveTile loop time: 60.1 ms
2026-05-26 20:49:17,682 - picamera2.picamera2 - [picamera2.py:1391] - DEBUG - Execute job: <picamera2.job.Job object at 0x7fa9e7ab10>
2026-05-26 20:49:17,687 - mazeUtils.device.camera - [camera.py:37] - DEBUG - Average HSV: H=145.8, S=58.6, V=81.4
2026-05-26 20:49:17,735 - mazeUtils.moveTile - [moveTile.py:80] - DEBUG - roll: 25.55000000000001 deg, practicalMoveTime: 2.3950112346248256 sec
2026-05-26 20:49:17,735 - mazeUtils.moveTile - [moveTile.py:1115] - DEBUG - moveTile loop time: 56.9 ms
2026-05-26 20:49:17,741 - picamera2.picamera2 - [picamera2.py:1391] - DEBUG - Execute job: <picamera2.job.Job object at 0x7f97f50650>
2026-05-26 20:49:17,745 - mazeUtils.device.camera - [camera.py:37] - DEBUG - Average HSV: H=117.3, S=48.0, V=109.1
2026-05-26 20:49:17,797 - mazeUtils.moveTile - [moveTile.py:80] - DEBUG - roll: 24.97999999999996 deg, practicalMoveTime: 2.443021094377768 sec
2026-05-26 20:49:17,797 - mazeUtils.moveTile - [moveTile.py:1115] - DEBUG - moveTile loop time: 61.8 ms
2026-05-26 20:49:17,804 - picamera2.picamera2 - [picamera2.py:1391] - DEBUG - Execute job: <picamera2.job.Job object at 0x7f86180f10>
2026-05-26 20:49:17,808 - mazeUtils.device.camera - [camera.py:37] - DEBUG - Average HSV: H=88.7, S=53.4, V=104.5
2026-05-26 20:49:17,858 - mazeUtils.moveTile - [moveTile.py:80] - DEBUG - roll: 24.70999999999998 deg, practicalMoveTime: 2.489388868339656 sec
2026-05-26 20:49:17,859 - mazeUtils.moveTile - [moveTile.py:1115] - DEBUG - moveTile loop time: 61.4 ms
2026-05-26 20:49:17,865 - picamera2.picamera2 - [picamera2.py:1391] - DEBUG - Execute job: <picamera2.job.Job object at 0x7f8619f110>
2026-05-26 20:49:17,870 - mazeUtils.device.camera - [camera.py:37] - DEBUG - Average HSV: H=56.8, S=61.9, V=96.0
2026-05-26 20:49:17,920 - mazeUtils.moveTile - [moveTile.py:80] - DEBUG - roll: 25.689999999999998 deg, practicalMoveTime: 2.534989497419113 sec
2026-05-26 20:49:17,921 - mazeUtils.moveTile - [moveTile.py:1115] - DEBUG - moveTile loop time: 61.0 ms
2026-05-26 20:49:17,927 - picamera2.picamera2 - [picamera2.py:1391] - DEBUG - Execute job: <picamera2.job.Job object at 0x7f864544d0>
2026-05-26 20:49:17,931 - mazeUtils.device.camera - [camera.py:37] - DEBUG - Average HSV: H=46.2, S=65.4, V=93.3
2026-05-26 20:49:17,983 - mazeUtils.moveTile - [moveTile.py:80] - DEBUG - roll: 25.310000000000002 deg, practicalMoveTime: 2.5810874574830325 sec
2026-05-26 20:49:17,984 - mazeUtils.moveTile - [moveTile.py:1115] - DEBUG - moveTile loop time: 62.0 ms
2026-05-26 20:49:17,988 - picamera2.picamera2 - [picamera2.py:1391] - DEBUG - Execute job: <picamera2.job.Job object at 0x7f86465910>
2026-05-26 20:49:17,993 - mazeUtils.device.camera - [camera.py:37] - DEBUG - Average HSV: H=32.9, S=72.8, V=83.9
2026-05-26 20:49:18,043 - mazeUtils.moveTile - [moveTile.py:80] - DEBUG - roll: 26.96999999999997 deg, practicalMoveTime: 2.62528001689527 sec
2026-05-26 20:49:18,044 - mazeUtils.moveTile - [moveTile.py:1115] - DEBUG - moveTile loop time: 60.0 ms
2026-05-26 20:49:18,050 - picamera2.picamera2 - [picamera2.py:1391] - DEBUG - Execute job: <picamera2.job.Job object at 0x7f97f4be10>
2026-05-26 20:49:18,055 - mazeUtils.device.camera - [camera.py:37] - DEBUG - Average HSV: H=43.5, S=69.4, V=75.7
2026-05-26 20:49:18,103 - mazeUtils.moveTile - [moveTile.py:80] - DEBUG - roll: 27.939999999999998 deg, practicalMoveTime: 2.6700932745705 sec
2026-05-26 20:49:18,104 - mazeUtils.moveTile - [moveTile.py:1115] - DEBUG - moveTile loop time: 58.9 ms
2026-05-26 20:49:18,110 - picamera2.picamera2 - [picamera2.py:1391] - DEBUG - Execute job: <picamera2.job.Job object at 0x7fa9e7ab10>
2026-05-26 20:49:18,115 - mazeUtils.device.camera - [camera.py:37] - DEBUG - Average HSV: H=53.5, S=67.3, V=68.7
2026-05-26 20:49:18,165 - mazeUtils.moveTile - [moveTile.py:80] - DEBUG - roll: 28.349999999999966 deg, practicalMoveTime: 2.716624665073879 sec
2026-05-26 20:49:18,166 - mazeUtils.moveTile - [moveTile.py:1115] - DEBUG - moveTile loop time: 61.7 ms
2026-05-26 20:49:18,172 - picamera2.picamera2 - [picamera2.py:1391] - DEBUG - Execute job: <picamera2.job.Job object at 0x7f8619efd0>
2026-05-26 20:49:18,177 - mazeUtils.device.camera - [camera.py:37] - DEBUG - Average HSV: H=36.7, S=71.4, V=74.3
2026-05-26 20:49:18,225 - mazeUtils.moveTile - [moveTile.py:80] - DEBUG - roll: 26.05000000000001 deg, practicalMoveTime: 2.7623865278632214 sec
2026-05-26 20:49:18,226 - mazeUtils.moveTile - [moveTile.py:1115] - DEBUG - moveTile loop time: 59.9 ms
2026-05-26 20:49:18,230 - picamera2.picamera2 - [picamera2.py:1391] - DEBUG - Execute job: <picamera2.job.Job object at 0x7f864544d0>
2026-05-26 20:49:18,235 - mazeUtils.device.camera - [camera.py:37] - DEBUG - Average HSV: H=21.0, S=74.0, V=88.3
2026-05-26 20:49:18,283 - mazeUtils.moveTile - [moveTile.py:80] - DEBUG - roll: 21.629999999999995 deg, practicalMoveTime: 2.807984086317563 sec
2026-05-26 20:49:18,284 - mazeUtils.moveTile - [moveTile.py:1115] - DEBUG - moveTile loop time: 57.5 ms
2026-05-26 20:49:18,290 - picamera2.picamera2 - [picamera2.py:1391] - DEBUG - Execute job: <picamera2.job.Job object at 0x7f97f50650>
2026-05-26 20:49:18,294 - mazeUtils.device.camera - [camera.py:37] - DEBUG - Average HSV: H=23.1, S=72.8, V=92.9
2026-05-26 20:49:18,345 - mazeUtils.moveTile - [moveTile.py:80] - DEBUG - roll: 17.849999999999966 deg, practicalMoveTime: 2.857830071786189 sec
2026-05-26 20:49:18,345 - mazeUtils.moveTile - [moveTile.py:1115] - DEBUG - moveTile loop time: 60.9 ms
2026-05-26 20:49:18,352 - picamera2.picamera2 - [picamera2.py:1391] - DEBUG - Execute job: <picamera2.job.Job object at 0x7f86454490>
2026-05-26 20:49:18,357 - mazeUtils.device.camera - [camera.py:37] - DEBUG - Average HSV: H=22.0, S=72.2, V=95.5
2026-05-26 20:49:18,404 - mazeUtils.moveTile - [moveTile.py:80] - DEBUG - roll: 15.170000000000016 deg, practicalMoveTime: 2.906805169686317 sec
2026-05-26 20:49:18,405 - mazeUtils.moveTile - [moveTile.py:1115] - DEBUG - moveTile loop time: 59.3 ms
2026-05-26 20:49:18,412 - picamera2.picamera2 - [picamera2.py:1391] - DEBUG - Execute job: <picamera2.job.Job object at 0x7f97eb7250>
2026-05-26 20:49:18,418 - mazeUtils.device.camera - [camera.py:37] - DEBUG - Average HSV: H=22.9, S=72.4, V=97.3
2026-05-26 20:49:18,583 - mazeUtils.moveTile - [moveTile.py:511] - DEBUG - Direction: absDirection.NORTH, Angle: 0, Distance: 141.26086777124686 cm
2026-05-26 20:49:18,585 - mazeUtils.moveTile - [moveTile.py:511] - DEBUG - Direction: absDirection.EAST, Angle: 270, Distance: 45.22490047000088 cm
2026-05-26 20:49:18,587 - mazeUtils.moveTile - [moveTile.py:511] - DEBUG - Direction: absDirection.SOUTH, Angle: 180, Distance: 132.7111038400382 cm
2026-05-26 20:49:18,590 - mazeUtils.moveTile - [moveTile.py:511] - DEBUG - Direction: absDirection.WEST, Angle: 90, Distance: 52.437561616795485 cm
2026-05-26 20:49:18,591 - mazeUtils.moveTile - [moveTile.py:1287] - INFO - Tile color detection counts: {}, decided tile type: E
2026-05-26 20:49:18,738 - __main__ - [main.py:84] - INFO - Current position: (20, 20, 1), front direction: absDirection.NORTH
Layer 0 (altitude=0.0cm, offset=(0.0cm, 0.0cm)):
Known map area: x=20..20, y=20..20
+   +
  S |
+   +
Layer 1 (altitude=33.54661079389375cm, offset=(0.0cm, -90.0cm)):
Known map area: x=20..20, y=20..20
+   +
  @  
+   +
mazeAsGraph[0][20][20] = {absDirection.NORTH: (20, 20, 1), absDirection.EAST: None, absDirection.SOUTH: (20, 21, 0), absDirection.WEST: (19, 20, 0)}
mazeAsGraph[1][20][20] = {absDirection.NORTH: (20, 19, 1), absDirection.EAST: (21, 20, 1), absDirection.SOUTH: (20, 20, 0), absDirection.WEST: (19, 20, 1)}
2026-05-26 20:49:18,756 - mazeUtils.mazeMap - [mazeMap.py:61] - INFO - next goal: (20, 19, 1)
2026-05-26 20:49:18,757 - mazeUtils.mazeMap - [mazeMap.py:61] - INFO - next goal: (20, 19, 1)
2026-05-26 20:49:18,764 - mazeUtils.moveTile - [moveTile.py:80] - DEBUG - Moving to absDirection.NORTH from (20, 20, 1) facing absDirection.NORTH
2026-05-26 20:49:18,867 - picamera2.picamera2 - [picamera2.py:1391] - DEBUG - Execute job: <picamera2.job.Job object at 0x7f86191990>
2026-05-26 20:49:18,870 - mazeUtils.device.camera - [camera.py:37] - DEBUG - Average HSV: H=26.6, S=74.1, V=97.0
2026-05-26 20:49:18,919 - mazeUtils.moveTile - [moveTile.py:80] - DEBUG - roll: 5.509999999999991 deg, practicalMoveTime: 0.05062291034867623 sec
2026-05-26 20:49:18,919 - mazeUtils.moveTile - [moveTile.py:1115] - DEBUG - moveTile loop time: 56.7 ms
2026-05-26 20:49:18,923 - picamera2.picamera2 - [picamera2.py:1391] - DEBUG - Execute job: <picamera2.job.Job object at 0x7f861901d0>
2026-05-26 20:49:18,927 - mazeUtils.device.camera - [camera.py:37] - DEBUG - Average HSV: H=23.3, S=74.9, V=98.8
2026-05-26 20:49:18,975 - mazeUtils.moveTile - [moveTile.py:80] - DEBUG - roll: 2.3899999999999864 deg, practicalMoveTime: 0.10117308644051329 sec
2026-05-26 20:49:18,976 - mazeUtils.moveTile - [moveTile.py:1115] - DEBUG - moveTile loop time: 56.5 ms
2026-05-26 20:49:18,980 - picamera2.picamera2 - [picamera2.py:1391] - DEBUG - Execute job: <picamera2.job.Job object at 0x7f9ce72d50>
2026-05-26 20:49:18,983 - mazeUtils.device.camera - [camera.py:37] - DEBUG - Average HSV: H=27.1, S=75.9, V=95.7
2026-05-26 20:49:19,030 - mazeUtils.moveTile - [moveTile.py:80] - DEBUG - roll: 0.5199999999999818 deg, practicalMoveTime: 0.14970705440878823 sec
2026-05-26 20:49:19,030 - mazeUtils.moveTile - [moveTile.py:1115] - DEBUG - moveTile loop time: 54.2 ms
2026-05-26 20:49:19,034 - picamera2.picamera2 - [picamera2.py:1391] - DEBUG - Execute job: <picamera2.job.Job object at 0x7f861901d0>
2026-05-26 20:49:19,038 - mazeUtils.device.camera - [camera.py:37] - DEBUG - Average HSV: H=21.7, S=78.0, V=94.0
2026-05-26 20:49:19,087 - mazeUtils.moveTile - [moveTile.py:80] - DEBUG - roll: 359.86 deg, practicalMoveTime: 0.2059879761784232 sec
2026-05-26 20:49:19,087 - mazeUtils.moveTile - [moveTile.py:1115] - DEBUG - moveTile loop time: 56.5 ms
2026-05-26 20:49:19,091 - picamera2.picamera2 - [picamera2.py:1391] - DEBUG - Execute job: <picamera2.job.Job object at 0x7f86191990>
2026-05-26 20:49:19,095 - mazeUtils.device.camera - [camera.py:37] - DEBUG - Average HSV: H=20.1, S=80.2, V=94.7
2026-05-26 20:49:19,144 - mazeUtils.moveTile - [moveTile.py:80] - DEBUG - roll: 0.2899999999999636 deg, practicalMoveTime: 0.2570325493839921 sec
2026-05-26 20:49:19,144 - mazeUtils.moveTile - [moveTile.py:1115] - DEBUG - moveTile loop time: 57.0 ms
2026-05-26 20:49:19,148 - picamera2.picamera2 - [picamera2.py:1391] - DEBUG - Execute job: <picamera2.job.Job object at 0x7f9ce72d50>
2026-05-26 20:49:19,151 - mazeUtils.device.camera - [camera.py:37] - DEBUG - Average HSV: H=22.8, S=78.4, V=92.2
2026-05-26 20:49:19,200 - mazeUtils.moveTile - [moveTile.py:80] - DEBUG - roll: 0.6100000000000136 deg, practicalMoveTime: 0.3071391674735061 sec
2026-05-26 20:49:19,200 - mazeUtils.moveTile - [moveTile.py:1115] - DEBUG - moveTile loop time: 56.0 ms
2026-05-26 20:49:19,205 - picamera2.picamera2 - [picamera2.py:1391] - DEBUG - Execute job: <picamera2.job.Job object at 0x7f86190310>
2026-05-26 20:49:19,209 - mazeUtils.device.camera - [camera.py:37] - DEBUG - Average HSV: H=23.6, S=80.3, V=89.9
2026-05-26 20:49:19,258 - mazeUtils.moveTile - [moveTile.py:80] - DEBUG - roll: 0.18999999999999773 deg, practicalMoveTime: 0.3585096249565719 sec
2026-05-26 20:49:19,258 - mazeUtils.moveTile - [moveTile.py:1115] - DEBUG - moveTile loop time: 57.3 ms
2026-05-26 20:49:19,262 - picamera2.picamera2 - [picamera2.py:1391] - DEBUG - Execute job: <picamera2.job.Job object at 0x7f86190310>
2026-05-26 20:49:19,265 - mazeUtils.device.camera - [camera.py:37] - DEBUG - Average HSV: H=21.1, S=82.0, V=88.6
2026-05-26 20:49:19,313 - mazeUtils.moveTile - [moveTile.py:80] - DEBUG - roll: 0.5600000000000023 deg, practicalMoveTime: 0.4075479339184 sec
2026-05-26 20:49:19,313 - mazeUtils.moveTile - [moveTile.py:1115] - DEBUG - moveTile loop time: 54.9 ms
2026-05-26 20:49:19,317 - picamera2.picamera2 - [picamera2.py:1391] - DEBUG - Execute job: <picamera2.job.Job object at 0x7f86191990>
2026-05-26 20:49:19,321 - mazeUtils.device.camera - [camera.py:37] - DEBUG - Average HSV: H=15.8, S=86.2, V=87.6
2026-05-26 20:49:19,368 - mazeUtils.moveTile - [moveTile.py:80] - DEBUG - roll: 0.7199999999999704 deg, practicalMoveTime: 0.45696662960296636 sec
2026-05-26 20:49:19,368 - mazeUtils.moveTile - [moveTile.py:1115] - DEBUG - moveTile loop time: 55.2 ms
2026-05-26 20:49:19,375 - picamera2.picamera2 - [picamera2.py:1391] - DEBUG - Execute job: <picamera2.job.Job object at 0x7f86191710>
2026-05-26 20:49:19,378 - mazeUtils.device.camera - [camera.py:37] - DEBUG - Average HSV: H=11.1, S=92.3, V=86.4
2026-05-26 20:49:19,428 - mazeUtils.moveTile - [moveTile.py:80] - DEBUG - roll: 0.6899999999999977 deg, practicalMoveTime: 0.5102011848278132 sec
2026-05-26 20:49:19,428 - mazeUtils.moveTile - [moveTile.py:1115] - DEBUG - moveTile loop time: 59.5 ms
2026-05-26 20:49:19,434 - picamera2.picamera2 - [picamera2.py:1391] - DEBUG - Execute job: <picamera2.job.Job object at 0x7f86191210>
2026-05-26 20:49:19,437 - mazeUtils.device.camera - [camera.py:37] - DEBUG - Average HSV: H=11.9, S=88.7, V=86.9
2026-05-26 20:49:19,488 - mazeUtils.moveTile - [moveTile.py:80] - DEBUG - roll: 0.6399999999999864 deg, practicalMoveTime: 0.5637347368661237 sec
2026-05-26 20:49:19,488 - mazeUtils.moveTile - [moveTile.py:1115] - DEBUG - moveTile loop time: 59.3 ms
2026-05-26 20:49:19,493 - picamera2.picamera2 - [picamera2.py:1391] - DEBUG - Execute job: <picamera2.job.Job object at 0x7f86191210>
2026-05-26 20:49:19,496 - mazeUtils.device.camera - [camera.py:37] - DEBUG - Average HSV: H=14.9, S=86.1, V=85.8
2026-05-26 20:49:19,546 - mazeUtils.moveTile - [moveTile.py:80] - DEBUG - roll: 0.37000000000000455 deg, practicalMoveTime: 0.615674524132595 sec
2026-05-26 20:49:19,547 - mazeUtils.moveTile - [moveTile.py:1115] - DEBUG - moveTile loop time: 58.2 ms
2026-05-26 20:49:19,552 - picamera2.picamera2 - [picamera2.py:1391] - DEBUG - Execute job: <picamera2.job.Job object at 0x7f86190e50>
2026-05-26 20:49:19,555 - mazeUtils.device.camera - [camera.py:37] - DEBUG - Average HSV: H=17.2, S=85.3, V=84.1
2026-05-26 20:49:19,602 - mazeUtils.moveTile - [moveTile.py:80] - DEBUG - roll: 0.6399999999999864 deg, practicalMoveTime: 0.6656486850095287 sec
2026-05-26 20:49:19,603 - mazeUtils.moveTile - [moveTile.py:1115] - DEBUG - moveTile loop time: 55.9 ms
2026-05-26 20:49:19,609 - picamera2.picamera2 - [picamera2.py:1391] - DEBUG - Execute job: <picamera2.job.Job object at 0x7f86191210>
2026-05-26 20:49:19,612 - mazeUtils.device.camera - [camera.py:37] - DEBUG - Average HSV: H=23.3, S=84.3, V=83.7
2026-05-26 20:49:19,659 - mazeUtils.moveTile - [moveTile.py:80] - DEBUG - roll: 0.5500000000000114 deg, practicalMoveTime: 0.71591075153945 sec
2026-05-26 20:49:19,659 - mazeUtils.moveTile - [moveTile.py:1115] - DEBUG - moveTile loop time: 56.0 ms
2026-05-26 20:49:19,663 - picamera2.picamera2 - [picamera2.py:1391] - DEBUG - Execute job: <picamera2.job.Job object at 0x7f86191710>
2026-05-26 20:49:19,668 - mazeUtils.device.camera - [camera.py:37] - DEBUG - Average HSV: H=28.3, S=85.8, V=80.0
2026-05-26 20:49:19,716 - mazeUtils.moveTile - [moveTile.py:80] - DEBUG - roll: 0.3199999999999932 deg, practicalMoveTime: 0.7673763900042017 sec
2026-05-26 20:49:19,717 - mazeUtils.moveTile - [moveTile.py:1115] - DEBUG - moveTile loop time: 57.6 ms
2026-05-26 20:49:19,722 - picamera2.picamera2 - [picamera2.py:1391] - DEBUG - Execute job: <picamera2.job.Job object at 0x7f86191710>
2026-05-26 20:49:19,725 - mazeUtils.device.camera - [camera.py:37] - DEBUG - Average HSV: H=22.8, S=92.4, V=78.8
2026-05-26 20:49:19,773 - mazeUtils.moveTile - [moveTile.py:80] - DEBUG - roll: 0.5999999999999659 deg, practicalMoveTime: 0.8176493882812484 sec
2026-05-26 20:49:19,774 - mazeUtils.moveTile - [moveTile.py:1115] - DEBUG - moveTile loop time: 56.8 ms
2026-05-26 20:49:19,779 - picamera2.picamera2 - [picamera2.py:1391] - DEBUG - Execute job: <picamera2.job.Job object at 0x7f9ce72d50>
2026-05-26 20:49:19,783 - mazeUtils.device.camera - [camera.py:37] - DEBUG - Average HSV: H=25.8, S=89.9, V=78.9
2026-05-26 20:49:19,831 - mazeUtils.moveTile - [moveTile.py:80] - DEBUG - roll: 0.4399999999999977 deg, practicalMoveTime: 0.8687435342131317 sec
2026-05-26 20:49:19,831 - mazeUtils.moveTile - [moveTile.py:1115] - DEBUG - moveTile loop time: 56.9 ms
2026-05-26 20:49:19,837 - picamera2.picamera2 - [picamera2.py:1391] - DEBUG - Execute job: <picamera2.job.Job object at 0x7f86191850>
2026-05-26 20:49:19,840 - mazeUtils.device.camera - [camera.py:37] - DEBUG - Average HSV: H=17.6, S=94.3, V=80.0
2026-05-26 20:49:19,889 - mazeUtils.moveTile - [moveTile.py:80] - DEBUG - roll: 0.6100000000000136 deg, practicalMoveTime: 0.9204810575260176 sec
2026-05-26 20:49:19,889 - mazeUtils.moveTile - [moveTile.py:1115] - DEBUG - moveTile loop time: 57.7 ms
2026-05-26 20:49:19,893 - picamera2.picamera2 - [picamera2.py:1391] - DEBUG - Execute job: <picamera2.job.Job object at 0x7f86191210>
2026-05-26 20:49:19,896 - mazeUtils.device.camera - [camera.py:37] - DEBUG - Average HSV: H=16.2, S=94.4, V=79.6
2026-05-26 20:49:19,946 - mazeUtils.moveTile - [moveTile.py:80] - DEBUG - roll: 0.6399999999999864 deg, practicalMoveTime: 0.9710527772904329 sec
2026-05-26 20:49:19,946 - mazeUtils.moveTile - [moveTile.py:1115] - DEBUG - moveTile loop time: 56.5 ms
2026-05-26 20:49:19,950 - picamera2.picamera2 - [picamera2.py:1391] - DEBUG - Execute job: <picamera2.job.Job object at 0x7f86190310>
2026-05-26 20:49:19,953 - mazeUtils.device.camera - [camera.py:37] - DEBUG - Average HSV: H=14.5, S=91.5, V=82.2
2026-05-26 20:49:20,094 - mazeUtils.moveTile - [moveTile.py:511] - DEBUG - Direction: absDirection.NORTH, Angle: 0, Distance: 27.20264952816035 cm
2026-05-26 20:49:20,095 - mazeUtils.moveTile - [moveTile.py:511] - DEBUG - Direction: absDirection.EAST, Angle: 270, Distance: 43.636479979277496 cm
2026-05-26 20:49:20,096 - mazeUtils.moveTile - [moveTile.py:511] - DEBUG - Direction: absDirection.SOUTH, Angle: 180, Distance: 163.03991821152266 cm
2026-05-26 20:49:20,098 - mazeUtils.moveTile - [moveTile.py:511] - DEBUG - Direction: absDirection.WEST, Angle: 90, Distance: 245.0943012455845 cm
2026-05-26 20:49:20,098 - mazeUtils.moveTile - [moveTile.py:1287] - INFO - Tile color detection counts: {}, decided tile type: E
2026-05-26 20:49:20,211 - __main__ - [main.py:84] - INFO - Current position: (20, 19, 1), front direction: absDirection.NORTH
Layer 0 (altitude=0.0cm, offset=(0.0cm, 0.0cm)):
Known map area: x=20..20, y=20..20
+   +
  S |
+   +
Layer 1 (altitude=33.54661079389375cm, offset=(0.0cm, -90.0cm)):
Known map area: x=20..20, y=19..20
+   +
  @  
+   +
  E  
+   +
mazeAsGraph[0][20][20] = {absDirection.NORTH: (20, 20, 1), absDirection.EAST: None, absDirection.SOUTH: (20, 21, 0), absDirection.WEST: (19, 20, 0)}
mazeAsGraph[1][19][20] = {absDirection.NORTH: (20, 18, 1), absDirection.EAST: (21, 19, 1), absDirection.SOUTH: (20, 20, 1), absDirection.WEST: (19, 19, 1)}
mazeAsGraph[1][20][20] = {absDirection.NORTH: (20, 19, 1), absDirection.EAST: (21, 20, 1), absDirection.SOUTH: (20, 20, 0), absDirection.WEST: (19, 20, 1)}
2026-05-26 20:49:20,222 - mazeUtils.mazeMap - [mazeMap.py:61] - INFO - next goal: (20, 18, 1)
2026-05-26 20:49:20,223 - mazeUtils.mazeMap - [mazeMap.py:61] - INFO - next goal: (20, 18, 1)
2026-05-26 20:49:20,230 - mazeUtils.moveTile - [moveTile.py:80] - DEBUG - Moving to absDirection.NORTH from (20, 19, 1) facing absDirection.NORTH
2026-05-26 20:49:20,328 - picamera2.picamera2 - [picamera2.py:1391] - DEBUG - Execute job: <picamera2.job.Job object at 0x7f860f3b50>
2026-05-26 20:49:20,332 - mazeUtils.device.camera - [camera.py:37] - DEBUG - Average HSV: H=12.4, S=86.9, V=86.2
2026-05-26 20:49:20,384 - mazeUtils.moveTile - [moveTile.py:80] - DEBUG - roll: 0.5199999999999818 deg, practicalMoveTime: 0.05362802410387013 sec
2026-05-26 20:49:20,384 - mazeUtils.moveTile - [moveTile.py:1115] - DEBUG - moveTile loop time: 59.6 ms
2026-05-26 20:49:20,388 - picamera2.picamera2 - [picamera2.py:1391] - DEBUG - Execute job: <picamera2.job.Job object at 0x7f860f3b50>
2026-05-26 20:49:20,391 - mazeUtils.device.camera - [camera.py:37] - DEBUG - Average HSV: H=8.9, S=88.0, V=89.1
2026-05-26 20:49:20,441 - mazeUtils.moveTile - [moveTile.py:80] - DEBUG - roll: 0.7899999999999636 deg, practicalMoveTime: 0.10478962340674448 sec
2026-05-26 20:49:20,441 - mazeUtils.moveTile - [moveTile.py:1115] - DEBUG - moveTile loop time: 57.0 ms
2026-05-26 20:49:20,447 - picamera2.picamera2 - [picamera2.py:1391] - DEBUG - Execute job: <picamera2.job.Job object at 0x7f860f3a10>
2026-05-26 20:49:20,451 - mazeUtils.device.camera - [camera.py:37] - DEBUG - Average HSV: H=10.1, S=87.4, V=88.2
2026-05-26 20:49:20,497 - mazeUtils.moveTile - [moveTile.py:80] - DEBUG - roll: 0.38999999999998636 deg, practicalMoveTime: 0.1551034802742138 sec
2026-05-26 20:49:20,498 - mazeUtils.moveTile - [moveTile.py:1115] - DEBUG - moveTile loop time: 56.2 ms
2026-05-26 20:49:20,501 - picamera2.picamera2 - [picamera2.py:1391] - DEBUG - Execute job: <picamera2.job.Job object at 0x7f860f3a90>
2026-05-26 20:49:20,504 - mazeUtils.device.camera - [camera.py:37] - DEBUG - Average HSV: H=13.0, S=84.8, V=88.6
2026-05-26 20:49:20,552 - mazeUtils.moveTile - [moveTile.py:80] - DEBUG - roll: 0.38999999999998636 deg, practicalMoveTime: 0.20404579451380986 sec
2026-05-26 20:49:20,552 - mazeUtils.moveTile - [moveTile.py:1115] - DEBUG - moveTile loop time: 54.7 ms
2026-05-26 20:49:20,556 - picamera2.picamera2 - [picamera2.py:1391] - DEBUG - Execute job: <picamera2.job.Job object at 0x7f860f3b50>
2026-05-26 20:49:20,560 - mazeUtils.device.camera - [camera.py:37] - DEBUG - Average HSV: H=16.8, S=84.3, V=88.8
2026-05-26 20:49:20,611 - mazeUtils.moveTile - [moveTile.py:80] - DEBUG - roll: 0.39999999999997726 deg, practicalMoveTime: 0.2568782310151357 sec
2026-05-26 20:49:20,612 - mazeUtils.moveTile - [moveTile.py:1115] - DEBUG - moveTile loop time: 59.0 ms
2026-05-26 20:49:20,618 - picamera2.picamera2 - [picamera2.py:1391] - DEBUG - Execute job: <picamera2.job.Job object at 0x7f864c4190>
2026-05-26 20:49:20,621 - mazeUtils.device.camera - [camera.py:37] - DEBUG - Average HSV: H=42.8, S=83.9, V=79.5
2026-05-26 20:49:20,750 - mazeUtils.moveTile - [moveTile.py:80] - DEBUG - Little forward to adjust position
2026-05-26 20:49:20,870 - mazeUtils.moveTile - [moveTile.py:511] - DEBUG - Direction: absDirection.NORTH, Angle: 0, Distance: 12.92537307288326 cm
2026-05-26 20:49:20,871 - mazeUtils.moveTile - [moveTile.py:511] - DEBUG - Direction: absDirection.EAST, Angle: 270, Distance: 41.26068786447959 cm
2026-05-26 20:49:20,872 - mazeUtils.moveTile - [moveTile.py:511] - DEBUG - Direction: absDirection.SOUTH, Angle: 180, Distance: 172.73610462693586 cm
2026-05-26 20:49:20,873 - mazeUtils.moveTile - [moveTile.py:511] - DEBUG - Direction: absDirection.WEST, Angle: 90, Distance: 246.26818657694534 cm
2026-05-26 20:49:20,873 - mazeUtils.moveTile - [moveTile.py:1287] - INFO - Tile color detection counts: {}, decided tile type: E
2026-05-26 20:49:20,987 - __main__ - [main.py:84] - INFO - Current position: (20, 18, 1), front direction: absDirection.NORTH
Layer 0 (altitude=0.0cm, offset=(0.0cm, 0.0cm)):
Known map area: x=20..20, y=20..20
+   +
  S |
+   +
Layer 1 (altitude=33.54661079389375cm, offset=(0.0cm, -90.0cm)):
Known map area: x=20..20, y=18..20
+---+
  @  
+   +
  E  
+   +
  E  
+   +
mazeAsGraph[0][20][20] = {absDirection.NORTH: (20, 20, 1), absDirection.EAST: None, absDirection.SOUTH: (20, 21, 0), absDirection.WEST: (19, 20, 0)}
mazeAsGraph[1][18][20] = {absDirection.NORTH: None, absDirection.EAST: (21, 18, 1), absDirection.SOUTH: (20, 19, 1), absDirection.WEST: (19, 18, 1)}
mazeAsGraph[1][19][20] = {absDirection.NORTH: (20, 18, 1), absDirection.EAST: (21, 19, 1), absDirection.SOUTH: (20, 20, 1), absDirection.WEST: (19, 19, 1)}
mazeAsGraph[1][20][20] = {absDirection.NORTH: (20, 19, 1), absDirection.EAST: (21, 20, 1), absDirection.SOUTH: (20, 20, 0), absDirection.WEST: (19, 20, 1)}
2026-05-26 20:49:20,998 - mazeUtils.mazeMap - [mazeMap.py:61] - INFO - next goal: (21, 18, 1)
2026-05-26 20:49:20,999 - mazeUtils.mazeMap - [mazeMap.py:61] - INFO - next goal: (21, 18, 1)
2026-05-26 20:49:21,006 - mazeUtils.moveTile - [moveTile.py:80] - DEBUG - Moving to absDirection.EAST from (20, 18, 1) facing absDirection.NORTH
2026-05-26 20:49:21,053 - mazeUtils.moveTile - [moveTile.py:80] - DEBUG - current heading: 355.1 target: 270
2026-05-26 20:49:21,975 - mazeUtils.moveTile - [moveTile.py:387] - DEBUG - stopped turning at heading: 277.92, diff: 7.920000000000016
2026-05-26 20:49:22,491 - mazeUtils.moveTile - [moveTile.py:80] - DEBUG - Turned to heading: 270.19 deg
2026-05-26 20:49:22,604 - picamera2.picamera2 - [picamera2.py:1391] - DEBUG - Execute job: <picamera2.job.Job object at 0x7f9cdb9ad0>
2026-05-26 20:49:22,608 - mazeUtils.device.camera - [camera.py:37] - DEBUG - Average HSV: H=60.0, S=76.4, V=52.7
2026-05-26 20:49:22,659 - mazeUtils.moveTile - [moveTile.py:80] - DEBUG - roll: 1.099999999999966 deg, practicalMoveTime: 0.05604848118186577 sec
2026-05-26 20:49:22,660 - mazeUtils.moveTile - [moveTile.py:1115] - DEBUG - moveTile loop time: 61.5 ms
2026-05-26 20:49:22,666 - picamera2.picamera2 - [picamera2.py:1391] - DEBUG - Execute job: <picamera2.job.Job object at 0x7f9cdbb010>
2026-05-26 20:49:22,669 - mazeUtils.device.camera - [camera.py:37] - DEBUG - Average HSV: H=60.9, S=80.1, V=50.4
2026-05-26 20:49:22,719 - mazeUtils.moveTile - [moveTile.py:80] - DEBUG - roll: 0.7099999999999795 deg, practicalMoveTime: 0.10914549081174729 sec
2026-05-26 20:49:22,720 - mazeUtils.moveTile - [moveTile.py:1115] - DEBUG - moveTile loop time: 59.9 ms
2026-05-26 20:49:22,725 - picamera2.picamera2 - [picamera2.py:1391] - DEBUG - Execute job: <picamera2.job.Job object at 0x7fa9e791d0>
2026-05-26 20:49:22,728 - mazeUtils.device.camera - [camera.py:37] - DEBUG - Average HSV: H=74.8, S=71.3, V=50.8
2026-05-26 20:49:22,775 - mazeUtils.moveTile - [moveTile.py:80] - DEBUG - roll: 1.849999999999966 deg, practicalMoveTime: 0.1592742967187911 sec
2026-05-26 20:49:22,776 - mazeUtils.moveTile - [moveTile.py:1115] - DEBUG - moveTile loop time: 56.0 ms
2026-05-26 20:49:22,780 - picamera2.picamera2 - [picamera2.py:1391] - DEBUG - Execute job: <picamera2.job.Job object at 0x7f9cdb9b10>
2026-05-26 20:49:22,783 - mazeUtils.device.camera - [camera.py:37] - DEBUG - Average HSV: H=91.1, S=68.1, V=50.8
2026-05-26 20:49:22,831 - mazeUtils.moveTile - [moveTile.py:80] - DEBUG - roll: 1.4799999999999613 deg, practicalMoveTime: 0.2087893759124219 sec
2026-05-26 20:49:22,831 - mazeUtils.moveTile - [moveTile.py:1115] - DEBUG - moveTile loop time: 55.3 ms
2026-05-26 20:49:22,836 - picamera2.picamera2 - [picamera2.py:1391] - DEBUG - Execute job: <picamera2.job.Job object at 0x7f9cdb9ad0>
2026-05-26 20:49:22,840 - mazeUtils.device.camera - [camera.py:37] - DEBUG - Average HSV: H=131.6, S=73.7, V=28.7
2026-05-26 20:49:22,888 - mazeUtils.moveTile - [moveTile.py:80] - DEBUG - roll: 3.8000000000000114 deg, practicalMoveTime: 0.259097406012959 sec
2026-05-26 20:49:22,888 - mazeUtils.moveTile - [moveTile.py:1115] - DEBUG - moveTile loop time: 56.7 ms
2026-05-26 20:49:22,894 - picamera2.picamera2 - [picamera2.py:1391] - DEBUG - Execute job: <picamera2.job.Job object at 0x7fa9e78610>
2026-05-26 20:49:22,897 - mazeUtils.device.camera - [camera.py:37] - DEBUG - Average HSV: H=108.6, S=60.1, V=26.2
2026-05-26 20:49:22,944 - mazeUtils.moveTile - [moveTile.py:80] - DEBUG - roll: 5.009999999999991 deg, practicalMoveTime: 0.3088514678026933 sec
2026-05-26 20:49:22,944 - mazeUtils.moveTile - [moveTile.py:1115] - DEBUG - moveTile loop time: 55.6 ms
2026-05-26 20:49:22,951 - picamera2.picamera2 - [picamera2.py:1391] - DEBUG - Execute job: <picamera2.job.Job object at 0x7fa9e7b410>
2026-05-26 20:49:22,954 - mazeUtils.device.camera - [camera.py:37] - DEBUG - Average HSV: H=68.7, S=66.4, V=53.8
2026-05-26 20:49:23,004 - mazeUtils.moveTile - [moveTile.py:80] - DEBUG - roll: 4.289999999999964 deg, practicalMoveTime: 0.36226596316426934 sec
2026-05-26 20:49:23,005 - mazeUtils.moveTile - [moveTile.py:1115] - DEBUG - moveTile loop time: 60.6 ms
2026-05-26 20:49:23,009 - picamera2.picamera2 - [picamera2.py:1391] - DEBUG - Execute job: <picamera2.job.Job object at 0x7fa9e791d0>
2026-05-26 20:49:23,013 - mazeUtils.device.camera - [camera.py:37] - DEBUG - Average HSV: H=53.2, S=68.6, V=63.0
2026-05-26 20:49:23,060 - mazeUtils.moveTile - [moveTile.py:80] - DEBUG - roll: 1.2099999999999795 deg, practicalMoveTime: 0.41137655644840937 sec
2026-05-26 20:49:23,060 - mazeUtils.moveTile - [moveTile.py:1115] - DEBUG - moveTile loop time: 54.7 ms
2026-05-26 20:49:23,064 - picamera2.picamera2 - [picamera2.py:1391] - DEBUG - Execute job: <picamera2.job.Job object at 0x7f9cdb9ad0>
2026-05-26 20:49:23,067 - mazeUtils.device.camera - [camera.py:37] - DEBUG - Average HSV: H=28.6, S=89.2, V=51.4
2026-05-26 20:49:23,116 - mazeUtils.moveTile - [moveTile.py:80] - DEBUG - roll: 0.6200000000000045 deg, practicalMoveTime: 0.4614247192137291 sec
2026-05-26 20:49:23,117 - mazeUtils.moveTile - [moveTile.py:1115] - DEBUG - moveTile loop time: 56.2 ms
2026-05-26 20:49:23,122 - picamera2.picamera2 - [picamera2.py:1391] - DEBUG - Execute job: <picamera2.job.Job object at 0x7f9cdbaf90>
2026-05-26 20:49:23,125 - mazeUtils.device.camera - [camera.py:37] - DEBUG - Average HSV: H=30.2, S=110.2, V=51.5
2026-05-26 20:49:23,172 - mazeUtils.moveTile - [moveTile.py:80] - DEBUG - roll: 0.8499999999999659 deg, practicalMoveTime: 0.5110261797061352 sec
2026-05-26 20:49:23,172 - mazeUtils.moveTile - [moveTile.py:1115] - DEBUG - moveTile loop time: 55.4 ms
2026-05-26 20:49:23,176 - picamera2.picamera2 - [picamera2.py:1391] - DEBUG - Execute job: <picamera2.job.Job object at 0x7fa9e791d0>
2026-05-26 20:49:23,179 - mazeUtils.device.camera - [camera.py:37] - DEBUG - Average HSV: H=49.3, S=102.8, V=49.4
2026-05-26 20:49:23,229 - mazeUtils.moveTile - [moveTile.py:80] - DEBUG - roll: 1.2699999999999818 deg, practicalMoveTime: 0.5622746787200473 sec
2026-05-26 20:49:23,230 - mazeUtils.moveTile - [moveTile.py:1115] - DEBUG - moveTile loop time: 57.3 ms
2026-05-26 20:49:23,236 - picamera2.picamera2 - [picamera2.py:1391] - DEBUG - Execute job: <picamera2.job.Job object at 0x7f9cdbb010>
2026-05-26 20:49:23,239 - mazeUtils.device.camera - [camera.py:37] - DEBUG - Average HSV: H=62.1, S=92.3, V=53.7
2026-05-26 20:49:23,289 - mazeUtils.moveTile - [moveTile.py:80] - DEBUG - roll: 0.5299999999999727 deg, practicalMoveTime: 0.6154432279523376 sec
2026-05-26 20:49:23,289 - mazeUtils.moveTile - [moveTile.py:1115] - DEBUG - moveTile loop time: 59.4 ms
2026-05-26 20:49:23,295 - picamera2.picamera2 - [picamera2.py:1391] - DEBUG - Execute job: <picamera2.job.Job object at 0x7f9cdbae50>
2026-05-26 20:49:23,298 - mazeUtils.device.camera - [camera.py:37] - DEBUG - Average HSV: H=154.0, S=60.4, V=65.3
2026-05-26 20:49:23,345 - mazeUtils.moveTile - [moveTile.py:80] - DEBUG - roll: 357.69 deg, practicalMoveTime: 0.6711523436878674 sec
2026-05-26 20:49:23,346 - mazeUtils.moveTile - [moveTile.py:1115] - DEBUG - moveTile loop time: 56.1 ms
2026-05-26 20:49:23,350 - picamera2.picamera2 - [picamera2.py:1391] - DEBUG - Execute job: <picamera2.job.Job object at 0x7fa9e7b410>
2026-05-26 20:49:23,353 - mazeUtils.device.camera - [camera.py:37] - DEBUG - Average HSV: H=142.6, S=59.1, V=66.1
2026-05-26 20:49:23,404 - mazeUtils.moveTile - [moveTile.py:80] - DEBUG - roll: 355.96999999999997 deg, practicalMoveTime: 0.7291785918992602 sec
2026-05-26 20:49:23,404 - mazeUtils.moveTile - [moveTile.py:1115] - DEBUG - moveTile loop time: 58.5 ms
2026-05-26 20:49:23,408 - picamera2.picamera2 - [picamera2.py:1391] - DEBUG - Execute job: <picamera2.job.Job object at 0x7f9cdbb010>
2026-05-26 20:49:23,412 - mazeUtils.device.camera - [camera.py:37] - DEBUG - Average HSV: H=149.6, S=56.7, V=64.7
2026-05-26 20:49:23,541 - mazeUtils.moveTile - [moveTile.py:80] - DEBUG - Little forward to adjust position
2026-05-26 20:49:23,571 - __main__ - [main.py:144] - INFO - Program interrupted by user.
2026-05-26 20:49:24,661 - mazeUtils.device.stm - [stm.py:214] - DEBUG - ACK resynchronized: type=STS_MOTOR dropped=3B seq=105
2026-05-26 20:49:24,681 - picamera2.picamera2 - [picamera2.py:1391] - DEBUG - Execute job: <picamera2.job.Job object at 0x7fbd8766d0>
2026-05-26 20:49:24,700 - picamera2.picamera2 - [picamera2.py:1323] - INFO - Camera stopped
2026-05-26 20:49:24,901 - picamera2.picamera2 - [picamera2.py:1329] - DEBUG - Camera was not started
2026-05-26 20:49:25,103 - picamera2.picamera2 - [picamera2.py:723] - INFO - Camera closed successfully.
2026-05-26 20:49:25,275 - picamera2.picamera2 - [picamera2.py:500] - DEBUG - Resources now free: <picamera2.picamera2.Picamera2 object at 0x7fb0fd8850>
