2026-06-26 00:21:30,650 - root - [logging_config.py:61] - INFO - Logging initialized. Log file: /home/tuton/Kanto2026RPi/src/config/../logs/robot_20260626_002125.log
2026-06-26 00:21:32,588 - mazeUtils.device.LiDAR - [LiDAR.py:78] - INFO - Available ports: <ydlidar.Str2strMap; proxy of <Swig Object of type 'std::map< std::string,std::string > *' at 0x7f9efb5650> >
2026-06-26 00:21:36,527 - mazeUtils.moveTile - [moveTile.py:547] - DEBUG - overwrite the wall data
2026-06-26 00:21:36,544 - mazeUtils.moveTile - [moveTile.py:561] - DEBUG - Direction: absDirection.NORTH, Angle: 0, Distance: 139.76611918241684 cm
2026-06-26 00:21:36,547 - mazeUtils.moveTile - [moveTile.py:561] - DEBUG - Direction: absDirection.EAST, Angle: 270, Distance: 17.28454596041491 cm
2026-06-26 00:21:36,549 - mazeUtils.moveTile - [moveTile.py:561] - DEBUG - Direction: absDirection.SOUTH, Angle: 180, Distance: 16.834557168606693 cm
2026-06-26 00:21:36,551 - mazeUtils.moveTile - [moveTile.py:561] - DEBUG - Direction: absDirection.WEST, Angle: 90, Distance: 16.92478214254106 cm
2026-06-26 00:21:36,553 - __main__ - [main.py:68] - INFO - Initial Map:
2026-06-26 00:21:36,599 - __main__ - [main.py:69] - INFO - Current position: (20, 20, 0), front direction: absDirection.NORTH
Layer 0 (altitude=0.0cm, offset=(0.0cm, 0.0cm)):
Known map area: x=20..20, y=20..20
+   +
| @ |
+---+
mazeAsGraph[0][20][20] = {absDirection.NORTH: (20, 19, 0, 30), absDirection.EAST: None, absDirection.SOUTH: None, absDirection.WEST: None}
2026-06-26 00:21:37,620 - mazeUtils.mazeMap - [mazeMap.py:61] - INFO - next goal: (20, 19, 0)
2026-06-26 00:21:37,623 - __main__ - [main.py:73] - INFO - Next Direction: [<absDirection.NORTH: 0>]
2026-06-26 00:21:37,625 - __main__ - [main.py:74] - INFO - Exploration started.
2026-06-26 00:21:37,627 - mazeUtils.mazeMap - [mazeMap.py:61] - INFO - next goal: (20, 20, 0)
2026-06-26 00:21:37,628 - mazeUtils.moveTile - [moveTile.py:88] - DEBUG - [2713.609239] moveTile start direction=absDirection.NORTH position=(20, 20, 0) front=absDirection.NORTH
2026-06-26 00:21:37,636 - mazeUtils.moveTile - [moveTile.py:90] - DEBUG - [2713.616757] moveTile after initial toggle check (+7.5 ms)
2026-06-26 00:21:37,639 - mazeUtils.moveTile - [moveTile.py:90] - DEBUG - [2713.620376] moveTile after tile checks isRedTile=False isUnknownTileAhead=True (+3.6 ms)
2026-06-26 00:21:37,640 - mazeUtils.moveTile - [moveTile.py:79] - DEBUG - Moving to absDirection.NORTH from (20, 20, 0) facing absDirection.NORTH
2026-06-26 00:21:37,641 - mazeUtils.moveTile - [moveTile.py:90] - DEBUG - [2713.621705] moveTile start heading change target=0 (+1.3 ms)
2026-06-26 00:21:37,666 - mazeUtils.moveTile - [moveTile.py:79] - DEBUG - current heading: 0.060000000000002274 target: 0
2026-06-26 00:21:37,689 - mazeUtils.moveTile - [moveTile.py:433] - DEBUG - stopped turning at heading: 0.060000000000002274, diff: 0.060000000000002274
2026-06-26 00:21:37,737 - mazeUtils.moveTile - [moveTile.py:79] - DEBUG - Turned to heading: 0.07000000000000739 deg
2026-06-26 00:21:37,737 - mazeUtils.moveTile - [moveTile.py:90] - DEBUG - [2713.718396] moveTile finished heading change (+96.7 ms)
2026-06-26 00:21:37,738 - mazeUtils.moveTile - [moveTile.py:90] - DEBUG - [2713.718914] moveTile updated front direction (+0.5 ms)
2026-06-26 00:21:37,759 - mazeUtils.moveTile - [moveTile.py:90] - DEBUG - [2713.739990] moveTile stopped motors before alignment (+21.1 ms)
2026-06-26 00:21:37,934 - __main__ - [main.py:173] - ERROR - An unexpected error occurred:
Traceback (most recent call last):
  File "/home/tuton/Kanto2026RPi/./src/main.py", line 99, in main
    isBlack, stopped, resetMapData = moveTile.moveNextTile(
                                     ^^^^^^^^^^^^^^^^^^^^^^
  File "/home/tuton/Kanto2026RPi/src/mazeUtils/moveTile.py", line 2272, in moveNextTile
    isBlack, stopped, resetMapData = moveTile(
                                     ^^^^^^^^^
  File "/home/tuton/Kanto2026RPi/src/mazeUtils/moveTile.py", line 1469, in moveTile
    detectWall(direction, mapInstance, stmInstance, lidar)
  File "/home/tuton/Kanto2026RPi/src/mazeUtils/moveTile.py", line 560, in detectWall
    dist = LiDAR.getCertainAngleDist(angle, points)
           ^^^^^^^^^^^^^^^^^^^^^^^^^^^^^^^^^^^^^^^^
  File "/home/tuton/Kanto2026RPi/src/mazeUtils/device/LiDAR.py", line 152, in getCertainAngleDist
    valid_mask = points.valid[idx_range]
                 ^^^^^^^^^^^^
AttributeError: 'CYdLidar' object has no attribute 'valid'
2026-06-26 00:21:39,087 - picamera2.picamera2 - [picamera2.py:1391] - DEBUG - Execute job: <picamera2.job.Job object at 0x7fadac6e90>
2026-06-26 00:21:39,113 - picamera2.picamera2 - [picamera2.py:1323] - INFO - Camera stopped
2026-06-26 00:21:39,316 - picamera2.picamera2 - [picamera2.py:1329] - DEBUG - Camera was not started
2026-06-26 00:21:39,517 - picamera2.picamera2 - [picamera2.py:723] - INFO - Camera closed successfully.
2026-06-26 00:21:39,657 - picamera2.picamera2 - [picamera2.py:500] - DEBUG - Resources now free: <picamera2.picamera2.Picamera2 object at 0x7f9ef83310>
