2026-06-17 23:47:56,882 - root - [logging_config.py:61] - INFO - Logging initialized. Log file: /home/tuton/Kanto2026RPi/src/config/../logs/robot_20260617_234755.log
2026-06-17 23:47:59,021 - mazeUtils.device.LiDAR - [LiDAR.py:36] - INFO - Available ports: <ydlidar.Str2strMap; proxy of <Swig Object of type 'std::map< std::string,std::string > *' at 0x7f72f693e0> >
2026-06-17 23:48:02,995 - mazeUtils.moveTile - [moveTile.py:527] - DEBUG - Direction: absDirection.NORTH, Angle: 0, Distance: 78.44678097389975 cm
2026-06-17 23:48:02,996 - mazeUtils.moveTile - [moveTile.py:550] - DEBUG - Front LiDAR distance: 78.44678097389975 cm, TSD10 distance: 69.7 cm
2026-06-17 23:48:02,997 - mazeUtils.moveTile - [moveTile.py:527] - DEBUG - Direction: absDirection.EAST, Angle: 270, Distance: 16.694969817139253 cm
2026-06-17 23:48:02,998 - mazeUtils.moveTile - [moveTile.py:527] - DEBUG - Direction: absDirection.SOUTH, Angle: 180, Distance: 16.573363506341256 cm
2026-06-17 23:48:02,999 - mazeUtils.moveTile - [moveTile.py:527] - DEBUG - Direction: absDirection.WEST, Angle: 90, Distance: 17.2727073604627 cm
2026-06-17 23:48:02,999 - __main__ - [main.py:69] - INFO - Initial Map:
2026-06-17 23:48:03,006 - __main__ - [main.py:70] - INFO - Current position: (20, 20, 0), front direction: absDirection.NORTH
Layer 0 (altitude=0.0cm, offset=(0.0cm, 0.0cm)):
Known map area: x=20..20, y=20..20
+   +
| @ |
+---+
2026-06-17 23:48:03,007 - mazeUtils.mazeMap - [mazeMap.py:61] - INFO - next goal: (20, 19, 0)
2026-06-17 23:48:03,008 - __main__ - [main.py:73] - INFO - Next Direction: [<absDirection.NORTH: 0>]
2026-06-17 23:48:03,008 - __main__ - [main.py:74] - INFO - Exploration started.
2026-06-17 23:48:03,009 - mazeUtils.mazeMap - [mazeMap.py:61] - INFO - next goal: (20, 19, 0)
2026-06-17 23:48:03,009 - mazeUtils.moveTile - [moveTile.py:88] - DEBUG - [1135.684364] moveTile start direction=absDirection.NORTH position=(20, 20, 0) front=absDirection.NORTH
2026-06-17 23:48:03,014 - mazeUtils.moveTile - [moveTile.py:90] - DEBUG - [1135.688814] moveTile after initial toggle check (+4.4 ms)
2026-06-17 23:48:03,015 - mazeUtils.moveTile - [moveTile.py:90] - DEBUG - [1135.689663] moveTile after tile checks isRedTile=False isUnknownTileAhead=True (+0.8 ms)
2026-06-17 23:48:03,015 - mazeUtils.moveTile - [moveTile.py:79] - DEBUG - Moving to absDirection.NORTH from (20, 20, 0) facing absDirection.NORTH
2026-06-17 23:48:03,015 - mazeUtils.moveTile - [moveTile.py:90] - DEBUG - [1135.690352] moveTile updated front direction (+0.7 ms)
2026-06-17 23:48:03,018 - mazeUtils.moveTile - [moveTile.py:90] - DEBUG - [1135.692697] moveTile acquired initial LiDAR scan (+2.3 ms)
2026-06-17 23:48:03,059 - mazeUtils.moveTile - [moveTile.py:90] - DEBUG - [1135.733857] moveTile stopped motors before alignment (+41.2 ms)
2026-06-17 23:48:03,113 - mazeUtils.moveTile - [moveTile.py:90] - DEBUG - [1135.788210] moveTile start backward adjustment behind_wall_dist=16.45118261876007 (+54.4 ms)
2026-06-17 23:48:03,153 - mazeUtils.moveTile - [moveTile.py:79] - DEBUG - Little backward to adjust position
2026-06-17 23:48:03,407 - __main__ - [main.py:147] - INFO - Program interrupted by user.
