2026-06-21 16:14:08,968 - root - [logging_config.py:61] - INFO - Logging initialized. Log file: /home/tuton/Kanto2026RPi/src/config/../logs/robot_20260621_161408.log
2026-06-21 16:14:11,220 - mazeUtils.device.LiDAR - [LiDAR.py:36] - INFO - Available ports: <ydlidar.Str2strMap; proxy of <Swig Object of type 'std::map< std::string,std::string > *' at 0x7fba407ed0> >
2026-06-21 16:14:15,243 - mazeUtils.moveTile - [moveTile.py:529] - DEBUG - Direction: absDirection.NORTH, Angle: 0, Distance: 135.68122377455563 cm
2026-06-21 16:14:15,244 - mazeUtils.moveTile - [moveTile.py:553] - DEBUG - Front LiDAR distance: 135.68122377455563 cm, TSD10 distance: 1.1 cm
2026-06-21 16:14:15,246 - mazeUtils.moveTile - [moveTile.py:529] - DEBUG - Direction: absDirection.EAST, Angle: 270, Distance: 16.7994743933329 cm
2026-06-21 16:14:15,249 - mazeUtils.moveTile - [moveTile.py:529] - DEBUG - Direction: absDirection.SOUTH, Angle: 180, Distance: 17.070276186897086 cm
2026-06-21 16:14:15,251 - mazeUtils.moveTile - [moveTile.py:529] - DEBUG - Direction: absDirection.WEST, Angle: 90, Distance: 17.898033771525512 cm
2026-06-21 16:14:15,252 - __main__ - [main.py:70] - INFO - Initial Map:
2026-06-21 16:14:15,281 - __main__ - [main.py:71] - INFO - Current position: (20, 20, 0), front direction: absDirection.NORTH
Layer 0 (altitude=0.0cm, offset=(0.0cm, 0.0cm)):
Known map area: x=20..20, y=20..20
+   +
| @ |
+---+
mazeAsGraph[0][20][20] = {absDirection.NORTH: (20, 19, 0, 30), absDirection.EAST: None, absDirection.SOUTH: None, absDirection.WEST: None}
2026-06-21 16:14:15,284 - mazeUtils.mazeMap - [mazeMap.py:61] - INFO - next goal: (20, 19, 0)
2026-06-21 16:14:15,286 - __main__ - [main.py:74] - INFO - Next Direction: [<absDirection.NORTH: 0>]
2026-06-21 16:14:15,288 - __main__ - [main.py:75] - INFO - Exploration started.
2026-06-21 16:14:15,299 - mazeUtils.moveTile - [moveTile.py:79] - DEBUG - Moving to absDirection.NORTH from (20, 20, 0) facing absDirection.NORTH
2026-06-21 16:14:15,327 - mazeUtils.moveTile - [moveTile.py:79] - DEBUG - current heading: 0.04000000000000625 target: 0
2026-06-21 16:14:15,346 - mazeUtils.moveTile - [moveTile.py:404] - DEBUG - stopped turning at heading: 0.04000000000000625, diff: 0.04000000000000625
2026-06-21 16:14:15,391 - mazeUtils.moveTile - [moveTile.py:79] - DEBUG - Turned to heading: 0.04000000000000625 deg
2026-06-21 16:14:15,435 - mazeUtils.moveTile - [moveTile.py:79] - DEBUG - Little backward to adjust position
2026-06-21 16:14:15,933 - picamera2.picamera2 - [picamera2.py:1391] - DEBUG - Execute job: <picamera2.job.Job object at 0x7f94a62050>
2026-06-21 16:14:15,940 - mazeUtils.device.camera - [camera.py:39] - DEBUG - Average HSV: H=162.8, S=20.1, V=218.3
2026-06-21 16:14:15,975 - mazeUtils.moveTile - [moveTile.py:79] - DEBUG - roll: 359.61 deg, practicalMoveTime: 0.0467442173882883 sec
2026-06-21 16:14:15,975 - mazeUtils.moveTile - [moveTile.py:1430] - DEBUG - moveTile loop time: 45.5 ms
2026-06-21 16:14:15,980 - picamera2.picamera2 - [picamera2.py:1391] - DEBUG - Execute job: <picamera2.job.Job object at 0x7f94adc750>
2026-06-21 16:14:15,985 - mazeUtils.device.camera - [camera.py:39] - DEBUG - Average HSV: H=160.0, S=20.3, V=217.9
2026-06-21 16:14:16,014 - mazeUtils.moveTile - [moveTile.py:79] - DEBUG - roll: 359.70000000000005 deg, practicalMoveTime: 0.08609394920948224 sec
2026-06-21 16:14:16,015 - mazeUtils.moveTile - [moveTile.py:1430] - DEBUG - moveTile loop time: 39.9 ms
2026-06-21 16:14:16,021 - picamera2.picamera2 - [picamera2.py:1391] - DEBUG - Execute job: <picamera2.job.Job object at 0x7fba1cb190>
2026-06-21 16:14:16,024 - mazeUtils.device.camera - [camera.py:39] - DEBUG - Average HSV: H=164.1, S=18.9, V=221.7
2026-06-21 16:14:16,052 - mazeUtils.moveTile - [moveTile.py:79] - DEBUG - roll: 0.7400000000000091 deg, practicalMoveTime: 0.12249742982226845 sec
2026-06-21 16:14:16,052 - mazeUtils.moveTile - [moveTile.py:1430] - DEBUG - moveTile loop time: 35.4 ms
2026-06-21 16:14:16,065 - picamera2.picamera2 - [picamera2.py:1391] - DEBUG - Execute job: <picamera2.job.Job object at 0x7f95a7ef50>
2026-06-21 16:14:16,068 - mazeUtils.device.camera - [camera.py:39] - DEBUG - Average HSV: H=157.3, S=19.1, V=222.3
2026-06-21 16:14:16,108 - mazeUtils.moveTile - [moveTile.py:79] - DEBUG - roll: 359.35 deg, practicalMoveTime: 0.17784393329129783 sec
2026-06-21 16:14:16,108 - mazeUtils.moveTile - [moveTile.py:1430] - DEBUG - moveTile loop time: 55.6 ms
2026-06-21 16:14:16,113 - picamera2.picamera2 - [picamera2.py:1391] - DEBUG - Execute job: <picamera2.job.Job object at 0x7f79f8c050>
2026-06-21 16:14:16,118 - mazeUtils.device.camera - [camera.py:39] - DEBUG - Average HSV: H=133.8, S=19.5, V=224.6
2026-06-21 16:14:16,147 - mazeUtils.moveTile - [moveTile.py:79] - DEBUG - roll: 0.30000000000001137 deg, practicalMoveTime: 0.21682960493271897 sec
2026-06-21 16:14:16,148 - mazeUtils.moveTile - [moveTile.py:1430] - DEBUG - moveTile loop time: 39.0 ms
2026-06-21 16:14:16,152 - picamera2.picamera2 - [picamera2.py:1391] - DEBUG - Execute job: <picamera2.job.Job object at 0x7f94a9d190>
2026-06-21 16:14:16,155 - mazeUtils.device.camera - [camera.py:39] - DEBUG - Average HSV: H=160.8, S=18.6, V=224.8
2026-06-21 16:14:16,183 - mazeUtils.moveTile - [moveTile.py:79] - DEBUG - roll: 0.160000000000025 deg, practicalMoveTime: 0.2521387819859376 sec
2026-06-21 16:14:16,184 - mazeUtils.moveTile - [moveTile.py:1430] - DEBUG - moveTile loop time: 35.6 ms
2026-06-21 16:14:16,191 - picamera2.picamera2 - [picamera2.py:1391] - DEBUG - Execute job: <picamera2.job.Job object at 0x7f94a9d190>
2026-06-21 16:14:16,194 - mazeUtils.device.camera - [camera.py:39] - DEBUG - Average HSV: H=123.3, S=20.3, V=224.7
2026-06-21 16:14:16,226 - mazeUtils.moveTile - [moveTile.py:79] - DEBUG - roll: 0.18999999999999773 deg, practicalMoveTime: 0.2945236502566249 sec
2026-06-21 16:14:16,226 - mazeUtils.moveTile - [moveTile.py:1430] - DEBUG - moveTile loop time: 42.3 ms
2026-06-21 16:14:16,236 - picamera2.picamera2 - [picamera2.py:1391] - DEBUG - Execute job: <picamera2.job.Job object at 0x7f95a79450>
2026-06-21 16:14:16,239 - mazeUtils.device.camera - [camera.py:39] - DEBUG - Average HSV: H=107.6, S=19.2, V=227.3
2026-06-21 16:14:16,265 - mazeUtils.moveTile - [moveTile.py:79] - DEBUG - roll: 0.35000000000002274 deg, practicalMoveTime: 0.3332034820004624 sec
2026-06-21 16:14:16,265 - mazeUtils.moveTile - [moveTile.py:1430] - DEBUG - moveTile loop time: 38.9 ms
2026-06-21 16:14:16,270 - picamera2.picamera2 - [picamera2.py:1391] - DEBUG - Execute job: <picamera2.job.Job object at 0x7fba1cb190>
2026-06-21 16:14:16,274 - mazeUtils.device.camera - [camera.py:39] - DEBUG - Average HSV: H=132.3, S=18.1, V=229.0
2026-06-21 16:14:16,312 - mazeUtils.moveTile - [moveTile.py:79] - DEBUG - roll: 0.6100000000000136 deg, practicalMoveTime: 0.37945168096287035 sec
2026-06-21 16:14:16,312 - mazeUtils.moveTile - [moveTile.py:1430] - DEBUG - moveTile loop time: 46.5 ms
2026-06-21 16:14:16,318 - picamera2.picamera2 - [picamera2.py:1391] - DEBUG - Execute job: <picamera2.job.Job object at 0x7f94a9d190>
2026-06-21 16:14:16,321 - mazeUtils.device.camera - [camera.py:39] - DEBUG - Average HSV: H=87.5, S=19.8, V=228.1
2026-06-21 16:14:16,350 - mazeUtils.moveTile - [moveTile.py:79] - DEBUG - roll: 0.08000000000004093 deg, practicalMoveTime: 0.4168912291997329 sec
2026-06-21 16:14:16,350 - mazeUtils.moveTile - [moveTile.py:1430] - DEBUG - moveTile loop time: 37.7 ms
2026-06-21 16:14:16,356 - picamera2.picamera2 - [picamera2.py:1391] - DEBUG - Execute job: <picamera2.job.Job object at 0x7fae128710>
2026-06-21 16:14:16,359 - mazeUtils.device.camera - [camera.py:39] - DEBUG - Average HSV: H=161.0, S=17.7, V=229.5
2026-06-21 16:14:16,387 - mazeUtils.moveTile - [moveTile.py:79] - DEBUG - roll: 3.2100000000000364 deg, practicalMoveTime: 0.45339654378082594 sec
2026-06-21 16:14:16,387 - mazeUtils.moveTile - [moveTile.py:1430] - DEBUG - moveTile loop time: 36.9 ms
2026-06-21 16:14:16,397 - picamera2.picamera2 - [picamera2.py:1391] - DEBUG - Execute job: <picamera2.job.Job object at 0x7f95a7ef50>
2026-06-21 16:14:16,400 - mazeUtils.device.camera - [camera.py:39] - DEBUG - Average HSV: H=160.8, S=17.7, V=230.0
2026-06-21 16:14:16,431 - mazeUtils.moveTile - [moveTile.py:79] - DEBUG - roll: 2.2800000000000296 deg, practicalMoveTime: 0.4969487689918724 sec
2026-06-21 16:14:16,431 - mazeUtils.moveTile - [moveTile.py:1430] - DEBUG - moveTile loop time: 44.0 ms
2026-06-21 16:14:16,437 - picamera2.picamera2 - [picamera2.py:1391] - DEBUG - Execute job: <picamera2.job.Job object at 0x7f94a62050>
2026-06-21 16:14:16,441 - mazeUtils.device.camera - [camera.py:39] - DEBUG - Average HSV: H=167.5, S=17.4, V=230.6
2026-06-21 16:14:16,481 - mazeUtils.moveTile - [moveTile.py:79] - DEBUG - roll: 2.410000000000025 deg, practicalMoveTime: 0.5463354184666452 sec
2026-06-21 16:14:16,481 - mazeUtils.moveTile - [moveTile.py:1430] - DEBUG - moveTile loop time: 49.6 ms
2026-06-21 16:14:16,486 - picamera2.picamera2 - [picamera2.py:1391] - DEBUG - Execute job: <picamera2.job.Job object at 0x7f94a9ec10>
2026-06-21 16:14:16,490 - mazeUtils.device.camera - [camera.py:39] - DEBUG - Average HSV: H=150.6, S=19.5, V=227.6
2026-06-21 16:14:17,085 - mazeUtils.moveTile - [moveTile.py:797] - INFO - Detected victim info ahead: {<Side.LEFT: 0>: <UnitVStatus.NOTHING: 0>, <Side.RIGHT: 1>: <UnitVStatus.U_VICTIM: 1>}
2026-06-21 16:14:18,168 - __main__ - [main.py:153] - INFO - Program interrupted by user.
2026-06-21 16:14:19,744 - picamera2.picamera2 - [picamera2.py:1391] - DEBUG - Execute job: <picamera2.job.Job object at 0x7fba3f7590>
2026-06-21 16:14:19,761 - picamera2.picamera2 - [picamera2.py:1323] - INFO - Camera stopped
2026-06-21 16:14:19,962 - picamera2.picamera2 - [picamera2.py:1329] - DEBUG - Camera was not started
2026-06-21 16:14:20,164 - picamera2.picamera2 - [picamera2.py:723] - INFO - Camera closed successfully.
2026-06-21 16:14:20,475 - picamera2.picamera2 - [picamera2.py:500] - DEBUG - Resources now free: <picamera2.picamera2.Picamera2 object at 0x7fa69b6350>
