2026-06-21 13:46:48,744 - root - [logging_config.py:61] - INFO - Logging initialized. Log file: /home/tuton/Kanto2026RPi/src/config/../logs/robot_20260621_134647.log
2026-06-21 13:46:51,015 - mazeUtils.device.LiDAR - [LiDAR.py:36] - INFO - Available ports: <ydlidar.Str2strMap; proxy of <Swig Object of type 'std::map< std::string,std::string > *' at 0x7fb25bdd40> >
2026-06-21 13:46:54,987 - mazeUtils.moveTile - [moveTile.py:529] - DEBUG - Direction: absDirection.NORTH, Angle: 0, Distance: 166.77893444285323 cm
2026-06-21 13:46:54,988 - mazeUtils.moveTile - [moveTile.py:553] - DEBUG - Front LiDAR distance: 166.77893444285323 cm, TSD10 distance: 129.5 cm
2026-06-21 13:46:54,990 - mazeUtils.moveTile - [moveTile.py:529] - DEBUG - Direction: absDirection.EAST, Angle: 270, Distance: 16.298206903236633 cm
2026-06-21 13:46:54,993 - mazeUtils.moveTile - [moveTile.py:529] - DEBUG - Direction: absDirection.SOUTH, Angle: 180, Distance: 16.591008655033793 cm
2026-06-21 13:46:54,995 - mazeUtils.moveTile - [moveTile.py:529] - DEBUG - Direction: absDirection.WEST, Angle: 90, Distance: 18.272366708929432 cm
2026-06-21 13:46:54,997 - __main__ - [main.py:69] - INFO - Initial Map:
2026-06-21 13:46:55,032 - __main__ - [main.py:70] - INFO - Current position: (20, 20, 0), front direction: absDirection.NORTH
Layer 0 (altitude=0.0cm, offset=(0.0cm, 0.0cm)):
Known map area: x=20..20, y=20..20
+   +
| @ |
+---+
mazeAsGraph[0][20][20] = {absDirection.NORTH: (20, 19, 0, 30), absDirection.EAST: None, absDirection.SOUTH: None, absDirection.WEST: None}
2026-06-21 13:46:55,034 - mazeUtils.mazeMap - [mazeMap.py:61] - INFO - next goal: (20, 19, 0)
2026-06-21 13:46:55,036 - __main__ - [main.py:73] - INFO - Next Direction: [<absDirection.NORTH: 0>]
2026-06-21 13:46:55,037 - __main__ - [main.py:74] - INFO - Exploration started.
2026-06-21 13:46:55,045 - mazeUtils.moveTile - [moveTile.py:79] - DEBUG - Moving to absDirection.NORTH from (20, 20, 0) facing absDirection.NORTH
2026-06-21 13:46:55,070 - mazeUtils.moveTile - [moveTile.py:79] - DEBUG - current heading: 359.96999999999997 target: 0
2026-06-21 13:46:55,090 - mazeUtils.moveTile - [moveTile.py:404] - DEBUG - stopped turning at heading: 359.96999999999997, diff: 0.03000000000002956
2026-06-21 13:46:55,134 - mazeUtils.moveTile - [moveTile.py:79] - DEBUG - Turned to heading: 359.96 deg
2026-06-21 13:46:55,243 - mazeUtils.moveTile - [moveTile.py:79] - DEBUG - Little backward to adjust position
2026-06-21 13:46:55,843 - picamera2.picamera2 - [picamera2.py:1391] - DEBUG - Execute job: <picamera2.job.Job object at 0x7fa5c77490>
2026-06-21 13:46:55,850 - mazeUtils.device.camera - [camera.py:39] - DEBUG - Average HSV: H=111.0, S=185.7, V=142.9
2026-06-21 13:46:55,883 - mazeUtils.moveTile - [moveTile.py:79] - DEBUG - roll: 359.57 deg, practicalMoveTime: 0.04542485101555322 sec
2026-06-21 13:46:55,884 - mazeUtils.moveTile - [moveTile.py:1424] - DEBUG - moveTile loop time: 44.5 ms
2026-06-21 13:46:55,890 - picamera2.picamera2 - [picamera2.py:1391] - DEBUG - Execute job: <picamera2.job.Job object at 0x7f8ddc3e10>
2026-06-21 13:46:55,895 - mazeUtils.device.camera - [camera.py:39] - DEBUG - Average HSV: H=111.0, S=185.6, V=142.9
2026-06-21 13:46:55,924 - mazeUtils.moveTile - [moveTile.py:79] - DEBUG - roll: 359.51 deg, practicalMoveTime: 0.08495558996003624 sec
2026-06-21 13:46:55,924 - mazeUtils.moveTile - [moveTile.py:1424] - DEBUG - moveTile loop time: 39.7 ms
2026-06-21 13:46:55,930 - picamera2.picamera2 - [picamera2.py:1391] - DEBUG - Execute job: <picamera2.job.Job object at 0x7f8cd782d0>
2026-06-21 13:46:55,934 - mazeUtils.device.camera - [camera.py:39] - DEBUG - Average HSV: H=110.9, S=184.4, V=146.3
2026-06-21 13:46:55,964 - mazeUtils.moveTile - [moveTile.py:79] - DEBUG - roll: 359.64 deg, practicalMoveTime: 0.12446506015307837 sec
2026-06-21 13:46:55,964 - mazeUtils.moveTile - [moveTile.py:1424] - DEBUG - moveTile loop time: 39.8 ms
2026-06-21 13:46:55,971 - picamera2.picamera2 - [picamera2.py:1391] - DEBUG - Execute job: <picamera2.job.Job object at 0x7f6dabe390>
2026-06-21 13:46:55,974 - mazeUtils.device.camera - [camera.py:39] - DEBUG - Average HSV: H=111.1, S=181.6, V=142.2
2026-06-21 13:46:56,001 - mazeUtils.moveTile - [moveTile.py:210] - WARNING - Escape from obstacle on Side.RIGHT side
2026-06-21 13:46:56,678 - mazeUtils.moveTile - [moveTile.py:1352] - DEBUG - Obstacle escape adjustment: 0.07140161504440376
2026-06-21 13:46:56,791 - mazeUtils.moveTile - [moveTile.py:79] - DEBUG - roll: 358.60999999999996 deg, practicalMoveTime: 0.021142274567334515 sec
2026-06-21 13:46:56,792 - mazeUtils.moveTile - [moveTile.py:1424] - DEBUG - moveTile loop time: 828.0 ms
2026-06-21 13:46:56,804 - picamera2.picamera2 - [picamera2.py:1391] - DEBUG - Execute job: <picamera2.job.Job object at 0x7fa5cd1190>
2026-06-21 13:46:56,808 - mazeUtils.device.camera - [camera.py:39] - DEBUG - Average HSV: H=111.5, S=182.0, V=139.4
2026-06-21 13:46:56,838 - mazeUtils.moveTile - [moveTile.py:79] - DEBUG - roll: 358.87 deg, practicalMoveTime: 0.06685658231523325 sec
2026-06-21 13:46:56,839 - mazeUtils.moveTile - [moveTile.py:1424] - DEBUG - moveTile loop time: 45.9 ms
2026-06-21 13:46:56,845 - picamera2.picamera2 - [picamera2.py:1391] - DEBUG - Execute job: <picamera2.job.Job object at 0x7f8cd2ac50>
2026-06-21 13:46:56,848 - mazeUtils.device.camera - [camera.py:39] - DEBUG - Average HSV: H=111.7, S=178.5, V=134.5
2026-06-21 13:46:56,877 - mazeUtils.moveTile - [moveTile.py:79] - DEBUG - roll: 359.47999999999996 deg, practicalMoveTime: 0.1050403677372205 sec
2026-06-21 13:46:56,878 - mazeUtils.moveTile - [moveTile.py:1424] - DEBUG - moveTile loop time: 38.9 ms
2026-06-21 13:46:56,884 - picamera2.picamera2 - [picamera2.py:1391] - DEBUG - Execute job: <picamera2.job.Job object at 0x7f8cd2ac50>
2026-06-21 13:46:56,887 - mazeUtils.device.camera - [camera.py:39] - DEBUG - Average HSV: H=111.9, S=174.5, V=128.1
2026-06-21 13:46:56,913 - mazeUtils.moveTile - [moveTile.py:79] - DEBUG - roll: 358.46 deg, practicalMoveTime: 0.14023539933723242 sec
2026-06-21 13:46:56,914 - mazeUtils.moveTile - [moveTile.py:1424] - DEBUG - moveTile loop time: 35.5 ms
2026-06-21 13:46:56,922 - picamera2.picamera2 - [picamera2.py:1391] - DEBUG - Execute job: <picamera2.job.Job object at 0x7fa5c77490>
2026-06-21 13:46:56,925 - mazeUtils.device.camera - [camera.py:39] - DEBUG - Average HSV: H=111.5, S=171.3, V=127.5
2026-06-21 13:46:56,957 - mazeUtils.moveTile - [moveTile.py:79] - DEBUG - roll: 358.66999999999996 deg, practicalMoveTime: 0.1839638879332552 sec
2026-06-21 13:46:56,958 - mazeUtils.moveTile - [moveTile.py:1424] - DEBUG - moveTile loop time: 44.1 ms
2026-06-21 13:46:56,966 - picamera2.picamera2 - [picamera2.py:1391] - DEBUG - Execute job: <picamera2.job.Job object at 0x7f8cd782d0>
2026-06-21 13:46:56,969 - mazeUtils.device.camera - [camera.py:39] - DEBUG - Average HSV: H=111.1, S=171.9, V=129.3
2026-06-21 13:46:56,997 - mazeUtils.moveTile - [moveTile.py:79] - DEBUG - roll: 358.85999999999996 deg, practicalMoveTime: 0.2229831388046714 sec
2026-06-21 13:46:56,998 - mazeUtils.moveTile - [moveTile.py:1424] - DEBUG - moveTile loop time: 39.2 ms
2026-06-21 13:46:57,002 - picamera2.picamera2 - [picamera2.py:1391] - DEBUG - Execute job: <picamera2.job.Job object at 0x7f6d9c5690>
2026-06-21 13:46:57,006 - mazeUtils.device.camera - [camera.py:39] - DEBUG - Average HSV: H=110.9, S=171.5, V=128.4
2026-06-21 13:46:57,037 - mazeUtils.moveTile - [moveTile.py:79] - DEBUG - roll: 358.22999999999996 deg, practicalMoveTime: 0.262350618862524 sec
2026-06-21 13:46:57,037 - mazeUtils.moveTile - [moveTile.py:1424] - DEBUG - moveTile loop time: 39.6 ms
2026-06-21 13:46:57,043 - picamera2.picamera2 - [picamera2.py:1391] - DEBUG - Execute job: <picamera2.job.Job object at 0x7f6d9c5550>
2026-06-21 13:46:57,046 - mazeUtils.device.camera - [camera.py:39] - DEBUG - Average HSV: H=110.9, S=173.8, V=133.0
2026-06-21 13:46:57,073 - mazeUtils.moveTile - [moveTile.py:79] - DEBUG - roll: 359.62 deg, practicalMoveTime: 0.2982342099872624 sec
2026-06-21 13:46:57,074 - mazeUtils.moveTile - [moveTile.py:1424] - DEBUG - moveTile loop time: 36.0 ms
2026-06-21 13:46:57,081 - picamera2.picamera2 - [picamera2.py:1391] - DEBUG - Execute job: <picamera2.job.Job object at 0x7f6d9c5690>
2026-06-21 13:46:57,084 - mazeUtils.device.camera - [camera.py:39] - DEBUG - Average HSV: H=111.0, S=175.2, V=133.7
2026-06-21 13:46:57,122 - mazeUtils.moveTile - [moveTile.py:79] - DEBUG - roll: 0.06999999999999318 deg, practicalMoveTime: 0.34580392622485995 sec
2026-06-21 13:46:57,122 - mazeUtils.moveTile - [moveTile.py:1424] - DEBUG - moveTile loop time: 47.8 ms
2026-06-21 13:46:57,128 - picamera2.picamera2 - [picamera2.py:1391] - DEBUG - Execute job: <picamera2.job.Job object at 0x7f8cd6ec10>
2026-06-21 13:46:57,131 - mazeUtils.device.camera - [camera.py:39] - DEBUG - Average HSV: H=111.2, S=184.2, V=136.9
2026-06-21 13:46:57,157 - mazeUtils.moveTile - [moveTile.py:79] - DEBUG - roll: 358.90999999999997 deg, practicalMoveTime: 0.38119099817228097 sec
2026-06-21 13:46:57,158 - mazeUtils.moveTile - [moveTile.py:1424] - DEBUG - moveTile loop time: 35.9 ms
2026-06-21 13:46:57,164 - picamera2.picamera2 - [picamera2.py:1391] - DEBUG - Execute job: <picamera2.job.Job object at 0x7f6dabe390>
2026-06-21 13:46:57,168 - mazeUtils.device.camera - [camera.py:39] - DEBUG - Average HSV: H=109.7, S=192.9, V=158.5
2026-06-21 13:46:57,193 - mazeUtils.moveTile - [moveTile.py:79] - DEBUG - roll: 0.75 deg, practicalMoveTime: 0.4159902149935475 sec
2026-06-21 13:46:57,193 - mazeUtils.moveTile - [moveTile.py:1424] - DEBUG - moveTile loop time: 35.1 ms
2026-06-21 13:46:57,201 - picamera2.picamera2 - [picamera2.py:1391] - DEBUG - Execute job: <picamera2.job.Job object at 0x7f8cd6e910>
2026-06-21 13:46:57,204 - mazeUtils.device.camera - [camera.py:39] - DEBUG - Average HSV: H=109.6, S=193.7, V=158.7
2026-06-21 13:46:57,231 - mazeUtils.moveTile - [moveTile.py:79] - DEBUG - roll: 359.69 deg, practicalMoveTime: 0.4531908366393079 sec
2026-06-21 13:46:57,231 - mazeUtils.moveTile - [moveTile.py:1424] - DEBUG - moveTile loop time: 37.4 ms
2026-06-21 13:46:57,238 - picamera2.picamera2 - [picamera2.py:1391] - DEBUG - Execute job: <picamera2.job.Job object at 0x7f6d9c5690>
2026-06-21 13:46:57,242 - mazeUtils.device.camera - [camera.py:39] - DEBUG - Average HSV: H=109.7, S=193.8, V=155.6
2026-06-21 13:46:57,271 - mazeUtils.moveTile - [moveTile.py:79] - DEBUG - roll: 358.33 deg, practicalMoveTime: 0.49321670587716465 sec
2026-06-21 13:46:57,272 - mazeUtils.moveTile - [moveTile.py:1424] - DEBUG - moveTile loop time: 40.9 ms
2026-06-21 13:46:57,280 - picamera2.picamera2 - [picamera2.py:1391] - DEBUG - Execute job: <picamera2.job.Job object at 0x7fa5c77490>
2026-06-21 13:46:57,283 - mazeUtils.device.camera - [camera.py:39] - DEBUG - Average HSV: H=109.6, S=195.1, V=157.8
2026-06-21 13:46:57,315 - mazeUtils.moveTile - [moveTile.py:79] - DEBUG - roll: 359.65999999999997 deg, practicalMoveTime: 0.5357741497688577 sec
2026-06-21 13:46:57,316 - mazeUtils.moveTile - [moveTile.py:1424] - DEBUG - moveTile loop time: 42.7 ms
2026-06-21 13:46:57,321 - picamera2.picamera2 - [picamera2.py:1391] - DEBUG - Execute job: <picamera2.job.Job object at 0x7fa5cd0050>
2026-06-21 13:46:57,324 - mazeUtils.device.camera - [camera.py:39] - DEBUG - Average HSV: H=109.5, S=194.9, V=158.1
2026-06-21 13:46:57,352 - mazeUtils.moveTile - [moveTile.py:79] - DEBUG - roll: 0.12000000000000455 deg, practicalMoveTime: 0.5719376389500097 sec
2026-06-21 13:46:57,352 - mazeUtils.moveTile - [moveTile.py:1424] - DEBUG - moveTile loop time: 36.2 ms
2026-06-21 13:46:57,361 - picamera2.picamera2 - [picamera2.py:1391] - DEBUG - Execute job: <picamera2.job.Job object at 0x7f6dabe390>
2026-06-21 13:46:57,364 - mazeUtils.device.camera - [camera.py:39] - DEBUG - Average HSV: H=109.3, S=194.4, V=155.8
2026-06-21 13:46:57,394 - mazeUtils.moveTile - [moveTile.py:79] - DEBUG - roll: 358.4 deg, practicalMoveTime: 0.6134263167536894 sec
2026-06-21 13:46:57,395 - mazeUtils.moveTile - [moveTile.py:1424] - DEBUG - moveTile loop time: 42.0 ms
2026-06-21 13:46:57,401 - picamera2.picamera2 - [picamera2.py:1391] - DEBUG - Execute job: <picamera2.job.Job object at 0x7f8cd782d0>
2026-06-21 13:46:57,404 - mazeUtils.device.camera - [camera.py:39] - DEBUG - Average HSV: H=108.9, S=194.9, V=166.2
2026-06-21 13:46:57,434 - mazeUtils.moveTile - [moveTile.py:79] - DEBUG - roll: 359.28 deg, practicalMoveTime: 0.6531792374289533 sec
2026-06-21 13:46:57,435 - mazeUtils.moveTile - [moveTile.py:1424] - DEBUG - moveTile loop time: 39.8 ms
2026-06-21 13:46:57,439 - picamera2.picamera2 - [picamera2.py:1391] - DEBUG - Execute job: <picamera2.job.Job object at 0x7f8cd6e910>
2026-06-21 13:46:57,442 - mazeUtils.device.camera - [camera.py:39] - DEBUG - Average HSV: H=108.8, S=196.7, V=167.2
2026-06-21 13:46:57,470 - mazeUtils.moveTile - [moveTile.py:79] - DEBUG - roll: 359.65 deg, practicalMoveTime: 0.6877714589011646 sec
2026-06-21 13:46:57,470 - mazeUtils.moveTile - [moveTile.py:1424] - DEBUG - moveTile loop time: 34.9 ms
2026-06-21 13:46:57,474 - picamera2.picamera2 - [picamera2.py:1391] - DEBUG - Execute job: <picamera2.job.Job object at 0x7f8cd6e910>
2026-06-21 13:46:57,478 - mazeUtils.device.camera - [camera.py:39] - DEBUG - Average HSV: H=108.9, S=196.9, V=167.1
2026-06-21 13:46:57,515 - mazeUtils.moveTile - [moveTile.py:79] - DEBUG - roll: 359.38 deg, practicalMoveTime: 0.7323872147829736 sec
2026-06-21 13:46:57,515 - mazeUtils.moveTile - [moveTile.py:1424] - DEBUG - moveTile loop time: 44.7 ms
2026-06-21 13:46:57,522 - picamera2.picamera2 - [picamera2.py:1391] - DEBUG - Execute job: <picamera2.job.Job object at 0x7f8cd2ac50>
2026-06-21 13:46:57,525 - mazeUtils.device.camera - [camera.py:39] - DEBUG - Average HSV: H=108.9, S=196.6, V=167.9
2026-06-21 13:46:57,558 - mazeUtils.moveTile - [moveTile.py:79] - DEBUG - roll: 359.42999999999995 deg, practicalMoveTime: 0.7746512537039261 sec
2026-06-21 13:46:57,558 - mazeUtils.moveTile - [moveTile.py:1424] - DEBUG - moveTile loop time: 42.5 ms
2026-06-21 13:46:57,565 - picamera2.picamera2 - [picamera2.py:1391] - DEBUG - Execute job: <picamera2.job.Job object at 0x7f8cd6ec10>
2026-06-21 13:46:57,569 - mazeUtils.device.camera - [camera.py:39] - DEBUG - Average HSV: H=108.8, S=197.3, V=169.1
2026-06-21 13:46:57,599 - mazeUtils.moveTile - [moveTile.py:79] - DEBUG - roll: 359.66999999999996 deg, practicalMoveTime: 0.8153467228065182 sec
2026-06-21 13:46:57,599 - mazeUtils.moveTile - [moveTile.py:1424] - DEBUG - moveTile loop time: 41.0 ms
2026-06-21 13:46:57,603 - picamera2.picamera2 - [picamera2.py:1391] - DEBUG - Execute job: <picamera2.job.Job object at 0x7fa5cd0050>
2026-06-21 13:46:57,607 - mazeUtils.device.camera - [camera.py:39] - DEBUG - Average HSV: H=108.9, S=196.9, V=167.2
2026-06-21 13:46:57,632 - mazeUtils.moveTile - [moveTile.py:1369] - INFO - practicalVerticalMove: -0.42918559127891204 CM
2026-06-21 13:46:57,681 - mazeUtils.moveTile - [moveTile.py:1639] - INFO - Set moved vertical distance: -0.42918559127891204 cm, past distances: [(0, False), (0, False), (0, False)]
2026-06-21 13:46:57,737 - mazeUtils.moveTile - [moveTile.py:529] - DEBUG - Direction: absDirection.NORTH, Angle: 0, Distance: 102.73639435973371 cm
2026-06-21 13:46:57,738 - mazeUtils.moveTile - [moveTile.py:553] - DEBUG - Front LiDAR distance: 102.73639435973371 cm, TSD10 distance: 92.5 cm
2026-06-21 13:46:57,739 - mazeUtils.moveTile - [moveTile.py:529] - DEBUG - Direction: absDirection.EAST, Angle: 270, Distance: 20.054347689044754 cm
2026-06-21 13:46:57,740 - mazeUtils.moveTile - [moveTile.py:529] - DEBUG - Direction: absDirection.SOUTH, Angle: 180, Distance: 53.96336737212615 cm
2026-06-21 13:46:57,741 - mazeUtils.moveTile - [moveTile.py:529] - DEBUG - Direction: absDirection.WEST, Angle: 90, Distance: 74.9834137697692 cm
2026-06-21 13:46:57,743 - mazeUtils.moveTile - [moveTile.py:1768] - INFO - Tile color detection counts: {}, decided tile type: E
2026-06-21 13:46:57,805 - __main__ - [main.py:91] - INFO - Current position: (20, 19, 0), front direction: absDirection.NORTH
Layer 0 (altitude=0.0cm, offset=(0.0cm, 0.0cm)):
Known map area: x=20..20, y=19..20
+   +
  @ |
+   +
| S |
+---+
mazeAsGraph[0][19][20] = {absDirection.NORTH: (20, 18, 0, 30), absDirection.EAST: None, absDirection.SOUTH: (20, 20, 0, 30), absDirection.WEST: (19, 19, 0, 30)}
mazeAsGraph[0][20][20] = {absDirection.NORTH: (20, 19, 0, 30), absDirection.EAST: None, absDirection.SOUTH: None, absDirection.WEST: None}
2026-06-21 13:46:57,814 - mazeUtils.mazeMap - [mazeMap.py:61] - INFO - next goal: (20, 18, 0)
2026-06-21 13:46:57,821 - mazeUtils.moveTile - [moveTile.py:79] - DEBUG - Moving to absDirection.NORTH from (20, 19, 0) facing absDirection.NORTH
2026-06-21 13:46:57,845 - mazeUtils.moveTile - [moveTile.py:79] - DEBUG - current heading: 0.8100000000000023 target: 0
2026-06-21 13:46:57,865 - mazeUtils.moveTile - [moveTile.py:404] - DEBUG - stopped turning at heading: 0.8100000000000023, diff: 0.8100000000000023
2026-06-21 13:46:57,915 - mazeUtils.moveTile - [moveTile.py:79] - DEBUG - Turned to heading: 0.20999999999997954 deg
2026-06-21 13:46:58,144 - picamera2.picamera2 - [picamera2.py:1391] - DEBUG - Execute job: <picamera2.job.Job object at 0x7fa5c98b90>
2026-06-21 13:46:58,150 - mazeUtils.device.camera - [camera.py:39] - DEBUG - Average HSV: H=108.9, S=200.1, V=173.2
2026-06-21 13:46:58,179 - mazeUtils.moveTile - [moveTile.py:79] - DEBUG - roll: 358.62 deg, practicalMoveTime: 0.04872696521845873 sec
2026-06-21 13:46:58,179 - mazeUtils.moveTile - [moveTile.py:1424] - DEBUG - moveTile loop time: 47.1 ms
2026-06-21 13:46:58,187 - picamera2.picamera2 - [picamera2.py:1391] - DEBUG - Execute job: <picamera2.job.Job object at 0x7f8cd4b190>
2026-06-21 13:46:58,191 - mazeUtils.device.camera - [camera.py:39] - DEBUG - Average HSV: H=108.9, S=200.3, V=173.5
2026-06-21 13:46:58,221 - mazeUtils.moveTile - [moveTile.py:79] - DEBUG - roll: 359.34999999999997 deg, practicalMoveTime: 0.09024226649387085 sec
2026-06-21 13:46:58,221 - mazeUtils.moveTile - [moveTile.py:1424] - DEBUG - moveTile loop time: 41.8 ms
2026-06-21 13:46:58,229 - picamera2.picamera2 - [picamera2.py:1391] - DEBUG - Execute job: <picamera2.job.Job object at 0x7fa5c98f50>
2026-06-21 13:46:58,233 - mazeUtils.device.camera - [camera.py:39] - DEBUG - Average HSV: H=108.9, S=201.7, V=177.5
2026-06-21 13:46:58,259 - mazeUtils.moveTile - [moveTile.py:79] - DEBUG - roll: 359.62 deg, practicalMoveTime: 0.12752295976458608 sec
2026-06-21 13:46:58,259 - mazeUtils.moveTile - [moveTile.py:1424] - DEBUG - moveTile loop time: 37.6 ms
2026-06-21 13:46:58,265 - picamera2.picamera2 - [picamera2.py:1391] - DEBUG - Execute job: <picamera2.job.Job object at 0x7f6dabe390>
2026-06-21 13:46:58,269 - mazeUtils.device.camera - [camera.py:39] - DEBUG - Average HSV: H=109.2, S=206.7, V=170.8
2026-06-21 13:46:58,296 - mazeUtils.moveTile - [moveTile.py:79] - DEBUG - roll: 1.4399999999999977 deg, practicalMoveTime: 0.16407099561346106 sec
2026-06-21 13:46:58,296 - mazeUtils.moveTile - [moveTile.py:1424] - DEBUG - moveTile loop time: 36.8 ms
2026-06-21 13:46:58,301 - picamera2.picamera2 - [picamera2.py:1391] - DEBUG - Execute job: <picamera2.job.Job object at 0x7f6e5c6010>
2026-06-21 13:46:58,304 - mazeUtils.device.camera - [camera.py:39] - DEBUG - Average HSV: H=109.6, S=204.3, V=160.6
2026-06-21 13:46:58,331 - mazeUtils.moveTile - [moveTile.py:79] - DEBUG - roll: 357.94 deg, practicalMoveTime: 0.19904989160899636 sec
2026-06-21 13:46:58,331 - mazeUtils.moveTile - [moveTile.py:1424] - DEBUG - moveTile loop time: 35.2 ms
2026-06-21 13:46:58,339 - picamera2.picamera2 - [picamera2.py:1391] - DEBUG - Execute job: <picamera2.job.Job object at 0x7f9c0daed0>
2026-06-21 13:46:58,343 - mazeUtils.device.camera - [camera.py:39] - DEBUG - Average HSV: H=109.5, S=208.9, V=163.4
2026-06-21 13:46:58,372 - mazeUtils.moveTile - [moveTile.py:79] - DEBUG - roll: 0.6999999999999886 deg, practicalMoveTime: 0.23896271277388648 sec
2026-06-21 13:46:58,372 - mazeUtils.moveTile - [moveTile.py:1424] - DEBUG - moveTile loop time: 40.2 ms
2026-06-21 13:46:58,379 - picamera2.picamera2 - [picamera2.py:1391] - DEBUG - Execute job: <picamera2.job.Job object at 0x7fa5c98b90>
2026-06-21 13:46:58,382 - mazeUtils.device.camera - [camera.py:39] - DEBUG - Average HSV: H=109.0, S=203.6, V=168.9
2026-06-21 13:46:58,411 - mazeUtils.moveTile - [moveTile.py:79] - DEBUG - roll: 0.9199999999999591 deg, practicalMoveTime: 0.2776859574177256 sec
2026-06-21 13:46:58,411 - mazeUtils.moveTile - [moveTile.py:1424] - DEBUG - moveTile loop time: 38.9 ms
2026-06-21 13:46:58,416 - picamera2.picamera2 - [picamera2.py:1391] - DEBUG - Execute job: <picamera2.job.Job object at 0x7f9c0daed0>
2026-06-21 13:46:58,419 - mazeUtils.device.camera - [camera.py:39] - DEBUG - Average HSV: H=109.7, S=201.0, V=154.5
2026-06-21 13:46:58,444 - mazeUtils.moveTile - [moveTile.py:79] - DEBUG - roll: 359.32 deg, practicalMoveTime: 0.3108850752179956 sec
2026-06-21 13:46:58,445 - mazeUtils.moveTile - [moveTile.py:1424] - DEBUG - moveTile loop time: 33.4 ms
2026-06-21 13:46:58,452 - picamera2.picamera2 - [picamera2.py:1391] - DEBUG - Execute job: <picamera2.job.Job object at 0x7fa5c98f50>
2026-06-21 13:46:58,455 - mazeUtils.device.camera - [camera.py:39] - DEBUG - Average HSV: H=109.8, S=190.0, V=160.3
2026-06-21 13:46:58,493 - mazeUtils.moveTile - [moveTile.py:79] - DEBUG - roll: 0.2899999999999636 deg, practicalMoveTime: 0.3590316600320696 sec
2026-06-21 13:46:58,493 - mazeUtils.moveTile - [moveTile.py:1424] - DEBUG - moveTile loop time: 48.3 ms
2026-06-21 13:46:58,500 - picamera2.picamera2 - [picamera2.py:1391] - DEBUG - Execute job: <picamera2.job.Job object at 0x7f6e066150>
2026-06-21 13:46:58,503 - mazeUtils.device.camera - [camera.py:39] - DEBUG - Average HSV: H=110.1, S=187.1, V=160.8
2026-06-21 13:46:58,528 - mazeUtils.moveTile - [moveTile.py:79] - DEBUG - roll: 1.329999999999984 deg, practicalMoveTime: 0.39389241348295756 sec
2026-06-21 13:46:58,529 - mazeUtils.moveTile - [moveTile.py:1424] - DEBUG - moveTile loop time: 35.2 ms
2026-06-21 13:46:58,536 - picamera2.picamera2 - [picamera2.py:1391] - DEBUG - Execute job: <picamera2.job.Job object at 0x7f6d9bc050>
2026-06-21 13:46:58,539 - mazeUtils.device.camera - [camera.py:39] - DEBUG - Average HSV: H=110.0, S=186.6, V=163.7
2026-06-21 13:46:58,578 - mazeUtils.moveTile - [moveTile.py:79] - DEBUG - roll: 359.13 deg, practicalMoveTime: 0.4431068245234018 sec
2026-06-21 13:46:58,579 - mazeUtils.moveTile - [moveTile.py:1424] - DEBUG - moveTile loop time: 49.5 ms
2026-06-21 13:46:58,584 - picamera2.picamera2 - [picamera2.py:1391] - DEBUG - Execute job: <picamera2.job.Job object at 0x7f9c0daed0>
2026-06-21 13:46:58,588 - mazeUtils.device.camera - [camera.py:39] - DEBUG - Average HSV: H=109.9, S=186.2, V=166.0
2026-06-21 13:46:58,622 - mazeUtils.moveTile - [moveTile.py:79] - DEBUG - roll: 1.4399999999999977 deg, practicalMoveTime: 0.4869624654584665 sec
2026-06-21 13:46:58,623 - mazeUtils.moveTile - [moveTile.py:1424] - DEBUG - moveTile loop time: 44.1 ms
2026-06-21 13:46:58,629 - picamera2.picamera2 - [picamera2.py:1391] - DEBUG - Execute job: <picamera2.job.Job object at 0x7f8cd4b190>
2026-06-21 13:46:58,632 - mazeUtils.device.camera - [camera.py:39] - DEBUG - Average HSV: H=110.0, S=186.3, V=163.7
2026-06-21 13:46:58,657 - mazeUtils.moveTile - [moveTile.py:79] - DEBUG - roll: 0.4399999999999977 deg, practicalMoveTime: 0.5213619142024056 sec
2026-06-21 13:46:58,658 - mazeUtils.moveTile - [moveTile.py:1424] - DEBUG - moveTile loop time: 34.7 ms
2026-06-21 13:46:58,664 - picamera2.picamera2 - [picamera2.py:1391] - DEBUG - Execute job: <picamera2.job.Job object at 0x7f6e066150>
2026-06-21 13:46:58,667 - mazeUtils.device.camera - [camera.py:39] - DEBUG - Average HSV: H=110.1, S=187.7, V=165.7
2026-06-21 13:46:58,695 - mazeUtils.moveTile - [moveTile.py:79] - DEBUG - roll: 359.34 deg, practicalMoveTime: 0.5582001472712207 sec
2026-06-21 13:46:58,695 - mazeUtils.moveTile - [moveTile.py:1424] - DEBUG - moveTile loop time: 36.8 ms
2026-06-21 13:46:58,702 - picamera2.picamera2 - [picamera2.py:1391] - DEBUG - Execute job: <picamera2.job.Job object at 0x7fa5d88590>
2026-06-21 13:46:58,705 - mazeUtils.device.camera - [camera.py:39] - DEBUG - Average HSV: H=110.2, S=187.5, V=162.0
2026-06-21 13:46:58,733 - mazeUtils.moveTile - [moveTile.py:79] - DEBUG - roll: 0.5399999999999636 deg, practicalMoveTime: 0.5962197846992721 sec
2026-06-21 13:46:58,734 - mazeUtils.moveTile - [moveTile.py:1424] - DEBUG - moveTile loop time: 38.3 ms
2026-06-21 13:46:58,744 - picamera2.picamera2 - [picamera2.py:1391] - DEBUG - Execute job: <picamera2.job.Job object at 0x7f6dabe390>
2026-06-21 13:46:58,747 - mazeUtils.device.camera - [camera.py:39] - DEBUG - Average HSV: H=110.1, S=186.8, V=163.5
2026-06-21 13:46:58,774 - mazeUtils.moveTile - [moveTile.py:79] - DEBUG - roll: 0.7999999999999545 deg, practicalMoveTime: 0.6360973650328998 sec
2026-06-21 13:46:58,774 - mazeUtils.moveTile - [moveTile.py:1424] - DEBUG - moveTile loop time: 40.2 ms
2026-06-21 13:46:58,780 - picamera2.picamera2 - [picamera2.py:1391] - DEBUG - Execute job: <picamera2.job.Job object at 0x7f6e066150>
2026-06-21 13:46:58,783 - mazeUtils.device.camera - [camera.py:39] - DEBUG - Average HSV: H=110.2, S=185.8, V=161.4
2026-06-21 13:46:58,809 - mazeUtils.moveTile - [moveTile.py:79] - DEBUG - roll: 0.5999999999999659 deg, practicalMoveTime: 0.670948197183683 sec
2026-06-21 13:46:58,810 - mazeUtils.moveTile - [moveTile.py:1424] - DEBUG - moveTile loop time: 35.2 ms
2026-06-21 13:46:58,818 - picamera2.picamera2 - [picamera2.py:1391] - DEBUG - Execute job: <picamera2.job.Job object at 0x7f6d9bc050>
2026-06-21 13:46:58,821 - mazeUtils.device.camera - [camera.py:39] - DEBUG - Average HSV: H=110.1, S=186.1, V=164.6
2026-06-21 13:46:58,851 - mazeUtils.moveTile - [moveTile.py:79] - DEBUG - roll: 359.58 deg, practicalMoveTime: 0.7123551466488466 sec
2026-06-21 13:46:58,851 - mazeUtils.moveTile - [moveTile.py:1424] - DEBUG - moveTile loop time: 41.7 ms
2026-06-21 13:46:58,858 - picamera2.picamera2 - [picamera2.py:1391] - DEBUG - Execute job: <picamera2.job.Job object at 0x7f8cd5ea50>
2026-06-21 13:46:58,861 - mazeUtils.device.camera - [camera.py:39] - DEBUG - Average HSV: H=110.4, S=187.6, V=160.4
2026-06-21 13:46:58,891 - mazeUtils.moveTile - [moveTile.py:79] - DEBUG - roll: 0.6899999999999977 deg, practicalMoveTime: 0.7514219661367671 sec
2026-06-21 13:46:58,891 - mazeUtils.moveTile - [moveTile.py:1424] - DEBUG - moveTile loop time: 39.3 ms
2026-06-21 13:46:58,897 - picamera2.picamera2 - [picamera2.py:1391] - DEBUG - Execute job: <picamera2.job.Job object at 0x7fa5c98f50>
2026-06-21 13:46:58,900 - mazeUtils.device.camera - [camera.py:39] - DEBUG - Average HSV: H=113.8, S=195.0, V=114.8
2026-06-21 13:46:58,931 - mazeUtils.moveTile - [moveTile.py:79] - DEBUG - roll: 358.95 deg, practicalMoveTime: 0.7914290373256768 sec
2026-06-21 13:46:58,931 - mazeUtils.moveTile - [moveTile.py:1424] - DEBUG - moveTile loop time: 40.2 ms
2026-06-21 13:46:58,935 - picamera2.picamera2 - [picamera2.py:1391] - DEBUG - Execute job: <picamera2.job.Job object at 0x7f8cd4b190>
2026-06-21 13:46:58,939 - mazeUtils.device.camera - [camera.py:39] - DEBUG - Average HSV: H=110.7, S=185.8, V=152.9
2026-06-21 13:46:58,973 - mazeUtils.moveTile - [moveTile.py:79] - DEBUG - roll: 0.46999999999997044 deg, practicalMoveTime: 0.8326149379643968 sec
2026-06-21 13:46:58,973 - mazeUtils.moveTile - [moveTile.py:1424] - DEBUG - moveTile loop time: 41.4 ms
2026-06-21 13:46:58,979 - picamera2.picamera2 - [picamera2.py:1391] - DEBUG - Execute job: <picamera2.job.Job object at 0x7f9c0daed0>
2026-06-21 13:46:58,982 - mazeUtils.device.camera - [camera.py:39] - DEBUG - Average HSV: H=110.2, S=184.3, V=164.4
2026-06-21 13:46:59,007 - mazeUtils.moveTile - [moveTile.py:1369] - INFO - practicalVerticalMove: 0.02938527730929461 CM
2026-06-21 13:46:59,051 - mazeUtils.moveTile - [moveTile.py:1639] - INFO - Set moved vertical distance: 0.02938527730929461 cm, past distances: [(-0.42918559127891204, False), (0, False), (0, False)]
2026-06-21 13:46:59,113 - mazeUtils.moveTile - [moveTile.py:529] - DEBUG - Direction: absDirection.NORTH, Angle: 0, Distance: 100.85487640995876 cm
2026-06-21 13:46:59,113 - mazeUtils.moveTile - [moveTile.py:553] - DEBUG - Front LiDAR distance: 100.85487640995876 cm, TSD10 distance: 61.6 cm
2026-06-21 13:46:59,114 - mazeUtils.moveTile - [moveTile.py:529] - DEBUG - Direction: absDirection.EAST, Angle: 270, Distance: 19.685179926185295 cm
2026-06-21 13:46:59,115 - mazeUtils.moveTile - [moveTile.py:529] - DEBUG - Direction: absDirection.SOUTH, Angle: 180, Distance: 83.17035073625611 cm
2026-06-21 13:46:59,117 - mazeUtils.moveTile - [moveTile.py:529] - DEBUG - Direction: absDirection.WEST, Angle: 90, Distance: 15.084342655484303 cm
2026-06-21 13:46:59,119 - mazeUtils.moveTile - [moveTile.py:1768] - INFO - Tile color detection counts: {}, decided tile type: E
2026-06-21 13:46:59,180 - __main__ - [main.py:91] - INFO - Current position: (20, 18, 0), front direction: absDirection.NORTH
Layer 0 (altitude=0.0cm, offset=(0.0cm, 0.0cm)):
Known map area: x=20..20, y=18..20
+   +
| @ |
+   +
  E |
+   +
| S |
+---+
mazeAsGraph[0][18][20] = {absDirection.NORTH: (20, 17, 0, 30), absDirection.EAST: None, absDirection.SOUTH: (20, 19, 0, 30), absDirection.WEST: None}
mazeAsGraph[0][19][20] = {absDirection.NORTH: (20, 18, 0, 30), absDirection.EAST: None, absDirection.SOUTH: (20, 20, 0, 30), absDirection.WEST: (19, 19, 0, 30)}
mazeAsGraph[0][20][20] = {absDirection.NORTH: (20, 19, 0, 30), absDirection.EAST: None, absDirection.SOUTH: None, absDirection.WEST: None}
2026-06-21 13:46:59,186 - mazeUtils.mazeMap - [mazeMap.py:61] - INFO - next goal: (20, 17, 0)
2026-06-21 13:46:59,198 - mazeUtils.moveTile - [moveTile.py:79] - DEBUG - Moving to absDirection.NORTH from (20, 18, 0) facing absDirection.NORTH
2026-06-21 13:46:59,227 - mazeUtils.moveTile - [moveTile.py:79] - DEBUG - current heading: 358.2 target: 0
2026-06-21 13:46:59,246 - mazeUtils.moveTile - [moveTile.py:404] - DEBUG - stopped turning at heading: 358.2, diff: 1.8000000000000114
2026-06-21 13:46:59,334 - mazeUtils.moveTile - [moveTile.py:79] - DEBUG - Turned to heading: 359.33 deg
2026-06-21 13:46:59,527 - picamera2.picamera2 - [picamera2.py:1391] - DEBUG - Execute job: <picamera2.job.Job object at 0x7f8ddec710>
2026-06-21 13:46:59,531 - mazeUtils.device.camera - [camera.py:39] - DEBUG - Average HSV: H=108.0, S=189.6, V=188.0
2026-06-21 13:46:59,555 - __main__ - [main.py:154] - ERROR - An unexpected error occurred:
Traceback (most recent call last):
  File "/home/tuton/Kanto2026RPi/./src/main.py", line 88, in main
    isBlack, stopped = moveTile.moveNextTile(
                       ^^^^^^^^^^^^^^^^^^^^^^
  File "/home/tuton/Kanto2026RPi/src/mazeUtils/moveTile.py", line 1798, in moveNextTile
    isBlack, stopped = moveTile(direction, mapInstance, stmInstance, lidar)
                       ^^^^^^^^^^^^^^^^^^^^^^^^^^^^^^^^^^^^^^^^^^^^^^^^^^^^
  File "/home/tuton/Kanto2026RPi/src/mazeUtils/moveTile.py", line 1401, in moveTile
    if not victimRescueFlag:
           ^^^^^^^^^^^^^^^^
UnboundLocalError: cannot access local variable 'victimRescueFlag' where it is not associated with a value
2026-06-21 13:47:01,172 - picamera2.picamera2 - [picamera2.py:1391] - DEBUG - Execute job: <picamera2.job.Job object at 0x7fb2636e90>
2026-06-21 13:47:01,188 - picamera2.picamera2 - [picamera2.py:1323] - INFO - Camera stopped
2026-06-21 13:47:01,390 - picamera2.picamera2 - [picamera2.py:1329] - DEBUG - Camera was not started
2026-06-21 13:47:01,591 - picamera2.picamera2 - [picamera2.py:723] - INFO - Camera closed successfully.
2026-06-21 13:47:01,660 - picamera2.picamera2 - [picamera2.py:500] - DEBUG - Resources now free: <picamera2.picamera2.Picamera2 object at 0x7fa5c3cad0>
