2026-06-26 04:29:07,312 - root - [logging_config.py:61] - INFO - Logging initialized. Log file: /home/tuton/Kanto2026RPi/src/config/../logs/robot_20260626_042902.log
2026-06-26 04:29:09,335 - mazeUtils.device.LiDAR - [LiDAR.py:78] - INFO - Available ports: <ydlidar.Str2strMap; proxy of <Swig Object of type 'std::map< std::string,std::string > *' at 0x7f76e0cdb0> >
2026-06-26 04:29:13,317 - mazeUtils.moveTile - [moveTile.py:549] - DEBUG - overwrite the wall data
2026-06-26 04:29:13,348 - mazeUtils.moveTile - [moveTile.py:563] - DEBUG - Direction: absDirection.NORTH, Angle: 0, Distance: 175.99273073786028 cm
2026-06-26 04:29:13,351 - mazeUtils.moveTile - [moveTile.py:570] - INFO - angle: 0, result: judgeWallResult.NO_WALL
2026-06-26 04:29:13,354 - mazeUtils.moveTile - [moveTile.py:563] - DEBUG - Direction: absDirection.EAST, Angle: 270, Distance: 18.165179824036702 cm
2026-06-26 04:29:13,356 - mazeUtils.moveTile - [moveTile.py:563] - DEBUG - Direction: absDirection.SOUTH, Angle: 180, Distance: 16.564291101349 cm
2026-06-26 04:29:13,357 - mazeUtils.moveTile - [moveTile.py:563] - DEBUG - Direction: absDirection.WEST, Angle: 90, Distance: 15.839495319640635 cm
2026-06-26 04:29:13,359 - __main__ - [main.py:68] - INFO - Initial Map:
2026-06-26 04:29:13,410 - __main__ - [main.py:69] - INFO - Current position: (20, 20, 0), front direction: absDirection.NORTH
Layer 0 (altitude=0.0cm, offset=(0.0cm, 0.0cm)):
Known map area: x=20..20, y=20..20
+   +
| @ |
+---+
mazeAsGraph[0][20][20] = {absDirection.NORTH: (20, 19, 0, 30), absDirection.EAST: None, absDirection.SOUTH: None, absDirection.WEST: None}
2026-06-26 04:29:14,434 - mazeUtils.mazeMap - [mazeMap.py:61] - INFO - next goal: (20, 19, 0)
2026-06-26 04:29:14,436 - __main__ - [main.py:73] - INFO - Next Direction: [<absDirection.NORTH: 0>]
2026-06-26 04:29:14,438 - __main__ - [main.py:74] - INFO - Exploration started.
2026-06-26 04:29:14,441 - mazeUtils.mazeMap - [mazeMap.py:61] - INFO - next goal: (20, 20, 0)
2026-06-26 04:29:14,444 - mazeUtils.moveTile - [moveTile.py:88] - DEBUG - [2001.381701] moveTile start direction=absDirection.NORTH position=(20, 20, 0) front=absDirection.NORTH
2026-06-26 04:29:14,453 - mazeUtils.moveTile - [moveTile.py:90] - DEBUG - [2001.390930] moveTile after initial toggle check (+9.2 ms)
2026-06-26 04:29:14,458 - mazeUtils.moveTile - [moveTile.py:90] - DEBUG - [2001.396360] moveTile after tile checks isRedTile=False isUnknownTileAhead=True (+5.4 ms)
2026-06-26 04:29:14,459 - mazeUtils.moveTile - [moveTile.py:79] - DEBUG - Moving to absDirection.NORTH from (20, 20, 0) facing absDirection.NORTH
2026-06-26 04:29:14,460 - mazeUtils.moveTile - [moveTile.py:90] - DEBUG - [2001.397859] moveTile start heading change target=0 (+1.5 ms)
2026-06-26 04:29:14,486 - mazeUtils.moveTile - [moveTile.py:79] - DEBUG - current heading: 0.05000000000001137 target: 0
2026-06-26 04:29:14,508 - mazeUtils.moveTile - [moveTile.py:435] - DEBUG - stopped turning at heading: 0.05000000000001137, diff: 0.05000000000001137
2026-06-26 04:29:14,563 - mazeUtils.moveTile - [moveTile.py:79] - DEBUG - Turned to heading: 0.05000000000001137 deg
2026-06-26 04:29:14,564 - mazeUtils.moveTile - [moveTile.py:90] - DEBUG - [2001.501577] moveTile finished heading change (+103.7 ms)
2026-06-26 04:29:14,564 - mazeUtils.moveTile - [moveTile.py:90] - DEBUG - [2001.502349] moveTile updated front direction (+0.8 ms)
2026-06-26 04:29:14,585 - mazeUtils.moveTile - [moveTile.py:90] - DEBUG - [2001.523075] moveTile stopped motors before alignment (+20.7 ms)
2026-06-26 04:29:14,740 - mazeUtils.moveTile - [moveTile.py:563] - DEBUG - Direction: absDirection.NORTH, Angle: 0, Distance: 176.25811288418228 cm
2026-06-26 04:29:14,743 - mazeUtils.moveTile - [moveTile.py:563] - DEBUG - Direction: absDirection.EAST, Angle: 270, Distance: 17.948129415475137 cm
2026-06-26 04:29:14,745 - mazeUtils.moveTile - [moveTile.py:563] - DEBUG - Direction: absDirection.SOUTH, Angle: 180, Distance: 16.324146095813795 cm
2026-06-26 04:29:14,747 - mazeUtils.moveTile - [moveTile.py:563] - DEBUG - Direction: absDirection.WEST, Angle: 90, Distance: 15.880738426261154 cm
2026-06-26 04:29:14,752 - mazeUtils.moveTile - [moveTile.py:90] - DEBUG - [2001.689673] moveTile start backward adjustment behind_wall_dist=16.324146095813795 (+166.6 ms)
2026-06-26 04:29:14,774 - mazeUtils.moveTile - [moveTile.py:79] - DEBUG - Little backward to adjust position
2026-06-26 04:29:15,196 - mazeUtils.moveTile - [moveTile.py:90] - DEBUG - [2002.134253] moveTile finished backward adjustment (+444.6 ms)
2026-06-26 04:29:15,217 - mazeUtils.moveTile - [moveTile.py:90] - DEBUG - [2002.155301] moveTile ready for forward move (+21.0 ms)
2026-06-26 04:29:15,315 - mazeUtils.moveTile - [moveTile.py:90] - DEBUG - [2002.252970] moveTile initialized movement targetSteps=1 (+97.7 ms)
2026-06-26 04:29:15,317 - mazeUtils.moveTile - [moveTile.py:90] - DEBUG - [2002.255352] moveTile loop start (+2.4 ms)
2026-06-26 04:29:15,327 - picamera2.picamera2 - [picamera2.py:1391] - DEBUG - Execute job: <picamera2.job.Job object at 0x7f76e908d0>
2026-06-26 04:29:15,345 - mazeUtils.device.camera - [camera.py:39] - DEBUG - Average HSV: H=129.6, S=52.1, V=213.2
2026-06-26 04:29:15,355 - mazeUtils.moveTile - [moveTile.py:90] - DEBUG - [2002.292992] moveTile calculated motor speeds left=100 right=99 gyroSteer=-2.519999999999982 wallSteer=2.799999999999997 (+37.6 ms)
2026-06-26 04:29:15,376 - mazeUtils.moveTile - [moveTile.py:90] - DEBUG - [2002.314401] moveTile applied motor speed left=100 right=99 (+21.4 ms)
2026-06-26 04:29:15,377 - mazeUtils.moveTile - [moveTile.py:90] - DEBUG - [2002.315432] moveTile ramp check isBigRamp=False (+1.0 ms)
2026-06-26 04:29:15,383 - mazeUtils.moveTile - [moveTile.py:90] - DEBUG - [2002.320397] moveTile tile color check tempTileColor=E (+5.0 ms)
2026-06-26 04:29:15,385 - mazeUtils.moveTile - [moveTile.py:90] - DEBUG - [2002.322909] moveTile obstacle check escapeFlag=False (+2.5 ms)
2026-06-26 04:29:15,391 - mazeUtils.moveTile - [moveTile.py:79] - DEBUG - roll: 358.89 deg, practicalMoveTime: 0.07597916575039404 sec
2026-06-26 04:29:15,393 - mazeUtils.moveTile - [moveTile.py:1907] - DEBUG - moveTile loop time: 75.2 ms
2026-06-26 04:29:15,394 - mazeUtils.moveTile - [moveTile.py:90] - DEBUG - [2002.331597] moveTile loop end practicalMoveTime=0.076 (+8.7 ms)
2026-06-26 04:29:15,395 - mazeUtils.moveTile - [moveTile.py:90] - DEBUG - [2002.332550] moveTile loop start (+1.0 ms)
2026-06-26 04:29:15,402 - picamera2.picamera2 - [picamera2.py:1391] - DEBUG - Execute job: <picamera2.job.Job object at 0x7f41bb8e50>
2026-06-26 04:29:15,415 - mazeUtils.device.camera - [camera.py:39] - DEBUG - Average HSV: H=130.9, S=50.7, V=213.0
2026-06-26 04:29:15,423 - mazeUtils.moveTile - [moveTile.py:90] - DEBUG - [2002.361385] moveTile calculated motor speeds left=96 right=100 gyroSteer=-6.360000000000127 wallSteer=2.8000000000000007 (+28.8 ms)
2026-06-26 04:29:15,449 - mazeUtils.moveTile - [moveTile.py:90] - DEBUG - [2002.387070] moveTile applied motor speed left=96 right=100 (+25.7 ms)
2026-06-26 04:29:15,450 - mazeUtils.moveTile - [moveTile.py:90] - DEBUG - [2002.388272] moveTile ramp check isBigRamp=False (+1.2 ms)
2026-06-26 04:29:15,455 - mazeUtils.moveTile - [moveTile.py:90] - DEBUG - [2002.392751] moveTile tile color check tempTileColor=E (+4.5 ms)
2026-06-26 04:29:15,456 - mazeUtils.moveTile - [moveTile.py:90] - DEBUG - [2002.393607] moveTile obstacle check escapeFlag=False (+0.9 ms)
2026-06-26 04:29:15,463 - mazeUtils.moveTile - [moveTile.py:79] - DEBUG - roll: 358.35 deg, practicalMoveTime: 0.14570918855490347 sec
2026-06-26 04:29:15,464 - mazeUtils.moveTile - [moveTile.py:1907] - DEBUG - moveTile loop time: 69.0 ms
2026-06-26 04:29:15,465 - mazeUtils.moveTile - [moveTile.py:90] - DEBUG - [2002.402829] moveTile loop end practicalMoveTime=0.146 (+9.2 ms)
2026-06-26 04:29:15,466 - mazeUtils.moveTile - [moveTile.py:90] - DEBUG - [2002.403630] moveTile loop start (+0.8 ms)
2026-06-26 04:29:15,474 - picamera2.picamera2 - [picamera2.py:1391] - DEBUG - Execute job: <picamera2.job.Job object at 0x7f41eb95d0>
2026-06-26 04:29:15,482 - mazeUtils.device.camera - [camera.py:39] - DEBUG - Average HSV: H=136.0, S=51.8, V=201.9
2026-06-26 04:29:15,492 - mazeUtils.moveTile - [moveTile.py:90] - DEBUG - [2002.430030] moveTile calculated motor speeds left=97 right=100 gyroSteer=-6.039999999999964 wallSteer=3.1999999999999993 (+26.4 ms)
2026-06-26 04:29:15,518 - mazeUtils.moveTile - [moveTile.py:90] - DEBUG - [2002.456207] moveTile applied motor speed left=97 right=100 (+26.2 ms)
2026-06-26 04:29:15,519 - mazeUtils.moveTile - [moveTile.py:90] - DEBUG - [2002.456932] moveTile ramp check isBigRamp=False (+0.7 ms)
2026-06-26 04:29:15,523 - mazeUtils.moveTile - [moveTile.py:90] - DEBUG - [2002.460618] moveTile tile color check tempTileColor=E (+3.7 ms)
2026-06-26 04:29:15,523 - mazeUtils.moveTile - [moveTile.py:90] - DEBUG - [2002.461291] moveTile obstacle check escapeFlag=False (+0.7 ms)
2026-06-26 04:29:15,528 - mazeUtils.moveTile - [moveTile.py:79] - DEBUG - roll: 359.98 deg, practicalMoveTime: 0.20969519802166386 sec
2026-06-26 04:29:15,529 - mazeUtils.moveTile - [moveTile.py:1907] - DEBUG - moveTile loop time: 63.3 ms
2026-06-26 04:29:15,530 - mazeUtils.moveTile - [moveTile.py:90] - DEBUG - [2002.467552] moveTile loop end practicalMoveTime=0.210 (+6.3 ms)
2026-06-26 04:29:15,530 - mazeUtils.moveTile - [moveTile.py:90] - DEBUG - [2002.468174] moveTile loop start (+0.6 ms)
2026-06-26 04:29:15,536 - picamera2.picamera2 - [picamera2.py:1391] - DEBUG - Execute job: <picamera2.job.Job object at 0x7f76ea88d0>
2026-06-26 04:29:15,543 - mazeUtils.device.camera - [camera.py:39] - DEBUG - Average HSV: H=166.3, S=21.8, V=214.5
2026-06-26 04:29:15,550 - mazeUtils.moveTile - [moveTile.py:90] - DEBUG - [2002.488084] moveTile calculated motor speeds left=100 right=98 gyroSteer=-2.480000000000018 wallSteer=3.599999999999998 (+19.9 ms)
2026-06-26 04:29:15,570 - mazeUtils.moveTile - [moveTile.py:90] - DEBUG - [2002.508057] moveTile applied motor speed left=100 right=98 (+20.0 ms)
2026-06-26 04:29:15,571 - mazeUtils.moveTile - [moveTile.py:90] - DEBUG - [2002.508956] moveTile ramp check isBigRamp=False (+0.9 ms)
2026-06-26 04:29:15,575 - mazeUtils.moveTile - [moveTile.py:90] - DEBUG - [2002.513273] moveTile tile color check tempTileColor=E (+4.3 ms)
2026-06-26 04:29:15,577 - mazeUtils.moveTile - [moveTile.py:90] - DEBUG - [2002.514912] moveTile obstacle check escapeFlag=False (+1.6 ms)
2026-06-26 04:29:15,581 - mazeUtils.moveTile - [moveTile.py:79] - DEBUG - roll: 358.46 deg, practicalMoveTime: 0.26202312124662436 sec
2026-06-26 04:29:15,582 - mazeUtils.moveTile - [moveTile.py:1907] - DEBUG - moveTile loop time: 52.1 ms
2026-06-26 04:29:15,583 - mazeUtils.moveTile - [moveTile.py:90] - DEBUG - [2002.520885] moveTile loop end practicalMoveTime=0.262 (+6.0 ms)
2026-06-26 04:29:15,583 - mazeUtils.moveTile - [moveTile.py:90] - DEBUG - [2002.521407] moveTile loop start (+0.5 ms)
2026-06-26 04:29:15,593 - picamera2.picamera2 - [picamera2.py:1391] - DEBUG - Execute job: <picamera2.job.Job object at 0x7f77047fd0>
2026-06-26 04:29:15,600 - mazeUtils.device.camera - [camera.py:39] - DEBUG - Average HSV: H=161.7, S=20.0, V=215.8
2026-06-26 04:29:15,605 - mazeUtils.moveTile - [moveTile.py:90] - DEBUG - [2002.542666] moveTile calculated motor speeds left=100 right=95 gyroSteer=0.2400000000000091 wallSteer=4.0 (+21.3 ms)
2026-06-26 04:29:15,625 - mazeUtils.moveTile - [moveTile.py:90] - DEBUG - [2002.563292] moveTile applied motor speed left=100 right=95 (+20.6 ms)
2026-06-26 04:29:15,626 - mazeUtils.moveTile - [moveTile.py:90] - DEBUG - [2002.564064] moveTile ramp check isBigRamp=False (+0.8 ms)
2026-06-26 04:29:15,630 - mazeUtils.moveTile - [moveTile.py:90] - DEBUG - [2002.567595] moveTile tile color check tempTileColor=E (+3.5 ms)
2026-06-26 04:29:15,631 - mazeUtils.moveTile - [moveTile.py:90] - DEBUG - [2002.568914] moveTile obstacle check escapeFlag=False (+1.3 ms)
2026-06-26 04:29:15,638 - mazeUtils.moveTile - [moveTile.py:79] - DEBUG - roll: 359.06 deg, practicalMoveTime: 0.3169314087699245 sec
2026-06-26 04:29:15,639 - mazeUtils.moveTile - [moveTile.py:1907] - DEBUG - moveTile loop time: 55.0 ms
2026-06-26 04:29:15,639 - mazeUtils.moveTile - [moveTile.py:90] - DEBUG - [2002.577120] moveTile loop end practicalMoveTime=0.317 (+8.2 ms)
2026-06-26 04:29:15,640 - mazeUtils.moveTile - [moveTile.py:90] - DEBUG - [2002.577702] moveTile loop start (+0.6 ms)
2026-06-26 04:29:15,651 - picamera2.picamera2 - [picamera2.py:1391] - DEBUG - Execute job: <picamera2.job.Job object at 0x7f76ea88d0>
2026-06-26 04:29:15,658 - mazeUtils.device.camera - [camera.py:39] - DEBUG - Average HSV: H=151.6, S=16.5, V=218.4
2026-06-26 04:29:15,664 - mazeUtils.moveTile - [moveTile.py:90] - DEBUG - [2002.602048] moveTile calculated motor speeds left=100 right=92 gyroSteer=3.0399999999999636 wallSteer=4.799999999999997 (+24.3 ms)
2026-06-26 04:29:15,685 - mazeUtils.moveTile - [moveTile.py:90] - DEBUG - [2002.623027] moveTile applied motor speed left=100 right=92 (+21.0 ms)
2026-06-26 04:29:15,686 - mazeUtils.moveTile - [moveTile.py:90] - DEBUG - [2002.623848] moveTile ramp check isBigRamp=False (+0.8 ms)
2026-06-26 04:29:15,690 - mazeUtils.moveTile - [moveTile.py:90] - DEBUG - [2002.628437] moveTile tile color check tempTileColor=E (+4.6 ms)
2026-06-26 04:29:15,692 - mazeUtils.moveTile - [moveTile.py:90] - DEBUG - [2002.629533] moveTile obstacle check escapeFlag=False (+1.1 ms)
2026-06-26 04:29:15,699 - mazeUtils.moveTile - [moveTile.py:79] - DEBUG - roll: 359.67 deg, practicalMoveTime: 0.37690016688087324 sec
2026-06-26 04:29:15,699 - mazeUtils.moveTile - [moveTile.py:1907] - DEBUG - moveTile loop time: 59.7 ms
2026-06-26 04:29:15,700 - mazeUtils.moveTile - [moveTile.py:90] - DEBUG - [2002.638011] moveTile loop end practicalMoveTime=0.377 (+8.5 ms)
2026-06-26 04:29:15,701 - mazeUtils.moveTile - [moveTile.py:90] - DEBUG - [2002.638680] moveTile loop start (+0.7 ms)
2026-06-26 04:29:15,707 - picamera2.picamera2 - [picamera2.py:1391] - DEBUG - Execute job: <picamera2.job.Job object at 0x7f772f8910>
2026-06-26 04:29:15,715 - mazeUtils.device.camera - [camera.py:39] - DEBUG - Average HSV: H=147.9, S=16.8, V=220.5
2026-06-26 04:29:15,722 - mazeUtils.moveTile - [moveTile.py:90] - DEBUG - [2002.660461] moveTile calculated motor speeds left=100 right=91 gyroSteer=3.119999999999891 wallSteer=5.599999999999998 (+21.8 ms)
2026-06-26 04:29:15,744 - mazeUtils.moveTile - [moveTile.py:90] - DEBUG - [2002.682040] moveTile applied motor speed left=100 right=91 (+21.6 ms)
2026-06-26 04:29:15,745 - mazeUtils.moveTile - [moveTile.py:90] - DEBUG - [2002.682840] moveTile ramp check isBigRamp=False (+0.8 ms)
2026-06-26 04:29:15,748 - mazeUtils.moveTile - [moveTile.py:90] - DEBUG - [2002.686360] moveTile tile color check tempTileColor=E (+3.5 ms)
2026-06-26 04:29:15,749 - mazeUtils.moveTile - [moveTile.py:90] - DEBUG - [2002.686984] moveTile obstacle check escapeFlag=False (+0.6 ms)
2026-06-26 04:29:15,754 - mazeUtils.moveTile - [moveTile.py:79] - DEBUG - roll: 1.5299999999999727 deg, practicalMoveTime: 0.4314747929666116 sec
2026-06-26 04:29:15,755 - mazeUtils.moveTile - [moveTile.py:1907] - DEBUG - moveTile loop time: 54.7 ms
2026-06-26 04:29:15,756 - mazeUtils.moveTile - [moveTile.py:90] - DEBUG - [2002.693936] moveTile loop end practicalMoveTime=0.431 (+7.0 ms)
2026-06-26 04:29:15,756 - mazeUtils.moveTile - [moveTile.py:90] - DEBUG - [2002.694354] moveTile loop start (+0.4 ms)
2026-06-26 04:29:15,763 - picamera2.picamera2 - [picamera2.py:1391] - DEBUG - Execute job: <picamera2.job.Job object at 0x7f76f7a9d0>
2026-06-26 04:29:15,771 - mazeUtils.device.camera - [camera.py:39] - DEBUG - Average HSV: H=156.2, S=17.0, V=219.3
2026-06-26 04:29:15,778 - mazeUtils.moveTile - [moveTile.py:90] - DEBUG - [2002.716248] moveTile calculated motor speeds left=100 right=93 gyroSteer=2.0799999999999272 wallSteer=4.399999999999999 (+21.9 ms)
2026-06-26 04:29:15,799 - mazeUtils.moveTile - [moveTile.py:90] - DEBUG - [2002.736509] moveTile applied motor speed left=100 right=93 (+20.3 ms)
2026-06-26 04:29:15,799 - mazeUtils.moveTile - [moveTile.py:90] - DEBUG - [2002.737250] moveTile ramp check isBigRamp=False (+0.7 ms)
2026-06-26 04:29:15,803 - mazeUtils.moveTile - [moveTile.py:90] - DEBUG - [2002.740784] moveTile tile color check tempTileColor=E (+3.5 ms)
2026-06-26 04:29:15,803 - mazeUtils.moveTile - [moveTile.py:90] - DEBUG - [2002.741487] moveTile obstacle check escapeFlag=False (+0.7 ms)
2026-06-26 04:29:15,813 - mazeUtils.moveTile - [moveTile.py:79] - DEBUG - roll: 0.22000000000002728 deg, practicalMoveTime: 0.4883180728930753 sec
2026-06-26 04:29:15,814 - mazeUtils.moveTile - [moveTile.py:1907] - DEBUG - moveTile loop time: 57.1 ms
2026-06-26 04:29:15,815 - mazeUtils.moveTile - [moveTile.py:90] - DEBUG - [2002.753014] moveTile loop end practicalMoveTime=0.488 (+11.5 ms)
2026-06-26 04:29:15,816 - mazeUtils.moveTile - [moveTile.py:90] - DEBUG - [2002.753834] moveTile loop start (+0.8 ms)
2026-06-26 04:29:15,824 - picamera2.picamera2 - [picamera2.py:1391] - DEBUG - Execute job: <picamera2.job.Job object at 0x7f77024c90>
2026-06-26 04:29:15,830 - mazeUtils.device.camera - [camera.py:39] - DEBUG - Average HSV: H=153.8, S=19.9, V=219.3
2026-06-26 04:29:15,836 - mazeUtils.moveTile - [moveTile.py:90] - DEBUG - [2002.773915] moveTile calculated motor speeds left=100 right=98 gyroSteer=-3.8400000000001455 wallSteer=5.600000000000001 (+20.1 ms)
2026-06-26 04:29:15,855 - mazeUtils.moveTile - [moveTile.py:90] - DEBUG - [2002.792798] moveTile applied motor speed left=100 right=98 (+18.9 ms)
2026-06-26 04:29:15,856 - mazeUtils.moveTile - [moveTile.py:90] - DEBUG - [2002.793548] moveTile ramp check isBigRamp=False (+0.7 ms)
2026-06-26 04:29:15,860 - mazeUtils.moveTile - [moveTile.py:90] - DEBUG - [2002.798322] moveTile tile color check tempTileColor=E (+4.8 ms)
2026-06-26 04:29:15,862 - mazeUtils.moveTile - [moveTile.py:90] - DEBUG - [2002.799604] moveTile obstacle check escapeFlag=False (+1.3 ms)
2026-06-26 04:29:15,868 - mazeUtils.moveTile - [moveTile.py:79] - DEBUG - roll: 1.509999999999991 deg, practicalMoveTime: 0.5424355683541846 sec
2026-06-26 04:29:15,869 - mazeUtils.moveTile - [moveTile.py:1907] - DEBUG - moveTile loop time: 52.7 ms
2026-06-26 04:29:15,869 - mazeUtils.moveTile - [moveTile.py:90] - DEBUG - [2002.807164] moveTile loop end practicalMoveTime=0.542 (+7.6 ms)
2026-06-26 04:29:15,870 - mazeUtils.moveTile - [moveTile.py:90] - DEBUG - [2002.807689] moveTile loop start (+0.5 ms)
2026-06-26 04:29:15,876 - picamera2.picamera2 - [picamera2.py:1391] - DEBUG - Execute job: <picamera2.job.Job object at 0x7f41eb95d0>
2026-06-26 04:29:15,883 - mazeUtils.device.camera - [camera.py:39] - DEBUG - Average HSV: H=148.7, S=19.9, V=223.1
2026-06-26 04:29:15,887 - mazeUtils.moveTile - [moveTile.py:90] - DEBUG - [2002.824817] moveTile calculated motor speeds left=100 right=97 gyroSteer=-1.8800000000001091 wallSteer=4.399999999999999 (+17.1 ms)
2026-06-26 04:29:15,909 - mazeUtils.moveTile - [moveTile.py:90] - DEBUG - [2002.847064] moveTile applied motor speed left=100 right=97 (+22.2 ms)
2026-06-26 04:29:15,910 - mazeUtils.moveTile - [moveTile.py:90] - DEBUG - [2002.848316] moveTile ramp check isBigRamp=False (+1.3 ms)
2026-06-26 04:29:15,914 - mazeUtils.moveTile - [moveTile.py:90] - DEBUG - [2002.852171] moveTile tile color check tempTileColor=E (+3.9 ms)
2026-06-26 04:29:15,915 - mazeUtils.moveTile - [moveTile.py:90] - DEBUG - [2002.853124] moveTile obstacle check escapeFlag=False (+1.0 ms)
2026-06-26 04:29:15,921 - mazeUtils.moveTile - [moveTile.py:79] - DEBUG - roll: 359.71 deg, practicalMoveTime: 0.5949405919576083 sec
2026-06-26 04:29:15,923 - mazeUtils.moveTile - [moveTile.py:1907] - DEBUG - moveTile loop time: 53.0 ms
2026-06-26 04:29:15,924 - mazeUtils.moveTile - [moveTile.py:90] - DEBUG - [2002.861548] moveTile loop end practicalMoveTime=0.595 (+8.4 ms)
2026-06-26 04:29:15,924 - mazeUtils.moveTile - [moveTile.py:90] - DEBUG - [2002.862373] moveTile loop start (+0.8 ms)
2026-06-26 04:29:15,931 - picamera2.picamera2 - [picamera2.py:1391] - DEBUG - Execute job: <picamera2.job.Job object at 0x7f41bb8ed0>
2026-06-26 04:29:15,938 - mazeUtils.device.camera - [camera.py:39] - DEBUG - Average HSV: H=148.8, S=17.0, V=228.2
2026-06-26 04:29:15,943 - mazeUtils.moveTile - [moveTile.py:90] - DEBUG - [2002.880750] moveTile calculated motor speeds left=100 right=98 gyroSteer=-2.2799999999999727 wallSteer=4.0 (+18.4 ms)
2026-06-26 04:29:15,965 - mazeUtils.moveTile - [moveTile.py:90] - DEBUG - [2002.902930] moveTile applied motor speed left=100 right=98 (+22.2 ms)
2026-06-26 04:29:15,966 - mazeUtils.moveTile - [moveTile.py:90] - DEBUG - [2002.903669] moveTile ramp check isBigRamp=False (+0.7 ms)
2026-06-26 04:29:15,969 - mazeUtils.moveTile - [moveTile.py:90] - DEBUG - [2002.907258] moveTile tile color check tempTileColor=E (+3.6 ms)
2026-06-26 04:29:15,970 - mazeUtils.moveTile - [moveTile.py:90] - DEBUG - [2002.907892] moveTile obstacle check escapeFlag=False (+0.6 ms)
2026-06-26 04:29:15,976 - mazeUtils.moveTile - [moveTile.py:79] - DEBUG - roll: 0.3100000000000023 deg, practicalMoveTime: 0.6481654419695232 sec
2026-06-26 04:29:15,977 - mazeUtils.moveTile - [moveTile.py:1907] - DEBUG - moveTile loop time: 53.0 ms
2026-06-26 04:29:15,978 - mazeUtils.moveTile - [moveTile.py:90] - DEBUG - [2002.916221] moveTile loop end practicalMoveTime=0.648 (+8.3 ms)
2026-06-26 04:29:15,980 - mazeUtils.moveTile - [moveTile.py:90] - DEBUG - [2002.917531] moveTile loop start (+1.3 ms)
2026-06-26 04:29:15,987 - picamera2.picamera2 - [picamera2.py:1391] - DEBUG - Execute job: <picamera2.job.Job object at 0x7f772a1390>
2026-06-26 04:29:15,995 - mazeUtils.device.camera - [camera.py:39] - DEBUG - Average HSV: H=155.9, S=16.5, V=223.6
2026-06-26 04:29:16,002 - mazeUtils.moveTile - [moveTile.py:90] - DEBUG - [2002.939956] moveTile calculated motor speeds left=100 right=97 gyroSteer=-1.6400000000001 wallSteer=4.399999999999999 (+22.4 ms)
2026-06-26 04:29:16,028 - mazeUtils.moveTile - [moveTile.py:90] - DEBUG - [2002.965873] moveTile applied motor speed left=100 right=97 (+25.9 ms)
2026-06-26 04:29:16,029 - mazeUtils.moveTile - [moveTile.py:90] - DEBUG - [2002.966642] moveTile ramp check isBigRamp=False (+0.8 ms)
2026-06-26 04:29:16,033 - mazeUtils.moveTile - [moveTile.py:90] - DEBUG - [2002.970536] moveTile tile color check tempTileColor=E (+3.9 ms)
2026-06-26 04:29:16,034 - mazeUtils.moveTile - [moveTile.py:90] - DEBUG - [2002.971860] moveTile obstacle check escapeFlag=False (+1.3 ms)
2026-06-26 04:29:16,039 - mazeUtils.moveTile - [moveTile.py:79] - DEBUG - roll: 358.02 deg, practicalMoveTime: 0.7100511697700965 sec
2026-06-26 04:29:16,040 - mazeUtils.moveTile - [moveTile.py:1907] - DEBUG - moveTile loop time: 60.7 ms
2026-06-26 04:29:16,041 - mazeUtils.moveTile - [moveTile.py:90] - DEBUG - [2002.978765] moveTile loop end practicalMoveTime=0.710 (+6.9 ms)
2026-06-26 04:29:16,041 - mazeUtils.moveTile - [moveTile.py:90] - DEBUG - [2002.979245] moveTile loop start (+0.5 ms)
2026-06-26 04:29:16,050 - picamera2.picamera2 - [picamera2.py:1391] - DEBUG - Execute job: <picamera2.job.Job object at 0x7f77006b10>
2026-06-26 04:29:16,057 - mazeUtils.device.camera - [camera.py:39] - DEBUG - Average HSV: H=146.8, S=16.9, V=221.9
2026-06-26 04:29:16,064 - mazeUtils.moveTile - [moveTile.py:90] - DEBUG - [2003.002091] moveTile calculated motor speeds left=100 right=98 gyroSteer=-3.6400000000001 wallSteer=5.199999999999999 (+22.8 ms)
2026-06-26 04:29:16,089 - mazeUtils.moveTile - [moveTile.py:90] - DEBUG - [2003.026979] moveTile applied motor speed left=100 right=98 (+24.9 ms)
2026-06-26 04:29:16,091 - mazeUtils.moveTile - [moveTile.py:90] - DEBUG - [2003.028967] moveTile ramp check isBigRamp=False (+2.0 ms)
2026-06-26 04:29:16,097 - mazeUtils.moveTile - [moveTile.py:90] - DEBUG - [2003.035278] moveTile tile color check tempTileColor=E (+6.3 ms)
2026-06-26 04:29:16,098 - mazeUtils.moveTile - [moveTile.py:90] - DEBUG - [2003.036137] moveTile obstacle check escapeFlag=False (+0.9 ms)
2026-06-26 04:29:16,106 - mazeUtils.moveTile - [moveTile.py:79] - DEBUG - roll: 359.5 deg, practicalMoveTime: 0.7755785396146767 sec
2026-06-26 04:29:16,107 - mazeUtils.moveTile - [moveTile.py:1907] - DEBUG - moveTile loop time: 65.5 ms
2026-06-26 04:29:16,107 - mazeUtils.moveTile - [moveTile.py:90] - DEBUG - [2003.045328] moveTile loop end practicalMoveTime=0.776 (+9.2 ms)
2026-06-26 04:29:16,108 - mazeUtils.moveTile - [moveTile.py:90] - DEBUG - [2003.045734] moveTile loop start (+0.4 ms)
2026-06-26 04:29:16,114 - picamera2.picamera2 - [picamera2.py:1391] - DEBUG - Execute job: <picamera2.job.Job object at 0x7f77024c90>
2026-06-26 04:29:16,120 - mazeUtils.device.camera - [camera.py:39] - DEBUG - Average HSV: H=151.3, S=16.0, V=221.1
2026-06-26 04:29:16,127 - mazeUtils.moveTile - [moveTile.py:90] - DEBUG - [2003.064485] moveTile calculated motor speeds left=100 right=92 gyroSteer=1.599999999999909 wallSteer=5.600000000000001 (+18.8 ms)
2026-06-26 04:29:16,152 - mazeUtils.moveTile - [moveTile.py:90] - DEBUG - [2003.090137] moveTile applied motor speed left=100 right=92 (+25.7 ms)
2026-06-26 04:29:16,154 - mazeUtils.moveTile - [moveTile.py:90] - DEBUG - [2003.091585] moveTile ramp check isBigRamp=False (+1.4 ms)
2026-06-26 04:29:16,158 - mazeUtils.moveTile - [moveTile.py:90] - DEBUG - [2003.095931] moveTile tile color check tempTileColor=E (+4.3 ms)
2026-06-26 04:29:16,159 - mazeUtils.moveTile - [moveTile.py:90] - DEBUG - [2003.096739] moveTile obstacle check escapeFlag=False (+0.8 ms)
2026-06-26 04:29:16,165 - mazeUtils.moveTile - [moveTile.py:79] - DEBUG - roll: 357.47 deg, practicalMoveTime: 0.8335177761140391 sec
2026-06-26 04:29:16,166 - mazeUtils.moveTile - [moveTile.py:1907] - DEBUG - moveTile loop time: 58.1 ms
2026-06-26 04:29:16,167 - mazeUtils.moveTile - [moveTile.py:90] - DEBUG - [2003.105210] moveTile loop end practicalMoveTime=0.834 (+8.5 ms)
2026-06-26 04:29:16,168 - mazeUtils.moveTile - [moveTile.py:90] - DEBUG - [2003.105962] moveTile loop start (+0.8 ms)
2026-06-26 04:29:16,175 - picamera2.picamera2 - [picamera2.py:1391] - DEBUG - Execute job: <picamera2.job.Job object at 0x7f77047fd0>
2026-06-26 04:29:16,181 - mazeUtils.device.camera - [camera.py:39] - DEBUG - Average HSV: H=147.3, S=16.4, V=223.0
2026-06-26 04:29:16,186 - mazeUtils.moveTile - [moveTile.py:90] - DEBUG - [2003.124116] moveTile calculated motor speeds left=100 right=91 gyroSteer=3.1599999999998545 wallSteer=5.199999999999999 (+18.2 ms)
2026-06-26 04:29:16,207 - mazeUtils.moveTile - [moveTile.py:90] - DEBUG - [2003.144853] moveTile applied motor speed left=100 right=91 (+20.7 ms)
2026-06-26 04:29:16,208 - mazeUtils.moveTile - [moveTile.py:90] - DEBUG - [2003.145613] moveTile ramp check isBigRamp=False (+0.8 ms)
2026-06-26 04:29:16,214 - mazeUtils.moveTile - [moveTile.py:90] - DEBUG - [2003.151798] moveTile tile color check tempTileColor=E (+6.2 ms)
2026-06-26 04:29:16,215 - mazeUtils.moveTile - [moveTile.py:90] - DEBUG - [2003.152690] moveTile obstacle check escapeFlag=False (+0.9 ms)
2026-06-26 04:29:16,221 - mazeUtils.moveTile - [moveTile.py:1755] - INFO - practicalVerticalMove: -0.3887558640726853 CM
2026-06-26 04:29:16,242 - mazeUtils.moveTile - [moveTile.py:90] - DEBUG - [2003.179615] moveTile finished by time control (+26.9 ms)
2026-06-26 04:29:16,242 - mazeUtils.moveTile - [moveTile.py:90] - DEBUG - [2003.180399] moveTile start final forward adjustment (+27.7 ms)
2026-06-26 04:29:16,270 - mazeUtils.moveTile - [moveTile.py:90] - DEBUG - [2003.208408] moveTile finished final forward adjustment (+28.0 ms)
2026-06-26 04:29:16,271 - mazeUtils.moveTile - [moveTile.py:2117] - INFO - Set moved vertical distance: -0.3887558640726853 cm, past distances: [(0, False), (0, False), (0, False)]
2026-06-26 04:29:16,272 - mazeUtils.moveTile - [moveTile.py:90] - DEBUG - [2003.210321] moveTile updated moved vertical distance -0.389 (+1.9 ms)
2026-06-26 04:29:16,417 - mazeUtils.moveTile - [moveTile.py:563] - DEBUG - Direction: absDirection.NORTH, Angle: 0, Distance: 128.52166645445325 cm
2026-06-26 04:29:16,419 - mazeUtils.moveTile - [moveTile.py:570] - INFO - angle: 0, result: judgeWallResult.LEFT_OBSTACLE
2026-06-26 04:29:16,422 - mazeUtils.moveTile - [moveTile.py:563] - DEBUG - Direction: absDirection.EAST, Angle: 270, Distance: 143.9899652742687 cm
2026-06-26 04:29:16,424 - mazeUtils.moveTile - [moveTile.py:563] - DEBUG - Direction: absDirection.SOUTH, Angle: 180, Distance: 55.85458823601629 cm
2026-06-26 04:29:16,426 - mazeUtils.moveTile - [moveTile.py:563] - DEBUG - Direction: absDirection.WEST, Angle: 90, Distance: 15.454813220625093 cm
2026-06-26 04:29:16,427 - mazeUtils.moveTile - [moveTile.py:90] - DEBUG - [2003.365081] moveTile updated map and detected walls (+154.8 ms)
2026-06-26 04:29:16,430 - mazeUtils.moveTile - [moveTile.py:2272] - INFO - Tile color detection, decided tile type: E
2026-06-26 04:29:16,432 - mazeUtils.moveTile - [moveTile.py:90] - DEBUG - [2003.369491] moveTile finished (+159.2 ms)
2026-06-26 04:29:16,525 - __main__ - [main.py:106] - INFO - Current position: (20, 19, 0), front direction: absDirection.NORTH
Layer 0 (altitude=0.0cm, offset=(0.0cm, 0.0cm)):
Known map area: x=20..20, y=19..20
+   +
| @  
+   +
| S |
+---+
mazeAsGraph[0][19][20] = {absDirection.NORTH: (20, 18, 0, 30), absDirection.EAST: (21, 19, 0, 30), absDirection.SOUTH: (20, 20, 0, 30), absDirection.WEST: None}
mazeAsGraph[0][20][20] = {absDirection.NORTH: (20, 19, 0, 30), absDirection.EAST: None, absDirection.SOUTH: None, absDirection.WEST: None}
2026-06-26 04:29:16,532 - mazeUtils.mazeMap - [mazeMap.py:61] - INFO - next goal: (20, 18, 0)
2026-06-26 04:29:16,535 - mazeUtils.mazeMap - [mazeMap.py:61] - INFO - next goal: (20, 20, 0)
2026-06-26 04:29:16,536 - mazeUtils.moveTile - [moveTile.py:88] - DEBUG - [2003.473928] moveTile start direction=absDirection.NORTH position=(20, 19, 0) front=absDirection.NORTH
2026-06-26 04:29:16,546 - mazeUtils.moveTile - [moveTile.py:90] - DEBUG - [2003.483753] moveTile after initial toggle check (+9.8 ms)
2026-06-26 04:29:16,550 - mazeUtils.moveTile - [moveTile.py:90] - DEBUG - [2003.488344] moveTile after tile checks isRedTile=False isUnknownTileAhead=True (+4.6 ms)
2026-06-26 04:29:16,552 - mazeUtils.moveTile - [moveTile.py:79] - DEBUG - Moving to absDirection.NORTH from (20, 19, 0) facing absDirection.NORTH
2026-06-26 04:29:16,552 - mazeUtils.moveTile - [moveTile.py:90] - DEBUG - [2003.490183] moveTile start heading change target=0 (+1.8 ms)
2026-06-26 04:29:16,579 - mazeUtils.moveTile - [moveTile.py:79] - DEBUG - current heading: 4.589999999999975 target: 0
2026-06-26 04:29:16,605 - mazeUtils.moveTile - [moveTile.py:435] - DEBUG - stopped turning at heading: 4.589999999999975, diff: 4.589999999999975
2026-06-26 04:29:16,897 - mazeUtils.moveTile - [moveTile.py:79] - DEBUG - Turned to heading: 1.9599999999999795 deg
2026-06-26 04:29:16,898 - mazeUtils.moveTile - [moveTile.py:90] - DEBUG - [2003.835727] moveTile finished heading change (+345.5 ms)
2026-06-26 04:29:16,898 - mazeUtils.moveTile - [moveTile.py:90] - DEBUG - [2003.836334] moveTile updated front direction (+0.6 ms)
2026-06-26 04:29:16,921 - mazeUtils.moveTile - [moveTile.py:90] - DEBUG - [2003.858518] moveTile stopped motors before alignment (+22.2 ms)
2026-06-26 04:29:17,073 - mazeUtils.moveTile - [moveTile.py:563] - DEBUG - Direction: absDirection.NORTH, Angle: 0, Distance: 128.82320998334004 cm
2026-06-26 04:29:17,075 - mazeUtils.moveTile - [moveTile.py:563] - DEBUG - Direction: absDirection.EAST, Angle: 270, Distance: 109.7140752419004 cm
2026-06-26 04:29:17,076 - mazeUtils.moveTile - [moveTile.py:563] - DEBUG - Direction: absDirection.SOUTH, Angle: 180, Distance: 54.285028489673955 cm
2026-06-26 04:29:17,077 - mazeUtils.moveTile - [moveTile.py:563] - DEBUG - Direction: absDirection.WEST, Angle: 90, Distance: 15.033744991342425 cm
2026-06-26 04:29:17,097 - mazeUtils.moveTile - [moveTile.py:90] - DEBUG - [2004.034624] moveTile ready for forward move (+176.1 ms)
2026-06-26 04:29:17,104 - mazeUtils.moveTile - [moveTile.py:79] - DEBUG - Turning to 335 deg, current heading: 0.8899999999999864 deg, turnAngle: 25.889999999999986 deg
2026-06-26 04:29:17,130 - mazeUtils.moveTile - [moveTile.py:79] - DEBUG - gyro:0.9099999999999682 deg, derivative: 0.01999999999998181, turnSpeed: 51.819999999999936
2026-06-26 04:29:17,160 - mazeUtils.moveTile - [moveTile.py:79] - DEBUG - gyro:0.9300000000000068 deg, derivative: 0.020000000000038654, turnSpeed: 51.860000000000014
2026-06-26 04:29:17,188 - mazeUtils.moveTile - [moveTile.py:79] - DEBUG - gyro:0.8899999999999864 deg, derivative: -0.040000000000020464, turnSpeed: 51.77999999999997
2026-06-26 04:29:17,218 - mazeUtils.moveTile - [moveTile.py:79] - DEBUG - gyro:0.39999999999997726 deg, derivative: -0.4900000000000091, turnSpeed: 50.799999999999955
2026-06-26 04:29:17,245 - mazeUtils.moveTile - [moveTile.py:79] - DEBUG - gyro:358.78 deg, derivative: -1.6200000000000045, turnSpeed: 47.559999999999945
2026-06-26 04:29:17,278 - mazeUtils.moveTile - [moveTile.py:79] - DEBUG - gyro:356.78999999999996 deg, derivative: -1.990000000000009, turnSpeed: 43.57999999999993
2026-06-26 04:29:17,306 - mazeUtils.moveTile - [moveTile.py:79] - DEBUG - gyro:355.05 deg, derivative: -1.7399999999999523, turnSpeed: 40.10000000000002
2026-06-26 04:29:17,332 - mazeUtils.moveTile - [moveTile.py:79] - DEBUG - gyro:353.12 deg, derivative: -1.9300000000000068, turnSpeed: 36.24000000000001
2026-06-26 04:29:17,363 - mazeUtils.moveTile - [moveTile.py:79] - DEBUG - gyro:351.8 deg, derivative: -1.3199999999999932, turnSpeed: 33.60000000000002
2026-06-26 04:29:17,387 - mazeUtils.moveTile - [moveTile.py:79] - DEBUG - gyro:350.57 deg, derivative: -1.2300000000000182, turnSpeed: 31.139999999999986
2026-06-26 04:29:17,415 - mazeUtils.moveTile - [moveTile.py:79] - DEBUG - gyro:349.61 deg, derivative: -0.9599999999999795, turnSpeed: 29.220000000000027
2026-06-26 04:29:17,448 - mazeUtils.moveTile - [moveTile.py:79] - DEBUG - gyro:348.74 deg, derivative: -0.8700000000000045, turnSpeed: 27.480000000000018
2026-06-26 04:29:17,477 - mazeUtils.moveTile - [moveTile.py:79] - DEBUG - gyro:347.87 deg, derivative: -0.8700000000000045, turnSpeed: 25.74000000000001
2026-06-26 04:29:17,501 - mazeUtils.moveTile - [moveTile.py:79] - DEBUG - gyro:346.88 deg, derivative: -0.9900000000000091, turnSpeed: 23.75999999999999
2026-06-26 04:29:17,530 - mazeUtils.moveTile - [moveTile.py:79] - DEBUG - gyro:346.3 deg, derivative: -0.5799999999999841, turnSpeed: 22.600000000000023
2026-06-26 04:29:17,553 - mazeUtils.moveTile - [moveTile.py:79] - DEBUG - gyro:345.57 deg, derivative: -0.7300000000000182, turnSpeed: 21.139999999999986
2026-06-26 04:29:17,582 - mazeUtils.moveTile - [moveTile.py:79] - DEBUG - gyro:344.8 deg, derivative: -0.7699999999999818, turnSpeed: 19.600000000000023
2026-06-26 04:29:17,615 - mazeUtils.moveTile - [moveTile.py:79] - DEBUG - gyro:343.78 deg, derivative: -1.0200000000000387, turnSpeed: 17.559999999999945
2026-06-26 04:29:17,642 - mazeUtils.moveTile - [moveTile.py:79] - DEBUG - gyro:342.55 deg, derivative: -1.2299999999999613, turnSpeed: 15.100000000000023
2026-06-26 04:29:17,675 - mazeUtils.moveTile - [moveTile.py:79] - DEBUG - gyro:341.65999999999997 deg, derivative: -0.8900000000000432, turnSpeed: 13.319999999999936
2026-06-26 04:29:17,705 - mazeUtils.moveTile - [moveTile.py:79] - DEBUG - gyro:340.93 deg, derivative: -0.7299999999999613, turnSpeed: 11.860000000000014
2026-06-26 04:29:17,738 - mazeUtils.moveTile - [moveTile.py:79] - DEBUG - gyro:340.3 deg, derivative: -0.6299999999999955, turnSpeed: 10.600000000000023
2026-06-26 04:29:17,766 - mazeUtils.moveTile - [moveTile.py:79] - DEBUG - gyro:339.84 deg, derivative: -0.4600000000000364, turnSpeed: 9.67999999999995
2026-06-26 04:29:17,799 - mazeUtils.moveTile - [moveTile.py:79] - DEBUG - gyro:339.34 deg, derivative: -0.5, turnSpeed: 8.67999999999995
2026-06-26 04:29:17,830 - mazeUtils.moveTile - [moveTile.py:79] - DEBUG - gyro:338.96999999999997 deg, derivative: -0.37000000000000455, turnSpeed: 7.939999999999941
2026-06-26 04:29:17,858 - mazeUtils.moveTile - [moveTile.py:79] - DEBUG - gyro:338.42 deg, derivative: -0.5499999999999545, turnSpeed: 6.840000000000032
2026-06-26 04:29:17,886 - mazeUtils.moveTile - [moveTile.py:79] - DEBUG - gyro:338.21999999999997 deg, derivative: -0.20000000000004547, turnSpeed: 6.439999999999941
2026-06-26 04:29:17,913 - mazeUtils.moveTile - [moveTile.py:79] - DEBUG - gyro:337.92 deg, derivative: -0.2999999999999545, turnSpeed: 5.840000000000032
2026-06-26 04:29:17,945 - mazeUtils.moveTile - [moveTile.py:79] - DEBUG - gyro:337.69 deg, derivative: -0.2300000000000182, turnSpeed: 5.3799999999999955
2026-06-26 04:29:17,973 - mazeUtils.moveTile - [moveTile.py:79] - DEBUG - gyro:337.43 deg, derivative: -0.2599999999999909, turnSpeed: 4.860000000000014
2026-06-26 04:29:17,997 - mazeUtils.moveTile - [moveTile.py:79] - DEBUG - gyro:337.18 deg, derivative: -0.25, turnSpeed: 4.360000000000014
2026-06-26 04:29:18,027 - mazeUtils.moveTile - [moveTile.py:79] - DEBUG - gyro:337.03 deg, derivative: -0.1500000000000341, turnSpeed: 4.059999999999945
2026-06-26 04:29:18,057 - mazeUtils.moveTile - [moveTile.py:79] - DEBUG - gyro:336.89 deg, derivative: -0.13999999999998636, turnSpeed: 3.7799999999999727
2026-06-26 04:29:18,078 - mazeUtils.moveTile - [moveTile.py:79] - DEBUG - Turned to heading: 336.89 deg
2026-06-26 04:29:18,116 - mazeUtils.moveTile - [moveTile.py:90] - DEBUG - [2005.054367] moveTile initialized movement targetSteps=1 (+1019.7 ms)
2026-06-26 04:29:18,118 - mazeUtils.moveTile - [moveTile.py:90] - DEBUG - [2005.055717] moveTile loop start (+1.4 ms)
2026-06-26 04:29:18,126 - picamera2.picamera2 - [picamera2.py:1391] - DEBUG - Execute job: <picamera2.job.Job object at 0x7f772a1390>
2026-06-26 04:29:18,135 - mazeUtils.device.camera - [camera.py:39] - DEBUG - Average HSV: H=155.3, S=16.8, V=226.1
2026-06-26 04:29:18,142 - mazeUtils.moveTile - [moveTile.py:90] - DEBUG - [2005.079596] moveTile calculated motor speeds left=33 right=100 gyroSteer=-94.31999999999994 wallSteer=0.0 (+23.9 ms)
2026-06-26 04:29:18,162 - mazeUtils.moveTile - [moveTile.py:90] - DEBUG - [2005.100192] moveTile applied motor speed left=33 right=100 (+20.6 ms)
2026-06-26 04:29:18,164 - mazeUtils.moveTile - [moveTile.py:90] - DEBUG - [2005.101935] moveTile ramp check isBigRamp=False (+1.7 ms)
2026-06-26 04:29:18,168 - mazeUtils.moveTile - [moveTile.py:90] - DEBUG - [2005.105652] moveTile tile color check tempTileColor=E (+3.7 ms)
2026-06-26 04:29:18,168 - mazeUtils.moveTile - [moveTile.py:90] - DEBUG - [2005.106264] moveTile obstacle check escapeFlag=False (+0.6 ms)
2026-06-26 04:29:18,174 - mazeUtils.moveTile - [moveTile.py:79] - DEBUG - roll: 358.05 deg, practicalMoveTime: 0.05694418654512177 sec
2026-06-26 04:29:18,175 - mazeUtils.moveTile - [moveTile.py:1907] - DEBUG - moveTile loop time: 57.0 ms
2026-06-26 04:29:18,176 - mazeUtils.moveTile - [moveTile.py:90] - DEBUG - [2005.113537] moveTile loop end practicalMoveTime=0.057 (+7.3 ms)
2026-06-26 04:29:18,177 - mazeUtils.moveTile - [moveTile.py:90] - DEBUG - [2005.114947] moveTile loop start (+1.4 ms)
2026-06-26 04:29:18,187 - picamera2.picamera2 - [picamera2.py:1391] - DEBUG - Execute job: <picamera2.job.Job object at 0x7f6dac7190>
2026-06-26 04:29:18,193 - mazeUtils.device.camera - [camera.py:39] - DEBUG - Average HSV: H=156.4, S=16.7, V=227.5
2026-06-26 04:29:18,200 - mazeUtils.moveTile - [moveTile.py:90] - DEBUG - [2005.138091] moveTile calculated motor speeds left=30 right=100 gyroSteer=-98.88000000000011 wallSteer=0.0 (+23.1 ms)
2026-06-26 04:29:18,224 - mazeUtils.moveTile - [moveTile.py:90] - DEBUG - [2005.162257] moveTile applied motor speed left=30 right=100 (+24.2 ms)
2026-06-26 04:29:18,225 - mazeUtils.moveTile - [moveTile.py:90] - DEBUG - [2005.163145] moveTile ramp check isBigRamp=False (+0.9 ms)
2026-06-26 04:29:18,232 - mazeUtils.moveTile - [moveTile.py:90] - DEBUG - [2005.169884] moveTile tile color check tempTileColor=E (+6.7 ms)
2026-06-26 04:29:18,233 - mazeUtils.moveTile - [moveTile.py:90] - DEBUG - [2005.170766] moveTile obstacle check escapeFlag=False (+0.9 ms)
2026-06-26 04:29:18,247 - mazeUtils.moveTile - [moveTile.py:79] - DEBUG - roll: 358.0 deg, practicalMoveTime: 0.12932570503739899 sec
2026-06-26 04:29:18,248 - mazeUtils.moveTile - [moveTile.py:1907] - DEBUG - moveTile loop time: 71.4 ms
2026-06-26 04:29:18,249 - mazeUtils.moveTile - [moveTile.py:90] - DEBUG - [2005.187216] moveTile loop end practicalMoveTime=0.129 (+16.5 ms)
2026-06-26 04:29:18,251 - mazeUtils.moveTile - [moveTile.py:90] - DEBUG - [2005.188633] moveTile loop start (+1.4 ms)
2026-06-26 04:29:18,258 - picamera2.picamera2 - [picamera2.py:1391] - DEBUG - Execute job: <picamera2.job.Job object at 0x7f5f318090>
2026-06-26 04:29:18,265 - mazeUtils.device.camera - [camera.py:39] - DEBUG - Average HSV: H=157.5, S=17.2, V=227.1
2026-06-26 04:29:18,270 - mazeUtils.moveTile - [moveTile.py:90] - DEBUG - [2005.208451] moveTile calculated motor speeds left=39 right=100 gyroSteer=-86.55999999999995 wallSteer=0.0 (+19.8 ms)
2026-06-26 04:29:18,293 - mazeUtils.moveTile - [moveTile.py:90] - DEBUG - [2005.230942] moveTile applied motor speed left=39 right=100 (+22.5 ms)
2026-06-26 04:29:18,294 - mazeUtils.moveTile - [moveTile.py:90] - DEBUG - [2005.231734] moveTile ramp check isBigRamp=False (+0.8 ms)
2026-06-26 04:29:18,299 - mazeUtils.moveTile - [moveTile.py:90] - DEBUG - [2005.236877] moveTile tile color check tempTileColor=E (+5.1 ms)
2026-06-26 04:29:18,301 - mazeUtils.moveTile - [moveTile.py:90] - DEBUG - [2005.238602] moveTile obstacle check escapeFlag=False (+1.7 ms)
2026-06-26 04:29:18,306 - mazeUtils.moveTile - [moveTile.py:79] - DEBUG - roll: 354.86 deg, practicalMoveTime: 0.18707364775138752 sec
2026-06-26 04:29:18,308 - mazeUtils.moveTile - [moveTile.py:1907] - DEBUG - moveTile loop time: 56.8 ms
2026-06-26 04:29:18,309 - mazeUtils.moveTile - [moveTile.py:90] - DEBUG - [2005.246650] moveTile loop end practicalMoveTime=0.187 (+8.0 ms)
2026-06-26 04:29:18,309 - mazeUtils.moveTile - [moveTile.py:90] - DEBUG - [2005.247374] moveTile loop start (+0.7 ms)
2026-06-26 04:29:18,317 - picamera2.picamera2 - [picamera2.py:1391] - DEBUG - Execute job: <picamera2.job.Job object at 0x7f41ceb510>
2026-06-26 04:29:18,324 - mazeUtils.device.camera - [camera.py:39] - DEBUG - Average HSV: H=149.0, S=16.4, V=227.0
2026-06-26 04:29:18,330 - mazeUtils.moveTile - [moveTile.py:90] - DEBUG - [2005.267162] moveTile calculated motor speeds left=48 right=100 gyroSteer=-73.40000000000009 wallSteer=0.0 (+19.8 ms)
2026-06-26 04:29:18,355 - mazeUtils.moveTile - [moveTile.py:90] - DEBUG - [2005.293421] moveTile applied motor speed left=48 right=100 (+26.3 ms)
2026-06-26 04:29:18,357 - mazeUtils.moveTile - [moveTile.py:90] - DEBUG - [2005.294626] moveTile ramp check isBigRamp=False (+1.2 ms)
2026-06-26 04:29:18,361 - mazeUtils.moveTile - [moveTile.py:90] - DEBUG - [2005.298682] moveTile tile color check tempTileColor=E (+4.1 ms)
2026-06-26 04:29:18,361 - mazeUtils.moveTile - [moveTile.py:90] - DEBUG - [2005.299386] moveTile obstacle check escapeFlag=False (+0.7 ms)
2026-06-26 04:29:18,366 - mazeUtils.moveTile - [moveTile.py:79] - DEBUG - roll: 358.23 deg, practicalMoveTime: 0.2455292297507998 sec
2026-06-26 04:29:18,368 - mazeUtils.moveTile - [moveTile.py:1907] - DEBUG - moveTile loop time: 58.1 ms
2026-06-26 04:29:18,369 - mazeUtils.moveTile - [moveTile.py:90] - DEBUG - [2005.306543] moveTile loop end practicalMoveTime=0.246 (+7.2 ms)
2026-06-26 04:29:18,369 - mazeUtils.moveTile - [moveTile.py:90] - DEBUG - [2005.307369] moveTile loop start (+0.8 ms)
2026-06-26 04:29:18,375 - picamera2.picamera2 - [picamera2.py:1391] - DEBUG - Execute job: <picamera2.job.Job object at 0x7f41d8fd10>
2026-06-26 04:29:18,382 - mazeUtils.device.camera - [camera.py:39] - DEBUG - Average HSV: H=153.5, S=16.6, V=226.0
2026-06-26 04:29:18,387 - mazeUtils.moveTile - [moveTile.py:90] - DEBUG - [2005.325467] moveTile calculated motor speeds left=61 right=100 gyroSteer=-55.039999999999964 wallSteer=0.0 (+18.1 ms)
2026-06-26 04:29:18,407 - mazeUtils.moveTile - [moveTile.py:90] - DEBUG - [2005.345406] moveTile applied motor speed left=61 right=100 (+19.9 ms)
2026-06-26 04:29:18,408 - mazeUtils.moveTile - [moveTile.py:90] - DEBUG - [2005.346147] moveTile ramp check isBigRamp=False (+0.7 ms)
2026-06-26 04:29:18,412 - mazeUtils.moveTile - [moveTile.py:90] - DEBUG - [2005.349773] moveTile tile color check tempTileColor=E (+3.6 ms)
2026-06-26 04:29:18,412 - mazeUtils.moveTile - [moveTile.py:90] - DEBUG - [2005.350376] moveTile obstacle check escapeFlag=False (+0.6 ms)
2026-06-26 04:29:18,417 - mazeUtils.moveTile - [moveTile.py:79] - DEBUG - roll: 358.84 deg, practicalMoveTime: 0.2948708588300189 sec
2026-06-26 04:29:18,418 - mazeUtils.moveTile - [moveTile.py:1907] - DEBUG - moveTile loop time: 48.9 ms
2026-06-26 04:29:18,419 - mazeUtils.moveTile - [moveTile.py:90] - DEBUG - [2005.357061] moveTile loop end practicalMoveTime=0.295 (+6.7 ms)
2026-06-26 04:29:18,420 - mazeUtils.moveTile - [moveTile.py:90] - DEBUG - [2005.357718] moveTile loop start (+0.7 ms)
2026-06-26 04:29:18,429 - picamera2.picamera2 - [picamera2.py:1391] - DEBUG - Execute job: <picamera2.job.Job object at 0x7f76ea88d0>
2026-06-26 04:29:18,436 - mazeUtils.device.camera - [camera.py:39] - DEBUG - Average HSV: H=154.2, S=16.6, V=227.2
2026-06-26 04:29:18,442 - mazeUtils.moveTile - [moveTile.py:90] - DEBUG - [2005.380361] moveTile calculated motor speeds left=66 right=100 gyroSteer=-48.039999999999964 wallSteer=0.0 (+22.6 ms)
2026-06-26 04:29:18,461 - mazeUtils.moveTile - [moveTile.py:90] - DEBUG - [2005.399395] moveTile applied motor speed left=66 right=100 (+19.0 ms)
2026-06-26 04:29:18,462 - mazeUtils.moveTile - [moveTile.py:90] - DEBUG - [2005.400192] moveTile ramp check isBigRamp=False (+0.8 ms)
2026-06-26 04:29:18,467 - mazeUtils.moveTile - [moveTile.py:90] - DEBUG - [2005.404662] moveTile tile color check tempTileColor=E (+4.5 ms)
2026-06-26 04:29:18,467 - mazeUtils.moveTile - [moveTile.py:90] - DEBUG - [2005.405361] moveTile obstacle check escapeFlag=False (+0.7 ms)
2026-06-26 04:29:18,476 - mazeUtils.moveTile - [moveTile.py:79] - DEBUG - roll: 358.91 deg, practicalMoveTime: 0.35289187027598024 sec
2026-06-26 04:29:18,477 - mazeUtils.moveTile - [moveTile.py:1907] - DEBUG - moveTile loop time: 57.5 ms
2026-06-26 04:29:18,478 - mazeUtils.moveTile - [moveTile.py:90] - DEBUG - [2005.415799] moveTile loop end practicalMoveTime=0.353 (+10.4 ms)
2026-06-26 04:29:18,478 - mazeUtils.moveTile - [moveTile.py:90] - DEBUG - [2005.416300] moveTile loop start (+0.5 ms)
2026-06-26 04:29:18,490 - picamera2.picamera2 - [picamera2.py:1391] - DEBUG - Execute job: <picamera2.job.Job object at 0x7f77047fd0>
2026-06-26 04:29:18,497 - mazeUtils.device.camera - [camera.py:39] - DEBUG - Average HSV: H=155.1, S=17.3, V=223.5
2026-06-26 04:29:18,502 - mazeUtils.moveTile - [moveTile.py:90] - DEBUG - [2005.439739] moveTile calculated motor speeds left=69 right=100 gyroSteer=-43.960000000000036 wallSteer=0.0 (+23.4 ms)
2026-06-26 04:29:18,522 - mazeUtils.moveTile - [moveTile.py:90] - DEBUG - [2005.460340] moveTile applied motor speed left=69 right=100 (+20.6 ms)
2026-06-26 04:29:18,523 - mazeUtils.moveTile - [moveTile.py:90] - DEBUG - [2005.461101] moveTile ramp check isBigRamp=False (+0.8 ms)
2026-06-26 04:29:18,527 - mazeUtils.moveTile - [moveTile.py:90] - DEBUG - [2005.464665] moveTile tile color check tempTileColor=E (+3.6 ms)
2026-06-26 04:29:18,528 - mazeUtils.moveTile - [moveTile.py:90] - DEBUG - [2005.465651] moveTile obstacle check escapeFlag=False (+1.0 ms)
2026-06-26 04:29:18,535 - mazeUtils.moveTile - [moveTile.py:79] - DEBUG - roll: 357.69 deg, practicalMoveTime: 0.41073119013498155 sec
2026-06-26 04:29:18,536 - mazeUtils.moveTile - [moveTile.py:1907] - DEBUG - moveTile loop time: 57.7 ms
2026-06-26 04:29:18,537 - mazeUtils.moveTile - [moveTile.py:90] - DEBUG - [2005.474567] moveTile loop end practicalMoveTime=0.411 (+8.9 ms)
2026-06-26 04:29:18,537 - mazeUtils.moveTile - [moveTile.py:90] - DEBUG - [2005.475035] moveTile loop start (+0.5 ms)
2026-06-26 04:29:18,546 - picamera2.picamera2 - [picamera2.py:1391] - DEBUG - Execute job: <picamera2.job.Job object at 0x7f76c76f10>
2026-06-26 04:29:18,553 - mazeUtils.device.camera - [camera.py:39] - DEBUG - Average HSV: H=152.5, S=16.5, V=223.5
2026-06-26 04:29:18,561 - mazeUtils.moveTile - [moveTile.py:90] - DEBUG - [2005.498941] moveTile calculated motor speeds left=74 right=100 gyroSteer=-36.039999999999964 wallSteer=0.0 (+23.9 ms)
2026-06-26 04:29:18,580 - mazeUtils.moveTile - [moveTile.py:90] - DEBUG - [2005.517590] moveTile applied motor speed left=74 right=100 (+18.6 ms)
2026-06-26 04:29:18,580 - mazeUtils.moveTile - [moveTile.py:90] - DEBUG - [2005.518352] moveTile ramp check isBigRamp=False (+0.8 ms)
2026-06-26 04:29:18,584 - mazeUtils.moveTile - [moveTile.py:90] - DEBUG - [2005.521757] moveTile tile color check tempTileColor=E (+3.4 ms)
2026-06-26 04:29:18,584 - mazeUtils.moveTile - [moveTile.py:90] - DEBUG - [2005.522313] moveTile obstacle check escapeFlag=False (+0.6 ms)
2026-06-26 04:29:18,590 - mazeUtils.moveTile - [moveTile.py:79] - DEBUG - roll: 358.8 deg, practicalMoveTime: 0.46490143913671694 sec
2026-06-26 04:29:18,592 - mazeUtils.moveTile - [moveTile.py:1907] - DEBUG - moveTile loop time: 54.7 ms
2026-06-26 04:29:18,593 - mazeUtils.moveTile - [moveTile.py:90] - DEBUG - [2005.530743] moveTile loop end practicalMoveTime=0.465 (+8.4 ms)
2026-06-26 04:29:18,593 - mazeUtils.moveTile - [moveTile.py:90] - DEBUG - [2005.531396] moveTile loop start (+0.7 ms)
2026-06-26 04:29:18,599 - picamera2.picamera2 - [picamera2.py:1391] - DEBUG - Execute job: <picamera2.job.Job object at 0x7f5f318090>
2026-06-26 04:29:18,605 - mazeUtils.device.camera - [camera.py:39] - DEBUG - Average HSV: H=151.3, S=16.4, V=222.5
2026-06-26 04:29:18,615 - mazeUtils.moveTile - [moveTile.py:90] - DEBUG - [2005.553195] moveTile calculated motor speeds left=77 right=100 gyroSteer=-32.51999999999998 wallSteer=0.0 (+21.8 ms)
2026-06-26 04:29:18,637 - mazeUtils.moveTile - [moveTile.py:90] - DEBUG - [2005.574811] moveTile applied motor speed left=77 right=100 (+21.6 ms)
2026-06-26 04:29:18,638 - mazeUtils.moveTile - [moveTile.py:90] - DEBUG - [2005.575555] moveTile ramp check isBigRamp=False (+0.7 ms)
2026-06-26 04:29:18,642 - mazeUtils.moveTile - [moveTile.py:90] - DEBUG - [2005.579916] moveTile tile color check tempTileColor=E (+4.4 ms)
2026-06-26 04:29:18,643 - mazeUtils.moveTile - [moveTile.py:90] - DEBUG - [2005.580635] moveTile obstacle check escapeFlag=False (+0.7 ms)
2026-06-26 04:29:18,649 - mazeUtils.moveTile - [moveTile.py:79] - DEBUG - roll: 357.54 deg, practicalMoveTime: 0.5217157543030722 sec
2026-06-26 04:29:18,649 - mazeUtils.moveTile - [moveTile.py:1907] - DEBUG - moveTile loop time: 56.0 ms
2026-06-26 04:29:18,650 - mazeUtils.moveTile - [moveTile.py:90] - DEBUG - [2005.587976] moveTile loop end practicalMoveTime=0.522 (+7.3 ms)
2026-06-26 04:29:18,650 - mazeUtils.moveTile - [moveTile.py:90] - DEBUG - [2005.588488] moveTile loop start (+0.5 ms)
2026-06-26 04:29:18,658 - picamera2.picamera2 - [picamera2.py:1391] - DEBUG - Execute job: <picamera2.job.Job object at 0x7f41d8fd10>
2026-06-26 04:29:18,665 - mazeUtils.device.camera - [camera.py:39] - DEBUG - Average HSV: H=146.4, S=16.9, V=221.3
2026-06-26 04:29:18,679 - mazeUtils.moveTile - [moveTile.py:90] - DEBUG - [2005.617390] moveTile calculated motor speeds left=82 right=100 gyroSteer=-24.840000000000146 wallSteer=0.0 (+28.9 ms)
2026-06-26 04:29:18,701 - mazeUtils.moveTile - [moveTile.py:90] - DEBUG - [2005.638993] moveTile applied motor speed left=82 right=100 (+21.6 ms)
2026-06-26 04:29:18,702 - mazeUtils.moveTile - [moveTile.py:90] - DEBUG - [2005.639763] moveTile ramp check isBigRamp=False (+0.8 ms)
2026-06-26 04:29:18,708 - mazeUtils.moveTile - [moveTile.py:90] - DEBUG - [2005.645759] moveTile tile color check tempTileColor=E (+6.0 ms)
2026-06-26 04:29:18,708 - mazeUtils.moveTile - [moveTile.py:90] - DEBUG - [2005.646505] moveTile obstacle check escapeFlag=False (+0.7 ms)
2026-06-26 04:29:18,716 - mazeUtils.moveTile - [moveTile.py:79] - DEBUG - roll: 358.22 deg, practicalMoveTime: 0.587671734024283 sec
2026-06-26 04:29:18,717 - mazeUtils.moveTile - [moveTile.py:1907] - DEBUG - moveTile loop time: 66.7 ms
2026-06-26 04:29:18,718 - mazeUtils.moveTile - [moveTile.py:90] - DEBUG - [2005.655938] moveTile loop end practicalMoveTime=0.588 (+9.4 ms)
2026-06-26 04:29:18,719 - mazeUtils.moveTile - [moveTile.py:90] - DEBUG - [2005.657062] moveTile loop start (+1.1 ms)
2026-06-26 04:29:18,727 - picamera2.picamera2 - [picamera2.py:1391] - DEBUG - Execute job: <picamera2.job.Job object at 0x7f772f4610>
2026-06-26 04:29:18,735 - mazeUtils.device.camera - [camera.py:39] - DEBUG - Average HSV: H=148.7, S=16.7, V=217.1
2026-06-26 04:29:18,743 - mazeUtils.moveTile - [moveTile.py:90] - DEBUG - [2005.680666] moveTile calculated motor speeds left=89 right=100 gyroSteer=-14.519999999999982 wallSteer=-0.3999999999999986 (+23.6 ms)
2026-06-26 04:29:18,764 - mazeUtils.moveTile - [moveTile.py:90] - DEBUG - [2005.701944] moveTile applied motor speed left=89 right=100 (+21.3 ms)
2026-06-26 04:29:18,765 - mazeUtils.moveTile - [moveTile.py:90] - DEBUG - [2005.702722] moveTile ramp check isBigRamp=False (+0.8 ms)
2026-06-26 04:29:18,768 - mazeUtils.moveTile - [moveTile.py:90] - DEBUG - [2005.706384] moveTile tile color check tempTileColor=E (+3.7 ms)
2026-06-26 04:29:18,770 - mazeUtils.moveTile - [moveTile.py:90] - DEBUG - [2005.707825] moveTile obstacle check escapeFlag=False (+1.4 ms)
2026-06-26 04:29:18,775 - mazeUtils.moveTile - [moveTile.py:79] - DEBUG - roll: 356.66 deg, practicalMoveTime: 0.6451608350781097 sec
2026-06-26 04:29:18,776 - mazeUtils.moveTile - [moveTile.py:1907] - DEBUG - moveTile loop time: 56.5 ms
2026-06-26 04:29:18,776 - mazeUtils.moveTile - [moveTile.py:90] - DEBUG - [2005.714110] moveTile loop end practicalMoveTime=0.645 (+6.3 ms)
2026-06-26 04:29:18,776 - mazeUtils.moveTile - [moveTile.py:90] - DEBUG - [2005.714528] moveTile loop start (+0.4 ms)
2026-06-26 04:29:18,785 - picamera2.picamera2 - [picamera2.py:1391] - DEBUG - Execute job: <picamera2.job.Job object at 0x7f77006b10>
2026-06-26 04:29:18,791 - mazeUtils.device.camera - [camera.py:39] - DEBUG - Average HSV: H=145.7, S=16.9, V=219.7
2026-06-26 04:29:18,797 - mazeUtils.moveTile - [moveTile.py:90] - DEBUG - [2005.734910] moveTile calculated motor speeds left=88 right=100 gyroSteer=-18.40000000000009 wallSteer=2.0 (+20.4 ms)
2026-06-26 04:29:18,820 - mazeUtils.moveTile - [moveTile.py:90] - DEBUG - [2005.758230] moveTile applied motor speed left=88 right=100 (+23.3 ms)
2026-06-26 04:29:18,821 - mazeUtils.moveTile - [moveTile.py:90] - DEBUG - [2005.758958] moveTile ramp check isBigRamp=False (+0.7 ms)
2026-06-26 04:29:18,824 - mazeUtils.moveTile - [moveTile.py:90] - DEBUG - [2005.762517] moveTile tile color check tempTileColor=E (+3.6 ms)
2026-06-26 04:29:18,825 - mazeUtils.moveTile - [moveTile.py:90] - DEBUG - [2005.763071] moveTile obstacle check escapeFlag=False (+0.6 ms)
2026-06-26 04:29:18,830 - mazeUtils.moveTile - [moveTile.py:79] - DEBUG - roll: 358.16 deg, practicalMoveTime: 0.6994441595484385 sec
2026-06-26 04:29:18,831 - mazeUtils.moveTile - [moveTile.py:1907] - DEBUG - moveTile loop time: 54.7 ms
2026-06-26 04:29:18,832 - mazeUtils.moveTile - [moveTile.py:90] - DEBUG - [2005.770068] moveTile loop end practicalMoveTime=0.699 (+7.0 ms)
2026-06-26 04:29:18,833 - mazeUtils.moveTile - [moveTile.py:90] - DEBUG - [2005.770664] moveTile loop start (+0.6 ms)
2026-06-26 04:29:18,839 - picamera2.picamera2 - [picamera2.py:1391] - DEBUG - Execute job: <picamera2.job.Job object at 0x7f5f318090>
2026-06-26 04:29:18,847 - mazeUtils.device.camera - [camera.py:39] - DEBUG - Average HSV: H=155.0, S=19.4, V=209.9
2026-06-26 04:29:18,852 - mazeUtils.moveTile - [moveTile.py:90] - DEBUG - [2005.789982] moveTile calculated motor speeds left=94 right=100 gyroSteer=-9.960000000000036 wallSteer=2.0 (+19.3 ms)
2026-06-26 04:29:18,872 - mazeUtils.moveTile - [moveTile.py:90] - DEBUG - [2005.810011] moveTile applied motor speed left=94 right=100 (+20.0 ms)
2026-06-26 04:29:18,873 - mazeUtils.moveTile - [moveTile.py:90] - DEBUG - [2005.810784] moveTile ramp check isBigRamp=False (+0.8 ms)
2026-06-26 04:29:18,878 - mazeUtils.moveTile - [moveTile.py:90] - DEBUG - [2005.816319] moveTile tile color check tempTileColor=E (+5.5 ms)
2026-06-26 04:29:18,879 - mazeUtils.moveTile - [moveTile.py:90] - DEBUG - [2005.816955] moveTile obstacle check escapeFlag=False (+0.6 ms)
2026-06-26 04:29:18,884 - mazeUtils.moveTile - [moveTile.py:79] - DEBUG - roll: 0.6999999999999886 deg, practicalMoveTime: 0.7522022472394725 sec
2026-06-26 04:29:18,885 - mazeUtils.moveTile - [moveTile.py:1907] - DEBUG - moveTile loop time: 52.4 ms
2026-06-26 04:29:18,886 - mazeUtils.moveTile - [moveTile.py:90] - DEBUG - [2005.823850] moveTile loop end practicalMoveTime=0.752 (+6.9 ms)
2026-06-26 04:29:18,887 - mazeUtils.moveTile - [moveTile.py:90] - DEBUG - [2005.825492] moveTile loop start (+1.6 ms)
2026-06-26 04:29:18,896 - picamera2.picamera2 - [picamera2.py:1391] - DEBUG - Execute job: <picamera2.job.Job object at 0x7f77006b10>
2026-06-26 04:29:18,904 - mazeUtils.device.camera - [camera.py:39] - DEBUG - Average HSV: H=152.5, S=22.2, V=206.0
2026-06-26 04:29:18,911 - mazeUtils.moveTile - [moveTile.py:90] - DEBUG - [2005.848860] moveTile calculated motor speeds left=96 right=100 gyroSteer=-7.720000000000027 wallSteer=2.3999999999999986 (+23.4 ms)
2026-06-26 04:29:18,930 - mazeUtils.moveTile - [moveTile.py:90] - DEBUG - [2005.868081] moveTile applied motor speed left=96 right=100 (+19.2 ms)
2026-06-26 04:29:18,931 - mazeUtils.moveTile - [moveTile.py:90] - DEBUG - [2005.868852] moveTile ramp check isBigRamp=False (+0.8 ms)
2026-06-26 04:29:18,934 - mazeUtils.moveTile - [moveTile.py:90] - DEBUG - [2005.872464] moveTile tile color check tempTileColor=E (+3.6 ms)
2026-06-26 04:29:18,935 - mazeUtils.moveTile - [moveTile.py:90] - DEBUG - [2005.873280] moveTile obstacle check escapeFlag=False (+0.8 ms)
2026-06-26 04:29:18,941 - mazeUtils.moveTile - [moveTile.py:79] - DEBUG - roll: 0.3100000000000023 deg, practicalMoveTime: 0.8082938682655528 sec
2026-06-26 04:29:18,942 - mazeUtils.moveTile - [moveTile.py:1907] - DEBUG - moveTile loop time: 54.5 ms
2026-06-26 04:29:18,943 - mazeUtils.moveTile - [moveTile.py:90] - DEBUG - [2005.880777] moveTile loop end practicalMoveTime=0.808 (+7.5 ms)
2026-06-26 04:29:18,943 - mazeUtils.moveTile - [moveTile.py:90] - DEBUG - [2005.881269] moveTile loop start (+0.5 ms)
2026-06-26 04:29:18,954 - picamera2.picamera2 - [picamera2.py:1391] - DEBUG - Execute job: <picamera2.job.Job object at 0x7f77006b10>
2026-06-26 04:29:18,962 - mazeUtils.device.camera - [camera.py:39] - DEBUG - Average HSV: H=140.4, S=43.9, V=182.4
2026-06-26 04:29:18,969 - mazeUtils.moveTile - [moveTile.py:90] - DEBUG - [2005.906809] moveTile calculated motor speeds left=98 right=100 gyroSteer=-3.6000000000001364 wallSteer=0.8000000000000007 (+25.5 ms)
2026-06-26 04:29:18,992 - mazeUtils.moveTile - [moveTile.py:90] - DEBUG - [2005.930240] moveTile applied motor speed left=98 right=100 (+23.4 ms)
2026-06-26 04:29:18,993 - mazeUtils.moveTile - [moveTile.py:90] - DEBUG - [2005.930994] moveTile ramp check isBigRamp=False (+0.8 ms)
2026-06-26 04:29:18,997 - mazeUtils.moveTile - [moveTile.py:90] - DEBUG - [2005.934692] moveTile tile color check tempTileColor=E (+3.7 ms)
2026-06-26 04:29:18,998 - mazeUtils.moveTile - [moveTile.py:90] - DEBUG - [2005.935535] moveTile obstacle check escapeFlag=False (+0.8 ms)
2026-06-26 04:29:19,005 - mazeUtils.moveTile - [moveTile.py:79] - DEBUG - roll: 359.85 deg, practicalMoveTime: 0.8707951918489273 sec
2026-06-26 04:29:19,005 - mazeUtils.moveTile - [moveTile.py:1907] - DEBUG - moveTile loop time: 62.2 ms
2026-06-26 04:29:19,006 - mazeUtils.moveTile - [moveTile.py:90] - DEBUG - [2005.944270] moveTile loop end practicalMoveTime=0.871 (+8.7 ms)
2026-06-26 04:29:19,008 - mazeUtils.moveTile - [moveTile.py:90] - DEBUG - [2005.945603] moveTile loop start (+1.3 ms)
2026-06-26 04:29:19,012 - picamera2.picamera2 - [picamera2.py:1391] - DEBUG - Execute job: <picamera2.job.Job object at 0x7f41d8fd10>
2026-06-26 04:29:19,019 - mazeUtils.device.camera - [camera.py:39] - DEBUG - Average HSV: H=126.4, S=76.6, V=156.7
2026-06-26 04:29:19,034 - mazeUtils.moveTile - [moveTile.py:90] - DEBUG - [2005.971775] moveTile calculated motor speeds left=100 right=97 gyroSteer=0.9200000000000728 wallSteer=2.3999999999999986 (+26.2 ms)
2026-06-26 04:29:19,060 - mazeUtils.moveTile - [moveTile.py:90] - DEBUG - [2005.998427] moveTile applied motor speed left=100 right=97 (+26.7 ms)
2026-06-26 04:29:19,061 - mazeUtils.moveTile - [moveTile.py:90] - DEBUG - [2005.999522] moveTile ramp check isBigRamp=False (+1.1 ms)
2026-06-26 04:29:19,066 - mazeUtils.moveTile - [moveTile.py:90] - DEBUG - [2006.004287] moveTile tile color check tempTileColor=E (+4.8 ms)
2026-06-26 04:29:19,067 - mazeUtils.moveTile - [moveTile.py:90] - DEBUG - [2006.005028] moveTile obstacle check escapeFlag=False (+0.7 ms)
2026-06-26 04:29:19,074 - mazeUtils.moveTile - [moveTile.py:79] - DEBUG - roll: 0.8100000000000023 deg, practicalMoveTime: 0.9394224869224033 sec
2026-06-26 04:29:19,075 - mazeUtils.moveTile - [moveTile.py:1907] - DEBUG - moveTile loop time: 67.4 ms
2026-06-26 04:29:19,076 - mazeUtils.moveTile - [moveTile.py:90] - DEBUG - [2006.013548] moveTile loop end practicalMoveTime=0.939 (+8.5 ms)
2026-06-26 04:29:19,076 - mazeUtils.moveTile - [moveTile.py:90] - DEBUG - [2006.014003] moveTile loop start (+0.5 ms)
2026-06-26 04:29:19,081 - picamera2.picamera2 - [picamera2.py:1391] - DEBUG - Execute job: <picamera2.job.Job object at 0x7f76ea88d0>
2026-06-26 04:29:19,087 - mazeUtils.device.camera - [camera.py:39] - DEBUG - Average HSV: H=123.9, S=86.6, V=154.1
2026-06-26 04:29:19,095 - mazeUtils.moveTile - [moveTile.py:90] - DEBUG - [2006.033461] moveTile calculated motor speeds left=100 right=98 gyroSteer=0.5599999999999454 wallSteer=1.1999999999999993 (+19.5 ms)
2026-06-26 04:29:19,123 - mazeUtils.moveTile - [moveTile.py:90] - DEBUG - [2006.060642] moveTile applied motor speed left=100 right=98 (+27.2 ms)
2026-06-26 04:29:19,124 - mazeUtils.moveTile - [moveTile.py:90] - DEBUG - [2006.061793] moveTile ramp check isBigRamp=False (+1.2 ms)
2026-06-26 04:29:19,128 - mazeUtils.moveTile - [moveTile.py:90] - DEBUG - [2006.066260] moveTile tile color check tempTileColor=E (+4.5 ms)
2026-06-26 04:29:19,129 - mazeUtils.moveTile - [moveTile.py:90] - DEBUG - [2006.067060] moveTile obstacle check escapeFlag=False (+0.8 ms)
2026-06-26 04:29:19,134 - mazeUtils.moveTile - [moveTile.py:1755] - INFO - practicalVerticalMove: -0.9225473454478269 CM
2026-06-26 04:29:19,154 - mazeUtils.moveTile - [moveTile.py:90] - DEBUG - [2006.091811] moveTile finished by time control (+24.8 ms)
2026-06-26 04:29:19,155 - mazeUtils.moveTile - [moveTile.py:90] - DEBUG - [2006.092583] moveTile start final forward adjustment (+25.5 ms)
2026-06-26 04:29:19,183 - mazeUtils.moveTile - [moveTile.py:90] - DEBUG - [2006.121411] moveTile finished final forward adjustment (+28.8 ms)
2026-06-26 04:29:19,184 - mazeUtils.moveTile - [moveTile.py:2117] - INFO - Set moved vertical distance: -0.9225473454478269 cm, past distances: [(-0.3887558640726853, False), (0, False), (0, False)]
2026-06-26 04:29:19,187 - mazeUtils.moveTile - [moveTile.py:90] - DEBUG - [2006.124992] moveTile updated moved vertical distance -0.923 (+3.6 ms)
2026-06-26 04:29:19,344 - mazeUtils.moveTile - [moveTile.py:563] - DEBUG - Direction: absDirection.NORTH, Angle: 0, Distance: 98.65908898765264 cm
2026-06-26 04:29:19,346 - mazeUtils.moveTile - [moveTile.py:570] - INFO - angle: 0, result: judgeWallResult.NO_WALL
2026-06-26 04:29:19,349 - mazeUtils.moveTile - [moveTile.py:563] - DEBUG - Direction: absDirection.EAST, Angle: 270, Distance: 166.81538725235043 cm
2026-06-26 04:29:19,350 - mazeUtils.moveTile - [moveTile.py:563] - DEBUG - Direction: absDirection.SOUTH, Angle: 180, Distance: 88.87874610633577 cm
2026-06-26 04:29:19,351 - mazeUtils.moveTile - [moveTile.py:563] - DEBUG - Direction: absDirection.WEST, Angle: 90, Distance: 19.357668346654002 cm
2026-06-26 04:29:19,352 - mazeUtils.moveTile - [moveTile.py:90] - DEBUG - [2006.290222] moveTile updated map and detected walls (+165.2 ms)
2026-06-26 04:29:19,355 - mazeUtils.moveTile - [moveTile.py:2272] - INFO - Tile color detection, decided tile type: E
2026-06-26 04:29:19,356 - mazeUtils.moveTile - [moveTile.py:90] - DEBUG - [2006.293891] moveTile finished (+168.9 ms)
2026-06-26 04:29:19,442 - __main__ - [main.py:106] - INFO - Current position: (20, 18, 0), front direction: absDirection.NORTH
Layer 0 (altitude=0.0cm, offset=(0.0cm, 0.0cm)):
Known map area: x=20..20, y=18..20
+   +
| @  
+   +
| E  
+   +
| S |
+---+
mazeAsGraph[0][18][20] = {absDirection.NORTH: (20, 17, 0, 30), absDirection.EAST: (21, 18, 0, 30), absDirection.SOUTH: (20, 19, 0, 30), absDirection.WEST: None}
mazeAsGraph[0][19][20] = {absDirection.NORTH: (20, 18, 0, 30), absDirection.EAST: (21, 19, 0, 30), absDirection.SOUTH: (20, 20, 0, 30), absDirection.WEST: None}
mazeAsGraph[0][20][20] = {absDirection.NORTH: (20, 19, 0, 30), absDirection.EAST: None, absDirection.SOUTH: None, absDirection.WEST: None}
2026-06-26 04:29:19,450 - mazeUtils.mazeMap - [mazeMap.py:61] - INFO - next goal: (20, 17, 0)
2026-06-26 04:29:19,452 - mazeUtils.mazeMap - [mazeMap.py:61] - INFO - next goal: (20, 20, 0)
2026-06-26 04:29:19,453 - mazeUtils.moveTile - [moveTile.py:88] - DEBUG - [2006.391509] moveTile start direction=absDirection.NORTH position=(20, 18, 0) front=absDirection.NORTH
2026-06-26 04:29:19,460 - mazeUtils.moveTile - [moveTile.py:90] - DEBUG - [2006.398473] moveTile after initial toggle check (+7.0 ms)
2026-06-26 04:29:19,463 - mazeUtils.moveTile - [moveTile.py:90] - DEBUG - [2006.400741] moveTile after tile checks isRedTile=False isUnknownTileAhead=True (+2.3 ms)
2026-06-26 04:29:19,463 - mazeUtils.moveTile - [moveTile.py:79] - DEBUG - Moving to absDirection.NORTH from (20, 18, 0) facing absDirection.NORTH
2026-06-26 04:29:19,464 - mazeUtils.moveTile - [moveTile.py:90] - DEBUG - [2006.401929] moveTile start heading change target=0 (+1.2 ms)
2026-06-26 04:29:19,496 - mazeUtils.moveTile - [moveTile.py:79] - DEBUG - current heading: 2.980000000000018 target: 0
2026-06-26 04:29:19,520 - mazeUtils.moveTile - [moveTile.py:435] - DEBUG - stopped turning at heading: 2.980000000000018, diff: 2.980000000000018
2026-06-26 04:29:19,609 - mazeUtils.moveTile - [moveTile.py:79] - DEBUG - Turned to heading: 1.9599999999999795 deg
2026-06-26 04:29:19,609 - mazeUtils.moveTile - [moveTile.py:90] - DEBUG - [2006.547390] moveTile finished heading change (+145.5 ms)
2026-06-26 04:29:19,610 - mazeUtils.moveTile - [moveTile.py:90] - DEBUG - [2006.547895] moveTile updated front direction (+0.5 ms)
2026-06-26 04:29:19,630 - mazeUtils.moveTile - [moveTile.py:90] - DEBUG - [2006.567959] moveTile stopped motors before alignment (+20.1 ms)
2026-06-26 04:29:19,792 - mazeUtils.moveTile - [moveTile.py:563] - DEBUG - Direction: absDirection.NORTH, Angle: 0, Distance: 98.02555981230024 cm
2026-06-26 04:29:19,794 - mazeUtils.moveTile - [moveTile.py:563] - DEBUG - Direction: absDirection.EAST, Angle: 270, Distance: 165.91375991834016 cm
2026-06-26 04:29:19,795 - mazeUtils.moveTile - [moveTile.py:563] - DEBUG - Direction: absDirection.SOUTH, Angle: 180, Distance: 87.11936180902727 cm
2026-06-26 04:29:19,796 - mazeUtils.moveTile - [moveTile.py:563] - DEBUG - Direction: absDirection.WEST, Angle: 90, Distance: 19.383130799785995 cm
2026-06-26 04:29:19,816 - mazeUtils.moveTile - [moveTile.py:90] - DEBUG - [2006.753942] moveTile ready for forward move (+186.0 ms)
2026-06-26 04:29:19,858 - mazeUtils.moveTile - [moveTile.py:90] - DEBUG - [2006.796134] moveTile initialized movement targetSteps=1 (+42.2 ms)
2026-06-26 04:29:19,860 - mazeUtils.moveTile - [moveTile.py:90] - DEBUG - [2006.798340] moveTile loop start (+2.2 ms)
2026-06-26 04:29:19,866 - picamera2.picamera2 - [picamera2.py:1391] - DEBUG - Execute job: <picamera2.job.Job object at 0x7f76ff36d0>
2026-06-26 04:29:19,873 - mazeUtils.device.camera - [camera.py:39] - DEBUG - Average HSV: H=117.9, S=108.4, V=169.4
2026-06-26 04:29:19,881 - mazeUtils.moveTile - [moveTile.py:90] - DEBUG - [2006.818822] moveTile calculated motor speeds left=100 right=93 gyroSteer=7.480000000000018 wallSteer=-1.1999999999999993 (+20.5 ms)
2026-06-26 04:29:19,900 - mazeUtils.moveTile - [moveTile.py:90] - DEBUG - [2006.838355] moveTile applied motor speed left=100 right=93 (+19.5 ms)
2026-06-26 04:29:19,901 - mazeUtils.moveTile - [moveTile.py:90] - DEBUG - [2006.839163] moveTile ramp check isBigRamp=False (+0.8 ms)
2026-06-26 04:29:19,907 - mazeUtils.moveTile - [moveTile.py:90] - DEBUG - [2006.844673] moveTile tile color check tempTileColor=E (+5.5 ms)
2026-06-26 04:29:19,907 - mazeUtils.moveTile - [moveTile.py:90] - DEBUG - [2006.845410] moveTile obstacle check escapeFlag=False (+0.7 ms)
2026-06-26 04:29:19,912 - mazeUtils.moveTile - [moveTile.py:79] - DEBUG - roll: 357.21 deg, practicalMoveTime: 0.05389303568612889 sec
2026-06-26 04:29:19,913 - mazeUtils.moveTile - [moveTile.py:1907] - DEBUG - moveTile loop time: 52.6 ms
2026-06-26 04:29:19,914 - mazeUtils.moveTile - [moveTile.py:90] - DEBUG - [2006.851633] moveTile loop end practicalMoveTime=0.054 (+6.2 ms)
2026-06-26 04:29:19,914 - mazeUtils.moveTile - [moveTile.py:90] - DEBUG - [2006.852206] moveTile loop start (+0.6 ms)
2026-06-26 04:29:19,922 - picamera2.picamera2 - [picamera2.py:1391] - DEBUG - Execute job: <picamera2.job.Job object at 0x7f5f318090>
2026-06-26 04:29:19,932 - mazeUtils.device.camera - [camera.py:39] - DEBUG - Average HSV: H=118.2, S=110.6, V=165.3
2026-06-26 04:29:19,939 - mazeUtils.moveTile - [moveTile.py:90] - DEBUG - [2006.876861] moveTile calculated motor speeds left=100 right=96 gyroSteer=4.279999999999973 wallSteer=-0.8000000000000007 (+24.7 ms)
2026-06-26 04:29:19,961 - mazeUtils.moveTile - [moveTile.py:90] - DEBUG - [2006.898948] moveTile applied motor speed left=100 right=96 (+22.1 ms)
2026-06-26 04:29:19,963 - mazeUtils.moveTile - [moveTile.py:90] - DEBUG - [2006.900519] moveTile ramp check isBigRamp=False (+1.6 ms)
2026-06-26 04:29:19,969 - mazeUtils.moveTile - [moveTile.py:90] - DEBUG - [2006.907132] moveTile tile color check tempTileColor=E (+6.6 ms)
2026-06-26 04:29:19,970 - mazeUtils.moveTile - [moveTile.py:90] - DEBUG - [2006.907870] moveTile obstacle check escapeFlag=False (+0.7 ms)
2026-06-26 04:29:19,976 - mazeUtils.moveTile - [moveTile.py:79] - DEBUG - roll: 356.26 deg, practicalMoveTime: 0.11710936923823898 sec
2026-06-26 04:29:19,977 - mazeUtils.moveTile - [moveTile.py:1907] - DEBUG - moveTile loop time: 62.9 ms
2026-06-26 04:29:19,978 - mazeUtils.moveTile - [moveTile.py:90] - DEBUG - [2006.915668] moveTile loop end practicalMoveTime=0.117 (+7.8 ms)
2026-06-26 04:29:19,978 - mazeUtils.moveTile - [moveTile.py:90] - DEBUG - [2006.916178] moveTile loop start (+0.5 ms)
2026-06-26 04:29:19,987 - picamera2.picamera2 - [picamera2.py:1391] - DEBUG - Execute job: <picamera2.job.Job object at 0x7f41fed8d0>
2026-06-26 04:29:19,994 - mazeUtils.device.camera - [camera.py:39] - DEBUG - Average HSV: H=116.1, S=140.1, V=156.9
2026-06-26 04:29:20,000 - mazeUtils.moveTile - [moveTile.py:90] - DEBUG - [2006.937999] moveTile calculated motor speeds left=98 right=100 gyroSteer=-0.7200000000000273 wallSteer=-1.1999999999999993 (+21.8 ms)
2026-06-26 04:29:20,022 - mazeUtils.moveTile - [moveTile.py:90] - DEBUG - [2006.960407] moveTile applied motor speed left=98 right=100 (+22.4 ms)
2026-06-26 04:29:20,023 - mazeUtils.moveTile - [moveTile.py:90] - DEBUG - [2006.961124] moveTile ramp check isBigRamp=False (+0.7 ms)
2026-06-26 04:29:20,027 - mazeUtils.moveTile - [moveTile.py:90] - DEBUG - [2006.964600] moveTile tile color check tempTileColor=E (+3.5 ms)
2026-06-26 04:29:20,027 - mazeUtils.moveTile - [moveTile.py:90] - DEBUG - [2006.965364] moveTile obstacle check escapeFlag=False (+0.8 ms)
2026-06-26 04:29:20,032 - mazeUtils.moveTile - [moveTile.py:79] - DEBUG - roll: 357.37 deg, practicalMoveTime: 0.1715404562626971 sec
2026-06-26 04:29:20,033 - mazeUtils.moveTile - [moveTile.py:1907] - DEBUG - moveTile loop time: 54.8 ms
2026-06-26 04:29:20,033 - mazeUtils.moveTile - [moveTile.py:90] - DEBUG - [2006.971534] moveTile loop end practicalMoveTime=0.172 (+6.2 ms)
2026-06-26 04:29:20,034 - mazeUtils.moveTile - [moveTile.py:90] - DEBUG - [2006.971932] moveTile loop start (+0.4 ms)
2026-06-26 04:29:20,044 - picamera2.picamera2 - [picamera2.py:1391] - DEBUG - Execute job: <picamera2.job.Job object at 0x7f77006b10>
2026-06-26 04:29:20,050 - mazeUtils.device.camera - [camera.py:39] - DEBUG - Average HSV: H=115.7, S=159.4, V=138.0
2026-06-26 04:29:20,061 - mazeUtils.moveTile - [moveTile.py:90] - DEBUG - [2006.999032] moveTile calculated motor speeds left=100 right=98 gyroSteer=2.5599999999999454 wallSteer=-1.1999999999999993 (+27.1 ms)
2026-06-26 04:29:20,081 - mazeUtils.moveTile - [moveTile.py:90] - DEBUG - [2007.018742] moveTile applied motor speed left=100 right=98 (+19.7 ms)
2026-06-26 04:29:20,082 - mazeUtils.moveTile - [moveTile.py:90] - DEBUG - [2007.019780] moveTile ramp check isBigRamp=False (+1.0 ms)
2026-06-26 04:29:20,087 - mazeUtils.moveTile - [moveTile.py:90] - DEBUG - [2007.025066] moveTile tile color check tempTileColor=E (+5.3 ms)
2026-06-26 04:29:20,089 - mazeUtils.moveTile - [moveTile.py:90] - DEBUG - [2007.027364] moveTile obstacle check escapeFlag=False (+2.3 ms)
2026-06-26 04:29:20,095 - mazeUtils.moveTile - [moveTile.py:79] - DEBUG - roll: 353.89 deg, practicalMoveTime: 0.23302716121889577 sec
2026-06-26 04:29:20,096 - mazeUtils.moveTile - [moveTile.py:1907] - DEBUG - moveTile loop time: 61.9 ms
2026-06-26 04:29:20,097 - mazeUtils.moveTile - [moveTile.py:90] - DEBUG - [2007.034699] moveTile loop end practicalMoveTime=0.233 (+7.3 ms)
2026-06-26 04:29:20,098 - mazeUtils.moveTile - [moveTile.py:90] - DEBUG - [2007.035582] moveTile loop start (+0.9 ms)
2026-06-26 04:29:20,105 - picamera2.picamera2 - [picamera2.py:1391] - DEBUG - Execute job: <picamera2.job.Job object at 0x7f6dac5f90>
2026-06-26 04:29:20,111 - mazeUtils.device.camera - [camera.py:39] - DEBUG - Average HSV: H=112.8, S=173.0, V=160.1
2026-06-26 04:29:20,118 - mazeUtils.moveTile - [moveTile.py:90] - DEBUG - [2007.055688] moveTile calculated motor speeds left=93 right=100 gyroSteer=3.240000000000009 wallSteer=-10.0 (+20.1 ms)
2026-06-26 04:29:20,143 - mazeUtils.moveTile - [moveTile.py:90] - DEBUG - [2007.081452] moveTile applied motor speed left=93 right=100 (+25.8 ms)
2026-06-26 04:29:20,145 - mazeUtils.moveTile - [moveTile.py:90] - DEBUG - [2007.082837] moveTile ramp check isBigRamp=False (+1.4 ms)
2026-06-26 04:29:20,150 - mazeUtils.moveTile - [moveTile.py:90] - DEBUG - [2007.087748] moveTile tile color check tempTileColor=E (+4.9 ms)
2026-06-26 04:29:20,151 - mazeUtils.moveTile - [moveTile.py:90] - DEBUG - [2007.088740] moveTile obstacle check escapeFlag=False (+1.0 ms)
2026-06-26 04:29:20,156 - mazeUtils.moveTile - [moveTile.py:79] - DEBUG - roll: 357.25 deg, practicalMoveTime: 0.2922833263594145 sec
2026-06-26 04:29:20,157 - mazeUtils.moveTile - [moveTile.py:1907] - DEBUG - moveTile loop time: 59.3 ms
2026-06-26 04:29:20,158 - mazeUtils.moveTile - [moveTile.py:90] - DEBUG - [2007.095927] moveTile loop end practicalMoveTime=0.292 (+7.2 ms)
2026-06-26 04:29:20,159 - mazeUtils.moveTile - [moveTile.py:90] - DEBUG - [2007.096998] moveTile loop start (+1.1 ms)
2026-06-26 04:29:20,172 - picamera2.picamera2 - [picamera2.py:1391] - DEBUG - Execute job: <picamera2.job.Job object at 0x7f76e90ed0>
2026-06-26 04:29:20,181 - mazeUtils.device.camera - [camera.py:39] - DEBUG - Average HSV: H=114.6, S=168.2, V=146.6
2026-06-26 04:29:20,187 - mazeUtils.moveTile - [moveTile.py:90] - DEBUG - [2007.125410] moveTile calculated motor speeds left=100 right=96 gyroSteer=5.759999999999991 wallSteer=-2.3999999999999986 (+28.4 ms)
2026-06-26 04:29:20,212 - mazeUtils.moveTile - [moveTile.py:90] - DEBUG - [2007.149628] moveTile applied motor speed left=100 right=96 (+24.2 ms)
2026-06-26 04:29:20,212 - mazeUtils.moveTile - [moveTile.py:90] - DEBUG - [2007.150368] moveTile ramp check isBigRamp=False (+0.7 ms)
2026-06-26 04:29:20,216 - mazeUtils.moveTile - [moveTile.py:90] - DEBUG - [2007.154164] moveTile tile color check tempTileColor=E (+3.8 ms)
2026-06-26 04:29:20,217 - mazeUtils.moveTile - [moveTile.py:90] - DEBUG - [2007.155282] moveTile obstacle check escapeFlag=False (+1.1 ms)
2026-06-26 04:29:20,222 - mazeUtils.moveTile - [moveTile.py:79] - DEBUG - roll: 355.39 deg, practicalMoveTime: 0.35739299835188254 sec
2026-06-26 04:29:20,223 - mazeUtils.moveTile - [moveTile.py:1907] - DEBUG - moveTile loop time: 64.1 ms
2026-06-26 04:29:20,224 - mazeUtils.moveTile - [moveTile.py:90] - DEBUG - [2007.161662] moveTile loop end practicalMoveTime=0.357 (+6.4 ms)
2026-06-26 04:29:20,224 - mazeUtils.moveTile - [moveTile.py:90] - DEBUG - [2007.162065] moveTile loop start (+0.4 ms)
2026-06-26 04:29:20,231 - picamera2.picamera2 - [picamera2.py:1391] - DEBUG - Execute job: <picamera2.job.Job object at 0x7f6dac5f90>
2026-06-26 04:29:20,238 - mazeUtils.device.camera - [camera.py:39] - DEBUG - Average HSV: H=112.7, S=179.4, V=159.0
2026-06-26 04:29:20,244 - mazeUtils.moveTile - [moveTile.py:90] - DEBUG - [2007.181682] moveTile calculated motor speeds left=100 right=93 gyroSteer=6.119999999999891 wallSteer=0.3999999999999986 (+19.6 ms)
2026-06-26 04:29:20,267 - mazeUtils.moveTile - [moveTile.py:90] - DEBUG - [2007.204746] moveTile applied motor speed left=100 right=93 (+23.1 ms)
2026-06-26 04:29:20,268 - mazeUtils.moveTile - [moveTile.py:90] - DEBUG - [2007.205529] moveTile ramp check isBigRamp=False (+0.8 ms)
2026-06-26 04:29:20,271 - mazeUtils.moveTile - [moveTile.py:90] - DEBUG - [2007.208956] moveTile tile color check tempTileColor=E (+3.4 ms)
2026-06-26 04:29:20,272 - mazeUtils.moveTile - [moveTile.py:90] - DEBUG - [2007.209669] moveTile obstacle check escapeFlag=False (+0.7 ms)
2026-06-26 04:29:20,278 - mazeUtils.moveTile - [moveTile.py:79] - DEBUG - roll: 357.32 deg, practicalMoveTime: 0.41167345818069284 sec
2026-06-26 04:29:20,278 - mazeUtils.moveTile - [moveTile.py:1907] - DEBUG - moveTile loop time: 54.3 ms
2026-06-26 04:29:20,279 - mazeUtils.moveTile - [moveTile.py:90] - DEBUG - [2007.217006] moveTile loop end practicalMoveTime=0.412 (+7.3 ms)
2026-06-26 04:29:20,279 - mazeUtils.moveTile - [moveTile.py:90] - DEBUG - [2007.217418] moveTile loop start (+0.4 ms)
2026-06-26 04:29:20,286 - picamera2.picamera2 - [picamera2.py:1391] - DEBUG - Execute job: <picamera2.job.Job object at 0x7f76e90ed0>
2026-06-26 04:29:20,292 - mazeUtils.device.camera - [camera.py:39] - DEBUG - Average HSV: H=114.5, S=173.3, V=144.7
2026-06-26 04:29:20,299 - mazeUtils.moveTile - [moveTile.py:90] - DEBUG - [2007.236886] moveTile calculated motor speeds left=100 right=87 gyroSteer=12.3599999999999 wallSteer=0.0 (+19.5 ms)
2026-06-26 04:29:20,319 - mazeUtils.moveTile - [moveTile.py:90] - DEBUG - [2007.257241] moveTile applied motor speed left=100 right=87 (+20.4 ms)
2026-06-26 04:29:20,320 - mazeUtils.moveTile - [moveTile.py:90] - DEBUG - [2007.258152] moveTile ramp check isBigRamp=False (+0.9 ms)
2026-06-26 04:29:20,324 - mazeUtils.moveTile - [moveTile.py:90] - DEBUG - [2007.262362] moveTile tile color check tempTileColor=E (+4.2 ms)
2026-06-26 04:29:20,325 - mazeUtils.moveTile - [moveTile.py:90] - DEBUG - [2007.263264] moveTile obstacle check escapeFlag=False (+0.9 ms)
2026-06-26 04:29:20,331 - mazeUtils.moveTile - [moveTile.py:79] - DEBUG - roll: 357.73 deg, practicalMoveTime: 0.4644233702019912 sec
2026-06-26 04:29:20,333 - mazeUtils.moveTile - [moveTile.py:1907] - DEBUG - moveTile loop time: 53.4 ms
2026-06-26 04:29:20,334 - mazeUtils.moveTile - [moveTile.py:90] - DEBUG - [2007.271830] moveTile loop end practicalMoveTime=0.464 (+8.6 ms)
2026-06-26 04:29:20,335 - mazeUtils.moveTile - [moveTile.py:90] - DEBUG - [2007.273010] moveTile loop start (+1.2 ms)
2026-06-26 04:29:20,341 - picamera2.picamera2 - [picamera2.py:1391] - DEBUG - Execute job: <picamera2.job.Job object at 0x7f76ea88d0>
2026-06-26 04:29:20,347 - mazeUtils.device.camera - [camera.py:39] - DEBUG - Average HSV: H=114.1, S=174.5, V=145.0
2026-06-26 04:29:20,354 - mazeUtils.moveTile - [moveTile.py:90] - DEBUG - [2007.291900] moveTile calculated motor speeds left=100 right=93 gyroSteer=8.759999999999991 wallSteer=-2.0 (+18.9 ms)
2026-06-26 04:29:20,375 - mazeUtils.moveTile - [moveTile.py:90] - DEBUG - [2007.312727] moveTile applied motor speed left=100 right=93 (+20.8 ms)
2026-06-26 04:29:20,375 - mazeUtils.moveTile - [moveTile.py:90] - DEBUG - [2007.313459] moveTile ramp check isBigRamp=False (+0.7 ms)
2026-06-26 04:29:20,380 - mazeUtils.moveTile - [moveTile.py:90] - DEBUG - [2007.317573] moveTile tile color check tempTileColor=E (+4.1 ms)
2026-06-26 04:29:20,381 - mazeUtils.moveTile - [moveTile.py:90] - DEBUG - [2007.318719] moveTile obstacle check escapeFlag=False (+1.1 ms)
2026-06-26 04:29:20,388 - mazeUtils.moveTile - [moveTile.py:79] - DEBUG - roll: 358.19 deg, practicalMoveTime: 0.519424243765673 sec
2026-06-26 04:29:20,389 - mazeUtils.moveTile - [moveTile.py:1907] - DEBUG - moveTile loop time: 53.9 ms
2026-06-26 04:29:20,390 - mazeUtils.moveTile - [moveTile.py:90] - DEBUG - [2007.327620] moveTile loop end practicalMoveTime=0.519 (+8.9 ms)
2026-06-26 04:29:20,391 - mazeUtils.moveTile - [moveTile.py:90] - DEBUG - [2007.328911] moveTile loop start (+1.3 ms)
2026-06-26 04:29:20,396 - picamera2.picamera2 - [picamera2.py:1391] - DEBUG - Execute job: <picamera2.job.Job object at 0x7f76ea88d0>
2026-06-26 04:29:20,402 - mazeUtils.device.camera - [camera.py:39] - DEBUG - Average HSV: H=114.6, S=173.8, V=137.9
2026-06-26 04:29:20,409 - mazeUtils.moveTile - [moveTile.py:90] - DEBUG - [2007.347026] moveTile calculated motor speeds left=100 right=92 gyroSteer=8.759999999999991 wallSteer=-1.6000000000000014 (+18.1 ms)
2026-06-26 04:29:20,428 - mazeUtils.moveTile - [moveTile.py:90] - DEBUG - [2007.366112] moveTile applied motor speed left=100 right=92 (+19.1 ms)
2026-06-26 04:29:20,429 - mazeUtils.moveTile - [moveTile.py:90] - DEBUG - [2007.366865] moveTile ramp check isBigRamp=False (+0.8 ms)
2026-06-26 04:29:20,433 - mazeUtils.moveTile - [moveTile.py:90] - DEBUG - [2007.370755] moveTile tile color check tempTileColor=E (+3.9 ms)
2026-06-26 04:29:20,434 - mazeUtils.moveTile - [moveTile.py:90] - DEBUG - [2007.371450] moveTile obstacle check escapeFlag=False (+0.7 ms)
2026-06-26 04:29:20,442 - mazeUtils.moveTile - [moveTile.py:79] - DEBUG - roll: 358.34 deg, practicalMoveTime: 0.5720858834053236 sec
2026-06-26 04:29:20,443 - mazeUtils.moveTile - [moveTile.py:1907] - DEBUG - moveTile loop time: 51.7 ms
2026-06-26 04:29:20,443 - mazeUtils.moveTile - [moveTile.py:90] - DEBUG - [2007.381277] moveTile loop end practicalMoveTime=0.572 (+9.8 ms)
2026-06-26 04:29:20,444 - mazeUtils.moveTile - [moveTile.py:90] - DEBUG - [2007.381802] moveTile loop start (+0.5 ms)
2026-06-26 04:29:20,452 - picamera2.picamera2 - [picamera2.py:1391] - DEBUG - Execute job: <picamera2.job.Job object at 0x7f76ff3090>
2026-06-26 04:29:20,459 - mazeUtils.device.camera - [camera.py:39] - DEBUG - Average HSV: H=114.1, S=176.3, V=140.6
2026-06-26 04:29:20,466 - mazeUtils.moveTile - [moveTile.py:90] - DEBUG - [2007.404242] moveTile calculated motor speeds left=100 right=88 gyroSteer=12.399999999999864 wallSteer=-1.1999999999999993 (+22.4 ms)
2026-06-26 04:29:20,486 - mazeUtils.moveTile - [moveTile.py:90] - DEBUG - [2007.424357] moveTile applied motor speed left=100 right=88 (+20.1 ms)
2026-06-26 04:29:20,488 - mazeUtils.moveTile - [moveTile.py:90] - DEBUG - [2007.425622] moveTile ramp check isBigRamp=False (+1.3 ms)
2026-06-26 04:29:20,492 - mazeUtils.moveTile - [moveTile.py:90] - DEBUG - [2007.429977] moveTile tile color check tempTileColor=E (+4.4 ms)
2026-06-26 04:29:20,493 - mazeUtils.moveTile - [moveTile.py:90] - DEBUG - [2007.430633] moveTile obstacle check escapeFlag=False (+0.7 ms)
2026-06-26 04:29:20,500 - mazeUtils.moveTile - [moveTile.py:79] - DEBUG - roll: 357.63 deg, practicalMoveTime: 0.629167886152121 sec
2026-06-26 04:29:20,501 - mazeUtils.moveTile - [moveTile.py:1907] - DEBUG - moveTile loop time: 57.2 ms
2026-06-26 04:29:20,501 - mazeUtils.moveTile - [moveTile.py:90] - DEBUG - [2007.439518] moveTile loop end practicalMoveTime=0.629 (+8.9 ms)
2026-06-26 04:29:20,502 - mazeUtils.moveTile - [moveTile.py:90] - DEBUG - [2007.439931] moveTile loop start (+0.4 ms)
2026-06-26 04:29:20,510 - picamera2.picamera2 - [picamera2.py:1391] - DEBUG - Execute job: <picamera2.job.Job object at 0x7f77006b10>
2026-06-26 04:29:20,517 - mazeUtils.device.camera - [camera.py:39] - DEBUG - Average HSV: H=113.5, S=181.3, V=144.3
2026-06-26 04:29:20,530 - mazeUtils.moveTile - [moveTile.py:90] - DEBUG - [2007.467607] moveTile calculated motor speeds left=100 right=93 gyroSteer=6.7999999999999545 wallSteer=-0.3999999999999986 (+27.7 ms)
2026-06-26 04:29:20,550 - mazeUtils.moveTile - [moveTile.py:90] - DEBUG - [2007.488258] moveTile applied motor speed left=100 right=93 (+20.7 ms)
2026-06-26 04:29:20,551 - mazeUtils.moveTile - [moveTile.py:90] - DEBUG - [2007.489389] moveTile ramp check isBigRamp=False (+1.1 ms)
2026-06-26 04:29:20,555 - mazeUtils.moveTile - [moveTile.py:90] - DEBUG - [2007.492838] moveTile tile color check tempTileColor=E (+3.4 ms)
2026-06-26 04:29:20,555 - mazeUtils.moveTile - [moveTile.py:90] - DEBUG - [2007.493378] moveTile obstacle check escapeFlag=False (+0.5 ms)
2026-06-26 04:29:20,560 - mazeUtils.moveTile - [moveTile.py:79] - DEBUG - roll: 358.76 deg, practicalMoveTime: 0.6884195685436745 sec
2026-06-26 04:29:20,562 - mazeUtils.moveTile - [moveTile.py:1907] - DEBUG - moveTile loop time: 59.6 ms
2026-06-26 04:29:20,562 - mazeUtils.moveTile - [moveTile.py:90] - DEBUG - [2007.500249] moveTile loop end practicalMoveTime=0.688 (+6.9 ms)
2026-06-26 04:29:20,563 - mazeUtils.moveTile - [moveTile.py:90] - DEBUG - [2007.500678] moveTile loop start (+0.4 ms)
2026-06-26 04:29:20,569 - picamera2.picamera2 - [picamera2.py:1391] - DEBUG - Execute job: <picamera2.job.Job object at 0x7f772a1390>
2026-06-26 04:29:20,576 - mazeUtils.device.camera - [camera.py:39] - DEBUG - Average HSV: H=113.6, S=184.0, V=143.6
2026-06-26 04:29:20,586 - mazeUtils.moveTile - [moveTile.py:90] - DEBUG - [2007.523593] moveTile calculated motor speeds left=100 right=90 gyroSteer=7.119999999999891 wallSteer=2.0 (+22.9 ms)
2026-06-26 04:29:20,607 - mazeUtils.moveTile - [moveTile.py:90] - DEBUG - [2007.544694] moveTile applied motor speed left=100 right=90 (+21.1 ms)
2026-06-26 04:29:20,607 - mazeUtils.moveTile - [moveTile.py:90] - DEBUG - [2007.545452] moveTile ramp check isBigRamp=False (+0.8 ms)
2026-06-26 04:29:20,615 - mazeUtils.moveTile - [moveTile.py:90] - DEBUG - [2007.553424] moveTile tile color check tempTileColor=E (+8.0 ms)
2026-06-26 04:29:20,618 - mazeUtils.moveTile - [moveTile.py:90] - DEBUG - [2007.555958] moveTile obstacle check escapeFlag=False (+2.5 ms)
2026-06-26 04:29:20,624 - mazeUtils.moveTile - [moveTile.py:79] - DEBUG - roll: 358.66 deg, practicalMoveTime: 0.7506274376400777 sec
2026-06-26 04:29:20,625 - mazeUtils.moveTile - [moveTile.py:1907] - DEBUG - moveTile loop time: 62.2 ms
2026-06-26 04:29:20,626 - mazeUtils.moveTile - [moveTile.py:90] - DEBUG - [2007.563657] moveTile loop end practicalMoveTime=0.751 (+7.7 ms)
2026-06-26 04:29:20,626 - mazeUtils.moveTile - [moveTile.py:90] - DEBUG - [2007.564273] moveTile loop start (+0.6 ms)
2026-06-26 04:29:20,632 - picamera2.picamera2 - [picamera2.py:1391] - DEBUG - Execute job: <picamera2.job.Job object at 0x7f76ea88d0>
2026-06-26 04:29:20,639 - mazeUtils.device.camera - [camera.py:39] - DEBUG - Average HSV: H=113.1, S=187.6, V=147.2
2026-06-26 04:29:20,649 - mazeUtils.moveTile - [moveTile.py:90] - DEBUG - [2007.586916] moveTile calculated motor speeds left=100 right=94 gyroSteer=4.3599999999999 wallSteer=1.1999999999999993 (+22.6 ms)
2026-06-26 04:29:20,671 - mazeUtils.moveTile - [moveTile.py:90] - DEBUG - [2007.608603] moveTile applied motor speed left=100 right=94 (+21.7 ms)
2026-06-26 04:29:20,672 - mazeUtils.moveTile - [moveTile.py:90] - DEBUG - [2007.610000] moveTile ramp check isBigRamp=False (+1.4 ms)
2026-06-26 04:29:20,678 - mazeUtils.moveTile - [moveTile.py:90] - DEBUG - [2007.616073] moveTile tile color check tempTileColor=E (+6.1 ms)
2026-06-26 04:29:20,680 - mazeUtils.moveTile - [moveTile.py:90] - DEBUG - [2007.617560] moveTile obstacle check escapeFlag=False (+1.5 ms)
2026-06-26 04:29:20,705 - mazeUtils.moveTile - [moveTile.py:916] - INFO - Moving backward before dropping rescue kit
2026-06-26 04:29:21,248 - mazeUtils.moveTile - [moveTile.py:925] - INFO - Detected victim info ahead: {<Side.LEFT: 0>: <UnitVStatus.H_VICTIM: 3>, <Side.RIGHT: 1>: <UnitVStatus.NOTHING: 0>}
2026-06-26 04:29:25,311 - __main__ - [main.py:174] - INFO - Program interrupted by user.
2026-06-26 04:29:26,387 - mazeUtils.device.stm - [stm.py:216] - DEBUG - ACK resynchronized: type=STS_MOTOR dropped=24B seq=206
2026-06-26 04:29:26,420 - picamera2.picamera2 - [picamera2.py:1391] - DEBUG - Execute job: <picamera2.job.Job object at 0x7f857831d0>
2026-06-26 04:29:26,444 - picamera2.picamera2 - [picamera2.py:1323] - INFO - Camera stopped
2026-06-26 04:29:26,646 - picamera2.picamera2 - [picamera2.py:1329] - DEBUG - Camera was not started
2026-06-26 04:29:26,851 - picamera2.picamera2 - [picamera2.py:723] - INFO - Camera closed successfully.
2026-06-26 04:29:27,383 - picamera2.picamera2 - [picamera2.py:500] - DEBUG - Resources now free: <picamera2.picamera2.Picamera2 object at 0x7f76d53a90>
