2026-05-25 22:18:34,497 - root - [logging_config.py:61] - INFO - Logging initialized. Log file: /home/tuton/Kanto2026RPi/src/config/../logs/robot_20260525_221833.log
2026-05-25 22:18:34,937 - mazeUtils.mazeMap - [mazeMap.py:167] - WARNING - ArduinoNanoEveryUART init failed: [Errno 2] could not open port /dev/ttyUSB0: [Errno 2] No such file or directory: '/dev/ttyUSB0'
2026-05-25 22:18:35,951 - mazeUtils.device.LiDAR - [LiDAR.py:36] - INFO - Available ports: <ydlidar.Str2strMap; proxy of <Swig Object of type 'std::map< std::string,std::string > *' at 0x7f8a3c41b0> >
2026-05-25 22:18:39,905 - mazeUtils.moveTile - [moveTile.py:511] - DEBUG - Direction: absDirection.NORTH, Angle: 0, Distance: 34.01764830349793 cm
2026-05-25 22:18:39,906 - mazeUtils.moveTile - [moveTile.py:511] - DEBUG - Direction: absDirection.EAST, Angle: 270, Distance: 17.664086193345632 cm
2026-05-25 22:18:39,912 - mazeUtils.moveTile - [moveTile.py:511] - DEBUG - Direction: absDirection.SOUTH, Angle: 180, Distance: 19.26491173052197 cm
2026-05-25 22:18:39,913 - mazeUtils.moveTile - [moveTile.py:511] - DEBUG - Direction: absDirection.WEST, Angle: 90, Distance: 76.78458682617402 cm
2026-05-25 22:18:41,102 - __main__ - [main.py:69] - INFO - Initial Map:
2026-05-25 22:18:41,117 - __main__ - [main.py:70] - INFO - Current position: (20, 20, 0), front direction: absDirection.NORTH
Layer 0 (altitude=0.0cm, offset=(0.0cm, 0.0cm)):
Known map area: x=20..20, y=20..20
+   +
  @ |
+---+
mazeAsGraph[0][20][20] = {absDirection.NORTH: (20, 19, 0), absDirection.EAST: None, absDirection.SOUTH: None, absDirection.WEST: (19, 20, 0)}
2026-05-25 22:18:41,118 - mazeUtils.mazeMap - [mazeMap.py:61] - INFO - next goal: (20, 19, 0)
2026-05-25 22:18:41,119 - __main__ - [main.py:73] - INFO - Next Direction: [<absDirection.NORTH: 0>]
2026-05-25 22:18:41,119 - __main__ - [main.py:74] - INFO - Exploration started.
2026-05-25 22:18:41,120 - mazeUtils.mazeMap - [mazeMap.py:61] - INFO - next goal: (20, 19, 0)
2026-05-25 22:18:41,132 - mazeUtils.moveTile - [moveTile.py:80] - DEBUG - Moving to absDirection.NORTH from (20, 20, 0) facing absDirection.NORTH
2026-05-25 22:18:41,178 - mazeUtils.moveTile - [moveTile.py:80] - DEBUG - current heading: 359.96000000000004 target: 0
2026-05-25 22:18:41,217 - mazeUtils.moveTile - [moveTile.py:387] - DEBUG - stopped turning at heading: 359.96000000000004, diff: 0.03999999999996362
2026-05-25 22:18:41,306 - mazeUtils.moveTile - [moveTile.py:80] - DEBUG - Turned to heading: 359.96000000000004 deg
2026-05-25 22:18:41,423 - picamera2.picamera2 - [picamera2.py:1391] - DEBUG - Execute job: <picamera2.job.Job object at 0x7f65c23fd0>
2026-05-25 22:18:41,430 - mazeUtils.device.camera - [camera.py:37] - DEBUG - Average HSV: H=8.3, S=23.2, V=245.8
2026-05-25 22:18:41,483 - mazeUtils.moveTile - [moveTile.py:80] - DEBUG - roll: 0.01999999999998181 deg, practicalMoveTime: 0.06205944636865826 sec
2026-05-25 22:18:41,484 - mazeUtils.moveTile - [moveTile.py:1105] - DEBUG - moveTile loop time: 68.1 ms
2026-05-25 22:18:41,490 - picamera2.picamera2 - [picamera2.py:1391] - DEBUG - Execute job: <picamera2.job.Job object at 0x7f46e9d490>
2026-05-25 22:18:41,495 - mazeUtils.device.camera - [camera.py:37] - DEBUG - Average HSV: H=8.2, S=23.7, V=245.3
2026-05-25 22:18:41,547 - mazeUtils.moveTile - [moveTile.py:80] - DEBUG - roll: 359.83 deg, practicalMoveTime: 0.1256606602482363 sec
2026-05-25 22:18:41,548 - mazeUtils.moveTile - [moveTile.py:1105] - DEBUG - moveTile loop time: 63.9 ms
2026-05-25 22:18:41,552 - picamera2.picamera2 - [picamera2.py:1391] - DEBUG - Execute job: <picamera2.job.Job object at 0x7f46e9d490>
2026-05-25 22:18:41,555 - mazeUtils.device.camera - [camera.py:37] - DEBUG - Average HSV: H=8.6, S=63.6, V=184.1
2026-05-25 22:18:41,604 - mazeUtils.moveTile - [moveTile.py:80] - DEBUG - roll: 359.54 deg, practicalMoveTime: 0.18152462440474665 sec
2026-05-25 22:18:41,604 - mazeUtils.moveTile - [moveTile.py:1105] - DEBUG - moveTile loop time: 56.2 ms
2026-05-25 22:18:41,610 - picamera2.picamera2 - [picamera2.py:1391] - DEBUG - Execute job: <picamera2.job.Job object at 0x7f64d0a490>
2026-05-25 22:18:41,614 - mazeUtils.device.camera - [camera.py:37] - DEBUG - Average HSV: H=163.8, S=43.2, V=182.8
2026-05-25 22:18:41,665 - mazeUtils.moveTile - [moveTile.py:80] - DEBUG - roll: 0.12000000000000455 deg, practicalMoveTime: 0.2358497520671044 sec
2026-05-25 22:18:41,665 - mazeUtils.moveTile - [moveTile.py:1105] - DEBUG - moveTile loop time: 60.9 ms
2026-05-25 22:18:41,671 - picamera2.picamera2 - [picamera2.py:1391] - DEBUG - Execute job: <picamera2.job.Job object at 0x7f46e9d5d0>
2026-05-25 22:18:41,675 - mazeUtils.device.camera - [camera.py:37] - DEBUG - Average HSV: H=161.2, S=7.9, V=244.0
2026-05-25 22:18:41,728 - mazeUtils.moveTile - [moveTile.py:80] - DEBUG - roll: 0.01999999999998181 deg, practicalMoveTime: 0.2921819315193679 sec
2026-05-25 22:18:41,728 - mazeUtils.moveTile - [moveTile.py:1105] - DEBUG - moveTile loop time: 62.8 ms
2026-05-25 22:18:41,733 - picamera2.picamera2 - [picamera2.py:1391] - DEBUG - Execute job: <picamera2.job.Job object at 0x7f46e9d710>
2026-05-25 22:18:41,737 - mazeUtils.device.camera - [camera.py:37] - DEBUG - Average HSV: H=13.9, S=42.1, V=240.2
2026-05-25 22:18:41,785 - mazeUtils.moveTile - [moveTile.py:80] - DEBUG - roll: 0.01999999999998181 deg, practicalMoveTime: 0.3432099893236466 sec
2026-05-25 22:18:41,785 - mazeUtils.moveTile - [moveTile.py:1105] - DEBUG - moveTile loop time: 57.0 ms
2026-05-25 22:18:41,792 - picamera2.picamera2 - [picamera2.py:1391] - DEBUG - Execute job: <picamera2.job.Job object at 0x7f65c23fd0>
2026-05-25 22:18:41,794 - mazeUtils.device.camera - [camera.py:37] - DEBUG - Average HSV: H=14.2, S=85.3, V=184.6
2026-05-25 22:18:41,843 - mazeUtils.moveTile - [moveTile.py:80] - DEBUG - roll: 359.29 deg, practicalMoveTime: 0.4009531580503389 sec
2026-05-25 22:18:41,844 - mazeUtils.moveTile - [moveTile.py:1105] - DEBUG - moveTile loop time: 58.0 ms
2026-05-25 22:18:41,849 - picamera2.picamera2 - [picamera2.py:1391] - DEBUG - Execute job: <picamera2.job.Job object at 0x7f64d6a090>
2026-05-25 22:18:41,852 - mazeUtils.device.camera - [camera.py:37] - DEBUG - Average HSV: H=12.9, S=85.2, V=171.9
2026-05-25 22:18:41,903 - mazeUtils.moveTile - [moveTile.py:80] - DEBUG - roll: 3.1299999999999955 deg, practicalMoveTime: 0.45427198908827854 sec
2026-05-25 22:18:41,904 - mazeUtils.moveTile - [moveTile.py:1105] - DEBUG - moveTile loop time: 59.9 ms
2026-05-25 22:18:41,909 - picamera2.picamera2 - [picamera2.py:1391] - DEBUG - Execute job: <picamera2.job.Job object at 0x7f46eb9e90>
2026-05-25 22:18:41,912 - mazeUtils.device.camera - [camera.py:37] - DEBUG - Average HSV: H=13.8, S=48.1, V=230.9
2026-05-25 22:18:41,966 - mazeUtils.moveTile - [moveTile.py:80] - DEBUG - roll: 7.6200000000000045 deg, practicalMoveTime: 0.5096471146327877 sec
2026-05-25 22:18:41,967 - mazeUtils.moveTile - [moveTile.py:1105] - DEBUG - moveTile loop time: 62.5 ms
2026-05-25 22:18:41,972 - picamera2.picamera2 - [picamera2.py:1391] - DEBUG - Execute job: <picamera2.job.Job object at 0x7f470a6050>
2026-05-25 22:18:41,975 - mazeUtils.device.camera - [camera.py:37] - DEBUG - Average HSV: H=8.7, S=51.9, V=180.3
2026-05-25 22:18:42,024 - mazeUtils.moveTile - [moveTile.py:80] - DEBUG - roll: 9.740000000000009 deg, practicalMoveTime: 0.5607898013028519 sec
2026-05-25 22:18:42,025 - mazeUtils.moveTile - [moveTile.py:1105] - DEBUG - moveTile loop time: 58.0 ms
2026-05-25 22:18:42,029 - picamera2.picamera2 - [picamera2.py:1391] - DEBUG - Execute job: <picamera2.job.Job object at 0x7f46e9d5d0>
2026-05-25 22:18:42,032 - mazeUtils.device.camera - [camera.py:37] - DEBUG - Average HSV: H=102.7, S=13.6, V=243.1
2026-05-25 22:18:42,084 - mazeUtils.moveTile - [moveTile.py:80] - DEBUG - roll: 13.079999999999984 deg, practicalMoveTime: 0.6120358037364353 sec
2026-05-25 22:18:42,084 - mazeUtils.moveTile - [moveTile.py:1105] - DEBUG - moveTile loop time: 58.8 ms
2026-05-25 22:18:42,090 - picamera2.picamera2 - [picamera2.py:1391] - DEBUG - Execute job: <picamera2.job.Job object at 0x7f46eb9e90>
2026-05-25 22:18:42,093 - mazeUtils.device.camera - [camera.py:37] - DEBUG - Average HSV: H=9.5, S=60.1, V=187.1
2026-05-25 22:18:42,146 - mazeUtils.moveTile - [moveTile.py:80] - DEBUG - roll: 17.45999999999998 deg, practicalMoveTime: 0.6628538931059134 sec
2026-05-25 22:18:42,146 - mazeUtils.moveTile - [moveTile.py:1105] - DEBUG - moveTile loop time: 61.9 ms
2026-05-25 22:18:42,152 - picamera2.picamera2 - [picamera2.py:1391] - DEBUG - Execute job: <picamera2.job.Job object at 0x7f470a6010>
2026-05-25 22:18:42,156 - mazeUtils.device.camera - [camera.py:37] - DEBUG - Average HSV: H=127.1, S=17.0, V=225.3
2026-05-25 22:18:42,204 - mazeUtils.moveTile - [moveTile.py:80] - DEBUG - roll: 19.54000000000002 deg, practicalMoveTime: 0.7094263134602588 sec
2026-05-25 22:18:42,204 - mazeUtils.moveTile - [moveTile.py:1105] - DEBUG - moveTile loop time: 57.6 ms
2026-05-25 22:18:42,210 - picamera2.picamera2 - [picamera2.py:1391] - DEBUG - Execute job: <picamera2.job.Job object at 0x7f64d0a490>
2026-05-25 22:18:42,213 - mazeUtils.device.camera - [camera.py:37] - DEBUG - Average HSV: H=8.4, S=50.8, V=189.2
2026-05-25 22:18:42,262 - mazeUtils.moveTile - [moveTile.py:80] - DEBUG - roll: 24.189999999999998 deg, practicalMoveTime: 0.7545931647960078 sec
2026-05-25 22:18:42,262 - mazeUtils.moveTile - [moveTile.py:1105] - DEBUG - moveTile loop time: 57.7 ms
2026-05-25 22:18:42,268 - picamera2.picamera2 - [picamera2.py:1391] - DEBUG - Execute job: <picamera2.job.Job object at 0x7f64d6a090>
2026-05-25 22:18:42,272 - mazeUtils.device.camera - [camera.py:37] - DEBUG - Average HSV: H=38.6, S=46.2, V=213.1
2026-05-25 22:18:42,320 - mazeUtils.moveTile - [moveTile.py:80] - DEBUG - roll: 27.860000000000014 deg, practicalMoveTime: 0.7986200363104409 sec
2026-05-25 22:18:42,320 - mazeUtils.moveTile - [moveTile.py:1105] - DEBUG - moveTile loop time: 58.0 ms
2026-05-25 22:18:42,325 - picamera2.picamera2 - [picamera2.py:1391] - DEBUG - Execute job: <picamera2.job.Job object at 0x7f64d6a090>
2026-05-25 22:18:42,328 - mazeUtils.device.camera - [camera.py:37] - DEBUG - Average HSV: H=7.1, S=50.3, V=185.9
2026-05-25 22:18:42,378 - mazeUtils.moveTile - [moveTile.py:80] - DEBUG - roll: 30.45999999999998 deg, practicalMoveTime: 0.841493012844256 sec
2026-05-25 22:18:42,378 - mazeUtils.moveTile - [moveTile.py:1105] - DEBUG - moveTile loop time: 58.0 ms
2026-05-25 22:18:42,384 - picamera2.picamera2 - [picamera2.py:1391] - DEBUG - Execute job: <picamera2.job.Job object at 0x7f46e9d490>
2026-05-25 22:18:42,387 - mazeUtils.device.camera - [camera.py:37] - DEBUG - Average HSV: H=16.9, S=40.3, V=193.0
2026-05-25 22:18:42,436 - mazeUtils.moveTile - [moveTile.py:80] - DEBUG - roll: 33.170000000000016 deg, practicalMoveTime: 0.883038082785617 sec
2026-05-25 22:18:42,437 - mazeUtils.moveTile - [moveTile.py:1105] - DEBUG - moveTile loop time: 58.2 ms
2026-05-25 22:18:42,442 - picamera2.picamera2 - [picamera2.py:1391] - DEBUG - Execute job: <picamera2.job.Job object at 0x7f64d6a090>
2026-05-25 22:18:42,446 - mazeUtils.device.camera - [camera.py:37] - DEBUG - Average HSV: H=11.0, S=48.0, V=188.6
2026-05-25 22:18:42,493 - mazeUtils.moveTile - [moveTile.py:80] - DEBUG - roll: 35.75 deg, practicalMoveTime: 0.9222758856260811 sec
2026-05-25 22:18:42,493 - mazeUtils.moveTile - [moveTile.py:1105] - DEBUG - moveTile loop time: 56.4 ms
2026-05-25 22:18:42,500 - picamera2.picamera2 - [picamera2.py:1391] - DEBUG - Execute job: <picamera2.job.Job object at 0x7f46e9d710>
2026-05-25 22:18:42,503 - mazeUtils.device.camera - [camera.py:37] - DEBUG - Average HSV: H=40.9, S=39.9, V=194.4
2026-05-25 22:18:42,551 - mazeUtils.moveTile - [moveTile.py:80] - DEBUG - roll: 34.26999999999998 deg, practicalMoveTime: 0.9634414722585376 sec
2026-05-25 22:18:42,552 - mazeUtils.moveTile - [moveTile.py:1105] - DEBUG - moveTile loop time: 58.1 ms
2026-05-25 22:18:42,557 - picamera2.picamera2 - [picamera2.py:1391] - DEBUG - Execute job: <picamera2.job.Job object at 0x7f64d0a490>
2026-05-25 22:18:42,560 - mazeUtils.device.camera - [camera.py:37] - DEBUG - Average HSV: H=110.1, S=22.6, V=206.4
2026-05-25 22:18:42,609 - mazeUtils.moveTile - [moveTile.py:80] - DEBUG - roll: 33.829999999999984 deg, practicalMoveTime: 1.0043116397502188 sec
2026-05-25 22:18:42,609 - mazeUtils.moveTile - [moveTile.py:1105] - DEBUG - moveTile loop time: 57.4 ms
2026-05-25 22:18:42,616 - picamera2.picamera2 - [picamera2.py:1391] - DEBUG - Execute job: <picamera2.job.Job object at 0x7f64d6aa90>
2026-05-25 22:18:42,619 - mazeUtils.device.camera - [camera.py:37] - DEBUG - Average HSV: H=106.8, S=25.0, V=206.4
2026-05-25 22:18:42,673 - picamera2.picamera2 - [picamera2.py:1391] - DEBUG - Execute job: <picamera2.job.Job object at 0x7f46eb9e90>
2026-05-25 22:18:42,676 - mazeUtils.device.camera - [camera.py:37] - DEBUG - Average HSV: H=151.1, S=24.7, V=168.7
2026-05-25 22:18:42,725 - mazeUtils.moveTile - [moveTile.py:80] - DEBUG - roll: 34.05000000000001 deg, practicalMoveTime: 1.0885505031749827 sec
2026-05-25 22:18:42,725 - mazeUtils.moveTile - [moveTile.py:1105] - DEBUG - moveTile loop time: 57.5 ms
2026-05-25 22:18:42,731 - picamera2.picamera2 - [picamera2.py:1391] - DEBUG - Execute job: <picamera2.job.Job object at 0x7f65c23fd0>
2026-05-25 22:18:42,734 - mazeUtils.device.camera - [camera.py:37] - DEBUG - Average HSV: H=145.6, S=23.8, V=172.4
2026-05-25 22:18:42,784 - mazeUtils.moveTile - [moveTile.py:80] - DEBUG - roll: 35.56999999999999 deg, practicalMoveTime: 1.1289101175746044 sec
2026-05-25 22:18:42,785 - mazeUtils.moveTile - [moveTile.py:1105] - DEBUG - moveTile loop time: 59.2 ms
2026-05-25 22:18:42,789 - picamera2.picamera2 - [picamera2.py:1391] - DEBUG - Execute job: <picamera2.job.Job object at 0x7f46eb9fd0>
2026-05-25 22:18:42,792 - mazeUtils.device.camera - [camera.py:37] - DEBUG - Average HSV: H=150.8, S=22.6, V=172.2
2026-05-25 22:18:42,840 - mazeUtils.moveTile - [moveTile.py:80] - DEBUG - roll: 34.80000000000001 deg, practicalMoveTime: 1.1680628809609912 sec
2026-05-25 22:18:42,841 - mazeUtils.moveTile - [moveTile.py:1105] - DEBUG - moveTile loop time: 55.8 ms
2026-05-25 22:18:42,848 - picamera2.picamera2 - [picamera2.py:1391] - DEBUG - Execute job: <picamera2.job.Job object at 0x7f46e9d710>
2026-05-25 22:18:42,851 - mazeUtils.device.camera - [camera.py:37] - DEBUG - Average HSV: H=151.7, S=22.3, V=172.2
2026-05-25 22:18:42,900 - mazeUtils.moveTile - [moveTile.py:80] - DEBUG - roll: 33.400000000000034 deg, practicalMoveTime: 1.210363311755541 sec
2026-05-25 22:18:42,900 - mazeUtils.moveTile - [moveTile.py:1105] - DEBUG - moveTile loop time: 59.1 ms
2026-05-25 22:18:42,905 - picamera2.picamera2 - [picamera2.py:1391] - DEBUG - Execute job: <picamera2.job.Job object at 0x7f46eb9fd0>
2026-05-25 22:18:42,908 - mazeUtils.device.camera - [camera.py:37] - DEBUG - Average HSV: H=159.4, S=22.3, V=170.9
2026-05-25 22:18:42,959 - mazeUtils.moveTile - [moveTile.py:80] - DEBUG - roll: 34.579999999999984 deg, practicalMoveTime: 1.250672686182939 sec
2026-05-25 22:18:42,960 - mazeUtils.moveTile - [moveTile.py:1105] - DEBUG - moveTile loop time: 59.8 ms
2026-05-25 22:18:42,965 - picamera2.picamera2 - [picamera2.py:1391] - DEBUG - Execute job: <picamera2.job.Job object at 0x7f64d6aa90>
2026-05-25 22:18:42,969 - mazeUtils.device.camera - [camera.py:37] - DEBUG - Average HSV: H=159.8, S=22.7, V=167.2
2026-05-25 22:18:43,025 - mazeUtils.moveTile - [moveTile.py:80] - DEBUG - roll: 33.639999999999986 deg, practicalMoveTime: 1.2959176674365012 sec
2026-05-25 22:18:43,025 - mazeUtils.moveTile - [moveTile.py:1105] - DEBUG - moveTile loop time: 64.9 ms
2026-05-25 22:18:43,032 - picamera2.picamera2 - [picamera2.py:1391] - DEBUG - Execute job: <picamera2.job.Job object at 0x7f64d0a490>
2026-05-25 22:18:43,035 - mazeUtils.device.camera - [camera.py:37] - DEBUG - Average HSV: H=162.7, S=23.4, V=163.5
2026-05-25 22:18:43,089 - mazeUtils.moveTile - [moveTile.py:80] - DEBUG - roll: 32.670000000000016 deg, practicalMoveTime: 1.3414239674433117 sec
2026-05-25 22:18:43,089 - mazeUtils.moveTile - [moveTile.py:1105] - DEBUG - moveTile loop time: 63.8 ms
2026-05-25 22:18:43,093 - picamera2.picamera2 - [picamera2.py:1391] - DEBUG - Execute job: <picamera2.job.Job object at 0x7f470a6010>
2026-05-25 22:18:43,097 - mazeUtils.device.camera - [camera.py:37] - DEBUG - Average HSV: H=163.4, S=22.1, V=171.5
2026-05-25 22:18:43,145 - mazeUtils.moveTile - [moveTile.py:80] - DEBUG - roll: 32.48000000000002 deg, practicalMoveTime: 1.3821175471322824 sec
2026-05-25 22:18:43,146 - mazeUtils.moveTile - [moveTile.py:1105] - DEBUG - moveTile loop time: 56.3 ms
2026-05-25 22:18:43,152 - picamera2.picamera2 - [picamera2.py:1391] - DEBUG - Execute job: <picamera2.job.Job object at 0x7f64d6aa90>
2026-05-25 22:18:43,155 - mazeUtils.device.camera - [camera.py:37] - DEBUG - Average HSV: H=165.8, S=24.0, V=160.6
2026-05-25 22:18:43,204 - mazeUtils.moveTile - [moveTile.py:80] - DEBUG - roll: 33.55000000000001 deg, practicalMoveTime: 1.4236044596465225 sec
2026-05-25 22:18:43,204 - mazeUtils.moveTile - [moveTile.py:1105] - DEBUG - moveTile loop time: 58.1 ms
2026-05-25 22:18:43,209 - picamera2.picamera2 - [picamera2.py:1391] - DEBUG - Execute job: <picamera2.job.Job object at 0x7f46e9d490>
2026-05-25 22:18:43,213 - mazeUtils.device.camera - [camera.py:37] - DEBUG - Average HSV: H=133.7, S=33.5, V=130.1
2026-05-25 22:18:43,261 - mazeUtils.moveTile - [moveTile.py:80] - DEBUG - roll: 31.610000000000014 deg, practicalMoveTime: 1.4651599790915055 sec
2026-05-25 22:18:43,261 - mazeUtils.moveTile - [moveTile.py:1105] - DEBUG - moveTile loop time: 56.9 ms
2026-05-25 22:18:43,267 - picamera2.picamera2 - [picamera2.py:1391] - DEBUG - Execute job: <picamera2.job.Job object at 0x7f46e9d490>
2026-05-25 22:18:43,271 - mazeUtils.device.camera - [camera.py:37] - DEBUG - Average HSV: H=158.5, S=26.0, V=141.0
2026-05-25 22:18:43,319 - mazeUtils.moveTile - [moveTile.py:80] - DEBUG - roll: 29.720000000000027 deg, practicalMoveTime: 1.5080989719921174 sec
2026-05-25 22:18:43,320 - mazeUtils.moveTile - [moveTile.py:1105] - DEBUG - moveTile loop time: 58.3 ms
2026-05-25 22:18:43,325 - picamera2.picamera2 - [picamera2.py:1391] - DEBUG - Execute job: <picamera2.job.Job object at 0x7f65c23fd0>
2026-05-25 22:18:43,328 - mazeUtils.device.camera - [camera.py:37] - DEBUG - Average HSV: H=151.8, S=28.7, V=126.0
2026-05-25 22:18:43,378 - mazeUtils.moveTile - [moveTile.py:80] - DEBUG - roll: 28.49000000000001 deg, practicalMoveTime: 1.5513581043966516 sec
2026-05-25 22:18:43,378 - mazeUtils.moveTile - [moveTile.py:1105] - DEBUG - moveTile loop time: 58.0 ms
2026-05-25 22:18:43,383 - picamera2.picamera2 - [picamera2.py:1391] - DEBUG - Execute job: <picamera2.job.Job object at 0x7f64d0a490>
2026-05-25 22:18:43,386 - mazeUtils.device.camera - [camera.py:37] - DEBUG - Average HSV: H=155.0, S=27.3, V=127.4
2026-05-25 22:18:43,434 - mazeUtils.moveTile - [moveTile.py:80] - DEBUG - roll: 26.28000000000003 deg, practicalMoveTime: 1.5947714325953224 sec
2026-05-25 22:18:43,435 - mazeUtils.moveTile - [moveTile.py:1105] - DEBUG - moveTile loop time: 56.5 ms
2026-05-25 22:18:43,441 - picamera2.picamera2 - [picamera2.py:1391] - DEBUG - Execute job: <picamera2.job.Job object at 0x7f46eb9e90>
2026-05-25 22:18:43,444 - mazeUtils.device.camera - [camera.py:37] - DEBUG - Average HSV: H=152.1, S=26.7, V=137.1
2026-05-25 22:18:43,493 - mazeUtils.moveTile - [moveTile.py:80] - DEBUG - roll: 25.430000000000007 deg, practicalMoveTime: 1.6397560633848145 sec
2026-05-25 22:18:43,493 - mazeUtils.moveTile - [moveTile.py:1105] - DEBUG - moveTile loop time: 58.0 ms
2026-05-25 22:18:43,499 - picamera2.picamera2 - [picamera2.py:1391] - DEBUG - Execute job: <picamera2.job.Job object at 0x7f64d0a490>
2026-05-25 22:18:43,502 - mazeUtils.device.camera - [camera.py:37] - DEBUG - Average HSV: H=151.9, S=26.6, V=140.4
2026-05-25 22:18:43,551 - mazeUtils.moveTile - [moveTile.py:80] - DEBUG - roll: 23.5 deg, practicalMoveTime: 1.6853774792099199 sec
2026-05-25 22:18:43,552 - mazeUtils.moveTile - [moveTile.py:1105] - DEBUG - moveTile loop time: 58.4 ms
2026-05-25 22:18:43,557 - picamera2.picamera2 - [picamera2.py:1391] - DEBUG - Execute job: <picamera2.job.Job object at 0x7f64d6a090>
2026-05-25 22:18:43,561 - mazeUtils.device.camera - [camera.py:37] - DEBUG - Average HSV: H=136.7, S=29.2, V=137.8
2026-05-25 22:18:43,610 - mazeUtils.moveTile - [moveTile.py:80] - DEBUG - roll: 22.44999999999999 deg, practicalMoveTime: 1.731619293389678 sec
2026-05-25 22:18:43,610 - mazeUtils.moveTile - [moveTile.py:1105] - DEBUG - moveTile loop time: 57.9 ms
2026-05-25 22:18:43,616 - picamera2.picamera2 - [picamera2.py:1391] - DEBUG - Execute job: <picamera2.job.Job object at 0x7f64d6aa90>
2026-05-25 22:18:43,620 - mazeUtils.device.camera - [camera.py:37] - DEBUG - Average HSV: H=153.3, S=26.8, V=134.3
2026-05-25 22:18:43,667 - mazeUtils.moveTile - [moveTile.py:80] - DEBUG - roll: 20.70999999999998 deg, practicalMoveTime: 1.777099464080997 sec
2026-05-25 22:18:43,667 - mazeUtils.moveTile - [moveTile.py:1105] - DEBUG - moveTile loop time: 56.6 ms
2026-05-25 22:18:43,673 - picamera2.picamera2 - [picamera2.py:1391] - DEBUG - Execute job: <picamera2.job.Job object at 0x7f64d6a090>
2026-05-25 22:18:43,677 - mazeUtils.device.camera - [camera.py:37] - DEBUG - Average HSV: H=136.3, S=28.7, V=144.6
2026-05-25 22:18:43,727 - mazeUtils.moveTile - [moveTile.py:80] - DEBUG - roll: 19.670000000000016 deg, practicalMoveTime: 1.8250124826468102 sec
2026-05-25 22:18:43,728 - mazeUtils.moveTile - [moveTile.py:1105] - DEBUG - moveTile loop time: 59.7 ms
2026-05-25 22:18:43,734 - picamera2.picamera2 - [picamera2.py:1391] - DEBUG - Execute job: <picamera2.job.Job object at 0x7f46e9d710>
2026-05-25 22:18:43,741 - mazeUtils.device.camera - [camera.py:37] - DEBUG - Average HSV: H=132.6, S=27.1, V=157.8
2026-05-25 22:18:43,791 - mazeUtils.moveTile - [moveTile.py:80] - DEBUG - roll: 17.889999999999986 deg, practicalMoveTime: 1.8764547240284808 sec
2026-05-25 22:18:43,792 - mazeUtils.moveTile - [moveTile.py:1105] - DEBUG - moveTile loop time: 63.3 ms
2026-05-25 22:18:43,798 - picamera2.picamera2 - [picamera2.py:1391] - DEBUG - Execute job: <picamera2.job.Job object at 0x7f64d58350>
2026-05-25 22:18:43,807 - mazeUtils.device.camera - [camera.py:37] - DEBUG - Average HSV: H=132.6, S=21.0, V=191.2
2026-05-25 22:18:43,855 - mazeUtils.moveTile - [moveTile.py:80] - DEBUG - roll: 13.090000000000032 deg, practicalMoveTime: 1.9319875582541302 sec
2026-05-25 22:18:43,856 - mazeUtils.moveTile - [moveTile.py:1105] - DEBUG - moveTile loop time: 63.6 ms
2026-05-25 22:18:43,862 - picamera2.picamera2 - [picamera2.py:1391] - DEBUG - Execute job: <picamera2.job.Job object at 0x7f470a6050>
2026-05-25 22:18:43,867 - mazeUtils.device.camera - [camera.py:37] - DEBUG - Average HSV: H=138.3, S=14.6, V=216.2
2026-05-25 22:18:43,922 - mazeUtils.moveTile - [moveTile.py:80] - DEBUG - roll: 8.240000000000009 deg, practicalMoveTime: 1.9910009135116702 sec
2026-05-25 22:18:43,923 - mazeUtils.moveTile - [moveTile.py:1105] - DEBUG - moveTile loop time: 67.0 ms
2026-05-25 22:18:43,929 - picamera2.picamera2 - [picamera2.py:1391] - DEBUG - Execute job: <picamera2.job.Job object at 0x7f46e9d5d0>
2026-05-25 22:18:43,934 - mazeUtils.device.camera - [camera.py:37] - DEBUG - Average HSV: H=152.4, S=10.3, V=220.8
2026-05-25 22:18:43,986 - mazeUtils.moveTile - [moveTile.py:80] - DEBUG - roll: 358.82 deg, practicalMoveTime: 2.054066178495223 sec
2026-05-25 22:18:43,987 - mazeUtils.moveTile - [moveTile.py:1105] - DEBUG - moveTile loop time: 63.0 ms
2026-05-25 22:18:43,991 - picamera2.picamera2 - [picamera2.py:1391] - DEBUG - Execute job: <picamera2.job.Job object at 0x7f46eb9d10>
2026-05-25 22:18:43,995 - mazeUtils.device.camera - [camera.py:37] - DEBUG - Average HSV: H=152.5, S=10.3, V=222.1
2026-05-25 22:18:44,128 - mazeUtils.moveTile - [moveTile.py:80] - DEBUG - Little forward to adjust position
2026-05-25 22:18:45,261 - mazeUtils.moveTile - [moveTile.py:511] - DEBUG - Direction: absDirection.NORTH, Angle: 0, Distance: 14.543083896456325 cm
2026-05-25 22:18:45,262 - mazeUtils.moveTile - [moveTile.py:511] - DEBUG - Direction: absDirection.EAST, Angle: 270, Distance: 26.24593316720632 cm
2026-05-25 22:18:45,263 - mazeUtils.moveTile - [moveTile.py:511] - DEBUG - Direction: absDirection.SOUTH, Angle: 180, Distance: 162.0841565772065 cm
2026-05-25 22:18:45,264 - mazeUtils.moveTile - [moveTile.py:511] - DEBUG - Direction: absDirection.WEST, Angle: 90, Distance: 212.65706973998945 cm
2026-05-25 22:18:45,265 - mazeUtils.moveTile - [moveTile.py:1274] - INFO - Tile color detection counts: {}, decided tile type: E
2026-05-25 22:18:45,380 - __main__ - [main.py:84] - INFO - Current position: (20, 20, 1), front direction: absDirection.NORTH
Layer 0 (altitude=0.0cm, offset=(0.0cm, 0.0cm)):
Known map area: x=20..20, y=20..20
+   +
  S |
+---+
Layer 1 (altitude=15.0cm, offset=(0.0cm, -60.0cm)):
Known map area: x=20..20, y=20..20
+---+
  @  
+   +
mazeAsGraph[0][20][20] = {absDirection.NORTH: (20, 20, 1), absDirection.EAST: None, absDirection.SOUTH: None, absDirection.WEST: (19, 20, 0)}
mazeAsGraph[1][20][20] = {absDirection.NORTH: None, absDirection.EAST: (21, 20, 1), absDirection.SOUTH: (20, 20, 0), absDirection.WEST: (19, 20, 1)}
2026-05-25 22:18:45,391 - mazeUtils.mazeMap - [mazeMap.py:61] - INFO - next goal: (21, 20, 1)
2026-05-25 22:18:45,391 - mazeUtils.mazeMap - [mazeMap.py:61] - INFO - next goal: (21, 20, 1)
2026-05-25 22:18:45,399 - mazeUtils.moveTile - [moveTile.py:80] - DEBUG - Moving to absDirection.EAST from (20, 20, 1) facing absDirection.NORTH
2026-05-25 22:18:45,448 - mazeUtils.moveTile - [moveTile.py:80] - DEBUG - current heading: 8.36 target: 270
2026-05-25 22:18:46,441 - mazeUtils.moveTile - [moveTile.py:387] - DEBUG - stopped turning at heading: 278.45, diff: 8.449999999999989
2026-05-25 22:18:47,204 - mazeUtils.moveTile - [moveTile.py:80] - DEBUG - Turned to heading: 270.2 deg
2026-05-25 22:18:47,307 - picamera2.picamera2 - [picamera2.py:1391] - DEBUG - Execute job: <picamera2.job.Job object at 0x7f46e90110>
2026-05-25 22:18:47,311 - mazeUtils.device.camera - [camera.py:37] - DEBUG - Average HSV: H=142.4, S=9.5, V=231.2
2026-05-25 22:18:47,359 - mazeUtils.moveTile - [moveTile.py:80] - DEBUG - roll: 10.870000000000005 deg, practicalMoveTime: 0.053542492884344615 sec
2026-05-25 22:18:47,360 - mazeUtils.moveTile - [moveTile.py:1105] - DEBUG - moveTile loop time: 59.5 ms
2026-05-25 22:18:47,364 - picamera2.picamera2 - [picamera2.py:1391] - DEBUG - Execute job: <picamera2.job.Job object at 0x7f46e90e10>
2026-05-25 22:18:47,368 - mazeUtils.device.camera - [camera.py:37] - DEBUG - Average HSV: H=142.1, S=9.2, V=232.9
2026-05-25 22:18:47,420 - mazeUtils.moveTile - [moveTile.py:80] - DEBUG - roll: 10.180000000000007 deg, practicalMoveTime: 0.10691050803304476 sec
2026-05-25 22:18:47,420 - mazeUtils.moveTile - [moveTile.py:1105] - DEBUG - moveTile loop time: 60.5 ms
2026-05-25 22:18:47,426 - picamera2.picamera2 - [picamera2.py:1391] - DEBUG - Execute job: <picamera2.job.Job object at 0x7f7ddc67d0>
2026-05-25 22:18:47,430 - mazeUtils.device.camera - [camera.py:37] - DEBUG - Average HSV: H=141.3, S=9.2, V=234.4
2026-05-25 22:18:47,484 - mazeUtils.moveTile - [moveTile.py:80] - DEBUG - roll: 5.0400000000000205 deg, practicalMoveTime: 0.16391001535409072 sec
2026-05-25 22:18:47,484 - mazeUtils.moveTile - [moveTile.py:1105] - DEBUG - moveTile loop time: 63.8 ms
2026-05-25 22:18:47,488 - picamera2.picamera2 - [picamera2.py:1391] - DEBUG - Execute job: <picamera2.job.Job object at 0x7f46e90b90>
2026-05-25 22:18:47,491 - mazeUtils.device.camera - [camera.py:37] - DEBUG - Average HSV: H=140.1, S=9.4, V=236.0
2026-05-25 22:18:47,541 - mazeUtils.moveTile - [moveTile.py:80] - DEBUG - roll: 0.5900000000000318 deg, practicalMoveTime: 0.21445989404767096 sec
2026-05-25 22:18:47,541 - mazeUtils.moveTile - [moveTile.py:1105] - DEBUG - moveTile loop time: 56.5 ms
2026-05-25 22:18:47,546 - picamera2.picamera2 - [picamera2.py:1391] - DEBUG - Execute job: <picamera2.job.Job object at 0x7f46e90f50>
2026-05-25 22:18:47,549 - mazeUtils.device.camera - [camera.py:37] - DEBUG - Average HSV: H=138.7, S=10.1, V=234.4
2026-05-25 22:18:47,598 - mazeUtils.moveTile - [moveTile.py:80] - DEBUG - roll: 0.8799999999999955 deg, practicalMoveTime: 0.26578659943444205 sec
2026-05-25 22:18:47,598 - mazeUtils.moveTile - [moveTile.py:1105] - DEBUG - moveTile loop time: 57.3 ms
2026-05-25 22:18:47,604 - picamera2.picamera2 - [picamera2.py:1391] - DEBUG - Execute job: <picamera2.job.Job object at 0x7f46e904d0>
2026-05-25 22:18:47,607 - mazeUtils.device.camera - [camera.py:37] - DEBUG - Average HSV: H=137.5, S=10.5, V=233.7
2026-05-25 22:18:47,656 - mazeUtils.moveTile - [moveTile.py:80] - DEBUG - roll: 1.0699999999999932 deg, practicalMoveTime: 0.3177505935207766 sec
2026-05-25 22:18:47,657 - mazeUtils.moveTile - [moveTile.py:1105] - DEBUG - moveTile loop time: 57.5 ms
2026-05-25 22:18:47,662 - picamera2.picamera2 - [picamera2.py:1391] - DEBUG - Execute job: <picamera2.job.Job object at 0x7f4706aa10>
2026-05-25 22:18:47,665 - mazeUtils.device.camera - [camera.py:37] - DEBUG - Average HSV: H=134.4, S=13.0, V=228.2
2026-05-25 22:18:47,714 - mazeUtils.moveTile - [moveTile.py:80] - DEBUG - roll: 0.9900000000000091 deg, practicalMoveTime: 0.3694170313313712 sec
2026-05-25 22:18:47,715 - mazeUtils.moveTile - [moveTile.py:1105] - DEBUG - moveTile loop time: 57.8 ms
2026-05-25 22:18:47,720 - picamera2.picamera2 - [picamera2.py:1391] - DEBUG - Execute job: <picamera2.job.Job object at 0x7f46e91090>
2026-05-25 22:18:47,724 - mazeUtils.device.camera - [camera.py:37] - DEBUG - Average HSV: H=137.3, S=22.9, V=184.2
2026-05-25 22:18:47,774 - mazeUtils.moveTile - [moveTile.py:80] - DEBUG - roll: 1.5699999999999932 deg, practicalMoveTime: 0.42279204343154736 sec
2026-05-25 22:18:47,775 - mazeUtils.moveTile - [moveTile.py:1105] - DEBUG - moveTile loop time: 59.1 ms
2026-05-25 22:18:47,780 - picamera2.picamera2 - [picamera2.py:1391] - DEBUG - Execute job: <picamera2.job.Job object at 0x7f46e90b90>
2026-05-25 22:18:47,784 - mazeUtils.device.camera - [camera.py:37] - DEBUG - Average HSV: H=127.4, S=45.4, V=184.0
2026-05-25 22:18:47,951 - mazeUtils.moveTile - [moveTile.py:511] - DEBUG - Direction: absDirection.NORTH, Angle: 90, Distance: 18.39562514867852 cm
2026-05-25 22:18:47,953 - mazeUtils.moveTile - [moveTile.py:511] - DEBUG - Direction: absDirection.EAST, Angle: 0, Distance: 11.47784376427452 cm
2026-05-25 22:18:47,954 - mazeUtils.moveTile - [moveTile.py:511] - DEBUG - Direction: absDirection.SOUTH, Angle: 270, Distance: 153.01024337186007 cm
2026-05-25 22:18:47,956 - mazeUtils.moveTile - [moveTile.py:511] - DEBUG - Direction: absDirection.WEST, Angle: 180, Distance: 216.76161792240376 cm
2026-05-25 22:18:47,956 - mazeUtils.moveTile - [moveTile.py:1274] - INFO - Tile color detection counts: {}, decided tile type: E
2026-05-25 22:18:48,069 - __main__ - [main.py:84] - INFO - Current position: (21, 20, 1), front direction: absDirection.EAST
Layer 0 (altitude=0.0cm, offset=(0.0cm, 0.0cm)):
Known map area: x=20..20, y=20..20
+   +
  S |
+---+
Layer 1 (altitude=15.0cm, offset=(0.0cm, -60.0cm)):
Known map area: x=20..21, y=20..20
+---+---+
  E   @ |
+   +   +
mazeAsGraph[0][20][20] = {absDirection.NORTH: (20, 20, 1), absDirection.EAST: None, absDirection.SOUTH: None, absDirection.WEST: (19, 20, 0)}
mazeAsGraph[1][20][20] = {absDirection.NORTH: None, absDirection.EAST: (21, 20, 1), absDirection.SOUTH: (20, 20, 0), absDirection.WEST: (19, 20, 1)}
mazeAsGraph[1][20][21] = {absDirection.NORTH: None, absDirection.EAST: None, absDirection.SOUTH: (21, 21, 1), absDirection.WEST: (20, 20, 1)}
2026-05-25 22:18:48,079 - mazeUtils.mazeMap - [mazeMap.py:61] - INFO - next goal: (21, 21, 1)
2026-05-25 22:18:48,079 - mazeUtils.mazeMap - [mazeMap.py:61] - INFO - next goal: (21, 21, 1)
2026-05-25 22:18:48,084 - mazeUtils.moveTile - [moveTile.py:80] - DEBUG - Moving to absDirection.SOUTH from (21, 20, 1) facing absDirection.EAST
2026-05-25 22:18:48,130 - mazeUtils.moveTile - [moveTile.py:80] - DEBUG - current heading: 269.34 target: 180
2026-05-25 22:18:48,352 - __main__ - [main.py:144] - INFO - Program interrupted by user.
2026-05-25 22:18:49,436 - mazeUtils.device.stm - [stm.py:214] - DEBUG - ACK resynchronized: type=STS_MOTOR dropped=24B seq=230
2026-05-25 22:18:49,474 - picamera2.picamera2 - [picamera2.py:1391] - DEBUG - Execute job: <picamera2.job.Job object at 0x7f8a6777d0>
2026-05-25 22:18:49,501 - picamera2.picamera2 - [picamera2.py:1323] - INFO - Camera stopped
2026-05-25 22:18:49,702 - picamera2.picamera2 - [picamera2.py:1329] - DEBUG - Camera was not started
2026-05-25 22:18:49,905 - picamera2.picamera2 - [picamera2.py:723] - INFO - Camera closed successfully.
2026-05-25 22:18:50,074 - picamera2.picamera2 - [picamera2.py:500] - DEBUG - Resources now free: <picamera2.picamera2.Picamera2 object at 0x7f76c403d0>
