2026-06-23 21:21:08,296 - root - [logging_config.py:61] - INFO - Logging initialized. Log file: /home/tuton/Kanto2026RPi/src/config/../logs/robot_20260623_212107.log
2026-06-23 21:21:10,518 - mazeUtils.device.LiDAR - [LiDAR.py:36] - INFO - Available ports: <ydlidar.Str2strMap; proxy of <Swig Object of type 'std::map< std::string,std::string > *' at 0x7fa6186730> >
2026-06-23 21:21:18,489 - mazeUtils.moveTile - [moveTile.py:535] - DEBUG - Direction: absDirection.NORTH, Angle: 0, Distance: 105.19328480011283 cm
2026-06-23 21:21:18,489 - mazeUtils.moveTile - [moveTile.py:557] - DEBUG - Front LiDAR distance: 105.19328480011283 cm, TSD10 distance: 65.8 cm
2026-06-23 21:21:18,490 - mazeUtils.moveTile - [moveTile.py:535] - DEBUG - Direction: absDirection.EAST, Angle: 270, Distance: 19.299592056270743 cm
2026-06-23 21:21:18,492 - mazeUtils.moveTile - [moveTile.py:535] - DEBUG - Direction: absDirection.SOUTH, Angle: 180, Distance: 21.049172701970882 cm
2026-06-23 21:21:18,493 - mazeUtils.moveTile - [moveTile.py:535] - DEBUG - Direction: absDirection.WEST, Angle: 90, Distance: 133.92002667919624 cm
2026-06-23 21:21:18,493 - __main__ - [main.py:68] - INFO - Initial Map:
2026-06-23 21:21:18,508 - __main__ - [main.py:69] - INFO - Current position: (20, 20, 0), front direction: absDirection.NORTH
Layer 0 (altitude=0.0cm, offset=(0.0cm, 0.0cm)):
Known map area: x=20..20, y=20..20
+   +
  @ |
+---+
mazeAsGraph[0][20][20] = {absDirection.NORTH: (20, 19, 0, 30), absDirection.EAST: None, absDirection.SOUTH: None, absDirection.WEST: (19, 20, 0, 30)}
2026-06-23 21:21:18,509 - mazeUtils.mazeMap - [mazeMap.py:61] - INFO - next goal: (20, 19, 0)
2026-06-23 21:21:18,511 - __main__ - [main.py:72] - INFO - Next Direction: [<absDirection.NORTH: 0>]
2026-06-23 21:21:18,512 - __main__ - [main.py:73] - INFO - Exploration started.
2026-06-23 21:21:18,525 - mazeUtils.moveTile - [moveTile.py:79] - DEBUG - Moving to absDirection.NORTH from (20, 20, 0) facing absDirection.NORTH
2026-06-23 21:21:18,553 - mazeUtils.moveTile - [moveTile.py:79] - DEBUG - current heading: 359.78 target: 0
2026-06-23 21:21:18,576 - mazeUtils.moveTile - [moveTile.py:410] - DEBUG - stopped turning at heading: 359.78, diff: 0.22000000000002728
2026-06-23 21:21:18,623 - mazeUtils.moveTile - [moveTile.py:79] - DEBUG - Turned to heading: 359.79 deg
2026-06-23 21:21:19,166 - mazeUtils.moveTile - [moveTile.py:79] - DEBUG - Little backward to adjust position
2026-06-23 21:21:19,528 - picamera2.picamera2 - [picamera2.py:1391] - DEBUG - Execute job: <picamera2.job.Job object at 0x7f6dc642d0>
2026-06-23 21:21:19,535 - mazeUtils.device.camera - [camera.py:39] - DEBUG - Average HSV: H=132.4, S=22.4, V=225.6
2026-06-23 21:21:19,596 - mazeUtils.moveTile - [moveTile.py:900] - INFO - Detected victim info during movement needing rescue kit drop: {<Side.LEFT: 0>: <UnitVStatus.NOTHING: 0>, <Side.RIGHT: 1>: <UnitVStatus.Y_VICTIM: 5>}
2026-06-23 21:21:29,712 - mazeUtils.moveTile - [moveTile.py:79] - DEBUG - Turning to 1.079999999999984 deg, current heading: 1.079999999999984 deg, turnAngle: 0.0 deg
2026-06-23 21:21:29,732 - mazeUtils.moveTile - [moveTile.py:79] - DEBUG - Turned to heading: 1.079999999999984 deg
2026-06-23 21:21:30,548 - mazeUtils.moveTile - [moveTile.py:79] - DEBUG - Turning to 1.0699999999999932 deg, current heading: 1.0600000000000023 deg, turnAngle: -0.009999999999990905 deg
2026-06-23 21:21:30,572 - mazeUtils.moveTile - [moveTile.py:79] - DEBUG - Turned to heading: 1.0600000000000023 deg
2026-06-23 21:21:30,573 - mazeUtils.moveTile - [moveTile.py:79] - DEBUG - roll: 358.78000000000003 deg, practicalMoveTime: 0.0 sec
2026-06-23 21:21:30,573 - mazeUtils.moveTile - [moveTile.py:1702] - DEBUG - moveTile loop time: 11049.1 ms
2026-06-23 21:21:30,582 - picamera2.picamera2 - [picamera2.py:1391] - DEBUG - Execute job: <picamera2.job.Job object at 0x7f9cceb7d0>
2026-06-23 21:21:30,588 - mazeUtils.device.camera - [camera.py:39] - DEBUG - Average HSV: H=129.0, S=24.5, V=229.5
2026-06-23 21:21:30,625 - mazeUtils.moveTile - [moveTile.py:79] - DEBUG - roll: 358.78000000000003 deg, practicalMoveTime: 0.0514776811759202 sec
2026-06-23 21:21:30,625 - mazeUtils.moveTile - [moveTile.py:1702] - DEBUG - moveTile loop time: 52.0 ms
2026-06-23 21:21:30,632 - picamera2.picamera2 - [picamera2.py:1391] - DEBUG - Execute job: <picamera2.job.Job object at 0x7f6dccc210>
2026-06-23 21:21:30,636 - mazeUtils.device.camera - [camera.py:39] - DEBUG - Average HSV: H=129.2, S=24.5, V=229.4
2026-06-23 21:21:30,670 - mazeUtils.moveTile - [moveTile.py:79] - DEBUG - roll: 358.98 deg, practicalMoveTime: 0.0962694964579734 sec
2026-06-23 21:21:30,671 - mazeUtils.moveTile - [moveTile.py:1702] - DEBUG - moveTile loop time: 44.9 ms
2026-06-23 21:21:30,683 - picamera2.picamera2 - [picamera2.py:1391] - DEBUG - Execute job: <picamera2.job.Job object at 0x7f9cceb7d0>
2026-06-23 21:21:30,687 - mazeUtils.device.camera - [camera.py:39] - DEBUG - Average HSV: H=131.2, S=23.3, V=227.2
2026-06-23 21:21:30,724 - mazeUtils.moveTile - [moveTile.py:79] - DEBUG - roll: 359.76000000000005 deg, practicalMoveTime: 0.14967804613401126 sec
2026-06-23 21:21:30,725 - mazeUtils.moveTile - [moveTile.py:1702] - DEBUG - moveTile loop time: 53.7 ms
2026-06-23 21:21:30,730 - picamera2.picamera2 - [picamera2.py:1391] - DEBUG - Execute job: <picamera2.job.Job object at 0x7f6dccc150>
2026-06-23 21:21:30,733 - mazeUtils.device.camera - [camera.py:39] - DEBUG - Average HSV: H=131.9, S=23.6, V=225.4
2026-06-23 21:21:30,767 - mazeUtils.moveTile - [moveTile.py:79] - DEBUG - roll: 359.15000000000003 deg, practicalMoveTime: 0.19177391978349795 sec
2026-06-23 21:21:30,767 - mazeUtils.moveTile - [moveTile.py:1702] - DEBUG - moveTile loop time: 42.4 ms
2026-06-23 21:21:30,771 - picamera2.picamera2 - [picamera2.py:1391] - DEBUG - Execute job: <picamera2.job.Job object at 0x7f6dccc050>
2026-06-23 21:21:30,774 - mazeUtils.device.camera - [camera.py:39] - DEBUG - Average HSV: H=130.7, S=25.2, V=225.4
2026-06-23 21:21:30,810 - mazeUtils.moveTile - [moveTile.py:79] - DEBUG - roll: 358.43 deg, practicalMoveTime: 0.2349035919187587 sec
2026-06-23 21:21:30,811 - mazeUtils.moveTile - [moveTile.py:1702] - DEBUG - moveTile loop time: 43.4 ms
2026-06-23 21:21:30,816 - picamera2.picamera2 - [picamera2.py:1391] - DEBUG - Execute job: <picamera2.job.Job object at 0x7f9c407bd0>
2026-06-23 21:21:30,821 - mazeUtils.device.camera - [camera.py:39] - DEBUG - Average HSV: H=131.5, S=27.1, V=221.1
2026-06-23 21:21:30,856 - mazeUtils.moveTile - [moveTile.py:79] - DEBUG - roll: 359.39000000000004 deg, practicalMoveTime: 0.2801758898049198 sec
2026-06-23 21:21:30,856 - mazeUtils.moveTile - [moveTile.py:1702] - DEBUG - moveTile loop time: 45.5 ms
2026-06-23 21:21:30,861 - picamera2.picamera2 - [picamera2.py:1391] - DEBUG - Execute job: <picamera2.job.Job object at 0x7f6dc642d0>
2026-06-23 21:21:30,865 - mazeUtils.device.camera - [camera.py:39] - DEBUG - Average HSV: H=127.5, S=29.7, V=226.0
2026-06-23 21:21:30,904 - mazeUtils.moveTile - [moveTile.py:79] - DEBUG - roll: 358.13 deg, practicalMoveTime: 0.32712198708839696 sec
2026-06-23 21:21:30,904 - mazeUtils.moveTile - [moveTile.py:1702] - DEBUG - moveTile loop time: 47.3 ms
2026-06-23 21:21:30,911 - picamera2.picamera2 - [picamera2.py:1391] - DEBUG - Execute job: <picamera2.job.Job object at 0x7f9c407bd0>
2026-06-23 21:21:30,914 - mazeUtils.device.camera - [camera.py:39] - DEBUG - Average HSV: H=129.2, S=29.0, V=221.8
2026-06-23 21:21:30,946 - mazeUtils.moveTile - [moveTile.py:79] - DEBUG - roll: 0.5600000000000023 deg, practicalMoveTime: 0.36860341461829876 sec
2026-06-23 21:21:30,946 - mazeUtils.moveTile - [moveTile.py:1702] - DEBUG - moveTile loop time: 41.8 ms
2026-06-23 21:21:30,951 - picamera2.picamera2 - [picamera2.py:1391] - DEBUG - Execute job: <picamera2.job.Job object at 0x7f9cceb7d0>
2026-06-23 21:21:30,954 - mazeUtils.device.camera - [camera.py:39] - DEBUG - Average HSV: H=132.7, S=35.2, V=183.2
2026-06-23 21:21:30,991 - mazeUtils.moveTile - [moveTile.py:79] - DEBUG - roll: 0.6400000000000432 deg, practicalMoveTime: 0.41403120305141417 sec
2026-06-23 21:21:30,992 - mazeUtils.moveTile - [moveTile.py:1702] - DEBUG - moveTile loop time: 45.7 ms
2026-06-23 21:21:30,999 - picamera2.picamera2 - [picamera2.py:1391] - DEBUG - Execute job: <picamera2.job.Job object at 0x7f6dc642d0>
2026-06-23 21:21:31,002 - mazeUtils.device.camera - [camera.py:39] - DEBUG - Average HSV: H=148.0, S=42.5, V=86.7
2026-06-23 21:21:31,034 - mazeUtils.moveTile - [moveTile.py:79] - DEBUG - roll: 0.5800000000000409 deg, practicalMoveTime: 0.4564768034242887 sec
2026-06-23 21:21:31,035 - mazeUtils.moveTile - [moveTile.py:1702] - DEBUG - moveTile loop time: 42.7 ms
2026-06-23 21:21:31,040 - picamera2.picamera2 - [picamera2.py:1391] - DEBUG - Execute job: <picamera2.job.Job object at 0x7f9c407bd0>
2026-06-23 21:21:31,043 - mazeUtils.device.camera - [camera.py:39] - DEBUG - Average HSV: H=153.7, S=41.6, V=71.2
2026-06-23 21:21:31,083 - mazeUtils.moveTile - [moveTile.py:79] - DEBUG - roll: 1.240000000000009 deg, practicalMoveTime: 0.5047020217207712 sec
2026-06-23 21:21:31,084 - mazeUtils.moveTile - [moveTile.py:1702] - DEBUG - moveTile loop time: 48.5 ms
2026-06-23 21:21:31,089 - picamera2.picamera2 - [picamera2.py:1391] - DEBUG - Execute job: <picamera2.job.Job object at 0x7f8e077050>
2026-06-23 21:21:31,092 - mazeUtils.device.camera - [camera.py:39] - DEBUG - Average HSV: H=142.2, S=45.4, V=78.7
2026-06-23 21:21:31,126 - mazeUtils.moveTile - [moveTile.py:79] - DEBUG - roll: 0.5900000000000318 deg, practicalMoveTime: 0.5468666317128581 sec
2026-06-23 21:21:31,127 - mazeUtils.moveTile - [moveTile.py:1702] - DEBUG - moveTile loop time: 42.7 ms
2026-06-23 21:21:31,131 - picamera2.picamera2 - [picamera2.py:1391] - DEBUG - Execute job: <picamera2.job.Job object at 0x7f6dc642d0>
2026-06-23 21:21:31,134 - mazeUtils.device.camera - [camera.py:39] - DEBUG - Average HSV: H=146.0, S=42.0, V=76.7
2026-06-23 21:21:31,174 - mazeUtils.moveTile - [moveTile.py:79] - DEBUG - roll: 0.410000000000025 deg, practicalMoveTime: 0.5944641294281452 sec
2026-06-23 21:21:31,175 - mazeUtils.moveTile - [moveTile.py:1702] - DEBUG - moveTile loop time: 48.0 ms
2026-06-23 21:21:31,181 - picamera2.picamera2 - [picamera2.py:1391] - DEBUG - Execute job: <picamera2.job.Job object at 0x7f9c407bd0>
2026-06-23 21:21:31,184 - mazeUtils.device.camera - [camera.py:39] - DEBUG - Average HSV: H=144.2, S=43.4, V=77.2
2026-06-23 21:21:31,217 - mazeUtils.moveTile - [moveTile.py:79] - DEBUG - roll: 3.0100000000000477 deg, practicalMoveTime: 0.6361537205353082 sec
2026-06-23 21:21:31,217 - mazeUtils.moveTile - [moveTile.py:1702] - DEBUG - moveTile loop time: 41.9 ms
2026-06-23 21:21:31,222 - picamera2.picamera2 - [picamera2.py:1391] - DEBUG - Execute job: <picamera2.job.Job object at 0x7f8e077050>
2026-06-23 21:21:31,225 - mazeUtils.device.camera - [camera.py:39] - DEBUG - Average HSV: H=146.0, S=43.3, V=75.7
2026-06-23 21:21:31,263 - mazeUtils.moveTile - [moveTile.py:79] - DEBUG - roll: 358.65000000000003 deg, practicalMoveTime: 0.6817843677011147 sec
2026-06-23 21:21:31,263 - mazeUtils.moveTile - [moveTile.py:1702] - DEBUG - moveTile loop time: 45.9 ms
2026-06-23 21:21:31,276 - picamera2.picamera2 - [picamera2.py:1391] - DEBUG - Execute job: <picamera2.job.Job object at 0x7f9c407bd0>
2026-06-23 21:21:31,279 - mazeUtils.device.camera - [camera.py:39] - DEBUG - Average HSV: H=143.4, S=45.2, V=76.5
2026-06-23 21:21:31,316 - mazeUtils.moveTile - [moveTile.py:79] - DEBUG - roll: 0.5200000000000387 deg, practicalMoveTime: 0.7341424884743397 sec
2026-06-23 21:21:31,316 - mazeUtils.moveTile - [moveTile.py:1702] - DEBUG - moveTile loop time: 52.8 ms
2026-06-23 21:21:31,321 - picamera2.picamera2 - [picamera2.py:1391] - DEBUG - Execute job: <picamera2.job.Job object at 0x7f6dc642d0>
2026-06-23 21:21:31,324 - mazeUtils.device.camera - [camera.py:39] - DEBUG - Average HSV: H=143.2, S=46.7, V=83.4
2026-06-23 21:21:31,356 - mazeUtils.moveTile - [moveTile.py:79] - DEBUG - roll: 0.03000000000002956 deg, practicalMoveTime: 0.7741776795647581 sec
2026-06-23 21:21:31,357 - mazeUtils.moveTile - [moveTile.py:1702] - DEBUG - moveTile loop time: 40.2 ms
2026-06-23 21:21:31,363 - picamera2.picamera2 - [picamera2.py:1391] - DEBUG - Execute job: <picamera2.job.Job object at 0x7f9cceb7d0>
2026-06-23 21:21:31,366 - mazeUtils.device.camera - [camera.py:39] - DEBUG - Average HSV: H=146.4, S=44.4, V=77.8
2026-06-23 21:21:31,396 - mazeUtils.moveTile - [moveTile.py:79] - DEBUG - roll: 359.02000000000004 deg, practicalMoveTime: 0.8136398244750591 sec
2026-06-23 21:21:31,397 - mazeUtils.moveTile - [moveTile.py:1702] - DEBUG - moveTile loop time: 39.8 ms
2026-06-23 21:21:31,402 - picamera2.picamera2 - [picamera2.py:1391] - DEBUG - Execute job: <picamera2.job.Job object at 0x7f9c407bd0>
2026-06-23 21:21:31,405 - mazeUtils.device.camera - [camera.py:39] - DEBUG - Average HSV: H=142.6, S=47.6, V=80.6
2026-06-23 21:21:31,447 - mazeUtils.moveTile - [moveTile.py:1592] - INFO - practicalVerticalMove: -0.11278944605830274 CM
2026-06-23 21:21:31,490 - mazeUtils.moveTile - [moveTile.py:1923] - INFO - Set moved vertical distance: -0.11278944605830274 cm, past distances: [(0, False), (0, False), (0, False)]
2026-06-23 21:21:32,004 - mazeUtils.moveTile - [moveTile.py:535] - DEBUG - Direction: absDirection.NORTH, Angle: 0, Distance: 46.83951677156133 cm
2026-06-23 21:21:32,004 - mazeUtils.moveTile - [moveTile.py:557] - DEBUG - Front LiDAR distance: 46.83951677156133 cm, TSD10 distance: 36.7 cm
2026-06-23 21:21:32,006 - mazeUtils.moveTile - [moveTile.py:535] - DEBUG - Direction: absDirection.EAST, Angle: 270, Distance: 21.728365341642462 cm
2026-06-23 21:21:32,009 - mazeUtils.moveTile - [moveTile.py:535] - DEBUG - Direction: absDirection.SOUTH, Angle: 180, Distance: 78.03112714344154 cm
2026-06-23 21:21:32,011 - mazeUtils.moveTile - [moveTile.py:535] - DEBUG - Direction: absDirection.WEST, Angle: 90, Distance: 134.72594920337053 cm
2026-06-23 21:21:32,014 - mazeUtils.mazeMap - [mazeMap.py:431] - DEBUG - Silver tile detected, saving cache
2026-06-23 21:21:33,342 - mazeUtils.moveTile - [moveTile.py:2074] - INFO - Tile color detection, decided tile type: V
2026-06-23 21:21:33,353 - mazeUtils.moveTile - [moveTile.py:2084] - INFO - Moved to (20, 19, 0), Tile type: V, Wall types: {<absDirection.NORTH: 0>: <wallType.NO_WALL: 1>, <absDirection.EAST: 270>: <wallType.WALL: 2>, <absDirection.SOUTH: 180>: <wallType.NO_WALL: 1>, <absDirection.WEST: 90>: <wallType.NO_WALL: 1>}
2026-06-23 21:21:33,413 - __main__ - [main.py:101] - INFO - Current position: (20, 19, 0), front direction: absDirection.NORTH
Layer 0 (altitude=0.0cm, offset=(0.0cm, 0.0cm)):
Known map area: x=20..20, y=19..20
+   +
  @ |
+   +
  S |
+---+
mazeAsGraph[0][19][20] = {absDirection.NORTH: (20, 18, 0, 30), absDirection.EAST: None, absDirection.SOUTH: (20, 20, 0, 30), absDirection.WEST: (19, 19, 0, 30)}
mazeAsGraph[0][20][20] = {absDirection.NORTH: (20, 19, 0, 30), absDirection.EAST: None, absDirection.SOUTH: None, absDirection.WEST: (19, 20, 0, 30)}
2026-06-23 21:21:33,422 - mazeUtils.mazeMap - [mazeMap.py:61] - INFO - next goal: (20, 18, 0)
2026-06-23 21:21:33,438 - mazeUtils.moveTile - [moveTile.py:79] - DEBUG - Moving to absDirection.NORTH from (20, 19, 0) facing absDirection.NORTH
2026-06-23 21:21:33,465 - mazeUtils.moveTile - [moveTile.py:79] - DEBUG - current heading: 359.68 target: 0
2026-06-23 21:21:33,490 - mazeUtils.moveTile - [moveTile.py:410] - DEBUG - stopped turning at heading: 359.68, diff: 0.3199999999999932
2026-06-23 21:21:33,538 - mazeUtils.moveTile - [moveTile.py:79] - DEBUG - Turned to heading: 359.69 deg
2026-06-23 21:21:34,176 - picamera2.picamera2 - [picamera2.py:1391] - DEBUG - Execute job: <picamera2.job.Job object at 0x7f6f339710>
2026-06-23 21:21:34,180 - mazeUtils.device.camera - [camera.py:39] - DEBUG - Average HSV: H=120.6, S=47.1, V=211.1
2026-06-23 21:21:34,215 - mazeUtils.moveTile - [moveTile.py:79] - DEBUG - roll: 358.99 deg, practicalMoveTime: 0.04670571172769878 sec
2026-06-23 21:21:34,216 - mazeUtils.moveTile - [moveTile.py:1702] - DEBUG - moveTile loop time: 46.8 ms
2026-06-23 21:21:34,221 - picamera2.picamera2 - [picamera2.py:1391] - DEBUG - Execute job: <picamera2.job.Job object at 0x7f6dccd750>
2026-06-23 21:21:34,225 - mazeUtils.device.camera - [camera.py:39] - DEBUG - Average HSV: H=121.3, S=45.9, V=210.3
2026-06-23 21:21:34,267 - mazeUtils.moveTile - [moveTile.py:79] - DEBUG - roll: 359.82 deg, practicalMoveTime: 0.09766439176088434 sec
2026-06-23 21:21:34,267 - mazeUtils.moveTile - [moveTile.py:1702] - DEBUG - moveTile loop time: 51.2 ms
2026-06-23 21:21:34,271 - picamera2.picamera2 - [picamera2.py:1391] - DEBUG - Execute job: <picamera2.job.Job object at 0x7f6dccd6d0>
2026-06-23 21:21:34,275 - mazeUtils.device.camera - [camera.py:39] - DEBUG - Average HSV: H=122.8, S=45.8, V=206.7
2026-06-23 21:21:34,314 - mazeUtils.moveTile - [moveTile.py:79] - DEBUG - roll: 0.010000000000047748 deg, practicalMoveTime: 0.14410545301537825 sec
2026-06-23 21:21:34,314 - mazeUtils.moveTile - [moveTile.py:1702] - DEBUG - moveTile loop time: 46.7 ms
2026-06-23 21:21:34,321 - picamera2.picamera2 - [picamera2.py:1391] - DEBUG - Execute job: <picamera2.job.Job object at 0x7f9c407bd0>
2026-06-23 21:21:34,325 - mazeUtils.device.camera - [camera.py:39] - DEBUG - Average HSV: H=123.0, S=48.7, V=203.6
2026-06-23 21:21:34,362 - mazeUtils.moveTile - [moveTile.py:79] - DEBUG - roll: 358.84000000000003 deg, practicalMoveTime: 0.19165502617937735 sec
2026-06-23 21:21:34,362 - mazeUtils.moveTile - [moveTile.py:1702] - DEBUG - moveTile loop time: 47.8 ms
2026-06-23 21:21:34,367 - picamera2.picamera2 - [picamera2.py:1391] - DEBUG - Execute job: <picamera2.job.Job object at 0x7f8e08d550>
2026-06-23 21:21:34,371 - mazeUtils.device.camera - [camera.py:39] - DEBUG - Average HSV: H=120.4, S=53.2, V=205.4
2026-06-23 21:21:34,397 - mazeUtils.moveTile - [moveTile.py:215] - WARNING - Escape from obstacle on Side.LEFT side
2026-06-23 21:21:35,078 - mazeUtils.moveTile - [moveTile.py:1576] - DEBUG - Obstacle escape adjustment: 0.0715706216114771
2026-06-23 21:21:35,188 - mazeUtils.moveTile - [moveTile.py:79] - DEBUG - roll: 358.82 deg, practicalMoveTime: 0.1069044223820348 sec
2026-06-23 21:21:35,188 - mazeUtils.moveTile - [moveTile.py:1702] - DEBUG - moveTile loop time: 825.7 ms
2026-06-23 21:21:35,200 - picamera2.picamera2 - [picamera2.py:1391] - DEBUG - Execute job: <picamera2.job.Job object at 0x7f6f339590>
2026-06-23 21:21:35,203 - mazeUtils.device.camera - [camera.py:39] - DEBUG - Average HSV: H=119.0, S=66.4, V=196.6
2026-06-23 21:21:35,237 - mazeUtils.moveTile - [moveTile.py:79] - DEBUG - roll: 359.6 deg, practicalMoveTime: 0.15616892225311013 sec
2026-06-23 21:21:35,238 - mazeUtils.moveTile - [moveTile.py:1702] - DEBUG - moveTile loop time: 49.6 ms
2026-06-23 21:21:35,249 - picamera2.picamera2 - [picamera2.py:1391] - DEBUG - Execute job: <picamera2.job.Job object at 0x7f6dccd6d0>
2026-06-23 21:21:35,252 - mazeUtils.device.camera - [camera.py:39] - DEBUG - Average HSV: H=117.2, S=75.4, V=198.7
2026-06-23 21:21:35,291 - mazeUtils.moveTile - [moveTile.py:79] - DEBUG - roll: 359.88 deg, practicalMoveTime: 0.20943194539885343 sec
2026-06-23 21:21:35,292 - mazeUtils.moveTile - [moveTile.py:1702] - DEBUG - moveTile loop time: 53.5 ms
2026-06-23 21:21:35,296 - picamera2.picamera2 - [picamera2.py:1391] - DEBUG - Execute job: <picamera2.job.Job object at 0x7f9c407bd0>
2026-06-23 21:21:35,299 - mazeUtils.device.camera - [camera.py:39] - DEBUG - Average HSV: H=116.9, S=77.7, V=198.4
2026-06-23 21:21:35,333 - mazeUtils.moveTile - [moveTile.py:79] - DEBUG - roll: 358.33000000000004 deg, practicalMoveTime: 0.25049324884612717 sec
2026-06-23 21:21:35,333 - mazeUtils.moveTile - [moveTile.py:1702] - DEBUG - moveTile loop time: 41.2 ms
2026-06-23 21:21:35,339 - picamera2.picamera2 - [picamera2.py:1391] - DEBUG - Execute job: <picamera2.job.Job object at 0x7f8d016610>
2026-06-23 21:21:35,342 - mazeUtils.device.camera - [camera.py:39] - DEBUG - Average HSV: H=115.2, S=89.2, V=200.9
2026-06-23 21:21:35,374 - mazeUtils.moveTile - [moveTile.py:79] - DEBUG - roll: 357.96000000000004 deg, practicalMoveTime: 0.2907754043134184 sec
2026-06-23 21:21:35,374 - mazeUtils.moveTile - [moveTile.py:1702] - DEBUG - moveTile loop time: 40.6 ms
2026-06-23 21:21:35,386 - picamera2.picamera2 - [picamera2.py:1391] - DEBUG - Execute job: <picamera2.job.Job object at 0x7f8e149090>
2026-06-23 21:21:35,390 - mazeUtils.device.camera - [camera.py:39] - DEBUG - Average HSV: H=115.9, S=84.2, V=202.4
2026-06-23 21:21:35,428 - mazeUtils.moveTile - [moveTile.py:79] - DEBUG - roll: 359.17 deg, practicalMoveTime: 0.3443199691087611 sec
2026-06-23 21:21:35,428 - mazeUtils.moveTile - [moveTile.py:1702] - DEBUG - moveTile loop time: 53.8 ms
2026-06-23 21:21:35,433 - picamera2.picamera2 - [picamera2.py:1391] - DEBUG - Execute job: <picamera2.job.Job object at 0x7f6dccd710>
2026-06-23 21:21:35,436 - mazeUtils.device.camera - [camera.py:39] - DEBUG - Average HSV: H=115.7, S=84.5, V=203.4
2026-06-23 21:21:35,475 - mazeUtils.moveTile - [moveTile.py:79] - DEBUG - roll: 359.71000000000004 deg, practicalMoveTime: 0.3909656669772743 sec
2026-06-23 21:21:35,475 - mazeUtils.moveTile - [moveTile.py:1702] - DEBUG - moveTile loop time: 46.9 ms
2026-06-23 21:21:35,480 - picamera2.picamera2 - [picamera2.py:1391] - DEBUG - Execute job: <picamera2.job.Job object at 0x7f8e14ab90>
2026-06-23 21:21:35,484 - mazeUtils.device.camera - [camera.py:39] - DEBUG - Average HSV: H=114.5, S=93.0, V=205.5
2026-06-23 21:21:35,514 - mazeUtils.moveTile - [moveTile.py:79] - DEBUG - roll: 359.33000000000004 deg, practicalMoveTime: 0.4294127295020351 sec
2026-06-23 21:21:35,514 - mazeUtils.moveTile - [moveTile.py:1702] - DEBUG - moveTile loop time: 38.9 ms
2026-06-23 21:21:35,520 - picamera2.picamera2 - [picamera2.py:1391] - DEBUG - Execute job: <picamera2.job.Job object at 0x7f6730b350>
2026-06-23 21:21:35,523 - mazeUtils.device.camera - [camera.py:39] - DEBUG - Average HSV: H=114.9, S=91.4, V=205.0
2026-06-23 21:21:35,565 - mazeUtils.moveTile - [moveTile.py:79] - DEBUG - roll: 358.94 deg, practicalMoveTime: 0.47969438626678645 sec
2026-06-23 21:21:35,565 - mazeUtils.moveTile - [moveTile.py:1702] - DEBUG - moveTile loop time: 50.4 ms
2026-06-23 21:21:35,570 - picamera2.picamera2 - [picamera2.py:1391] - DEBUG - Execute job: <picamera2.job.Job object at 0x7f8e08d550>
2026-06-23 21:21:35,573 - mazeUtils.device.camera - [camera.py:39] - DEBUG - Average HSV: H=114.5, S=90.9, V=208.1
2026-06-23 21:21:35,611 - mazeUtils.moveTile - [moveTile.py:79] - DEBUG - roll: 359.64000000000004 deg, practicalMoveTime: 0.525958119121342 sec
2026-06-23 21:21:35,612 - mazeUtils.moveTile - [moveTile.py:1702] - DEBUG - moveTile loop time: 46.5 ms
2026-06-23 21:21:35,619 - picamera2.picamera2 - [picamera2.py:1391] - DEBUG - Execute job: <picamera2.job.Job object at 0x7f6f339710>
2026-06-23 21:21:35,622 - mazeUtils.device.camera - [camera.py:39] - DEBUG - Average HSV: H=113.7, S=100.0, V=206.9
2026-06-23 21:21:35,663 - mazeUtils.moveTile - [moveTile.py:79] - DEBUG - roll: 0.3300000000000409 deg, practicalMoveTime: 0.5769227060225549 sec
2026-06-23 21:21:35,663 - mazeUtils.moveTile - [moveTile.py:1702] - DEBUG - moveTile loop time: 51.1 ms
2026-06-23 21:21:35,668 - picamera2.picamera2 - [picamera2.py:1391] - DEBUG - Execute job: <picamera2.job.Job object at 0x7f9c427c50>
2026-06-23 21:21:35,671 - mazeUtils.device.camera - [camera.py:39] - DEBUG - Average HSV: H=112.7, S=102.3, V=213.2
2026-06-23 21:21:35,704 - mazeUtils.moveTile - [moveTile.py:79] - DEBUG - roll: 0.060000000000002274 deg, practicalMoveTime: 0.6173066459421048 sec
2026-06-23 21:21:35,704 - mazeUtils.moveTile - [moveTile.py:1702] - DEBUG - moveTile loop time: 40.8 ms
2026-06-23 21:21:35,711 - picamera2.picamera2 - [picamera2.py:1391] - DEBUG - Execute job: <picamera2.job.Job object at 0x7f9efc7490>
2026-06-23 21:21:35,714 - mazeUtils.device.camera - [camera.py:39] - DEBUG - Average HSV: H=111.9, S=110.2, V=215.1
2026-06-23 21:21:35,750 - mazeUtils.moveTile - [moveTile.py:79] - DEBUG - roll: 1.3500000000000227 deg, practicalMoveTime: 0.6629638726050441 sec
2026-06-23 21:21:35,750 - mazeUtils.moveTile - [moveTile.py:1702] - DEBUG - moveTile loop time: 45.9 ms
2026-06-23 21:21:35,755 - picamera2.picamera2 - [picamera2.py:1391] - DEBUG - Execute job: <picamera2.job.Job object at 0x7f9c407bd0>
2026-06-23 21:21:35,758 - mazeUtils.device.camera - [camera.py:39] - DEBUG - Average HSV: H=112.8, S=103.3, V=214.9
2026-06-23 21:21:35,791 - mazeUtils.moveTile - [moveTile.py:79] - DEBUG - roll: 0.26000000000004775 deg, practicalMoveTime: 0.7034363504825005 sec
2026-06-23 21:21:35,791 - mazeUtils.moveTile - [moveTile.py:1702] - DEBUG - moveTile loop time: 40.8 ms
2026-06-23 21:21:35,802 - picamera2.picamera2 - [picamera2.py:1391] - DEBUG - Execute job: <picamera2.job.Job object at 0x7f6dccd750>
2026-06-23 21:21:35,805 - mazeUtils.device.camera - [camera.py:39] - DEBUG - Average HSV: H=112.1, S=110.1, V=216.5
2026-06-23 21:21:35,844 - mazeUtils.moveTile - [moveTile.py:79] - DEBUG - roll: 359.44 deg, practicalMoveTime: 0.7558036946704494 sec
2026-06-23 21:21:35,844 - mazeUtils.moveTile - [moveTile.py:1702] - DEBUG - moveTile loop time: 52.7 ms
2026-06-23 21:21:35,849 - picamera2.picamera2 - [picamera2.py:1391] - DEBUG - Execute job: <picamera2.job.Job object at 0x7f6dccd710>
2026-06-23 21:21:35,853 - mazeUtils.device.camera - [camera.py:39] - DEBUG - Average HSV: H=110.5, S=121.8, V=222.1
2026-06-23 21:21:35,885 - mazeUtils.moveTile - [moveTile.py:79] - DEBUG - roll: 0.37000000000000455 deg, practicalMoveTime: 0.7963148234889913 sec
2026-06-23 21:21:35,885 - mazeUtils.moveTile - [moveTile.py:1702] - DEBUG - moveTile loop time: 40.7 ms
2026-06-23 21:21:35,897 - picamera2.picamera2 - [picamera2.py:1391] - DEBUG - Execute job: <picamera2.job.Job object at 0x7f8d016610>
2026-06-23 21:21:35,900 - mazeUtils.device.camera - [camera.py:39] - DEBUG - Average HSV: H=111.4, S=144.2, V=203.0
2026-06-23 21:21:35,931 - mazeUtils.moveTile - [moveTile.py:79] - DEBUG - roll: 0.5100000000000477 deg, practicalMoveTime: 0.8418654296702852 sec
2026-06-23 21:21:35,931 - mazeUtils.moveTile - [moveTile.py:1702] - DEBUG - moveTile loop time: 45.8 ms
2026-06-23 21:21:35,940 - picamera2.picamera2 - [picamera2.py:1391] - DEBUG - Execute job: <picamera2.job.Job object at 0x7f8e14ab90>
2026-06-23 21:21:35,944 - mazeUtils.device.camera - [camera.py:39] - DEBUG - Average HSV: H=110.6, S=150.4, V=203.6
2026-06-23 21:21:35,982 - mazeUtils.moveTile - [moveTile.py:1592] - INFO - practicalVerticalMove: -0.23058139406523062 CM
2026-06-23 21:21:36,024 - mazeUtils.moveTile - [moveTile.py:79] - DEBUG - Little forward to adjust position
2026-06-23 21:21:36,162 - mazeUtils.moveTile - [moveTile.py:1923] - INFO - Set moved vertical distance: -0.23058139406523062 cm, past distances: [(-0.11278944605830274, False), (0, False), (0, False)]
2026-06-23 21:21:36,689 - mazeUtils.moveTile - [moveTile.py:535] - DEBUG - Direction: absDirection.NORTH, Angle: 0, Distance: 12.684520912692218 cm
2026-06-23 21:21:36,689 - mazeUtils.moveTile - [moveTile.py:557] - DEBUG - Front LiDAR distance: 12.684520912692218 cm, TSD10 distance: 2.2 cm
2026-06-23 21:21:36,690 - mazeUtils.moveTile - [moveTile.py:535] - DEBUG - Direction: absDirection.EAST, Angle: 270, Distance: 17.076680587811243 cm
2026-06-23 21:21:36,691 - mazeUtils.moveTile - [moveTile.py:535] - DEBUG - Direction: absDirection.SOUTH, Angle: 180, Distance: 111.43519640790386 cm
2026-06-23 21:21:36,692 - mazeUtils.moveTile - [moveTile.py:535] - DEBUG - Direction: absDirection.WEST, Angle: 90, Distance: 17.115512161835607 cm
2026-06-23 21:21:36,696 - mazeUtils.moveTile - [moveTile.py:2074] - INFO - Tile color detection, decided tile type: E
2026-06-23 21:21:36,758 - __main__ - [main.py:101] - INFO - Current position: (20, 18, 0), front direction: absDirection.NORTH
Layer 0 (altitude=0.0cm, offset=(0.0cm, 0.0cm)):
Known map area: x=20..20, y=18..20
+---+
| @ |
+   +
  V |
+   +
  S |
+---+
mazeAsGraph[0][18][20] = {absDirection.NORTH: None, absDirection.EAST: None, absDirection.SOUTH: (20, 19, 0, 30), absDirection.WEST: None}
mazeAsGraph[0][19][20] = {absDirection.NORTH: (20, 18, 0, 30), absDirection.EAST: None, absDirection.SOUTH: (20, 20, 0, 30), absDirection.WEST: (19, 19, 0, 30)}
mazeAsGraph[0][20][20] = {absDirection.NORTH: (20, 19, 0, 30), absDirection.EAST: None, absDirection.SOUTH: None, absDirection.WEST: (19, 20, 0, 30)}
2026-06-23 21:21:36,770 - mazeUtils.mazeMap - [mazeMap.py:61] - INFO - next goal: (19, 19, 0)
2026-06-23 21:21:36,784 - mazeUtils.moveTile - [moveTile.py:79] - DEBUG - Moving to absDirection.SOUTH from (20, 18, 0) facing absDirection.NORTH
2026-06-23 21:21:36,813 - mazeUtils.moveTile - [moveTile.py:79] - DEBUG - current heading: 357.85 target: 90
2026-06-23 21:21:37,919 - mazeUtils.moveTile - [moveTile.py:410] - DEBUG - stopped turning at heading: 84.60000000000002, diff: 5.399999999999977
2026-06-23 21:21:37,970 - mazeUtils.moveTile - [moveTile.py:79] - DEBUG - Turned to heading: 90.52999999999997 deg
2026-06-23 21:21:37,996 - mazeUtils.moveTile - [moveTile.py:79] - DEBUG - current heading: 91.94999999999999 target: 180
2026-06-23 21:21:38,987 - mazeUtils.moveTile - [moveTile.py:410] - DEBUG - stopped turning at heading: 174.78, diff: 5.219999999999999
2026-06-23 21:21:39,037 - mazeUtils.moveTile - [moveTile.py:79] - DEBUG - Turned to heading: 179.32 deg
2026-06-23 21:21:39,081 - mazeUtils.moveTile - [moveTile.py:79] - DEBUG - Little backward to adjust position
2026-06-23 21:21:39,456 - mazeUtils.moveTile - [moveTile.py:1432] - DEBUG - Calculated target steps to next tile: 1 based on distance 30 cm
2026-06-23 21:21:39,465 - picamera2.picamera2 - [picamera2.py:1391] - DEBUG - Execute job: <picamera2.job.Job object at 0x7f6eafbdd0>
2026-06-23 21:21:39,468 - mazeUtils.device.camera - [camera.py:39] - DEBUG - Average HSV: H=127.7, S=53.1, V=168.5
2026-06-23 21:21:39,505 - mazeUtils.moveTile - [moveTile.py:79] - DEBUG - roll: 0.4700000000000273 deg, practicalMoveTime: 0.049016109916198466 sec
2026-06-23 21:21:39,506 - mazeUtils.moveTile - [moveTile.py:1702] - DEBUG - moveTile loop time: 47.8 ms
2026-06-23 21:21:39,514 - picamera2.picamera2 - [picamera2.py:1391] - DEBUG - Execute job: <picamera2.job.Job object at 0x7f8e08d550>
2026-06-23 21:21:39,517 - mazeUtils.device.camera - [camera.py:39] - DEBUG - Average HSV: H=128.6, S=52.8, V=164.2
2026-06-23 21:21:39,552 - mazeUtils.moveTile - [moveTile.py:79] - DEBUG - roll: 1.3000000000000114 deg, practicalMoveTime: 0.09477932392737612 sec
2026-06-23 21:21:39,552 - mazeUtils.moveTile - [moveTile.py:1702] - DEBUG - moveTile loop time: 46.1 ms
2026-06-23 21:21:39,558 - picamera2.picamera2 - [picamera2.py:1391] - DEBUG - Execute job: <picamera2.job.Job object at 0x7f6eafbdd0>
2026-06-23 21:21:39,561 - mazeUtils.device.camera - [camera.py:39] - DEBUG - Average HSV: H=143.0, S=49.1, V=90.3
2026-06-23 21:21:39,594 - mazeUtils.moveTile - [moveTile.py:79] - DEBUG - roll: 0.010000000000047748 deg, practicalMoveTime: 0.13675919087653993 sec
2026-06-23 21:21:39,595 - mazeUtils.moveTile - [moveTile.py:1702] - DEBUG - moveTile loop time: 42.4 ms
2026-06-23 21:21:39,601 - picamera2.picamera2 - [picamera2.py:1391] - DEBUG - Execute job: <picamera2.job.Job object at 0x7f8d09f650>
2026-06-23 21:21:39,604 - mazeUtils.device.camera - [camera.py:39] - DEBUG - Average HSV: H=153.6, S=38.1, V=65.3
2026-06-23 21:21:39,641 - mazeUtils.moveTile - [moveTile.py:79] - DEBUG - roll: 0.6400000000000432 deg, practicalMoveTime: 0.1827616862040526 sec
2026-06-23 21:21:39,641 - mazeUtils.moveTile - [moveTile.py:1702] - DEBUG - moveTile loop time: 46.5 ms
2026-06-23 21:21:39,652 - picamera2.picamera2 - [picamera2.py:1391] - DEBUG - Execute job: <picamera2.job.Job object at 0x7f8e08d550>
2026-06-23 21:21:39,655 - mazeUtils.device.camera - [camera.py:39] - DEBUG - Average HSV: H=152.3, S=39.1, V=65.1
2026-06-23 21:21:39,690 - mazeUtils.moveTile - [moveTile.py:79] - DEBUG - roll: 0.5 deg, practicalMoveTime: 0.23157258484826285 sec
2026-06-23 21:21:39,691 - mazeUtils.moveTile - [moveTile.py:1702] - DEBUG - moveTile loop time: 49.2 ms
2026-06-23 21:21:39,696 - picamera2.picamera2 - [picamera2.py:1391] - DEBUG - Execute job: <picamera2.job.Job object at 0x7f6eafbdd0>
2026-06-23 21:21:39,699 - mazeUtils.device.camera - [camera.py:39] - DEBUG - Average HSV: H=149.6, S=36.3, V=74.5
2026-06-23 21:21:39,744 - mazeUtils.moveTile - [moveTile.py:79] - DEBUG - roll: 1.5900000000000318 deg, practicalMoveTime: 0.2844393272300898 sec
2026-06-23 21:21:39,744 - mazeUtils.moveTile - [moveTile.py:1702] - DEBUG - moveTile loop time: 53.3 ms
2026-06-23 21:21:39,751 - picamera2.picamera2 - [picamera2.py:1391] - DEBUG - Execute job: <picamera2.job.Job object at 0x7f6eafbe10>
2026-06-23 21:21:39,755 - mazeUtils.device.camera - [camera.py:39] - DEBUG - Average HSV: H=146.6, S=38.1, V=73.3
2026-06-23 21:21:39,787 - mazeUtils.moveTile - [moveTile.py:79] - DEBUG - roll: 0.4000000000000341 deg, practicalMoveTime: 0.32740279582650145 sec
2026-06-23 21:21:39,788 - mazeUtils.moveTile - [moveTile.py:1702] - DEBUG - moveTile loop time: 43.4 ms
2026-06-23 21:21:39,793 - picamera2.picamera2 - [picamera2.py:1391] - DEBUG - Execute job: <picamera2.job.Job object at 0x7f9efc7490>
2026-06-23 21:21:39,796 - mazeUtils.device.camera - [camera.py:39] - DEBUG - Average HSV: H=145.2, S=37.7, V=75.1
2026-06-23 21:21:39,834 - mazeUtils.moveTile - [moveTile.py:79] - DEBUG - roll: 0.5400000000000205 deg, practicalMoveTime: 0.3734249281458356 sec
2026-06-23 21:21:39,834 - mazeUtils.moveTile - [moveTile.py:1702] - DEBUG - moveTile loop time: 46.1 ms
2026-06-23 21:21:39,839 - picamera2.picamera2 - [picamera2.py:1391] - DEBUG - Execute job: <picamera2.job.Job object at 0x7f8e08d550>
2026-06-23 21:21:39,842 - mazeUtils.device.camera - [camera.py:39] - DEBUG - Average HSV: H=140.7, S=41.9, V=78.9
2026-06-23 21:21:39,880 - mazeUtils.moveTile - [moveTile.py:79] - DEBUG - roll: 1.150000000000034 deg, practicalMoveTime: 0.4193043416512655 sec
2026-06-23 21:21:39,881 - mazeUtils.moveTile - [moveTile.py:1702] - DEBUG - moveTile loop time: 46.3 ms
2026-06-23 21:21:39,887 - picamera2.picamera2 - [picamera2.py:1391] - DEBUG - Execute job: <picamera2.job.Job object at 0x7f8d09f650>
2026-06-23 21:21:39,890 - mazeUtils.device.camera - [camera.py:39] - DEBUG - Average HSV: H=137.4, S=44.6, V=77.5
2026-06-23 21:21:39,931 - mazeUtils.moveTile - [moveTile.py:79] - DEBUG - roll: 1.2700000000000387 deg, practicalMoveTime: 0.46891060700042864 sec
2026-06-23 21:21:39,931 - mazeUtils.moveTile - [moveTile.py:1702] - DEBUG - moveTile loop time: 50.1 ms
2026-06-23 21:21:39,942 - picamera2.picamera2 - [picamera2.py:1391] - DEBUG - Execute job: <picamera2.job.Job object at 0x7f9efc7490>
2026-06-23 21:21:39,945 - mazeUtils.device.camera - [camera.py:39] - DEBUG - Average HSV: H=138.4, S=40.3, V=104.6
2026-06-23 21:21:39,978 - mazeUtils.moveTile - [moveTile.py:79] - DEBUG - roll: 1.3700000000000045 deg, practicalMoveTime: 0.5157357459531285 sec
2026-06-23 21:21:39,978 - mazeUtils.moveTile - [moveTile.py:1702] - DEBUG - moveTile loop time: 47.0 ms
2026-06-23 21:21:39,984 - picamera2.picamera2 - [picamera2.py:1391] - DEBUG - Execute job: <picamera2.job.Job object at 0x7f6eafbdd0>
2026-06-23 21:21:39,987 - mazeUtils.device.camera - [camera.py:39] - DEBUG - Average HSV: H=132.0, S=33.8, V=184.8
2026-06-23 21:21:40,020 - mazeUtils.moveTile - [moveTile.py:79] - DEBUG - roll: 359.96000000000004 deg, practicalMoveTime: 0.5576617069596275 sec
2026-06-23 21:21:40,021 - mazeUtils.moveTile - [moveTile.py:1702] - DEBUG - moveTile loop time: 41.9 ms
2026-06-23 21:21:40,028 - picamera2.picamera2 - [picamera2.py:1391] - DEBUG - Execute job: <picamera2.job.Job object at 0x7f6eafbdd0>
2026-06-23 21:21:40,031 - mazeUtils.device.camera - [camera.py:39] - DEBUG - Average HSV: H=129.5, S=30.4, V=220.2
2026-06-23 21:21:40,062 - mazeUtils.moveTile - [moveTile.py:79] - DEBUG - roll: 1.1000000000000227 deg, practicalMoveTime: 0.5987289782794283 sec
2026-06-23 21:21:40,063 - mazeUtils.moveTile - [moveTile.py:1702] - DEBUG - moveTile loop time: 41.6 ms
2026-06-23 21:21:40,068 - picamera2.picamera2 - [picamera2.py:1391] - DEBUG - Execute job: <picamera2.job.Job object at 0x7f6eafbe10>
2026-06-23 21:21:40,071 - mazeUtils.device.camera - [camera.py:39] - DEBUG - Average HSV: H=129.4, S=30.6, V=221.1
2026-06-23 21:21:40,110 - mazeUtils.moveTile - [moveTile.py:79] - DEBUG - roll: 1.3900000000000432 deg, practicalMoveTime: 0.6457509605277818 sec
2026-06-23 21:21:40,110 - mazeUtils.moveTile - [moveTile.py:1702] - DEBUG - moveTile loop time: 47.2 ms
2026-06-23 21:21:40,115 - picamera2.picamera2 - [picamera2.py:1391] - DEBUG - Execute job: <picamera2.job.Job object at 0x7f6eafbdd0>
2026-06-23 21:21:40,119 - mazeUtils.device.camera - [camera.py:39] - DEBUG - Average HSV: H=129.0, S=30.8, V=221.3
2026-06-23 21:21:40,156 - mazeUtils.moveTile - [moveTile.py:79] - DEBUG - roll: 0.060000000000002274 deg, practicalMoveTime: 0.6913730028766893 sec
2026-06-23 21:21:40,157 - mazeUtils.moveTile - [moveTile.py:1702] - DEBUG - moveTile loop time: 46.3 ms
2026-06-23 21:21:40,161 - picamera2.picamera2 - [picamera2.py:1391] - DEBUG - Execute job: <picamera2.job.Job object at 0x7f6eafbe10>
2026-06-23 21:21:40,164 - mazeUtils.device.camera - [camera.py:39] - DEBUG - Average HSV: H=129.7, S=28.5, V=224.5
2026-06-23 21:21:40,196 - mazeUtils.moveTile - [moveTile.py:79] - DEBUG - roll: 1.6100000000000136 deg, practicalMoveTime: 0.7308540833984576 sec
2026-06-23 21:21:40,197 - mazeUtils.moveTile - [moveTile.py:1702] - DEBUG - moveTile loop time: 39.4 ms
2026-06-23 21:21:40,205 - picamera2.picamera2 - [picamera2.py:1391] - DEBUG - Execute job: <picamera2.job.Job object at 0x7f9efc7490>
2026-06-23 21:21:40,208 - mazeUtils.device.camera - [camera.py:39] - DEBUG - Average HSV: H=134.5, S=26.8, V=219.1
2026-06-23 21:21:40,243 - mazeUtils.moveTile - [moveTile.py:79] - DEBUG - roll: 1.330000000000041 deg, practicalMoveTime: 0.7772027261465838 sec
2026-06-23 21:21:40,244 - mazeUtils.moveTile - [moveTile.py:1702] - DEBUG - moveTile loop time: 46.7 ms
2026-06-23 21:21:40,247 - picamera2.picamera2 - [picamera2.py:1391] - DEBUG - Execute job: <picamera2.job.Job object at 0x7f8d09f950>
2026-06-23 21:21:40,251 - mazeUtils.device.camera - [camera.py:39] - DEBUG - Average HSV: H=132.0, S=27.6, V=223.0
2026-06-23 21:21:40,288 - mazeUtils.moveTile - [moveTile.py:79] - DEBUG - roll: 359.94 deg, practicalMoveTime: 0.8220303284348254 sec
2026-06-23 21:21:40,289 - mazeUtils.moveTile - [moveTile.py:1702] - DEBUG - moveTile loop time: 45.4 ms
2026-06-23 21:21:40,296 - picamera2.picamera2 - [picamera2.py:1391] - DEBUG - Execute job: <picamera2.job.Job object at 0x7f6eafbe10>
2026-06-23 21:21:40,299 - mazeUtils.device.camera - [camera.py:39] - DEBUG - Average HSV: H=132.5, S=26.0, V=223.7
2026-06-23 21:21:40,338 - mazeUtils.moveTile - [moveTile.py:1592] - INFO - practicalVerticalMove: 0.4203826912277459 CM
2026-06-23 21:21:40,447 - mazeUtils.moveTile - [moveTile.py:535] - DEBUG - Direction: absDirection.NORTH, Angle: 180, Distance: 78.29817932664855 cm
2026-06-23 21:21:40,448 - mazeUtils.moveTile - [moveTile.py:535] - DEBUG - Direction: absDirection.EAST, Angle: 90, Distance: 17.35999680340401 cm
2026-06-23 21:21:40,449 - mazeUtils.moveTile - [moveTile.py:535] - DEBUG - Direction: absDirection.SOUTH, Angle: 0, Distance: 49.029816119658086 cm
2026-06-23 21:21:40,450 - mazeUtils.moveTile - [moveTile.py:535] - DEBUG - Direction: absDirection.WEST, Angle: 270, Distance: 137.29742363985525 cm
2026-06-23 21:21:40,452 - mazeUtils.moveTile - [moveTile.py:2074] - INFO - Tile color detection, decided tile type: E
2026-06-23 21:21:40,511 - __main__ - [main.py:101] - INFO - Current position: (20, 19, 0), front direction: absDirection.SOUTH
Layer 0 (altitude=0.0cm, offset=(0.0cm, 0.0cm)):
Known map area: x=20..20, y=18..20
+---+
| E |
+   +
  @ |
+   +
  S |
+---+
mazeAsGraph[0][18][20] = {absDirection.NORTH: None, absDirection.EAST: None, absDirection.SOUTH: (20, 19, 0, 30), absDirection.WEST: None}
mazeAsGraph[0][19][20] = {absDirection.NORTH: (20, 18, 0, 30), absDirection.EAST: None, absDirection.SOUTH: (20, 20, 0, 30), absDirection.WEST: (19, 19, 0, 30)}
mazeAsGraph[0][20][20] = {absDirection.NORTH: (20, 19, 0, 30), absDirection.EAST: None, absDirection.SOUTH: None, absDirection.WEST: (19, 20, 0, 30)}
2026-06-23 21:21:40,527 - mazeUtils.moveTile - [moveTile.py:79] - DEBUG - Moving to absDirection.WEST from (20, 19, 0) facing absDirection.SOUTH
2026-06-23 21:21:40,532 - mazeUtils.moveTile - [moveTile.py:79] - DEBUG - Turning to 90 deg, current heading: 180.57999999999998 deg, turnAngle: 90.57999999999998 deg
2026-06-23 21:21:40,559 - mazeUtils.moveTile - [moveTile.py:79] - DEBUG - gyro:180.47 deg, derivative: -0.10999999999998522, turnSpeed: 100
2026-06-23 21:21:40,587 - mazeUtils.moveTile - [moveTile.py:79] - DEBUG - gyro:180.70999999999998 deg, derivative: 0.23999999999998067, turnSpeed: 100
2026-06-23 21:21:40,612 - mazeUtils.moveTile - [moveTile.py:79] - DEBUG - gyro:180.66 deg, derivative: -0.04999999999998295, turnSpeed: 100
2026-06-23 21:21:40,636 - mazeUtils.moveTile - [moveTile.py:79] - DEBUG - gyro:180.51999999999998 deg, derivative: -0.14000000000001478, turnSpeed: 100
2026-06-23 21:21:40,665 - mazeUtils.moveTile - [moveTile.py:79] - DEBUG - gyro:179.24 deg, derivative: -1.2799999999999727, turnSpeed: 100
2026-06-23 21:21:40,693 - mazeUtils.moveTile - [moveTile.py:79] - DEBUG - gyro:176.62 deg, derivative: -2.6200000000000045, turnSpeed: 100
2026-06-23 21:21:40,717 - mazeUtils.moveTile - [moveTile.py:79] - DEBUG - gyro:172.56 deg, derivative: -4.060000000000002, turnSpeed: 100
2026-06-23 21:21:40,742 - mazeUtils.moveTile - [moveTile.py:79] - DEBUG - gyro:167.55 deg, derivative: -5.009999999999991, turnSpeed: 100
2026-06-23 21:21:40,769 - mazeUtils.moveTile - [moveTile.py:79] - DEBUG - gyro:162.94 deg, derivative: -4.610000000000014, turnSpeed: 100
2026-06-23 21:21:40,796 - mazeUtils.moveTile - [moveTile.py:79] - DEBUG - gyro:159.82 deg, derivative: -3.1200000000000045, turnSpeed: 100
2026-06-23 21:21:40,822 - mazeUtils.moveTile - [moveTile.py:79] - DEBUG - gyro:156.11 deg, derivative: -3.7099999999999795, turnSpeed: 100
2026-06-23 21:21:40,847 - mazeUtils.moveTile - [moveTile.py:79] - DEBUG - gyro:151.70999999999998 deg, derivative: -4.400000000000034, turnSpeed: 100
2026-06-23 21:21:40,875 - mazeUtils.moveTile - [moveTile.py:79] - DEBUG - gyro:148.31 deg, derivative: -3.3999999999999773, turnSpeed: 100
2026-06-23 21:21:40,902 - mazeUtils.moveTile - [moveTile.py:79] - DEBUG - gyro:145.25 deg, derivative: -3.0600000000000023, turnSpeed: 100
2026-06-23 21:21:40,926 - mazeUtils.moveTile - [moveTile.py:79] - DEBUG - gyro:141.07999999999998 deg, derivative: -4.170000000000016, turnSpeed: 100
2026-06-23 21:21:40,961 - mazeUtils.moveTile - [moveTile.py:79] - DEBUG - gyro:137.12 deg, derivative: -3.9599999999999795, turnSpeed: 94.24000000000001
2026-06-23 21:21:40,984 - mazeUtils.moveTile - [moveTile.py:79] - DEBUG - gyro:133.32999999999998 deg, derivative: -3.7900000000000205, turnSpeed: 86.65999999999997
2026-06-23 21:21:41,009 - mazeUtils.moveTile - [moveTile.py:79] - DEBUG - gyro:129.45 deg, derivative: -3.8799999999999955, turnSpeed: 78.89999999999998
2026-06-23 21:21:41,033 - mazeUtils.moveTile - [moveTile.py:79] - DEBUG - gyro:127.16 deg, derivative: -2.289999999999992, turnSpeed: 74.32
2026-06-23 21:21:41,057 - mazeUtils.moveTile - [moveTile.py:79] - DEBUG - gyro:123.71000000000001 deg, derivative: -3.4499999999999886, turnSpeed: 67.42000000000002
2026-06-23 21:21:41,085 - mazeUtils.moveTile - [moveTile.py:79] - DEBUG - gyro:121.19999999999999 deg, derivative: -2.5100000000000193, turnSpeed: 62.39999999999998
2026-06-23 21:21:41,116 - mazeUtils.moveTile - [moveTile.py:79] - DEBUG - gyro:119.57 deg, derivative: -1.6299999999999955, turnSpeed: 59.139999999999986
2026-06-23 21:21:41,141 - mazeUtils.moveTile - [moveTile.py:79] - DEBUG - gyro:117.27000000000001 deg, derivative: -2.299999999999983, turnSpeed: 54.54000000000002
2026-06-23 21:21:41,163 - mazeUtils.moveTile - [moveTile.py:79] - DEBUG - gyro:114.80000000000001 deg, derivative: -2.469999999999999, turnSpeed: 49.60000000000002
2026-06-23 21:21:41,189 - mazeUtils.moveTile - [moveTile.py:79] - DEBUG - gyro:112.97 deg, derivative: -1.8300000000000125, turnSpeed: 45.94
2026-06-23 21:21:41,214 - mazeUtils.moveTile - [moveTile.py:79] - DEBUG - gyro:110.96000000000001 deg, derivative: -2.009999999999991, turnSpeed: 41.920000000000016
2026-06-23 21:21:41,237 - mazeUtils.moveTile - [moveTile.py:79] - DEBUG - gyro:109.63 deg, derivative: -1.3300000000000125, turnSpeed: 39.25999999999999
2026-06-23 21:21:41,264 - mazeUtils.moveTile - [moveTile.py:79] - DEBUG - gyro:107.55000000000001 deg, derivative: -2.079999999999984, turnSpeed: 35.10000000000002
2026-06-23 21:21:41,287 - mazeUtils.moveTile - [moveTile.py:79] - DEBUG - gyro:106.22 deg, derivative: -1.3300000000000125, turnSpeed: 32.44
2026-06-23 21:21:41,313 - mazeUtils.moveTile - [moveTile.py:79] - DEBUG - gyro:104.97999999999999 deg, derivative: -1.240000000000009, turnSpeed: 29.95999999999998
2026-06-23 21:21:41,339 - mazeUtils.moveTile - [moveTile.py:79] - DEBUG - gyro:103.77999999999997 deg, derivative: -1.200000000000017, turnSpeed: 27.559999999999945
2026-06-23 21:21:41,362 - mazeUtils.moveTile - [moveTile.py:79] - DEBUG - gyro:102.88 deg, derivative: -0.8999999999999773, turnSpeed: 25.75999999999999
2026-06-23 21:21:41,385 - mazeUtils.moveTile - [moveTile.py:79] - DEBUG - gyro:101.85000000000002 deg, derivative: -1.0299999999999727, turnSpeed: 23.700000000000045
2026-06-23 21:21:41,411 - mazeUtils.moveTile - [moveTile.py:79] - DEBUG - gyro:100.57999999999998 deg, derivative: -1.2700000000000387, turnSpeed: 21.159999999999968
2026-06-23 21:21:41,439 - mazeUtils.moveTile - [moveTile.py:79] - DEBUG - gyro:99.39999999999998 deg, derivative: -1.1800000000000068, turnSpeed: 18.799999999999955
2026-06-23 21:21:41,463 - mazeUtils.moveTile - [moveTile.py:79] - DEBUG - gyro:98.57999999999998 deg, derivative: -0.8199999999999932, turnSpeed: 17.159999999999968
2026-06-23 21:21:41,489 - mazeUtils.moveTile - [moveTile.py:79] - DEBUG - gyro:97.44999999999999 deg, derivative: -1.1299999999999955, turnSpeed: 14.899999999999977
2026-06-23 21:21:41,514 - mazeUtils.moveTile - [moveTile.py:79] - DEBUG - gyro:96.74000000000001 deg, derivative: -0.7099999999999795, turnSpeed: 13.480000000000018
2026-06-23 21:21:41,539 - mazeUtils.moveTile - [moveTile.py:79] - DEBUG - gyro:96.08999999999997 deg, derivative: -0.6500000000000341, turnSpeed: 12.17999999999995
2026-06-23 21:21:41,568 - mazeUtils.moveTile - [moveTile.py:79] - DEBUG - gyro:95.60000000000002 deg, derivative: -0.48999999999995225, turnSpeed: 11.200000000000045
2026-06-23 21:21:41,596 - mazeUtils.moveTile - [moveTile.py:79] - DEBUG - gyro:95.30000000000001 deg, derivative: -0.30000000000001137, turnSpeed: 10.600000000000023
2026-06-23 21:21:41,622 - mazeUtils.moveTile - [moveTile.py:79] - DEBUG - gyro:94.88999999999999 deg, derivative: -0.410000000000025, turnSpeed: 9.779999999999973
2026-06-23 21:21:41,647 - mazeUtils.moveTile - [moveTile.py:79] - DEBUG - gyro:94.43 deg, derivative: -0.45999999999997954, turnSpeed: 8.860000000000014
2026-06-23 21:21:41,675 - mazeUtils.moveTile - [moveTile.py:79] - DEBUG - gyro:94.07 deg, derivative: -0.36000000000001364, turnSpeed: 8.139999999999986
2026-06-23 21:21:41,699 - mazeUtils.moveTile - [moveTile.py:79] - DEBUG - gyro:93.69 deg, derivative: -0.37999999999999545, turnSpeed: 7.3799999999999955
2026-06-23 21:21:41,727 - mazeUtils.moveTile - [moveTile.py:79] - DEBUG - gyro:93.17000000000002 deg, derivative: -0.5199999999999818, turnSpeed: 6.340000000000032
2026-06-23 21:21:41,755 - mazeUtils.moveTile - [moveTile.py:79] - DEBUG - gyro:92.85000000000002 deg, derivative: -0.3199999999999932, turnSpeed: 5.7000000000000455
2026-06-23 21:21:41,782 - mazeUtils.moveTile - [moveTile.py:79] - DEBUG - gyro:92.5 deg, derivative: -0.35000000000002274, turnSpeed: 5.0
2026-06-23 21:21:41,807 - mazeUtils.moveTile - [moveTile.py:79] - DEBUG - gyro:92.27999999999997 deg, derivative: -0.22000000000002728, turnSpeed: 4.559999999999945
2026-06-23 21:21:41,836 - mazeUtils.moveTile - [moveTile.py:79] - DEBUG - gyro:92.11000000000001 deg, derivative: -0.16999999999995907, turnSpeed: 4.220000000000027
2026-06-23 21:21:41,861 - mazeUtils.moveTile - [moveTile.py:79] - DEBUG - gyro:91.88999999999999 deg, derivative: -0.22000000000002728, turnSpeed: 3.7799999999999727
2026-06-23 21:21:41,880 - mazeUtils.moveTile - [moveTile.py:79] - DEBUG - Turned to heading: 91.88999999999999 deg
2026-06-23 21:21:41,923 - mazeUtils.moveTile - [moveTile.py:79] - DEBUG - Little backward to adjust position
2026-06-23 21:21:43,036 - __main__ - [main.py:101] - INFO - Current position: (20, 19, 0), front direction: absDirection.WEST
Layer 0 (altitude=0.0cm, offset=(0.0cm, 0.0cm)):
Known map area: x=20..20, y=18..20
+---+
| E |
+   +
  @ |
+   +
  S |
+---+
mazeAsGraph[0][18][20] = {absDirection.NORTH: None, absDirection.EAST: None, absDirection.SOUTH: (20, 19, 0, 30), absDirection.WEST: None}
mazeAsGraph[0][19][20] = {absDirection.NORTH: (20, 18, 0, 30), absDirection.EAST: None, absDirection.SOUTH: (20, 20, 0, 30), absDirection.WEST: (19, 19, 0, 30)}
mazeAsGraph[0][20][20] = {absDirection.NORTH: (20, 19, 0, 30), absDirection.EAST: None, absDirection.SOUTH: None, absDirection.WEST: (19, 20, 0, 30)}
2026-06-23 21:22:28,681 - __main__ - [main.py:162] - INFO - Program interrupted by user.
2026-06-23 21:22:29,739 - mazeUtils.device.stm - [stm.py:216] - DEBUG - ACK resynchronized: type=STS_MOTOR dropped=24B seq=146
2026-06-23 21:22:30,254 - picamera2.picamera2 - [picamera2.py:1391] - DEBUG - Execute job: <picamera2.job.Job object at 0x7fb2893090>
2026-06-23 21:22:30,271 - picamera2.picamera2 - [picamera2.py:1323] - INFO - Camera stopped
2026-06-23 21:22:30,472 - picamera2.picamera2 - [picamera2.py:1329] - DEBUG - Camera was not started
2026-06-23 21:22:30,674 - picamera2.picamera2 - [picamera2.py:723] - INFO - Camera closed successfully.
2026-06-23 21:22:30,940 - picamera2.picamera2 - [picamera2.py:500] - DEBUG - Resources now free: <picamera2.picamera2.Picamera2 object at 0x7f9ef9c310>
