2026-05-24 11:35:51,490 - root - [logging_config.py:61] - INFO - Logging initialized. Log file: /home/tuton/Kanto2026RPi/src/config/../logs/robot_20260524_113550.log
2026-05-24 11:35:51,931 - mazeUtils.mazeMap - [mazeMap.py:167] - WARNING - ArduinoNanoEveryUART init failed: [Errno 2] could not open port /dev/ttyUSB0: [Errno 2] No such file or directory: '/dev/ttyUSB0'
2026-05-24 11:35:52,957 - mazeUtils.device.LiDAR - [LiDAR.py:36] - INFO - Available ports: <ydlidar.Str2strMap; proxy of <Swig Object of type 'std::map< std::string,std::string > *' at 0x7f86ad0210> >
2026-05-24 11:35:57,407 - mazeUtils.moveTile - [moveTile.py:514] - DEBUG - Direction: absDirection.NORTH, Angle: 0, Distance: 75.4852838718192 cm
2026-05-24 11:35:57,408 - mazeUtils.moveTile - [moveTile.py:514] - DEBUG - Direction: absDirection.EAST, Angle: 270, Distance: 37.69419471461396 cm
2026-05-24 11:35:57,410 - mazeUtils.moveTile - [moveTile.py:514] - DEBUG - Direction: absDirection.SOUTH, Angle: 180, Distance: 19.359346078065407 cm
2026-05-24 11:35:57,411 - mazeUtils.moveTile - [moveTile.py:514] - DEBUG - Direction: absDirection.WEST, Angle: 90, Distance: 17.420946057593248 cm
2026-05-24 11:35:58,386 - __main__ - [main.py:69] - INFO - Initial Map:
2026-05-24 11:35:58,400 - __main__ - [main.py:70] - INFO - Current position: (20, 20, 0), front direction: absDirection.NORTH
Layer 0 (altitude=0.0cm, offset=(0.0cm, 0.0cm)):
Known map area: x=20..20, y=20..20
+   +
| @  
+---+
mazeAsGraph[0][20][20] = {absDirection.NORTH: (20, 19, 0), absDirection.EAST: (21, 20, 0), absDirection.SOUTH: None, absDirection.WEST: None}
2026-05-24 11:35:58,401 - mazeUtils.mazeMap - [mazeMap.py:61] - INFO - next goal: (20, 19, 0)
2026-05-24 11:35:58,402 - __main__ - [main.py:73] - INFO - Next Direction: [<absDirection.NORTH: 0>]
2026-05-24 11:35:58,402 - __main__ - [main.py:74] - INFO - Exploration started.
2026-05-24 11:35:58,403 - mazeUtils.mazeMap - [mazeMap.py:61] - INFO - next goal: (20, 19, 0)
2026-05-24 11:35:58,409 - mazeUtils.moveTile - [moveTile.py:80] - DEBUG - Moving to absDirection.NORTH from (20, 20, 0) facing absDirection.NORTH
2026-05-24 11:35:58,446 - mazeUtils.moveTile - [moveTile.py:80] - DEBUG - current heading: 359.99 target: 0
2026-05-24 11:35:58,469 - mazeUtils.moveTile - [moveTile.py:387] - DEBUG - stopped turning at heading: 359.99, diff: 0.009999999999990905
2026-05-24 11:35:58,515 - mazeUtils.moveTile - [moveTile.py:80] - DEBUG - Turned to heading: 359.99 deg
2026-05-24 11:35:58,586 - picamera2.picamera2 - [picamera2.py:1391] - DEBUG - Execute job: <picamera2.job.Job object at 0x7f435a8c50>
2026-05-24 11:35:58,626 - mazeUtils.device.camera - [camera.py:37] - DEBUG - Average HSV: H=110.3, S=117.5, V=71.2
2026-05-24 11:35:58,656 - mazeUtils.moveTile - [moveTile.py:197] - WARNING - Escape from obstacle on Side.LEFT side
2026-05-24 11:35:59,137 - mazeUtils.moveTile - [moveTile.py:1036] - DEBUG - Obstacle escape adjustment: 0.05579722596446255
2026-05-24 11:35:59,238 - mazeUtils.moveTile - [moveTile.py:80] - DEBUG - roll: 359.79 deg, practicalMoveTime: -0.02278603918831304 sec
2026-05-24 11:35:59,239 - mazeUtils.moveTile - [moveTile.py:1095] - DEBUG - moveTile loop time: 658.0 ms
2026-05-24 11:35:59,244 - picamera2.picamera2 - [picamera2.py:1391] - DEBUG - Execute job: <picamera2.job.Job object at 0x7f6146e450>
2026-05-24 11:35:59,249 - mazeUtils.device.camera - [camera.py:37] - DEBUG - Average HSV: H=110.7, S=112.0, V=77.7
2026-05-24 11:35:59,277 - mazeUtils.moveTile - [moveTile.py:197] - WARNING - Escape from obstacle on Side.LEFT side
2026-05-24 11:35:59,758 - mazeUtils.moveTile - [moveTile.py:1036] - DEBUG - Obstacle escape adjustment: 0.0519367386389881
2026-05-24 11:35:59,859 - mazeUtils.moveTile - [moveTile.py:80] - DEBUG - roll: 359.53000000000003 deg, practicalMoveTime: -0.08464249567455082 sec
2026-05-24 11:35:59,859 - mazeUtils.moveTile - [moveTile.py:1095] - DEBUG - moveTile loop time: 620.4 ms
2026-05-24 11:35:59,864 - picamera2.picamera2 - [picamera2.py:1391] - DEBUG - Execute job: <picamera2.job.Job object at 0x7f435a8890>
2026-05-24 11:35:59,868 - mazeUtils.device.camera - [camera.py:37] - DEBUG - Average HSV: H=111.7, S=111.6, V=77.0
2026-05-24 11:35:59,898 - mazeUtils.moveTile - [moveTile.py:197] - WARNING - Escape from obstacle on Side.LEFT side
2026-05-24 11:36:00,387 - mazeUtils.moveTile - [moveTile.py:1036] - DEBUG - Obstacle escape adjustment: 0.052757426384645215
2026-05-24 11:36:00,488 - mazeUtils.moveTile - [moveTile.py:80] - DEBUG - roll: 359.3 deg, practicalMoveTime: -0.1456112806157046 sec
2026-05-24 11:36:00,489 - mazeUtils.moveTile - [moveTile.py:1095] - DEBUG - moveTile loop time: 629.8 ms
2026-05-24 11:36:00,495 - picamera2.picamera2 - [picamera2.py:1391] - DEBUG - Execute job: <picamera2.job.Job object at 0x7f733d3d10>
2026-05-24 11:36:00,500 - mazeUtils.device.camera - [camera.py:37] - DEBUG - Average HSV: H=111.5, S=114.2, V=78.4
2026-05-24 11:36:00,535 - mazeUtils.moveTile - [moveTile.py:197] - WARNING - Escape from obstacle on Side.LEFT side
2026-05-24 11:36:01,021 - mazeUtils.moveTile - [moveTile.py:1036] - DEBUG - Obstacle escape adjustment: 0.05311937808693007
2026-05-24 11:36:01,122 - mazeUtils.moveTile - [moveTile.py:80] - DEBUG - roll: 359.21000000000004 deg, practicalMoveTime: -0.19958584981237915 sec
2026-05-24 11:36:01,123 - mazeUtils.moveTile - [moveTile.py:1095] - DEBUG - moveTile loop time: 633.3 ms
2026-05-24 11:36:01,132 - picamera2.picamera2 - [picamera2.py:1391] - DEBUG - Execute job: <picamera2.job.Job object at 0x7f437aed10>
2026-05-24 11:36:01,137 - mazeUtils.device.camera - [camera.py:37] - DEBUG - Average HSV: H=112.1, S=112.2, V=77.5
2026-05-24 11:36:01,166 - mazeUtils.moveTile - [moveTile.py:197] - WARNING - Escape from obstacle on Side.LEFT side
2026-05-24 11:36:01,648 - mazeUtils.moveTile - [moveTile.py:1036] - DEBUG - Obstacle escape adjustment: 0.05246914291574731
2026-05-24 11:36:01,749 - mazeUtils.moveTile - [moveTile.py:80] - DEBUG - roll: 358.90000000000003 deg, practicalMoveTime: -0.2563165616461192 sec
2026-05-24 11:36:01,749 - mazeUtils.moveTile - [moveTile.py:1095] - DEBUG - moveTile loop time: 626.0 ms
2026-05-24 11:36:01,754 - picamera2.picamera2 - [picamera2.py:1391] - DEBUG - Execute job: <picamera2.job.Job object at 0x7f437a04d0>
2026-05-24 11:36:01,759 - mazeUtils.device.camera - [camera.py:37] - DEBUG - Average HSV: H=112.1, S=113.7, V=77.9
2026-05-24 11:36:01,790 - mazeUtils.moveTile - [moveTile.py:197] - WARNING - Escape from obstacle on Side.LEFT side
2026-05-24 11:36:02,278 - mazeUtils.moveTile - [moveTile.py:1036] - DEBUG - Obstacle escape adjustment: 0.05285979993501089
2026-05-24 11:36:02,379 - mazeUtils.moveTile - [moveTile.py:80] - DEBUG - roll: 358.97 deg, practicalMoveTime: -0.3154732380876455 sec
2026-05-24 11:36:02,381 - mazeUtils.moveTile - [moveTile.py:1095] - DEBUG - moveTile loop time: 631.1 ms
2026-05-24 11:36:02,391 - picamera2.picamera2 - [picamera2.py:1391] - DEBUG - Execute job: <picamera2.job.Job object at 0x7f437aed10>
2026-05-24 11:36:02,396 - mazeUtils.device.camera - [camera.py:37] - DEBUG - Average HSV: H=111.6, S=114.0, V=68.5
2026-05-24 11:36:02,436 - mazeUtils.moveTile - [moveTile.py:197] - WARNING - Escape from obstacle on Side.LEFT side
2026-05-24 11:36:02,920 - mazeUtils.moveTile - [moveTile.py:1036] - DEBUG - Obstacle escape adjustment: 0.05384966589153517
2026-05-24 11:36:03,021 - mazeUtils.moveTile - [moveTile.py:80] - DEBUG - roll: 358.92 deg, practicalMoveTime: -0.3600479053514474 sec
2026-05-24 11:36:03,022 - mazeUtils.moveTile - [moveTile.py:1095] - DEBUG - moveTile loop time: 640.8 ms
2026-05-24 11:36:03,029 - picamera2.picamera2 - [picamera2.py:1391] - DEBUG - Execute job: <picamera2.job.Job object at 0x7f6146e450>
2026-05-24 11:36:03,035 - mazeUtils.device.camera - [camera.py:37] - DEBUG - Average HSV: H=111.2, S=119.5, V=69.3
2026-05-24 11:36:03,079 - mazeUtils.moveTile - [moveTile.py:222] - INFO - Black tile detected! Stopping movement. Starting escape maneuver.
2026-05-24 11:36:03,120 - mazeUtils.moveTile - [moveTile.py:80] - DEBUG - Escape maneuver complete.
2026-05-24 11:36:03,146 - __main__ - [main.py:84] - INFO - Current position: (20, 20, 0), front direction: absDirection.NORTH
Layer 0 (altitude=0.0cm, offset=(0.0cm, 0.0cm)):
Known map area: x=20..20, y=19..20
+   +
  B  
+   +
| @  
+---+
mazeAsGraph[0][19][20] = {absDirection.NORTH: None, absDirection.EAST: None, absDirection.SOUTH: None, absDirection.WEST: None}
mazeAsGraph[0][20][20] = {absDirection.NORTH: None, absDirection.EAST: (21, 20, 0), absDirection.SOUTH: None, absDirection.WEST: None}
2026-05-24 11:36:03,157 - mazeUtils.mazeMap - [mazeMap.py:61] - INFO - next goal: (21, 20, 0)
2026-05-24 11:36:03,158 - mazeUtils.mazeMap - [mazeMap.py:61] - INFO - next goal: (21, 20, 0)
2026-05-24 11:36:03,165 - mazeUtils.moveTile - [moveTile.py:80] - DEBUG - Moving to absDirection.EAST from (20, 20, 0) facing absDirection.NORTH
2026-05-24 11:36:03,190 - mazeUtils.moveTile - [moveTile.py:80] - DEBUG - current heading: 347.4 target: 270
2026-05-24 11:36:04,785 - __main__ - [main.py:84] - INFO - Current position: (20, 20, 0), front direction: absDirection.EAST
Layer 0 (altitude=0.0cm, offset=(0.0cm, 0.0cm)):
Known map area: x=20..20, y=19..20
+   +
  B  
+   +
| @  
+---+
mazeAsGraph[0][19][20] = {absDirection.NORTH: None, absDirection.EAST: None, absDirection.SOUTH: None, absDirection.WEST: None}
mazeAsGraph[0][20][20] = {absDirection.NORTH: None, absDirection.EAST: (21, 20, 0), absDirection.SOUTH: None, absDirection.WEST: None}
2026-05-24 11:36:07,529 - __main__ - [main.py:144] - INFO - Program interrupted by user.
2026-05-24 11:36:08,586 - mazeUtils.device.stm - [stm.py:214] - DEBUG - ACK resynchronized: type=STS_MOTOR dropped=24B seq=183
2026-05-24 11:36:08,593 - picamera2.picamera2 - [picamera2.py:1391] - DEBUG - Execute job: <picamera2.job.Job object at 0x7f86d866d0>
2026-05-24 11:36:08,610 - picamera2.picamera2 - [picamera2.py:1323] - INFO - Camera stopped
2026-05-24 11:36:08,811 - picamera2.picamera2 - [picamera2.py:1329] - DEBUG - Camera was not started
2026-05-24 11:36:09,013 - picamera2.picamera2 - [picamera2.py:723] - INFO - Camera closed successfully.
2026-05-24 11:36:09,182 - picamera2.picamera2 - [picamera2.py:500] - DEBUG - Resources now free: <picamera2.picamera2.Picamera2 object at 0x7f7a4cf8d0>
