2026-06-21 15:41:34,003 - root - [logging_config.py:61] - INFO - Logging initialized. Log file: /home/tuton/Kanto2026RPi/src/config/../logs/robot_20260621_154133.log
2026-06-21 15:41:36,264 - mazeUtils.device.LiDAR - [LiDAR.py:36] - INFO - Available ports: <ydlidar.Str2strMap; proxy of <Swig Object of type 'std::map< std::string,std::string > *' at 0x7f82129bc0> >
2026-06-21 15:41:40,216 - mazeUtils.moveTile - [moveTile.py:529] - DEBUG - Direction: absDirection.NORTH, Angle: 0, Distance: 139.83693444556766 cm
2026-06-21 15:41:40,217 - mazeUtils.moveTile - [moveTile.py:553] - DEBUG - Front LiDAR distance: 139.83693444556766 cm, TSD10 distance: 1.0 cm
2026-06-21 15:41:40,220 - mazeUtils.moveTile - [moveTile.py:529] - DEBUG - Direction: absDirection.EAST, Angle: 270, Distance: 17.183847894175162 cm
2026-06-21 15:41:40,223 - mazeUtils.moveTile - [moveTile.py:529] - DEBUG - Direction: absDirection.SOUTH, Angle: 180, Distance: 16.249147442650855 cm
2026-06-21 15:41:40,225 - mazeUtils.moveTile - [moveTile.py:529] - DEBUG - Direction: absDirection.WEST, Angle: 90, Distance: 17.35137248011913 cm
2026-06-21 15:41:40,227 - __main__ - [main.py:70] - INFO - Initial Map:
2026-06-21 15:41:40,255 - __main__ - [main.py:71] - INFO - Current position: (20, 20, 0), front direction: absDirection.NORTH
Layer 0 (altitude=0.0cm, offset=(0.0cm, 0.0cm)):
Known map area: x=20..20, y=20..20
+   +
| @ |
+---+
mazeAsGraph[0][20][20] = {absDirection.NORTH: (20, 19, 0, 30), absDirection.EAST: None, absDirection.SOUTH: None, absDirection.WEST: None}
2026-06-21 15:41:40,257 - mazeUtils.mazeMap - [mazeMap.py:61] - INFO - next goal: (20, 19, 0)
2026-06-21 15:41:40,258 - __main__ - [main.py:74] - INFO - Next Direction: [<absDirection.NORTH: 0>]
2026-06-21 15:41:40,259 - __main__ - [main.py:75] - INFO - Exploration started.
2026-06-21 15:41:40,267 - mazeUtils.moveTile - [moveTile.py:79] - DEBUG - Moving to absDirection.NORTH from (20, 20, 0) facing absDirection.NORTH
2026-06-21 15:41:40,297 - mazeUtils.moveTile - [moveTile.py:79] - DEBUG - current heading: 0.01999999999999602 target: 0
2026-06-21 15:41:40,316 - mazeUtils.moveTile - [moveTile.py:404] - DEBUG - stopped turning at heading: 0.01999999999999602, diff: 0.01999999999999602
2026-06-21 15:41:40,361 - mazeUtils.moveTile - [moveTile.py:79] - DEBUG - Turned to heading: 0.030000000000001137 deg
2026-06-21 15:41:40,422 - mazeUtils.moveTile - [moveTile.py:79] - DEBUG - Little backward to adjust position
2026-06-21 15:41:41,036 - picamera2.picamera2 - [picamera2.py:1391] - DEBUG - Execute job: <picamera2.job.Job object at 0x7f7f543410>
2026-06-21 15:41:41,047 - mazeUtils.device.camera - [camera.py:39] - DEBUG - Average HSV: H=165.8, S=18.4, V=220.0
2026-06-21 15:41:41,076 - mazeUtils.moveTile - [moveTile.py:79] - DEBUG - roll: 359.04 deg, practicalMoveTime: 0.049362405476304036 sec
2026-06-21 15:41:41,077 - mazeUtils.moveTile - [moveTile.py:1426] - DEBUG - moveTile loop time: 46.1 ms
2026-06-21 15:41:41,083 - picamera2.picamera2 - [picamera2.py:1391] - DEBUG - Execute job: <picamera2.job.Job object at 0x7f7f5324d0>
2026-06-21 15:41:41,091 - mazeUtils.device.camera - [camera.py:39] - DEBUG - Average HSV: H=164.6, S=18.3, V=220.0
2026-06-21 15:41:41,123 - mazeUtils.moveTile - [moveTile.py:79] - DEBUG - roll: 359.20000000000005 deg, practicalMoveTime: 0.09468517374835891 sec
2026-06-21 15:41:41,123 - mazeUtils.moveTile - [moveTile.py:1426] - DEBUG - moveTile loop time: 45.6 ms
2026-06-21 15:41:41,130 - picamera2.picamera2 - [picamera2.py:1391] - DEBUG - Execute job: <picamera2.job.Job object at 0x7f7f543410>
2026-06-21 15:41:41,137 - mazeUtils.device.camera - [camera.py:39] - DEBUG - Average HSV: H=160.0, S=18.2, V=220.8
2026-06-21 15:41:41,172 - mazeUtils.moveTile - [moveTile.py:79] - DEBUG - roll: 359.96000000000004 deg, practicalMoveTime: 0.14349659755277142 sec
2026-06-21 15:41:41,173 - mazeUtils.moveTile - [moveTile.py:1426] - DEBUG - moveTile loop time: 49.3 ms
2026-06-21 15:41:41,178 - picamera2.picamera2 - [picamera2.py:1391] - DEBUG - Execute job: <picamera2.job.Job object at 0x7f751bb250>
2026-06-21 15:41:41,184 - mazeUtils.device.camera - [camera.py:39] - DEBUG - Average HSV: H=164.0, S=18.7, V=222.6
2026-06-21 15:41:41,212 - mazeUtils.moveTile - [moveTile.py:79] - DEBUG - roll: 359.07000000000005 deg, practicalMoveTime: 0.18269102451636246 sec
2026-06-21 15:41:41,213 - mazeUtils.moveTile - [moveTile.py:1426] - DEBUG - moveTile loop time: 39.5 ms
2026-06-21 15:41:41,219 - picamera2.picamera2 - [picamera2.py:1391] - DEBUG - Execute job: <picamera2.job.Job object at 0x7f7f5331d0>
2026-06-21 15:41:41,224 - mazeUtils.device.camera - [camera.py:39] - DEBUG - Average HSV: H=140.6, S=18.2, V=223.8
2026-06-21 15:41:41,252 - mazeUtils.moveTile - [moveTile.py:79] - DEBUG - roll: 358.82000000000005 deg, practicalMoveTime: 0.2216715849255736 sec
2026-06-21 15:41:41,253 - mazeUtils.moveTile - [moveTile.py:1426] - DEBUG - moveTile loop time: 39.3 ms
2026-06-21 15:41:41,258 - picamera2.picamera2 - [picamera2.py:1391] - DEBUG - Execute job: <picamera2.job.Job object at 0x7f5ceb57d0>
2026-06-21 15:41:41,263 - mazeUtils.device.camera - [camera.py:39] - DEBUG - Average HSV: H=144.1, S=18.1, V=223.4
2026-06-21 15:41:41,298 - mazeUtils.moveTile - [moveTile.py:79] - DEBUG - roll: 359.82000000000005 deg, practicalMoveTime: 0.266989011133428 sec
2026-06-21 15:41:41,299 - mazeUtils.moveTile - [moveTile.py:1426] - DEBUG - moveTile loop time: 45.7 ms
2026-06-21 15:41:41,309 - picamera2.picamera2 - [picamera2.py:1391] - DEBUG - Execute job: <picamera2.job.Job object at 0x7f741cbc50>
2026-06-21 15:41:41,314 - mazeUtils.device.camera - [camera.py:39] - DEBUG - Average HSV: H=142.8, S=17.5, V=227.8
2026-06-21 15:41:41,344 - mazeUtils.moveTile - [moveTile.py:79] - DEBUG - roll: 359.99 deg, practicalMoveTime: 0.3121688543478875 sec
2026-06-21 15:41:41,344 - mazeUtils.moveTile - [moveTile.py:1426] - DEBUG - moveTile loop time: 45.4 ms
2026-06-21 15:41:41,353 - picamera2.picamera2 - [picamera2.py:1391] - DEBUG - Execute job: <picamera2.job.Job object at 0x7f7f543410>
2026-06-21 15:41:41,359 - mazeUtils.device.camera - [camera.py:39] - DEBUG - Average HSV: H=130.2, S=17.1, V=229.2
2026-06-21 15:41:41,388 - mazeUtils.moveTile - [moveTile.py:79] - DEBUG - roll: 0.060000000000002274 deg, practicalMoveTime: 0.35537599923601004 sec
2026-06-21 15:41:41,388 - mazeUtils.moveTile - [moveTile.py:1426] - DEBUG - moveTile loop time: 43.5 ms
2026-06-21 15:41:41,394 - picamera2.picamera2 - [picamera2.py:1391] - DEBUG - Execute job: <picamera2.job.Job object at 0x7f751bb250>
2026-06-21 15:41:41,399 - mazeUtils.device.camera - [camera.py:39] - DEBUG - Average HSV: H=141.4, S=17.4, V=228.5
2026-06-21 15:41:41,427 - mazeUtils.moveTile - [moveTile.py:79] - DEBUG - roll: 0.010000000000047748 deg, practicalMoveTime: 0.3934607440630507 sec
2026-06-21 15:41:41,427 - mazeUtils.moveTile - [moveTile.py:1426] - DEBUG - moveTile loop time: 38.5 ms
2026-06-21 15:41:41,433 - picamera2.picamera2 - [picamera2.py:1391] - DEBUG - Execute job: <picamera2.job.Job object at 0x7f5e39b4d0>
2026-06-21 15:41:41,438 - mazeUtils.device.camera - [camera.py:39] - DEBUG - Average HSV: H=114.3, S=18.2, V=227.6
2026-06-21 15:41:41,465 - mazeUtils.moveTile - [moveTile.py:79] - DEBUG - roll: 359.96000000000004 deg, practicalMoveTime: 0.43080900537776384 sec
2026-06-21 15:41:41,466 - mazeUtils.moveTile - [moveTile.py:1426] - DEBUG - moveTile loop time: 37.8 ms
2026-06-21 15:41:41,473 - picamera2.picamera2 - [picamera2.py:1391] - DEBUG - Execute job: <picamera2.job.Job object at 0x7f5ceb57d0>
2026-06-21 15:41:41,478 - mazeUtils.device.camera - [camera.py:39] - DEBUG - Average HSV: H=128.1, S=16.9, V=229.2
2026-06-21 15:41:41,507 - mazeUtils.moveTile - [moveTile.py:79] - DEBUG - roll: 358.76000000000005 deg, practicalMoveTime: 0.47200881422124213 sec
2026-06-21 15:41:41,507 - mazeUtils.moveTile - [moveTile.py:1426] - DEBUG - moveTile loop time: 41.4 ms
2026-06-21 15:41:41,514 - picamera2.picamera2 - [picamera2.py:1391] - DEBUG - Execute job: <picamera2.job.Job object at 0x7f8210d610>
2026-06-21 15:41:41,519 - mazeUtils.device.camera - [camera.py:39] - DEBUG - Average HSV: H=122.3, S=18.0, V=229.0
2026-06-21 15:41:41,559 - mazeUtils.moveTile - [moveTile.py:79] - DEBUG - roll: 0.35000000000002274 deg, practicalMoveTime: 0.5239475710182117 sec
2026-06-21 15:41:41,561 - mazeUtils.moveTile - [moveTile.py:1426] - DEBUG - moveTile loop time: 52.7 ms
2026-06-21 15:41:41,568 - picamera2.picamera2 - [picamera2.py:1391] - DEBUG - Execute job: <picamera2.job.Job object at 0x7f7f543410>
2026-06-21 15:41:41,573 - mazeUtils.device.camera - [camera.py:39] - DEBUG - Average HSV: H=138.6, S=16.1, V=230.2
2026-06-21 15:41:41,604 - mazeUtils.moveTile - [moveTile.py:79] - DEBUG - roll: 359.11 deg, practicalMoveTime: 0.5671857622802116 sec
2026-06-21 15:41:41,605 - mazeUtils.moveTile - [moveTile.py:1426] - DEBUG - moveTile loop time: 43.8 ms
2026-06-21 15:41:41,610 - picamera2.picamera2 - [picamera2.py:1391] - DEBUG - Execute job: <picamera2.job.Job object at 0x7f7f5324d0>
2026-06-21 15:41:41,615 - mazeUtils.device.camera - [camera.py:39] - DEBUG - Average HSV: H=126.2, S=17.2, V=228.7
2026-06-21 15:41:42,218 - mazeUtils.moveTile - [moveTile.py:797] - INFO - Detected victim info ahead: {<Side.LEFT: 0>: <UnitVStatus.NOTHING: 0>, <Side.RIGHT: 1>: <UnitVStatus.U_VICTIM: 1>}
2026-06-21 15:41:52,354 - mazeUtils.moveTile - [moveTile.py:79] - DEBUG - Turning to 0.5899999999999892 deg, current heading: 0.5999999999999943 deg, turnAngle: 0.010000000000005116 deg
2026-06-21 15:41:52,373 - mazeUtils.moveTile - [moveTile.py:79] - DEBUG - Turned to heading: 0.5999999999999943 deg
2026-06-21 15:41:52,915 - mazeUtils.moveTile - [moveTile.py:79] - DEBUG - roll: 359.36 deg, practicalMoveTime: 0.5671857622802116 sec
2026-06-21 15:41:52,916 - mazeUtils.moveTile - [moveTile.py:1426] - DEBUG - moveTile loop time: 11309.7 ms
2026-06-21 15:41:52,920 - picamera2.picamera2 - [picamera2.py:1391] - DEBUG - Execute job: <picamera2.job.Job object at 0x7f5cead3d0>
2026-06-21 15:41:52,925 - mazeUtils.device.camera - [camera.py:39] - DEBUG - Average HSV: H=134.0, S=16.6, V=228.5
2026-06-21 15:41:52,957 - mazeUtils.moveTile - [moveTile.py:79] - DEBUG - roll: 359.34000000000003 deg, practicalMoveTime: 0.6082132086694505 sec
2026-06-21 15:41:52,958 - mazeUtils.moveTile - [moveTile.py:1426] - DEBUG - moveTile loop time: 41.5 ms
2026-06-21 15:41:52,963 - picamera2.picamera2 - [picamera2.py:1391] - DEBUG - Execute job: <picamera2.job.Job object at 0x7f5cead750>
2026-06-21 15:41:52,969 - mazeUtils.device.camera - [camera.py:39] - DEBUG - Average HSV: H=126.5, S=16.9, V=228.5
2026-06-21 15:41:52,996 - mazeUtils.moveTile - [moveTile.py:79] - DEBUG - roll: 358.69 deg, practicalMoveTime: 0.6464493672257607 sec
2026-06-21 15:41:52,997 - mazeUtils.moveTile - [moveTile.py:1426] - DEBUG - moveTile loop time: 38.8 ms
2026-06-21 15:41:53,005 - picamera2.picamera2 - [picamera2.py:1391] - DEBUG - Execute job: <picamera2.job.Job object at 0x7f5cead510>
2026-06-21 15:41:53,010 - mazeUtils.device.camera - [camera.py:39] - DEBUG - Average HSV: H=129.4, S=16.8, V=228.6
2026-06-21 15:41:53,049 - mazeUtils.moveTile - [moveTile.py:79] - DEBUG - roll: 359.34000000000003 deg, practicalMoveTime: 0.698510093404962 sec
2026-06-21 15:41:53,050 - mazeUtils.moveTile - [moveTile.py:1426] - DEBUG - moveTile loop time: 52.4 ms
2026-06-21 15:41:53,056 - picamera2.picamera2 - [picamera2.py:1391] - DEBUG - Execute job: <picamera2.job.Job object at 0x7f5cead6d0>
2026-06-21 15:41:53,061 - mazeUtils.device.camera - [camera.py:39] - DEBUG - Average HSV: H=150.0, S=16.9, V=228.6
2026-06-21 15:41:53,092 - mazeUtils.moveTile - [moveTile.py:79] - DEBUG - roll: 0.21000000000003638 deg, practicalMoveTime: 0.7407520982611573 sec
2026-06-21 15:41:53,093 - mazeUtils.moveTile - [moveTile.py:1426] - DEBUG - moveTile loop time: 42.4 ms
2026-06-21 15:41:53,100 - picamera2.picamera2 - [picamera2.py:1391] - DEBUG - Execute job: <picamera2.job.Job object at 0x7f5cead590>
2026-06-21 15:41:53,104 - mazeUtils.device.camera - [camera.py:39] - DEBUG - Average HSV: H=134.9, S=17.4, V=229.0
2026-06-21 15:41:53,133 - mazeUtils.moveTile - [moveTile.py:79] - DEBUG - roll: 358.88 deg, practicalMoveTime: 0.7813515542284684 sec
2026-06-21 15:41:53,134 - mazeUtils.moveTile - [moveTile.py:1426] - DEBUG - moveTile loop time: 40.9 ms
2026-06-21 15:41:53,139 - picamera2.picamera2 - [picamera2.py:1391] - DEBUG - Execute job: <picamera2.job.Job object at 0x7f5cead610>
2026-06-21 15:41:53,144 - mazeUtils.device.camera - [camera.py:39] - DEBUG - Average HSV: H=102.2, S=18.5, V=228.8
2026-06-21 15:41:53,173 - mazeUtils.moveTile - [moveTile.py:79] - DEBUG - roll: 358.86 deg, practicalMoveTime: 0.82033695636279 sec
2026-06-21 15:41:53,174 - mazeUtils.moveTile - [moveTile.py:1426] - DEBUG - moveTile loop time: 39.3 ms
2026-06-21 15:41:53,181 - picamera2.picamera2 - [picamera2.py:1391] - DEBUG - Execute job: <picamera2.job.Job object at 0x7f5cead490>
2026-06-21 15:41:53,185 - mazeUtils.device.camera - [camera.py:39] - DEBUG - Average HSV: H=122.0, S=19.3, V=227.9
2026-06-21 15:41:53,215 - mazeUtils.moveTile - [moveTile.py:1371] - INFO - practicalVerticalMove: -0.28744863523013775 CM
2026-06-21 15:41:53,266 - mazeUtils.moveTile - [moveTile.py:1641] - INFO - Set moved vertical distance: -0.28744863523013775 cm, past distances: [(0, False), (0, False), (0, False)]
2026-06-21 15:41:53,282 - mazeUtils.moveTile - [moveTile.py:529] - DEBUG - Direction: absDirection.NORTH, Angle: 0, Distance: 104.12196370691218 cm
2026-06-21 15:41:53,283 - mazeUtils.moveTile - [moveTile.py:553] - DEBUG - Front LiDAR distance: 104.12196370691218 cm, TSD10 distance: 1.1 cm
2026-06-21 15:41:53,285 - mazeUtils.moveTile - [moveTile.py:529] - DEBUG - Direction: absDirection.EAST, Angle: 270, Distance: 17.40096710613066 cm
2026-06-21 15:41:53,287 - mazeUtils.moveTile - [moveTile.py:529] - DEBUG - Direction: absDirection.SOUTH, Angle: 180, Distance: 53.061897094939226 cm
2026-06-21 15:41:53,288 - mazeUtils.moveTile - [moveTile.py:529] - DEBUG - Direction: absDirection.WEST, Angle: 90, Distance: 77.91694891163816 cm
2026-06-21 15:41:53,292 - mazeUtils.moveTile - [moveTile.py:1770] - INFO - Tile color detection counts: {}, decided tile type: E
2026-06-21 15:41:53,365 - __main__ - [main.py:92] - INFO - Current position: (20, 19, 0), front direction: absDirection.NORTH
Layer 0 (altitude=0.0cm, offset=(0.0cm, 0.0cm)):
Known map area: x=20..20, y=19..20
+   +
  @ |
+   +
| S |
+---+
mazeAsGraph[0][19][20] = {absDirection.NORTH: (20, 18, 0, 30), absDirection.EAST: None, absDirection.SOUTH: (20, 20, 0, 30), absDirection.WEST: (19, 19, 0, 30)}
mazeAsGraph[0][20][20] = {absDirection.NORTH: (20, 19, 0, 30), absDirection.EAST: None, absDirection.SOUTH: None, absDirection.WEST: None}
2026-06-21 15:41:53,376 - mazeUtils.moveTile - [moveTile.py:79] - DEBUG - Moving to absDirection.NORTH from (20, 19, 0) facing absDirection.NORTH
2026-06-21 15:41:53,400 - mazeUtils.moveTile - [moveTile.py:79] - DEBUG - current heading: 2.1099999999999994 target: 0
2026-06-21 15:41:53,420 - mazeUtils.moveTile - [moveTile.py:404] - DEBUG - stopped turning at heading: 2.1099999999999994, diff: 2.1099999999999994
2026-06-21 15:41:53,464 - mazeUtils.moveTile - [moveTile.py:79] - DEBUG - Turned to heading: 1.9899999999999949 deg
2026-06-21 15:41:53,691 - picamera2.picamera2 - [picamera2.py:1391] - DEBUG - Execute job: <picamera2.job.Job object at 0x7f74152a90>
2026-06-21 15:41:53,697 - mazeUtils.device.camera - [camera.py:39] - DEBUG - Average HSV: H=141.1, S=17.8, V=230.3
2026-06-21 15:41:53,723 - mazeUtils.moveTile - [moveTile.py:79] - DEBUG - roll: 359.59000000000003 deg, practicalMoveTime: 0.03675080617692153 sec
2026-06-21 15:41:53,724 - mazeUtils.moveTile - [moveTile.py:1426] - DEBUG - moveTile loop time: 36.9 ms
2026-06-21 15:41:53,732 - picamera2.picamera2 - [picamera2.py:1391] - DEBUG - Execute job: <picamera2.job.Job object at 0x7f896c8d50>
2026-06-21 15:41:53,736 - mazeUtils.device.camera - [camera.py:39] - DEBUG - Average HSV: H=143.0, S=17.9, V=230.5
2026-06-21 15:41:53,773 - mazeUtils.moveTile - [moveTile.py:79] - DEBUG - roll: 359.40000000000003 deg, practicalMoveTime: 0.08553500974722941 sec
2026-06-21 15:41:53,774 - mazeUtils.moveTile - [moveTile.py:1426] - DEBUG - moveTile loop time: 49.3 ms
2026-06-21 15:41:53,784 - picamera2.picamera2 - [picamera2.py:1391] - DEBUG - Execute job: <picamera2.job.Job object at 0x7f7419bc10>
2026-06-21 15:41:53,788 - mazeUtils.device.camera - [camera.py:39] - DEBUG - Average HSV: H=125.8, S=18.4, V=230.6
2026-06-21 15:41:53,819 - mazeUtils.moveTile - [moveTile.py:79] - DEBUG - roll: 359.62 deg, practicalMoveTime: 0.1301502508709873 sec
2026-06-21 15:41:53,819 - mazeUtils.moveTile - [moveTile.py:1426] - DEBUG - moveTile loop time: 44.8 ms
2026-06-21 15:41:53,825 - picamera2.picamera2 - [picamera2.py:1391] - DEBUG - Execute job: <picamera2.job.Job object at 0x7f741e0b10>
2026-06-21 15:41:53,830 - mazeUtils.device.camera - [camera.py:39] - DEBUG - Average HSV: H=156.8, S=17.6, V=229.7
2026-06-21 15:41:53,862 - mazeUtils.moveTile - [moveTile.py:79] - DEBUG - roll: 359.87 deg, practicalMoveTime: 0.17266923398597325 sec
2026-06-21 15:41:53,863 - mazeUtils.moveTile - [moveTile.py:1426] - DEBUG - moveTile loop time: 43.2 ms
2026-06-21 15:41:53,874 - picamera2.picamera2 - [picamera2.py:1391] - DEBUG - Execute job: <picamera2.job.Job object at 0x7f5ceb5750>
2026-06-21 15:41:53,878 - mazeUtils.device.camera - [camera.py:39] - DEBUG - Average HSV: H=168.2, S=18.0, V=229.2
2026-06-21 15:41:53,916 - mazeUtils.moveTile - [moveTile.py:79] - DEBUG - roll: 0.30000000000001137 deg, practicalMoveTime: 0.2261100259283934 sec
2026-06-21 15:41:53,917 - mazeUtils.moveTile - [moveTile.py:1426] - DEBUG - moveTile loop time: 53.9 ms
2026-06-21 15:41:53,923 - picamera2.picamera2 - [picamera2.py:1391] - DEBUG - Execute job: <picamera2.job.Job object at 0x7f7f543290>
2026-06-21 15:41:53,928 - mazeUtils.device.camera - [camera.py:39] - DEBUG - Average HSV: H=159.0, S=18.6, V=228.3
2026-06-21 15:41:53,957 - mazeUtils.moveTile - [moveTile.py:79] - DEBUG - roll: 359.35 deg, practicalMoveTime: 0.2654262957463813 sec
2026-06-21 15:41:53,957 - mazeUtils.moveTile - [moveTile.py:1426] - DEBUG - moveTile loop time: 39.7 ms
2026-06-21 15:41:53,963 - picamera2.picamera2 - [picamera2.py:1391] - DEBUG - Execute job: <picamera2.job.Job object at 0x7f7419bc10>
2026-06-21 15:41:53,968 - mazeUtils.device.camera - [camera.py:39] - DEBUG - Average HSV: H=160.9, S=18.6, V=228.9
2026-06-21 15:41:53,994 - mazeUtils.moveTile - [moveTile.py:79] - DEBUG - roll: 359.79 deg, practicalMoveTime: 0.3024481608760523 sec
2026-06-21 15:41:53,995 - mazeUtils.moveTile - [moveTile.py:1426] - DEBUG - moveTile loop time: 37.2 ms
2026-06-21 15:41:54,003 - picamera2.picamera2 - [picamera2.py:1391] - DEBUG - Execute job: <picamera2.job.Job object at 0x7f5ceb5910>
2026-06-21 15:41:54,008 - mazeUtils.device.camera - [camera.py:39] - DEBUG - Average HSV: H=166.6, S=17.9, V=229.8
2026-06-21 15:41:54,036 - mazeUtils.moveTile - [moveTile.py:79] - DEBUG - roll: 359.0 deg, practicalMoveTime: 0.3431586076351375 sec
2026-06-21 15:41:54,036 - mazeUtils.moveTile - [moveTile.py:1426] - DEBUG - moveTile loop time: 41.0 ms
2026-06-21 15:41:54,046 - picamera2.picamera2 - [picamera2.py:1391] - DEBUG - Execute job: <picamera2.job.Job object at 0x7f896c8d50>
2026-06-21 15:41:54,051 - mazeUtils.device.camera - [camera.py:39] - DEBUG - Average HSV: H=165.2, S=18.1, V=228.6
2026-06-21 15:41:54,081 - mazeUtils.moveTile - [moveTile.py:79] - DEBUG - roll: 359.14000000000004 deg, practicalMoveTime: 0.38799937543281987 sec
2026-06-21 15:41:54,082 - mazeUtils.moveTile - [moveTile.py:1426] - DEBUG - moveTile loop time: 45.7 ms
2026-06-21 15:41:54,090 - picamera2.picamera2 - [picamera2.py:1391] - DEBUG - Execute job: <picamera2.job.Job object at 0x7f7f543290>
2026-06-21 15:41:54,094 - mazeUtils.device.camera - [camera.py:39] - DEBUG - Average HSV: H=166.6, S=18.7, V=226.9
2026-06-21 15:41:54,129 - mazeUtils.moveTile - [moveTile.py:79] - DEBUG - roll: 358.68 deg, practicalMoveTime: 0.433939262765165 sec
2026-06-21 15:41:54,129 - mazeUtils.moveTile - [moveTile.py:1426] - DEBUG - moveTile loop time: 45.8 ms
2026-06-21 15:41:54,135 - picamera2.picamera2 - [picamera2.py:1391] - DEBUG - Execute job: <picamera2.job.Job object at 0x7f89659c50>
2026-06-21 15:41:54,140 - mazeUtils.device.camera - [camera.py:39] - DEBUG - Average HSV: H=167.2, S=17.6, V=228.0
2026-06-21 15:41:54,172 - mazeUtils.moveTile - [moveTile.py:79] - DEBUG - roll: 359.13 deg, practicalMoveTime: 0.47654523428471174 sec
2026-06-21 15:41:54,172 - mazeUtils.moveTile - [moveTile.py:1426] - DEBUG - moveTile loop time: 43.0 ms
2026-06-21 15:41:54,178 - picamera2.picamera2 - [picamera2.py:1391] - DEBUG - Execute job: <picamera2.job.Job object at 0x7f7419bc10>
2026-06-21 15:41:54,183 - mazeUtils.device.camera - [camera.py:39] - DEBUG - Average HSV: H=159.7, S=18.3, V=226.3
2026-06-21 15:41:54,222 - mazeUtils.moveTile - [moveTile.py:79] - DEBUG - roll: 358.98 deg, practicalMoveTime: 0.5259496550471592 sec
2026-06-21 15:41:54,223 - mazeUtils.moveTile - [moveTile.py:1426] - DEBUG - moveTile loop time: 50.0 ms
2026-06-21 15:41:54,233 - picamera2.picamera2 - [picamera2.py:1391] - DEBUG - Execute job: <picamera2.job.Job object at 0x7f741e1750>
2026-06-21 15:41:54,242 - mazeUtils.device.camera - [camera.py:39] - DEBUG - Average HSV: H=166.7, S=18.3, V=226.8
2026-06-21 15:41:54,271 - mazeUtils.moveTile - [moveTile.py:79] - DEBUG - roll: 358.23 deg, practicalMoveTime: 0.5740271763652843 sec
2026-06-21 15:41:54,272 - mazeUtils.moveTile - [moveTile.py:1426] - DEBUG - moveTile loop time: 47.9 ms
2026-06-21 15:41:54,279 - picamera2.picamera2 - [picamera2.py:1391] - DEBUG - Execute job: <picamera2.job.Job object at 0x7f5ceb5910>
2026-06-21 15:41:54,284 - mazeUtils.device.camera - [camera.py:39] - DEBUG - Average HSV: H=165.2, S=19.2, V=223.6
2026-06-21 15:41:54,319 - mazeUtils.moveTile - [moveTile.py:79] - DEBUG - roll: 359.05 deg, practicalMoveTime: 0.6211596262290561 sec
2026-06-21 15:41:54,319 - mazeUtils.moveTile - [moveTile.py:1426] - DEBUG - moveTile loop time: 47.1 ms
2026-06-21 15:41:54,325 - picamera2.picamera2 - [picamera2.py:1391] - DEBUG - Execute job: <picamera2.job.Job object at 0x7f7419bc10>
2026-06-21 15:41:54,329 - mazeUtils.device.camera - [camera.py:39] - DEBUG - Average HSV: H=164.5, S=20.9, V=220.3
2026-06-21 15:41:54,355 - mazeUtils.moveTile - [moveTile.py:79] - DEBUG - roll: 359.13 deg, practicalMoveTime: 0.6566009918050564 sec
2026-06-21 15:41:54,355 - mazeUtils.moveTile - [moveTile.py:1426] - DEBUG - moveTile loop time: 35.8 ms
2026-06-21 15:41:54,361 - picamera2.picamera2 - [picamera2.py:1391] - DEBUG - Execute job: <picamera2.job.Job object at 0x7f89703d90>
2026-06-21 15:41:54,365 - mazeUtils.device.camera - [camera.py:39] - DEBUG - Average HSV: H=164.3, S=19.4, V=222.1
2026-06-21 15:41:54,396 - mazeUtils.moveTile - [moveTile.py:79] - DEBUG - roll: 359.02000000000004 deg, practicalMoveTime: 0.6974685406090383 sec
2026-06-21 15:41:54,397 - mazeUtils.moveTile - [moveTile.py:1426] - DEBUG - moveTile loop time: 41.2 ms
2026-06-21 15:41:54,402 - picamera2.picamera2 - [picamera2.py:1391] - DEBUG - Execute job: <picamera2.job.Job object at 0x7f896c8d50>
2026-06-21 15:41:54,405 - mazeUtils.device.camera - [camera.py:39] - DEBUG - Average HSV: H=169.2, S=21.7, V=219.5
2026-06-21 15:41:54,436 - mazeUtils.moveTile - [moveTile.py:79] - DEBUG - roll: 358.87 deg, practicalMoveTime: 0.7367212927995851 sec
2026-06-21 15:41:54,436 - mazeUtils.moveTile - [moveTile.py:1426] - DEBUG - moveTile loop time: 39.5 ms
2026-06-21 15:41:54,447 - picamera2.picamera2 - [picamera2.py:1391] - DEBUG - Execute job: <picamera2.job.Job object at 0x7f741e1750>
2026-06-21 15:41:54,451 - mazeUtils.device.camera - [camera.py:39] - DEBUG - Average HSV: H=159.5, S=36.8, V=196.0
2026-06-21 15:41:54,482 - mazeUtils.moveTile - [moveTile.py:79] - DEBUG - roll: 359.8 deg, practicalMoveTime: 0.7823946233202377 sec
2026-06-21 15:41:54,483 - mazeUtils.moveTile - [moveTile.py:1426] - DEBUG - moveTile loop time: 46.1 ms
2026-06-21 15:41:54,488 - picamera2.picamera2 - [picamera2.py:1391] - DEBUG - Execute job: <picamera2.job.Job object at 0x7f896c8d50>
2026-06-21 15:41:54,492 - mazeUtils.device.camera - [camera.py:39] - DEBUG - Average HSV: H=165.8, S=18.8, V=224.4
2026-06-21 15:41:54,529 - mazeUtils.moveTile - [moveTile.py:79] - DEBUG - roll: 359.25 deg, practicalMoveTime: 0.8286131116799513 sec
2026-06-21 15:41:54,529 - mazeUtils.moveTile - [moveTile.py:1426] - DEBUG - moveTile loop time: 45.9 ms
2026-06-21 15:41:54,537 - picamera2.picamera2 - [picamera2.py:1391] - DEBUG - Execute job: <picamera2.job.Job object at 0x7f7419bc50>
2026-06-21 15:41:54,540 - mazeUtils.device.camera - [camera.py:39] - DEBUG - Average HSV: H=166.3, S=18.6, V=222.5
2026-06-21 15:41:54,567 - mazeUtils.moveTile - [moveTile.py:1371] - INFO - practicalVerticalMove: -0.3930109546254464 CM
2026-06-21 15:41:54,617 - mazeUtils.moveTile - [moveTile.py:1641] - INFO - Set moved vertical distance: -0.3930109546254464 cm, past distances: [(-0.28744863523013775, False), (0, False), (0, False)]
2026-06-21 15:41:54,673 - mazeUtils.moveTile - [moveTile.py:529] - DEBUG - Direction: absDirection.NORTH, Angle: 0, Distance: 101.22696967298555 cm
2026-06-21 15:41:54,673 - mazeUtils.moveTile - [moveTile.py:553] - DEBUG - Front LiDAR distance: 101.22696967298555 cm, TSD10 distance: 60.0 cm
2026-06-21 15:41:54,674 - mazeUtils.moveTile - [moveTile.py:529] - DEBUG - Direction: absDirection.EAST, Angle: 270, Distance: 17.45005547019718 cm
2026-06-21 15:41:54,676 - mazeUtils.moveTile - [moveTile.py:529] - DEBUG - Direction: absDirection.SOUTH, Angle: 180, Distance: 83.59775688589801 cm
2026-06-21 15:41:54,677 - mazeUtils.moveTile - [moveTile.py:529] - DEBUG - Direction: absDirection.WEST, Angle: 90, Distance: 17.607032317662057 cm
2026-06-21 15:41:54,679 - mazeUtils.moveTile - [moveTile.py:1770] - INFO - Tile color detection counts: {}, decided tile type: E
2026-06-21 15:41:54,742 - __main__ - [main.py:92] - INFO - Current position: (20, 18, 0), front direction: absDirection.NORTH
Layer 0 (altitude=0.0cm, offset=(0.0cm, 0.0cm)):
Known map area: x=20..20, y=18..20
+   +
| @ |
+   +
  E |
+   +
| S |
+---+
mazeAsGraph[0][18][20] = {absDirection.NORTH: (20, 17, 0, 30), absDirection.EAST: None, absDirection.SOUTH: (20, 19, 0, 30), absDirection.WEST: None}
mazeAsGraph[0][19][20] = {absDirection.NORTH: (20, 18, 0, 30), absDirection.EAST: None, absDirection.SOUTH: (20, 20, 0, 30), absDirection.WEST: (19, 19, 0, 30)}
mazeAsGraph[0][20][20] = {absDirection.NORTH: (20, 19, 0, 30), absDirection.EAST: None, absDirection.SOUTH: None, absDirection.WEST: None}
2026-06-21 15:41:54,754 - mazeUtils.moveTile - [moveTile.py:79] - DEBUG - Moving to absDirection.NORTH from (20, 18, 0) facing absDirection.NORTH
2026-06-21 15:41:54,780 - mazeUtils.moveTile - [moveTile.py:79] - DEBUG - current heading: 359.36 target: 0
2026-06-21 15:41:54,800 - mazeUtils.moveTile - [moveTile.py:404] - DEBUG - stopped turning at heading: 359.36, diff: 0.6399999999999864
2026-06-21 15:41:54,846 - mazeUtils.moveTile - [moveTile.py:79] - DEBUG - Turned to heading: 359.53999999999996 deg
2026-06-21 15:41:54,980 - picamera2.picamera2 - [picamera2.py:1391] - DEBUG - Execute job: <picamera2.job.Job object at 0x7f741df110>
2026-06-21 15:41:54,983 - mazeUtils.device.camera - [camera.py:39] - DEBUG - Average HSV: H=166.3, S=24.2, V=209.1
2026-06-21 15:41:55,015 - mazeUtils.moveTile - [moveTile.py:79] - DEBUG - roll: 359.64000000000004 deg, practicalMoveTime: 0.040205638701977076 sec
2026-06-21 15:41:55,015 - mazeUtils.moveTile - [moveTile.py:1426] - DEBUG - moveTile loop time: 39.8 ms
2026-06-21 15:41:55,021 - picamera2.picamera2 - [picamera2.py:1391] - DEBUG - Execute job: <picamera2.job.Job object at 0x7f741dd5d0>
2026-06-21 15:41:55,024 - mazeUtils.device.camera - [camera.py:39] - DEBUG - Average HSV: H=165.8, S=23.8, V=209.5
2026-06-21 15:41:55,051 - mazeUtils.moveTile - [moveTile.py:79] - DEBUG - roll: 359.39000000000004 deg, practicalMoveTime: 0.07599357694128274 sec
2026-06-21 15:41:55,052 - mazeUtils.moveTile - [moveTile.py:1426] - DEBUG - moveTile loop time: 36.0 ms
2026-06-21 15:41:55,060 - picamera2.picamera2 - [picamera2.py:1391] - DEBUG - Execute job: <picamera2.job.Job object at 0x7f741dfb10>
2026-06-21 15:41:55,064 - mazeUtils.device.camera - [camera.py:39] - DEBUG - Average HSV: H=165.4, S=23.5, V=209.7
2026-06-21 15:41:55,091 - mazeUtils.moveTile - [moveTile.py:79] - DEBUG - roll: 0.7700000000000387 deg, practicalMoveTime: 0.11488138041944679 sec
2026-06-21 15:41:55,091 - mazeUtils.moveTile - [moveTile.py:1426] - DEBUG - moveTile loop time: 39.2 ms
2026-06-21 15:41:55,096 - picamera2.picamera2 - [picamera2.py:1391] - DEBUG - Execute job: <picamera2.job.Job object at 0x7f741dded0>
2026-06-21 15:41:55,100 - mazeUtils.device.camera - [camera.py:39] - DEBUG - Average HSV: H=160.3, S=23.8, V=206.8
2026-06-21 15:41:55,132 - mazeUtils.moveTile - [moveTile.py:79] - DEBUG - roll: 1.3500000000000227 deg, practicalMoveTime: 0.1556215262607071 sec
2026-06-21 15:41:55,132 - mazeUtils.moveTile - [moveTile.py:1426] - DEBUG - moveTile loop time: 41.0 ms
2026-06-21 15:41:55,139 - picamera2.picamera2 - [picamera2.py:1391] - DEBUG - Execute job: <picamera2.job.Job object at 0x7f741dfb10>
2026-06-21 15:41:55,142 - mazeUtils.device.camera - [camera.py:39] - DEBUG - Average HSV: H=158.0, S=22.9, V=205.5
2026-06-21 15:41:55,170 - mazeUtils.moveTile - [moveTile.py:79] - DEBUG - roll: 0.7800000000000296 deg, practicalMoveTime: 0.19305835691094406 sec
2026-06-21 15:41:55,171 - mazeUtils.moveTile - [moveTile.py:1426] - DEBUG - moveTile loop time: 37.9 ms
2026-06-21 15:41:55,177 - picamera2.picamera2 - [picamera2.py:1391] - DEBUG - Execute job: <picamera2.job.Job object at 0x7f741ec4d0>
2026-06-21 15:41:55,181 - mazeUtils.device.camera - [camera.py:39] - DEBUG - Average HSV: H=160.7, S=24.3, V=203.7
2026-06-21 15:41:55,209 - mazeUtils.moveTile - [moveTile.py:79] - DEBUG - roll: 0.7800000000000296 deg, practicalMoveTime: 0.23159610253572693 sec
2026-06-21 15:41:55,210 - mazeUtils.moveTile - [moveTile.py:1426] - DEBUG - moveTile loop time: 38.7 ms
2026-06-21 15:41:55,217 - picamera2.picamera2 - [picamera2.py:1391] - DEBUG - Execute job: <picamera2.job.Job object at 0x7f741edc50>
2026-06-21 15:41:55,221 - mazeUtils.device.camera - [camera.py:39] - DEBUG - Average HSV: H=160.0, S=24.5, V=202.0
2026-06-21 15:41:55,248 - mazeUtils.moveTile - [moveTile.py:79] - DEBUG - roll: 1.4600000000000364 deg, practicalMoveTime: 0.2694399147812542 sec
2026-06-21 15:41:55,248 - mazeUtils.moveTile - [moveTile.py:1426] - DEBUG - moveTile loop time: 38.2 ms
2026-06-21 15:41:55,254 - picamera2.picamera2 - [picamera2.py:1391] - DEBUG - Execute job: <picamera2.job.Job object at 0x7f741ec710>
2026-06-21 15:41:55,258 - mazeUtils.device.camera - [camera.py:39] - DEBUG - Average HSV: H=158.0, S=23.6, V=202.6
2026-06-21 15:41:55,288 - mazeUtils.moveTile - [moveTile.py:79] - DEBUG - roll: 1.3900000000000432 deg, practicalMoveTime: 0.30921645279795973 sec
2026-06-21 15:41:55,288 - mazeUtils.moveTile - [moveTile.py:1426] - DEBUG - moveTile loop time: 39.4 ms
2026-06-21 15:41:55,294 - picamera2.picamera2 - [picamera2.py:1391] - DEBUG - Execute job: <picamera2.job.Job object at 0x7f741ed890>
2026-06-21 15:41:55,298 - mazeUtils.device.camera - [camera.py:39] - DEBUG - Average HSV: H=156.2, S=22.0, V=202.7
2026-06-21 15:41:55,329 - mazeUtils.moveTile - [moveTile.py:79] - DEBUG - roll: 1.4600000000000364 deg, practicalMoveTime: 0.350031902851002 sec
2026-06-21 15:41:55,330 - mazeUtils.moveTile - [moveTile.py:1426] - DEBUG - moveTile loop time: 41.1 ms
2026-06-21 15:41:55,336 - picamera2.picamera2 - [picamera2.py:1391] - DEBUG - Execute job: <picamera2.job.Job object at 0x7f741ed890>
2026-06-21 15:41:55,339 - mazeUtils.device.camera - [camera.py:39] - DEBUG - Average HSV: H=154.0, S=23.0, V=197.7
2026-06-21 15:41:55,380 - mazeUtils.moveTile - [moveTile.py:79] - DEBUG - roll: 2.0100000000000477 deg, practicalMoveTime: 0.39982643793917433 sec
2026-06-21 15:41:55,380 - mazeUtils.moveTile - [moveTile.py:1426] - DEBUG - moveTile loop time: 50.1 ms
2026-06-21 15:41:55,385 - picamera2.picamera2 - [picamera2.py:1391] - DEBUG - Execute job: <picamera2.job.Job object at 0x7f741edbd0>
2026-06-21 15:41:55,389 - mazeUtils.device.camera - [camera.py:39] - DEBUG - Average HSV: H=154.5, S=23.1, V=198.3
2026-06-21 15:41:55,420 - mazeUtils.moveTile - [moveTile.py:79] - DEBUG - roll: 0.6400000000000432 deg, practicalMoveTime: 0.43942720062890794 sec
2026-06-21 15:41:55,421 - mazeUtils.moveTile - [moveTile.py:1426] - DEBUG - moveTile loop time: 40.5 ms
2026-06-21 15:41:55,426 - picamera2.picamera2 - [picamera2.py:1391] - DEBUG - Execute job: <picamera2.job.Job object at 0x7f7f543290>
2026-06-21 15:41:55,430 - mazeUtils.device.camera - [camera.py:39] - DEBUG - Average HSV: H=155.3, S=24.7, V=195.2
2026-06-21 15:41:55,459 - mazeUtils.moveTile - [moveTile.py:79] - DEBUG - roll: 1.0500000000000114 deg, practicalMoveTime: 0.4778147279838341 sec
2026-06-21 15:41:55,459 - mazeUtils.moveTile - [moveTile.py:1426] - DEBUG - moveTile loop time: 38.1 ms
2026-06-21 15:41:55,468 - picamera2.picamera2 - [picamera2.py:1391] - DEBUG - Execute job: <picamera2.job.Job object at 0x7f741ee850>
2026-06-21 15:41:55,471 - mazeUtils.device.camera - [camera.py:39] - DEBUG - Average HSV: H=159.4, S=28.2, V=189.3
2026-06-21 15:41:55,505 - mazeUtils.moveTile - [moveTile.py:79] - DEBUG - roll: 358.64000000000004 deg, practicalMoveTime: 0.5233980064362189 sec
2026-06-21 15:41:55,506 - mazeUtils.moveTile - [moveTile.py:1426] - DEBUG - moveTile loop time: 45.9 ms
2026-06-21 15:41:55,511 - picamera2.picamera2 - [picamera2.py:1391] - DEBUG - Execute job: <picamera2.job.Job object at 0x7f7f543290>
2026-06-21 15:41:55,515 - mazeUtils.device.camera - [camera.py:39] - DEBUG - Average HSV: H=154.0, S=26.7, V=190.6
2026-06-21 15:41:55,544 - mazeUtils.moveTile - [moveTile.py:79] - DEBUG - roll: 359.57000000000005 deg, practicalMoveTime: 0.5612029758403383 sec
2026-06-21 15:41:55,544 - mazeUtils.moveTile - [moveTile.py:1426] - DEBUG - moveTile loop time: 37.7 ms
2026-06-21 15:41:55,552 - picamera2.picamera2 - [picamera2.py:1391] - DEBUG - Execute job: <picamera2.job.Job object at 0x7f741ec710>
2026-06-21 15:41:55,556 - mazeUtils.device.camera - [camera.py:39] - DEBUG - Average HSV: H=154.7, S=28.7, V=186.0
2026-06-21 15:41:55,586 - mazeUtils.moveTile - [moveTile.py:79] - DEBUG - roll: 359.19 deg, practicalMoveTime: 0.6034300770803099 sec
2026-06-21 15:41:55,587 - mazeUtils.moveTile - [moveTile.py:1426] - DEBUG - moveTile loop time: 42.5 ms
2026-06-21 15:41:55,595 - picamera2.picamera2 - [picamera2.py:1391] - DEBUG - Execute job: <picamera2.job.Job object at 0x7f741ed890>
2026-06-21 15:41:55,598 - mazeUtils.device.camera - [camera.py:39] - DEBUG - Average HSV: H=151.9, S=27.8, V=186.6
2026-06-21 15:41:55,628 - mazeUtils.moveTile - [moveTile.py:79] - DEBUG - roll: 359.62 deg, practicalMoveTime: 0.644679875560278 sec
2026-06-21 15:41:55,628 - mazeUtils.moveTile - [moveTile.py:1426] - DEBUG - moveTile loop time: 41.5 ms
2026-06-21 15:41:55,638 - picamera2.picamera2 - [picamera2.py:1391] - DEBUG - Execute job: <picamera2.job.Job object at 0x7f741ed890>
2026-06-21 15:41:55,641 - mazeUtils.device.camera - [camera.py:39] - DEBUG - Average HSV: H=152.9, S=29.6, V=182.0
2026-06-21 15:41:55,674 - mazeUtils.moveTile - [moveTile.py:79] - DEBUG - roll: 359.94 deg, practicalMoveTime: 0.690655535470919 sec
2026-06-21 15:41:55,675 - mazeUtils.moveTile - [moveTile.py:1426] - DEBUG - moveTile loop time: 46.3 ms
2026-06-21 15:41:55,680 - picamera2.picamera2 - [picamera2.py:1391] - DEBUG - Execute job: <picamera2.job.Job object at 0x7f7f543290>
2026-06-21 15:41:55,684 - mazeUtils.device.camera - [camera.py:39] - DEBUG - Average HSV: H=150.1, S=29.8, V=181.7
2026-06-21 15:41:55,722 - mazeUtils.moveTile - [moveTile.py:79] - DEBUG - roll: 1.0100000000000477 deg, practicalMoveTime: 0.7378905986337935 sec
2026-06-21 15:41:55,723 - mazeUtils.moveTile - [moveTile.py:1426] - DEBUG - moveTile loop time: 47.2 ms
2026-06-21 15:41:55,728 - picamera2.picamera2 - [picamera2.py:1391] - DEBUG - Execute job: <picamera2.job.Job object at 0x7f7f543290>
2026-06-21 15:41:55,731 - mazeUtils.device.camera - [camera.py:39] - DEBUG - Average HSV: H=150.8, S=32.3, V=172.7
2026-06-21 15:41:55,760 - mazeUtils.moveTile - [moveTile.py:79] - DEBUG - roll: 358.99 deg, practicalMoveTime: 0.7746044542823397 sec
2026-06-21 15:41:55,760 - mazeUtils.moveTile - [moveTile.py:1426] - DEBUG - moveTile loop time: 37.0 ms
2026-06-21 15:41:55,766 - picamera2.picamera2 - [picamera2.py:1391] - DEBUG - Execute job: <picamera2.job.Job object at 0x7f751d3f90>
2026-06-21 15:41:55,769 - mazeUtils.device.camera - [camera.py:39] - DEBUG - Average HSV: H=150.9, S=33.3, V=172.3
2026-06-21 15:41:55,802 - mazeUtils.moveTile - [moveTile.py:79] - DEBUG - roll: 0.2400000000000091 deg, practicalMoveTime: 0.8164818334722042 sec
2026-06-21 15:41:55,802 - mazeUtils.moveTile - [moveTile.py:1426] - DEBUG - moveTile loop time: 42.2 ms
2026-06-21 15:41:55,807 - picamera2.picamera2 - [picamera2.py:1391] - DEBUG - Execute job: <picamera2.job.Job object at 0x7f741edbd0>
2026-06-21 15:41:55,809 - mazeUtils.device.camera - [camera.py:39] - DEBUG - Average HSV: H=148.3, S=32.6, V=172.9
2026-06-21 15:41:55,838 - mazeUtils.moveTile - [moveTile.py:1371] - INFO - practicalVerticalMove: 0.2183684973228172 CM
2026-06-21 15:41:55,885 - mazeUtils.moveTile - [moveTile.py:1641] - INFO - Set moved vertical distance: 0.2183684973228172 cm, past distances: [(-0.3930109546254464, False), (-0.28744863523013775, False), (0, False)]
2026-06-21 15:41:55,968 - mazeUtils.moveTile - [moveTile.py:529] - DEBUG - Direction: absDirection.NORTH, Angle: 0, Distance: 43.50416679545074 cm
2026-06-21 15:41:55,969 - mazeUtils.moveTile - [moveTile.py:553] - DEBUG - Front LiDAR distance: 43.50416679545074 cm, TSD10 distance: 30.1 cm
2026-06-21 15:41:55,970 - mazeUtils.moveTile - [moveTile.py:529] - DEBUG - Direction: absDirection.EAST, Angle: 270, Distance: 21.81812703344764 cm
2026-06-21 15:41:55,971 - mazeUtils.moveTile - [moveTile.py:529] - DEBUG - Direction: absDirection.SOUTH, Angle: 180, Distance: 113.61435252686987 cm
2026-06-21 15:41:55,972 - mazeUtils.moveTile - [moveTile.py:529] - DEBUG - Direction: absDirection.WEST, Angle: 90, Distance: 16.9623787862016 cm
2026-06-21 15:41:55,973 - mazeUtils.moveTile - [moveTile.py:1770] - INFO - Tile color detection counts: {}, decided tile type: E
2026-06-21 15:41:56,033 - __main__ - [main.py:92] - INFO - Current position: (20, 17, 0), front direction: absDirection.NORTH
Layer 0 (altitude=0.0cm, offset=(0.0cm, 0.0cm)):
Known map area: x=20..20, y=17..20
+   +
| @ |
+   +
| E |
+   +
  E |
+   +
| S |
+---+
mazeAsGraph[0][17][20] = {absDirection.NORTH: (20, 16, 0, 30), absDirection.EAST: None, absDirection.SOUTH: (20, 18, 0, 30), absDirection.WEST: None}
mazeAsGraph[0][18][20] = {absDirection.NORTH: (20, 17, 0, 30), absDirection.EAST: None, absDirection.SOUTH: (20, 19, 0, 30), absDirection.WEST: None}
mazeAsGraph[0][19][20] = {absDirection.NORTH: (20, 18, 0, 30), absDirection.EAST: None, absDirection.SOUTH: (20, 20, 0, 30), absDirection.WEST: (19, 19, 0, 30)}
mazeAsGraph[0][20][20] = {absDirection.NORTH: (20, 19, 0, 30), absDirection.EAST: None, absDirection.SOUTH: None, absDirection.WEST: None}
2026-06-21 15:41:56,046 - mazeUtils.moveTile - [moveTile.py:79] - DEBUG - Moving to absDirection.NORTH from (20, 17, 0) facing absDirection.NORTH
2026-06-21 15:41:56,073 - mazeUtils.moveTile - [moveTile.py:79] - DEBUG - current heading: 0.14999999999999147 target: 0
2026-06-21 15:41:56,092 - mazeUtils.moveTile - [moveTile.py:404] - DEBUG - stopped turning at heading: 0.14999999999999147, diff: 0.14999999999999147
2026-06-21 15:41:56,144 - mazeUtils.moveTile - [moveTile.py:79] - DEBUG - Turned to heading: 0.04999999999999716 deg
2026-06-21 15:41:56,275 - picamera2.picamera2 - [picamera2.py:1391] - DEBUG - Execute job: <picamera2.job.Job object at 0x7f741e0c90>
2026-06-21 15:41:56,279 - mazeUtils.device.camera - [camera.py:39] - DEBUG - Average HSV: H=150.0, S=35.8, V=163.3
2026-06-21 15:41:56,309 - mazeUtils.moveTile - [moveTile.py:79] - DEBUG - roll: 0.5300000000000296 deg, practicalMoveTime: 0.04086748747526276 sec
2026-06-21 15:41:56,310 - mazeUtils.moveTile - [moveTile.py:1426] - DEBUG - moveTile loop time: 40.5 ms
2026-06-21 15:41:56,318 - picamera2.picamera2 - [picamera2.py:1391] - DEBUG - Execute job: <picamera2.job.Job object at 0x7f741e0d50>
2026-06-21 15:41:56,320 - mazeUtils.device.camera - [camera.py:39] - DEBUG - Average HSV: H=150.5, S=35.2, V=165.5
2026-06-21 15:41:56,348 - mazeUtils.moveTile - [moveTile.py:79] - DEBUG - roll: 0.57000000000005 deg, practicalMoveTime: 0.07858558589550321 sec
2026-06-21 15:41:56,348 - mazeUtils.moveTile - [moveTile.py:1426] - DEBUG - moveTile loop time: 37.9 ms
2026-06-21 15:41:56,352 - picamera2.picamera2 - [picamera2.py:1391] - DEBUG - Execute job: <picamera2.job.Job object at 0x7f741e0790>
2026-06-21 15:41:56,355 - mazeUtils.device.camera - [camera.py:39] - DEBUG - Average HSV: H=149.1, S=34.4, V=166.4
2026-06-21 15:41:56,388 - mazeUtils.moveTile - [moveTile.py:79] - DEBUG - roll: 0.6800000000000068 deg, practicalMoveTime: 0.11840941258246401 sec
2026-06-21 15:41:56,388 - mazeUtils.moveTile - [moveTile.py:1426] - DEBUG - moveTile loop time: 40.1 ms
2026-06-21 15:41:56,395 - picamera2.picamera2 - [picamera2.py:1391] - DEBUG - Execute job: <picamera2.job.Job object at 0x7f741e02d0>
2026-06-21 15:41:56,399 - mazeUtils.device.camera - [camera.py:39] - DEBUG - Average HSV: H=151.5, S=35.6, V=158.6
2026-06-21 15:41:56,428 - mazeUtils.moveTile - [moveTile.py:79] - DEBUG - roll: 359.15000000000003 deg, practicalMoveTime: 0.15755796480303985 sec
2026-06-21 15:41:56,428 - mazeUtils.moveTile - [moveTile.py:1426] - DEBUG - moveTile loop time: 39.4 ms
2026-06-21 15:41:56,433 - picamera2.picamera2 - [picamera2.py:1391] - DEBUG - Execute job: <picamera2.job.Job object at 0x7f741e0bd0>
2026-06-21 15:41:56,436 - mazeUtils.device.camera - [camera.py:39] - DEBUG - Average HSV: H=154.9, S=39.5, V=151.6
2026-06-21 15:41:56,472 - mazeUtils.moveTile - [moveTile.py:79] - DEBUG - roll: 359.15000000000003 deg, practicalMoveTime: 0.20187891569569283 sec
2026-06-21 15:41:56,473 - mazeUtils.moveTile - [moveTile.py:1426] - DEBUG - moveTile loop time: 44.6 ms
2026-06-21 15:41:56,478 - picamera2.picamera2 - [picamera2.py:1391] - DEBUG - Execute job: <picamera2.job.Job object at 0x7f741e0cd0>
2026-06-21 15:41:56,481 - mazeUtils.device.camera - [camera.py:39] - DEBUG - Average HSV: H=153.9, S=37.7, V=151.6
2026-06-21 15:41:56,505 - mazeUtils.moveTile - [moveTile.py:79] - DEBUG - roll: 359.20000000000005 deg, practicalMoveTime: 0.23449473560760406 sec
2026-06-21 15:41:56,506 - mazeUtils.moveTile - [moveTile.py:1426] - DEBUG - moveTile loop time: 33.0 ms
2026-06-21 15:41:56,513 - picamera2.picamera2 - [picamera2.py:1391] - DEBUG - Execute job: <picamera2.job.Job object at 0x7f741e1650>
2026-06-21 15:41:56,516 - mazeUtils.device.camera - [camera.py:39] - DEBUG - Average HSV: H=155.3, S=40.0, V=149.3
2026-06-21 15:41:56,545 - mazeUtils.moveTile - [moveTile.py:79] - DEBUG - roll: 359.45000000000005 deg, practicalMoveTime: 0.27319567881983015 sec
2026-06-21 15:41:56,545 - mazeUtils.moveTile - [moveTile.py:1426] - DEBUG - moveTile loop time: 38.9 ms
2026-06-21 15:41:56,550 - picamera2.picamera2 - [picamera2.py:1391] - DEBUG - Execute job: <picamera2.job.Job object at 0x7f741e0bd0>
2026-06-21 15:41:56,553 - mazeUtils.device.camera - [camera.py:39] - DEBUG - Average HSV: H=154.2, S=41.6, V=147.6
2026-06-21 15:41:56,584 - mazeUtils.moveTile - [moveTile.py:79] - DEBUG - roll: 0.75 deg, practicalMoveTime: 0.31180902769419927 sec
2026-06-21 15:41:56,584 - mazeUtils.moveTile - [moveTile.py:1426] - DEBUG - moveTile loop time: 38.9 ms
2026-06-21 15:41:56,594 - picamera2.picamera2 - [picamera2.py:1391] - DEBUG - Execute job: <picamera2.job.Job object at 0x7f741e0cd0>
2026-06-21 15:41:56,597 - mazeUtils.device.camera - [camera.py:39] - DEBUG - Average HSV: H=151.3, S=42.3, V=145.5
2026-06-21 15:41:56,624 - mazeUtils.moveTile - [moveTile.py:79] - DEBUG - roll: 359.74 deg, practicalMoveTime: 0.3516619517891106 sec
2026-06-21 15:41:56,625 - mazeUtils.moveTile - [moveTile.py:1426] - DEBUG - moveTile loop time: 40.1 ms
2026-06-21 15:41:56,629 - picamera2.picamera2 - [picamera2.py:1391] - DEBUG - Execute job: <picamera2.job.Job object at 0x7f741e0bd0>
2026-06-21 15:41:56,632 - mazeUtils.device.camera - [camera.py:39] - DEBUG - Average HSV: H=151.2, S=43.9, V=144.8
2026-06-21 15:41:56,672 - mazeUtils.moveTile - [moveTile.py:79] - DEBUG - roll: 359.82000000000005 deg, practicalMoveTime: 0.39859107963823 sec
2026-06-21 15:41:56,672 - mazeUtils.moveTile - [moveTile.py:1426] - DEBUG - moveTile loop time: 47.5 ms
2026-06-21 15:41:56,680 - picamera2.picamera2 - [picamera2.py:1391] - DEBUG - Execute job: <picamera2.job.Job object at 0x7f741e0790>
2026-06-21 15:41:56,683 - mazeUtils.device.camera - [camera.py:39] - DEBUG - Average HSV: H=147.5, S=44.8, V=145.4
2026-06-21 15:41:56,726 - mazeUtils.moveTile - [moveTile.py:79] - DEBUG - roll: 0.57000000000005 deg, practicalMoveTime: 0.4523873313712467 sec
2026-06-21 15:41:56,727 - mazeUtils.moveTile - [moveTile.py:1426] - DEBUG - moveTile loop time: 53.9 ms
2026-06-21 15:41:56,732 - picamera2.picamera2 - [picamera2.py:1391] - DEBUG - Execute job: <picamera2.job.Job object at 0x7f741e1650>
2026-06-21 15:41:56,736 - mazeUtils.device.camera - [camera.py:39] - DEBUG - Average HSV: H=145.2, S=47.3, V=146.4
2026-06-21 15:41:56,763 - mazeUtils.moveTile - [moveTile.py:79] - DEBUG - roll: 359.53000000000003 deg, practicalMoveTime: 0.48890944468307823 sec
2026-06-21 15:41:56,764 - mazeUtils.moveTile - [moveTile.py:1426] - DEBUG - moveTile loop time: 36.8 ms
2026-06-21 15:41:56,769 - picamera2.picamera2 - [picamera2.py:1391] - DEBUG - Execute job: <picamera2.job.Job object at 0x7f741e0bd0>
2026-06-21 15:41:56,772 - mazeUtils.device.camera - [camera.py:39] - DEBUG - Average HSV: H=145.7, S=45.7, V=139.8
2026-06-21 15:41:56,801 - mazeUtils.moveTile - [moveTile.py:79] - DEBUG - roll: 0.25 deg, practicalMoveTime: 0.5266745881123968 sec
2026-06-21 15:41:56,802 - mazeUtils.moveTile - [moveTile.py:1426] - DEBUG - moveTile loop time: 38.1 ms
2026-06-21 15:41:56,806 - picamera2.picamera2 - [picamera2.py:1391] - DEBUG - Execute job: <picamera2.job.Job object at 0x7f741e0b50>
2026-06-21 15:41:56,810 - mazeUtils.device.camera - [camera.py:39] - DEBUG - Average HSV: H=137.5, S=51.8, V=150.2
2026-06-21 15:41:56,848 - mazeUtils.moveTile - [moveTile.py:79] - DEBUG - roll: 0.5800000000000409 deg, practicalMoveTime: 0.5728825094736757 sec
2026-06-21 15:41:56,849 - mazeUtils.moveTile - [moveTile.py:1426] - DEBUG - moveTile loop time: 46.6 ms
2026-06-21 15:41:56,854 - picamera2.picamera2 - [picamera2.py:1391] - DEBUG - Execute job: <picamera2.job.Job object at 0x7f741e0790>
2026-06-21 15:41:56,857 - mazeUtils.device.camera - [camera.py:39] - DEBUG - Average HSV: H=137.5, S=54.1, V=145.3
2026-06-21 15:41:56,885 - mazeUtils.moveTile - [moveTile.py:79] - DEBUG - roll: 0.4500000000000455 deg, practicalMoveTime: 0.6088866575468824 sec
2026-06-21 15:41:56,885 - mazeUtils.moveTile - [moveTile.py:1426] - DEBUG - moveTile loop time: 36.1 ms
2026-06-21 15:41:56,892 - picamera2.picamera2 - [picamera2.py:1391] - DEBUG - Execute job: <picamera2.job.Job object at 0x7f741e0790>
2026-06-21 15:41:56,894 - mazeUtils.device.camera - [camera.py:39] - DEBUG - Average HSV: H=137.1, S=57.6, V=146.4
2026-06-21 15:41:56,934 - mazeUtils.moveTile - [moveTile.py:79] - DEBUG - roll: 0.10000000000002274 deg, practicalMoveTime: 0.6574741441975009 sec
2026-06-21 15:41:56,935 - mazeUtils.moveTile - [moveTile.py:1426] - DEBUG - moveTile loop time: 49.0 ms
2026-06-21 15:41:56,945 - picamera2.picamera2 - [picamera2.py:1391] - DEBUG - Execute job: <picamera2.job.Job object at 0x7f741e0090>
2026-06-21 15:41:56,948 - mazeUtils.device.camera - [camera.py:39] - DEBUG - Average HSV: H=134.7, S=65.9, V=149.9
2026-06-21 15:41:56,978 - mazeUtils.moveTile - [moveTile.py:79] - DEBUG - roll: 1.2200000000000273 deg, practicalMoveTime: 0.7011258410411413 sec
2026-06-21 15:41:56,979 - mazeUtils.moveTile - [moveTile.py:1426] - DEBUG - moveTile loop time: 43.7 ms
2026-06-21 15:41:56,985 - picamera2.picamera2 - [picamera2.py:1391] - DEBUG - Execute job: <picamera2.job.Job object at 0x7f741e1650>
2026-06-21 15:41:56,988 - mazeUtils.device.camera - [camera.py:39] - DEBUG - Average HSV: H=132.2, S=68.4, V=155.6
2026-06-21 15:41:57,023 - mazeUtils.moveTile - [moveTile.py:79] - DEBUG - roll: 0.8000000000000114 deg, practicalMoveTime: 0.7457586932020885 sec
2026-06-21 15:41:57,024 - mazeUtils.moveTile - [moveTile.py:1426] - DEBUG - moveTile loop time: 44.8 ms
2026-06-21 15:41:57,030 - picamera2.picamera2 - [picamera2.py:1391] - DEBUG - Execute job: <picamera2.job.Job object at 0x7f741e0090>
2026-06-21 15:41:57,033 - mazeUtils.device.camera - [camera.py:39] - DEBUG - Average HSV: H=131.3, S=70.2, V=154.0
2026-06-21 15:41:57,062 - mazeUtils.moveTile - [moveTile.py:79] - DEBUG - roll: 1.150000000000034 deg, practicalMoveTime: 0.7839020345370901 sec
2026-06-21 15:41:57,063 - mazeUtils.moveTile - [moveTile.py:1426] - DEBUG - moveTile loop time: 38.5 ms
2026-06-21 15:41:57,067 - picamera2.picamera2 - [picamera2.py:1391] - DEBUG - Execute job: <picamera2.job.Job object at 0x7f741e02d0>
2026-06-21 15:41:57,071 - mazeUtils.device.camera - [camera.py:39] - DEBUG - Average HSV: H=128.8, S=87.6, V=125.4
2026-06-21 15:41:57,097 - mazeUtils.moveTile - [moveTile.py:79] - DEBUG - roll: 0.82000000000005 deg, practicalMoveTime: 0.8183936171508056 sec
2026-06-21 15:41:57,097 - mazeUtils.moveTile - [moveTile.py:1426] - DEBUG - moveTile loop time: 34.8 ms
2026-06-21 15:41:57,102 - picamera2.picamera2 - [picamera2.py:1391] - DEBUG - Execute job: <picamera2.job.Job object at 0x7f741e0b50>
2026-06-21 15:41:57,106 - mazeUtils.device.camera - [camera.py:39] - DEBUG - Average HSV: H=124.4, S=114.1, V=98.9
2026-06-21 15:41:57,137 - mazeUtils.moveTile - [moveTile.py:1371] - INFO - practicalVerticalMove: 0.12696617944179678 CM
2026-06-21 15:41:57,182 - mazeUtils.moveTile - [moveTile.py:79] - DEBUG - Little forward to adjust position
2026-06-21 15:41:57,265 - mazeUtils.moveTile - [moveTile.py:1641] - INFO - Set moved vertical distance: 0.12696617944179678 cm, past distances: [(0.2183684973228172, False), (-0.3930109546254464, False), (-0.28744863523013775, False)]
2026-06-21 15:41:57,360 - mazeUtils.moveTile - [moveTile.py:529] - DEBUG - Direction: absDirection.NORTH, Angle: 0, Distance: 11.369117973558787 cm
2026-06-21 15:41:57,360 - mazeUtils.moveTile - [moveTile.py:553] - DEBUG - Front LiDAR distance: 11.369117973558787 cm, TSD10 distance: 1.6 cm
2026-06-21 15:41:57,361 - mazeUtils.moveTile - [moveTile.py:529] - DEBUG - Direction: absDirection.EAST, Angle: 270, Distance: 18.51378139064488 cm
2026-06-21 15:41:57,362 - mazeUtils.moveTile - [moveTile.py:529] - DEBUG - Direction: absDirection.SOUTH, Angle: 180, Distance: 141.72415354881264 cm
2026-06-21 15:41:57,363 - mazeUtils.moveTile - [moveTile.py:529] - DEBUG - Direction: absDirection.WEST, Angle: 90, Distance: 68.44567070495197 cm
2026-06-21 15:41:57,364 - mazeUtils.moveTile - [moveTile.py:1770] - INFO - Tile color detection counts: {}, decided tile type: E
2026-06-21 15:41:57,425 - __main__ - [main.py:92] - INFO - Current position: (20, 16, 0), front direction: absDirection.NORTH
Layer 0 (altitude=0.0cm, offset=(0.0cm, 0.0cm)):
Known map area: x=20..20, y=16..20
+---+
  @ |
+   +
| E |
+   +
| E |
+   +
  E |
+   +
| S |
+---+
mazeAsGraph[0][16][20] = {absDirection.NORTH: None, absDirection.EAST: None, absDirection.SOUTH: (20, 17, 0, 30), absDirection.WEST: (19, 16, 0, 30)}
mazeAsGraph[0][17][20] = {absDirection.NORTH: (20, 16, 0, 30), absDirection.EAST: None, absDirection.SOUTH: (20, 18, 0, 30), absDirection.WEST: None}
mazeAsGraph[0][18][20] = {absDirection.NORTH: (20, 17, 0, 30), absDirection.EAST: None, absDirection.SOUTH: (20, 19, 0, 30), absDirection.WEST: None}
mazeAsGraph[0][19][20] = {absDirection.NORTH: (20, 18, 0, 30), absDirection.EAST: None, absDirection.SOUTH: (20, 20, 0, 30), absDirection.WEST: (19, 19, 0, 30)}
mazeAsGraph[0][20][20] = {absDirection.NORTH: (20, 19, 0, 30), absDirection.EAST: None, absDirection.SOUTH: None, absDirection.WEST: None}
2026-06-21 15:41:57,446 - mazeUtils.moveTile - [moveTile.py:79] - DEBUG - Moving to absDirection.NORTH from (20, 16, 0) facing absDirection.NORTH
2026-06-21 15:41:57,482 - mazeUtils.moveTile - [moveTile.py:79] - DEBUG - current heading: 0.12999999999999545 target: 0
2026-06-21 15:41:57,502 - mazeUtils.moveTile - [moveTile.py:404] - DEBUG - stopped turning at heading: 0.12999999999999545, diff: 0.12999999999999545
2026-06-21 15:41:57,546 - mazeUtils.moveTile - [moveTile.py:79] - DEBUG - Turned to heading: 0.0 deg
2026-06-21 15:41:57,767 - picamera2.picamera2 - [picamera2.py:1391] - DEBUG - Execute job: <picamera2.job.Job object at 0x7f820c17d0>
2026-06-21 15:41:57,770 - mazeUtils.device.camera - [camera.py:39] - DEBUG - Average HSV: H=114.3, S=242.7, V=178.1
2026-06-21 15:41:57,865 - mazeUtils.moveTile - [moveTile.py:1641] - INFO - Set moved vertical distance: 0.0 cm, past distances: [(0.12696617944179678, False), (0.2183684973228172, False), (-0.3930109546254464, False)]
2026-06-21 15:41:57,880 - mazeUtils.mazeMap - [mazeMap.py:671] - WARNING - Moving to wall direction: absDirection.NORTH
Current position: (20, 16, 0), front direction: absDirection.NORTH
Layer 0 (altitude=0.0cm, offset=(0.0cm, 0.0cm)):
Known map area: x=20..20, y=16..20
+---+
  @ |
+   +
| E |
+   +
| E |
+   +
  E |
+   +
| S |
+---+
mazeAsGraph[0][16][20] = {absDirection.NORTH: None, absDirection.EAST: None, absDirection.SOUTH: (20, 17, 0, 30), absDirection.WEST: (19, 16, 0, 30)}
mazeAsGraph[0][17][20] = {absDirection.NORTH: (20, 16, 0, 30), absDirection.EAST: None, absDirection.SOUTH: (20, 18, 0, 30), absDirection.WEST: None}
mazeAsGraph[0][18][20] = {absDirection.NORTH: (20, 17, 0, 30), absDirection.EAST: None, absDirection.SOUTH: (20, 19, 0, 30), absDirection.WEST: None}
mazeAsGraph[0][19][20] = {absDirection.NORTH: (20, 18, 0, 30), absDirection.EAST: None, absDirection.SOUTH: (20, 20, 0, 30), absDirection.WEST: (19, 19, 0, 30)}
mazeAsGraph[0][20][20] = {absDirection.NORTH: (20, 19, 0, 30), absDirection.EAST: None, absDirection.SOUTH: None, absDirection.WEST: None}
2026-06-21 15:41:57,881 - __main__ - [main.py:156] - ERROR - An unexpected error occurred:
Traceback (most recent call last):
  File "/home/tuton/Kanto2026RPi/./src/main.py", line 89, in main
    isBlack, stopped = moveTile.moveNextTile(
                       ^^^^^^^^^^^^^^^^^^^^^^
  File "/home/tuton/Kanto2026RPi/src/mazeUtils/moveTile.py", line 1800, in moveNextTile
    isBlack, stopped = moveTile(direction, mapInstance, stmInstance, lidar)
                       ^^^^^^^^^^^^^^^^^^^^^^^^^^^^^^^^^^^^^^^^^^^^^^^^^^^^
  File "/home/tuton/Kanto2026RPi/src/mazeUtils/moveTile.py", line 1657, in moveTile
    mapInstance.moveTo(direction)
  File "/home/tuton/Kanto2026RPi/src/mazeUtils/mazeMap.py", line 674, in moveTo
    self.currentPosition = self.mazeAsGraph[z][y][x][direction][0:3]  # type: ignore
                           ~~~~~~~~~~~~~~~~~~~~~~~~~~~~~~~~~~~~^^^^^
TypeError: 'NoneType' object is not subscriptable
2026-06-21 15:41:59,520 - picamera2.picamera2 - [picamera2.py:1391] - DEBUG - Execute job: <picamera2.job.Job object at 0x7f95ad6e10>
2026-06-21 15:41:59,542 - picamera2.picamera2 - [picamera2.py:1323] - INFO - Camera stopped
2026-06-21 15:41:59,545 - picamera2.picamera2 - [picamera2.py:1329] - DEBUG - Camera was not started
2026-06-21 15:41:59,743 - picamera2.picamera2 - [picamera2.py:723] - INFO - Camera closed successfully.
2026-06-21 15:41:59,811 - picamera2.picamera2 - [picamera2.py:500] - DEBUG - Resources now free: <picamera2.picamera2.Picamera2 object at 0x7f82095dd0>
