2026-07-02 17:01:03,842 - root - [logging_config.py:61] - INFO - Logging initialized. Log file: /home/tuton/Kanto2026RPi/src/config/../logs/robot_20260702_170047.log
2026-07-02 17:01:04,355 - mazeUtils.device.stm - [stm.py:134] - ERROR - Timeout while searching valid frame: elapsed=0.500s timeout=0.500s seq=1 buffered=0B dropped=0B tail=
2026-07-02 17:01:04,356 - mazeUtils.device.stm - [stm.py:709] - ERROR - update failed: requestSensorValues returned None
2026-07-02 17:01:06,244 - mazeUtils.device.LiDAR - [LiDAR.py:80] - INFO - Available ports: <ydlidar.Str2strMap; proxy of <Swig Object of type 'std::map< std::string,std::string > *' at 0x7f9036ff00> >
2026-07-02 17:01:10,167 - mazeUtils.device.stm - [stm.py:134] - ERROR - Timeout while searching valid frame: elapsed=0.500s timeout=0.500s seq=2 buffered=0B dropped=0B tail=
2026-07-02 17:01:10,168 - mazeUtils.device.stm - [stm.py:709] - ERROR - update failed: requestSensorValues returned None
2026-07-02 17:01:11,670 - mazeUtils.device.stm - [stm.py:134] - ERROR - Timeout while searching valid frame: elapsed=0.501s timeout=0.500s seq=3 buffered=0B dropped=0B tail=
2026-07-02 17:01:11,672 - mazeUtils.device.stm - [stm.py:709] - ERROR - update failed: requestSensorValues returned None
2026-07-02 17:01:11,672 - mazeUtils.moveTile - [moveTile.py:556] - DEBUG - overwrite the wall data
2026-07-02 17:01:12,183 - mazeUtils.device.stm - [stm.py:134] - ERROR - Timeout while searching valid frame: elapsed=0.500s timeout=0.500s seq=4 buffered=0B dropped=0B tail=
2026-07-02 17:01:12,184 - mazeUtils.device.stm - [stm.py:709] - ERROR - update failed: requestSensorValues returned None
2026-07-02 17:01:12,204 - mazeUtils.moveTile - [moveTile.py:570] - DEBUG - Direction: absDirection.NORTH, Angle: 0, Distance: 212.93435360551544 cm
2026-07-02 17:01:12,207 - mazeUtils.moveTile - [moveTile.py:580] - INFO - angle: 0, result: judgeWallResult.NO_WALL
2026-07-02 17:01:12,209 - mazeUtils.moveTile - [moveTile.py:570] - DEBUG - Direction: absDirection.EAST, Angle: 270, Distance: 59.77783135918972 cm
2026-07-02 17:01:12,210 - mazeUtils.moveTile - [moveTile.py:570] - DEBUG - Direction: absDirection.SOUTH, Angle: 180, Distance: 98.96636871344718 cm
2026-07-02 17:01:12,212 - mazeUtils.moveTile - [moveTile.py:570] - DEBUG - Direction: absDirection.WEST, Angle: 90, Distance: 14.754994790885332 cm
2026-07-02 17:01:12,214 - __main__ - [main.py:69] - INFO - Initial Map:
2026-07-02 17:01:12,236 - __main__ - [main.py:70] - INFO - Current position: (20, 20, 0), front direction: absDirection.NORTH
Layer 0 (altitude=0.0cm, offset=(0.0cm, 0.0cm)):
Known map area: x=20..20, y=20..20
+   +
| @  
+   +
2026-07-02 17:01:13,182 - mazeUtils.mazeMap - [mazeMap.py:61] - INFO - next goal: (20, 19, 0)
2026-07-02 17:01:13,184 - __main__ - [main.py:76] - INFO - Next Direction: [<absDirection.NORTH: 0>]
2026-07-02 17:01:13,185 - __main__ - [main.py:77] - INFO - Exploration started.
2026-07-02 17:01:13,187 - mazeUtils.mazeMap - [mazeMap.py:61] - INFO - next goal: (20, 20, 0)
2026-07-02 17:01:13,188 - mazeUtils.moveTile - [moveTile.py:88] - DEBUG - [41.074797] moveTile start direction=absDirection.NORTH position=(20, 20, 0) front=absDirection.NORTH
2026-07-02 17:01:13,690 - mazeUtils.device.stm - [stm.py:134] - ERROR - Timeout while searching valid frame: elapsed=0.500s timeout=0.500s seq=5 buffered=0B dropped=0B tail=
2026-07-02 17:01:13,690 - mazeUtils.device.stm - [stm.py:709] - ERROR - update failed: requestSensorValues returned None
2026-07-02 17:01:13,691 - mazeUtils.moveTile - [moveTile.py:90] - DEBUG - [41.577443] moveTile after initial toggle check (+502.6 ms)
2026-07-02 17:01:13,696 - mazeUtils.moveTile - [moveTile.py:90] - DEBUG - [41.582214] moveTile after tile checks isRedTile=False isUnknownTileAhead=True (+4.8 ms)
2026-07-02 17:01:13,697 - mazeUtils.moveTile - [moveTile.py:79] - DEBUG - Moving to absDirection.NORTH from (20, 20, 0) facing absDirection.NORTH
2026-07-02 17:01:13,697 - mazeUtils.moveTile - [moveTile.py:90] - DEBUG - [41.583799] moveTile start heading change target=0 (+1.6 ms)
2026-07-02 17:01:14,199 - mazeUtils.device.stm - [stm.py:134] - ERROR - Timeout while searching valid frame: elapsed=0.501s timeout=0.500s seq=6 buffered=0B dropped=0B tail=
2026-07-02 17:01:14,201 - mazeUtils.device.stm - [stm.py:709] - ERROR - update failed: requestSensorValues returned None
2026-07-02 17:01:14,703 - mazeUtils.device.stm - [stm.py:226] - ERROR - Timeout while searching valid ACK: type=STS_MOTOR elapsed=0.500s timeout=0.500s seq=7 payload=14 b4 buffered=0B dropped=0B tail=
2026-07-02 17:01:14,705 - mazeUtils.moveTile - [moveTile.py:79] - DEBUG - current heading: 0.0 target: 0
2026-07-02 17:01:15,207 - mazeUtils.device.stm - [stm.py:226] - ERROR - Timeout while searching valid ACK: type=STS_MOTOR elapsed=0.500s timeout=0.500s seq=8 payload=64 64 buffered=0B dropped=0B tail=
2026-07-02 17:01:15,208 - mazeUtils.moveTile - [moveTile.py:441] - DEBUG - stopped turning at heading: 0.0, diff: 0.0
2026-07-02 17:01:15,710 - mazeUtils.device.stm - [stm.py:134] - ERROR - Timeout while searching valid frame: elapsed=0.501s timeout=0.500s seq=9 buffered=0B dropped=0B tail=
2026-07-02 17:01:15,710 - mazeUtils.device.stm - [stm.py:709] - ERROR - update failed: requestSensorValues returned None
2026-07-02 17:01:16,212 - mazeUtils.device.stm - [stm.py:226] - ERROR - Timeout while searching valid ACK: type=STS_MOTOR elapsed=0.500s timeout=0.500s seq=10 payload=5a 6e buffered=0B dropped=0B tail=
2026-07-02 17:01:16,713 - mazeUtils.device.stm - [stm.py:226] - ERROR - Timeout while searching valid ACK: type=STS_MOTOR elapsed=0.500s timeout=0.500s seq=11 payload=64 64 buffered=0B dropped=0B tail=
2026-07-02 17:01:16,714 - mazeUtils.moveTile - [moveTile.py:79] - DEBUG - Turned to heading: 0.0 deg
2026-07-02 17:01:16,715 - mazeUtils.moveTile - [moveTile.py:90] - DEBUG - [44.601379] moveTile finished heading change (+3017.6 ms)
2026-07-02 17:01:16,715 - mazeUtils.moveTile - [moveTile.py:90] - DEBUG - [44.601865] Adjustment after ramp completed (+0.5 ms)
2026-07-02 17:01:16,716 - mazeUtils.moveTile - [moveTile.py:90] - DEBUG - [44.602354] moveTile updated front direction (+0.5 ms)
2026-07-02 17:01:17,218 - mazeUtils.device.stm - [stm.py:226] - ERROR - Timeout while searching valid ACK: type=STS_MOTOR elapsed=0.501s timeout=0.500s seq=12 payload=64 64 buffered=0B dropped=0B tail=
2026-07-02 17:01:17,219 - mazeUtils.moveTile - [moveTile.py:90] - DEBUG - [45.105122] moveTile stopped motors before alignment (+502.8 ms)
2026-07-02 17:01:17,861 - mazeUtils.device.stm - [stm.py:134] - ERROR - Timeout while searching valid frame: elapsed=0.501s timeout=0.500s seq=13 buffered=0B dropped=0B tail=
2026-07-02 17:01:17,862 - mazeUtils.device.stm - [stm.py:709] - ERROR - update failed: requestSensorValues returned None
2026-07-02 17:01:17,894 - mazeUtils.moveTile - [moveTile.py:570] - DEBUG - Direction: absDirection.NORTH, Angle: 0, Distance: 105.93338068186677 cm
2026-07-02 17:01:17,896 - mazeUtils.moveTile - [moveTile.py:570] - DEBUG - Direction: absDirection.EAST, Angle: 270, Distance: 285.3972748013589 cm
2026-07-02 17:01:17,897 - mazeUtils.moveTile - [moveTile.py:570] - DEBUG - Direction: absDirection.SOUTH, Angle: 180, Distance: 83.18584329263149 cm
2026-07-02 17:01:17,899 - mazeUtils.moveTile - [moveTile.py:570] - DEBUG - Direction: absDirection.WEST, Angle: 90, Distance: 104.647346444705 cm
2026-07-02 17:01:17,899 - mazeUtils.moveTile - [moveTile.py:751] - WARNING - Inconsistent wall detection at absDirection.WEST: distance=104.647346444705 cm, map wall type=wallType.WALL
2026-07-02 17:01:17,901 - mazeUtils.moveTile - [moveTile.py:90] - DEBUG - [45.787602] moveTile ready for forward move (+682.5 ms)
2026-07-02 17:01:18,404 - mazeUtils.device.stm - [stm.py:134] - ERROR - Timeout while searching valid frame: elapsed=0.500s timeout=0.500s seq=14 buffered=0B dropped=0B tail=
2026-07-02 17:01:18,405 - mazeUtils.device.stm - [stm.py:709] - ERROR - update failed: requestSensorValues returned None
2026-07-02 17:01:18,908 - mazeUtils.device.stm - [stm.py:226] - ERROR - Timeout while searching valid ACK: type=STS_MOTOR elapsed=0.501s timeout=0.500s seq=15 payload=c8 c8 buffered=0B dropped=0B tail=
2026-07-02 17:01:18,909 - mazeUtils.moveTile - [moveTile.py:90] - DEBUG - [46.795179] moveTile initialized movement targetSteps=1 (+1007.6 ms)
2026-07-02 17:01:18,910 - mazeUtils.moveTile - [moveTile.py:90] - DEBUG - [46.796846] moveTile loop start (+1.7 ms)
2026-07-02 17:01:19,412 - mazeUtils.device.stm - [stm.py:134] - ERROR - Timeout while searching valid frame: elapsed=0.501s timeout=0.500s seq=16 buffered=0B dropped=0B tail=
2026-07-02 17:01:19,413 - mazeUtils.device.stm - [stm.py:709] - ERROR - update failed: requestSensorValues returned None
2026-07-02 17:01:19,415 - picamera2.picamera2 - [picamera2.py:1391] - DEBUG - Execute job: <picamera2.job.Job object at 0x7f6ae53c90>
2026-07-02 17:01:19,475 - mazeUtils.device.camera - [camera.py:39] - DEBUG - Average HSV: H=111.0, S=91.9, V=28.5
2026-07-02 17:01:19,978 - mazeUtils.device.stm - [stm.py:134] - ERROR - Timeout while searching valid frame: elapsed=0.501s timeout=0.500s seq=17 buffered=0B dropped=0B tail=
2026-07-02 17:01:19,979 - mazeUtils.device.stm - [stm.py:709] - ERROR - update failed: requestSensorValues returned None
2026-07-02 17:01:19,980 - mazeUtils.moveTile - [moveTile.py:90] - DEBUG - [47.866541] moveTile calculated motor speeds left=100 right=100 gyroSteer=0.0 wallSteer=0.0 (+1069.7 ms)
2026-07-02 17:01:20,481 - mazeUtils.device.stm - [stm.py:226] - ERROR - Timeout while searching valid ACK: type=STS_MOTOR elapsed=0.501s timeout=0.500s seq=18 payload=c8 c8 buffered=0B dropped=0B tail=
2026-07-02 17:01:20,482 - mazeUtils.moveTile - [moveTile.py:90] - DEBUG - [48.368904] moveTile applied motor speed left=100 right=100 (+502.4 ms)
2026-07-02 17:01:20,487 - mazeUtils.moveTile - [moveTile.py:90] - DEBUG - [48.373513] moveTile tile color check tempTileColor=E (+4.6 ms)
2026-07-02 17:01:20,488 - mazeUtils.moveTile - [moveTile.py:90] - DEBUG - [48.374177] moveTile obstacle check escapeFlag=False (+0.7 ms)
2026-07-02 17:01:20,989 - mazeUtils.device.stm - [stm.py:134] - ERROR - Timeout while searching valid frame: elapsed=0.501s timeout=0.500s seq=19 buffered=0B dropped=0B tail=
2026-07-02 17:01:20,991 - mazeUtils.device.stm - [stm.py:709] - ERROR - update failed: requestSensorValues returned None
2026-07-02 17:01:20,992 - mazeUtils.moveTile - [moveTile.py:90] - DEBUG - [48.878518] moveTile ramp check isBigRamp=False (+504.3 ms)
2026-07-02 17:01:20,993 - __main__ - [main.py:218] - ERROR - An unexpected error occurred:
Traceback (most recent call last):
  File "/home/tuton/Kanto2026RPi/src/main.py", line 103, in main
    isBlack, stopped, resetMapData = moveTile.moveNextTile(
                                     ^^^^^^^^^^^^^^^^^^^^^^
  File "/home/tuton/Kanto2026RPi/src/mazeUtils/moveTile.py", line 2738, in moveNextTile
    isBlack, stopped, resetMapData = moveTile(
                                     ^^^^^^^^^
  File "/home/tuton/Kanto2026RPi/src/mazeUtils/moveTile.py", line 2241, in moveTile
    victimRescueFlag = findVictimDuringMove(
                       ^^^^^^^^^^^^^^^^^^^^^
  File "/home/tuton/Kanto2026RPi/src/mazeUtils/moveTile.py", line 1067, in findVictimDuringMove
    practicalMoveTime - lastUpdateTime / 1000  # type: ignore
                        ~~~~~~~~~~~~~~~^~~~~~
TypeError: unsupported operand type(s) for /: 'NoneType' and 'int'
2026-07-02 17:01:22,555 - mazeUtils.device.stm - [stm.py:226] - ERROR - Timeout while searching valid ACK: type=STS_MOTOR elapsed=0.500s timeout=0.500s seq=20 payload=64 64 buffered=0B dropped=0B tail=
2026-07-02 17:01:23,057 - mazeUtils.device.stm - [stm.py:226] - ERROR - Timeout while searching valid ACK: type=LED elapsed=0.500s timeout=0.500s seq=21 payload=00 00 00 buffered=0B dropped=0B tail=
2026-07-02 17:01:23,133 - picamera2.picamera2 - [picamera2.py:1391] - DEBUG - Execute job: <picamera2.job.Job object at 0x7f902373d0>
2026-07-02 17:01:23,154 - picamera2.picamera2 - [picamera2.py:1323] - INFO - Camera stopped
2026-07-02 17:01:23,159 - picamera2.picamera2 - [picamera2.py:1329] - DEBUG - Camera was not started
2026-07-02 17:01:23,360 - picamera2.picamera2 - [picamera2.py:723] - INFO - Camera closed successfully.
2026-07-02 17:01:23,591 - picamera2.picamera2 - [picamera2.py:500] - DEBUG - Resources now free: <picamera2.picamera2.Picamera2 object at 0x7f7a6e2b10>
