2026-06-20 11:34:50,720 - root - [logging_config.py:61] - INFO - Logging initialized. Log file: /home/tuton/Kanto2026RPi/src/config/../logs/robot_20260620_113449.log
2026-06-20 11:34:52,729 - mazeUtils.device.LiDAR - [LiDAR.py:36] - INFO - Available ports: <ydlidar.Str2strMap; proxy of <Swig Object of type 'std::map< std::string,std::string > *' at 0x7f7c7c1a70> >
2026-06-20 11:34:56,711 - mazeUtils.moveTile - [moveTile.py:528] - DEBUG - Direction: absDirection.NORTH, Angle: 0, Distance: 35.28718384085333 cm
2026-06-20 11:34:56,712 - mazeUtils.moveTile - [moveTile.py:551] - DEBUG - Front LiDAR distance: 35.28718384085333 cm, TSD10 distance: 16.1 cm
2026-06-20 11:34:56,715 - mazeUtils.moveTile - [moveTile.py:528] - DEBUG - Direction: absDirection.EAST, Angle: 270, Distance: 16.83488430489446 cm
2026-06-20 11:34:56,717 - mazeUtils.moveTile - [moveTile.py:528] - DEBUG - Direction: absDirection.SOUTH, Angle: 180, Distance: 16.229417166065705 cm
2026-06-20 11:34:56,719 - mazeUtils.moveTile - [moveTile.py:528] - DEBUG - Direction: absDirection.WEST, Angle: 90, Distance: 17.657554714357147 cm
2026-06-20 11:34:56,720 - __main__ - [main.py:69] - INFO - Initial Map:
2026-06-20 11:34:56,751 - __main__ - [main.py:70] - INFO - Current position: (20, 20, 0), front direction: absDirection.NORTH
Layer 0 (altitude=0.0cm, offset=(0.0cm, 0.0cm)):
Known map area: x=20..20, y=20..20
+   +
| @ |
+---+
mazeAsGraph[0][20][20] = {absDirection.NORTH: (20, 19, 0, 30), absDirection.EAST: None, absDirection.SOUTH: None, absDirection.WEST: None}
2026-06-20 11:34:56,752 - mazeUtils.mazeMap - [mazeMap.py:61] - INFO - next goal: (20, 19, 0)
2026-06-20 11:34:56,753 - __main__ - [main.py:73] - INFO - Next Direction: [<absDirection.NORTH: 0>]
2026-06-20 11:34:56,755 - __main__ - [main.py:74] - INFO - Exploration started.
2026-06-20 11:34:56,761 - mazeUtils.moveTile - [moveTile.py:79] - DEBUG - Moving to absDirection.NORTH from (20, 20, 0) facing absDirection.NORTH
2026-06-20 11:34:56,787 - mazeUtils.moveTile - [moveTile.py:79] - DEBUG - current heading: 0.03999999999996362 target: 0
2026-06-20 11:34:56,806 - mazeUtils.moveTile - [moveTile.py:403] - DEBUG - stopped turning at heading: 0.03999999999996362, diff: 0.03999999999996362
2026-06-20 11:34:56,851 - mazeUtils.moveTile - [moveTile.py:79] - DEBUG - Turned to heading: 0.029999999999972715 deg
2026-06-20 11:34:56,920 - mazeUtils.moveTile - [moveTile.py:79] - DEBUG - Little backward to adjust position
2026-06-20 11:34:57,527 - picamera2.picamera2 - [picamera2.py:1391] - DEBUG - Execute job: <picamera2.job.Job object at 0x7f6869a590>
2026-06-20 11:34:57,539 - mazeUtils.device.camera - [camera.py:39] - DEBUG - Average HSV: H=137.9, S=66.6, V=168.6
2026-06-20 11:34:57,568 - mazeUtils.moveTile - [moveTile.py:79] - DEBUG - roll: 0.18000000000000682 deg, practicalMoveTime: 0.05145166755816627 sec
2026-06-20 11:34:57,569 - mazeUtils.moveTile - [moveTile.py:1398] - DEBUG - moveTile loop time: 47.0 ms
2026-06-20 11:34:57,579 - picamera2.picamera2 - [picamera2.py:1391] - DEBUG - Execute job: <picamera2.job.Job object at 0x7f75658150>
2026-06-20 11:34:57,588 - mazeUtils.device.camera - [camera.py:39] - DEBUG - Average HSV: H=137.0, S=66.7, V=171.4
2026-06-20 11:34:57,621 - mazeUtils.moveTile - [moveTile.py:79] - DEBUG - roll: 0.5099999999999909 deg, practicalMoveTime: 0.10317095306280265 sec
2026-06-20 11:34:57,621 - mazeUtils.moveTile - [moveTile.py:1398] - DEBUG - moveTile loop time: 52.1 ms
2026-06-20 11:34:57,628 - picamera2.picamera2 - [picamera2.py:1391] - DEBUG - Execute job: <picamera2.job.Job object at 0x7f6867f410>
2026-06-20 11:34:57,634 - mazeUtils.device.camera - [camera.py:39] - DEBUG - Average HSV: H=132.2, S=72.9, V=187.8
2026-06-20 11:34:57,669 - mazeUtils.moveTile - [moveTile.py:79] - DEBUG - roll: 0.9799999999999613 deg, practicalMoveTime: 0.1510736817607573 sec
2026-06-20 11:34:57,670 - mazeUtils.moveTile - [moveTile.py:1398] - DEBUG - moveTile loop time: 48.2 ms
2026-06-20 11:34:57,676 - picamera2.picamera2 - [picamera2.py:1391] - DEBUG - Execute job: <picamera2.job.Job object at 0x7f72abbc10>
2026-06-20 11:34:57,680 - mazeUtils.device.camera - [camera.py:39] - DEBUG - Average HSV: H=131.0, S=32.3, V=225.1
2026-06-20 11:34:57,710 - mazeUtils.moveTile - [moveTile.py:79] - DEBUG - roll: 359.53999999999996 deg, practicalMoveTime: 0.1908310826550107 sec
2026-06-20 11:34:57,711 - mazeUtils.moveTile - [moveTile.py:1398] - DEBUG - moveTile loop time: 40.4 ms
2026-06-20 11:34:57,719 - picamera2.picamera2 - [picamera2.py:1391] - DEBUG - Execute job: <picamera2.job.Job object at 0x7f75658150>
2026-06-20 11:34:57,724 - mazeUtils.device.camera - [camera.py:39] - DEBUG - Average HSV: H=44.6, S=30.9, V=217.8
2026-06-20 11:34:57,761 - mazeUtils.moveTile - [moveTile.py:79] - DEBUG - roll: 359.56 deg, practicalMoveTime: 0.2400275441811503 sec
2026-06-20 11:34:57,763 - mazeUtils.moveTile - [moveTile.py:1398] - DEBUG - moveTile loop time: 50.7 ms
2026-06-20 11:34:57,768 - picamera2.picamera2 - [picamera2.py:1391] - DEBUG - Execute job: <picamera2.job.Job object at 0x7f72a72110>
2026-06-20 11:34:57,775 - mazeUtils.device.camera - [camera.py:39] - DEBUG - Average HSV: H=163.3, S=51.4, V=137.2
2026-06-20 11:34:57,814 - mazeUtils.moveTile - [moveTile.py:79] - DEBUG - roll: 0.5699999999999932 deg, practicalMoveTime: 0.29103729745746876 sec
2026-06-20 11:34:57,815 - mazeUtils.moveTile - [moveTile.py:1398] - DEBUG - moveTile loop time: 51.4 ms
2026-06-20 11:34:57,821 - picamera2.picamera2 - [picamera2.py:1391] - DEBUG - Execute job: <picamera2.job.Job object at 0x7f72abbc10>
2026-06-20 11:34:57,826 - mazeUtils.device.camera - [camera.py:39] - DEBUG - Average HSV: H=125.4, S=45.1, V=221.4
2026-06-20 11:34:57,856 - mazeUtils.moveTile - [moveTile.py:79] - DEBUG - roll: 5.169999999999959 deg, practicalMoveTime: 0.33184569302985123 sec
2026-06-20 11:34:57,857 - mazeUtils.moveTile - [moveTile.py:1398] - DEBUG - moveTile loop time: 41.3 ms
2026-06-20 11:34:57,869 - picamera2.picamera2 - [picamera2.py:1391] - DEBUG - Execute job: <picamera2.job.Job object at 0x7f891b6d50>
2026-06-20 11:34:57,873 - mazeUtils.device.camera - [camera.py:39] - DEBUG - Average HSV: H=59.3, S=44.4, V=192.6
2026-06-20 11:34:57,900 - mazeUtils.moveTile - [moveTile.py:79] - DEBUG - roll: 8.979999999999961 deg, practicalMoveTime: 0.3746019221825228 sec
2026-06-20 11:34:57,901 - mazeUtils.moveTile - [moveTile.py:1398] - DEBUG - moveTile loop time: 42.4 ms
2026-06-20 11:34:57,907 - picamera2.picamera2 - [picamera2.py:1391] - DEBUG - Execute job: <picamera2.job.Job object at 0x7f72abbc10>
2026-06-20 11:34:57,911 - mazeUtils.device.camera - [camera.py:39] - DEBUG - Average HSV: H=132.7, S=72.7, V=156.9
2026-06-20 11:34:57,939 - mazeUtils.moveTile - [moveTile.py:79] - DEBUG - roll: 9.20999999999998 deg, practicalMoveTime: 0.41197282052458806 sec
2026-06-20 11:34:57,940 - mazeUtils.moveTile - [moveTile.py:1398] - DEBUG - moveTile loop time: 38.6 ms
2026-06-20 11:34:57,946 - picamera2.picamera2 - [picamera2.py:1391] - DEBUG - Execute job: <picamera2.job.Job object at 0x7f75658150>
2026-06-20 11:34:57,951 - mazeUtils.device.camera - [camera.py:39] - DEBUG - Average HSV: H=143.8, S=16.4, V=227.3
2026-06-20 11:34:57,981 - mazeUtils.moveTile - [moveTile.py:79] - DEBUG - roll: 14.149999999999977 deg, practicalMoveTime: 0.43975794264946794 sec
2026-06-20 11:34:57,982 - mazeUtils.moveTile - [moveTile.py:1398] - DEBUG - moveTile loop time: 41.4 ms
2026-06-20 11:34:57,986 - picamera2.picamera2 - [picamera2.py:1391] - DEBUG - Execute job: <picamera2.job.Job object at 0x7f6869a590>
2026-06-20 11:34:57,992 - mazeUtils.device.camera - [camera.py:39] - DEBUG - Average HSV: H=152.5, S=41.4, V=161.1
2026-06-20 11:34:58,023 - mazeUtils.moveTile - [moveTile.py:79] - DEBUG - roll: 16.689999999999998 deg, practicalMoveTime: 0.46744000831511745 sec
2026-06-20 11:34:58,024 - mazeUtils.moveTile - [moveTile.py:1398] - DEBUG - moveTile loop time: 41.1 ms
2026-06-20 11:34:58,029 - picamera2.picamera2 - [picamera2.py:1391] - DEBUG - Execute job: <picamera2.job.Job object at 0x7f75662dd0>
2026-06-20 11:34:58,035 - mazeUtils.device.camera - [camera.py:39] - DEBUG - Average HSV: H=135.8, S=23.6, V=222.3
2026-06-20 11:34:58,065 - mazeUtils.moveTile - [moveTile.py:79] - DEBUG - roll: 20.310000000000002 deg, practicalMoveTime: 0.4945695686031201 sec
2026-06-20 11:34:58,066 - mazeUtils.moveTile - [moveTile.py:1398] - DEBUG - moveTile loop time: 41.7 ms
2026-06-20 11:34:58,071 - picamera2.picamera2 - [picamera2.py:1391] - DEBUG - Execute job: <picamera2.job.Job object at 0x7f75691890>
2026-06-20 11:34:58,075 - mazeUtils.device.camera - [camera.py:39] - DEBUG - Average HSV: H=148.9, S=47.1, V=172.5
2026-06-20 11:34:58,102 - mazeUtils.moveTile - [moveTile.py:79] - DEBUG - roll: 21.899999999999977 deg, practicalMoveTime: 0.5182418580102787 sec
2026-06-20 11:34:58,103 - mazeUtils.moveTile - [moveTile.py:1398] - DEBUG - moveTile loop time: 37.0 ms
2026-06-20 11:34:58,108 - picamera2.picamera2 - [picamera2.py:1391] - DEBUG - Execute job: <picamera2.job.Job object at 0x7f72a72110>
2026-06-20 11:34:58,113 - mazeUtils.device.camera - [camera.py:39] - DEBUG - Average HSV: H=144.2, S=42.1, V=164.7
2026-06-20 11:34:58,141 - mazeUtils.moveTile - [moveTile.py:79] - DEBUG - roll: 25.870000000000005 deg, practicalMoveTime: 0.5418221463184789 sec
2026-06-20 11:34:58,141 - mazeUtils.moveTile - [moveTile.py:1398] - DEBUG - moveTile loop time: 37.6 ms
2026-06-20 11:34:58,147 - picamera2.picamera2 - [picamera2.py:1391] - DEBUG - Execute job: <picamera2.job.Job object at 0x7f75691890>
2026-06-20 11:34:58,151 - mazeUtils.device.camera - [camera.py:39] - DEBUG - Average HSV: H=148.5, S=45.6, V=193.9
2026-06-20 11:34:58,181 - mazeUtils.moveTile - [moveTile.py:79] - DEBUG - roll: 28.75 deg, practicalMoveTime: 0.5659720438967035 sec
2026-06-20 11:34:58,182 - mazeUtils.moveTile - [moveTile.py:1398] - DEBUG - moveTile loop time: 40.2 ms
2026-06-20 11:34:58,187 - picamera2.picamera2 - [picamera2.py:1391] - DEBUG - Execute job: <picamera2.job.Job object at 0x7f686ba5d0>
2026-06-20 11:34:58,192 - mazeUtils.device.camera - [camera.py:39] - DEBUG - Average HSV: H=131.3, S=61.7, V=187.5
2026-06-20 11:34:58,220 - mazeUtils.moveTile - [moveTile.py:79] - DEBUG - roll: 30.71999999999997 deg, practicalMoveTime: 0.5888877873315533 sec
2026-06-20 11:34:58,221 - mazeUtils.moveTile - [moveTile.py:1398] - DEBUG - moveTile loop time: 38.4 ms
2026-06-20 11:34:58,233 - picamera2.picamera2 - [picamera2.py:1391] - DEBUG - Execute job: <picamera2.job.Job object at 0x7f6867f410>
2026-06-20 11:34:58,238 - mazeUtils.device.camera - [camera.py:39] - DEBUG - Average HSV: H=139.0, S=42.8, V=202.1
2026-06-20 11:34:58,272 - mazeUtils.moveTile - [moveTile.py:79] - DEBUG - roll: 30.680000000000007 deg, practicalMoveTime: 0.6193025870325839 sec
2026-06-20 11:34:58,272 - mazeUtils.moveTile - [moveTile.py:1398] - DEBUG - moveTile loop time: 50.7 ms
2026-06-20 11:34:58,276 - picamera2.picamera2 - [picamera2.py:1391] - DEBUG - Execute job: <picamera2.job.Job object at 0x7f75662dd0>
2026-06-20 11:34:58,280 - mazeUtils.device.camera - [camera.py:39] - DEBUG - Average HSV: H=130.3, S=60.1, V=191.1
2026-06-20 11:34:58,310 - mazeUtils.moveTile - [moveTile.py:79] - DEBUG - roll: 32.41999999999996 deg, practicalMoveTime: 0.6416325391452586 sec
2026-06-20 11:34:58,311 - mazeUtils.moveTile - [moveTile.py:1398] - DEBUG - moveTile loop time: 37.7 ms
2026-06-20 11:34:58,323 - picamera2.picamera2 - [picamera2.py:1391] - DEBUG - Execute job: <picamera2.job.Job object at 0x7f72a72110>
2026-06-20 11:34:58,328 - mazeUtils.device.camera - [camera.py:39] - DEBUG - Average HSV: H=126.8, S=56.4, V=201.9
2026-06-20 11:34:58,360 - mazeUtils.moveTile - [moveTile.py:79] - DEBUG - roll: 33.129999999999995 deg, practicalMoveTime: 0.6705124680437963 sec
2026-06-20 11:34:58,361 - mazeUtils.moveTile - [moveTile.py:1398] - DEBUG - moveTile loop time: 49.7 ms
2026-06-20 11:34:58,366 - picamera2.picamera2 - [picamera2.py:1391] - DEBUG - Execute job: <picamera2.job.Job object at 0x7f72abbc10>
2026-06-20 11:34:58,371 - mazeUtils.device.camera - [camera.py:39] - DEBUG - Average HSV: H=126.4, S=53.4, V=210.7
2026-06-20 11:34:58,400 - mazeUtils.moveTile - [moveTile.py:79] - DEBUG - roll: 31.560000000000002 deg, practicalMoveTime: 0.6940854821115274 sec
2026-06-20 11:34:58,401 - mazeUtils.moveTile - [moveTile.py:1398] - DEBUG - moveTile loop time: 40.4 ms
2026-06-20 11:34:58,406 - picamera2.picamera2 - [picamera2.py:1391] - DEBUG - Execute job: <picamera2.job.Job object at 0x7f68698410>
2026-06-20 11:34:58,412 - mazeUtils.device.camera - [camera.py:39] - DEBUG - Average HSV: H=127.2, S=51.5, V=202.5
2026-06-20 11:34:58,438 - mazeUtils.moveTile - [moveTile.py:79] - DEBUG - roll: 33.25 deg, practicalMoveTime: 0.7155374387431069 sec
2026-06-20 11:34:58,439 - mazeUtils.moveTile - [moveTile.py:1398] - DEBUG - moveTile loop time: 36.7 ms
2026-06-20 11:34:58,443 - picamera2.picamera2 - [picamera2.py:1391] - DEBUG - Execute job: <picamera2.job.Job object at 0x7f6867f410>
2026-06-20 11:34:58,448 - mazeUtils.device.camera - [camera.py:39] - DEBUG - Average HSV: H=129.5, S=46.4, V=210.3
2026-06-20 11:34:58,477 - mazeUtils.moveTile - [moveTile.py:79] - DEBUG - roll: 32.799999999999955 deg, practicalMoveTime: 0.7378944689733317 sec
2026-06-20 11:34:58,477 - mazeUtils.moveTile - [moveTile.py:1398] - DEBUG - moveTile loop time: 38.3 ms
2026-06-20 11:34:58,484 - picamera2.picamera2 - [picamera2.py:1391] - DEBUG - Execute job: <picamera2.job.Job object at 0x7f72a72110>
2026-06-20 11:34:58,489 - mazeUtils.device.camera - [camera.py:39] - DEBUG - Average HSV: H=130.8, S=45.0, V=210.6
2026-06-20 11:34:58,530 - mazeUtils.moveTile - [moveTile.py:79] - DEBUG - roll: 32.079999999999984 deg, practicalMoveTime: 0.7690829378293456 sec
2026-06-20 11:34:58,531 - mazeUtils.moveTile - [moveTile.py:1398] - DEBUG - moveTile loop time: 52.9 ms
2026-06-20 11:34:58,537 - picamera2.picamera2 - [picamera2.py:1391] - DEBUG - Execute job: <picamera2.job.Job object at 0x7f72abbc10>
2026-06-20 11:34:58,542 - mazeUtils.device.camera - [camera.py:39] - DEBUG - Average HSV: H=144.3, S=31.3, V=175.9
2026-06-20 11:34:58,576 - mazeUtils.moveTile - [moveTile.py:79] - DEBUG - roll: 31.899999999999977 deg, practicalMoveTime: 0.7957254183120919 sec
2026-06-20 11:34:58,576 - mazeUtils.moveTile - [moveTile.py:1398] - DEBUG - moveTile loop time: 45.3 ms
2026-06-20 11:34:58,583 - picamera2.picamera2 - [picamera2.py:1391] - DEBUG - Execute job: <picamera2.job.Job object at 0x7f636e7450>
2026-06-20 11:34:58,588 - mazeUtils.device.camera - [camera.py:39] - DEBUG - Average HSV: H=151.8, S=34.9, V=144.5
2026-06-20 11:34:58,616 - mazeUtils.moveTile - [moveTile.py:79] - DEBUG - roll: 32.41999999999996 deg, practicalMoveTime: 0.8188785392819062 sec
2026-06-20 11:34:58,616 - mazeUtils.moveTile - [moveTile.py:1398] - DEBUG - moveTile loop time: 38.6 ms
2026-06-20 11:34:58,623 - picamera2.picamera2 - [picamera2.py:1391] - DEBUG - Execute job: <picamera2.job.Job object at 0x7f686ba5d0>
2026-06-20 11:34:58,629 - mazeUtils.device.camera - [camera.py:39] - DEBUG - Average HSV: H=150.4, S=34.9, V=142.9
2026-06-20 11:34:58,667 - picamera2.picamera2 - [picamera2.py:1391] - DEBUG - Execute job: <picamera2.job.Job object at 0x7f636e7450>
2026-06-20 11:34:58,673 - mazeUtils.device.camera - [camera.py:39] - DEBUG - Average HSV: H=153.8, S=32.4, V=128.6
2026-06-20 11:34:58,701 - mazeUtils.moveTile - [moveTile.py:79] - DEBUG - roll: 31.50999999999999 deg, practicalMoveTime: 0.869379135054718 sec
2026-06-20 11:34:58,702 - mazeUtils.moveTile - [moveTile.py:1398] - DEBUG - moveTile loop time: 41.4 ms
2026-06-20 11:34:58,709 - picamera2.picamera2 - [picamera2.py:1391] - DEBUG - Execute job: <picamera2.job.Job object at 0x7f75658150>
2026-06-20 11:34:58,714 - mazeUtils.device.camera - [camera.py:39] - DEBUG - Average HSV: H=154.0, S=41.1, V=117.1
2026-06-20 11:34:58,757 - mazeUtils.moveTile - [moveTile.py:79] - DEBUG - roll: 32.81 deg, practicalMoveTime: 0.9009554891746896 sec
2026-06-20 11:34:58,758 - mazeUtils.moveTile - [moveTile.py:1398] - DEBUG - moveTile loop time: 54.7 ms
2026-06-20 11:34:58,764 - picamera2.picamera2 - [picamera2.py:1391] - DEBUG - Execute job: <picamera2.job.Job object at 0x7f72abbc10>
2026-06-20 11:34:58,772 - mazeUtils.device.camera - [camera.py:39] - DEBUG - Average HSV: H=155.2, S=36.6, V=103.9
2026-06-20 11:34:58,804 - mazeUtils.moveTile - [moveTile.py:79] - DEBUG - roll: 32.099999999999966 deg, practicalMoveTime: 0.927963773594671 sec
2026-06-20 11:34:58,804 - mazeUtils.moveTile - [moveTile.py:1398] - DEBUG - moveTile loop time: 45.8 ms
2026-06-20 11:34:58,810 - picamera2.picamera2 - [picamera2.py:1391] - DEBUG - Execute job: <picamera2.job.Job object at 0x7f636e7450>
2026-06-20 11:34:58,816 - mazeUtils.device.camera - [camera.py:39] - DEBUG - Average HSV: H=155.0, S=36.4, V=107.6
2026-06-20 11:34:58,848 - mazeUtils.moveTile - [moveTile.py:79] - DEBUG - roll: 32.40999999999997 deg, practicalMoveTime: 0.9539497958982354 sec
2026-06-20 11:34:58,849 - mazeUtils.moveTile - [moveTile.py:1398] - DEBUG - moveTile loop time: 44.2 ms
2026-06-20 11:34:58,855 - picamera2.picamera2 - [picamera2.py:1391] - DEBUG - Execute job: <picamera2.job.Job object at 0x7f75691890>
2026-06-20 11:34:58,858 - mazeUtils.device.camera - [camera.py:39] - DEBUG - Average HSV: H=157.4, S=37.1, V=111.3
2026-06-20 11:34:58,892 - mazeUtils.moveTile - [moveTile.py:79] - DEBUG - roll: 30.319999999999993 deg, practicalMoveTime: 0.979578432486235 sec
2026-06-20 11:34:58,892 - mazeUtils.moveTile - [moveTile.py:1398] - DEBUG - moveTile loop time: 42.6 ms
2026-06-20 11:34:58,899 - picamera2.picamera2 - [picamera2.py:1391] - DEBUG - Execute job: <picamera2.job.Job object at 0x7f72abbc10>
2026-06-20 11:34:58,903 - mazeUtils.device.camera - [camera.py:39] - DEBUG - Average HSV: H=141.4, S=39.3, V=92.3
2026-06-20 11:34:58,933 - mazeUtils.moveTile - [moveTile.py:79] - DEBUG - roll: 26.45999999999998 deg, practicalMoveTime: 1.0053766498428 sec
2026-06-20 11:34:58,934 - mazeUtils.moveTile - [moveTile.py:1398] - DEBUG - moveTile loop time: 41.4 ms
2026-06-20 11:34:58,939 - picamera2.picamera2 - [picamera2.py:1391] - DEBUG - Execute job: <picamera2.job.Job object at 0x7f686ba5d0>
2026-06-20 11:34:58,942 - mazeUtils.device.camera - [camera.py:39] - DEBUG - Average HSV: H=138.4, S=41.0, V=109.8
2026-06-20 11:34:58,974 - mazeUtils.moveTile - [moveTile.py:79] - DEBUG - roll: 25.739999999999952 deg, practicalMoveTime: 1.0307369061296545 sec
2026-06-20 11:34:58,974 - mazeUtils.moveTile - [moveTile.py:1398] - DEBUG - moveTile loop time: 40.5 ms
2026-06-20 11:34:58,985 - picamera2.picamera2 - [picamera2.py:1391] - DEBUG - Execute job: <picamera2.job.Job object at 0x7f636e7450>
2026-06-20 11:34:58,988 - mazeUtils.device.camera - [camera.py:39] - DEBUG - Average HSV: H=132.9, S=38.0, V=139.7
2026-06-20 11:34:59,015 - mazeUtils.moveTile - [moveTile.py:79] - DEBUG - roll: 19.029999999999973 deg, practicalMoveTime: 1.057767503632351 sec
2026-06-20 11:34:59,016 - mazeUtils.moveTile - [moveTile.py:1398] - DEBUG - moveTile loop time: 41.1 ms
2026-06-20 11:34:59,021 - picamera2.picamera2 - [picamera2.py:1391] - DEBUG - Execute job: <picamera2.job.Job object at 0x7f72abbc10>
2026-06-20 11:34:59,024 - mazeUtils.device.camera - [camera.py:39] - DEBUG - Average HSV: H=138.0, S=18.6, V=219.1
2026-06-20 11:34:59,052 - mazeUtils.moveTile - [moveTile.py:79] - DEBUG - roll: 15.430000000000007 deg, practicalMoveTime: 1.082187107221286 sec
2026-06-20 11:34:59,052 - mazeUtils.moveTile - [moveTile.py:1398] - DEBUG - moveTile loop time: 36.6 ms
2026-06-20 11:34:59,059 - picamera2.picamera2 - [picamera2.py:1391] - DEBUG - Execute job: <picamera2.job.Job object at 0x7f686ba5d0>
2026-06-20 11:34:59,062 - mazeUtils.device.camera - [camera.py:39] - DEBUG - Average HSV: H=136.5, S=16.4, V=234.5
2026-06-20 11:34:59,089 - mazeUtils.moveTile - [moveTile.py:79] - DEBUG - roll: 12.259999999999991 deg, practicalMoveTime: 1.1072551874628704 sec
2026-06-20 11:34:59,090 - mazeUtils.moveTile - [moveTile.py:1398] - DEBUG - moveTile loop time: 37.1 ms
2026-06-20 11:34:59,094 - picamera2.picamera2 - [picamera2.py:1391] - DEBUG - Execute job: <picamera2.job.Job object at 0x7f75691890>
2026-06-20 11:34:59,097 - mazeUtils.device.camera - [camera.py:39] - DEBUG - Average HSV: H=137.3, S=33.2, V=216.3
2026-06-20 11:34:59,125 - mazeUtils.moveTile - [moveTile.py:79] - DEBUG - roll: 4.7099999999999795 deg, practicalMoveTime: 1.1421995728162304 sec
2026-06-20 11:34:59,125 - mazeUtils.moveTile - [moveTile.py:1398] - DEBUG - moveTile loop time: 35.3 ms
2026-06-20 11:34:59,131 - picamera2.picamera2 - [picamera2.py:1391] - DEBUG - Execute job: <picamera2.job.Job object at 0x7f686ba5d0>
2026-06-20 11:34:59,134 - mazeUtils.device.camera - [camera.py:39] - DEBUG - Average HSV: H=41.1, S=30.3, V=226.7
2026-06-20 11:34:59,167 - mazeUtils.moveTile - [moveTile.py:79] - DEBUG - roll: 1.0199999999999818 deg, practicalMoveTime: 1.1838318259813856 sec
2026-06-20 11:34:59,167 - mazeUtils.moveTile - [moveTile.py:1398] - DEBUG - moveTile loop time: 41.9 ms
2026-06-20 11:34:59,174 - picamera2.picamera2 - [picamera2.py:1391] - DEBUG - Execute job: <picamera2.job.Job object at 0x7f636e7450>
2026-06-20 11:34:59,178 - mazeUtils.device.camera - [camera.py:39] - DEBUG - Average HSV: H=103.4, S=36.0, V=210.9
2026-06-20 11:34:59,207 - mazeUtils.moveTile - [moveTile.py:79] - DEBUG - roll: 359.22999999999996 deg, practicalMoveTime: 1.2230684043426958 sec
2026-06-20 11:34:59,207 - mazeUtils.moveTile - [moveTile.py:1398] - DEBUG - moveTile loop time: 39.5 ms
2026-06-20 11:34:59,213 - picamera2.picamera2 - [picamera2.py:1391] - DEBUG - Execute job: <picamera2.job.Job object at 0x7f72abbc10>
2026-06-20 11:34:59,217 - mazeUtils.device.camera - [camera.py:39] - DEBUG - Average HSV: H=148.5, S=41.8, V=179.6
2026-06-20 11:34:59,244 - mazeUtils.moveTile - [moveTile.py:79] - DEBUG - roll: 357.46 deg, practicalMoveTime: 1.2596370841024973 sec
2026-06-20 11:34:59,244 - mazeUtils.moveTile - [moveTile.py:1398] - DEBUG - moveTile loop time: 36.8 ms
2026-06-20 11:34:59,254 - picamera2.picamera2 - [picamera2.py:1391] - DEBUG - Execute job: <picamera2.job.Job object at 0x7f636e7450>
2026-06-20 11:34:59,258 - mazeUtils.device.camera - [camera.py:39] - DEBUG - Average HSV: H=132.2, S=14.9, V=238.0
2026-06-20 11:34:59,287 - mazeUtils.moveTile - [moveTile.py:79] - DEBUG - roll: 355.15 deg, practicalMoveTime: 1.3023339128901459 sec
2026-06-20 11:34:59,288 - mazeUtils.moveTile - [moveTile.py:1398] - DEBUG - moveTile loop time: 43.1 ms
2026-06-20 11:34:59,300 - picamera2.picamera2 - [picamera2.py:1391] - DEBUG - Execute job: <picamera2.job.Job object at 0x7f72abbc10>
2026-06-20 11:34:59,304 - mazeUtils.device.camera - [camera.py:39] - DEBUG - Average HSV: H=132.2, S=18.6, V=226.7
2026-06-20 11:34:59,333 - mazeUtils.moveTile - [moveTile.py:79] - DEBUG - roll: 354.22999999999996 deg, practicalMoveTime: 1.3475590679399863 sec
2026-06-20 11:34:59,334 - mazeUtils.moveTile - [moveTile.py:1398] - DEBUG - moveTile loop time: 45.8 ms
2026-06-20 11:34:59,342 - picamera2.picamera2 - [picamera2.py:1391] - DEBUG - Execute job: <picamera2.job.Job object at 0x7f686ba5d0>
2026-06-20 11:34:59,346 - mazeUtils.device.camera - [camera.py:39] - DEBUG - Average HSV: H=135.0, S=23.6, V=214.7
2026-06-20 11:34:59,375 - mazeUtils.moveTile - [moveTile.py:79] - DEBUG - roll: 354.81 deg, practicalMoveTime: 1.3887396670339334 sec
2026-06-20 11:34:59,375 - mazeUtils.moveTile - [moveTile.py:1398] - DEBUG - moveTile loop time: 41.3 ms
2026-06-20 11:34:59,384 - picamera2.picamera2 - [picamera2.py:1391] - DEBUG - Execute job: <picamera2.job.Job object at 0x7f6867f410>
2026-06-20 11:34:59,387 - mazeUtils.device.camera - [camera.py:39] - DEBUG - Average HSV: H=103.2, S=23.5, V=217.8
2026-06-20 11:34:59,414 - mazeUtils.moveTile - [moveTile.py:79] - DEBUG - roll: 358.35999999999996 deg, practicalMoveTime: 1.4274537085123866 sec
2026-06-20 11:34:59,415 - mazeUtils.moveTile - [moveTile.py:1398] - DEBUG - moveTile loop time: 39.1 ms
2026-06-20 11:34:59,420 - picamera2.picamera2 - [picamera2.py:1391] - DEBUG - Execute job: <picamera2.job.Job object at 0x7f891b6d50>
2026-06-20 11:34:59,424 - mazeUtils.device.camera - [camera.py:39] - DEBUG - Average HSV: H=133.1, S=21.2, V=229.1
2026-06-20 11:34:59,455 - mazeUtils.moveTile - [moveTile.py:79] - DEBUG - roll: 359.7 deg, practicalMoveTime: 1.4680131596211818 sec
2026-06-20 11:34:59,456 - mazeUtils.moveTile - [moveTile.py:1398] - DEBUG - moveTile loop time: 40.6 ms
2026-06-20 11:34:59,464 - picamera2.picamera2 - [picamera2.py:1391] - DEBUG - Execute job: <picamera2.job.Job object at 0x7f75691890>
2026-06-20 11:34:59,468 - mazeUtils.device.camera - [camera.py:39] - DEBUG - Average HSV: H=142.1, S=24.1, V=214.9
2026-06-20 11:34:59,494 - mazeUtils.moveTile - [moveTile.py:79] - DEBUG - roll: 3.0600000000000023 deg, practicalMoveTime: 1.5061200263218284 sec
2026-06-20 11:34:59,494 - mazeUtils.moveTile - [moveTile.py:1398] - DEBUG - moveTile loop time: 38.3 ms
2026-06-20 11:34:59,499 - picamera2.picamera2 - [picamera2.py:1391] - DEBUG - Execute job: <picamera2.job.Job object at 0x7f636e7450>
2026-06-20 11:34:59,502 - mazeUtils.device.camera - [camera.py:39] - DEBUG - Average HSV: H=162.8, S=28.6, V=201.6
2026-06-20 11:34:59,529 - mazeUtils.moveTile - [moveTile.py:79] - DEBUG - roll: 4.579999999999984 deg, practicalMoveTime: 1.5401404259860247 sec
2026-06-20 11:34:59,530 - mazeUtils.moveTile - [moveTile.py:1398] - DEBUG - moveTile loop time: 35.2 ms
2026-06-20 11:34:59,534 - picamera2.picamera2 - [picamera2.py:1391] - DEBUG - Execute job: <picamera2.job.Job object at 0x7f686ba5d0>
2026-06-20 11:34:59,537 - mazeUtils.device.camera - [camera.py:39] - DEBUG - Average HSV: H=168.7, S=29.8, V=197.7
2026-06-20 11:34:59,564 - mazeUtils.moveTile - [moveTile.py:79] - DEBUG - roll: 4.829999999999984 deg, practicalMoveTime: 1.5737623186656684 sec
2026-06-20 11:34:59,564 - mazeUtils.moveTile - [moveTile.py:1398] - DEBUG - moveTile loop time: 33.8 ms
2026-06-20 11:34:59,570 - picamera2.picamera2 - [picamera2.py:1391] - DEBUG - Execute job: <picamera2.job.Job object at 0x7f75662dd0>
2026-06-20 11:34:59,574 - mazeUtils.device.camera - [camera.py:39] - DEBUG - Average HSV: H=167.7, S=29.4, V=198.8
2026-06-20 11:34:59,606 - mazeUtils.moveTile - [moveTile.py:79] - DEBUG - roll: 2.6200000000000045 deg, practicalMoveTime: 1.6153214419267308 sec
2026-06-20 11:34:59,606 - mazeUtils.moveTile - [moveTile.py:1398] - DEBUG - moveTile loop time: 41.8 ms
2026-06-20 11:34:59,611 - picamera2.picamera2 - [picamera2.py:1391] - DEBUG - Execute job: <picamera2.job.Job object at 0x7f75658150>
2026-06-20 11:34:59,615 - mazeUtils.device.camera - [camera.py:39] - DEBUG - Average HSV: H=164.9, S=30.2, V=198.2
2026-06-20 11:34:59,641 - mazeUtils.moveTile - [moveTile.py:1344] - INFO - practicalVerticalMove: 14.24367531308989 CM
2026-06-20 11:34:59,683 - mazeUtils.moveTile - [moveTile.py:1517] - INFO - Set slope for tile at absDirection.NORTH, horizontal: 30 cm, vertical: 15 cm based on roll 31.560000000000002 deg
2026-06-20 11:34:59,715 - mazeUtils.moveTile - [moveTile.py:528] - DEBUG - Direction: absDirection.NORTH, Angle: 0, Distance: 108.01348872572193 cm
2026-06-20 11:34:59,715 - mazeUtils.moveTile - [moveTile.py:551] - DEBUG - Front LiDAR distance: 108.01348872572193 cm, TSD10 distance: 94.5 cm
2026-06-20 11:34:59,716 - mazeUtils.moveTile - [moveTile.py:528] - DEBUG - Direction: absDirection.EAST, Angle: 270, Distance: 19.67475264342083 cm
2026-06-20 11:34:59,718 - mazeUtils.moveTile - [moveTile.py:528] - DEBUG - Direction: absDirection.SOUTH, Angle: 180, Distance: 158.01583520545572 cm
2026-06-20 11:34:59,719 - mazeUtils.moveTile - [moveTile.py:528] - DEBUG - Direction: absDirection.WEST, Angle: 90, Distance: 15.326665711826465 cm
2026-06-20 11:34:59,721 - mazeUtils.moveTile - [moveTile.py:1724] - INFO - Tile color detection counts: {}, decided tile type: E
2026-06-20 11:34:59,794 - __main__ - [main.py:87] - INFO - Current position: (20, 20, 1), front direction: absDirection.NORTH
Layer 0 (altitude=0.0cm, offset=(0.0cm, 0.0cm)):
Known map area: x=20..20, y=20..20
+   +
| S |
+---+
Layer 1 (altitude=15.0cm, offset=(0.0cm, -60.0cm)):
Known map area: x=20..20, y=20..20
+   +
| @ |
+   +
mazeAsGraph[0][20][20] = {absDirection.NORTH: (20, 20, 1, 60), absDirection.EAST: None, absDirection.SOUTH: None, absDirection.WEST: None}
mazeAsGraph[1][20][20] = {absDirection.NORTH: (20, 19, 1, 30), absDirection.EAST: None, absDirection.SOUTH: (20, 20, 0, 60), absDirection.WEST: None}
2026-06-20 11:34:59,799 - mazeUtils.mazeMap - [mazeMap.py:61] - INFO - next goal: (20, 19, 1)
2026-06-20 11:34:59,810 - mazeUtils.moveTile - [moveTile.py:79] - DEBUG - Moving to absDirection.NORTH from (20, 20, 1) facing absDirection.NORTH
2026-06-20 11:34:59,838 - mazeUtils.moveTile - [moveTile.py:79] - DEBUG - current heading: 358.08 target: 0
2026-06-20 11:34:59,857 - mazeUtils.moveTile - [moveTile.py:403] - DEBUG - stopped turning at heading: 358.08, diff: 1.920000000000016
2026-06-20 11:35:00,018 - mazeUtils.moveTile - [moveTile.py:79] - DEBUG - Turned to heading: 359.23999999999995 deg
2026-06-20 11:35:00,202 - picamera2.picamera2 - [picamera2.py:1391] - DEBUG - Execute job: <picamera2.job.Job object at 0x7f686cbc90>
2026-06-20 11:35:00,206 - mazeUtils.device.camera - [camera.py:39] - DEBUG - Average HSV: H=170.7, S=26.1, V=204.1
2026-06-20 11:35:00,234 - mazeUtils.moveTile - [moveTile.py:79] - DEBUG - roll: 357.54999999999995 deg, practicalMoveTime: 0.03739059300236077 sec
2026-06-20 11:35:00,234 - mazeUtils.moveTile - [moveTile.py:1398] - DEBUG - moveTile loop time: 37.4 ms
2026-06-20 11:35:00,241 - picamera2.picamera2 - [picamera2.py:1391] - DEBUG - Execute job: <picamera2.job.Job object at 0x7f685fb450>
2026-06-20 11:35:00,244 - mazeUtils.device.camera - [camera.py:39] - DEBUG - Average HSV: H=170.8, S=26.1, V=204.3
2026-06-20 11:35:00,284 - mazeUtils.moveTile - [moveTile.py:79] - DEBUG - roll: 357.60999999999996 deg, practicalMoveTime: 0.08653832456717812 sec
2026-06-20 11:35:00,284 - mazeUtils.moveTile - [moveTile.py:1398] - DEBUG - moveTile loop time: 49.4 ms
2026-06-20 11:35:00,289 - picamera2.picamera2 - [picamera2.py:1391] - DEBUG - Execute job: <picamera2.job.Job object at 0x7f515166d0>
2026-06-20 11:35:00,292 - mazeUtils.device.camera - [camera.py:39] - DEBUG - Average HSV: H=170.9, S=26.1, V=204.5
2026-06-20 11:35:00,322 - mazeUtils.moveTile - [moveTile.py:79] - DEBUG - roll: 356.68 deg, practicalMoveTime: 0.12424996496138634 sec
2026-06-20 11:35:00,322 - mazeUtils.moveTile - [moveTile.py:1398] - DEBUG - moveTile loop time: 38.2 ms
2026-06-20 11:35:00,329 - picamera2.picamera2 - [picamera2.py:1391] - DEBUG - Execute job: <picamera2.job.Job object at 0x7f685fae10>
2026-06-20 11:35:00,332 - mazeUtils.device.camera - [camera.py:39] - DEBUG - Average HSV: H=169.1, S=23.6, V=208.9
2026-06-20 11:35:00,359 - mazeUtils.moveTile - [moveTile.py:79] - DEBUG - roll: 349.83 deg, practicalMoveTime: 0.16406003479860992 sec
2026-06-20 11:35:00,360 - mazeUtils.moveTile - [moveTile.py:1398] - DEBUG - moveTile loop time: 37.0 ms
2026-06-20 11:35:00,372 - picamera2.picamera2 - [picamera2.py:1391] - DEBUG - Execute job: <picamera2.job.Job object at 0x7f51dbb850>
2026-06-20 11:35:00,375 - mazeUtils.device.camera - [camera.py:39] - DEBUG - Average HSV: H=136.7, S=26.8, V=215.8
2026-06-20 11:35:00,419 - mazeUtils.moveTile - [moveTile.py:79] - DEBUG - roll: 347.14 deg, practicalMoveTime: 0.2280053634262374 sec
2026-06-20 11:35:00,420 - mazeUtils.moveTile - [moveTile.py:1398] - DEBUG - moveTile loop time: 59.9 ms
2026-06-20 11:35:00,426 - picamera2.picamera2 - [picamera2.py:1391] - DEBUG - Execute job: <picamera2.job.Job object at 0x7f5157bd90>
2026-06-20 11:35:00,429 - mazeUtils.device.camera - [camera.py:39] - DEBUG - Average HSV: H=136.5, S=28.4, V=210.9
2026-06-20 11:35:00,454 - mazeUtils.moveTile - [moveTile.py:79] - DEBUG - roll: 337.59 deg, practicalMoveTime: 0.26287176092359565 sec
2026-06-20 11:35:00,455 - mazeUtils.moveTile - [moveTile.py:1398] - DEBUG - moveTile loop time: 34.5 ms
2026-06-20 11:35:00,462 - picamera2.picamera2 - [picamera2.py:1391] - DEBUG - Execute job: <picamera2.job.Job object at 0x7f75658150>
2026-06-20 11:35:00,465 - mazeUtils.device.camera - [camera.py:39] - DEBUG - Average HSV: H=133.3, S=75.5, V=157.5
2026-06-20 11:35:00,494 - mazeUtils.moveTile - [moveTile.py:79] - DEBUG - roll: 334.96 deg, practicalMoveTime: 0.30224750759636276 sec
2026-06-20 11:35:00,495 - mazeUtils.moveTile - [moveTile.py:1398] - DEBUG - moveTile loop time: 39.7 ms
2026-06-20 11:35:00,506 - picamera2.picamera2 - [picamera2.py:1391] - DEBUG - Execute job: <picamera2.job.Job object at 0x7f63762a10>
2026-06-20 11:35:00,510 - mazeUtils.device.camera - [camera.py:39] - DEBUG - Average HSV: H=120.9, S=129.2, V=136.8
2026-06-20 11:35:00,547 - mazeUtils.moveTile - [moveTile.py:79] - DEBUG - roll: 329.13 deg, practicalMoveTime: 0.35185545509751426 sec
2026-06-20 11:35:00,548 - mazeUtils.moveTile - [moveTile.py:1398] - DEBUG - moveTile loop time: 52.8 ms
2026-06-20 11:35:00,552 - picamera2.picamera2 - [picamera2.py:1391] - DEBUG - Execute job: <picamera2.job.Job object at 0x7f686dc5d0>
2026-06-20 11:35:00,555 - mazeUtils.device.camera - [camera.py:39] - DEBUG - Average HSV: H=128.9, S=107.7, V=108.0
2026-06-20 11:35:00,584 - mazeUtils.moveTile - [moveTile.py:79] - DEBUG - roll: 325.5 deg, practicalMoveTime: 0.38508912787259103 sec
2026-06-20 11:35:00,585 - mazeUtils.moveTile - [moveTile.py:1398] - DEBUG - moveTile loop time: 37.1 ms
2026-06-20 11:35:00,594 - picamera2.picamera2 - [picamera2.py:1391] - DEBUG - Execute job: <picamera2.job.Job object at 0x7f515166d0>
2026-06-20 11:35:00,596 - mazeUtils.device.camera - [camera.py:39] - DEBUG - Average HSV: H=128.2, S=117.6, V=109.4
2026-06-20 11:35:00,626 - mazeUtils.moveTile - [moveTile.py:79] - DEBUG - roll: 322.38 deg, practicalMoveTime: 0.420768271143347 sec
2026-06-20 11:35:00,626 - mazeUtils.moveTile - [moveTile.py:1398] - DEBUG - moveTile loop time: 40.8 ms
2026-06-20 11:35:00,632 - picamera2.picamera2 - [picamera2.py:1391] - DEBUG - Execute job: <picamera2.job.Job object at 0x7f75658150>
2026-06-20 11:35:00,635 - mazeUtils.device.camera - [camera.py:39] - DEBUG - Average HSV: H=123.3, S=127.0, V=112.9
2026-06-20 11:35:00,663 - mazeUtils.moveTile - [moveTile.py:79] - DEBUG - roll: 321.26 deg, practicalMoveTime: 0.45237527193962657 sec
2026-06-20 11:35:00,664 - mazeUtils.moveTile - [moveTile.py:1398] - DEBUG - moveTile loop time: 37.1 ms
2026-06-20 11:35:00,675 - picamera2.picamera2 - [picamera2.py:1391] - DEBUG - Execute job: <picamera2.job.Job object at 0x7f51dbb850>
2026-06-20 11:35:00,679 - mazeUtils.device.camera - [camera.py:39] - DEBUG - Average HSV: H=126.2, S=117.7, V=124.0
2026-06-20 11:35:00,718 - mazeUtils.moveTile - [moveTile.py:79] - DEBUG - roll: 322.63 deg, practicalMoveTime: 0.4994691218790806 sec
2026-06-20 11:35:00,718 - mazeUtils.moveTile - [moveTile.py:1398] - DEBUG - moveTile loop time: 54.2 ms
2026-06-20 11:35:00,723 - picamera2.picamera2 - [picamera2.py:1391] - DEBUG - Execute job: <picamera2.job.Job object at 0x7f685fb450>
2026-06-20 11:35:00,727 - mazeUtils.device.camera - [camera.py:39] - DEBUG - Average HSV: H=125.6, S=122.3, V=104.2
2026-06-20 11:35:00,755 - mazeUtils.moveTile - [moveTile.py:79] - DEBUG - roll: 324.49 deg, practicalMoveTime: 0.5321197471184639 sec
2026-06-20 11:35:00,755 - mazeUtils.moveTile - [moveTile.py:1398] - DEBUG - moveTile loop time: 36.7 ms
2026-06-20 11:35:00,760 - picamera2.picamera2 - [picamera2.py:1391] - DEBUG - Execute job: <picamera2.job.Job object at 0x7f515166d0>
2026-06-20 11:35:00,763 - mazeUtils.device.camera - [camera.py:39] - DEBUG - Average HSV: H=128.4, S=110.3, V=86.9
2026-06-20 11:35:00,791 - mazeUtils.moveTile - [moveTile.py:79] - DEBUG - roll: 324.89 deg, practicalMoveTime: 0.5645881011973338 sec
2026-06-20 11:35:00,792 - mazeUtils.moveTile - [moveTile.py:1398] - DEBUG - moveTile loop time: 36.4 ms
2026-06-20 11:35:00,796 - picamera2.picamera2 - [picamera2.py:1391] - DEBUG - Execute job: <picamera2.job.Job object at 0x7f686cbc90>
2026-06-20 11:35:00,799 - mazeUtils.device.camera - [camera.py:39] - DEBUG - Average HSV: H=125.7, S=114.5, V=96.5
2026-06-20 11:35:00,839 - mazeUtils.moveTile - [moveTile.py:79] - DEBUG - roll: 324.52 deg, practicalMoveTime: 0.606528330183875 sec
2026-06-20 11:35:00,839 - mazeUtils.moveTile - [moveTile.py:1398] - DEBUG - moveTile loop time: 47.3 ms
2026-06-20 11:35:00,844 - picamera2.picamera2 - [picamera2.py:1391] - DEBUG - Execute job: <picamera2.job.Job object at 0x7f686dc5d0>
2026-06-20 11:35:00,847 - mazeUtils.device.camera - [camera.py:39] - DEBUG - Average HSV: H=123.8, S=127.7, V=99.3
2026-06-20 11:35:00,873 - mazeUtils.moveTile - [moveTile.py:79] - DEBUG - roll: 326.04999999999995 deg, practicalMoveTime: 0.637038861784572 sec
2026-06-20 11:35:00,873 - mazeUtils.moveTile - [moveTile.py:1398] - DEBUG - moveTile loop time: 33.7 ms
2026-06-20 11:35:00,881 - picamera2.picamera2 - [picamera2.py:1391] - DEBUG - Execute job: <picamera2.job.Job object at 0x7f685fb450>
2026-06-20 11:35:00,885 - mazeUtils.device.camera - [camera.py:39] - DEBUG - Average HSV: H=126.0, S=116.9, V=89.4
2026-06-20 11:35:00,924 - mazeUtils.moveTile - [moveTile.py:79] - DEBUG - roll: 329.35999999999996 deg, practicalMoveTime: 0.6847447960951273 sec
2026-06-20 11:35:00,924 - mazeUtils.moveTile - [moveTile.py:1398] - DEBUG - moveTile loop time: 50.6 ms
2026-06-20 11:35:00,930 - picamera2.picamera2 - [picamera2.py:1391] - DEBUG - Execute job: <picamera2.job.Job object at 0x7f5154fb90>
2026-06-20 11:35:00,933 - mazeUtils.device.camera - [camera.py:39] - DEBUG - Average HSV: H=127.4, S=111.9, V=86.3
2026-06-20 11:35:00,964 - mazeUtils.moveTile - [moveTile.py:79] - DEBUG - roll: 332.09999999999997 deg, practicalMoveTime: 0.7235196574432946 sec
2026-06-20 11:35:00,965 - mazeUtils.moveTile - [moveTile.py:1398] - DEBUG - moveTile loop time: 40.1 ms
2026-06-20 11:35:00,970 - picamera2.picamera2 - [picamera2.py:1391] - DEBUG - Execute job: <picamera2.job.Job object at 0x7f63762a10>
2026-06-20 11:35:00,973 - mazeUtils.device.camera - [camera.py:39] - DEBUG - Average HSV: H=128.1, S=106.5, V=83.2
2026-06-20 11:35:01,003 - mazeUtils.moveTile - [moveTile.py:79] - DEBUG - roll: 337.32 deg, practicalMoveTime: 0.7625438617057274 sec
2026-06-20 11:35:01,003 - mazeUtils.moveTile - [moveTile.py:1398] - DEBUG - moveTile loop time: 38.7 ms
2026-06-20 11:35:01,011 - picamera2.picamera2 - [picamera2.py:1391] - DEBUG - Execute job: <picamera2.job.Job object at 0x7f51dbb850>
2026-06-20 11:35:01,014 - mazeUtils.device.camera - [camera.py:39] - DEBUG - Average HSV: H=129.2, S=101.0, V=82.6
2026-06-20 11:35:01,042 - mazeUtils.moveTile - [moveTile.py:79] - DEBUG - roll: 339.83 deg, practicalMoveTime: 0.8021441356996131 sec
2026-06-20 11:35:01,043 - mazeUtils.moveTile - [moveTile.py:1398] - DEBUG - moveTile loop time: 38.2 ms
2026-06-20 11:35:01,049 - picamera2.picamera2 - [picamera2.py:1391] - DEBUG - Execute job: <picamera2.job.Job object at 0x7f5157bd90>
2026-06-20 11:35:01,052 - mazeUtils.device.camera - [camera.py:39] - DEBUG - Average HSV: H=130.2, S=98.5, V=82.4
2026-06-20 11:35:01,096 - picamera2.picamera2 - [picamera2.py:1391] - DEBUG - Execute job: <picamera2.job.Job object at 0x7f75658150>
2026-06-20 11:35:01,099 - mazeUtils.device.camera - [camera.py:39] - DEBUG - Average HSV: H=136.3, S=83.5, V=73.6
2026-06-20 11:35:01,126 - mazeUtils.moveTile - [moveTile.py:79] - DEBUG - roll: 346.09999999999997 deg, practicalMoveTime: 0.8909912127233789 sec
2026-06-20 11:35:01,126 - mazeUtils.moveTile - [moveTile.py:1398] - DEBUG - moveTile loop time: 35.2 ms
2026-06-20 11:35:01,133 - picamera2.picamera2 - [picamera2.py:1391] - DEBUG - Execute job: <picamera2.job.Job object at 0x7f5157bd90>
2026-06-20 11:35:01,136 - mazeUtils.device.camera - [camera.py:39] - DEBUG - Average HSV: H=140.2, S=72.4, V=77.6
2026-06-20 11:35:01,163 - mazeUtils.moveTile - [moveTile.py:79] - DEBUG - roll: 348.10999999999996 deg, practicalMoveTime: 0.9303947400808796 sec
2026-06-20 11:35:01,164 - mazeUtils.moveTile - [moveTile.py:1398] - DEBUG - moveTile loop time: 37.0 ms
2026-06-20 11:35:01,168 - picamera2.picamera2 - [picamera2.py:1391] - DEBUG - Execute job: <picamera2.job.Job object at 0x7f51dbb850>
2026-06-20 11:35:01,171 - mazeUtils.device.camera - [camera.py:39] - DEBUG - Average HSV: H=144.9, S=63.6, V=85.6
2026-06-20 11:35:01,203 - mazeUtils.moveTile - [moveTile.py:79] - DEBUG - roll: 348.78 deg, practicalMoveTime: 0.972345446371325 sec
2026-06-20 11:35:01,203 - mazeUtils.moveTile - [moveTile.py:1398] - DEBUG - moveTile loop time: 39.1 ms
2026-06-20 11:35:01,208 - picamera2.picamera2 - [picamera2.py:1391] - DEBUG - Execute job: <picamera2.job.Job object at 0x7f686dc5d0>
2026-06-20 11:35:01,211 - mazeUtils.device.camera - [camera.py:39] - DEBUG - Average HSV: H=156.9, S=49.3, V=99.6
2026-06-20 11:35:01,241 - mazeUtils.moveTile - [moveTile.py:79] - DEBUG - roll: 355.18 deg, practicalMoveTime: 1.0100253852159986 sec
2026-06-20 11:35:01,242 - mazeUtils.moveTile - [moveTile.py:1398] - DEBUG - moveTile loop time: 38.3 ms
2026-06-20 11:35:01,247 - picamera2.picamera2 - [picamera2.py:1391] - DEBUG - Execute job: <picamera2.job.Job object at 0x7f63762a10>
2026-06-20 11:35:01,251 - mazeUtils.device.camera - [camera.py:39] - DEBUG - Average HSV: H=157.3, S=38.4, V=152.8
2026-06-20 11:35:01,281 - mazeUtils.moveTile - [moveTile.py:79] - DEBUG - roll: 357.09 deg, practicalMoveTime: 1.0489896542453365 sec
2026-06-20 11:35:01,281 - mazeUtils.moveTile - [moveTile.py:1398] - DEBUG - moveTile loop time: 38.9 ms
2026-06-20 11:35:01,289 - picamera2.picamera2 - [picamera2.py:1391] - DEBUG - Execute job: <picamera2.job.Job object at 0x7f51dbb850>
2026-06-20 11:35:01,292 - mazeUtils.device.camera - [camera.py:39] - DEBUG - Average HSV: H=154.3, S=39.8, V=148.0
2026-06-20 11:35:01,322 - mazeUtils.moveTile - [moveTile.py:79] - DEBUG - roll: 358.52 deg, practicalMoveTime: 1.0898924474545697 sec
2026-06-20 11:35:01,322 - mazeUtils.moveTile - [moveTile.py:1398] - DEBUG - moveTile loop time: 40.9 ms
2026-06-20 11:35:01,329 - picamera2.picamera2 - [picamera2.py:1391] - DEBUG - Execute job: <picamera2.job.Job object at 0x7f685fb450>
2026-06-20 11:35:01,332 - mazeUtils.device.camera - [camera.py:39] - DEBUG - Average HSV: H=150.0, S=42.1, V=143.9
2026-06-20 11:35:01,362 - mazeUtils.moveTile - [moveTile.py:79] - DEBUG - roll: 0.7899999999999636 deg, practicalMoveTime: 1.1290077342258165 sec
2026-06-20 11:35:01,362 - mazeUtils.moveTile - [moveTile.py:1398] - DEBUG - moveTile loop time: 39.4 ms
2026-06-20 11:35:01,368 - picamera2.picamera2 - [picamera2.py:1391] - DEBUG - Execute job: <picamera2.job.Job object at 0x7f515166d0>
2026-06-20 11:35:01,372 - mazeUtils.device.camera - [camera.py:39] - DEBUG - Average HSV: H=151.8, S=41.4, V=141.4
2026-06-20 11:35:01,401 - mazeUtils.moveTile - [moveTile.py:79] - DEBUG - roll: 359.51 deg, practicalMoveTime: 1.167852568002075 sec
2026-06-20 11:35:01,401 - mazeUtils.moveTile - [moveTile.py:1398] - DEBUG - moveTile loop time: 39.1 ms
2026-06-20 11:35:01,406 - picamera2.picamera2 - [picamera2.py:1391] - DEBUG - Execute job: <picamera2.job.Job object at 0x7f686cbc90>
2026-06-20 11:35:01,409 - mazeUtils.device.camera - [camera.py:39] - DEBUG - Average HSV: H=149.4, S=43.4, V=139.3
2026-06-20 11:35:01,446 - mazeUtils.moveTile - [moveTile.py:79] - DEBUG - roll: 1.8199999999999932 deg, practicalMoveTime: 1.2118314734356037 sec
2026-06-20 11:35:01,446 - mazeUtils.moveTile - [moveTile.py:1398] - DEBUG - moveTile loop time: 44.3 ms
2026-06-20 11:35:01,451 - picamera2.picamera2 - [picamera2.py:1391] - DEBUG - Execute job: <picamera2.job.Job object at 0x7f685fb450>
2026-06-20 11:35:01,454 - mazeUtils.device.camera - [camera.py:39] - DEBUG - Average HSV: H=149.4, S=43.5, V=138.5
2026-06-20 11:35:01,482 - mazeUtils.moveTile - [moveTile.py:79] - DEBUG - roll: 359.22999999999996 deg, practicalMoveTime: 1.2476537292566416 sec
2026-06-20 11:35:01,482 - mazeUtils.moveTile - [moveTile.py:1398] - DEBUG - moveTile loop time: 36.1 ms
2026-06-20 11:35:01,487 - picamera2.picamera2 - [picamera2.py:1391] - DEBUG - Execute job: <picamera2.job.Job object at 0x7f686cbc90>
2026-06-20 11:35:01,490 - mazeUtils.device.camera - [camera.py:39] - DEBUG - Average HSV: H=152.6, S=42.8, V=138.1
2026-06-20 11:35:01,521 - mazeUtils.moveTile - [moveTile.py:79] - DEBUG - roll: 0.8299999999999841 deg, practicalMoveTime: 1.2864937621730996 sec
2026-06-20 11:35:01,522 - mazeUtils.moveTile - [moveTile.py:1398] - DEBUG - moveTile loop time: 39.1 ms
2026-06-20 11:35:01,527 - picamera2.picamera2 - [picamera2.py:1391] - DEBUG - Execute job: <picamera2.job.Job object at 0x7f63762a10>
2026-06-20 11:35:01,532 - mazeUtils.device.camera - [camera.py:39] - DEBUG - Average HSV: H=145.9, S=47.7, V=135.7
2026-06-20 11:35:01,558 - mazeUtils.moveTile - [moveTile.py:79] - DEBUG - roll: 1.669999999999959 deg, practicalMoveTime: 1.3230969181714944 sec
2026-06-20 11:35:01,559 - mazeUtils.moveTile - [moveTile.py:1398] - DEBUG - moveTile loop time: 36.5 ms
2026-06-20 11:35:01,565 - picamera2.picamera2 - [picamera2.py:1391] - DEBUG - Execute job: <picamera2.job.Job object at 0x7f637298d0>
2026-06-20 11:35:01,568 - mazeUtils.device.camera - [camera.py:39] - DEBUG - Average HSV: H=144.2, S=48.6, V=131.2
2026-06-20 11:35:01,597 - mazeUtils.moveTile - [moveTile.py:79] - DEBUG - roll: 0.22999999999996135 deg, practicalMoveTime: 1.3615129942967026 sec
2026-06-20 11:35:01,598 - mazeUtils.moveTile - [moveTile.py:1398] - DEBUG - moveTile loop time: 38.6 ms
2026-06-20 11:35:01,604 - picamera2.picamera2 - [picamera2.py:1391] - DEBUG - Execute job: <picamera2.job.Job object at 0x7f637298d0>
2026-06-20 11:35:01,607 - mazeUtils.device.camera - [camera.py:39] - DEBUG - Average HSV: H=142.7, S=49.2, V=132.5
2026-06-20 11:35:01,634 - mazeUtils.moveTile - [moveTile.py:79] - DEBUG - roll: 1.0299999999999727 deg, practicalMoveTime: 1.3980273360484337 sec
2026-06-20 11:35:01,635 - mazeUtils.moveTile - [moveTile.py:1398] - DEBUG - moveTile loop time: 36.9 ms
2026-06-20 11:35:01,640 - picamera2.picamera2 - [picamera2.py:1391] - DEBUG - Execute job: <picamera2.job.Job object at 0x7f686cbc90>
2026-06-20 11:35:01,643 - mazeUtils.device.camera - [camera.py:39] - DEBUG - Average HSV: H=141.3, S=51.1, V=129.6
2026-06-20 11:35:01,671 - mazeUtils.moveTile - [moveTile.py:79] - DEBUG - roll: 1.4599999999999795 deg, practicalMoveTime: 1.4341846461183132 sec
2026-06-20 11:35:01,672 - mazeUtils.moveTile - [moveTile.py:1398] - DEBUG - moveTile loop time: 36.3 ms
2026-06-20 11:35:01,678 - picamera2.picamera2 - [picamera2.py:1391] - DEBUG - Execute job: <picamera2.job.Job object at 0x7f685fae10>
2026-06-20 11:35:01,682 - mazeUtils.device.camera - [camera.py:39] - DEBUG - Average HSV: H=140.6, S=52.5, V=129.1
2026-06-20 11:35:01,711 - mazeUtils.moveTile - [moveTile.py:79] - DEBUG - roll: 1.169999999999959 deg, practicalMoveTime: 1.4739004756688698 sec
2026-06-20 11:35:01,712 - mazeUtils.moveTile - [moveTile.py:1398] - DEBUG - moveTile loop time: 40.0 ms
2026-06-20 11:35:01,718 - picamera2.picamera2 - [picamera2.py:1391] - DEBUG - Execute job: <picamera2.job.Job object at 0x7f5157bd90>
2026-06-20 11:35:01,721 - mazeUtils.device.camera - [camera.py:39] - DEBUG - Average HSV: H=141.7, S=53.4, V=125.1
2026-06-20 11:35:01,752 - mazeUtils.moveTile - [moveTile.py:79] - DEBUG - roll: 0.6299999999999955 deg, practicalMoveTime: 1.513756884228903 sec
2026-06-20 11:35:01,752 - mazeUtils.moveTile - [moveTile.py:1398] - DEBUG - moveTile loop time: 40.2 ms
2026-06-20 11:35:01,761 - picamera2.picamera2 - [picamera2.py:1391] - DEBUG - Execute job: <picamera2.job.Job object at 0x7f63762a10>
2026-06-20 11:35:01,764 - mazeUtils.device.camera - [camera.py:39] - DEBUG - Average HSV: H=139.9, S=58.8, V=120.8
2026-06-20 11:35:01,791 - mazeUtils.moveTile - [moveTile.py:79] - DEBUG - roll: 1.509999999999991 deg, practicalMoveTime: 1.5522435853052026 sec
2026-06-20 11:35:01,791 - mazeUtils.moveTile - [moveTile.py:1398] - DEBUG - moveTile loop time: 38.8 ms
2026-06-20 11:35:01,798 - picamera2.picamera2 - [picamera2.py:1391] - DEBUG - Execute job: <picamera2.job.Job object at 0x7f686dc5d0>
2026-06-20 11:35:01,801 - mazeUtils.device.camera - [camera.py:39] - DEBUG - Average HSV: H=140.8, S=58.6, V=120.4
2026-06-20 11:35:01,831 - mazeUtils.moveTile - [moveTile.py:79] - DEBUG - roll: 0.7199999999999704 deg, practicalMoveTime: 1.5914999192916912 sec
2026-06-20 11:35:01,831 - mazeUtils.moveTile - [moveTile.py:1398] - DEBUG - moveTile loop time: 39.3 ms
2026-06-20 11:35:01,838 - picamera2.picamera2 - [picamera2.py:1391] - DEBUG - Execute job: <picamera2.job.Job object at 0x7f51dbb850>
2026-06-20 11:35:01,842 - mazeUtils.device.camera - [camera.py:39] - DEBUG - Average HSV: H=140.1, S=57.6, V=121.2
2026-06-20 11:35:01,872 - mazeUtils.moveTile - [moveTile.py:79] - DEBUG - roll: 0.15999999999996817 deg, practicalMoveTime: 1.6325091855087632 sec
2026-06-20 11:35:01,873 - mazeUtils.moveTile - [moveTile.py:1398] - DEBUG - moveTile loop time: 41.4 ms
2026-06-20 11:35:01,881 - picamera2.picamera2 - [picamera2.py:1391] - DEBUG - Execute job: <picamera2.job.Job object at 0x7f515166d0>
2026-06-20 11:35:01,885 - mazeUtils.device.camera - [camera.py:39] - DEBUG - Average HSV: H=138.1, S=59.4, V=122.0
2026-06-20 11:35:01,909 - mazeUtils.moveTile - [moveTile.py:1344] - INFO - practicalVerticalMove: -15.575059222606788 CM
2026-06-20 11:35:01,953 - mazeUtils.moveTile - [moveTile.py:1473] - INFO - Detected ramp but regarded it as down stairs, treating as normal tile
2026-06-20 11:35:01,986 - mazeUtils.moveTile - [moveTile.py:528] - DEBUG - Direction: absDirection.NORTH, Angle: 0, Distance: 45.97310763923239 cm
2026-06-20 11:35:01,986 - mazeUtils.moveTile - [moveTile.py:551] - DEBUG - Front LiDAR distance: 45.97310763923239 cm, TSD10 distance: 34.5 cm
2026-06-20 11:35:01,987 - mazeUtils.moveTile - [moveTile.py:528] - DEBUG - Direction: absDirection.EAST, Angle: 270, Distance: 16.151719205178612 cm
2026-06-20 11:35:01,988 - mazeUtils.moveTile - [moveTile.py:528] - DEBUG - Direction: absDirection.SOUTH, Angle: 180, Distance: 54.62249341661331 cm
2026-06-20 11:35:01,989 - mazeUtils.moveTile - [moveTile.py:528] - DEBUG - Direction: absDirection.WEST, Angle: 90, Distance: 79.32693346793756 cm
2026-06-20 11:35:01,991 - mazeUtils.moveTile - [moveTile.py:1724] - INFO - Tile color detection counts: {}, decided tile type: E
2026-06-20 11:35:02,064 - __main__ - [main.py:87] - INFO - Current position: (20, 18, 1), front direction: absDirection.NORTH
Layer 0 (altitude=0.0cm, offset=(0.0cm, 0.0cm)):
Known map area: x=20..20, y=20..20
+   +
| S |
+---+
Layer 1 (altitude=15.0cm, offset=(0.0cm, -60.0cm)):
Known map area: x=20..20, y=18..20
+   +
  @ |
+   +
| E |
+   +
| E |
+   +
mazeAsGraph[0][20][20] = {absDirection.NORTH: (20, 20, 1, 60), absDirection.EAST: None, absDirection.SOUTH: None, absDirection.WEST: None}
mazeAsGraph[1][18][20] = {absDirection.NORTH: (20, 17, 1, 30), absDirection.EAST: None, absDirection.SOUTH: (20, 19, 1, 30), absDirection.WEST: (19, 18, 1, 30)}
mazeAsGraph[1][19][20] = {absDirection.NORTH: (20, 18, 1, 30), absDirection.EAST: None, absDirection.SOUTH: (20, 20, 1, 30), absDirection.WEST: None}
mazeAsGraph[1][20][20] = {absDirection.NORTH: (20, 19, 1, 30), absDirection.EAST: None, absDirection.SOUTH: (20, 20, 0, 60), absDirection.WEST: None}
2026-06-20 11:35:02,070 - mazeUtils.mazeMap - [mazeMap.py:61] - INFO - next goal: (20, 17, 1)
2026-06-20 11:35:02,080 - mazeUtils.moveTile - [moveTile.py:79] - DEBUG - Moving to absDirection.NORTH from (20, 18, 1) facing absDirection.NORTH
2026-06-20 11:35:02,111 - mazeUtils.moveTile - [moveTile.py:79] - DEBUG - current heading: 358.84 target: 0
2026-06-20 11:35:02,131 - mazeUtils.moveTile - [moveTile.py:403] - DEBUG - stopped turning at heading: 358.84, diff: 1.160000000000025
2026-06-20 11:35:02,197 - mazeUtils.moveTile - [moveTile.py:79] - DEBUG - Turned to heading: 359.28 deg
2026-06-20 11:35:02,402 - picamera2.picamera2 - [picamera2.py:1391] - DEBUG - Execute job: <picamera2.job.Job object at 0x7f51585d90>
2026-06-20 11:35:02,405 - mazeUtils.device.camera - [camera.py:39] - DEBUG - Average HSV: H=111.8, S=94.6, V=11.9
2026-06-20 11:35:02,434 - mazeUtils.moveTile - [moveTile.py:79] - DEBUG - roll: 359.77 deg, practicalMoveTime: 0.03973285132808487 sec
2026-06-20 11:35:02,435 - mazeUtils.moveTile - [moveTile.py:1398] - DEBUG - moveTile loop time: 39.8 ms
2026-06-20 11:35:02,443 - picamera2.picamera2 - [picamera2.py:1391] - DEBUG - Execute job: <picamera2.job.Job object at 0x7f515166d0>
2026-06-20 11:35:02,446 - mazeUtils.device.camera - [camera.py:39] - DEBUG - Average HSV: H=111.8, S=93.1, V=11.9
2026-06-20 11:35:02,486 - mazeUtils.moveTile - [moveTile.py:79] - DEBUG - roll: 359.88 deg, practicalMoveTime: 0.09070901592234595 sec
2026-06-20 11:35:02,486 - mazeUtils.moveTile - [moveTile.py:1398] - DEBUG - moveTile loop time: 51.3 ms
2026-06-20 11:35:02,492 - picamera2.picamera2 - [picamera2.py:1391] - DEBUG - Execute job: <picamera2.job.Job object at 0x7f5154fb90>
2026-06-20 11:35:02,495 - mazeUtils.device.camera - [camera.py:39] - DEBUG - Average HSV: H=111.1, S=95.4, V=11.9
2026-06-20 11:35:02,528 - mazeUtils.moveTile - [moveTile.py:79] - DEBUG - roll: 0.0 deg, practicalMoveTime: 0.13279657085398658 sec
2026-06-20 11:35:02,529 - mazeUtils.moveTile - [moveTile.py:1398] - DEBUG - moveTile loop time: 42.3 ms
2026-06-20 11:35:02,535 - picamera2.picamera2 - [picamera2.py:1391] - DEBUG - Execute job: <picamera2.job.Job object at 0x7f7cc23050>
2026-06-20 11:35:02,538 - mazeUtils.device.camera - [camera.py:39] - DEBUG - Average HSV: H=110.6, S=100.8, V=11.1
2026-06-20 11:35:02,568 - mazeUtils.moveTile - [moveTile.py:79] - DEBUG - roll: 359.96 deg, practicalMoveTime: 0.17188051900158263 sec
2026-06-20 11:35:02,568 - mazeUtils.moveTile - [moveTile.py:1398] - DEBUG - moveTile loop time: 39.5 ms
2026-06-20 11:35:02,572 - picamera2.picamera2 - [picamera2.py:1391] - DEBUG - Execute job: <picamera2.job.Job object at 0x7f51585c10>
2026-06-20 11:35:02,575 - mazeUtils.device.camera - [camera.py:39] - DEBUG - Average HSV: H=107.8, S=93.8, V=11.0
2026-06-20 11:35:02,603 - mazeUtils.moveTile - [moveTile.py:79] - DEBUG - roll: 359.32 deg, practicalMoveTime: 0.20623445506322913 sec
2026-06-20 11:35:02,603 - mazeUtils.moveTile - [moveTile.py:1398] - DEBUG - moveTile loop time: 34.6 ms
2026-06-20 11:35:02,608 - picamera2.picamera2 - [picamera2.py:1391] - DEBUG - Execute job: <picamera2.job.Job object at 0x7f51585d90>
2026-06-20 11:35:02,610 - mazeUtils.device.camera - [camera.py:39] - DEBUG - Average HSV: H=105.2, S=90.9, V=10.4
2026-06-20 11:35:02,639 - mazeUtils.moveTile - [moveTile.py:79] - DEBUG - roll: 359.46 deg, practicalMoveTime: 0.24179014591211717 sec
2026-06-20 11:35:02,639 - mazeUtils.moveTile - [moveTile.py:1398] - DEBUG - moveTile loop time: 35.8 ms
2026-06-20 11:35:02,643 - picamera2.picamera2 - [picamera2.py:1391] - DEBUG - Execute job: <picamera2.job.Job object at 0x7f51585c10>
2026-06-20 11:35:02,647 - mazeUtils.device.camera - [camera.py:39] - DEBUG - Average HSV: H=103.6, S=96.2, V=9.6
2026-06-20 11:35:02,697 - mazeUtils.moveTile - [moveTile.py:235] - INFO - Black tile detected! Stopping movement. Starting escape maneuver.
2026-06-20 11:35:02,981 - mazeUtils.moveTile - [moveTile.py:79] - DEBUG - Escape maneuver complete.
2026-06-20 11:35:03,014 - __main__ - [main.py:87] - INFO - Current position: (20, 18, 1), front direction: absDirection.NORTH
Layer 0 (altitude=0.0cm, offset=(0.0cm, 0.0cm)):
Known map area: x=20..20, y=20..20
+   +
| S |
+---+
Layer 1 (altitude=15.0cm, offset=(0.0cm, -60.0cm)):
Known map area: x=20..20, y=17..20
+   +
  B  
+   +
  @ |
+   +
| E |
+   +
| E |
+   +
mazeAsGraph[0][20][20] = {absDirection.NORTH: (20, 20, 1, 60), absDirection.EAST: None, absDirection.SOUTH: None, absDirection.WEST: None}
mazeAsGraph[1][17][20] = {absDirection.NORTH: None, absDirection.EAST: None, absDirection.SOUTH: None, absDirection.WEST: None}
mazeAsGraph[1][18][20] = {absDirection.NORTH: None, absDirection.EAST: None, absDirection.SOUTH: (20, 19, 1, 30), absDirection.WEST: (19, 18, 1, 30)}
mazeAsGraph[1][19][20] = {absDirection.NORTH: (20, 18, 1, 30), absDirection.EAST: None, absDirection.SOUTH: (20, 20, 1, 30), absDirection.WEST: None}
mazeAsGraph[1][20][20] = {absDirection.NORTH: (20, 19, 1, 30), absDirection.EAST: None, absDirection.SOUTH: (20, 20, 0, 60), absDirection.WEST: None}
2026-06-20 11:35:03,022 - mazeUtils.mazeMap - [mazeMap.py:61] - INFO - next goal: (19, 18, 1)
2026-06-20 11:35:03,030 - mazeUtils.moveTile - [moveTile.py:79] - DEBUG - Moving to absDirection.WEST from (20, 18, 1) facing absDirection.NORTH
2026-06-20 11:35:03,035 - mazeUtils.moveTile - [moveTile.py:79] - DEBUG - Turning to 90 deg, current heading: 2.2099999999999795 deg, turnAngle: -87.79000000000002 deg
2026-06-20 11:35:03,065 - mazeUtils.moveTile - [moveTile.py:79] - DEBUG - gyro:2.5 deg, derivative: 0.29000000000002046, turnSpeed: -100
2026-06-20 11:35:03,094 - mazeUtils.moveTile - [moveTile.py:79] - DEBUG - gyro:2.5599999999999454 deg, derivative: 0.05999999999994543, turnSpeed: -100
2026-06-20 11:35:03,119 - mazeUtils.moveTile - [moveTile.py:79] - DEBUG - gyro:2.2199999999999704 deg, derivative: -0.339999999999975, turnSpeed: -100
2026-06-20 11:35:03,146 - mazeUtils.moveTile - [moveTile.py:79] - DEBUG - gyro:2.6899999999999977 deg, derivative: 0.4700000000000273, turnSpeed: -100
2026-06-20 11:35:03,176 - mazeUtils.moveTile - [moveTile.py:79] - DEBUG - gyro:3.819999999999993 deg, derivative: 1.1299999999999955, turnSpeed: -100
2026-06-20 11:35:03,199 - mazeUtils.moveTile - [moveTile.py:79] - DEBUG - gyro:7.639999999999986 deg, derivative: 3.819999999999993, turnSpeed: -100
2026-06-20 11:35:03,223 - mazeUtils.moveTile - [moveTile.py:79] - DEBUG - gyro:12.0 deg, derivative: 4.360000000000014, turnSpeed: -100
2026-06-20 11:35:03,248 - mazeUtils.moveTile - [moveTile.py:79] - DEBUG - gyro:14.449999999999989 deg, derivative: 2.4499999999999886, turnSpeed: -100
2026-06-20 11:35:03,271 - mazeUtils.moveTile - [moveTile.py:79] - DEBUG - gyro:17.909999999999968 deg, derivative: 3.4599999999999795, turnSpeed: -100
2026-06-20 11:35:03,300 - mazeUtils.moveTile - [moveTile.py:79] - DEBUG - gyro:21.769999999999982 deg, derivative: 3.8600000000000136, turnSpeed: -100
2026-06-20 11:35:03,325 - mazeUtils.moveTile - [moveTile.py:79] - DEBUG - gyro:24.47999999999996 deg, derivative: 2.7099999999999795, turnSpeed: -100
2026-06-20 11:35:03,350 - mazeUtils.moveTile - [moveTile.py:79] - DEBUG - gyro:28.279999999999973 deg, derivative: 3.8000000000000114, turnSpeed: -100
2026-06-20 11:35:03,378 - mazeUtils.moveTile - [moveTile.py:79] - DEBUG - gyro:30.92999999999995 deg, derivative: 2.6499999999999773, turnSpeed: -100
2026-06-20 11:35:03,402 - mazeUtils.moveTile - [moveTile.py:79] - DEBUG - gyro:34.20999999999998 deg, derivative: 3.2800000000000296, turnSpeed: -100
2026-06-20 11:35:03,429 - mazeUtils.moveTile - [moveTile.py:79] - DEBUG - gyro:38.66999999999996 deg, derivative: 4.4599999999999795, turnSpeed: -100
2026-06-20 11:35:03,456 - mazeUtils.moveTile - [moveTile.py:79] - DEBUG - gyro:42.85999999999996 deg, derivative: 4.189999999999998, turnSpeed: -94.28000000000009
2026-06-20 11:35:03,484 - mazeUtils.moveTile - [moveTile.py:79] - DEBUG - gyro:45.0 deg, derivative: 2.140000000000043, turnSpeed: -90.0
2026-06-20 11:35:03,508 - mazeUtils.moveTile - [moveTile.py:79] - DEBUG - gyro:47.839999999999975 deg, derivative: 2.839999999999975, turnSpeed: -84.32000000000005
2026-06-20 11:35:03,542 - mazeUtils.moveTile - [moveTile.py:79] - DEBUG - gyro:51.129999999999995 deg, derivative: 3.2900000000000205, turnSpeed: -77.74000000000001
2026-06-20 11:35:03,566 - mazeUtils.moveTile - [moveTile.py:79] - DEBUG - gyro:54.68999999999994 deg, derivative: 3.5599999999999454, turnSpeed: -70.62000000000012
2026-06-20 11:35:03,592 - mazeUtils.moveTile - [moveTile.py:79] - DEBUG - gyro:57.93999999999994 deg, derivative: 3.25, turnSpeed: -64.12000000000012
2026-06-20 11:35:03,617 - mazeUtils.moveTile - [moveTile.py:79] - DEBUG - gyro:60.66999999999996 deg, derivative: 2.730000000000018, turnSpeed: -58.66000000000008
2026-06-20 11:35:03,645 - mazeUtils.moveTile - [moveTile.py:79] - DEBUG - gyro:62.889999999999986 deg, derivative: 2.2200000000000273, turnSpeed: -54.22000000000003
2026-06-20 11:35:03,668 - mazeUtils.moveTile - [moveTile.py:79] - DEBUG - gyro:65.13999999999999 deg, derivative: 2.25, turnSpeed: -49.72000000000003
2026-06-20 11:35:03,703 - mazeUtils.moveTile - [moveTile.py:79] - DEBUG - gyro:67.59999999999997 deg, derivative: 2.4599999999999795, turnSpeed: -44.80000000000007
2026-06-20 11:35:03,727 - mazeUtils.moveTile - [moveTile.py:79] - DEBUG - gyro:69.67999999999995 deg, derivative: 2.079999999999984, turnSpeed: -40.6400000000001
2026-06-20 11:35:03,751 - mazeUtils.moveTile - [moveTile.py:79] - DEBUG - gyro:71.58999999999997 deg, derivative: 1.910000000000025, turnSpeed: -36.82000000000005
2026-06-20 11:35:03,778 - mazeUtils.moveTile - [moveTile.py:79] - DEBUG - gyro:72.98999999999995 deg, derivative: 1.3999999999999773, turnSpeed: -34.020000000000095
2026-06-20 11:35:03,804 - mazeUtils.moveTile - [moveTile.py:79] - DEBUG - gyro:74.38 deg, derivative: 1.3900000000000432, turnSpeed: -31.24000000000001
2026-06-20 11:35:03,830 - mazeUtils.moveTile - [moveTile.py:79] - DEBUG - gyro:75.64999999999998 deg, derivative: 1.2699999999999818, turnSpeed: -28.700000000000045
2026-06-20 11:35:03,855 - mazeUtils.moveTile - [moveTile.py:79] - DEBUG - gyro:76.94999999999999 deg, derivative: 1.3000000000000114, turnSpeed: -26.100000000000023
2026-06-20 11:35:03,884 - mazeUtils.moveTile - [moveTile.py:79] - DEBUG - gyro:78.10999999999996 deg, derivative: 1.1599999999999682, turnSpeed: -23.780000000000086
2026-06-20 11:35:03,911 - mazeUtils.moveTile - [moveTile.py:79] - DEBUG - gyro:79.29999999999995 deg, derivative: 1.1899999999999977, turnSpeed: -21.40000000000009
2026-06-20 11:35:03,937 - mazeUtils.moveTile - [moveTile.py:79] - DEBUG - gyro:80.52999999999997 deg, derivative: 1.2300000000000182, turnSpeed: -18.940000000000055
2026-06-20 11:35:03,961 - mazeUtils.moveTile - [moveTile.py:79] - DEBUG - gyro:81.14999999999998 deg, derivative: 0.6200000000000045, turnSpeed: -17.700000000000045
2026-06-20 11:35:03,990 - mazeUtils.moveTile - [moveTile.py:79] - DEBUG - gyro:81.97999999999996 deg, derivative: 0.8299999999999841, turnSpeed: -16.040000000000077
2026-06-20 11:35:04,017 - mazeUtils.moveTile - [moveTile.py:79] - DEBUG - gyro:82.53999999999996 deg, derivative: 0.5600000000000023, turnSpeed: -14.920000000000073
2026-06-20 11:35:04,054 - mazeUtils.moveTile - [moveTile.py:79] - DEBUG - gyro:83.18999999999994 deg, derivative: 0.6499999999999773, turnSpeed: -13.620000000000118
2026-06-20 11:35:04,081 - mazeUtils.moveTile - [moveTile.py:79] - DEBUG - gyro:83.52999999999997 deg, derivative: 0.34000000000003183, turnSpeed: -12.940000000000055
2026-06-20 11:35:04,107 - mazeUtils.moveTile - [moveTile.py:79] - DEBUG - gyro:84.19999999999999 deg, derivative: 0.6700000000000159, turnSpeed: -11.600000000000023
2026-06-20 11:35:04,132 - mazeUtils.moveTile - [moveTile.py:79] - DEBUG - gyro:84.62 deg, derivative: 0.4200000000000159, turnSpeed: -10.759999999999991
2026-06-20 11:35:04,159 - mazeUtils.moveTile - [moveTile.py:79] - DEBUG - gyro:85.02999999999997 deg, derivative: 0.40999999999996817, turnSpeed: -9.940000000000055
2026-06-20 11:35:04,182 - mazeUtils.moveTile - [moveTile.py:79] - DEBUG - gyro:85.38999999999999 deg, derivative: 0.36000000000001364, turnSpeed: -9.220000000000027
2026-06-20 11:35:04,211 - mazeUtils.moveTile - [moveTile.py:79] - DEBUG - gyro:85.87 deg, derivative: 0.4800000000000182, turnSpeed: -8.259999999999991
2026-06-20 11:35:04,247 - mazeUtils.moveTile - [moveTile.py:79] - DEBUG - gyro:86.13999999999999 deg, derivative: 0.2699999999999818, turnSpeed: -7.720000000000027
2026-06-20 11:35:04,273 - mazeUtils.moveTile - [moveTile.py:79] - DEBUG - gyro:86.57 deg, derivative: 0.4300000000000068, turnSpeed: -6.860000000000014
2026-06-20 11:35:04,298 - mazeUtils.moveTile - [moveTile.py:79] - DEBUG - gyro:86.95999999999998 deg, derivative: 0.38999999999998636, turnSpeed: -6.080000000000041
2026-06-20 11:35:04,326 - mazeUtils.moveTile - [moveTile.py:79] - DEBUG - gyro:87.39999999999998 deg, derivative: 0.4399999999999977, turnSpeed: -5.2000000000000455
2026-06-20 11:35:04,354 - mazeUtils.moveTile - [moveTile.py:79] - DEBUG - gyro:87.43999999999994 deg, derivative: 0.03999999999996362, turnSpeed: -5.120000000000118
2026-06-20 11:35:04,391 - mazeUtils.moveTile - [moveTile.py:79] - DEBUG - gyro:87.64999999999998 deg, derivative: 0.21000000000003638, turnSpeed: -4.7000000000000455
2026-06-20 11:35:04,418 - mazeUtils.moveTile - [moveTile.py:79] - DEBUG - gyro:87.90999999999997 deg, derivative: 0.2599999999999909, turnSpeed: -4.180000000000064
2026-06-20 11:35:04,444 - mazeUtils.moveTile - [moveTile.py:79] - DEBUG - gyro:88.26999999999998 deg, derivative: 0.36000000000001364, turnSpeed: -3.4600000000000364
2026-06-20 11:35:04,473 - mazeUtils.moveTile - [moveTile.py:79] - DEBUG - gyro:88.39999999999998 deg, derivative: 0.12999999999999545, turnSpeed: -3.2000000000000455
2026-06-20 11:35:04,502 - mazeUtils.moveTile - [moveTile.py:79] - DEBUG - gyro:88.53999999999996 deg, derivative: 0.13999999999998636, turnSpeed: -2.9200000000000728
2026-06-20 11:35:04,531 - mazeUtils.moveTile - [moveTile.py:79] - DEBUG - gyro:88.63999999999999 deg, derivative: 0.10000000000002274, turnSpeed: -2.7200000000000273
2026-06-20 11:35:04,561 - mazeUtils.moveTile - [moveTile.py:79] - DEBUG - gyro:88.75 deg, derivative: 0.11000000000001364, turnSpeed: -2.5
2026-06-20 11:35:04,597 - mazeUtils.moveTile - [moveTile.py:79] - DEBUG - gyro:88.83999999999997 deg, derivative: 0.08999999999997499, turnSpeed: -2.32000000000005
2026-06-20 11:35:04,624 - mazeUtils.moveTile - [moveTile.py:79] - DEBUG - gyro:88.94999999999999 deg, derivative: 0.11000000000001364, turnSpeed: -2.1000000000000227
2026-06-20 11:35:04,647 - mazeUtils.moveTile - [moveTile.py:79] - DEBUG - gyro:89.03999999999996 deg, derivative: 0.08999999999997499, turnSpeed: -1.9200000000000728
2026-06-20 11:35:04,673 - mazeUtils.moveTile - [moveTile.py:79] - DEBUG - gyro:89.12 deg, derivative: 0.08000000000004093, turnSpeed: -1.759999999999991
2026-06-20 11:35:04,709 - mazeUtils.moveTile - [moveTile.py:79] - DEBUG - gyro:89.18999999999994 deg, derivative: 0.06999999999993634, turnSpeed: -1.6200000000001182
2026-06-20 11:35:04,736 - mazeUtils.moveTile - [moveTile.py:79] - DEBUG - gyro:89.25999999999999 deg, derivative: 0.07000000000005002, turnSpeed: -1.4800000000000182
2026-06-20 11:35:04,760 - mazeUtils.moveTile - [moveTile.py:79] - DEBUG - Turned to heading: 89.25999999999999 deg
2026-06-20 11:35:04,816 - mazeUtils.moveTile - [moveTile.py:79] - DEBUG - Little backward to adjust position
2026-06-20 11:35:05,388 - picamera2.picamera2 - [picamera2.py:1391] - DEBUG - Execute job: <picamera2.job.Job object at 0x7f51590f50>
2026-06-20 11:35:05,391 - mazeUtils.device.camera - [camera.py:39] - DEBUG - Average HSV: H=157.6, S=48.8, V=149.6
2026-06-20 11:35:05,418 - mazeUtils.moveTile - [moveTile.py:79] - DEBUG - roll: 0.19999999999998863 deg, practicalMoveTime: 0.03458788780346838 sec
2026-06-20 11:35:05,419 - mazeUtils.moveTile - [moveTile.py:1398] - DEBUG - moveTile loop time: 34.8 ms
2026-06-20 11:35:05,431 - picamera2.picamera2 - [picamera2.py:1391] - DEBUG - Execute job: <picamera2.job.Job object at 0x7f51590e50>
2026-06-20 11:35:05,434 - mazeUtils.device.camera - [camera.py:39] - DEBUG - Average HSV: H=163.5, S=48.1, V=149.5
2026-06-20 11:35:05,474 - mazeUtils.moveTile - [moveTile.py:79] - DEBUG - roll: 0.7899999999999636 deg, practicalMoveTime: 0.08942228611280835 sec
2026-06-20 11:35:05,474 - mazeUtils.moveTile - [moveTile.py:1398] - DEBUG - moveTile loop time: 55.1 ms
2026-06-20 11:35:05,479 - picamera2.picamera2 - [picamera2.py:1391] - DEBUG - Execute job: <picamera2.job.Job object at 0x7f51590f10>
2026-06-20 11:35:05,483 - mazeUtils.device.camera - [camera.py:39] - DEBUG - Average HSV: H=169.4, S=46.7, V=151.3
2026-06-20 11:35:05,515 - mazeUtils.moveTile - [moveTile.py:79] - DEBUG - roll: 1.2899999999999636 deg, practicalMoveTime: 0.13040892392187092 sec
2026-06-20 11:35:05,516 - mazeUtils.moveTile - [moveTile.py:1398] - DEBUG - moveTile loop time: 41.5 ms
2026-06-20 11:35:05,525 - picamera2.picamera2 - [picamera2.py:1391] - DEBUG - Execute job: <picamera2.job.Job object at 0x7f51591150>
2026-06-20 11:35:05,528 - mazeUtils.device.camera - [camera.py:39] - DEBUG - Average HSV: H=168.5, S=45.3, V=153.4
2026-06-20 11:35:05,560 - mazeUtils.moveTile - [moveTile.py:79] - DEBUG - roll: 0.08999999999997499 deg, practicalMoveTime: 0.17499218953709084 sec
2026-06-20 11:35:05,561 - mazeUtils.moveTile - [moveTile.py:1398] - DEBUG - moveTile loop time: 44.8 ms
2026-06-20 11:35:05,568 - picamera2.picamera2 - [picamera2.py:1391] - DEBUG - Execute job: <picamera2.job.Job object at 0x7f51590dd0>
2026-06-20 11:35:05,571 - mazeUtils.device.camera - [camera.py:39] - DEBUG - Average HSV: H=165.8, S=46.1, V=153.2
2026-06-20 11:35:05,601 - mazeUtils.moveTile - [moveTile.py:79] - DEBUG - roll: 0.5499999999999545 deg, practicalMoveTime: 0.21501510286045894 sec
2026-06-20 11:35:05,601 - mazeUtils.moveTile - [moveTile.py:1398] - DEBUG - moveTile loop time: 40.3 ms
2026-06-20 11:35:05,607 - picamera2.picamera2 - [picamera2.py:1391] - DEBUG - Execute job: <picamera2.job.Job object at 0x7f51591090>
2026-06-20 11:35:05,610 - mazeUtils.device.camera - [camera.py:39] - DEBUG - Average HSV: H=160.6, S=45.8, V=156.2
2026-06-20 11:35:05,647 - mazeUtils.moveTile - [moveTile.py:79] - DEBUG - roll: 358.82 deg, practicalMoveTime: 0.26055412092662217 sec
2026-06-20 11:35:05,648 - mazeUtils.moveTile - [moveTile.py:1398] - DEBUG - moveTile loop time: 45.8 ms
2026-06-20 11:35:05,653 - picamera2.picamera2 - [picamera2.py:1391] - DEBUG - Execute job: <picamera2.job.Job object at 0x7f515910d0>
2026-06-20 11:35:05,656 - mazeUtils.device.camera - [camera.py:39] - DEBUG - Average HSV: H=164.7, S=46.6, V=155.7
2026-06-20 11:35:05,686 - mazeUtils.moveTile - [moveTile.py:79] - DEBUG - roll: 0.8599999999999568 deg, practicalMoveTime: 0.2987830943051021 sec
2026-06-20 11:35:05,686 - mazeUtils.moveTile - [moveTile.py:1398] - DEBUG - moveTile loop time: 38.5 ms
2026-06-20 11:35:05,692 - picamera2.picamera2 - [picamera2.py:1391] - DEBUG - Execute job: <picamera2.job.Job object at 0x7f51590e50>
2026-06-20 11:35:05,696 - mazeUtils.device.camera - [camera.py:39] - DEBUG - Average HSV: H=146.3, S=48.1, V=152.6
2026-06-20 11:35:05,729 - mazeUtils.moveTile - [moveTile.py:210] - WARNING - Escape from obstacle on Side.RIGHT side
2026-06-20 11:35:06,405 - mazeUtils.moveTile - [moveTile.py:1327] - DEBUG - Obstacle escape adjustment: 0.07184547414743168
2026-06-20 11:35:06,512 - mazeUtils.moveTile - [moveTile.py:79] - DEBUG - roll: 359.45 deg, practicalMoveTime: 0.1809676698770252 sec
2026-06-20 11:35:06,513 - mazeUtils.moveTile - [moveTile.py:1398] - DEBUG - moveTile loop time: 825.9 ms
2026-06-20 11:35:06,525 - picamera2.picamera2 - [picamera2.py:1391] - DEBUG - Execute job: <picamera2.job.Job object at 0x7f51591110>
2026-06-20 11:35:06,531 - mazeUtils.device.camera - [camera.py:39] - DEBUG - Average HSV: H=165.4, S=53.2, V=150.6
2026-06-20 11:35:06,569 - mazeUtils.moveTile - [moveTile.py:79] - DEBUG - roll: 0.7799999999999727 deg, practicalMoveTime: 0.2369159877021195 sec
2026-06-20 11:35:06,570 - mazeUtils.moveTile - [moveTile.py:1398] - DEBUG - moveTile loop time: 56.4 ms
2026-06-20 11:35:06,577 - picamera2.picamera2 - [picamera2.py:1391] - DEBUG - Execute job: <picamera2.job.Job object at 0x7f51590f90>
2026-06-20 11:35:06,582 - mazeUtils.device.camera - [camera.py:39] - DEBUG - Average HSV: H=159.3, S=51.5, V=150.8
2026-06-20 11:35:06,616 - mazeUtils.moveTile - [moveTile.py:79] - DEBUG - roll: 359.5 deg, practicalMoveTime: 0.2831512190214709 sec
2026-06-20 11:35:06,617 - mazeUtils.moveTile - [moveTile.py:1398] - DEBUG - moveTile loop time: 46.0 ms
2026-06-20 11:35:06,623 - picamera2.picamera2 - [picamera2.py:1391] - DEBUG - Execute job: <picamera2.job.Job object at 0x7f51590dd0>
2026-06-20 11:35:06,628 - mazeUtils.device.camera - [camera.py:39] - DEBUG - Average HSV: H=163.4, S=47.4, V=156.6
2026-06-20 11:35:06,663 - mazeUtils.moveTile - [moveTile.py:79] - DEBUG - roll: 359.96999999999997 deg, practicalMoveTime: 0.3291686210844758 sec
2026-06-20 11:35:06,664 - mazeUtils.moveTile - [moveTile.py:1398] - DEBUG - moveTile loop time: 46.7 ms
2026-06-20 11:35:06,669 - picamera2.picamera2 - [picamera2.py:1391] - DEBUG - Execute job: <picamera2.job.Job object at 0x7f51590d10>
2026-06-20 11:35:06,673 - mazeUtils.device.camera - [camera.py:39] - DEBUG - Average HSV: H=162.1, S=48.4, V=157.5
2026-06-20 11:35:06,700 - mazeUtils.moveTile - [moveTile.py:79] - DEBUG - roll: 0.22999999999996135 deg, practicalMoveTime: 0.3656361178627509 sec
2026-06-20 11:35:06,701 - mazeUtils.moveTile - [moveTile.py:1398] - DEBUG - moveTile loop time: 35.8 ms
2026-06-20 11:35:06,708 - picamera2.picamera2 - [picamera2.py:1391] - DEBUG - Execute job: <picamera2.job.Job object at 0x7f51590f10>
2026-06-20 11:35:06,712 - mazeUtils.device.camera - [camera.py:39] - DEBUG - Average HSV: H=154.6, S=50.6, V=154.2
2026-06-20 11:35:06,750 - mazeUtils.moveTile - [moveTile.py:79] - DEBUG - roll: 359.57 deg, practicalMoveTime: 0.41495423463077474 sec
2026-06-20 11:35:06,751 - mazeUtils.moveTile - [moveTile.py:1398] - DEBUG - moveTile loop time: 49.7 ms
2026-06-20 11:35:06,755 - picamera2.picamera2 - [picamera2.py:1391] - DEBUG - Execute job: <picamera2.job.Job object at 0x7f51590f90>
2026-06-20 11:35:06,758 - mazeUtils.device.camera - [camera.py:39] - DEBUG - Average HSV: H=168.6, S=48.0, V=156.9
2026-06-20 11:35:06,787 - mazeUtils.moveTile - [moveTile.py:79] - DEBUG - roll: 0.5799999999999841 deg, practicalMoveTime: 0.45070946739354 sec
2026-06-20 11:35:06,787 - mazeUtils.moveTile - [moveTile.py:1398] - DEBUG - moveTile loop time: 36.0 ms
2026-06-20 11:35:06,792 - picamera2.picamera2 - [picamera2.py:1391] - DEBUG - Execute job: <picamera2.job.Job object at 0x7f51590dd0>
2026-06-20 11:35:06,795 - mazeUtils.device.camera - [camera.py:39] - DEBUG - Average HSV: H=169.8, S=47.0, V=157.7
2026-06-20 11:35:06,825 - mazeUtils.moveTile - [moveTile.py:79] - DEBUG - roll: 0.6099999999999568 deg, practicalMoveTime: 0.4887722667829013 sec
2026-06-20 11:35:06,826 - mazeUtils.moveTile - [moveTile.py:1398] - DEBUG - moveTile loop time: 38.2 ms
2026-06-20 11:35:06,834 - picamera2.picamera2 - [picamera2.py:1391] - DEBUG - Execute job: <picamera2.job.Job object at 0x7f51590f90>
2026-06-20 11:35:06,838 - mazeUtils.device.camera - [camera.py:39] - DEBUG - Average HSV: H=163.0, S=46.3, V=159.5
2026-06-20 11:35:06,869 - mazeUtils.moveTile - [moveTile.py:79] - DEBUG - roll: 359.88 deg, practicalMoveTime: 0.5321872411431117 sec
2026-06-20 11:35:06,871 - mazeUtils.moveTile - [moveTile.py:1398] - DEBUG - moveTile loop time: 44.8 ms
2026-06-20 11:35:06,876 - picamera2.picamera2 - [picamera2.py:1391] - DEBUG - Execute job: <picamera2.job.Job object at 0x7f515910d0>
2026-06-20 11:35:06,881 - mazeUtils.device.camera - [camera.py:39] - DEBUG - Average HSV: H=158.9, S=46.9, V=159.9
2026-06-20 11:35:06,919 - mazeUtils.moveTile - [moveTile.py:79] - DEBUG - roll: 0.01999999999998181 deg, practicalMoveTime: 0.5800871996964367 sec
2026-06-20 11:35:06,919 - mazeUtils.moveTile - [moveTile.py:1398] - DEBUG - moveTile loop time: 48.0 ms
2026-06-20 11:35:06,925 - picamera2.picamera2 - [picamera2.py:1391] - DEBUG - Execute job: <picamera2.job.Job object at 0x7f51590d90>
2026-06-20 11:35:06,929 - mazeUtils.device.camera - [camera.py:39] - DEBUG - Average HSV: H=159.8, S=46.1, V=160.3
2026-06-20 11:35:06,960 - mazeUtils.moveTile - [moveTile.py:79] - DEBUG - roll: 0.0999999999999659 deg, practicalMoveTime: 0.6203071606393934 sec
2026-06-20 11:35:06,961 - mazeUtils.moveTile - [moveTile.py:1398] - DEBUG - moveTile loop time: 40.8 ms
2026-06-20 11:35:06,967 - picamera2.picamera2 - [picamera2.py:1391] - DEBUG - Execute job: <picamera2.job.Job object at 0x7f51591190>
2026-06-20 11:35:06,971 - mazeUtils.device.camera - [camera.py:39] - DEBUG - Average HSV: H=155.5, S=44.8, V=162.0
2026-06-20 11:35:07,008 - mazeUtils.moveTile - [moveTile.py:79] - DEBUG - roll: 359.88 deg, practicalMoveTime: 0.6671191154642173 sec
2026-06-20 11:35:07,008 - mazeUtils.moveTile - [moveTile.py:1398] - DEBUG - moveTile loop time: 47.0 ms
2026-06-20 11:35:07,016 - picamera2.picamera2 - [picamera2.py:1391] - DEBUG - Execute job: <picamera2.job.Job object at 0x7f51590f90>
2026-06-20 11:35:07,021 - mazeUtils.device.camera - [camera.py:39] - DEBUG - Average HSV: H=153.2, S=45.4, V=162.7
2026-06-20 11:35:07,057 - mazeUtils.moveTile - [moveTile.py:79] - DEBUG - roll: 0.37999999999999545 deg, practicalMoveTime: 0.7156817661836984 sec
2026-06-20 11:35:07,059 - mazeUtils.moveTile - [moveTile.py:1398] - DEBUG - moveTile loop time: 49.7 ms
2026-06-20 11:35:07,065 - picamera2.picamera2 - [picamera2.py:1391] - DEBUG - Execute job: <picamera2.job.Job object at 0x7f51590d10>
2026-06-20 11:35:07,068 - mazeUtils.device.camera - [camera.py:39] - DEBUG - Average HSV: H=142.8, S=46.7, V=161.9
2026-06-20 11:35:07,106 - mazeUtils.moveTile - [moveTile.py:79] - DEBUG - roll: 359.93 deg, practicalMoveTime: 0.7631856789425739 sec
2026-06-20 11:35:07,107 - mazeUtils.moveTile - [moveTile.py:1398] - DEBUG - moveTile loop time: 47.7 ms
2026-06-20 11:35:07,111 - picamera2.picamera2 - [picamera2.py:1391] - DEBUG - Execute job: <picamera2.job.Job object at 0x7f51590f50>
2026-06-20 11:35:07,116 - mazeUtils.device.camera - [camera.py:39] - DEBUG - Average HSV: H=146.9, S=48.8, V=162.6
2026-06-20 11:35:07,146 - mazeUtils.moveTile - [moveTile.py:79] - DEBUG - roll: 359.58 deg, practicalMoveTime: 0.8022607189389576 sec
2026-06-20 11:35:07,147 - mazeUtils.moveTile - [moveTile.py:1398] - DEBUG - moveTile loop time: 39.5 ms
2026-06-20 11:35:07,156 - picamera2.picamera2 - [picamera2.py:1391] - DEBUG - Execute job: <picamera2.job.Job object at 0x7f51590f90>
2026-06-20 11:35:07,160 - mazeUtils.device.camera - [camera.py:39] - DEBUG - Average HSV: H=131.5, S=49.2, V=162.8
2026-06-20 11:35:07,197 - mazeUtils.moveTile - [moveTile.py:1344] - INFO - practicalVerticalMove: 0.1151278175919824 CM
2026-06-20 11:35:07,241 - mazeUtils.moveTile - [moveTile.py:1603] - INFO - Set moved vertical distance: 0.1151278175919824 cm, past distances: [(0, False), (0, False), (0, False)]
2026-06-20 11:35:07,280 - mazeUtils.moveTile - [moveTile.py:528] - DEBUG - Direction: absDirection.NORTH, Angle: 270, Distance: 48.111739860247575 cm
2026-06-20 11:35:07,281 - mazeUtils.moveTile - [moveTile.py:528] - DEBUG - Direction: absDirection.EAST, Angle: 180, Distance: 76.24271144623313 cm
2026-06-20 11:35:07,283 - mazeUtils.moveTile - [moveTile.py:528] - DEBUG - Direction: absDirection.SOUTH, Angle: 90, Distance: 109.13656130637827 cm
2026-06-20 11:35:07,284 - mazeUtils.moveTile - [moveTile.py:528] - DEBUG - Direction: absDirection.WEST, Angle: 0, Distance: 52.710240015819494 cm
2026-06-20 11:35:07,285 - mazeUtils.moveTile - [moveTile.py:551] - DEBUG - Front LiDAR distance: 52.710240015819494 cm, TSD10 distance: 38.2 cm
2026-06-20 11:35:07,287 - mazeUtils.moveTile - [moveTile.py:1724] - INFO - Tile color detection counts: {}, decided tile type: E
2026-06-20 11:35:07,426 - __main__ - [main.py:87] - INFO - Current position: (19, 18, 1), front direction: absDirection.WEST
Layer 0 (altitude=0.0cm, offset=(0.0cm, 0.0cm)):
Known map area: x=20..20, y=20..20
+   +
| S |
+---+
Layer 1 (altitude=15.0cm, offset=(0.0cm, -60.0cm)):
Known map area: x=19..20, y=17..20
+   +   +
  U   B  
+   +   +
  @   E |
+   +   +
  U | E |
+   +   +
  U | E |
+   +   +
mazeAsGraph[0][20][20] = {absDirection.NORTH: (20, 20, 1, 60), absDirection.EAST: None, absDirection.SOUTH: None, absDirection.WEST: None}
mazeAsGraph[1][17][20] = {absDirection.NORTH: None, absDirection.EAST: None, absDirection.SOUTH: None, absDirection.WEST: None}
mazeAsGraph[1][18][19] = {absDirection.NORTH: (19, 17, 1, 30), absDirection.EAST: (20, 18, 1, 30), absDirection.SOUTH: (19, 19, 1, 30), absDirection.WEST: (18, 18, 1, 30)}
mazeAsGraph[1][18][20] = {absDirection.NORTH: None, absDirection.EAST: None, absDirection.SOUTH: (20, 19, 1, 30), absDirection.WEST: (19, 18, 1, 30)}
mazeAsGraph[1][19][20] = {absDirection.NORTH: (20, 18, 1, 30), absDirection.EAST: None, absDirection.SOUTH: (20, 20, 1, 30), absDirection.WEST: None}
mazeAsGraph[1][20][20] = {absDirection.NORTH: (20, 19, 1, 30), absDirection.EAST: None, absDirection.SOUTH: (20, 20, 0, 60), absDirection.WEST: None}
2026-06-20 11:35:07,434 - mazeUtils.mazeMap - [mazeMap.py:61] - INFO - next goal: (18, 18, 1)
2026-06-20 11:35:07,442 - mazeUtils.moveTile - [moveTile.py:79] - DEBUG - Moving to absDirection.WEST from (19, 18, 1) facing absDirection.WEST
2026-06-20 11:35:07,467 - mazeUtils.moveTile - [moveTile.py:79] - DEBUG - current heading: 97.88 target: 90
2026-06-20 11:35:07,579 - mazeUtils.moveTile - [moveTile.py:403] - DEBUG - stopped turning at heading: 94.42999999999995, diff: 4.42999999999995
2026-06-20 11:35:07,635 - mazeUtils.moveTile - [moveTile.py:79] - DEBUG - Turned to heading: 89.67999999999995 deg
2026-06-20 11:35:07,794 - picamera2.picamera2 - [picamera2.py:1391] - DEBUG - Execute job: <picamera2.job.Job object at 0x7f5159e7d0>
2026-06-20 11:35:07,801 - mazeUtils.device.camera - [camera.py:39] - DEBUG - Average HSV: H=169.5, S=51.1, V=154.1
2026-06-20 11:35:07,834 - mazeUtils.moveTile - [moveTile.py:79] - DEBUG - roll: 0.18999999999999773 deg, practicalMoveTime: 0.04675386471036615 sec
2026-06-20 11:35:07,835 - mazeUtils.moveTile - [moveTile.py:1398] - DEBUG - moveTile loop time: 46.3 ms
2026-06-20 11:35:07,841 - picamera2.picamera2 - [picamera2.py:1391] - DEBUG - Execute job: <picamera2.job.Job object at 0x7f5159dd90>
2026-06-20 11:35:07,849 - mazeUtils.device.camera - [camera.py:39] - DEBUG - Average HSV: H=168.7, S=51.0, V=154.5
2026-06-20 11:35:07,880 - mazeUtils.moveTile - [moveTile.py:79] - DEBUG - roll: 0.9300000000000068 deg, practicalMoveTime: 0.09194563615925369 sec
2026-06-20 11:35:07,881 - mazeUtils.moveTile - [moveTile.py:1398] - DEBUG - moveTile loop time: 45.8 ms
2026-06-20 11:35:07,889 - picamera2.picamera2 - [picamera2.py:1391] - DEBUG - Execute job: <picamera2.job.Job object at 0x7f5159e550>
2026-06-20 11:35:07,895 - mazeUtils.device.camera - [camera.py:39] - DEBUG - Average HSV: H=170.7, S=50.0, V=155.9
2026-06-20 11:35:07,931 - mazeUtils.moveTile - [moveTile.py:79] - DEBUG - roll: 359.84 deg, practicalMoveTime: 0.14131215624367344 sec
2026-06-20 11:35:07,932 - mazeUtils.moveTile - [moveTile.py:1398] - DEBUG - moveTile loop time: 50.4 ms
2026-06-20 11:35:07,938 - picamera2.picamera2 - [picamera2.py:1391] - DEBUG - Execute job: <picamera2.job.Job object at 0x7f5159e490>
2026-06-20 11:35:07,944 - mazeUtils.device.camera - [camera.py:39] - DEBUG - Average HSV: H=170.4, S=50.1, V=157.0
2026-06-20 11:35:07,974 - mazeUtils.moveTile - [moveTile.py:79] - DEBUG - roll: 0.7999999999999545 deg, practicalMoveTime: 0.18308164198771923 sec
2026-06-20 11:35:07,975 - mazeUtils.moveTile - [moveTile.py:1398] - DEBUG - moveTile loop time: 41.8 ms
2026-06-20 11:35:07,984 - picamera2.picamera2 - [picamera2.py:1391] - DEBUG - Execute job: <picamera2.job.Job object at 0x7f5159e090>
2026-06-20 11:35:07,989 - mazeUtils.device.camera - [camera.py:39] - DEBUG - Average HSV: H=169.8, S=50.9, V=155.3
2026-06-20 11:35:08,020 - mazeUtils.moveTile - [moveTile.py:79] - DEBUG - roll: 1.5600000000000023 deg, practicalMoveTime: 0.22744824106188113 sec
2026-06-20 11:35:08,020 - mazeUtils.moveTile - [moveTile.py:1398] - DEBUG - moveTile loop time: 44.8 ms
2026-06-20 11:35:08,025 - picamera2.picamera2 - [picamera2.py:1391] - DEBUG - Execute job: <picamera2.job.Job object at 0x7f5159e550>
2026-06-20 11:35:08,031 - mazeUtils.device.camera - [camera.py:39] - DEBUG - Average HSV: H=167.8, S=50.5, V=154.3
2026-06-20 11:35:08,066 - mazeUtils.moveTile - [moveTile.py:79] - DEBUG - roll: 1.009999999999991 deg, practicalMoveTime: 0.27245682066974786 sec
2026-06-20 11:35:08,067 - mazeUtils.moveTile - [moveTile.py:1398] - DEBUG - moveTile loop time: 45.8 ms
2026-06-20 11:35:08,078 - picamera2.picamera2 - [picamera2.py:1391] - DEBUG - Execute job: <picamera2.job.Job object at 0x7f5159e810>
2026-06-20 11:35:08,084 - mazeUtils.device.camera - [camera.py:39] - DEBUG - Average HSV: H=163.2, S=48.1, V=156.4
2026-06-20 11:35:08,114 - mazeUtils.moveTile - [moveTile.py:79] - DEBUG - roll: 1.7299999999999613 deg, practicalMoveTime: 0.31944366980818273 sec
2026-06-20 11:35:08,115 - mazeUtils.moveTile - [moveTile.py:1398] - DEBUG - moveTile loop time: 47.3 ms
2026-06-20 11:35:08,120 - picamera2.picamera2 - [picamera2.py:1391] - DEBUG - Execute job: <picamera2.job.Job object at 0x7f5159e550>
2026-06-20 11:35:08,128 - mazeUtils.device.camera - [camera.py:39] - DEBUG - Average HSV: H=160.9, S=48.0, V=156.1
2026-06-20 11:35:08,157 - mazeUtils.moveTile - [moveTile.py:79] - DEBUG - roll: 0.46999999999997044 deg, practicalMoveTime: 0.36111449752096936 sec
2026-06-20 11:35:08,157 - mazeUtils.moveTile - [moveTile.py:1398] - DEBUG - moveTile loop time: 42.0 ms
2026-06-20 11:35:08,167 - picamera2.picamera2 - [picamera2.py:1391] - DEBUG - Execute job: <picamera2.job.Job object at 0x7f5159e490>
2026-06-20 11:35:08,174 - mazeUtils.device.camera - [camera.py:39] - DEBUG - Average HSV: H=158.9, S=48.4, V=153.8
2026-06-20 11:35:08,210 - mazeUtils.moveTile - [moveTile.py:79] - DEBUG - roll: 0.3100000000000023 deg, practicalMoveTime: 0.41331786549797234 sec
2026-06-20 11:35:08,211 - mazeUtils.moveTile - [moveTile.py:1398] - DEBUG - moveTile loop time: 52.6 ms
2026-06-20 11:35:08,218 - picamera2.picamera2 - [picamera2.py:1391] - DEBUG - Execute job: <picamera2.job.Job object at 0x7f5159e550>
2026-06-20 11:35:08,225 - mazeUtils.device.camera - [camera.py:39] - DEBUG - Average HSV: H=155.7, S=45.3, V=160.0
2026-06-20 11:35:08,260 - mazeUtils.moveTile - [moveTile.py:79] - DEBUG - roll: 1.349999999999966 deg, practicalMoveTime: 0.4622623393446738 sec
2026-06-20 11:35:08,262 - mazeUtils.moveTile - [moveTile.py:1398] - DEBUG - moveTile loop time: 50.1 ms
2026-06-20 11:35:08,270 - picamera2.picamera2 - [picamera2.py:1391] - DEBUG - Execute job: <picamera2.job.Job object at 0x7f5159e490>
2026-06-20 11:35:08,278 - mazeUtils.device.camera - [camera.py:39] - DEBUG - Average HSV: H=154.1, S=45.3, V=159.1
2026-06-20 11:35:08,315 - mazeUtils.moveTile - [moveTile.py:79] - DEBUG - roll: 0.15999999999996817 deg, practicalMoveTime: 0.5159227612962928 sec
2026-06-20 11:35:08,317 - mazeUtils.moveTile - [moveTile.py:1398] - DEBUG - moveTile loop time: 54.3 ms
2026-06-20 11:35:08,326 - picamera2.picamera2 - [picamera2.py:1391] - DEBUG - Execute job: <picamera2.job.Job object at 0x7f5159ddd0>
2026-06-20 11:35:08,336 - mazeUtils.device.camera - [camera.py:39] - DEBUG - Average HSV: H=151.0, S=45.5, V=159.6
2026-06-20 11:35:08,366 - mazeUtils.moveTile - [moveTile.py:79] - DEBUG - roll: 1.25 deg, practicalMoveTime: 0.564757620386633 sec
2026-06-20 11:35:08,367 - mazeUtils.moveTile - [moveTile.py:1398] - DEBUG - moveTile loop time: 48.8 ms
2026-06-20 11:35:08,373 - picamera2.picamera2 - [picamera2.py:1391] - DEBUG - Execute job: <picamera2.job.Job object at 0x7f5159e550>
2026-06-20 11:35:08,380 - mazeUtils.device.camera - [camera.py:39] - DEBUG - Average HSV: H=147.4, S=46.9, V=160.8
2026-06-20 11:35:08,415 - mazeUtils.moveTile - [moveTile.py:79] - DEBUG - roll: 0.23999999999995225 deg, practicalMoveTime: 0.6122587676827698 sec
2026-06-20 11:35:08,416 - mazeUtils.moveTile - [moveTile.py:1398] - DEBUG - moveTile loop time: 48.4 ms
2026-06-20 11:35:08,424 - picamera2.picamera2 - [picamera2.py:1391] - DEBUG - Execute job: <picamera2.job.Job object at 0x7f5159ddd0>
2026-06-20 11:35:08,432 - mazeUtils.device.camera - [camera.py:39] - DEBUG - Average HSV: H=146.4, S=49.5, V=159.2
2026-06-20 11:35:08,468 - mazeUtils.moveTile - [moveTile.py:79] - DEBUG - roll: 0.9499999999999886 deg, practicalMoveTime: 0.6630132515006175 sec
2026-06-20 11:35:08,471 - mazeUtils.moveTile - [moveTile.py:1398] - DEBUG - moveTile loop time: 53.5 ms
2026-06-20 11:35:08,478 - picamera2.picamera2 - [picamera2.py:1391] - DEBUG - Execute job: <picamera2.job.Job object at 0x7f5159e490>
2026-06-20 11:35:08,495 - mazeUtils.device.camera - [camera.py:39] - DEBUG - Average HSV: H=142.8, S=51.1, V=166.6
2026-06-20 11:35:08,524 - mazeUtils.moveTile - [moveTile.py:79] - DEBUG - roll: 0.7999999999999545 deg, practicalMoveTime: 0.7163692275114394 sec
2026-06-20 11:35:08,526 - mazeUtils.moveTile - [moveTile.py:1398] - DEBUG - moveTile loop time: 53.8 ms
2026-06-20 11:35:08,533 - picamera2.picamera2 - [picamera2.py:1391] - DEBUG - Execute job: <picamera2.job.Job object at 0x7f6373ac90>
2026-06-20 11:35:08,539 - mazeUtils.device.camera - [camera.py:39] - DEBUG - Average HSV: H=139.8, S=56.8, V=168.7
2026-06-20 11:35:08,572 - mazeUtils.moveTile - [moveTile.py:79] - DEBUG - roll: 0.18999999999999773 deg, practicalMoveTime: 0.7624431261729125 sec
2026-06-20 11:35:08,573 - mazeUtils.moveTile - [moveTile.py:1398] - DEBUG - moveTile loop time: 45.7 ms
2026-06-20 11:35:08,579 - picamera2.picamera2 - [picamera2.py:1391] - DEBUG - Execute job: <picamera2.job.Job object at 0x7f6373a650>
2026-06-20 11:35:08,585 - mazeUtils.device.camera - [camera.py:39] - DEBUG - Average HSV: H=136.5, S=59.6, V=176.0
2026-06-20 11:35:08,618 - mazeUtils.moveTile - [moveTile.py:79] - DEBUG - roll: 1.1200000000000045 deg, practicalMoveTime: 0.807303738410937 sec
2026-06-20 11:35:08,619 - mazeUtils.moveTile - [moveTile.py:1398] - DEBUG - moveTile loop time: 45.1 ms
2026-06-20 11:35:08,625 - picamera2.picamera2 - [picamera2.py:1391] - DEBUG - Execute job: <picamera2.job.Job object at 0x7f5159dd90>
2026-06-20 11:35:08,632 - mazeUtils.device.camera - [camera.py:39] - DEBUG - Average HSV: H=134.9, S=62.5, V=179.0
2026-06-20 11:35:08,670 - mazeUtils.moveTile - [moveTile.py:1344] - INFO - practicalVerticalMove: 0.39613344811976453 CM
2026-06-20 11:35:08,721 - mazeUtils.moveTile - [moveTile.py:79] - DEBUG - Little forward to adjust position
2026-06-20 11:35:09,081 - mazeUtils.moveTile - [moveTile.py:1603] - INFO - Set moved vertical distance: 0.39613344811976453 cm, past distances: [(0.1151278175919824, False), (0, False), (0, False)]
2026-06-20 11:35:09,184 - mazeUtils.moveTile - [moveTile.py:528] - DEBUG - Direction: absDirection.NORTH, Angle: 270, Distance: 14.500378518104949 cm
2026-06-20 11:35:09,187 - mazeUtils.moveTile - [moveTile.py:528] - DEBUG - Direction: absDirection.EAST, Angle: 180, Distance: 155.25122952007732 cm
2026-06-20 11:35:09,191 - mazeUtils.moveTile - [moveTile.py:528] - DEBUG - Direction: absDirection.SOUTH, Angle: 90, Distance: 20.998384164703758 cm
2026-06-20 11:35:09,195 - mazeUtils.moveTile - [moveTile.py:528] - DEBUG - Direction: absDirection.WEST, Angle: 0, Distance: 13.650121303754846 cm
2026-06-20 11:35:09,199 - mazeUtils.moveTile - [moveTile.py:551] - DEBUG - Front LiDAR distance: 13.650121303754846 cm, TSD10 distance: 1.9 cm
2026-06-20 11:35:09,202 - mazeUtils.moveTile - [moveTile.py:1724] - INFO - Tile color detection counts: {}, decided tile type: E
2026-06-20 11:35:09,345 - __main__ - [main.py:87] - INFO - Current position: (18, 18, 1), front direction: absDirection.WEST
Layer 0 (altitude=0.0cm, offset=(0.0cm, 0.0cm)):
Known map area: x=20..20, y=20..20
+   +
| S |
+---+
Layer 1 (altitude=15.0cm, offset=(0.0cm, -60.0cm)):
Known map area: x=18..20, y=17..20
+   +   +   +
  U   U   B  
+---+   +   +
| @   E   E |
+---+   +   +
  U   U | E |
+   +   +   +
  U   U | E |
+   +   +   +
mazeAsGraph[0][20][20] = {absDirection.NORTH: (20, 20, 1, 60), absDirection.EAST: None, absDirection.SOUTH: None, absDirection.WEST: None}
mazeAsGraph[1][17][20] = {absDirection.NORTH: None, absDirection.EAST: None, absDirection.SOUTH: None, absDirection.WEST: None}
mazeAsGraph[1][18][18] = {absDirection.NORTH: None, absDirection.EAST: (19, 18, 1, 30), absDirection.SOUTH: None, absDirection.WEST: None}
mazeAsGraph[1][18][19] = {absDirection.NORTH: (19, 17, 1, 30), absDirection.EAST: (20, 18, 1, 30), absDirection.SOUTH: (19, 19, 1, 30), absDirection.WEST: (18, 18, 1, 30)}
mazeAsGraph[1][18][20] = {absDirection.NORTH: None, absDirection.EAST: None, absDirection.SOUTH: (20, 19, 1, 30), absDirection.WEST: (19, 18, 1, 30)}
mazeAsGraph[1][19][20] = {absDirection.NORTH: (20, 18, 1, 30), absDirection.EAST: None, absDirection.SOUTH: (20, 20, 1, 30), absDirection.WEST: None}
mazeAsGraph[1][20][20] = {absDirection.NORTH: (20, 19, 1, 30), absDirection.EAST: None, absDirection.SOUTH: (20, 20, 0, 60), absDirection.WEST: None}
2026-06-20 11:35:09,361 - mazeUtils.mazeMap - [mazeMap.py:61] - INFO - next goal: (19, 17, 1)
2026-06-20 11:35:09,373 - mazeUtils.moveTile - [moveTile.py:79] - DEBUG - Moving to absDirection.EAST from (18, 18, 1) facing absDirection.WEST
2026-06-20 11:35:09,404 - mazeUtils.moveTile - [moveTile.py:79] - DEBUG - current heading: 88.94999999999999 target: 135
2026-06-20 11:35:09,863 - mazeUtils.moveTile - [moveTile.py:403] - DEBUG - stopped turning at heading: 131.07999999999998, diff: 3.920000000000016
2026-06-20 11:35:10,642 - mazeUtils.moveTile - [moveTile.py:79] - DEBUG - Turned to heading: 135.79999999999998 deg
2026-06-20 11:35:11,182 - mazeUtils.moveTile - [moveTile.py:79] - DEBUG - current heading: 135.39999999999998 target: 180
2026-06-20 11:35:11,620 - mazeUtils.moveTile - [moveTile.py:403] - DEBUG - stopped turning at heading: 175.19999999999996, diff: 4.80000000000004
2026-06-20 11:35:11,675 - mazeUtils.moveTile - [moveTile.py:79] - DEBUG - Turned to heading: 179.82999999999998 deg
2026-06-20 11:35:11,697 - mazeUtils.moveTile - [moveTile.py:79] - DEBUG - current heading: 182.39 target: 225
2026-06-20 11:35:12,114 - mazeUtils.moveTile - [moveTile.py:403] - DEBUG - stopped turning at heading: 220.22999999999996, diff: 4.770000000000039
2026-06-20 11:35:12,161 - mazeUtils.moveTile - [moveTile.py:79] - DEBUG - Turned to heading: 224.45999999999998 deg
2026-06-20 11:35:12,692 - mazeUtils.moveTile - [moveTile.py:79] - DEBUG - current heading: 228.45999999999998 target: 270
2026-06-20 11:35:13,110 - mazeUtils.moveTile - [moveTile.py:403] - DEBUG - stopped turning at heading: 265.39, diff: 4.610000000000014
2026-06-20 11:35:13,165 - mazeUtils.moveTile - [moveTile.py:79] - DEBUG - Turned to heading: 269.58 deg
2026-06-20 11:35:13,258 - mazeUtils.moveTile - [moveTile.py:79] - DEBUG - Little backward to adjust position
2026-06-20 11:35:13,562 - __main__ - [main.py:147] - INFO - Program interrupted by user.
2026-06-20 11:35:14,629 - mazeUtils.device.stm - [stm.py:216] - DEBUG - ACK resynchronized: type=STS_MOTOR dropped=3B seq=232
2026-06-20 11:35:15,148 - picamera2.picamera2 - [picamera2.py:1391] - DEBUG - Execute job: <picamera2.job.Job object at 0x7f89046e10>
2026-06-20 11:35:15,168 - picamera2.picamera2 - [picamera2.py:1323] - INFO - Camera stopped
2026-06-20 11:35:15,369 - picamera2.picamera2 - [picamera2.py:1329] - DEBUG - Camera was not started
2026-06-20 11:35:15,573 - picamera2.picamera2 - [picamera2.py:723] - INFO - Camera closed successfully.
2026-06-20 11:35:15,759 - picamera2.picamera2 - [picamera2.py:500] - DEBUG - Resources now free: <picamera2.picamera2.Picamera2 object at 0x7f75601c90>
