2026-06-18 00:49:25,953 - root - [logging_config.py:61] - INFO - Logging initialized. Log file: /home/tuton/Kanto2026RPi/src/config/../logs/robot_20260618_004924.log
2026-06-18 00:49:27,969 - mazeUtils.device.LiDAR - [LiDAR.py:36] - INFO - Available ports: <ydlidar.Str2strMap; proxy of <Swig Object of type 'std::map< std::string,std::string > *' at 0x7fa4b794a0> >
2026-06-18 00:49:31,925 - mazeUtils.moveTile - [moveTile.py:527] - DEBUG - Direction: absDirection.NORTH, Angle: 0, Distance: 136.36774313247972 cm
2026-06-18 00:49:31,926 - mazeUtils.moveTile - [moveTile.py:550] - DEBUG - Front LiDAR distance: 136.36774313247972 cm, TSD10 distance: 67.5 cm
2026-06-18 00:49:31,927 - mazeUtils.moveTile - [moveTile.py:527] - DEBUG - Direction: absDirection.EAST, Angle: 270, Distance: 19.475823310367993 cm
2026-06-18 00:49:31,928 - mazeUtils.moveTile - [moveTile.py:527] - DEBUG - Direction: absDirection.SOUTH, Angle: 180, Distance: 18.399763074232528 cm
2026-06-18 00:49:31,929 - mazeUtils.moveTile - [moveTile.py:527] - DEBUG - Direction: absDirection.WEST, Angle: 90, Distance: 14.974939116651395 cm
2026-06-18 00:49:31,930 - __main__ - [main.py:69] - INFO - Initial Map:
2026-06-18 00:49:31,945 - __main__ - [main.py:70] - INFO - Current position: (20, 20, 0), front direction: absDirection.NORTH
Layer 0 (altitude=0.0cm, offset=(0.0cm, 0.0cm)):
Known map area: x=20..20, y=20..20
+   +
| @ |
+---+
mazeAsGraph[0][20][20] = {absDirection.NORTH: (20, 19, 0, 30), absDirection.EAST: None, absDirection.SOUTH: None, absDirection.WEST: None}
2026-06-18 00:49:31,946 - mazeUtils.mazeMap - [mazeMap.py:61] - INFO - next goal: (20, 19, 0)
2026-06-18 00:49:31,947 - __main__ - [main.py:73] - INFO - Next Direction: [<absDirection.NORTH: 0>]
2026-06-18 00:49:31,948 - __main__ - [main.py:74] - INFO - Exploration started.
2026-06-18 00:49:31,948 - mazeUtils.mazeMap - [mazeMap.py:61] - INFO - next goal: (20, 19, 0)
2026-06-18 00:49:31,949 - mazeUtils.moveTile - [moveTile.py:88] - DEBUG - [1346.238550] moveTile start direction=absDirection.NORTH position=(20, 20, 0) front=absDirection.NORTH
2026-06-18 00:49:31,954 - mazeUtils.moveTile - [moveTile.py:90] - DEBUG - [1346.243896] moveTile after initial toggle check (+5.3 ms)
2026-06-18 00:49:31,956 - mazeUtils.moveTile - [moveTile.py:90] - DEBUG - [1346.246039] moveTile after tile checks isRedTile=False isUnknownTileAhead=True (+2.1 ms)
2026-06-18 00:49:31,957 - mazeUtils.moveTile - [moveTile.py:79] - DEBUG - Moving to absDirection.NORTH from (20, 20, 0) facing absDirection.NORTH
2026-06-18 00:49:31,957 - mazeUtils.moveTile - [moveTile.py:90] - DEBUG - [1346.246634] moveTile updated front direction (+0.6 ms)
2026-06-18 00:49:31,981 - mazeUtils.moveTile - [moveTile.py:90] - DEBUG - [1346.270113] moveTile acquired initial LiDAR scan (+23.5 ms)
2026-06-18 00:49:32,022 - mazeUtils.moveTile - [moveTile.py:90] - DEBUG - [1346.311290] moveTile stopped motors before alignment (+41.2 ms)
2026-06-18 00:49:32,084 - mazeUtils.moveTile - [moveTile.py:90] - DEBUG - [1346.373161] moveTile start backward adjustment behind_wall_dist=18.084110717878264 (+61.9 ms)
2026-06-18 00:49:32,125 - mazeUtils.moveTile - [moveTile.py:79] - DEBUG - Little backward to adjust position
2026-06-18 00:49:32,281 - mazeUtils.moveTile - [moveTile.py:90] - DEBUG - [1346.570293] moveTile finished backward adjustment (+197.1 ms)
2026-06-18 00:49:32,322 - mazeUtils.moveTile - [moveTile.py:90] - DEBUG - [1346.611925] moveTile ready for forward move (+41.6 ms)
2026-06-18 00:49:32,421 - mazeUtils.moveTile - [moveTile.py:90] - DEBUG - [1346.711037] moveTile initialized movement targetSteps=1 (+99.1 ms)
2026-06-18 00:49:32,424 - mazeUtils.moveTile - [moveTile.py:90] - DEBUG - [1346.713510] moveTile loop start (+2.5 ms)
2026-06-18 00:49:32,428 - picamera2.picamera2 - [picamera2.py:1391] - DEBUG - Execute job: <picamera2.job.Job object at 0x7fabd6a150>
2026-06-18 00:49:32,436 - mazeUtils.device.camera - [camera.py:39] - DEBUG - Average HSV: H=125.7, S=19.6, V=226.1
2026-06-18 00:49:32,440 - mazeUtils.moveTile - [moveTile.py:90] - DEBUG - [1346.730006] moveTile calculated motor speeds left=100 right=91 gyroSteer=-0.20000000000001705 wallSteer=8.799999999999997 (+16.5 ms)
2026-06-18 00:49:32,481 - mazeUtils.moveTile - [moveTile.py:90] - DEBUG - [1346.770256] moveTile applied motor speed left=100 right=91 (+40.2 ms)
2026-06-18 00:49:32,481 - mazeUtils.moveTile - [moveTile.py:90] - DEBUG - [1346.770836] moveTile ramp check isBigRamp=False (+0.6 ms)
2026-06-18 00:49:32,484 - mazeUtils.moveTile - [moveTile.py:90] - DEBUG - [1346.773552] moveTile tile color check tempTileColor=E (+2.7 ms)
2026-06-18 00:49:32,484 - mazeUtils.moveTile - [moveTile.py:90] - DEBUG - [1346.773899] moveTile obstacle check escapeFlag=False (+0.3 ms)
2026-06-18 00:49:32,485 - mazeUtils.moveTile - [moveTile.py:79] - DEBUG - roll: 359.71000000000004 deg, practicalMoveTime: 0.06314578233330227 sec
2026-06-18 00:49:32,485 - mazeUtils.moveTile - [moveTile.py:1306] - DEBUG - moveTile loop time: 61.0 ms
2026-06-18 00:49:32,485 - mazeUtils.moveTile - [moveTile.py:90] - DEBUG - [1346.774700] moveTile loop end practicalMoveTime=0.063 (+0.8 ms)
2026-06-18 00:49:32,485 - mazeUtils.moveTile - [moveTile.py:90] - DEBUG - [1346.774840] moveTile loop start (+0.1 ms)
2026-06-18 00:49:32,490 - picamera2.picamera2 - [picamera2.py:1391] - DEBUG - Execute job: <picamera2.job.Job object at 0x7fa1f69e90>
2026-06-18 00:49:32,496 - mazeUtils.device.camera - [camera.py:39] - DEBUG - Average HSV: H=125.7, S=19.5, V=227.2
2026-06-18 00:49:32,500 - mazeUtils.moveTile - [moveTile.py:90] - DEBUG - [1346.789470] moveTile calculated motor speeds left=100 right=91 gyroSteer=0.10499999999998977 wallSteer=8.799999999999997 (+14.6 ms)
2026-06-18 00:49:32,540 - mazeUtils.moveTile - [moveTile.py:90] - DEBUG - [1346.829800] moveTile applied motor speed left=100 right=91 (+40.3 ms)
2026-06-18 00:49:32,541 - mazeUtils.moveTile - [moveTile.py:90] - DEBUG - [1346.830205] moveTile ramp check isBigRamp=False (+0.4 ms)
2026-06-18 00:49:32,543 - mazeUtils.moveTile - [moveTile.py:90] - DEBUG - [1346.832793] moveTile tile color check tempTileColor=E (+2.6 ms)
2026-06-18 00:49:32,544 - mazeUtils.moveTile - [moveTile.py:90] - DEBUG - [1346.833369] moveTile obstacle check escapeFlag=False (+0.6 ms)
2026-06-18 00:49:32,544 - mazeUtils.moveTile - [moveTile.py:79] - DEBUG - roll: 358.28000000000003 deg, practicalMoveTime: 0.12234870841174877 sec
2026-06-18 00:49:32,545 - mazeUtils.moveTile - [moveTile.py:1306] - DEBUG - moveTile loop time: 59.7 ms
2026-06-18 00:49:32,545 - mazeUtils.moveTile - [moveTile.py:90] - DEBUG - [1346.834906] moveTile loop end practicalMoveTime=0.122 (+1.5 ms)
2026-06-18 00:49:32,546 - mazeUtils.moveTile - [moveTile.py:90] - DEBUG - [1346.835340] moveTile loop start (+0.4 ms)
2026-06-18 00:49:32,552 - picamera2.picamera2 - [picamera2.py:1391] - DEBUG - Execute job: <picamera2.job.Job object at 0x7fac259d50>
2026-06-18 00:49:32,556 - mazeUtils.device.camera - [camera.py:39] - DEBUG - Average HSV: H=118.7, S=24.8, V=232.3
2026-06-18 00:49:32,561 - mazeUtils.moveTile - [moveTile.py:90] - DEBUG - [1346.850587] moveTile calculated motor speeds left=100 right=90 gyroSteer=0.1449999999999818 wallSteer=9.2 (+15.2 ms)
2026-06-18 00:49:32,602 - mazeUtils.moveTile - [moveTile.py:90] - DEBUG - [1346.891867] moveTile applied motor speed left=100 right=90 (+41.3 ms)
2026-06-18 00:49:32,603 - mazeUtils.moveTile - [moveTile.py:90] - DEBUG - [1346.892305] moveTile ramp check isBigRamp=False (+0.4 ms)
2026-06-18 00:49:32,605 - mazeUtils.moveTile - [moveTile.py:90] - DEBUG - [1346.894879] moveTile tile color check tempTileColor=E (+2.6 ms)
2026-06-18 00:49:32,606 - mazeUtils.moveTile - [moveTile.py:90] - DEBUG - [1346.895161] moveTile obstacle check escapeFlag=False (+0.3 ms)
2026-06-18 00:49:32,606 - mazeUtils.moveTile - [moveTile.py:79] - DEBUG - roll: 4.360000000000014 deg, practicalMoveTime: 0.1832288664488891 sec
2026-06-18 00:49:32,607 - mazeUtils.moveTile - [moveTile.py:1306] - DEBUG - moveTile loop time: 60.9 ms
2026-06-18 00:49:32,607 - mazeUtils.moveTile - [moveTile.py:90] - DEBUG - [1346.896519] moveTile loop end practicalMoveTime=0.183 (+1.4 ms)
2026-06-18 00:49:32,607 - mazeUtils.moveTile - [moveTile.py:90] - DEBUG - [1346.896784] moveTile loop start (+0.3 ms)
2026-06-18 00:49:32,614 - picamera2.picamera2 - [picamera2.py:1391] - DEBUG - Execute job: <picamera2.job.Job object at 0x7fa4b59010>
2026-06-18 00:49:32,617 - mazeUtils.device.camera - [camera.py:39] - DEBUG - Average HSV: H=98.9, S=243.1, V=135.6
2026-06-18 00:49:32,622 - mazeUtils.moveTile - [moveTile.py:90] - DEBUG - [1346.911637] moveTile calculated motor speeds left=100 right=89 gyroSteer=0.7049999999999841 wallSteer=9.599999999999998 (+14.9 ms)
2026-06-18 00:49:32,663 - mazeUtils.moveTile - [moveTile.py:90] - DEBUG - [1346.952213] moveTile applied motor speed left=100 right=89 (+40.6 ms)
2026-06-18 00:49:32,663 - mazeUtils.moveTile - [moveTile.py:90] - DEBUG - [1346.952594] moveTile ramp check isBigRamp=False (+0.4 ms)
2026-06-18 00:49:32,666 - mazeUtils.moveTile - [moveTile.py:90] - DEBUG - [1346.955253] moveTile tile color check tempTileColor=E (+2.7 ms)
2026-06-18 00:49:32,666 - mazeUtils.moveTile - [moveTile.py:90] - DEBUG - [1346.955549] moveTile obstacle check escapeFlag=False (+0.3 ms)
2026-06-18 00:49:32,666 - mazeUtils.moveTile - [moveTile.py:79] - DEBUG - roll: 7.830000000000041 deg, practicalMoveTime: 0.2422522867736491 sec
2026-06-18 00:49:32,667 - mazeUtils.moveTile - [moveTile.py:1306] - DEBUG - moveTile loop time: 59.4 ms
2026-06-18 00:49:32,667 - mazeUtils.moveTile - [moveTile.py:90] - DEBUG - [1346.956376] moveTile loop end practicalMoveTime=0.242 (+0.8 ms)
2026-06-18 00:49:32,667 - mazeUtils.moveTile - [moveTile.py:90] - DEBUG - [1346.956517] moveTile loop start (+0.1 ms)
2026-06-18 00:49:32,672 - picamera2.picamera2 - [picamera2.py:1391] - DEBUG - Execute job: <picamera2.job.Job object at 0x7fac259d50>
2026-06-18 00:49:32,675 - mazeUtils.device.camera - [camera.py:39] - DEBUG - Average HSV: H=125.0, S=21.7, V=230.4
2026-06-18 00:49:32,679 - mazeUtils.moveTile - [moveTile.py:90] - DEBUG - [1346.968828] moveTile calculated motor speeds left=100 right=89 gyroSteer=0.6200000000000045 wallSteer=9.599999999999998 (+12.3 ms)
2026-06-18 00:49:32,721 - mazeUtils.moveTile - [moveTile.py:90] - DEBUG - [1347.010210] moveTile applied motor speed left=100 right=89 (+41.4 ms)
2026-06-18 00:49:32,721 - mazeUtils.moveTile - [moveTile.py:90] - DEBUG - [1347.010822] moveTile ramp check isBigRamp=False (+0.6 ms)
2026-06-18 00:49:32,726 - mazeUtils.moveTile - [moveTile.py:90] - DEBUG - [1347.015961] moveTile tile color check tempTileColor=E (+5.1 ms)
2026-06-18 00:49:32,730 - mazeUtils.moveTile - [moveTile.py:90] - DEBUG - [1347.019507] moveTile obstacle check escapeFlag=False (+3.5 ms)
2026-06-18 00:49:32,731 - mazeUtils.moveTile - [moveTile.py:79] - DEBUG - roll: 11.800000000000011 deg, practicalMoveTime: 0.28597151107651814 sec
2026-06-18 00:49:32,731 - mazeUtils.moveTile - [moveTile.py:1306] - DEBUG - moveTile loop time: 64.0 ms
2026-06-18 00:49:32,731 - mazeUtils.moveTile - [moveTile.py:90] - DEBUG - [1347.020881] moveTile loop end practicalMoveTime=0.286 (+1.4 ms)
2026-06-18 00:49:32,732 - mazeUtils.moveTile - [moveTile.py:90] - DEBUG - [1347.021136] moveTile loop start (+0.3 ms)
2026-06-18 00:49:32,737 - picamera2.picamera2 - [picamera2.py:1391] - DEBUG - Execute job: <picamera2.job.Job object at 0x7fabd6a150>
2026-06-18 00:49:32,740 - mazeUtils.device.camera - [camera.py:39] - DEBUG - Average HSV: H=124.9, S=22.3, V=231.1
2026-06-18 00:49:32,747 - mazeUtils.moveTile - [moveTile.py:90] - DEBUG - [1347.036149] moveTile calculated motor speeds left=100 right=90 gyroSteer=0.16499999999999204 wallSteer=9.599999999999998 (+15.0 ms)
2026-06-18 00:49:32,787 - mazeUtils.moveTile - [moveTile.py:90] - DEBUG - [1347.076128] moveTile applied motor speed left=100 right=90 (+40.0 ms)
2026-06-18 00:49:32,787 - mazeUtils.moveTile - [moveTile.py:90] - DEBUG - [1347.076565] moveTile ramp check isBigRamp=False (+0.4 ms)
2026-06-18 00:49:32,792 - mazeUtils.moveTile - [moveTile.py:90] - DEBUG - [1347.081325] moveTile tile color check tempTileColor=E (+4.8 ms)
2026-06-18 00:49:32,792 - mazeUtils.moveTile - [moveTile.py:90] - DEBUG - [1347.081822] moveTile obstacle check escapeFlag=False (+0.5 ms)
2026-06-18 00:49:32,793 - mazeUtils.moveTile - [moveTile.py:79] - DEBUG - roll: 9.939999999999998 deg, practicalMoveTime: 0.3467684542606806 sec
2026-06-18 00:49:32,793 - mazeUtils.moveTile - [moveTile.py:1306] - DEBUG - moveTile loop time: 61.6 ms
2026-06-18 00:49:32,794 - mazeUtils.moveTile - [moveTile.py:90] - DEBUG - [1347.083399] moveTile loop end practicalMoveTime=0.347 (+1.6 ms)
2026-06-18 00:49:32,794 - mazeUtils.moveTile - [moveTile.py:90] - DEBUG - [1347.083821] moveTile loop start (+0.4 ms)
2026-06-18 00:49:32,801 - picamera2.picamera2 - [picamera2.py:1391] - DEBUG - Execute job: <picamera2.job.Job object at 0x7f88c726d0>
2026-06-18 00:49:32,804 - mazeUtils.device.camera - [camera.py:39] - DEBUG - Average HSV: H=125.6, S=21.5, V=230.9
2026-06-18 00:49:32,810 - mazeUtils.moveTile - [moveTile.py:90] - DEBUG - [1347.100062] moveTile calculated motor speeds left=100 right=90 gyroSteer=0.1599999999999966 wallSteer=9.600000000000001 (+16.2 ms)
2026-06-18 00:49:32,850 - mazeUtils.moveTile - [moveTile.py:90] - DEBUG - [1347.139524] moveTile applied motor speed left=100 right=90 (+39.5 ms)
2026-06-18 00:49:32,850 - mazeUtils.moveTile - [moveTile.py:90] - DEBUG - [1347.139891] moveTile ramp check isBigRamp=False (+0.4 ms)
2026-06-18 00:49:32,855 - mazeUtils.moveTile - [moveTile.py:90] - DEBUG - [1347.144250] moveTile tile color check tempTileColor=E (+4.4 ms)
2026-06-18 00:49:32,855 - mazeUtils.moveTile - [moveTile.py:90] - DEBUG - [1347.144634] moveTile obstacle check escapeFlag=False (+0.4 ms)
2026-06-18 00:49:32,855 - mazeUtils.moveTile - [moveTile.py:79] - DEBUG - roll: 10.960000000000036 deg, practicalMoveTime: 0.38946600365360745 sec
2026-06-18 00:49:32,856 - mazeUtils.moveTile - [moveTile.py:1306] - DEBUG - moveTile loop time: 61.4 ms
2026-06-18 00:49:32,856 - mazeUtils.moveTile - [moveTile.py:90] - DEBUG - [1347.145473] moveTile loop end practicalMoveTime=0.389 (+0.8 ms)
2026-06-18 00:49:32,856 - mazeUtils.moveTile - [moveTile.py:90] - DEBUG - [1347.145655] moveTile loop start (+0.2 ms)
2026-06-18 00:49:32,862 - picamera2.picamera2 - [picamera2.py:1391] - DEBUG - Execute job: <picamera2.job.Job object at 0x7fac259d50>
2026-06-18 00:49:32,866 - mazeUtils.device.camera - [camera.py:39] - DEBUG - Average HSV: H=126.8, S=20.4, V=228.1
2026-06-18 00:49:32,872 - mazeUtils.moveTile - [moveTile.py:90] - DEBUG - [1347.161600] moveTile calculated motor speeds left=100 right=91 gyroSteer=-0.39500000000001023 wallSteer=9.2 (+15.9 ms)
2026-06-18 00:49:32,913 - mazeUtils.moveTile - [moveTile.py:90] - DEBUG - [1347.202114] moveTile applied motor speed left=100 right=91 (+40.5 ms)
2026-06-18 00:49:32,913 - mazeUtils.moveTile - [moveTile.py:90] - DEBUG - [1347.202494] moveTile ramp check isBigRamp=False (+0.4 ms)
2026-06-18 00:49:32,916 - mazeUtils.moveTile - [moveTile.py:90] - DEBUG - [1347.206001] moveTile tile color check tempTileColor=E (+3.5 ms)
2026-06-18 00:49:32,917 - mazeUtils.moveTile - [moveTile.py:90] - DEBUG - [1347.206417] moveTile obstacle check escapeFlag=False (+0.4 ms)
2026-06-18 00:49:32,917 - mazeUtils.moveTile - [moveTile.py:79] - DEBUG - roll: 12.82000000000005 deg, practicalMoveTime: 0.43139375572497346 sec
2026-06-18 00:49:32,918 - mazeUtils.moveTile - [moveTile.py:1306] - DEBUG - moveTile loop time: 61.5 ms
2026-06-18 00:49:32,918 - mazeUtils.moveTile - [moveTile.py:90] - DEBUG - [1347.207345] moveTile loop end practicalMoveTime=0.431 (+0.9 ms)
2026-06-18 00:49:32,918 - mazeUtils.moveTile - [moveTile.py:90] - DEBUG - [1347.207482] moveTile loop start (+0.1 ms)
2026-06-18 00:49:32,922 - picamera2.picamera2 - [picamera2.py:1391] - DEBUG - Execute job: <picamera2.job.Job object at 0x7f88b00150>
2026-06-18 00:49:32,925 - mazeUtils.device.camera - [camera.py:39] - DEBUG - Average HSV: H=112.2, S=21.6, V=215.7
2026-06-18 00:49:32,929 - mazeUtils.moveTile - [moveTile.py:90] - DEBUG - [1347.218548] moveTile calculated motor speeds left=100 right=91 gyroSteer=-0.6850000000000023 wallSteer=9.2 (+11.1 ms)
2026-06-18 00:49:32,970 - mazeUtils.moveTile - [moveTile.py:90] - DEBUG - [1347.259098] moveTile applied motor speed left=100 right=91 (+40.5 ms)
2026-06-18 00:49:32,970 - mazeUtils.moveTile - [moveTile.py:90] - DEBUG - [1347.259527] moveTile ramp check isBigRamp=True (+0.4 ms)
2026-06-18 00:49:32,973 - mazeUtils.moveTile - [moveTile.py:90] - DEBUG - [1347.262699] moveTile tile color check tempTileColor=E (+3.2 ms)
2026-06-18 00:49:32,974 - mazeUtils.moveTile - [moveTile.py:90] - DEBUG - [1347.263333] moveTile obstacle check escapeFlag=False (+0.6 ms)
2026-06-18 00:49:32,974 - mazeUtils.moveTile - [moveTile.py:79] - DEBUG - roll: 18.640000000000043 deg, practicalMoveTime: 0.4689343057056116 sec
2026-06-18 00:49:32,975 - mazeUtils.moveTile - [moveTile.py:1306] - DEBUG - moveTile loop time: 56.8 ms
2026-06-18 00:49:32,975 - mazeUtils.moveTile - [moveTile.py:90] - DEBUG - [1347.264476] moveTile loop end practicalMoveTime=0.469 (+1.1 ms)
2026-06-18 00:49:32,975 - mazeUtils.moveTile - [moveTile.py:90] - DEBUG - [1347.264621] moveTile loop start (+0.1 ms)
2026-06-18 00:49:32,979 - picamera2.picamera2 - [picamera2.py:1391] - DEBUG - Execute job: <picamera2.job.Job object at 0x7fa1f835d0>
2026-06-18 00:49:32,983 - mazeUtils.device.camera - [camera.py:39] - DEBUG - Average HSV: H=118.2, S=31.6, V=178.5
2026-06-18 00:49:32,989 - mazeUtils.moveTile - [moveTile.py:90] - DEBUG - [1347.278607] moveTile calculated motor speeds left=100 right=91 gyroSteer=-0.4399999999999977 wallSteer=8.8 (+14.0 ms)
2026-06-18 00:49:33,029 - mazeUtils.moveTile - [moveTile.py:90] - DEBUG - [1347.318932] moveTile applied motor speed left=100 right=91 (+40.3 ms)
2026-06-18 00:49:33,030 - mazeUtils.moveTile - [moveTile.py:90] - DEBUG - [1347.319332] moveTile ramp check isBigRamp=True (+0.4 ms)
2026-06-18 00:49:33,032 - mazeUtils.moveTile - [moveTile.py:90] - DEBUG - [1347.321920] moveTile tile color check tempTileColor=E (+2.6 ms)
2026-06-18 00:49:33,033 - mazeUtils.moveTile - [moveTile.py:90] - DEBUG - [1347.322258] moveTile obstacle check escapeFlag=False (+0.3 ms)
2026-06-18 00:49:33,033 - mazeUtils.moveTile - [moveTile.py:79] - DEBUG - roll: 20.150000000000034 deg, practicalMoveTime: 0.5072258191541292 sec
2026-06-18 00:49:33,033 - mazeUtils.moveTile - [moveTile.py:1306] - DEBUG - moveTile loop time: 58.2 ms
2026-06-18 00:49:33,033 - mazeUtils.moveTile - [moveTile.py:90] - DEBUG - [1347.323003] moveTile loop end practicalMoveTime=0.507 (+0.7 ms)
2026-06-18 00:49:33,034 - mazeUtils.moveTile - [moveTile.py:90] - DEBUG - [1347.323145] moveTile loop start (+0.1 ms)
2026-06-18 00:49:33,039 - picamera2.picamera2 - [picamera2.py:1391] - DEBUG - Execute job: <picamera2.job.Job object at 0x7fabd6a150>
2026-06-18 00:49:33,042 - mazeUtils.device.camera - [camera.py:39] - DEBUG - Average HSV: H=96.2, S=28.5, V=186.5
2026-06-18 00:49:33,048 - mazeUtils.moveTile - [moveTile.py:90] - DEBUG - [1347.337139] moveTile calculated motor speeds left=100 right=92 gyroSteer=-1.1200000000000045 wallSteer=8.400000000000002 (+14.0 ms)
2026-06-18 00:49:33,088 - mazeUtils.moveTile - [moveTile.py:90] - DEBUG - [1347.377524] moveTile applied motor speed left=100 right=92 (+40.4 ms)
2026-06-18 00:49:33,088 - mazeUtils.moveTile - [moveTile.py:90] - DEBUG - [1347.377892] moveTile ramp check isBigRamp=False (+0.4 ms)
2026-06-18 00:49:33,092 - mazeUtils.moveTile - [moveTile.py:90] - DEBUG - [1347.381411] moveTile tile color check tempTileColor=E (+3.5 ms)
2026-06-18 00:49:33,092 - mazeUtils.moveTile - [moveTile.py:90] - DEBUG - [1347.381792] moveTile obstacle check escapeFlag=False (+0.4 ms)
2026-06-18 00:49:33,093 - mazeUtils.moveTile - [moveTile.py:79] - DEBUG - roll: 14.430000000000007 deg, practicalMoveTime: 0.5474052471279697 sec
2026-06-18 00:49:33,093 - mazeUtils.moveTile - [moveTile.py:1306] - DEBUG - moveTile loop time: 59.3 ms
2026-06-18 00:49:33,093 - mazeUtils.moveTile - [moveTile.py:90] - DEBUG - [1347.382622] moveTile loop end practicalMoveTime=0.547 (+0.8 ms)
2026-06-18 00:49:33,093 - mazeUtils.moveTile - [moveTile.py:90] - DEBUG - [1347.382781] moveTile loop start (+0.2 ms)
2026-06-18 00:49:33,097 - picamera2.picamera2 - [picamera2.py:1391] - DEBUG - Execute job: <picamera2.job.Job object at 0x7fac259d50>
2026-06-18 00:49:33,100 - mazeUtils.device.camera - [camera.py:39] - DEBUG - Average HSV: H=133.9, S=25.2, V=203.9
2026-06-18 00:49:33,104 - mazeUtils.moveTile - [moveTile.py:90] - DEBUG - [1347.393917] moveTile calculated motor speeds left=100 right=94 gyroSteer=-1.740000000000009 wallSteer=7.199999999999999 (+11.1 ms)
2026-06-18 00:49:33,145 - mazeUtils.moveTile - [moveTile.py:90] - DEBUG - [1347.434392] moveTile applied motor speed left=100 right=94 (+40.5 ms)
2026-06-18 00:49:33,145 - mazeUtils.moveTile - [moveTile.py:90] - DEBUG - [1347.434794] moveTile ramp check isBigRamp=False (+0.4 ms)
2026-06-18 00:49:33,151 - mazeUtils.moveTile - [moveTile.py:90] - DEBUG - [1347.440121] moveTile tile color check tempTileColor=E (+5.3 ms)
2026-06-18 00:49:33,151 - mazeUtils.moveTile - [moveTile.py:90] - DEBUG - [1347.440481] moveTile obstacle check escapeFlag=False (+0.4 ms)
2026-06-18 00:49:33,151 - mazeUtils.moveTile - [moveTile.py:79] - DEBUG - roll: 10.270000000000039 deg, practicalMoveTime: 0.5875525554582506 sec
2026-06-18 00:49:33,151 - mazeUtils.moveTile - [moveTile.py:1306] - DEBUG - moveTile loop time: 58.3 ms
2026-06-18 00:49:33,152 - mazeUtils.moveTile - [moveTile.py:90] - DEBUG - [1347.441221] moveTile loop end practicalMoveTime=0.588 (+0.7 ms)
2026-06-18 00:49:33,152 - mazeUtils.moveTile - [moveTile.py:90] - DEBUG - [1347.441358] moveTile loop start (+0.1 ms)
2026-06-18 00:49:33,157 - picamera2.picamera2 - [picamera2.py:1391] - DEBUG - Execute job: <picamera2.job.Job object at 0x7f92c0e290>
2026-06-18 00:49:33,160 - mazeUtils.device.camera - [camera.py:39] - DEBUG - Average HSV: H=138.5, S=32.0, V=196.6
2026-06-18 00:49:33,164 - mazeUtils.moveTile - [moveTile.py:90] - DEBUG - [1347.453679] moveTile calculated motor speeds left=100 right=95 gyroSteer=-1.7249999999999943 wallSteer=6.399999999999999 (+12.3 ms)
2026-06-18 00:49:33,205 - mazeUtils.moveTile - [moveTile.py:90] - DEBUG - [1347.494177] moveTile applied motor speed left=100 right=95 (+40.5 ms)
2026-06-18 00:49:33,205 - mazeUtils.moveTile - [moveTile.py:90] - DEBUG - [1347.494555] moveTile ramp check isBigRamp=False (+0.4 ms)
2026-06-18 00:49:33,209 - mazeUtils.moveTile - [moveTile.py:90] - DEBUG - [1347.498579] moveTile tile color check tempTileColor=E (+4.0 ms)
2026-06-18 00:49:33,209 - mazeUtils.moveTile - [moveTile.py:90] - DEBUG - [1347.498926] moveTile obstacle check escapeFlag=False (+0.3 ms)
2026-06-18 00:49:33,210 - mazeUtils.moveTile - [moveTile.py:79] - DEBUG - roll: 10.300000000000011 deg, practicalMoveTime: 0.6275952285084948 sec
2026-06-18 00:49:33,210 - mazeUtils.moveTile - [moveTile.py:1306] - DEBUG - moveTile loop time: 58.2 ms
2026-06-18 00:49:33,210 - mazeUtils.moveTile - [moveTile.py:90] - DEBUG - [1347.499704] moveTile loop end practicalMoveTime=0.628 (+0.8 ms)
2026-06-18 00:49:33,210 - mazeUtils.moveTile - [moveTile.py:90] - DEBUG - [1347.499872] moveTile loop start (+0.2 ms)
2026-06-18 00:49:33,216 - picamera2.picamera2 - [picamera2.py:1391] - DEBUG - Execute job: <picamera2.job.Job object at 0x7fabd6a150>
2026-06-18 00:49:33,220 - mazeUtils.device.camera - [camera.py:39] - DEBUG - Average HSV: H=137.1, S=42.5, V=173.3
2026-06-18 00:49:33,226 - mazeUtils.moveTile - [moveTile.py:90] - DEBUG - [1347.515345] moveTile calculated motor speeds left=100 right=96 gyroSteer=-1.325000000000017 wallSteer=5.199999999999999 (+15.5 ms)
2026-06-18 00:49:33,266 - mazeUtils.moveTile - [moveTile.py:90] - DEBUG - [1347.555665] moveTile applied motor speed left=100 right=96 (+40.3 ms)
2026-06-18 00:49:33,266 - mazeUtils.moveTile - [moveTile.py:90] - DEBUG - [1347.556053] moveTile ramp check isBigRamp=False (+0.4 ms)
2026-06-18 00:49:33,270 - mazeUtils.moveTile - [moveTile.py:90] - DEBUG - [1347.559429] moveTile tile color check tempTileColor=E (+3.4 ms)
2026-06-18 00:49:33,270 - mazeUtils.moveTile - [moveTile.py:90] - DEBUG - [1347.559792] moveTile obstacle check escapeFlag=False (+0.4 ms)
2026-06-18 00:49:33,271 - mazeUtils.moveTile - [moveTile.py:79] - DEBUG - roll: 10.439999999999998 deg, practicalMoveTime: 0.6692908456869133 sec
2026-06-18 00:49:33,271 - mazeUtils.moveTile - [moveTile.py:1306] - DEBUG - moveTile loop time: 60.6 ms
2026-06-18 00:49:33,271 - mazeUtils.moveTile - [moveTile.py:90] - DEBUG - [1347.560675] moveTile loop end practicalMoveTime=0.669 (+0.9 ms)
2026-06-18 00:49:33,271 - mazeUtils.moveTile - [moveTile.py:90] - DEBUG - [1347.560818] moveTile loop start (+0.1 ms)
2026-06-18 00:49:33,275 - picamera2.picamera2 - [picamera2.py:1391] - DEBUG - Execute job: <picamera2.job.Job object at 0x7fa1f835d0>
2026-06-18 00:49:33,279 - mazeUtils.device.camera - [camera.py:39] - DEBUG - Average HSV: H=127.1, S=35.4, V=157.1
2026-06-18 00:49:33,284 - mazeUtils.moveTile - [moveTile.py:90] - DEBUG - [1347.573906] moveTile calculated motor speeds left=100 right=95 gyroSteer=-0.7549999999999955 wallSteer=4.800000000000001 (+13.1 ms)
2026-06-18 00:49:33,326 - mazeUtils.moveTile - [moveTile.py:90] - DEBUG - [1347.615550] moveTile applied motor speed left=100 right=95 (+41.6 ms)
2026-06-18 00:49:33,327 - mazeUtils.moveTile - [moveTile.py:90] - DEBUG - [1347.616658] moveTile ramp check isBigRamp=False (+1.1 ms)
2026-06-18 00:49:33,331 - mazeUtils.moveTile - [moveTile.py:90] - DEBUG - [1347.620162] moveTile tile color check tempTileColor=E (+3.5 ms)
2026-06-18 00:49:33,331 - mazeUtils.moveTile - [moveTile.py:90] - DEBUG - [1347.620597] moveTile obstacle check escapeFlag=False (+0.4 ms)
2026-06-18 00:49:33,331 - mazeUtils.moveTile - [moveTile.py:79] - DEBUG - roll: 6.660000000000025 deg, practicalMoveTime: 0.72927426829808 sec
2026-06-18 00:49:33,332 - mazeUtils.moveTile - [moveTile.py:1306] - DEBUG - moveTile loop time: 60.5 ms
2026-06-18 00:49:33,332 - mazeUtils.moveTile - [moveTile.py:90] - DEBUG - [1347.621459] moveTile loop end practicalMoveTime=0.729 (+0.9 ms)
2026-06-18 00:49:33,332 - mazeUtils.moveTile - [moveTile.py:90] - DEBUG - [1347.621601] moveTile loop start (+0.1 ms)
2026-06-18 00:49:33,337 - picamera2.picamera2 - [picamera2.py:1391] - DEBUG - Execute job: <picamera2.job.Job object at 0x7fa1f835d0>
2026-06-18 00:49:33,341 - mazeUtils.device.camera - [camera.py:39] - DEBUG - Average HSV: H=145.6, S=47.2, V=145.4
2026-06-18 00:49:33,347 - mazeUtils.moveTile - [moveTile.py:90] - DEBUG - [1347.636459] moveTile calculated motor speeds left=100 right=96 gyroSteer=-0.6949999999999932 wallSteer=4.399999999999999 (+14.9 ms)
2026-06-18 00:49:33,387 - mazeUtils.moveTile - [moveTile.py:90] - DEBUG - [1347.676181] moveTile applied motor speed left=100 right=96 (+39.7 ms)
2026-06-18 00:49:33,387 - mazeUtils.moveTile - [moveTile.py:90] - DEBUG - [1347.676646] moveTile ramp check isBigRamp=False (+0.5 ms)
2026-06-18 00:49:33,390 - mazeUtils.moveTile - [moveTile.py:90] - DEBUG - [1347.679535] moveTile tile color check tempTileColor=E (+2.9 ms)
2026-06-18 00:49:33,390 - mazeUtils.moveTile - [moveTile.py:90] - DEBUG - [1347.679916] moveTile obstacle check escapeFlag=False (+0.4 ms)
2026-06-18 00:49:33,391 - mazeUtils.moveTile - [moveTile.py:79] - DEBUG - roll: 4.680000000000007 deg, practicalMoveTime: 0.7881785633216232 sec
2026-06-18 00:49:33,391 - mazeUtils.moveTile - [moveTile.py:1306] - DEBUG - moveTile loop time: 59.2 ms
2026-06-18 00:49:33,391 - mazeUtils.moveTile - [moveTile.py:90] - DEBUG - [1347.681085] moveTile loop end practicalMoveTime=0.788 (+1.2 ms)
2026-06-18 00:49:33,392 - mazeUtils.moveTile - [moveTile.py:90] - DEBUG - [1347.681284] moveTile loop start (+0.2 ms)
2026-06-18 00:49:33,396 - picamera2.picamera2 - [picamera2.py:1391] - DEBUG - Execute job: <picamera2.job.Job object at 0x7fa1f83550>
2026-06-18 00:49:33,399 - mazeUtils.device.camera - [camera.py:39] - DEBUG - Average HSV: H=134.1, S=34.9, V=213.0
2026-06-18 00:49:33,406 - mazeUtils.moveTile - [moveTile.py:90] - DEBUG - [1347.695806] moveTile calculated motor speeds left=100 right=96 gyroSteer=-1.0900000000000034 wallSteer=4.399999999999999 (+14.5 ms)
2026-06-18 00:49:33,446 - mazeUtils.moveTile - [moveTile.py:90] - DEBUG - [1347.735794] moveTile applied motor speed left=100 right=96 (+40.0 ms)
2026-06-18 00:49:33,447 - mazeUtils.moveTile - [moveTile.py:90] - DEBUG - [1347.736341] moveTile ramp check isBigRamp=False (+0.5 ms)
2026-06-18 00:49:33,452 - mazeUtils.moveTile - [moveTile.py:90] - DEBUG - [1347.741170] moveTile tile color check tempTileColor=E (+4.8 ms)
2026-06-18 00:49:33,452 - mazeUtils.moveTile - [moveTile.py:90] - DEBUG - [1347.741641] moveTile obstacle check escapeFlag=False (+0.5 ms)
2026-06-18 00:49:33,453 - mazeUtils.moveTile - [moveTile.py:1253] - INFO - practicalVerticalMove: 4.712016893339267 CM
2026-06-18 00:49:33,494 - mazeUtils.moveTile - [moveTile.py:90] - DEBUG - [1347.783575] moveTile finished by time control (+41.9 ms)
2026-06-18 00:49:33,494 - mazeUtils.moveTile - [moveTile.py:90] - DEBUG - [1347.783992] moveTile start final forward adjustment (+42.4 ms)
2026-06-18 00:49:33,537 - mazeUtils.moveTile - [moveTile.py:90] - DEBUG - [1347.826851] moveTile finished final forward adjustment (+42.9 ms)
2026-06-18 00:49:33,538 - mazeUtils.moveTile - [moveTile.py:1499] - INFO - Set moved vertical distance: 4.712016893339267 cm, past distances: [(0, False), (0, False), (0, False)]
2026-06-18 00:49:33,538 - mazeUtils.moveTile - [moveTile.py:90] - DEBUG - [1347.827726] moveTile updated moved vertical distance 4.712 (+0.9 ms)
2026-06-18 00:49:33,588 - mazeUtils.moveTile - [moveTile.py:527] - DEBUG - Direction: absDirection.NORTH, Angle: 0, Distance: 106.86423998570089 cm
2026-06-18 00:49:33,589 - mazeUtils.moveTile - [moveTile.py:550] - DEBUG - Front LiDAR distance: 106.86423998570089 cm, TSD10 distance: 34.6 cm
2026-06-18 00:49:33,590 - mazeUtils.moveTile - [moveTile.py:527] - DEBUG - Direction: absDirection.EAST, Angle: 270, Distance: 59.668036299224134 cm
2026-06-18 00:49:33,591 - mazeUtils.moveTile - [moveTile.py:527] - DEBUG - Direction: absDirection.SOUTH, Angle: 180, Distance: 126.01563738371196 cm
2026-06-18 00:49:33,592 - mazeUtils.moveTile - [moveTile.py:527] - DEBUG - Direction: absDirection.WEST, Angle: 90, Distance: 16.706042090917222 cm
2026-06-18 00:49:33,592 - mazeUtils.moveTile - [moveTile.py:90] - DEBUG - [1347.881845] moveTile updated map and detected walls (+54.1 ms)
2026-06-18 00:49:33,594 - mazeUtils.moveTile - [moveTile.py:1620] - INFO - Tile color detection counts: {}, decided tile type: E
2026-06-18 00:49:33,594 - mazeUtils.moveTile - [moveTile.py:90] - DEBUG - [1347.884023] moveTile finished (+56.3 ms)
2026-06-18 00:49:33,696 - __main__ - [main.py:87] - INFO - Current position: (20, 19, 0), front direction: absDirection.NORTH
Layer 0 (altitude=0.0cm, offset=(0.0cm, 0.0cm)):
Known map area: x=20..20, y=19..20
+   +
| @  
+   +
| S |
+---+
mazeAsGraph[0][19][20] = {absDirection.NORTH: (20, 18, 0, 30), absDirection.EAST: (21, 19, 0, 30), absDirection.SOUTH: (20, 20, 0, 30), absDirection.WEST: None}
mazeAsGraph[0][20][20] = {absDirection.NORTH: (20, 19, 0, 30), absDirection.EAST: None, absDirection.SOUTH: None, absDirection.WEST: None}
2026-06-18 00:49:34,209 - mazeUtils.mazeMap - [mazeMap.py:61] - INFO - next goal: (20, 18, 0)
2026-06-18 00:49:34,209 - mazeUtils.mazeMap - [mazeMap.py:61] - INFO - next goal: (20, 18, 0)
2026-06-18 00:49:34,210 - mazeUtils.moveTile - [moveTile.py:88] - DEBUG - [1348.499340] moveTile start direction=absDirection.NORTH position=(20, 19, 0) front=absDirection.NORTH
2026-06-18 00:49:34,214 - mazeUtils.moveTile - [moveTile.py:90] - DEBUG - [1348.503317] moveTile after initial toggle check (+4.0 ms)
2026-06-18 00:49:34,216 - mazeUtils.moveTile - [moveTile.py:90] - DEBUG - [1348.505714] moveTile after tile checks isRedTile=False isUnknownTileAhead=True (+2.4 ms)
2026-06-18 00:49:34,217 - mazeUtils.moveTile - [moveTile.py:79] - DEBUG - Moving to absDirection.NORTH from (20, 19, 0) facing absDirection.NORTH
2026-06-18 00:49:34,217 - mazeUtils.moveTile - [moveTile.py:90] - DEBUG - [1348.506502] moveTile updated front direction (+0.8 ms)
2026-06-18 00:49:34,220 - mazeUtils.moveTile - [moveTile.py:90] - DEBUG - [1348.509082] moveTile acquired initial LiDAR scan (+2.6 ms)
2026-06-18 00:49:34,259 - mazeUtils.moveTile - [moveTile.py:90] - DEBUG - [1348.548703] moveTile stopped motors before alignment (+39.6 ms)
2026-06-18 00:49:34,316 - mazeUtils.moveTile - [moveTile.py:90] - DEBUG - [1348.605377] moveTile ready for forward move (+56.7 ms)
2026-06-18 00:49:34,414 - mazeUtils.moveTile - [moveTile.py:90] - DEBUG - [1348.703564] moveTile initialized movement targetSteps=1 (+98.2 ms)
2026-06-18 00:49:34,415 - mazeUtils.moveTile - [moveTile.py:90] - DEBUG - [1348.704668] moveTile loop start (+1.1 ms)
2026-06-18 00:49:34,421 - picamera2.picamera2 - [picamera2.py:1391] - DEBUG - Execute job: <picamera2.job.Job object at 0x7f93bc4290>
2026-06-18 00:49:34,424 - mazeUtils.device.camera - [camera.py:39] - DEBUG - Average HSV: H=136.4, S=60.5, V=107.4
2026-06-18 00:49:34,428 - mazeUtils.moveTile - [moveTile.py:90] - DEBUG - [1348.717911] moveTile calculated motor speeds left=100 right=99 gyroSteer=-1.0550000000000068 wallSteer=1.5999999999999979 (+13.2 ms)
2026-06-18 00:49:34,469 - mazeUtils.moveTile - [moveTile.py:90] - DEBUG - [1348.758166] moveTile applied motor speed left=100 right=99 (+40.3 ms)
2026-06-18 00:49:34,469 - mazeUtils.moveTile - [moveTile.py:90] - DEBUG - [1348.758575] moveTile ramp check isBigRamp=False (+0.4 ms)
2026-06-18 00:49:34,472 - mazeUtils.moveTile - [moveTile.py:90] - DEBUG - [1348.761124] moveTile tile color check tempTileColor=E (+2.5 ms)
2026-06-18 00:49:34,472 - mazeUtils.moveTile - [moveTile.py:90] - DEBUG - [1348.761657] moveTile obstacle check escapeFlag=False (+0.5 ms)
2026-06-18 00:49:34,473 - mazeUtils.moveTile - [moveTile.py:79] - DEBUG - roll: 359.67 deg, practicalMoveTime: 0.05846355741569282 sec
2026-06-18 00:49:34,473 - mazeUtils.moveTile - [moveTile.py:1306] - DEBUG - moveTile loop time: 58.0 ms
2026-06-18 00:49:34,473 - mazeUtils.moveTile - [moveTile.py:90] - DEBUG - [1348.762997] moveTile loop end practicalMoveTime=0.058 (+1.3 ms)
2026-06-18 00:49:34,474 - mazeUtils.moveTile - [moveTile.py:90] - DEBUG - [1348.763300] moveTile loop start (+0.3 ms)
2026-06-18 00:49:34,478 - picamera2.picamera2 - [picamera2.py:1391] - DEBUG - Execute job: <picamera2.job.Job object at 0x7f92c0e410>
2026-06-18 00:49:34,482 - mazeUtils.device.camera - [camera.py:39] - DEBUG - Average HSV: H=138.8, S=44.2, V=155.7
2026-06-18 00:49:34,488 - mazeUtils.moveTile - [moveTile.py:90] - DEBUG - [1348.777356] moveTile calculated motor speeds left=100 right=99 gyroSteer=-1.1100000000000136 wallSteer=1.5999999999999979 (+14.1 ms)
2026-06-18 00:49:34,528 - mazeUtils.moveTile - [moveTile.py:90] - DEBUG - [1348.817631] moveTile applied motor speed left=100 right=99 (+40.3 ms)
2026-06-18 00:49:34,528 - mazeUtils.moveTile - [moveTile.py:90] - DEBUG - [1348.817982] moveTile ramp check isBigRamp=False (+0.4 ms)
2026-06-18 00:49:34,531 - mazeUtils.moveTile - [moveTile.py:90] - DEBUG - [1348.820564] moveTile tile color check tempTileColor=E (+2.6 ms)
2026-06-18 00:49:34,531 - mazeUtils.moveTile - [moveTile.py:90] - DEBUG - [1348.820928] moveTile obstacle check escapeFlag=False (+0.4 ms)
2026-06-18 00:49:34,532 - mazeUtils.moveTile - [moveTile.py:79] - DEBUG - roll: 0.12000000000000455 deg, practicalMoveTime: 0.116997574391218 sec
2026-06-18 00:49:34,532 - mazeUtils.moveTile - [moveTile.py:1306] - DEBUG - moveTile loop time: 58.2 ms
2026-06-18 00:49:34,532 - mazeUtils.moveTile - [moveTile.py:90] - DEBUG - [1348.821681] moveTile loop end practicalMoveTime=0.117 (+0.8 ms)
2026-06-18 00:49:34,532 - mazeUtils.moveTile - [moveTile.py:90] - DEBUG - [1348.821822] moveTile loop start (+0.1 ms)
2026-06-18 00:49:34,537 - picamera2.picamera2 - [picamera2.py:1391] - DEBUG - Execute job: <picamera2.job.Job object at 0x7fa1f4d590>
2026-06-18 00:49:34,540 - mazeUtils.device.camera - [camera.py:39] - DEBUG - Average HSV: H=169.9, S=18.3, V=225.2
2026-06-18 00:49:34,544 - mazeUtils.moveTile - [moveTile.py:90] - DEBUG - [1348.833648] moveTile calculated motor speeds left=100 right=98 gyroSteer=-1.0400000000000205 wallSteer=2.400000000000002 (+11.8 ms)
2026-06-18 00:49:34,585 - mazeUtils.moveTile - [moveTile.py:90] - DEBUG - [1348.874393] moveTile applied motor speed left=100 right=98 (+40.7 ms)
2026-06-18 00:49:34,585 - mazeUtils.moveTile - [moveTile.py:90] - DEBUG - [1348.874805] moveTile ramp check isBigRamp=False (+0.4 ms)
2026-06-18 00:49:34,590 - mazeUtils.moveTile - [moveTile.py:90] - DEBUG - [1348.879332] moveTile tile color check tempTileColor=E (+4.5 ms)
2026-06-18 00:49:34,590 - mazeUtils.moveTile - [moveTile.py:90] - DEBUG - [1348.879688] moveTile obstacle check escapeFlag=False (+0.4 ms)
2026-06-18 00:49:34,590 - mazeUtils.moveTile - [moveTile.py:79] - DEBUG - roll: 0.8100000000000023 deg, practicalMoveTime: 0.1754164473494031 sec
2026-06-18 00:49:34,591 - mazeUtils.moveTile - [moveTile.py:1306] - DEBUG - moveTile loop time: 58.5 ms
2026-06-18 00:49:34,591 - mazeUtils.moveTile - [moveTile.py:90] - DEBUG - [1348.880454] moveTile loop end practicalMoveTime=0.175 (+0.8 ms)
2026-06-18 00:49:34,591 - mazeUtils.moveTile - [moveTile.py:90] - DEBUG - [1348.880592] moveTile loop start (+0.1 ms)
2026-06-18 00:49:34,596 - picamera2.picamera2 - [picamera2.py:1391] - DEBUG - Execute job: <picamera2.job.Job object at 0x7f93bc4290>
2026-06-18 00:49:34,599 - mazeUtils.device.camera - [camera.py:39] - DEBUG - Average HSV: H=172.5, S=18.9, V=224.3
2026-06-18 00:49:34,603 - mazeUtils.moveTile - [moveTile.py:90] - DEBUG - [1348.892574] moveTile calculated motor speeds left=100 right=99 gyroSteer=-0.9800000000000182 wallSteer=1.6000000000000014 (+12.0 ms)
2026-06-18 00:49:34,644 - mazeUtils.moveTile - [moveTile.py:90] - DEBUG - [1348.933347] moveTile applied motor speed left=100 right=99 (+40.8 ms)
2026-06-18 00:49:34,644 - mazeUtils.moveTile - [moveTile.py:90] - DEBUG - [1348.933768] moveTile ramp check isBigRamp=False (+0.4 ms)
2026-06-18 00:49:34,647 - mazeUtils.moveTile - [moveTile.py:90] - DEBUG - [1348.936398] moveTile tile color check tempTileColor=E (+2.6 ms)
2026-06-18 00:49:34,647 - mazeUtils.moveTile - [moveTile.py:90] - DEBUG - [1348.936713] moveTile obstacle check escapeFlag=False (+0.3 ms)
2026-06-18 00:49:34,647 - mazeUtils.moveTile - [moveTile.py:79] - DEBUG - roll: 358.31 deg, practicalMoveTime: 0.23208057456362116 sec
2026-06-18 00:49:34,648 - mazeUtils.moveTile - [moveTile.py:1306] - DEBUG - moveTile loop time: 56.7 ms
2026-06-18 00:49:34,648 - mazeUtils.moveTile - [moveTile.py:90] - DEBUG - [1348.937424] moveTile loop end practicalMoveTime=0.232 (+0.7 ms)
2026-06-18 00:49:34,648 - mazeUtils.moveTile - [moveTile.py:90] - DEBUG - [1348.937563] moveTile loop start (+0.1 ms)
2026-06-18 00:49:34,653 - picamera2.picamera2 - [picamera2.py:1391] - DEBUG - Execute job: <picamera2.job.Job object at 0x7f8899cdd0>
2026-06-18 00:49:34,656 - mazeUtils.device.camera - [camera.py:39] - DEBUG - Average HSV: H=172.1, S=18.8, V=225.7
2026-06-18 00:49:34,660 - mazeUtils.moveTile - [moveTile.py:90] - DEBUG - [1348.949765] moveTile calculated motor speeds left=99 right=100 gyroSteer=-0.8100000000000023 wallSteer=0.3999999999999986 (+12.2 ms)
2026-06-18 00:49:34,701 - mazeUtils.moveTile - [moveTile.py:90] - DEBUG - [1348.990365] moveTile applied motor speed left=99 right=100 (+40.6 ms)
2026-06-18 00:49:34,701 - mazeUtils.moveTile - [moveTile.py:90] - DEBUG - [1348.990936] moveTile ramp check isBigRamp=False (+0.6 ms)
2026-06-18 00:49:34,706 - mazeUtils.moveTile - [moveTile.py:90] - DEBUG - [1348.995724] moveTile tile color check tempTileColor=E (+4.8 ms)
2026-06-18 00:49:34,707 - mazeUtils.moveTile - [moveTile.py:90] - DEBUG - [1348.996232] moveTile obstacle check escapeFlag=False (+0.5 ms)
2026-06-18 00:49:34,707 - mazeUtils.moveTile - [moveTile.py:79] - DEBUG - roll: 351.88 deg, practicalMoveTime: 0.29090142149938314 sec
2026-06-18 00:49:34,708 - mazeUtils.moveTile - [moveTile.py:1306] - DEBUG - moveTile loop time: 59.6 ms
2026-06-18 00:49:34,708 - mazeUtils.moveTile - [moveTile.py:90] - DEBUG - [1348.997437] moveTile loop end practicalMoveTime=0.291 (+1.2 ms)
2026-06-18 00:49:34,708 - mazeUtils.moveTile - [moveTile.py:90] - DEBUG - [1348.997597] moveTile loop start (+0.2 ms)
2026-06-18 00:49:34,712 - picamera2.picamera2 - [picamera2.py:1391] - DEBUG - Execute job: <picamera2.job.Job object at 0x7f889ec050>
2026-06-18 00:49:34,716 - mazeUtils.device.camera - [camera.py:39] - DEBUG - Average HSV: H=132.0, S=20.1, V=214.7
2026-06-18 00:49:34,722 - mazeUtils.moveTile - [moveTile.py:90] - DEBUG - [1349.011623] moveTile calculated motor speeds left=100 right=99 gyroSteer=-0.37999999999999545 wallSteer=0.3999999999999986 (+14.0 ms)
2026-06-18 00:49:34,763 - mazeUtils.moveTile - [moveTile.py:90] - DEBUG - [1349.052514] moveTile applied motor speed left=100 right=99 (+40.9 ms)
2026-06-18 00:49:34,763 - mazeUtils.moveTile - [moveTile.py:90] - DEBUG - [1349.052958] moveTile ramp check isBigRamp=False (+0.4 ms)
2026-06-18 00:49:34,767 - mazeUtils.moveTile - [moveTile.py:90] - DEBUG - [1349.056121] moveTile tile color check tempTileColor=E (+3.2 ms)
2026-06-18 00:49:34,767 - mazeUtils.moveTile - [moveTile.py:90] - DEBUG - [1349.056478] moveTile obstacle check escapeFlag=False (+0.4 ms)
2026-06-18 00:49:34,767 - mazeUtils.moveTile - [moveTile.py:79] - DEBUG - roll: 348.44 deg, practicalMoveTime: 0.34926127118624195 sec
2026-06-18 00:49:34,767 - mazeUtils.moveTile - [moveTile.py:1306] - DEBUG - moveTile loop time: 59.4 ms
2026-06-18 00:49:34,768 - mazeUtils.moveTile - [moveTile.py:90] - DEBUG - [1349.057207] moveTile loop end practicalMoveTime=0.349 (+0.7 ms)
2026-06-18 00:49:34,768 - mazeUtils.moveTile - [moveTile.py:90] - DEBUG - [1349.057344] moveTile loop start (+0.1 ms)
2026-06-18 00:49:34,772 - picamera2.picamera2 - [picamera2.py:1391] - DEBUG - Execute job: <picamera2.job.Job object at 0x7f889cbf90>
2026-06-18 00:49:34,775 - mazeUtils.device.camera - [camera.py:39] - DEBUG - Average HSV: H=169.2, S=19.0, V=226.6
2026-06-18 00:49:34,779 - mazeUtils.moveTile - [moveTile.py:90] - DEBUG - [1349.068503] moveTile calculated motor speeds left=92 right=100 gyroSteer=-0.05000000000001137 wallSteer=-7.0 (+11.2 ms)
2026-06-18 00:49:34,819 - mazeUtils.moveTile - [moveTile.py:90] - DEBUG - [1349.108835] moveTile applied motor speed left=92 right=100 (+40.3 ms)
2026-06-18 00:49:34,820 - mazeUtils.moveTile - [moveTile.py:90] - DEBUG - [1349.109191] moveTile ramp check isBigRamp=False (+0.4 ms)
2026-06-18 00:49:34,822 - mazeUtils.moveTile - [moveTile.py:90] - DEBUG - [1349.111908] moveTile tile color check tempTileColor=E (+2.7 ms)
2026-06-18 00:49:34,823 - mazeUtils.moveTile - [moveTile.py:90] - DEBUG - [1349.112280] moveTile obstacle check escapeFlag=False (+0.4 ms)
2026-06-18 00:49:34,823 - mazeUtils.moveTile - [moveTile.py:79] - DEBUG - roll: 347.66 deg, practicalMoveTime: 0.40352028814830565 sec
2026-06-18 00:49:34,823 - mazeUtils.moveTile - [moveTile.py:1306] - DEBUG - moveTile loop time: 55.5 ms
2026-06-18 00:49:34,823 - mazeUtils.moveTile - [moveTile.py:90] - DEBUG - [1349.113080] moveTile loop end practicalMoveTime=0.404 (+0.8 ms)
2026-06-18 00:49:34,824 - mazeUtils.moveTile - [moveTile.py:90] - DEBUG - [1349.113252] moveTile loop start (+0.2 ms)
2026-06-18 00:49:34,829 - picamera2.picamera2 - [picamera2.py:1391] - DEBUG - Execute job: <picamera2.job.Job object at 0x7f92c0e410>
2026-06-18 00:49:34,831 - mazeUtils.device.camera - [camera.py:39] - DEBUG - Average HSV: H=163.3, S=18.8, V=225.8
2026-06-18 00:49:34,835 - mazeUtils.moveTile - [moveTile.py:90] - DEBUG - [1349.125083] moveTile calculated motor speeds left=92 right=100 gyroSteer=-0.2300000000000182 wallSteer=-7.0 (+11.8 ms)
2026-06-18 00:49:34,876 - mazeUtils.moveTile - [moveTile.py:90] - DEBUG - [1349.165839] moveTile applied motor speed left=92 right=100 (+40.8 ms)
2026-06-18 00:49:34,877 - mazeUtils.moveTile - [moveTile.py:90] - DEBUG - [1349.166655] moveTile ramp check isBigRamp=False (+0.8 ms)
2026-06-18 00:49:34,880 - mazeUtils.moveTile - [moveTile.py:90] - DEBUG - [1349.169419] moveTile tile color check tempTileColor=E (+2.8 ms)
2026-06-18 00:49:34,880 - mazeUtils.moveTile - [moveTile.py:90] - DEBUG - [1349.169943] moveTile obstacle check escapeFlag=False (+0.5 ms)
2026-06-18 00:49:34,881 - mazeUtils.moveTile - [moveTile.py:79] - DEBUG - roll: 347.83000000000004 deg, practicalMoveTime: 0.45955198419173154 sec
2026-06-18 00:49:34,881 - mazeUtils.moveTile - [moveTile.py:1306] - DEBUG - moveTile loop time: 57.2 ms
2026-06-18 00:49:34,881 - mazeUtils.moveTile - [moveTile.py:90] - DEBUG - [1349.170702] moveTile loop end practicalMoveTime=0.460 (+0.8 ms)
2026-06-18 00:49:34,881 - mazeUtils.moveTile - [moveTile.py:90] - DEBUG - [1349.170852] moveTile loop start (+0.1 ms)
2026-06-18 00:49:34,885 - picamera2.picamera2 - [picamera2.py:1391] - DEBUG - Execute job: <picamera2.job.Job object at 0x7f889cbf90>
2026-06-18 00:49:34,888 - mazeUtils.device.camera - [camera.py:39] - DEBUG - Average HSV: H=167.1, S=18.7, V=226.4
2026-06-18 00:49:34,892 - mazeUtils.moveTile - [moveTile.py:90] - DEBUG - [1349.182062] moveTile calculated motor speeds left=92 right=100 gyroSteer=-0.28000000000000114 wallSteer=-7.0 (+11.2 ms)
2026-06-18 00:49:34,933 - mazeUtils.moveTile - [moveTile.py:90] - DEBUG - [1349.222642] moveTile applied motor speed left=92 right=100 (+40.6 ms)
2026-06-18 00:49:34,934 - mazeUtils.moveTile - [moveTile.py:90] - DEBUG - [1349.223156] moveTile ramp check isBigRamp=False (+0.5 ms)
2026-06-18 00:49:34,936 - mazeUtils.moveTile - [moveTile.py:90] - DEBUG - [1349.225816] moveTile tile color check tempTileColor=E (+2.7 ms)
2026-06-18 00:49:34,937 - mazeUtils.moveTile - [moveTile.py:90] - DEBUG - [1349.226188] moveTile obstacle check escapeFlag=False (+0.4 ms)
2026-06-18 00:49:34,937 - mazeUtils.moveTile - [moveTile.py:79] - DEBUG - roll: 348.15000000000003 deg, practicalMoveTime: 0.5143107037337664 sec
2026-06-18 00:49:34,937 - mazeUtils.moveTile - [moveTile.py:1306] - DEBUG - moveTile loop time: 55.9 ms
2026-06-18 00:49:34,937 - mazeUtils.moveTile - [moveTile.py:90] - DEBUG - [1349.226989] moveTile loop end practicalMoveTime=0.514 (+0.8 ms)
2026-06-18 00:49:34,938 - mazeUtils.moveTile - [moveTile.py:90] - DEBUG - [1349.227130] moveTile loop start (+0.1 ms)
2026-06-18 00:49:34,942 - picamera2.picamera2 - [picamera2.py:1391] - DEBUG - Execute job: <picamera2.job.Job object at 0x7f93bc4290>
2026-06-18 00:49:34,945 - mazeUtils.device.camera - [camera.py:39] - DEBUG - Average HSV: H=168.8, S=19.0, V=224.4
2026-06-18 00:49:34,949 - mazeUtils.moveTile - [moveTile.py:90] - DEBUG - [1349.238431] moveTile calculated motor speeds left=91 right=100 gyroSteer=-0.825000000000017 wallSteer=-7.399999999999999 (+11.3 ms)
2026-06-18 00:49:34,989 - mazeUtils.moveTile - [moveTile.py:90] - DEBUG - [1349.278999] moveTile applied motor speed left=91 right=100 (+40.6 ms)
2026-06-18 00:49:34,990 - mazeUtils.moveTile - [moveTile.py:90] - DEBUG - [1349.279410] moveTile ramp check isBigRamp=False (+0.4 ms)
2026-06-18 00:49:34,994 - mazeUtils.moveTile - [moveTile.py:90] - DEBUG - [1349.283868] moveTile tile color check tempTileColor=E (+4.5 ms)
2026-06-18 00:49:34,995 - mazeUtils.moveTile - [moveTile.py:90] - DEBUG - [1349.284308] moveTile obstacle check escapeFlag=False (+0.4 ms)
2026-06-18 00:49:34,995 - mazeUtils.moveTile - [moveTile.py:79] - DEBUG - roll: 347.51000000000005 deg, practicalMoveTime: 0.5708022066964538 sec
2026-06-18 00:49:34,995 - mazeUtils.moveTile - [moveTile.py:1306] - DEBUG - moveTile loop time: 57.9 ms
2026-06-18 00:49:34,996 - mazeUtils.moveTile - [moveTile.py:90] - DEBUG - [1349.285267] moveTile loop end practicalMoveTime=0.571 (+1.0 ms)
2026-06-18 00:49:34,996 - mazeUtils.moveTile - [moveTile.py:90] - DEBUG - [1349.285657] moveTile loop start (+0.4 ms)
2026-06-18 00:49:35,001 - picamera2.picamera2 - [picamera2.py:1391] - DEBUG - Execute job: <picamera2.job.Job object at 0x7f88c726d0>
2026-06-18 00:49:35,005 - mazeUtils.device.camera - [camera.py:39] - DEBUG - Average HSV: H=165.6, S=25.7, V=207.1
2026-06-18 00:49:35,011 - mazeUtils.moveTile - [moveTile.py:90] - DEBUG - [1349.300584] moveTile calculated motor speeds left=91 right=100 gyroSteer=-0.6050000000000182 wallSteer=-7.399999999999999 (+14.9 ms)
2026-06-18 00:49:35,052 - mazeUtils.moveTile - [moveTile.py:90] - DEBUG - [1349.341309] moveTile applied motor speed left=91 right=100 (+40.7 ms)
2026-06-18 00:49:35,052 - mazeUtils.moveTile - [moveTile.py:90] - DEBUG - [1349.341701] moveTile ramp check isBigRamp=False (+0.4 ms)
2026-06-18 00:49:35,056 - mazeUtils.moveTile - [moveTile.py:90] - DEBUG - [1349.345345] moveTile tile color check tempTileColor=E (+3.6 ms)
2026-06-18 00:49:35,056 - mazeUtils.moveTile - [moveTile.py:90] - DEBUG - [1349.345671] moveTile obstacle check escapeFlag=False (+0.3 ms)
2026-06-18 00:49:35,056 - mazeUtils.moveTile - [moveTile.py:79] - DEBUG - roll: 346.28000000000003 deg, practicalMoveTime: 0.6300110381996099 sec
2026-06-18 00:49:35,057 - mazeUtils.moveTile - [moveTile.py:1306] - DEBUG - moveTile loop time: 60.7 ms
2026-06-18 00:49:35,057 - mazeUtils.moveTile - [moveTile.py:90] - DEBUG - [1349.346542] moveTile loop end practicalMoveTime=0.630 (+0.9 ms)
2026-06-18 00:49:35,057 - mazeUtils.moveTile - [moveTile.py:90] - DEBUG - [1349.346761] moveTile loop start (+0.2 ms)
2026-06-18 00:49:35,063 - picamera2.picamera2 - [picamera2.py:1391] - DEBUG - Execute job: <picamera2.job.Job object at 0x7f889ec050>
2026-06-18 00:49:35,067 - mazeUtils.device.camera - [camera.py:39] - DEBUG - Average HSV: H=167.6, S=24.5, V=211.8
2026-06-18 00:49:35,073 - mazeUtils.moveTile - [moveTile.py:90] - DEBUG - [1349.362482] moveTile calculated motor speeds left=94 right=100 gyroSteer=1.3199999999999932 wallSteer=-7.0 (+15.7 ms)
2026-06-18 00:49:35,212 - mazeUtils.moveTile - [moveTile.py:90] - DEBUG - [1349.501304] moveTile applied motor speed left=94 right=100 (+138.8 ms)
2026-06-18 00:49:35,212 - mazeUtils.moveTile - [moveTile.py:90] - DEBUG - [1349.501729] moveTile ramp check isBigRamp=False (+0.4 ms)
2026-06-18 00:49:35,216 - mazeUtils.moveTile - [moveTile.py:90] - DEBUG - [1349.505531] moveTile tile color check tempTileColor=E (+3.8 ms)
2026-06-18 00:49:35,217 - mazeUtils.moveTile - [moveTile.py:90] - DEBUG - [1349.506248] moveTile obstacle check escapeFlag=False (+0.7 ms)
2026-06-18 00:49:35,217 - mazeUtils.moveTile - [moveTile.py:79] - DEBUG - roll: 349.21000000000004 deg, practicalMoveTime: 0.7876636007404916 sec
2026-06-18 00:49:35,218 - mazeUtils.moveTile - [moveTile.py:1306] - DEBUG - moveTile loop time: 160.7 ms
2026-06-18 00:49:35,218 - mazeUtils.moveTile - [moveTile.py:90] - DEBUG - [1349.507754] moveTile loop end practicalMoveTime=0.788 (+1.5 ms)
2026-06-18 00:49:35,218 - mazeUtils.moveTile - [moveTile.py:90] - DEBUG - [1349.507904] moveTile loop start (+0.2 ms)
2026-06-18 00:49:35,224 - picamera2.picamera2 - [picamera2.py:1391] - DEBUG - Execute job: <picamera2.job.Job object at 0x7f889cbf90>
2026-06-18 00:49:35,227 - mazeUtils.device.camera - [camera.py:39] - DEBUG - Average HSV: H=165.9, S=58.5, V=151.7
2026-06-18 00:49:35,231 - mazeUtils.moveTile - [moveTile.py:90] - DEBUG - [1349.520195] moveTile calculated motor speeds left=97 right=100 gyroSteer=3.0649999999999977 wallSteer=-5.800000000000001 (+12.3 ms)
2026-06-18 00:49:35,271 - mazeUtils.moveTile - [moveTile.py:90] - DEBUG - [1349.560650] moveTile applied motor speed left=97 right=100 (+40.5 ms)
2026-06-18 00:49:35,271 - mazeUtils.moveTile - [moveTile.py:90] - DEBUG - [1349.561073] moveTile ramp check isBigRamp=False (+0.4 ms)
2026-06-18 00:49:35,276 - mazeUtils.moveTile - [moveTile.py:90] - DEBUG - [1349.565448] moveTile tile color check tempTileColor=E (+4.4 ms)
2026-06-18 00:49:35,276 - mazeUtils.moveTile - [moveTile.py:90] - DEBUG - [1349.565806] moveTile obstacle check escapeFlag=False (+0.4 ms)
2026-06-18 00:49:35,277 - mazeUtils.moveTile - [moveTile.py:1253] - INFO - practicalVerticalMove: -4.493970991055203 CM
2026-06-18 00:49:35,318 - mazeUtils.moveTile - [moveTile.py:90] - DEBUG - [1349.608053] moveTile finished by time control (+42.2 ms)
2026-06-18 00:49:35,319 - mazeUtils.moveTile - [moveTile.py:90] - DEBUG - [1349.608417] moveTile start final forward adjustment (+42.6 ms)
2026-06-18 00:49:35,363 - mazeUtils.moveTile - [moveTile.py:79] - DEBUG - Little forward to adjust position
2026-06-18 00:49:35,410 - mazeUtils.moveTile - [moveTile.py:90] - DEBUG - [1349.699820] moveTile finished final forward adjustment (+91.4 ms)
2026-06-18 00:49:35,411 - mazeUtils.moveTile - [moveTile.py:1499] - INFO - Set moved vertical distance: -4.493970991055203 cm, past distances: [(4.712016893339267, False), (0, False), (0, False)]
2026-06-18 00:49:35,412 - mazeUtils.moveTile - [moveTile.py:90] - DEBUG - [1349.701449] moveTile updated moved vertical distance -4.494 (+1.6 ms)
2026-06-18 00:49:35,508 - mazeUtils.moveTile - [moveTile.py:527] - DEBUG - Direction: absDirection.NORTH, Angle: 0, Distance: 11.7771323210041 cm
2026-06-18 00:49:35,509 - mazeUtils.moveTile - [moveTile.py:550] - DEBUG - Front LiDAR distance: 11.7771323210041 cm, TSD10 distance: 1.3 cm
2026-06-18 00:49:35,511 - mazeUtils.moveTile - [moveTile.py:527] - DEBUG - Direction: absDirection.EAST, Angle: 270, Distance: 19.577908947945996 cm
2026-06-18 00:49:35,514 - mazeUtils.moveTile - [moveTile.py:527] - DEBUG - Direction: absDirection.SOUTH, Angle: 180, Distance: 164.63064808994292 cm
2026-06-18 00:49:35,516 - mazeUtils.moveTile - [moveTile.py:527] - DEBUG - Direction: absDirection.WEST, Angle: 90, Distance: 47.08855007584565 cm
2026-06-18 00:49:35,517 - mazeUtils.moveTile - [moveTile.py:90] - DEBUG - [1349.806925] moveTile updated map and detected walls (+105.5 ms)
2026-06-18 00:49:35,520 - mazeUtils.moveTile - [moveTile.py:1620] - INFO - Tile color detection counts: {}, decided tile type: E
2026-06-18 00:49:35,521 - mazeUtils.moveTile - [moveTile.py:90] - DEBUG - [1349.810532] moveTile finished (+109.1 ms)
2026-06-18 00:49:35,631 - __main__ - [main.py:87] - INFO - Current position: (20, 18, 0), front direction: absDirection.NORTH
Layer 0 (altitude=0.0cm, offset=(0.0cm, 0.0cm)):
Known map area: x=20..20, y=18..20
+---+
  @ |
+   +
| E  
+   +
| S |
+---+
mazeAsGraph[0][18][20] = {absDirection.NORTH: None, absDirection.EAST: None, absDirection.SOUTH: (20, 19, 0, 30), absDirection.WEST: (19, 18, 0, 30)}
mazeAsGraph[0][19][20] = {absDirection.NORTH: (20, 18, 0, 30), absDirection.EAST: (21, 19, 0, 30), absDirection.SOUTH: (20, 20, 0, 30), absDirection.WEST: None}
mazeAsGraph[0][20][20] = {absDirection.NORTH: (20, 19, 0, 30), absDirection.EAST: None, absDirection.SOUTH: None, absDirection.WEST: None}
2026-06-18 00:49:36,141 - mazeUtils.mazeMap - [mazeMap.py:61] - INFO - next goal: (19, 18, 0)
2026-06-18 00:49:36,142 - mazeUtils.mazeMap - [mazeMap.py:61] - INFO - next goal: (19, 18, 0)
2026-06-18 00:49:36,143 - mazeUtils.moveTile - [moveTile.py:88] - DEBUG - [1350.432587] moveTile start direction=absDirection.WEST position=(20, 18, 0) front=absDirection.NORTH
2026-06-18 00:49:36,149 - mazeUtils.moveTile - [moveTile.py:90] - DEBUG - [1350.438761] moveTile after initial toggle check (+6.2 ms)
2026-06-18 00:49:36,151 - mazeUtils.moveTile - [moveTile.py:90] - DEBUG - [1350.440843] moveTile after tile checks isRedTile=False isUnknownTileAhead=True (+2.1 ms)
2026-06-18 00:49:36,152 - mazeUtils.moveTile - [moveTile.py:79] - DEBUG - Moving to absDirection.WEST from (20, 18, 0) facing absDirection.NORTH
2026-06-18 00:49:36,152 - mazeUtils.moveTile - [moveTile.py:90] - DEBUG - [1350.441736] moveTile start heading change target=90 (+0.9 ms)
2026-06-18 00:49:36,197 - mazeUtils.moveTile - [moveTile.py:79] - DEBUG - current heading: 5.8700000000000045 target: 45
2026-06-18 00:49:36,561 - mazeUtils.moveTile - [moveTile.py:402] - DEBUG - stopped turning at heading: 36.610000000000014, diff: 8.389999999999986
2026-06-18 00:49:36,991 - mazeUtils.moveTile - [moveTile.py:79] - DEBUG - Turned to heading: 45.15999999999997 deg
2026-06-18 00:49:37,545 - mazeUtils.moveTile - [moveTile.py:79] - DEBUG - current heading: 44.879999999999995 target: 90
2026-06-18 00:49:37,950 - mazeUtils.moveTile - [moveTile.py:402] - DEBUG - stopped turning at heading: 80.44999999999999, diff: 9.550000000000011
2026-06-18 00:49:38,429 - mazeUtils.moveTile - [moveTile.py:79] - DEBUG - Turned to heading: 89.82 deg
2026-06-18 00:49:38,430 - mazeUtils.moveTile - [moveTile.py:90] - DEBUG - [1352.719314] moveTile finished heading change (+2277.6 ms)
2026-06-18 00:49:38,431 - mazeUtils.moveTile - [moveTile.py:90] - DEBUG - [1352.720115] moveTile updated front direction (+0.8 ms)
2026-06-18 00:49:38,436 - mazeUtils.moveTile - [moveTile.py:90] - DEBUG - [1352.725056] moveTile acquired initial LiDAR scan (+4.9 ms)
2026-06-18 00:49:38,478 - mazeUtils.moveTile - [moveTile.py:90] - DEBUG - [1352.767604] moveTile stopped motors before alignment (+42.5 ms)
2026-06-18 00:49:38,485 - mazeUtils.moveTile - [moveTile.py:90] - DEBUG - [1352.774168] moveTile start backward adjustment behind_wall_dist=25.216361763162862 (+6.6 ms)
2026-06-18 00:49:38,527 - mazeUtils.moveTile - [moveTile.py:79] - DEBUG - Little backward to adjust position
2026-06-18 00:49:39,063 - mazeUtils.moveTile - [moveTile.py:90] - DEBUG - [1353.352701] moveTile finished backward adjustment (+578.5 ms)
2026-06-18 00:49:39,105 - mazeUtils.moveTile - [moveTile.py:90] - DEBUG - [1353.394807] moveTile ready for forward move (+42.1 ms)
2026-06-18 00:49:39,207 - mazeUtils.moveTile - [moveTile.py:90] - DEBUG - [1353.496554] moveTile initialized movement targetSteps=1 (+101.7 ms)
2026-06-18 00:49:39,208 - mazeUtils.moveTile - [moveTile.py:90] - DEBUG - [1353.497841] moveTile loop start (+1.3 ms)
2026-06-18 00:49:39,213 - picamera2.picamera2 - [picamera2.py:1391] - DEBUG - Execute job: <picamera2.job.Job object at 0x7fa4b59c50>
2026-06-18 00:49:39,218 - mazeUtils.device.camera - [camera.py:39] - DEBUG - Average HSV: H=13.3, S=22.9, V=228.0
2026-06-18 00:49:39,223 - mazeUtils.moveTile - [moveTile.py:90] - DEBUG - [1353.512439] moveTile calculated motor speeds left=90 right=100 gyroSteer=0.799999999999983 wallSteer=-10.0 (+14.6 ms)
2026-06-18 00:49:39,263 - mazeUtils.moveTile - [moveTile.py:90] - DEBUG - [1353.552947] moveTile applied motor speed left=90 right=100 (+40.5 ms)
2026-06-18 00:49:39,264 - mazeUtils.moveTile - [moveTile.py:90] - DEBUG - [1353.553751] moveTile ramp check isBigRamp=False (+0.8 ms)
2026-06-18 00:49:39,268 - mazeUtils.moveTile - [moveTile.py:90] - DEBUG - [1353.557822] moveTile tile color check tempTileColor=E (+4.1 ms)
2026-06-18 00:49:39,269 - mazeUtils.moveTile - [moveTile.py:90] - DEBUG - [1353.558526] moveTile obstacle check escapeFlag=False (+0.7 ms)
2026-06-18 00:49:39,270 - mazeUtils.moveTile - [moveTile.py:79] - DEBUG - roll: 0.5900000000000318 deg, practicalMoveTime: 0.06240108558154104 sec
2026-06-18 00:49:39,270 - mazeUtils.moveTile - [moveTile.py:1306] - DEBUG - moveTile loop time: 61.5 ms
2026-06-18 00:49:39,270 - mazeUtils.moveTile - [moveTile.py:90] - DEBUG - [1353.559695] moveTile loop end practicalMoveTime=0.062 (+1.2 ms)
2026-06-18 00:49:39,271 - mazeUtils.moveTile - [moveTile.py:90] - DEBUG - [1353.560187] moveTile loop start (+0.5 ms)
2026-06-18 00:49:39,277 - picamera2.picamera2 - [picamera2.py:1391] - DEBUG - Execute job: <picamera2.job.Job object at 0x7fa4b59150>
2026-06-18 00:49:39,281 - mazeUtils.device.camera - [camera.py:39] - DEBUG - Average HSV: H=9.3, S=22.9, V=229.8
2026-06-18 00:49:39,287 - mazeUtils.moveTile - [moveTile.py:90] - DEBUG - [1353.576584] moveTile calculated motor speeds left=90 right=100 gyroSteer=0.539999999999992 wallSteer=-10.0 (+16.4 ms)
2026-06-18 00:49:39,327 - mazeUtils.moveTile - [moveTile.py:90] - DEBUG - [1353.616771] moveTile applied motor speed left=90 right=100 (+40.2 ms)
2026-06-18 00:49:39,328 - mazeUtils.moveTile - [moveTile.py:90] - DEBUG - [1353.617325] moveTile ramp check isBigRamp=False (+0.6 ms)
2026-06-18 00:49:39,331 - mazeUtils.moveTile - [moveTile.py:90] - DEBUG - [1353.620320] moveTile tile color check tempTileColor=E (+3.0 ms)
2026-06-18 00:49:39,331 - mazeUtils.moveTile - [moveTile.py:90] - DEBUG - [1353.620782] moveTile obstacle check escapeFlag=False (+0.5 ms)
2026-06-18 00:49:39,332 - mazeUtils.moveTile - [moveTile.py:79] - DEBUG - roll: 0.28000000000002956 deg, practicalMoveTime: 0.12429738588373976 sec
2026-06-18 00:49:39,332 - mazeUtils.moveTile - [moveTile.py:1306] - DEBUG - moveTile loop time: 61.5 ms
2026-06-18 00:49:39,332 - mazeUtils.moveTile - [moveTile.py:90] - DEBUG - [1353.622082] moveTile loop end practicalMoveTime=0.124 (+1.3 ms)
2026-06-18 00:49:39,333 - mazeUtils.moveTile - [moveTile.py:90] - DEBUG - [1353.622403] moveTile loop start (+0.3 ms)
2026-06-18 00:49:39,340 - picamera2.picamera2 - [picamera2.py:1391] - DEBUG - Execute job: <picamera2.job.Job object at 0x7fa4b591d0>
2026-06-18 00:49:39,344 - mazeUtils.device.camera - [camera.py:39] - DEBUG - Average HSV: H=11.7, S=23.3, V=229.1
2026-06-18 00:49:39,351 - mazeUtils.moveTile - [moveTile.py:90] - DEBUG - [1353.640375] moveTile calculated motor speeds left=91 right=100 gyroSteer=1.1800000000000068 wallSteer=-10.0 (+18.0 ms)
2026-06-18 00:49:39,392 - mazeUtils.moveTile - [moveTile.py:90] - DEBUG - [1353.681378] moveTile applied motor speed left=91 right=100 (+41.0 ms)
2026-06-18 00:49:39,392 - mazeUtils.moveTile - [moveTile.py:90] - DEBUG - [1353.681920] moveTile ramp check isBigRamp=False (+0.5 ms)
2026-06-18 00:49:39,395 - mazeUtils.moveTile - [moveTile.py:90] - DEBUG - [1353.684684] moveTile tile color check tempTileColor=E (+2.8 ms)
2026-06-18 00:49:39,396 - mazeUtils.moveTile - [moveTile.py:90] - DEBUG - [1353.685452] moveTile obstacle check escapeFlag=False (+0.8 ms)
2026-06-18 00:49:39,397 - mazeUtils.moveTile - [moveTile.py:79] - DEBUG - roll: 359.94 deg, practicalMoveTime: 0.1885595023662151 sec
2026-06-18 00:49:39,398 - mazeUtils.moveTile - [moveTile.py:1306] - DEBUG - moveTile loop time: 64.6 ms
2026-06-18 00:49:39,398 - mazeUtils.moveTile - [moveTile.py:90] - DEBUG - [1353.687696] moveTile loop end practicalMoveTime=0.189 (+2.2 ms)
2026-06-18 00:49:39,399 - mazeUtils.moveTile - [moveTile.py:90] - DEBUG - [1353.688352] moveTile loop start (+0.7 ms)
2026-06-18 00:49:39,403 - picamera2.picamera2 - [picamera2.py:1391] - DEBUG - Execute job: <picamera2.job.Job object at 0x7fa4b59650>
2026-06-18 00:49:39,407 - mazeUtils.device.camera - [camera.py:39] - DEBUG - Average HSV: H=5.7, S=23.2, V=232.9
2026-06-18 00:49:39,413 - mazeUtils.moveTile - [moveTile.py:90] - DEBUG - [1353.702461] moveTile calculated motor speeds left=90 right=100 gyroSteer=0.7750000000000057 wallSteer=-10.0 (+14.1 ms)
2026-06-18 00:49:39,454 - mazeUtils.moveTile - [moveTile.py:90] - DEBUG - [1353.743469] moveTile applied motor speed left=90 right=100 (+41.0 ms)
2026-06-18 00:49:39,455 - mazeUtils.moveTile - [moveTile.py:90] - DEBUG - [1353.744134] moveTile ramp check isBigRamp=False (+0.7 ms)
2026-06-18 00:49:39,461 - mazeUtils.moveTile - [moveTile.py:90] - DEBUG - [1353.750293] moveTile tile color check tempTileColor=E (+6.2 ms)
2026-06-18 00:49:39,461 - mazeUtils.moveTile - [moveTile.py:90] - DEBUG - [1353.750978] moveTile obstacle check escapeFlag=False (+0.7 ms)
2026-06-18 00:49:39,463 - mazeUtils.moveTile - [moveTile.py:79] - DEBUG - roll: 359.82000000000005 deg, practicalMoveTime: 0.2536898915611121 sec
2026-06-18 00:49:39,464 - mazeUtils.moveTile - [moveTile.py:1306] - DEBUG - moveTile loop time: 65.0 ms
2026-06-18 00:49:39,464 - mazeUtils.moveTile - [moveTile.py:90] - DEBUG - [1353.754083] moveTile loop end practicalMoveTime=0.254 (+3.1 ms)
2026-06-18 00:49:39,465 - mazeUtils.moveTile - [moveTile.py:90] - DEBUG - [1353.754463] moveTile loop start (+0.4 ms)
2026-06-18 00:49:39,471 - picamera2.picamera2 - [picamera2.py:1391] - DEBUG - Execute job: <picamera2.job.Job object at 0x7fa4b5b4d0>
2026-06-18 00:49:39,476 - mazeUtils.device.camera - [camera.py:39] - DEBUG - Average HSV: H=5.0, S=23.6, V=234.1
2026-06-18 00:49:39,483 - mazeUtils.moveTile - [moveTile.py:90] - DEBUG - [1353.772424] moveTile calculated motor speeds left=91 right=100 gyroSteer=1.1399999999999864 wallSteer=-10.0 (+18.0 ms)
2026-06-18 00:49:39,525 - mazeUtils.moveTile - [moveTile.py:90] - DEBUG - [1353.814503] moveTile applied motor speed left=91 right=100 (+42.1 ms)
2026-06-18 00:49:39,526 - mazeUtils.moveTile - [moveTile.py:90] - DEBUG - [1353.815296] moveTile ramp check isBigRamp=False (+0.8 ms)
2026-06-18 00:49:39,529 - mazeUtils.moveTile - [moveTile.py:90] - DEBUG - [1353.818160] moveTile tile color check tempTileColor=E (+2.9 ms)
2026-06-18 00:49:39,529 - mazeUtils.moveTile - [moveTile.py:90] - DEBUG - [1353.818609] moveTile obstacle check escapeFlag=False (+0.4 ms)
2026-06-18 00:49:39,530 - mazeUtils.moveTile - [moveTile.py:79] - DEBUG - roll: 0.6100000000000136 deg, practicalMoveTime: 0.3194682336185273 sec
2026-06-18 00:49:39,530 - mazeUtils.moveTile - [moveTile.py:1306] - DEBUG - moveTile loop time: 65.2 ms
2026-06-18 00:49:39,531 - mazeUtils.moveTile - [moveTile.py:90] - DEBUG - [1353.820119] moveTile loop end practicalMoveTime=0.319 (+1.5 ms)
2026-06-18 00:49:39,531 - mazeUtils.moveTile - [moveTile.py:90] - DEBUG - [1353.820505] moveTile loop start (+0.4 ms)
2026-06-18 00:49:39,536 - picamera2.picamera2 - [picamera2.py:1391] - DEBUG - Execute job: <picamera2.job.Job object at 0x7fa4b5b850>
2026-06-18 00:49:39,541 - mazeUtils.device.camera - [camera.py:39] - DEBUG - Average HSV: H=6.1, S=24.8, V=236.4
2026-06-18 00:49:39,546 - mazeUtils.moveTile - [moveTile.py:90] - DEBUG - [1353.835912] moveTile calculated motor speeds left=93 right=100 gyroSteer=1.25 wallSteer=-8.2 (+15.4 ms)
2026-06-18 00:49:39,587 - mazeUtils.moveTile - [moveTile.py:90] - DEBUG - [1353.876339] moveTile applied motor speed left=93 right=100 (+40.4 ms)
2026-06-18 00:49:39,587 - mazeUtils.moveTile - [moveTile.py:90] - DEBUG - [1353.876876] moveTile ramp check isBigRamp=False (+0.5 ms)
2026-06-18 00:49:39,590 - mazeUtils.moveTile - [moveTile.py:90] - DEBUG - [1353.879680] moveTile tile color check tempTileColor=E (+2.8 ms)
2026-06-18 00:49:39,590 - mazeUtils.moveTile - [moveTile.py:90] - DEBUG - [1353.880057] moveTile obstacle check escapeFlag=False (+0.4 ms)
2026-06-18 00:49:39,591 - mazeUtils.moveTile - [moveTile.py:79] - DEBUG - roll: 359.57000000000005 deg, practicalMoveTime: 0.3803035507521575 sec
2026-06-18 00:49:39,591 - mazeUtils.moveTile - [moveTile.py:1306] - DEBUG - moveTile loop time: 60.4 ms
2026-06-18 00:49:39,592 - mazeUtils.moveTile - [moveTile.py:90] - DEBUG - [1353.881189] moveTile loop end practicalMoveTime=0.380 (+1.1 ms)
2026-06-18 00:49:39,592 - mazeUtils.moveTile - [moveTile.py:90] - DEBUG - [1353.881420] moveTile loop start (+0.2 ms)
2026-06-18 00:49:39,596 - picamera2.picamera2 - [picamera2.py:1391] - DEBUG - Execute job: <picamera2.job.Job object at 0x7fa4b5b850>
2026-06-18 00:49:39,600 - mazeUtils.device.camera - [camera.py:39] - DEBUG - Average HSV: H=7.3, S=26.0, V=238.1
2026-06-18 00:49:39,606 - mazeUtils.moveTile - [moveTile.py:90] - DEBUG - [1353.895373] moveTile calculated motor speeds left=92 right=100 gyroSteer=2.0349999999999966 wallSteer=-10.0 (+14.0 ms)
2026-06-18 00:49:39,646 - mazeUtils.moveTile - [moveTile.py:90] - DEBUG - [1353.935493] moveTile applied motor speed left=92 right=100 (+40.1 ms)
2026-06-18 00:49:39,647 - mazeUtils.moveTile - [moveTile.py:90] - DEBUG - [1353.936294] moveTile ramp check isBigRamp=False (+0.8 ms)
2026-06-18 00:49:39,651 - mazeUtils.moveTile - [moveTile.py:90] - DEBUG - [1353.940178] moveTile tile color check tempTileColor=E (+3.9 ms)
2026-06-18 00:49:39,651 - mazeUtils.moveTile - [moveTile.py:90] - DEBUG - [1353.940722] moveTile obstacle check escapeFlag=False (+0.5 ms)
2026-06-18 00:49:39,652 - mazeUtils.moveTile - [moveTile.py:79] - DEBUG - roll: 356.12 deg, practicalMoveTime: 0.4406355308082622 sec
2026-06-18 00:49:39,652 - mazeUtils.moveTile - [moveTile.py:1306] - DEBUG - moveTile loop time: 60.6 ms
2026-06-18 00:49:39,653 - mazeUtils.moveTile - [moveTile.py:90] - DEBUG - [1353.942559] moveTile loop end practicalMoveTime=0.441 (+1.8 ms)
2026-06-18 00:49:39,653 - mazeUtils.moveTile - [moveTile.py:90] - DEBUG - [1353.942953] moveTile loop start (+0.4 ms)
2026-06-18 00:49:39,658 - picamera2.picamera2 - [picamera2.py:1391] - DEBUG - Execute job: <picamera2.job.Job object at 0x7fa4b59c50>
2026-06-18 00:49:39,664 - mazeUtils.device.camera - [camera.py:39] - DEBUG - Average HSV: H=8.4, S=26.3, V=240.7
2026-06-18 00:49:39,670 - mazeUtils.moveTile - [moveTile.py:90] - DEBUG - [1353.959747] moveTile calculated motor speeds left=100 right=98 gyroSteer=1.7399999999999807 wallSteer=0.0 (+16.8 ms)
2026-06-18 00:49:39,712 - mazeUtils.moveTile - [moveTile.py:90] - DEBUG - [1354.002049] moveTile applied motor speed left=100 right=98 (+42.3 ms)
2026-06-18 00:49:39,713 - mazeUtils.moveTile - [moveTile.py:90] - DEBUG - [1354.002651] moveTile ramp check isBigRamp=False (+0.6 ms)
2026-06-18 00:49:39,717 - mazeUtils.moveTile - [moveTile.py:90] - DEBUG - [1354.007030] moveTile tile color check tempTileColor=E (+4.4 ms)
2026-06-18 00:49:39,718 - mazeUtils.moveTile - [moveTile.py:90] - DEBUG - [1354.007578] moveTile obstacle check escapeFlag=False (+0.5 ms)
2026-06-18 00:49:39,719 - mazeUtils.moveTile - [moveTile.py:79] - DEBUG - roll: 354.09000000000003 deg, practicalMoveTime: 0.5063928574915662 sec
2026-06-18 00:49:39,720 - mazeUtils.moveTile - [moveTile.py:1306] - DEBUG - moveTile loop time: 66.1 ms
2026-06-18 00:49:39,720 - mazeUtils.moveTile - [moveTile.py:90] - DEBUG - [1354.009535] moveTile loop end practicalMoveTime=0.506 (+2.0 ms)
2026-06-18 00:49:39,720 - mazeUtils.moveTile - [moveTile.py:90] - DEBUG - [1354.009863] moveTile loop start (+0.3 ms)
2026-06-18 00:49:39,727 - picamera2.picamera2 - [picamera2.py:1391] - DEBUG - Execute job: <picamera2.job.Job object at 0x7fa4b58250>
2026-06-18 00:49:39,732 - mazeUtils.device.camera - [camera.py:39] - DEBUG - Average HSV: H=7.9, S=25.5, V=240.7
2026-06-18 00:49:39,739 - mazeUtils.moveTile - [moveTile.py:90] - DEBUG - [1354.028800] moveTile calculated motor speeds left=100 right=97 gyroSteer=2.1399999999999864 wallSteer=0.0 (+18.9 ms)
2026-06-18 00:49:39,780 - mazeUtils.moveTile - [moveTile.py:90] - DEBUG - [1354.069300] moveTile applied motor speed left=100 right=97 (+40.5 ms)
2026-06-18 00:49:39,780 - mazeUtils.moveTile - [moveTile.py:90] - DEBUG - [1354.069854] moveTile ramp check isBigRamp=False (+0.6 ms)
2026-06-18 00:49:39,784 - mazeUtils.moveTile - [moveTile.py:90] - DEBUG - [1354.073839] moveTile tile color check tempTileColor=E (+4.0 ms)
2026-06-18 00:49:39,785 - mazeUtils.moveTile - [moveTile.py:90] - DEBUG - [1354.074440] moveTile obstacle check escapeFlag=False (+0.6 ms)
2026-06-18 00:49:39,786 - mazeUtils.moveTile - [moveTile.py:79] - DEBUG - roll: 354.43 deg, practicalMoveTime: 0.5718963627908223 sec
2026-06-18 00:49:39,786 - mazeUtils.moveTile - [moveTile.py:1306] - DEBUG - moveTile loop time: 65.6 ms
2026-06-18 00:49:39,786 - mazeUtils.moveTile - [moveTile.py:90] - DEBUG - [1354.075903] moveTile loop end practicalMoveTime=0.572 (+1.5 ms)
2026-06-18 00:49:39,787 - mazeUtils.moveTile - [moveTile.py:90] - DEBUG - [1354.076270] moveTile loop start (+0.4 ms)
2026-06-18 00:49:39,791 - picamera2.picamera2 - [picamera2.py:1391] - DEBUG - Execute job: <picamera2.job.Job object at 0x7fa4b59610>
2026-06-18 00:49:39,795 - mazeUtils.device.camera - [camera.py:39] - DEBUG - Average HSV: H=7.4, S=24.3, V=241.4
2026-06-18 00:49:39,801 - mazeUtils.moveTile - [moveTile.py:90] - DEBUG - [1354.090237] moveTile calculated motor speeds left=100 right=98 gyroSteer=1.3949999999999818 wallSteer=0.0 (+14.0 ms)
2026-06-18 00:49:39,841 - mazeUtils.moveTile - [moveTile.py:90] - DEBUG - [1354.130879] moveTile applied motor speed left=100 right=98 (+40.6 ms)
2026-06-18 00:49:39,842 - mazeUtils.moveTile - [moveTile.py:90] - DEBUG - [1354.131454] moveTile ramp check isBigRamp=False (+0.6 ms)
2026-06-18 00:49:39,845 - mazeUtils.moveTile - [moveTile.py:90] - DEBUG - [1354.134259] moveTile tile color check tempTileColor=E (+2.8 ms)
2026-06-18 00:49:39,845 - mazeUtils.moveTile - [moveTile.py:90] - DEBUG - [1354.134754] moveTile obstacle check escapeFlag=False (+0.5 ms)
2026-06-18 00:49:39,846 - mazeUtils.moveTile - [moveTile.py:79] - DEBUG - roll: 354.31 deg, practicalMoveTime: 0.6313489634745024 sec
2026-06-18 00:49:39,847 - mazeUtils.moveTile - [moveTile.py:1306] - DEBUG - moveTile loop time: 60.6 ms
2026-06-18 00:49:39,848 - mazeUtils.moveTile - [moveTile.py:90] - DEBUG - [1354.137446] moveTile loop end practicalMoveTime=0.631 (+2.7 ms)
2026-06-18 00:49:39,848 - mazeUtils.moveTile - [moveTile.py:90] - DEBUG - [1354.137774] moveTile loop start (+0.3 ms)
2026-06-18 00:49:39,853 - picamera2.picamera2 - [picamera2.py:1391] - DEBUG - Execute job: <picamera2.job.Job object at 0x7fa4b59bd0>
2026-06-18 00:49:39,858 - mazeUtils.device.camera - [camera.py:39] - DEBUG - Average HSV: H=6.3, S=22.7, V=242.1
2026-06-18 00:49:39,862 - mazeUtils.moveTile - [moveTile.py:90] - DEBUG - [1354.151973] moveTile calculated motor speeds left=100 right=97 gyroSteer=2.0600000000000023 wallSteer=0.0 (+14.2 ms)
2026-06-18 00:49:39,902 - mazeUtils.moveTile - [moveTile.py:90] - DEBUG - [1354.191867] moveTile applied motor speed left=100 right=97 (+39.9 ms)
2026-06-18 00:49:39,903 - mazeUtils.moveTile - [moveTile.py:90] - DEBUG - [1354.192502] moveTile ramp check isBigRamp=False (+0.6 ms)
2026-06-18 00:49:39,906 - mazeUtils.moveTile - [moveTile.py:90] - DEBUG - [1354.195743] moveTile tile color check tempTileColor=E (+3.2 ms)
2026-06-18 00:49:39,907 - mazeUtils.moveTile - [moveTile.py:90] - DEBUG - [1354.196232] moveTile obstacle check escapeFlag=False (+0.5 ms)
2026-06-18 00:49:39,908 - mazeUtils.moveTile - [moveTile.py:79] - DEBUG - roll: 355.41 deg, practicalMoveTime: 0.6914238387548666 sec
2026-06-18 00:49:39,909 - mazeUtils.moveTile - [moveTile.py:1306] - DEBUG - moveTile loop time: 60.3 ms
2026-06-18 00:49:39,909 - mazeUtils.moveTile - [moveTile.py:90] - DEBUG - [1354.199063] moveTile loop end practicalMoveTime=0.691 (+2.8 ms)
2026-06-18 00:49:39,910 - mazeUtils.moveTile - [moveTile.py:90] - DEBUG - [1354.199631] moveTile loop start (+0.6 ms)
2026-06-18 00:49:39,917 - picamera2.picamera2 - [picamera2.py:1391] - DEBUG - Execute job: <picamera2.job.Job object at 0x7fa4b5b4d0>
2026-06-18 00:49:39,922 - mazeUtils.device.camera - [camera.py:39] - DEBUG - Average HSV: H=5.8, S=22.4, V=244.2
2026-06-18 00:49:39,927 - mazeUtils.moveTile - [moveTile.py:90] - DEBUG - [1354.216308] moveTile calculated motor speeds left=100 right=98 gyroSteer=1.009999999999991 wallSteer=0.0 (+16.7 ms)
2026-06-18 00:49:39,966 - mazeUtils.moveTile - [moveTile.py:90] - DEBUG - [1354.255983] moveTile applied motor speed left=100 right=98 (+39.7 ms)
2026-06-18 00:49:39,967 - mazeUtils.moveTile - [moveTile.py:90] - DEBUG - [1354.256538] moveTile ramp check isBigRamp=False (+0.6 ms)
2026-06-18 00:49:39,970 - mazeUtils.moveTile - [moveTile.py:90] - DEBUG - [1354.259918] moveTile tile color check tempTileColor=E (+3.4 ms)
2026-06-18 00:49:39,971 - mazeUtils.moveTile - [moveTile.py:90] - DEBUG - [1354.260754] moveTile obstacle check escapeFlag=False (+0.8 ms)
2026-06-18 00:49:39,972 - mazeUtils.moveTile - [moveTile.py:79] - DEBUG - roll: 356.68 deg, practicalMoveTime: 0.7546341557698216 sec
2026-06-18 00:49:39,972 - mazeUtils.moveTile - [moveTile.py:1306] - DEBUG - moveTile loop time: 62.3 ms
2026-06-18 00:49:39,973 - mazeUtils.moveTile - [moveTile.py:90] - DEBUG - [1354.262244] moveTile loop end practicalMoveTime=0.755 (+1.5 ms)
2026-06-18 00:49:39,973 - mazeUtils.moveTile - [moveTile.py:90] - DEBUG - [1354.262516] moveTile loop start (+0.3 ms)
2026-06-18 00:49:39,978 - picamera2.picamera2 - [picamera2.py:1391] - DEBUG - Execute job: <picamera2.job.Job object at 0x7fa4b591d0>
2026-06-18 00:49:39,982 - mazeUtils.device.camera - [camera.py:39] - DEBUG - Average HSV: H=20.8, S=18.6, V=246.4
2026-06-18 00:49:39,988 - mazeUtils.moveTile - [moveTile.py:90] - DEBUG - [1354.277913] moveTile calculated motor speeds left=100 right=99 gyroSteer=0.5849999999999795 wallSteer=0.0 (+15.4 ms)
2026-06-18 00:49:40,029 - mazeUtils.moveTile - [moveTile.py:90] - DEBUG - [1354.318411] moveTile applied motor speed left=100 right=99 (+40.5 ms)
2026-06-18 00:49:40,029 - mazeUtils.moveTile - [moveTile.py:90] - DEBUG - [1354.318971] moveTile ramp check isBigRamp=False (+0.6 ms)
2026-06-18 00:49:40,033 - mazeUtils.moveTile - [moveTile.py:90] - DEBUG - [1354.322233] moveTile tile color check tempTileColor=E (+3.3 ms)
2026-06-18 00:49:40,033 - mazeUtils.moveTile - [moveTile.py:90] - DEBUG - [1354.322928] moveTile obstacle check escapeFlag=False (+0.7 ms)
2026-06-18 00:49:40,034 - mazeUtils.moveTile - [moveTile.py:79] - DEBUG - roll: 1.4600000000000364 deg, practicalMoveTime: 0.8164844064887475 sec
2026-06-18 00:49:40,035 - mazeUtils.moveTile - [moveTile.py:1306] - DEBUG - moveTile loop time: 62.0 ms
2026-06-18 00:49:40,035 - mazeUtils.moveTile - [moveTile.py:90] - DEBUG - [1354.324835] moveTile loop end practicalMoveTime=0.816 (+1.9 ms)
2026-06-18 00:49:40,036 - mazeUtils.moveTile - [moveTile.py:90] - DEBUG - [1354.325150] moveTile loop start (+0.3 ms)
2026-06-18 00:49:40,042 - picamera2.picamera2 - [picamera2.py:1391] - DEBUG - Execute job: <picamera2.job.Job object at 0x7fa4b59f10>
2026-06-18 00:49:40,048 - mazeUtils.device.camera - [camera.py:39] - DEBUG - Average HSV: H=72.1, S=16.8, V=247.8
2026-06-18 00:49:40,053 - mazeUtils.moveTile - [moveTile.py:90] - DEBUG - [1354.342401] moveTile calculated motor speeds left=100 right=99 gyroSteer=0.5349999999999966 wallSteer=0.0 (+17.3 ms)
2026-06-18 00:49:40,094 - mazeUtils.moveTile - [moveTile.py:90] - DEBUG - [1354.383289] moveTile applied motor speed left=100 right=99 (+40.9 ms)
2026-06-18 00:49:40,094 - mazeUtils.moveTile - [moveTile.py:90] - DEBUG - [1354.383874] moveTile ramp check isBigRamp=False (+0.6 ms)
2026-06-18 00:49:40,098 - mazeUtils.moveTile - [moveTile.py:90] - DEBUG - [1354.387760] moveTile tile color check tempTileColor=E (+3.9 ms)
2026-06-18 00:49:40,099 - mazeUtils.moveTile - [moveTile.py:90] - DEBUG - [1354.388383] moveTile obstacle check escapeFlag=False (+0.6 ms)
2026-06-18 00:49:40,099 - mazeUtils.moveTile - [moveTile.py:1253] - INFO - practicalVerticalMove: -1.1529078595579998 CM
2026-06-18 00:49:40,140 - mazeUtils.moveTile - [moveTile.py:90] - DEBUG - [1354.429858] moveTile finished by time control (+41.5 ms)
2026-06-18 00:49:40,141 - mazeUtils.moveTile - [moveTile.py:90] - DEBUG - [1354.430622] moveTile start final forward adjustment (+42.2 ms)
2026-06-18 00:49:40,188 - mazeUtils.moveTile - [moveTile.py:79] - DEBUG - Little forward to adjust position
2026-06-18 00:49:40,301 - mazeUtils.moveTile - [moveTile.py:90] - DEBUG - [1354.590222] moveTile finished final forward adjustment (+159.6 ms)
2026-06-18 00:49:40,301 - mazeUtils.moveTile - [moveTile.py:1499] - INFO - Set moved vertical distance: -1.1529078595579998 cm, past distances: [(-4.493970991055203, False), (4.712016893339267, False), (0, False)]
2026-06-18 00:49:40,302 - mazeUtils.moveTile - [moveTile.py:90] - DEBUG - [1354.591442] moveTile updated moved vertical distance -1.153 (+1.2 ms)
2026-06-18 00:49:40,371 - mazeUtils.moveTile - [moveTile.py:527] - DEBUG - Direction: absDirection.NORTH, Angle: 270, Distance: 82.03562226949731 cm
2026-06-18 00:49:40,373 - mazeUtils.moveTile - [moveTile.py:527] - DEBUG - Direction: absDirection.EAST, Angle: 180, Distance: 52.407299574081236 cm
2026-06-18 00:49:40,375 - mazeUtils.moveTile - [moveTile.py:527] - DEBUG - Direction: absDirection.SOUTH, Angle: 90, Distance: 42.42794297735996 cm
2026-06-18 00:49:40,378 - mazeUtils.moveTile - [moveTile.py:527] - DEBUG - Direction: absDirection.WEST, Angle: 0, Distance: 13.785114077944653 cm
2026-06-18 00:49:40,379 - mazeUtils.moveTile - [moveTile.py:550] - DEBUG - Front LiDAR distance: 13.785114077944653 cm, TSD10 distance: 1.6 cm
2026-06-18 00:49:40,380 - mazeUtils.moveTile - [moveTile.py:90] - DEBUG - [1354.669138] moveTile updated map and detected walls (+77.7 ms)
2026-06-18 00:49:40,383 - mazeUtils.moveTile - [moveTile.py:1620] - INFO - Tile color detection counts: {}, decided tile type: E
2026-06-18 00:49:40,383 - mazeUtils.moveTile - [moveTile.py:90] - DEBUG - [1354.673016] moveTile finished (+81.6 ms)
2026-06-18 00:49:40,483 - __main__ - [main.py:87] - INFO - Current position: (19, 18, 0), front direction: absDirection.WEST
Layer 0 (altitude=0.0cm, offset=(0.0cm, 0.0cm)):
Known map area: x=19..20, y=18..20
+   +---+
| @   E |
+   +   +
  U | E  
+   +   +
  U | S |
+   +---+
mazeAsGraph[0][18][19] = {absDirection.NORTH: (19, 17, 0, 30), absDirection.EAST: (20, 18, 0, 30), absDirection.SOUTH: (19, 19, 0, 30), absDirection.WEST: None}
mazeAsGraph[0][18][20] = {absDirection.NORTH: None, absDirection.EAST: None, absDirection.SOUTH: (20, 19, 0, 30), absDirection.WEST: (19, 18, 0, 30)}
mazeAsGraph[0][19][20] = {absDirection.NORTH: (20, 18, 0, 30), absDirection.EAST: (21, 19, 0, 30), absDirection.SOUTH: (20, 20, 0, 30), absDirection.WEST: None}
mazeAsGraph[0][20][20] = {absDirection.NORTH: (20, 19, 0, 30), absDirection.EAST: None, absDirection.SOUTH: None, absDirection.WEST: None}
2026-06-18 00:49:40,993 - mazeUtils.mazeMap - [mazeMap.py:61] - INFO - next goal: (19, 17, 0)
2026-06-18 00:49:40,994 - mazeUtils.mazeMap - [mazeMap.py:61] - INFO - next goal: (19, 17, 0)
2026-06-18 00:49:40,994 - mazeUtils.moveTile - [moveTile.py:88] - DEBUG - [1355.283675] moveTile start direction=absDirection.NORTH position=(19, 18, 0) front=absDirection.WEST
2026-06-18 00:49:40,999 - mazeUtils.moveTile - [moveTile.py:90] - DEBUG - [1355.288893] moveTile after initial toggle check (+5.2 ms)
2026-06-18 00:49:41,001 - mazeUtils.moveTile - [moveTile.py:90] - DEBUG - [1355.290713] moveTile after tile checks isRedTile=False isUnknownTileAhead=True (+1.8 ms)
2026-06-18 00:49:41,002 - mazeUtils.moveTile - [moveTile.py:79] - DEBUG - Moving to absDirection.NORTH from (19, 18, 0) facing absDirection.WEST
2026-06-18 00:49:41,002 - mazeUtils.moveTile - [moveTile.py:90] - DEBUG - [1355.291695] moveTile start heading change target=0 (+1.0 ms)
2026-06-18 00:49:41,006 - mazeUtils.moveTile - [moveTile.py:79] - DEBUG - Turning to 0 deg, current heading: 92.70999999999998 deg, turnAngle: 92.70999999999998 deg
2026-06-18 00:49:41,052 - mazeUtils.moveTile - [moveTile.py:79] - DEBUG - gyro:92.70999999999998 deg, derivative: 0.0, turnSpeed: 100
2026-06-18 00:49:41,099 - mazeUtils.moveTile - [moveTile.py:79] - DEBUG - gyro:92.70999999999998 deg, derivative: 0.0, turnSpeed: 100
2026-06-18 00:49:41,144 - mazeUtils.moveTile - [moveTile.py:79] - DEBUG - gyro:92.62 deg, derivative: -0.08999999999997499, turnSpeed: 100
2026-06-18 00:49:41,189 - mazeUtils.moveTile - [moveTile.py:79] - DEBUG - gyro:89.51999999999998 deg, derivative: -3.1000000000000227, turnSpeed: 100
2026-06-18 00:49:41,210 - __main__ - [main.py:147] - INFO - Program interrupted by user.
2026-06-18 00:49:42,286 - mazeUtils.device.stm - [stm.py:216] - DEBUG - ACK resynchronized: type=STS_MOTOR dropped=3B seq=71
2026-06-18 00:49:42,799 - picamera2.picamera2 - [picamera2.py:1391] - DEBUG - Execute job: <picamera2.job.Job object at 0x7fb8516690>
2026-06-18 00:49:42,814 - picamera2.picamera2 - [picamera2.py:1323] - INFO - Camera stopped
2026-06-18 00:49:43,015 - picamera2.picamera2 - [picamera2.py:1329] - DEBUG - Camera was not started
2026-06-18 00:49:43,218 - picamera2.picamera2 - [picamera2.py:723] - INFO - Camera closed successfully.
2026-06-18 00:49:43,405 - picamera2.picamera2 - [picamera2.py:500] - DEBUG - Resources now free: <picamera2.picamera2.Picamera2 object at 0x7fa4b01190>
