2026-07-02 19:16:03,907 - root - [logging_config.py:61] - INFO - Logging initialized. Log file: /home/tuton/Kanto2026RPi/src/config/../logs/robot_20260702_191551.log
2026-07-02 19:16:05,637 - mazeUtils.device.LiDAR - [LiDAR.py:80] - INFO - Available ports: <ydlidar.Str2strMap; proxy of <Swig Object of type 'std::map< std::string,std::string > *' at 0x7f7bc72460> >
2026-07-02 19:16:18,837 - mazeUtils.moveTile - [moveTile.py:556] - DEBUG - overwrite the wall data
2026-07-02 19:16:18,868 - mazeUtils.moveTile - [moveTile.py:570] - DEBUG - Direction: absDirection.NORTH, Angle: 0, Distance: 314.03948972153 cm
2026-07-02 19:16:18,869 - mazeUtils.moveTile - [moveTile.py:580] - INFO - angle: 0, result: judgeWallResult.NO_WALL
2026-07-02 19:16:18,871 - mazeUtils.moveTile - [moveTile.py:570] - DEBUG - Direction: absDirection.EAST, Angle: 270, Distance: 64.66059108298364 cm
2026-07-02 19:16:18,872 - mazeUtils.moveTile - [moveTile.py:570] - DEBUG - Direction: absDirection.SOUTH, Angle: 180, Distance: 32.25164765762056 cm
2026-07-02 19:16:18,873 - mazeUtils.moveTile - [moveTile.py:570] - DEBUG - Direction: absDirection.WEST, Angle: 90, Distance: 17.70249087569525 cm
2026-07-02 19:16:18,874 - __main__ - [main.py:72] - INFO - Initial Map:
2026-07-02 19:16:18,894 - __main__ - [main.py:73] - INFO - Current position: (20, 20, 0), front direction: absDirection.NORTH
Layer 0 (altitude=0.0cm, offset=(0.0cm, 0.0cm)):
Known map area: x=20..20, y=20..20
+   +
| @  
+   +
2026-07-02 19:16:19,841 - mazeUtils.mazeMap - [mazeMap.py:61] - INFO - next goal: (20, 19, 0)
2026-07-02 19:16:19,842 - __main__ - [main.py:79] - INFO - Next Direction: [<absDirection.NORTH: 0>]
2026-07-02 19:16:19,844 - __main__ - [main.py:80] - INFO - Exploration started.
2026-07-02 19:16:19,846 - mazeUtils.mazeMap - [mazeMap.py:61] - INFO - next goal: (20, 20, 0)
2026-07-02 19:16:19,847 - mazeUtils.moveTile - [moveTile.py:88] - DEBUG - [41.308595] moveTile start direction=absDirection.NORTH position=(20, 20, 0) front=absDirection.NORTH
2026-07-02 19:16:19,853 - mazeUtils.moveTile - [moveTile.py:90] - DEBUG - [41.314606] moveTile after initial toggle check (+6.0 ms)
2026-07-02 19:16:19,856 - mazeUtils.moveTile - [moveTile.py:90] - DEBUG - [41.318111] moveTile after tile checks isRedTile=False isUnknownTileAhead=True (+3.5 ms)
2026-07-02 19:16:19,857 - mazeUtils.moveTile - [moveTile.py:79] - DEBUG - Moving to absDirection.NORTH from (20, 20, 0) facing absDirection.NORTH
2026-07-02 19:16:19,857 - mazeUtils.moveTile - [moveTile.py:90] - DEBUG - [41.319253] moveTile start heading change target=0 (+1.1 ms)
2026-07-02 19:16:19,884 - mazeUtils.moveTile - [moveTile.py:79] - DEBUG - current heading: 359.86 target: 0
2026-07-02 19:16:19,904 - mazeUtils.moveTile - [moveTile.py:441] - DEBUG - stopped turning at heading: 359.86, diff: 0.13999999999998636
2026-07-02 19:16:19,951 - mazeUtils.moveTile - [moveTile.py:79] - DEBUG - Turned to heading: 359.86 deg
2026-07-02 19:16:19,952 - mazeUtils.moveTile - [moveTile.py:90] - DEBUG - [41.413962] moveTile finished heading change (+94.7 ms)
2026-07-02 19:16:19,953 - mazeUtils.moveTile - [moveTile.py:90] - DEBUG - [41.414636] Adjustment after ramp completed (+0.7 ms)
2026-07-02 19:16:19,953 - mazeUtils.moveTile - [moveTile.py:90] - DEBUG - [41.415355] moveTile updated front direction (+0.7 ms)
2026-07-02 19:16:19,975 - mazeUtils.moveTile - [moveTile.py:90] - DEBUG - [41.436715] moveTile stopped motors before alignment (+21.4 ms)
2026-07-02 19:16:20,127 - mazeUtils.moveTile - [moveTile.py:570] - DEBUG - Direction: absDirection.NORTH, Angle: 0, Distance: 313.7471608608457 cm
2026-07-02 19:16:20,129 - mazeUtils.moveTile - [moveTile.py:570] - DEBUG - Direction: absDirection.EAST, Angle: 270, Distance: 65.19007430113624 cm
2026-07-02 19:16:20,131 - mazeUtils.moveTile - [moveTile.py:570] - DEBUG - Direction: absDirection.SOUTH, Angle: 180, Distance: 32.131838341152736 cm
2026-07-02 19:16:20,132 - mazeUtils.moveTile - [moveTile.py:570] - DEBUG - Direction: absDirection.WEST, Angle: 90, Distance: 17.831884715824128 cm
2026-07-02 19:16:20,134 - mazeUtils.moveTile - [moveTile.py:90] - DEBUG - [41.595771] moveTile ready for forward move (+159.1 ms)
2026-07-02 19:16:20,160 - mazeUtils.moveTile - [moveTile.py:90] - DEBUG - [41.621813] moveTile initialized movement targetSteps=1 (+26.0 ms)
2026-07-02 19:16:20,162 - mazeUtils.moveTile - [moveTile.py:90] - DEBUG - [41.624068] moveTile loop start (+2.3 ms)
2026-07-02 19:16:20,168 - picamera2.picamera2 - [picamera2.py:1391] - DEBUG - Execute job: <picamera2.job.Job object at 0x7f82f64dd0>
2026-07-02 19:16:20,226 - mazeUtils.device.camera - [camera.py:39] - DEBUG - Average HSV: H=108.7, S=224.7, V=139.4
2026-07-02 19:16:20,236 - mazeUtils.moveTile - [moveTile.py:90] - DEBUG - [41.698040] moveTile calculated motor speeds left=100 right=94 gyroSteer=3.5599999999999996 wallSteer=2.0 (+74.0 ms)
2026-07-02 19:16:20,256 - mazeUtils.moveTile - [moveTile.py:90] - DEBUG - [41.717737] moveTile applied motor speed left=100 right=94 (+19.7 ms)
2026-07-02 19:16:20,260 - mazeUtils.moveTile - [moveTile.py:90] - DEBUG - [41.721504] moveTile tile color check tempTileColor=E (+3.8 ms)
2026-07-02 19:16:20,260 - mazeUtils.moveTile - [moveTile.py:90] - DEBUG - [41.722051] moveTile obstacle check escapeFlag=False (+0.5 ms)
2026-07-02 19:16:20,265 - mazeUtils.moveTile - [moveTile.py:90] - DEBUG - [41.726547] moveTile ramp check isBigRamp=False (+4.5 ms)
2026-07-02 19:16:20,266 - mazeUtils.moveTile - [moveTile.py:79] - DEBUG - roll: 1.2200000000000273 deg, practicalMoveTime: 0.10578760972745409 sec
2026-07-02 19:16:20,267 - mazeUtils.moveTile - [moveTile.py:2294] - DEBUG - moveTile loop time: 104.9 ms
2026-07-02 19:16:20,268 - mazeUtils.moveTile - [moveTile.py:90] - DEBUG - [41.729883] moveTile loop end practicalMoveTime=0.106 (+3.3 ms)
2026-07-02 19:16:20,268 - mazeUtils.moveTile - [moveTile.py:90] - DEBUG - [41.730354] moveTile loop start (+0.5 ms)
2026-07-02 19:16:20,276 - picamera2.picamera2 - [picamera2.py:1391] - DEBUG - Execute job: <picamera2.job.Job object at 0x7f58cbfe90>
2026-07-02 19:16:20,285 - mazeUtils.device.camera - [camera.py:39] - DEBUG - Average HSV: H=107.6, S=245.1, V=207.2
2026-07-02 19:16:20,295 - mazeUtils.moveTile - [moveTile.py:90] - DEBUG - [41.756690] moveTile calculated motor speeds left=100 right=91 gyroSteer=6.16 wallSteer=2.0 (+26.3 ms)
2026-07-02 19:16:20,315 - mazeUtils.moveTile - [moveTile.py:90] - DEBUG - [41.777057] moveTile applied motor speed left=100 right=91 (+20.4 ms)
2026-07-02 19:16:20,320 - mazeUtils.moveTile - [moveTile.py:90] - DEBUG - [41.782145] moveTile tile color check tempTileColor=E (+5.1 ms)
2026-07-02 19:16:20,321 - mazeUtils.moveTile - [moveTile.py:90] - DEBUG - [41.782866] moveTile obstacle check escapeFlag=False (+0.7 ms)
2026-07-02 19:16:20,326 - mazeUtils.moveTile - [moveTile.py:90] - DEBUG - [41.787652] moveTile ramp check isBigRamp=False (+4.8 ms)
2026-07-02 19:16:20,327 - mazeUtils.moveTile - [moveTile.py:79] - DEBUG - roll: 3.2200000000000273 deg, practicalMoveTime: 0.16519888817682243 sec
2026-07-02 19:16:20,327 - mazeUtils.moveTile - [moveTile.py:2294] - DEBUG - moveTile loop time: 58.8 ms
2026-07-02 19:16:20,328 - mazeUtils.moveTile - [moveTile.py:90] - DEBUG - [41.789735] moveTile loop end practicalMoveTime=0.165 (+2.1 ms)
2026-07-02 19:16:20,328 - mazeUtils.moveTile - [moveTile.py:90] - DEBUG - [41.790110] moveTile loop start (+0.4 ms)
2026-07-02 19:16:20,335 - picamera2.picamera2 - [picamera2.py:1391] - DEBUG - Execute job: <picamera2.job.Job object at 0x7f702be750>
2026-07-02 19:16:20,343 - mazeUtils.device.camera - [camera.py:39] - DEBUG - Average HSV: H=105.4, S=254.3, V=233.2
2026-07-02 19:16:20,349 - mazeUtils.moveTile - [moveTile.py:90] - DEBUG - [41.810951] moveTile calculated motor speeds left=100 right=96 gyroSteer=1.6 wallSteer=2.3999999999999986 (+20.8 ms)
2026-07-02 19:16:20,370 - mazeUtils.moveTile - [moveTile.py:90] - DEBUG - [41.831955] moveTile applied motor speed left=100 right=96 (+21.0 ms)
2026-07-02 19:16:20,374 - mazeUtils.moveTile - [moveTile.py:90] - DEBUG - [41.836199] moveTile tile color check tempTileColor=E (+4.2 ms)
2026-07-02 19:16:20,375 - mazeUtils.moveTile - [moveTile.py:90] - DEBUG - [41.836776] moveTile obstacle check escapeFlag=False (+0.6 ms)
2026-07-02 19:16:20,381 - mazeUtils.moveTile - [moveTile.py:90] - DEBUG - [41.843071] moveTile ramp check isBigRamp=False (+6.3 ms)
2026-07-02 19:16:20,382 - mazeUtils.moveTile - [moveTile.py:79] - DEBUG - roll: 2.8700000000000045 deg, practicalMoveTime: 0.2202185494041704 sec
2026-07-02 19:16:20,383 - mazeUtils.moveTile - [moveTile.py:2294] - DEBUG - moveTile loop time: 55.0 ms
2026-07-02 19:16:20,384 - mazeUtils.moveTile - [moveTile.py:90] - DEBUG - [41.845666] moveTile loop end practicalMoveTime=0.220 (+2.6 ms)
2026-07-02 19:16:20,384 - mazeUtils.moveTile - [moveTile.py:90] - DEBUG - [41.846049] moveTile loop start (+0.4 ms)
2026-07-02 19:16:20,392 - picamera2.picamera2 - [picamera2.py:1391] - DEBUG - Execute job: <picamera2.job.Job object at 0x7f7bc6acd0>
2026-07-02 19:16:20,400 - mazeUtils.device.camera - [camera.py:39] - DEBUG - Average HSV: H=111.2, S=250.0, V=136.0
2026-07-02 19:16:20,405 - mazeUtils.moveTile - [moveTile.py:90] - DEBUG - [41.867315] moveTile calculated motor speeds left=98 right=100 gyroSteer=-1.9200000000000728 wallSteer=0.8000000000000007 (+21.3 ms)
2026-07-02 19:16:20,431 - mazeUtils.moveTile - [moveTile.py:90] - DEBUG - [41.892849] moveTile applied motor speed left=98 right=100 (+25.5 ms)
2026-07-02 19:16:20,435 - mazeUtils.moveTile - [moveTile.py:90] - DEBUG - [41.896692] moveTile tile color check tempTileColor=E (+3.8 ms)
2026-07-02 19:16:20,435 - mazeUtils.moveTile - [moveTile.py:90] - DEBUG - [41.897235] moveTile obstacle check escapeFlag=False (+0.5 ms)
2026-07-02 19:16:20,442 - mazeUtils.moveTile - [moveTile.py:90] - DEBUG - [41.903916] moveTile ramp check isBigRamp=False (+6.7 ms)
2026-07-02 19:16:20,443 - mazeUtils.moveTile - [moveTile.py:79] - DEBUG - roll: 3.259999999999991 deg, practicalMoveTime: 0.2799014556409426 sec
2026-07-02 19:16:20,444 - mazeUtils.moveTile - [moveTile.py:2294] - DEBUG - moveTile loop time: 59.5 ms
2026-07-02 19:16:20,444 - mazeUtils.moveTile - [moveTile.py:90] - DEBUG - [41.906131] moveTile loop end practicalMoveTime=0.280 (+2.2 ms)
2026-07-02 19:16:20,445 - mazeUtils.moveTile - [moveTile.py:90] - DEBUG - [41.906499] moveTile loop start (+0.4 ms)
2026-07-02 19:16:20,452 - picamera2.picamera2 - [picamera2.py:1391] - DEBUG - Execute job: <picamera2.job.Job object at 0x7f4b639d50>
2026-07-02 19:16:20,459 - mazeUtils.device.camera - [camera.py:39] - DEBUG - Average HSV: H=114.4, S=253.0, V=17.4
2026-07-02 19:16:20,467 - mazeUtils.moveTile - [moveTile.py:90] - DEBUG - [41.928500] moveTile calculated motor speeds left=99 right=100 gyroSteer=-1.4400000000000546 wallSteer=0.8000000000000007 (+22.0 ms)
2026-07-02 19:16:20,494 - mazeUtils.moveTile - [moveTile.py:90] - DEBUG - [41.956037] moveTile applied motor speed left=99 right=100 (+27.5 ms)
2026-07-02 19:16:20,499 - mazeUtils.moveTile - [moveTile.py:90] - DEBUG - [41.960771] moveTile tile color check tempTileColor=E (+4.7 ms)
2026-07-02 19:16:20,499 - mazeUtils.moveTile - [moveTile.py:90] - DEBUG - [41.961470] moveTile obstacle check escapeFlag=False (+0.7 ms)
2026-07-02 19:16:20,506 - mazeUtils.moveTile - [moveTile.py:90] - DEBUG - [41.967816] moveTile ramp check isBigRamp=False (+6.3 ms)
2026-07-02 19:16:20,507 - mazeUtils.moveTile - [moveTile.py:79] - DEBUG - roll: 8.580000000000041 deg, practicalMoveTime: 0.33014965646864514 sec
2026-07-02 19:16:20,508 - mazeUtils.moveTile - [moveTile.py:2294] - DEBUG - moveTile loop time: 63.6 ms
2026-07-02 19:16:20,509 - mazeUtils.moveTile - [moveTile.py:90] - DEBUG - [41.970839] moveTile loop end practicalMoveTime=0.330 (+3.0 ms)
2026-07-02 19:16:20,510 - mazeUtils.moveTile - [moveTile.py:90] - DEBUG - [41.971664] moveTile loop start (+0.8 ms)
2026-07-02 19:16:20,517 - picamera2.picamera2 - [picamera2.py:1391] - DEBUG - Execute job: <picamera2.job.Job object at 0x7f7038ce90>
2026-07-02 19:16:20,523 - mazeUtils.device.camera - [camera.py:39] - DEBUG - Average HSV: H=111.7, S=239.0, V=89.1
2026-07-02 19:16:20,530 - mazeUtils.moveTile - [moveTile.py:90] - DEBUG - [41.991979] moveTile calculated motor speeds left=100 right=93 gyroSteer=4.0 wallSteer=2.3999999999999986 (+20.3 ms)
2026-07-02 19:16:20,551 - mazeUtils.moveTile - [moveTile.py:90] - DEBUG - [42.012656] moveTile applied motor speed left=100 right=93 (+20.7 ms)
2026-07-02 19:16:20,554 - mazeUtils.moveTile - [moveTile.py:90] - DEBUG - [42.016355] moveTile tile color check tempTileColor=E (+3.7 ms)
2026-07-02 19:16:20,555 - mazeUtils.moveTile - [moveTile.py:90] - DEBUG - [42.017455] moveTile obstacle check escapeFlag=False (+1.1 ms)
2026-07-02 19:16:20,561 - mazeUtils.moveTile - [moveTile.py:90] - DEBUG - [42.022677] moveTile ramp check isBigRamp=False (+5.2 ms)
2026-07-02 19:16:20,562 - mazeUtils.moveTile - [moveTile.py:79] - DEBUG - roll: 10.920000000000016 deg, practicalMoveTime: 0.37208696469730623 sec
2026-07-02 19:16:20,562 - mazeUtils.moveTile - [moveTile.py:2294] - DEBUG - moveTile loop time: 52.5 ms
2026-07-02 19:16:20,563 - mazeUtils.moveTile - [moveTile.py:90] - DEBUG - [42.024762] moveTile loop end practicalMoveTime=0.372 (+2.1 ms)
2026-07-02 19:16:20,563 - mazeUtils.moveTile - [moveTile.py:90] - DEBUG - [42.025322] moveTile loop start (+0.6 ms)
2026-07-02 19:16:20,569 - picamera2.picamera2 - [picamera2.py:1391] - DEBUG - Execute job: <picamera2.job.Job object at 0x7f7bc6acd0>
2026-07-02 19:16:20,576 - mazeUtils.device.camera - [camera.py:39] - DEBUG - Average HSV: H=108.1, S=204.5, V=30.7
2026-07-02 19:16:20,583 - mazeUtils.moveTile - [moveTile.py:90] - DEBUG - [42.044794] moveTile calculated motor speeds left=100 right=91 gyroSteer=9.68 wallSteer=-1.6000000000000014 (+19.5 ms)
2026-07-02 19:16:20,610 - mazeUtils.moveTile - [moveTile.py:90] - DEBUG - [42.072136] moveTile applied motor speed left=100 right=91 (+27.3 ms)
2026-07-02 19:16:20,630 - mazeUtils.moveTile - [moveTile.py:241] - INFO - Black tile detected! Stopping movement. Starting escape maneuver.
2026-07-02 19:16:21,119 - mazeUtils.moveTile - [moveTile.py:90] - DEBUG - [42.580633] moveTile escaped from black tile (+508.5 ms)
2026-07-02 19:16:21,120 - mazeUtils.moveTile - [moveTile.py:2745] - INFO - (None, None)
2026-07-02 19:16:21,176 - __main__ - [main.py:113] - INFO - Current position: (20, 20, 0), front direction: absDirection.NORTH
Layer 0 (altitude=0.0cm, offset=(0.0cm, 0.0cm)):
Known map area: x=20..20, y=19..20
+   +
  B  
+   +
| @  
+   +
2026-07-02 19:16:03,636 - root - [logging_config.py:61] - INFO - Logging initialized. Log file: /home/tuton/Kanto2026RPi/src/config/../logs/robot_20260702_191551.log
2026-07-02 19:16:05,616 - mazeUtils.device.LiDAR - [LiDAR.py:80] - INFO - Available ports: <ydlidar.Str2strMap; proxy of <Swig Object of type 'std::map< std::string,std::string > *' at 0x7f91b09f80> >
2026-07-02 19:18:11,773 - mazeUtils.device.stm - [stm.py:134] - ERROR - Timeout while searching valid frame: elapsed=114.051s timeout=0.500s seq=214 buffered=0B dropped=0B tail=
2026-07-02 19:18:11,797 - mazeUtils.device.stm - [stm.py:709] - ERROR - update failed: requestSensorValues returned None
