2026-06-20 13:59:01,522 - root - [logging_config.py:61] - INFO - Logging initialized. Log file: /home/tuton/Kanto2026RPi/src/config/../logs/robot_20260620_135900.log
2026-06-20 13:59:03,553 - mazeUtils.device.LiDAR - [LiDAR.py:36] - INFO - Available ports: <ydlidar.Str2strMap; proxy of <Swig Object of type 'std::map< std::string,std::string > *' at 0x7f99a5ed90> >
2026-06-20 13:59:07,589 - mazeUtils.moveTile - [moveTile.py:528] - DEBUG - Direction: absDirection.NORTH, Angle: 0, Distance: 136.2667518878038 cm
2026-06-20 13:59:07,590 - mazeUtils.moveTile - [moveTile.py:552] - DEBUG - Front LiDAR distance: 136.2667518878038 cm, TSD10 distance: 129.2 cm
2026-06-20 13:59:07,592 - mazeUtils.moveTile - [moveTile.py:528] - DEBUG - Direction: absDirection.EAST, Angle: 270, Distance: 16.863993728666113 cm
2026-06-20 13:59:07,594 - mazeUtils.moveTile - [moveTile.py:528] - DEBUG - Direction: absDirection.SOUTH, Angle: 180, Distance: 16.58811670977769 cm
2026-06-20 13:59:07,596 - mazeUtils.moveTile - [moveTile.py:528] - DEBUG - Direction: absDirection.WEST, Angle: 90, Distance: 17.61897515401865 cm
2026-06-20 13:59:07,597 - __main__ - [main.py:69] - INFO - Initial Map:
2026-06-20 13:59:07,625 - __main__ - [main.py:70] - INFO - Current position: (20, 20, 0), front direction: absDirection.NORTH
Layer 0 (altitude=0.0cm, offset=(0.0cm, 0.0cm)):
Known map area: x=20..20, y=20..20
+   +
| @ |
+---+
mazeAsGraph[0][20][20] = {absDirection.NORTH: (20, 19, 0, 30), absDirection.EAST: None, absDirection.SOUTH: None, absDirection.WEST: None}
2026-06-20 13:59:07,627 - mazeUtils.mazeMap - [mazeMap.py:61] - INFO - next goal: (20, 19, 0)
2026-06-20 13:59:07,628 - __main__ - [main.py:73] - INFO - Next Direction: [<absDirection.NORTH: 0>]
2026-06-20 13:59:07,629 - __main__ - [main.py:74] - INFO - Exploration started.
2026-06-20 13:59:07,643 - mazeUtils.moveTile - [moveTile.py:79] - DEBUG - Moving to absDirection.NORTH from (20, 20, 0) facing absDirection.NORTH
2026-06-20 13:59:07,667 - mazeUtils.moveTile - [moveTile.py:79] - DEBUG - current heading: 359.96 target: 0
2026-06-20 13:59:07,686 - mazeUtils.moveTile - [moveTile.py:403] - DEBUG - stopped turning at heading: 359.96, diff: 0.040000000000020464
2026-06-20 13:59:07,729 - mazeUtils.moveTile - [moveTile.py:79] - DEBUG - Turned to heading: 359.96 deg
2026-06-20 13:59:07,795 - mazeUtils.moveTile - [moveTile.py:79] - DEBUG - Little backward to adjust position
2026-06-20 13:59:08,300 - picamera2.picamera2 - [picamera2.py:1391] - DEBUG - Execute job: <picamera2.job.Job object at 0x7f817bae10>
2026-06-20 13:59:08,307 - mazeUtils.device.camera - [camera.py:39] - DEBUG - Average HSV: H=163.8, S=17.2, V=232.4
2026-06-20 13:59:08,342 - mazeUtils.moveTile - [moveTile.py:79] - DEBUG - roll: 0.849999999999909 deg, practicalMoveTime: 0.050143445484845985 sec
2026-06-20 13:59:08,342 - mazeUtils.moveTile - [moveTile.py:1400] - DEBUG - moveTile loop time: 48.6 ms
2026-06-20 13:59:08,349 - picamera2.picamera2 - [picamera2.py:1391] - DEBUG - Execute job: <picamera2.job.Job object at 0x7fa6258ed0>
2026-06-20 13:59:08,354 - mazeUtils.device.camera - [camera.py:39] - DEBUG - Average HSV: H=164.3, S=17.5, V=232.1
2026-06-20 13:59:08,384 - mazeUtils.moveTile - [moveTile.py:79] - DEBUG - roll: 0.7000000000000455 deg, practicalMoveTime: 0.09133457166342115 sec
2026-06-20 13:59:08,384 - mazeUtils.moveTile - [moveTile.py:1400] - DEBUG - moveTile loop time: 41.4 ms
2026-06-20 13:59:08,390 - picamera2.picamera2 - [picamera2.py:1391] - DEBUG - Execute job: <picamera2.job.Job object at 0x7f928349d0>
2026-06-20 13:59:08,393 - mazeUtils.device.camera - [camera.py:39] - DEBUG - Average HSV: H=164.0, S=17.0, V=233.5
2026-06-20 13:59:08,427 - mazeUtils.moveTile - [moveTile.py:79] - DEBUG - roll: 1.25 deg, practicalMoveTime: 0.13386928890954863 sec
2026-06-20 13:59:08,427 - mazeUtils.moveTile - [moveTile.py:1400] - DEBUG - moveTile loop time: 42.2 ms
2026-06-20 13:59:08,432 - picamera2.picamera2 - [picamera2.py:1391] - DEBUG - Execute job: <picamera2.job.Job object at 0x7f8090e950>
2026-06-20 13:59:08,436 - mazeUtils.device.camera - [camera.py:39] - DEBUG - Average HSV: H=165.1, S=18.3, V=231.9
2026-06-20 13:59:08,463 - mazeUtils.moveTile - [moveTile.py:79] - DEBUG - roll: 1.4700000000000273 deg, practicalMoveTime: 0.16887596985634085 sec
2026-06-20 13:59:08,463 - mazeUtils.moveTile - [moveTile.py:1400] - DEBUG - moveTile loop time: 34.9 ms
2026-06-20 13:59:08,470 - picamera2.picamera2 - [picamera2.py:1391] - DEBUG - Execute job: <picamera2.job.Job object at 0x7f817bae10>
2026-06-20 13:59:08,473 - mazeUtils.device.camera - [camera.py:39] - DEBUG - Average HSV: H=167.0, S=18.2, V=232.8
2026-06-20 13:59:08,504 - mazeUtils.moveTile - [moveTile.py:79] - DEBUG - roll: 359.67999999999995 deg, practicalMoveTime: 0.20947849745252034 sec
2026-06-20 13:59:08,504 - mazeUtils.moveTile - [moveTile.py:1400] - DEBUG - moveTile loop time: 40.8 ms
2026-06-20 13:59:08,515 - picamera2.picamera2 - [picamera2.py:1391] - DEBUG - Execute job: <picamera2.job.Job object at 0x7f808b7a50>
2026-06-20 13:59:08,519 - mazeUtils.device.camera - [camera.py:39] - DEBUG - Average HSV: H=165.2, S=15.9, V=235.7
2026-06-20 13:59:08,548 - mazeUtils.moveTile - [moveTile.py:79] - DEBUG - roll: 2.240000000000009 deg, practicalMoveTime: 0.2537056551491104 sec
2026-06-20 13:59:08,549 - mazeUtils.moveTile - [moveTile.py:1400] - DEBUG - moveTile loop time: 44.5 ms
2026-06-20 13:59:08,555 - picamera2.picamera2 - [picamera2.py:1391] - DEBUG - Execute job: <picamera2.job.Job object at 0x7f928349d0>
2026-06-20 13:59:08,558 - mazeUtils.device.camera - [camera.py:39] - DEBUG - Average HSV: H=167.8, S=17.1, V=235.2
2026-06-20 13:59:08,588 - mazeUtils.moveTile - [moveTile.py:79] - DEBUG - roll: 0.2799999999999727 deg, practicalMoveTime: 0.29264633509695015 sec
2026-06-20 13:59:08,588 - mazeUtils.moveTile - [moveTile.py:1400] - DEBUG - moveTile loop time: 39.2 ms
2026-06-20 13:59:08,594 - picamera2.picamera2 - [picamera2.py:1391] - DEBUG - Execute job: <picamera2.job.Job object at 0x7f6662a750>
2026-06-20 13:59:08,598 - mazeUtils.device.camera - [camera.py:39] - DEBUG - Average HSV: H=167.5, S=15.6, V=237.6
2026-06-20 13:59:08,627 - mazeUtils.moveTile - [moveTile.py:79] - DEBUG - roll: 0.6099999999999 deg, practicalMoveTime: 0.3313006174577313 sec
2026-06-20 13:59:08,627 - mazeUtils.moveTile - [moveTile.py:1400] - DEBUG - moveTile loop time: 38.9 ms
2026-06-20 13:59:08,635 - picamera2.picamera2 - [picamera2.py:1391] - DEBUG - Execute job: <picamera2.job.Job object at 0x7f808b7a50>
2026-06-20 13:59:08,639 - mazeUtils.device.camera - [camera.py:39] - DEBUG - Average HSV: H=167.1, S=14.9, V=238.8
2026-06-20 13:59:08,668 - mazeUtils.moveTile - [moveTile.py:79] - DEBUG - roll: 1.1099999999999 deg, practicalMoveTime: 0.37156172048675457 sec
2026-06-20 13:59:08,668 - mazeUtils.moveTile - [moveTile.py:1400] - DEBUG - moveTile loop time: 40.5 ms
2026-06-20 13:59:08,675 - picamera2.picamera2 - [picamera2.py:1391] - DEBUG - Execute job: <picamera2.job.Job object at 0x7f928592d0>
2026-06-20 13:59:08,678 - mazeUtils.device.camera - [camera.py:39] - DEBUG - Average HSV: H=167.1, S=15.0, V=238.1
2026-06-20 13:59:08,705 - mazeUtils.moveTile - [moveTile.py:79] - DEBUG - roll: 1.2699999999999818 deg, practicalMoveTime: 0.4085444681326354 sec
2026-06-20 13:59:08,706 - mazeUtils.moveTile - [moveTile.py:1400] - DEBUG - moveTile loop time: 37.4 ms
2026-06-20 13:59:08,711 - picamera2.picamera2 - [picamera2.py:1391] - DEBUG - Execute job: <picamera2.job.Job object at 0x7f8bc93510>
2026-06-20 13:59:08,715 - mazeUtils.device.camera - [camera.py:39] - DEBUG - Average HSV: H=167.3, S=15.1, V=238.1
2026-06-20 13:59:08,744 - mazeUtils.moveTile - [moveTile.py:79] - DEBUG - roll: 359.84 deg, practicalMoveTime: 0.4463100622284833 sec
2026-06-20 13:59:08,744 - mazeUtils.moveTile - [moveTile.py:1400] - DEBUG - moveTile loop time: 38.2 ms
2026-06-20 13:59:08,748 - picamera2.picamera2 - [picamera2.py:1391] - DEBUG - Execute job: <picamera2.job.Job object at 0x7f8bc6aad0>
2026-06-20 13:59:08,752 - mazeUtils.device.camera - [camera.py:39] - DEBUG - Average HSV: H=166.5, S=14.4, V=238.0
2026-06-20 13:59:08,787 - mazeUtils.moveTile - [moveTile.py:79] - DEBUG - roll: 1.599999999999909 deg, practicalMoveTime: 0.489238941773665 sec
2026-06-20 13:59:08,788 - mazeUtils.moveTile - [moveTile.py:1400] - DEBUG - moveTile loop time: 43.4 ms
2026-06-20 13:59:08,793 - picamera2.picamera2 - [picamera2.py:1391] - DEBUG - Execute job: <picamera2.job.Job object at 0x7f8bc6aad0>
2026-06-20 13:59:08,796 - mazeUtils.device.camera - [camera.py:39] - DEBUG - Average HSV: H=166.7, S=17.3, V=230.1
2026-06-20 13:59:08,823 - mazeUtils.moveTile - [moveTile.py:79] - DEBUG - roll: 0.42999999999995 deg, practicalMoveTime: 0.5247551572755359 sec
2026-06-20 13:59:08,824 - mazeUtils.moveTile - [moveTile.py:1400] - DEBUG - moveTile loop time: 35.9 ms
2026-06-20 13:59:08,830 - picamera2.picamera2 - [picamera2.py:1391] - DEBUG - Execute job: <picamera2.job.Job object at 0x7f8090e950>
2026-06-20 13:59:08,833 - mazeUtils.device.camera - [camera.py:39] - DEBUG - Average HSV: H=162.4, S=19.4, V=219.4
2026-06-20 13:59:08,865 - mazeUtils.moveTile - [moveTile.py:79] - DEBUG - roll: 0.08999999999997499 deg, practicalMoveTime: 0.5657056434827519 sec
2026-06-20 13:59:08,865 - mazeUtils.moveTile - [moveTile.py:1400] - DEBUG - moveTile loop time: 41.5 ms
2026-06-20 13:59:08,872 - picamera2.picamera2 - [picamera2.py:1391] - DEBUG - Execute job: <picamera2.job.Job object at 0x7f808b7a50>
2026-06-20 13:59:08,876 - mazeUtils.device.camera - [camera.py:39] - DEBUG - Average HSV: H=162.0, S=20.6, V=216.0
2026-06-20 13:59:08,903 - mazeUtils.moveTile - [moveTile.py:79] - DEBUG - roll: 0.6900000000000546 deg, practicalMoveTime: 0.602885516755704 sec
2026-06-20 13:59:08,903 - mazeUtils.moveTile - [moveTile.py:1400] - DEBUG - moveTile loop time: 37.3 ms
2026-06-20 13:59:08,914 - picamera2.picamera2 - [picamera2.py:1391] - DEBUG - Execute job: <picamera2.job.Job object at 0x7f8bc63bd0>
2026-06-20 13:59:08,918 - mazeUtils.device.camera - [camera.py:39] - DEBUG - Average HSV: H=163.0, S=22.3, V=214.9
2026-06-20 13:59:08,952 - mazeUtils.moveTile - [moveTile.py:79] - DEBUG - roll: 0.8299999999999272 deg, practicalMoveTime: 0.651495156292116 sec
2026-06-20 13:59:08,952 - mazeUtils.moveTile - [moveTile.py:1400] - DEBUG - moveTile loop time: 48.9 ms
2026-06-20 13:59:08,956 - picamera2.picamera2 - [picamera2.py:1391] - DEBUG - Execute job: <picamera2.job.Job object at 0x7f928349d0>
2026-06-20 13:59:08,960 - mazeUtils.device.camera - [camera.py:39] - DEBUG - Average HSV: H=160.9, S=20.7, V=214.5
2026-06-20 13:59:08,987 - mazeUtils.moveTile - [moveTile.py:79] - DEBUG - roll: 359.92999999999995 deg, practicalMoveTime: 0.6865521979996787 sec
2026-06-20 13:59:08,988 - mazeUtils.moveTile - [moveTile.py:1400] - DEBUG - moveTile loop time: 35.3 ms
2026-06-20 13:59:08,994 - picamera2.picamera2 - [picamera2.py:1391] - DEBUG - Execute job: <picamera2.job.Job object at 0x7fa6258ed0>
2026-06-20 13:59:08,997 - mazeUtils.device.camera - [camera.py:39] - DEBUG - Average HSV: H=154.8, S=21.7, V=207.6
2026-06-20 13:59:09,031 - mazeUtils.moveTile - [moveTile.py:79] - DEBUG - roll: 1.3399999999999181 deg, practicalMoveTime: 0.7291998145196882 sec
2026-06-20 13:59:09,031 - mazeUtils.moveTile - [moveTile.py:1400] - DEBUG - moveTile loop time: 43.2 ms
2026-06-20 13:59:09,038 - picamera2.picamera2 - [picamera2.py:1391] - DEBUG - Execute job: <picamera2.job.Job object at 0x7f6662a750>
2026-06-20 13:59:09,041 - mazeUtils.device.camera - [camera.py:39] - DEBUG - Average HSV: H=144.7, S=39.3, V=179.6
2026-06-20 13:59:09,072 - mazeUtils.moveTile - [moveTile.py:79] - DEBUG - roll: 1.5 deg, practicalMoveTime: 0.7702662121204793 sec
2026-06-20 13:59:09,073 - mazeUtils.moveTile - [moveTile.py:1400] - DEBUG - moveTile loop time: 41.3 ms
2026-06-20 13:59:09,081 - picamera2.picamera2 - [picamera2.py:1391] - DEBUG - Execute job: <picamera2.job.Job object at 0x7f928349d0>
2026-06-20 13:59:09,084 - mazeUtils.device.camera - [camera.py:39] - DEBUG - Average HSV: H=136.1, S=63.0, V=154.7
2026-06-20 13:59:09,110 - mazeUtils.moveTile - [moveTile.py:79] - DEBUG - roll: 0.5699999999999363 deg, practicalMoveTime: 0.8069801411790143 sec
2026-06-20 13:59:09,110 - mazeUtils.moveTile - [moveTile.py:1400] - DEBUG - moveTile loop time: 37.0 ms
2026-06-20 13:59:09,116 - picamera2.picamera2 - [picamera2.py:1391] - DEBUG - Execute job: <picamera2.job.Job object at 0x7f6662a750>
2026-06-20 13:59:09,120 - mazeUtils.device.camera - [camera.py:39] - DEBUG - Average HSV: H=151.3, S=28.9, V=196.1
2026-06-20 13:59:09,151 - mazeUtils.moveTile - [moveTile.py:1345] - INFO - practicalVerticalMove: 0.44064657728110995 CM
2026-06-20 13:59:09,200 - mazeUtils.moveTile - [moveTile.py:1606] - INFO - Set moved vertical distance: 0.44064657728110995 cm, past distances: [(0, False), (0, False), (0, False)]
2026-06-20 13:59:09,283 - mazeUtils.moveTile - [moveTile.py:528] - DEBUG - Direction: absDirection.NORTH, Angle: 0, Distance: 127.17731001553224 cm
2026-06-20 13:59:09,283 - mazeUtils.moveTile - [moveTile.py:552] - DEBUG - Front LiDAR distance: 127.17731001553224 cm, TSD10 distance: 94.8 cm
2026-06-20 13:59:09,284 - mazeUtils.moveTile - [moveTile.py:528] - DEBUG - Direction: absDirection.EAST, Angle: 270, Distance: 17.536749506521165 cm
2026-06-20 13:59:09,285 - mazeUtils.moveTile - [moveTile.py:528] - DEBUG - Direction: absDirection.SOUTH, Angle: 180, Distance: 52.42812207835468 cm
2026-06-20 13:59:09,287 - mazeUtils.moveTile - [moveTile.py:528] - DEBUG - Direction: absDirection.WEST, Angle: 90, Distance: 18.58677073475305 cm
2026-06-20 13:59:09,289 - mazeUtils.moveTile - [moveTile.py:1736] - INFO - Tile color detection counts: {}, decided tile type: E
2026-06-20 13:59:09,349 - __main__ - [main.py:87] - INFO - Current position: (20, 19, 0), front direction: absDirection.NORTH
Layer 0 (altitude=0.0cm, offset=(0.0cm, 0.0cm)):
Known map area: x=20..20, y=19..20
+   +
| @ |
+   +
| S |
+---+
mazeAsGraph[0][19][20] = {absDirection.NORTH: (20, 18, 0, 30), absDirection.EAST: None, absDirection.SOUTH: (20, 20, 0, 30), absDirection.WEST: None}
mazeAsGraph[0][20][20] = {absDirection.NORTH: (20, 19, 0, 30), absDirection.EAST: None, absDirection.SOUTH: None, absDirection.WEST: None}
2026-06-20 13:59:09,358 - mazeUtils.mazeMap - [mazeMap.py:61] - INFO - next goal: (20, 18, 0)
2026-06-20 13:59:09,365 - mazeUtils.moveTile - [moveTile.py:79] - DEBUG - Moving to absDirection.NORTH from (20, 19, 0) facing absDirection.NORTH
2026-06-20 13:59:09,392 - mazeUtils.moveTile - [moveTile.py:79] - DEBUG - current heading: 1.0 target: 0
2026-06-20 13:59:09,411 - mazeUtils.moveTile - [moveTile.py:403] - DEBUG - stopped turning at heading: 1.0, diff: 1.0
2026-06-20 13:59:09,491 - mazeUtils.moveTile - [moveTile.py:79] - DEBUG - Turned to heading: 0.6899999999999977 deg
2026-06-20 13:59:09,694 - picamera2.picamera2 - [picamera2.py:1391] - DEBUG - Execute job: <picamera2.job.Job object at 0x7f667e7850>
2026-06-20 13:59:09,698 - mazeUtils.device.camera - [camera.py:39] - DEBUG - Average HSV: H=162.7, S=22.6, V=208.9
2026-06-20 13:59:09,730 - mazeUtils.moveTile - [moveTile.py:79] - DEBUG - roll: 0.4500000000000455 deg, practicalMoveTime: 0.04309473633707926 sec
2026-06-20 13:59:09,731 - mazeUtils.moveTile - [moveTile.py:1400] - DEBUG - moveTile loop time: 42.2 ms
2026-06-20 13:59:09,737 - picamera2.picamera2 - [picamera2.py:1391] - DEBUG - Execute job: <picamera2.job.Job object at 0x7fa6258ed0>
2026-06-20 13:59:09,740 - mazeUtils.device.camera - [camera.py:39] - DEBUG - Average HSV: H=162.5, S=22.8, V=208.8
2026-06-20 13:59:09,767 - mazeUtils.moveTile - [moveTile.py:79] - DEBUG - roll: 0.6200000000000045 deg, practicalMoveTime: 0.07868330126616925 sec
2026-06-20 13:59:09,767 - mazeUtils.moveTile - [moveTile.py:1400] - DEBUG - moveTile loop time: 35.7 ms
2026-06-20 13:59:09,774 - picamera2.picamera2 - [picamera2.py:1391] - DEBUG - Execute job: <picamera2.job.Job object at 0x7f99c734d0>
2026-06-20 13:59:09,777 - mazeUtils.device.camera - [camera.py:39] - DEBUG - Average HSV: H=162.9, S=21.1, V=211.7
2026-06-20 13:59:09,805 - mazeUtils.moveTile - [moveTile.py:210] - WARNING - Escape from obstacle on Side.LEFT side
2026-06-20 13:59:10,486 - mazeUtils.moveTile - [moveTile.py:1328] - DEBUG - Obstacle escape adjustment: 0.0718693609009656
2026-06-20 13:59:10,593 - mazeUtils.moveTile - [moveTile.py:79] - DEBUG - roll: 2.3599999999999 deg, practicalMoveTime: -0.04355827607641864 sec
2026-06-20 13:59:10,593 - mazeUtils.moveTile - [moveTile.py:1400] - DEBUG - moveTile loop time: 825.6 ms
2026-06-20 13:59:10,598 - picamera2.picamera2 - [picamera2.py:1391] - DEBUG - Execute job: <picamera2.job.Job object at 0x7f808ebb10>
2026-06-20 13:59:10,602 - mazeUtils.device.camera - [camera.py:39] - DEBUG - Average HSV: H=160.5, S=27.2, V=197.4
2026-06-20 13:59:10,637 - mazeUtils.moveTile - [moveTile.py:79] - DEBUG - roll: 2.0499999999999545 deg, practicalMoveTime: 0.00029720013369905623 sec
2026-06-20 13:59:10,638 - mazeUtils.moveTile - [moveTile.py:1400] - DEBUG - moveTile loop time: 44.2 ms
2026-06-20 13:59:10,644 - picamera2.picamera2 - [picamera2.py:1391] - DEBUG - Execute job: <picamera2.job.Job object at 0x7f8090b450>
2026-06-20 13:59:10,648 - mazeUtils.device.camera - [camera.py:39] - DEBUG - Average HSV: H=168.6, S=21.4, V=217.4
2026-06-20 13:59:10,676 - mazeUtils.moveTile - [moveTile.py:79] - DEBUG - roll: 4.789999999999964 deg, practicalMoveTime: 0.03818525959181284 sec
2026-06-20 13:59:10,676 - mazeUtils.moveTile - [moveTile.py:1400] - DEBUG - moveTile loop time: 38.4 ms
2026-06-20 13:59:10,683 - picamera2.picamera2 - [picamera2.py:1391] - DEBUG - Execute job: <picamera2.job.Job object at 0x7f6662a750>
2026-06-20 13:59:10,687 - mazeUtils.device.camera - [camera.py:39] - DEBUG - Average HSV: H=169.0, S=18.1, V=226.4
2026-06-20 13:59:10,716 - mazeUtils.moveTile - [moveTile.py:79] - DEBUG - roll: 5.519999999999982 deg, practicalMoveTime: 0.07716082757156759 sec
2026-06-20 13:59:10,716 - mazeUtils.moveTile - [moveTile.py:1400] - DEBUG - moveTile loop time: 39.3 ms
2026-06-20 13:59:10,721 - picamera2.picamera2 - [picamera2.py:1391] - DEBUG - Execute job: <picamera2.job.Job object at 0x7f6661d9d0>
2026-06-20 13:59:10,725 - mazeUtils.device.camera - [camera.py:39] - DEBUG - Average HSV: H=171.5, S=18.4, V=228.2
2026-06-20 13:59:10,754 - mazeUtils.moveTile - [moveTile.py:79] - DEBUG - roll: 9.599999999999909 deg, practicalMoveTime: 0.10706071807864871 sec
2026-06-20 13:59:10,755 - mazeUtils.moveTile - [moveTile.py:1400] - DEBUG - moveTile loop time: 38.0 ms
2026-06-20 13:59:10,763 - picamera2.picamera2 - [picamera2.py:1391] - DEBUG - Execute job: <picamera2.job.Job object at 0x7f808ea550>
2026-06-20 13:59:10,767 - mazeUtils.device.camera - [camera.py:39] - DEBUG - Average HSV: H=170.3, S=18.1, V=227.4
2026-06-20 13:59:10,795 - mazeUtils.moveTile - [moveTile.py:79] - DEBUG - roll: 9.029999999999973 deg, practicalMoveTime: 0.13877164923489216 sec
2026-06-20 13:59:10,796 - mazeUtils.moveTile - [moveTile.py:1400] - DEBUG - moveTile loop time: 40.7 ms
2026-06-20 13:59:10,803 - picamera2.picamera2 - [picamera2.py:1391] - DEBUG - Execute job: <picamera2.job.Job object at 0x7f8090b4d0>
2026-06-20 13:59:10,806 - mazeUtils.device.camera - [camera.py:39] - DEBUG - Average HSV: H=172.1, S=18.3, V=224.8
2026-06-20 13:59:10,833 - mazeUtils.moveTile - [moveTile.py:79] - DEBUG - roll: 12.279999999999973 deg, practicalMoveTime: 0.16814984165945548 sec
2026-06-20 13:59:10,834 - mazeUtils.moveTile - [moveTile.py:1400] - DEBUG - moveTile loop time: 38.1 ms
2026-06-20 13:59:10,840 - picamera2.picamera2 - [picamera2.py:1391] - DEBUG - Execute job: <picamera2.job.Job object at 0x7f8090a550>
2026-06-20 13:59:10,848 - mazeUtils.device.camera - [camera.py:39] - DEBUG - Average HSV: H=171.8, S=18.9, V=222.5
2026-06-20 13:59:10,878 - mazeUtils.moveTile - [moveTile.py:79] - DEBUG - roll: 10.299999999999955 deg, practicalMoveTime: 0.20263333379744836 sec
2026-06-20 13:59:10,879 - mazeUtils.moveTile - [moveTile.py:1400] - DEBUG - moveTile loop time: 44.0 ms
2026-06-20 13:59:10,885 - picamera2.picamera2 - [picamera2.py:1391] - DEBUG - Execute job: <picamera2.job.Job object at 0x7f667e7850>
2026-06-20 13:59:10,889 - mazeUtils.device.camera - [camera.py:39] - DEBUG - Average HSV: H=169.8, S=18.4, V=224.7
2026-06-20 13:59:10,916 - mazeUtils.moveTile - [moveTile.py:79] - DEBUG - roll: 5.240000000000009 deg, practicalMoveTime: 0.23996844956575294 sec
2026-06-20 13:59:10,917 - mazeUtils.moveTile - [moveTile.py:1400] - DEBUG - moveTile loop time: 37.4 ms
2026-06-20 13:59:10,923 - picamera2.picamera2 - [picamera2.py:1391] - DEBUG - Execute job: <picamera2.job.Job object at 0x7f99c734d0>
2026-06-20 13:59:10,926 - mazeUtils.device.camera - [camera.py:39] - DEBUG - Average HSV: H=167.6, S=18.8, V=224.4
2026-06-20 13:59:10,956 - mazeUtils.moveTile - [moveTile.py:79] - DEBUG - roll: 3.2000000000000455 deg, practicalMoveTime: 0.2794001925353738 sec
2026-06-20 13:59:10,957 - mazeUtils.moveTile - [moveTile.py:1400] - DEBUG - moveTile loop time: 39.8 ms
2026-06-20 13:59:10,964 - picamera2.picamera2 - [picamera2.py:1391] - DEBUG - Execute job: <picamera2.job.Job object at 0x7f667e7850>
2026-06-20 13:59:10,967 - mazeUtils.device.camera - [camera.py:39] - DEBUG - Average HSV: H=167.1, S=18.8, V=224.6
2026-06-20 13:59:10,997 - mazeUtils.moveTile - [moveTile.py:79] - DEBUG - roll: 1.5499999999999545 deg, practicalMoveTime: 0.3192603944734789 sec
2026-06-20 13:59:10,997 - mazeUtils.moveTile - [moveTile.py:1400] - DEBUG - moveTile loop time: 40.2 ms
2026-06-20 13:59:11,002 - picamera2.picamera2 - [picamera2.py:1391] - DEBUG - Execute job: <picamera2.job.Job object at 0x7fa6258ed0>
2026-06-20 13:59:11,005 - mazeUtils.device.camera - [camera.py:39] - DEBUG - Average HSV: H=164.9, S=18.8, V=223.2
2026-06-20 13:59:11,038 - mazeUtils.moveTile - [moveTile.py:79] - DEBUG - roll: 1.0199999999999818 deg, practicalMoveTime: 0.35983638231463694 sec
2026-06-20 13:59:11,038 - mazeUtils.moveTile - [moveTile.py:1400] - DEBUG - moveTile loop time: 40.9 ms
2026-06-20 13:59:11,048 - picamera2.picamera2 - [picamera2.py:1391] - DEBUG - Execute job: <picamera2.job.Job object at 0x7f6664f410>
2026-06-20 13:59:11,051 - mazeUtils.device.camera - [camera.py:39] - DEBUG - Average HSV: H=168.1, S=20.9, V=219.6
2026-06-20 13:59:11,078 - mazeUtils.moveTile - [moveTile.py:79] - DEBUG - roll: 0.6900000000000546 deg, practicalMoveTime: 0.3997652608693075 sec
2026-06-20 13:59:11,079 - mazeUtils.moveTile - [moveTile.py:1400] - DEBUG - moveTile loop time: 40.4 ms
2026-06-20 13:59:11,084 - picamera2.picamera2 - [picamera2.py:1391] - DEBUG - Execute job: <picamera2.job.Job object at 0x7f8090a550>
2026-06-20 13:59:11,087 - mazeUtils.device.camera - [camera.py:39] - DEBUG - Average HSV: H=167.8, S=20.4, V=219.7
2026-06-20 13:59:11,120 - mazeUtils.moveTile - [moveTile.py:79] - DEBUG - roll: 1.3899999999999864 deg, practicalMoveTime: 0.44123454937734025 sec
2026-06-20 13:59:11,121 - mazeUtils.moveTile - [moveTile.py:1400] - DEBUG - moveTile loop time: 42.1 ms
2026-06-20 13:59:11,127 - picamera2.picamera2 - [picamera2.py:1391] - DEBUG - Execute job: <picamera2.job.Job object at 0x7f6664f410>
2026-06-20 13:59:11,131 - mazeUtils.device.camera - [camera.py:39] - DEBUG - Average HSV: H=166.7, S=19.9, V=219.6
2026-06-20 13:59:11,163 - mazeUtils.moveTile - [moveTile.py:79] - DEBUG - roll: 1.2100000000000364 deg, practicalMoveTime: 0.4826128784777143 sec
2026-06-20 13:59:11,163 - mazeUtils.moveTile - [moveTile.py:1400] - DEBUG - moveTile loop time: 41.5 ms
2026-06-20 13:59:11,175 - picamera2.picamera2 - [picamera2.py:1391] - DEBUG - Execute job: <picamera2.job.Job object at 0x7fa6258ed0>
2026-06-20 13:59:11,180 - mazeUtils.device.camera - [camera.py:39] - DEBUG - Average HSV: H=165.5, S=20.7, V=217.0
2026-06-20 13:59:11,209 - mazeUtils.moveTile - [moveTile.py:79] - DEBUG - roll: 2.099999999999909 deg, practicalMoveTime: 0.5283430151726001 sec
2026-06-20 13:59:11,210 - mazeUtils.moveTile - [moveTile.py:1400] - DEBUG - moveTile loop time: 46.0 ms
2026-06-20 13:59:11,218 - picamera2.picamera2 - [picamera2.py:1391] - DEBUG - Execute job: <picamera2.job.Job object at 0x7f8090b4d0>
2026-06-20 13:59:11,225 - mazeUtils.device.camera - [camera.py:39] - DEBUG - Average HSV: H=165.4, S=21.1, V=217.1
2026-06-20 13:59:11,254 - mazeUtils.moveTile - [moveTile.py:79] - DEBUG - roll: 0.5599999999999454 deg, practicalMoveTime: 0.5723479761474647 sec
2026-06-20 13:59:11,255 - mazeUtils.moveTile - [moveTile.py:1400] - DEBUG - moveTile loop time: 44.2 ms
2026-06-20 13:59:11,261 - picamera2.picamera2 - [picamera2.py:1391] - DEBUG - Execute job: <picamera2.job.Job object at 0x7f6664f3d0>
2026-06-20 13:59:11,266 - mazeUtils.device.camera - [camera.py:39] - DEBUG - Average HSV: H=165.9, S=21.9, V=215.0
2026-06-20 13:59:11,304 - mazeUtils.moveTile - [moveTile.py:79] - DEBUG - roll: 1.8099999999999454 deg, practicalMoveTime: 0.6214274516499619 sec
2026-06-20 13:59:11,304 - mazeUtils.moveTile - [moveTile.py:1400] - DEBUG - moveTile loop time: 47.9 ms
2026-06-20 13:59:11,309 - picamera2.picamera2 - [picamera2.py:1391] - DEBUG - Execute job: <picamera2.job.Job object at 0x7f8090b450>
2026-06-20 13:59:11,314 - mazeUtils.device.camera - [camera.py:39] - DEBUG - Average HSV: H=165.3, S=21.8, V=214.7
2026-06-20 13:59:11,343 - mazeUtils.moveTile - [moveTile.py:79] - DEBUG - roll: 1.6399999999999864 deg, practicalMoveTime: 0.660384580464486 sec
2026-06-20 13:59:11,344 - mazeUtils.moveTile - [moveTile.py:1400] - DEBUG - moveTile loop time: 39.3 ms
2026-06-20 13:59:11,348 - picamera2.picamera2 - [picamera2.py:1391] - DEBUG - Execute job: <picamera2.job.Job object at 0x7f99c734d0>
2026-06-20 13:59:11,352 - mazeUtils.device.camera - [camera.py:39] - DEBUG - Average HSV: H=165.4, S=22.6, V=212.6
2026-06-20 13:59:11,389 - mazeUtils.moveTile - [moveTile.py:79] - DEBUG - roll: 0.7200000000000273 deg, practicalMoveTime: 0.7050194513138922 sec
2026-06-20 13:59:11,389 - mazeUtils.moveTile - [moveTile.py:1400] - DEBUG - moveTile loop time: 44.9 ms
2026-06-20 13:59:11,395 - picamera2.picamera2 - [picamera2.py:1391] - DEBUG - Execute job: <picamera2.job.Job object at 0x7f808ea550>
2026-06-20 13:59:11,398 - mazeUtils.device.camera - [camera.py:39] - DEBUG - Average HSV: H=164.6, S=24.7, V=211.3
2026-06-20 13:59:11,431 - mazeUtils.moveTile - [moveTile.py:79] - DEBUG - roll: 0.9199999999999591 deg, practicalMoveTime: 0.7465470905574563 sec
2026-06-20 13:59:11,431 - mazeUtils.moveTile - [moveTile.py:1400] - DEBUG - moveTile loop time: 41.7 ms
2026-06-20 13:59:11,438 - picamera2.picamera2 - [picamera2.py:1391] - DEBUG - Execute job: <picamera2.job.Job object at 0x7f808ebb10>
2026-06-20 13:59:11,442 - mazeUtils.device.camera - [camera.py:39] - DEBUG - Average HSV: H=166.6, S=48.6, V=175.0
2026-06-20 13:59:11,468 - mazeUtils.moveTile - [moveTile.py:79] - DEBUG - roll: 1.009999999999991 deg, practicalMoveTime: 0.7834988509798674 sec
2026-06-20 13:59:11,469 - mazeUtils.moveTile - [moveTile.py:1400] - DEBUG - moveTile loop time: 37.5 ms
2026-06-20 13:59:11,475 - picamera2.picamera2 - [picamera2.py:1391] - DEBUG - Execute job: <picamera2.job.Job object at 0x7f8090b450>
2026-06-20 13:59:11,479 - mazeUtils.device.camera - [camera.py:39] - DEBUG - Average HSV: H=164.8, S=41.3, V=186.7
2026-06-20 13:59:11,516 - mazeUtils.moveTile - [moveTile.py:79] - DEBUG - roll: 0.7999999999999545 deg, practicalMoveTime: 0.8303719041415327 sec
2026-06-20 13:59:11,517 - mazeUtils.moveTile - [moveTile.py:1400] - DEBUG - moveTile loop time: 47.0 ms
2026-06-20 13:59:11,524 - picamera2.picamera2 - [picamera2.py:1391] - DEBUG - Execute job: <picamera2.job.Job object at 0x7f6664f450>
2026-06-20 13:59:11,533 - mazeUtils.device.camera - [camera.py:39] - DEBUG - Average HSV: H=163.2, S=21.0, V=215.1
2026-06-20 13:59:11,561 - mazeUtils.moveTile - [moveTile.py:1345] - INFO - practicalVerticalMove: 1.8718045853315863 CM
2026-06-20 13:59:11,618 - mazeUtils.moveTile - [moveTile.py:1606] - INFO - Set moved vertical distance: 1.8718045853315863 cm, past distances: [(0.44064657728110995, False), (0, False), (0, False)]
2026-06-20 13:59:11,683 - mazeUtils.moveTile - [moveTile.py:528] - DEBUG - Direction: absDirection.NORTH, Angle: 0, Distance: 101.03441408734369 cm
2026-06-20 13:59:11,684 - mazeUtils.moveTile - [moveTile.py:552] - DEBUG - Front LiDAR distance: 101.03441408734369 cm, TSD10 distance: 61.4 cm
2026-06-20 13:59:11,687 - mazeUtils.moveTile - [moveTile.py:528] - DEBUG - Direction: absDirection.EAST, Angle: 270, Distance: 12.857844745064748 cm
2026-06-20 13:59:11,690 - mazeUtils.moveTile - [moveTile.py:528] - DEBUG - Direction: absDirection.SOUTH, Angle: 180, Distance: 82.64128140402822 cm
2026-06-20 13:59:11,693 - mazeUtils.moveTile - [moveTile.py:528] - DEBUG - Direction: absDirection.WEST, Angle: 90, Distance: 22.936990190541284 cm
2026-06-20 13:59:11,696 - mazeUtils.moveTile - [moveTile.py:1736] - INFO - Tile color detection counts: {}, decided tile type: E
2026-06-20 13:59:11,787 - __main__ - [main.py:87] - INFO - Current position: (20, 18, 0), front direction: absDirection.NORTH
Layer 0 (altitude=0.0cm, offset=(0.0cm, 0.0cm)):
Known map area: x=20..20, y=18..20
+   +
| @ |
+   +
| E |
+   +
| S |
+---+
mazeAsGraph[0][18][20] = {absDirection.NORTH: (20, 17, 0, 30), absDirection.EAST: None, absDirection.SOUTH: (20, 19, 0, 30), absDirection.WEST: None}
mazeAsGraph[0][19][20] = {absDirection.NORTH: (20, 18, 0, 30), absDirection.EAST: None, absDirection.SOUTH: (20, 20, 0, 30), absDirection.WEST: None}
mazeAsGraph[0][20][20] = {absDirection.NORTH: (20, 19, 0, 30), absDirection.EAST: None, absDirection.SOUTH: None, absDirection.WEST: None}
2026-06-20 13:59:11,806 - mazeUtils.mazeMap - [mazeMap.py:61] - INFO - next goal: (20, 17, 0)
2026-06-20 13:59:11,818 - mazeUtils.moveTile - [moveTile.py:79] - DEBUG - Moving to absDirection.NORTH from (20, 18, 0) facing absDirection.NORTH
2026-06-20 13:59:11,843 - mazeUtils.moveTile - [moveTile.py:79] - DEBUG - current heading: 0.339999999999975 target: 0
2026-06-20 13:59:11,864 - mazeUtils.moveTile - [moveTile.py:403] - DEBUG - stopped turning at heading: 0.339999999999975, diff: 0.339999999999975
2026-06-20 13:59:11,923 - mazeUtils.moveTile - [moveTile.py:79] - DEBUG - Turned to heading: 0.4199999999999591 deg
2026-06-20 13:59:12,105 - picamera2.picamera2 - [picamera2.py:1391] - DEBUG - Execute job: <picamera2.job.Job object at 0x7f80902b10>
2026-06-20 13:59:12,113 - mazeUtils.device.camera - [camera.py:39] - DEBUG - Average HSV: H=165.2, S=25.6, V=207.6
2026-06-20 13:59:12,143 - mazeUtils.moveTile - [moveTile.py:79] - DEBUG - roll: 0.5399999999999636 deg, practicalMoveTime: 0.049996539633898225 sec
2026-06-20 13:59:12,144 - mazeUtils.moveTile - [moveTile.py:1400] - DEBUG - moveTile loop time: 47.3 ms
2026-06-20 13:59:12,150 - picamera2.picamera2 - [picamera2.py:1391] - DEBUG - Execute job: <picamera2.job.Job object at 0x7f80903f50>
2026-06-20 13:59:12,159 - mazeUtils.device.camera - [camera.py:39] - DEBUG - Average HSV: H=164.7, S=25.3, V=207.9
2026-06-20 13:59:12,191 - mazeUtils.moveTile - [moveTile.py:79] - DEBUG - roll: 1.169999999999959 deg, practicalMoveTime: 0.0965509337433236 sec
2026-06-20 13:59:12,192 - mazeUtils.moveTile - [moveTile.py:1400] - DEBUG - moveTile loop time: 46.9 ms
2026-06-20 13:59:12,206 - picamera2.picamera2 - [picamera2.py:1391] - DEBUG - Execute job: <picamera2.job.Job object at 0x7f6662a750>
2026-06-20 13:59:12,213 - mazeUtils.device.camera - [camera.py:39] - DEBUG - Average HSV: H=162.5, S=24.9, V=207.8
2026-06-20 13:59:12,255 - mazeUtils.moveTile - [moveTile.py:79] - DEBUG - roll: 1.3700000000000045 deg, practicalMoveTime: 0.15908621997597427 sec
2026-06-20 13:59:12,257 - mazeUtils.moveTile - [moveTile.py:1400] - DEBUG - moveTile loop time: 63.1 ms
2026-06-20 13:59:12,262 - picamera2.picamera2 - [picamera2.py:1391] - DEBUG - Execute job: <picamera2.job.Job object at 0x7f8bc93510>
2026-06-20 13:59:12,270 - mazeUtils.device.camera - [camera.py:39] - DEBUG - Average HSV: H=160.1, S=26.4, V=203.4
2026-06-20 13:59:12,308 - mazeUtils.moveTile - [moveTile.py:79] - DEBUG - roll: 2.599999999999909 deg, practicalMoveTime: 0.20976351065095142 sec
2026-06-20 13:59:12,308 - mazeUtils.moveTile - [moveTile.py:1400] - DEBUG - moveTile loop time: 50.5 ms
2026-06-20 13:59:12,316 - picamera2.picamera2 - [picamera2.py:1391] - DEBUG - Execute job: <picamera2.job.Job object at 0x7f8090c350>
2026-06-20 13:59:12,325 - mazeUtils.device.camera - [camera.py:39] - DEBUG - Average HSV: H=157.4, S=24.9, V=205.2
2026-06-20 13:59:12,365 - mazeUtils.moveTile - [moveTile.py:79] - DEBUG - roll: 2.740000000000009 deg, practicalMoveTime: 0.26623674004664905 sec
2026-06-20 13:59:12,367 - mazeUtils.moveTile - [moveTile.py:1400] - DEBUG - moveTile loop time: 58.2 ms
2026-06-20 13:59:12,383 - picamera2.picamera2 - [picamera2.py:1391] - DEBUG - Execute job: <picamera2.job.Job object at 0x7f80903f50>
2026-06-20 13:59:12,391 - mazeUtils.device.camera - [camera.py:39] - DEBUG - Average HSV: H=157.4, S=24.1, V=207.4
2026-06-20 13:59:12,421 - mazeUtils.moveTile - [moveTile.py:79] - DEBUG - roll: 4.190000000000055 deg, practicalMoveTime: 0.3193948996496918 sec
2026-06-20 13:59:12,424 - mazeUtils.moveTile - [moveTile.py:1400] - DEBUG - moveTile loop time: 54.4 ms
2026-06-20 13:59:12,433 - picamera2.picamera2 - [picamera2.py:1391] - DEBUG - Execute job: <picamera2.job.Job object at 0x7f80902c10>
2026-06-20 13:59:12,442 - mazeUtils.device.camera - [camera.py:39] - DEBUG - Average HSV: H=153.4, S=22.1, V=207.2
2026-06-20 13:59:12,472 - mazeUtils.moveTile - [moveTile.py:79] - DEBUG - roll: 4.6200000000000045 deg, practicalMoveTime: 0.3683547742942145 sec
2026-06-20 13:59:12,474 - mazeUtils.moveTile - [moveTile.py:1400] - DEBUG - moveTile loop time: 48.6 ms
2026-06-20 13:59:12,480 - picamera2.picamera2 - [picamera2.py:1391] - DEBUG - Execute job: <picamera2.job.Job object at 0x7f8bc93690>
2026-06-20 13:59:12,491 - mazeUtils.device.camera - [camera.py:39] - DEBUG - Average HSV: H=153.8, S=23.0, V=204.3
2026-06-20 13:59:12,519 - mazeUtils.moveTile - [moveTile.py:79] - DEBUG - roll: 3.67999999999995 deg, practicalMoveTime: 0.41290874262321015 sec
2026-06-20 13:59:12,520 - mazeUtils.moveTile - [moveTile.py:1400] - DEBUG - moveTile loop time: 45.1 ms
2026-06-20 13:59:12,526 - picamera2.picamera2 - [picamera2.py:1391] - DEBUG - Execute job: <picamera2.job.Job object at 0x7f80903f50>
2026-06-20 13:59:12,534 - mazeUtils.device.camera - [camera.py:39] - DEBUG - Average HSV: H=152.3, S=22.8, V=204.3
2026-06-20 13:59:12,569 - mazeUtils.moveTile - [moveTile.py:79] - DEBUG - roll: 3.8199999999999363 deg, practicalMoveTime: 0.4614770875597163 sec
2026-06-20 13:59:12,570 - mazeUtils.moveTile - [moveTile.py:1400] - DEBUG - moveTile loop time: 48.7 ms
2026-06-20 13:59:12,580 - picamera2.picamera2 - [picamera2.py:1391] - DEBUG - Execute job: <picamera2.job.Job object at 0x7f80902b10>
2026-06-20 13:59:12,592 - mazeUtils.device.camera - [camera.py:39] - DEBUG - Average HSV: H=149.4, S=24.0, V=202.4
2026-06-20 13:59:12,622 - mazeUtils.moveTile - [moveTile.py:79] - DEBUG - roll: 2.3700000000000045 deg, practicalMoveTime: 0.5135115025403336 sec
2026-06-20 13:59:12,623 - mazeUtils.moveTile - [moveTile.py:1400] - DEBUG - moveTile loop time: 52.4 ms
2026-06-20 13:59:12,629 - picamera2.picamera2 - [picamera2.py:1391] - DEBUG - Execute job: <picamera2.job.Job object at 0x7f6660c510>
2026-06-20 13:59:12,637 - mazeUtils.device.camera - [camera.py:39] - DEBUG - Average HSV: H=151.3, S=26.3, V=198.5
2026-06-20 13:59:12,678 - mazeUtils.moveTile - [moveTile.py:79] - DEBUG - roll: 2.6299999999999955 deg, practicalMoveTime: 0.5680635183937432 sec
2026-06-20 13:59:12,679 - mazeUtils.moveTile - [moveTile.py:1400] - DEBUG - moveTile loop time: 55.1 ms
2026-06-20 13:59:12,688 - picamera2.picamera2 - [picamera2.py:1391] - DEBUG - Execute job: <picamera2.job.Job object at 0x7f80902c10>
2026-06-20 13:59:12,699 - mazeUtils.device.camera - [camera.py:39] - DEBUG - Average HSV: H=148.2, S=27.2, V=196.7
2026-06-20 13:59:12,730 - mazeUtils.moveTile - [moveTile.py:79] - DEBUG - roll: 0.5199999999999818 deg, practicalMoveTime: 0.6192246078527621 sec
2026-06-20 13:59:12,731 - mazeUtils.moveTile - [moveTile.py:1400] - DEBUG - moveTile loop time: 50.8 ms
2026-06-20 13:59:12,740 - picamera2.picamera2 - [picamera2.py:1391] - DEBUG - Execute job: <picamera2.job.Job object at 0x7f8090c350>
2026-06-20 13:59:12,748 - mazeUtils.device.camera - [camera.py:39] - DEBUG - Average HSV: H=148.1, S=28.0, V=194.8
2026-06-20 13:59:12,779 - mazeUtils.moveTile - [moveTile.py:79] - DEBUG - roll: 1.5299999999999727 deg, practicalMoveTime: 0.6663136029627352 sec
2026-06-20 13:59:12,780 - mazeUtils.moveTile - [moveTile.py:1400] - DEBUG - moveTile loop time: 46.5 ms
2026-06-20 13:59:12,787 - picamera2.picamera2 - [picamera2.py:1391] - DEBUG - Execute job: <picamera2.job.Job object at 0x7f8bc93690>
2026-06-20 13:59:12,799 - mazeUtils.device.camera - [camera.py:39] - DEBUG - Average HSV: H=146.4, S=29.0, V=192.5
2026-06-20 13:59:12,831 - mazeUtils.moveTile - [moveTile.py:79] - DEBUG - roll: 1.6099999999999 deg, practicalMoveTime: 0.717082908906066 sec
2026-06-20 13:59:12,832 - mazeUtils.moveTile - [moveTile.py:1400] - DEBUG - moveTile loop time: 51.5 ms
2026-06-20 13:59:12,844 - picamera2.picamera2 - [picamera2.py:1391] - DEBUG - Execute job: <picamera2.job.Job object at 0x7f80902b10>
2026-06-20 13:59:12,850 - mazeUtils.device.camera - [camera.py:39] - DEBUG - Average HSV: H=143.8, S=32.2, V=189.8
2026-06-20 13:59:12,880 - mazeUtils.moveTile - [moveTile.py:79] - DEBUG - roll: 1.6499999999999773 deg, practicalMoveTime: 0.764697044719015 sec
2026-06-20 13:59:12,881 - mazeUtils.moveTile - [moveTile.py:1400] - DEBUG - moveTile loop time: 47.8 ms
2026-06-20 13:59:12,891 - picamera2.picamera2 - [picamera2.py:1391] - DEBUG - Execute job: <picamera2.job.Job object at 0x7f8bc936d0>
2026-06-20 13:59:12,898 - mazeUtils.device.camera - [camera.py:39] - DEBUG - Average HSV: H=143.7, S=33.2, V=188.7
2026-06-20 13:59:12,935 - mazeUtils.moveTile - [moveTile.py:79] - DEBUG - roll: 0.8199999999999363 deg, practicalMoveTime: 0.8188966727470215 sec
2026-06-20 13:59:12,936 - mazeUtils.moveTile - [moveTile.py:1400] - DEBUG - moveTile loop time: 54.6 ms
2026-06-20 13:59:12,942 - picamera2.picamera2 - [picamera2.py:1391] - DEBUG - Execute job: <picamera2.job.Job object at 0x7f8bc93690>
2026-06-20 13:59:12,949 - mazeUtils.device.camera - [camera.py:39] - DEBUG - Average HSV: H=143.9, S=34.1, V=185.0
2026-06-20 13:59:12,978 - mazeUtils.moveTile - [moveTile.py:1345] - INFO - practicalVerticalMove: 1.193872552447496 CM
2026-06-20 13:59:13,030 - mazeUtils.moveTile - [moveTile.py:1606] - INFO - Set moved vertical distance: 1.193872552447496 cm, past distances: [(1.8718045853315863, False), (0.44064657728110995, False), (0, False)]
2026-06-20 13:59:13,077 - mazeUtils.moveTile - [moveTile.py:528] - DEBUG - Direction: absDirection.NORTH, Angle: 0, Distance: 75.33821547603236 cm
2026-06-20 13:59:13,077 - mazeUtils.moveTile - [moveTile.py:552] - DEBUG - Front LiDAR distance: 75.33821547603236 cm, TSD10 distance: 30.9 cm
2026-06-20 13:59:13,080 - mazeUtils.moveTile - [moveTile.py:528] - DEBUG - Direction: absDirection.EAST, Angle: 270, Distance: 15.488847201187589 cm
2026-06-20 13:59:13,083 - mazeUtils.moveTile - [moveTile.py:528] - DEBUG - Direction: absDirection.SOUTH, Angle: 180, Distance: 113.09958368950922 cm
2026-06-20 13:59:13,086 - mazeUtils.moveTile - [moveTile.py:528] - DEBUG - Direction: absDirection.WEST, Angle: 90, Distance: 20.765997559924735 cm
2026-06-20 13:59:13,088 - mazeUtils.moveTile - [moveTile.py:1736] - INFO - Tile color detection counts: {}, decided tile type: E
2026-06-20 13:59:13,176 - __main__ - [main.py:87] - INFO - Current position: (20, 17, 0), front direction: absDirection.NORTH
Layer 0 (altitude=0.0cm, offset=(0.0cm, 0.0cm)):
Known map area: x=20..20, y=17..20
+   +
| @ |
+   +
| E |
+   +
| E |
+   +
| S |
+---+
mazeAsGraph[0][17][20] = {absDirection.NORTH: (20, 16, 0, 30), absDirection.EAST: None, absDirection.SOUTH: (20, 18, 0, 30), absDirection.WEST: None}
mazeAsGraph[0][18][20] = {absDirection.NORTH: (20, 17, 0, 30), absDirection.EAST: None, absDirection.SOUTH: (20, 19, 0, 30), absDirection.WEST: None}
mazeAsGraph[0][19][20] = {absDirection.NORTH: (20, 18, 0, 30), absDirection.EAST: None, absDirection.SOUTH: (20, 20, 0, 30), absDirection.WEST: None}
mazeAsGraph[0][20][20] = {absDirection.NORTH: (20, 19, 0, 30), absDirection.EAST: None, absDirection.SOUTH: None, absDirection.WEST: None}
2026-06-20 13:59:13,183 - mazeUtils.mazeMap - [mazeMap.py:61] - INFO - next goal: (20, 16, 0)
2026-06-20 13:59:13,190 - mazeUtils.moveTile - [moveTile.py:79] - DEBUG - Moving to absDirection.NORTH from (20, 17, 0) facing absDirection.NORTH
2026-06-20 13:59:13,217 - mazeUtils.moveTile - [moveTile.py:79] - DEBUG - current heading: 6.9599999999999795 target: 0
2026-06-20 13:59:13,329 - mazeUtils.moveTile - [moveTile.py:403] - DEBUG - stopped turning at heading: 4.009999999999991, diff: 4.009999999999991
2026-06-20 13:59:14,551 - mazeUtils.moveTile - [moveTile.py:79] - DEBUG - Turned to heading: 359.27 deg
2026-06-20 13:59:14,791 - picamera2.picamera2 - [picamera2.py:1391] - DEBUG - Execute job: <picamera2.job.Job object at 0x7f6661d9d0>
2026-06-20 13:59:14,794 - mazeUtils.device.camera - [camera.py:39] - DEBUG - Average HSV: H=144.2, S=37.9, V=172.2
2026-06-20 13:59:14,826 - mazeUtils.moveTile - [moveTile.py:79] - DEBUG - roll: 1.599999999999909 deg, practicalMoveTime: 0.04460383202561797 sec
2026-06-20 13:59:14,827 - mazeUtils.moveTile - [moveTile.py:1400] - DEBUG - moveTile loop time: 43.9 ms
2026-06-20 13:59:14,832 - picamera2.picamera2 - [picamera2.py:1391] - DEBUG - Execute job: <picamera2.job.Job object at 0x7f6664f350>
2026-06-20 13:59:14,836 - mazeUtils.device.camera - [camera.py:39] - DEBUG - Average HSV: H=143.8, S=37.2, V=175.3
2026-06-20 13:59:14,874 - mazeUtils.moveTile - [moveTile.py:79] - DEBUG - roll: 2.089999999999918 deg, practicalMoveTime: 0.09200351008723856 sec
2026-06-20 13:59:14,875 - mazeUtils.moveTile - [moveTile.py:1400] - DEBUG - moveTile loop time: 47.0 ms
2026-06-20 13:59:14,886 - picamera2.picamera2 - [picamera2.py:1391] - DEBUG - Execute job: <picamera2.job.Job object at 0x7f8185e110>
2026-06-20 13:59:14,890 - mazeUtils.device.camera - [camera.py:39] - DEBUG - Average HSV: H=144.7, S=36.4, V=174.4
2026-06-20 13:59:14,921 - mazeUtils.moveTile - [moveTile.py:79] - DEBUG - roll: 0.31999999999993634 deg, practicalMoveTime: 0.1381699252861006 sec
2026-06-20 13:59:14,921 - mazeUtils.moveTile - [moveTile.py:1400] - DEBUG - moveTile loop time: 46.7 ms
2026-06-20 13:59:14,930 - picamera2.picamera2 - [picamera2.py:1391] - DEBUG - Execute job: <picamera2.job.Job object at 0x7f8090a550>
2026-06-20 13:59:14,933 - mazeUtils.device.camera - [camera.py:39] - DEBUG - Average HSV: H=143.9, S=38.2, V=169.9
2026-06-20 13:59:14,961 - mazeUtils.moveTile - [moveTile.py:79] - DEBUG - roll: 3.2100000000000364 deg, practicalMoveTime: 0.17755557833956967 sec
2026-06-20 13:59:14,961 - mazeUtils.moveTile - [moveTile.py:1400] - DEBUG - moveTile loop time: 39.7 ms
2026-06-20 13:59:14,965 - picamera2.picamera2 - [picamera2.py:1391] - DEBUG - Execute job: <picamera2.job.Job object at 0x7f6662a750>
2026-06-20 13:59:14,968 - mazeUtils.device.camera - [camera.py:39] - DEBUG - Average HSV: H=143.6, S=39.8, V=168.0
2026-06-20 13:59:14,999 - mazeUtils.moveTile - [moveTile.py:79] - DEBUG - roll: 2.17999999999995 deg, practicalMoveTime: 0.21518487025723496 sec
2026-06-20 13:59:15,000 - mazeUtils.moveTile - [moveTile.py:1400] - DEBUG - moveTile loop time: 38.1 ms
2026-06-20 13:59:15,004 - picamera2.picamera2 - [picamera2.py:1391] - DEBUG - Execute job: <picamera2.job.Job object at 0x7f6661d9d0>
2026-06-20 13:59:15,008 - mazeUtils.device.camera - [camera.py:39] - DEBUG - Average HSV: H=146.0, S=40.3, V=163.4
2026-06-20 13:59:15,038 - mazeUtils.moveTile - [moveTile.py:79] - DEBUG - roll: 1.2699999999999818 deg, practicalMoveTime: 0.2533606097626603 sec
2026-06-20 13:59:15,039 - mazeUtils.moveTile - [moveTile.py:1400] - DEBUG - moveTile loop time: 38.9 ms
2026-06-20 13:59:15,046 - picamera2.picamera2 - [picamera2.py:1391] - DEBUG - Execute job: <picamera2.job.Job object at 0x7f6661f550>
2026-06-20 13:59:15,052 - mazeUtils.device.camera - [camera.py:39] - DEBUG - Average HSV: H=143.9, S=42.5, V=161.7
2026-06-20 13:59:15,085 - mazeUtils.moveTile - [moveTile.py:79] - DEBUG - roll: 2.259999999999991 deg, practicalMoveTime: 0.29967956247352673 sec
2026-06-20 13:59:15,086 - mazeUtils.moveTile - [moveTile.py:1400] - DEBUG - moveTile loop time: 46.3 ms
2026-06-20 13:59:15,091 - picamera2.picamera2 - [picamera2.py:1391] - DEBUG - Execute job: <picamera2.job.Job object at 0x7f8090be10>
2026-06-20 13:59:15,095 - mazeUtils.device.camera - [camera.py:39] - DEBUG - Average HSV: H=141.2, S=45.4, V=161.7
2026-06-20 13:59:15,125 - mazeUtils.moveTile - [moveTile.py:79] - DEBUG - roll: 1.8700000000000045 deg, practicalMoveTime: 0.3387481862590355 sec
2026-06-20 13:59:15,126 - mazeUtils.moveTile - [moveTile.py:1400] - DEBUG - moveTile loop time: 39.3 ms
2026-06-20 13:59:15,132 - picamera2.picamera2 - [picamera2.py:1391] - DEBUG - Execute job: <picamera2.job.Job object at 0x7f6661d9d0>
2026-06-20 13:59:15,135 - mazeUtils.device.camera - [camera.py:39] - DEBUG - Average HSV: H=140.2, S=47.1, V=160.8
2026-06-20 13:59:15,162 - mazeUtils.moveTile - [moveTile.py:79] - DEBUG - roll: 1.169999999999959 deg, practicalMoveTime: 0.37473211275498414 sec
2026-06-20 13:59:15,162 - mazeUtils.moveTile - [moveTile.py:1400] - DEBUG - moveTile loop time: 36.3 ms
2026-06-20 13:59:15,174 - picamera2.picamera2 - [picamera2.py:1391] - DEBUG - Execute job: <picamera2.job.Job object at 0x7f6664f2d0>
2026-06-20 13:59:15,177 - mazeUtils.device.camera - [camera.py:39] - DEBUG - Average HSV: H=138.6, S=50.3, V=160.8
2026-06-20 13:59:15,203 - mazeUtils.moveTile - [moveTile.py:79] - DEBUG - roll: 2.4400000000000546 deg, practicalMoveTime: 0.4152365282059696 sec
2026-06-20 13:59:15,203 - mazeUtils.moveTile - [moveTile.py:1400] - DEBUG - moveTile loop time: 40.8 ms
2026-06-20 13:59:15,208 - picamera2.picamera2 - [picamera2.py:1391] - DEBUG - Execute job: <picamera2.job.Job object at 0x7f8090be10>
2026-06-20 13:59:15,211 - mazeUtils.device.camera - [camera.py:39] - DEBUG - Average HSV: H=137.1, S=51.9, V=163.1
2026-06-20 13:59:15,240 - mazeUtils.moveTile - [moveTile.py:79] - DEBUG - roll: 1.6499999999999773 deg, practicalMoveTime: 0.45164129583936075 sec
2026-06-20 13:59:15,240 - mazeUtils.moveTile - [moveTile.py:1400] - DEBUG - moveTile loop time: 36.7 ms
2026-06-20 13:59:15,244 - picamera2.picamera2 - [picamera2.py:1391] - DEBUG - Execute job: <picamera2.job.Job object at 0x7f8185e110>
2026-06-20 13:59:15,247 - mazeUtils.device.camera - [camera.py:39] - DEBUG - Average HSV: H=136.4, S=55.2, V=158.4
2026-06-20 13:59:15,273 - mazeUtils.moveTile - [moveTile.py:79] - DEBUG - roll: 1.2899999999999636 deg, practicalMoveTime: 0.48431328620379555 sec
2026-06-20 13:59:15,273 - mazeUtils.moveTile - [moveTile.py:1400] - DEBUG - moveTile loop time: 33.0 ms
2026-06-20 13:59:15,285 - picamera2.picamera2 - [picamera2.py:1391] - DEBUG - Execute job: <picamera2.job.Job object at 0x7f6664f310>
2026-06-20 13:59:15,288 - mazeUtils.device.camera - [camera.py:39] - DEBUG - Average HSV: H=134.8, S=53.8, V=166.1
2026-06-20 13:59:15,317 - mazeUtils.moveTile - [moveTile.py:79] - DEBUG - roll: 2.0799999999999272 deg, practicalMoveTime: 0.5276447122305122 sec
2026-06-20 13:59:15,317 - mazeUtils.moveTile - [moveTile.py:1400] - DEBUG - moveTile loop time: 43.6 ms
2026-06-20 13:59:15,324 - picamera2.picamera2 - [picamera2.py:1391] - DEBUG - Execute job: <picamera2.job.Job object at 0x7fa6258ed0>
2026-06-20 13:59:15,328 - mazeUtils.device.camera - [camera.py:39] - DEBUG - Average HSV: H=132.9, S=59.7, V=165.7
2026-06-20 13:59:15,362 - mazeUtils.moveTile - [moveTile.py:79] - DEBUG - roll: 1.0299999999999727 deg, practicalMoveTime: 0.5727419278782659 sec
2026-06-20 13:59:15,363 - mazeUtils.moveTile - [moveTile.py:1400] - DEBUG - moveTile loop time: 45.3 ms
2026-06-20 13:59:15,370 - picamera2.picamera2 - [picamera2.py:1391] - DEBUG - Execute job: <picamera2.job.Job object at 0x7f8090b790>
2026-06-20 13:59:15,373 - mazeUtils.device.camera - [camera.py:39] - DEBUG - Average HSV: H=131.7, S=66.2, V=164.8
2026-06-20 13:59:15,406 - mazeUtils.moveTile - [moveTile.py:79] - DEBUG - roll: 0.8999999999999773 deg, practicalMoveTime: 0.6156872593535968 sec
2026-06-20 13:59:15,406 - mazeUtils.moveTile - [moveTile.py:1400] - DEBUG - moveTile loop time: 43.3 ms
2026-06-20 13:59:15,411 - picamera2.picamera2 - [picamera2.py:1391] - DEBUG - Execute job: <picamera2.job.Job object at 0x7fa6258ed0>
2026-06-20 13:59:15,414 - mazeUtils.device.camera - [camera.py:39] - DEBUG - Average HSV: H=130.9, S=66.0, V=168.0
2026-06-20 13:59:15,441 - mazeUtils.moveTile - [moveTile.py:79] - DEBUG - roll: 2.0799999999999272 deg, practicalMoveTime: 0.6499292477672862 sec
2026-06-20 13:59:15,441 - mazeUtils.moveTile - [moveTile.py:1400] - DEBUG - moveTile loop time: 34.5 ms
2026-06-20 13:59:15,446 - picamera2.picamera2 - [picamera2.py:1391] - DEBUG - Execute job: <picamera2.job.Job object at 0x7f6661d9d0>
2026-06-20 13:59:15,449 - mazeUtils.device.camera - [camera.py:39] - DEBUG - Average HSV: H=130.2, S=73.0, V=168.8
2026-06-20 13:59:15,477 - mazeUtils.moveTile - [moveTile.py:79] - DEBUG - roll: 1.0599999999999454 deg, practicalMoveTime: 0.6856055812645085 sec
2026-06-20 13:59:15,477 - mazeUtils.moveTile - [moveTile.py:1400] - DEBUG - moveTile loop time: 35.9 ms
2026-06-20 13:59:15,484 - picamera2.picamera2 - [picamera2.py:1391] - DEBUG - Execute job: <picamera2.job.Job object at 0x7f6661f550>
2026-06-20 13:59:15,487 - mazeUtils.device.camera - [camera.py:39] - DEBUG - Average HSV: H=129.5, S=74.1, V=170.3
2026-06-20 13:59:15,517 - mazeUtils.moveTile - [moveTile.py:79] - DEBUG - roll: 1.169999999999959 deg, practicalMoveTime: 0.7250982975511975 sec
2026-06-20 13:59:15,517 - mazeUtils.moveTile - [moveTile.py:1400] - DEBUG - moveTile loop time: 39.7 ms
2026-06-20 13:59:15,526 - picamera2.picamera2 - [picamera2.py:1391] - DEBUG - Execute job: <picamera2.job.Job object at 0x7f6662a750>
2026-06-20 13:59:15,529 - mazeUtils.device.camera - [camera.py:39] - DEBUG - Average HSV: H=127.7, S=78.9, V=172.3
2026-06-20 13:59:15,559 - mazeUtils.moveTile - [moveTile.py:79] - DEBUG - roll: 1.4700000000000273 deg, practicalMoveTime: 0.7674520508569418 sec
2026-06-20 13:59:15,560 - mazeUtils.moveTile - [moveTile.py:1400] - DEBUG - moveTile loop time: 42.6 ms
2026-06-20 13:59:15,565 - picamera2.picamera2 - [picamera2.py:1391] - DEBUG - Execute job: <picamera2.job.Job object at 0x7f6664f310>
2026-06-20 13:59:15,568 - mazeUtils.device.camera - [camera.py:39] - DEBUG - Average HSV: H=123.6, S=111.5, V=134.9
2026-06-20 13:59:15,596 - mazeUtils.moveTile - [moveTile.py:79] - DEBUG - roll: 1.3299999999999272 deg, practicalMoveTime: 0.803112721498107 sec
2026-06-20 13:59:15,596 - mazeUtils.moveTile - [moveTile.py:1400] - DEBUG - moveTile loop time: 35.9 ms
2026-06-20 13:59:15,602 - picamera2.picamera2 - [picamera2.py:1391] - DEBUG - Execute job: <picamera2.job.Job object at 0x7f6662a750>
2026-06-20 13:59:15,605 - mazeUtils.device.camera - [camera.py:39] - DEBUG - Average HSV: H=119.2, S=145.6, V=134.9
2026-06-20 13:59:15,635 - mazeUtils.moveTile - [moveTile.py:1345] - INFO - practicalVerticalMove: 0.8532851282811332 CM
2026-06-20 13:59:15,679 - mazeUtils.moveTile - [moveTile.py:1606] - INFO - Set moved vertical distance: 0.8532851282811332 cm, past distances: [(1.193872552447496, False), (1.8718045853315863, False), (0.44064657728110995, False)]
2026-06-20 13:59:15,776 - mazeUtils.moveTile - [moveTile.py:528] - DEBUG - Direction: absDirection.NORTH, Angle: 0, Distance: 11.723636686119875 cm
2026-06-20 13:59:15,777 - mazeUtils.moveTile - [moveTile.py:552] - DEBUG - Front LiDAR distance: 11.723636686119875 cm, TSD10 distance: 1.5 cm
2026-06-20 13:59:15,778 - mazeUtils.moveTile - [moveTile.py:528] - DEBUG - Direction: absDirection.EAST, Angle: 270, Distance: 17.69608751867244 cm
2026-06-20 13:59:15,779 - mazeUtils.moveTile - [moveTile.py:528] - DEBUG - Direction: absDirection.SOUTH, Angle: 180, Distance: 143.38859121146518 cm
2026-06-20 13:59:15,780 - mazeUtils.moveTile - [moveTile.py:528] - DEBUG - Direction: absDirection.WEST, Angle: 90, Distance: 48.26794107084843 cm
2026-06-20 13:59:15,783 - mazeUtils.moveTile - [moveTile.py:1736] - INFO - Tile color detection counts: {}, decided tile type: E
2026-06-20 13:59:15,852 - __main__ - [main.py:87] - INFO - Current position: (20, 16, 0), front direction: absDirection.NORTH
Layer 0 (altitude=0.0cm, offset=(0.0cm, 0.0cm)):
Known map area: x=20..20, y=16..20
+---+
  @ |
+   +
| E |
+   +
| E |
+   +
| E |
+   +
| S |
+---+
mazeAsGraph[0][16][20] = {absDirection.NORTH: None, absDirection.EAST: None, absDirection.SOUTH: (20, 17, 0, 30), absDirection.WEST: (19, 16, 0, 30)}
mazeAsGraph[0][17][20] = {absDirection.NORTH: (20, 16, 0, 30), absDirection.EAST: None, absDirection.SOUTH: (20, 18, 0, 30), absDirection.WEST: None}
mazeAsGraph[0][18][20] = {absDirection.NORTH: (20, 17, 0, 30), absDirection.EAST: None, absDirection.SOUTH: (20, 19, 0, 30), absDirection.WEST: None}
mazeAsGraph[0][19][20] = {absDirection.NORTH: (20, 18, 0, 30), absDirection.EAST: None, absDirection.SOUTH: (20, 20, 0, 30), absDirection.WEST: None}
mazeAsGraph[0][20][20] = {absDirection.NORTH: (20, 19, 0, 30), absDirection.EAST: None, absDirection.SOUTH: None, absDirection.WEST: None}
2026-06-20 13:59:15,862 - mazeUtils.mazeMap - [mazeMap.py:61] - INFO - next goal: (19, 16, 0)
2026-06-20 13:59:15,874 - mazeUtils.moveTile - [moveTile.py:79] - DEBUG - Moving to absDirection.WEST from (20, 16, 0) facing absDirection.NORTH
2026-06-20 13:59:15,905 - mazeUtils.moveTile - [moveTile.py:79] - DEBUG - current heading: 0.7999999999999545 target: 45
2026-06-20 13:59:16,400 - mazeUtils.moveTile - [moveTile.py:403] - DEBUG - stopped turning at heading: 42.139999999999986, diff: 2.8600000000000136
2026-06-20 13:59:17,529 - mazeUtils.moveTile - [moveTile.py:79] - DEBUG - Turned to heading: 45.799999999999955 deg
2026-06-20 13:59:18,063 - mazeUtils.moveTile - [moveTile.py:79] - DEBUG - current heading: 45.349999999999966 target: 90
2026-06-20 13:59:18,513 - mazeUtils.moveTile - [moveTile.py:403] - DEBUG - stopped turning at heading: 84.90999999999997, diff: 5.090000000000032
2026-06-20 13:59:18,573 - mazeUtils.moveTile - [moveTile.py:79] - DEBUG - Turned to heading: 90.0 deg
2026-06-20 13:59:18,660 - mazeUtils.moveTile - [moveTile.py:79] - DEBUG - Little backward to adjust position
2026-06-20 13:59:19,268 - picamera2.picamera2 - [picamera2.py:1391] - DEBUG - Execute job: <picamera2.job.Job object at 0x7f8090b190>
2026-06-20 13:59:19,272 - mazeUtils.device.camera - [camera.py:39] - DEBUG - Average HSV: H=164.5, S=43.5, V=158.0
2026-06-20 13:59:19,307 - mazeUtils.moveTile - [moveTile.py:79] - DEBUG - roll: 1.1599999999999682 deg, practicalMoveTime: 0.04365955912300945 sec
2026-06-20 13:59:19,307 - mazeUtils.moveTile - [moveTile.py:1400] - DEBUG - moveTile loop time: 43.8 ms
2026-06-20 13:59:19,312 - picamera2.picamera2 - [picamera2.py:1391] - DEBUG - Execute job: <picamera2.job.Job object at 0x7f667e7850>
2026-06-20 13:59:19,315 - mazeUtils.device.camera - [camera.py:39] - DEBUG - Average HSV: H=164.2, S=43.4, V=158.0
2026-06-20 13:59:19,346 - mazeUtils.moveTile - [moveTile.py:79] - DEBUG - roll: 1.169999999999959 deg, practicalMoveTime: 0.08215017267326681 sec
2026-06-20 13:59:19,346 - mazeUtils.moveTile - [moveTile.py:1400] - DEBUG - moveTile loop time: 38.9 ms
2026-06-20 13:59:19,350 - picamera2.picamera2 - [picamera2.py:1391] - DEBUG - Execute job: <picamera2.job.Job object at 0x7f8bc93710>
2026-06-20 13:59:19,354 - mazeUtils.device.camera - [camera.py:39] - DEBUG - Average HSV: H=164.5, S=43.0, V=159.0
2026-06-20 13:59:19,385 - mazeUtils.moveTile - [moveTile.py:79] - DEBUG - roll: 1.0199999999999818 deg, practicalMoveTime: 0.1207065983783599 sec
2026-06-20 13:59:19,386 - mazeUtils.moveTile - [moveTile.py:1400] - DEBUG - moveTile loop time: 38.9 ms
2026-06-20 13:59:19,395 - picamera2.picamera2 - [picamera2.py:1391] - DEBUG - Execute job: <picamera2.job.Job object at 0x7f80909290>
2026-06-20 13:59:19,398 - mazeUtils.device.camera - [camera.py:39] - DEBUG - Average HSV: H=166.1, S=44.5, V=156.0
2026-06-20 13:59:19,430 - mazeUtils.moveTile - [moveTile.py:79] - DEBUG - roll: 1.6900000000000546 deg, practicalMoveTime: 0.16529340448830854 sec
2026-06-20 13:59:19,431 - mazeUtils.moveTile - [moveTile.py:1400] - DEBUG - moveTile loop time: 44.9 ms
2026-06-20 13:59:19,441 - picamera2.picamera2 - [picamera2.py:1391] - DEBUG - Execute job: <picamera2.job.Job object at 0x7f80902b10>
2026-06-20 13:59:19,445 - mazeUtils.device.camera - [camera.py:39] - DEBUG - Average HSV: H=162.1, S=41.4, V=159.9
2026-06-20 13:59:19,476 - mazeUtils.moveTile - [moveTile.py:79] - DEBUG - roll: 1.669999999999959 deg, practicalMoveTime: 0.2103694558914233 sec
2026-06-20 13:59:19,476 - mazeUtils.moveTile - [moveTile.py:1400] - DEBUG - moveTile loop time: 45.4 ms
2026-06-20 13:59:19,480 - picamera2.picamera2 - [picamera2.py:1391] - DEBUG - Execute job: <picamera2.job.Job object at 0x7f80909290>
2026-06-20 13:59:19,484 - mazeUtils.device.camera - [camera.py:39] - DEBUG - Average HSV: H=162.6, S=41.5, V=159.7
2026-06-20 13:59:19,511 - __main__ - [main.py:147] - INFO - Program interrupted by user.
2026-06-20 13:59:21,078 - picamera2.picamera2 - [picamera2.py:1391] - DEBUG - Execute job: <picamera2.job.Job object at 0x7fa6246e50>
2026-06-20 13:59:21,094 - picamera2.picamera2 - [picamera2.py:1323] - INFO - Camera stopped
2026-06-20 13:59:21,295 - picamera2.picamera2 - [picamera2.py:1329] - DEBUG - Camera was not started
2026-06-20 13:59:21,498 - picamera2.picamera2 - [picamera2.py:723] - INFO - Camera closed successfully.
2026-06-20 13:59:21,671 - picamera2.picamera2 - [picamera2.py:500] - DEBUG - Resources now free: <picamera2.picamera2.Picamera2 object at 0x7f8184d9d0>
