2026-06-01 21:11:45,313 - root - [logging_config.py:61] - INFO - Logging initialized. Log file: /home/tuton/Kanto2026RPi/src/config/../logs/robot_20260601_211141.log
2026-06-01 21:11:46,816 - mazeUtils.device.LiDAR - [LiDAR.py:36] - INFO - Available ports: <ydlidar.Str2strMap; proxy of <Swig Object of type 'std::map< std::string,std::string > *' at 0x7fb8457ed0> >
2026-06-01 21:11:51,210 - mazeUtils.moveTile - [moveTile.py:512] - DEBUG - Direction: absDirection.NORTH, Angle: 0, Distance: 32.2918087195253 cm
2026-06-01 21:11:51,212 - mazeUtils.moveTile - [moveTile.py:512] - DEBUG - Direction: absDirection.EAST, Angle: 270, Distance: 169.25896013528597 cm
2026-06-01 21:11:51,214 - mazeUtils.moveTile - [moveTile.py:512] - DEBUG - Direction: absDirection.SOUTH, Angle: 180, Distance: 21.069929116086197 cm
2026-06-01 21:11:51,215 - mazeUtils.moveTile - [moveTile.py:512] - DEBUG - Direction: absDirection.WEST, Angle: 90, Distance: 16.289043430979294 cm
2026-06-01 21:11:52,174 - __main__ - [main.py:69] - INFO - Initial Map:
2026-06-01 21:11:52,182 - __main__ - [main.py:70] - INFO - Current position: (20, 20, 0), front direction: absDirection.NORTH
Layer 0 (altitude=0.0cm, offset=(0.0cm, 0.0cm)):
Known map area: x=20..20, y=20..20
+   +
| @  
+---+
2026-06-01 21:11:52,183 - mazeUtils.mazeMap - [mazeMap.py:61] - INFO - next goal: (20, 19, 0)
2026-06-01 21:11:52,184 - __main__ - [main.py:73] - INFO - Next Direction: [<absDirection.NORTH: 0>]
2026-06-01 21:11:52,185 - __main__ - [main.py:74] - INFO - Exploration started.
2026-06-01 21:11:52,185 - mazeUtils.mazeMap - [mazeMap.py:61] - INFO - next goal: (20, 19, 0)
2026-06-01 21:11:52,193 - mazeUtils.moveTile - [moveTile.py:80] - DEBUG - Moving to absDirection.NORTH from (20, 20, 0) facing absDirection.NORTH
2026-06-01 21:11:52,324 - picamera2.picamera2 - [picamera2.py:1391] - DEBUG - Execute job: <picamera2.job.Job object at 0x7f88fc7650>
2026-06-01 21:11:52,371 - mazeUtils.device.camera - [camera.py:37] - DEBUG - Average HSV: H=137.1, S=23.4, V=183.8
2026-06-01 21:11:52,419 - mazeUtils.moveTile - [moveTile.py:80] - DEBUG - roll: 0.30000000000001137 deg, practicalMoveTime: 0.08652837873161756 sec
2026-06-01 21:11:52,419 - mazeUtils.moveTile - [moveTile.py:1049] - DEBUG - moveTile loop time: 100.6 ms
2026-06-01 21:11:52,426 - picamera2.picamera2 - [picamera2.py:1391] - DEBUG - Execute job: <picamera2.job.Job object at 0x7f93993f50>
2026-06-01 21:11:52,431 - mazeUtils.device.camera - [camera.py:37] - DEBUG - Average HSV: H=158.4, S=30.4, V=147.2
2026-06-01 21:11:52,483 - mazeUtils.moveTile - [moveTile.py:80] - DEBUG - roll: 359.42 deg, practicalMoveTime: 0.14987724081126008 sec
2026-06-01 21:11:52,483 - mazeUtils.moveTile - [moveTile.py:1049] - DEBUG - moveTile loop time: 63.7 ms
2026-06-01 21:11:52,488 - picamera2.picamera2 - [picamera2.py:1391] - DEBUG - Execute job: <picamera2.job.Job object at 0x7f92ac0050>
2026-06-01 21:11:52,493 - mazeUtils.device.camera - [camera.py:37] - DEBUG - Average HSV: H=129.8, S=66.0, V=158.8
2026-06-01 21:11:52,541 - mazeUtils.moveTile - [moveTile.py:80] - DEBUG - roll: 359.52 deg, practicalMoveTime: 0.20779971718898133 sec
2026-06-01 21:11:52,542 - mazeUtils.moveTile - [moveTile.py:1049] - DEBUG - moveTile loop time: 58.2 ms
2026-06-01 21:11:52,547 - picamera2.picamera2 - [picamera2.py:1391] - DEBUG - Execute job: <picamera2.job.Job object at 0x7f92ac0b10>
2026-06-01 21:11:52,550 - mazeUtils.device.camera - [camera.py:37] - DEBUG - Average HSV: H=152.9, S=8.2, V=234.2
2026-06-01 21:11:52,604 - mazeUtils.moveTile - [moveTile.py:80] - DEBUG - roll: 359.75 deg, practicalMoveTime: 0.2700881238000945 sec
2026-06-01 21:11:52,605 - mazeUtils.moveTile - [moveTile.py:1049] - DEBUG - moveTile loop time: 62.8 ms
2026-06-01 21:11:52,612 - picamera2.picamera2 - [picamera2.py:1391] - DEBUG - Execute job: <picamera2.job.Job object at 0x7f88d21a50>
2026-06-01 21:11:52,618 - mazeUtils.device.camera - [camera.py:37] - DEBUG - Average HSV: H=14.1, S=50.4, V=230.0
2026-06-01 21:11:52,669 - mazeUtils.moveTile - [moveTile.py:80] - DEBUG - roll: 359.65 deg, practicalMoveTime: 0.3340253101409463 sec
2026-06-01 21:11:52,669 - mazeUtils.moveTile - [moveTile.py:1049] - DEBUG - moveTile loop time: 63.5 ms
2026-06-01 21:11:52,675 - picamera2.picamera2 - [picamera2.py:1391] - DEBUG - Execute job: <picamera2.job.Job object at 0x7f92ac0050>
2026-06-01 21:11:52,680 - mazeUtils.device.camera - [camera.py:37] - DEBUG - Average HSV: H=11.7, S=79.7, V=156.6
2026-06-01 21:11:52,729 - mazeUtils.moveTile - [moveTile.py:80] - DEBUG - roll: 0.839999999999975 deg, practicalMoveTime: 0.38465503946251256 sec
2026-06-01 21:11:52,729 - mazeUtils.moveTile - [moveTile.py:1049] - DEBUG - moveTile loop time: 59.8 ms
2026-06-01 21:11:52,733 - picamera2.picamera2 - [picamera2.py:1391] - DEBUG - Execute job: <picamera2.job.Job object at 0x7f92ac0050>
2026-06-01 21:11:52,737 - mazeUtils.device.camera - [camera.py:37] - DEBUG - Average HSV: H=129.3, S=56.0, V=204.4
2026-06-01 21:11:52,785 - mazeUtils.moveTile - [moveTile.py:80] - DEBUG - roll: 4.6200000000000045 deg, practicalMoveTime: 0.4318395952404486 sec
2026-06-01 21:11:52,786 - mazeUtils.moveTile - [moveTile.py:1049] - DEBUG - moveTile loop time: 56.0 ms
2026-06-01 21:11:52,790 - picamera2.picamera2 - [picamera2.py:1391] - DEBUG - Execute job: <picamera2.job.Job object at 0x7f92ac0b10>
2026-06-01 21:11:52,794 - mazeUtils.device.camera - [camera.py:37] - DEBUG - Average HSV: H=10.0, S=70.8, V=183.9
2026-06-01 21:11:52,843 - mazeUtils.moveTile - [moveTile.py:80] - DEBUG - roll: 8.720000000000027 deg, practicalMoveTime: 0.48041016186758145 sec
2026-06-01 21:11:52,844 - mazeUtils.moveTile - [moveTile.py:1049] - DEBUG - moveTile loop time: 58.0 ms
2026-06-01 21:11:52,849 - picamera2.picamera2 - [picamera2.py:1391] - DEBUG - Execute job: <picamera2.job.Job object at 0x7f89011a90>
2026-06-01 21:11:52,853 - mazeUtils.device.camera - [camera.py:37] - DEBUG - Average HSV: H=8.1, S=43.2, V=169.6
2026-06-01 21:11:52,903 - mazeUtils.moveTile - [moveTile.py:80] - DEBUG - roll: 9.70999999999998 deg, practicalMoveTime: 0.5293377524193612 sec
2026-06-01 21:11:52,903 - mazeUtils.moveTile - [moveTile.py:1049] - DEBUG - moveTile loop time: 58.9 ms
2026-06-01 21:11:52,909 - picamera2.picamera2 - [picamera2.py:1391] - DEBUG - Execute job: <picamera2.job.Job object at 0x7f88fc7650>
2026-06-01 21:11:52,913 - mazeUtils.device.camera - [camera.py:37] - DEBUG - Average HSV: H=65.0, S=25.7, V=228.8
2026-06-01 21:11:52,965 - mazeUtils.moveTile - [moveTile.py:80] - DEBUG - roll: 14.379999999999995 deg, practicalMoveTime: 0.5801929319986961 sec
2026-06-01 21:11:52,965 - mazeUtils.moveTile - [moveTile.py:1049] - DEBUG - moveTile loop time: 62.1 ms
2026-06-01 21:11:52,970 - picamera2.picamera2 - [picamera2.py:1391] - DEBUG - Execute job: <picamera2.job.Job object at 0x7f92ac0b10>
2026-06-01 21:11:52,974 - mazeUtils.device.camera - [camera.py:37] - DEBUG - Average HSV: H=5.6, S=46.1, V=176.5
2026-06-01 21:11:53,022 - mazeUtils.moveTile - [moveTile.py:80] - DEBUG - roll: 18.350000000000023 deg, practicalMoveTime: 0.6258545515595908 sec
2026-06-01 21:11:53,022 - mazeUtils.moveTile - [moveTile.py:1049] - DEBUG - moveTile loop time: 57.0 ms
2026-06-01 21:11:53,028 - picamera2.picamera2 - [picamera2.py:1391] - DEBUG - Execute job: <picamera2.job.Job object at 0x7f92a5ffd0>
2026-06-01 21:11:53,030 - mazeUtils.device.camera - [camera.py:37] - DEBUG - Average HSV: H=78.7, S=34.6, V=218.3
2026-06-01 21:11:53,078 - mazeUtils.moveTile - [moveTile.py:80] - DEBUG - roll: 21.370000000000005 deg, practicalMoveTime: 0.6696583753833422 sec
2026-06-01 21:11:53,078 - mazeUtils.moveTile - [moveTile.py:1049] - DEBUG - moveTile loop time: 55.6 ms
2026-06-01 21:11:53,085 - picamera2.picamera2 - [picamera2.py:1391] - DEBUG - Execute job: <picamera2.job.Job object at 0x7f93993f50>
2026-06-01 21:11:53,088 - mazeUtils.device.camera - [camera.py:37] - DEBUG - Average HSV: H=8.0, S=42.8, V=176.9
2026-06-01 21:11:53,137 - mazeUtils.moveTile - [moveTile.py:80] - DEBUG - roll: 25.00999999999999 deg, practicalMoveTime: 0.7146228303133705 sec
2026-06-01 21:11:53,137 - mazeUtils.moveTile - [moveTile.py:1049] - DEBUG - moveTile loop time: 58.8 ms
2026-06-01 21:11:53,144 - picamera2.picamera2 - [picamera2.py:1391] - DEBUG - Execute job: <picamera2.job.Job object at 0x7f92ac0050>
2026-06-01 21:11:53,146 - mazeUtils.device.camera - [camera.py:37] - DEBUG - Average HSV: H=34.2, S=46.2, V=196.5
2026-06-01 21:11:53,194 - mazeUtils.moveTile - [moveTile.py:80] - DEBUG - roll: 27.620000000000005 deg, practicalMoveTime: 0.7573846842042601 sec
2026-06-01 21:11:53,195 - mazeUtils.moveTile - [moveTile.py:1049] - DEBUG - moveTile loop time: 57.3 ms
2026-06-01 21:11:53,200 - picamera2.picamera2 - [picamera2.py:1391] - DEBUG - Execute job: <picamera2.job.Job object at 0x7f88e79f50>
2026-06-01 21:11:53,204 - mazeUtils.device.camera - [camera.py:37] - DEBUG - Average HSV: H=10.9, S=40.4, V=170.6
2026-06-01 21:11:53,252 - mazeUtils.moveTile - [moveTile.py:80] - DEBUG - roll: 30.95999999999998 deg, practicalMoveTime: 0.7991481532122265 sec
2026-06-01 21:11:53,253 - mazeUtils.moveTile - [moveTile.py:1049] - DEBUG - moveTile loop time: 57.4 ms
2026-06-01 21:11:53,259 - picamera2.picamera2 - [picamera2.py:1391] - DEBUG - Execute job: <picamera2.job.Job object at 0x7f93993f50>
2026-06-01 21:11:53,262 - mazeUtils.device.camera - [camera.py:37] - DEBUG - Average HSV: H=37.1, S=40.0, V=186.7
2026-06-01 21:11:53,311 - mazeUtils.moveTile - [moveTile.py:80] - DEBUG - roll: 33.110000000000014 deg, practicalMoveTime: 0.8408215896478073 sec
2026-06-01 21:11:53,312 - mazeUtils.moveTile - [moveTile.py:1049] - DEBUG - moveTile loop time: 59.2 ms
2026-06-01 21:11:53,317 - picamera2.picamera2 - [picamera2.py:1391] - DEBUG - Execute job: <picamera2.job.Job object at 0x7f888a4110>
2026-06-01 21:11:53,321 - mazeUtils.device.camera - [camera.py:37] - DEBUG - Average HSV: H=25.1, S=44.7, V=169.8
2026-06-01 21:11:53,369 - mazeUtils.moveTile - [moveTile.py:80] - DEBUG - roll: 32.670000000000016 deg, practicalMoveTime: 0.8811439492553746 sec
2026-06-01 21:11:53,369 - mazeUtils.moveTile - [moveTile.py:1049] - DEBUG - moveTile loop time: 56.4 ms
2026-06-01 21:11:53,375 - picamera2.picamera2 - [picamera2.py:1391] - DEBUG - Execute job: <picamera2.job.Job object at 0x7f88eaca50>
2026-06-01 21:11:53,379 - mazeUtils.device.camera - [camera.py:37] - DEBUG - Average HSV: H=97.5, S=35.0, V=170.0
2026-06-01 21:11:53,428 - mazeUtils.moveTile - [moveTile.py:80] - DEBUG - roll: 35.94999999999999 deg, practicalMoveTime: 0.9216065243908262 sec
2026-06-01 21:11:53,428 - mazeUtils.moveTile - [moveTile.py:1049] - DEBUG - moveTile loop time: 59.2 ms
2026-06-01 21:11:53,435 - picamera2.picamera2 - [picamera2.py:1391] - DEBUG - Execute job: <picamera2.job.Job object at 0x7f89011a90>
2026-06-01 21:11:53,438 - mazeUtils.device.camera - [camera.py:37] - DEBUG - Average HSV: H=108.3, S=42.4, V=123.7
2026-06-01 21:11:53,487 - mazeUtils.moveTile - [moveTile.py:80] - DEBUG - roll: 36.72000000000003 deg, practicalMoveTime: 0.961262237271569 sec
2026-06-01 21:11:53,487 - mazeUtils.moveTile - [moveTile.py:1049] - DEBUG - moveTile loop time: 58.6 ms
2026-06-01 21:11:53,493 - picamera2.picamera2 - [picamera2.py:1391] - DEBUG - Execute job: <picamera2.job.Job object at 0x7f93993f50>
2026-06-01 21:11:53,496 - mazeUtils.device.camera - [camera.py:37] - DEBUG - Average HSV: H=85.9, S=48.0, V=111.0
2026-06-01 21:11:53,549 - picamera2.picamera2 - [picamera2.py:1391] - DEBUG - Execute job: <picamera2.job.Job object at 0x7f92ac0b10>
2026-06-01 21:11:53,552 - mazeUtils.device.camera - [camera.py:37] - DEBUG - Average HSV: H=138.2, S=30.5, V=174.3
2026-06-01 21:11:53,601 - mazeUtils.moveTile - [moveTile.py:80] - DEBUG - roll: 33.610000000000014 deg, practicalMoveTime: 1.0417297537837307 sec
2026-06-01 21:11:53,602 - mazeUtils.moveTile - [moveTile.py:1049] - DEBUG - moveTile loop time: 58.5 ms
2026-06-01 21:11:53,608 - picamera2.picamera2 - [picamera2.py:1391] - DEBUG - Execute job: <picamera2.job.Job object at 0x7f88d23fd0>
2026-06-01 21:11:53,611 - mazeUtils.device.camera - [camera.py:37] - DEBUG - Average HSV: H=89.5, S=45.7, V=123.5
2026-06-01 21:11:53,663 - mazeUtils.moveTile - [moveTile.py:80] - DEBUG - roll: 37.76999999999998 deg, practicalMoveTime: 1.082735381708593 sec
2026-06-01 21:11:53,663 - mazeUtils.moveTile - [moveTile.py:1049] - DEBUG - moveTile loop time: 61.5 ms
2026-06-01 21:11:53,670 - picamera2.picamera2 - [picamera2.py:1391] - DEBUG - Execute job: <picamera2.job.Job object at 0x7f88e79f50>
2026-06-01 21:11:53,673 - mazeUtils.device.camera - [camera.py:37] - DEBUG - Average HSV: H=67.6, S=63.7, V=61.3
2026-06-01 21:11:53,722 - mazeUtils.moveTile - [moveTile.py:80] - DEBUG - roll: 40.94999999999999 deg, practicalMoveTime: 1.1202671598662375 sec
2026-06-01 21:11:53,723 - mazeUtils.moveTile - [moveTile.py:1049] - DEBUG - moveTile loop time: 58.7 ms
2026-06-01 21:11:53,729 - picamera2.picamera2 - [picamera2.py:1391] - DEBUG - Execute job: <picamera2.job.Job object at 0x7f92ac0050>
2026-06-01 21:11:53,732 - mazeUtils.device.camera - [camera.py:37] - DEBUG - Average HSV: H=70.1, S=82.6, V=36.2
2026-06-01 21:11:53,780 - mazeUtils.moveTile - [moveTile.py:80] - DEBUG - roll: 40.55000000000001 deg, practicalMoveTime: 1.1571901732455137 sec
2026-06-01 21:11:53,780 - mazeUtils.moveTile - [moveTile.py:1049] - DEBUG - moveTile loop time: 57.5 ms
2026-06-01 21:11:53,785 - picamera2.picamera2 - [picamera2.py:1391] - DEBUG - Execute job: <picamera2.job.Job object at 0x7f92a5ffd0>
2026-06-01 21:11:53,789 - mazeUtils.device.camera - [camera.py:37] - DEBUG - Average HSV: H=50.5, S=61.2, V=74.6
2026-06-01 21:11:53,836 - mazeUtils.moveTile - [moveTile.py:80] - DEBUG - roll: 36.410000000000025 deg, practicalMoveTime: 1.1951423093565683 sec
2026-06-01 21:11:53,836 - mazeUtils.moveTile - [moveTile.py:1049] - DEBUG - moveTile loop time: 55.9 ms
2026-06-01 21:11:53,843 - picamera2.picamera2 - [picamera2.py:1391] - DEBUG - Execute job: <picamera2.job.Job object at 0x7fa4a5bf50>
2026-06-01 21:11:53,846 - mazeUtils.device.camera - [camera.py:37] - DEBUG - Average HSV: H=67.0, S=54.8, V=105.1
2026-06-01 21:11:53,892 - mazeUtils.moveTile - [moveTile.py:80] - DEBUG - roll: 31.639999999999986 deg, practicalMoveTime: 1.2355242272839113 sec
2026-06-01 21:11:53,893 - mazeUtils.moveTile - [moveTile.py:1049] - DEBUG - moveTile loop time: 56.1 ms
2026-06-01 21:11:53,897 - picamera2.picamera2 - [picamera2.py:1391] - DEBUG - Execute job: <picamera2.job.Job object at 0x7f88d23fd0>
2026-06-01 21:11:53,900 - mazeUtils.device.camera - [camera.py:37] - DEBUG - Average HSV: H=64.7, S=55.0, V=105.1
2026-06-01 21:11:53,947 - mazeUtils.moveTile - [moveTile.py:80] - DEBUG - roll: 34.48000000000002 deg, practicalMoveTime: 1.2732538750645341 sec
2026-06-01 21:11:53,947 - mazeUtils.moveTile - [moveTile.py:1049] - DEBUG - moveTile loop time: 54.2 ms
2026-06-01 21:11:53,951 - picamera2.picamera2 - [picamera2.py:1391] - DEBUG - Execute job: <picamera2.job.Job object at 0x7f888a4110>
2026-06-01 21:11:53,954 - mazeUtils.device.camera - [camera.py:37] - DEBUG - Average HSV: H=37.0, S=61.0, V=91.4
2026-06-01 21:11:54,006 - mazeUtils.moveTile - [moveTile.py:80] - DEBUG - roll: 32.74000000000001 deg, practicalMoveTime: 1.3153445077247377 sec
2026-06-01 21:11:54,007 - mazeUtils.moveTile - [moveTile.py:1049] - DEBUG - moveTile loop time: 59.3 ms
2026-06-01 21:11:54,013 - picamera2.picamera2 - [picamera2.py:1391] - DEBUG - Execute job: <picamera2.job.Job object at 0x7f88eaca50>
2026-06-01 21:11:54,017 - mazeUtils.device.camera - [camera.py:37] - DEBUG - Average HSV: H=50.2, S=59.4, V=94.8
2026-06-01 21:11:54,066 - mazeUtils.moveTile - [moveTile.py:80] - DEBUG - roll: 32.56 deg, practicalMoveTime: 1.3573797240319208 sec
2026-06-01 21:11:54,066 - mazeUtils.moveTile - [moveTile.py:1049] - DEBUG - moveTile loop time: 58.8 ms
2026-06-01 21:11:54,070 - picamera2.picamera2 - [picamera2.py:1391] - DEBUG - Execute job: <picamera2.job.Job object at 0x7f89011a90>
2026-06-01 21:11:54,073 - mazeUtils.device.camera - [camera.py:37] - DEBUG - Average HSV: H=43.0, S=61.1, V=86.6
2026-06-01 21:11:54,121 - mazeUtils.moveTile - [moveTile.py:80] - DEBUG - roll: 34.360000000000014 deg, practicalMoveTime: 1.3957097725546719 sec
2026-06-01 21:11:54,121 - mazeUtils.moveTile - [moveTile.py:1049] - DEBUG - moveTile loop time: 54.8 ms
2026-06-01 21:11:54,127 - picamera2.picamera2 - [picamera2.py:1391] - DEBUG - Execute job: <picamera2.job.Job object at 0x7f88fc7650>
2026-06-01 21:11:54,131 - mazeUtils.device.camera - [camera.py:37] - DEBUG - Average HSV: H=39.8, S=61.0, V=82.5
2026-06-01 21:11:54,180 - mazeUtils.moveTile - [moveTile.py:80] - DEBUG - roll: 33.379999999999995 deg, practicalMoveTime: 1.4375509926302399 sec
2026-06-01 21:11:54,181 - mazeUtils.moveTile - [moveTile.py:1049] - DEBUG - moveTile loop time: 59.2 ms
2026-06-01 21:11:54,187 - picamera2.picamera2 - [picamera2.py:1391] - DEBUG - Execute job: <picamera2.job.Job object at 0x7f92ac0b10>
2026-06-01 21:11:54,190 - mazeUtils.device.camera - [camera.py:37] - DEBUG - Average HSV: H=47.9, S=59.5, V=95.9
2026-06-01 21:11:54,241 - mazeUtils.moveTile - [moveTile.py:80] - DEBUG - roll: 31.430000000000007 deg, practicalMoveTime: 1.4811857097825714 sec
2026-06-01 21:11:54,241 - mazeUtils.moveTile - [moveTile.py:1049] - DEBUG - moveTile loop time: 60.4 ms
2026-06-01 21:11:54,245 - picamera2.picamera2 - [picamera2.py:1391] - DEBUG - Execute job: <picamera2.job.Job object at 0x7f88eaca50>
2026-06-01 21:11:54,248 - mazeUtils.device.camera - [camera.py:37] - DEBUG - Average HSV: H=32.8, S=63.1, V=105.9
2026-06-01 21:11:54,296 - mazeUtils.moveTile - [moveTile.py:80] - DEBUG - roll: 28.350000000000023 deg, practicalMoveTime: 1.5222374037540949 sec
2026-06-01 21:11:54,297 - mazeUtils.moveTile - [moveTile.py:1049] - DEBUG - moveTile loop time: 55.1 ms
2026-06-01 21:11:54,302 - picamera2.picamera2 - [picamera2.py:1391] - DEBUG - Execute job: <picamera2.job.Job object at 0x7f92ac0b10>
2026-06-01 21:11:54,305 - mazeUtils.device.camera - [camera.py:37] - DEBUG - Average HSV: H=55.2, S=59.7, V=116.3
2026-06-01 21:11:54,354 - mazeUtils.moveTile - [moveTile.py:80] - DEBUG - roll: 27.100000000000023 deg, practicalMoveTime: 1.565241328996912 sec
2026-06-01 21:11:54,354 - mazeUtils.moveTile - [moveTile.py:1049] - DEBUG - moveTile loop time: 57.0 ms
2026-06-01 21:11:54,359 - picamera2.picamera2 - [picamera2.py:1391] - DEBUG - Execute job: <picamera2.job.Job object at 0x7f88d23fd0>
2026-06-01 21:11:54,362 - mazeUtils.device.camera - [camera.py:37] - DEBUG - Average HSV: H=44.8, S=61.8, V=118.6
2026-06-01 21:11:54,507 - mazeUtils.moveTile - [moveTile.py:80] - DEBUG - roll: 26.120000000000005 deg, practicalMoveTime: 1.6822142657796344 sec
2026-06-01 21:11:54,508 - mazeUtils.moveTile - [moveTile.py:1049] - DEBUG - moveTile loop time: 153.5 ms
2026-06-01 21:11:54,513 - picamera2.picamera2 - [picamera2.py:1391] - DEBUG - Execute job: <picamera2.job.Job object at 0x7f88e79f50>
2026-06-01 21:11:54,516 - mazeUtils.device.camera - [camera.py:37] - DEBUG - Average HSV: H=158.1, S=29.8, V=188.1
2026-06-01 21:11:54,563 - mazeUtils.moveTile - [moveTile.py:80] - DEBUG - roll: 15.300000000000011 deg, practicalMoveTime: 1.7275804558124874 sec
2026-06-01 21:11:54,563 - mazeUtils.moveTile - [moveTile.py:1049] - DEBUG - moveTile loop time: 55.6 ms
2026-06-01 21:11:54,569 - picamera2.picamera2 - [picamera2.py:1391] - DEBUG - Execute job: <picamera2.job.Job object at 0x7f88ffd190>
2026-06-01 21:11:54,573 - mazeUtils.device.camera - [camera.py:37] - DEBUG - Average HSV: H=159.1, S=29.2, V=190.1
2026-06-01 21:11:54,622 - mazeUtils.moveTile - [moveTile.py:80] - DEBUG - roll: 11.490000000000009 deg, practicalMoveTime: 1.776011688232885 sec
2026-06-01 21:11:54,622 - mazeUtils.moveTile - [moveTile.py:1049] - DEBUG - moveTile loop time: 58.4 ms
2026-06-01 21:11:54,626 - picamera2.picamera2 - [picamera2.py:1391] - DEBUG - Execute job: <picamera2.job.Job object at 0x7f89011a90>
2026-06-01 21:11:54,629 - mazeUtils.device.camera - [camera.py:37] - DEBUG - Average HSV: H=147.9, S=29.0, V=197.4
2026-06-01 21:11:54,677 - mazeUtils.moveTile - [moveTile.py:80] - DEBUG - roll: 9.220000000000027 deg, practicalMoveTime: 1.8217046676778452 sec
2026-06-01 21:11:54,677 - mazeUtils.moveTile - [moveTile.py:1049] - DEBUG - moveTile loop time: 55.0 ms
2026-06-01 21:11:54,683 - picamera2.picamera2 - [picamera2.py:1391] - DEBUG - Execute job: <picamera2.job.Job object at 0x7fa4a5bf50>
2026-06-01 21:11:54,686 - mazeUtils.device.camera - [camera.py:37] - DEBUG - Average HSV: H=130.0, S=28.0, V=202.1
2026-06-01 21:11:54,736 - mazeUtils.moveTile - [moveTile.py:80] - DEBUG - roll: 6.28000000000003 deg, practicalMoveTime: 1.8714183729446696 sec
2026-06-01 21:11:54,737 - mazeUtils.moveTile - [moveTile.py:1049] - DEBUG - moveTile loop time: 59.1 ms
2026-06-01 21:11:54,742 - picamera2.picamera2 - [picamera2.py:1391] - DEBUG - Execute job: <picamera2.job.Job object at 0x7f88ffd190>
2026-06-01 21:11:54,746 - mazeUtils.device.camera - [camera.py:37] - DEBUG - Average HSV: H=133.1, S=30.1, V=198.1
2026-06-01 21:11:54,795 - mazeUtils.moveTile - [moveTile.py:80] - DEBUG - roll: 5.600000000000023 deg, practicalMoveTime: 1.9209307049823614 sec
2026-06-01 21:11:54,796 - mazeUtils.moveTile - [moveTile.py:1049] - DEBUG - moveTile loop time: 58.8 ms
2026-06-01 21:11:54,802 - picamera2.picamera2 - [picamera2.py:1391] - DEBUG - Execute job: <picamera2.job.Job object at 0x7f88d21a50>
2026-06-01 21:11:54,805 - mazeUtils.device.camera - [camera.py:37] - DEBUG - Average HSV: H=144.0, S=29.7, V=197.6
2026-06-01 21:11:54,855 - mazeUtils.moveTile - [moveTile.py:1004] - INFO - practicalVerticalMove: 5.885903200112511 CM
2026-06-01 21:11:55,021 - mazeUtils.moveTile - [moveTile.py:512] - DEBUG - Direction: absDirection.NORTH, Angle: 0, Distance: 86.18848478175937 cm
2026-06-01 21:11:55,022 - mazeUtils.moveTile - [moveTile.py:512] - DEBUG - Direction: absDirection.EAST, Angle: 270, Distance: 19.00080367849834 cm
2026-06-01 21:11:55,023 - mazeUtils.moveTile - [moveTile.py:512] - DEBUG - Direction: absDirection.SOUTH, Angle: 180, Distance: 387.7427713385838 cm
2026-06-01 21:11:55,024 - mazeUtils.moveTile - [moveTile.py:512] - DEBUG - Direction: absDirection.WEST, Angle: 90, Distance: 14.399973144896075 cm
2026-06-01 21:11:55,026 - mazeUtils.moveTile - [moveTile.py:1239] - INFO - Tile color detection counts: {}, decided tile type: E
2026-06-01 21:11:55,125 - __main__ - [main.py:84] - INFO - Current position: (20, 20, 1), front direction: absDirection.NORTH
Layer 0 (altitude=0.0cm, offset=(0.0cm, 0.0cm)):
Known map area: x=20..20, y=20..20
+   +
| S  
+---+
Layer 1 (altitude=15.0cm, offset=(0.0cm, -60.0cm)):
Known map area: x=20..20, y=20..20
+   +
| @ |
+   +
2026-06-01 21:11:55,137 - mazeUtils.mazeMap - [mazeMap.py:61] - INFO - next goal: (20, 19, 1)
2026-06-01 21:11:55,137 - mazeUtils.mazeMap - [mazeMap.py:61] - INFO - next goal: (20, 19, 1)
2026-06-01 21:11:55,143 - mazeUtils.moveTile - [moveTile.py:80] - DEBUG - Moving to absDirection.NORTH from (20, 20, 1) facing absDirection.NORTH
2026-06-01 21:11:55,244 - picamera2.picamera2 - [picamera2.py:1391] - DEBUG - Execute job: <picamera2.job.Job object at 0x7f8a396ed0>
2026-06-01 21:11:55,248 - mazeUtils.device.camera - [camera.py:37] - DEBUG - Average HSV: H=158.8, S=29.7, V=191.0
2026-06-01 21:11:55,296 - mazeUtils.moveTile - [moveTile.py:80] - DEBUG - roll: 1.079999999999984 deg, practicalMoveTime: 0.048744648340562004 sec
2026-06-01 21:11:55,296 - mazeUtils.moveTile - [moveTile.py:1049] - DEBUG - moveTile loop time: 56.6 ms
2026-06-01 21:11:55,302 - picamera2.picamera2 - [picamera2.py:1391] - DEBUG - Execute job: <picamera2.job.Job object at 0x7f89071cd0>
2026-06-01 21:11:55,305 - mazeUtils.device.camera - [camera.py:37] - DEBUG - Average HSV: H=159.9, S=29.3, V=190.4
2026-06-01 21:11:55,352 - mazeUtils.moveTile - [moveTile.py:80] - DEBUG - roll: 2.0600000000000023 deg, practicalMoveTime: 0.09613768454584873 sec
2026-06-01 21:11:55,352 - mazeUtils.moveTile - [moveTile.py:1049] - DEBUG - moveTile loop time: 56.2 ms
2026-06-01 21:11:55,359 - picamera2.picamera2 - [picamera2.py:1391] - DEBUG - Execute job: <picamera2.job.Job object at 0x7f8a396ed0>
2026-06-01 21:11:55,362 - mazeUtils.device.camera - [camera.py:37] - DEBUG - Average HSV: H=158.9, S=29.5, V=187.6
2026-06-01 21:11:55,411 - mazeUtils.moveTile - [moveTile.py:80] - DEBUG - roll: 359.9 deg, practicalMoveTime: 0.15472252382849583 sec
2026-06-01 21:11:55,412 - mazeUtils.moveTile - [moveTile.py:1049] - DEBUG - moveTile loop time: 58.9 ms
2026-06-01 21:11:55,418 - picamera2.picamera2 - [picamera2.py:1391] - DEBUG - Execute job: <picamera2.job.Job object at 0x7f88d0c050>
2026-06-01 21:11:55,421 - mazeUtils.device.camera - [camera.py:37] - DEBUG - Average HSV: H=135.7, S=33.4, V=180.7
2026-06-01 21:11:55,468 - mazeUtils.moveTile - [moveTile.py:80] - DEBUG - roll: 0.05000000000001137 deg, practicalMoveTime: 0.20211518404350598 sec
2026-06-01 21:11:55,468 - mazeUtils.moveTile - [moveTile.py:1049] - DEBUG - moveTile loop time: 56.1 ms
2026-06-01 21:11:55,472 - picamera2.picamera2 - [picamera2.py:1391] - DEBUG - Execute job: <picamera2.job.Job object at 0x7f8a396ed0>
2026-06-01 21:11:55,475 - mazeUtils.device.camera - [camera.py:37] - DEBUG - Average HSV: H=130.8, S=35.5, V=174.7
2026-06-01 21:11:55,523 - mazeUtils.moveTile - [moveTile.py:80] - DEBUG - roll: 1.0 deg, practicalMoveTime: 0.24851629227557298 sec
2026-06-01 21:11:55,523 - mazeUtils.moveTile - [moveTile.py:1049] - DEBUG - moveTile loop time: 55.0 ms
2026-06-01 21:11:55,529 - picamera2.picamera2 - [picamera2.py:1391] - DEBUG - Execute job: <picamera2.job.Job object at 0x7f890fef50>
2026-06-01 21:11:55,532 - mazeUtils.device.camera - [camera.py:37] - DEBUG - Average HSV: H=167.9, S=31.6, V=174.4
2026-06-01 21:11:55,582 - mazeUtils.moveTile - [moveTile.py:80] - DEBUG - roll: 0.4200000000000159 deg, practicalMoveTime: 0.2983030243377633 sec
2026-06-01 21:11:55,582 - mazeUtils.moveTile - [moveTile.py:1049] - DEBUG - moveTile loop time: 59.1 ms
2026-06-01 21:11:55,588 - picamera2.picamera2 - [picamera2.py:1391] - DEBUG - Execute job: <picamera2.job.Job object at 0x7fb8390250>
2026-06-01 21:11:55,592 - mazeUtils.device.camera - [camera.py:37] - DEBUG - Average HSV: H=154.8, S=34.8, V=170.4
2026-06-01 21:11:55,638 - mazeUtils.moveTile - [moveTile.py:80] - DEBUG - roll: 1.0 deg, practicalMoveTime: 0.34573853282102984 sec
2026-06-01 21:11:55,639 - mazeUtils.moveTile - [moveTile.py:1049] - DEBUG - moveTile loop time: 56.0 ms
2026-06-01 21:11:55,643 - picamera2.picamera2 - [picamera2.py:1391] - DEBUG - Execute job: <picamera2.job.Job object at 0x7f890fef50>
2026-06-01 21:11:55,646 - mazeUtils.device.camera - [camera.py:37] - DEBUG - Average HSV: H=148.7, S=38.1, V=162.5
2026-06-01 21:11:55,694 - mazeUtils.moveTile - [moveTile.py:80] - DEBUG - roll: 0.6299999999999955 deg, practicalMoveTime: 0.39237309368105894 sec
2026-06-01 21:11:55,694 - mazeUtils.moveTile - [moveTile.py:1049] - DEBUG - moveTile loop time: 55.2 ms
2026-06-01 21:11:55,699 - picamera2.picamera2 - [picamera2.py:1391] - DEBUG - Execute job: <picamera2.job.Job object at 0x7fabc98290>
2026-06-01 21:11:55,702 - mazeUtils.device.camera - [camera.py:37] - DEBUG - Average HSV: H=146.3, S=37.8, V=159.5
2026-06-01 21:11:55,751 - mazeUtils.moveTile - [moveTile.py:80] - DEBUG - roll: 0.5 deg, practicalMoveTime: 0.4406777075473361 sec
2026-06-01 21:11:55,752 - mazeUtils.moveTile - [moveTile.py:1049] - DEBUG - moveTile loop time: 57.3 ms
2026-06-01 21:11:55,757 - picamera2.picamera2 - [picamera2.py:1391] - DEBUG - Execute job: <picamera2.job.Job object at 0x7f88d0ccd0>
2026-06-01 21:11:55,760 - mazeUtils.device.camera - [camera.py:37] - DEBUG - Average HSV: H=161.9, S=38.6, V=153.3
2026-06-01 21:11:55,809 - mazeUtils.moveTile - [moveTile.py:80] - DEBUG - roll: 0.5300000000000296 deg, practicalMoveTime: 0.4895367392429596 sec
2026-06-01 21:11:55,810 - mazeUtils.moveTile - [moveTile.py:1049] - DEBUG - moveTile loop time: 57.7 ms
2026-06-01 21:11:55,816 - picamera2.picamera2 - [picamera2.py:1391] - DEBUG - Execute job: <picamera2.job.Job object at 0x7f93993f50>
2026-06-01 21:11:55,819 - mazeUtils.device.camera - [camera.py:37] - DEBUG - Average HSV: H=134.4, S=45.1, V=144.5
2026-06-01 21:11:55,867 - mazeUtils.moveTile - [moveTile.py:80] - DEBUG - roll: 0.4200000000000159 deg, practicalMoveTime: 0.5378964075583678 sec
2026-06-01 21:11:55,867 - mazeUtils.moveTile - [moveTile.py:1049] - DEBUG - moveTile loop time: 57.1 ms
2026-06-01 21:11:55,873 - picamera2.picamera2 - [picamera2.py:1391] - DEBUG - Execute job: <picamera2.job.Job object at 0x7f89071cd0>
2026-06-01 21:11:55,876 - mazeUtils.device.camera - [camera.py:37] - DEBUG - Average HSV: H=115.8, S=48.1, V=142.1
2026-06-01 21:11:55,925 - mazeUtils.moveTile - [moveTile.py:80] - DEBUG - roll: 0.5199999999999818 deg, practicalMoveTime: 0.5874826164300991 sec
2026-06-01 21:11:55,926 - mazeUtils.moveTile - [moveTile.py:1049] - DEBUG - moveTile loop time: 58.8 ms
2026-06-01 21:11:55,932 - picamera2.picamera2 - [picamera2.py:1391] - DEBUG - Execute job: <picamera2.job.Job object at 0x7f93993f50>
2026-06-01 21:11:55,935 - mazeUtils.device.camera - [camera.py:37] - DEBUG - Average HSV: H=62.5, S=56.0, V=135.1
2026-06-01 21:11:55,982 - mazeUtils.moveTile - [moveTile.py:80] - DEBUG - roll: 0.5500000000000114 deg, practicalMoveTime: 0.6352808358345727 sec
2026-06-01 21:11:55,983 - mazeUtils.moveTile - [moveTile.py:1049] - DEBUG - moveTile loop time: 56.5 ms
2026-06-01 21:11:55,989 - picamera2.picamera2 - [picamera2.py:1391] - DEBUG - Execute job: <picamera2.job.Job object at 0x7f88d0c550>
2026-06-01 21:11:55,992 - mazeUtils.device.camera - [camera.py:37] - DEBUG - Average HSV: H=22.0, S=62.9, V=135.9
2026-06-01 21:11:56,041 - mazeUtils.moveTile - [moveTile.py:80] - DEBUG - roll: 0.45999999999997954 deg, practicalMoveTime: 0.6845169055794705 sec
2026-06-01 21:11:56,041 - mazeUtils.moveTile - [moveTile.py:1049] - DEBUG - moveTile loop time: 58.1 ms
2026-06-01 21:11:56,045 - picamera2.picamera2 - [picamera2.py:1391] - DEBUG - Execute job: <picamera2.job.Job object at 0x7f890fef50>
2026-06-01 21:11:56,048 - mazeUtils.device.camera - [camera.py:37] - DEBUG - Average HSV: H=15.5, S=64.1, V=137.3
2026-06-01 21:11:56,096 - mazeUtils.moveTile - [moveTile.py:80] - DEBUG - roll: 0.2699999999999818 deg, practicalMoveTime: 0.7313017049602404 sec
2026-06-01 21:11:56,097 - mazeUtils.moveTile - [moveTile.py:1049] - DEBUG - moveTile loop time: 55.2 ms
2026-06-01 21:11:56,102 - picamera2.picamera2 - [picamera2.py:1391] - DEBUG - Execute job: <picamera2.job.Job object at 0x7f93993f50>
2026-06-01 21:11:56,105 - mazeUtils.device.camera - [camera.py:37] - DEBUG - Average HSV: H=14.5, S=66.0, V=132.7
2026-06-01 21:11:56,154 - mazeUtils.moveTile - [moveTile.py:80] - DEBUG - roll: 0.5400000000000205 deg, practicalMoveTime: 0.7796947720537605 sec
2026-06-01 21:11:56,154 - mazeUtils.moveTile - [moveTile.py:1049] - DEBUG - moveTile loop time: 57.3 ms
2026-06-01 21:11:56,160 - picamera2.picamera2 - [picamera2.py:1391] - DEBUG - Execute job: <picamera2.job.Job object at 0x7f88d0ce10>
2026-06-01 21:11:56,163 - mazeUtils.device.camera - [camera.py:37] - DEBUG - Average HSV: H=13.4, S=68.7, V=128.8
2026-06-01 21:11:56,210 - mazeUtils.moveTile - [moveTile.py:80] - DEBUG - roll: 0.5199999999999818 deg, practicalMoveTime: 0.8267606546388224 sec
2026-06-01 21:11:56,210 - mazeUtils.moveTile - [moveTile.py:1049] - DEBUG - moveTile loop time: 55.6 ms
2026-06-01 21:11:56,216 - picamera2.picamera2 - [picamera2.py:1391] - DEBUG - Execute job: <picamera2.job.Job object at 0x7f8a396ed0>
2026-06-01 21:11:56,219 - mazeUtils.device.camera - [camera.py:37] - DEBUG - Average HSV: H=8.4, S=74.6, V=123.6
2026-06-01 21:11:56,267 - mazeUtils.moveTile - [moveTile.py:80] - DEBUG - roll: 0.2599999999999909 deg, practicalMoveTime: 0.8746690039305594 sec
2026-06-01 21:11:56,267 - mazeUtils.moveTile - [moveTile.py:1049] - DEBUG - moveTile loop time: 56.9 ms
2026-06-01 21:11:56,273 - picamera2.picamera2 - [picamera2.py:1391] - DEBUG - Execute job: <picamera2.job.Job object at 0x7f890fef50>
2026-06-01 21:11:56,277 - mazeUtils.device.camera - [camera.py:37] - DEBUG - Average HSV: H=7.3, S=79.7, V=119.5
2026-06-01 21:11:56,328 - mazeUtils.moveTile - [moveTile.py:80] - DEBUG - roll: 0.7900000000000205 deg, practicalMoveTime: 0.9263105180526905 sec
2026-06-01 21:11:56,329 - mazeUtils.moveTile - [moveTile.py:1049] - DEBUG - moveTile loop time: 61.1 ms
2026-06-01 21:11:56,335 - picamera2.picamera2 - [picamera2.py:1391] - DEBUG - Execute job: <picamera2.job.Job object at 0x7f8a396ed0>
2026-06-01 21:11:56,340 - mazeUtils.device.camera - [camera.py:37] - DEBUG - Average HSV: H=8.0, S=79.9, V=115.2
2026-06-01 21:11:56,388 - mazeUtils.moveTile - [moveTile.py:80] - DEBUG - roll: 0.5300000000000296 deg, practicalMoveTime: 0.9766940640468995 sec
2026-06-01 21:11:56,389 - mazeUtils.moveTile - [moveTile.py:1049] - DEBUG - moveTile loop time: 59.5 ms
2026-06-01 21:11:56,394 - picamera2.picamera2 - [picamera2.py:1391] - DEBUG - Execute job: <picamera2.job.Job object at 0x7fabc98290>
2026-06-01 21:11:56,398 - mazeUtils.device.camera - [camera.py:37] - DEBUG - Average HSV: H=8.4, S=80.2, V=111.8
2026-06-01 21:11:56,448 - mazeUtils.moveTile - [moveTile.py:1004] - INFO - practicalVerticalMove: 0.2823411598658957 CM
2026-06-01 21:11:56,616 - mazeUtils.moveTile - [moveTile.py:512] - DEBUG - Direction: absDirection.NORTH, Angle: 0, Distance: 57.60651125907555 cm
2026-06-01 21:11:56,618 - mazeUtils.moveTile - [moveTile.py:512] - DEBUG - Direction: absDirection.EAST, Angle: 270, Distance: 170.27033072621674 cm
2026-06-01 21:11:56,619 - mazeUtils.moveTile - [moveTile.py:512] - DEBUG - Direction: absDirection.SOUTH, Angle: 180, Distance: 233.48284316409118 cm
2026-06-01 21:11:56,621 - mazeUtils.moveTile - [moveTile.py:512] - DEBUG - Direction: absDirection.WEST, Angle: 90, Distance: 16.197609273835283 cm
2026-06-01 21:11:56,622 - mazeUtils.moveTile - [moveTile.py:1239] - INFO - Tile color detection counts: {}, decided tile type: E
2026-06-01 21:11:56,723 - __main__ - [main.py:84] - INFO - Current position: (20, 19, 1), front direction: absDirection.NORTH
Layer 0 (altitude=0.0cm, offset=(0.0cm, 0.0cm)):
Known map area: x=20..20, y=20..20
+   +
| S  
+---+
Layer 1 (altitude=15.0cm, offset=(0.0cm, -60.0cm)):
Known map area: x=20..20, y=19..20
+   +
| @  
+   +
| E |
+   +
2026-06-01 21:11:56,733 - mazeUtils.mazeMap - [mazeMap.py:61] - INFO - next goal: (20, 18, 1)
2026-06-01 21:11:56,734 - mazeUtils.mazeMap - [mazeMap.py:61] - INFO - next goal: (20, 18, 1)
2026-06-01 21:11:56,742 - mazeUtils.moveTile - [moveTile.py:80] - DEBUG - Moving to absDirection.NORTH from (20, 19, 1) facing absDirection.NORTH
2026-06-01 21:11:56,841 - picamera2.picamera2 - [picamera2.py:1391] - DEBUG - Execute job: <picamera2.job.Job object at 0x7f88ce31d0>
2026-06-01 21:11:56,844 - mazeUtils.device.camera - [camera.py:37] - DEBUG - Average HSV: H=9.7, S=85.7, V=98.4
2026-06-01 21:11:56,891 - mazeUtils.moveTile - [moveTile.py:80] - DEBUG - roll: 359.97 deg, practicalMoveTime: 0.05666875062430323 sec
2026-06-01 21:11:56,892 - mazeUtils.moveTile - [moveTile.py:1049] - DEBUG - moveTile loop time: 55.8 ms
2026-06-01 21:11:56,896 - picamera2.picamera2 - [picamera2.py:1391] - DEBUG - Execute job: <picamera2.job.Job object at 0x7fabc98290>
2026-06-01 21:11:56,899 - mazeUtils.device.camera - [camera.py:37] - DEBUG - Average HSV: H=8.3, S=86.9, V=98.6
2026-06-01 21:11:56,946 - mazeUtils.moveTile - [moveTile.py:80] - DEBUG - roll: 0.37999999999999545 deg, practicalMoveTime: 0.10248213796557075 sec
2026-06-01 21:11:56,946 - mazeUtils.moveTile - [moveTile.py:1049] - DEBUG - moveTile loop time: 54.3 ms
2026-06-01 21:11:56,952 - picamera2.picamera2 - [picamera2.py:1391] - DEBUG - Execute job: <picamera2.job.Job object at 0x7f93993fd0>
2026-06-01 21:11:56,956 - mazeUtils.device.camera - [camera.py:37] - DEBUG - Average HSV: H=13.3, S=75.4, V=102.2
2026-06-01 21:11:57,006 - mazeUtils.moveTile - [moveTile.py:80] - DEBUG - roll: 0.4200000000000159 deg, practicalMoveTime: 0.15294815399243214 sec
2026-06-01 21:11:57,006 - mazeUtils.moveTile - [moveTile.py:1049] - DEBUG - moveTile loop time: 59.7 ms
2026-06-01 21:11:57,011 - picamera2.picamera2 - [picamera2.py:1391] - DEBUG - Execute job: <picamera2.job.Job object at 0x7f93993f50>
2026-06-01 21:11:57,014 - mazeUtils.device.camera - [camera.py:37] - DEBUG - Average HSV: H=30.1, S=67.7, V=102.0
2026-06-01 21:11:57,066 - mazeUtils.moveTile - [moveTile.py:80] - DEBUG - roll: 0.36000000000001364 deg, practicalMoveTime: 0.20372620820640197 sec
2026-06-01 21:11:57,067 - mazeUtils.moveTile - [moveTile.py:1049] - DEBUG - moveTile loop time: 60.1 ms
2026-06-01 21:11:57,071 - picamera2.picamera2 - [picamera2.py:1391] - DEBUG - Execute job: <picamera2.job.Job object at 0x7f88ce3c10>
2026-06-01 21:11:57,075 - mazeUtils.device.camera - [camera.py:37] - DEBUG - Average HSV: H=41.7, S=62.1, V=103.8
2026-06-01 21:11:57,123 - mazeUtils.moveTile - [moveTile.py:80] - DEBUG - roll: 0.6299999999999955 deg, practicalMoveTime: 0.2517527275533256 sec
2026-06-01 21:11:57,124 - mazeUtils.moveTile - [moveTile.py:1049] - DEBUG - moveTile loop time: 56.7 ms
2026-06-01 21:11:57,129 - picamera2.picamera2 - [picamera2.py:1391] - DEBUG - Execute job: <picamera2.job.Job object at 0x7f93993fd0>
2026-06-01 21:11:57,132 - mazeUtils.device.camera - [camera.py:37] - DEBUG - Average HSV: H=40.2, S=64.1, V=100.7
2026-06-01 21:11:57,183 - mazeUtils.moveTile - [moveTile.py:80] - DEBUG - roll: 0.339999999999975 deg, practicalMoveTime: 0.3024451681531196 sec
2026-06-01 21:11:57,184 - mazeUtils.moveTile - [moveTile.py:1049] - DEBUG - moveTile loop time: 60.0 ms
2026-06-01 21:11:57,188 - picamera2.picamera2 - [picamera2.py:1391] - DEBUG - Execute job: <picamera2.job.Job object at 0x7f88d03fd0>
2026-06-01 21:11:57,191 - mazeUtils.device.camera - [camera.py:37] - DEBUG - Average HSV: H=44.2, S=63.9, V=98.3
2026-06-01 21:11:57,241 - mazeUtils.moveTile - [moveTile.py:80] - DEBUG - roll: 0.5400000000000205 deg, practicalMoveTime: 0.35057601029817126 sec
2026-06-01 21:11:57,241 - mazeUtils.moveTile - [moveTile.py:1049] - DEBUG - moveTile loop time: 57.0 ms
2026-06-01 21:11:57,245 - picamera2.picamera2 - [picamera2.py:1391] - DEBUG - Execute job: <picamera2.job.Job object at 0x7f88d03d50>
2026-06-01 21:11:57,248 - mazeUtils.device.camera - [camera.py:37] - DEBUG - Average HSV: H=35.2, S=66.8, V=96.4
2026-06-01 21:11:57,296 - mazeUtils.moveTile - [moveTile.py:80] - DEBUG - roll: 0.6800000000000068 deg, practicalMoveTime: 0.39754101950548226 sec
2026-06-01 21:11:57,297 - mazeUtils.moveTile - [moveTile.py:1049] - DEBUG - moveTile loop time: 55.5 ms
2026-06-01 21:11:57,304 - picamera2.picamera2 - [picamera2.py:1391] - DEBUG - Execute job: <picamera2.job.Job object at 0x7f93993fd0>
2026-06-01 21:11:57,306 - mazeUtils.device.camera - [camera.py:37] - DEBUG - Average HSV: H=21.7, S=76.4, V=91.9
2026-06-01 21:11:57,355 - mazeUtils.moveTile - [moveTile.py:80] - DEBUG - roll: 0.37000000000000455 deg, practicalMoveTime: 0.4470735207322507 sec
2026-06-01 21:11:57,356 - mazeUtils.moveTile - [moveTile.py:1049] - DEBUG - moveTile loop time: 58.6 ms
2026-06-01 21:11:57,360 - picamera2.picamera2 - [picamera2.py:1391] - DEBUG - Execute job: <picamera2.job.Job object at 0x7f88d03d50>
2026-06-01 21:11:57,363 - mazeUtils.device.camera - [camera.py:37] - DEBUG - Average HSV: H=22.3, S=74.8, V=89.0
2026-06-01 21:11:57,411 - mazeUtils.moveTile - [moveTile.py:80] - DEBUG - roll: 0.29000000000002046 deg, practicalMoveTime: 0.4942475370945161 sec
2026-06-01 21:11:57,412 - mazeUtils.moveTile - [moveTile.py:1049] - DEBUG - moveTile loop time: 55.8 ms
2026-06-01 21:11:57,417 - picamera2.picamera2 - [picamera2.py:1391] - DEBUG - Execute job: <picamera2.job.Job object at 0x7f88d03d50>
2026-06-01 21:11:57,420 - mazeUtils.device.camera - [camera.py:37] - DEBUG - Average HSV: H=38.4, S=67.5, V=88.8
2026-06-01 21:11:57,472 - mazeUtils.moveTile - [moveTile.py:80] - DEBUG - roll: 0.160000000000025 deg, practicalMoveTime: 0.5457397412582015 sec
2026-06-01 21:11:57,473 - mazeUtils.moveTile - [moveTile.py:1049] - DEBUG - moveTile loop time: 61.0 ms
2026-06-01 21:11:57,478 - picamera2.picamera2 - [picamera2.py:1391] - DEBUG - Execute job: <picamera2.job.Job object at 0x7f93993f50>
2026-06-01 21:11:57,482 - mazeUtils.device.camera - [camera.py:37] - DEBUG - Average HSV: H=27.6, S=72.6, V=84.3
2026-06-01 21:11:57,531 - mazeUtils.moveTile - [moveTile.py:80] - DEBUG - roll: 0.03000000000002956 deg, practicalMoveTime: 0.5951083067259718 sec
2026-06-01 21:11:57,532 - mazeUtils.moveTile - [moveTile.py:1049] - DEBUG - moveTile loop time: 58.3 ms
2026-06-01 21:11:57,538 - picamera2.picamera2 - [picamera2.py:1391] - DEBUG - Execute job: <picamera2.job.Job object at 0x7f88ce31d0>
2026-06-01 21:11:57,542 - mazeUtils.device.camera - [camera.py:37] - DEBUG - Average HSV: H=51.9, S=67.4, V=80.0
2026-06-01 21:11:57,591 - mazeUtils.moveTile - [moveTile.py:80] - DEBUG - roll: 0.28000000000002956 deg, practicalMoveTime: 0.6452113132334232 sec
2026-06-01 21:11:57,591 - mazeUtils.moveTile - [moveTile.py:1049] - DEBUG - moveTile loop time: 59.4 ms
2026-06-01 21:11:57,596 - picamera2.picamera2 - [picamera2.py:1391] - DEBUG - Execute job: <picamera2.job.Job object at 0x7f88ce31d0>
2026-06-01 21:11:57,601 - mazeUtils.device.camera - [camera.py:37] - DEBUG - Average HSV: H=62.8, S=66.2, V=68.6
2026-06-01 21:11:57,651 - mazeUtils.moveTile - [moveTile.py:80] - DEBUG - roll: 0.2699999999999818 deg, practicalMoveTime: 0.6958945588034058 sec
2026-06-01 21:11:57,651 - mazeUtils.moveTile - [moveTile.py:1049] - DEBUG - moveTile loop time: 59.9 ms
2026-06-01 21:11:57,657 - picamera2.picamera2 - [picamera2.py:1391] - DEBUG - Execute job: <picamera2.job.Job object at 0x7f88ce36d0>
2026-06-01 21:11:57,660 - mazeUtils.device.camera - [camera.py:37] - DEBUG - Average HSV: H=113.8, S=73.7, V=31.5
2026-06-01 21:11:57,710 - mazeUtils.moveTile - [moveTile.py:80] - DEBUG - roll: 0.12999999999999545 deg, practicalMoveTime: 0.7453904741282193 sec
2026-06-01 21:11:57,710 - mazeUtils.moveTile - [moveTile.py:1049] - DEBUG - moveTile loop time: 58.4 ms
2026-06-01 21:11:57,715 - picamera2.picamera2 - [picamera2.py:1391] - DEBUG - Execute job: <picamera2.job.Job object at 0x7f88d03fd0>
2026-06-01 21:11:57,719 - mazeUtils.device.camera - [camera.py:37] - DEBUG - Average HSV: H=91.4, S=67.4, V=40.7
2026-06-01 21:11:57,766 - mazeUtils.moveTile - [moveTile.py:80] - DEBUG - roll: 0.05000000000001137 deg, practicalMoveTime: 0.7924055867460528 sec
2026-06-01 21:11:57,766 - mazeUtils.moveTile - [moveTile.py:1049] - DEBUG - moveTile loop time: 55.6 ms
2026-06-01 21:11:57,770 - picamera2.picamera2 - [picamera2.py:1391] - DEBUG - Execute job: <picamera2.job.Job object at 0x7f88d03e90>
2026-06-01 21:11:57,773 - mazeUtils.device.camera - [camera.py:37] - DEBUG - Average HSV: H=66.6, S=74.4, V=29.6
2026-06-01 21:11:57,824 - mazeUtils.moveTile - [moveTile.py:80] - DEBUG - roll: 359.91 deg, practicalMoveTime: 0.8506826449764932 sec
2026-06-01 21:11:57,825 - mazeUtils.moveTile - [moveTile.py:1049] - DEBUG - moveTile loop time: 58.8 ms
2026-06-01 21:11:57,829 - picamera2.picamera2 - [picamera2.py:1391] - DEBUG - Execute job: <picamera2.job.Job object at 0x7f88d02c90>
2026-06-01 21:11:57,832 - mazeUtils.device.camera - [camera.py:37] - DEBUG - Average HSV: H=23.5, S=80.3, V=66.1
2026-06-01 21:11:57,881 - mazeUtils.moveTile - [moveTile.py:80] - DEBUG - roll: 0.2400000000000091 deg, practicalMoveTime: 0.8981148303036314 sec
2026-06-01 21:11:57,881 - mazeUtils.moveTile - [moveTile.py:1049] - DEBUG - moveTile loop time: 56.0 ms
2026-06-01 21:11:57,885 - picamera2.picamera2 - [picamera2.py:1391] - DEBUG - Execute job: <picamera2.job.Job object at 0x7f88d03d50>
2026-06-01 21:11:57,888 - mazeUtils.device.camera - [camera.py:37] - DEBUG - Average HSV: H=15.5, S=93.1, V=68.0
2026-06-01 21:11:57,939 - mazeUtils.moveTile - [moveTile.py:80] - DEBUG - roll: 0.03000000000002956 deg, practicalMoveTime: 0.9469850652466028 sec
2026-06-01 21:11:57,940 - mazeUtils.moveTile - [moveTile.py:1049] - DEBUG - moveTile loop time: 58.1 ms
2026-06-01 21:11:57,946 - picamera2.picamera2 - [picamera2.py:1391] - DEBUG - Execute job: <picamera2.job.Job object at 0x7f88d03d50>
2026-06-01 21:11:57,949 - mazeUtils.device.camera - [camera.py:37] - DEBUG - Average HSV: H=11.1, S=98.9, V=67.8
2026-06-01 21:11:57,999 - mazeUtils.moveTile - [moveTile.py:80] - DEBUG - roll: 0.4800000000000182 deg, practicalMoveTime: 0.9968648088643624 sec
2026-06-01 21:11:57,999 - mazeUtils.moveTile - [moveTile.py:1049] - DEBUG - moveTile loop time: 58.7 ms
2026-06-01 21:11:58,003 - picamera2.picamera2 - [picamera2.py:1391] - DEBUG - Execute job: <picamera2.job.Job object at 0x7f88ce36d0>
2026-06-01 21:11:58,006 - mazeUtils.device.camera - [camera.py:37] - DEBUG - Average HSV: H=29.5, S=91.0, V=63.1
2026-06-01 21:11:58,054 - mazeUtils.moveTile - [moveTile.py:1004] - INFO - practicalVerticalMove: 0.26098470234515736 CM
2026-06-01 21:11:58,140 - mazeUtils.moveTile - [moveTile.py:80] - DEBUG - Little forward to adjust position
2026-06-01 21:11:58,596 - __main__ - [main.py:84] - INFO - Current position: (20, 19, 1), front direction: absDirection.NORTH
Layer 0 (altitude=0.0cm, offset=(0.0cm, 0.0cm)):
Known map area: x=20..20, y=20..20
+   +
| S  
+---+
Layer 1 (altitude=15.0cm, offset=(0.0cm, -60.0cm)):
Known map area: x=20..20, y=19..20
+   +
| @  
+   +
| E |
+   +
2026-06-01 21:13:21,979 - __main__ - [main.py:144] - INFO - Program interrupted by user.
2026-06-01 21:13:23,069 - mazeUtils.device.stm - [stm.py:215] - DEBUG - ACK resynchronized: type=STS_MOTOR dropped=24B seq=26
2026-06-01 21:13:23,080 - picamera2.picamera2 - [picamera2.py:1391] - DEBUG - Execute job: <picamera2.job.Job object at 0x7fb84466d0>
2026-06-01 21:13:23,098 - picamera2.picamera2 - [picamera2.py:1323] - INFO - Camera stopped
2026-06-01 21:13:23,299 - picamera2.picamera2 - [picamera2.py:1329] - DEBUG - Camera was not started
2026-06-01 21:13:23,501 - picamera2.picamera2 - [picamera2.py:723] - INFO - Camera closed successfully.
2026-06-01 21:13:23,683 - picamera2.picamera2 - [picamera2.py:500] - DEBUG - Resources now free: <picamera2.picamera2.Picamera2 object at 0x7fabbd9850>
