2026-06-21 15:26:44,901 - root - [logging_config.py:61] - INFO - Logging initialized. Log file: /home/tuton/Kanto2026RPi/src/config/../logs/robot_20260621_152644.log
2026-06-21 15:26:47,142 - mazeUtils.device.LiDAR - [LiDAR.py:36] - INFO - Available ports: <ydlidar.Str2strMap; proxy of <Swig Object of type 'std::map< std::string,std::string > *' at 0x7f8d52f600> >
2026-06-21 15:26:51,130 - mazeUtils.moveTile - [moveTile.py:529] - DEBUG - Direction: absDirection.NORTH, Angle: 0, Distance: 63.45311642464409 cm
2026-06-21 15:26:51,131 - mazeUtils.moveTile - [moveTile.py:553] - DEBUG - Front LiDAR distance: 63.45311642464409 cm, TSD10 distance: 1.0 cm
2026-06-21 15:26:51,134 - mazeUtils.moveTile - [moveTile.py:529] - DEBUG - Direction: absDirection.EAST, Angle: 270, Distance: 16.537618047303113 cm
2026-06-21 15:26:51,137 - mazeUtils.moveTile - [moveTile.py:529] - DEBUG - Direction: absDirection.SOUTH, Angle: 180, Distance: 20.75708764043057 cm
2026-06-21 15:26:51,139 - mazeUtils.moveTile - [moveTile.py:529] - DEBUG - Direction: absDirection.WEST, Angle: 90, Distance: 17.910903580606526 cm
2026-06-21 15:26:51,141 - __main__ - [main.py:69] - INFO - Initial Map:
2026-06-21 15:26:51,177 - __main__ - [main.py:70] - INFO - Current position: (20, 20, 0), front direction: absDirection.NORTH
Layer 0 (altitude=0.0cm, offset=(0.0cm, 0.0cm)):
Known map area: x=20..20, y=20..20
+   +
| @ |
+---+
mazeAsGraph[0][20][20] = {absDirection.NORTH: (20, 19, 0, 30), absDirection.EAST: None, absDirection.SOUTH: None, absDirection.WEST: None}
2026-06-21 15:26:51,180 - mazeUtils.mazeMap - [mazeMap.py:61] - INFO - next goal: (20, 19, 0)
2026-06-21 15:26:51,182 - __main__ - [main.py:73] - INFO - Next Direction: [<absDirection.NORTH: 0>]
2026-06-21 15:26:51,183 - __main__ - [main.py:74] - INFO - Exploration started.
2026-06-21 15:26:51,191 - mazeUtils.moveTile - [moveTile.py:79] - DEBUG - Moving to absDirection.NORTH from (20, 20, 0) facing absDirection.NORTH
2026-06-21 15:26:51,225 - mazeUtils.moveTile - [moveTile.py:79] - DEBUG - current heading: 0.020000000000010232 target: 0
2026-06-21 15:26:51,246 - mazeUtils.moveTile - [moveTile.py:404] - DEBUG - stopped turning at heading: 0.020000000000010232, diff: 0.020000000000010232
2026-06-21 15:26:51,290 - mazeUtils.moveTile - [moveTile.py:79] - DEBUG - Turned to heading: 0.020000000000010232 deg
2026-06-21 15:26:51,407 - mazeUtils.moveTile - [moveTile.py:79] - DEBUG - Little backward to adjust position
2026-06-21 15:26:51,714 - picamera2.picamera2 - [picamera2.py:1391] - DEBUG - Execute job: <picamera2.job.Job object at 0x7f5a02db90>
2026-06-21 15:26:51,721 - mazeUtils.device.camera - [camera.py:39] - DEBUG - Average HSV: H=157.5, S=24.5, V=203.5
2026-06-21 15:26:51,756 - mazeUtils.moveTile - [moveTile.py:79] - DEBUG - roll: 1.160000000000025 deg, practicalMoveTime: 0.05140037733538563 sec
2026-06-21 15:26:51,756 - mazeUtils.moveTile - [moveTile.py:1426] - DEBUG - moveTile loop time: 49.6 ms
2026-06-21 15:26:51,761 - picamera2.picamera2 - [picamera2.py:1391] - DEBUG - Execute job: <picamera2.job.Job object at 0x7f5a02dbd0>
2026-06-21 15:26:51,766 - mazeUtils.device.camera - [camera.py:39] - DEBUG - Average HSV: H=158.0, S=24.7, V=203.2
2026-06-21 15:26:51,795 - mazeUtils.moveTile - [moveTile.py:79] - DEBUG - roll: 1.0600000000000023 deg, practicalMoveTime: 0.09040637164582963 sec
2026-06-21 15:26:51,796 - mazeUtils.moveTile - [moveTile.py:1426] - DEBUG - moveTile loop time: 39.3 ms
2026-06-21 15:26:51,802 - picamera2.picamera2 - [picamera2.py:1391] - DEBUG - Execute job: <picamera2.job.Job object at 0x7f743ed190>
2026-06-21 15:26:51,805 - mazeUtils.device.camera - [camera.py:39] - DEBUG - Average HSV: H=159.8, S=24.8, V=204.9
2026-06-21 15:26:51,848 - mazeUtils.moveTile - [moveTile.py:79] - DEBUG - roll: 359.72 deg, practicalMoveTime: 0.14198880737520658 sec
2026-06-21 15:26:51,848 - mazeUtils.moveTile - [moveTile.py:1426] - DEBUG - moveTile loop time: 51.9 ms
2026-06-21 15:26:51,854 - picamera2.picamera2 - [picamera2.py:1391] - DEBUG - Execute job: <picamera2.job.Job object at 0x7f743df510>
2026-06-21 15:26:51,859 - mazeUtils.device.camera - [camera.py:39] - DEBUG - Average HSV: H=160.6, S=24.7, V=205.3
2026-06-21 15:26:51,890 - mazeUtils.moveTile - [moveTile.py:79] - DEBUG - roll: 1.8500000000000227 deg, practicalMoveTime: 0.1836247803199024 sec
2026-06-21 15:26:51,890 - mazeUtils.moveTile - [moveTile.py:1426] - DEBUG - moveTile loop time: 41.9 ms
2026-06-21 15:26:51,895 - picamera2.picamera2 - [picamera2.py:1391] - DEBUG - Execute job: <picamera2.job.Job object at 0x7f743552d0>
2026-06-21 15:26:51,899 - mazeUtils.device.camera - [camera.py:39] - DEBUG - Average HSV: H=160.1, S=24.2, V=206.5
2026-06-21 15:26:51,928 - mazeUtils.moveTile - [moveTile.py:79] - DEBUG - roll: 0.6800000000000068 deg, practicalMoveTime: 0.22099998224166953 sec
2026-06-21 15:26:51,928 - mazeUtils.moveTile - [moveTile.py:1426] - DEBUG - moveTile loop time: 37.6 ms
2026-06-21 15:26:51,936 - picamera2.picamera2 - [picamera2.py:1391] - DEBUG - Execute job: <picamera2.job.Job object at 0x7f5a02dbd0>
2026-06-21 15:26:51,940 - mazeUtils.device.camera - [camera.py:39] - DEBUG - Average HSV: H=162.9, S=24.5, V=207.6
2026-06-21 15:26:51,967 - mazeUtils.moveTile - [moveTile.py:79] - DEBUG - roll: 0.12999999999999545 deg, practicalMoveTime: 0.2598981117159996 sec
2026-06-21 15:26:51,967 - mazeUtils.moveTile - [moveTile.py:1426] - DEBUG - moveTile loop time: 39.2 ms
2026-06-21 15:26:51,974 - picamera2.picamera2 - [picamera2.py:1391] - DEBUG - Execute job: <picamera2.job.Job object at 0x7f5a02dbd0>
2026-06-21 15:26:51,977 - mazeUtils.device.camera - [camera.py:39] - DEBUG - Average HSV: H=162.3, S=23.5, V=208.8
2026-06-21 15:26:52,008 - mazeUtils.moveTile - [moveTile.py:79] - DEBUG - roll: 1.330000000000041 deg, practicalMoveTime: 0.30006439458833567 sec
2026-06-21 15:26:52,008 - mazeUtils.moveTile - [moveTile.py:1426] - DEBUG - moveTile loop time: 40.4 ms
2026-06-21 15:26:52,012 - picamera2.picamera2 - [picamera2.py:1391] - DEBUG - Execute job: <picamera2.job.Job object at 0x7f743edb50>
2026-06-21 15:26:52,015 - mazeUtils.device.camera - [camera.py:39] - DEBUG - Average HSV: H=159.4, S=22.4, V=210.3
2026-06-21 15:26:52,046 - mazeUtils.moveTile - [moveTile.py:79] - DEBUG - roll: 1.6400000000000432 deg, practicalMoveTime: 0.3380970765630375 sec
2026-06-21 15:26:52,047 - mazeUtils.moveTile - [moveTile.py:1426] - DEBUG - moveTile loop time: 38.3 ms
2026-06-21 15:26:52,055 - picamera2.picamera2 - [picamera2.py:1391] - DEBUG - Execute job: <picamera2.job.Job object at 0x7f5a02dbd0>
2026-06-21 15:26:52,059 - mazeUtils.device.camera - [camera.py:39] - DEBUG - Average HSV: H=162.0, S=22.0, V=212.8
2026-06-21 15:26:52,089 - mazeUtils.moveTile - [moveTile.py:79] - DEBUG - roll: 359.98 deg, practicalMoveTime: 0.3801665091196499 sec
2026-06-21 15:26:52,089 - mazeUtils.moveTile - [moveTile.py:1426] - DEBUG - moveTile loop time: 42.4 ms
2026-06-21 15:26:52,102 - picamera2.picamera2 - [picamera2.py:1391] - DEBUG - Execute job: <picamera2.job.Job object at 0x7f743ed190>
2026-06-21 15:26:52,105 - mazeUtils.device.camera - [camera.py:39] - DEBUG - Average HSV: H=156.6, S=18.1, V=216.9
2026-06-21 15:26:52,136 - mazeUtils.moveTile - [moveTile.py:79] - DEBUG - roll: 1.1400000000000432 deg, practicalMoveTime: 0.42676144107276565 sec
2026-06-21 15:26:52,136 - mazeUtils.moveTile - [moveTile.py:1426] - DEBUG - moveTile loop time: 46.6 ms
2026-06-21 15:26:52,145 - picamera2.picamera2 - [picamera2.py:1391] - DEBUG - Execute job: <picamera2.job.Job object at 0x7f5a02dbd0>
2026-06-21 15:26:52,149 - mazeUtils.device.camera - [camera.py:39] - DEBUG - Average HSV: H=156.6, S=18.2, V=217.4
2026-06-21 15:26:52,179 - mazeUtils.moveTile - [moveTile.py:79] - DEBUG - roll: 359.89000000000004 deg, practicalMoveTime: 0.46952745646540506 sec
2026-06-21 15:26:52,180 - mazeUtils.moveTile - [moveTile.py:1426] - DEBUG - moveTile loop time: 43.0 ms
2026-06-21 15:26:52,184 - picamera2.picamera2 - [picamera2.py:1391] - DEBUG - Execute job: <picamera2.job.Job object at 0x7f75496690>
2026-06-21 15:26:52,187 - mazeUtils.device.camera - [camera.py:39] - DEBUG - Average HSV: H=156.8, S=18.1, V=218.2
2026-06-21 15:26:52,214 - mazeUtils.moveTile - [moveTile.py:79] - DEBUG - roll: 0.2300000000000182 deg, practicalMoveTime: 0.5037657574901228 sec
2026-06-21 15:26:52,214 - mazeUtils.moveTile - [moveTile.py:1426] - DEBUG - moveTile loop time: 34.5 ms
2026-06-21 15:26:52,218 - picamera2.picamera2 - [picamera2.py:1391] - DEBUG - Execute job: <picamera2.job.Job object at 0x7f743ed190>
2026-06-21 15:26:52,222 - mazeUtils.device.camera - [camera.py:39] - DEBUG - Average HSV: H=156.0, S=17.3, V=218.0
2026-06-21 15:26:52,251 - mazeUtils.moveTile - [moveTile.py:79] - DEBUG - roll: 0.5400000000000205 deg, practicalMoveTime: 0.5405399515771437 sec
2026-06-21 15:26:52,252 - mazeUtils.moveTile - [moveTile.py:1426] - DEBUG - moveTile loop time: 37.0 ms
2026-06-21 15:26:52,257 - picamera2.picamera2 - [picamera2.py:1391] - DEBUG - Execute job: <picamera2.job.Job object at 0x7f7439b990>
2026-06-21 15:26:52,260 - mazeUtils.device.camera - [camera.py:39] - DEBUG - Average HSV: H=157.8, S=17.2, V=223.7
2026-06-21 15:26:52,287 - mazeUtils.moveTile - [moveTile.py:79] - DEBUG - roll: 359.34000000000003 deg, practicalMoveTime: 0.5753717870074039 sec
2026-06-21 15:26:52,287 - mazeUtils.moveTile - [moveTile.py:1426] - DEBUG - moveTile loop time: 35.1 ms
2026-06-21 15:26:52,291 - picamera2.picamera2 - [picamera2.py:1391] - DEBUG - Execute job: <picamera2.job.Job object at 0x7f743ed190>
2026-06-21 15:26:52,295 - mazeUtils.device.camera - [camera.py:39] - DEBUG - Average HSV: H=150.5, S=16.6, V=229.4
2026-06-21 15:26:52,324 - mazeUtils.moveTile - [moveTile.py:79] - DEBUG - roll: 358.87 deg, practicalMoveTime: 0.6125993288827087 sec
2026-06-21 15:26:52,325 - mazeUtils.moveTile - [moveTile.py:1426] - DEBUG - moveTile loop time: 37.5 ms
2026-06-21 15:26:52,332 - picamera2.picamera2 - [picamera2.py:1391] - DEBUG - Execute job: <picamera2.job.Job object at 0x7f5a02dbd0>
2026-06-21 15:26:52,336 - mazeUtils.device.camera - [camera.py:39] - DEBUG - Average HSV: H=166.7, S=14.8, V=234.2
2026-06-21 15:26:52,366 - mazeUtils.moveTile - [moveTile.py:79] - DEBUG - roll: 0.8400000000000318 deg, practicalMoveTime: 0.65362484962982 sec
2026-06-21 15:26:52,366 - mazeUtils.moveTile - [moveTile.py:1426] - DEBUG - moveTile loop time: 41.3 ms
2026-06-21 15:26:52,376 - picamera2.picamera2 - [picamera2.py:1391] - DEBUG - Execute job: <picamera2.job.Job object at 0x7f743edb50>
2026-06-21 15:26:52,380 - mazeUtils.device.camera - [camera.py:39] - DEBUG - Average HSV: H=153.0, S=16.5, V=235.0
2026-06-21 15:26:52,980 - mazeUtils.moveTile - [moveTile.py:797] - INFO - Detected victim info ahead: {<Side.LEFT: 0>: <UnitVStatus.NOTHING: 0>, <Side.RIGHT: 1>: <UnitVStatus.U_VICTIM: 1>}
2026-06-21 15:27:03,108 - mazeUtils.moveTile - [moveTile.py:79] - DEBUG - Turning to 0.28000000000000114 deg, current heading: 0.28000000000000114 deg, turnAngle: 0.0 deg
2026-06-21 15:27:03,129 - mazeUtils.moveTile - [moveTile.py:79] - DEBUG - Turned to heading: 0.28000000000000114 deg
2026-06-21 15:27:03,668 - mazeUtils.moveTile - [moveTile.py:79] - DEBUG - roll: 0.4600000000000364 deg, practicalMoveTime: 0.65362484962982 sec
2026-06-21 15:27:03,669 - mazeUtils.moveTile - [moveTile.py:1426] - DEBUG - moveTile loop time: 11302.4 ms
2026-06-21 15:27:03,678 - picamera2.picamera2 - [picamera2.py:1391] - DEBUG - Execute job: <picamera2.job.Job object at 0x7f590bd6d0>
2026-06-21 15:27:03,683 - mazeUtils.device.camera - [camera.py:39] - DEBUG - Average HSV: H=167.8, S=18.4, V=226.1
2026-06-21 15:27:03,713 - mazeUtils.moveTile - [moveTile.py:79] - DEBUG - roll: 0.6899999999999977 deg, practicalMoveTime: 0.6974966471294514 sec
2026-06-21 15:27:03,714 - mazeUtils.moveTile - [moveTile.py:1426] - DEBUG - moveTile loop time: 44.2 ms
2026-06-21 15:27:03,719 - picamera2.picamera2 - [picamera2.py:1391] - DEBUG - Execute job: <picamera2.job.Job object at 0x7f590bd5d0>
2026-06-21 15:27:03,724 - mazeUtils.device.camera - [camera.py:39] - DEBUG - Average HSV: H=167.6, S=18.5, V=225.8
2026-06-21 15:27:03,753 - mazeUtils.moveTile - [moveTile.py:79] - DEBUG - roll: 0.3300000000000409 deg, practicalMoveTime: 0.7365005644704912 sec
2026-06-21 15:27:03,753 - mazeUtils.moveTile - [moveTile.py:1426] - DEBUG - moveTile loop time: 39.2 ms
2026-06-21 15:27:03,760 - picamera2.picamera2 - [picamera2.py:1391] - DEBUG - Execute job: <picamera2.job.Job object at 0x7f590bd750>
2026-06-21 15:27:03,768 - mazeUtils.device.camera - [camera.py:39] - DEBUG - Average HSV: H=168.0, S=18.5, V=226.0
2026-06-21 15:27:03,799 - mazeUtils.moveTile - [moveTile.py:79] - DEBUG - roll: 0.29000000000002046 deg, practicalMoveTime: 0.7822422518822182 sec
2026-06-21 15:27:03,800 - mazeUtils.moveTile - [moveTile.py:1426] - DEBUG - moveTile loop time: 46.0 ms
2026-06-21 15:27:03,805 - picamera2.picamera2 - [picamera2.py:1391] - DEBUG - Execute job: <picamera2.job.Job object at 0x7f7439b990>
2026-06-21 15:27:03,809 - mazeUtils.device.camera - [camera.py:39] - DEBUG - Average HSV: H=166.5, S=18.4, V=226.6
2026-06-21 15:27:03,843 - mazeUtils.moveTile - [moveTile.py:79] - DEBUG - roll: 0.34000000000003183 deg, practicalMoveTime: 0.8259898603653855 sec
2026-06-21 15:27:03,844 - mazeUtils.moveTile - [moveTile.py:1426] - DEBUG - moveTile loop time: 44.1 ms
2026-06-21 15:27:03,855 - picamera2.picamera2 - [picamera2.py:1391] - DEBUG - Execute job: <picamera2.job.Job object at 0x7f590bd450>
2026-06-21 15:27:03,859 - mazeUtils.device.camera - [camera.py:39] - DEBUG - Average HSV: H=163.8, S=22.2, V=215.5
2026-06-21 15:27:03,897 - mazeUtils.moveTile - [moveTile.py:1371] - INFO - practicalVerticalMove: 0.2787421688297957 CM
2026-06-21 15:27:03,942 - mazeUtils.moveTile - [moveTile.py:79] - DEBUG - Little forward to adjust position
2026-06-21 15:27:04,063 - mazeUtils.moveTile - [moveTile.py:1641] - INFO - Set moved vertical distance: 0.2787421688297957 cm, past distances: [(0, False), (0, False), (0, False)]
2026-06-21 15:27:04,149 - mazeUtils.moveTile - [moveTile.py:529] - DEBUG - Direction: absDirection.NORTH, Angle: 0, Distance: 14.152729042450574 cm
2026-06-21 15:27:04,150 - mazeUtils.moveTile - [moveTile.py:553] - DEBUG - Front LiDAR distance: 14.152729042450574 cm, TSD10 distance: 4.5 cm
2026-06-21 15:27:04,152 - mazeUtils.moveTile - [moveTile.py:529] - DEBUG - Direction: absDirection.EAST, Angle: 270, Distance: 16.574371625525544 cm
2026-06-21 15:27:04,154 - mazeUtils.moveTile - [moveTile.py:529] - DEBUG - Direction: absDirection.SOUTH, Angle: 180, Distance: 52.79494566941624 cm
2026-06-21 15:27:04,156 - mazeUtils.moveTile - [moveTile.py:529] - DEBUG - Direction: absDirection.WEST, Angle: 90, Distance: 15.640311327523312 cm
2026-06-21 15:27:04,159 - mazeUtils.moveTile - [moveTile.py:1770] - INFO - Tile color detection counts: {}, decided tile type: E
2026-06-21 15:27:04,231 - __main__ - [main.py:91] - INFO - Current position: (20, 19, 0), front direction: absDirection.NORTH
Layer 0 (altitude=0.0cm, offset=(0.0cm, 0.0cm)):
Known map area: x=20..20, y=19..20
+---+
| @ |
+   +
| S |
+---+
mazeAsGraph[0][19][20] = {absDirection.NORTH: None, absDirection.EAST: None, absDirection.SOUTH: (20, 20, 0, 30), absDirection.WEST: None}
mazeAsGraph[0][20][20] = {absDirection.NORTH: (20, 19, 0, 30), absDirection.EAST: None, absDirection.SOUTH: None, absDirection.WEST: None}
2026-06-21 15:27:04,250 - mazeUtils.mazeMap - [mazeMap.py:61] - INFO - next goal: (20, 20, 0)
2026-06-21 15:27:04,251 - __main__ - [main.py:110] - INFO - Return Path: [<absDirection.SOUTH: 180>]
2026-06-21 15:27:04,257 - mazeUtils.moveTile - [moveTile.py:79] - DEBUG - Moving to absDirection.SOUTH from (20, 19, 0) facing absDirection.NORTH
2026-06-21 15:27:04,284 - mazeUtils.moveTile - [moveTile.py:79] - DEBUG - current heading: 358.93 target: 45
2026-06-21 15:27:04,850 - mazeUtils.moveTile - [moveTile.py:404] - DEBUG - stopped turning at heading: 39.45, diff: 5.549999999999997
2026-06-21 15:27:04,935 - mazeUtils.moveTile - [moveTile.py:79] - DEBUG - Turned to heading: 43.14 deg
2026-06-21 15:27:05,473 - mazeUtils.moveTile - [moveTile.py:79] - DEBUG - current heading: 43.10000000000001 target: 90
2026-06-21 15:27:06,327 - mazeUtils.moveTile - [moveTile.py:404] - DEBUG - stopped turning at heading: 84.17999999999999, diff: 5.820000000000007
2026-06-21 15:27:06,374 - mazeUtils.moveTile - [moveTile.py:79] - DEBUG - Turned to heading: 88.83 deg
2026-06-21 15:27:06,403 - mazeUtils.moveTile - [moveTile.py:79] - DEBUG - current heading: 90.92999999999999 target: 135
2026-06-21 15:27:06,836 - mazeUtils.moveTile - [moveTile.py:404] - DEBUG - stopped turning at heading: 130.47000000000003, diff: 4.529999999999973
2026-06-21 15:27:06,888 - mazeUtils.moveTile - [moveTile.py:79] - DEBUG - Turned to heading: 135.25 deg
2026-06-21 15:27:07,421 - mazeUtils.moveTile - [moveTile.py:79] - DEBUG - current heading: 138.26999999999998 target: 180
2026-06-21 15:27:07,808 - mazeUtils.moveTile - [moveTile.py:404] - DEBUG - stopped turning at heading: 175.98000000000002, diff: 4.019999999999982
2026-06-21 15:27:07,856 - mazeUtils.moveTile - [moveTile.py:79] - DEBUG - Turned to heading: 180.39999999999998 deg
2026-06-21 15:27:07,944 - mazeUtils.moveTile - [moveTile.py:79] - DEBUG - Little backward to adjust position
2026-06-21 15:27:08,246 - mazeUtils.moveTile - [moveTile.py:1218] - DEBUG - Calculated target steps to next tile: 1 based on distance 30 cm
2026-06-21 15:27:08,252 - picamera2.picamera2 - [picamera2.py:1391] - DEBUG - Execute job: <picamera2.job.Job object at 0x7f743ca9d0>
2026-06-21 15:27:08,255 - mazeUtils.device.camera - [camera.py:39] - DEBUG - Average HSV: H=100.1, S=23.5, V=219.5
2026-06-21 15:27:08,288 - mazeUtils.moveTile - [moveTile.py:79] - DEBUG - roll: 1.6200000000000045 deg, practicalMoveTime: 0.04171110302082068 sec
2026-06-21 15:27:08,288 - mazeUtils.moveTile - [moveTile.py:1426] - DEBUG - moveTile loop time: 40.3 ms
2026-06-21 15:27:08,294 - picamera2.picamera2 - [picamera2.py:1391] - DEBUG - Execute job: <picamera2.job.Job object at 0x7f5a11d110>
2026-06-21 15:27:08,297 - mazeUtils.device.camera - [camera.py:39] - DEBUG - Average HSV: H=99.7, S=23.4, V=220.4
2026-06-21 15:27:08,328 - mazeUtils.moveTile - [moveTile.py:79] - DEBUG - roll: 1.830000000000041 deg, practicalMoveTime: 0.08117379781237043 sec
2026-06-21 15:27:08,328 - mazeUtils.moveTile - [moveTile.py:1426] - DEBUG - moveTile loop time: 39.8 ms
2026-06-21 15:27:08,339 - picamera2.picamera2 - [picamera2.py:1391] - DEBUG - Execute job: <picamera2.job.Job object at 0x7f743e1d10>
2026-06-21 15:27:08,343 - mazeUtils.device.camera - [camera.py:39] - DEBUG - Average HSV: H=112.4, S=22.2, V=219.5
2026-06-21 15:27:08,371 - mazeUtils.moveTile - [moveTile.py:79] - DEBUG - roll: 1.5900000000000318 deg, practicalMoveTime: 0.12352399023593741 sec
2026-06-21 15:27:08,371 - mazeUtils.moveTile - [moveTile.py:1426] - DEBUG - moveTile loop time: 42.6 ms
2026-06-21 15:27:08,376 - picamera2.picamera2 - [picamera2.py:1391] - DEBUG - Execute job: <picamera2.job.Job object at 0x7f590bd650>
2026-06-21 15:27:08,379 - mazeUtils.device.camera - [camera.py:39] - DEBUG - Average HSV: H=120.6, S=23.7, V=216.4
2026-06-21 15:27:08,408 - mazeUtils.moveTile - [moveTile.py:79] - DEBUG - roll: 3.32000000000005 deg, practicalMoveTime: 0.1601286069020879 sec
2026-06-21 15:27:08,408 - mazeUtils.moveTile - [moveTile.py:1426] - DEBUG - moveTile loop time: 37.1 ms
2026-06-21 15:27:08,414 - picamera2.picamera2 - [picamera2.py:1391] - DEBUG - Execute job: <picamera2.job.Job object at 0x7f743caa50>
2026-06-21 15:27:08,417 - mazeUtils.device.camera - [camera.py:39] - DEBUG - Average HSV: H=92.7, S=23.7, V=217.4
2026-06-21 15:27:08,454 - mazeUtils.moveTile - [moveTile.py:79] - DEBUG - roll: 359.84000000000003 deg, practicalMoveTime: 0.20559509107625534 sec
2026-06-21 15:27:08,455 - mazeUtils.moveTile - [moveTile.py:1426] - DEBUG - moveTile loop time: 45.8 ms
2026-06-21 15:27:08,459 - picamera2.picamera2 - [picamera2.py:1391] - DEBUG - Execute job: <picamera2.job.Job object at 0x7f743cbe50>
2026-06-21 15:27:08,462 - mazeUtils.device.camera - [camera.py:39] - DEBUG - Average HSV: H=81.6, S=24.7, V=215.5
2026-06-21 15:27:08,489 - mazeUtils.moveTile - [moveTile.py:79] - DEBUG - roll: 1.2700000000000387 deg, practicalMoveTime: 0.24027504264719912 sec
2026-06-21 15:27:08,490 - mazeUtils.moveTile - [moveTile.py:1426] - DEBUG - moveTile loop time: 35.0 ms
2026-06-21 15:27:08,495 - picamera2.picamera2 - [picamera2.py:1391] - DEBUG - Execute job: <picamera2.job.Job object at 0x7f743e1d10>
2026-06-21 15:27:08,498 - mazeUtils.device.camera - [camera.py:39] - DEBUG - Average HSV: H=100.1, S=24.9, V=215.5
2026-06-21 15:27:08,532 - mazeUtils.moveTile - [moveTile.py:79] - DEBUG - roll: 2.9700000000000273 deg, practicalMoveTime: 0.2818512977924142 sec
2026-06-21 15:27:08,532 - mazeUtils.moveTile - [moveTile.py:1426] - DEBUG - moveTile loop time: 42.0 ms
2026-06-21 15:27:08,539 - picamera2.picamera2 - [picamera2.py:1391] - DEBUG - Execute job: <picamera2.job.Job object at 0x7f59e16550>
2026-06-21 15:27:08,542 - mazeUtils.device.camera - [camera.py:39] - DEBUG - Average HSV: H=114.6, S=22.1, V=218.4
2026-06-21 15:27:08,569 - mazeUtils.moveTile - [moveTile.py:79] - DEBUG - roll: 1.1899999999999977 deg, practicalMoveTime: 0.3180380543837396 sec
2026-06-21 15:27:08,569 - mazeUtils.moveTile - [moveTile.py:1426] - DEBUG - moveTile loop time: 36.5 ms
2026-06-21 15:27:08,574 - picamera2.picamera2 - [picamera2.py:1391] - DEBUG - Execute job: <picamera2.job.Job object at 0x7f5a11d110>
2026-06-21 15:27:08,577 - mazeUtils.device.camera - [camera.py:39] - DEBUG - Average HSV: H=138.6, S=22.9, V=217.8
2026-06-21 15:27:08,605 - mazeUtils.moveTile - [moveTile.py:79] - DEBUG - roll: 1.830000000000041 deg, practicalMoveTime: 0.3539000818063388 sec
2026-06-21 15:27:08,606 - mazeUtils.moveTile - [moveTile.py:1426] - DEBUG - moveTile loop time: 36.0 ms
2026-06-21 15:27:08,611 - picamera2.picamera2 - [picamera2.py:1391] - DEBUG - Execute job: <picamera2.job.Job object at 0x7f5908f7d0>
2026-06-21 15:27:08,614 - mazeUtils.device.camera - [camera.py:39] - DEBUG - Average HSV: H=131.6, S=23.2, V=216.2
2026-06-21 15:27:08,647 - mazeUtils.moveTile - [moveTile.py:79] - DEBUG - roll: 1.7200000000000273 deg, practicalMoveTime: 0.39472564292630896 sec
2026-06-21 15:27:08,647 - mazeUtils.moveTile - [moveTile.py:1426] - DEBUG - moveTile loop time: 41.1 ms
2026-06-21 15:27:08,652 - picamera2.picamera2 - [picamera2.py:1391] - DEBUG - Execute job: <picamera2.job.Job object at 0x7f8632c890>
2026-06-21 15:27:08,655 - mazeUtils.device.camera - [camera.py:39] - DEBUG - Average HSV: H=152.3, S=22.2, V=213.1
2026-06-21 15:27:08,689 - mazeUtils.moveTile - [moveTile.py:79] - DEBUG - roll: 1.9800000000000182 deg, practicalMoveTime: 0.4364876030868817 sec
2026-06-21 15:27:08,689 - mazeUtils.moveTile - [moveTile.py:1426] - DEBUG - moveTile loop time: 42.1 ms
2026-06-21 15:27:08,695 - picamera2.picamera2 - [picamera2.py:1391] - DEBUG - Execute job: <picamera2.job.Job object at 0x7f59e16510>
2026-06-21 15:27:08,698 - mazeUtils.device.camera - [camera.py:39] - DEBUG - Average HSV: H=153.2, S=21.2, V=217.8
2026-06-21 15:27:08,728 - mazeUtils.moveTile - [moveTile.py:79] - DEBUG - roll: 1.7800000000000296 deg, practicalMoveTime: 0.47470767700841976 sec
2026-06-21 15:27:08,728 - mazeUtils.moveTile - [moveTile.py:1426] - DEBUG - moveTile loop time: 38.5 ms
2026-06-21 15:27:08,733 - picamera2.picamera2 - [picamera2.py:1391] - DEBUG - Execute job: <picamera2.job.Job object at 0x7f743e1d10>
2026-06-21 15:27:08,736 - mazeUtils.device.camera - [camera.py:39] - DEBUG - Average HSV: H=163.6, S=20.0, V=217.5
2026-06-21 15:27:08,771 - mazeUtils.moveTile - [moveTile.py:79] - DEBUG - roll: 1.8100000000000023 deg, practicalMoveTime: 0.5177360101781247 sec
2026-06-21 15:27:08,772 - mazeUtils.moveTile - [moveTile.py:1426] - DEBUG - moveTile loop time: 43.3 ms
2026-06-21 15:27:08,778 - picamera2.picamera2 - [picamera2.py:1391] - DEBUG - Execute job: <picamera2.job.Job object at 0x7f743caa50>
2026-06-21 15:27:08,781 - mazeUtils.device.camera - [camera.py:39] - DEBUG - Average HSV: H=151.8, S=21.8, V=214.4
2026-06-21 15:27:08,808 - mazeUtils.moveTile - [moveTile.py:79] - DEBUG - roll: 1.8100000000000023 deg, practicalMoveTime: 0.5544665609049896 sec
2026-06-21 15:27:08,810 - mazeUtils.moveTile - [moveTile.py:1426] - DEBUG - moveTile loop time: 37.8 ms
2026-06-21 15:27:08,821 - picamera2.picamera2 - [picamera2.py:1391] - DEBUG - Execute job: <picamera2.job.Job object at 0x7f59e16550>
2026-06-21 15:27:08,824 - mazeUtils.device.camera - [camera.py:39] - DEBUG - Average HSV: H=167.5, S=21.2, V=214.8
2026-06-21 15:27:08,856 - mazeUtils.moveTile - [moveTile.py:79] - DEBUG - roll: 1.580000000000041 deg, practicalMoveTime: 0.6003678057222768 sec
2026-06-21 15:27:08,856 - mazeUtils.moveTile - [moveTile.py:1426] - DEBUG - moveTile loop time: 46.1 ms
2026-06-21 15:27:08,862 - picamera2.picamera2 - [picamera2.py:1391] - DEBUG - Execute job: <picamera2.job.Job object at 0x7f590bd650>
2026-06-21 15:27:08,865 - mazeUtils.device.camera - [camera.py:39] - DEBUG - Average HSV: H=142.7, S=21.6, V=216.1
2026-06-21 15:27:08,893 - mazeUtils.moveTile - [moveTile.py:79] - DEBUG - roll: 1.6200000000000045 deg, practicalMoveTime: 0.636954243145324 sec
2026-06-21 15:27:08,893 - mazeUtils.moveTile - [moveTile.py:1426] - DEBUG - moveTile loop time: 37.0 ms
2026-06-21 15:27:08,900 - picamera2.picamera2 - [picamera2.py:1391] - DEBUG - Execute job: <picamera2.job.Job object at 0x7f743cbe50>
2026-06-21 15:27:08,904 - mazeUtils.device.camera - [camera.py:39] - DEBUG - Average HSV: H=135.8, S=24.5, V=211.0
2026-06-21 15:27:08,933 - mazeUtils.moveTile - [moveTile.py:79] - DEBUG - roll: 1.420000000000016 deg, practicalMoveTime: 0.6769659939089937 sec
2026-06-21 15:27:08,934 - mazeUtils.moveTile - [moveTile.py:1426] - DEBUG - moveTile loop time: 40.3 ms
2026-06-21 15:27:08,938 - picamera2.picamera2 - [picamera2.py:1391] - DEBUG - Execute job: <picamera2.job.Job object at 0x7f743e09d0>
2026-06-21 15:27:08,941 - mazeUtils.device.camera - [camera.py:39] - DEBUG - Average HSV: H=162.4, S=22.9, V=209.3
2026-06-21 15:27:08,969 - mazeUtils.moveTile - [moveTile.py:79] - DEBUG - roll: 1.8600000000000136 deg, practicalMoveTime: 0.7121997528142237 sec
2026-06-21 15:27:08,970 - mazeUtils.moveTile - [moveTile.py:1426] - DEBUG - moveTile loop time: 35.5 ms
2026-06-21 15:27:08,980 - picamera2.picamera2 - [picamera2.py:1391] - DEBUG - Execute job: <picamera2.job.Job object at 0x7f743e09d0>
2026-06-21 15:27:08,983 - mazeUtils.device.camera - [camera.py:39] - DEBUG - Average HSV: H=160.7, S=22.9, V=207.9
2026-06-21 15:27:09,012 - mazeUtils.moveTile - [moveTile.py:79] - DEBUG - roll: 1.3000000000000114 deg, practicalMoveTime: 0.7543587080398663 sec
2026-06-21 15:27:09,012 - mazeUtils.moveTile - [moveTile.py:1426] - DEBUG - moveTile loop time: 42.4 ms
2026-06-21 15:27:09,017 - picamera2.picamera2 - [picamera2.py:1391] - DEBUG - Execute job: <picamera2.job.Job object at 0x7f743e1d10>
2026-06-21 15:27:09,020 - mazeUtils.device.camera - [camera.py:39] - DEBUG - Average HSV: H=162.0, S=24.8, V=204.8
2026-06-21 15:27:09,052 - mazeUtils.moveTile - [moveTile.py:79] - DEBUG - roll: 1.4300000000000068 deg, practicalMoveTime: 0.7934898411447643 sec
2026-06-21 15:27:09,052 - mazeUtils.moveTile - [moveTile.py:1426] - DEBUG - moveTile loop time: 39.3 ms
2026-06-21 15:27:09,056 - picamera2.picamera2 - [picamera2.py:1391] - DEBUG - Execute job: <picamera2.job.Job object at 0x7f59e16550>
2026-06-21 15:27:09,059 - mazeUtils.device.camera - [camera.py:39] - DEBUG - Average HSV: H=152.7, S=23.6, V=206.0
2026-06-21 15:27:09,091 - mazeUtils.moveTile - [moveTile.py:79] - DEBUG - roll: 1.1299999999999955 deg, practicalMoveTime: 0.8324911106513915 sec
2026-06-21 15:27:09,092 - mazeUtils.moveTile - [moveTile.py:1426] - DEBUG - moveTile loop time: 39.3 ms
2026-06-21 15:27:09,097 - picamera2.picamera2 - [picamera2.py:1391] - DEBUG - Execute job: <picamera2.job.Job object at 0x7f590bd650>
2026-06-21 15:27:09,100 - mazeUtils.device.camera - [camera.py:39] - DEBUG - Average HSV: H=151.5, S=24.0, V=205.1
2026-06-21 15:27:09,129 - mazeUtils.moveTile - [moveTile.py:1371] - INFO - practicalVerticalMove: 0.8982599291826305 CM
2026-06-21 15:27:09,178 - mazeUtils.moveTile - [moveTile.py:79] - DEBUG - Little forward to adjust position
2026-06-21 15:27:09,840 - mazeUtils.moveTile - [moveTile.py:529] - DEBUG - Direction: absDirection.NORTH, Angle: 180, Distance: 136.80838221083837 cm
2026-06-21 15:27:09,842 - mazeUtils.moveTile - [moveTile.py:529] - DEBUG - Direction: absDirection.EAST, Angle: 90, Distance: 18.467921379238554 cm
2026-06-21 15:27:09,843 - mazeUtils.moveTile - [moveTile.py:574] - WARNING - Inconsistent wall detection at absDirection.EAST: distance=18.467921379238554 cm, map wall type=wallType.U_VICTIM
2026-06-21 15:27:09,844 - mazeUtils.moveTile - [moveTile.py:529] - DEBUG - Direction: absDirection.SOUTH, Angle: 0, Distance: 13.049121635858514 cm
2026-06-21 15:27:09,845 - mazeUtils.moveTile - [moveTile.py:529] - DEBUG - Direction: absDirection.WEST, Angle: 270, Distance: 16.055727765069733 cm
2026-06-21 15:27:09,896 - mazeUtils.device.colorsensor - [colorsensor.py:50] - WARNING - STM UART timeout
2026-06-21 15:27:09,897 - mazeUtils.moveTile - [moveTile.py:1770] - INFO - Tile color detection counts: {}, decided tile type: E
2026-06-21 15:27:09,962 - __main__ - [main.py:125] - INFO - Current position: (20, 20, 0), front direction: absDirection.SOUTH
Layer 0 (altitude=0.0cm, offset=(0.0cm, 0.0cm)):
Known map area: x=20..20, y=19..20
+---+
| E |
+   +
| @ |
+---+
mazeAsGraph[0][19][20] = {absDirection.NORTH: None, absDirection.EAST: None, absDirection.SOUTH: (20, 20, 0, 30), absDirection.WEST: None}
mazeAsGraph[0][20][20] = {absDirection.NORTH: (20, 19, 0, 30), absDirection.EAST: None, absDirection.SOUTH: None, absDirection.WEST: None}
2026-06-21 15:27:09,963 - __main__ - [main.py:129] - INFO - Robot now at the starting position, Congratulations!
2026-06-21 15:27:10,468 - mazeUtils.device.stm - [stm.py:226] - ERROR - Timeout while searching valid ACK: type=BUZZER elapsed=0.501s timeout=0.500s seq=143 payload=35 01 d2 00 64 00 00 00 64 01 5d 00 64 01 26 00 64 01 b8 00 64 01 5d 00 64 01 06 00 64 01 88 00 64 00 00 00 64 01 88 00 64 00 00 00 64 01 88 00 64 01 5d 00 64 00 00 00 64 01 5d 00 64 00 00 00 64 01 d2 00 64 00 00 00 64 01 5d 00 64 01 26 00 64 01 b8 00 64 01 5d 00 64 01 06 00 64 01 88 00 64 00 00 00 64 01 88 00 64 00 00 00 64 01 88 00 64 01 5d 00 64 00 00 00 64 01 5d 00 64 00 00 00 64 01 d2 00 64 00 00 00 64 01 5d 00 64 01 26 00 64 01 b8 00 64 01 5d 00 64 01 06 00 64 01 88 00 64 00 00 00 64 01 88 00 64 00 00 00 64 01 88 00 64 01 5d 00 64 00 00 00 64 01 5d 00 64 00 00 00 64 01 88 00 64 00 00 00 c8 01 d2 00 64 00 00 00 c8 01 d2 00 64 buffered=0B dropped=0B tail=
2026-06-21 15:27:21,659 - __main__ - [main.py:152] - INFO - Program interrupted by user.
2026-06-21 15:27:22,725 - mazeUtils.device.stm - [stm.py:216] - DEBUG - ACK resynchronized: type=STS_MOTOR dropped=24B seq=202
2026-06-21 15:27:23,235 - picamera2.picamera2 - [picamera2.py:1391] - DEBUG - Execute job: <picamera2.job.Job object at 0x7f99d26d90>
2026-06-21 15:27:23,252 - picamera2.picamera2 - [picamera2.py:1323] - INFO - Camera stopped
2026-06-21 15:27:23,453 - picamera2.picamera2 - [picamera2.py:1329] - DEBUG - Camera was not started
2026-06-21 15:27:23,655 - picamera2.picamera2 - [picamera2.py:723] - INFO - Camera closed successfully.
2026-06-21 15:27:23,892 - picamera2.picamera2 - [picamera2.py:500] - DEBUG - Resources now free: <picamera2.picamera2.Picamera2 object at 0x7f862fc210>
