2026-05-26 20:44:10,134 - root - [logging_config.py:61] - INFO - Logging initialized. Log file: /home/tuton/Kanto2026RPi/src/config/../logs/robot_20260526_204408.log
2026-05-26 20:44:10,674 - mazeUtils.mazeMap - [mazeMap.py:167] - WARNING - ArduinoNanoEveryUART init failed: [Errno 2] could not open port /dev/ttyUSB0: [Errno 2] No such file or directory: '/dev/ttyUSB0'
2026-05-26 20:44:11,862 - mazeUtils.device.LiDAR - [LiDAR.py:36] - INFO - Available ports: <ydlidar.Str2strMap; proxy of <Swig Object of type 'std::map< std::string,std::string > *' at 0x7f74bde1f0> >
2026-05-26 20:44:15,801 - mazeUtils.moveTile - [moveTile.py:511] - DEBUG - Direction: absDirection.NORTH, Angle: 0, Distance: 37.52956180836765 cm
2026-05-26 20:44:15,803 - mazeUtils.moveTile - [moveTile.py:511] - DEBUG - Direction: absDirection.EAST, Angle: 270, Distance: 17.52491409436827 cm
2026-05-26 20:44:15,804 - mazeUtils.moveTile - [moveTile.py:511] - DEBUG - Direction: absDirection.SOUTH, Angle: 180, Distance: 49.825364202393644 cm
2026-05-26 20:44:15,805 - mazeUtils.moveTile - [moveTile.py:511] - DEBUG - Direction: absDirection.WEST, Angle: 90, Distance: 48.51783923585052 cm
2026-05-26 20:44:16,780 - __main__ - [main.py:69] - INFO - Initial Map:
2026-05-26 20:44:16,796 - __main__ - [main.py:70] - INFO - Current position: (20, 20, 0), front direction: absDirection.NORTH
Layer 0 (altitude=0.0cm, offset=(0.0cm, 0.0cm)):
Known map area: x=20..20, y=20..20
+   +
  @ |
+   +
mazeAsGraph[0][20][20] = {absDirection.NORTH: (20, 19, 0), absDirection.EAST: None, absDirection.SOUTH: (20, 21, 0), absDirection.WEST: (19, 20, 0)}
2026-05-26 20:44:16,797 - mazeUtils.mazeMap - [mazeMap.py:61] - INFO - next goal: (20, 19, 0)
2026-05-26 20:44:16,798 - __main__ - [main.py:73] - INFO - Next Direction: [<absDirection.NORTH: 0>]
2026-05-26 20:44:16,798 - __main__ - [main.py:74] - INFO - Exploration started.
2026-05-26 20:44:16,799 - mazeUtils.mazeMap - [mazeMap.py:61] - INFO - next goal: (20, 19, 0)
2026-05-26 20:44:16,806 - mazeUtils.moveTile - [moveTile.py:80] - DEBUG - Moving to absDirection.NORTH from (20, 20, 0) facing absDirection.NORTH
2026-05-26 20:44:16,920 - picamera2.picamera2 - [picamera2.py:1391] - DEBUG - Execute job: <picamera2.job.Job object at 0x7f5babd890>
2026-05-26 20:44:16,927 - mazeUtils.device.camera - [camera.py:37] - DEBUG - Average HSV: H=53.9, S=111.2, V=50.7
2026-05-26 20:44:17,074 - mazeUtils.moveTile - [moveTile.py:80] - DEBUG - roll: 359.90999999999997 deg, practicalMoveTime: 0.16014699252035824 sec
2026-05-26 20:44:17,075 - mazeUtils.moveTile - [moveTile.py:1113] - DEBUG - moveTile loop time: 159.5 ms
2026-05-26 20:44:17,080 - picamera2.picamera2 - [picamera2.py:1391] - DEBUG - Execute job: <picamera2.job.Job object at 0x7f49c9f090>
2026-05-26 20:44:17,085 - mazeUtils.device.camera - [camera.py:37] - DEBUG - Average HSV: H=158.3, S=46.3, V=64.6
2026-05-26 20:44:17,136 - mazeUtils.moveTile - [moveTile.py:80] - DEBUG - roll: 359.84 deg, practicalMoveTime: 0.2217348013173061 sec
2026-05-26 20:44:17,137 - mazeUtils.moveTile - [moveTile.py:1113] - DEBUG - moveTile loop time: 61.8 ms
2026-05-26 20:44:17,143 - picamera2.picamera2 - [picamera2.py:1391] - DEBUG - Execute job: <picamera2.job.Job object at 0x7f5bad2150>
2026-05-26 20:44:17,146 - mazeUtils.device.camera - [camera.py:37] - DEBUG - Average HSV: H=153.9, S=47.8, V=65.3
2026-05-26 20:44:17,196 - mazeUtils.moveTile - [moveTile.py:80] - DEBUG - roll: 359.90999999999997 deg, practicalMoveTime: 0.28072353812836554 sec
2026-05-26 20:44:17,196 - mazeUtils.moveTile - [moveTile.py:1113] - DEBUG - moveTile loop time: 59.3 ms
2026-05-26 20:44:17,202 - picamera2.picamera2 - [picamera2.py:1391] - DEBUG - Execute job: <picamera2.job.Job object at 0x7f49e28310>
2026-05-26 20:44:17,205 - mazeUtils.device.camera - [camera.py:37] - DEBUG - Average HSV: H=145.0, S=53.8, V=68.6
2026-05-26 20:44:17,255 - mazeUtils.moveTile - [moveTile.py:80] - DEBUG - roll: 359.99 deg, practicalMoveTime: 0.3393437516978089 sec
2026-05-26 20:44:17,256 - mazeUtils.moveTile - [moveTile.py:1113] - DEBUG - moveTile loop time: 59.1 ms
2026-05-26 20:44:17,262 - picamera2.picamera2 - [picamera2.py:1391] - DEBUG - Execute job: <picamera2.job.Job object at 0x7f5babec10>
2026-05-26 20:44:17,266 - mazeUtils.device.camera - [camera.py:37] - DEBUG - Average HSV: H=131.7, S=80.7, V=79.2
2026-05-26 20:44:17,314 - mazeUtils.moveTile - [moveTile.py:80] - DEBUG - roll: 0.5099999999999909 deg, practicalMoveTime: 0.3921813906095658 sec
2026-05-26 20:44:17,315 - mazeUtils.moveTile - [moveTile.py:1113] - DEBUG - moveTile loop time: 58.1 ms
2026-05-26 20:44:17,321 - picamera2.picamera2 - [picamera2.py:1391] - DEBUG - Execute job: <picamera2.job.Job object at 0x7f49e28310>
2026-05-26 20:44:17,324 - mazeUtils.device.camera - [camera.py:37] - DEBUG - Average HSV: H=130.7, S=76.8, V=88.1
2026-05-26 20:44:17,373 - mazeUtils.moveTile - [moveTile.py:80] - DEBUG - roll: 3.4500000000000455 deg, practicalMoveTime: 0.4446205716769609 sec
2026-05-26 20:44:17,374 - mazeUtils.moveTile - [moveTile.py:1113] - DEBUG - moveTile loop time: 58.9 ms
2026-05-26 20:44:17,380 - picamera2.picamera2 - [picamera2.py:1391] - DEBUG - Execute job: <picamera2.job.Job object at 0x7f49c9f090>
2026-05-26 20:44:17,383 - mazeUtils.device.camera - [camera.py:37] - DEBUG - Average HSV: H=129.6, S=77.4, V=96.3
2026-05-26 20:44:17,432 - mazeUtils.moveTile - [moveTile.py:80] - DEBUG - roll: 6.019999999999982 deg, practicalMoveTime: 0.496979631133614 sec
2026-05-26 20:44:17,433 - mazeUtils.moveTile - [moveTile.py:1113] - DEBUG - moveTile loop time: 58.7 ms
2026-05-26 20:44:17,437 - picamera2.picamera2 - [picamera2.py:1391] - DEBUG - Execute job: <picamera2.job.Job object at 0x7f49e6acd0>
2026-05-26 20:44:17,440 - mazeUtils.device.camera - [camera.py:37] - DEBUG - Average HSV: H=129.3, S=70.5, V=105.8
2026-05-26 20:44:17,489 - mazeUtils.moveTile - [moveTile.py:80] - DEBUG - roll: 9.25 deg, practicalMoveTime: 0.5467439390646823 sec
2026-05-26 20:44:17,489 - mazeUtils.moveTile - [moveTile.py:1113] - DEBUG - moveTile loop time: 56.3 ms
2026-05-26 20:44:17,493 - picamera2.picamera2 - [picamera2.py:1391] - DEBUG - Execute job: <picamera2.job.Job object at 0x7f49e282d0>
2026-05-26 20:44:17,496 - mazeUtils.device.camera - [camera.py:37] - DEBUG - Average HSV: H=128.3, S=70.6, V=110.6
2026-05-26 20:44:17,544 - mazeUtils.moveTile - [moveTile.py:80] - DEBUG - roll: 11.710000000000036 deg, practicalMoveTime: 0.594899658647446 sec
2026-05-26 20:44:17,544 - mazeUtils.moveTile - [moveTile.py:1113] - DEBUG - moveTile loop time: 55.0 ms
2026-05-26 20:44:17,551 - picamera2.picamera2 - [picamera2.py:1391] - DEBUG - Execute job: <picamera2.job.Job object at 0x7f49e282d0>
2026-05-26 20:44:17,554 - mazeUtils.device.camera - [camera.py:37] - DEBUG - Average HSV: H=128.1, S=67.6, V=114.7
2026-05-26 20:44:17,603 - mazeUtils.moveTile - [moveTile.py:80] - DEBUG - roll: 14.809999999999945 deg, practicalMoveTime: 0.6461144759207076 sec
2026-05-26 20:44:17,604 - mazeUtils.moveTile - [moveTile.py:1113] - DEBUG - moveTile loop time: 59.3 ms
2026-05-26 20:44:17,610 - picamera2.picamera2 - [picamera2.py:1391] - DEBUG - Execute job: <picamera2.job.Job object at 0x7f5bad2150>
2026-05-26 20:44:17,613 - mazeUtils.device.camera - [camera.py:37] - DEBUG - Average HSV: H=127.8, S=83.9, V=96.7
2026-05-26 20:44:17,662 - mazeUtils.moveTile - [moveTile.py:80] - DEBUG - roll: 17.710000000000036 deg, practicalMoveTime: 0.69382422892491 sec
2026-05-26 20:44:17,663 - mazeUtils.moveTile - [moveTile.py:1113] - DEBUG - moveTile loop time: 58.5 ms
2026-05-26 20:44:17,667 - picamera2.picamera2 - [picamera2.py:1391] - DEBUG - Execute job: <picamera2.job.Job object at 0x7f5ba72190>
2026-05-26 20:44:17,670 - mazeUtils.device.camera - [camera.py:37] - DEBUG - Average HSV: H=130.9, S=133.0, V=68.1
2026-05-26 20:44:17,718 - mazeUtils.moveTile - [moveTile.py:80] - DEBUG - roll: 20.180000000000064 deg, practicalMoveTime: 0.738268989111773 sec
2026-05-26 20:44:17,718 - mazeUtils.moveTile - [moveTile.py:1113] - DEBUG - moveTile loop time: 55.2 ms
2026-05-26 20:44:17,724 - picamera2.picamera2 - [picamera2.py:1391] - DEBUG - Execute job: <picamera2.job.Job object at 0x7f49e28310>
2026-05-26 20:44:17,728 - mazeUtils.device.camera - [camera.py:37] - DEBUG - Average HSV: H=154.1, S=37.4, V=94.6
2026-05-26 20:44:17,779 - mazeUtils.moveTile - [moveTile.py:80] - DEBUG - roll: 23.819999999999936 deg, practicalMoveTime: 0.7842329437794535 sec
2026-05-26 20:44:17,780 - mazeUtils.moveTile - [moveTile.py:1113] - DEBUG - moveTile loop time: 61.3 ms
2026-05-26 20:44:17,786 - picamera2.picamera2 - [picamera2.py:1391] - DEBUG - Execute job: <picamera2.job.Job object at 0x7f49e282d0>
2026-05-26 20:44:17,789 - mazeUtils.device.camera - [camera.py:37] - DEBUG - Average HSV: H=150.8, S=36.8, V=97.8
2026-05-26 20:44:17,838 - mazeUtils.moveTile - [moveTile.py:80] - DEBUG - roll: 25.940000000000055 deg, practicalMoveTime: 0.8296048613038015 sec
2026-05-26 20:44:17,839 - mazeUtils.moveTile - [moveTile.py:1113] - DEBUG - moveTile loop time: 58.6 ms
2026-05-26 20:44:17,843 - picamera2.picamera2 - [picamera2.py:1391] - DEBUG - Execute job: <picamera2.job.Job object at 0x7f5ba72190>
2026-05-26 20:44:17,846 - mazeUtils.device.camera - [camera.py:37] - DEBUG - Average HSV: H=155.8, S=35.3, V=99.3
2026-05-26 20:44:17,894 - mazeUtils.moveTile - [moveTile.py:80] - DEBUG - roll: 28.299999999999955 deg, practicalMoveTime: 0.870956713779151 sec
2026-05-26 20:44:17,894 - mazeUtils.moveTile - [moveTile.py:1113] - DEBUG - moveTile loop time: 54.9 ms
2026-05-26 20:44:17,900 - picamera2.picamera2 - [picamera2.py:1391] - DEBUG - Execute job: <picamera2.job.Job object at 0x7f49e282d0>
2026-05-26 20:44:17,904 - mazeUtils.device.camera - [camera.py:37] - DEBUG - Average HSV: H=157.7, S=35.5, V=100.1
2026-05-26 20:44:17,955 - mazeUtils.moveTile - [moveTile.py:80] - DEBUG - roll: 29.139999999999986 deg, practicalMoveTime: 0.9149690852330788 sec
2026-05-26 20:44:17,955 - mazeUtils.moveTile - [moveTile.py:1113] - DEBUG - moveTile loop time: 60.7 ms
2026-05-26 20:44:17,959 - picamera2.picamera2 - [picamera2.py:1391] - DEBUG - Execute job: <picamera2.job.Job object at 0x7f49e6acd0>
2026-05-26 20:44:17,962 - mazeUtils.device.camera - [camera.py:37] - DEBUG - Average HSV: H=151.5, S=36.7, V=100.3
2026-05-26 20:44:18,009 - mazeUtils.moveTile - [moveTile.py:80] - DEBUG - roll: 29.960000000000036 deg, practicalMoveTime: 0.9551309872769708 sec
2026-05-26 20:44:18,010 - mazeUtils.moveTile - [moveTile.py:1113] - DEBUG - moveTile loop time: 54.4 ms
2026-05-26 20:44:18,013 - picamera2.picamera2 - [picamera2.py:1391] - DEBUG - Execute job: <picamera2.job.Job object at 0x7f5ba72190>
2026-05-26 20:44:18,017 - mazeUtils.device.camera - [camera.py:37] - DEBUG - Average HSV: H=146.2, S=39.1, V=103.7
2026-05-26 20:44:18,069 - mazeUtils.moveTile - [moveTile.py:80] - DEBUG - roll: 27.289999999999964 deg, practicalMoveTime: 0.999570829930987 sec
2026-05-26 20:44:18,070 - mazeUtils.moveTile - [moveTile.py:1113] - DEBUG - moveTile loop time: 60.1 ms
2026-05-26 20:44:18,078 - picamera2.picamera2 - [picamera2.py:1391] - DEBUG - Execute job: <picamera2.job.Job object at 0x7f49e28310>
2026-05-26 20:44:18,085 - mazeUtils.device.camera - [camera.py:37] - DEBUG - Average HSV: H=140.5, S=44.5, V=104.4
2026-05-26 20:44:18,137 - picamera2.picamera2 - [picamera2.py:1391] - DEBUG - Execute job: <picamera2.job.Job object at 0x7f5ba72190>
2026-05-26 20:44:18,141 - mazeUtils.device.camera - [camera.py:37] - DEBUG - Average HSV: H=140.7, S=43.2, V=106.8
2026-05-26 20:44:18,188 - mazeUtils.moveTile - [moveTile.py:80] - DEBUG - roll: 27.00999999999999 deg, practicalMoveTime: 1.0925168677849413 sec
2026-05-26 20:44:18,189 - mazeUtils.moveTile - [moveTile.py:1113] - DEBUG - moveTile loop time: 55.2 ms
2026-05-26 20:44:18,195 - picamera2.picamera2 - [picamera2.py:1391] - DEBUG - Execute job: <picamera2.job.Job object at 0x7f49c9ec90>
2026-05-26 20:44:18,198 - mazeUtils.device.camera - [camera.py:37] - DEBUG - Average HSV: H=138.8, S=45.1, V=107.9
2026-05-26 20:44:18,249 - mazeUtils.moveTile - [moveTile.py:80] - DEBUG - roll: 26.549999999999955 deg, practicalMoveTime: 1.1379015445654808 sec
2026-05-26 20:44:18,250 - mazeUtils.moveTile - [moveTile.py:1113] - DEBUG - moveTile loop time: 60.5 ms
2026-05-26 20:44:18,254 - picamera2.picamera2 - [picamera2.py:1391] - DEBUG - Execute job: <picamera2.job.Job object at 0x7f5ba72190>
2026-05-26 20:44:18,257 - mazeUtils.device.camera - [camera.py:37] - DEBUG - Average HSV: H=140.7, S=46.7, V=99.6
2026-05-26 20:44:18,307 - mazeUtils.moveTile - [moveTile.py:80] - DEBUG - roll: 26.970000000000027 deg, practicalMoveTime: 1.1812947197782793 sec
2026-05-26 20:44:18,307 - mazeUtils.moveTile - [moveTile.py:1113] - DEBUG - moveTile loop time: 57.4 ms
2026-05-26 20:44:18,314 - picamera2.picamera2 - [picamera2.py:1391] - DEBUG - Execute job: <picamera2.job.Job object at 0x7f49e28310>
2026-05-26 20:44:18,317 - mazeUtils.device.camera - [camera.py:37] - DEBUG - Average HSV: H=155.3, S=48.2, V=81.4
2026-05-26 20:44:18,466 - mazeUtils.moveTile - [moveTile.py:80] - DEBUG - roll: 27.309999999999945 deg, practicalMoveTime: 1.3045064456036541 sec
2026-05-26 20:44:18,466 - mazeUtils.moveTile - [moveTile.py:1113] - DEBUG - moveTile loop time: 158.2 ms
2026-05-26 20:44:18,471 - picamera2.picamera2 - [picamera2.py:1391] - DEBUG - Execute job: <picamera2.job.Job object at 0x7f49e6acd0>
2026-05-26 20:44:18,475 - mazeUtils.device.camera - [camera.py:37] - DEBUG - Average HSV: H=153.4, S=34.5, V=102.8
2026-05-26 20:44:18,523 - mazeUtils.moveTile - [moveTile.py:80] - DEBUG - roll: 24.980000000000018 deg, practicalMoveTime: 1.3487676259835069 sec
2026-05-26 20:44:18,523 - mazeUtils.moveTile - [moveTile.py:1113] - DEBUG - moveTile loop time: 57.0 ms
2026-05-26 20:44:18,527 - picamera2.picamera2 - [picamera2.py:1391] - DEBUG - Execute job: <picamera2.job.Job object at 0x7f49c9ec90>
2026-05-26 20:44:18,530 - mazeUtils.device.camera - [camera.py:37] - DEBUG - Average HSV: H=153.3, S=34.5, V=104.0
2026-05-26 20:44:18,580 - mazeUtils.moveTile - [moveTile.py:80] - DEBUG - roll: 23.75999999999999 deg, practicalMoveTime: 1.3920671791230512 sec
2026-05-26 20:44:18,581 - mazeUtils.moveTile - [moveTile.py:1113] - DEBUG - moveTile loop time: 57.2 ms
2026-05-26 20:44:18,587 - picamera2.picamera2 - [picamera2.py:1391] - DEBUG - Execute job: <picamera2.job.Job object at 0x7f49e282d0>
2026-05-26 20:44:18,590 - mazeUtils.device.camera - [camera.py:37] - DEBUG - Average HSV: H=149.8, S=36.0, V=103.3
2026-05-26 20:44:18,640 - mazeUtils.moveTile - [moveTile.py:80] - DEBUG - roll: 25.24000000000001 deg, practicalMoveTime: 1.4381360346920633 sec
2026-05-26 20:44:18,640 - mazeUtils.moveTile - [moveTile.py:1113] - DEBUG - moveTile loop time: 59.2 ms
2026-05-26 20:44:18,646 - picamera2.picamera2 - [picamera2.py:1391] - DEBUG - Execute job: <picamera2.job.Job object at 0x7f5bad2150>
2026-05-26 20:44:18,649 - mazeUtils.device.camera - [camera.py:37] - DEBUG - Average HSV: H=151.9, S=34.4, V=104.9
2026-05-26 20:44:18,697 - mazeUtils.moveTile - [moveTile.py:80] - DEBUG - roll: 26.220000000000027 deg, practicalMoveTime: 1.4818160677770555 sec
2026-05-26 20:44:18,697 - mazeUtils.moveTile - [moveTile.py:1113] - DEBUG - moveTile loop time: 56.8 ms
2026-05-26 20:44:18,703 - picamera2.picamera2 - [picamera2.py:1391] - DEBUG - Execute job: <picamera2.job.Job object at 0x7f49e6acd0>
2026-05-26 20:44:18,706 - mazeUtils.device.camera - [camera.py:37] - DEBUG - Average HSV: H=147.3, S=34.6, V=108.9
2026-05-26 20:44:18,755 - mazeUtils.moveTile - [moveTile.py:80] - DEBUG - roll: 28.25999999999999 deg, practicalMoveTime: 1.525976132103958 sec
2026-05-26 20:44:18,756 - mazeUtils.moveTile - [moveTile.py:1113] - DEBUG - moveTile loop time: 58.4 ms
2026-05-26 20:44:18,762 - picamera2.picamera2 - [picamera2.py:1391] - DEBUG - Execute job: <picamera2.job.Job object at 0x7f49e282d0>
2026-05-26 20:44:18,765 - mazeUtils.device.camera - [camera.py:37] - DEBUG - Average HSV: H=141.7, S=38.6, V=112.8
2026-05-26 20:44:18,817 - mazeUtils.moveTile - [moveTile.py:80] - DEBUG - roll: 29.34999999999991 deg, practicalMoveTime: 1.5703211584807502 sec
2026-05-26 20:44:18,817 - mazeUtils.moveTile - [moveTile.py:1113] - DEBUG - moveTile loop time: 61.3 ms
2026-05-26 20:44:18,821 - picamera2.picamera2 - [picamera2.py:1391] - DEBUG - Execute job: <picamera2.job.Job object at 0x7f49c9f090>
2026-05-26 20:44:18,824 - mazeUtils.device.camera - [camera.py:37] - DEBUG - Average HSV: H=137.3, S=41.9, V=118.9
2026-05-26 20:44:18,874 - mazeUtils.moveTile - [moveTile.py:80] - DEBUG - roll: 28.809999999999945 deg, practicalMoveTime: 1.6116627057209443 sec
2026-05-26 20:44:18,874 - mazeUtils.moveTile - [moveTile.py:1113] - DEBUG - moveTile loop time: 56.8 ms
2026-05-26 20:44:18,881 - picamera2.picamera2 - [picamera2.py:1391] - DEBUG - Execute job: <picamera2.job.Job object at 0x7f49c9ef50>
2026-05-26 20:44:18,884 - mazeUtils.device.camera - [camera.py:37] - DEBUG - Average HSV: H=133.6, S=41.5, V=130.8
2026-05-26 20:44:18,936 - mazeUtils.moveTile - [moveTile.py:80] - DEBUG - roll: 29.450000000000045 deg, practicalMoveTime: 1.6560573809912604 sec
2026-05-26 20:44:18,937 - mazeUtils.moveTile - [moveTile.py:1113] - DEBUG - moveTile loop time: 62.4 ms
2026-05-26 20:44:18,943 - picamera2.picamera2 - [picamera2.py:1391] - DEBUG - Execute job: <picamera2.job.Job object at 0x7f5bad2150>
2026-05-26 20:44:18,947 - mazeUtils.device.camera - [camera.py:37] - DEBUG - Average HSV: H=132.0, S=40.2, V=138.6
2026-05-26 20:44:18,999 - mazeUtils.moveTile - [moveTile.py:80] - DEBUG - roll: 29.480000000000018 deg, practicalMoveTime: 1.6996429923012975 sec
2026-05-26 20:44:18,999 - mazeUtils.moveTile - [moveTile.py:1113] - DEBUG - moveTile loop time: 62.0 ms
2026-05-26 20:44:19,005 - picamera2.picamera2 - [picamera2.py:1391] - DEBUG - Execute job: <picamera2.job.Job object at 0x7f5babe510>
2026-05-26 20:44:19,010 - mazeUtils.device.camera - [camera.py:37] - DEBUG - Average HSV: H=132.8, S=37.8, V=138.6
2026-05-26 20:44:19,058 - mazeUtils.moveTile - [moveTile.py:80] - DEBUG - roll: 29.09999999999991 deg, practicalMoveTime: 1.7435686131352843 sec
2026-05-26 20:44:19,058 - mazeUtils.moveTile - [moveTile.py:1113] - DEBUG - moveTile loop time: 58.5 ms
2026-05-26 20:44:19,063 - picamera2.picamera2 - [picamera2.py:1391] - DEBUG - Execute job: <picamera2.job.Job object at 0x7f5bad2150>
2026-05-26 20:44:19,066 - mazeUtils.device.camera - [camera.py:37] - DEBUG - Average HSV: H=136.5, S=31.6, V=135.2
2026-05-26 20:44:19,115 - mazeUtils.moveTile - [moveTile.py:80] - DEBUG - roll: 29.74000000000001 deg, practicalMoveTime: 1.7860388520001114 sec
2026-05-26 20:44:19,115 - mazeUtils.moveTile - [moveTile.py:1113] - DEBUG - moveTile loop time: 57.2 ms
2026-05-26 20:44:19,122 - picamera2.picamera2 - [picamera2.py:1391] - DEBUG - Execute job: <picamera2.job.Job object at 0x7f49e282d0>
2026-05-26 20:44:19,125 - mazeUtils.device.camera - [camera.py:37] - DEBUG - Average HSV: H=136.9, S=31.0, V=134.3
2026-05-26 20:44:19,174 - mazeUtils.moveTile - [moveTile.py:80] - DEBUG - roll: 29.519999999999982 deg, practicalMoveTime: 1.8298008809539226 sec
2026-05-26 20:44:19,175 - mazeUtils.moveTile - [moveTile.py:1113] - DEBUG - moveTile loop time: 58.8 ms
2026-05-26 20:44:19,181 - picamera2.picamera2 - [picamera2.py:1391] - DEBUG - Execute job: <picamera2.job.Job object at 0x7f5bad2150>
2026-05-26 20:44:19,184 - mazeUtils.device.camera - [camera.py:37] - DEBUG - Average HSV: H=136.6, S=31.6, V=130.9
2026-05-26 20:44:19,234 - mazeUtils.moveTile - [moveTile.py:80] - DEBUG - roll: 29.680000000000064 deg, practicalMoveTime: 1.8742368191297745 sec
2026-05-26 20:44:19,234 - mazeUtils.moveTile - [moveTile.py:1113] - DEBUG - moveTile loop time: 59.5 ms
2026-05-26 20:44:19,239 - picamera2.picamera2 - [picamera2.py:1391] - DEBUG - Execute job: <picamera2.job.Job object at 0x7f5baaf0d0>
2026-05-26 20:44:19,243 - mazeUtils.device.camera - [camera.py:37] - DEBUG - Average HSV: H=144.6, S=30.2, V=113.2
2026-05-26 20:44:19,290 - mazeUtils.moveTile - [moveTile.py:80] - DEBUG - roll: 29.309999999999945 deg, practicalMoveTime: 1.9159657062935596 sec
2026-05-26 20:44:19,291 - mazeUtils.moveTile - [moveTile.py:1113] - DEBUG - moveTile loop time: 56.0 ms
2026-05-26 20:44:19,297 - picamera2.picamera2 - [picamera2.py:1391] - DEBUG - Execute job: <picamera2.job.Job object at 0x7f49e28310>
2026-05-26 20:44:19,300 - mazeUtils.device.camera - [camera.py:37] - DEBUG - Average HSV: H=147.5, S=31.7, V=105.3
2026-05-26 20:44:19,348 - mazeUtils.moveTile - [moveTile.py:80] - DEBUG - roll: 28.279999999999973 deg, practicalMoveTime: 1.959197220105524 sec
2026-05-26 20:44:19,348 - mazeUtils.moveTile - [moveTile.py:1113] - DEBUG - moveTile loop time: 57.3 ms
2026-05-26 20:44:19,353 - picamera2.picamera2 - [picamera2.py:1391] - DEBUG - Execute job: <picamera2.job.Job object at 0x7f5ba72190>
2026-05-26 20:44:19,356 - mazeUtils.device.camera - [camera.py:37] - DEBUG - Average HSV: H=148.1, S=33.7, V=98.9
2026-05-26 20:44:19,407 - picamera2.picamera2 - [picamera2.py:1391] - DEBUG - Execute job: <picamera2.job.Job object at 0x7f49e28310>
2026-05-26 20:44:19,411 - mazeUtils.device.camera - [camera.py:37] - DEBUG - Average HSV: H=146.6, S=34.4, V=97.4
2026-05-26 20:44:19,458 - mazeUtils.moveTile - [moveTile.py:80] - DEBUG - roll: 27.799999999999955 deg, practicalMoveTime: 2.0447233572408665 sec
2026-05-26 20:44:19,458 - mazeUtils.moveTile - [moveTile.py:1113] - DEBUG - moveTile loop time: 54.8 ms
2026-05-26 20:44:19,462 - picamera2.picamera2 - [picamera2.py:1391] - DEBUG - Execute job: <picamera2.job.Job object at 0x7f49e282d0>
2026-05-26 20:44:19,466 - mazeUtils.device.camera - [camera.py:37] - DEBUG - Average HSV: H=154.0, S=32.4, V=100.4
2026-05-26 20:44:19,512 - mazeUtils.moveTile - [moveTile.py:80] - DEBUG - roll: 27.180000000000064 deg, practicalMoveTime: 2.085669895773673 sec
2026-05-26 20:44:19,512 - mazeUtils.moveTile - [moveTile.py:1113] - DEBUG - moveTile loop time: 53.9 ms
2026-05-26 20:44:19,516 - picamera2.picamera2 - [picamera2.py:1391] - DEBUG - Execute job: <picamera2.job.Job object at 0x7f49c9f090>
2026-05-26 20:44:19,520 - mazeUtils.device.camera - [camera.py:37] - DEBUG - Average HSV: H=159.9, S=29.9, V=100.5
2026-05-26 20:44:19,567 - mazeUtils.moveTile - [moveTile.py:80] - DEBUG - roll: 27.41999999999996 deg, practicalMoveTime: 2.1267910426404377 sec
2026-05-26 20:44:19,567 - mazeUtils.moveTile - [moveTile.py:1113] - DEBUG - moveTile loop time: 54.2 ms
2026-05-26 20:44:19,571 - picamera2.picamera2 - [picamera2.py:1391] - DEBUG - Execute job: <picamera2.job.Job object at 0x7f5babec10>
2026-05-26 20:44:19,574 - mazeUtils.device.camera - [camera.py:37] - DEBUG - Average HSV: H=152.8, S=29.4, V=96.3
2026-05-26 20:44:19,626 - mazeUtils.moveTile - [moveTile.py:80] - DEBUG - roll: 27.399999999999977 deg, practicalMoveTime: 2.168405039263029 sec
2026-05-26 20:44:19,626 - mazeUtils.moveTile - [moveTile.py:1113] - DEBUG - moveTile loop time: 58.9 ms
2026-05-26 20:44:19,633 - picamera2.picamera2 - [picamera2.py:1391] - DEBUG - Execute job: <picamera2.job.Job object at 0x7f49e6acd0>
2026-05-26 20:44:19,637 - mazeUtils.device.camera - [camera.py:37] - DEBUG - Average HSV: H=142.6, S=32.9, V=92.2
2026-05-26 20:44:19,686 - mazeUtils.moveTile - [moveTile.py:80] - DEBUG - roll: 27.089999999999918 deg, practicalMoveTime: 2.213845053816465 sec
2026-05-26 20:44:19,686 - mazeUtils.moveTile - [moveTile.py:1113] - DEBUG - moveTile loop time: 59.3 ms
2026-05-26 20:44:19,692 - picamera2.picamera2 - [picamera2.py:1391] - DEBUG - Execute job: <picamera2.job.Job object at 0x7f5babd890>
2026-05-26 20:44:19,696 - mazeUtils.device.camera - [camera.py:37] - DEBUG - Average HSV: H=137.8, S=59.0, V=54.0
2026-05-26 20:44:19,745 - mazeUtils.moveTile - [moveTile.py:80] - DEBUG - roll: 27.75 deg, practicalMoveTime: 2.258237259894014 sec
2026-05-26 20:44:19,746 - mazeUtils.moveTile - [moveTile.py:1113] - DEBUG - moveTile loop time: 59.2 ms
2026-05-26 20:44:19,751 - picamera2.picamera2 - [picamera2.py:1391] - DEBUG - Execute job: <picamera2.job.Job object at 0x7f49e6acd0>
2026-05-26 20:44:19,755 - mazeUtils.device.camera - [camera.py:37] - DEBUG - Average HSV: H=152.3, S=80.4, V=38.1
2026-05-26 20:44:19,804 - mazeUtils.moveTile - [moveTile.py:80] - DEBUG - roll: 27.230000000000018 deg, practicalMoveTime: 2.302620380590214 sec
2026-05-26 20:44:19,805 - mazeUtils.moveTile - [moveTile.py:1113] - DEBUG - moveTile loop time: 58.8 ms
2026-05-26 20:44:19,811 - picamera2.picamera2 - [picamera2.py:1391] - DEBUG - Execute job: <picamera2.job.Job object at 0x7f49c9ef50>
2026-05-26 20:44:19,814 - mazeUtils.device.camera - [camera.py:37] - DEBUG - Average HSV: H=82.8, S=60.6, V=76.5
2026-05-26 20:44:19,868 - mazeUtils.moveTile - [moveTile.py:80] - DEBUG - roll: 26.879999999999995 deg, practicalMoveTime: 2.3482176256422735 sec
2026-05-26 20:44:19,868 - mazeUtils.moveTile - [moveTile.py:1113] - DEBUG - moveTile loop time: 63.4 ms
2026-05-26 20:44:19,872 - picamera2.picamera2 - [picamera2.py:1391] - DEBUG - Execute job: <picamera2.job.Job object at 0x7f49c9ec90>
2026-05-26 20:44:19,875 - mazeUtils.device.camera - [camera.py:37] - DEBUG - Average HSV: H=63.5, S=55.6, V=89.8
2026-05-26 20:44:19,928 - mazeUtils.moveTile - [moveTile.py:80] - DEBUG - roll: 27.019999999999982 deg, practicalMoveTime: 2.3920975026781965 sec
2026-05-26 20:44:19,929 - mazeUtils.moveTile - [moveTile.py:1113] - DEBUG - moveTile loop time: 60.3 ms
2026-05-26 20:44:19,934 - picamera2.picamera2 - [picamera2.py:1391] - DEBUG - Execute job: <picamera2.job.Job object at 0x7f5ba72190>
2026-05-26 20:44:19,937 - mazeUtils.device.camera - [camera.py:37] - DEBUG - Average HSV: H=48.7, S=60.8, V=93.5
2026-05-26 20:44:19,984 - mazeUtils.moveTile - [moveTile.py:80] - DEBUG - roll: 26.639999999999986 deg, practicalMoveTime: 2.434650093391827 sec
2026-05-26 20:44:19,985 - mazeUtils.moveTile - [moveTile.py:1113] - DEBUG - moveTile loop time: 55.7 ms
2026-05-26 20:44:19,991 - picamera2.picamera2 - [picamera2.py:1391] - DEBUG - Execute job: <picamera2.job.Job object at 0x7f5baaf0d0>
2026-05-26 20:44:19,994 - mazeUtils.device.camera - [camera.py:37] - DEBUG - Average HSV: H=27.8, S=64.8, V=97.4
2026-05-26 20:44:20,042 - mazeUtils.moveTile - [moveTile.py:80] - DEBUG - roll: 26.6099999999999 deg, practicalMoveTime: 2.478061630895101 sec
2026-05-26 20:44:20,042 - mazeUtils.moveTile - [moveTile.py:1113] - DEBUG - moveTile loop time: 57.5 ms
2026-05-26 20:44:20,048 - picamera2.picamera2 - [picamera2.py:1391] - DEBUG - Execute job: <picamera2.job.Job object at 0x7f5babd890>
2026-05-26 20:44:20,054 - mazeUtils.device.camera - [camera.py:37] - DEBUG - Average HSV: H=25.3, S=67.5, V=96.8
2026-05-26 20:44:20,103 - mazeUtils.moveTile - [moveTile.py:80] - DEBUG - roll: 27.389999999999986 deg, practicalMoveTime: 2.524427384110763 sec
2026-05-26 20:44:20,103 - mazeUtils.moveTile - [moveTile.py:1113] - DEBUG - moveTile loop time: 60.6 ms
2026-05-26 20:44:20,110 - picamera2.picamera2 - [picamera2.py:1391] - DEBUG - Execute job: <picamera2.job.Job object at 0x7f49c9f090>
2026-05-26 20:44:20,113 - mazeUtils.device.camera - [camera.py:37] - DEBUG - Average HSV: H=44.7, S=65.3, V=87.5
2026-05-26 20:44:20,163 - mazeUtils.moveTile - [moveTile.py:80] - DEBUG - roll: 29.6099999999999 deg, practicalMoveTime: 2.5689268768578275 sec
2026-05-26 20:44:20,163 - mazeUtils.moveTile - [moveTile.py:1113] - DEBUG - moveTile loop time: 59.7 ms
2026-05-26 20:44:20,168 - picamera2.picamera2 - [picamera2.py:1391] - DEBUG - Execute job: <picamera2.job.Job object at 0x7f5bad2150>
2026-05-26 20:44:20,171 - mazeUtils.device.camera - [camera.py:37] - DEBUG - Average HSV: H=82.7, S=60.2, V=71.2
2026-05-26 20:44:20,220 - mazeUtils.moveTile - [moveTile.py:80] - DEBUG - roll: 30.3599999999999 deg, practicalMoveTime: 2.6110733806855126 sec
2026-05-26 20:44:20,221 - mazeUtils.moveTile - [moveTile.py:1113] - DEBUG - moveTile loop time: 57.1 ms
2026-05-26 20:44:20,225 - picamera2.picamera2 - [picamera2.py:1391] - DEBUG - Execute job: <picamera2.job.Job object at 0x7f5baaf0d0>
2026-05-26 20:44:20,228 - mazeUtils.device.camera - [camera.py:37] - DEBUG - Average HSV: H=67.4, S=64.7, V=75.1
2026-05-26 20:44:20,275 - mazeUtils.moveTile - [moveTile.py:80] - DEBUG - roll: 28.200000000000045 deg, practicalMoveTime: 2.6521828286846674 sec
2026-05-26 20:44:20,276 - mazeUtils.moveTile - [moveTile.py:1113] - DEBUG - moveTile loop time: 54.8 ms
2026-05-26 20:44:20,282 - picamera2.picamera2 - [picamera2.py:1391] - DEBUG - Execute job: <picamera2.job.Job object at 0x7f49e28310>
2026-05-26 20:44:20,285 - mazeUtils.device.camera - [camera.py:37] - DEBUG - Average HSV: H=31.1, S=72.0, V=85.7
2026-05-26 20:44:20,335 - mazeUtils.moveTile - [moveTile.py:80] - DEBUG - roll: 25.039999999999964 deg, practicalMoveTime: 2.698292996329744 sec
2026-05-26 20:44:20,335 - mazeUtils.moveTile - [moveTile.py:1113] - DEBUG - moveTile loop time: 59.3 ms
2026-05-26 20:44:20,341 - picamera2.picamera2 - [picamera2.py:1391] - DEBUG - Execute job: <picamera2.job.Job object at 0x7f49c9ec90>
2026-05-26 20:44:20,345 - mazeUtils.device.camera - [camera.py:37] - DEBUG - Average HSV: H=16.0, S=75.5, V=92.4
2026-05-26 20:44:20,394 - mazeUtils.moveTile - [moveTile.py:80] - DEBUG - roll: 21.16999999999996 deg, practicalMoveTime: 2.745169589407099 sec
2026-05-26 20:44:20,395 - mazeUtils.moveTile - [moveTile.py:1113] - DEBUG - moveTile loop time: 59.2 ms
2026-05-26 20:44:20,401 - picamera2.picamera2 - [picamera2.py:1391] - DEBUG - Execute job: <picamera2.job.Job object at 0x7f5baaf0d0>
2026-05-26 20:44:20,406 - mazeUtils.device.camera - [camera.py:37] - DEBUG - Average HSV: H=15.4, S=77.1, V=86.5
2026-05-26 20:44:20,454 - mazeUtils.moveTile - [moveTile.py:80] - DEBUG - roll: 17.269999999999982 deg, practicalMoveTime: 2.793434039909816 sec
2026-05-26 20:44:20,454 - mazeUtils.moveTile - [moveTile.py:1113] - DEBUG - moveTile loop time: 59.2 ms
2026-05-26 20:44:20,461 - picamera2.picamera2 - [picamera2.py:1391] - DEBUG - Execute job: <picamera2.job.Job object at 0x7f49e6acd0>
2026-05-26 20:44:20,464 - mazeUtils.device.camera - [camera.py:37] - DEBUG - Average HSV: H=21.3, S=77.4, V=84.5
2026-05-26 20:44:20,513 - mazeUtils.moveTile - [moveTile.py:80] - DEBUG - roll: 14.809999999999945 deg, practicalMoveTime: 2.844505717909266 sec
2026-05-26 20:44:20,513 - mazeUtils.moveTile - [moveTile.py:1113] - DEBUG - moveTile loop time: 59.0 ms
2026-05-26 20:44:20,520 - picamera2.picamera2 - [picamera2.py:1391] - DEBUG - Execute job: <picamera2.job.Job object at 0x7f5babe3d0>
2026-05-26 20:44:20,525 - mazeUtils.device.camera - [camera.py:37] - DEBUG - Average HSV: H=22.5, S=78.6, V=82.6
2026-05-26 20:44:20,572 - mazeUtils.moveTile - [moveTile.py:80] - DEBUG - roll: 11.379999999999995 deg, practicalMoveTime: 2.896411385141454 sec
2026-05-26 20:44:20,573 - mazeUtils.moveTile - [moveTile.py:1113] - DEBUG - moveTile loop time: 58.8 ms
2026-05-26 20:44:20,579 - picamera2.picamera2 - [picamera2.py:1391] - DEBUG - Execute job: <picamera2.job.Job object at 0x7f5ba72190>
2026-05-26 20:44:20,582 - mazeUtils.device.camera - [camera.py:37] - DEBUG - Average HSV: H=20.6, S=78.6, V=83.8
2026-05-26 20:44:21,159 - mazeUtils.moveTile - [moveTile.py:511] - DEBUG - Direction: absDirection.NORTH, Angle: 0, Distance: 52.81336418071386 cm
2026-05-26 20:44:21,160 - mazeUtils.moveTile - [moveTile.py:511] - DEBUG - Direction: absDirection.EAST, Angle: 270, Distance: 45.78551320842501 cm
2026-05-26 20:44:21,161 - mazeUtils.moveTile - [moveTile.py:511] - DEBUG - Direction: absDirection.SOUTH, Angle: 180, Distance: 132.25371096200638 cm
2026-05-26 20:44:21,162 - mazeUtils.moveTile - [moveTile.py:511] - DEBUG - Direction: absDirection.WEST, Angle: 90, Distance: 51.36403247949117 cm
2026-05-26 20:44:21,163 - mazeUtils.moveTile - [moveTile.py:1285] - INFO - Tile color detection counts: {}, decided tile type: E
2026-05-26 20:44:21,277 - __main__ - [main.py:84] - INFO - Current position: (20, 20, 1), front direction: absDirection.NORTH
Layer 0 (altitude=0.0cm, offset=(0.0cm, 0.0cm)):
Known map area: x=20..20, y=20..20
+   +
  S |
+   +
Layer 1 (altitude=32.077400391827545cm, offset=(0.0cm, -90.0cm)):
Known map area: x=20..20, y=20..20
+   +
  @  
+   +
mazeAsGraph[0][20][20] = {absDirection.NORTH: (20, 20, 1), absDirection.EAST: None, absDirection.SOUTH: (20, 21, 0), absDirection.WEST: (19, 20, 0)}
mazeAsGraph[1][20][20] = {absDirection.NORTH: (20, 19, 1), absDirection.EAST: (21, 20, 1), absDirection.SOUTH: (20, 20, 0), absDirection.WEST: (19, 20, 1)}
2026-05-26 20:44:21,286 - mazeUtils.mazeMap - [mazeMap.py:61] - INFO - next goal: (20, 19, 1)
2026-05-26 20:44:21,287 - mazeUtils.mazeMap - [mazeMap.py:61] - INFO - next goal: (20, 19, 1)
2026-05-26 20:44:21,297 - mazeUtils.moveTile - [moveTile.py:80] - DEBUG - Moving to absDirection.NORTH from (20, 20, 1) facing absDirection.NORTH
2026-05-26 20:44:21,399 - picamera2.picamera2 - [picamera2.py:1391] - DEBUG - Execute job: <picamera2.job.Job object at 0x7f49ca13d0>
2026-05-26 20:44:21,403 - mazeUtils.device.camera - [camera.py:37] - DEBUG - Average HSV: H=13.5, S=81.6, V=90.4
2026-05-26 20:44:21,454 - mazeUtils.moveTile - [moveTile.py:80] - DEBUG - roll: 1.1800000000000637 deg, practicalMoveTime: 0.052805142696000416 sec
2026-05-26 20:44:21,454 - mazeUtils.moveTile - [moveTile.py:1113] - DEBUG - moveTile loop time: 58.9 ms
2026-05-26 20:44:21,458 - picamera2.picamera2 - [picamera2.py:1391] - DEBUG - Execute job: <picamera2.job.Job object at 0x7f49ca04d0>
2026-05-26 20:44:21,462 - mazeUtils.device.camera - [camera.py:37] - DEBUG - Average HSV: H=12.7, S=80.4, V=90.7
2026-05-26 20:44:21,511 - mazeUtils.moveTile - [moveTile.py:80] - DEBUG - roll: 0.7899999999999636 deg, practicalMoveTime: 0.10386010750547972 sec
2026-05-26 20:44:21,511 - mazeUtils.moveTile - [moveTile.py:1113] - DEBUG - moveTile loop time: 56.9 ms
2026-05-26 20:44:21,517 - picamera2.picamera2 - [picamera2.py:1391] - DEBUG - Execute job: <picamera2.job.Job object at 0x7f49ca0250>
2026-05-26 20:44:21,521 - mazeUtils.device.camera - [camera.py:37] - DEBUG - Average HSV: H=10.0, S=85.7, V=90.8
2026-05-26 20:44:21,567 - mazeUtils.moveTile - [moveTile.py:80] - DEBUG - roll: 0.9300000000000637 deg, practicalMoveTime: 0.15420197158994628 sec
2026-05-26 20:44:21,568 - mazeUtils.moveTile - [moveTile.py:1113] - DEBUG - moveTile loop time: 56.6 ms
2026-05-26 20:44:21,575 - picamera2.picamera2 - [picamera2.py:1391] - DEBUG - Execute job: <picamera2.job.Job object at 0x7f49ca13d0>
2026-05-26 20:44:21,578 - mazeUtils.device.camera - [camera.py:37] - DEBUG - Average HSV: H=8.8, S=87.3, V=90.4
2026-05-26 20:44:21,630 - mazeUtils.moveTile - [moveTile.py:80] - DEBUG - roll: 1.2200000000000273 deg, practicalMoveTime: 0.20949937289042436 sec
2026-05-26 20:44:21,630 - mazeUtils.moveTile - [moveTile.py:1113] - DEBUG - moveTile loop time: 61.5 ms
2026-05-26 20:44:21,636 - picamera2.picamera2 - [picamera2.py:1391] - DEBUG - Execute job: <picamera2.job.Job object at 0x7f49ca04d0>
2026-05-26 20:44:21,639 - mazeUtils.device.camera - [camera.py:37] - DEBUG - Average HSV: H=9.2, S=87.4, V=89.6
2026-05-26 20:44:21,687 - mazeUtils.moveTile - [moveTile.py:80] - DEBUG - roll: 1.2300000000000182 deg, practicalMoveTime: 0.26106036072931604 sec
2026-05-26 20:44:21,688 - mazeUtils.moveTile - [moveTile.py:1113] - DEBUG - moveTile loop time: 57.7 ms
2026-05-26 20:44:21,693 - picamera2.picamera2 - [picamera2.py:1391] - DEBUG - Execute job: <picamera2.job.Job object at 0x7f49c86190>
2026-05-26 20:44:21,696 - mazeUtils.device.camera - [camera.py:37] - DEBUG - Average HSV: H=9.0, S=88.8, V=88.8
2026-05-26 20:44:21,746 - mazeUtils.moveTile - [moveTile.py:80] - DEBUG - roll: 0.9800000000000182 deg, practicalMoveTime: 0.31342272409860655 sec
2026-05-26 20:44:21,747 - mazeUtils.moveTile - [moveTile.py:1113] - DEBUG - moveTile loop time: 58.4 ms
2026-05-26 20:44:21,753 - picamera2.picamera2 - [picamera2.py:1391] - DEBUG - Execute job: <picamera2.job.Job object at 0x7f49ca1a10>
2026-05-26 20:44:21,756 - mazeUtils.device.camera - [camera.py:37] - DEBUG - Average HSV: H=8.0, S=91.4, V=88.0
2026-05-26 20:44:21,805 - mazeUtils.moveTile - [moveTile.py:80] - DEBUG - roll: 1.8799999999999955 deg, practicalMoveTime: 0.3658464827154271 sec
2026-05-26 20:44:21,805 - mazeUtils.moveTile - [moveTile.py:1113] - DEBUG - moveTile loop time: 58.7 ms
2026-05-26 20:44:21,812 - picamera2.picamera2 - [picamera2.py:1391] - DEBUG - Execute job: <picamera2.job.Job object at 0x7f49ca0890>
2026-05-26 20:44:21,815 - mazeUtils.device.camera - [camera.py:37] - DEBUG - Average HSV: H=8.2, S=89.4, V=88.6
2026-05-26 20:44:21,865 - mazeUtils.moveTile - [moveTile.py:80] - DEBUG - roll: 1.349999999999909 deg, practicalMoveTime: 0.41921127335011577 sec
2026-05-26 20:44:21,865 - mazeUtils.moveTile - [moveTile.py:1113] - DEBUG - moveTile loop time: 59.6 ms
2026-05-26 20:44:21,871 - picamera2.picamera2 - [picamera2.py:1391] - DEBUG - Execute job: <picamera2.job.Job object at 0x7f49ca0890>
2026-05-26 20:44:21,874 - mazeUtils.device.camera - [camera.py:37] - DEBUG - Average HSV: H=9.2, S=90.5, V=86.7
2026-05-26 20:44:21,924 - mazeUtils.moveTile - [moveTile.py:80] - DEBUG - roll: 1.1399999999999864 deg, practicalMoveTime: 0.47169450300362986 sec
2026-05-26 20:44:21,924 - mazeUtils.moveTile - [moveTile.py:1113] - DEBUG - moveTile loop time: 58.3 ms
2026-05-26 20:44:21,930 - picamera2.picamera2 - [picamera2.py:1391] - DEBUG - Execute job: <picamera2.job.Job object at 0x7f49ca0890>
2026-05-26 20:44:21,934 - mazeUtils.device.camera - [camera.py:37] - DEBUG - Average HSV: H=9.3, S=92.3, V=85.5
2026-05-26 20:44:21,984 - mazeUtils.moveTile - [moveTile.py:80] - DEBUG - roll: 1.669999999999959 deg, practicalMoveTime: 0.525612102861884 sec
2026-05-26 20:44:21,985 - mazeUtils.moveTile - [moveTile.py:1113] - DEBUG - moveTile loop time: 60.3 ms
2026-05-26 20:44:21,990 - picamera2.picamera2 - [picamera2.py:1391] - DEBUG - Execute job: <picamera2.job.Job object at 0x7f49ca18d0>
2026-05-26 20:44:21,993 - mazeUtils.device.camera - [camera.py:37] - DEBUG - Average HSV: H=7.6, S=94.1, V=88.5
2026-05-26 20:44:22,042 - mazeUtils.moveTile - [moveTile.py:80] - DEBUG - roll: 1.4600000000000364 deg, practicalMoveTime: 0.5769625189926879 sec
2026-05-26 20:44:22,042 - mazeUtils.moveTile - [moveTile.py:1113] - DEBUG - moveTile loop time: 57.4 ms
2026-05-26 20:44:22,046 - picamera2.picamera2 - [picamera2.py:1391] - DEBUG - Execute job: <picamera2.job.Job object at 0x7f49ca13d0>
2026-05-26 20:44:22,049 - mazeUtils.device.camera - [camera.py:37] - DEBUG - Average HSV: H=7.5, S=94.4, V=91.3
2026-05-26 20:44:22,098 - mazeUtils.moveTile - [moveTile.py:80] - DEBUG - roll: 1.3299999999999272 deg, practicalMoveTime: 0.6265908259048305 sec
2026-05-26 20:44:22,098 - mazeUtils.moveTile - [moveTile.py:1113] - DEBUG - moveTile loop time: 55.4 ms
2026-05-26 20:44:22,104 - picamera2.picamera2 - [picamera2.py:1391] - DEBUG - Execute job: <picamera2.job.Job object at 0x7f49ca0250>
2026-05-26 20:44:22,107 - mazeUtils.device.camera - [camera.py:37] - DEBUG - Average HSV: H=7.2, S=93.1, V=91.6
2026-05-26 20:44:22,256 - mazeUtils.moveTile - [moveTile.py:80] - DEBUG - roll: 1.599999999999909 deg, practicalMoveTime: 0.7682950231456501 sec
2026-05-26 20:44:22,256 - mazeUtils.moveTile - [moveTile.py:1113] - DEBUG - moveTile loop time: 158.0 ms
2026-05-26 20:44:22,263 - picamera2.picamera2 - [picamera2.py:1391] - DEBUG - Execute job: <picamera2.job.Job object at 0x7f49c862d0>
2026-05-26 20:44:22,267 - mazeUtils.device.camera - [camera.py:37] - DEBUG - Average HSV: H=6.8, S=98.3, V=99.9
2026-05-26 20:44:22,315 - mazeUtils.moveTile - [moveTile.py:80] - DEBUG - roll: 1.5799999999999272 deg, practicalMoveTime: 0.8215391515635159 sec
2026-05-26 20:44:22,316 - mazeUtils.moveTile - [moveTile.py:1113] - DEBUG - moveTile loop time: 59.3 ms
2026-05-26 20:44:22,322 - picamera2.picamera2 - [picamera2.py:1391] - DEBUG - Execute job: <picamera2.job.Job object at 0x7f49ca0250>
2026-05-26 20:44:22,325 - mazeUtils.device.camera - [camera.py:37] - DEBUG - Average HSV: H=6.7, S=100.2, V=99.8
2026-05-26 20:44:22,374 - mazeUtils.moveTile - [moveTile.py:80] - DEBUG - roll: 1.259999999999991 deg, practicalMoveTime: 0.8738495315121497 sec
2026-05-26 20:44:22,375 - mazeUtils.moveTile - [moveTile.py:1113] - DEBUG - moveTile loop time: 58.8 ms
2026-05-26 20:44:22,381 - picamera2.picamera2 - [picamera2.py:1391] - DEBUG - Execute job: <picamera2.job.Job object at 0x7f49ca0890>
2026-05-26 20:44:22,384 - mazeUtils.device.camera - [camera.py:37] - DEBUG - Average HSV: H=6.9, S=98.4, V=98.3
2026-05-26 20:44:22,433 - mazeUtils.moveTile - [moveTile.py:80] - DEBUG - roll: 1.669999999999959 deg, practicalMoveTime: 0.9264220922914316 sec
2026-05-26 20:44:22,434 - mazeUtils.moveTile - [moveTile.py:1113] - DEBUG - moveTile loop time: 58.6 ms
2026-05-26 20:44:22,438 - picamera2.picamera2 - [picamera2.py:1391] - DEBUG - Execute job: <picamera2.job.Job object at 0x7f49ca04d0>
2026-05-26 20:44:22,441 - mazeUtils.device.camera - [camera.py:37] - DEBUG - Average HSV: H=7.1, S=96.6, V=99.6
2026-05-26 20:44:22,488 - mazeUtils.moveTile - [moveTile.py:80] - DEBUG - roll: 1.5799999999999272 deg, practicalMoveTime: 0.9752568441315829 sec
2026-05-26 20:44:22,488 - mazeUtils.moveTile - [moveTile.py:1113] - DEBUG - moveTile loop time: 54.6 ms
2026-05-26 20:44:22,493 - picamera2.picamera2 - [picamera2.py:1391] - DEBUG - Execute job: <picamera2.job.Job object at 0x7f49ca0250>
2026-05-26 20:44:22,496 - mazeUtils.device.camera - [camera.py:37] - DEBUG - Average HSV: H=6.4, S=94.5, V=101.8
2026-05-26 20:44:22,630 - mazeUtils.moveTile - [moveTile.py:80] - DEBUG - Little forward to adjust position
2026-05-26 20:44:23,345 - mazeUtils.moveTile - [moveTile.py:511] - DEBUG - Direction: absDirection.NORTH, Angle: 0, Distance: 13.964912248684906 cm
2026-05-26 20:44:23,346 - mazeUtils.moveTile - [moveTile.py:511] - DEBUG - Direction: absDirection.EAST, Angle: 270, Distance: 44.77487049389705 cm
2026-05-26 20:44:23,347 - mazeUtils.moveTile - [moveTile.py:511] - DEBUG - Direction: absDirection.SOUTH, Angle: 180, Distance: 169.90090478064954 cm
2026-05-26 20:44:23,348 - mazeUtils.moveTile - [moveTile.py:511] - DEBUG - Direction: absDirection.WEST, Angle: 90, Distance: 241.8677226086409 cm
2026-05-26 20:44:23,349 - mazeUtils.moveTile - [moveTile.py:1285] - INFO - Tile color detection counts: {}, decided tile type: E
2026-05-26 20:44:23,379 - __main__ - [main.py:144] - INFO - Program interrupted by user.
2026-05-26 20:44:24,469 - mazeUtils.device.stm - [stm.py:214] - DEBUG - ACK resynchronized: type=STS_MOTOR dropped=3B seq=12
2026-05-26 20:44:24,494 - picamera2.picamera2 - [picamera2.py:1391] - DEBUG - Execute job: <picamera2.job.Job object at 0x7f813d7090>
2026-05-26 20:44:24,513 - picamera2.picamera2 - [picamera2.py:1323] - INFO - Camera stopped
2026-05-26 20:44:24,715 - picamera2.picamera2 - [picamera2.py:1329] - DEBUG - Camera was not started
2026-05-26 20:44:24,917 - picamera2.picamera2 - [picamera2.py:723] - INFO - Camera closed successfully.
2026-05-26 20:44:25,087 - picamera2.picamera2 - [picamera2.py:500] - DEBUG - Resources now free: <picamera2.picamera2.Picamera2 object at 0x7f74ba6290>
