2026-05-24 21:34:59,004 - root - [logging_config.py:61] - INFO - Logging initialized. Log file: /home/tuton/Kanto2026RPi/src/config/../logs/robot_20260524_213457.log
2026-05-24 21:34:59,479 - mazeUtils.mazeMap - [mazeMap.py:167] - WARNING - ArduinoNanoEveryUART init failed: [Errno 2] could not open port /dev/ttyUSB0: [Errno 2] No such file or directory: '/dev/ttyUSB0'
2026-05-24 21:35:00,814 - mazeUtils.device.LiDAR - [LiDAR.py:36] - INFO - Available ports: <ydlidar.Str2strMap; proxy of <Swig Object of type 'std::map< std::string,std::string > *' at 0x7fa6737ed0> >
2026-05-24 21:35:04,819 - mazeUtils.moveTile - [moveTile.py:511] - DEBUG - Direction: absDirection.NORTH, Angle: 0, Distance: 75.56388872610776 cm
2026-05-24 21:35:04,821 - mazeUtils.moveTile - [moveTile.py:511] - DEBUG - Direction: absDirection.EAST, Angle: 270, Distance: 17.028604080420024 cm
2026-05-24 21:35:04,823 - mazeUtils.moveTile - [moveTile.py:511] - DEBUG - Direction: absDirection.SOUTH, Angle: 180, Distance: 23.04069451570273 cm
2026-05-24 21:35:04,825 - mazeUtils.moveTile - [moveTile.py:511] - DEBUG - Direction: absDirection.WEST, Angle: 90, Distance: 78.8207429455855 cm
2026-05-24 21:35:05,846 - __main__ - [main.py:69] - INFO - Initial Map:
2026-05-24 21:35:05,862 - __main__ - [main.py:70] - INFO - Current position: (20, 20, 0), front direction: absDirection.NORTH
Layer 0 (altitude=0.0cm, offset=(0.0cm, 0.0cm)):
Known map area: x=20..20, y=20..20
+   +
  @ |
+   +
mazeAsGraph[0][20][20] = {absDirection.NORTH: (20, 19, 0), absDirection.EAST: None, absDirection.SOUTH: (20, 21, 0), absDirection.WEST: (19, 20, 0)}
2026-05-24 21:35:05,863 - mazeUtils.mazeMap - [mazeMap.py:61] - INFO - next goal: (20, 19, 0)
2026-05-24 21:35:05,864 - __main__ - [main.py:73] - INFO - Next Direction: [<absDirection.NORTH: 0>]
2026-05-24 21:35:05,864 - __main__ - [main.py:74] - INFO - Exploration started.
2026-05-24 21:35:05,865 - mazeUtils.mazeMap - [mazeMap.py:61] - INFO - next goal: (20, 19, 0)
2026-05-24 21:35:05,878 - mazeUtils.moveTile - [moveTile.py:80] - DEBUG - Moving to absDirection.NORTH from (20, 20, 0) facing absDirection.NORTH
2026-05-24 21:35:05,903 - mazeUtils.moveTile - [moveTile.py:80] - DEBUG - current heading: 359.98 target: 0
2026-05-24 21:35:05,924 - mazeUtils.moveTile - [moveTile.py:387] - DEBUG - stopped turning at heading: 359.98, diff: 0.01999999999998181
2026-05-24 21:35:05,966 - mazeUtils.moveTile - [moveTile.py:80] - DEBUG - Turned to heading: 359.98 deg
2026-05-24 21:35:06,029 - picamera2.picamera2 - [picamera2.py:1391] - DEBUG - Execute job: <picamera2.job.Job object at 0x7f6312e610>
2026-05-24 21:35:06,036 - mazeUtils.device.camera - [camera.py:37] - DEBUG - Average HSV: H=13.9, S=53.0, V=212.2
2026-05-24 21:35:06,066 - mazeUtils.moveTile - [moveTile.py:80] - DEBUG - roll: 359.78000000000003 deg, practicalMoveTime: 0.041888166627455134 sec
2026-05-24 21:35:06,067 - mazeUtils.moveTile - [moveTile.py:1116] - DEBUG - moveTile loop time: 42.1 ms
2026-05-24 21:35:06,074 - picamera2.picamera2 - [picamera2.py:1391] - DEBUG - Execute job: <picamera2.job.Job object at 0x7f63177f10>
2026-05-24 21:35:06,078 - mazeUtils.device.camera - [camera.py:37] - DEBUG - Average HSV: H=13.9, S=52.6, V=212.6
2026-05-24 21:35:06,107 - mazeUtils.moveTile - [moveTile.py:80] - DEBUG - roll: 0.37999999999999545 deg, practicalMoveTime: 0.07803646807858913 sec
2026-05-24 21:35:06,108 - mazeUtils.moveTile - [moveTile.py:1116] - DEBUG - moveTile loop time: 40.8 ms
2026-05-24 21:35:06,114 - picamera2.picamera2 - [picamera2.py:1391] - DEBUG - Execute job: <picamera2.job.Job object at 0x7f6318b850>
2026-05-24 21:35:06,117 - mazeUtils.device.camera - [camera.py:37] - DEBUG - Average HSV: H=14.0, S=52.4, V=213.0
2026-05-24 21:35:06,145 - mazeUtils.moveTile - [moveTile.py:80] - DEBUG - roll: 359.91 deg, practicalMoveTime: 0.11479842185554892 sec
2026-05-24 21:35:06,146 - mazeUtils.moveTile - [moveTile.py:1116] - DEBUG - moveTile loop time: 37.0 ms
2026-05-24 21:35:06,152 - picamera2.picamera2 - [picamera2.py:1391] - DEBUG - Execute job: <picamera2.job.Job object at 0x7f631db150>
2026-05-24 21:35:06,156 - mazeUtils.device.camera - [camera.py:37] - DEBUG - Average HSV: H=13.9, S=50.9, V=213.9
2026-05-24 21:35:06,185 - mazeUtils.moveTile - [moveTile.py:80] - DEBUG - roll: 0.18000000000000682 deg, practicalMoveTime: 0.14980129134367054 sec
2026-05-24 21:35:06,185 - mazeUtils.moveTile - [moveTile.py:1116] - DEBUG - moveTile loop time: 39.1 ms
2026-05-24 21:35:06,192 - picamera2.picamera2 - [picamera2.py:1391] - DEBUG - Execute job: <picamera2.job.Job object at 0x7f80ddf5d0>
2026-05-24 21:35:06,196 - mazeUtils.device.camera - [camera.py:37] - DEBUG - Average HSV: H=13.6, S=50.6, V=214.0
2026-05-24 21:35:06,225 - mazeUtils.moveTile - [moveTile.py:80] - DEBUG - roll: 0.2400000000000091 deg, practicalMoveTime: 0.1857513743970738 sec
2026-05-24 21:35:06,225 - mazeUtils.moveTile - [moveTile.py:1116] - DEBUG - moveTile loop time: 40.2 ms
2026-05-24 21:35:06,232 - picamera2.picamera2 - [picamera2.py:1391] - DEBUG - Execute job: <picamera2.job.Job object at 0x7f632f3590>
2026-05-24 21:35:06,236 - mazeUtils.device.camera - [camera.py:37] - DEBUG - Average HSV: H=13.5, S=51.3, V=213.6
2026-05-24 21:35:06,268 - mazeUtils.moveTile - [moveTile.py:80] - DEBUG - roll: 0.37000000000000455 deg, practicalMoveTime: 0.22369418484369535 sec
2026-05-24 21:35:06,268 - mazeUtils.moveTile - [moveTile.py:1116] - DEBUG - moveTile loop time: 42.5 ms
2026-05-24 21:35:06,274 - picamera2.picamera2 - [picamera2.py:1391] - DEBUG - Execute job: <picamera2.job.Job object at 0x7f80ddf5d0>
2026-05-24 21:35:06,277 - mazeUtils.device.camera - [camera.py:37] - DEBUG - Average HSV: H=13.5, S=53.0, V=214.1
2026-05-24 21:35:06,309 - mazeUtils.moveTile - [moveTile.py:80] - DEBUG - roll: 0.12000000000000455 deg, practicalMoveTime: 0.26052104842439405 sec
2026-05-24 21:35:06,309 - mazeUtils.moveTile - [moveTile.py:1116] - DEBUG - moveTile loop time: 41.2 ms
2026-05-24 21:35:06,315 - picamera2.picamera2 - [picamera2.py:1391] - DEBUG - Execute job: <picamera2.job.Job object at 0x7f62eab790>
2026-05-24 21:35:06,319 - mazeUtils.device.camera - [camera.py:37] - DEBUG - Average HSV: H=13.3, S=54.9, V=214.1
2026-05-24 21:35:06,350 - mazeUtils.moveTile - [moveTile.py:80] - DEBUG - roll: 0.36000000000001364 deg, practicalMoveTime: 0.2972818212351204 sec
2026-05-24 21:35:06,351 - mazeUtils.moveTile - [moveTile.py:1116] - DEBUG - moveTile loop time: 41.2 ms
2026-05-24 21:35:06,358 - picamera2.picamera2 - [picamera2.py:1391] - DEBUG - Execute job: <picamera2.job.Job object at 0x7f62eab790>
2026-05-24 21:35:06,361 - mazeUtils.device.camera - [camera.py:37] - DEBUG - Average HSV: H=13.3, S=54.8, V=214.5
2026-05-24 21:35:06,393 - mazeUtils.moveTile - [moveTile.py:80] - DEBUG - roll: 0.060000000000002274 deg, practicalMoveTime: 0.33494645245389354 sec
2026-05-24 21:35:06,393 - mazeUtils.moveTile - [moveTile.py:1116] - DEBUG - moveTile loop time: 42.1 ms
2026-05-24 21:35:06,398 - picamera2.picamera2 - [picamera2.py:1391] - DEBUG - Execute job: <picamera2.job.Job object at 0x7f632f3590>
2026-05-24 21:35:06,401 - mazeUtils.device.camera - [camera.py:37] - DEBUG - Average HSV: H=13.4, S=53.2, V=215.9
2026-05-24 21:35:06,430 - mazeUtils.moveTile - [moveTile.py:80] - DEBUG - roll: 0.160000000000025 deg, practicalMoveTime: 0.3680027257700821 sec
2026-05-24 21:35:06,430 - mazeUtils.moveTile - [moveTile.py:1116] - DEBUG - moveTile loop time: 37.0 ms
2026-05-24 21:35:06,438 - picamera2.picamera2 - [picamera2.py:1391] - DEBUG - Execute job: <picamera2.job.Job object at 0x7f6312e610>
2026-05-24 21:35:06,442 - mazeUtils.device.camera - [camera.py:37] - DEBUG - Average HSV: H=13.4, S=52.5, V=216.7
2026-05-24 21:35:06,472 - mazeUtils.moveTile - [moveTile.py:80] - DEBUG - roll: 0.06999999999999318 deg, practicalMoveTime: 0.40522253232014904 sec
2026-05-24 21:35:06,472 - mazeUtils.moveTile - [moveTile.py:1116] - DEBUG - moveTile loop time: 41.6 ms
2026-05-24 21:35:06,477 - picamera2.picamera2 - [picamera2.py:1391] - DEBUG - Execute job: <picamera2.job.Job object at 0x7f632f3590>
2026-05-24 21:35:06,480 - mazeUtils.device.camera - [camera.py:37] - DEBUG - Average HSV: H=13.5, S=51.6, V=217.6
2026-05-24 21:35:06,508 - mazeUtils.moveTile - [moveTile.py:80] - DEBUG - roll: 0.5699999999999363 deg, practicalMoveTime: 0.43757845694345937 sec
2026-05-24 21:35:06,509 - mazeUtils.moveTile - [moveTile.py:1116] - DEBUG - moveTile loop time: 36.2 ms
2026-05-24 21:35:06,513 - picamera2.picamera2 - [picamera2.py:1391] - DEBUG - Execute job: <picamera2.job.Job object at 0x7f631db150>
2026-05-24 21:35:06,516 - mazeUtils.device.camera - [camera.py:37] - DEBUG - Average HSV: H=13.6, S=51.3, V=218.5
2026-05-24 21:35:06,552 - mazeUtils.moveTile - [moveTile.py:80] - DEBUG - roll: 0.4500000000000455 deg, practicalMoveTime: 0.4764173621726157 sec
2026-05-24 21:35:06,552 - mazeUtils.moveTile - [moveTile.py:1116] - DEBUG - moveTile loop time: 43.4 ms
2026-05-24 21:35:06,558 - picamera2.picamera2 - [picamera2.py:1391] - DEBUG - Execute job: <picamera2.job.Job object at 0x7f63177f10>
2026-05-24 21:35:06,562 - mazeUtils.device.camera - [camera.py:37] - DEBUG - Average HSV: H=13.5, S=51.8, V=218.5
2026-05-24 21:35:06,594 - mazeUtils.moveTile - [moveTile.py:80] - DEBUG - roll: 359.95 deg, practicalMoveTime: 0.5184491111522378 sec
2026-05-24 21:35:06,595 - mazeUtils.moveTile - [moveTile.py:1116] - DEBUG - moveTile loop time: 41.1 ms
2026-05-24 21:35:06,601 - picamera2.picamera2 - [picamera2.py:1391] - DEBUG - Execute job: <picamera2.job.Job object at 0x7f80ddf5d0>
2026-05-24 21:35:06,604 - mazeUtils.device.camera - [camera.py:37] - DEBUG - Average HSV: H=13.6, S=51.1, V=219.2
2026-05-24 21:35:06,634 - mazeUtils.moveTile - [moveTile.py:80] - DEBUG - roll: 0.22000000000002728 deg, practicalMoveTime: 0.5539428432591657 sec
2026-05-24 21:35:06,635 - mazeUtils.moveTile - [moveTile.py:1116] - DEBUG - moveTile loop time: 39.7 ms
2026-05-24 21:35:06,645 - picamera2.picamera2 - [picamera2.py:1391] - DEBUG - Execute job: <picamera2.job.Job object at 0x7f632f3590>
2026-05-24 21:35:06,648 - mazeUtils.device.camera - [camera.py:37] - DEBUG - Average HSV: H=13.6, S=52.2, V=218.3
2026-05-24 21:35:06,675 - mazeUtils.moveTile - [moveTile.py:80] - DEBUG - roll: 0.9200000000000728 deg, practicalMoveTime: 0.5901117383131108 sec
2026-05-24 21:35:06,675 - mazeUtils.moveTile - [moveTile.py:1116] - DEBUG - moveTile loop time: 40.5 ms
2026-05-24 21:35:06,679 - picamera2.picamera2 - [picamera2.py:1391] - DEBUG - Execute job: <picamera2.job.Job object at 0x7f80de0210>
2026-05-24 21:35:06,682 - mazeUtils.device.camera - [camera.py:37] - DEBUG - Average HSV: H=13.6, S=49.3, V=221.0
2026-05-24 21:35:06,716 - mazeUtils.moveTile - [moveTile.py:80] - DEBUG - roll: 0.7100000000000364 deg, practicalMoveTime: 0.6265318382270595 sec
2026-05-24 21:35:06,716 - mazeUtils.moveTile - [moveTile.py:1116] - DEBUG - moveTile loop time: 40.8 ms
2026-05-24 21:35:06,724 - picamera2.picamera2 - [picamera2.py:1391] - DEBUG - Execute job: <picamera2.job.Job object at 0x7f6312e610>
2026-05-24 21:35:06,727 - mazeUtils.device.camera - [camera.py:37] - DEBUG - Average HSV: H=13.7, S=51.2, V=220.0
2026-05-24 21:35:06,758 - mazeUtils.moveTile - [moveTile.py:80] - DEBUG - roll: 0.75 deg, practicalMoveTime: 0.6642936765778163 sec
2026-05-24 21:35:06,759 - mazeUtils.moveTile - [moveTile.py:1116] - DEBUG - moveTile loop time: 42.3 ms
2026-05-24 21:35:06,765 - picamera2.picamera2 - [picamera2.py:1391] - DEBUG - Execute job: <picamera2.job.Job object at 0x7f80dcf750>
2026-05-24 21:35:06,769 - mazeUtils.device.camera - [camera.py:37] - DEBUG - Average HSV: H=13.7, S=51.3, V=219.9
2026-05-24 21:35:06,798 - mazeUtils.moveTile - [moveTile.py:80] - DEBUG - roll: 0.6800000000000637 deg, practicalMoveTime: 0.6993272961372301 sec
2026-05-24 21:35:06,798 - mazeUtils.moveTile - [moveTile.py:1116] - DEBUG - moveTile loop time: 39.3 ms
2026-05-24 21:35:06,804 - picamera2.picamera2 - [picamera2.py:1391] - DEBUG - Execute job: <picamera2.job.Job object at 0x7f6318b850>
2026-05-24 21:35:06,808 - mazeUtils.device.camera - [camera.py:37] - DEBUG - Average HSV: H=13.6, S=49.7, V=221.0
2026-05-24 21:35:06,835 - mazeUtils.moveTile - [moveTile.py:80] - DEBUG - roll: 0.6299999999999955 deg, practicalMoveTime: 0.7322072597317585 sec
2026-05-24 21:35:06,835 - mazeUtils.moveTile - [moveTile.py:1116] - DEBUG - moveTile loop time: 36.8 ms
2026-05-24 21:35:06,840 - picamera2.picamera2 - [picamera2.py:1391] - DEBUG - Execute job: <picamera2.job.Job object at 0x7f63177f10>
2026-05-24 21:35:06,844 - mazeUtils.device.camera - [camera.py:37] - DEBUG - Average HSV: H=13.9, S=48.4, V=222.7
2026-05-24 21:35:06,876 - mazeUtils.moveTile - [moveTile.py:80] - DEBUG - roll: 0.650000000000091 deg, practicalMoveTime: 0.7684791202141753 sec
2026-05-24 21:35:06,876 - mazeUtils.moveTile - [moveTile.py:1116] - DEBUG - moveTile loop time: 40.6 ms
2026-05-24 21:35:06,884 - picamera2.picamera2 - [picamera2.py:1391] - DEBUG - Execute job: <picamera2.job.Job object at 0x7f81c8c9d0>
2026-05-24 21:35:06,887 - mazeUtils.device.camera - [camera.py:37] - DEBUG - Average HSV: H=14.1, S=47.5, V=224.1
2026-05-24 21:35:06,914 - mazeUtils.moveTile - [moveTile.py:80] - DEBUG - roll: 0.13999999999998636 deg, practicalMoveTime: 0.8024555259727231 sec
2026-05-24 21:35:06,914 - mazeUtils.moveTile - [moveTile.py:1116] - DEBUG - moveTile loop time: 38.1 ms
2026-05-24 21:35:06,927 - picamera2.picamera2 - [picamera2.py:1391] - DEBUG - Execute job: <picamera2.job.Job object at 0x7f80ddf5d0>
2026-05-24 21:35:06,931 - mazeUtils.device.camera - [camera.py:37] - DEBUG - Average HSV: H=14.1, S=47.4, V=223.3
2026-05-24 21:35:06,959 - mazeUtils.moveTile - [moveTile.py:80] - DEBUG - roll: 0.5499999999999545 deg, practicalMoveTime: 0.84274581341325 sec
2026-05-24 21:35:06,960 - mazeUtils.moveTile - [moveTile.py:1116] - DEBUG - moveTile loop time: 45.3 ms
2026-05-24 21:35:06,971 - picamera2.picamera2 - [picamera2.py:1391] - DEBUG - Execute job: <picamera2.job.Job object at 0x7f81c8c9d0>
2026-05-24 21:35:06,974 - mazeUtils.device.camera - [camera.py:37] - DEBUG - Average HSV: H=14.1, S=47.0, V=223.8
2026-05-24 21:35:07,007 - mazeUtils.moveTile - [moveTile.py:80] - DEBUG - roll: 1.5299999999999727 deg, practicalMoveTime: 0.8853974662915932 sec
2026-05-24 21:35:07,008 - mazeUtils.moveTile - [moveTile.py:1116] - DEBUG - moveTile loop time: 47.5 ms
2026-05-24 21:35:07,014 - picamera2.picamera2 - [picamera2.py:1391] - DEBUG - Execute job: <picamera2.job.Job object at 0x7f6312e610>
2026-05-24 21:35:07,017 - mazeUtils.device.camera - [camera.py:37] - DEBUG - Average HSV: H=14.1, S=46.2, V=224.7
2026-05-24 21:35:07,044 - mazeUtils.moveTile - [moveTile.py:80] - DEBUG - roll: 2.6100000000000136 deg, practicalMoveTime: 0.9178433931232434 sec
2026-05-24 21:35:07,044 - mazeUtils.moveTile - [moveTile.py:1116] - DEBUG - moveTile loop time: 36.3 ms
2026-05-24 21:35:07,049 - picamera2.picamera2 - [picamera2.py:1391] - DEBUG - Execute job: <picamera2.job.Job object at 0x7f631db150>
2026-05-24 21:35:07,052 - mazeUtils.device.camera - [camera.py:37] - DEBUG - Average HSV: H=14.1, S=45.9, V=225.6
2026-05-24 21:35:07,084 - mazeUtils.moveTile - [moveTile.py:80] - DEBUG - roll: 2.9500000000000455 deg, practicalMoveTime: 0.9530242000498789 sec
2026-05-24 21:35:07,084 - mazeUtils.moveTile - [moveTile.py:1116] - DEBUG - moveTile loop time: 39.7 ms
2026-05-24 21:35:07,093 - picamera2.picamera2 - [picamera2.py:1391] - DEBUG - Execute job: <picamera2.job.Job object at 0x7f63177f10>
2026-05-24 21:35:07,096 - mazeUtils.device.camera - [camera.py:37] - DEBUG - Average HSV: H=14.1, S=45.9, V=226.5
2026-05-24 21:35:07,124 - mazeUtils.moveTile - [moveTile.py:80] - DEBUG - roll: 4.430000000000064 deg, practicalMoveTime: 0.9881528635487825 sec
2026-05-24 21:35:07,124 - mazeUtils.moveTile - [moveTile.py:1116] - DEBUG - moveTile loop time: 39.3 ms
2026-05-24 21:35:07,128 - picamera2.picamera2 - [picamera2.py:1391] - DEBUG - Execute job: <picamera2.job.Job object at 0x7f632f3590>
2026-05-24 21:35:07,133 - mazeUtils.device.camera - [camera.py:37] - DEBUG - Average HSV: H=14.2, S=46.0, V=226.8
2026-05-24 21:35:07,164 - mazeUtils.moveTile - [moveTile.py:80] - DEBUG - roll: 4.610000000000014 deg, practicalMoveTime: 1.023815851605389 sec
2026-05-24 21:35:07,164 - mazeUtils.moveTile - [moveTile.py:1116] - DEBUG - moveTile loop time: 40.1 ms
2026-05-24 21:35:07,169 - picamera2.picamera2 - [picamera2.py:1391] - DEBUG - Execute job: <picamera2.job.Job object at 0x7f631db150>
2026-05-24 21:35:07,172 - mazeUtils.device.camera - [camera.py:37] - DEBUG - Average HSV: H=14.1, S=44.1, V=227.8
2026-05-24 21:35:07,200 - mazeUtils.moveTile - [moveTile.py:80] - DEBUG - roll: 5.660000000000082 deg, practicalMoveTime: 1.0555518352393916 sec
2026-05-24 21:35:07,200 - mazeUtils.moveTile - [moveTile.py:1116] - DEBUG - moveTile loop time: 35.7 ms
2026-05-24 21:35:07,205 - picamera2.picamera2 - [picamera2.py:1391] - DEBUG - Execute job: <picamera2.job.Job object at 0x7f6312e610>
2026-05-24 21:35:07,210 - mazeUtils.device.camera - [camera.py:37] - DEBUG - Average HSV: H=14.0, S=42.0, V=229.0
2026-05-24 21:35:07,248 - mazeUtils.moveTile - [moveTile.py:80] - DEBUG - roll: 5.779999999999973 deg, practicalMoveTime: 1.0980771385189803 sec
2026-05-24 21:35:07,248 - mazeUtils.moveTile - [moveTile.py:1116] - DEBUG - moveTile loop time: 47.8 ms
2026-05-24 21:35:07,254 - picamera2.picamera2 - [picamera2.py:1391] - DEBUG - Execute job: <picamera2.job.Job object at 0x7f632f3590>
2026-05-24 21:35:07,257 - mazeUtils.device.camera - [camera.py:37] - DEBUG - Average HSV: H=13.8, S=39.1, V=230.4
2026-05-24 21:35:07,286 - mazeUtils.moveTile - [moveTile.py:80] - DEBUG - roll: 6.539999999999964 deg, practicalMoveTime: 1.1315795012865393 sec
2026-05-24 21:35:07,286 - mazeUtils.moveTile - [moveTile.py:1116] - DEBUG - moveTile loop time: 37.8 ms
2026-05-24 21:35:07,294 - picamera2.picamera2 - [picamera2.py:1391] - DEBUG - Execute job: <picamera2.job.Job object at 0x7f81c8c9d0>
2026-05-24 21:35:07,296 - mazeUtils.device.camera - [camera.py:37] - DEBUG - Average HSV: H=13.9, S=39.2, V=230.5
2026-05-24 21:35:07,328 - mazeUtils.moveTile - [moveTile.py:80] - DEBUG - roll: 6.25 deg, practicalMoveTime: 1.1686066958884365 sec
2026-05-24 21:35:07,328 - mazeUtils.moveTile - [moveTile.py:1116] - DEBUG - moveTile loop time: 41.4 ms
2026-05-24 21:35:07,336 - picamera2.picamera2 - [picamera2.py:1391] - DEBUG - Execute job: <picamera2.job.Job object at 0x7f63177f10>
2026-05-24 21:35:07,340 - mazeUtils.device.camera - [camera.py:37] - DEBUG - Average HSV: H=13.8, S=39.3, V=230.5
2026-05-24 21:35:07,367 - mazeUtils.moveTile - [moveTile.py:80] - DEBUG - roll: 5.509999999999991 deg, practicalMoveTime: 1.2036925600990873 sec
2026-05-24 21:35:07,368 - mazeUtils.moveTile - [moveTile.py:1116] - DEBUG - moveTile loop time: 39.4 ms
2026-05-24 21:35:07,372 - picamera2.picamera2 - [picamera2.py:1391] - DEBUG - Execute job: <picamera2.job.Job object at 0x7f6318b850>
2026-05-24 21:35:07,375 - mazeUtils.device.camera - [camera.py:37] - DEBUG - Average HSV: H=13.9, S=42.5, V=229.3
2026-05-24 21:35:07,413 - mazeUtils.moveTile - [moveTile.py:80] - DEBUG - roll: 5.059999999999945 deg, practicalMoveTime: 1.2446837113706888 sec
2026-05-24 21:35:07,414 - mazeUtils.moveTile - [moveTile.py:1116] - DEBUG - moveTile loop time: 45.8 ms
2026-05-24 21:35:07,418 - picamera2.picamera2 - [picamera2.py:1391] - DEBUG - Execute job: <picamera2.job.Job object at 0x7f81c8c9d0>
2026-05-24 21:35:07,421 - mazeUtils.device.camera - [camera.py:37] - DEBUG - Average HSV: H=13.9, S=42.0, V=229.4
2026-05-24 21:35:07,450 - mazeUtils.moveTile - [moveTile.py:80] - DEBUG - roll: 4.710000000000036 deg, practicalMoveTime: 1.2769009595621492 sec
2026-05-24 21:35:07,451 - mazeUtils.moveTile - [moveTile.py:1116] - DEBUG - moveTile loop time: 36.5 ms
2026-05-24 21:35:07,456 - picamera2.picamera2 - [picamera2.py:1391] - DEBUG - Execute job: <picamera2.job.Job object at 0x7f80de0210>
2026-05-24 21:35:07,459 - mazeUtils.device.camera - [camera.py:37] - DEBUG - Average HSV: H=13.7, S=41.1, V=229.5
2026-05-24 21:35:07,489 - mazeUtils.moveTile - [moveTile.py:80] - DEBUG - roll: 4.8799999999999955 deg, practicalMoveTime: 1.311106644237812 sec
2026-05-24 21:35:07,489 - mazeUtils.moveTile - [moveTile.py:1116] - DEBUG - moveTile loop time: 38.4 ms
2026-05-24 21:35:07,498 - picamera2.picamera2 - [picamera2.py:1391] - DEBUG - Execute job: <picamera2.job.Job object at 0x7f63177f10>
2026-05-24 21:35:07,501 - mazeUtils.device.camera - [camera.py:37] - DEBUG - Average HSV: H=13.7, S=42.1, V=228.2
2026-05-24 21:35:07,532 - mazeUtils.moveTile - [moveTile.py:80] - DEBUG - roll: 4.430000000000064 deg, practicalMoveTime: 1.3490198943075353 sec
2026-05-24 21:35:07,532 - mazeUtils.moveTile - [moveTile.py:1116] - DEBUG - moveTile loop time: 42.6 ms
2026-05-24 21:35:07,537 - picamera2.picamera2 - [picamera2.py:1391] - DEBUG - Execute job: <picamera2.job.Job object at 0x7f81c8c9d0>
2026-05-24 21:35:07,541 - mazeUtils.device.camera - [camera.py:37] - DEBUG - Average HSV: H=13.6, S=41.0, V=228.6
2026-05-24 21:35:07,567 - mazeUtils.moveTile - [moveTile.py:80] - DEBUG - roll: 4.579999999999927 deg, practicalMoveTime: 1.3801558715259976 sec
2026-05-24 21:35:07,567 - mazeUtils.moveTile - [moveTile.py:1116] - DEBUG - moveTile loop time: 35.0 ms
2026-05-24 21:35:07,577 - picamera2.picamera2 - [picamera2.py:1391] - DEBUG - Execute job: <picamera2.job.Job object at 0x7f80d7a750>
2026-05-24 21:35:07,580 - mazeUtils.device.camera - [camera.py:37] - DEBUG - Average HSV: H=13.5, S=39.4, V=229.3
2026-05-24 21:35:07,611 - mazeUtils.moveTile - [moveTile.py:80] - DEBUG - roll: 4.720000000000027 deg, practicalMoveTime: 1.4192729226729701 sec
2026-05-24 21:35:07,612 - mazeUtils.moveTile - [moveTile.py:1116] - DEBUG - moveTile loop time: 43.9 ms
2026-05-24 21:35:07,618 - picamera2.picamera2 - [picamera2.py:1391] - DEBUG - Execute job: <picamera2.job.Job object at 0x7f6318b850>
2026-05-24 21:35:07,621 - mazeUtils.device.camera - [camera.py:37] - DEBUG - Average HSV: H=13.4, S=38.7, V=229.5
2026-05-24 21:35:07,655 - mazeUtils.moveTile - [moveTile.py:80] - DEBUG - roll: 4.430000000000064 deg, practicalMoveTime: 1.4577648687072038 sec
2026-05-24 21:35:07,655 - mazeUtils.moveTile - [moveTile.py:1116] - DEBUG - moveTile loop time: 43.2 ms
2026-05-24 21:35:07,662 - picamera2.picamera2 - [picamera2.py:1391] - DEBUG - Execute job: <picamera2.job.Job object at 0x7f63177f10>
2026-05-24 21:35:07,666 - mazeUtils.device.camera - [camera.py:37] - DEBUG - Average HSV: H=13.2, S=37.6, V=230.0
2026-05-24 21:35:07,695 - mazeUtils.moveTile - [moveTile.py:80] - DEBUG - roll: 4.559999999999945 deg, practicalMoveTime: 1.4934558064570354 sec
2026-05-24 21:35:07,695 - mazeUtils.moveTile - [moveTile.py:1116] - DEBUG - moveTile loop time: 40.0 ms
2026-05-24 21:35:07,704 - picamera2.picamera2 - [picamera2.py:1391] - DEBUG - Execute job: <picamera2.job.Job object at 0x7f6312e610>
2026-05-24 21:35:07,708 - mazeUtils.device.camera - [camera.py:37] - DEBUG - Average HSV: H=13.2, S=36.5, V=231.2
2026-05-24 21:35:07,790 - mazeUtils.moveTile - [moveTile.py:511] - DEBUG - Direction: absDirection.NORTH, Angle: 0, Distance: 60.58595397504661 cm
2026-05-24 21:35:07,791 - mazeUtils.moveTile - [moveTile.py:511] - DEBUG - Direction: absDirection.EAST, Angle: 270, Distance: 28.255038654281293 cm
2026-05-24 21:35:07,792 - mazeUtils.moveTile - [moveTile.py:511] - DEBUG - Direction: absDirection.SOUTH, Angle: 180, Distance: 43.60329144200632 cm
2026-05-24 21:35:07,794 - mazeUtils.moveTile - [moveTile.py:511] - DEBUG - Direction: absDirection.WEST, Angle: 90, Distance: 122.38649249751084 cm
2026-05-24 21:35:07,804 - mazeUtils.mazeMap - [mazeMap.py:323] - DEBUG - Silver tile detected, saving cache
2026-05-24 21:35:08,844 - mazeUtils.moveTile - [moveTile.py:1274] - INFO - Tile color detection counts: {}, decided tile type: V
2026-05-24 21:35:08,844 - mazeUtils.moveTile - [moveTile.py:1282] - INFO - Moved to (20, 19, 0), Tile type: V, Wall types: {<absDirection.NORTH: 0>: <wallType.NO_WALL: 1>, <absDirection.EAST: 270>: <wallType.NO_WALL: 1>, <absDirection.SOUTH: 180>: <wallType.NO_WALL: 1>, <absDirection.WEST: 90>: <wallType.NO_WALL: 1>}
2026-05-24 21:35:08,910 - __main__ - [main.py:84] - INFO - Current position: (20, 19, 0), front direction: absDirection.NORTH
Layer 0 (altitude=0.0cm, offset=(0.0cm, 0.0cm)):
Known map area: x=20..20, y=19..20
+   +
  @  
+   +
  S |
+   +
mazeAsGraph[0][19][20] = {absDirection.NORTH: (20, 18, 0), absDirection.EAST: (21, 19, 0), absDirection.SOUTH: (20, 20, 0), absDirection.WEST: (19, 19, 0)}
mazeAsGraph[0][20][20] = {absDirection.NORTH: (20, 19, 0), absDirection.EAST: None, absDirection.SOUTH: (20, 21, 0), absDirection.WEST: (19, 20, 0)}
2026-05-24 21:35:08,921 - mazeUtils.mazeMap - [mazeMap.py:61] - INFO - next goal: (20, 18, 0)
2026-05-24 21:35:08,922 - mazeUtils.mazeMap - [mazeMap.py:61] - INFO - next goal: (20, 18, 0)
2026-05-24 21:35:08,934 - mazeUtils.moveTile - [moveTile.py:80] - DEBUG - Moving to absDirection.NORTH from (20, 19, 0) facing absDirection.NORTH
2026-05-24 21:35:08,972 - mazeUtils.moveTile - [moveTile.py:80] - DEBUG - current heading: 16.430000000000007 target: 0
2026-05-24 21:35:09,152 - mazeUtils.moveTile - [moveTile.py:387] - DEBUG - stopped turning at heading: 9.160000000000025, diff: 9.160000000000025
2026-05-24 21:35:10,516 - mazeUtils.moveTile - [moveTile.py:80] - DEBUG - Turned to heading: 0.19999999999998863 deg
2026-05-24 21:35:10,597 - picamera2.picamera2 - [picamera2.py:1391] - DEBUG - Execute job: <picamera2.job.Job object at 0x7f6214b3d0>
2026-05-24 21:35:10,602 - mazeUtils.device.camera - [camera.py:37] - DEBUG - Average HSV: H=14.1, S=43.1, V=225.1
2026-05-24 21:35:10,637 - mazeUtils.moveTile - [moveTile.py:80] - DEBUG - roll: 359.69 deg, practicalMoveTime: 0.0438476343384844 sec
2026-05-24 21:35:10,637 - mazeUtils.moveTile - [moveTile.py:1116] - DEBUG - moveTile loop time: 43.9 ms
2026-05-24 21:35:10,641 - picamera2.picamera2 - [picamera2.py:1391] - DEBUG - Execute job: <picamera2.job.Job object at 0x7f62eac450>
2026-05-24 21:35:10,646 - mazeUtils.device.camera - [camera.py:37] - DEBUG - Average HSV: H=14.1, S=42.8, V=225.8
2026-05-24 21:35:10,676 - mazeUtils.moveTile - [moveTile.py:80] - DEBUG - roll: 359.86 deg, practicalMoveTime: 0.0827681590961056 sec
2026-05-24 21:35:10,677 - mazeUtils.moveTile - [moveTile.py:1116] - DEBUG - moveTile loop time: 39.3 ms
2026-05-24 21:35:10,685 - picamera2.picamera2 - [picamera2.py:1391] - DEBUG - Execute job: <picamera2.job.Job object at 0x7f6397d950>
2026-05-24 21:35:10,690 - mazeUtils.device.camera - [camera.py:37] - DEBUG - Average HSV: H=14.2, S=44.0, V=226.3
2026-05-24 21:35:10,717 - mazeUtils.moveTile - [moveTile.py:80] - DEBUG - roll: 0.06999999999999318 deg, practicalMoveTime: 0.11931891592881835 sec
2026-05-24 21:35:10,718 - mazeUtils.moveTile - [moveTile.py:1116] - DEBUG - moveTile loop time: 41.4 ms
2026-05-24 21:35:10,726 - picamera2.picamera2 - [picamera2.py:1391] - DEBUG - Execute job: <picamera2.job.Job object at 0x7f6214b3d0>
2026-05-24 21:35:10,733 - mazeUtils.device.camera - [camera.py:37] - DEBUG - Average HSV: H=14.2, S=44.8, V=226.0
2026-05-24 21:35:10,761 - mazeUtils.moveTile - [moveTile.py:80] - DEBUG - roll: 359.62 deg, practicalMoveTime: 0.16169927044568436 sec
2026-05-24 21:35:10,762 - mazeUtils.moveTile - [moveTile.py:1116] - DEBUG - moveTile loop time: 42.8 ms
2026-05-24 21:35:10,767 - picamera2.picamera2 - [picamera2.py:1391] - DEBUG - Execute job: <picamera2.job.Job object at 0x7f62eac6d0>
2026-05-24 21:35:10,771 - mazeUtils.device.camera - [camera.py:37] - DEBUG - Average HSV: H=14.2, S=45.3, V=226.4
2026-05-24 21:35:10,804 - mazeUtils.moveTile - [moveTile.py:80] - DEBUG - roll: 359.75 deg, practicalMoveTime: 0.20338826949722336 sec
2026-05-24 21:35:10,804 - mazeUtils.moveTile - [moveTile.py:1116] - DEBUG - moveTile loop time: 42.1 ms
2026-05-24 21:35:10,811 - picamera2.picamera2 - [picamera2.py:1391] - DEBUG - Execute job: <picamera2.job.Job object at 0x7f62c79090>
2026-05-24 21:35:10,815 - mazeUtils.device.camera - [camera.py:37] - DEBUG - Average HSV: H=14.2, S=44.7, V=227.6
2026-05-24 21:35:10,850 - mazeUtils.moveTile - [moveTile.py:80] - DEBUG - roll: 359.75 deg, practicalMoveTime: 0.249203301201463 sec
2026-05-24 21:35:10,851 - mazeUtils.moveTile - [moveTile.py:1116] - DEBUG - moveTile loop time: 46.2 ms
2026-05-24 21:35:10,858 - picamera2.picamera2 - [picamera2.py:1391] - DEBUG - Execute job: <picamera2.job.Job object at 0x7f6212e810>
2026-05-24 21:35:10,864 - mazeUtils.device.camera - [camera.py:37] - DEBUG - Average HSV: H=14.2, S=44.8, V=227.9
2026-05-24 21:35:10,894 - mazeUtils.moveTile - [moveTile.py:80] - DEBUG - roll: 359.67 deg, practicalMoveTime: 0.29200897814640886 sec
2026-05-24 21:35:10,895 - mazeUtils.moveTile - [moveTile.py:1116] - DEBUG - moveTile loop time: 43.4 ms
2026-05-24 21:35:10,900 - picamera2.picamera2 - [picamera2.py:1391] - DEBUG - Execute job: <picamera2.job.Job object at 0x7f62c78f90>
2026-05-24 21:35:10,904 - mazeUtils.device.camera - [camera.py:37] - DEBUG - Average HSV: H=14.2, S=44.6, V=228.0
2026-05-24 21:35:10,944 - mazeUtils.moveTile - [moveTile.py:80] - DEBUG - roll: 359.47 deg, practicalMoveTime: 0.3413289962832589 sec
2026-05-24 21:35:10,945 - mazeUtils.moveTile - [moveTile.py:1116] - DEBUG - moveTile loop time: 49.5 ms
2026-05-24 21:35:10,950 - picamera2.picamera2 - [picamera2.py:1391] - DEBUG - Execute job: <picamera2.job.Job object at 0x7f6212e810>
2026-05-24 21:35:10,955 - mazeUtils.device.camera - [camera.py:37] - DEBUG - Average HSV: H=13.9, S=42.3, V=229.1
2026-05-24 21:35:10,985 - mazeUtils.moveTile - [moveTile.py:80] - DEBUG - roll: 359.76 deg, practicalMoveTime: 0.3814115761555035 sec
2026-05-24 21:35:10,986 - mazeUtils.moveTile - [moveTile.py:1116] - DEBUG - moveTile loop time: 40.7 ms
2026-05-24 21:35:10,992 - picamera2.picamera2 - [picamera2.py:1391] - DEBUG - Execute job: <picamera2.job.Job object at 0x7f620e1910>
2026-05-24 21:35:10,996 - mazeUtils.device.camera - [camera.py:37] - DEBUG - Average HSV: H=14.0, S=42.0, V=230.6
2026-05-24 21:35:11,025 - mazeUtils.moveTile - [moveTile.py:80] - DEBUG - roll: 359.43 deg, practicalMoveTime: 0.42022205444643107 sec
2026-05-24 21:35:11,025 - mazeUtils.moveTile - [moveTile.py:1116] - DEBUG - moveTile loop time: 39.0 ms
2026-05-24 21:35:11,031 - picamera2.picamera2 - [picamera2.py:1391] - DEBUG - Execute job: <picamera2.job.Job object at 0x7f6212e810>
2026-05-24 21:35:11,035 - mazeUtils.device.camera - [camera.py:37] - DEBUG - Average HSV: H=14.0, S=41.0, V=231.1
2026-05-24 21:35:11,075 - mazeUtils.moveTile - [moveTile.py:80] - DEBUG - roll: 359.16 deg, practicalMoveTime: 0.46942945986895795 sec
2026-05-24 21:35:11,076 - mazeUtils.moveTile - [moveTile.py:1116] - DEBUG - moveTile loop time: 49.9 ms
2026-05-24 21:35:11,081 - picamera2.picamera2 - [picamera2.py:1391] - DEBUG - Execute job: <picamera2.job.Job object at 0x7f6397d950>
2026-05-24 21:35:11,086 - mazeUtils.device.camera - [camera.py:37] - DEBUG - Average HSV: H=13.7, S=40.2, V=231.5
2026-05-24 21:35:11,123 - mazeUtils.moveTile - [moveTile.py:80] - DEBUG - roll: 359.51 deg, practicalMoveTime: 0.5163566263209112 sec
2026-05-24 21:35:11,123 - mazeUtils.moveTile - [moveTile.py:1116] - DEBUG - moveTile loop time: 47.5 ms
2026-05-24 21:35:11,129 - picamera2.picamera2 - [picamera2.py:1391] - DEBUG - Execute job: <picamera2.job.Job object at 0x7f62c78fd0>
2026-05-24 21:35:11,134 - mazeUtils.device.camera - [camera.py:37] - DEBUG - Average HSV: H=13.8, S=42.2, V=231.7
2026-05-24 21:35:11,166 - mazeUtils.moveTile - [moveTile.py:80] - DEBUG - roll: 359.65000000000003 deg, practicalMoveTime: 0.5592575802495922 sec
2026-05-24 21:35:11,167 - mazeUtils.moveTile - [moveTile.py:1116] - DEBUG - moveTile loop time: 43.5 ms
2026-05-24 21:35:11,173 - picamera2.picamera2 - [picamera2.py:1391] - DEBUG - Execute job: <picamera2.job.Job object at 0x7f6214b3d0>
2026-05-24 21:35:11,178 - mazeUtils.device.camera - [camera.py:37] - DEBUG - Average HSV: H=14.1, S=45.3, V=231.7
2026-05-24 21:35:11,205 - mazeUtils.moveTile - [moveTile.py:80] - DEBUG - roll: 359.39 deg, practicalMoveTime: 0.5970686238881194 sec
2026-05-24 21:35:11,206 - mazeUtils.moveTile - [moveTile.py:1116] - DEBUG - moveTile loop time: 38.0 ms
2026-05-24 21:35:11,213 - picamera2.picamera2 - [picamera2.py:1391] - DEBUG - Execute job: <picamera2.job.Job object at 0x7f62c78fd0>
2026-05-24 21:35:11,217 - mazeUtils.device.camera - [camera.py:37] - DEBUG - Average HSV: H=14.1, S=44.9, V=232.1
2026-05-24 21:35:11,251 - mazeUtils.moveTile - [moveTile.py:80] - DEBUG - roll: 359.13 deg, practicalMoveTime: 0.6422659066010631 sec
2026-05-24 21:35:11,252 - mazeUtils.moveTile - [moveTile.py:1116] - DEBUG - moveTile loop time: 45.3 ms
2026-05-24 21:35:11,256 - picamera2.picamera2 - [picamera2.py:1391] - DEBUG - Execute job: <picamera2.job.Job object at 0x7f620e1910>
2026-05-24 21:35:11,261 - mazeUtils.device.camera - [camera.py:37] - DEBUG - Average HSV: H=14.1, S=43.1, V=232.8
2026-05-24 21:35:11,289 - mazeUtils.moveTile - [moveTile.py:80] - DEBUG - roll: 359.72 deg, practicalMoveTime: 0.6797899202684657 sec
2026-05-24 21:35:11,290 - mazeUtils.moveTile - [moveTile.py:1116] - DEBUG - moveTile loop time: 37.9 ms
2026-05-24 21:35:11,297 - picamera2.picamera2 - [picamera2.py:1391] - DEBUG - Execute job: <picamera2.job.Job object at 0x7f62c78f90>
2026-05-24 21:35:11,302 - mazeUtils.device.camera - [camera.py:37] - DEBUG - Average HSV: H=13.9, S=40.3, V=233.2
2026-05-24 21:35:11,333 - mazeUtils.moveTile - [moveTile.py:80] - DEBUG - roll: 359.61 deg, practicalMoveTime: 0.7224069692463949 sec
2026-05-24 21:35:11,334 - mazeUtils.moveTile - [moveTile.py:1116] - DEBUG - moveTile loop time: 43.3 ms
2026-05-24 21:35:11,340 - picamera2.picamera2 - [picamera2.py:1391] - DEBUG - Execute job: <picamera2.job.Job object at 0x7f62c78f90>
2026-05-24 21:35:11,344 - mazeUtils.device.camera - [camera.py:37] - DEBUG - Average HSV: H=13.9, S=37.9, V=234.4
2026-05-24 21:35:11,382 - mazeUtils.moveTile - [moveTile.py:80] - DEBUG - roll: 359.63 deg, practicalMoveTime: 0.7702260633977128 sec
2026-05-24 21:35:11,382 - mazeUtils.moveTile - [moveTile.py:1116] - DEBUG - moveTile loop time: 47.9 ms
2026-05-24 21:35:11,391 - picamera2.picamera2 - [picamera2.py:1391] - DEBUG - Execute job: <picamera2.job.Job object at 0x7f62138110>
2026-05-24 21:35:11,396 - mazeUtils.device.camera - [camera.py:37] - DEBUG - Average HSV: H=14.0, S=35.8, V=236.5
2026-05-24 21:35:11,427 - mazeUtils.moveTile - [moveTile.py:80] - DEBUG - roll: 359.33 deg, practicalMoveTime: 0.8147321927184287 sec
2026-05-24 21:35:11,428 - mazeUtils.moveTile - [moveTile.py:1116] - DEBUG - moveTile loop time: 45.0 ms
2026-05-24 21:35:11,432 - picamera2.picamera2 - [picamera2.py:1391] - DEBUG - Execute job: <picamera2.job.Job object at 0x7f62eac310>
2026-05-24 21:35:11,437 - mazeUtils.device.camera - [camera.py:37] - DEBUG - Average HSV: H=14.2, S=34.4, V=237.8
2026-05-24 21:35:11,463 - mazeUtils.moveTile - [moveTile.py:80] - DEBUG - roll: 359.64 deg, practicalMoveTime: 0.8503977160383344 sec
2026-05-24 21:35:11,464 - mazeUtils.moveTile - [moveTile.py:1116] - DEBUG - moveTile loop time: 36.3 ms
2026-05-24 21:35:11,469 - picamera2.picamera2 - [picamera2.py:1391] - DEBUG - Execute job: <picamera2.job.Job object at 0x7f620e1910>
2026-05-24 21:35:11,474 - mazeUtils.device.camera - [camera.py:37] - DEBUG - Average HSV: H=14.4, S=36.5, V=237.6
2026-05-24 21:35:11,503 - mazeUtils.moveTile - [moveTile.py:80] - DEBUG - roll: 359.58 deg, practicalMoveTime: 0.8892426882873126 sec
2026-05-24 21:35:11,504 - mazeUtils.moveTile - [moveTile.py:1116] - DEBUG - moveTile loop time: 39.7 ms
2026-05-24 21:35:11,511 - picamera2.picamera2 - [picamera2.py:1391] - DEBUG - Execute job: <picamera2.job.Job object at 0x7f62eac450>
2026-05-24 21:35:11,517 - mazeUtils.device.camera - [camera.py:37] - DEBUG - Average HSV: H=14.2, S=37.8, V=237.0
2026-05-24 21:35:11,548 - mazeUtils.moveTile - [moveTile.py:80] - DEBUG - roll: 359.57 deg, practicalMoveTime: 0.9324844018567314 sec
2026-05-24 21:35:11,549 - mazeUtils.moveTile - [moveTile.py:1116] - DEBUG - moveTile loop time: 43.9 ms
2026-05-24 21:35:11,561 - picamera2.picamera2 - [picamera2.py:1391] - DEBUG - Execute job: <picamera2.job.Job object at 0x7f6212e810>
2026-05-24 21:35:11,566 - mazeUtils.device.camera - [camera.py:37] - DEBUG - Average HSV: H=14.5, S=36.1, V=240.3
2026-05-24 21:35:11,595 - mazeUtils.moveTile - [moveTile.py:80] - DEBUG - roll: 359.38 deg, practicalMoveTime: 0.9786006764195496 sec
2026-05-24 21:35:11,596 - mazeUtils.moveTile - [moveTile.py:1116] - DEBUG - moveTile loop time: 46.4 ms
2026-05-24 21:35:11,604 - picamera2.picamera2 - [picamera2.py:1391] - DEBUG - Execute job: <picamera2.job.Job object at 0x7f62eac6d0>
2026-05-24 21:35:11,609 - mazeUtils.device.camera - [camera.py:37] - DEBUG - Average HSV: H=14.4, S=35.0, V=240.7
2026-05-24 21:35:11,638 - mazeUtils.moveTile - [moveTile.py:80] - DEBUG - roll: 359.58 deg, practicalMoveTime: 1.0206494314557137 sec
2026-05-24 21:35:11,639 - mazeUtils.moveTile - [moveTile.py:1116] - DEBUG - moveTile loop time: 42.1 ms
2026-05-24 21:35:11,646 - picamera2.picamera2 - [picamera2.py:1391] - DEBUG - Execute job: <picamera2.job.Job object at 0x7f6212e810>
2026-05-24 21:35:11,652 - mazeUtils.device.camera - [camera.py:37] - DEBUG - Average HSV: H=14.0, S=34.1, V=240.6
2026-05-24 21:35:11,687 - mazeUtils.moveTile - [moveTile.py:80] - DEBUG - roll: 359.68 deg, practicalMoveTime: 1.0684172792734736 sec
2026-05-24 21:35:11,687 - mazeUtils.moveTile - [moveTile.py:1116] - DEBUG - moveTile loop time: 47.8 ms
2026-05-24 21:35:11,694 - picamera2.picamera2 - [picamera2.py:1391] - DEBUG - Execute job: <picamera2.job.Job object at 0x7f6397d950>
2026-05-24 21:35:11,699 - mazeUtils.device.camera - [camera.py:37] - DEBUG - Average HSV: H=13.9, S=33.8, V=241.8
2026-05-24 21:35:11,730 - mazeUtils.moveTile - [moveTile.py:80] - DEBUG - roll: 359.28000000000003 deg, practicalMoveTime: 1.11090631393197 sec
2026-05-24 21:35:11,731 - mazeUtils.moveTile - [moveTile.py:1116] - DEBUG - moveTile loop time: 42.6 ms
2026-05-24 21:35:11,735 - picamera2.picamera2 - [picamera2.py:1391] - DEBUG - Execute job: <picamera2.job.Job object at 0x7f6214b3d0>
2026-05-24 21:35:11,740 - mazeUtils.device.camera - [camera.py:37] - DEBUG - Average HSV: H=14.1, S=33.6, V=243.8
2026-05-24 21:35:11,778 - mazeUtils.moveTile - [moveTile.py:80] - DEBUG - roll: 359.48 deg, practicalMoveTime: 1.1580001499441503 sec
2026-05-24 21:35:11,779 - mazeUtils.moveTile - [moveTile.py:1116] - DEBUG - moveTile loop time: 47.8 ms
2026-05-24 21:35:11,783 - picamera2.picamera2 - [picamera2.py:1391] - DEBUG - Execute job: <picamera2.job.Job object at 0x7f62eac6d0>
2026-05-24 21:35:11,788 - mazeUtils.device.camera - [camera.py:37] - DEBUG - Average HSV: H=13.4, S=33.1, V=243.9
2026-05-24 21:35:11,816 - mazeUtils.moveTile - [moveTile.py:80] - DEBUG - roll: 359.5 deg, practicalMoveTime: 1.1948253582648487 sec
2026-05-24 21:35:11,816 - mazeUtils.moveTile - [moveTile.py:1116] - DEBUG - moveTile loop time: 37.0 ms
2026-05-24 21:35:11,823 - picamera2.picamera2 - [picamera2.py:1391] - DEBUG - Execute job: <picamera2.job.Job object at 0x7f62eac310>
2026-05-24 21:35:11,828 - mazeUtils.device.camera - [camera.py:37] - DEBUG - Average HSV: H=13.4, S=32.8, V=245.0
2026-05-24 21:35:11,861 - mazeUtils.moveTile - [moveTile.py:80] - DEBUG - roll: 359.21000000000004 deg, practicalMoveTime: 1.2394123081087605 sec
2026-05-24 21:35:11,862 - mazeUtils.moveTile - [moveTile.py:1116] - DEBUG - moveTile loop time: 45.0 ms
2026-05-24 21:35:11,872 - picamera2.picamera2 - [picamera2.py:1391] - DEBUG - Execute job: <picamera2.job.Job object at 0x7f62eac310>
2026-05-24 21:35:11,876 - mazeUtils.device.camera - [camera.py:37] - DEBUG - Average HSV: H=13.3, S=31.7, V=245.5
2026-05-24 21:35:11,916 - mazeUtils.moveTile - [moveTile.py:80] - DEBUG - roll: 359.47 deg, practicalMoveTime: 1.29349095748624 sec
2026-05-24 21:35:11,917 - mazeUtils.moveTile - [moveTile.py:1116] - DEBUG - moveTile loop time: 55.1 ms
2026-05-24 21:35:11,923 - picamera2.picamera2 - [picamera2.py:1391] - DEBUG - Execute job: <picamera2.job.Job object at 0x7f62162210>
2026-05-24 21:35:11,928 - mazeUtils.device.camera - [camera.py:37] - DEBUG - Average HSV: H=12.9, S=28.9, V=247.8
2026-05-24 21:35:11,957 - mazeUtils.moveTile - [moveTile.py:80] - DEBUG - roll: 359.38 deg, practicalMoveTime: 1.3328174684591088 sec
2026-05-24 21:35:11,957 - mazeUtils.moveTile - [moveTile.py:1116] - DEBUG - moveTile loop time: 39.6 ms
2026-05-24 21:35:11,967 - picamera2.picamera2 - [picamera2.py:1391] - DEBUG - Execute job: <picamera2.job.Job object at 0x7f62eac450>
2026-05-24 21:35:11,974 - mazeUtils.device.camera - [camera.py:37] - DEBUG - Average HSV: H=12.7, S=28.6, V=247.9
2026-05-24 21:35:12,004 - mazeUtils.moveTile - [moveTile.py:80] - DEBUG - roll: 359.19 deg, practicalMoveTime: 1.378820504213874 sec
2026-05-24 21:35:12,004 - mazeUtils.moveTile - [moveTile.py:1116] - DEBUG - moveTile loop time: 46.1 ms
2026-05-24 21:35:12,010 - picamera2.picamera2 - [picamera2.py:1391] - DEBUG - Execute job: <picamera2.job.Job object at 0x7f62c78fd0>
2026-05-24 21:35:12,015 - mazeUtils.device.camera - [camera.py:37] - DEBUG - Average HSV: H=12.7, S=28.4, V=247.4
2026-05-24 21:35:12,054 - mazeUtils.moveTile - [moveTile.py:80] - DEBUG - roll: 359.37 deg, practicalMoveTime: 1.4286822588347248 sec
2026-05-24 21:35:12,055 - mazeUtils.moveTile - [moveTile.py:1116] - DEBUG - moveTile loop time: 50.1 ms
2026-05-24 21:35:12,062 - picamera2.picamera2 - [picamera2.py:1391] - DEBUG - Execute job: <picamera2.job.Job object at 0x7f6214b3d0>
2026-05-24 21:35:12,066 - mazeUtils.device.camera - [camera.py:37] - DEBUG - Average HSV: H=12.3, S=27.8, V=248.2
2026-05-24 21:35:12,095 - mazeUtils.moveTile - [moveTile.py:80] - DEBUG - roll: 359.27000000000004 deg, practicalMoveTime: 1.469035142569006 sec
2026-05-24 21:35:12,096 - mazeUtils.moveTile - [moveTile.py:1116] - DEBUG - moveTile loop time: 40.5 ms
2026-05-24 21:35:12,106 - picamera2.picamera2 - [picamera2.py:1391] - DEBUG - Execute job: <picamera2.job.Job object at 0x7f62138110>
2026-05-24 21:35:12,111 - mazeUtils.device.camera - [camera.py:37] - DEBUG - Average HSV: H=12.3, S=27.2, V=249.3
2026-05-24 21:35:12,267 - mazeUtils.moveTile - [moveTile.py:511] - DEBUG - Direction: absDirection.NORTH, Angle: 0, Distance: 40.092075760418886 cm
2026-05-24 21:35:12,270 - mazeUtils.moveTile - [moveTile.py:511] - DEBUG - Direction: absDirection.EAST, Angle: 270, Distance: 56.88939508679165 cm
2026-05-24 21:35:12,272 - mazeUtils.moveTile - [moveTile.py:511] - DEBUG - Direction: absDirection.SOUTH, Angle: 180, Distance: 51.88676332693222 cm
2026-05-24 21:35:12,274 - mazeUtils.moveTile - [moveTile.py:511] - DEBUG - Direction: absDirection.WEST, Angle: 90, Distance: 26.33506406161475 cm
2026-05-24 21:35:12,280 - mazeUtils.mazeMap - [mazeMap.py:323] - DEBUG - Silver tile detected, saving cache
2026-05-24 21:35:13,277 - mazeUtils.moveTile - [moveTile.py:1274] - INFO - Tile color detection counts: {}, decided tile type: V
2026-05-24 21:35:13,278 - mazeUtils.moveTile - [moveTile.py:1282] - INFO - Moved to (20, 18, 0), Tile type: V, Wall types: {<absDirection.NORTH: 0>: <wallType.NO_WALL: 1>, <absDirection.EAST: 270>: <wallType.NO_WALL: 1>, <absDirection.SOUTH: 180>: <wallType.NO_WALL: 1>, <absDirection.WEST: 90>: <wallType.NO_WALL: 1>}
2026-05-24 21:35:13,338 - __main__ - [main.py:84] - INFO - Current position: (20, 18, 0), front direction: absDirection.NORTH
Layer 0 (altitude=0.0cm, offset=(0.0cm, 0.0cm)):
Known map area: x=20..20, y=18..20
+   +
  @  
+   +
  V  
+   +
  S |
+   +
mazeAsGraph[0][18][20] = {absDirection.NORTH: (20, 17, 0), absDirection.EAST: (21, 18, 0), absDirection.SOUTH: (20, 19, 0), absDirection.WEST: (19, 18, 0)}
mazeAsGraph[0][19][20] = {absDirection.NORTH: (20, 18, 0), absDirection.EAST: (21, 19, 0), absDirection.SOUTH: (20, 20, 0), absDirection.WEST: (19, 19, 0)}
mazeAsGraph[0][20][20] = {absDirection.NORTH: (20, 19, 0), absDirection.EAST: None, absDirection.SOUTH: (20, 21, 0), absDirection.WEST: (19, 20, 0)}
2026-05-24 21:35:13,358 - mazeUtils.mazeMap - [mazeMap.py:61] - INFO - next goal: (20, 17, 0)
2026-05-24 21:35:13,359 - mazeUtils.mazeMap - [mazeMap.py:61] - INFO - next goal: (20, 17, 0)
2026-05-24 21:35:13,367 - mazeUtils.moveTile - [moveTile.py:80] - DEBUG - Moving to absDirection.NORTH from (20, 18, 0) facing absDirection.NORTH
2026-05-24 21:35:13,391 - mazeUtils.moveTile - [moveTile.py:80] - DEBUG - current heading: 36.56999999999999 target: 0
2026-05-24 21:35:14,029 - mazeUtils.moveTile - [moveTile.py:387] - DEBUG - stopped turning at heading: 9.629999999999995, diff: 9.629999999999995
2026-05-24 21:35:16,939 - mazeUtils.moveTile - [moveTile.py:80] - DEBUG - Turned to heading: 0.18999999999999773 deg
2026-05-24 21:35:17,051 - __main__ - [main.py:144] - INFO - Program interrupted by user.
2026-05-24 21:35:18,117 - mazeUtils.device.stm - [stm.py:214] - DEBUG - ACK resynchronized: type=STS_MOTOR dropped=3B seq=50
2026-05-24 21:35:18,131 - picamera2.picamera2 - [picamera2.py:1391] - DEBUG - Execute job: <picamera2.job.Job object at 0x7fa6727010>
2026-05-24 21:35:18,153 - picamera2.picamera2 - [picamera2.py:1323] - INFO - Camera stopped
2026-05-24 21:35:18,354 - picamera2.picamera2 - [picamera2.py:1329] - DEBUG - Camera was not started
2026-05-24 21:35:18,556 - picamera2.picamera2 - [picamera2.py:723] - INFO - Camera closed successfully.
2026-05-24 21:35:18,727 - picamera2.picamera2 - [picamera2.py:500] - DEBUG - Resources now free: <picamera2.picamera2.Picamera2 object at 0x7f99e77a90>
