2026-06-26 17:28:45,031 - root - [logging_config.py:61] - INFO - Logging initialized. Log file: /home/tuton/Kanto2026RPi/src/config/../logs/robot_20260626_172839.log
2026-06-26 17:28:47,465 - mazeUtils.device.LiDAR - [LiDAR.py:78] - INFO - Available ports: <ydlidar.Str2strMap; proxy of <Swig Object of type 'std::map< std::string,std::string > *' at 0x7fb762fe70> >
2026-06-26 17:28:51,470 - mazeUtils.moveTile - [moveTile.py:550] - DEBUG - overwrite the wall data
2026-06-26 17:28:51,518 - mazeUtils.moveTile - [moveTile.py:564] - DEBUG - Direction: absDirection.NORTH, Angle: 0, Distance: 166.0747082680626 cm
2026-06-26 17:28:51,522 - mazeUtils.moveTile - [moveTile.py:571] - INFO - angle: 0, result: judgeWallResult.NO_WALL
2026-06-26 17:28:51,524 - mazeUtils.moveTile - [moveTile.py:564] - DEBUG - Direction: absDirection.EAST, Angle: 270, Distance: 17.110459287778788 cm
2026-06-26 17:28:51,526 - mazeUtils.moveTile - [moveTile.py:564] - DEBUG - Direction: absDirection.SOUTH, Angle: 180, Distance: 16.628509212474697 cm
2026-06-26 17:28:51,528 - mazeUtils.moveTile - [moveTile.py:564] - DEBUG - Direction: absDirection.WEST, Angle: 90, Distance: 16.935309867559674 cm
2026-06-26 17:28:51,529 - __main__ - [main.py:68] - INFO - Initial Map:
2026-06-26 17:28:51,574 - __main__ - [main.py:69] - INFO - Current position: (20, 20, 0), front direction: absDirection.NORTH
Layer 0 (altitude=0.0cm, offset=(0.0cm, 0.0cm)):
Known map area: x=20..20, y=20..20
+   +
| @ |
+---+
mazeAsGraph[0][20][20] = {absDirection.NORTH: (20, 19, 0, 30), absDirection.EAST: None, absDirection.SOUTH: None, absDirection.WEST: None}
2026-06-26 17:28:52,564 - mazeUtils.mazeMap - [mazeMap.py:61] - INFO - next goal: (20, 19, 0)
2026-06-26 17:28:52,565 - __main__ - [main.py:75] - INFO - Next Direction: [<absDirection.NORTH: 0>]
2026-06-26 17:28:52,567 - __main__ - [main.py:76] - INFO - Exploration started.
2026-06-26 17:28:52,568 - mazeUtils.mazeMap - [mazeMap.py:61] - INFO - next goal: (20, 20, 0)
2026-06-26 17:28:52,569 - mazeUtils.moveTile - [moveTile.py:88] - DEBUG - [2828.883431] moveTile start direction=absDirection.NORTH position=(20, 20, 0) front=absDirection.NORTH
2026-06-26 17:28:52,581 - mazeUtils.moveTile - [moveTile.py:90] - DEBUG - [2828.895573] moveTile after initial toggle check (+12.1 ms)
2026-06-26 17:28:52,585 - mazeUtils.moveTile - [moveTile.py:90] - DEBUG - [2828.899083] moveTile after tile checks isRedTile=False isUnknownTileAhead=True (+3.5 ms)
2026-06-26 17:28:52,586 - mazeUtils.moveTile - [moveTile.py:79] - DEBUG - Moving to absDirection.NORTH from (20, 20, 0) facing absDirection.NORTH
2026-06-26 17:28:52,587 - mazeUtils.moveTile - [moveTile.py:90] - DEBUG - [2828.900730] moveTile start heading change target=0 (+1.6 ms)
2026-06-26 17:28:52,612 - mazeUtils.moveTile - [moveTile.py:79] - DEBUG - current heading: 0.060000000000002274 target: 0
2026-06-26 17:28:52,632 - mazeUtils.moveTile - [moveTile.py:436] - DEBUG - stopped turning at heading: 0.060000000000002274, diff: 0.060000000000002274
2026-06-26 17:28:52,677 - mazeUtils.moveTile - [moveTile.py:79] - DEBUG - Turned to heading: 0.060000000000002274 deg
2026-06-26 17:28:52,678 - mazeUtils.moveTile - [moveTile.py:90] - DEBUG - [2828.992279] moveTile finished heading change (+91.5 ms)
2026-06-26 17:28:52,679 - mazeUtils.moveTile - [moveTile.py:90] - DEBUG - [2828.992928] moveTile updated front direction (+0.6 ms)
2026-06-26 17:28:52,698 - mazeUtils.moveTile - [moveTile.py:90] - DEBUG - [2829.012382] moveTile stopped motors before alignment (+19.5 ms)
2026-06-26 17:28:52,877 - mazeUtils.moveTile - [moveTile.py:564] - DEBUG - Direction: absDirection.NORTH, Angle: 0, Distance: 166.0720946772611 cm
2026-06-26 17:28:52,880 - mazeUtils.moveTile - [moveTile.py:564] - DEBUG - Direction: absDirection.EAST, Angle: 270, Distance: 16.833701064022755 cm
2026-06-26 17:28:52,881 - mazeUtils.moveTile - [moveTile.py:564] - DEBUG - Direction: absDirection.SOUTH, Angle: 180, Distance: 16.64112729123469 cm
2026-06-26 17:28:52,883 - mazeUtils.moveTile - [moveTile.py:564] - DEBUG - Direction: absDirection.WEST, Angle: 90, Distance: 16.91446717414635 cm
2026-06-26 17:28:52,884 - mazeUtils.moveTile - [moveTile.py:90] - DEBUG - [2829.198502] moveTile start backward adjustment behind_wall_dist=16.64112729123469 (+186.1 ms)
2026-06-26 17:28:52,905 - mazeUtils.moveTile - [moveTile.py:79] - DEBUG - Little backward to adjust position
2026-06-26 17:28:53,174 - mazeUtils.moveTile - [moveTile.py:90] - DEBUG - [2829.487581] moveTile finished backward adjustment (+289.1 ms)
2026-06-26 17:28:53,251 - mazeUtils.moveTile - [moveTile.py:90] - DEBUG - [2829.564704] moveTile ready for forward move (+77.1 ms)
2026-06-26 17:28:53,282 - mazeUtils.moveTile - [moveTile.py:90] - DEBUG - [2829.595642] moveTile initialized movement targetSteps=1 (+30.9 ms)
2026-06-26 17:28:53,283 - mazeUtils.moveTile - [moveTile.py:90] - DEBUG - [2829.597367] moveTile loop start (+1.7 ms)
2026-06-26 17:28:53,291 - picamera2.picamera2 - [picamera2.py:1391] - DEBUG - Execute job: <picamera2.job.Job object at 0x7f95089cd0>
2026-06-26 17:28:53,307 - mazeUtils.device.camera - [camera.py:39] - DEBUG - Average HSV: H=139.9, S=21.1, V=219.0
2026-06-26 17:28:53,313 - mazeUtils.moveTile - [moveTile.py:90] - DEBUG - [2829.627502] moveTile calculated motor speeds left=90 right=100 gyroSteer=-7.720000000000027 wallSteer=-1.6000000000000014 (+30.1 ms)
2026-06-26 17:28:53,333 - mazeUtils.moveTile - [moveTile.py:90] - DEBUG - [2829.647252] moveTile applied motor speed left=90 right=100 (+19.7 ms)
2026-06-26 17:28:53,334 - mazeUtils.moveTile - [moveTile.py:90] - DEBUG - [2829.648117] moveTile ramp check isBigRamp=False (+0.9 ms)
2026-06-26 17:28:53,338 - mazeUtils.moveTile - [moveTile.py:90] - DEBUG - [2829.652429] moveTile tile color check tempTileColor=E (+4.3 ms)
2026-06-26 17:28:53,339 - mazeUtils.moveTile - [moveTile.py:90] - DEBUG - [2829.653145] moveTile obstacle check escapeFlag=False (+0.7 ms)
2026-06-26 17:28:53,348 - mazeUtils.moveTile - [moveTile.py:79] - DEBUG - roll: 0.35000000000002274 deg, practicalMoveTime: 0.06671427054633275 sec
2026-06-26 17:28:53,349 - mazeUtils.moveTile - [moveTile.py:1933] - DEBUG - moveTile loop time: 65.9 ms
2026-06-26 17:28:53,350 - mazeUtils.moveTile - [moveTile.py:90] - DEBUG - [2829.663879] moveTile loop end practicalMoveTime=0.067 (+10.7 ms)
2026-06-26 17:28:53,350 - mazeUtils.moveTile - [moveTile.py:90] - DEBUG - [2829.664384] moveTile loop start (+0.5 ms)
2026-06-26 17:28:53,356 - picamera2.picamera2 - [picamera2.py:1391] - DEBUG - Execute job: <picamera2.job.Job object at 0x7f9502f690>
2026-06-26 17:28:53,367 - mazeUtils.device.camera - [camera.py:39] - DEBUG - Average HSV: H=142.8, S=20.4, V=217.3
2026-06-26 17:28:53,374 - mazeUtils.moveTile - [moveTile.py:90] - DEBUG - [2829.687753] moveTile calculated motor speeds left=95 right=100 gyroSteer=-3.0399999999999636 wallSteer=-1.6000000000000014 (+23.4 ms)
2026-06-26 17:28:53,394 - mazeUtils.moveTile - [moveTile.py:90] - DEBUG - [2829.708321] moveTile applied motor speed left=95 right=100 (+20.6 ms)
2026-06-26 17:28:53,395 - mazeUtils.moveTile - [moveTile.py:90] - DEBUG - [2829.709179] moveTile ramp check isBigRamp=False (+0.9 ms)
2026-06-26 17:28:53,399 - mazeUtils.moveTile - [moveTile.py:90] - DEBUG - [2829.712980] moveTile tile color check tempTileColor=E (+3.8 ms)
2026-06-26 17:28:53,399 - mazeUtils.moveTile - [moveTile.py:90] - DEBUG - [2829.713615] moveTile obstacle check escapeFlag=False (+0.6 ms)
2026-06-26 17:28:53,407 - mazeUtils.moveTile - [moveTile.py:79] - DEBUG - roll: 359.17 deg, practicalMoveTime: 0.1239403242552047 sec
2026-06-26 17:28:53,407 - mazeUtils.moveTile - [moveTile.py:1933] - DEBUG - moveTile loop time: 57.0 ms
2026-06-26 17:28:53,408 - mazeUtils.moveTile - [moveTile.py:90] - DEBUG - [2829.721962] moveTile loop end practicalMoveTime=0.124 (+8.3 ms)
2026-06-26 17:28:53,408 - mazeUtils.moveTile - [moveTile.py:90] - DEBUG - [2829.722376] moveTile loop start (+0.4 ms)
2026-06-26 17:28:53,414 - picamera2.picamera2 - [picamera2.py:1391] - DEBUG - Execute job: <picamera2.job.Job object at 0x7fa90d4690>
2026-06-26 17:28:53,422 - mazeUtils.device.camera - [camera.py:39] - DEBUG - Average HSV: H=143.3, S=19.4, V=216.4
2026-06-26 17:28:53,434 - mazeUtils.moveTile - [moveTile.py:90] - DEBUG - [2829.747647] moveTile calculated motor speeds left=96 right=100 gyroSteer=-1.400000000000091 wallSteer=-1.5999999999999979 (+25.3 ms)
2026-06-26 17:28:53,460 - mazeUtils.moveTile - [moveTile.py:90] - DEBUG - [2829.774470] moveTile applied motor speed left=96 right=100 (+26.8 ms)
2026-06-26 17:28:53,461 - mazeUtils.moveTile - [moveTile.py:90] - DEBUG - [2829.775305] moveTile ramp check isBigRamp=False (+0.8 ms)
2026-06-26 17:28:53,465 - mazeUtils.moveTile - [moveTile.py:90] - DEBUG - [2829.779538] moveTile tile color check tempTileColor=E (+4.2 ms)
2026-06-26 17:28:53,466 - mazeUtils.moveTile - [moveTile.py:90] - DEBUG - [2829.780407] moveTile obstacle check escapeFlag=False (+0.9 ms)
2026-06-26 17:28:53,472 - mazeUtils.moveTile - [moveTile.py:79] - DEBUG - roll: 0.6200000000000045 deg, practicalMoveTime: 0.18873116044723476 sec
2026-06-26 17:28:53,473 - mazeUtils.moveTile - [moveTile.py:1933] - DEBUG - moveTile loop time: 64.7 ms
2026-06-26 17:28:53,473 - mazeUtils.moveTile - [moveTile.py:90] - DEBUG - [2829.787643] moveTile loop end practicalMoveTime=0.189 (+7.2 ms)
2026-06-26 17:28:53,474 - mazeUtils.moveTile - [moveTile.py:90] - DEBUG - [2829.788118] moveTile loop start (+0.5 ms)
2026-06-26 17:28:53,481 - picamera2.picamera2 - [picamera2.py:1391] - DEBUG - Execute job: <picamera2.job.Job object at 0x7fa95d5310>
2026-06-26 17:28:53,487 - mazeUtils.device.camera - [camera.py:39] - DEBUG - Average HSV: H=141.1, S=20.3, V=218.1
2026-06-26 17:28:53,493 - mazeUtils.moveTile - [moveTile.py:90] - DEBUG - [2829.806887] moveTile calculated motor speeds left=97 right=100 gyroSteer=0.9600000000000364 wallSteer=-3.1999999999999993 (+18.8 ms)
2026-06-26 17:28:53,516 - mazeUtils.moveTile - [moveTile.py:90] - DEBUG - [2829.830577] moveTile applied motor speed left=97 right=100 (+23.7 ms)
2026-06-26 17:28:53,517 - mazeUtils.moveTile - [moveTile.py:90] - DEBUG - [2829.831339] moveTile ramp check isBigRamp=False (+0.8 ms)
2026-06-26 17:28:53,521 - mazeUtils.moveTile - [moveTile.py:90] - DEBUG - [2829.834882] moveTile tile color check tempTileColor=E (+3.5 ms)
2026-06-26 17:28:53,521 - mazeUtils.moveTile - [moveTile.py:90] - DEBUG - [2829.835547] moveTile obstacle check escapeFlag=False (+0.7 ms)
2026-06-26 17:28:53,528 - mazeUtils.moveTile - [moveTile.py:79] - DEBUG - roll: 359.88 deg, practicalMoveTime: 0.2440178658260111 sec
2026-06-26 17:28:53,529 - mazeUtils.moveTile - [moveTile.py:1933] - DEBUG - moveTile loop time: 55.2 ms
2026-06-26 17:28:53,530 - mazeUtils.moveTile - [moveTile.py:90] - DEBUG - [2829.843904] moveTile loop end practicalMoveTime=0.244 (+8.4 ms)
2026-06-26 17:28:53,530 - mazeUtils.moveTile - [moveTile.py:90] - DEBUG - [2829.844578] moveTile loop start (+0.7 ms)
2026-06-26 17:28:53,537 - picamera2.picamera2 - [picamera2.py:1391] - DEBUG - Execute job: <picamera2.job.Job object at 0x7fa8d044d0>
2026-06-26 17:28:53,543 - mazeUtils.device.camera - [camera.py:39] - DEBUG - Average HSV: H=146.5, S=18.3, V=217.0
2026-06-26 17:28:53,548 - mazeUtils.moveTile - [moveTile.py:90] - DEBUG - [2829.862438] moveTile calculated motor speeds left=99 right=100 gyroSteer=2.080000000000041 wallSteer=-2.3999999999999986 (+17.9 ms)
2026-06-26 17:28:53,570 - mazeUtils.moveTile - [moveTile.py:90] - DEBUG - [2829.884130] moveTile applied motor speed left=99 right=100 (+21.7 ms)
2026-06-26 17:28:53,571 - mazeUtils.moveTile - [moveTile.py:90] - DEBUG - [2829.884890] moveTile ramp check isBigRamp=False (+0.8 ms)
2026-06-26 17:28:53,575 - mazeUtils.moveTile - [moveTile.py:90] - DEBUG - [2829.888768] moveTile tile color check tempTileColor=E (+3.9 ms)
2026-06-26 17:28:53,575 - mazeUtils.moveTile - [moveTile.py:90] - DEBUG - [2829.889497] moveTile obstacle check escapeFlag=False (+0.7 ms)
2026-06-26 17:28:53,580 - mazeUtils.moveTile - [moveTile.py:79] - DEBUG - roll: 0.5600000000000023 deg, practicalMoveTime: 0.29484013853387364 sec
2026-06-26 17:28:53,581 - mazeUtils.moveTile - [moveTile.py:1933] - DEBUG - moveTile loop time: 50.4 ms
2026-06-26 17:28:53,581 - mazeUtils.moveTile - [moveTile.py:90] - DEBUG - [2829.895609] moveTile loop end practicalMoveTime=0.295 (+6.1 ms)
2026-06-26 17:28:53,582 - mazeUtils.moveTile - [moveTile.py:90] - DEBUG - [2829.896157] moveTile loop start (+0.5 ms)
2026-06-26 17:28:53,589 - picamera2.picamera2 - [picamera2.py:1391] - DEBUG - Execute job: <picamera2.job.Job object at 0x7fa8fabf10>
2026-06-26 17:28:53,598 - mazeUtils.device.camera - [camera.py:39] - DEBUG - Average HSV: H=149.8, S=17.5, V=217.3
2026-06-26 17:28:53,603 - mazeUtils.moveTile - [moveTile.py:90] - DEBUG - [2829.917030] moveTile calculated motor speeds left=100 right=94 gyroSteer=3.480000000000018 wallSteer=2.0 (+20.9 ms)
2026-06-26 17:28:53,625 - mazeUtils.moveTile - [moveTile.py:90] - DEBUG - [2829.939335] moveTile applied motor speed left=100 right=94 (+22.3 ms)
2026-06-26 17:28:53,626 - mazeUtils.moveTile - [moveTile.py:90] - DEBUG - [2829.940150] moveTile ramp check isBigRamp=False (+0.8 ms)
2026-06-26 17:28:53,630 - mazeUtils.moveTile - [moveTile.py:90] - DEBUG - [2829.944379] moveTile tile color check tempTileColor=E (+4.2 ms)
2026-06-26 17:28:53,631 - mazeUtils.moveTile - [moveTile.py:90] - DEBUG - [2829.945530] moveTile obstacle check escapeFlag=False (+1.2 ms)
2026-06-26 17:28:53,643 - mazeUtils.moveTile - [moveTile.py:79] - DEBUG - roll: 0.37000000000000455 deg, practicalMoveTime: 0.3566028720904949 sec
2026-06-26 17:28:53,644 - mazeUtils.moveTile - [moveTile.py:1933] - DEBUG - moveTile loop time: 61.9 ms
2026-06-26 17:28:53,645 - mazeUtils.moveTile - [moveTile.py:90] - DEBUG - [2829.958827] moveTile loop end practicalMoveTime=0.357 (+13.3 ms)
2026-06-26 17:28:53,645 - mazeUtils.moveTile - [moveTile.py:90] - DEBUG - [2829.959420] moveTile loop start (+0.6 ms)
2026-06-26 17:28:53,656 - picamera2.picamera2 - [picamera2.py:1391] - DEBUG - Execute job: <picamera2.job.Job object at 0x7fa8fabf10>
2026-06-26 17:28:53,662 - mazeUtils.device.camera - [camera.py:39] - DEBUG - Average HSV: H=153.9, S=17.0, V=217.7
2026-06-26 17:28:53,667 - mazeUtils.moveTile - [moveTile.py:90] - DEBUG - [2829.980815] moveTile calculated motor speeds left=100 right=92 gyroSteer=5.399999999999977 wallSteer=2.3999999999999986 (+21.4 ms)
2026-06-26 17:28:53,688 - mazeUtils.moveTile - [moveTile.py:90] - DEBUG - [2830.001659] moveTile applied motor speed left=100 right=92 (+20.8 ms)
2026-06-26 17:28:53,689 - mazeUtils.moveTile - [moveTile.py:90] - DEBUG - [2830.002658] moveTile ramp check isBigRamp=False (+1.0 ms)
2026-06-26 17:28:53,692 - mazeUtils.moveTile - [moveTile.py:90] - DEBUG - [2830.006298] moveTile tile color check tempTileColor=E (+3.6 ms)
2026-06-26 17:28:53,693 - mazeUtils.moveTile - [moveTile.py:90] - DEBUG - [2830.007251] moveTile obstacle check escapeFlag=False (+1.0 ms)
2026-06-26 17:28:53,701 - mazeUtils.moveTile - [moveTile.py:79] - DEBUG - roll: 1.0199999999999818 deg, practicalMoveTime: 0.41324878659477127 sec
2026-06-26 17:28:53,701 - mazeUtils.moveTile - [moveTile.py:1933] - DEBUG - moveTile loop time: 56.1 ms
2026-06-26 17:28:53,702 - mazeUtils.moveTile - [moveTile.py:90] - DEBUG - [2830.016213] moveTile loop end practicalMoveTime=0.413 (+9.0 ms)
2026-06-26 17:28:53,703 - mazeUtils.moveTile - [moveTile.py:90] - DEBUG - [2830.016705] moveTile loop start (+0.5 ms)
2026-06-26 17:28:53,709 - picamera2.picamera2 - [picamera2.py:1391] - DEBUG - Execute job: <picamera2.job.Job object at 0x7fa8c28450>
2026-06-26 17:28:53,716 - mazeUtils.device.camera - [camera.py:39] - DEBUG - Average HSV: H=158.8, S=18.2, V=218.5
2026-06-26 17:28:53,725 - mazeUtils.moveTile - [moveTile.py:90] - DEBUG - [2830.039452] moveTile calculated motor speeds left=100 right=96 gyroSteer=1.0399999999999636 wallSteer=2.3999999999999986 (+22.7 ms)
2026-06-26 17:28:53,746 - mazeUtils.moveTile - [moveTile.py:90] - DEBUG - [2830.060229] moveTile applied motor speed left=100 right=96 (+20.8 ms)
2026-06-26 17:28:53,747 - mazeUtils.moveTile - [moveTile.py:90] - DEBUG - [2830.061004] moveTile ramp check isBigRamp=False (+0.8 ms)
2026-06-26 17:28:53,751 - mazeUtils.moveTile - [moveTile.py:90] - DEBUG - [2830.065594] moveTile tile color check tempTileColor=E (+4.6 ms)
2026-06-26 17:28:53,752 - mazeUtils.moveTile - [moveTile.py:90] - DEBUG - [2830.066342] moveTile obstacle check escapeFlag=False (+0.7 ms)
2026-06-26 17:28:53,758 - mazeUtils.moveTile - [moveTile.py:79] - DEBUG - roll: 0.6100000000000136 deg, practicalMoveTime: 0.46971380271162827 sec
2026-06-26 17:28:53,759 - mazeUtils.moveTile - [moveTile.py:1933] - DEBUG - moveTile loop time: 56.2 ms
2026-06-26 17:28:53,759 - mazeUtils.moveTile - [moveTile.py:90] - DEBUG - [2830.073536] moveTile loop end practicalMoveTime=0.470 (+7.2 ms)
2026-06-26 17:28:53,760 - mazeUtils.moveTile - [moveTile.py:90] - DEBUG - [2830.074516] moveTile loop start (+1.0 ms)
2026-06-26 17:28:53,767 - picamera2.picamera2 - [picamera2.py:1391] - DEBUG - Execute job: <picamera2.job.Job object at 0x7fa9dd6b10>
2026-06-26 17:28:53,774 - mazeUtils.device.camera - [camera.py:39] - DEBUG - Average HSV: H=159.8, S=18.0, V=220.0
2026-06-26 17:28:53,780 - mazeUtils.moveTile - [moveTile.py:90] - DEBUG - [2830.093760] moveTile calculated motor speeds left=100 right=95 gyroSteer=2.2000000000000455 wallSteer=2.0 (+19.2 ms)
2026-06-26 17:28:53,800 - mazeUtils.moveTile - [moveTile.py:90] - DEBUG - [2830.113766] moveTile applied motor speed left=100 right=95 (+20.0 ms)
2026-06-26 17:28:53,801 - mazeUtils.moveTile - [moveTile.py:90] - DEBUG - [2830.114896] moveTile ramp check isBigRamp=False (+1.1 ms)
2026-06-26 17:28:53,806 - mazeUtils.moveTile - [moveTile.py:90] - DEBUG - [2830.119699] moveTile tile color check tempTileColor=E (+4.8 ms)
2026-06-26 17:28:53,807 - mazeUtils.moveTile - [moveTile.py:90] - DEBUG - [2830.120865] moveTile obstacle check escapeFlag=False (+1.2 ms)
2026-06-26 17:28:53,816 - mazeUtils.moveTile - [moveTile.py:79] - DEBUG - roll: 0.8600000000000136 deg, practicalMoveTime: 0.5265830182298746 sec
2026-06-26 17:28:53,817 - mazeUtils.moveTile - [moveTile.py:1933] - DEBUG - moveTile loop time: 56.4 ms
2026-06-26 17:28:53,818 - mazeUtils.moveTile - [moveTile.py:90] - DEBUG - [2830.131686] moveTile loop end practicalMoveTime=0.527 (+10.8 ms)
2026-06-26 17:28:53,818 - mazeUtils.moveTile - [moveTile.py:90] - DEBUG - [2830.132327] moveTile loop start (+0.6 ms)
2026-06-26 17:28:53,827 - picamera2.picamera2 - [picamera2.py:1391] - DEBUG - Execute job: <picamera2.job.Job object at 0x7fa90d4690>
2026-06-26 17:28:53,834 - mazeUtils.device.camera - [camera.py:39] - DEBUG - Average HSV: H=158.2, S=17.6, V=219.8
2026-06-26 17:28:53,839 - mazeUtils.moveTile - [moveTile.py:90] - DEBUG - [2830.152913] moveTile calculated motor speeds left=100 right=96 gyroSteer=0.8799999999999955 wallSteer=2.8000000000000007 (+20.6 ms)
2026-06-26 17:28:53,859 - mazeUtils.moveTile - [moveTile.py:90] - DEBUG - [2830.173122] moveTile applied motor speed left=100 right=96 (+20.2 ms)
2026-06-26 17:28:53,860 - mazeUtils.moveTile - [moveTile.py:90] - DEBUG - [2830.174299] moveTile ramp check isBigRamp=False (+1.2 ms)
2026-06-26 17:28:53,864 - mazeUtils.moveTile - [moveTile.py:90] - DEBUG - [2830.178040] moveTile tile color check tempTileColor=E (+3.7 ms)
2026-06-26 17:28:53,865 - mazeUtils.moveTile - [moveTile.py:90] - DEBUG - [2830.178921] moveTile obstacle check escapeFlag=False (+0.9 ms)
2026-06-26 17:28:53,876 - mazeUtils.moveTile - [moveTile.py:79] - DEBUG - roll: 0.9200000000000159 deg, practicalMoveTime: 0.5858663362032079 sec
2026-06-26 17:28:53,877 - mazeUtils.moveTile - [moveTile.py:1933] - DEBUG - moveTile loop time: 58.9 ms
2026-06-26 17:28:53,879 - mazeUtils.moveTile - [moveTile.py:90] - DEBUG - [2830.192733] moveTile loop end practicalMoveTime=0.586 (+13.8 ms)
2026-06-26 17:28:53,880 - mazeUtils.moveTile - [moveTile.py:90] - DEBUG - [2830.194108] moveTile loop start (+1.4 ms)
2026-06-26 17:28:53,890 - picamera2.picamera2 - [picamera2.py:1391] - DEBUG - Execute job: <picamera2.job.Job object at 0x7f9502f690>
2026-06-26 17:28:53,896 - mazeUtils.device.camera - [camera.py:39] - DEBUG - Average HSV: H=158.3, S=16.9, V=221.2
2026-06-26 17:28:53,901 - mazeUtils.moveTile - [moveTile.py:90] - DEBUG - [2830.215157] moveTile calculated motor speeds left=100 right=95 gyroSteer=1.8400000000000318 wallSteer=2.3999999999999986 (+21.0 ms)
2026-06-26 17:28:53,922 - mazeUtils.moveTile - [moveTile.py:90] - DEBUG - [2830.235805] moveTile applied motor speed left=100 right=95 (+20.6 ms)
2026-06-26 17:28:53,923 - mazeUtils.moveTile - [moveTile.py:90] - DEBUG - [2830.236901] moveTile ramp check isBigRamp=False (+1.1 ms)
2026-06-26 17:28:53,927 - mazeUtils.moveTile - [moveTile.py:90] - DEBUG - [2830.241583] moveTile tile color check tempTileColor=E (+4.7 ms)
2026-06-26 17:28:53,928 - mazeUtils.moveTile - [moveTile.py:90] - DEBUG - [2830.242280] moveTile obstacle check escapeFlag=False (+0.7 ms)
2026-06-26 17:28:53,934 - mazeUtils.moveTile - [moveTile.py:79] - DEBUG - roll: 0.6100000000000136 deg, practicalMoveTime: 0.6427795372289834 sec
2026-06-26 17:28:53,935 - mazeUtils.moveTile - [moveTile.py:1933] - DEBUG - moveTile loop time: 54.9 ms
2026-06-26 17:28:53,936 - mazeUtils.moveTile - [moveTile.py:90] - DEBUG - [2830.249715] moveTile loop end practicalMoveTime=0.643 (+7.4 ms)
2026-06-26 17:28:53,937 - mazeUtils.moveTile - [moveTile.py:90] - DEBUG - [2830.250684] moveTile loop start (+1.0 ms)
2026-06-26 17:28:53,945 - picamera2.picamera2 - [picamera2.py:1391] - DEBUG - Execute job: <picamera2.job.Job object at 0x7fa95d5310>
2026-06-26 17:28:53,952 - mazeUtils.device.camera - [camera.py:39] - DEBUG - Average HSV: H=155.9, S=16.3, V=220.7
2026-06-26 17:28:53,960 - mazeUtils.moveTile - [moveTile.py:90] - DEBUG - [2830.273937] moveTile calculated motor speeds left=98 right=100 gyroSteer=-1.240000000000009 wallSteer=0.0 (+23.3 ms)
2026-06-26 17:28:53,985 - mazeUtils.moveTile - [moveTile.py:90] - DEBUG - [2830.299318] moveTile applied motor speed left=98 right=100 (+25.4 ms)
2026-06-26 17:28:53,986 - mazeUtils.moveTile - [moveTile.py:90] - DEBUG - [2830.300108] moveTile ramp check isBigRamp=False (+0.8 ms)
2026-06-26 17:28:53,989 - mazeUtils.moveTile - [moveTile.py:90] - DEBUG - [2830.303533] moveTile tile color check tempTileColor=E (+3.4 ms)
2026-06-26 17:28:53,990 - mazeUtils.moveTile - [moveTile.py:90] - DEBUG - [2830.304110] moveTile obstacle check escapeFlag=False (+0.6 ms)
2026-06-26 17:28:53,996 - mazeUtils.moveTile - [moveTile.py:79] - DEBUG - roll: 0.8000000000000114 deg, practicalMoveTime: 0.7032273570623733 sec
2026-06-26 17:28:53,996 - mazeUtils.moveTile - [moveTile.py:1933] - DEBUG - moveTile loop time: 59.7 ms
2026-06-26 17:28:53,997 - mazeUtils.moveTile - [moveTile.py:90] - DEBUG - [2830.310922] moveTile loop end practicalMoveTime=0.703 (+6.8 ms)
2026-06-26 17:28:53,997 - mazeUtils.moveTile - [moveTile.py:90] - DEBUG - [2830.311318] moveTile loop start (+0.4 ms)
2026-06-26 17:28:54,004 - picamera2.picamera2 - [picamera2.py:1391] - DEBUG - Execute job: <picamera2.job.Job object at 0x7fb7631ad0>
2026-06-26 17:28:54,012 - mazeUtils.device.camera - [camera.py:39] - DEBUG - Average HSV: H=155.8, S=16.4, V=219.4
2026-06-26 17:28:54,020 - mazeUtils.moveTile - [moveTile.py:90] - DEBUG - [2830.334046] moveTile calculated motor speeds left=100 right=99 gyroSteer=-1.8400000000001455 wallSteer=2.0 (+22.7 ms)
2026-06-26 17:28:54,039 - mazeUtils.moveTile - [moveTile.py:90] - DEBUG - [2830.353465] moveTile applied motor speed left=100 right=99 (+19.4 ms)
2026-06-26 17:28:54,041 - mazeUtils.moveTile - [moveTile.py:90] - DEBUG - [2830.355035] moveTile ramp check isBigRamp=False (+1.6 ms)
2026-06-26 17:28:54,045 - mazeUtils.moveTile - [moveTile.py:90] - DEBUG - [2830.358700] moveTile tile color check tempTileColor=E (+3.7 ms)
2026-06-26 17:28:54,045 - mazeUtils.moveTile - [moveTile.py:90] - DEBUG - [2830.359318] moveTile obstacle check escapeFlag=False (+0.6 ms)
2026-06-26 17:28:54,053 - mazeUtils.moveTile - [moveTile.py:79] - DEBUG - roll: 0.8299999999999841 deg, practicalMoveTime: 0.7593665752580416 sec
2026-06-26 17:28:54,053 - mazeUtils.moveTile - [moveTile.py:1933] - DEBUG - moveTile loop time: 56.0 ms
2026-06-26 17:28:54,054 - mazeUtils.moveTile - [moveTile.py:90] - DEBUG - [2830.367921] moveTile loop end practicalMoveTime=0.759 (+8.6 ms)
2026-06-26 17:28:54,054 - mazeUtils.moveTile - [moveTile.py:90] - DEBUG - [2830.368423] moveTile loop start (+0.5 ms)
2026-06-26 17:28:54,061 - picamera2.picamera2 - [picamera2.py:1391] - DEBUG - Execute job: <picamera2.job.Job object at 0x7fa9e2cd90>
2026-06-26 17:28:54,067 - mazeUtils.device.camera - [camera.py:39] - DEBUG - Average HSV: H=160.0, S=16.9, V=221.5
2026-06-26 17:28:54,074 - mazeUtils.moveTile - [moveTile.py:90] - DEBUG - [2830.388611] moveTile calculated motor speeds left=98 right=100 gyroSteer=-3.0399999999999636 wallSteer=1.6000000000000014 (+20.2 ms)
2026-06-26 17:28:54,094 - mazeUtils.moveTile - [moveTile.py:90] - DEBUG - [2830.408057] moveTile applied motor speed left=98 right=100 (+19.4 ms)
2026-06-26 17:28:54,095 - mazeUtils.moveTile - [moveTile.py:90] - DEBUG - [2830.409226] moveTile ramp check isBigRamp=False (+1.2 ms)
2026-06-26 17:28:54,099 - mazeUtils.moveTile - [moveTile.py:90] - DEBUG - [2830.413161] moveTile tile color check tempTileColor=E (+3.9 ms)
2026-06-26 17:28:54,100 - mazeUtils.moveTile - [moveTile.py:90] - DEBUG - [2830.414014] moveTile obstacle check escapeFlag=False (+0.9 ms)
2026-06-26 17:28:54,107 - mazeUtils.moveTile - [moveTile.py:79] - DEBUG - roll: 0.5300000000000296 deg, practicalMoveTime: 0.8131809459064168 sec
2026-06-26 17:28:54,109 - mazeUtils.moveTile - [moveTile.py:1933] - DEBUG - moveTile loop time: 54.2 ms
2026-06-26 17:28:54,109 - mazeUtils.moveTile - [moveTile.py:90] - DEBUG - [2830.423295] moveTile loop end practicalMoveTime=0.813 (+9.3 ms)
2026-06-26 17:28:54,110 - mazeUtils.moveTile - [moveTile.py:90] - DEBUG - [2830.423687] moveTile loop start (+0.4 ms)
2026-06-26 17:28:54,119 - picamera2.picamera2 - [picamera2.py:1391] - DEBUG - Execute job: <picamera2.job.Job object at 0x7fa8f9b910>
2026-06-26 17:28:54,125 - mazeUtils.device.camera - [camera.py:39] - DEBUG - Average HSV: H=158.2, S=16.7, V=221.5
2026-06-26 17:28:54,132 - mazeUtils.moveTile - [moveTile.py:90] - DEBUG - [2830.446043] moveTile calculated motor speeds left=100 right=95 gyroSteer=5.1200000000000045 wallSteer=-0.3999999999999986 (+22.4 ms)
2026-06-26 17:28:54,152 - mazeUtils.moveTile - [moveTile.py:90] - DEBUG - [2830.466284] moveTile applied motor speed left=100 right=95 (+20.2 ms)
2026-06-26 17:28:54,154 - mazeUtils.moveTile - [moveTile.py:90] - DEBUG - [2830.467856] moveTile ramp check isBigRamp=False (+1.6 ms)
2026-06-26 17:28:54,159 - mazeUtils.moveTile - [moveTile.py:90] - DEBUG - [2830.473132] moveTile tile color check tempTileColor=E (+5.3 ms)
2026-06-26 17:28:54,160 - mazeUtils.moveTile - [moveTile.py:90] - DEBUG - [2830.473771] moveTile obstacle check escapeFlag=False (+0.6 ms)
2026-06-26 17:28:54,165 - mazeUtils.moveTile - [moveTile.py:1780] - INFO - practicalVerticalMove: 0.21259011783319184 CM
2026-06-26 17:28:54,192 - mazeUtils.moveTile - [moveTile.py:90] - DEBUG - [2830.506210] moveTile finished by time control (+32.4 ms)
2026-06-26 17:28:54,193 - mazeUtils.moveTile - [moveTile.py:90] - DEBUG - [2830.507196] moveTile start final forward adjustment (+33.4 ms)
2026-06-26 17:28:54,223 - mazeUtils.moveTile - [moveTile.py:90] - DEBUG - [2830.536739] moveTile finished final forward adjustment (+29.5 ms)
2026-06-26 17:28:54,224 - mazeUtils.moveTile - [moveTile.py:2143] - INFO - Set moved vertical distance: 0.21259011783319184 cm, past distances: [(0, False), (0, False), (0, False)]
2026-06-26 17:28:54,224 - mazeUtils.moveTile - [moveTile.py:90] - DEBUG - [2830.538460] moveTile updated moved vertical distance 0.213 (+1.7 ms)
2026-06-26 17:28:54,381 - mazeUtils.moveTile - [moveTile.py:564] - DEBUG - Direction: absDirection.NORTH, Angle: 0, Distance: 131.6193757282283 cm
2026-06-26 17:28:54,383 - mazeUtils.moveTile - [moveTile.py:571] - INFO - angle: 0, result: judgeWallResult.NO_WALL
2026-06-26 17:28:54,386 - mazeUtils.moveTile - [moveTile.py:564] - DEBUG - Direction: absDirection.EAST, Angle: 270, Distance: 67.72664465517212 cm
2026-06-26 17:28:54,388 - mazeUtils.moveTile - [moveTile.py:564] - DEBUG - Direction: absDirection.SOUTH, Angle: 180, Distance: 51.933923709667674 cm
2026-06-26 17:28:54,391 - mazeUtils.moveTile - [moveTile.py:564] - DEBUG - Direction: absDirection.WEST, Angle: 90, Distance: 17.135654526738076 cm
2026-06-26 17:28:54,393 - mazeUtils.moveTile - [moveTile.py:90] - DEBUG - [2830.706607] moveTile updated map and detected walls (+168.1 ms)
2026-06-26 17:28:54,396 - mazeUtils.moveTile - [moveTile.py:2298] - INFO - Tile color detection, decided tile type: E
2026-06-26 17:28:54,397 - mazeUtils.moveTile - [moveTile.py:90] - DEBUG - [2830.711521] moveTile finished (+173.1 ms)
2026-06-26 17:28:54,484 - __main__ - [main.py:108] - INFO - Current position: (20, 19, 0), front direction: absDirection.NORTH
Layer 0 (altitude=0.0cm, offset=(0.0cm, 0.0cm)):
Known map area: x=20..20, y=19..20
+   +
| @  
+   +
| S |
+---+
mazeAsGraph[0][19][20] = {absDirection.NORTH: (20, 18, 0, 30), absDirection.EAST: (21, 19, 0, 30), absDirection.SOUTH: (20, 20, 0, 30), absDirection.WEST: None}
mazeAsGraph[0][20][20] = {absDirection.NORTH: (20, 19, 0, 30), absDirection.EAST: None, absDirection.SOUTH: None, absDirection.WEST: None}
2026-06-26 17:28:54,748 - mazeUtils.mazeMap - [mazeMap.py:61] - INFO - next goal: (20, 18, 0)
2026-06-26 17:28:54,751 - mazeUtils.mazeMap - [mazeMap.py:61] - INFO - next goal: (20, 20, 0)
2026-06-26 17:28:54,752 - mazeUtils.moveTile - [moveTile.py:88] - DEBUG - [2831.066314] moveTile start direction=absDirection.NORTH position=(20, 19, 0) front=absDirection.NORTH
2026-06-26 17:28:54,764 - mazeUtils.moveTile - [moveTile.py:90] - DEBUG - [2831.077861] moveTile after initial toggle check (+11.5 ms)
2026-06-26 17:28:54,767 - mazeUtils.moveTile - [moveTile.py:90] - DEBUG - [2831.081286] moveTile after tile checks isRedTile=False isUnknownTileAhead=True (+3.4 ms)
2026-06-26 17:28:54,768 - mazeUtils.moveTile - [moveTile.py:79] - DEBUG - Moving to absDirection.NORTH from (20, 19, 0) facing absDirection.NORTH
2026-06-26 17:28:54,769 - mazeUtils.moveTile - [moveTile.py:90] - DEBUG - [2831.082661] moveTile start heading change target=0 (+1.4 ms)
2026-06-26 17:28:54,794 - mazeUtils.moveTile - [moveTile.py:79] - DEBUG - current heading: 1.1200000000000045 target: 0
2026-06-26 17:28:54,817 - mazeUtils.moveTile - [moveTile.py:436] - DEBUG - stopped turning at heading: 1.1200000000000045, diff: 1.1200000000000045
2026-06-26 17:28:54,862 - mazeUtils.moveTile - [moveTile.py:79] - DEBUG - Turned to heading: 1.0699999999999932 deg
2026-06-26 17:28:54,863 - mazeUtils.moveTile - [moveTile.py:90] - DEBUG - [2831.177050] moveTile finished heading change (+94.4 ms)
2026-06-26 17:28:54,864 - mazeUtils.moveTile - [moveTile.py:90] - DEBUG - [2831.177749] moveTile updated front direction (+0.7 ms)
2026-06-26 17:28:54,884 - mazeUtils.moveTile - [moveTile.py:90] - DEBUG - [2831.198001] moveTile stopped motors before alignment (+20.3 ms)
2026-06-26 17:28:55,052 - mazeUtils.moveTile - [moveTile.py:564] - DEBUG - Direction: absDirection.NORTH, Angle: 0, Distance: 131.8196439840212 cm
2026-06-26 17:28:55,055 - mazeUtils.moveTile - [moveTile.py:564] - DEBUG - Direction: absDirection.EAST, Angle: 270, Distance: 66.35799610321786 cm
2026-06-26 17:28:55,056 - mazeUtils.moveTile - [moveTile.py:564] - DEBUG - Direction: absDirection.SOUTH, Angle: 180, Distance: 51.19406510860601 cm
2026-06-26 17:28:55,057 - mazeUtils.moveTile - [moveTile.py:564] - DEBUG - Direction: absDirection.WEST, Angle: 90, Distance: 17.28454596041491 cm
2026-06-26 17:28:55,058 - mazeUtils.moveTile - [moveTile.py:90] - DEBUG - [2831.372276] moveTile ready for forward move (+174.3 ms)
2026-06-26 17:28:55,087 - mazeUtils.moveTile - [moveTile.py:90] - DEBUG - [2831.400670] moveTile initialized movement targetSteps=1 (+28.4 ms)
2026-06-26 17:28:55,088 - mazeUtils.moveTile - [moveTile.py:90] - DEBUG - [2831.402182] moveTile loop start (+1.5 ms)
2026-06-26 17:28:55,093 - picamera2.picamera2 - [picamera2.py:1391] - DEBUG - Execute job: <picamera2.job.Job object at 0x7fa8d97bd0>
2026-06-26 17:28:55,104 - mazeUtils.device.camera - [camera.py:39] - DEBUG - Average HSV: H=157.4, S=16.9, V=221.2
2026-06-26 17:28:55,109 - mazeUtils.moveTile - [moveTile.py:90] - DEBUG - [2831.423404] moveTile calculated motor speeds left=99 right=100 gyroSteer=-0.07999999999992724 wallSteer=-0.8000000000000007 (+21.2 ms)
2026-06-26 17:28:55,129 - mazeUtils.moveTile - [moveTile.py:90] - DEBUG - [2831.442959] moveTile applied motor speed left=99 right=100 (+19.6 ms)
2026-06-26 17:28:55,130 - mazeUtils.moveTile - [moveTile.py:90] - DEBUG - [2831.443727] moveTile ramp check isBigRamp=False (+0.8 ms)
2026-06-26 17:28:55,133 - mazeUtils.moveTile - [moveTile.py:90] - DEBUG - [2831.447283] moveTile tile color check tempTileColor=E (+3.6 ms)
2026-06-26 17:28:55,134 - mazeUtils.moveTile - [moveTile.py:90] - DEBUG - [2831.447881] moveTile obstacle check escapeFlag=False (+0.6 ms)
2026-06-26 17:28:55,139 - mazeUtils.moveTile - [moveTile.py:79] - DEBUG - roll: 0.6999999999999886 deg, practicalMoveTime: 0.05199557652472035 sec
2026-06-26 17:28:55,140 - mazeUtils.moveTile - [moveTile.py:1933] - DEBUG - moveTile loop time: 51.8 ms
2026-06-26 17:28:55,141 - mazeUtils.moveTile - [moveTile.py:90] - DEBUG - [2831.454651] moveTile loop end practicalMoveTime=0.052 (+6.8 ms)
2026-06-26 17:28:55,141 - mazeUtils.moveTile - [moveTile.py:90] - DEBUG - [2831.455058] moveTile loop start (+0.4 ms)
2026-06-26 17:28:55,146 - picamera2.picamera2 - [picamera2.py:1391] - DEBUG - Execute job: <picamera2.job.Job object at 0x7fb7631ad0>
2026-06-26 17:28:55,154 - mazeUtils.device.camera - [camera.py:39] - DEBUG - Average HSV: H=158.2, S=17.0, V=221.4
2026-06-26 17:28:55,160 - mazeUtils.moveTile - [moveTile.py:90] - DEBUG - [2831.473982] moveTile calculated motor speeds left=97 right=100 gyroSteer=-1.8800000000001091 wallSteer=-0.8000000000000007 (+18.9 ms)
2026-06-26 17:28:55,186 - mazeUtils.moveTile - [moveTile.py:90] - DEBUG - [2831.500291] moveTile applied motor speed left=97 right=100 (+26.3 ms)
2026-06-26 17:28:55,187 - mazeUtils.moveTile - [moveTile.py:90] - DEBUG - [2831.501008] moveTile ramp check isBigRamp=False (+0.7 ms)
2026-06-26 17:28:55,191 - mazeUtils.moveTile - [moveTile.py:90] - DEBUG - [2831.505178] moveTile tile color check tempTileColor=E (+4.2 ms)
2026-06-26 17:28:55,192 - mazeUtils.moveTile - [moveTile.py:90] - DEBUG - [2831.505805] moveTile obstacle check escapeFlag=False (+0.6 ms)
2026-06-26 17:28:55,197 - mazeUtils.moveTile - [moveTile.py:79] - DEBUG - roll: 359.91 deg, practicalMoveTime: 0.10941486462934066 sec
2026-06-26 17:28:55,198 - mazeUtils.moveTile - [moveTile.py:1933] - DEBUG - moveTile loop time: 57.3 ms
2026-06-26 17:28:55,199 - mazeUtils.moveTile - [moveTile.py:90] - DEBUG - [2831.512917] moveTile loop end practicalMoveTime=0.109 (+7.1 ms)
2026-06-26 17:28:55,199 - mazeUtils.moveTile - [moveTile.py:90] - DEBUG - [2831.513313] moveTile loop start (+0.4 ms)
2026-06-26 17:28:55,207 - picamera2.picamera2 - [picamera2.py:1391] - DEBUG - Execute job: <picamera2.job.Job object at 0x7fa8d97bd0>
2026-06-26 17:28:55,215 - mazeUtils.device.camera - [camera.py:39] - DEBUG - Average HSV: H=159.3, S=17.3, V=222.0
2026-06-26 17:28:55,222 - mazeUtils.moveTile - [moveTile.py:90] - DEBUG - [2831.536168] moveTile calculated motor speeds left=97 right=100 gyroSteer=-3.7200000000000273 wallSteer=1.1999999999999993 (+22.9 ms)
2026-06-26 17:28:55,242 - mazeUtils.moveTile - [moveTile.py:90] - DEBUG - [2831.556042] moveTile applied motor speed left=97 right=100 (+19.9 ms)
2026-06-26 17:28:55,243 - mazeUtils.moveTile - [moveTile.py:90] - DEBUG - [2831.556802] moveTile ramp check isBigRamp=False (+0.8 ms)
2026-06-26 17:28:55,246 - mazeUtils.moveTile - [moveTile.py:90] - DEBUG - [2831.560319] moveTile tile color check tempTileColor=E (+3.5 ms)
2026-06-26 17:28:55,247 - mazeUtils.moveTile - [moveTile.py:90] - DEBUG - [2831.561508] moveTile obstacle check escapeFlag=False (+1.2 ms)
2026-06-26 17:28:55,258 - mazeUtils.moveTile - [moveTile.py:79] - DEBUG - roll: 358.26 deg, practicalMoveTime: 0.16915298492715242 sec
2026-06-26 17:28:55,260 - mazeUtils.moveTile - [moveTile.py:1933] - DEBUG - moveTile loop time: 60.5 ms
2026-06-26 17:28:55,261 - mazeUtils.moveTile - [moveTile.py:90] - DEBUG - [2831.574643] moveTile loop end practicalMoveTime=0.169 (+13.1 ms)
2026-06-26 17:28:55,261 - mazeUtils.moveTile - [moveTile.py:90] - DEBUG - [2831.575537] moveTile loop start (+0.9 ms)
2026-06-26 17:28:55,271 - picamera2.picamera2 - [picamera2.py:1391] - DEBUG - Execute job: <picamera2.job.Job object at 0x7fb7631ad0>
2026-06-26 17:28:55,279 - mazeUtils.device.camera - [camera.py:39] - DEBUG - Average HSV: H=154.5, S=16.7, V=222.3
2026-06-26 17:28:55,285 - mazeUtils.moveTile - [moveTile.py:90] - DEBUG - [2831.598870] moveTile calculated motor speeds left=100 right=97 gyroSteer=1.67999999999995 wallSteer=1.1999999999999993 (+23.3 ms)
2026-06-26 17:28:55,305 - mazeUtils.moveTile - [moveTile.py:90] - DEBUG - [2831.619225] moveTile applied motor speed left=100 right=97 (+20.4 ms)
2026-06-26 17:28:55,306 - mazeUtils.moveTile - [moveTile.py:90] - DEBUG - [2831.619954] moveTile ramp check isBigRamp=False (+0.7 ms)
2026-06-26 17:28:55,310 - mazeUtils.moveTile - [moveTile.py:90] - DEBUG - [2831.623619] moveTile tile color check tempTileColor=E (+3.7 ms)
2026-06-26 17:28:55,310 - mazeUtils.moveTile - [moveTile.py:90] - DEBUG - [2831.624296] moveTile obstacle check escapeFlag=False (+0.7 ms)
2026-06-26 17:28:55,315 - mazeUtils.moveTile - [moveTile.py:79] - DEBUG - roll: 0.19999999999998863 deg, practicalMoveTime: 0.22437070549352703 sec
2026-06-26 17:28:55,316 - mazeUtils.moveTile - [moveTile.py:1933] - DEBUG - moveTile loop time: 54.8 ms
2026-06-26 17:28:55,317 - mazeUtils.moveTile - [moveTile.py:90] - DEBUG - [2831.631204] moveTile loop end practicalMoveTime=0.224 (+6.9 ms)
2026-06-26 17:28:55,318 - mazeUtils.moveTile - [moveTile.py:90] - DEBUG - [2831.632529] moveTile loop start (+1.3 ms)
2026-06-26 17:28:55,323 - picamera2.picamera2 - [picamera2.py:1391] - DEBUG - Execute job: <picamera2.job.Job object at 0x7f9502ee50>
2026-06-26 17:28:55,331 - mazeUtils.device.camera - [camera.py:39] - DEBUG - Average HSV: H=155.0, S=16.9, V=220.5
2026-06-26 17:28:55,337 - mazeUtils.moveTile - [moveTile.py:90] - DEBUG - [2831.650768] moveTile calculated motor speeds left=100 right=99 gyroSteer=1.1599999999999682 wallSteer=-0.8000000000000007 (+18.2 ms)
2026-06-26 17:28:55,358 - mazeUtils.moveTile - [moveTile.py:90] - DEBUG - [2831.672094] moveTile applied motor speed left=100 right=99 (+21.3 ms)
2026-06-26 17:28:55,359 - mazeUtils.moveTile - [moveTile.py:90] - DEBUG - [2831.672825] moveTile ramp check isBigRamp=False (+0.7 ms)
2026-06-26 17:28:55,363 - mazeUtils.moveTile - [moveTile.py:90] - DEBUG - [2831.676987] moveTile tile color check tempTileColor=E (+4.2 ms)
2026-06-26 17:28:55,364 - mazeUtils.moveTile - [moveTile.py:90] - DEBUG - [2831.678181] moveTile obstacle check escapeFlag=False (+1.2 ms)
2026-06-26 17:28:55,370 - mazeUtils.moveTile - [moveTile.py:79] - DEBUG - roll: 359.41 deg, practicalMoveTime: 0.2781295651279264 sec
2026-06-26 17:28:55,371 - mazeUtils.moveTile - [moveTile.py:1933] - DEBUG - moveTile loop time: 52.9 ms
2026-06-26 17:28:55,372 - mazeUtils.moveTile - [moveTile.py:90] - DEBUG - [2831.686248] moveTile loop end practicalMoveTime=0.278 (+8.1 ms)
2026-06-26 17:28:55,373 - mazeUtils.moveTile - [moveTile.py:90] - DEBUG - [2831.686911] moveTile loop start (+0.7 ms)
2026-06-26 17:28:55,378 - picamera2.picamera2 - [picamera2.py:1391] - DEBUG - Execute job: <picamera2.job.Job object at 0x7fa8fabf10>
2026-06-26 17:28:55,385 - mazeUtils.device.camera - [camera.py:39] - DEBUG - Average HSV: H=148.7, S=16.4, V=220.3
2026-06-26 17:28:55,398 - mazeUtils.moveTile - [moveTile.py:90] - DEBUG - [2831.712153] moveTile calculated motor speeds left=100 right=93 gyroSteer=4.480000000000018 wallSteer=1.6000000000000014 (+25.2 ms)
2026-06-26 17:28:55,420 - mazeUtils.moveTile - [moveTile.py:90] - DEBUG - [2831.734153] moveTile applied motor speed left=100 right=93 (+22.0 ms)
2026-06-26 17:28:55,421 - mazeUtils.moveTile - [moveTile.py:90] - DEBUG - [2831.734967] moveTile ramp check isBigRamp=False (+0.8 ms)
2026-06-26 17:28:55,425 - mazeUtils.moveTile - [moveTile.py:90] - DEBUG - [2831.739250] moveTile tile color check tempTileColor=E (+4.3 ms)
2026-06-26 17:28:55,426 - mazeUtils.moveTile - [moveTile.py:90] - DEBUG - [2831.739915] moveTile obstacle check escapeFlag=False (+0.7 ms)
2026-06-26 17:28:55,431 - mazeUtils.moveTile - [moveTile.py:79] - DEBUG - roll: 0.8600000000000136 deg, practicalMoveTime: 0.3379854524149683 sec
2026-06-26 17:28:55,432 - mazeUtils.moveTile - [moveTile.py:1933] - DEBUG - moveTile loop time: 59.3 ms
2026-06-26 17:28:55,433 - mazeUtils.moveTile - [moveTile.py:90] - DEBUG - [2831.746916] moveTile loop end practicalMoveTime=0.338 (+7.0 ms)
2026-06-26 17:28:55,433 - mazeUtils.moveTile - [moveTile.py:90] - DEBUG - [2831.747411] moveTile loop start (+0.5 ms)
2026-06-26 17:28:55,441 - picamera2.picamera2 - [picamera2.py:1391] - DEBUG - Execute job: <picamera2.job.Job object at 0x7fa8fabf10>
2026-06-26 17:28:55,447 - mazeUtils.device.camera - [camera.py:39] - DEBUG - Average HSV: H=154.2, S=16.9, V=217.9
2026-06-26 17:28:55,453 - mazeUtils.moveTile - [moveTile.py:90] - DEBUG - [2831.767590] moveTile calculated motor speeds left=99 right=100 gyroSteer=0.12000000000000455 wallSteer=-0.3999999999999986 (+20.2 ms)
2026-06-26 17:28:55,473 - mazeUtils.moveTile - [moveTile.py:90] - DEBUG - [2831.786891] moveTile applied motor speed left=99 right=100 (+19.3 ms)
2026-06-26 17:28:55,474 - mazeUtils.moveTile - [moveTile.py:90] - DEBUG - [2831.787691] moveTile ramp check isBigRamp=False (+0.8 ms)
2026-06-26 17:28:55,479 - mazeUtils.moveTile - [moveTile.py:90] - DEBUG - [2831.792887] moveTile tile color check tempTileColor=E (+5.2 ms)
2026-06-26 17:28:55,480 - mazeUtils.moveTile - [moveTile.py:90] - DEBUG - [2831.794037] moveTile obstacle check escapeFlag=False (+1.1 ms)
2026-06-26 17:28:55,485 - mazeUtils.moveTile - [moveTile.py:79] - DEBUG - roll: 0.25 deg, practicalMoveTime: 0.3904845741972255 sec
2026-06-26 17:28:55,485 - mazeUtils.moveTile - [moveTile.py:1933] - DEBUG - moveTile loop time: 52.1 ms
2026-06-26 17:28:55,486 - mazeUtils.moveTile - [moveTile.py:90] - DEBUG - [2831.800086] moveTile loop end practicalMoveTime=0.390 (+6.0 ms)
2026-06-26 17:28:55,486 - mazeUtils.moveTile - [moveTile.py:90] - DEBUG - [2831.800589] moveTile loop start (+0.5 ms)
2026-06-26 17:28:55,494 - picamera2.picamera2 - [picamera2.py:1391] - DEBUG - Execute job: <picamera2.job.Job object at 0x7fa8acfe90>
2026-06-26 17:28:55,500 - mazeUtils.device.camera - [camera.py:39] - DEBUG - Average HSV: H=152.1, S=16.9, V=217.0
2026-06-26 17:28:55,508 - mazeUtils.moveTile - [moveTile.py:90] - DEBUG - [2831.821911] moveTile calculated motor speeds left=100 right=89 gyroSteer=5.159999999999968 wallSteer=5.599999999999998 (+21.3 ms)
2026-06-26 17:28:55,529 - mazeUtils.moveTile - [moveTile.py:90] - DEBUG - [2831.843067] moveTile applied motor speed left=100 right=89 (+21.2 ms)
2026-06-26 17:28:55,530 - mazeUtils.moveTile - [moveTile.py:90] - DEBUG - [2831.844261] moveTile ramp check isBigRamp=False (+1.2 ms)
2026-06-26 17:28:55,535 - mazeUtils.moveTile - [moveTile.py:90] - DEBUG - [2831.849493] moveTile tile color check tempTileColor=E (+5.2 ms)
2026-06-26 17:28:55,537 - mazeUtils.moveTile - [moveTile.py:90] - DEBUG - [2831.850684] moveTile obstacle check escapeFlag=False (+1.2 ms)
2026-06-26 17:28:55,543 - mazeUtils.moveTile - [moveTile.py:79] - DEBUG - roll: 0.9900000000000091 deg, practicalMoveTime: 0.4483086708265852 sec
2026-06-26 17:28:55,545 - mazeUtils.moveTile - [moveTile.py:1933] - DEBUG - moveTile loop time: 58.0 ms
2026-06-26 17:28:55,545 - mazeUtils.moveTile - [moveTile.py:90] - DEBUG - [2831.859264] moveTile loop end practicalMoveTime=0.448 (+8.6 ms)
2026-06-26 17:28:55,546 - mazeUtils.moveTile - [moveTile.py:90] - DEBUG - [2831.860308] moveTile loop start (+1.0 ms)
2026-06-26 17:28:55,554 - picamera2.picamera2 - [picamera2.py:1391] - DEBUG - Execute job: <picamera2.job.Job object at 0x7fa8d044d0>
2026-06-26 17:28:55,559 - mazeUtils.device.camera - [camera.py:39] - DEBUG - Average HSV: H=149.5, S=17.3, V=216.6
2026-06-26 17:28:55,567 - mazeUtils.moveTile - [moveTile.py:90] - DEBUG - [2831.880874] moveTile calculated motor speeds left=100 right=90 gyroSteer=6.600000000000023 wallSteer=2.8000000000000007 (+20.6 ms)
2026-06-26 17:28:55,586 - mazeUtils.moveTile - [moveTile.py:90] - DEBUG - [2831.900421] moveTile applied motor speed left=100 right=90 (+19.5 ms)
2026-06-26 17:28:55,587 - mazeUtils.moveTile - [moveTile.py:90] - DEBUG - [2831.901181] moveTile ramp check isBigRamp=False (+0.8 ms)
2026-06-26 17:28:55,591 - mazeUtils.moveTile - [moveTile.py:90] - DEBUG - [2831.904769] moveTile tile color check tempTileColor=E (+3.6 ms)
2026-06-26 17:28:55,591 - mazeUtils.moveTile - [moveTile.py:90] - DEBUG - [2831.905500] moveTile obstacle check escapeFlag=False (+0.7 ms)
2026-06-26 17:28:55,597 - mazeUtils.moveTile - [moveTile.py:79] - DEBUG - roll: 0.11000000000001364 deg, practicalMoveTime: 0.5006297749664633 sec
2026-06-26 17:28:55,598 - mazeUtils.moveTile - [moveTile.py:1933] - DEBUG - moveTile loop time: 51.9 ms
2026-06-26 17:28:55,599 - mazeUtils.moveTile - [moveTile.py:90] - DEBUG - [2831.912924] moveTile loop end practicalMoveTime=0.501 (+7.4 ms)
2026-06-26 17:28:55,599 - mazeUtils.moveTile - [moveTile.py:90] - DEBUG - [2831.913416] moveTile loop start (+0.5 ms)
2026-06-26 17:28:55,606 - picamera2.picamera2 - [picamera2.py:1391] - DEBUG - Execute job: <picamera2.job.Job object at 0x7fa8acfe90>
2026-06-26 17:28:55,613 - mazeUtils.device.camera - [camera.py:39] - DEBUG - Average HSV: H=144.7, S=18.8, V=217.5
2026-06-26 17:28:55,622 - mazeUtils.moveTile - [moveTile.py:90] - DEBUG - [2831.935674] moveTile calculated motor speeds left=100 right=85 gyroSteer=11.279999999999973 wallSteer=3.1999999999999993 (+22.3 ms)
2026-06-26 17:28:55,642 - mazeUtils.moveTile - [moveTile.py:90] - DEBUG - [2831.956377] moveTile applied motor speed left=100 right=85 (+20.7 ms)
2026-06-26 17:28:55,643 - mazeUtils.moveTile - [moveTile.py:90] - DEBUG - [2831.957261] moveTile ramp check isBigRamp=False (+0.9 ms)
2026-06-26 17:28:55,647 - mazeUtils.moveTile - [moveTile.py:90] - DEBUG - [2831.960992] moveTile tile color check tempTileColor=E (+3.7 ms)
2026-06-26 17:28:55,648 - mazeUtils.moveTile - [moveTile.py:90] - DEBUG - [2831.961773] moveTile obstacle check escapeFlag=False (+0.8 ms)
2026-06-26 17:28:55,654 - mazeUtils.moveTile - [moveTile.py:79] - DEBUG - roll: 1.7300000000000182 deg, practicalMoveTime: 0.5566056129234123 sec
2026-06-26 17:28:55,655 - mazeUtils.moveTile - [moveTile.py:1933] - DEBUG - moveTile loop time: 55.7 ms
2026-06-26 17:28:55,655 - mazeUtils.moveTile - [moveTile.py:90] - DEBUG - [2831.969633] moveTile loop end practicalMoveTime=0.557 (+7.9 ms)
2026-06-26 17:28:55,656 - mazeUtils.moveTile - [moveTile.py:90] - DEBUG - [2831.970025] moveTile loop start (+0.4 ms)
2026-06-26 17:28:55,661 - picamera2.picamera2 - [picamera2.py:1391] - DEBUG - Execute job: <picamera2.job.Job object at 0x7fa8ffd290>
2026-06-26 17:28:55,669 - mazeUtils.device.camera - [camera.py:39] - DEBUG - Average HSV: H=150.0, S=18.7, V=212.7
2026-06-26 17:28:55,675 - mazeUtils.moveTile - [moveTile.py:90] - DEBUG - [2831.989105] moveTile calculated motor speeds left=100 right=89 gyroSteer=8.840000000000032 wallSteer=1.1999999999999993 (+19.1 ms)
2026-06-26 17:28:55,697 - mazeUtils.moveTile - [moveTile.py:90] - DEBUG - [2832.011229] moveTile applied motor speed left=100 right=89 (+22.1 ms)
2026-06-26 17:28:55,698 - mazeUtils.moveTile - [moveTile.py:90] - DEBUG - [2832.012100] moveTile ramp check isBigRamp=False (+0.9 ms)
2026-06-26 17:28:55,704 - mazeUtils.moveTile - [moveTile.py:90] - DEBUG - [2832.017717] moveTile tile color check tempTileColor=E (+5.6 ms)
2026-06-26 17:28:55,704 - mazeUtils.moveTile - [moveTile.py:90] - DEBUG - [2832.018411] moveTile obstacle check escapeFlag=False (+0.7 ms)
2026-06-26 17:28:55,717 - mazeUtils.moveTile - [moveTile.py:79] - DEBUG - roll: 359.97 deg, practicalMoveTime: 0.6180671076997617 sec
2026-06-26 17:28:55,718 - mazeUtils.moveTile - [moveTile.py:1933] - DEBUG - moveTile loop time: 62.2 ms
2026-06-26 17:28:55,719 - mazeUtils.moveTile - [moveTile.py:90] - DEBUG - [2832.033137] moveTile loop end practicalMoveTime=0.618 (+14.7 ms)
2026-06-26 17:28:55,719 - mazeUtils.moveTile - [moveTile.py:90] - DEBUG - [2832.033624] moveTile loop start (+0.5 ms)
2026-06-26 17:28:55,726 - picamera2.picamera2 - [picamera2.py:1391] - DEBUG - Execute job: <picamera2.job.Job object at 0x7fa90d4690>
2026-06-26 17:28:55,732 - mazeUtils.device.camera - [camera.py:39] - DEBUG - Average HSV: H=145.6, S=18.9, V=216.4
2026-06-26 17:28:55,738 - mazeUtils.moveTile - [moveTile.py:90] - DEBUG - [2832.052084] moveTile calculated motor speeds left=100 right=87 gyroSteer=10.840000000000032 wallSteer=1.1999999999999993 (+18.5 ms)
2026-06-26 17:28:55,759 - mazeUtils.moveTile - [moveTile.py:90] - DEBUG - [2832.072777] moveTile applied motor speed left=100 right=87 (+20.7 ms)
2026-06-26 17:28:55,759 - mazeUtils.moveTile - [moveTile.py:90] - DEBUG - [2832.073560] moveTile ramp check isBigRamp=False (+0.8 ms)
2026-06-26 17:28:55,763 - mazeUtils.moveTile - [moveTile.py:90] - DEBUG - [2832.077059] moveTile tile color check tempTileColor=E (+3.5 ms)
2026-06-26 17:28:55,764 - mazeUtils.moveTile - [moveTile.py:90] - DEBUG - [2832.077822] moveTile obstacle check escapeFlag=False (+0.8 ms)
2026-06-26 17:28:55,769 - mazeUtils.moveTile - [moveTile.py:79] - DEBUG - roll: 0.4300000000000068 deg, practicalMoveTime: 0.6689908544486642 sec
2026-06-26 17:28:55,770 - mazeUtils.moveTile - [moveTile.py:1933] - DEBUG - moveTile loop time: 50.5 ms
2026-06-26 17:28:55,771 - mazeUtils.moveTile - [moveTile.py:90] - DEBUG - [2832.084655] moveTile loop end practicalMoveTime=0.669 (+6.8 ms)
2026-06-26 17:28:55,771 - mazeUtils.moveTile - [moveTile.py:90] - DEBUG - [2832.085089] moveTile loop start (+0.4 ms)
2026-06-26 17:28:55,777 - picamera2.picamera2 - [picamera2.py:1391] - DEBUG - Execute job: <picamera2.job.Job object at 0x7f9502f690>
2026-06-26 17:28:55,783 - mazeUtils.device.camera - [camera.py:39] - DEBUG - Average HSV: H=142.3, S=26.5, V=212.6
2026-06-26 17:28:55,796 - mazeUtils.moveTile - [moveTile.py:90] - DEBUG - [2832.109922] moveTile calculated motor speeds left=100 right=89 gyroSteer=8.840000000000032 wallSteer=1.1999999999999993 (+24.8 ms)
2026-06-26 17:28:55,815 - mazeUtils.moveTile - [moveTile.py:90] - DEBUG - [2832.128931] moveTile applied motor speed left=100 right=89 (+19.0 ms)
2026-06-26 17:28:55,816 - mazeUtils.moveTile - [moveTile.py:90] - DEBUG - [2832.129663] moveTile ramp check isBigRamp=False (+0.7 ms)
2026-06-26 17:28:55,819 - mazeUtils.moveTile - [moveTile.py:90] - DEBUG - [2832.133571] moveTile tile color check tempTileColor=E (+3.9 ms)
2026-06-26 17:28:55,820 - mazeUtils.moveTile - [moveTile.py:90] - DEBUG - [2832.134517] moveTile obstacle check escapeFlag=False (+0.9 ms)
2026-06-26 17:28:55,828 - mazeUtils.moveTile - [moveTile.py:79] - DEBUG - roll: 1.0400000000000205 deg, practicalMoveTime: 0.7266191466725376 sec
2026-06-26 17:28:55,829 - mazeUtils.moveTile - [moveTile.py:1933] - DEBUG - moveTile loop time: 57.6 ms
2026-06-26 17:28:55,829 - mazeUtils.moveTile - [moveTile.py:90] - DEBUG - [2832.143263] moveTile loop end practicalMoveTime=0.727 (+8.7 ms)
2026-06-26 17:28:55,830 - mazeUtils.moveTile - [moveTile.py:90] - DEBUG - [2832.143680] moveTile loop start (+0.4 ms)
2026-06-26 17:28:55,836 - picamera2.picamera2 - [picamera2.py:1391] - DEBUG - Execute job: <picamera2.job.Job object at 0x7f9502f690>
2026-06-26 17:28:55,845 - mazeUtils.device.camera - [camera.py:39] - DEBUG - Average HSV: H=151.1, S=33.1, V=195.5
2026-06-26 17:28:55,853 - mazeUtils.moveTile - [moveTile.py:90] - DEBUG - [2832.167037] moveTile calculated motor speeds left=100 right=94 gyroSteer=3.8799999999999955 wallSteer=1.1999999999999993 (+23.4 ms)
2026-06-26 17:28:55,875 - mazeUtils.moveTile - [moveTile.py:90] - DEBUG - [2832.188964] moveTile applied motor speed left=100 right=94 (+21.9 ms)
2026-06-26 17:28:55,876 - mazeUtils.moveTile - [moveTile.py:90] - DEBUG - [2832.189707] moveTile ramp check isBigRamp=False (+0.7 ms)
2026-06-26 17:28:55,883 - mazeUtils.moveTile - [moveTile.py:90] - DEBUG - [2832.196667] moveTile tile color check tempTileColor=E (+7.0 ms)
2026-06-26 17:28:55,884 - mazeUtils.moveTile - [moveTile.py:90] - DEBUG - [2832.197637] moveTile obstacle check escapeFlag=False (+1.0 ms)
2026-06-26 17:28:55,893 - mazeUtils.moveTile - [moveTile.py:79] - DEBUG - roll: 0.8100000000000023 deg, practicalMoveTime: 0.7909843464316133 sec
2026-06-26 17:28:55,894 - mazeUtils.moveTile - [moveTile.py:1933] - DEBUG - moveTile loop time: 64.4 ms
2026-06-26 17:28:55,895 - mazeUtils.moveTile - [moveTile.py:90] - DEBUG - [2832.209328] moveTile loop end practicalMoveTime=0.791 (+11.7 ms)
2026-06-26 17:28:55,896 - mazeUtils.moveTile - [moveTile.py:90] - DEBUG - [2832.209939] moveTile loop start (+0.6 ms)
2026-06-26 17:28:55,903 - picamera2.picamera2 - [picamera2.py:1391] - DEBUG - Execute job: <picamera2.job.Job object at 0x7f9502f690>
2026-06-26 17:28:55,910 - mazeUtils.device.camera - [camera.py:39] - DEBUG - Average HSV: H=148.2, S=25.2, V=206.0
2026-06-26 17:28:55,915 - mazeUtils.moveTile - [moveTile.py:90] - DEBUG - [2832.229015] moveTile calculated motor speeds left=100 right=98 gyroSteer=0.6000000000000227 wallSteer=1.1999999999999993 (+19.1 ms)
2026-06-26 17:28:55,937 - mazeUtils.moveTile - [moveTile.py:90] - DEBUG - [2832.250857] moveTile applied motor speed left=100 right=98 (+21.8 ms)
2026-06-26 17:28:55,937 - mazeUtils.moveTile - [moveTile.py:90] - DEBUG - [2832.251585] moveTile ramp check isBigRamp=False (+0.7 ms)
2026-06-26 17:28:55,942 - mazeUtils.moveTile - [moveTile.py:90] - DEBUG - [2832.255820] moveTile tile color check tempTileColor=E (+4.2 ms)
2026-06-26 17:28:55,943 - mazeUtils.moveTile - [moveTile.py:90] - DEBUG - [2832.256765] moveTile obstacle check escapeFlag=False (+0.9 ms)
2026-06-26 17:28:55,950 - mazeUtils.moveTile - [moveTile.py:79] - DEBUG - roll: 0.9599999999999795 deg, practicalMoveTime: 0.8472213708084303 sec
2026-06-26 17:28:55,952 - mazeUtils.moveTile - [moveTile.py:1933] - DEBUG - moveTile loop time: 56.1 ms
2026-06-26 17:28:55,953 - mazeUtils.moveTile - [moveTile.py:90] - DEBUG - [2832.266861] moveTile loop end practicalMoveTime=0.847 (+10.1 ms)
2026-06-26 17:28:55,954 - mazeUtils.moveTile - [moveTile.py:90] - DEBUG - [2832.267745] moveTile loop start (+0.9 ms)
2026-06-26 17:28:55,961 - picamera2.picamera2 - [picamera2.py:1391] - DEBUG - Execute job: <picamera2.job.Job object at 0x7fa8ffd1d0>
2026-06-26 17:28:55,967 - mazeUtils.device.camera - [camera.py:39] - DEBUG - Average HSV: H=136.8, S=30.0, V=208.9
2026-06-26 17:28:55,977 - mazeUtils.moveTile - [moveTile.py:90] - DEBUG - [2832.291472] moveTile calculated motor speeds left=100 right=99 gyroSteer=-0.36000000000012733 wallSteer=1.1999999999999993 (+23.7 ms)
2026-06-26 17:28:56,000 - mazeUtils.moveTile - [moveTile.py:90] - DEBUG - [2832.313680] moveTile applied motor speed left=100 right=99 (+22.2 ms)
2026-06-26 17:28:56,001 - mazeUtils.moveTile - [moveTile.py:90] - DEBUG - [2832.314753] moveTile ramp check isBigRamp=False (+1.1 ms)
2026-06-26 17:28:56,005 - mazeUtils.moveTile - [moveTile.py:90] - DEBUG - [2832.319413] moveTile tile color check tempTileColor=E (+4.7 ms)
2026-06-26 17:28:56,006 - mazeUtils.moveTile - [moveTile.py:90] - DEBUG - [2832.320178] moveTile obstacle check escapeFlag=False (+0.8 ms)
2026-06-26 17:28:56,011 - mazeUtils.moveTile - [moveTile.py:1780] - INFO - practicalVerticalMove: 0.3593084118583358 CM
2026-06-26 17:28:56,032 - mazeUtils.moveTile - [moveTile.py:90] - DEBUG - [2832.346031] moveTile finished by time control (+25.9 ms)
2026-06-26 17:28:56,033 - mazeUtils.moveTile - [moveTile.py:90] - DEBUG - [2832.346811] moveTile start final forward adjustment (+26.6 ms)
2026-06-26 17:28:56,062 - mazeUtils.moveTile - [moveTile.py:90] - DEBUG - [2832.375773] moveTile finished final forward adjustment (+29.0 ms)
2026-06-26 17:28:56,063 - mazeUtils.moveTile - [moveTile.py:2143] - INFO - Set moved vertical distance: 0.3593084118583358 cm, past distances: [(0.21259011783319184, False), (0, False), (0, False)]
2026-06-26 17:28:56,064 - mazeUtils.moveTile - [moveTile.py:90] - DEBUG - [2832.378535] moveTile updated moved vertical distance 0.359 (+2.8 ms)
2026-06-26 17:28:56,220 - mazeUtils.moveTile - [moveTile.py:564] - DEBUG - Direction: absDirection.NORTH, Angle: 0, Distance: 102.80920796030902 cm
2026-06-26 17:28:56,223 - mazeUtils.moveTile - [moveTile.py:571] - INFO - angle: 0, result: judgeWallResult.NO_WALL
2026-06-26 17:28:56,225 - mazeUtils.moveTile - [moveTile.py:564] - DEBUG - Direction: absDirection.EAST, Angle: 270, Distance: 48.41055179205845 cm
2026-06-26 17:28:56,227 - mazeUtils.moveTile - [moveTile.py:564] - DEBUG - Direction: absDirection.SOUTH, Angle: 180, Distance: 83.06882911133145 cm
2026-06-26 17:28:56,228 - mazeUtils.moveTile - [moveTile.py:564] - DEBUG - Direction: absDirection.WEST, Angle: 90, Distance: 16.27766255934036 cm
2026-06-26 17:28:56,229 - mazeUtils.moveTile - [moveTile.py:90] - DEBUG - [2832.543132] moveTile updated map and detected walls (+164.6 ms)
2026-06-26 17:28:56,232 - mazeUtils.moveTile - [moveTile.py:2298] - INFO - Tile color detection, decided tile type: E
2026-06-26 17:28:56,233 - mazeUtils.moveTile - [moveTile.py:90] - DEBUG - [2832.547120] moveTile finished (+168.6 ms)
2026-06-26 17:28:56,322 - __main__ - [main.py:108] - INFO - Current position: (20, 18, 0), front direction: absDirection.NORTH
Layer 0 (altitude=0.0cm, offset=(0.0cm, 0.0cm)):
Known map area: x=20..20, y=18..20
+   +
| @  
+   +
| E  
+   +
| S |
+---+
mazeAsGraph[0][18][20] = {absDirection.NORTH: (20, 17, 0, 30), absDirection.EAST: (21, 18, 0, 30), absDirection.SOUTH: (20, 19, 0, 30), absDirection.WEST: None}
mazeAsGraph[0][19][20] = {absDirection.NORTH: (20, 18, 0, 30), absDirection.EAST: (21, 19, 0, 30), absDirection.SOUTH: (20, 20, 0, 30), absDirection.WEST: None}
mazeAsGraph[0][20][20] = {absDirection.NORTH: (20, 19, 0, 30), absDirection.EAST: None, absDirection.SOUTH: None, absDirection.WEST: None}
2026-06-26 17:28:56,348 - __main__ - [main.py:129] - INFO - U-shaped unexplored tile detected in direction absDirection.EAST. Prioritizing this tile.
2026-06-26 17:28:56,350 - __main__ - [main.py:194] - ERROR - An unexpected error occurred:
Traceback (most recent call last):
  File "/home/tuton/Kanto2026RPi/./src/main.py", line 130, in main
    nextDirection = [mazeEnums.absDirection(direction.value+ mapInstance.frontDirection.value) % 360]
                     ~~~~~~~~~~~~~~~~~~~~~~~~~~~~~~~~~~~~~~~~~~~~~~~~~~~~~~~~~~~~~~~~~~~~~~~~~~^~~~~
TypeError: unsupported operand type(s) for %: 'absDirection' and 'int'
2026-06-26 17:28:57,505 - picamera2.picamera2 - [picamera2.py:1391] - DEBUG - Execute job: <picamera2.job.Job object at 0x7fb7616e90>
2026-06-26 17:28:57,528 - picamera2.picamera2 - [picamera2.py:1323] - INFO - Camera stopped
2026-06-26 17:28:57,531 - picamera2.picamera2 - [picamera2.py:1329] - DEBUG - Camera was not started
2026-06-26 17:28:57,734 - picamera2.picamera2 - [picamera2.py:723] - INFO - Camera closed successfully.
2026-06-26 17:28:58,009 - picamera2.picamera2 - [picamera2.py:500] - DEBUG - Resources now free: <picamera2.picamera2.Picamera2 object at 0x7fa8acfc50>
