2026-06-17 01:06:27,696 - root - [logging_config.py:61] - INFO - Logging initialized. Log file: /home/tuton/Kanto2026RPi/src/config/../logs/robot_20260617_010626.log
2026-06-17 01:06:29,256 - mazeUtils.device.LiDAR - [LiDAR.py:36] - INFO - Available ports: <ydlidar.Str2strMap; proxy of <Swig Object of type 'std::map< std::string,std::string > *' at 0x7f9c97cff0> >
2026-06-17 01:06:33,298 - mazeUtils.moveTile - [moveTile.py:514] - DEBUG - Direction: absDirection.NORTH, Angle: 0, Distance: 391.86078308327825 cm
2026-06-17 01:06:33,299 - mazeUtils.moveTile - [moveTile.py:537] - DEBUG - Front LiDAR distance: 391.86078308327825 cm, TSD10 distance: 352.5 cm
2026-06-17 01:06:33,300 - mazeUtils.moveTile - [moveTile.py:514] - DEBUG - Direction: absDirection.EAST, Angle: 270, Distance: 225.53049209320864 cm
2026-06-17 01:06:33,301 - mazeUtils.moveTile - [moveTile.py:514] - DEBUG - Direction: absDirection.SOUTH, Angle: 180, Distance: 245.9730048161183 cm
2026-06-17 01:06:33,303 - mazeUtils.moveTile - [moveTile.py:514] - DEBUG - Direction: absDirection.WEST, Angle: 90, Distance: 133.98272272769734 cm
2026-06-17 01:06:34,271 - __main__ - [main.py:69] - INFO - Initial Map:
2026-06-17 01:06:34,278 - __main__ - [main.py:70] - INFO - Current position: (20, 20, 0), front direction: absDirection.NORTH
Layer 0 (altitude=0.0cm, offset=(0.0cm, 0.0cm)):
Known map area: x=20..20, y=20..20
+   +
  @  
+   +
2026-06-17 01:06:34,279 - mazeUtils.mazeMap - [mazeMap.py:61] - INFO - next goal: (20, 19, 0)
2026-06-17 01:06:34,279 - __main__ - [main.py:73] - INFO - Next Direction: [<absDirection.NORTH: 0>]
2026-06-17 01:06:34,280 - __main__ - [main.py:74] - INFO - Exploration started.
2026-06-17 01:06:34,280 - mazeUtils.mazeMap - [mazeMap.py:61] - INFO - next goal: (20, 19, 0)
2026-06-17 01:06:34,287 - mazeUtils.moveTile - [moveTile.py:80] - DEBUG - Moving to absDirection.NORTH from (20, 20, 0) facing absDirection.NORTH
2026-06-17 01:06:34,496 - mazeUtils.moveTile - [moveTile.py:80] - DEBUG - roll: 0.4800000000000182 deg, practicalMoveTime: 0.04279555103799919 sec
2026-06-17 01:06:34,497 - mazeUtils.moveTile - [moveTile.py:1204] - DEBUG - moveTile loop time: 50.5 ms
2026-06-17 01:06:34,549 - mazeUtils.moveTile - [moveTile.py:80] - DEBUG - roll: 0.75 deg, practicalMoveTime: 0.08723760363920935 sec
2026-06-17 01:06:34,550 - mazeUtils.moveTile - [moveTile.py:1204] - DEBUG - moveTile loop time: 52.5 ms
2026-06-17 01:06:34,600 - mazeUtils.moveTile - [moveTile.py:80] - DEBUG - roll: 0.8900000000000432 deg, practicalMoveTime: 0.12994337508621415 sec
2026-06-17 01:06:34,601 - mazeUtils.moveTile - [moveTile.py:1204] - DEBUG - moveTile loop time: 50.5 ms
2026-06-17 01:06:34,650 - mazeUtils.moveTile - [moveTile.py:80] - DEBUG - roll: 0.910000000000025 deg, practicalMoveTime: 0.17193889601953927 sec
2026-06-17 01:06:34,650 - mazeUtils.moveTile - [moveTile.py:1204] - DEBUG - moveTile loop time: 49.7 ms
2026-06-17 01:06:34,703 - mazeUtils.moveTile - [moveTile.py:80] - DEBUG - roll: 0.5300000000000296 deg, practicalMoveTime: 0.21611738713900552 sec
2026-06-17 01:06:34,703 - mazeUtils.moveTile - [moveTile.py:1204] - DEBUG - moveTile loop time: 52.2 ms
2026-06-17 01:06:34,757 - mazeUtils.moveTile - [moveTile.py:80] - DEBUG - roll: 0.29000000000002046 deg, practicalMoveTime: 0.261530347224634 sec
2026-06-17 01:06:34,757 - mazeUtils.moveTile - [moveTile.py:1204] - DEBUG - moveTile loop time: 53.8 ms
2026-06-17 01:06:34,907 - mazeUtils.moveTile - [moveTile.py:80] - DEBUG - roll: 0.18999999999999773 deg, practicalMoveTime: 0.3888136973615214 sec
2026-06-17 01:06:34,907 - mazeUtils.moveTile - [moveTile.py:1204] - DEBUG - moveTile loop time: 149.9 ms
2026-06-17 01:06:34,962 - mazeUtils.moveTile - [moveTile.py:80] - DEBUG - roll: 0.5500000000000114 deg, practicalMoveTime: 0.4351188176835675 sec
2026-06-17 01:06:34,962 - mazeUtils.moveTile - [moveTile.py:1204] - DEBUG - moveTile loop time: 54.6 ms
2026-06-17 01:06:35,013 - mazeUtils.moveTile - [moveTile.py:80] - DEBUG - roll: 0.6100000000000136 deg, practicalMoveTime: 0.4783452801017787 sec
2026-06-17 01:06:35,014 - mazeUtils.moveTile - [moveTile.py:1204] - DEBUG - moveTile loop time: 51.1 ms
2026-06-17 01:06:35,065 - mazeUtils.moveTile - [moveTile.py:80] - DEBUG - roll: 0.6200000000000045 deg, practicalMoveTime: 0.5218997420550344 sec
2026-06-17 01:06:35,066 - mazeUtils.moveTile - [moveTile.py:1204] - DEBUG - moveTile loop time: 51.5 ms
2026-06-17 01:06:35,115 - mazeUtils.moveTile - [moveTile.py:80] - DEBUG - roll: 0.5699999999999932 deg, practicalMoveTime: 0.5639538042035932 sec
2026-06-17 01:06:35,116 - mazeUtils.moveTile - [moveTile.py:1204] - DEBUG - moveTile loop time: 50.1 ms
2026-06-17 01:06:35,172 - mazeUtils.moveTile - [moveTile.py:80] - DEBUG - roll: 0.5 deg, practicalMoveTime: 0.6115487445086824 sec
2026-06-17 01:06:35,173 - mazeUtils.moveTile - [moveTile.py:1204] - DEBUG - moveTile loop time: 56.0 ms
2026-06-17 01:06:35,223 - mazeUtils.moveTile - [moveTile.py:80] - DEBUG - roll: 0.4800000000000182 deg, practicalMoveTime: 0.6541290826477827 sec
2026-06-17 01:06:35,223 - mazeUtils.moveTile - [moveTile.py:1204] - DEBUG - moveTile loop time: 50.3 ms
2026-06-17 01:06:35,273 - mazeUtils.moveTile - [moveTile.py:80] - DEBUG - roll: 0.4900000000000091 deg, practicalMoveTime: 0.6964834049323242 sec
2026-06-17 01:06:35,274 - mazeUtils.moveTile - [moveTile.py:1204] - DEBUG - moveTile loop time: 50.1 ms
2026-06-17 01:06:35,325 - mazeUtils.moveTile - [moveTile.py:80] - DEBUG - roll: 0.4900000000000091 deg, practicalMoveTime: 0.7397903772573415 sec
2026-06-17 01:06:35,325 - mazeUtils.moveTile - [moveTile.py:1204] - DEBUG - moveTile loop time: 51.2 ms
2026-06-17 01:06:35,376 - mazeUtils.moveTile - [moveTile.py:80] - DEBUG - roll: 0.4600000000000364 deg, practicalMoveTime: 0.78324790332555 sec
2026-06-17 01:06:35,377 - mazeUtils.moveTile - [moveTile.py:1204] - DEBUG - moveTile loop time: 51.2 ms
2026-06-17 01:06:35,426 - mazeUtils.moveTile - [moveTile.py:80] - DEBUG - roll: 0.4600000000000364 deg, practicalMoveTime: 0.8251164565384572 sec
2026-06-17 01:06:35,427 - mazeUtils.moveTile - [moveTile.py:1204] - DEBUG - moveTile loop time: 49.5 ms
2026-06-17 01:06:35,476 - mazeUtils.moveTile - [moveTile.py:80] - DEBUG - roll: 0.4700000000000273 deg, practicalMoveTime: 0.8672931795338474 sec
2026-06-17 01:06:35,477 - mazeUtils.moveTile - [moveTile.py:1204] - DEBUG - moveTile loop time: 49.9 ms
2026-06-17 01:06:35,526 - mazeUtils.moveTile - [moveTile.py:1155] - INFO - practicalVerticalMove: 0.2704085001837105 CM
2026-06-17 01:06:35,635 - mazeUtils.moveTile - [moveTile.py:514] - DEBUG - Direction: absDirection.NORTH, Angle: 0, Distance: 387.8235477939114 cm
2026-06-17 01:06:35,635 - mazeUtils.moveTile - [moveTile.py:537] - DEBUG - Front LiDAR distance: 387.8235477939114 cm, TSD10 distance: 353.1 cm
2026-06-17 01:06:35,636 - mazeUtils.moveTile - [moveTile.py:514] - DEBUG - Direction: absDirection.EAST, Angle: 270, Distance: 222.57938128179867 cm
2026-06-17 01:06:35,637 - mazeUtils.moveTile - [moveTile.py:514] - DEBUG - Direction: absDirection.SOUTH, Angle: 180, Distance: 124.13318246731812 cm
2026-06-17 01:06:35,638 - mazeUtils.moveTile - [moveTile.py:514] - DEBUG - Direction: absDirection.WEST, Angle: 90, Distance: 134.7607277867707 cm
2026-06-17 01:06:35,639 - mazeUtils.moveTile - [moveTile.py:1408] - INFO - Tile color detection counts: {}, decided tile type: E
2026-06-17 01:06:35,737 - __main__ - [main.py:84] - INFO - Current position: (20, 19, 0), front direction: absDirection.NORTH
Layer 0 (altitude=0.0cm, offset=(0.0cm, 0.0cm)):
Known map area: x=20..20, y=19..20
+   +
  @  
+   +
  S  
+   +
2026-06-17 01:06:35,749 - mazeUtils.mazeMap - [mazeMap.py:61] - INFO - next goal: (20, 18, 0)
2026-06-17 01:06:35,749 - mazeUtils.mazeMap - [mazeMap.py:61] - INFO - next goal: (20, 18, 0)
2026-06-17 01:06:35,756 - mazeUtils.moveTile - [moveTile.py:80] - DEBUG - Moving to absDirection.NORTH from (20, 19, 0) facing absDirection.NORTH
2026-06-17 01:06:35,988 - mazeUtils.moveTile - [moveTile.py:80] - DEBUG - roll: 0.9399999999999977 deg, practicalMoveTime: 0.04289139185169938 sec
2026-06-17 01:06:35,988 - mazeUtils.moveTile - [moveTile.py:1204] - DEBUG - moveTile loop time: 50.7 ms
2026-06-17 01:06:36,039 - mazeUtils.moveTile - [moveTile.py:80] - DEBUG - roll: 0.8900000000000432 deg, practicalMoveTime: 0.08565653428237237 sec
2026-06-17 01:06:36,039 - mazeUtils.moveTile - [moveTile.py:1204] - DEBUG - moveTile loop time: 50.5 ms
2026-06-17 01:06:36,090 - mazeUtils.moveTile - [moveTile.py:80] - DEBUG - roll: 1.0500000000000114 deg, practicalMoveTime: 0.128959236530097 sec
2026-06-17 01:06:36,091 - mazeUtils.moveTile - [moveTile.py:1204] - DEBUG - moveTile loop time: 51.9 ms
2026-06-17 01:06:36,147 - mazeUtils.moveTile - [moveTile.py:80] - DEBUG - roll: 1.0300000000000296 deg, practicalMoveTime: 0.17644759483793193 sec
2026-06-17 01:06:36,148 - mazeUtils.moveTile - [moveTile.py:1204] - DEBUG - moveTile loop time: 55.9 ms
2026-06-17 01:06:36,204 - mazeUtils.moveTile - [moveTile.py:80] - DEBUG - roll: 0.910000000000025 deg, practicalMoveTime: 0.22433641345149574 sec
2026-06-17 01:06:36,205 - mazeUtils.moveTile - [moveTile.py:1204] - DEBUG - moveTile loop time: 56.5 ms
2026-06-17 01:06:36,256 - mazeUtils.moveTile - [moveTile.py:80] - DEBUG - roll: 0.9800000000000182 deg, practicalMoveTime: 0.2679539209156798 sec
2026-06-17 01:06:36,257 - mazeUtils.moveTile - [moveTile.py:1204] - DEBUG - moveTile loop time: 51.6 ms
2026-06-17 01:06:36,311 - mazeUtils.moveTile - [moveTile.py:80] - DEBUG - roll: 1.1000000000000227 deg, practicalMoveTime: 0.31389177743674784 sec
2026-06-17 01:06:36,311 - mazeUtils.moveTile - [moveTile.py:1204] - DEBUG - moveTile loop time: 54.2 ms
2026-06-17 01:06:36,363 - mazeUtils.moveTile - [moveTile.py:80] - DEBUG - roll: 1.1899999999999977 deg, practicalMoveTime: 0.35720943057366916 sec
2026-06-17 01:06:36,363 - mazeUtils.moveTile - [moveTile.py:1204] - DEBUG - moveTile loop time: 51.4 ms
2026-06-17 01:06:36,417 - mazeUtils.moveTile - [moveTile.py:80] - DEBUG - roll: 1.240000000000009 deg, practicalMoveTime: 0.4010731218764752 sec
2026-06-17 01:06:36,420 - mazeUtils.moveTile - [moveTile.py:1204] - DEBUG - moveTile loop time: 55.9 ms
2026-06-17 01:06:36,478 - mazeUtils.moveTile - [moveTile.py:80] - DEBUG - roll: 1.1400000000000432 deg, practicalMoveTime: 0.45106813563359793 sec
2026-06-17 01:06:36,479 - mazeUtils.moveTile - [moveTile.py:1204] - DEBUG - moveTile loop time: 56.5 ms
2026-06-17 01:06:36,528 - mazeUtils.moveTile - [moveTile.py:80] - DEBUG - roll: 0.9700000000000273 deg, practicalMoveTime: 0.49268888602539496 sec
2026-06-17 01:06:36,528 - mazeUtils.moveTile - [moveTile.py:1204] - DEBUG - moveTile loop time: 49.2 ms
2026-06-17 01:06:36,577 - mazeUtils.moveTile - [moveTile.py:80] - DEBUG - roll: 0.9300000000000068 deg, practicalMoveTime: 0.534451148094808 sec
2026-06-17 01:06:36,578 - mazeUtils.moveTile - [moveTile.py:1204] - DEBUG - moveTile loop time: 49.4 ms
2026-06-17 01:06:36,627 - mazeUtils.moveTile - [moveTile.py:80] - DEBUG - roll: 0.7200000000000273 deg, practicalMoveTime: 0.5760348596853139 sec
2026-06-17 01:06:36,627 - mazeUtils.moveTile - [moveTile.py:1204] - DEBUG - moveTile loop time: 49.2 ms
2026-06-17 01:06:36,775 - mazeUtils.moveTile - [moveTile.py:80] - DEBUG - roll: 0.7200000000000273 deg, practicalMoveTime: 0.7012332204764224 sec
2026-06-17 01:06:36,775 - mazeUtils.moveTile - [moveTile.py:1204] - DEBUG - moveTile loop time: 147.6 ms
2026-06-17 01:06:36,923 - mazeUtils.moveTile - [moveTile.py:80] - DEBUG - roll: 1.0300000000000296 deg, practicalMoveTime: 0.8266072439982531 sec
2026-06-17 01:06:36,923 - mazeUtils.moveTile - [moveTile.py:1204] - DEBUG - moveTile loop time: 147.9 ms
2026-06-17 01:06:36,974 - mazeUtils.moveTile - [moveTile.py:80] - DEBUG - roll: 0.9300000000000068 deg, practicalMoveTime: 0.8700993506654215 sec
2026-06-17 01:06:36,975 - mazeUtils.moveTile - [moveTile.py:1204] - DEBUG - moveTile loop time: 51.4 ms
2026-06-17 01:06:37,024 - mazeUtils.moveTile - [moveTile.py:1155] - INFO - practicalVerticalMove: 0.518369717835724 CM
2026-06-17 01:06:37,120 - mazeUtils.moveTile - [moveTile.py:514] - DEBUG - Direction: absDirection.NORTH, Angle: 0, Distance: 385.1802501409709 cm
2026-06-17 01:06:37,121 - mazeUtils.moveTile - [moveTile.py:537] - DEBUG - Front LiDAR distance: 385.1802501409709 cm, TSD10 distance: 352.3 cm
2026-06-17 01:06:37,122 - mazeUtils.moveTile - [moveTile.py:514] - DEBUG - Direction: absDirection.EAST, Angle: 270, Distance: 219.79053460528945 cm
2026-06-17 01:06:37,123 - mazeUtils.moveTile - [moveTile.py:514] - DEBUG - Direction: absDirection.SOUTH, Angle: 180, Distance: 126.86193432795794 cm
2026-06-17 01:06:37,124 - mazeUtils.moveTile - [moveTile.py:514] - DEBUG - Direction: absDirection.WEST, Angle: 90, Distance: 136.31515744553465 cm
2026-06-17 01:06:37,124 - mazeUtils.moveTile - [moveTile.py:1408] - INFO - Tile color detection counts: {}, decided tile type: E
2026-06-17 01:06:37,215 - __main__ - [main.py:84] - INFO - Current position: (20, 18, 0), front direction: absDirection.NORTH
Layer 0 (altitude=0.0cm, offset=(0.0cm, 0.0cm)):
Known map area: x=20..20, y=18..20
+   +
  @  
+   +
  E  
+   +
  S  
+   +
2026-06-17 01:06:37,225 - mazeUtils.mazeMap - [mazeMap.py:61] - INFO - next goal: (20, 17, 0)
2026-06-17 01:06:37,225 - mazeUtils.mazeMap - [mazeMap.py:61] - INFO - next goal: (20, 17, 0)
2026-06-17 01:06:37,232 - mazeUtils.moveTile - [moveTile.py:80] - DEBUG - Moving to absDirection.NORTH from (20, 18, 0) facing absDirection.NORTH
2026-06-17 01:06:37,249 - __main__ - [main.py:144] - INFO - Program interrupted by user.
2026-06-17 01:06:38,337 - mazeUtils.device.stm - [stm.py:215] - DEBUG - ACK resynchronized: type=STS_MOTOR dropped=3B seq=142
