2026-06-20 11:30:14,449 - root - [logging_config.py:61] - INFO - Logging initialized. Log file: /home/tuton/Kanto2026RPi/src/config/../logs/robot_20260620_113013.log
2026-06-20 11:30:16,455 - mazeUtils.device.LiDAR - [LiDAR.py:36] - INFO - Available ports: <ydlidar.Str2strMap; proxy of <Swig Object of type 'std::map< std::string,std::string > *' at 0x7f8a4d02d0> >
2026-06-20 11:30:20,440 - mazeUtils.moveTile - [moveTile.py:528] - DEBUG - Direction: absDirection.NORTH, Angle: 0, Distance: 144.61346780604683 cm
2026-06-20 11:30:20,442 - mazeUtils.moveTile - [moveTile.py:551] - DEBUG - Front LiDAR distance: 144.61346780604683 cm, TSD10 distance: 106.8 cm
2026-06-20 11:30:20,445 - mazeUtils.moveTile - [moveTile.py:528] - DEBUG - Direction: absDirection.EAST, Angle: 270, Distance: 17.16913648033356 cm
2026-06-20 11:30:20,447 - mazeUtils.moveTile - [moveTile.py:528] - DEBUG - Direction: absDirection.SOUTH, Angle: 180, Distance: 16.517237171097076 cm
2026-06-20 11:30:20,450 - mazeUtils.moveTile - [moveTile.py:528] - DEBUG - Direction: absDirection.WEST, Angle: 90, Distance: 16.78046385243579 cm
2026-06-20 11:30:20,451 - __main__ - [main.py:69] - INFO - Initial Map:
2026-06-20 11:30:20,483 - __main__ - [main.py:70] - INFO - Current position: (20, 20, 0), front direction: absDirection.NORTH
Layer 0 (altitude=0.0cm, offset=(0.0cm, 0.0cm)):
Known map area: x=20..20, y=20..20
+   +
| @ |
+---+
mazeAsGraph[0][20][20] = {absDirection.NORTH: (20, 19, 0, 30), absDirection.EAST: None, absDirection.SOUTH: None, absDirection.WEST: None}
2026-06-20 11:30:20,484 - mazeUtils.mazeMap - [mazeMap.py:61] - INFO - next goal: (20, 19, 0)
2026-06-20 11:30:20,485 - __main__ - [main.py:73] - INFO - Next Direction: [<absDirection.NORTH: 0>]
2026-06-20 11:30:20,487 - __main__ - [main.py:74] - INFO - Exploration started.
2026-06-20 11:30:20,500 - mazeUtils.moveTile - [moveTile.py:79] - DEBUG - Moving to absDirection.NORTH from (20, 20, 0) facing absDirection.NORTH
2026-06-20 11:30:20,526 - mazeUtils.moveTile - [moveTile.py:79] - DEBUG - current heading: 0.03999999999996362 target: 0
2026-06-20 11:30:20,544 - mazeUtils.moveTile - [moveTile.py:403] - DEBUG - stopped turning at heading: 0.03999999999996362, diff: 0.03999999999996362
2026-06-20 11:30:20,588 - mazeUtils.moveTile - [moveTile.py:79] - DEBUG - Turned to heading: 0.05000000000001137 deg
2026-06-20 11:30:20,635 - mazeUtils.moveTile - [moveTile.py:79] - DEBUG - Little backward to adjust position
2026-06-20 11:30:21,141 - picamera2.picamera2 - [picamera2.py:1391] - DEBUG - Execute job: <picamera2.job.Job object at 0x7f46b1f450>
2026-06-20 11:30:21,149 - mazeUtils.device.camera - [camera.py:39] - DEBUG - Average HSV: H=5.0, S=37.2, V=213.8
2026-06-20 11:30:21,184 - mazeUtils.moveTile - [moveTile.py:79] - DEBUG - roll: 359.14000000000004 deg, practicalMoveTime: 0.05122585168893595 sec
2026-06-20 11:30:21,185 - mazeUtils.moveTile - [moveTile.py:1398] - DEBUG - moveTile loop time: 49.0 ms
2026-06-20 11:30:21,190 - picamera2.picamera2 - [picamera2.py:1391] - DEBUG - Execute job: <picamera2.job.Job object at 0x7f46b1f450>
2026-06-20 11:30:21,195 - mazeUtils.device.camera - [camera.py:39] - DEBUG - Average HSV: H=4.7, S=37.6, V=213.6
2026-06-20 11:30:21,224 - mazeUtils.moveTile - [moveTile.py:79] - DEBUG - roll: 359.72 deg, practicalMoveTime: 0.09029050781749387 sec
2026-06-20 11:30:21,224 - mazeUtils.moveTile - [moveTile.py:1398] - DEBUG - moveTile loop time: 39.2 ms
2026-06-20 11:30:21,231 - picamera2.picamera2 - [picamera2.py:1391] - DEBUG - Execute job: <picamera2.job.Job object at 0x7f46b4d5d0>
2026-06-20 11:30:21,234 - mazeUtils.device.camera - [camera.py:39] - DEBUG - Average HSV: H=5.0, S=37.6, V=216.3
2026-06-20 11:30:21,267 - mazeUtils.moveTile - [moveTile.py:79] - DEBUG - roll: 0.35000000000002274 deg, practicalMoveTime: 0.13312685151674294 sec
2026-06-20 11:30:21,268 - mazeUtils.moveTile - [moveTile.py:1398] - DEBUG - moveTile loop time: 43.2 ms
2026-06-20 11:30:21,277 - picamera2.picamera2 - [picamera2.py:1391] - DEBUG - Execute job: <picamera2.job.Job object at 0x7f76da3d50>
2026-06-20 11:30:21,281 - mazeUtils.device.camera - [camera.py:39] - DEBUG - Average HSV: H=32.2, S=42.7, V=199.5
2026-06-20 11:30:21,310 - mazeUtils.moveTile - [moveTile.py:79] - DEBUG - roll: 2.7700000000000387 deg, practicalMoveTime: 0.17485517214041627 sec
2026-06-20 11:30:21,310 - mazeUtils.moveTile - [moveTile.py:1398] - DEBUG - moveTile loop time: 42.2 ms
2026-06-20 11:30:21,317 - picamera2.picamera2 - [picamera2.py:1391] - DEBUG - Execute job: <picamera2.job.Job object at 0x7f65ceacd0>
2026-06-20 11:30:21,320 - mazeUtils.device.camera - [camera.py:39] - DEBUG - Average HSV: H=129.2, S=106.5, V=173.8
2026-06-20 11:30:21,352 - mazeUtils.moveTile - [moveTile.py:79] - DEBUG - roll: 5.080000000000041 deg, practicalMoveTime: 0.21639957462835488 sec
2026-06-20 11:30:21,352 - mazeUtils.moveTile - [moveTile.py:1398] - DEBUG - moveTile loop time: 41.8 ms
2026-06-20 11:30:21,359 - picamera2.picamera2 - [picamera2.py:1391] - DEBUG - Execute job: <picamera2.job.Job object at 0x7f64e1f910>
2026-06-20 11:30:21,362 - mazeUtils.device.camera - [camera.py:39] - DEBUG - Average HSV: H=67.2, S=30.8, V=212.8
2026-06-20 11:30:21,390 - mazeUtils.moveTile - [moveTile.py:79] - DEBUG - roll: 7.840000000000032 deg, practicalMoveTime: 0.2530702048691641 sec
2026-06-20 11:30:21,390 - mazeUtils.moveTile - [moveTile.py:1398] - DEBUG - moveTile loop time: 37.3 ms
2026-06-20 11:30:21,396 - picamera2.picamera2 - [picamera2.py:1391] - DEBUG - Execute job: <picamera2.job.Job object at 0x7f46b1f450>
2026-06-20 11:30:21,399 - mazeUtils.device.camera - [camera.py:39] - DEBUG - Average HSV: H=7.8, S=45.8, V=209.9
2026-06-20 11:30:21,432 - mazeUtils.moveTile - [moveTile.py:79] - DEBUG - roll: 9.770000000000039 deg, practicalMoveTime: 0.29447569611287844 sec
2026-06-20 11:30:21,432 - mazeUtils.moveTile - [moveTile.py:1398] - DEBUG - moveTile loop time: 42.3 ms
2026-06-20 11:30:21,437 - picamera2.picamera2 - [picamera2.py:1391] - DEBUG - Execute job: <picamera2.job.Job object at 0x7f65ceacd0>
2026-06-20 11:30:21,440 - mazeUtils.device.camera - [camera.py:39] - DEBUG - Average HSV: H=7.5, S=44.5, V=211.1
2026-06-20 11:30:21,467 - mazeUtils.moveTile - [moveTile.py:79] - DEBUG - roll: 9.680000000000007 deg, practicalMoveTime: 0.32830716999451603 sec
2026-06-20 11:30:21,467 - mazeUtils.moveTile - [moveTile.py:1398] - DEBUG - moveTile loop time: 34.6 ms
2026-06-20 11:30:21,473 - picamera2.picamera2 - [picamera2.py:1391] - DEBUG - Execute job: <picamera2.job.Job object at 0x7f46b1f450>
2026-06-20 11:30:21,477 - mazeUtils.device.camera - [camera.py:39] - DEBUG - Average HSV: H=7.7, S=45.4, V=210.7
2026-06-20 11:30:21,502 - mazeUtils.moveTile - [moveTile.py:79] - DEBUG - roll: 12.129999999999995 deg, practicalMoveTime: 0.3519691360808373 sec
2026-06-20 11:30:21,502 - mazeUtils.moveTile - [moveTile.py:1398] - DEBUG - moveTile loop time: 34.8 ms
2026-06-20 11:30:21,509 - picamera2.picamera2 - [picamera2.py:1391] - DEBUG - Execute job: <picamera2.job.Job object at 0x7f7dfda4d0>
2026-06-20 11:30:21,513 - mazeUtils.device.camera - [camera.py:39] - DEBUG - Average HSV: H=8.1, S=47.4, V=209.7
2026-06-20 11:30:21,544 - mazeUtils.moveTile - [moveTile.py:79] - DEBUG - roll: 14.330000000000041 deg, practicalMoveTime: 0.3801428333811783 sec
2026-06-20 11:30:21,544 - mazeUtils.moveTile - [moveTile.py:1398] - DEBUG - moveTile loop time: 41.7 ms
2026-06-20 11:30:21,553 - picamera2.picamera2 - [picamera2.py:1391] - DEBUG - Execute job: <picamera2.job.Job object at 0x7f7dfda4d0>
2026-06-20 11:30:21,556 - mazeUtils.device.camera - [camera.py:39] - DEBUG - Average HSV: H=8.8, S=49.9, V=207.3
2026-06-20 11:30:21,584 - mazeUtils.moveTile - [moveTile.py:79] - DEBUG - roll: 18.160000000000025 deg, practicalMoveTime: 0.4063608719283516 sec
2026-06-20 11:30:21,584 - mazeUtils.moveTile - [moveTile.py:1398] - DEBUG - moveTile loop time: 39.6 ms
2026-06-20 11:30:21,588 - picamera2.picamera2 - [picamera2.py:1391] - DEBUG - Execute job: <picamera2.job.Job object at 0x7f7e1d8050>
2026-06-20 11:30:21,591 - mazeUtils.device.camera - [camera.py:39] - DEBUG - Average HSV: H=9.3, S=51.4, V=205.6
2026-06-20 11:30:21,629 - mazeUtils.moveTile - [moveTile.py:79] - DEBUG - roll: 18.650000000000034 deg, practicalMoveTime: 0.436324022115034 sec
2026-06-20 11:30:21,630 - mazeUtils.moveTile - [moveTile.py:1398] - DEBUG - moveTile loop time: 45.5 ms
2026-06-20 11:30:21,634 - picamera2.picamera2 - [picamera2.py:1391] - DEBUG - Execute job: <picamera2.job.Job object at 0x7f64de7050>
2026-06-20 11:30:21,637 - mazeUtils.device.camera - [camera.py:39] - DEBUG - Average HSV: H=31.1, S=46.8, V=205.8
2026-06-20 11:30:21,673 - mazeUtils.moveTile - [moveTile.py:79] - DEBUG - roll: 19.900000000000034 deg, practicalMoveTime: 0.4643544142069331 sec
2026-06-20 11:30:21,673 - mazeUtils.moveTile - [moveTile.py:1398] - DEBUG - moveTile loop time: 42.7 ms
2026-06-20 11:30:21,680 - picamera2.picamera2 - [picamera2.py:1391] - DEBUG - Execute job: <picamera2.job.Job object at 0x7f7e1d8050>
2026-06-20 11:30:21,684 - mazeUtils.device.camera - [camera.py:39] - DEBUG - Average HSV: H=36.2, S=45.6, V=205.0
2026-06-20 11:30:21,713 - mazeUtils.moveTile - [moveTile.py:79] - DEBUG - roll: 19.410000000000025 deg, practicalMoveTime: 0.4906263700114816 sec
2026-06-20 11:30:21,713 - mazeUtils.moveTile - [moveTile.py:1398] - DEBUG - moveTile loop time: 40.0 ms
2026-06-20 11:30:21,722 - picamera2.picamera2 - [picamera2.py:1391] - DEBUG - Execute job: <picamera2.job.Job object at 0x7f64e1f8d0>
2026-06-20 11:30:21,725 - mazeUtils.device.camera - [camera.py:39] - DEBUG - Average HSV: H=8.9, S=49.3, V=207.5
2026-06-20 11:30:21,756 - mazeUtils.moveTile - [moveTile.py:79] - DEBUG - roll: 15.29000000000002 deg, practicalMoveTime: 0.5192830893822692 sec
2026-06-20 11:30:21,756 - mazeUtils.moveTile - [moveTile.py:1398] - DEBUG - moveTile loop time: 42.6 ms
2026-06-20 11:30:21,763 - picamera2.picamera2 - [picamera2.py:1391] - DEBUG - Execute job: <picamera2.job.Job object at 0x7f8a6eafd0>
2026-06-20 11:30:21,767 - mazeUtils.device.camera - [camera.py:39] - DEBUG - Average HSV: H=8.7, S=48.3, V=208.5
2026-06-20 11:30:21,795 - mazeUtils.moveTile - [moveTile.py:79] - DEBUG - roll: 12.090000000000032 deg, practicalMoveTime: 0.5459614376812152 sec
2026-06-20 11:30:21,796 - mazeUtils.moveTile - [moveTile.py:1398] - DEBUG - moveTile loop time: 39.6 ms
2026-06-20 11:30:21,800 - picamera2.picamera2 - [picamera2.py:1391] - DEBUG - Execute job: <picamera2.job.Job object at 0x7f64e1f910>
2026-06-20 11:30:21,803 - mazeUtils.device.camera - [camera.py:39] - DEBUG - Average HSV: H=8.1, S=43.9, V=213.5
2026-06-20 11:30:21,830 - mazeUtils.moveTile - [moveTile.py:79] - DEBUG - roll: 10.550000000000011 deg, practicalMoveTime: 0.5691262376854538 sec
2026-06-20 11:30:21,830 - mazeUtils.moveTile - [moveTile.py:1398] - DEBUG - moveTile loop time: 34.0 ms
2026-06-20 11:30:21,837 - picamera2.picamera2 - [picamera2.py:1391] - DEBUG - Execute job: <picamera2.job.Job object at 0x7f46b1f410>
2026-06-20 11:30:21,842 - mazeUtils.device.camera - [camera.py:39] - DEBUG - Average HSV: H=7.8, S=43.7, V=213.1
2026-06-20 11:30:21,874 - mazeUtils.moveTile - [moveTile.py:79] - DEBUG - roll: 9.25 deg, practicalMoveTime: 0.6125594016546737 sec
2026-06-20 11:30:21,875 - mazeUtils.moveTile - [moveTile.py:1398] - DEBUG - moveTile loop time: 44.5 ms
2026-06-20 11:30:21,881 - picamera2.picamera2 - [picamera2.py:1391] - DEBUG - Execute job: <picamera2.job.Job object at 0x7f7e1d8050>
2026-06-20 11:30:21,884 - mazeUtils.device.camera - [camera.py:39] - DEBUG - Average HSV: H=7.4, S=41.9, V=214.4
2026-06-20 11:30:21,915 - mazeUtils.moveTile - [moveTile.py:79] - DEBUG - roll: 5.900000000000034 deg, practicalMoveTime: 0.6524869239062433 sec
2026-06-20 11:30:21,915 - mazeUtils.moveTile - [moveTile.py:1398] - DEBUG - moveTile loop time: 40.4 ms
2026-06-20 11:30:21,922 - picamera2.picamera2 - [picamera2.py:1391] - DEBUG - Execute job: <picamera2.job.Job object at 0x7f7dfda4d0>
2026-06-20 11:30:21,925 - mazeUtils.device.camera - [camera.py:39] - DEBUG - Average HSV: H=7.0, S=39.7, V=217.0
2026-06-20 11:30:21,955 - mazeUtils.moveTile - [moveTile.py:79] - DEBUG - roll: 2.3100000000000023 deg, practicalMoveTime: 0.6921725608343136 sec
2026-06-20 11:30:21,956 - mazeUtils.moveTile - [moveTile.py:1398] - DEBUG - moveTile loop time: 40.0 ms
2026-06-20 11:30:21,961 - picamera2.picamera2 - [picamera2.py:1391] - DEBUG - Execute job: <picamera2.job.Job object at 0x7f46b1f410>
2026-06-20 11:30:21,964 - mazeUtils.device.camera - [camera.py:39] - DEBUG - Average HSV: H=6.5, S=39.3, V=216.7
2026-06-20 11:30:21,994 - mazeUtils.moveTile - [moveTile.py:79] - DEBUG - roll: 1.6400000000000432 deg, practicalMoveTime: 0.7299867025274693 sec
2026-06-20 11:30:21,994 - mazeUtils.moveTile - [moveTile.py:1398] - DEBUG - moveTile loop time: 38.1 ms
2026-06-20 11:30:22,000 - picamera2.picamera2 - [picamera2.py:1391] - DEBUG - Execute job: <picamera2.job.Job object at 0x7f64e1f910>
2026-06-20 11:30:22,004 - mazeUtils.device.camera - [camera.py:39] - DEBUG - Average HSV: H=7.1, S=40.6, V=216.6
2026-06-20 11:30:22,031 - mazeUtils.moveTile - [moveTile.py:79] - DEBUG - roll: 1.5200000000000387 deg, practicalMoveTime: 0.7666370955279074 sec
2026-06-20 11:30:22,031 - mazeUtils.moveTile - [moveTile.py:1398] - DEBUG - moveTile loop time: 37.1 ms
2026-06-20 11:30:22,035 - picamera2.picamera2 - [picamera2.py:1391] - DEBUG - Execute job: <picamera2.job.Job object at 0x7f65ceacd0>
2026-06-20 11:30:22,039 - mazeUtils.device.camera - [camera.py:39] - DEBUG - Average HSV: H=6.9, S=39.7, V=217.6
2026-06-20 11:30:22,073 - mazeUtils.moveTile - [moveTile.py:79] - DEBUG - roll: 359.95000000000005 deg, practicalMoveTime: 0.8081300187239296 sec
2026-06-20 11:30:22,073 - mazeUtils.moveTile - [moveTile.py:1398] - DEBUG - moveTile loop time: 41.9 ms
2026-06-20 11:30:22,079 - picamera2.picamera2 - [picamera2.py:1391] - DEBUG - Execute job: <picamera2.job.Job object at 0x7f64e1f8d0>
2026-06-20 11:30:22,082 - mazeUtils.device.camera - [camera.py:39] - DEBUG - Average HSV: H=7.0, S=39.3, V=218.2
2026-06-20 11:30:22,113 - mazeUtils.moveTile - [moveTile.py:1344] - INFO - practicalVerticalMove: 3.9766977993940613 CM
2026-06-20 11:30:22,156 - mazeUtils.moveTile - [moveTile.py:1603] - INFO - Set moved vertical distance: 3.9766977993940613 cm, past distances: [(0, False), (0, False), (0, False)]
2026-06-20 11:30:22,243 - mazeUtils.moveTile - [moveTile.py:528] - DEBUG - Direction: absDirection.NORTH, Angle: 0, Distance: 135.83281779583257 cm
2026-06-20 11:30:22,244 - mazeUtils.moveTile - [moveTile.py:551] - DEBUG - Front LiDAR distance: 135.83281779583257 cm, TSD10 distance: 73.9 cm
2026-06-20 11:30:22,244 - mazeUtils.moveTile - [moveTile.py:528] - DEBUG - Direction: absDirection.EAST, Angle: 270, Distance: 15.233472164785448 cm
2026-06-20 11:30:22,245 - mazeUtils.moveTile - [moveTile.py:528] - DEBUG - Direction: absDirection.SOUTH, Angle: 180, Distance: 129.44829829039426 cm
2026-06-20 11:30:22,246 - mazeUtils.moveTile - [moveTile.py:528] - DEBUG - Direction: absDirection.WEST, Angle: 90, Distance: 19.39672824745727 cm
2026-06-20 11:30:22,248 - mazeUtils.moveTile - [moveTile.py:1724] - INFO - Tile color detection counts: {}, decided tile type: E
2026-06-20 11:30:22,310 - __main__ - [main.py:87] - INFO - Current position: (20, 19, 0), front direction: absDirection.NORTH
Layer 0 (altitude=0.0cm, offset=(0.0cm, 0.0cm)):
Known map area: x=20..20, y=19..20
+   +
| @ |
+   +
| S |
+---+
mazeAsGraph[0][19][20] = {absDirection.NORTH: (20, 18, 0, 30), absDirection.EAST: None, absDirection.SOUTH: (20, 20, 0, 30), absDirection.WEST: None}
mazeAsGraph[0][20][20] = {absDirection.NORTH: (20, 19, 0, 30), absDirection.EAST: None, absDirection.SOUTH: None, absDirection.WEST: None}
2026-06-20 11:30:22,315 - mazeUtils.mazeMap - [mazeMap.py:61] - INFO - next goal: (20, 18, 0)
2026-06-20 11:30:22,322 - mazeUtils.moveTile - [moveTile.py:79] - DEBUG - Moving to absDirection.NORTH from (20, 19, 0) facing absDirection.NORTH
2026-06-20 11:30:22,349 - mazeUtils.moveTile - [moveTile.py:79] - DEBUG - current heading: 355.5 target: 0
2026-06-20 11:30:22,368 - mazeUtils.moveTile - [moveTile.py:403] - DEBUG - stopped turning at heading: 355.5, diff: 4.5
2026-06-20 11:30:22,880 - mazeUtils.moveTile - [moveTile.py:79] - DEBUG - Turned to heading: 359.25 deg
2026-06-20 11:30:23,039 - picamera2.picamera2 - [picamera2.py:1391] - DEBUG - Execute job: <picamera2.job.Job object at 0x7f65d6ba90>
2026-06-20 11:30:23,043 - mazeUtils.device.camera - [camera.py:39] - DEBUG - Average HSV: H=15.7, S=39.2, V=215.4
2026-06-20 11:30:23,075 - mazeUtils.moveTile - [moveTile.py:79] - DEBUG - roll: 0.35000000000002274 deg, practicalMoveTime: 0.040308200256827124 sec
2026-06-20 11:30:23,075 - mazeUtils.moveTile - [moveTile.py:1398] - DEBUG - moveTile loop time: 39.9 ms
2026-06-20 11:30:23,080 - picamera2.picamera2 - [picamera2.py:1391] - DEBUG - Execute job: <picamera2.job.Job object at 0x7f7420b810>
2026-06-20 11:30:23,084 - mazeUtils.device.camera - [camera.py:39] - DEBUG - Average HSV: H=22.2, S=37.7, V=216.3
2026-06-20 11:30:23,114 - mazeUtils.moveTile - [moveTile.py:79] - DEBUG - roll: 0.7000000000000455 deg, practicalMoveTime: 0.07871075244340783 sec
2026-06-20 11:30:23,114 - mazeUtils.moveTile - [moveTile.py:1398] - DEBUG - moveTile loop time: 39.0 ms
2026-06-20 11:30:23,122 - picamera2.picamera2 - [picamera2.py:1391] - DEBUG - Execute job: <picamera2.job.Job object at 0x7f7420b810>
2026-06-20 11:30:23,126 - mazeUtils.device.camera - [camera.py:39] - DEBUG - Average HSV: H=44.9, S=33.4, V=220.1
2026-06-20 11:30:23,153 - mazeUtils.moveTile - [moveTile.py:79] - DEBUG - roll: 359.90000000000003 deg, practicalMoveTime: 0.11682333477541107 sec
2026-06-20 11:30:23,153 - mazeUtils.moveTile - [moveTile.py:1398] - DEBUG - moveTile loop time: 37.5 ms
2026-06-20 11:30:23,158 - picamera2.picamera2 - [picamera2.py:1391] - DEBUG - Execute job: <picamera2.job.Job object at 0x7f46b4ecd0>
2026-06-20 11:30:23,162 - mazeUtils.device.camera - [camera.py:39] - DEBUG - Average HSV: H=138.1, S=19.7, V=229.6
2026-06-20 11:30:23,191 - mazeUtils.moveTile - [moveTile.py:79] - DEBUG - roll: 0.5200000000000387 deg, practicalMoveTime: 0.1550707753363377 sec
2026-06-20 11:30:23,192 - mazeUtils.moveTile - [moveTile.py:1398] - DEBUG - moveTile loop time: 38.5 ms
2026-06-20 11:30:23,196 - picamera2.picamera2 - [picamera2.py:1391] - DEBUG - Execute job: <picamera2.job.Job object at 0x7f7420b810>
2026-06-20 11:30:23,199 - mazeUtils.device.camera - [camera.py:39] - DEBUG - Average HSV: H=7.1, S=45.0, V=210.9
2026-06-20 11:30:23,228 - mazeUtils.moveTile - [moveTile.py:79] - DEBUG - roll: 0.22000000000002728 deg, practicalMoveTime: 0.191715440807585 sec
2026-06-20 11:30:23,229 - mazeUtils.moveTile - [moveTile.py:1398] - DEBUG - moveTile loop time: 37.1 ms
2026-06-20 11:30:23,237 - picamera2.picamera2 - [picamera2.py:1391] - DEBUG - Execute job: <picamera2.job.Job object at 0x7f65d6ba90>
2026-06-20 11:30:23,240 - mazeUtils.device.camera - [camera.py:39] - DEBUG - Average HSV: H=6.5, S=40.3, V=214.5
2026-06-20 11:30:23,272 - mazeUtils.moveTile - [moveTile.py:79] - DEBUG - roll: 0.18999999999999773 deg, practicalMoveTime: 0.2343592302315324 sec
2026-06-20 11:30:23,272 - mazeUtils.moveTile - [moveTile.py:1398] - DEBUG - moveTile loop time: 42.8 ms
2026-06-20 11:30:23,278 - picamera2.picamera2 - [picamera2.py:1391] - DEBUG - Execute job: <picamera2.job.Job object at 0x7f46b63090>
2026-06-20 11:30:23,281 - mazeUtils.device.camera - [camera.py:39] - DEBUG - Average HSV: H=6.5, S=41.1, V=214.2
2026-06-20 11:30:23,321 - mazeUtils.moveTile - [moveTile.py:79] - DEBUG - roll: 0.9700000000000273 deg, practicalMoveTime: 0.2834885890193599 sec
2026-06-20 11:30:23,322 - mazeUtils.moveTile - [moveTile.py:1398] - DEBUG - moveTile loop time: 49.5 ms
2026-06-20 11:30:23,328 - picamera2.picamera2 - [picamera2.py:1391] - DEBUG - Execute job: <picamera2.job.Job object at 0x7f46b630d0>
2026-06-20 11:30:23,331 - mazeUtils.device.camera - [camera.py:39] - DEBUG - Average HSV: H=6.5, S=41.7, V=214.0
2026-06-20 11:30:23,358 - mazeUtils.moveTile - [moveTile.py:79] - DEBUG - roll: 0.03000000000002956 deg, practicalMoveTime: 0.3196702723683682 sec
2026-06-20 11:30:23,358 - mazeUtils.moveTile - [moveTile.py:1398] - DEBUG - moveTile loop time: 36.4 ms
2026-06-20 11:30:23,365 - picamera2.picamera2 - [picamera2.py:1391] - DEBUG - Execute job: <picamera2.job.Job object at 0x7f46b63090>
2026-06-20 11:30:23,368 - mazeUtils.device.camera - [camera.py:39] - DEBUG - Average HSV: H=6.3, S=41.1, V=213.7
2026-06-20 11:30:23,398 - mazeUtils.moveTile - [moveTile.py:79] - DEBUG - roll: 0.3900000000000432 deg, practicalMoveTime: 0.35917793827149497 sec
2026-06-20 11:30:23,398 - mazeUtils.moveTile - [moveTile.py:1398] - DEBUG - moveTile loop time: 39.4 ms
2026-06-20 11:30:23,408 - picamera2.picamera2 - [picamera2.py:1391] - DEBUG - Execute job: <picamera2.job.Job object at 0x7f65cef810>
2026-06-20 11:30:23,411 - mazeUtils.device.camera - [camera.py:39] - DEBUG - Average HSV: H=6.0, S=41.6, V=212.1
2026-06-20 11:30:23,442 - mazeUtils.moveTile - [moveTile.py:79] - DEBUG - roll: 0.6899999999999977 deg, practicalMoveTime: 0.40250546562472417 sec
2026-06-20 11:30:23,442 - mazeUtils.moveTile - [moveTile.py:1398] - DEBUG - moveTile loop time: 43.6 ms
2026-06-20 11:30:23,452 - picamera2.picamera2 - [picamera2.py:1391] - DEBUG - Execute job: <picamera2.job.Job object at 0x7f46b4ed50>
2026-06-20 11:30:23,456 - mazeUtils.device.camera - [camera.py:39] - DEBUG - Average HSV: H=48.5, S=33.3, V=215.2
2026-06-20 11:30:23,486 - mazeUtils.moveTile - [moveTile.py:79] - DEBUG - roll: 0.30000000000001137 deg, practicalMoveTime: 0.4466432921350978 sec
2026-06-20 11:30:23,487 - mazeUtils.moveTile - [moveTile.py:1398] - DEBUG - moveTile loop time: 44.3 ms
2026-06-20 11:30:23,493 - picamera2.picamera2 - [picamera2.py:1391] - DEBUG - Execute job: <picamera2.job.Job object at 0x7f7420b810>
2026-06-20 11:30:23,496 - mazeUtils.device.camera - [camera.py:39] - DEBUG - Average HSV: H=142.6, S=21.4, V=229.2
2026-06-20 11:30:23,527 - mazeUtils.moveTile - [moveTile.py:79] - DEBUG - roll: 359.89000000000004 deg, practicalMoveTime: 0.48681865602163027 sec
2026-06-20 11:30:23,527 - mazeUtils.moveTile - [moveTile.py:1398] - DEBUG - moveTile loop time: 40.5 ms
2026-06-20 11:30:23,536 - picamera2.picamera2 - [picamera2.py:1391] - DEBUG - Execute job: <picamera2.job.Job object at 0x7f7420b850>
2026-06-20 11:30:23,539 - mazeUtils.device.camera - [camera.py:39] - DEBUG - Average HSV: H=169.1, S=21.1, V=220.3
2026-06-20 11:30:23,567 - mazeUtils.moveTile - [moveTile.py:79] - DEBUG - roll: 359.72 deg, practicalMoveTime: 0.5259712875553516 sec
2026-06-20 11:30:23,567 - mazeUtils.moveTile - [moveTile.py:1398] - DEBUG - moveTile loop time: 39.4 ms
2026-06-20 11:30:23,572 - picamera2.picamera2 - [picamera2.py:1391] - DEBUG - Execute job: <picamera2.job.Job object at 0x7f46b63090>
2026-06-20 11:30:23,575 - mazeUtils.device.camera - [camera.py:39] - DEBUG - Average HSV: H=169.0, S=21.4, V=219.5
2026-06-20 11:30:23,608 - mazeUtils.moveTile - [moveTile.py:79] - DEBUG - roll: 359.61 deg, practicalMoveTime: 0.5667482645679898 sec
2026-06-20 11:30:23,608 - mazeUtils.moveTile - [moveTile.py:1398] - DEBUG - moveTile loop time: 41.1 ms
2026-06-20 11:30:23,615 - picamera2.picamera2 - [picamera2.py:1391] - DEBUG - Execute job: <picamera2.job.Job object at 0x7f7420b850>
2026-06-20 11:30:23,618 - mazeUtils.device.camera - [camera.py:39] - DEBUG - Average HSV: H=167.6, S=21.4, V=218.1
2026-06-20 11:30:23,643 - mazeUtils.moveTile - [moveTile.py:79] - DEBUG - roll: 359.87 deg, practicalMoveTime: 0.6012003758233858 sec
2026-06-20 11:30:23,644 - mazeUtils.moveTile - [moveTile.py:1398] - DEBUG - moveTile loop time: 34.7 ms
2026-06-20 11:30:23,652 - picamera2.picamera2 - [picamera2.py:1391] - DEBUG - Execute job: <picamera2.job.Job object at 0x7f46b02a90>
2026-06-20 11:30:23,655 - mazeUtils.device.camera - [camera.py:39] - DEBUG - Average HSV: H=166.6, S=21.9, V=216.9
2026-06-20 11:30:23,681 - mazeUtils.moveTile - [moveTile.py:79] - DEBUG - roll: 359.28000000000003 deg, practicalMoveTime: 0.6389302361813447 sec
2026-06-20 11:30:23,682 - mazeUtils.moveTile - [moveTile.py:1398] - DEBUG - moveTile loop time: 38.1 ms
2026-06-20 11:30:23,698 - picamera2.picamera2 - [picamera2.py:1391] - DEBUG - Execute job: <picamera2.job.Job object at 0x7f65d7bdd0>
2026-06-20 11:30:23,701 - mazeUtils.device.camera - [camera.py:39] - DEBUG - Average HSV: H=165.4, S=35.1, V=198.7
2026-06-20 11:30:23,729 - mazeUtils.moveTile - [moveTile.py:79] - DEBUG - roll: 0.12999999999999545 deg, practicalMoveTime: 0.6861951673157484 sec
2026-06-20 11:30:23,730 - mazeUtils.moveTile - [moveTile.py:1398] - DEBUG - moveTile loop time: 47.4 ms
2026-06-20 11:30:23,737 - picamera2.picamera2 - [picamera2.py:1391] - DEBUG - Execute job: <picamera2.job.Job object at 0x7f46b4ecd0>
2026-06-20 11:30:23,740 - mazeUtils.device.camera - [camera.py:39] - DEBUG - Average HSV: H=162.5, S=30.8, V=204.5
2026-06-20 11:30:23,770 - mazeUtils.moveTile - [moveTile.py:79] - DEBUG - roll: 0.29000000000002046 deg, practicalMoveTime: 0.7266456989774717 sec
2026-06-20 11:30:23,771 - mazeUtils.moveTile - [moveTile.py:1398] - DEBUG - moveTile loop time: 40.7 ms
2026-06-20 11:30:23,776 - picamera2.picamera2 - [picamera2.py:1391] - DEBUG - Execute job: <picamera2.job.Job object at 0x7f46b630d0>
2026-06-20 11:30:23,779 - mazeUtils.device.camera - [camera.py:39] - DEBUG - Average HSV: H=161.2, S=20.9, V=217.3
2026-06-20 11:30:23,807 - mazeUtils.moveTile - [moveTile.py:79] - DEBUG - roll: 359.38 deg, practicalMoveTime: 0.7630577134655394 sec
2026-06-20 11:30:23,808 - mazeUtils.moveTile - [moveTile.py:1398] - DEBUG - moveTile loop time: 36.7 ms
2026-06-20 11:30:23,816 - picamera2.picamera2 - [picamera2.py:1391] - DEBUG - Execute job: <picamera2.job.Job object at 0x7f46b02a90>
2026-06-20 11:30:23,820 - mazeUtils.device.camera - [camera.py:39] - DEBUG - Average HSV: H=160.9, S=20.4, V=218.6
2026-06-20 11:30:23,850 - mazeUtils.moveTile - [moveTile.py:79] - DEBUG - roll: 357.32000000000005 deg, practicalMoveTime: 0.8049544354948931 sec
2026-06-20 11:30:23,850 - mazeUtils.moveTile - [moveTile.py:1398] - DEBUG - moveTile loop time: 42.1 ms
2026-06-20 11:30:23,863 - picamera2.picamera2 - [picamera2.py:1391] - DEBUG - Execute job: <picamera2.job.Job object at 0x7f7420b850>
2026-06-20 11:30:23,868 - mazeUtils.device.camera - [camera.py:39] - DEBUG - Average HSV: H=161.6, S=22.3, V=218.1
2026-06-20 11:30:23,907 - mazeUtils.moveTile - [moveTile.py:1344] - INFO - practicalVerticalMove: 0.00034594168959705264 CM
2026-06-20 11:30:23,968 - mazeUtils.moveTile - [moveTile.py:1603] - INFO - Set moved vertical distance: 0.00034594168959705264 cm, past distances: [(3.9766977993940613, False), (0, False), (0, False)]
2026-06-20 11:30:24,018 - mazeUtils.moveTile - [moveTile.py:528] - DEBUG - Direction: absDirection.NORTH, Angle: 0, Distance: 37.52266331289688 cm
2026-06-20 11:30:24,019 - mazeUtils.moveTile - [moveTile.py:539] - DEBUG - Detected no wall at absDirection.NORTH due to high roll angle: 339.75 deg
2026-06-20 11:30:24,020 - mazeUtils.moveTile - [moveTile.py:528] - DEBUG - Direction: absDirection.EAST, Angle: 270, Distance: 16.54317629932039 cm
2026-06-20 11:30:24,020 - mazeUtils.moveTile - [moveTile.py:528] - DEBUG - Direction: absDirection.SOUTH, Angle: 180, Distance: 172.33786737816123 cm
2026-06-20 11:30:24,021 - mazeUtils.moveTile - [moveTile.py:528] - DEBUG - Direction: absDirection.WEST, Angle: 90, Distance: 18.176345403590336 cm
2026-06-20 11:30:24,023 - mazeUtils.moveTile - [moveTile.py:1724] - INFO - Tile color detection counts: {}, decided tile type: E
2026-06-20 11:30:24,084 - __main__ - [main.py:87] - INFO - Current position: (20, 18, 0), front direction: absDirection.NORTH
Layer 0 (altitude=0.0cm, offset=(0.0cm, 0.0cm)):
Known map area: x=20..20, y=18..20
+   +
| @ |
+   +
| E |
+   +
| S |
+---+
mazeAsGraph[0][18][20] = {absDirection.NORTH: (20, 17, 0, 30), absDirection.EAST: None, absDirection.SOUTH: (20, 19, 0, 30), absDirection.WEST: None}
mazeAsGraph[0][19][20] = {absDirection.NORTH: (20, 18, 0, 30), absDirection.EAST: None, absDirection.SOUTH: (20, 20, 0, 30), absDirection.WEST: None}
mazeAsGraph[0][20][20] = {absDirection.NORTH: (20, 19, 0, 30), absDirection.EAST: None, absDirection.SOUTH: None, absDirection.WEST: None}
2026-06-20 11:30:24,089 - mazeUtils.mazeMap - [mazeMap.py:61] - INFO - next goal: (20, 17, 0)
2026-06-20 11:30:24,096 - mazeUtils.moveTile - [moveTile.py:79] - DEBUG - Moving to absDirection.NORTH from (20, 18, 0) facing absDirection.NORTH
2026-06-20 11:30:24,120 - mazeUtils.moveTile - [moveTile.py:79] - DEBUG - current heading: 359.77 target: 0
2026-06-20 11:30:24,140 - mazeUtils.moveTile - [moveTile.py:403] - DEBUG - stopped turning at heading: 359.77, diff: 0.2300000000000182
2026-06-20 11:30:24,183 - mazeUtils.moveTile - [moveTile.py:79] - DEBUG - Turned to heading: 0.16999999999995907 deg
2026-06-20 11:30:24,327 - picamera2.picamera2 - [picamera2.py:1391] - DEBUG - Execute job: <picamera2.job.Job object at 0x7f8a938510>
2026-06-20 11:30:24,332 - mazeUtils.device.camera - [camera.py:39] - DEBUG - Average HSV: H=145.1, S=72.0, V=71.6
2026-06-20 11:30:24,362 - mazeUtils.moveTile - [moveTile.py:79] - DEBUG - roll: 339.87 deg, practicalMoveTime: 0.0413062749179936 sec
2026-06-20 11:30:24,362 - mazeUtils.moveTile - [moveTile.py:1398] - DEBUG - moveTile loop time: 39.0 ms
2026-06-20 11:30:24,368 - picamera2.picamera2 - [picamera2.py:1391] - DEBUG - Execute job: <picamera2.job.Job object at 0x7f7e278a50>
2026-06-20 11:30:24,371 - mazeUtils.device.camera - [camera.py:39] - DEBUG - Average HSV: H=145.0, S=73.5, V=70.4
2026-06-20 11:30:24,411 - mazeUtils.moveTile - [moveTile.py:79] - DEBUG - roll: 339.74 deg, practicalMoveTime: 0.0921298930604276 sec
2026-06-20 11:30:24,412 - mazeUtils.moveTile - [moveTile.py:1398] - DEBUG - moveTile loop time: 49.6 ms
2026-06-20 11:30:24,418 - picamera2.picamera2 - [picamera2.py:1391] - DEBUG - Execute job: <picamera2.job.Job object at 0x7f64e34590>
2026-06-20 11:30:24,422 - mazeUtils.device.camera - [camera.py:39] - DEBUG - Average HSV: H=143.2, S=74.7, V=76.3
2026-06-20 11:30:24,452 - mazeUtils.moveTile - [moveTile.py:79] - DEBUG - roll: 340.43 deg, practicalMoveTime: 0.13335458465673983 sec
2026-06-20 11:30:24,452 - mazeUtils.moveTile - [moveTile.py:1398] - DEBUG - moveTile loop time: 39.9 ms
2026-06-20 11:30:24,459 - picamera2.picamera2 - [picamera2.py:1391] - DEBUG - Execute job: <picamera2.job.Job object at 0x7f64e36f50>
2026-06-20 11:30:24,462 - mazeUtils.device.camera - [camera.py:39] - DEBUG - Average HSV: H=136.2, S=87.1, V=80.7
2026-06-20 11:30:24,502 - mazeUtils.moveTile - [moveTile.py:79] - DEBUG - roll: 341.23 deg, practicalMoveTime: 0.1850299823443854 sec
2026-06-20 11:30:24,503 - mazeUtils.moveTile - [moveTile.py:1398] - DEBUG - moveTile loop time: 50.7 ms
2026-06-20 11:30:24,510 - picamera2.picamera2 - [picamera2.py:1391] - DEBUG - Execute job: <picamera2.job.Job object at 0x7f8a938510>
2026-06-20 11:30:24,513 - mazeUtils.device.camera - [camera.py:39] - DEBUG - Average HSV: H=137.7, S=88.2, V=79.0
2026-06-20 11:30:24,541 - mazeUtils.moveTile - [moveTile.py:79] - DEBUG - roll: 342.56 deg, practicalMoveTime: 0.22473821448648726 sec
2026-06-20 11:30:24,541 - mazeUtils.moveTile - [moveTile.py:1398] - DEBUG - moveTile loop time: 38.0 ms
2026-06-20 11:30:24,547 - picamera2.picamera2 - [picamera2.py:1391] - DEBUG - Execute job: <picamera2.job.Job object at 0x7f46b4f410>
2026-06-20 11:30:24,552 - mazeUtils.device.camera - [camera.py:39] - DEBUG - Average HSV: H=156.5, S=55.6, V=119.5
2026-06-20 11:30:24,582 - mazeUtils.moveTile - [moveTile.py:79] - DEBUG - roll: 345.83000000000004 deg, practicalMoveTime: 0.2678644944306001 sec
2026-06-20 11:30:24,582 - mazeUtils.moveTile - [moveTile.py:1398] - DEBUG - moveTile loop time: 40.8 ms
2026-06-20 11:30:24,586 - picamera2.picamera2 - [picamera2.py:1391] - DEBUG - Execute job: <picamera2.job.Job object at 0x7f65cef810>
2026-06-20 11:30:24,589 - mazeUtils.device.camera - [camera.py:39] - DEBUG - Average HSV: H=165.8, S=32.6, V=184.2
2026-06-20 11:30:24,614 - mazeUtils.moveTile - [moveTile.py:79] - DEBUG - roll: 352.78000000000003 deg, practicalMoveTime: 0.2997825467125418 sec
2026-06-20 11:30:24,615 - mazeUtils.moveTile - [moveTile.py:1398] - DEBUG - moveTile loop time: 32.8 ms
2026-06-20 11:30:24,621 - picamera2.picamera2 - [picamera2.py:1391] - DEBUG - Execute job: <picamera2.job.Job object at 0x7f65db1e90>
2026-06-20 11:30:24,624 - mazeUtils.device.camera - [camera.py:39] - DEBUG - Average HSV: H=167.0, S=27.0, V=200.5
2026-06-20 11:30:24,659 - mazeUtils.moveTile - [moveTile.py:79] - DEBUG - roll: 353.55 deg, practicalMoveTime: 0.3432549574939557 sec
2026-06-20 11:30:24,659 - mazeUtils.moveTile - [moveTile.py:1398] - DEBUG - moveTile loop time: 43.9 ms
2026-06-20 11:30:24,667 - picamera2.picamera2 - [picamera2.py:1391] - DEBUG - Execute job: <picamera2.job.Job object at 0x7f64e34b50>
2026-06-20 11:30:24,670 - mazeUtils.device.camera - [camera.py:39] - DEBUG - Average HSV: H=167.5, S=27.8, V=200.6
2026-06-20 11:30:24,697 - mazeUtils.moveTile - [moveTile.py:79] - DEBUG - roll: 2.170000000000016 deg, practicalMoveTime: 0.38028554436553674 sec
2026-06-20 11:30:24,697 - mazeUtils.moveTile - [moveTile.py:1398] - DEBUG - moveTile loop time: 37.3 ms
2026-06-20 11:30:24,701 - picamera2.picamera2 - [picamera2.py:1391] - DEBUG - Execute job: <picamera2.job.Job object at 0x7f8a938510>
2026-06-20 11:30:24,704 - mazeUtils.device.camera - [camera.py:39] - DEBUG - Average HSV: H=163.5, S=25.3, V=200.6
2026-06-20 11:30:24,734 - mazeUtils.moveTile - [moveTile.py:79] - DEBUG - roll: 3.2200000000000273 deg, practicalMoveTime: 0.41709781349877506 sec
2026-06-20 11:30:24,734 - mazeUtils.moveTile - [moveTile.py:1398] - DEBUG - moveTile loop time: 37.1 ms
2026-06-20 11:30:24,741 - picamera2.picamera2 - [picamera2.py:1391] - DEBUG - Execute job: <picamera2.job.Job object at 0x7f64e34b50>
2026-06-20 11:30:24,744 - mazeUtils.device.camera - [camera.py:39] - DEBUG - Average HSV: H=164.1, S=25.4, V=200.5
2026-06-20 11:30:24,773 - mazeUtils.moveTile - [moveTile.py:79] - DEBUG - roll: 3.640000000000043 deg, practicalMoveTime: 0.4559273271636868 sec
2026-06-20 11:30:24,774 - mazeUtils.moveTile - [moveTile.py:1398] - DEBUG - moveTile loop time: 39.1 ms
2026-06-20 11:30:24,778 - picamera2.picamera2 - [picamera2.py:1391] - DEBUG - Execute job: <picamera2.job.Job object at 0x7f65cef810>
2026-06-20 11:30:24,781 - mazeUtils.device.camera - [camera.py:39] - DEBUG - Average HSV: H=162.3, S=24.8, V=199.2
2026-06-20 11:30:24,808 - mazeUtils.moveTile - [moveTile.py:79] - DEBUG - roll: 1.3799999999999955 deg, practicalMoveTime: 0.49045510193550357 sec
2026-06-20 11:30:24,809 - mazeUtils.moveTile - [moveTile.py:1398] - DEBUG - moveTile loop time: 34.8 ms
2026-06-20 11:30:24,814 - picamera2.picamera2 - [picamera2.py:1391] - DEBUG - Execute job: <picamera2.job.Job object at 0x7f46b4f490>
2026-06-20 11:30:24,817 - mazeUtils.device.camera - [camera.py:39] - DEBUG - Average HSV: H=163.1, S=25.9, V=197.1
2026-06-20 11:30:24,847 - mazeUtils.moveTile - [moveTile.py:79] - DEBUG - roll: 3.240000000000009 deg, practicalMoveTime: 0.5291754684488694 sec
2026-06-20 11:30:24,848 - mazeUtils.moveTile - [moveTile.py:1398] - DEBUG - moveTile loop time: 39.0 ms
2026-06-20 11:30:24,857 - picamera2.picamera2 - [picamera2.py:1391] - DEBUG - Execute job: <picamera2.job.Job object at 0x7f64e36f50>
2026-06-20 11:30:24,860 - mazeUtils.device.camera - [camera.py:39] - DEBUG - Average HSV: H=161.7, S=27.9, V=192.3
2026-06-20 11:30:24,887 - mazeUtils.moveTile - [moveTile.py:79] - DEBUG - roll: 2.930000000000007 deg, practicalMoveTime: 0.5681188046360081 sec
2026-06-20 11:30:24,888 - mazeUtils.moveTile - [moveTile.py:1398] - DEBUG - moveTile loop time: 39.5 ms
2026-06-20 11:30:24,894 - picamera2.picamera2 - [picamera2.py:1391] - DEBUG - Execute job: <picamera2.job.Job object at 0x7f46b4f410>
2026-06-20 11:30:24,898 - mazeUtils.device.camera - [camera.py:39] - DEBUG - Average HSV: H=161.6, S=28.0, V=193.1
2026-06-20 11:30:24,930 - mazeUtils.moveTile - [moveTile.py:79] - DEBUG - roll: 0.20000000000004547 deg, practicalMoveTime: 0.6102015732304563 sec
2026-06-20 11:30:24,930 - mazeUtils.moveTile - [moveTile.py:1398] - DEBUG - moveTile loop time: 42.3 ms
2026-06-20 11:30:24,934 - picamera2.picamera2 - [picamera2.py:1391] - DEBUG - Execute job: <picamera2.job.Job object at 0x7f8a938510>
2026-06-20 11:30:24,938 - mazeUtils.device.camera - [camera.py:39] - DEBUG - Average HSV: H=162.3, S=31.3, V=187.6
2026-06-20 11:30:24,967 - mazeUtils.moveTile - [moveTile.py:79] - DEBUG - roll: 2.6299999999999955 deg, practicalMoveTime: 0.6470053508405378 sec
2026-06-20 11:30:24,968 - mazeUtils.moveTile - [moveTile.py:1398] - DEBUG - moveTile loop time: 37.1 ms
2026-06-20 11:30:24,971 - picamera2.picamera2 - [picamera2.py:1391] - DEBUG - Execute job: <picamera2.job.Job object at 0x7f65db1e90>
2026-06-20 11:30:24,975 - mazeUtils.device.camera - [camera.py:39] - DEBUG - Average HSV: H=158.1, S=29.6, V=186.9
2026-06-20 11:30:25,013 - mazeUtils.moveTile - [moveTile.py:79] - DEBUG - roll: 1.6299999999999955 deg, practicalMoveTime: 0.6923072848132586 sec
2026-06-20 11:30:25,013 - mazeUtils.moveTile - [moveTile.py:1398] - DEBUG - moveTile loop time: 45.5 ms
2026-06-20 11:30:25,020 - picamera2.picamera2 - [picamera2.py:1391] - DEBUG - Execute job: <picamera2.job.Job object at 0x7f46b4f410>
2026-06-20 11:30:25,023 - mazeUtils.device.camera - [camera.py:39] - DEBUG - Average HSV: H=157.3, S=29.6, V=185.9
2026-06-20 11:30:25,055 - mazeUtils.moveTile - [moveTile.py:79] - DEBUG - roll: 0.5900000000000318 deg, practicalMoveTime: 0.7333443374268386 sec
2026-06-20 11:30:25,055 - mazeUtils.moveTile - [moveTile.py:1398] - DEBUG - moveTile loop time: 41.2 ms
2026-06-20 11:30:25,059 - picamera2.picamera2 - [picamera2.py:1391] - DEBUG - Execute job: <picamera2.job.Job object at 0x7f46b4f490>
2026-06-20 11:30:25,062 - mazeUtils.device.camera - [camera.py:39] - DEBUG - Average HSV: H=155.5, S=29.4, V=184.1
2026-06-20 11:30:25,090 - mazeUtils.moveTile - [moveTile.py:79] - DEBUG - roll: 1.7900000000000205 deg, practicalMoveTime: 0.7687253089094201 sec
2026-06-20 11:30:25,091 - mazeUtils.moveTile - [moveTile.py:1398] - DEBUG - moveTile loop time: 35.7 ms
2026-06-20 11:30:25,095 - picamera2.picamera2 - [picamera2.py:1391] - DEBUG - Execute job: <picamera2.job.Job object at 0x7f7420b850>
2026-06-20 11:30:25,098 - mazeUtils.device.camera - [camera.py:39] - DEBUG - Average HSV: H=152.1, S=30.4, V=182.0
2026-06-20 11:30:25,131 - mazeUtils.moveTile - [moveTile.py:79] - DEBUG - roll: 2.0 deg, practicalMoveTime: 0.8090654620780953 sec
2026-06-20 11:30:25,132 - mazeUtils.moveTile - [moveTile.py:1398] - DEBUG - moveTile loop time: 40.9 ms
2026-06-20 11:30:25,137 - picamera2.picamera2 - [picamera2.py:1391] - DEBUG - Execute job: <picamera2.job.Job object at 0x7f65db1e90>
2026-06-20 11:30:25,140 - mazeUtils.device.camera - [camera.py:39] - DEBUG - Average HSV: H=150.5, S=30.6, V=181.9
2026-06-20 11:30:25,167 - mazeUtils.moveTile - [moveTile.py:1344] - INFO - practicalVerticalMove: -3.0529948356871786 CM
2026-06-20 11:30:25,209 - mazeUtils.moveTile - [moveTile.py:1603] - INFO - Set moved vertical distance: -3.0529948356871786 cm, past distances: [(0.00034594168959705264, False), (3.9766977993940613, False), (0, False)]
2026-06-20 11:30:25,234 - mazeUtils.moveTile - [moveTile.py:528] - DEBUG - Direction: absDirection.NORTH, Angle: 0, Distance: 29.16214579733315 cm
2026-06-20 11:30:25,235 - mazeUtils.moveTile - [moveTile.py:551] - DEBUG - Front LiDAR distance: 29.16214579733315 cm, TSD10 distance: 10.4 cm
2026-06-20 11:30:25,235 - mazeUtils.moveTile - [moveTile.py:560] - DEBUG - Detected ramp at absDirection.NORTH due to TSD10 distance: 104 mm
2026-06-20 11:30:25,236 - mazeUtils.moveTile - [moveTile.py:528] - DEBUG - Direction: absDirection.EAST, Angle: 270, Distance: 17.216395102322576 cm
2026-06-20 11:30:25,237 - mazeUtils.moveTile - [moveTile.py:528] - DEBUG - Direction: absDirection.SOUTH, Angle: 180, Distance: 106.85253495125771 cm
2026-06-20 11:30:25,238 - mazeUtils.moveTile - [moveTile.py:528] - DEBUG - Direction: absDirection.WEST, Angle: 90, Distance: 137.07055642770177 cm
2026-06-20 11:30:25,240 - mazeUtils.moveTile - [moveTile.py:1724] - INFO - Tile color detection counts: {}, decided tile type: E
2026-06-20 11:30:25,302 - __main__ - [main.py:87] - INFO - Current position: (20, 17, 0), front direction: absDirection.NORTH
Layer 0 (altitude=0.0cm, offset=(0.0cm, 0.0cm)):
Known map area: x=20..20, y=17..20
+   +
  @ |
+   +
| E |
+   +
| E |
+   +
| S |
+---+
mazeAsGraph[0][17][20] = {absDirection.NORTH: (20, 16, 0, 30), absDirection.EAST: None, absDirection.SOUTH: (20, 18, 0, 30), absDirection.WEST: (19, 17, 0, 30)}
mazeAsGraph[0][18][20] = {absDirection.NORTH: (20, 17, 0, 30), absDirection.EAST: None, absDirection.SOUTH: (20, 19, 0, 30), absDirection.WEST: None}
mazeAsGraph[0][19][20] = {absDirection.NORTH: (20, 18, 0, 30), absDirection.EAST: None, absDirection.SOUTH: (20, 20, 0, 30), absDirection.WEST: None}
mazeAsGraph[0][20][20] = {absDirection.NORTH: (20, 19, 0, 30), absDirection.EAST: None, absDirection.SOUTH: None, absDirection.WEST: None}
2026-06-20 11:30:25,314 - mazeUtils.mazeMap - [mazeMap.py:61] - INFO - next goal: (20, 16, 0)
2026-06-20 11:30:25,327 - mazeUtils.moveTile - [moveTile.py:79] - DEBUG - Moving to absDirection.NORTH from (20, 17, 0) facing absDirection.NORTH
2026-06-20 11:30:25,357 - mazeUtils.moveTile - [moveTile.py:79] - DEBUG - current heading: 1.089999999999975 target: 0
2026-06-20 11:30:25,376 - mazeUtils.moveTile - [moveTile.py:403] - DEBUG - stopped turning at heading: 1.089999999999975, diff: 1.089999999999975
2026-06-20 11:30:25,442 - mazeUtils.moveTile - [moveTile.py:79] - DEBUG - Turned to heading: 0.7400000000000091 deg
2026-06-20 11:30:25,635 - picamera2.picamera2 - [picamera2.py:1391] - DEBUG - Execute job: <picamera2.job.Job object at 0x7f64e29890>
2026-06-20 11:30:25,641 - mazeUtils.device.camera - [camera.py:39] - DEBUG - Average HSV: H=140.8, S=40.6, V=180.4
2026-06-20 11:30:25,673 - mazeUtils.moveTile - [moveTile.py:79] - DEBUG - roll: 0.1500000000000341 deg, practicalMoveTime: 0.04930956154809923 sec
2026-06-20 11:30:25,674 - mazeUtils.moveTile - [moveTile.py:1398] - DEBUG - moveTile loop time: 49.2 ms
2026-06-20 11:30:25,679 - picamera2.picamera2 - [picamera2.py:1391] - DEBUG - Execute job: <picamera2.job.Job object at 0x7f65d6bbd0>
2026-06-20 11:30:25,684 - mazeUtils.device.camera - [camera.py:39] - DEBUG - Average HSV: H=140.7, S=41.0, V=180.0
2026-06-20 11:30:25,714 - mazeUtils.moveTile - [moveTile.py:79] - DEBUG - roll: 0.09000000000003183 deg, practicalMoveTime: 0.08893730311033221 sec
2026-06-20 11:30:25,715 - mazeUtils.moveTile - [moveTile.py:1398] - DEBUG - moveTile loop time: 40.1 ms
2026-06-20 11:30:25,720 - picamera2.picamera2 - [picamera2.py:1391] - DEBUG - Execute job: <picamera2.job.Job object at 0x7f64e2bed0>
2026-06-20 11:30:25,725 - mazeUtils.device.camera - [camera.py:39] - DEBUG - Average HSV: H=138.9, S=44.7, V=177.6
2026-06-20 11:30:25,761 - mazeUtils.moveTile - [moveTile.py:79] - DEBUG - roll: 0.32000000000005 deg, practicalMoveTime: 0.13520909767759573 sec
2026-06-20 11:30:25,762 - mazeUtils.moveTile - [moveTile.py:1398] - DEBUG - moveTile loop time: 47.3 ms
2026-06-20 11:30:25,767 - picamera2.picamera2 - [picamera2.py:1391] - DEBUG - Execute job: <picamera2.job.Job object at 0x7f65d6bbd0>
2026-06-20 11:30:25,772 - mazeUtils.device.camera - [camera.py:39] - DEBUG - Average HSV: H=139.1, S=43.4, V=183.9
2026-06-20 11:30:25,802 - mazeUtils.moveTile - [moveTile.py:79] - DEBUG - roll: 0.57000000000005 deg, practicalMoveTime: 0.1745071178357331 sec
2026-06-20 11:30:25,803 - mazeUtils.moveTile - [moveTile.py:1398] - DEBUG - moveTile loop time: 39.5 ms
2026-06-20 11:30:25,813 - picamera2.picamera2 - [picamera2.py:1391] - DEBUG - Execute job: <picamera2.job.Job object at 0x7f65db1e90>
2026-06-20 11:30:25,818 - mazeUtils.device.camera - [camera.py:39] - DEBUG - Average HSV: H=137.1, S=61.5, V=155.5
2026-06-20 11:30:25,856 - mazeUtils.moveTile - [moveTile.py:79] - DEBUG - roll: 0.040000000000020464 deg, practicalMoveTime: 0.22754832462121377 sec
2026-06-20 11:30:25,857 - mazeUtils.moveTile - [moveTile.py:1398] - DEBUG - moveTile loop time: 53.5 ms
2026-06-20 11:30:25,863 - picamera2.picamera2 - [picamera2.py:1391] - DEBUG - Execute job: <picamera2.job.Job object at 0x7f65d6bbd0>
2026-06-20 11:30:25,867 - mazeUtils.device.camera - [camera.py:39] - DEBUG - Average HSV: H=126.0, S=104.6, V=126.8
2026-06-20 11:30:25,899 - mazeUtils.moveTile - [moveTile.py:79] - DEBUG - roll: 1.400000000000034 deg, practicalMoveTime: 0.2699517587168375 sec
2026-06-20 11:30:25,900 - mazeUtils.moveTile - [moveTile.py:1398] - DEBUG - moveTile loop time: 42.9 ms
2026-06-20 11:30:25,906 - picamera2.picamera2 - [picamera2.py:1391] - DEBUG - Execute job: <picamera2.job.Job object at 0x7f65d7bdd0>
2026-06-20 11:30:25,910 - mazeUtils.device.camera - [camera.py:39] - DEBUG - Average HSV: H=126.2, S=102.3, V=128.1
2026-06-20 11:30:25,981 - mazeUtils.moveTile - [moveTile.py:79] - DEBUG - Little forward to adjust position
2026-06-20 11:30:30,702 - mazeUtils.moveTile - [moveTile.py:1603] - INFO - Set moved vertical distance: 0.07177816861734518 cm, past distances: [(-3.0529948356871786, False), (0.00034594168959705264, False), (3.9766977993940613, False)]
2026-06-20 11:30:30,799 - mazeUtils.moveTile - [moveTile.py:528] - DEBUG - Direction: absDirection.NORTH, Angle: 0, Distance: 13.308054831831912 cm
2026-06-20 11:30:30,800 - mazeUtils.moveTile - [moveTile.py:551] - DEBUG - Front LiDAR distance: 13.308054831831912 cm, TSD10 distance: 2.3 cm
2026-06-20 11:30:30,801 - mazeUtils.moveTile - [moveTile.py:528] - DEBUG - Direction: absDirection.EAST, Angle: 270, Distance: 61.812834709753055 cm
2026-06-20 11:30:30,801 - mazeUtils.moveTile - [moveTile.py:528] - DEBUG - Direction: absDirection.SOUTH, Angle: 180, Distance: 170.0106216721774 cm
2026-06-20 11:30:30,802 - mazeUtils.moveTile - [moveTile.py:528] - DEBUG - Direction: absDirection.WEST, Angle: 90, Distance: 68.9928902258572 cm
2026-06-20 11:30:30,804 - mazeUtils.moveTile - [moveTile.py:1724] - INFO - Tile color detection counts: {}, decided tile type: B
2026-06-20 11:30:30,867 - __main__ - [main.py:87] - INFO - Current position: (20, 16, 0), front direction: absDirection.NORTH
Layer 0 (altitude=0.0cm, offset=(0.0cm, 0.0cm)):
Known map area: x=20..20, y=16..20
+---+
  @  
+   +
  E |
+   +
| E |
+   +
| E |
+   +
| S |
+---+
mazeAsGraph[0][16][20] = {absDirection.NORTH: None, absDirection.EAST: (21, 16, 0, 30), absDirection.SOUTH: (20, 17, 0, 30), absDirection.WEST: (19, 16, 0, 30)}
mazeAsGraph[0][17][20] = {absDirection.NORTH: (20, 16, 0, 30), absDirection.EAST: None, absDirection.SOUTH: (20, 18, 0, 30), absDirection.WEST: (19, 17, 0, 30)}
mazeAsGraph[0][18][20] = {absDirection.NORTH: (20, 17, 0, 30), absDirection.EAST: None, absDirection.SOUTH: (20, 19, 0, 30), absDirection.WEST: None}
mazeAsGraph[0][19][20] = {absDirection.NORTH: (20, 18, 0, 30), absDirection.EAST: None, absDirection.SOUTH: (20, 20, 0, 30), absDirection.WEST: None}
mazeAsGraph[0][20][20] = {absDirection.NORTH: (20, 19, 0, 30), absDirection.EAST: None, absDirection.SOUTH: None, absDirection.WEST: None}
2026-06-20 11:30:30,879 - mazeUtils.mazeMap - [mazeMap.py:61] - INFO - next goal: (21, 16, 0)
2026-06-20 11:30:30,890 - mazeUtils.moveTile - [moveTile.py:79] - DEBUG - Moving to absDirection.EAST from (20, 16, 0) facing absDirection.NORTH
2026-06-20 11:30:30,895 - mazeUtils.moveTile - [moveTile.py:79] - DEBUG - Turning to 270 deg, current heading: 2.7799999999999727 deg, turnAngle: 92.77999999999997 deg
2026-06-20 11:30:30,921 - mazeUtils.moveTile - [moveTile.py:79] - DEBUG - gyro:2.759999999999991 deg, derivative: -0.01999999999998181, turnSpeed: 100
2026-06-20 11:30:30,946 - mazeUtils.moveTile - [moveTile.py:79] - DEBUG - gyro:2.599999999999966 deg, derivative: -0.160000000000025, turnSpeed: 100
2026-06-20 11:30:30,976 - mazeUtils.moveTile - [moveTile.py:79] - DEBUG - gyro:2.1399999999999864 deg, derivative: -0.45999999999997954, turnSpeed: 100
2026-06-20 11:30:31,000 - mazeUtils.moveTile - [moveTile.py:79] - DEBUG - gyro:2.0600000000000023 deg, derivative: -0.07999999999998408, turnSpeed: 100
2026-06-20 11:30:31,028 - mazeUtils.moveTile - [moveTile.py:79] - DEBUG - gyro:1.589999999999975 deg, derivative: -0.4700000000000273, turnSpeed: 100
2026-06-20 11:30:31,055 - mazeUtils.moveTile - [moveTile.py:79] - DEBUG - gyro:358.47999999999996 deg, derivative: -3.1100000000000136, turnSpeed: 100
2026-06-20 11:30:31,079 - mazeUtils.moveTile - [moveTile.py:79] - DEBUG - gyro:353.28999999999996 deg, derivative: -5.189999999999998, turnSpeed: 100
2026-06-20 11:30:31,107 - mazeUtils.moveTile - [moveTile.py:79] - DEBUG - gyro:349.72999999999996 deg, derivative: -3.5600000000000023, turnSpeed: 100
2026-06-20 11:30:31,129 - mazeUtils.moveTile - [moveTile.py:79] - DEBUG - gyro:345.49 deg, derivative: -4.239999999999952, turnSpeed: 100
2026-06-20 11:30:31,153 - mazeUtils.moveTile - [moveTile.py:79] - DEBUG - gyro:341.60999999999996 deg, derivative: -3.8800000000000523, turnSpeed: 100
2026-06-20 11:30:31,181 - mazeUtils.moveTile - [moveTile.py:79] - DEBUG - gyro:337.89 deg, derivative: -3.7199999999999704, turnSpeed: 100
2026-06-20 11:30:31,206 - mazeUtils.moveTile - [moveTile.py:79] - DEBUG - gyro:335.53999999999996 deg, derivative: -2.3500000000000227, turnSpeed: 100
2026-06-20 11:30:31,228 - mazeUtils.moveTile - [moveTile.py:79] - DEBUG - gyro:332.35999999999996 deg, derivative: -3.180000000000007, turnSpeed: 100
2026-06-20 11:30:31,251 - mazeUtils.moveTile - [moveTile.py:79] - DEBUG - gyro:329.71999999999997 deg, derivative: -2.6399999999999864, turnSpeed: 100
2026-06-20 11:30:31,279 - mazeUtils.moveTile - [moveTile.py:79] - DEBUG - gyro:326.74 deg, derivative: -2.9799999999999613, turnSpeed: 100
2026-06-20 11:30:31,303 - mazeUtils.moveTile - [moveTile.py:79] - DEBUG - gyro:324.46999999999997 deg, derivative: -2.2700000000000387, turnSpeed: 100
2026-06-20 11:30:31,326 - mazeUtils.moveTile - [moveTile.py:79] - DEBUG - gyro:321.2 deg, derivative: -3.269999999999982, turnSpeed: 100
2026-06-20 11:30:31,350 - mazeUtils.moveTile - [moveTile.py:79] - DEBUG - gyro:317.99 deg, derivative: -3.2099999999999795, turnSpeed: 95.98000000000002
2026-06-20 11:30:31,381 - mazeUtils.moveTile - [moveTile.py:79] - DEBUG - gyro:315.53 deg, derivative: -2.4600000000000364, turnSpeed: 91.05999999999995
2026-06-20 11:30:31,405 - mazeUtils.moveTile - [moveTile.py:79] - DEBUG - gyro:311.07 deg, derivative: -4.4599999999999795, turnSpeed: 82.13999999999999
2026-06-20 11:30:31,429 - mazeUtils.moveTile - [moveTile.py:79] - DEBUG - gyro:308.0 deg, derivative: -3.069999999999993, turnSpeed: 76.0
2026-06-20 11:30:31,456 - mazeUtils.moveTile - [moveTile.py:79] - DEBUG - gyro:305.13 deg, derivative: -2.8700000000000045, turnSpeed: 70.25999999999999
2026-06-20 11:30:31,481 - mazeUtils.moveTile - [moveTile.py:79] - DEBUG - gyro:302.71 deg, derivative: -2.420000000000016, turnSpeed: 65.41999999999996
2026-06-20 11:30:31,508 - mazeUtils.moveTile - [moveTile.py:79] - DEBUG - gyro:300.72999999999996 deg, derivative: -1.9800000000000182, turnSpeed: 61.45999999999992
2026-06-20 11:30:31,533 - mazeUtils.moveTile - [moveTile.py:79] - DEBUG - gyro:298.53 deg, derivative: -2.1999999999999886, turnSpeed: 57.059999999999945
2026-06-20 11:30:31,557 - mazeUtils.moveTile - [moveTile.py:79] - DEBUG - gyro:296.77 deg, derivative: -1.759999999999991, turnSpeed: 53.539999999999964
2026-06-20 11:30:31,580 - mazeUtils.moveTile - [moveTile.py:79] - DEBUG - gyro:294.96999999999997 deg, derivative: -1.8000000000000114, turnSpeed: 49.93999999999994
2026-06-20 11:30:31,606 - mazeUtils.moveTile - [moveTile.py:79] - DEBUG - gyro:293.03999999999996 deg, derivative: -1.9300000000000068, turnSpeed: 46.07999999999993
2026-06-20 11:30:31,629 - mazeUtils.moveTile - [moveTile.py:79] - DEBUG - gyro:291.35999999999996 deg, derivative: -1.6800000000000068, turnSpeed: 42.719999999999914
2026-06-20 11:30:31,655 - mazeUtils.moveTile - [moveTile.py:79] - DEBUG - gyro:289.56 deg, derivative: -1.7999999999999545, turnSpeed: 39.120000000000005
2026-06-20 11:30:31,679 - mazeUtils.moveTile - [moveTile.py:79] - DEBUG - gyro:287.85999999999996 deg, derivative: -1.7000000000000455, turnSpeed: 35.719999999999914
2026-06-20 11:30:31,704 - mazeUtils.moveTile - [moveTile.py:79] - DEBUG - gyro:286.02 deg, derivative: -1.839999999999975, turnSpeed: 32.039999999999964
2026-06-20 11:30:31,732 - mazeUtils.moveTile - [moveTile.py:79] - DEBUG - gyro:284.84 deg, derivative: -1.1800000000000068, turnSpeed: 29.67999999999995
2026-06-20 11:30:31,755 - mazeUtils.moveTile - [moveTile.py:79] - DEBUG - gyro:283.25 deg, derivative: -1.589999999999975, turnSpeed: 26.5
2026-06-20 11:30:31,787 - mazeUtils.moveTile - [moveTile.py:79] - DEBUG - gyro:282.26 deg, derivative: -0.9900000000000091, turnSpeed: 24.519999999999982
2026-06-20 11:30:31,816 - mazeUtils.moveTile - [moveTile.py:79] - DEBUG - gyro:281.15 deg, derivative: -1.1100000000000136, turnSpeed: 22.299999999999955
2026-06-20 11:30:31,840 - mazeUtils.moveTile - [moveTile.py:79] - DEBUG - gyro:279.91999999999996 deg, derivative: -1.2300000000000182, turnSpeed: 19.839999999999918
2026-06-20 11:30:31,868 - mazeUtils.moveTile - [moveTile.py:79] - DEBUG - gyro:278.9 deg, derivative: -1.0199999999999818, turnSpeed: 17.799999999999955
2026-06-20 11:30:31,892 - mazeUtils.moveTile - [moveTile.py:79] - DEBUG - gyro:278.14 deg, derivative: -0.7599999999999909, turnSpeed: 16.279999999999973
2026-06-20 11:30:31,916 - mazeUtils.moveTile - [moveTile.py:79] - DEBUG - gyro:276.94 deg, derivative: -1.1999999999999886, turnSpeed: 13.879999999999995
2026-06-20 11:30:31,945 - mazeUtils.moveTile - [moveTile.py:79] - DEBUG - gyro:276.15 deg, derivative: -0.7900000000000205, turnSpeed: 12.299999999999955
2026-06-20 11:30:31,968 - mazeUtils.moveTile - [moveTile.py:79] - DEBUG - gyro:275.8 deg, derivative: -0.3499999999999659, turnSpeed: 11.600000000000023
2026-06-20 11:30:31,994 - mazeUtils.moveTile - [moveTile.py:79] - DEBUG - gyro:275.5 deg, derivative: -0.30000000000001137, turnSpeed: 11.0
2026-06-20 11:30:32,017 - mazeUtils.moveTile - [moveTile.py:79] - DEBUG - gyro:275.21999999999997 deg, derivative: -0.28000000000002956, turnSpeed: 10.43999999999994
2026-06-20 11:30:32,047 - mazeUtils.moveTile - [moveTile.py:79] - DEBUG - gyro:275.01 deg, derivative: -0.20999999999997954, turnSpeed: 10.019999999999982
2026-06-20 11:30:32,071 - mazeUtils.moveTile - [moveTile.py:79] - DEBUG - gyro:274.59999999999997 deg, derivative: -0.410000000000025, turnSpeed: 9.199999999999932
2026-06-20 11:30:32,096 - mazeUtils.moveTile - [moveTile.py:79] - DEBUG - gyro:274.06 deg, derivative: -0.5399999999999636, turnSpeed: 8.120000000000005
2026-06-20 11:30:32,120 - mazeUtils.moveTile - [moveTile.py:79] - DEBUG - gyro:273.55 deg, derivative: -0.5099999999999909, turnSpeed: 7.100000000000023
2026-06-20 11:30:32,145 - mazeUtils.moveTile - [moveTile.py:79] - DEBUG - gyro:273.27 deg, derivative: -0.28000000000002956, turnSpeed: 6.539999999999964
2026-06-20 11:30:32,174 - mazeUtils.moveTile - [moveTile.py:79] - DEBUG - gyro:273.06 deg, derivative: -0.20999999999997954, turnSpeed: 6.1200000000000045
2026-06-20 11:30:32,196 - mazeUtils.moveTile - [moveTile.py:79] - DEBUG - gyro:272.84999999999997 deg, derivative: -0.21000000000003638, turnSpeed: 5.699999999999932
2026-06-20 11:30:32,220 - mazeUtils.moveTile - [moveTile.py:79] - DEBUG - gyro:272.69 deg, derivative: -0.15999999999996817, turnSpeed: 5.3799999999999955
2026-06-20 11:30:32,245 - mazeUtils.moveTile - [moveTile.py:79] - DEBUG - gyro:272.53999999999996 deg, derivative: -0.1500000000000341, turnSpeed: 5.079999999999927
2026-06-20 11:30:32,274 - mazeUtils.moveTile - [moveTile.py:79] - DEBUG - gyro:272.34 deg, derivative: -0.19999999999998863, turnSpeed: 4.67999999999995
2026-06-20 11:30:32,302 - mazeUtils.moveTile - [moveTile.py:79] - DEBUG - gyro:272.16999999999996 deg, derivative: -0.17000000000001592, turnSpeed: 4.339999999999918
2026-06-20 11:30:32,333 - mazeUtils.moveTile - [moveTile.py:79] - DEBUG - gyro:271.99 deg, derivative: -0.17999999999994998, turnSpeed: 3.980000000000018
2026-06-20 11:30:32,359 - mazeUtils.moveTile - [moveTile.py:79] - DEBUG - gyro:271.83 deg, derivative: -0.160000000000025, turnSpeed: 3.659999999999968
2026-06-20 11:30:32,383 - mazeUtils.moveTile - [moveTile.py:79] - DEBUG - gyro:271.68 deg, derivative: -0.14999999999997726, turnSpeed: 3.3600000000000136
2026-06-20 11:30:32,406 - mazeUtils.moveTile - [moveTile.py:79] - DEBUG - gyro:271.56 deg, derivative: -0.12000000000000455, turnSpeed: 3.1200000000000045
2026-06-20 11:30:32,431 - mazeUtils.moveTile - [moveTile.py:79] - DEBUG - gyro:271.49 deg, derivative: -0.06999999999999318, turnSpeed: 2.980000000000018
2026-06-20 11:30:32,459 - mazeUtils.moveTile - [moveTile.py:79] - DEBUG - gyro:271.4 deg, derivative: -0.09000000000003183, turnSpeed: 2.7999999999999545
2026-06-20 11:30:32,487 - mazeUtils.moveTile - [moveTile.py:79] - DEBUG - gyro:271.28 deg, derivative: -0.12000000000000455, turnSpeed: 2.5599999999999454
2026-06-20 11:30:32,518 - mazeUtils.moveTile - [moveTile.py:79] - DEBUG - gyro:271.16999999999996 deg, derivative: -0.11000000000001364, turnSpeed: 2.339999999999918
2026-06-20 11:30:32,534 - __main__ - [main.py:147] - INFO - Program interrupted by user.
2026-06-20 11:30:33,604 - mazeUtils.device.stm - [stm.py:216] - DEBUG - ACK resynchronized: type=STS_MOTOR dropped=3B seq=41
2026-06-20 11:30:34,114 - picamera2.picamera2 - [picamera2.py:1391] - DEBUG - Execute job: <picamera2.job.Job object at 0x7f8a786e90>
2026-06-20 11:30:34,130 - picamera2.picamera2 - [picamera2.py:1323] - INFO - Camera stopped
2026-06-20 11:30:34,131 - picamera2.picamera2 - [picamera2.py:1329] - DEBUG - Camera was not started
2026-06-20 11:30:34,333 - picamera2.picamera2 - [picamera2.py:723] - INFO - Camera closed successfully.
2026-06-20 11:30:34,504 - picamera2.picamera2 - [picamera2.py:500] - DEBUG - Resources now free: <picamera2.picamera2.Picamera2 object at 0x7f76d51b90>
