2026-07-02 20:29:33,882 - root - [logging_config.py:61] - INFO - Logging initialized. Log file: /home/tuton/Kanto2026RPi/src/config/../logs/robot_20260702_202928.log
2026-07-02 20:29:35,826 - mazeUtils.device.LiDAR - [LiDAR.py:80] - INFO - Available ports: <ydlidar.Str2strMap; proxy of <Swig Object of type 'std::map< std::string,std::string > *' at 0x7f787082d0> >
2026-07-02 20:29:44,580 - mazeUtils.device.stm - [stm.py:134] - ERROR - Timeout while searching valid frame: elapsed=0.500s timeout=0.500s seq=39 buffered=0B dropped=0B tail=
2026-07-02 20:29:44,583 - mazeUtils.device.stm - [stm.py:709] - ERROR - update failed: requestSensorValues returned None
2026-07-02 20:29:44,584 - __main__ - [main.py:65] - WARNING - STM update failed. Retrying...
2026-07-02 20:29:45,187 - mazeUtils.device.stm - [stm.py:134] - ERROR - Timeout while searching valid frame: elapsed=0.500s timeout=0.500s seq=40 buffered=0B dropped=0B tail=
2026-07-02 20:29:45,188 - mazeUtils.device.stm - [stm.py:709] - ERROR - update failed: requestSensorValues returned None
2026-07-02 20:29:45,189 - __main__ - [main.py:65] - WARNING - STM update failed. Retrying...
2026-07-02 20:29:45,791 - mazeUtils.device.stm - [stm.py:134] - ERROR - Timeout while searching valid frame: elapsed=0.500s timeout=0.500s seq=41 buffered=0B dropped=0B tail=
2026-07-02 20:29:45,792 - mazeUtils.device.stm - [stm.py:709] - ERROR - update failed: requestSensorValues returned None
2026-07-02 20:29:45,793 - __main__ - [main.py:65] - WARNING - STM update failed. Retrying...
2026-07-02 20:29:46,394 - mazeUtils.device.stm - [stm.py:134] - ERROR - Timeout while searching valid frame: elapsed=0.501s timeout=0.500s seq=42 buffered=0B dropped=0B tail=
2026-07-02 20:29:46,395 - mazeUtils.device.stm - [stm.py:709] - ERROR - update failed: requestSensorValues returned None
2026-07-02 20:29:46,396 - __main__ - [main.py:65] - WARNING - STM update failed. Retrying...
2026-07-02 20:29:46,998 - mazeUtils.device.stm - [stm.py:134] - ERROR - Timeout while searching valid frame: elapsed=0.501s timeout=0.500s seq=43 buffered=0B dropped=0B tail=
2026-07-02 20:29:47,000 - mazeUtils.device.stm - [stm.py:709] - ERROR - update failed: requestSensorValues returned None
2026-07-02 20:29:47,002 - __main__ - [main.py:65] - WARNING - STM update failed. Retrying...
2026-07-02 20:29:47,604 - mazeUtils.device.stm - [stm.py:134] - ERROR - Timeout while searching valid frame: elapsed=0.501s timeout=0.500s seq=44 buffered=0B dropped=0B tail=
2026-07-02 20:29:47,606 - mazeUtils.device.stm - [stm.py:709] - ERROR - update failed: requestSensorValues returned None
2026-07-02 20:29:47,606 - __main__ - [main.py:65] - WARNING - STM update failed. Retrying...
2026-07-02 20:29:48,208 - mazeUtils.device.stm - [stm.py:134] - ERROR - Timeout while searching valid frame: elapsed=0.500s timeout=0.500s seq=45 buffered=0B dropped=0B tail=
2026-07-02 20:29:48,210 - mazeUtils.device.stm - [stm.py:709] - ERROR - update failed: requestSensorValues returned None
2026-07-02 20:29:48,211 - __main__ - [main.py:65] - WARNING - STM update failed. Retrying...
2026-07-02 20:29:48,813 - mazeUtils.device.stm - [stm.py:134] - ERROR - Timeout while searching valid frame: elapsed=0.501s timeout=0.500s seq=46 buffered=0B dropped=0B tail=
2026-07-02 20:29:48,815 - mazeUtils.device.stm - [stm.py:709] - ERROR - update failed: requestSensorValues returned None
2026-07-02 20:29:48,815 - __main__ - [main.py:65] - WARNING - STM update failed. Retrying...
2026-07-02 20:29:49,418 - mazeUtils.device.stm - [stm.py:134] - ERROR - Timeout while searching valid frame: elapsed=0.501s timeout=0.500s seq=47 buffered=0B dropped=0B tail=
2026-07-02 20:29:49,419 - mazeUtils.device.stm - [stm.py:709] - ERROR - update failed: requestSensorValues returned None
2026-07-02 20:29:49,420 - __main__ - [main.py:65] - WARNING - STM update failed. Retrying...
2026-07-02 20:29:50,023 - mazeUtils.device.stm - [stm.py:134] - ERROR - Timeout while searching valid frame: elapsed=0.501s timeout=0.500s seq=48 buffered=0B dropped=0B tail=
2026-07-02 20:29:50,025 - mazeUtils.device.stm - [stm.py:709] - ERROR - update failed: requestSensorValues returned None
2026-07-02 20:29:50,025 - __main__ - [main.py:65] - WARNING - STM update failed. Retrying...
2026-07-02 20:29:50,628 - mazeUtils.device.stm - [stm.py:134] - ERROR - Timeout while searching valid frame: elapsed=0.501s timeout=0.500s seq=49 buffered=0B dropped=0B tail=
2026-07-02 20:29:50,630 - mazeUtils.device.stm - [stm.py:709] - ERROR - update failed: requestSensorValues returned None
2026-07-02 20:29:50,631 - __main__ - [main.py:65] - WARNING - STM update failed. Retrying...
2026-07-02 20:30:02,733 - mazeUtils.moveTile - [moveTile.py:556] - DEBUG - overwrite the wall data
2026-07-02 20:30:02,754 - mazeUtils.moveTile - [moveTile.py:570] - DEBUG - Direction: absDirection.NORTH, Angle: 0, Distance: 171.71247707567164 cm
2026-07-02 20:30:02,756 - mazeUtils.moveTile - [moveTile.py:580] - INFO - angle: 0, result: judgeWallResult.LEFT_OBSTACLE
2026-07-02 20:30:02,757 - mazeUtils.moveTile - [moveTile.py:570] - DEBUG - Direction: absDirection.EAST, Angle: 270, Distance: 53.172205059647716 cm
2026-07-02 20:30:02,759 - mazeUtils.moveTile - [moveTile.py:570] - DEBUG - Direction: absDirection.SOUTH, Angle: 180, Distance: 124.39999389648438 cm
2026-07-02 20:30:02,760 - mazeUtils.moveTile - [moveTile.py:570] - DEBUG - Direction: absDirection.WEST, Angle: 90, Distance: 27.183431257394094 cm
2026-07-02 20:30:02,761 - __main__ - [main.py:78] - INFO - Initial Map:
2026-07-02 20:30:02,786 - __main__ - [main.py:79] - INFO - Current position: (20, 20, 0), front direction: absDirection.NORTH
Layer 0 (altitude=0.0cm, offset=(0.0cm, 0.0cm)):
Known map area: x=20..20, y=20..20
+   +
| @  
+   +
2026-07-02 20:30:03,755 - mazeUtils.mazeMap - [mazeMap.py:61] - INFO - next goal: (20, 19, 0)
2026-07-02 20:30:03,757 - __main__ - [main.py:85] - INFO - Next Direction: [<absDirection.NORTH: 0>]
2026-07-02 20:30:03,758 - __main__ - [main.py:86] - INFO - Exploration started.
2026-07-02 20:30:03,759 - mazeUtils.mazeMap - [mazeMap.py:61] - INFO - next goal: (20, 20, 0)
2026-07-02 20:30:03,761 - mazeUtils.moveTile - [moveTile.py:88] - DEBUG - [1044.028624] moveTile start direction=absDirection.NORTH position=(20, 20, 0) front=absDirection.NORTH
2026-07-02 20:30:03,766 - mazeUtils.moveTile - [moveTile.py:90] - DEBUG - [1044.033823] moveTile after initial toggle check (+5.2 ms)
2026-07-02 20:30:03,769 - mazeUtils.moveTile - [moveTile.py:90] - DEBUG - [1044.036856] moveTile after tile checks isRedTile=False isUnknownTileAhead=True (+3.0 ms)
2026-07-02 20:30:03,770 - mazeUtils.moveTile - [moveTile.py:79] - DEBUG - Moving to absDirection.NORTH from (20, 20, 0) facing absDirection.NORTH
2026-07-02 20:30:03,770 - mazeUtils.moveTile - [moveTile.py:90] - DEBUG - [1044.038051] moveTile start heading change target=0 (+1.2 ms)
2026-07-02 20:30:03,801 - mazeUtils.moveTile - [moveTile.py:79] - DEBUG - current heading: 359.99 target: 0
2026-07-02 20:30:03,825 - mazeUtils.moveTile - [moveTile.py:441] - DEBUG - stopped turning at heading: 359.99, diff: 0.009999999999990905
2026-07-02 20:30:03,876 - mazeUtils.moveTile - [moveTile.py:79] - DEBUG - Turned to heading: 359.99 deg
2026-07-02 20:30:03,878 - mazeUtils.moveTile - [moveTile.py:90] - DEBUG - [1044.145285] moveTile finished heading change (+107.2 ms)
2026-07-02 20:30:03,878 - mazeUtils.moveTile - [moveTile.py:90] - DEBUG - [1044.146215] Adjustment after ramp completed (+0.9 ms)
2026-07-02 20:30:03,879 - mazeUtils.moveTile - [moveTile.py:90] - DEBUG - [1044.147062] moveTile updated front direction (+0.8 ms)
2026-07-02 20:30:03,906 - mazeUtils.moveTile - [moveTile.py:90] - DEBUG - [1044.173573] moveTile stopped motors before alignment (+26.5 ms)
2026-07-02 20:30:04,063 - mazeUtils.moveTile - [moveTile.py:570] - DEBUG - Direction: absDirection.NORTH, Angle: 0, Distance: 222.46808042164204 cm
2026-07-02 20:30:04,068 - mazeUtils.moveTile - [moveTile.py:570] - DEBUG - Direction: absDirection.EAST, Angle: 270, Distance: 52.978145174115625 cm
2026-07-02 20:30:04,070 - mazeUtils.moveTile - [moveTile.py:570] - DEBUG - Direction: absDirection.SOUTH, Angle: 180, Distance: 124.58102891907238 cm
2026-07-02 20:30:04,071 - mazeUtils.moveTile - [moveTile.py:570] - DEBUG - Direction: absDirection.WEST, Angle: 90, Distance: 26.883612865576332 cm
2026-07-02 20:30:04,072 - mazeUtils.moveTile - [moveTile.py:90] - DEBUG - [1044.339749] moveTile ready for forward move (+166.2 ms)
2026-07-02 20:30:04,101 - mazeUtils.moveTile - [moveTile.py:90] - DEBUG - [1044.369207] moveTile initialized movement targetSteps=1 (+29.5 ms)
2026-07-02 20:30:04,103 - mazeUtils.moveTile - [moveTile.py:90] - DEBUG - [1044.371075] moveTile loop start (+1.9 ms)
2026-07-02 20:30:04,109 - picamera2.picamera2 - [picamera2.py:1391] - DEBUG - Execute job: <picamera2.job.Job object at 0x7f3f5c1b50>
2026-07-02 20:30:04,125 - mazeUtils.device.camera - [camera.py:39] - DEBUG - Average HSV: H=114.8, S=248.8, V=19.5
2026-07-02 20:30:04,133 - mazeUtils.moveTile - [moveTile.py:90] - DEBUG - [1044.401055] moveTile calculated motor speeds left=99 right=100 gyroSteer=-0.03999999999996362 wallSteer=0.0 (+30.0 ms)
2026-07-02 20:30:04,158 - mazeUtils.moveTile - [moveTile.py:90] - DEBUG - [1044.425598] moveTile applied motor speed left=99 right=100 (+24.5 ms)
2026-07-02 20:30:04,188 - mazeUtils.moveTile - [moveTile.py:241] - INFO - Black tile detected! Stopping movement. Starting escape maneuver.
2026-07-02 20:30:04,403 - mazeUtils.moveTile - [moveTile.py:79] - DEBUG - Escape maneuver complete.
2026-07-02 20:30:04,404 - mazeUtils.moveTile - [moveTile.py:90] - DEBUG - [1044.672159] moveTile escaped from black tile (+246.6 ms)
2026-07-02 20:30:04,406 - mazeUtils.moveTile - [moveTile.py:2745] - INFO - (None, None)
2026-07-02 20:30:04,434 - __main__ - [main.py:119] - INFO - Current position: (20, 20, 0), front direction: absDirection.NORTH
Layer 0 (altitude=0.0cm, offset=(0.0cm, 0.0cm)):
Known map area: x=20..20, y=19..20
+   +
  B  
+   +
| @  
+   +
2026-07-02 20:30:04,440 - __main__ - [main.py:128] - WARNING - Position did not change after movement. Possible error in movement or wall detection.
2026-07-02 20:30:04,443 - mazeUtils.mazeMap - [mazeMap.py:61] - INFO - next goal: (21, 20, 0)
2026-07-02 20:30:04,445 - mazeUtils.mazeMap - [mazeMap.py:61] - INFO - next goal: (20, 20, 0)
2026-07-02 20:30:04,447 - mazeUtils.moveTile - [moveTile.py:88] - DEBUG - [1044.714597] moveTile start direction=absDirection.EAST position=(20, 20, 0) front=absDirection.NORTH
2026-07-02 20:30:04,453 - mazeUtils.moveTile - [moveTile.py:90] - DEBUG - [1044.720264] moveTile after initial toggle check (+5.7 ms)
2026-07-02 20:30:04,455 - mazeUtils.moveTile - [moveTile.py:90] - DEBUG - [1044.722373] moveTile after tile checks isRedTile=False isUnknownTileAhead=True (+2.1 ms)
2026-07-02 20:30:04,455 - mazeUtils.moveTile - [moveTile.py:79] - DEBUG - Moving to absDirection.EAST from (20, 20, 0) facing absDirection.NORTH
2026-07-02 20:30:04,456 - mazeUtils.moveTile - [moveTile.py:90] - DEBUG - [1044.723381] moveTile start heading change target=270 (+1.0 ms)
2026-07-02 20:30:04,482 - mazeUtils.moveTile - [moveTile.py:79] - DEBUG - current heading: 359.99 target: 270
2026-07-02 20:30:08,504 - mazeUtils.moveTile - [moveTile.py:417] - WARNING - Stuck avoidance triggered during turning. Performing escape maneuver.
