2026-07-02 09:03:31,081 - root - [logging_config.py:61] - INFO - Logging initialized. Log file: /home/tuton/Kanto2026RPi/src/config/../logs/robot_20260702_090317.log
2026-07-02 09:03:31,594 - mazeUtils.device.stm - [stm.py:134] - ERROR - Timeout while searching valid frame: elapsed=0.501s timeout=0.500s seq=1 buffered=0B dropped=0B tail=
2026-07-02 09:03:31,595 - mazeUtils.device.stm - [stm.py:709] - ERROR - update failed: requestSensorValues returned None
2026-07-02 09:03:33,675 - mazeUtils.device.LiDAR - [LiDAR.py:80] - INFO - Available ports: <ydlidar.Str2strMap; proxy of <Swig Object of type 'std::map< std::string,std::string > *' at 0x7f64a51ce0> >
2026-07-02 09:03:37,563 - mazeUtils.device.stm - [stm.py:134] - ERROR - Timeout while searching valid frame: elapsed=0.500s timeout=0.500s seq=2 buffered=0B dropped=0B tail=
2026-07-02 09:03:37,564 - mazeUtils.device.stm - [stm.py:709] - ERROR - update failed: requestSensorValues returned None
2026-07-02 09:03:39,067 - mazeUtils.device.stm - [stm.py:134] - ERROR - Timeout while searching valid frame: elapsed=0.502s timeout=0.500s seq=3 buffered=0B dropped=0B tail=
2026-07-02 09:03:39,069 - mazeUtils.device.stm - [stm.py:709] - ERROR - update failed: requestSensorValues returned None
2026-07-02 09:03:39,072 - mazeUtils.moveTile - [moveTile.py:556] - DEBUG - overwrite the wall data
2026-07-02 09:03:39,593 - mazeUtils.device.stm - [stm.py:134] - ERROR - Timeout while searching valid frame: elapsed=0.501s timeout=0.500s seq=4 buffered=0B dropped=0B tail=
2026-07-02 09:03:39,596 - mazeUtils.device.stm - [stm.py:709] - ERROR - update failed: requestSensorValues returned None
2026-07-02 09:03:39,613 - mazeUtils.moveTile - [moveTile.py:570] - DEBUG - Direction: absDirection.NORTH, Angle: 0, Distance: 396.23965989823597 cm
2026-07-02 09:03:39,615 - mazeUtils.moveTile - [moveTile.py:580] - INFO - angle: 0, result: judgeWallResult.NO_WALL
2026-07-02 09:03:39,617 - mazeUtils.moveTile - [moveTile.py:570] - DEBUG - Direction: absDirection.EAST, Angle: 270, Distance: 119.5404305160952 cm
2026-07-02 09:03:39,619 - mazeUtils.moveTile - [moveTile.py:570] - DEBUG - Direction: absDirection.SOUTH, Angle: 180, Distance: 387.1537551603818 cm
2026-07-02 09:03:39,622 - mazeUtils.moveTile - [moveTile.py:570] - DEBUG - Direction: absDirection.WEST, Angle: 90, Distance: 380.3779836928662 cm
2026-07-02 09:03:39,623 - __main__ - [main.py:69] - INFO - Initial Map:
2026-07-02 09:03:39,644 - __main__ - [main.py:70] - INFO - Current position: (20, 20, 0), front direction: absDirection.NORTH
Layer 0 (altitude=0.0cm, offset=(0.0cm, 0.0cm)):
Known map area: x=20..20, y=20..20
+   +
  @  
+   +
2026-07-02 09:03:40,634 - mazeUtils.mazeMap - [mazeMap.py:61] - INFO - next goal: (20, 19, 0)
2026-07-02 09:03:40,636 - __main__ - [main.py:76] - INFO - Next Direction: [<absDirection.NORTH: 0>]
2026-07-02 09:03:40,637 - __main__ - [main.py:77] - INFO - Exploration started.
2026-07-02 09:03:40,641 - mazeUtils.mazeMap - [mazeMap.py:61] - INFO - next goal: (20, 20, 0)
2026-07-02 09:03:40,643 - mazeUtils.moveTile - [moveTile.py:88] - DEBUG - [35.435655] moveTile start direction=absDirection.NORTH position=(20, 20, 0) front=absDirection.NORTH
2026-07-02 09:03:41,145 - mazeUtils.device.stm - [stm.py:134] - ERROR - Timeout while searching valid frame: elapsed=0.500s timeout=0.500s seq=5 buffered=0B dropped=0B tail=
2026-07-02 09:03:41,147 - mazeUtils.device.stm - [stm.py:709] - ERROR - update failed: requestSensorValues returned None
2026-07-02 09:03:41,148 - mazeUtils.moveTile - [moveTile.py:90] - DEBUG - [35.940623] moveTile after initial toggle check (+505.0 ms)
2026-07-02 09:03:41,155 - mazeUtils.moveTile - [moveTile.py:90] - DEBUG - [35.947287] moveTile after tile checks isRedTile=False isUnknownTileAhead=True (+6.7 ms)
2026-07-02 09:03:41,155 - mazeUtils.moveTile - [moveTile.py:79] - DEBUG - Moving to absDirection.NORTH from (20, 20, 0) facing absDirection.NORTH
2026-07-02 09:03:41,156 - mazeUtils.moveTile - [moveTile.py:90] - DEBUG - [35.948781] moveTile start heading change target=0 (+1.5 ms)
2026-07-02 09:03:41,657 - mazeUtils.device.stm - [stm.py:134] - ERROR - Timeout while searching valid frame: elapsed=0.501s timeout=0.500s seq=6 buffered=0B dropped=0B tail=
2026-07-02 09:03:41,658 - mazeUtils.device.stm - [stm.py:709] - ERROR - update failed: requestSensorValues returned None
2026-07-02 09:03:42,163 - mazeUtils.device.stm - [stm.py:226] - ERROR - Timeout while searching valid ACK: type=STS_MOTOR elapsed=0.503s timeout=0.500s seq=7 payload=14 b4 buffered=0B dropped=0B tail=
2026-07-02 09:03:42,164 - mazeUtils.moveTile - [moveTile.py:79] - DEBUG - current heading: 0.0 target: 0
2026-07-02 09:03:42,667 - mazeUtils.device.stm - [stm.py:226] - ERROR - Timeout while searching valid ACK: type=STS_MOTOR elapsed=0.501s timeout=0.500s seq=8 payload=64 64 buffered=0B dropped=0B tail=
2026-07-02 09:03:42,670 - mazeUtils.moveTile - [moveTile.py:441] - DEBUG - stopped turning at heading: 0.0, diff: 0.0
2026-07-02 09:03:43,174 - mazeUtils.device.stm - [stm.py:134] - ERROR - Timeout while searching valid frame: elapsed=0.503s timeout=0.500s seq=9 buffered=0B dropped=0B tail=
2026-07-02 09:03:43,180 - mazeUtils.device.stm - [stm.py:709] - ERROR - update failed: requestSensorValues returned None
2026-07-02 09:03:43,684 - mazeUtils.device.stm - [stm.py:226] - ERROR - Timeout while searching valid ACK: type=STS_MOTOR elapsed=0.501s timeout=0.500s seq=10 payload=5a 6e buffered=0B dropped=0B tail=
2026-07-02 09:03:44,188 - mazeUtils.device.stm - [stm.py:226] - ERROR - Timeout while searching valid ACK: type=STS_MOTOR elapsed=0.501s timeout=0.500s seq=11 payload=64 64 buffered=0B dropped=0B tail=
2026-07-02 09:03:44,190 - mazeUtils.moveTile - [moveTile.py:79] - DEBUG - Turned to heading: 0.0 deg
2026-07-02 09:03:44,191 - mazeUtils.moveTile - [moveTile.py:90] - DEBUG - [38.983490] moveTile finished heading change (+3034.7 ms)
2026-07-02 09:03:44,192 - mazeUtils.moveTile - [moveTile.py:90] - DEBUG - [38.984492] Adjustment after ramp completed (+1.0 ms)
2026-07-02 09:03:44,193 - mazeUtils.moveTile - [moveTile.py:90] - DEBUG - [38.985310] moveTile updated front direction (+0.8 ms)
2026-07-02 09:03:44,694 - mazeUtils.device.stm - [stm.py:226] - ERROR - Timeout while searching valid ACK: type=STS_MOTOR elapsed=0.500s timeout=0.500s seq=12 payload=64 64 buffered=0B dropped=0B tail=
2026-07-02 09:03:44,697 - mazeUtils.moveTile - [moveTile.py:90] - DEBUG - [39.489359] moveTile stopped motors before alignment (+504.0 ms)
2026-07-02 09:03:45,356 - mazeUtils.device.stm - [stm.py:134] - ERROR - Timeout while searching valid frame: elapsed=0.501s timeout=0.500s seq=13 buffered=0B dropped=0B tail=
2026-07-02 09:03:45,357 - mazeUtils.device.stm - [stm.py:709] - ERROR - update failed: requestSensorValues returned None
2026-07-02 09:03:45,365 - mazeUtils.moveTile - [moveTile.py:570] - DEBUG - Direction: absDirection.NORTH, Angle: 0, Distance: 399.83908719045485 cm
2026-07-02 09:03:45,368 - mazeUtils.moveTile - [moveTile.py:570] - DEBUG - Direction: absDirection.EAST, Angle: 270, Distance: 101.20576111560995 cm
2026-07-02 09:03:45,370 - mazeUtils.moveTile - [moveTile.py:570] - DEBUG - Direction: absDirection.SOUTH, Angle: 180, Distance: 376.95988965822465 cm
2026-07-02 09:03:45,373 - mazeUtils.moveTile - [moveTile.py:570] - DEBUG - Direction: absDirection.WEST, Angle: 90, Distance: 381.7760589463716 cm
2026-07-02 09:03:45,374 - mazeUtils.moveTile - [moveTile.py:90] - DEBUG - [40.166674] moveTile ready for forward move (+677.3 ms)
2026-07-02 09:03:45,879 - mazeUtils.device.stm - [stm.py:134] - ERROR - Timeout while searching valid frame: elapsed=0.501s timeout=0.500s seq=14 buffered=0B dropped=0B tail=
2026-07-02 09:03:45,881 - mazeUtils.device.stm - [stm.py:709] - ERROR - update failed: requestSensorValues returned None
2026-07-02 09:03:46,389 - mazeUtils.device.stm - [stm.py:226] - ERROR - Timeout while searching valid ACK: type=STS_MOTOR elapsed=0.500s timeout=0.500s seq=15 payload=c8 c8 buffered=0B dropped=0B tail=
2026-07-02 09:03:46,390 - mazeUtils.moveTile - [moveTile.py:90] - DEBUG - [41.182861] moveTile initialized movement targetSteps=1 (+1016.2 ms)
2026-07-02 09:03:46,393 - mazeUtils.moveTile - [moveTile.py:90] - DEBUG - [41.185431] moveTile loop start (+2.6 ms)
2026-07-02 09:03:46,895 - mazeUtils.device.stm - [stm.py:134] - ERROR - Timeout while searching valid frame: elapsed=0.501s timeout=0.500s seq=16 buffered=0B dropped=0B tail=
2026-07-02 09:03:46,896 - mazeUtils.device.stm - [stm.py:709] - ERROR - update failed: requestSensorValues returned None
2026-07-02 09:03:46,897 - picamera2.picamera2 - [picamera2.py:1391] - DEBUG - Execute job: <picamera2.job.Job object at 0x7f64a48a10>
2026-07-02 09:03:46,967 - mazeUtils.device.camera - [camera.py:39] - DEBUG - Average HSV: H=92.5, S=191.5, V=254.9
2026-07-02 09:03:47,474 - mazeUtils.device.stm - [stm.py:134] - ERROR - Timeout while searching valid frame: elapsed=0.501s timeout=0.500s seq=17 buffered=0B dropped=0B tail=
2026-07-02 09:03:47,475 - mazeUtils.device.stm - [stm.py:709] - ERROR - update failed: requestSensorValues returned None
2026-07-02 09:03:47,476 - mazeUtils.moveTile - [moveTile.py:90] - DEBUG - [42.268416] moveTile calculated motor speeds left=100 right=100 gyroSteer=0.0 wallSteer=0.0 (+1083.0 ms)
2026-07-02 09:03:47,978 - mazeUtils.device.stm - [stm.py:226] - ERROR - Timeout while searching valid ACK: type=STS_MOTOR elapsed=0.501s timeout=0.500s seq=18 payload=c8 c8 buffered=0B dropped=0B tail=
2026-07-02 09:03:47,980 - mazeUtils.moveTile - [moveTile.py:90] - DEBUG - [42.772402] moveTile applied motor speed left=100 right=100 (+504.0 ms)
2026-07-02 09:03:47,989 - mazeUtils.moveTile - [moveTile.py:90] - DEBUG - [42.782137] moveTile tile color check tempTileColor=E (+9.7 ms)
2026-07-02 09:03:47,990 - mazeUtils.moveTile - [moveTile.py:90] - DEBUG - [42.783161] moveTile obstacle check escapeFlag=False (+1.0 ms)
2026-07-02 09:03:48,494 - mazeUtils.device.stm - [stm.py:134] - ERROR - Timeout while searching valid frame: elapsed=0.500s timeout=0.500s seq=19 buffered=0B dropped=0B tail=
2026-07-02 09:03:48,496 - mazeUtils.device.stm - [stm.py:709] - ERROR - update failed: requestSensorValues returned None
2026-07-02 09:03:48,498 - mazeUtils.moveTile - [moveTile.py:90] - DEBUG - [43.290340] moveTile ramp check isBigRamp=False (+507.2 ms)
2026-07-02 09:03:48,499 - __main__ - [main.py:218] - ERROR - An unexpected error occurred:
Traceback (most recent call last):
  File "/home/tuton/Kanto2026RPi/src/main.py", line 103, in main
    isBlack, stopped, resetMapData = moveTile.moveNextTile(
                                     ^^^^^^^^^^^^^^^^^^^^^^
  File "/home/tuton/Kanto2026RPi/src/mazeUtils/moveTile.py", line 2712, in moveNextTile
    isBlack, stopped, resetMapData = moveTile(
                                     ^^^^^^^^^
  File "/home/tuton/Kanto2026RPi/src/mazeUtils/moveTile.py", line 2230, in moveTile
    victimRescueFlag = findVictimDuringMove(
                       ^^^^^^^^^^^^^^^^^^^^^
  File "/home/tuton/Kanto2026RPi/src/mazeUtils/moveTile.py", line 1067, in findVictimDuringMove
    practicalMoveTime - lastUpdateTime / 1000  # type: ignore
                        ~~~~~~~~~~~~~~~^~~~~~
TypeError: unsupported operand type(s) for /: 'NoneType' and 'int'
2026-07-02 09:03:50,071 - mazeUtils.device.stm - [stm.py:226] - ERROR - Timeout while searching valid ACK: type=STS_MOTOR elapsed=0.501s timeout=0.500s seq=20 payload=64 64 buffered=0B dropped=0B tail=
2026-07-02 09:03:50,574 - mazeUtils.device.stm - [stm.py:226] - ERROR - Timeout while searching valid ACK: type=LED elapsed=0.500s timeout=0.500s seq=21 payload=00 00 00 buffered=0B dropped=0B tail=
2026-07-02 09:03:50,671 - picamera2.picamera2 - [picamera2.py:1391] - DEBUG - Execute job: <picamera2.job.Job object at 0x7f46e88150>
2026-07-02 09:03:50,691 - picamera2.picamera2 - [picamera2.py:1323] - INFO - Camera stopped
2026-07-02 09:03:50,897 - picamera2.picamera2 - [picamera2.py:1329] - DEBUG - Camera was not started
2026-07-02 09:03:51,081 - picamera2.picamera2 - [picamera2.py:723] - INFO - Camera closed successfully.
2026-07-02 09:03:51,345 - picamera2.picamera2 - [picamera2.py:500] - DEBUG - Resources now free: <picamera2.picamera2.Picamera2 object at 0x7f7e7948d0>
