2026-06-24 22:44:03,933 - root - [logging_config.py:61] - INFO - Logging initialized. Log file: /home/tuton/Kanto2026RPi/src/config/../logs/robot_20260624_224359.log
2026-06-24 22:44:05,636 - mazeUtils.device.LiDAR - [LiDAR.py:36] - INFO - Available ports: <ydlidar.Str2strMap; proxy of <Swig Object of type 'std::map< std::string,std::string > *' at 0x7f82307e40> >
2026-06-24 22:44:09,984 - mazeUtils.moveTile - [moveTile.py:552] - DEBUG - Direction: absDirection.NORTH, Angle: 0, Distance: 66.84413597362798 cm
2026-06-24 22:44:09,985 - mazeUtils.moveTile - [moveTile.py:574] - DEBUG - Front LiDAR distance: 66.84413597362798 cm, TSD10 distance: 46.6 cm
2026-06-24 22:44:09,987 - mazeUtils.moveTile - [moveTile.py:552] - DEBUG - Direction: absDirection.EAST, Angle: 270, Distance: 16.391433061593887 cm
2026-06-24 22:44:09,990 - mazeUtils.moveTile - [moveTile.py:552] - DEBUG - Direction: absDirection.SOUTH, Angle: 180, Distance: 16.548382892174107 cm
2026-06-24 22:44:09,993 - mazeUtils.moveTile - [moveTile.py:552] - DEBUG - Direction: absDirection.WEST, Angle: 90, Distance: 17.94557839898592 cm
2026-06-24 22:44:09,993 - __main__ - [main.py:68] - INFO - Initial Map:
2026-06-24 22:44:10,022 - __main__ - [main.py:69] - INFO - Current position: (20, 20, 0), front direction: absDirection.NORTH
Layer 0 (altitude=0.0cm, offset=(0.0cm, 0.0cm)):
Known map area: x=20..20, y=20..20
+   +
| @ |
+---+
mazeAsGraph[0][20][20] = {absDirection.NORTH: (20, 19, 0, 30), absDirection.EAST: None, absDirection.SOUTH: None, absDirection.WEST: None}
2026-06-24 22:44:11,288 - mazeUtils.mazeMap - [mazeMap.py:61] - INFO - next goal: (20, 19, 0)
2026-06-24 22:44:11,289 - __main__ - [main.py:73] - INFO - Next Direction: [<absDirection.NORTH: 0>]
2026-06-24 22:44:11,289 - __main__ - [main.py:74] - INFO - Exploration started.
2026-06-24 22:44:11,300 - mazeUtils.moveTile - [moveTile.py:79] - DEBUG - Moving to absDirection.NORTH from (20, 20, 0) facing absDirection.NORTH
2026-06-24 22:44:11,330 - mazeUtils.moveTile - [moveTile.py:79] - DEBUG - current heading: 359.94 target: 0
2026-06-24 22:44:11,350 - mazeUtils.moveTile - [moveTile.py:426] - DEBUG - stopped turning at heading: 359.94, diff: 0.060000000000002274
2026-06-24 22:44:11,395 - mazeUtils.moveTile - [moveTile.py:79] - DEBUG - Turned to heading: 359.94 deg
2026-06-24 22:44:11,443 - mazeUtils.moveTile - [moveTile.py:79] - DEBUG - Little backward to adjust position
2026-06-24 22:44:11,969 - picamera2.picamera2 - [picamera2.py:1391] - DEBUG - Execute job: <picamera2.job.Job object at 0x7f4284d1d0>
2026-06-24 22:44:12,023 - mazeUtils.device.camera - [camera.py:39] - DEBUG - Average HSV: H=124.7, S=28.8, V=235.9
2026-06-24 22:44:12,060 - mazeUtils.moveTile - [moveTile.py:79] - DEBUG - roll: 0.9400000000000546 deg, practicalMoveTime: 0.09573251247470245 sec
2026-06-24 22:44:12,060 - mazeUtils.moveTile - [moveTile.py:1763] - DEBUG - moveTile loop time: 94.5 ms
2026-06-24 22:44:12,067 - picamera2.picamera2 - [picamera2.py:1391] - DEBUG - Execute job: <picamera2.job.Job object at 0x7f75969890>
2026-06-24 22:44:12,073 - mazeUtils.device.camera - [camera.py:39] - DEBUG - Average HSV: H=127.4, S=26.5, V=235.3
2026-06-24 22:44:12,107 - mazeUtils.moveTile - [moveTile.py:79] - DEBUG - roll: 359.85999999999996 deg, practicalMoveTime: 0.14253744758221656 sec
2026-06-24 22:44:12,107 - mazeUtils.moveTile - [moveTile.py:1763] - DEBUG - moveTile loop time: 47.0 ms
2026-06-24 22:44:12,112 - picamera2.picamera2 - [picamera2.py:1391] - DEBUG - Execute job: <picamera2.job.Job object at 0x7f67d3ffd0>
2026-06-24 22:44:12,116 - mazeUtils.device.camera - [camera.py:39] - DEBUG - Average HSV: H=126.2, S=26.6, V=238.3
2026-06-24 22:44:12,149 - mazeUtils.moveTile - [moveTile.py:79] - DEBUG - roll: 0.01999999999998181 deg, practicalMoveTime: 0.18369146824055765 sec
2026-06-24 22:44:12,149 - mazeUtils.moveTile - [moveTile.py:1763] - DEBUG - moveTile loop time: 41.4 ms
2026-06-24 22:44:12,154 - picamera2.picamera2 - [picamera2.py:1391] - DEBUG - Execute job: <picamera2.job.Job object at 0x7f5da73210>
2026-06-24 22:44:12,158 - mazeUtils.device.camera - [camera.py:39] - DEBUG - Average HSV: H=127.4, S=26.1, V=236.5
2026-06-24 22:44:12,207 - mazeUtils.moveTile - [moveTile.py:79] - DEBUG - roll: 1.3299999999999272 deg, practicalMoveTime: 0.2416134097174935 sec
2026-06-24 22:44:12,207 - mazeUtils.moveTile - [moveTile.py:1763] - DEBUG - moveTile loop time: 58.1 ms
2026-06-24 22:44:12,213 - picamera2.picamera2 - [picamera2.py:1391] - DEBUG - Execute job: <picamera2.job.Job object at 0x7f4284d1d0>
2026-06-24 22:44:12,218 - mazeUtils.device.camera - [camera.py:39] - DEBUG - Average HSV: H=127.4, S=24.2, V=239.0
2026-06-24 22:44:12,255 - mazeUtils.moveTile - [moveTile.py:79] - DEBUG - roll: 0.5899999999999181 deg, practicalMoveTime: 0.28916338777486145 sec
2026-06-24 22:44:12,256 - mazeUtils.moveTile - [moveTile.py:1763] - DEBUG - moveTile loop time: 47.9 ms
2026-06-24 22:44:12,261 - picamera2.picamera2 - [picamera2.py:1391] - DEBUG - Execute job: <picamera2.job.Job object at 0x7f7596b050>
2026-06-24 22:44:12,264 - mazeUtils.device.camera - [camera.py:39] - DEBUG - Average HSV: H=126.5, S=24.6, V=239.0
2026-06-24 22:44:12,306 - mazeUtils.moveTile - [moveTile.py:79] - DEBUG - roll: 0.7799999999999727 deg, practicalMoveTime: 0.33925386207536906 sec
2026-06-24 22:44:12,306 - mazeUtils.moveTile - [moveTile.py:1763] - DEBUG - moveTile loop time: 50.3 ms
2026-06-24 22:44:12,318 - picamera2.picamera2 - [picamera2.py:1391] - DEBUG - Execute job: <picamera2.job.Job object at 0x7f67d3ffd0>
2026-06-24 22:44:12,321 - mazeUtils.device.camera - [camera.py:39] - DEBUG - Average HSV: H=127.8, S=23.5, V=238.1
2026-06-24 22:44:12,360 - mazeUtils.moveTile - [moveTile.py:79] - DEBUG - roll: 0.39999999999997726 deg, practicalMoveTime: 0.3926032312483477 sec
2026-06-24 22:44:12,360 - mazeUtils.moveTile - [moveTile.py:1763] - DEBUG - moveTile loop time: 53.8 ms
2026-06-24 22:44:12,364 - picamera2.picamera2 - [picamera2.py:1391] - DEBUG - Execute job: <picamera2.job.Job object at 0x7f759698d0>
2026-06-24 22:44:12,368 - mazeUtils.device.camera - [camera.py:39] - DEBUG - Average HSV: H=127.1, S=23.6, V=238.6
2026-06-24 22:44:12,405 - mazeUtils.moveTile - [moveTile.py:79] - DEBUG - roll: 0.7100000000000364 deg, practicalMoveTime: 0.4375203674071681 sec
2026-06-24 22:44:12,406 - mazeUtils.moveTile - [moveTile.py:1763] - DEBUG - moveTile loop time: 45.0 ms
2026-06-24 22:44:12,411 - picamera2.picamera2 - [picamera2.py:1391] - DEBUG - Execute job: <picamera2.job.Job object at 0x7f5c9dc150>
2026-06-24 22:44:12,414 - mazeUtils.device.camera - [camera.py:39] - DEBUG - Average HSV: H=127.4, S=24.2, V=237.9
2026-06-24 22:44:12,446 - mazeUtils.moveTile - [moveTile.py:79] - DEBUG - roll: 1.1900000000000546 deg, practicalMoveTime: 0.4782040493938598 sec
2026-06-24 22:44:12,447 - mazeUtils.moveTile - [moveTile.py:1763] - DEBUG - moveTile loop time: 41.2 ms
2026-06-24 22:44:12,452 - picamera2.picamera2 - [picamera2.py:1391] - DEBUG - Execute job: <picamera2.job.Job object at 0x7f5c9d7d50>
2026-06-24 22:44:12,455 - mazeUtils.device.camera - [camera.py:39] - DEBUG - Average HSV: H=127.8, S=24.4, V=236.7
2026-06-24 22:44:12,495 - mazeUtils.moveTile - [moveTile.py:79] - DEBUG - roll: 1.0199999999999818 deg, practicalMoveTime: 0.5265880634694508 sec
2026-06-24 22:44:12,496 - mazeUtils.moveTile - [moveTile.py:1763] - DEBUG - moveTile loop time: 48.6 ms
2026-06-24 22:44:12,508 - picamera2.picamera2 - [picamera2.py:1391] - DEBUG - Execute job: <picamera2.job.Job object at 0x7f5d9fec90>
2026-06-24 22:44:12,511 - mazeUtils.device.camera - [camera.py:39] - DEBUG - Average HSV: H=128.7, S=24.8, V=235.7
2026-06-24 22:44:12,545 - mazeUtils.moveTile - [moveTile.py:79] - DEBUG - roll: 1.0499999999999545 deg, practicalMoveTime: 0.5753158920959908 sec
2026-06-24 22:44:12,545 - mazeUtils.moveTile - [moveTile.py:1763] - DEBUG - moveTile loop time: 49.0 ms
2026-06-24 22:44:12,550 - picamera2.picamera2 - [picamera2.py:1391] - DEBUG - Execute job: <picamera2.job.Job object at 0x7f4284d1d0>
2026-06-24 22:44:12,554 - mazeUtils.device.camera - [camera.py:39] - DEBUG - Average HSV: H=127.9, S=24.6, V=236.9
2026-06-24 22:44:12,591 - mazeUtils.moveTile - [moveTile.py:79] - DEBUG - roll: 0.8999999999999773 deg, practicalMoveTime: 0.621339101984994 sec
2026-06-24 22:44:12,592 - mazeUtils.moveTile - [moveTile.py:1763] - DEBUG - moveTile loop time: 46.3 ms
2026-06-24 22:44:12,602 - picamera2.picamera2 - [picamera2.py:1391] - DEBUG - Execute job: <picamera2.job.Job object at 0x7f5ca02990>
2026-06-24 22:44:12,606 - mazeUtils.device.camera - [camera.py:39] - DEBUG - Average HSV: H=125.9, S=25.5, V=238.1
2026-06-24 22:44:12,637 - mazeUtils.moveTile - [moveTile.py:79] - DEBUG - roll: 0.7400000000000091 deg, practicalMoveTime: 0.666638933507943 sec
2026-06-24 22:44:12,638 - mazeUtils.moveTile - [moveTile.py:1763] - DEBUG - moveTile loop time: 45.7 ms
2026-06-24 22:44:12,644 - picamera2.picamera2 - [picamera2.py:1391] - DEBUG - Execute job: <picamera2.job.Job object at 0x7f67d3ffd0>
2026-06-24 22:44:12,647 - mazeUtils.device.camera - [camera.py:39] - DEBUG - Average HSV: H=125.3, S=25.2, V=239.4
2026-06-24 22:44:12,681 - mazeUtils.moveTile - [moveTile.py:79] - DEBUG - roll: 1.490000000000009 deg, practicalMoveTime: 0.7104576338424294 sec
2026-06-24 22:44:12,682 - mazeUtils.moveTile - [moveTile.py:1763] - DEBUG - moveTile loop time: 43.9 ms
2026-06-24 22:44:12,692 - picamera2.picamera2 - [picamera2.py:1391] - DEBUG - Execute job: <picamera2.job.Job object at 0x7f67d32590>
2026-06-24 22:44:12,696 - mazeUtils.device.camera - [camera.py:39] - DEBUG - Average HSV: H=127.1, S=24.9, V=237.4
2026-06-24 22:44:12,736 - mazeUtils.moveTile - [moveTile.py:79] - DEBUG - roll: 0.7999999999999545 deg, practicalMoveTime: 0.7648084193974026 sec
2026-06-24 22:44:12,737 - mazeUtils.moveTile - [moveTile.py:1763] - DEBUG - moveTile loop time: 54.7 ms
2026-06-24 22:44:12,742 - picamera2.picamera2 - [picamera2.py:1391] - DEBUG - Execute job: <picamera2.job.Job object at 0x7f5c9d7d50>
2026-06-24 22:44:12,745 - mazeUtils.device.camera - [camera.py:39] - DEBUG - Average HSV: H=127.2, S=24.7, V=239.1
2026-06-24 22:44:12,776 - mazeUtils.moveTile - [moveTile.py:79] - DEBUG - roll: 0.3199999999999932 deg, practicalMoveTime: 0.8043670580952158 sec
2026-06-24 22:44:12,777 - mazeUtils.moveTile - [moveTile.py:1763] - DEBUG - moveTile loop time: 39.9 ms
2026-06-24 22:44:12,785 - picamera2.picamera2 - [picamera2.py:1391] - DEBUG - Execute job: <picamera2.job.Job object at 0x7f5d9fec90>
2026-06-24 22:44:12,788 - mazeUtils.device.camera - [camera.py:39] - DEBUG - Average HSV: H=125.7, S=25.4, V=243.1
2026-06-24 22:44:12,836 - mazeUtils.moveTile - [moveTile.py:1636] - INFO - practicalVerticalMove: 0.3194359104888482 CM
2026-06-24 22:44:12,880 - mazeUtils.moveTile - [moveTile.py:1959] - INFO - Set moved vertical distance: 0.3194359104888482 cm, past distances: [(0, False), (0, False), (0, False)]
2026-06-24 22:44:12,973 - mazeUtils.moveTile - [moveTile.py:552] - DEBUG - Direction: absDirection.NORTH, Angle: 0, Distance: 32.32863407411375 cm
2026-06-24 22:44:12,973 - mazeUtils.moveTile - [moveTile.py:574] - DEBUG - Front LiDAR distance: 32.32863407411375 cm, TSD10 distance: 10.6 cm
2026-06-24 22:44:12,974 - mazeUtils.moveTile - [moveTile.py:552] - DEBUG - Direction: absDirection.EAST, Angle: 270, Distance: 15.310489675699971 cm
2026-06-24 22:44:12,975 - mazeUtils.moveTile - [moveTile.py:552] - DEBUG - Direction: absDirection.SOUTH, Angle: 180, Distance: 51.79937134215388 cm
2026-06-24 22:44:12,976 - mazeUtils.moveTile - [moveTile.py:552] - DEBUG - Direction: absDirection.WEST, Angle: 90, Distance: 139.82040598711689 cm
2026-06-24 22:44:12,979 - mazeUtils.moveTile - [moveTile.py:2119] - INFO - Tile color detection, decided tile type: E
2026-06-24 22:44:13,036 - __main__ - [main.py:105] - INFO - Current position: (20, 19, 0), front direction: absDirection.NORTH
Layer 0 (altitude=0.0cm, offset=(0.0cm, 0.0cm)):
Known map area: x=20..20, y=19..20
+   +
  @ |
+   +
| S |
+---+
mazeAsGraph[0][19][20] = {absDirection.NORTH: (20, 18, 0, 30), absDirection.EAST: None, absDirection.SOUTH: (20, 20, 0, 30), absDirection.WEST: (19, 19, 0, 30)}
mazeAsGraph[0][20][20] = {absDirection.NORTH: (20, 19, 0, 30), absDirection.EAST: None, absDirection.SOUTH: None, absDirection.WEST: None}
2026-06-24 22:44:13,042 - mazeUtils.mazeMap - [mazeMap.py:61] - INFO - next goal: (20, 18, 0)
2026-06-24 22:44:13,049 - mazeUtils.moveTile - [moveTile.py:79] - DEBUG - Moving to absDirection.NORTH from (20, 19, 0) facing absDirection.NORTH
2026-06-24 22:44:13,076 - mazeUtils.moveTile - [moveTile.py:79] - DEBUG - current heading: 1.5800000000000125 target: 0
2026-06-24 22:44:13,095 - mazeUtils.moveTile - [moveTile.py:426] - DEBUG - stopped turning at heading: 1.5800000000000125, diff: 1.5800000000000125
2026-06-24 22:44:13,147 - mazeUtils.moveTile - [moveTile.py:79] - DEBUG - Turned to heading: 1.710000000000008 deg
2026-06-24 22:44:13,272 - picamera2.picamera2 - [picamera2.py:1391] - DEBUG - Execute job: <picamera2.job.Job object at 0x7f5dace990>
2026-06-24 22:44:13,275 - mazeUtils.device.camera - [camera.py:39] - DEBUG - Average HSV: H=116.7, S=83.5, V=214.5
2026-06-24 22:44:13,314 - mazeUtils.moveTile - [moveTile.py:79] - DEBUG - roll: 0.6399999999999864 deg, practicalMoveTime: 0.05158344877395874 sec
2026-06-24 22:44:13,314 - mazeUtils.moveTile - [moveTile.py:1763] - DEBUG - moveTile loop time: 50.8 ms
2026-06-24 22:44:13,320 - picamera2.picamera2 - [picamera2.py:1391] - DEBUG - Execute job: <picamera2.job.Job object at 0x7f67d0f1d0>
2026-06-24 22:44:13,323 - mazeUtils.device.camera - [camera.py:39] - DEBUG - Average HSV: H=117.2, S=83.1, V=213.1
2026-06-24 22:44:13,361 - mazeUtils.moveTile - [moveTile.py:79] - DEBUG - roll: 0.14999999999997726 deg, practicalMoveTime: 0.09774561462487194 sec
2026-06-24 22:44:13,361 - mazeUtils.moveTile - [moveTile.py:1763] - DEBUG - moveTile loop time: 46.4 ms
2026-06-24 22:44:13,366 - picamera2.picamera2 - [picamera2.py:1391] - DEBUG - Execute job: <picamera2.job.Job object at 0x7f5d9ef3d0>
2026-06-24 22:44:13,370 - mazeUtils.device.camera - [camera.py:39] - DEBUG - Average HSV: H=114.0, S=63.6, V=235.3
2026-06-24 22:44:13,401 - mazeUtils.moveTile - [moveTile.py:79] - DEBUG - roll: 359.79999999999995 deg, practicalMoveTime: 0.13787789878930065 sec
2026-06-24 22:44:13,402 - mazeUtils.moveTile - [moveTile.py:1763] - DEBUG - moveTile loop time: 40.4 ms
2026-06-24 22:44:13,413 - picamera2.picamera2 - [picamera2.py:1391] - DEBUG - Execute job: <picamera2.job.Job object at 0x7f75ef8ed0>
2026-06-24 22:44:13,416 - mazeUtils.device.camera - [camera.py:39] - DEBUG - Average HSV: H=111.2, S=39.6, V=255.0
2026-06-24 22:44:13,457 - mazeUtils.moveTile - [moveTile.py:79] - DEBUG - roll: 0.6699999999999591 deg, practicalMoveTime: 0.19344368639793894 sec
2026-06-24 22:44:13,458 - mazeUtils.moveTile - [moveTile.py:1763] - DEBUG - moveTile loop time: 55.9 ms
2026-06-24 22:44:13,463 - picamera2.picamera2 - [picamera2.py:1391] - DEBUG - Execute job: <picamera2.job.Job object at 0x7f75936910>
2026-06-24 22:44:13,466 - mazeUtils.device.camera - [camera.py:39] - DEBUG - Average HSV: H=116.5, S=80.9, V=202.4
2026-06-24 22:44:13,504 - mazeUtils.moveTile - [moveTile.py:79] - DEBUG - roll: 0.1099999999999568 deg, practicalMoveTime: 0.23966068960871148 sec
2026-06-24 22:44:13,504 - mazeUtils.moveTile - [moveTile.py:1763] - DEBUG - moveTile loop time: 46.4 ms
2026-06-24 22:44:13,513 - picamera2.picamera2 - [picamera2.py:1391] - DEBUG - Execute job: <picamera2.job.Job object at 0x7f824aa690>
2026-06-24 22:44:13,516 - mazeUtils.device.camera - [camera.py:39] - DEBUG - Average HSV: H=116.3, S=120.5, V=142.7
2026-06-24 22:44:13,556 - mazeUtils.moveTile - [moveTile.py:79] - DEBUG - roll: 4.399999999999977 deg, practicalMoveTime: 0.29105476224307514 sec
2026-06-24 22:44:13,556 - mazeUtils.moveTile - [moveTile.py:1763] - DEBUG - moveTile loop time: 51.7 ms
2026-06-24 22:44:13,561 - picamera2.picamera2 - [picamera2.py:1391] - DEBUG - Execute job: <picamera2.job.Job object at 0x7f5d9fec90>
2026-06-24 22:44:13,564 - mazeUtils.device.camera - [camera.py:39] - DEBUG - Average HSV: H=126.3, S=32.2, V=225.3
2026-06-24 22:44:13,597 - mazeUtils.moveTile - [moveTile.py:79] - DEBUG - roll: 6.339999999999918 deg, practicalMoveTime: 0.3229427368722356 sec
2026-06-24 22:44:13,597 - mazeUtils.moveTile - [moveTile.py:1763] - DEBUG - moveTile loop time: 40.4 ms
2026-06-24 22:44:13,610 - picamera2.picamera2 - [picamera2.py:1391] - DEBUG - Execute job: <picamera2.job.Job object at 0x7f67d0f1d0>
2026-06-24 22:44:13,613 - mazeUtils.device.camera - [camera.py:39] - DEBUG - Average HSV: H=115.2, S=102.1, V=209.5
2026-06-24 22:44:13,653 - mazeUtils.moveTile - [moveTile.py:79] - DEBUG - roll: 7.069999999999936 deg, practicalMoveTime: 0.36702172225608776 sec
2026-06-24 22:44:13,653 - mazeUtils.moveTile - [moveTile.py:1763] - DEBUG - moveTile loop time: 56.0 ms
2026-06-24 22:44:13,664 - picamera2.picamera2 - [picamera2.py:1391] - DEBUG - Execute job: <picamera2.job.Job object at 0x7f5d9ef3d0>
2026-06-24 22:44:13,667 - mazeUtils.device.camera - [camera.py:39] - DEBUG - Average HSV: H=113.7, S=46.9, V=248.6
2026-06-24 22:44:13,701 - mazeUtils.moveTile - [moveTile.py:79] - DEBUG - roll: 12.079999999999927 deg, practicalMoveTime: 0.40443962883639156 sec
2026-06-24 22:44:13,701 - mazeUtils.moveTile - [moveTile.py:1763] - DEBUG - moveTile loop time: 47.7 ms
2026-06-24 22:44:13,707 - picamera2.picamera2 - [picamera2.py:1391] - DEBUG - Execute job: <picamera2.job.Job object at 0x7f75936910>
2026-06-24 22:44:13,711 - mazeUtils.device.camera - [camera.py:39] - DEBUG - Average HSV: H=116.0, S=80.5, V=228.1
2026-06-24 22:44:13,748 - mazeUtils.moveTile - [moveTile.py:79] - DEBUG - roll: 15.0 deg, practicalMoveTime: 0.44052405659559696 sec
2026-06-24 22:44:13,748 - mazeUtils.moveTile - [moveTile.py:1763] - DEBUG - moveTile loop time: 46.6 ms
2026-06-24 22:44:13,761 - picamera2.picamera2 - [picamera2.py:1391] - DEBUG - Execute job: <picamera2.job.Job object at 0x7f428dcf90>
2026-06-24 22:44:13,764 - mazeUtils.device.camera - [camera.py:39] - DEBUG - Average HSV: H=113.2, S=86.1, V=232.4
2026-06-24 22:44:13,805 - mazeUtils.moveTile - [moveTile.py:79] - DEBUG - roll: 18.16999999999996 deg, practicalMoveTime: 0.48379971999410815 sec
2026-06-24 22:44:13,805 - mazeUtils.moveTile - [moveTile.py:1763] - DEBUG - moveTile loop time: 56.6 ms
2026-06-24 22:44:13,816 - picamera2.picamera2 - [picamera2.py:1391] - DEBUG - Execute job: <picamera2.job.Job object at 0x7f824aa690>
2026-06-24 22:44:13,819 - mazeUtils.device.camera - [camera.py:39] - DEBUG - Average HSV: H=111.3, S=108.5, V=235.4
2026-06-24 22:44:13,857 - mazeUtils.moveTile - [moveTile.py:79] - DEBUG - roll: 22.339999999999918 deg, practicalMoveTime: 0.5220376218929497 sec
2026-06-24 22:44:13,857 - mazeUtils.moveTile - [moveTile.py:1763] - DEBUG - moveTile loop time: 51.7 ms
2026-06-24 22:44:13,869 - picamera2.picamera2 - [picamera2.py:1391] - DEBUG - Execute job: <picamera2.job.Job object at 0x7f7596d390>
2026-06-24 22:44:13,872 - mazeUtils.device.camera - [camera.py:39] - DEBUG - Average HSV: H=113.1, S=85.0, V=239.8
2026-06-24 22:44:13,907 - mazeUtils.moveTile - [moveTile.py:79] - DEBUG - roll: 26.720000000000027 deg, practicalMoveTime: 0.5580930608537779 sec
2026-06-24 22:44:13,907 - mazeUtils.moveTile - [moveTile.py:1763] - DEBUG - moveTile loop time: 50.1 ms
2026-06-24 22:44:13,912 - picamera2.picamera2 - [picamera2.py:1391] - DEBUG - Execute job: <picamera2.job.Job object at 0x7f5dace990>
2026-06-24 22:44:13,916 - mazeUtils.device.camera - [camera.py:39] - DEBUG - Average HSV: H=109.7, S=115.4, V=240.2
2026-06-24 22:44:13,960 - mazeUtils.moveTile - [moveTile.py:79] - DEBUG - roll: 28.309999999999945 deg, practicalMoveTime: 0.5953006907630564 sec
2026-06-24 22:44:13,960 - mazeUtils.moveTile - [moveTile.py:1763] - DEBUG - moveTile loop time: 52.2 ms
2026-06-24 22:44:13,966 - picamera2.picamera2 - [picamera2.py:1391] - DEBUG - Execute job: <picamera2.job.Job object at 0x7f76041650>
2026-06-24 22:44:13,969 - mazeUtils.device.camera - [camera.py:39] - DEBUG - Average HSV: H=109.7, S=99.6, V=245.7
2026-06-24 22:44:14,001 - mazeUtils.moveTile - [moveTile.py:79] - DEBUG - roll: 32.32999999999993 deg, practicalMoveTime: 0.6233260836072361 sec
2026-06-24 22:44:14,002 - mazeUtils.moveTile - [moveTile.py:1763] - DEBUG - moveTile loop time: 41.7 ms
2026-06-24 22:44:14,015 - picamera2.picamera2 - [picamera2.py:1391] - DEBUG - Execute job: <picamera2.job.Job object at 0x7f67d0f1d0>
2026-06-24 22:44:14,018 - mazeUtils.device.camera - [camera.py:39] - DEBUG - Average HSV: H=108.5, S=120.9, V=242.4
2026-06-24 22:44:14,055 - mazeUtils.moveTile - [moveTile.py:79] - DEBUG - roll: 34.02999999999997 deg, practicalMoveTime: 0.6593066844703372 sec
2026-06-24 22:44:14,055 - mazeUtils.moveTile - [moveTile.py:1763] - DEBUG - moveTile loop time: 53.1 ms
2026-06-24 22:44:14,061 - picamera2.picamera2 - [picamera2.py:1391] - DEBUG - Execute job: <picamera2.job.Job object at 0x7f5d9fec90>
2026-06-24 22:44:14,064 - mazeUtils.device.camera - [camera.py:39] - DEBUG - Average HSV: H=128.3, S=70.4, V=136.0
2026-06-24 22:44:14,096 - mazeUtils.moveTile - [moveTile.py:79] - DEBUG - roll: 34.960000000000036 deg, practicalMoveTime: 0.6859908397673138 sec
2026-06-24 22:44:14,096 - mazeUtils.moveTile - [moveTile.py:1763] - DEBUG - moveTile loop time: 40.9 ms
2026-06-24 22:44:14,108 - picamera2.picamera2 - [picamera2.py:1391] - DEBUG - Execute job: <picamera2.job.Job object at 0x7f428dcf90>
2026-06-24 22:44:14,111 - mazeUtils.device.camera - [camera.py:39] - DEBUG - Average HSV: H=138.2, S=55.6, V=82.2
2026-06-24 22:44:14,154 - mazeUtils.moveTile - [moveTile.py:79] - DEBUG - roll: 36.97000000000003 deg, practicalMoveTime: 0.7229363416664646 sec
2026-06-24 22:44:14,154 - mazeUtils.moveTile - [moveTile.py:1763] - DEBUG - moveTile loop time: 57.8 ms
2026-06-24 22:44:14,159 - picamera2.picamera2 - [picamera2.py:1391] - DEBUG - Execute job: <picamera2.job.Job object at 0x7f5d9fec90>
2026-06-24 22:44:14,162 - mazeUtils.device.camera - [camera.py:39] - DEBUG - Average HSV: H=139.5, S=52.2, V=84.8
2026-06-24 22:44:14,194 - mazeUtils.moveTile - [moveTile.py:79] - DEBUG - roll: 37.34999999999991 deg, practicalMoveTime: 0.7480548456098899 sec
2026-06-24 22:44:14,195 - mazeUtils.moveTile - [moveTile.py:1763] - DEBUG - moveTile loop time: 39.8 ms
2026-06-24 22:44:14,208 - picamera2.picamera2 - [picamera2.py:1391] - DEBUG - Execute job: <picamera2.job.Job object at 0x7f67d0f1d0>
2026-06-24 22:44:14,211 - mazeUtils.device.camera - [camera.py:39] - DEBUG - Average HSV: H=139.0, S=53.0, V=87.1
2026-06-24 22:44:14,258 - mazeUtils.moveTile - [moveTile.py:79] - DEBUG - roll: 32.77999999999997 deg, practicalMoveTime: 0.7902280002484401 sec
2026-06-24 22:44:14,259 - mazeUtils.moveTile - [moveTile.py:1763] - DEBUG - moveTile loop time: 64.0 ms
2026-06-24 22:44:14,264 - picamera2.picamera2 - [picamera2.py:1391] - DEBUG - Execute job: <picamera2.job.Job object at 0x7f7596d390>
2026-06-24 22:44:14,267 - mazeUtils.device.camera - [camera.py:39] - DEBUG - Average HSV: H=137.4, S=54.8, V=89.2
2026-06-24 22:44:14,305 - mazeUtils.moveTile - [moveTile.py:79] - DEBUG - roll: 32.049999999999955 deg, practicalMoveTime: 0.8218318976886995 sec
2026-06-24 22:44:14,306 - mazeUtils.moveTile - [moveTile.py:1763] - DEBUG - moveTile loop time: 46.7 ms
2026-06-24 22:44:14,318 - picamera2.picamera2 - [picamera2.py:1391] - DEBUG - Execute job: <picamera2.job.Job object at 0x7f428dcf90>
2026-06-24 22:44:14,322 - mazeUtils.device.camera - [camera.py:39] - DEBUG - Average HSV: H=138.0, S=54.8, V=87.8
2026-06-24 22:44:14,369 - picamera2.picamera2 - [picamera2.py:1391] - DEBUG - Execute job: <picamera2.job.Job object at 0x7f67d0f1d0>
2026-06-24 22:44:14,372 - mazeUtils.device.camera - [camera.py:39] - DEBUG - Average HSV: H=137.8, S=53.9, V=88.1
2026-06-24 22:44:14,410 - mazeUtils.moveTile - [moveTile.py:79] - DEBUG - roll: 34.450000000000045 deg, practicalMoveTime: 0.8907532637820992 sec
2026-06-24 22:44:14,411 - mazeUtils.moveTile - [moveTile.py:1763] - DEBUG - moveTile loop time: 46.9 ms
2026-06-24 22:44:14,421 - picamera2.picamera2 - [picamera2.py:1391] - DEBUG - Execute job: <picamera2.job.Job object at 0x7f75936910>
2026-06-24 22:44:14,425 - mazeUtils.device.camera - [camera.py:39] - DEBUG - Average HSV: H=137.4, S=54.9, V=88.1
2026-06-24 22:44:14,457 - mazeUtils.moveTile - [moveTile.py:79] - DEBUG - roll: 35.00999999999999 deg, practicalMoveTime: 0.9209017632889059 sec
2026-06-24 22:44:14,457 - mazeUtils.moveTile - [moveTile.py:1763] - DEBUG - moveTile loop time: 46.4 ms
2026-06-24 22:44:14,470 - picamera2.picamera2 - [picamera2.py:1391] - DEBUG - Execute job: <picamera2.job.Job object at 0x7f67d0f1d0>
2026-06-24 22:44:14,474 - mazeUtils.device.camera - [camera.py:39] - DEBUG - Average HSV: H=136.5, S=56.8, V=87.9
2026-06-24 22:44:14,515 - mazeUtils.moveTile - [moveTile.py:79] - DEBUG - roll: 31.839999999999918 deg, practicalMoveTime: 0.9595090425632931 sec
2026-06-24 22:44:14,516 - mazeUtils.moveTile - [moveTile.py:1763] - DEBUG - moveTile loop time: 58.1 ms
2026-06-24 22:44:14,521 - picamera2.picamera2 - [picamera2.py:1391] - DEBUG - Execute job: <picamera2.job.Job object at 0x7f75ef8ed0>
2026-06-24 22:44:14,525 - mazeUtils.device.camera - [camera.py:39] - DEBUG - Average HSV: H=135.7, S=57.0, V=90.0
2026-06-24 22:44:14,556 - mazeUtils.moveTile - [moveTile.py:79] - DEBUG - roll: 30.149999999999977 deg, practicalMoveTime: 0.987380780018461 sec
2026-06-24 22:44:14,557 - mazeUtils.moveTile - [moveTile.py:1763] - DEBUG - moveTile loop time: 40.7 ms
2026-06-24 22:44:14,569 - picamera2.picamera2 - [picamera2.py:1391] - DEBUG - Execute job: <picamera2.job.Job object at 0x7f428dcf90>
2026-06-24 22:44:14,573 - mazeUtils.device.camera - [camera.py:39] - DEBUG - Average HSV: H=135.1, S=58.7, V=91.0
2026-06-24 22:44:14,616 - mazeUtils.moveTile - [moveTile.py:79] - DEBUG - roll: 27.829999999999927 deg, practicalMoveTime: 1.0284350524258383 sec
2026-06-24 22:44:14,616 - mazeUtils.moveTile - [moveTile.py:1763] - DEBUG - moveTile loop time: 59.2 ms
2026-06-24 22:44:14,621 - picamera2.picamera2 - [picamera2.py:1391] - DEBUG - Execute job: <picamera2.job.Job object at 0x7f5d9ef3d0>
2026-06-24 22:44:14,624 - mazeUtils.device.camera - [camera.py:39] - DEBUG - Average HSV: H=134.7, S=60.0, V=92.7
2026-06-24 22:44:14,658 - mazeUtils.moveTile - [moveTile.py:79] - DEBUG - roll: 25.519999999999982 deg, practicalMoveTime: 1.0585468458083946 sec
2026-06-24 22:44:14,658 - mazeUtils.moveTile - [moveTile.py:1763] - DEBUG - moveTile loop time: 41.8 ms
2026-06-24 22:44:14,668 - picamera2.picamera2 - [picamera2.py:1391] - DEBUG - Execute job: <picamera2.job.Job object at 0x7f5dace990>
2026-06-24 22:44:14,672 - mazeUtils.device.camera - [camera.py:39] - DEBUG - Average HSV: H=133.8, S=60.9, V=93.9
2026-06-24 22:44:14,718 - mazeUtils.moveTile - [moveTile.py:79] - DEBUG - roll: 23.879999999999995 deg, practicalMoveTime: 1.1016021238783393 sec
2026-06-24 22:44:14,718 - mazeUtils.moveTile - [moveTile.py:1763] - DEBUG - moveTile loop time: 59.9 ms
2026-06-24 22:44:14,723 - picamera2.picamera2 - [picamera2.py:1391] - DEBUG - Execute job: <picamera2.job.Job object at 0x7f76041650>
2026-06-24 22:44:14,727 - mazeUtils.device.camera - [camera.py:39] - DEBUG - Average HSV: H=134.2, S=61.4, V=94.7
2026-06-24 22:44:14,765 - mazeUtils.moveTile - [moveTile.py:79] - DEBUG - roll: 17.069999999999936 deg, practicalMoveTime: 1.1371633595460566 sec
2026-06-24 22:44:14,766 - mazeUtils.moveTile - [moveTile.py:1763] - DEBUG - moveTile loop time: 47.1 ms
2026-06-24 22:44:14,771 - picamera2.picamera2 - [picamera2.py:1391] - DEBUG - Execute job: <picamera2.job.Job object at 0x7f75ef8ed0>
2026-06-24 22:44:14,774 - mazeUtils.device.camera - [camera.py:39] - DEBUG - Average HSV: H=149.4, S=56.4, V=96.2
2026-06-24 22:44:14,816 - mazeUtils.moveTile - [moveTile.py:79] - DEBUG - roll: 15.8599999999999 deg, practicalMoveTime: 1.1759267075915096 sec
2026-06-24 22:44:14,816 - mazeUtils.moveTile - [moveTile.py:1763] - DEBUG - moveTile loop time: 50.6 ms
2026-06-24 22:44:14,828 - picamera2.picamera2 - [picamera2.py:1391] - DEBUG - Execute job: <picamera2.job.Job object at 0x7f5d9ef3d0>
2026-06-24 22:44:14,831 - mazeUtils.device.camera - [camera.py:39] - DEBUG - Average HSV: H=149.4, S=57.1, V=96.0
2026-06-24 22:44:14,872 - mazeUtils.moveTile - [moveTile.py:79] - DEBUG - roll: 9.990000000000009 deg, practicalMoveTime: 1.2190822878824148 sec
2026-06-24 22:44:14,873 - mazeUtils.moveTile - [moveTile.py:1763] - DEBUG - moveTile loop time: 56.1 ms
2026-06-24 22:44:14,877 - picamera2.picamera2 - [picamera2.py:1391] - DEBUG - Execute job: <picamera2.job.Job object at 0x7f5dace990>
2026-06-24 22:44:14,881 - mazeUtils.device.camera - [camera.py:39] - DEBUG - Average HSV: H=152.3, S=42.3, V=124.6
2026-06-24 22:44:14,912 - mazeUtils.moveTile - [moveTile.py:79] - DEBUG - roll: 6.7000000000000455 deg, practicalMoveTime: 1.2505237226086119 sec
2026-06-24 22:44:14,913 - mazeUtils.moveTile - [moveTile.py:1763] - DEBUG - moveTile loop time: 39.7 ms
2026-06-24 22:44:14,924 - picamera2.picamera2 - [picamera2.py:1391] - DEBUG - Execute job: <picamera2.job.Job object at 0x7f75936910>
2026-06-24 22:44:14,928 - mazeUtils.device.camera - [camera.py:39] - DEBUG - Average HSV: H=152.4, S=42.1, V=122.8
2026-06-24 22:44:14,970 - mazeUtils.moveTile - [moveTile.py:79] - DEBUG - roll: 5.3599999999999 deg, practicalMoveTime: 1.2962399744293662 sec
2026-06-24 22:44:14,971 - mazeUtils.moveTile - [moveTile.py:1763] - DEBUG - moveTile loop time: 57.9 ms
2026-06-24 22:44:14,976 - picamera2.picamera2 - [picamera2.py:1391] - DEBUG - Execute job: <picamera2.job.Job object at 0x7f428dcf90>
2026-06-24 22:44:14,979 - mazeUtils.device.camera - [camera.py:39] - DEBUG - Average HSV: H=139.0, S=47.3, V=146.9
2026-06-24 22:44:15,016 - mazeUtils.moveTile - [moveTile.py:79] - DEBUG - roll: 358.01 deg, practicalMoveTime: 1.341367370069122 sec
2026-06-24 22:44:15,017 - mazeUtils.moveTile - [moveTile.py:1763] - DEBUG - moveTile loop time: 45.6 ms
2026-06-24 22:44:15,028 - picamera2.picamera2 - [picamera2.py:1391] - DEBUG - Execute job: <picamera2.job.Job object at 0x7f75ef8ed0>
2026-06-24 22:44:15,031 - mazeUtils.device.camera - [camera.py:39] - DEBUG - Average HSV: H=135.3, S=49.5, V=162.7
2026-06-24 22:44:15,072 - mazeUtils.moveTile - [moveTile.py:79] - DEBUG - roll: 357.10999999999996 deg, practicalMoveTime: 1.3968790595555645 sec
2026-06-24 22:44:15,073 - mazeUtils.moveTile - [moveTile.py:1763] - DEBUG - moveTile loop time: 55.8 ms
2026-06-24 22:44:15,078 - picamera2.picamera2 - [picamera2.py:1391] - DEBUG - Execute job: <picamera2.job.Job object at 0x7f5dace990>
2026-06-24 22:44:15,082 - mazeUtils.device.camera - [camera.py:39] - DEBUG - Average HSV: H=132.9, S=51.8, V=167.8
2026-06-24 22:44:15,119 - mazeUtils.moveTile - [moveTile.py:79] - DEBUG - roll: 351.51 deg, practicalMoveTime: 1.4426387710636472 sec
2026-06-24 22:44:15,119 - mazeUtils.moveTile - [moveTile.py:1763] - DEBUG - moveTile loop time: 46.4 ms
2026-06-24 22:44:15,126 - picamera2.picamera2 - [picamera2.py:1391] - DEBUG - Execute job: <picamera2.job.Job object at 0x7f428dcf90>
2026-06-24 22:44:15,131 - mazeUtils.device.camera - [camera.py:39] - DEBUG - Average HSV: H=125.1, S=54.2, V=202.3
2026-06-24 22:44:15,166 - mazeUtils.moveTile - [moveTile.py:79] - DEBUG - roll: 340.97999999999996 deg, practicalMoveTime: 1.4916440175188483 sec
2026-06-24 22:44:15,167 - mazeUtils.moveTile - [moveTile.py:1763] - DEBUG - moveTile loop time: 47.1 ms
2026-06-24 22:44:15,175 - picamera2.picamera2 - [picamera2.py:1391] - DEBUG - Execute job: <picamera2.job.Job object at 0x7f67d0f1d0>
2026-06-24 22:44:15,179 - mazeUtils.device.camera - [camera.py:39] - DEBUG - Average HSV: H=119.2, S=74.3, V=209.9
2026-06-24 22:44:15,215 - mazeUtils.moveTile - [moveTile.py:79] - DEBUG - roll: 335.09999999999997 deg, practicalMoveTime: 1.5407169171074662 sec
2026-06-24 22:44:15,216 - mazeUtils.moveTile - [moveTile.py:1763] - DEBUG - moveTile loop time: 48.3 ms
2026-06-24 22:44:15,220 - picamera2.picamera2 - [picamera2.py:1391] - DEBUG - Execute job: <picamera2.job.Job object at 0x7f5d9ef3d0>
2026-06-24 22:44:15,225 - mazeUtils.device.camera - [camera.py:39] - DEBUG - Average HSV: H=111.1, S=140.4, V=227.7
2026-06-24 22:44:15,262 - mazeUtils.moveTile - [moveTile.py:79] - DEBUG - roll: 328.17999999999995 deg, practicalMoveTime: 1.5839713022299138 sec
2026-06-24 22:44:15,263 - mazeUtils.moveTile - [moveTile.py:1763] - DEBUG - moveTile loop time: 47.1 ms
2026-06-24 22:44:15,270 - picamera2.picamera2 - [picamera2.py:1391] - DEBUG - Execute job: <picamera2.job.Job object at 0x7f75ef8ed0>
2026-06-24 22:44:15,275 - mazeUtils.device.camera - [camera.py:39] - DEBUG - Average HSV: H=107.8, S=206.6, V=235.8
2026-06-24 22:44:15,310 - mazeUtils.moveTile - [moveTile.py:79] - DEBUG - roll: 327.07 deg, practicalMoveTime: 1.626984344630491 sec
2026-06-24 22:44:15,310 - mazeUtils.moveTile - [moveTile.py:1763] - DEBUG - moveTile loop time: 46.0 ms
2026-06-24 22:44:15,321 - picamera2.picamera2 - [picamera2.py:1391] - DEBUG - Execute job: <picamera2.job.Job object at 0x7f824aa690>
2026-06-24 22:44:15,326 - mazeUtils.device.camera - [camera.py:39] - DEBUG - Average HSV: H=109.9, S=185.5, V=213.9
2026-06-24 22:44:15,370 - picamera2.picamera2 - [picamera2.py:1391] - DEBUG - Execute job: <picamera2.job.Job object at 0x7f67d0f1d0>
2026-06-24 22:44:15,375 - mazeUtils.device.camera - [camera.py:39] - DEBUG - Average HSV: H=108.2, S=208.3, V=213.3
2026-06-24 22:44:15,410 - mazeUtils.moveTile - [moveTile.py:79] - DEBUG - roll: 324.15 deg, practicalMoveTime: 1.7187922060788532 sec
2026-06-24 22:44:15,411 - mazeUtils.moveTile - [moveTile.py:1763] - DEBUG - moveTile loop time: 46.7 ms
2026-06-24 22:44:15,422 - picamera2.picamera2 - [picamera2.py:1391] - DEBUG - Execute job: <picamera2.job.Job object at 0x7f75936910>
2026-06-24 22:44:15,426 - mazeUtils.device.camera - [camera.py:39] - DEBUG - Average HSV: H=107.7, S=210.6, V=216.4
2026-06-24 22:44:15,463 - mazeUtils.moveTile - [moveTile.py:79] - DEBUG - roll: 318.37 deg, practicalMoveTime: 1.7644288469925766 sec
2026-06-24 22:44:15,464 - mazeUtils.moveTile - [moveTile.py:1763] - DEBUG - moveTile loop time: 53.1 ms
2026-06-24 22:44:15,470 - picamera2.picamera2 - [picamera2.py:1391] - DEBUG - Execute job: <picamera2.job.Job object at 0x7f824aa690>
2026-06-24 22:44:15,475 - mazeUtils.device.camera - [camera.py:39] - DEBUG - Average HSV: H=108.1, S=225.4, V=206.9
2026-06-24 22:44:15,512 - mazeUtils.moveTile - [moveTile.py:79] - DEBUG - roll: 316.22999999999996 deg, practicalMoveTime: 1.80246819763014 sec
2026-06-24 22:44:15,513 - mazeUtils.moveTile - [moveTile.py:1763] - DEBUG - moveTile loop time: 48.4 ms
2026-06-24 22:44:15,518 - picamera2.picamera2 - [picamera2.py:1391] - DEBUG - Execute job: <picamera2.job.Job object at 0x7f75936910>
2026-06-24 22:44:15,523 - mazeUtils.device.camera - [camera.py:39] - DEBUG - Average HSV: H=107.9, S=226.6, V=197.7
2026-06-24 22:44:15,559 - mazeUtils.moveTile - [moveTile.py:79] - DEBUG - roll: 321.63 deg, practicalMoveTime: 1.8412737833473676 sec
2026-06-24 22:44:15,560 - mazeUtils.moveTile - [moveTile.py:1763] - DEBUG - moveTile loop time: 45.9 ms
2026-06-24 22:44:15,565 - picamera2.picamera2 - [picamera2.py:1391] - DEBUG - Execute job: <picamera2.job.Job object at 0x7f5d9fec90>
2026-06-24 22:44:15,570 - mazeUtils.device.camera - [camera.py:39] - DEBUG - Average HSV: H=120.2, S=126.1, V=31.9
2026-06-24 22:44:15,605 - mazeUtils.moveTile - [moveTile.py:79] - DEBUG - roll: 327.38 deg, practicalMoveTime: 1.8812903467435984 sec
2026-06-24 22:44:15,605 - mazeUtils.moveTile - [moveTile.py:1763] - DEBUG - moveTile loop time: 44.8 ms
2026-06-24 22:44:15,611 - picamera2.picamera2 - [picamera2.py:1391] - DEBUG - Execute job: <picamera2.job.Job object at 0x7f5d9fec90>
2026-06-24 22:44:15,615 - mazeUtils.device.camera - [camera.py:39] - DEBUG - Average HSV: H=108.8, S=208.1, V=182.1
2026-06-24 22:44:15,652 - mazeUtils.moveTile - [moveTile.py:79] - DEBUG - roll: 332.84 deg, practicalMoveTime: 1.9260096485388967 sec
2026-06-24 22:44:15,653 - mazeUtils.moveTile - [moveTile.py:1763] - DEBUG - moveTile loop time: 46.8 ms
2026-06-24 22:44:15,660 - picamera2.picamera2 - [picamera2.py:1391] - DEBUG - Execute job: <picamera2.job.Job object at 0x7f5dace990>
2026-06-24 22:44:15,664 - mazeUtils.device.camera - [camera.py:39] - DEBUG - Average HSV: H=108.0, S=210.4, V=210.6
2026-06-24 22:44:15,701 - mazeUtils.moveTile - [moveTile.py:79] - DEBUG - roll: 344.96 deg, practicalMoveTime: 1.976459477215852 sec
2026-06-24 22:44:15,701 - mazeUtils.moveTile - [moveTile.py:1763] - DEBUG - moveTile loop time: 48.5 ms
2026-06-24 22:44:15,707 - picamera2.picamera2 - [picamera2.py:1391] - DEBUG - Execute job: <picamera2.job.Job object at 0x7f76041650>
2026-06-24 22:44:15,711 - mazeUtils.device.camera - [camera.py:39] - DEBUG - Average HSV: H=107.7, S=211.0, V=213.9
2026-06-24 22:44:15,747 - mazeUtils.moveTile - [moveTile.py:79] - DEBUG - roll: 348.02 deg, practicalMoveTime: 2.0254005430724367 sec
2026-06-24 22:44:15,748 - mazeUtils.moveTile - [moveTile.py:1763] - DEBUG - moveTile loop time: 45.8 ms
2026-06-24 22:44:15,753 - picamera2.picamera2 - [picamera2.py:1391] - DEBUG - Execute job: <picamera2.job.Job object at 0x7f67d0f1d0>
2026-06-24 22:44:15,758 - mazeUtils.device.camera - [camera.py:39] - DEBUG - Average HSV: H=108.5, S=200.9, V=210.1
2026-06-24 22:44:15,800 - mazeUtils.moveTile - [moveTile.py:79] - DEBUG - roll: 353.5 deg, practicalMoveTime: 2.0771761539577005 sec
2026-06-24 22:44:15,801 - mazeUtils.moveTile - [moveTile.py:1763] - DEBUG - moveTile loop time: 52.9 ms
2026-06-24 22:44:15,806 - picamera2.picamera2 - [picamera2.py:1391] - DEBUG - Execute job: <picamera2.job.Job object at 0x7f428dcf90>
2026-06-24 22:44:15,812 - mazeUtils.device.camera - [camera.py:39] - DEBUG - Average HSV: H=109.0, S=186.4, V=211.0
2026-06-24 22:44:15,846 - mazeUtils.moveTile - [moveTile.py:79] - DEBUG - roll: 356.12 deg, practicalMoveTime: 2.122133332750687 sec
2026-06-24 22:44:15,847 - mazeUtils.moveTile - [moveTile.py:1763] - DEBUG - moveTile loop time: 45.5 ms
2026-06-24 22:44:15,854 - picamera2.picamera2 - [picamera2.py:1391] - DEBUG - Execute job: <picamera2.job.Job object at 0x7f428dcf90>
2026-06-24 22:44:15,859 - mazeUtils.device.camera - [camera.py:39] - DEBUG - Average HSV: H=110.8, S=137.4, V=211.2
2026-06-24 22:44:15,898 - mazeUtils.moveTile - [moveTile.py:79] - DEBUG - roll: 358.75 deg, practicalMoveTime: 2.172706375184138 sec
2026-06-24 22:44:15,898 - mazeUtils.moveTile - [moveTile.py:1763] - DEBUG - moveTile loop time: 50.1 ms
2026-06-24 22:44:15,903 - picamera2.picamera2 - [picamera2.py:1391] - DEBUG - Execute job: <picamera2.job.Job object at 0x7f5d9fec90>
2026-06-24 22:44:15,907 - mazeUtils.device.camera - [camera.py:39] - DEBUG - Average HSV: H=112.6, S=126.6, V=203.8
2026-06-24 22:44:15,946 - mazeUtils.moveTile - [moveTile.py:79] - DEBUG - roll: 2.2999999999999545 deg, practicalMoveTime: 2.220581322143665 sec
2026-06-24 22:44:15,947 - mazeUtils.moveTile - [moveTile.py:1763] - DEBUG - moveTile loop time: 48.3 ms
2026-06-24 22:44:15,951 - picamera2.picamera2 - [picamera2.py:1391] - DEBUG - Execute job: <picamera2.job.Job object at 0x7f7596d390>
2026-06-24 22:44:15,956 - mazeUtils.device.camera - [camera.py:39] - DEBUG - Average HSV: H=114.5, S=113.4, V=195.5
2026-06-24 22:44:15,992 - mazeUtils.moveTile - [moveTile.py:79] - DEBUG - roll: 2.009999999999991 deg, practicalMoveTime: 2.265735780008058 sec
2026-06-24 22:44:15,993 - mazeUtils.moveTile - [moveTile.py:1763] - DEBUG - moveTile loop time: 45.4 ms
2026-06-24 22:44:16,002 - picamera2.picamera2 - [picamera2.py:1391] - DEBUG - Execute job: <picamera2.job.Job object at 0x7f76041650>
2026-06-24 22:44:16,006 - mazeUtils.device.camera - [camera.py:39] - DEBUG - Average HSV: H=114.1, S=117.0, V=196.7
2026-06-24 22:44:16,044 - mazeUtils.moveTile - [moveTile.py:79] - DEBUG - roll: 0.6399999999999864 deg, practicalMoveTime: 2.3166354769571833 sec
2026-06-24 22:44:16,045 - mazeUtils.moveTile - [moveTile.py:1763] - DEBUG - moveTile loop time: 51.5 ms
2026-06-24 22:44:16,049 - picamera2.picamera2 - [picamera2.py:1391] - DEBUG - Execute job: <picamera2.job.Job object at 0x7f824aa690>
2026-06-24 22:44:16,055 - mazeUtils.device.camera - [camera.py:39] - DEBUG - Average HSV: H=112.7, S=131.2, V=200.3
2026-06-24 22:44:16,090 - mazeUtils.moveTile - [moveTile.py:79] - DEBUG - roll: 2.3799999999999955 deg, practicalMoveTime: 2.3623372073416458 sec
2026-06-24 22:44:16,091 - mazeUtils.moveTile - [moveTile.py:1763] - DEBUG - moveTile loop time: 46.2 ms
2026-06-24 22:44:16,101 - picamera2.picamera2 - [picamera2.py:1391] - DEBUG - Execute job: <picamera2.job.Job object at 0x7f67d0f1d0>
2026-06-24 22:44:16,105 - mazeUtils.device.camera - [camera.py:39] - DEBUG - Average HSV: H=114.4, S=117.4, V=194.5
2026-06-24 22:44:16,148 - mazeUtils.moveTile - [moveTile.py:79] - DEBUG - roll: 1.5399999999999636 deg, practicalMoveTime: 2.4192730731919405 sec
2026-06-24 22:44:16,149 - mazeUtils.moveTile - [moveTile.py:1763] - DEBUG - moveTile loop time: 57.2 ms
2026-06-24 22:44:16,154 - picamera2.picamera2 - [picamera2.py:1391] - DEBUG - Execute job: <picamera2.job.Job object at 0x7f75936910>
2026-06-24 22:44:16,160 - mazeUtils.device.camera - [camera.py:39] - DEBUG - Average HSV: H=113.3, S=129.9, V=196.0
2026-06-24 22:44:16,203 - mazeUtils.moveTile - [moveTile.py:1636] - INFO - practicalVerticalMove: 4.051535808871424 CM
2026-06-24 22:44:16,581 - mazeUtils.moveTile - [moveTile.py:1887] - INFO - Detected stairs, set slope with 0cm height difference
2026-06-24 22:44:16,651 - mazeUtils.moveTile - [moveTile.py:552] - DEBUG - Direction: absDirection.NORTH, Angle: 0, Distance: 29.53273439855439 cm
2026-06-24 22:44:16,652 - mazeUtils.moveTile - [moveTile.py:574] - DEBUG - Front LiDAR distance: 29.53273439855439 cm, TSD10 distance: 18.8 cm
2026-06-24 22:44:16,654 - mazeUtils.moveTile - [moveTile.py:552] - DEBUG - Direction: absDirection.EAST, Angle: 270, Distance: 21.674177688940556 cm
2026-06-24 22:44:16,656 - mazeUtils.moveTile - [moveTile.py:552] - DEBUG - Direction: absDirection.SOUTH, Angle: 180, Distance: 55.84193091982851 cm
2026-06-24 22:44:16,658 - mazeUtils.moveTile - [moveTile.py:552] - DEBUG - Direction: absDirection.WEST, Angle: 90, Distance: 52.175846594173095 cm
2026-06-24 22:44:16,661 - mazeUtils.moveTile - [moveTile.py:2119] - INFO - Tile color detection, decided tile type: E
2026-06-24 22:44:16,729 - __main__ - [main.py:105] - INFO - Current position: (20, 16, 0), front direction: absDirection.NORTH
Layer 0 (altitude=0.0cm, offset=(0.0cm, 0.0cm)):
Known map area: x=20..20, y=16..20
+---+
  @ |
+   +
  U  
+   +
  U  
+   +
  E |
+   +
| S |
+---+
mazeAsGraph[0][16][20] = {absDirection.NORTH: None, absDirection.EAST: None, absDirection.SOUTH: (20, 19, 0, 90), absDirection.WEST: (19, 16, 0, 30)}
mazeAsGraph[0][19][20] = {absDirection.NORTH: (20, 16, 0, 90), absDirection.EAST: None, absDirection.SOUTH: (20, 20, 0, 30), absDirection.WEST: (19, 19, 0, 30)}
mazeAsGraph[0][20][20] = {absDirection.NORTH: (20, 19, 0, 30), absDirection.EAST: None, absDirection.SOUTH: None, absDirection.WEST: None}
2026-06-24 22:44:16,737 - mazeUtils.mazeMap - [mazeMap.py:61] - INFO - next goal: (19, 16, 0)
2026-06-24 22:44:16,748 - mazeUtils.moveTile - [moveTile.py:79] - DEBUG - Moving to absDirection.WEST from (20, 16, 0) facing absDirection.NORTH
2026-06-24 22:44:16,775 - mazeUtils.moveTile - [moveTile.py:79] - DEBUG - current heading: 0.2600000000000051 target: 90
2026-06-24 22:44:17,968 - mazeUtils.moveTile - [moveTile.py:426] - DEBUG - stopped turning at heading: 84.6, diff: 5.400000000000006
2026-06-24 22:44:18,021 - mazeUtils.moveTile - [moveTile.py:79] - DEBUG - Turned to heading: 88.19 deg
2026-06-24 22:44:18,063 - mazeUtils.moveTile - [moveTile.py:79] - DEBUG - Little backward to adjust position
2026-06-24 22:44:19,138 - picamera2.picamera2 - [picamera2.py:1391] - DEBUG - Execute job: <picamera2.job.Job object at 0x7f5c986550>
2026-06-24 22:44:19,142 - mazeUtils.device.camera - [camera.py:39] - DEBUG - Average HSV: H=118.3, S=96.3, V=127.5
2026-06-24 22:44:19,179 - mazeUtils.moveTile - [moveTile.py:79] - DEBUG - roll: 1.669999999999959 deg, practicalMoveTime: 0.04595175252990782 sec
2026-06-24 22:44:19,180 - mazeUtils.moveTile - [moveTile.py:1763] - DEBUG - moveTile loop time: 46.1 ms
2026-06-24 22:44:19,187 - picamera2.picamera2 - [picamera2.py:1391] - DEBUG - Execute job: <picamera2.job.Job object at 0x7f67d0f110>
2026-06-24 22:44:19,190 - mazeUtils.device.camera - [camera.py:39] - DEBUG - Average HSV: H=118.5, S=101.1, V=112.5
2026-06-24 22:44:19,222 - mazeUtils.moveTile - [moveTile.py:79] - DEBUG - roll: 2.1399999999999864 deg, practicalMoveTime: 0.08834319386431246 sec
2026-06-24 22:44:19,223 - mazeUtils.moveTile - [moveTile.py:1763] - DEBUG - moveTile loop time: 42.7 ms
2026-06-24 22:44:19,228 - picamera2.picamera2 - [picamera2.py:1391] - DEBUG - Execute job: <picamera2.job.Job object at 0x7f5c986550>
2026-06-24 22:44:19,232 - mazeUtils.device.camera - [camera.py:39] - DEBUG - Average HSV: H=118.0, S=109.4, V=89.9
2026-06-24 22:44:19,275 - mazeUtils.moveTile - [moveTile.py:79] - DEBUG - roll: 1.169999999999959 deg, practicalMoveTime: 0.14089337910363642 sec
2026-06-24 22:44:19,276 - mazeUtils.moveTile - [moveTile.py:1763] - DEBUG - moveTile loop time: 52.8 ms
2026-06-24 22:44:19,286 - picamera2.picamera2 - [picamera2.py:1391] - DEBUG - Execute job: <picamera2.job.Job object at 0x7f5c985a90>
2026-06-24 22:44:19,289 - mazeUtils.device.camera - [camera.py:39] - DEBUG - Average HSV: H=117.6, S=132.1, V=27.0
2026-06-24 22:44:19,321 - mazeUtils.moveTile - [moveTile.py:79] - DEBUG - roll: 2.7100000000000364 deg, practicalMoveTime: 0.18613096450989158 sec
2026-06-24 22:44:19,321 - mazeUtils.moveTile - [moveTile.py:1763] - DEBUG - moveTile loop time: 45.5 ms
2026-06-24 22:44:19,327 - picamera2.picamera2 - [picamera2.py:1391] - DEBUG - Execute job: <picamera2.job.Job object at 0x7f5c986550>
2026-06-24 22:44:19,330 - mazeUtils.device.camera - [camera.py:39] - DEBUG - Average HSV: H=116.9, S=143.3, V=30.4
2026-06-24 22:44:19,370 - mazeUtils.moveTile - [moveTile.py:79] - DEBUG - roll: 2.2000000000000455 deg, practicalMoveTime: 0.23497650543066967 sec
2026-06-24 22:44:19,371 - mazeUtils.moveTile - [moveTile.py:1763] - DEBUG - moveTile loop time: 49.2 ms
2026-06-24 22:44:19,376 - picamera2.picamera2 - [picamera2.py:1391] - DEBUG - Execute job: <picamera2.job.Job object at 0x7f428dcf90>
2026-06-24 22:44:19,379 - mazeUtils.device.camera - [camera.py:39] - DEBUG - Average HSV: H=116.5, S=154.8, V=31.6
2026-06-24 22:44:19,408 - mazeUtils.moveTile - [moveTile.py:215] - WARNING - Escape from obstacle on Side.RIGHT side
2026-06-24 22:44:20,095 - mazeUtils.moveTile - [moveTile.py:1616] - DEBUG - Obstacle escape adjustment: 0.07241749475524195
2026-06-24 22:44:20,201 - mazeUtils.moveTile - [moveTile.py:79] - DEBUG - roll: 2.4400000000000546 deg, practicalMoveTime: 0.15193503514916873 sec
2026-06-24 22:44:20,201 - mazeUtils.moveTile - [moveTile.py:1763] - DEBUG - moveTile loop time: 830.1 ms
2026-06-24 22:44:20,207 - picamera2.picamera2 - [picamera2.py:1391] - DEBUG - Execute job: <picamera2.job.Job object at 0x7f67d0f1d0>
2026-06-24 22:44:20,210 - mazeUtils.device.camera - [camera.py:39] - DEBUG - Average HSV: H=118.6, S=128.3, V=29.8
2026-06-24 22:44:20,248 - mazeUtils.moveTile - [moveTile.py:215] - WARNING - Escape from obstacle on Side.RIGHT side
2026-06-24 22:44:20,926 - mazeUtils.moveTile - [moveTile.py:1616] - DEBUG - Obstacle escape adjustment: 0.07233717218806485
2026-06-24 22:44:21,033 - mazeUtils.moveTile - [moveTile.py:79] - DEBUG - roll: 1.6399999999999864 deg, practicalMoveTime: 0.07885903040111006 sec
2026-06-24 22:44:21,034 - mazeUtils.moveTile - [moveTile.py:1763] - DEBUG - moveTile loop time: 831.7 ms
2026-06-24 22:44:21,043 - picamera2.picamera2 - [picamera2.py:1391] - DEBUG - Execute job: <picamera2.job.Job object at 0x7f67d0f110>
2026-06-24 22:44:21,048 - mazeUtils.device.camera - [camera.py:39] - DEBUG - Average HSV: H=120.7, S=112.2, V=24.6
2026-06-24 22:44:21,091 - mazeUtils.moveTile - [moveTile.py:79] - DEBUG - roll: 1.419999999999959 deg, practicalMoveTime: 0.1364255483052987 sec
2026-06-24 22:44:21,092 - mazeUtils.moveTile - [moveTile.py:1763] - DEBUG - moveTile loop time: 57.8 ms
2026-06-24 22:44:21,102 - picamera2.picamera2 - [picamera2.py:1391] - DEBUG - Execute job: <picamera2.job.Job object at 0x7f67d0f110>
2026-06-24 22:44:21,106 - mazeUtils.device.camera - [camera.py:39] - DEBUG - Average HSV: H=119.5, S=116.0, V=23.5
2026-06-24 22:44:21,141 - mazeUtils.moveTile - [moveTile.py:79] - DEBUG - roll: 1.7699999999999818 deg, practicalMoveTime: 0.18533487787680658 sec
2026-06-24 22:44:21,141 - mazeUtils.moveTile - [moveTile.py:1763] - DEBUG - moveTile loop time: 49.2 ms
2026-06-24 22:44:21,146 - picamera2.picamera2 - [picamera2.py:1391] - DEBUG - Execute job: <picamera2.job.Job object at 0x7f428dcf90>
2026-06-24 22:44:21,150 - mazeUtils.device.camera - [camera.py:39] - DEBUG - Average HSV: H=118.8, S=122.0, V=28.2
2026-06-24 22:44:21,186 - mazeUtils.moveTile - [moveTile.py:79] - DEBUG - roll: 359.78999999999996 deg, practicalMoveTime: 0.2305098257845352 sec
2026-06-24 22:44:21,187 - mazeUtils.moveTile - [moveTile.py:1763] - DEBUG - moveTile loop time: 45.4 ms
2026-06-24 22:44:21,192 - picamera2.picamera2 - [picamera2.py:1391] - DEBUG - Execute job: <picamera2.job.Job object at 0x7f67d0f110>
2026-06-24 22:44:21,195 - mazeUtils.device.camera - [camera.py:39] - DEBUG - Average HSV: H=118.3, S=128.7, V=31.2
2026-06-24 22:44:21,229 - mazeUtils.moveTile - [moveTile.py:79] - DEBUG - roll: 1.6800000000000637 deg, practicalMoveTime: 0.2722786854999294 sec
2026-06-24 22:44:21,229 - mazeUtils.moveTile - [moveTile.py:1763] - DEBUG - moveTile loop time: 42.1 ms
2026-06-24 22:44:21,234 - picamera2.picamera2 - [picamera2.py:1391] - DEBUG - Execute job: <picamera2.job.Job object at 0x7f75936910>
2026-06-24 22:44:21,237 - mazeUtils.device.camera - [camera.py:39] - DEBUG - Average HSV: H=117.9, S=135.0, V=35.1
2026-06-24 22:44:21,289 - mazeUtils.moveTile - [moveTile.py:240] - INFO - Black tile detected! Stopping movement. Starting escape maneuver.
2026-06-24 22:44:21,606 - mazeUtils.moveTile - [moveTile.py:79] - DEBUG - Escape maneuver complete.
2026-06-24 22:44:21,625 - __main__ - [main.py:105] - INFO - Current position: (20, 16, 0), front direction: absDirection.WEST
Layer 0 (altitude=0.0cm, offset=(0.0cm, 0.0cm)):
Known map area: x=19..20, y=16..20
+   +---+
  B   @ |
+   +   +
  U   U  
+   +   +
  U   U  
+   +   +
  U   E |
+   +   +
  U | S |
+   +---+
mazeAsGraph[0][16][19] = {absDirection.NORTH: None, absDirection.EAST: None, absDirection.SOUTH: None, absDirection.WEST: None}
mazeAsGraph[0][16][20] = {absDirection.NORTH: None, absDirection.EAST: None, absDirection.SOUTH: (20, 19, 0, 90), absDirection.WEST: None}
mazeAsGraph[0][19][20] = {absDirection.NORTH: (20, 16, 0, 90), absDirection.EAST: None, absDirection.SOUTH: (20, 20, 0, 30), absDirection.WEST: (19, 19, 0, 30)}
mazeAsGraph[0][20][20] = {absDirection.NORTH: (20, 19, 0, 30), absDirection.EAST: None, absDirection.SOUTH: None, absDirection.WEST: None}
2026-06-24 22:44:21,631 - mazeUtils.mazeMap - [mazeMap.py:61] - INFO - next goal: (19, 19, 0)
2026-06-24 22:44:21,639 - mazeUtils.moveTile - [moveTile.py:79] - DEBUG - Moving to absDirection.SOUTH from (20, 16, 0) facing absDirection.WEST
2026-06-24 22:44:21,643 - mazeUtils.moveTile - [moveTile.py:79] - DEBUG - Turning to 180 deg, current heading: 105.77000000000001 deg, turnAngle: -74.22999999999999 deg
2026-06-24 22:44:21,669 - mazeUtils.moveTile - [moveTile.py:79] - DEBUG - gyro:105.76000000000002 deg, derivative: -0.009999999999990905, turnSpeed: -100
2026-06-24 22:44:21,694 - mazeUtils.moveTile - [moveTile.py:79] - DEBUG - gyro:105.67000000000002 deg, derivative: -0.09000000000000341, turnSpeed: -100
2026-06-24 22:44:21,723 - mazeUtils.moveTile - [moveTile.py:79] - DEBUG - gyro:105.14000000000001 deg, derivative: -0.5300000000000011, turnSpeed: -100
2026-06-24 22:44:21,752 - mazeUtils.moveTile - [moveTile.py:79] - DEBUG - gyro:104.74000000000001 deg, derivative: -0.4000000000000057, turnSpeed: -100
2026-06-24 22:44:21,778 - mazeUtils.moveTile - [moveTile.py:79] - DEBUG - gyro:105.94 deg, derivative: 1.1999999999999886, turnSpeed: -100
2026-06-24 22:44:21,804 - mazeUtils.moveTile - [moveTile.py:79] - DEBUG - gyro:109.29000000000002 deg, derivative: 3.3500000000000227, turnSpeed: -100
2026-06-24 22:44:21,837 - mazeUtils.moveTile - [moveTile.py:79] - DEBUG - gyro:113.07 deg, derivative: 3.7799999999999727, turnSpeed: -100
2026-06-24 22:44:21,860 - mazeUtils.moveTile - [moveTile.py:79] - DEBUG - gyro:118.16 deg, derivative: 5.090000000000003, turnSpeed: -100
2026-06-24 22:44:21,889 - mazeUtils.moveTile - [moveTile.py:79] - DEBUG - gyro:121.53 deg, derivative: 3.3700000000000045, turnSpeed: -100
2026-06-24 22:44:21,913 - mazeUtils.moveTile - [moveTile.py:79] - DEBUG - gyro:124.01000000000002 deg, derivative: 2.480000000000018, turnSpeed: -100
2026-06-24 22:44:21,940 - mazeUtils.moveTile - [moveTile.py:79] - DEBUG - gyro:127.12 deg, derivative: 3.109999999999985, turnSpeed: -100
2026-06-24 22:44:21,970 - mazeUtils.moveTile - [moveTile.py:79] - DEBUG - gyro:130.84 deg, derivative: 3.719999999999999, turnSpeed: -98.32
2026-06-24 22:44:21,994 - mazeUtils.moveTile - [moveTile.py:79] - DEBUG - gyro:133.98000000000002 deg, derivative: 3.140000000000015, turnSpeed: -92.03999999999996
2026-06-24 22:44:22,017 - mazeUtils.moveTile - [moveTile.py:79] - DEBUG - gyro:137.68 deg, derivative: 3.6999999999999886, turnSpeed: -84.63999999999999
2026-06-24 22:44:22,041 - mazeUtils.moveTile - [moveTile.py:79] - DEBUG - gyro:139.88 deg, derivative: 2.1999999999999886, turnSpeed: -80.24000000000001
2026-06-24 22:44:22,071 - mazeUtils.moveTile - [moveTile.py:79] - DEBUG - gyro:142.86 deg, derivative: 2.980000000000018, turnSpeed: -74.27999999999997
2026-06-24 22:44:22,101 - mazeUtils.moveTile - [moveTile.py:79] - DEBUG - gyro:145.91 deg, derivative: 3.049999999999983, turnSpeed: -68.18
2026-06-24 22:44:22,128 - mazeUtils.moveTile - [moveTile.py:79] - DEBUG - gyro:149.09 deg, derivative: 3.180000000000007, turnSpeed: -61.81999999999999
2026-06-24 22:44:22,152 - mazeUtils.moveTile - [moveTile.py:79] - DEBUG - gyro:151.94 deg, derivative: 2.8499999999999943, turnSpeed: -56.120000000000005
2026-06-24 22:44:22,178 - mazeUtils.moveTile - [moveTile.py:79] - DEBUG - gyro:154.16 deg, derivative: 2.219999999999999, turnSpeed: -51.68000000000001
2026-06-24 22:44:22,208 - mazeUtils.moveTile - [moveTile.py:79] - DEBUG - gyro:156.21 deg, derivative: 2.0500000000000114, turnSpeed: -47.579999999999984
2026-06-24 22:44:22,232 - mazeUtils.moveTile - [moveTile.py:79] - DEBUG - gyro:158.46 deg, derivative: 2.25, turnSpeed: -43.079999999999984
2026-06-24 22:44:22,260 - mazeUtils.moveTile - [moveTile.py:79] - DEBUG - gyro:160.18 deg, derivative: 1.7199999999999989, turnSpeed: -39.639999999999986
2026-06-24 22:44:22,286 - mazeUtils.moveTile - [moveTile.py:79] - DEBUG - gyro:162.38 deg, derivative: 2.1999999999999886, turnSpeed: -35.24000000000001
2026-06-24 22:44:22,315 - mazeUtils.moveTile - [moveTile.py:79] - DEBUG - gyro:163.79000000000002 deg, derivative: 1.410000000000025, turnSpeed: -32.41999999999996
2026-06-24 22:44:22,339 - mazeUtils.moveTile - [moveTile.py:79] - DEBUG - gyro:165.70000000000002 deg, derivative: 1.9099999999999966, turnSpeed: -28.599999999999966
2026-06-24 22:44:22,370 - mazeUtils.moveTile - [moveTile.py:79] - DEBUG - gyro:167.10000000000002 deg, derivative: 1.4000000000000057, turnSpeed: -25.799999999999955
2026-06-24 22:44:22,395 - mazeUtils.moveTile - [moveTile.py:79] - DEBUG - gyro:168.64 deg, derivative: 1.5399999999999636, turnSpeed: -22.720000000000027
2026-06-24 22:44:22,422 - mazeUtils.moveTile - [moveTile.py:79] - DEBUG - gyro:169.99 deg, derivative: 1.3500000000000227, turnSpeed: -20.019999999999982
2026-06-24 22:44:22,454 - mazeUtils.moveTile - [moveTile.py:79] - DEBUG - gyro:171.26 deg, derivative: 1.2699999999999818, turnSpeed: -17.480000000000018
2026-06-24 22:44:22,483 - mazeUtils.moveTile - [moveTile.py:79] - DEBUG - gyro:172.45 deg, derivative: 1.1899999999999977, turnSpeed: -15.100000000000023
2026-06-24 22:44:22,509 - mazeUtils.moveTile - [moveTile.py:79] - DEBUG - gyro:173.47000000000003 deg, derivative: 1.0200000000000387, turnSpeed: -13.059999999999945
2026-06-24 22:44:22,539 - mazeUtils.moveTile - [moveTile.py:79] - DEBUG - gyro:174.19 deg, derivative: 0.7199999999999704, turnSpeed: -11.620000000000005
2026-06-24 22:44:22,569 - mazeUtils.moveTile - [moveTile.py:79] - DEBUG - gyro:174.64 deg, derivative: 0.44999999999998863, turnSpeed: -10.720000000000027
2026-06-24 22:44:22,593 - mazeUtils.moveTile - [moveTile.py:79] - DEBUG - gyro:175.40000000000003 deg, derivative: 0.7600000000000477, turnSpeed: -9.199999999999932
2026-06-24 22:44:22,624 - mazeUtils.moveTile - [moveTile.py:79] - DEBUG - gyro:175.76999999999998 deg, derivative: 0.3699999999999477, turnSpeed: -8.460000000000036
2026-06-24 22:44:22,653 - mazeUtils.moveTile - [moveTile.py:79] - DEBUG - gyro:176.16000000000003 deg, derivative: 0.3900000000000432, turnSpeed: -7.67999999999995
2026-06-24 22:44:22,676 - mazeUtils.moveTile - [moveTile.py:79] - DEBUG - gyro:176.53000000000003 deg, derivative: 0.37000000000000455, turnSpeed: -6.939999999999941
2026-06-24 22:44:22,707 - mazeUtils.moveTile - [moveTile.py:79] - DEBUG - gyro:176.74 deg, derivative: 0.20999999999997954, turnSpeed: -6.519999999999982
2026-06-24 22:44:22,736 - mazeUtils.moveTile - [moveTile.py:79] - DEBUG - gyro:177.01 deg, derivative: 0.2699999999999818, turnSpeed: -5.980000000000018
2026-06-24 22:44:22,762 - mazeUtils.moveTile - [moveTile.py:79] - DEBUG - gyro:177.24 deg, derivative: 0.2300000000000182, turnSpeed: -5.519999999999982
2026-06-24 22:44:22,793 - mazeUtils.moveTile - [moveTile.py:79] - DEBUG - gyro:177.45999999999998 deg, derivative: 0.21999999999997044, turnSpeed: -5.080000000000041
2026-06-24 22:44:22,817 - mazeUtils.moveTile - [moveTile.py:79] - DEBUG - gyro:177.60000000000002 deg, derivative: 0.1400000000000432, turnSpeed: -4.7999999999999545
2026-06-24 22:44:22,844 - mazeUtils.moveTile - [moveTile.py:79] - DEBUG - gyro:177.78000000000003 deg, derivative: 0.18000000000000682, turnSpeed: -4.439999999999941
2026-06-24 22:44:22,868 - mazeUtils.moveTile - [moveTile.py:79] - DEBUG - gyro:177.95 deg, derivative: 0.16999999999995907, turnSpeed: -4.100000000000023
2026-06-24 22:44:22,891 - mazeUtils.moveTile - [moveTile.py:79] - DEBUG - gyro:178.07 deg, derivative: 0.12000000000000455, turnSpeed: -3.8600000000000136
2026-06-24 22:44:22,910 - mazeUtils.moveTile - [moveTile.py:79] - DEBUG - Turned to heading: 178.07 deg
2026-06-24 22:44:23,014 - mazeUtils.moveTile - [moveTile.py:1467] - DEBUG - Calculated target steps to next tile: 3 based on distance 90 cm
2026-06-24 22:44:23,020 - picamera2.picamera2 - [picamera2.py:1391] - DEBUG - Execute job: <picamera2.job.Job object at 0x7f5dab6250>
2026-06-24 22:44:23,024 - mazeUtils.device.camera - [camera.py:39] - DEBUG - Average HSV: H=118.1, S=50.2, V=227.0
2026-06-24 22:44:23,062 - mazeUtils.moveTile - [moveTile.py:79] - DEBUG - roll: 2.4500000000000455 deg, practicalMoveTime: 0.047143704919650246 sec
2026-06-24 22:44:23,062 - mazeUtils.moveTile - [moveTile.py:1763] - DEBUG - moveTile loop time: 46.5 ms
2026-06-24 22:44:23,068 - picamera2.picamera2 - [picamera2.py:1391] - DEBUG - Execute job: <picamera2.job.Job object at 0x7f424e0590>
2026-06-24 22:44:23,073 - mazeUtils.device.camera - [camera.py:39] - DEBUG - Average HSV: H=118.6, S=48.8, V=226.4
2026-06-24 22:44:23,110 - mazeUtils.moveTile - [moveTile.py:79] - DEBUG - roll: 2.5699999999999363 deg, practicalMoveTime: 0.09453263929689334 sec
2026-06-24 22:44:23,111 - mazeUtils.moveTile - [moveTile.py:1763] - DEBUG - moveTile loop time: 48.1 ms
2026-06-24 22:44:23,120 - picamera2.picamera2 - [picamera2.py:1391] - DEBUG - Execute job: <picamera2.job.Job object at 0x7f424e05d0>
2026-06-24 22:44:23,124 - mazeUtils.device.camera - [camera.py:39] - DEBUG - Average HSV: H=117.7, S=49.4, V=229.9
2026-06-24 22:44:23,158 - mazeUtils.moveTile - [moveTile.py:79] - DEBUG - roll: 1.4099999999999682 deg, practicalMoveTime: 0.141950853192526 sec
2026-06-24 22:44:23,158 - mazeUtils.moveTile - [moveTile.py:1763] - DEBUG - moveTile loop time: 47.1 ms
2026-06-24 22:44:23,163 - picamera2.picamera2 - [picamera2.py:1391] - DEBUG - Execute job: <picamera2.job.Job object at 0x7f75b88110>
2026-06-24 22:44:23,167 - mazeUtils.device.camera - [camera.py:39] - DEBUG - Average HSV: H=118.1, S=48.7, V=230.1
2026-06-24 22:44:23,200 - mazeUtils.moveTile - [moveTile.py:79] - DEBUG - roll: 2.4300000000000637 deg, practicalMoveTime: 0.18329504910143798 sec
2026-06-24 22:44:23,200 - mazeUtils.moveTile - [moveTile.py:1763] - DEBUG - moveTile loop time: 41.6 ms
2026-06-24 22:44:23,206 - picamera2.picamera2 - [picamera2.py:1391] - DEBUG - Execute job: <picamera2.job.Job object at 0x7f428dcf90>
2026-06-24 22:44:23,209 - mazeUtils.device.camera - [camera.py:39] - DEBUG - Average HSV: H=117.4, S=51.4, V=231.6
2026-06-24 22:44:23,242 - mazeUtils.moveTile - [moveTile.py:79] - DEBUG - roll: 0.6900000000000546 deg, practicalMoveTime: 0.2247515265401692 sec
2026-06-24 22:44:23,242 - mazeUtils.moveTile - [moveTile.py:1763] - DEBUG - moveTile loop time: 41.8 ms
2026-06-24 22:44:23,247 - picamera2.picamera2 - [picamera2.py:1391] - DEBUG - Execute job: <picamera2.job.Job object at 0x7f424e0550>
2026-06-24 22:44:23,251 - mazeUtils.device.camera - [camera.py:39] - DEBUG - Average HSV: H=114.9, S=71.7, V=233.7
2026-06-24 22:44:23,288 - mazeUtils.moveTile - [moveTile.py:79] - DEBUG - roll: 2.1800000000000637 deg, practicalMoveTime: 0.2706087608853384 sec
2026-06-24 22:44:23,289 - mazeUtils.moveTile - [moveTile.py:1763] - DEBUG - moveTile loop time: 46.2 ms
2026-06-24 22:44:23,295 - picamera2.picamera2 - [picamera2.py:1391] - DEBUG - Execute job: <picamera2.job.Job object at 0x7f424e0590>
2026-06-24 22:44:23,298 - mazeUtils.device.camera - [camera.py:39] - DEBUG - Average HSV: H=111.6, S=160.0, V=211.7
2026-06-24 22:44:23,331 - mazeUtils.moveTile - [moveTile.py:79] - DEBUG - roll: 2.339999999999918 deg, practicalMoveTime: 0.312331753129367 sec
2026-06-24 22:44:23,331 - mazeUtils.moveTile - [moveTile.py:1763] - DEBUG - moveTile loop time: 42.0 ms
2026-06-24 22:44:23,336 - picamera2.picamera2 - [picamera2.py:1391] - DEBUG - Execute job: <picamera2.job.Job object at 0x7f5c954a10>
2026-06-24 22:44:23,340 - mazeUtils.device.camera - [camera.py:39] - DEBUG - Average HSV: H=113.1, S=148.4, V=209.4
2026-06-24 22:44:23,380 - mazeUtils.moveTile - [moveTile.py:79] - DEBUG - roll: 0.9500000000000455 deg, practicalMoveTime: 0.36106783120270824 sec
2026-06-24 22:44:23,380 - mazeUtils.moveTile - [moveTile.py:1763] - DEBUG - moveTile loop time: 49.1 ms
2026-06-24 22:44:23,387 - picamera2.picamera2 - [picamera2.py:1391] - DEBUG - Execute job: <picamera2.job.Job object at 0x7f424e0550>
2026-06-24 22:44:23,390 - mazeUtils.device.camera - [camera.py:39] - DEBUG - Average HSV: H=112.7, S=139.4, V=220.9
2026-06-24 22:44:23,420 - mazeUtils.moveTile - [moveTile.py:79] - DEBUG - roll: 2.980000000000018 deg, practicalMoveTime: 0.40075356671600487 sec
2026-06-24 22:44:23,421 - mazeUtils.moveTile - [moveTile.py:1763] - DEBUG - moveTile loop time: 39.7 ms
2026-06-24 22:44:23,426 - picamera2.picamera2 - [picamera2.py:1391] - DEBUG - Execute job: <picamera2.job.Job object at 0x7f424e05d0>
2026-06-24 22:44:23,429 - mazeUtils.device.camera - [camera.py:39] - DEBUG - Average HSV: H=112.7, S=64.8, V=244.6
2026-06-24 22:44:23,460 - mazeUtils.moveTile - [moveTile.py:79] - DEBUG - roll: 2.740000000000009 deg, practicalMoveTime: 0.4401853111705579 sec
2026-06-24 22:44:23,461 - mazeUtils.moveTile - [moveTile.py:1763] - DEBUG - moveTile loop time: 39.9 ms
2026-06-24 22:44:23,467 - picamera2.picamera2 - [picamera2.py:1391] - DEBUG - Execute job: <picamera2.job.Job object at 0x7f5d9f6f90>
2026-06-24 22:44:23,472 - mazeUtils.device.camera - [camera.py:39] - DEBUG - Average HSV: H=114.6, S=71.3, V=226.7
2026-06-24 22:44:23,509 - mazeUtils.moveTile - [moveTile.py:79] - DEBUG - roll: 0.6299999999999955 deg, practicalMoveTime: 0.4881217676607847 sec
2026-06-24 22:44:23,509 - mazeUtils.moveTile - [moveTile.py:1763] - DEBUG - moveTile loop time: 48.1 ms
2026-06-24 22:44:23,515 - picamera2.picamera2 - [picamera2.py:1391] - DEBUG - Execute job: <picamera2.job.Job object at 0x7f5c985a90>
2026-06-24 22:44:23,518 - mazeUtils.device.camera - [camera.py:39] - DEBUG - Average HSV: H=112.5, S=170.2, V=198.0
2026-06-24 22:44:23,551 - mazeUtils.moveTile - [moveTile.py:79] - DEBUG - roll: 2.75 deg, practicalMoveTime: 0.5298283604899264 sec
2026-06-24 22:44:23,551 - mazeUtils.moveTile - [moveTile.py:1763] - DEBUG - moveTile loop time: 42.1 ms
2026-06-24 22:44:23,557 - picamera2.picamera2 - [picamera2.py:1391] - DEBUG - Execute job: <picamera2.job.Job object at 0x7f75b88110>
2026-06-24 22:44:23,560 - mazeUtils.device.camera - [camera.py:39] - DEBUG - Average HSV: H=114.8, S=153.2, V=159.6
2026-06-24 22:44:23,603 - mazeUtils.moveTile - [moveTile.py:79] - DEBUG - roll: 6.149999999999977 deg, practicalMoveTime: 0.5814532805694734 sec
2026-06-24 22:44:23,604 - mazeUtils.moveTile - [moveTile.py:1763] - DEBUG - moveTile loop time: 52.0 ms
2026-06-24 22:44:23,609 - picamera2.picamera2 - [picamera2.py:1391] - DEBUG - Execute job: <picamera2.job.Job object at 0x7f5dab6450>
2026-06-24 22:44:23,612 - mazeUtils.device.camera - [camera.py:39] - DEBUG - Average HSV: H=115.4, S=53.3, V=237.5
2026-06-24 22:44:23,643 - mazeUtils.moveTile - [moveTile.py:79] - DEBUG - roll: 7.639999999999986 deg, practicalMoveTime: 0.612765485456126 sec
2026-06-24 22:44:23,644 - mazeUtils.moveTile - [moveTile.py:1763] - DEBUG - moveTile loop time: 39.7 ms
2026-06-24 22:44:23,652 - picamera2.picamera2 - [picamera2.py:1391] - DEBUG - Execute job: <picamera2.job.Job object at 0x7f75b8aa90>
2026-06-24 22:44:23,655 - mazeUtils.device.camera - [camera.py:39] - DEBUG - Average HSV: H=112.5, S=160.6, V=209.0
2026-06-24 22:44:23,689 - mazeUtils.moveTile - [moveTile.py:79] - DEBUG - roll: 9.720000000000027 deg, practicalMoveTime: 0.6482106415653995 sec
2026-06-24 22:44:23,689 - mazeUtils.moveTile - [moveTile.py:1763] - DEBUG - moveTile loop time: 45.2 ms
2026-06-24 22:44:23,694 - picamera2.picamera2 - [picamera2.py:1391] - DEBUG - Execute job: <picamera2.job.Job object at 0x7f424e0590>
2026-06-24 22:44:23,697 - mazeUtils.device.camera - [camera.py:39] - DEBUG - Average HSV: H=113.8, S=155.6, V=196.5
2026-06-24 22:44:23,735 - mazeUtils.moveTile - [moveTile.py:79] - DEBUG - roll: 12.649999999999977 deg, practicalMoveTime: 0.6841398140603381 sec
2026-06-24 22:44:23,736 - mazeUtils.moveTile - [moveTile.py:1763] - DEBUG - moveTile loop time: 46.2 ms
2026-06-24 22:44:23,741 - picamera2.picamera2 - [picamera2.py:1391] - DEBUG - Execute job: <picamera2.job.Job object at 0x7f5d9f6f90>
2026-06-24 22:44:23,744 - mazeUtils.device.camera - [camera.py:39] - DEBUG - Average HSV: H=113.1, S=108.7, V=225.1
2026-06-24 22:44:23,781 - mazeUtils.moveTile - [moveTile.py:79] - DEBUG - roll: 15.759999999999991 deg, practicalMoveTime: 0.7190728386820435 sec
2026-06-24 22:44:23,781 - mazeUtils.moveTile - [moveTile.py:1763] - DEBUG - moveTile loop time: 45.2 ms
2026-06-24 22:44:23,788 - picamera2.picamera2 - [picamera2.py:1391] - DEBUG - Execute job: <picamera2.job.Job object at 0x7f5c954a10>
2026-06-24 22:44:23,791 - mazeUtils.device.camera - [camera.py:39] - DEBUG - Average HSV: H=111.2, S=163.7, V=219.5
2026-06-24 22:44:23,830 - mazeUtils.moveTile - [moveTile.py:79] - DEBUG - roll: 18.59999999999991 deg, practicalMoveTime: 0.7565046355328905 sec
2026-06-24 22:44:23,830 - mazeUtils.moveTile - [moveTile.py:1763] - DEBUG - moveTile loop time: 49.1 ms
2026-06-24 22:44:23,835 - picamera2.picamera2 - [picamera2.py:1391] - DEBUG - Execute job: <picamera2.job.Job object at 0x7f5dab6250>
2026-06-24 22:44:23,838 - mazeUtils.device.camera - [camera.py:39] - DEBUG - Average HSV: H=110.8, S=89.2, V=245.1
2026-06-24 22:44:23,879 - mazeUtils.moveTile - [moveTile.py:79] - DEBUG - roll: 20.980000000000018 deg, practicalMoveTime: 0.7929617303073285 sec
2026-06-24 22:44:23,879 - mazeUtils.moveTile - [moveTile.py:1763] - DEBUG - moveTile loop time: 48.5 ms
2026-06-24 22:44:23,884 - picamera2.picamera2 - [picamera2.py:1391] - DEBUG - Execute job: <picamera2.job.Job object at 0x7f424e0550>
2026-06-24 22:44:23,887 - mazeUtils.device.camera - [camera.py:39] - DEBUG - Average HSV: H=108.9, S=163.4, V=237.2
2026-06-24 22:44:23,920 - mazeUtils.moveTile - [moveTile.py:79] - DEBUG - roll: 21.819999999999936 deg, practicalMoveTime: 0.8235211658691934 sec
2026-06-24 22:44:23,921 - mazeUtils.moveTile - [moveTile.py:1763] - DEBUG - moveTile loop time: 41.3 ms
2026-06-24 22:44:23,928 - picamera2.picamera2 - [picamera2.py:1391] - DEBUG - Execute job: <picamera2.job.Job object at 0x7f424e0590>
2026-06-24 22:44:23,931 - mazeUtils.device.camera - [camera.py:39] - DEBUG - Average HSV: H=109.7, S=128.6, V=240.0
2026-06-24 22:44:23,964 - mazeUtils.moveTile - [moveTile.py:79] - DEBUG - roll: 27.399999999999977 deg, practicalMoveTime: 0.8540195168249001 sec
2026-06-24 22:44:23,964 - mazeUtils.moveTile - [moveTile.py:1763] - DEBUG - moveTile loop time: 43.1 ms
2026-06-24 22:44:23,970 - picamera2.picamera2 - [picamera2.py:1391] - DEBUG - Execute job: <picamera2.job.Job object at 0x7f5dab6450>
2026-06-24 22:44:23,973 - mazeUtils.device.camera - [camera.py:39] - DEBUG - Average HSV: H=107.7, S=154.0, V=248.0
2026-06-24 22:44:24,005 - mazeUtils.moveTile - [moveTile.py:79] - DEBUG - roll: 29.819999999999936 deg, practicalMoveTime: 0.8823981927140383 sec
2026-06-24 22:44:24,005 - mazeUtils.moveTile - [moveTile.py:1763] - DEBUG - moveTile loop time: 40.4 ms
2026-06-24 22:44:24,011 - picamera2.picamera2 - [picamera2.py:1391] - DEBUG - Execute job: <picamera2.job.Job object at 0x7f5dab6250>
2026-06-24 22:44:24,015 - mazeUtils.device.camera - [camera.py:39] - DEBUG - Average HSV: H=107.1, S=146.0, V=250.7
2026-06-24 22:44:24,045 - mazeUtils.moveTile - [moveTile.py:79] - DEBUG - roll: 32.460000000000036 deg, practicalMoveTime: 0.9089089295873685 sec
2026-06-24 22:44:24,045 - mazeUtils.moveTile - [moveTile.py:1763] - DEBUG - moveTile loop time: 39.5 ms
2026-06-24 22:44:24,055 - picamera2.picamera2 - [picamera2.py:1391] - DEBUG - Execute job: <picamera2.job.Job object at 0x7f424e05d0>
2026-06-24 22:44:24,059 - mazeUtils.device.camera - [camera.py:39] - DEBUG - Average HSV: H=107.2, S=150.1, V=249.6
2026-06-24 22:44:24,094 - mazeUtils.moveTile - [moveTile.py:79] - DEBUG - roll: 32.5 deg, practicalMoveTime: 0.9413087574729619 sec
2026-06-24 22:44:24,094 - mazeUtils.moveTile - [moveTile.py:1763] - DEBUG - moveTile loop time: 48.8 ms
2026-06-24 22:44:24,099 - picamera2.picamera2 - [picamera2.py:1391] - DEBUG - Execute job: <picamera2.job.Job object at 0x7f424e0590>
2026-06-24 22:44:24,103 - mazeUtils.device.camera - [camera.py:39] - DEBUG - Average HSV: H=107.2, S=149.6, V=249.2
2026-06-24 22:44:24,145 - mazeUtils.moveTile - [moveTile.py:79] - DEBUG - roll: 33.789999999999964 deg, practicalMoveTime: 0.9749852767866387 sec
2026-06-24 22:44:24,145 - mazeUtils.moveTile - [moveTile.py:1763] - DEBUG - moveTile loop time: 51.0 ms
2026-06-24 22:44:24,152 - picamera2.picamera2 - [picamera2.py:1391] - DEBUG - Execute job: <picamera2.job.Job object at 0x7f5c986550>
2026-06-24 22:44:24,155 - mazeUtils.device.camera - [camera.py:39] - DEBUG - Average HSV: H=117.0, S=100.9, V=207.0
2026-06-24 22:44:24,188 - mazeUtils.moveTile - [moveTile.py:79] - DEBUG - roll: 34.99000000000001 deg, practicalMoveTime: 1.0029941695738964 sec
2026-06-24 22:44:24,188 - mazeUtils.moveTile - [moveTile.py:1763] - DEBUG - moveTile loop time: 42.7 ms
2026-06-24 22:44:24,195 - picamera2.picamera2 - [picamera2.py:1391] - DEBUG - Execute job: <picamera2.job.Job object at 0x7f75b88110>
2026-06-24 22:44:24,198 - mazeUtils.device.camera - [camera.py:39] - DEBUG - Average HSV: H=139.1, S=61.7, V=57.2
2026-06-24 22:44:24,233 - mazeUtils.moveTile - [moveTile.py:79] - DEBUG - roll: 38.99000000000001 deg, practicalMoveTime: 1.031267501962179 sec
2026-06-24 22:44:24,233 - mazeUtils.moveTile - [moveTile.py:1763] - DEBUG - moveTile loop time: 45.0 ms
2026-06-24 22:44:24,238 - picamera2.picamera2 - [picamera2.py:1391] - DEBUG - Execute job: <picamera2.job.Job object at 0x7f5c954a10>
2026-06-24 22:44:24,242 - mazeUtils.device.camera - [camera.py:39] - DEBUG - Average HSV: H=88.1, S=83.9, V=57.1
2026-06-24 22:44:24,283 - mazeUtils.moveTile - [moveTile.py:79] - DEBUG - roll: 39.50999999999999 deg, practicalMoveTime: 1.0621536737813437 sec
2026-06-24 22:44:24,284 - mazeUtils.moveTile - [moveTile.py:1763] - DEBUG - moveTile loop time: 50.2 ms
2026-06-24 22:44:24,290 - picamera2.picamera2 - [picamera2.py:1391] - DEBUG - Execute job: <picamera2.job.Job object at 0x7f5dab6250>
2026-06-24 22:44:24,294 - mazeUtils.device.camera - [camera.py:39] - DEBUG - Average HSV: H=139.6, S=56.4, V=59.6
2026-06-24 22:44:24,332 - mazeUtils.moveTile - [moveTile.py:79] - DEBUG - roll: 38.940000000000055 deg, practicalMoveTime: 1.0919922660038648 sec
2026-06-24 22:44:24,333 - mazeUtils.moveTile - [moveTile.py:1763] - DEBUG - moveTile loop time: 48.5 ms
2026-06-24 22:44:24,342 - picamera2.picamera2 - [picamera2.py:1391] - DEBUG - Execute job: <picamera2.job.Job object at 0x7f424e05d0>
2026-06-24 22:44:24,346 - mazeUtils.device.camera - [camera.py:39] - DEBUG - Average HSV: H=154.1, S=71.5, V=49.9
2026-06-24 22:44:24,380 - mazeUtils.moveTile - [moveTile.py:79] - DEBUG - roll: 36.90999999999997 deg, practicalMoveTime: 1.1220827868133578 sec
2026-06-24 22:44:24,380 - mazeUtils.moveTile - [moveTile.py:1763] - DEBUG - moveTile loop time: 47.2 ms
2026-06-24 22:44:24,385 - picamera2.picamera2 - [picamera2.py:1391] - DEBUG - Execute job: <picamera2.job.Job object at 0x7f428dcf90>
2026-06-24 22:44:24,388 - mazeUtils.device.camera - [camera.py:39] - DEBUG - Average HSV: H=152.9, S=76.6, V=48.0
2026-06-24 22:44:24,423 - mazeUtils.moveTile - [moveTile.py:79] - DEBUG - roll: 36.889999999999986 deg, practicalMoveTime: 1.1493219524703038 sec
2026-06-24 22:44:24,423 - mazeUtils.moveTile - [moveTile.py:1763] - DEBUG - moveTile loop time: 42.9 ms
2026-06-24 22:44:24,429 - picamera2.picamera2 - [picamera2.py:1391] - DEBUG - Execute job: <picamera2.job.Job object at 0x7f424e0550>
2026-06-24 22:44:24,432 - mazeUtils.device.camera - [camera.py:39] - DEBUG - Average HSV: H=154.5, S=82.0, V=45.1
2026-06-24 22:44:24,463 - mazeUtils.moveTile - [moveTile.py:79] - DEBUG - roll: 36.73000000000002 deg, practicalMoveTime: 1.1749788418371134 sec
2026-06-24 22:44:24,464 - mazeUtils.moveTile - [moveTile.py:1763] - DEBUG - moveTile loop time: 40.3 ms
2026-06-24 22:44:24,469 - picamera2.picamera2 - [picamera2.py:1391] - DEBUG - Execute job: <picamera2.job.Job object at 0x7f75b8aa90>
2026-06-24 22:44:24,472 - mazeUtils.device.camera - [camera.py:39] - DEBUG - Average HSV: H=152.9, S=57.3, V=56.5
2026-06-24 22:44:24,504 - mazeUtils.moveTile - [moveTile.py:79] - DEBUG - roll: 34.39999999999998 deg, practicalMoveTime: 1.2011379269739828 sec
2026-06-24 22:44:24,504 - mazeUtils.moveTile - [moveTile.py:1763] - DEBUG - moveTile loop time: 40.1 ms
2026-06-24 22:44:24,510 - picamera2.picamera2 - [picamera2.py:1391] - DEBUG - Execute job: <picamera2.job.Job object at 0x7f424e0590>
2026-06-24 22:44:24,514 - mazeUtils.device.camera - [camera.py:39] - DEBUG - Average HSV: H=151.8, S=61.0, V=56.8
2026-06-24 22:44:24,544 - mazeUtils.moveTile - [moveTile.py:79] - DEBUG - roll: 33.319999999999936 deg, practicalMoveTime: 1.2279280120807512 sec
2026-06-24 22:44:24,545 - mazeUtils.moveTile - [moveTile.py:1763] - DEBUG - moveTile loop time: 40.4 ms
2026-06-24 22:44:24,550 - picamera2.picamera2 - [picamera2.py:1391] - DEBUG - Execute job: <picamera2.job.Job object at 0x7f5c986550>
2026-06-24 22:44:24,554 - mazeUtils.device.camera - [camera.py:39] - DEBUG - Average HSV: H=149.4, S=59.4, V=56.4
2026-06-24 22:44:24,594 - mazeUtils.moveTile - [moveTile.py:79] - DEBUG - roll: 35.75999999999999 deg, practicalMoveTime: 1.2601027625185466 sec
2026-06-24 22:44:24,594 - mazeUtils.moveTile - [moveTile.py:1763] - DEBUG - moveTile loop time: 49.2 ms
2026-06-24 22:44:24,599 - picamera2.picamera2 - [picamera2.py:1391] - DEBUG - Execute job: <picamera2.job.Job object at 0x7f5c985a90>
2026-06-24 22:44:24,603 - mazeUtils.device.camera - [camera.py:39] - DEBUG - Average HSV: H=143.1, S=55.5, V=59.4
2026-06-24 22:44:24,640 - mazeUtils.moveTile - [moveTile.py:79] - DEBUG - roll: 36.190000000000055 deg, practicalMoveTime: 1.2895882332404005 sec
2026-06-24 22:44:24,640 - mazeUtils.moveTile - [moveTile.py:1763] - DEBUG - moveTile loop time: 46.0 ms
2026-06-24 22:44:24,647 - picamera2.picamera2 - [picamera2.py:1391] - DEBUG - Execute job: <picamera2.job.Job object at 0x7f424e0550>
2026-06-24 22:44:24,650 - mazeUtils.device.camera - [camera.py:39] - DEBUG - Average HSV: H=147.8, S=54.6, V=59.1
2026-06-24 22:44:24,682 - mazeUtils.moveTile - [moveTile.py:79] - DEBUG - roll: 36.83999999999992 deg, practicalMoveTime: 1.3158863294313474 sec
2026-06-24 22:44:24,682 - mazeUtils.moveTile - [moveTile.py:1763] - DEBUG - moveTile loop time: 41.4 ms
2026-06-24 22:44:24,687 - picamera2.picamera2 - [picamera2.py:1391] - DEBUG - Execute job: <picamera2.job.Job object at 0x7f5c985a90>
2026-06-24 22:44:24,690 - mazeUtils.device.camera - [camera.py:39] - DEBUG - Average HSV: H=150.7, S=53.0, V=59.0
2026-06-24 22:44:24,731 - mazeUtils.moveTile - [moveTile.py:79] - DEBUG - roll: 37.24000000000001 deg, practicalMoveTime: 1.3474543453654413 sec
2026-06-24 22:44:24,732 - mazeUtils.moveTile - [moveTile.py:1763] - DEBUG - moveTile loop time: 49.6 ms
2026-06-24 22:44:24,738 - picamera2.picamera2 - [picamera2.py:1391] - DEBUG - Execute job: <picamera2.job.Job object at 0x7f5c985a90>
2026-06-24 22:44:24,742 - mazeUtils.device.camera - [camera.py:39] - DEBUG - Average HSV: H=150.9, S=53.7, V=57.9
2026-06-24 22:44:24,777 - mazeUtils.moveTile - [moveTile.py:79] - DEBUG - roll: 30.74000000000001 deg, practicalMoveTime: 1.3781229548669627 sec
2026-06-24 22:44:24,778 - mazeUtils.moveTile - [moveTile.py:1763] - DEBUG - moveTile loop time: 45.8 ms
2026-06-24 22:44:24,783 - picamera2.picamera2 - [picamera2.py:1391] - DEBUG - Execute job: <picamera2.job.Job object at 0x7f5c986550>
2026-06-24 22:44:24,787 - mazeUtils.device.camera - [camera.py:39] - DEBUG - Average HSV: H=143.3, S=58.1, V=67.1
2026-06-24 22:44:24,829 - mazeUtils.moveTile - [moveTile.py:79] - DEBUG - roll: 26.460000000000036 deg, practicalMoveTime: 1.4141195976086776 sec
2026-06-24 22:44:24,829 - mazeUtils.moveTile - [moveTile.py:1763] - DEBUG - moveTile loop time: 51.0 ms
2026-06-24 22:44:24,834 - picamera2.picamera2 - [picamera2.py:1391] - DEBUG - Execute job: <picamera2.job.Job object at 0x7f428dcf90>
2026-06-24 22:44:24,838 - mazeUtils.device.camera - [camera.py:39] - DEBUG - Average HSV: H=147.7, S=39.0, V=122.0
2026-06-24 22:44:24,870 - mazeUtils.moveTile - [moveTile.py:79] - DEBUG - roll: 22.089999999999918 deg, practicalMoveTime: 1.4436736337647769 sec
2026-06-24 22:44:24,870 - mazeUtils.moveTile - [moveTile.py:1763] - DEBUG - moveTile loop time: 40.4 ms
2026-06-24 22:44:24,877 - picamera2.picamera2 - [picamera2.py:1391] - DEBUG - Execute job: <picamera2.job.Job object at 0x7f75b8aa90>
2026-06-24 22:44:24,880 - mazeUtils.device.camera - [camera.py:39] - DEBUG - Average HSV: H=123.3, S=31.1, V=175.7
2026-06-24 22:44:24,915 - mazeUtils.moveTile - [moveTile.py:79] - DEBUG - roll: 16.559999999999945 deg, practicalMoveTime: 1.4777494558177628 sec
2026-06-24 22:44:24,915 - mazeUtils.moveTile - [moveTile.py:1763] - DEBUG - moveTile loop time: 44.5 ms
2026-06-24 22:44:24,920 - picamera2.picamera2 - [picamera2.py:1391] - DEBUG - Execute job: <picamera2.job.Job object at 0x7f75b8aa90>
2026-06-24 22:44:24,923 - mazeUtils.device.camera - [camera.py:39] - DEBUG - Average HSV: H=62.0, S=28.4, V=196.4
2026-06-24 22:44:24,962 - mazeUtils.moveTile - [moveTile.py:79] - DEBUG - roll: 11.5 deg, practicalMoveTime: 1.5142728180321543 sec
2026-06-24 22:44:24,963 - mazeUtils.moveTile - [moveTile.py:1763] - DEBUG - moveTile loop time: 47.3 ms
2026-06-24 22:44:24,968 - picamera2.picamera2 - [picamera2.py:1391] - DEBUG - Execute job: <picamera2.job.Job object at 0x7f5d9f6f90>
2026-06-24 22:44:24,971 - mazeUtils.device.camera - [camera.py:39] - DEBUG - Average HSV: H=60.8, S=19.3, V=224.8
2026-06-24 22:44:25,001 - mazeUtils.moveTile - [moveTile.py:79] - DEBUG - roll: 4.409999999999968 deg, practicalMoveTime: 1.5445601234504462 sec
2026-06-24 22:44:25,001 - mazeUtils.moveTile - [moveTile.py:1763] - DEBUG - moveTile loop time: 38.3 ms
2026-06-24 22:44:25,009 - picamera2.picamera2 - [picamera2.py:1391] - DEBUG - Execute job: <picamera2.job.Job object at 0x7f5c954a10>
2026-06-24 22:44:25,013 - mazeUtils.device.camera - [camera.py:39] - DEBUG - Average HSV: H=145.3, S=16.6, V=228.2
2026-06-24 22:44:25,046 - mazeUtils.moveTile - [moveTile.py:79] - DEBUG - roll: 2.7799999999999727 deg, practicalMoveTime: 1.589309417772044 sec
2026-06-24 22:44:25,047 - mazeUtils.moveTile - [moveTile.py:1763] - DEBUG - moveTile loop time: 45.1 ms
2026-06-24 22:44:25,052 - picamera2.picamera2 - [picamera2.py:1391] - DEBUG - Execute job: <picamera2.job.Job object at 0x7f75b8aa90>
2026-06-24 22:44:25,056 - mazeUtils.device.camera - [camera.py:39] - DEBUG - Average HSV: H=161.5, S=15.3, V=230.1
2026-06-24 22:44:25,089 - mazeUtils.moveTile - [moveTile.py:79] - DEBUG - roll: 359.79999999999995 deg, practicalMoveTime: 1.6320817127817933 sec
2026-06-24 22:44:25,090 - mazeUtils.moveTile - [moveTile.py:1763] - DEBUG - moveTile loop time: 43.2 ms
2026-06-24 22:44:25,095 - picamera2.picamera2 - [picamera2.py:1391] - DEBUG - Execute job: <picamera2.job.Job object at 0x7f75b88110>
2026-06-24 22:44:25,098 - mazeUtils.device.camera - [camera.py:39] - DEBUG - Average HSV: H=161.1, S=14.0, V=231.6
2026-06-24 22:44:25,136 - mazeUtils.moveTile - [moveTile.py:79] - DEBUG - roll: 354.9 deg, practicalMoveTime: 1.6773264092296287 sec
2026-06-24 22:44:25,136 - mazeUtils.moveTile - [moveTile.py:1763] - DEBUG - moveTile loop time: 45.2 ms
2026-06-24 22:44:25,140 - picamera2.picamera2 - [picamera2.py:1391] - DEBUG - Execute job: <picamera2.job.Job object at 0x7f424e0550>
2026-06-24 22:44:25,143 - mazeUtils.device.camera - [camera.py:39] - DEBUG - Average HSV: H=151.6, S=13.3, V=233.2
2026-06-24 22:44:25,178 - mazeUtils.moveTile - [moveTile.py:79] - DEBUG - roll: 350.19 deg, practicalMoveTime: 1.7187215922642478 sec
2026-06-24 22:44:25,179 - mazeUtils.moveTile - [moveTile.py:1763] - DEBUG - moveTile loop time: 42.1 ms
2026-06-24 22:44:25,184 - picamera2.picamera2 - [picamera2.py:1391] - DEBUG - Execute job: <picamera2.job.Job object at 0x7f424e0590>
2026-06-24 22:44:25,187 - mazeUtils.device.camera - [camera.py:39] - DEBUG - Average HSV: H=141.0, S=14.7, V=236.9
2026-06-24 22:44:25,224 - mazeUtils.moveTile - [moveTile.py:79] - DEBUG - roll: 346.88 deg, practicalMoveTime: 1.7673413722421152 sec
2026-06-24 22:44:25,224 - mazeUtils.moveTile - [moveTile.py:1763] - DEBUG - moveTile loop time: 45.5 ms
2026-06-24 22:44:25,235 - picamera2.picamera2 - [picamera2.py:1391] - DEBUG - Execute job: <picamera2.job.Job object at 0x7f5dab5510>
2026-06-24 22:44:25,239 - mazeUtils.device.camera - [camera.py:39] - DEBUG - Average HSV: H=128.4, S=21.2, V=244.9
2026-06-24 22:44:25,272 - mazeUtils.moveTile - [moveTile.py:79] - DEBUG - roll: 340.64 deg, practicalMoveTime: 1.817085978555406 sec
2026-06-24 22:44:25,272 - mazeUtils.moveTile - [moveTile.py:1763] - DEBUG - moveTile loop time: 47.8 ms
2026-06-24 22:44:25,283 - picamera2.picamera2 - [picamera2.py:1391] - DEBUG - Execute job: <picamera2.job.Job object at 0x7f5d9f6f90>
2026-06-24 22:44:25,286 - mazeUtils.device.camera - [camera.py:39] - DEBUG - Average HSV: H=115.9, S=27.1, V=254.8
2026-06-24 22:44:25,322 - mazeUtils.moveTile - [moveTile.py:79] - DEBUG - roll: 336.76 deg, practicalMoveTime: 1.8670773298565428 sec
2026-06-24 22:44:25,322 - mazeUtils.moveTile - [moveTile.py:1763] - DEBUG - moveTile loop time: 49.4 ms
2026-06-24 22:44:25,327 - picamera2.picamera2 - [picamera2.py:1391] - DEBUG - Execute job: <picamera2.job.Job object at 0x7f5c985a90>
2026-06-24 22:44:25,330 - mazeUtils.device.camera - [camera.py:39] - DEBUG - Average HSV: H=117.9, S=24.7, V=252.3
2026-06-24 22:44:25,372 - mazeUtils.moveTile - [moveTile.py:79] - DEBUG - roll: 336.63 deg, practicalMoveTime: 1.9171787469878425 sec
2026-06-24 22:44:25,372 - mazeUtils.moveTile - [moveTile.py:1763] - DEBUG - moveTile loop time: 49.9 ms
2026-06-24 22:44:25,382 - picamera2.picamera2 - [picamera2.py:1391] - DEBUG - Execute job: <picamera2.job.Job object at 0x7f5dab6250>
2026-06-24 22:44:25,385 - mazeUtils.device.camera - [camera.py:39] - DEBUG - Average HSV: H=118.9, S=44.8, V=251.3
2026-06-24 22:44:25,417 - mazeUtils.moveTile - [moveTile.py:79] - DEBUG - roll: 332.59999999999997 deg, practicalMoveTime: 1.9612887218495747 sec
2026-06-24 22:44:25,418 - mazeUtils.moveTile - [moveTile.py:1763] - DEBUG - moveTile loop time: 45.2 ms
2026-06-24 22:44:25,423 - picamera2.picamera2 - [picamera2.py:1391] - DEBUG - Execute job: <picamera2.job.Job object at 0x7f5d9f6f90>
2026-06-24 22:44:25,426 - mazeUtils.device.camera - [camera.py:39] - DEBUG - Average HSV: H=113.9, S=41.3, V=253.3
2026-06-24 22:44:25,458 - mazeUtils.moveTile - [moveTile.py:79] - DEBUG - roll: 332.21 deg, practicalMoveTime: 2.0006268298663072 sec
2026-06-24 22:44:25,459 - mazeUtils.moveTile - [moveTile.py:1763] - DEBUG - moveTile loop time: 40.8 ms
2026-06-24 22:44:25,464 - picamera2.picamera2 - [picamera2.py:1391] - DEBUG - Execute job: <picamera2.job.Job object at 0x7f5c954a10>
2026-06-24 22:44:25,467 - mazeUtils.device.camera - [camera.py:39] - DEBUG - Average HSV: H=118.2, S=43.0, V=240.2
2026-06-24 22:44:25,505 - mazeUtils.moveTile - [moveTile.py:79] - DEBUG - roll: 330.69 deg, practicalMoveTime: 2.045373142902698 sec
2026-06-24 22:44:25,505 - mazeUtils.moveTile - [moveTile.py:1763] - DEBUG - moveTile loop time: 46.6 ms
2026-06-24 22:44:25,510 - picamera2.picamera2 - [picamera2.py:1391] - DEBUG - Execute job: <picamera2.job.Job object at 0x7f428dcf90>
2026-06-24 22:44:25,514 - mazeUtils.device.camera - [camera.py:39] - DEBUG - Average HSV: H=118.7, S=51.2, V=235.7
2026-06-24 22:44:25,549 - mazeUtils.moveTile - [moveTile.py:79] - DEBUG - roll: 330.07 deg, practicalMoveTime: 2.0867862768330583 sec
2026-06-24 22:44:25,550 - mazeUtils.moveTile - [moveTile.py:1763] - DEBUG - moveTile loop time: 44.1 ms
2026-06-24 22:44:25,555 - picamera2.picamera2 - [picamera2.py:1391] - DEBUG - Execute job: <picamera2.job.Job object at 0x7f75b88110>
2026-06-24 22:44:25,558 - mazeUtils.device.camera - [camera.py:39] - DEBUG - Average HSV: H=120.5, S=34.3, V=241.8
2026-06-24 22:44:25,596 - mazeUtils.moveTile - [moveTile.py:79] - DEBUG - roll: 332.89 deg, practicalMoveTime: 2.1323194270016916 sec
2026-06-24 22:44:25,597 - mazeUtils.moveTile - [moveTile.py:1763] - DEBUG - moveTile loop time: 46.9 ms
2026-06-24 22:44:25,610 - picamera2.picamera2 - [picamera2.py:1391] - DEBUG - Execute job: <picamera2.job.Job object at 0x7f5c954a10>
2026-06-24 22:44:25,613 - mazeUtils.device.camera - [camera.py:39] - DEBUG - Average HSV: H=113.6, S=93.1, V=227.2
2026-06-24 22:44:25,650 - mazeUtils.moveTile - [moveTile.py:79] - DEBUG - roll: 329.51 deg, practicalMoveTime: 2.182572422171548 sec
2026-06-24 22:44:25,650 - mazeUtils.moveTile - [moveTile.py:1763] - DEBUG - moveTile loop time: 52.8 ms
2026-06-24 22:44:25,655 - picamera2.picamera2 - [picamera2.py:1391] - DEBUG - Execute job: <picamera2.job.Job object at 0x7f428dcf90>
2026-06-24 22:44:25,658 - mazeUtils.device.camera - [camera.py:39] - DEBUG - Average HSV: H=108.8, S=188.9, V=215.2
2026-06-24 22:44:25,691 - mazeUtils.moveTile - [moveTile.py:79] - DEBUG - roll: 332.34999999999997 deg, practicalMoveTime: 2.2216519554896395 sec
2026-06-24 22:44:25,691 - mazeUtils.moveTile - [moveTile.py:1763] - DEBUG - moveTile loop time: 40.6 ms
2026-06-24 22:44:25,704 - picamera2.picamera2 - [picamera2.py:1391] - DEBUG - Execute job: <picamera2.job.Job object at 0x7f5dab6450>
2026-06-24 22:44:25,707 - mazeUtils.device.camera - [camera.py:39] - DEBUG - Average HSV: H=109.7, S=172.2, V=211.7
2026-06-24 22:44:25,746 - mazeUtils.moveTile - [moveTile.py:79] - DEBUG - roll: 330.96 deg, practicalMoveTime: 2.27468009572771 sec
2026-06-24 22:44:25,747 - mazeUtils.moveTile - [moveTile.py:1763] - DEBUG - moveTile loop time: 55.3 ms
2026-06-24 22:44:25,751 - picamera2.picamera2 - [picamera2.py:1391] - DEBUG - Execute job: <picamera2.job.Job object at 0x7f75b88110>
2026-06-24 22:44:25,754 - mazeUtils.device.camera - [camera.py:39] - DEBUG - Average HSV: H=108.8, S=203.9, V=206.4
2026-06-24 22:44:25,789 - mazeUtils.moveTile - [moveTile.py:79] - DEBUG - roll: 328.15999999999997 deg, practicalMoveTime: 2.314257501388993 sec
2026-06-24 22:44:25,789 - mazeUtils.moveTile - [moveTile.py:1763] - DEBUG - moveTile loop time: 42.1 ms
2026-06-24 22:44:25,800 - picamera2.picamera2 - [picamera2.py:1391] - DEBUG - Execute job: <picamera2.job.Job object at 0x7f75b8aa90>
2026-06-24 22:44:25,803 - mazeUtils.device.camera - [camera.py:39] - DEBUG - Average HSV: H=110.2, S=197.3, V=154.2
2026-06-24 22:44:25,840 - mazeUtils.moveTile - [moveTile.py:79] - DEBUG - roll: 330.71999999999997 deg, practicalMoveTime: 2.361861988718675 sec
2026-06-24 22:44:25,841 - mazeUtils.moveTile - [moveTile.py:1763] - DEBUG - moveTile loop time: 51.2 ms
2026-06-24 22:44:25,846 - picamera2.picamera2 - [picamera2.py:1391] - DEBUG - Execute job: <picamera2.job.Job object at 0x7f75b88110>
2026-06-24 22:44:25,849 - mazeUtils.device.camera - [camera.py:39] - DEBUG - Average HSV: H=109.1, S=199.0, V=193.7
2026-06-24 22:44:25,892 - mazeUtils.moveTile - [moveTile.py:79] - DEBUG - roll: 336.46999999999997 deg, practicalMoveTime: 2.411625934778237 sec
2026-06-24 22:44:25,893 - mazeUtils.moveTile - [moveTile.py:1763] - DEBUG - moveTile loop time: 51.4 ms
2026-06-24 22:44:25,898 - picamera2.picamera2 - [picamera2.py:1391] - DEBUG - Execute job: <picamera2.job.Job object at 0x7f75b88110>
2026-06-24 22:44:25,901 - mazeUtils.device.camera - [camera.py:39] - DEBUG - Average HSV: H=108.0, S=197.3, V=212.4
2026-06-24 22:44:25,936 - mazeUtils.moveTile - [moveTile.py:1636] - INFO - practicalVerticalMove: 6.623032157806836 CM
2026-06-24 22:44:25,987 - mazeUtils.moveTile - [moveTile.py:79] - DEBUG - Little forward to adjust position
2026-06-24 22:44:29,063 - mazeUtils.moveTile - [moveTile.py:1797] - WARNING - Final forward adjustment timeout, stopping adjustment
2026-06-24 22:44:32,257 - mazeUtils.moveTile - [moveTile.py:552] - DEBUG - Direction: absDirection.NORTH, Angle: 180, Distance: 149.71776315037025 cm
2026-06-24 22:44:32,258 - mazeUtils.moveTile - [moveTile.py:552] - DEBUG - Direction: absDirection.EAST, Angle: 90, Distance: 18.384445711189162 cm
2026-06-24 22:44:32,259 - mazeUtils.moveTile - [moveTile.py:552] - DEBUG - Direction: absDirection.SOUTH, Angle: 0, Distance: 24.16036333443489 cm
2026-06-24 22:44:32,260 - mazeUtils.moveTile - [moveTile.py:598] - WARNING - Inconsistent wall detection at absDirection.SOUTH: distance=24.16036333443489 cm, map wall type=wallType.NO_WALL
2026-06-24 22:44:32,817 - mazeUtils.moveTile - [moveTile.py:552] - DEBUG - Direction: absDirection.NORTH, Angle: 180, Distance: 150.7936114700723 cm
2026-06-24 22:44:32,818 - mazeUtils.moveTile - [moveTile.py:552] - DEBUG - Direction: absDirection.EAST, Angle: 90, Distance: 20.145348660511516 cm
2026-06-24 22:44:32,819 - mazeUtils.moveTile - [moveTile.py:552] - DEBUG - Direction: absDirection.SOUTH, Angle: 0, Distance: 80.79110434356059 cm
2026-06-24 22:44:32,819 - mazeUtils.moveTile - [moveTile.py:574] - DEBUG - Front LiDAR distance: 80.79110434356059 cm, TSD10 distance: 43.5 cm
2026-06-24 22:44:32,820 - mazeUtils.moveTile - [moveTile.py:552] - DEBUG - Direction: absDirection.WEST, Angle: 270, Distance: 255.71670867105786 cm
2026-06-24 22:44:32,821 - mazeUtils.moveTile - [moveTile.py:1988] - WARNING - Wall detection error, resetting internal map data
2026-06-24 22:44:32,826 - __main__ - [main.py:103] - WARNING - Map data reset due to wall detection error.
2026-06-24 22:44:32,827 - mazeUtils.mazeMap - [mazeMap.py:61] - INFO - next goal: (20, 20, 0)
2026-06-24 22:44:32,832 - mazeUtils.moveTile - [moveTile.py:79] - DEBUG - Moving to absDirection.SOUTH from (20, 19, 0) facing absDirection.SOUTH
2026-06-24 22:44:32,855 - mazeUtils.moveTile - [moveTile.py:79] - DEBUG - current heading: 182.60000000000002 target: 180
2026-06-24 22:44:32,873 - mazeUtils.moveTile - [moveTile.py:426] - DEBUG - stopped turning at heading: 182.60000000000002, diff: 2.6000000000000227
2026-06-24 22:44:32,953 - mazeUtils.moveTile - [moveTile.py:79] - DEBUG - Turned to heading: 181.97000000000003 deg
2026-06-24 22:44:33,071 - picamera2.picamera2 - [picamera2.py:1391] - DEBUG - Execute job: <picamera2.job.Job object at 0x7f586decd0>
2026-06-24 22:44:33,074 - mazeUtils.device.camera - [camera.py:39] - DEBUG - Average HSV: H=143.1, S=99.4, V=140.3
2026-06-24 22:44:33,108 - mazeUtils.moveTile - [moveTile.py:79] - DEBUG - roll: 1.4300000000000637 deg, practicalMoveTime: 0.043283567953164445 sec
2026-06-24 22:44:33,109 - mazeUtils.moveTile - [moveTile.py:1763] - DEBUG - moveTile loop time: 43.7 ms
2026-06-24 22:44:33,118 - picamera2.picamera2 - [picamera2.py:1391] - DEBUG - Execute job: <picamera2.job.Job object at 0x7f5c985a90>
2026-06-24 22:44:33,121 - mazeUtils.device.camera - [camera.py:39] - DEBUG - Average HSV: H=142.4, S=95.0, V=142.3
2026-06-24 22:44:33,166 - mazeUtils.moveTile - [moveTile.py:79] - DEBUG - roll: 0.5 deg, practicalMoveTime: 0.10085457793655239 sec
2026-06-24 22:44:33,167 - mazeUtils.moveTile - [moveTile.py:1763] - DEBUG - moveTile loop time: 57.8 ms
2026-06-24 22:44:33,172 - picamera2.picamera2 - [picamera2.py:1391] - DEBUG - Execute job: <picamera2.job.Job object at 0x7f5c964590>
2026-06-24 22:44:33,175 - mazeUtils.device.camera - [camera.py:39] - DEBUG - Average HSV: H=135.1, S=60.7, V=140.8
2026-06-24 22:44:33,206 - mazeUtils.moveTile - [moveTile.py:79] - DEBUG - roll: 1.1499999999999773 deg, practicalMoveTime: 0.14007713275026532 sec
2026-06-24 22:44:33,207 - mazeUtils.moveTile - [moveTile.py:1763] - DEBUG - moveTile loop time: 39.6 ms
2026-06-24 22:44:33,213 - picamera2.picamera2 - [picamera2.py:1391] - DEBUG - Execute job: <picamera2.job.Job object at 0x7f42440850>
2026-06-24 22:44:33,216 - mazeUtils.device.camera - [camera.py:39] - DEBUG - Average HSV: H=119.3, S=100.0, V=177.5
2026-06-24 22:44:33,252 - mazeUtils.moveTile - [moveTile.py:79] - DEBUG - roll: 0.9600000000000364 deg, practicalMoveTime: 0.18561044046570968 sec
2026-06-24 22:44:33,253 - mazeUtils.moveTile - [moveTile.py:1763] - DEBUG - moveTile loop time: 45.0 ms
2026-06-24 22:44:33,260 - picamera2.picamera2 - [picamera2.py:1391] - DEBUG - Execute job: <picamera2.job.Job object at 0x7f4262d390>
2026-06-24 22:44:33,264 - mazeUtils.device.camera - [camera.py:39] - DEBUG - Average HSV: H=117.6, S=108.3, V=169.5
2026-06-24 22:44:33,313 - mazeUtils.moveTile - [moveTile.py:79] - DEBUG - roll: 356.09 deg, practicalMoveTime: 0.24595575163888211 sec
2026-06-24 22:44:33,314 - mazeUtils.moveTile - [moveTile.py:1763] - DEBUG - moveTile loop time: 61.0 ms
2026-06-24 22:44:33,331 - picamera2.picamera2 - [picamera2.py:1391] - DEBUG - Execute job: <picamera2.job.Job object at 0x7f7597b010>
2026-06-24 22:44:33,338 - mazeUtils.device.camera - [camera.py:39] - DEBUG - Average HSV: H=115.9, S=104.7, V=176.6
2026-06-24 22:44:33,373 - mazeUtils.moveTile - [moveTile.py:79] - DEBUG - roll: 352.98999999999995 deg, practicalMoveTime: 0.3047189961867834 sec
2026-06-24 22:44:33,374 - mazeUtils.moveTile - [moveTile.py:1763] - DEBUG - moveTile loop time: 55.0 ms
2026-06-24 22:44:33,387 - picamera2.picamera2 - [picamera2.py:1391] - DEBUG - Execute job: <picamera2.job.Job object at 0x7f5da71710>
2026-06-24 22:44:33,393 - mazeUtils.device.camera - [camera.py:39] - DEBUG - Average HSV: H=112.7, S=172.2, V=159.5
2026-06-24 22:44:33,419 - __main__ - [main.py:170] - INFO - Program interrupted by user.
2026-06-24 22:44:34,490 - mazeUtils.device.stm - [stm.py:216] - DEBUG - ACK resynchronized: type=STS_MOTOR dropped=3B seq=99
2026-06-24 22:44:34,501 - picamera2.picamera2 - [picamera2.py:1391] - DEBUG - Execute job: <picamera2.job.Job object at 0x7f822f6e50>
2026-06-24 22:44:34,517 - picamera2.picamera2 - [picamera2.py:1323] - INFO - Camera stopped
2026-06-24 22:44:34,718 - picamera2.picamera2 - [picamera2.py:1329] - DEBUG - Camera was not started
2026-06-24 22:44:34,920 - picamera2.picamera2 - [picamera2.py:723] - INFO - Camera closed successfully.
2026-06-24 22:44:35,162 - picamera2.picamera2 - [picamera2.py:500] - DEBUG - Resources now free: <picamera2.picamera2.Picamera2 object at 0x7f758f9e50>
