2026-06-25 18:24:30,709 - root - [logging_config.py:61] - INFO - Logging initialized. Log file: /home/tuton/Kanto2026RPi/src/config/../logs/robot_20260625_182428.log
2026-06-25 18:24:32,688 - mazeUtils.device.LiDAR - [LiDAR.py:38] - INFO - Available ports: <ydlidar.Str2strMap; proxy of <Swig Object of type 'std::map< std::string,std::string > *' at 0x7fa2a957a0> >
2026-06-25 18:24:36,671 - mazeUtils.moveTile - [moveTile.py:547] - DEBUG - overwrite the wall data
2026-06-25 18:24:36,701 - mazeUtils.moveTile - [moveTile.py:561] - DEBUG - Direction: absDirection.NORTH, Angle: 0, Distance: 44.96587999626536 cm
2026-06-25 18:24:36,813 - mazeUtils.moveTile - [moveTile.py:561] - DEBUG - Direction: absDirection.EAST, Angle: 270, Distance: 83.09418370703715 cm
2026-06-25 18:24:36,875 - mazeUtils.moveTile - [moveTile.py:586] - DEBUG - Detected center obstacle at absDirection.EAST, distance: 83.09418370703715 cm
2026-06-25 18:24:36,879 - mazeUtils.moveTile - [moveTile.py:561] - DEBUG - Direction: absDirection.SOUTH, Angle: 180, Distance: 51.149378739862264 cm
2026-06-25 18:24:36,983 - mazeUtils.moveTile - [moveTile.py:561] - DEBUG - Direction: absDirection.WEST, Angle: 90, Distance: 17.38912194123734 cm
2026-06-25 18:24:37,043 - __main__ - [main.py:68] - INFO - Initial Map:
2026-06-25 18:24:37,088 - __main__ - [main.py:69] - INFO - Current position: (20, 20, 0), front direction: absDirection.NORTH
Layer 0 (altitude=0.0cm, offset=(0.0cm, 0.0cm)):
Known map area: x=20..20, y=20..20
+   +
| @ |
+   +
mazeAsGraph[0][20][20] = {absDirection.NORTH: (20, 19, 0, 30), absDirection.EAST: None, absDirection.SOUTH: (20, 21, 0, 30), absDirection.WEST: None}
2026-06-25 18:24:38,104 - __main__ - [main.py:73] - INFO - Next Direction: [<absDirection.WEST: 90>]
2026-06-25 18:24:38,105 - __main__ - [main.py:74] - INFO - Exploration started.
2026-06-25 18:24:38,107 - mazeUtils.mazeMap - [mazeMap.py:61] - INFO - next goal: (20, 20, 0)
2026-06-25 18:24:38,109 - mazeUtils.moveTile - [moveTile.py:88] - DEBUG - [599.082677] moveTile start direction=absDirection.WEST position=(20, 20, 0) front=absDirection.NORTH
2026-06-25 18:24:38,115 - mazeUtils.moveTile - [moveTile.py:90] - DEBUG - [599.088429] moveTile after initial toggle check (+5.8 ms)
2026-06-25 18:24:38,120 - mazeUtils.moveTile - [moveTile.py:90] - DEBUG - [599.093459] moveTile after tile checks isRedTile=False isUnknownTileAhead=True (+5.0 ms)
2026-06-25 18:24:38,120 - mazeUtils.moveTile - [moveTile.py:79] - DEBUG - Moving to absDirection.WEST from (20, 20, 0) facing absDirection.NORTH
2026-06-25 18:24:38,121 - mazeUtils.moveTile - [moveTile.py:90] - DEBUG - [599.094935] moveTile start heading change target=90 (+1.5 ms)
2026-06-25 18:24:38,127 - mazeUtils.moveTile - [moveTile.py:79] - DEBUG - Turning to 90 deg, current heading: 0.030000000000001137 deg, turnAngle: -89.97 deg
2026-06-25 18:24:38,153 - mazeUtils.moveTile - [moveTile.py:79] - DEBUG - gyro:0.01999999999999602 deg, derivative: -0.010000000000005116, turnSpeed: -100
2026-06-25 18:24:38,190 - mazeUtils.moveTile - [moveTile.py:79] - DEBUG - gyro:0.01999999999999602 deg, derivative: 0.0, turnSpeed: -100
2026-06-25 18:24:38,218 - mazeUtils.moveTile - [moveTile.py:79] - DEBUG - gyro:0.030000000000001137 deg, derivative: 0.010000000000005116, turnSpeed: -100
2026-06-25 18:24:38,256 - mazeUtils.moveTile - [moveTile.py:79] - DEBUG - gyro:0.3299999999999983 deg, derivative: 0.29999999999999716, turnSpeed: -100
2026-06-25 18:24:38,285 - mazeUtils.moveTile - [moveTile.py:79] - DEBUG - gyro:3.5600000000000023 deg, derivative: 3.230000000000004, turnSpeed: -100
2026-06-25 18:24:38,313 - mazeUtils.moveTile - [moveTile.py:79] - DEBUG - gyro:8.090000000000003 deg, derivative: 4.530000000000001, turnSpeed: -100
2026-06-25 18:24:38,342 - mazeUtils.moveTile - [moveTile.py:79] - DEBUG - gyro:15.950000000000003 deg, derivative: 7.859999999999999, turnSpeed: -100
2026-06-25 18:24:38,367 - mazeUtils.moveTile - [moveTile.py:79] - DEBUG - gyro:16.39 deg, derivative: 0.4399999999999977, turnSpeed: -100
2026-06-25 18:24:38,395 - mazeUtils.moveTile - [moveTile.py:79] - DEBUG - gyro:20.710000000000008 deg, derivative: 4.320000000000007, turnSpeed: -100
2026-06-25 18:24:38,425 - mazeUtils.moveTile - [moveTile.py:79] - DEBUG - gyro:25.260000000000005 deg, derivative: 4.549999999999997, turnSpeed: -100
2026-06-25 18:24:38,454 - mazeUtils.moveTile - [moveTile.py:79] - DEBUG - gyro:28.820000000000007 deg, derivative: 3.5600000000000023, turnSpeed: -100
2026-06-25 18:24:38,484 - mazeUtils.moveTile - [moveTile.py:79] - DEBUG - gyro:32.46000000000001 deg, derivative: 3.6400000000000006, turnSpeed: -100
2026-06-25 18:24:38,514 - mazeUtils.moveTile - [moveTile.py:79] - DEBUG - gyro:35.05 deg, derivative: 2.589999999999989, turnSpeed: -100
2026-06-25 18:24:38,543 - mazeUtils.moveTile - [moveTile.py:79] - DEBUG - gyro:39.56000000000002 deg, derivative: 4.510000000000019, turnSpeed: -100
2026-06-25 18:24:38,570 - mazeUtils.moveTile - [moveTile.py:79] - DEBUG - gyro:43.489999999999995 deg, derivative: 3.9299999999999784, turnSpeed: -93.02000000000001
2026-06-25 18:24:38,596 - mazeUtils.moveTile - [moveTile.py:79] - DEBUG - gyro:47.97000000000001 deg, derivative: 4.480000000000018, turnSpeed: -84.05999999999997
2026-06-25 18:24:38,627 - mazeUtils.moveTile - [moveTile.py:79] - DEBUG - gyro:51.769999999999996 deg, derivative: 3.799999999999983, turnSpeed: -76.46000000000001
2026-06-25 18:24:38,655 - mazeUtils.moveTile - [moveTile.py:79] - DEBUG - gyro:55.86999999999999 deg, derivative: 4.099999999999994, turnSpeed: -68.26000000000002
2026-06-25 18:24:38,681 - mazeUtils.moveTile - [moveTile.py:79] - DEBUG - gyro:58.67 deg, derivative: 2.8000000000000114, turnSpeed: -62.66
2026-06-25 18:24:38,705 - mazeUtils.moveTile - [moveTile.py:79] - DEBUG - gyro:61.2 deg, derivative: 2.530000000000001, turnSpeed: -57.599999999999994
2026-06-25 18:24:38,741 - mazeUtils.moveTile - [moveTile.py:79] - DEBUG - gyro:64.27 deg, derivative: 3.069999999999993, turnSpeed: -51.46000000000001
2026-06-25 18:24:38,768 - mazeUtils.moveTile - [moveTile.py:79] - DEBUG - gyro:67.76 deg, derivative: 3.490000000000009, turnSpeed: -44.47999999999999
2026-06-25 18:24:38,796 - mazeUtils.moveTile - [moveTile.py:79] - DEBUG - gyro:69.49 deg, derivative: 1.7299999999999898, turnSpeed: -41.02000000000001
2026-06-25 18:24:38,826 - mazeUtils.moveTile - [moveTile.py:79] - DEBUG - gyro:70.85000000000001 deg, derivative: 1.3600000000000136, turnSpeed: -38.29999999999998
2026-06-25 18:24:38,853 - mazeUtils.moveTile - [moveTile.py:79] - DEBUG - gyro:73.51 deg, derivative: 2.6599999999999966, turnSpeed: -32.97999999999999
2026-06-25 18:24:38,879 - mazeUtils.moveTile - [moveTile.py:79] - DEBUG - gyro:75.26 deg, derivative: 1.75, turnSpeed: -29.47999999999999
2026-06-25 18:24:38,909 - mazeUtils.moveTile - [moveTile.py:79] - DEBUG - gyro:76.81000000000002 deg, derivative: 1.5500000000000114, turnSpeed: -26.379999999999967
2026-06-25 18:24:38,937 - mazeUtils.moveTile - [moveTile.py:79] - DEBUG - gyro:78.50000000000001 deg, derivative: 1.6899999999999977, turnSpeed: -22.99999999999997
2026-06-25 18:24:38,961 - mazeUtils.moveTile - [moveTile.py:79] - DEBUG - gyro:79.89 deg, derivative: 1.3899999999999864, turnSpeed: -20.22
2026-06-25 18:24:38,984 - mazeUtils.moveTile - [moveTile.py:79] - DEBUG - gyro:80.82000000000001 deg, derivative: 0.9300000000000068, turnSpeed: -18.359999999999985
2026-06-25 18:24:39,008 - mazeUtils.moveTile - [moveTile.py:79] - DEBUG - gyro:81.83 deg, derivative: 1.009999999999991, turnSpeed: -16.340000000000003
2026-06-25 18:24:39,030 - mazeUtils.moveTile - [moveTile.py:79] - DEBUG - gyro:82.7 deg, derivative: 0.8700000000000045, turnSpeed: -14.599999999999994
2026-06-25 18:24:39,060 - mazeUtils.moveTile - [moveTile.py:79] - DEBUG - gyro:83.52 deg, derivative: 0.8199999999999932, turnSpeed: -12.960000000000008
2026-06-25 18:24:39,088 - mazeUtils.moveTile - [moveTile.py:79] - DEBUG - gyro:84.32000000000001 deg, derivative: 0.8000000000000114, turnSpeed: -11.359999999999985
2026-06-25 18:24:39,113 - mazeUtils.moveTile - [moveTile.py:79] - DEBUG - gyro:84.82000000000001 deg, derivative: 0.5, turnSpeed: -10.359999999999985
2026-06-25 18:24:39,137 - mazeUtils.moveTile - [moveTile.py:79] - DEBUG - gyro:85.08 deg, derivative: 0.2599999999999909, turnSpeed: -9.840000000000003
2026-06-25 18:24:39,161 - mazeUtils.moveTile - [moveTile.py:79] - DEBUG - gyro:85.36999999999999 deg, derivative: 0.28999999999999204, turnSpeed: -9.26000000000002
2026-06-25 18:24:39,193 - mazeUtils.moveTile - [moveTile.py:79] - DEBUG - gyro:85.74 deg, derivative: 0.37000000000000455, turnSpeed: -8.52000000000001
2026-06-25 18:24:39,222 - mazeUtils.moveTile - [moveTile.py:79] - DEBUG - gyro:86.16000000000001 deg, derivative: 0.4200000000000159, turnSpeed: -7.679999999999978
2026-06-25 18:24:39,247 - mazeUtils.moveTile - [moveTile.py:79] - DEBUG - gyro:86.61999999999999 deg, derivative: 0.45999999999997954, turnSpeed: -6.760000000000019
2026-06-25 18:24:39,275 - mazeUtils.moveTile - [moveTile.py:79] - DEBUG - gyro:86.92 deg, derivative: 0.30000000000001137, turnSpeed: -6.159999999999997
2026-06-25 18:24:39,300 - mazeUtils.moveTile - [moveTile.py:79] - DEBUG - gyro:87.14 deg, derivative: 0.21999999999999886, turnSpeed: -5.719999999999999
2026-06-25 18:24:39,326 - mazeUtils.moveTile - [moveTile.py:79] - DEBUG - gyro:87.42 deg, derivative: 0.28000000000000114, turnSpeed: -5.159999999999997
2026-06-25 18:24:39,352 - mazeUtils.moveTile - [moveTile.py:79] - DEBUG - gyro:87.71 deg, derivative: 0.28999999999999204, turnSpeed: -4.5800000000000125
2026-06-25 18:24:39,376 - mazeUtils.moveTile - [moveTile.py:79] - DEBUG - gyro:87.91000000000001 deg, derivative: 0.20000000000001705, turnSpeed: -4.179999999999978
2026-06-25 18:24:39,399 - mazeUtils.moveTile - [moveTile.py:79] - DEBUG - gyro:88.08999999999999 deg, derivative: 0.1799999999999784, turnSpeed: -3.8200000000000216
2026-06-25 18:24:39,417 - mazeUtils.moveTile - [moveTile.py:79] - DEBUG - Turned to heading: 88.08999999999999 deg
2026-06-25 18:24:39,418 - mazeUtils.moveTile - [moveTile.py:90] - DEBUG - [600.391637] moveTile finished heading change (+1296.7 ms)
2026-06-25 18:24:39,418 - mazeUtils.moveTile - [moveTile.py:90] - DEBUG - [600.391846] moveTile updated front direction (+0.2 ms)
2026-06-25 18:24:39,437 - mazeUtils.moveTile - [moveTile.py:90] - DEBUG - [600.410568] moveTile stopped motors before alignment (+18.7 ms)
2026-06-25 18:24:39,593 - mazeUtils.moveTile - [moveTile.py:90] - DEBUG - [600.567171] moveTile ready for forward move (+156.6 ms)
2026-06-25 18:24:39,690 - mazeUtils.moveTile - [moveTile.py:90] - DEBUG - [600.663543] moveTile initialized movement targetSteps=1 (+96.4 ms)
2026-06-25 18:24:39,691 - mazeUtils.moveTile - [moveTile.py:90] - DEBUG - [600.664868] moveTile loop start (+1.3 ms)
2026-06-25 18:24:39,696 - picamera2.picamera2 - [picamera2.py:1391] - DEBUG - Execute job: <picamera2.job.Job object at 0x7f698f4050>
2026-06-25 18:24:39,738 - mazeUtils.device.camera - [camera.py:39] - DEBUG - Average HSV: H=115.6, S=104.1, V=205.7
2026-06-25 18:24:39,744 - mazeUtils.moveTile - [moveTile.py:90] - DEBUG - [600.718040] moveTile calculated motor speeds left=94 right=100 gyroSteer=-5.119999999999948 wallSteer=0.0 (+53.2 ms)
2026-06-25 18:24:39,765 - mazeUtils.moveTile - [moveTile.py:90] - DEBUG - [600.738873] moveTile applied motor speed left=94 right=100 (+20.8 ms)
2026-06-25 18:24:39,766 - mazeUtils.moveTile - [moveTile.py:90] - DEBUG - [600.739671] moveTile ramp check isBigRamp=False (+0.8 ms)
2026-06-25 18:24:39,771 - mazeUtils.moveTile - [moveTile.py:90] - DEBUG - [600.744699] moveTile tile color check tempTileColor=E (+5.0 ms)
2026-06-25 18:24:39,772 - mazeUtils.moveTile - [moveTile.py:90] - DEBUG - [600.745540] moveTile obstacle check escapeFlag=False (+0.8 ms)
2026-06-25 18:24:39,802 - mazeUtils.moveTile - [moveTile.py:90] - DEBUG - [600.776199] moveTile finished by front distance control (+30.7 ms)
2026-06-25 18:24:39,803 - mazeUtils.moveTile - [moveTile.py:90] - DEBUG - [600.776915] moveTile start final forward adjustment (+31.4 ms)
2026-06-25 18:24:39,831 - mazeUtils.moveTile - [moveTile.py:90] - DEBUG - [600.805073] moveTile finished final forward adjustment (+28.2 ms)
2026-06-25 18:24:39,832 - mazeUtils.moveTile - [moveTile.py:2082] - INFO - Set moved vertical distance: 0.0 cm, past distances: [(0, False), (0, False), (0, False)]
2026-06-25 18:24:39,833 - mazeUtils.moveTile - [moveTile.py:90] - DEBUG - [600.806939] moveTile updated moved vertical distance 0.000 (+1.9 ms)
2026-06-25 18:24:39,880 - mazeUtils.mazeMap - [mazeMap.py:785] - WARNING - Moving to wall direction: absDirection.WEST
Current position: (20, 20, 0), front direction: absDirection.WEST
Layer 0 (altitude=0.0cm, offset=(0.0cm, 0.0cm)):
Known map area: x=20..20, y=20..20
+   +
| @ |
+   +
mazeAsGraph[0][20][20] = {absDirection.NORTH: (20, 19, 0, 30), absDirection.EAST: None, absDirection.SOUTH: (20, 21, 0, 30), absDirection.WEST: None}
2026-06-25 18:24:39,882 - __main__ - [main.py:173] - ERROR - An unexpected error occurred:
Traceback (most recent call last):
  File "/home/tuton/Kanto2026RPi/./src/main.py", line 99, in main
    isBlack, stopped, resetMapData = moveTile.moveNextTile(
                                     ^^^^^^^^^^^^^^^^^^^^^^
  File "/home/tuton/Kanto2026RPi/src/mazeUtils/moveTile.py", line 2267, in moveNextTile
    isBlack, stopped, resetMapData = moveTile(
                                     ^^^^^^^^^
  File "/home/tuton/Kanto2026RPi/src/mazeUtils/moveTile.py", line 2096, in moveTile
    mapInstance.moveTo(direction)
  File "/home/tuton/Kanto2026RPi/src/mazeUtils/mazeMap.py", line 788, in moveTo
    self.currentPosition = self.mazeAsGraph[z][y][x][direction][0:3]  # type: ignore
                           ~~~~~~~~~~~~~~~~~~~~~~~~~~~~~~~~~~~~^^^^^
TypeError: 'NoneType' object is not subscriptable
2026-06-25 18:24:41,059 - picamera2.picamera2 - [picamera2.py:1391] - DEBUG - Execute job: <picamera2.job.Job object at 0x7fb15b6e90>
2026-06-25 18:24:41,081 - picamera2.picamera2 - [picamera2.py:1323] - INFO - Camera stopped
2026-06-25 18:24:41,285 - picamera2.picamera2 - [picamera2.py:1329] - DEBUG - Camera was not started
2026-06-25 18:24:41,487 - picamera2.picamera2 - [picamera2.py:723] - INFO - Camera closed successfully.
2026-06-25 18:24:41,726 - picamera2.picamera2 - [picamera2.py:500] - DEBUG - Resources now free: <picamera2.picamera2.Picamera2 object at 0x7fa2a63190>
