2026-05-26 20:45:08,904 - root - [logging_config.py:61] - INFO - Logging initialized. Log file: /home/tuton/Kanto2026RPi/src/config/../logs/robot_20260526_204507.log
2026-05-26 20:45:09,358 - mazeUtils.mazeMap - [mazeMap.py:167] - WARNING - ArduinoNanoEveryUART init failed: [Errno 2] could not open port /dev/ttyUSB0: [Errno 2] No such file or directory: '/dev/ttyUSB0'
2026-05-26 20:45:10,377 - mazeUtils.device.LiDAR - [LiDAR.py:36] - INFO - Available ports: <ydlidar.Str2strMap; proxy of <Swig Object of type 'std::map< std::string,std::string > *' at 0x7fb41e59b0> >
2026-05-26 20:45:14,333 - mazeUtils.moveTile - [moveTile.py:511] - DEBUG - Direction: absDirection.NORTH, Angle: 0, Distance: 39.281506549688665 cm
2026-05-26 20:45:14,335 - mazeUtils.moveTile - [moveTile.py:511] - DEBUG - Direction: absDirection.EAST, Angle: 270, Distance: 17.69048462239511 cm
2026-05-26 20:45:14,336 - mazeUtils.moveTile - [moveTile.py:511] - DEBUG - Direction: absDirection.SOUTH, Angle: 180, Distance: 49.89695828789092 cm
2026-05-26 20:45:14,337 - mazeUtils.moveTile - [moveTile.py:511] - DEBUG - Direction: absDirection.WEST, Angle: 90, Distance: 48.99241432342075 cm
2026-05-26 20:45:15,271 - __main__ - [main.py:69] - INFO - Initial Map:
2026-05-26 20:45:15,286 - __main__ - [main.py:70] - INFO - Current position: (20, 20, 0), front direction: absDirection.NORTH
Layer 0 (altitude=0.0cm, offset=(0.0cm, 0.0cm)):
Known map area: x=20..20, y=20..20
+   +
  @ |
+   +
mazeAsGraph[0][20][20] = {absDirection.NORTH: (20, 19, 0), absDirection.EAST: None, absDirection.SOUTH: (20, 21, 0), absDirection.WEST: (19, 20, 0)}
2026-05-26 20:45:15,287 - mazeUtils.mazeMap - [mazeMap.py:61] - INFO - next goal: (20, 19, 0)
2026-05-26 20:45:15,289 - __main__ - [main.py:73] - INFO - Next Direction: [<absDirection.NORTH: 0>]
2026-05-26 20:45:15,289 - __main__ - [main.py:74] - INFO - Exploration started.
2026-05-26 20:45:15,290 - mazeUtils.mazeMap - [mazeMap.py:61] - INFO - next goal: (20, 19, 0)
2026-05-26 20:45:15,298 - mazeUtils.moveTile - [moveTile.py:80] - DEBUG - Moving to absDirection.NORTH from (20, 20, 0) facing absDirection.NORTH
2026-05-26 20:45:15,440 - picamera2.picamera2 - [picamera2.py:1391] - DEBUG - Execute job: <picamera2.job.Job object at 0x7f8e9abf90>
2026-05-26 20:45:15,446 - mazeUtils.device.camera - [camera.py:37] - DEBUG - Average HSV: H=19.9, S=84.4, V=78.6
2026-05-26 20:45:15,495 - mazeUtils.moveTile - [moveTile.py:80] - DEBUG - roll: 359.97 deg, practicalMoveTime: 0.06089305042976676 sec
2026-05-26 20:45:15,496 - mazeUtils.moveTile - [moveTile.py:1114] - DEBUG - moveTile loop time: 59.5 ms
2026-05-26 20:45:15,502 - picamera2.picamera2 - [picamera2.py:1391] - DEBUG - Execute job: <picamera2.job.Job object at 0x7f8e9d2410>
2026-05-26 20:45:15,507 - mazeUtils.device.camera - [camera.py:37] - DEBUG - Average HSV: H=56.4, S=79.8, V=74.1
2026-05-26 20:45:15,555 - mazeUtils.moveTile - [moveTile.py:80] - DEBUG - roll: 359.86 deg, practicalMoveTime: 0.12033515470276357 sec
2026-05-26 20:45:15,556 - mazeUtils.moveTile - [moveTile.py:1114] - DEBUG - moveTile loop time: 59.8 ms
2026-05-26 20:45:15,562 - picamera2.picamera2 - [picamera2.py:1391] - DEBUG - Execute job: <picamera2.job.Job object at 0x7f8f91ce50>
2026-05-26 20:45:15,568 - mazeUtils.device.camera - [camera.py:37] - DEBUG - Average HSV: H=149.3, S=29.7, V=114.4
2026-05-26 20:45:15,617 - mazeUtils.moveTile - [moveTile.py:80] - DEBUG - roll: 0.2999999999999545 deg, practicalMoveTime: 0.17513751264430918 sec
2026-05-26 20:45:15,618 - mazeUtils.moveTile - [moveTile.py:1114] - DEBUG - moveTile loop time: 61.4 ms
2026-05-26 20:45:15,625 - picamera2.picamera2 - [picamera2.py:1391] - DEBUG - Execute job: <picamera2.job.Job object at 0x7f8e9abf90>
2026-05-26 20:45:15,631 - mazeUtils.device.camera - [camera.py:37] - DEBUG - Average HSV: H=140.6, S=32.3, V=120.1
2026-05-26 20:45:15,681 - mazeUtils.moveTile - [moveTile.py:80] - DEBUG - roll: 359.93 deg, practicalMoveTime: 0.2379142697635272 sec
2026-05-26 20:45:15,682 - mazeUtils.moveTile - [moveTile.py:1114] - DEBUG - moveTile loop time: 63.3 ms
2026-05-26 20:45:15,688 - picamera2.picamera2 - [picamera2.py:1391] - DEBUG - Execute job: <picamera2.job.Job object at 0x7f8e9c44d0>
2026-05-26 20:45:15,693 - mazeUtils.device.camera - [camera.py:37] - DEBUG - Average HSV: H=137.3, S=35.2, V=119.3
2026-05-26 20:45:15,743 - mazeUtils.moveTile - [moveTile.py:80] - DEBUG - roll: 0.08999999999997499 deg, practicalMoveTime: 0.29348377842442536 sec
2026-05-26 20:45:15,744 - mazeUtils.moveTile - [moveTile.py:1114] - DEBUG - moveTile loop time: 62.1 ms
2026-05-26 20:45:15,749 - picamera2.picamera2 - [picamera2.py:1391] - DEBUG - Execute job: <picamera2.job.Job object at 0x7f8f91ce50>
2026-05-26 20:45:15,753 - mazeUtils.device.camera - [camera.py:37] - DEBUG - Average HSV: H=133.1, S=46.4, V=113.6
2026-05-26 20:45:15,802 - mazeUtils.moveTile - [moveTile.py:80] - DEBUG - roll: 0.160000000000025 deg, practicalMoveTime: 0.34530106505318164 sec
2026-05-26 20:45:15,803 - mazeUtils.moveTile - [moveTile.py:1114] - DEBUG - moveTile loop time: 58.0 ms
2026-05-26 20:45:15,808 - picamera2.picamera2 - [picamera2.py:1391] - DEBUG - Execute job: <picamera2.job.Job object at 0x7f8e9c9b10>
2026-05-26 20:45:15,813 - mazeUtils.device.camera - [camera.py:37] - DEBUG - Average HSV: H=127.8, S=60.2, V=115.0
2026-05-26 20:45:15,865 - mazeUtils.moveTile - [moveTile.py:80] - DEBUG - roll: 1.1299999999999955 deg, practicalMoveTime: 0.40142256056441283 sec
2026-05-26 20:45:15,866 - mazeUtils.moveTile - [moveTile.py:1114] - DEBUG - moveTile loop time: 63.0 ms
2026-05-26 20:45:15,872 - picamera2.picamera2 - [picamera2.py:1391] - DEBUG - Execute job: <picamera2.job.Job object at 0x7f84bed690>
2026-05-26 20:45:15,877 - mazeUtils.device.camera - [camera.py:37] - DEBUG - Average HSV: H=128.0, S=96.5, V=75.6
2026-05-26 20:45:15,927 - mazeUtils.moveTile - [moveTile.py:80] - DEBUG - roll: 3.6800000000000637 deg, practicalMoveTime: 0.4561375098750894 sec
2026-05-26 20:45:15,928 - mazeUtils.moveTile - [moveTile.py:1114] - DEBUG - moveTile loop time: 61.2 ms
2026-05-26 20:45:15,934 - picamera2.picamera2 - [picamera2.py:1391] - DEBUG - Execute job: <picamera2.job.Job object at 0x7f8e9d2410>
2026-05-26 20:45:15,939 - mazeUtils.device.camera - [camera.py:37] - DEBUG - Average HSV: H=128.9, S=139.5, V=52.1
2026-05-26 20:45:15,988 - mazeUtils.moveTile - [moveTile.py:80] - DEBUG - roll: 7.329999999999927 deg, practicalMoveTime: 0.5101777774814058 sec
2026-05-26 20:45:15,989 - mazeUtils.moveTile - [moveTile.py:1114] - DEBUG - moveTile loop time: 60.4 ms
2026-05-26 20:45:15,996 - picamera2.picamera2 - [picamera2.py:1391] - DEBUG - Execute job: <picamera2.job.Job object at 0x7f84e40250>
2026-05-26 20:45:16,000 - mazeUtils.device.camera - [camera.py:37] - DEBUG - Average HSV: H=127.7, S=147.7, V=51.6
2026-05-26 20:45:16,050 - mazeUtils.moveTile - [moveTile.py:80] - DEBUG - roll: 10.100000000000023 deg, practicalMoveTime: 0.5638662808915408 sec
2026-05-26 20:45:16,051 - mazeUtils.moveTile - [moveTile.py:1114] - DEBUG - moveTile loop time: 61.2 ms
2026-05-26 20:45:16,057 - picamera2.picamera2 - [picamera2.py:1391] - DEBUG - Execute job: <picamera2.job.Job object at 0x7f84eeb2d0>
2026-05-26 20:45:16,062 - mazeUtils.device.camera - [camera.py:37] - DEBUG - Average HSV: H=127.4, S=147.8, V=54.2
2026-05-26 20:45:16,111 - mazeUtils.moveTile - [moveTile.py:80] - DEBUG - roll: 13.059999999999945 deg, practicalMoveTime: 0.6164861868112731 sec
2026-05-26 20:45:16,111 - mazeUtils.moveTile - [moveTile.py:1114] - DEBUG - moveTile loop time: 60.1 ms
2026-05-26 20:45:16,117 - picamera2.picamera2 - [picamera2.py:1391] - DEBUG - Execute job: <picamera2.job.Job object at 0x7f8e9c9b10>
2026-05-26 20:45:16,122 - mazeUtils.device.camera - [camera.py:37] - DEBUG - Average HSV: H=126.3, S=151.7, V=57.5
2026-05-26 20:45:16,172 - mazeUtils.moveTile - [moveTile.py:80] - DEBUG - roll: 16.059999999999945 deg, practicalMoveTime: 0.6647134070508057 sec
2026-05-26 20:45:16,173 - mazeUtils.moveTile - [moveTile.py:1114] - DEBUG - moveTile loop time: 61.6 ms
2026-05-26 20:45:16,180 - picamera2.picamera2 - [picamera2.py:1391] - DEBUG - Execute job: <picamera2.job.Job object at 0x7f8e9c9b10>
2026-05-26 20:45:16,184 - mazeUtils.device.camera - [camera.py:37] - DEBUG - Average HSV: H=129.6, S=145.0, V=48.0
2026-05-26 20:45:16,234 - mazeUtils.moveTile - [moveTile.py:80] - DEBUG - roll: 19.299999999999955 deg, practicalMoveTime: 0.7137107452085307 sec
2026-05-26 20:45:16,234 - mazeUtils.moveTile - [moveTile.py:1114] - DEBUG - moveTile loop time: 60.5 ms
2026-05-26 20:45:16,241 - picamera2.picamera2 - [picamera2.py:1391] - DEBUG - Execute job: <picamera2.job.Job object at 0x7f84bed910>
2026-05-26 20:45:16,246 - mazeUtils.device.camera - [camera.py:37] - DEBUG - Average HSV: H=51.3, S=119.1, V=40.6
2026-05-26 20:45:16,293 - mazeUtils.moveTile - [moveTile.py:80] - DEBUG - roll: 22.769999999999982 deg, practicalMoveTime: 0.760097588202336 sec
2026-05-26 20:45:16,293 - mazeUtils.moveTile - [moveTile.py:1114] - DEBUG - moveTile loop time: 58.9 ms
2026-05-26 20:45:16,300 - picamera2.picamera2 - [picamera2.py:1391] - DEBUG - Execute job: <picamera2.job.Job object at 0x7f8e9c44d0>
2026-05-26 20:45:16,305 - mazeUtils.device.camera - [camera.py:37] - DEBUG - Average HSV: H=157.2, S=84.1, V=40.2
2026-05-26 20:45:16,352 - mazeUtils.moveTile - [moveTile.py:80] - DEBUG - roll: 25.440000000000055 deg, practicalMoveTime: 0.8056741354749984 sec
2026-05-26 20:45:16,354 - mazeUtils.moveTile - [moveTile.py:1114] - DEBUG - moveTile loop time: 60.3 ms
2026-05-26 20:45:16,359 - picamera2.picamera2 - [picamera2.py:1391] - DEBUG - Execute job: <picamera2.job.Job object at 0x7f8e9c9b10>
2026-05-26 20:45:16,363 - mazeUtils.device.camera - [camera.py:37] - DEBUG - Average HSV: H=159.7, S=86.2, V=39.9
2026-05-26 20:45:16,414 - mazeUtils.moveTile - [moveTile.py:80] - DEBUG - roll: 27.350000000000023 deg, practicalMoveTime: 0.8496801745388569 sec
2026-05-26 20:45:16,414 - mazeUtils.moveTile - [moveTile.py:1114] - DEBUG - moveTile loop time: 59.7 ms
2026-05-26 20:45:16,419 - picamera2.picamera2 - [picamera2.py:1391] - DEBUG - Execute job: <picamera2.job.Job object at 0x7f8e9d2410>
2026-05-26 20:45:16,424 - mazeUtils.device.camera - [camera.py:37] - DEBUG - Average HSV: H=147.4, S=87.6, V=40.5
2026-05-26 20:45:16,474 - mazeUtils.moveTile - [moveTile.py:80] - DEBUG - roll: 28.639999999999986 deg, practicalMoveTime: 0.8934019845616117 sec
2026-05-26 20:45:16,474 - mazeUtils.moveTile - [moveTile.py:1114] - DEBUG - moveTile loop time: 59.5 ms
2026-05-26 20:45:16,481 - picamera2.picamera2 - [picamera2.py:1391] - DEBUG - Execute job: <picamera2.job.Job object at 0x7f84eeb2d0>
2026-05-26 20:45:16,486 - mazeUtils.device.camera - [camera.py:37] - DEBUG - Average HSV: H=115.4, S=91.6, V=41.8
2026-05-26 20:45:16,533 - mazeUtils.moveTile - [moveTile.py:80] - DEBUG - roll: 29.350000000000023 deg, practicalMoveTime: 0.9373415211065007 sec
2026-05-26 20:45:16,534 - mazeUtils.moveTile - [moveTile.py:1114] - DEBUG - moveTile loop time: 59.4 ms
2026-05-26 20:45:16,540 - picamera2.picamera2 - [picamera2.py:1391] - DEBUG - Execute job: <picamera2.job.Job object at 0x7fa0948a90>
2026-05-26 20:45:16,545 - mazeUtils.device.camera - [camera.py:37] - DEBUG - Average HSV: H=115.2, S=88.9, V=42.6
2026-05-26 20:45:16,594 - mazeUtils.moveTile - [moveTile.py:80] - DEBUG - roll: 29.190000000000055 deg, practicalMoveTime: 0.9816881970500226 sec
2026-05-26 20:45:16,595 - mazeUtils.moveTile - [moveTile.py:1114] - DEBUG - moveTile loop time: 60.1 ms
2026-05-26 20:45:16,599 - picamera2.picamera2 - [picamera2.py:1391] - DEBUG - Execute job: <picamera2.job.Job object at 0x7fa0948a90>
2026-05-26 20:45:16,604 - mazeUtils.device.camera - [camera.py:37] - DEBUG - Average HSV: H=151.7, S=84.1, V=41.8
2026-05-26 20:45:16,661 - picamera2.picamera2 - [picamera2.py:1391] - DEBUG - Execute job: <picamera2.job.Job object at 0x7f84eeb2d0>
2026-05-26 20:45:16,666 - mazeUtils.device.camera - [camera.py:37] - DEBUG - Average HSV: H=153.7, S=85.6, V=41.2
2026-05-26 20:45:16,716 - mazeUtils.moveTile - [moveTile.py:80] - DEBUG - roll: 27.230000000000018 deg, practicalMoveTime: 1.076751110049404 sec
2026-05-26 20:45:16,717 - mazeUtils.moveTile - [moveTile.py:1114] - DEBUG - moveTile loop time: 62.4 ms
2026-05-26 20:45:16,723 - picamera2.picamera2 - [picamera2.py:1391] - DEBUG - Execute job: <picamera2.job.Job object at 0x7f8e9d2410>
2026-05-26 20:45:16,729 - mazeUtils.device.camera - [camera.py:37] - DEBUG - Average HSV: H=148.8, S=85.5, V=42.1
2026-05-26 20:45:16,781 - mazeUtils.moveTile - [moveTile.py:80] - DEBUG - roll: 26.779999999999973 deg, practicalMoveTime: 1.1234958528369134 sec
2026-05-26 20:45:16,782 - mazeUtils.moveTile - [moveTile.py:1114] - DEBUG - moveTile loop time: 63.7 ms
2026-05-26 20:45:16,788 - picamera2.picamera2 - [picamera2.py:1391] - DEBUG - Execute job: <picamera2.job.Job object at 0x7f84e40250>
2026-05-26 20:45:16,792 - mazeUtils.device.camera - [camera.py:37] - DEBUG - Average HSV: H=146.2, S=89.7, V=41.9
2026-05-26 20:45:16,842 - mazeUtils.moveTile - [moveTile.py:80] - DEBUG - roll: 27.319999999999936 deg, practicalMoveTime: 1.16844871333621 sec
2026-05-26 20:45:16,843 - mazeUtils.moveTile - [moveTile.py:1114] - DEBUG - moveTile loop time: 60.5 ms
2026-05-26 20:45:16,849 - picamera2.picamera2 - [picamera2.py:1391] - DEBUG - Execute job: <picamera2.job.Job object at 0x7f84eeb310>
2026-05-26 20:45:16,853 - mazeUtils.device.camera - [camera.py:37] - DEBUG - Average HSV: H=151.4, S=90.4, V=38.3
2026-05-26 20:45:16,901 - mazeUtils.moveTile - [moveTile.py:80] - DEBUG - roll: 27.910000000000082 deg, practicalMoveTime: 1.2130102716063376 sec
2026-05-26 20:45:16,902 - mazeUtils.moveTile - [moveTile.py:1114] - DEBUG - moveTile loop time: 58.2 ms
2026-05-26 20:45:16,908 - picamera2.picamera2 - [picamera2.py:1391] - DEBUG - Execute job: <picamera2.job.Job object at 0x7f84eeb2d0>
2026-05-26 20:45:16,912 - mazeUtils.device.camera - [camera.py:37] - DEBUG - Average HSV: H=155.5, S=66.8, V=45.5
2026-05-26 20:45:16,961 - mazeUtils.moveTile - [moveTile.py:80] - DEBUG - roll: 27.039999999999964 deg, practicalMoveTime: 1.257934457070777 sec
2026-05-26 20:45:16,962 - mazeUtils.moveTile - [moveTile.py:1114] - DEBUG - moveTile loop time: 59.5 ms
2026-05-26 20:45:16,967 - picamera2.picamera2 - [picamera2.py:1391] - DEBUG - Execute job: <picamera2.job.Job object at 0x7fa0948a90>
2026-05-26 20:45:16,971 - mazeUtils.device.camera - [camera.py:37] - DEBUG - Average HSV: H=150.1, S=58.0, V=49.5
2026-05-26 20:45:17,021 - mazeUtils.moveTile - [moveTile.py:80] - DEBUG - roll: 26.139999999999986 deg, practicalMoveTime: 1.3036073825320498 sec
2026-05-26 20:45:17,021 - mazeUtils.moveTile - [moveTile.py:1114] - DEBUG - moveTile loop time: 59.5 ms
2026-05-26 20:45:17,027 - picamera2.picamera2 - [picamera2.py:1391] - DEBUG - Execute job: <picamera2.job.Job object at 0x7f8e9c44d0>
2026-05-26 20:45:17,032 - mazeUtils.device.camera - [camera.py:37] - DEBUG - Average HSV: H=155.0, S=57.7, V=48.2
2026-05-26 20:45:17,084 - mazeUtils.moveTile - [moveTile.py:80] - DEBUG - roll: 25.339999999999918 deg, practicalMoveTime: 1.3509655272767227 sec
2026-05-26 20:45:17,084 - mazeUtils.moveTile - [moveTile.py:1114] - DEBUG - moveTile loop time: 61.9 ms
2026-05-26 20:45:17,091 - picamera2.picamera2 - [picamera2.py:1391] - DEBUG - Execute job: <picamera2.job.Job object at 0x7f84bed690>
2026-05-26 20:45:17,096 - mazeUtils.device.camera - [camera.py:37] - DEBUG - Average HSV: H=146.2, S=75.2, V=43.9
2026-05-26 20:45:17,148 - mazeUtils.moveTile - [moveTile.py:80] - DEBUG - roll: 24.980000000000018 deg, practicalMoveTime: 1.3989246214344606 sec
2026-05-26 20:45:17,149 - mazeUtils.moveTile - [moveTile.py:1114] - DEBUG - moveTile loop time: 64.4 ms
2026-05-26 20:45:17,155 - picamera2.picamera2 - [picamera2.py:1391] - DEBUG - Execute job: <picamera2.job.Job object at 0x7f84eeb310>
2026-05-26 20:45:17,160 - mazeUtils.device.camera - [camera.py:37] - DEBUG - Average HSV: H=158.8, S=85.6, V=41.6
2026-05-26 20:45:17,212 - mazeUtils.moveTile - [moveTile.py:80] - DEBUG - roll: 26.889999999999986 deg, practicalMoveTime: 1.4457562254978422 sec
2026-05-26 20:45:17,213 - mazeUtils.moveTile - [moveTile.py:1114] - DEBUG - moveTile loop time: 62.9 ms
2026-05-26 20:45:17,218 - picamera2.picamera2 - [picamera2.py:1391] - DEBUG - Execute job: <picamera2.job.Job object at 0x7f84e4f310>
2026-05-26 20:45:17,222 - mazeUtils.device.camera - [camera.py:37] - DEBUG - Average HSV: H=159.5, S=83.0, V=42.2
2026-05-26 20:45:17,273 - mazeUtils.moveTile - [moveTile.py:80] - DEBUG - roll: 28.129999999999995 deg, practicalMoveTime: 1.4903467947176268 sec
2026-05-26 20:45:17,273 - mazeUtils.moveTile - [moveTile.py:1114] - DEBUG - moveTile loop time: 60.4 ms
2026-05-26 20:45:17,278 - picamera2.picamera2 - [picamera2.py:1391] - DEBUG - Execute job: <picamera2.job.Job object at 0x7f8e9c44d0>
2026-05-26 20:45:17,282 - mazeUtils.device.camera - [camera.py:37] - DEBUG - Average HSV: H=151.9, S=81.4, V=43.1
2026-05-26 20:45:17,332 - mazeUtils.moveTile - [moveTile.py:80] - DEBUG - roll: 28.539999999999964 deg, practicalMoveTime: 1.5343134175938016 sec
2026-05-26 20:45:17,332 - mazeUtils.moveTile - [moveTile.py:1114] - DEBUG - moveTile loop time: 58.4 ms
2026-05-26 20:45:17,337 - picamera2.picamera2 - [picamera2.py:1391] - DEBUG - Execute job: <picamera2.job.Job object at 0x7f8e9d2410>
2026-05-26 20:45:17,341 - mazeUtils.device.camera - [camera.py:37] - DEBUG - Average HSV: H=143.6, S=90.4, V=45.7
2026-05-26 20:45:17,390 - mazeUtils.moveTile - [moveTile.py:80] - DEBUG - roll: 29.039999999999964 deg, practicalMoveTime: 1.578019423276046 sec
2026-05-26 20:45:17,391 - mazeUtils.moveTile - [moveTile.py:1114] - DEBUG - moveTile loop time: 58.3 ms
2026-05-26 20:45:17,398 - picamera2.picamera2 - [picamera2.py:1391] - DEBUG - Execute job: <picamera2.job.Job object at 0x7f8f91ce50>
2026-05-26 20:45:17,402 - mazeUtils.device.camera - [camera.py:37] - DEBUG - Average HSV: H=141.2, S=89.9, V=47.8
2026-05-26 20:45:17,450 - mazeUtils.moveTile - [moveTile.py:80] - DEBUG - roll: 29.470000000000027 deg, practicalMoveTime: 1.6223323020660623 sec
2026-05-26 20:45:17,451 - mazeUtils.moveTile - [moveTile.py:1114] - DEBUG - moveTile loop time: 59.5 ms
2026-05-26 20:45:17,457 - picamera2.picamera2 - [picamera2.py:1391] - DEBUG - Execute job: <picamera2.job.Job object at 0x7f8e9d2410>
2026-05-26 20:45:17,462 - mazeUtils.device.camera - [camera.py:37] - DEBUG - Average HSV: H=138.3, S=93.8, V=50.8
2026-05-26 20:45:17,513 - mazeUtils.moveTile - [moveTile.py:80] - DEBUG - roll: 29.579999999999927 deg, practicalMoveTime: 1.6686781037993619 sec
2026-05-26 20:45:17,513 - mazeUtils.moveTile - [moveTile.py:1114] - DEBUG - moveTile loop time: 62.2 ms
2026-05-26 20:45:17,519 - picamera2.picamera2 - [picamera2.py:1391] - DEBUG - Execute job: <picamera2.job.Job object at 0x7fa0948a90>
2026-05-26 20:45:17,524 - mazeUtils.device.camera - [camera.py:37] - DEBUG - Average HSV: H=143.8, S=72.3, V=55.4
2026-05-26 20:45:17,574 - mazeUtils.moveTile - [moveTile.py:80] - DEBUG - roll: 29.350000000000023 deg, practicalMoveTime: 1.7139326767871061 sec
2026-05-26 20:45:17,574 - mazeUtils.moveTile - [moveTile.py:1114] - DEBUG - moveTile loop time: 61.0 ms
2026-05-26 20:45:17,581 - picamera2.picamera2 - [picamera2.py:1391] - DEBUG - Execute job: <picamera2.job.Job object at 0x7f8e9c44d0>
2026-05-26 20:45:17,588 - mazeUtils.device.camera - [camera.py:37] - DEBUG - Average HSV: H=156.1, S=56.5, V=56.0
2026-05-26 20:45:17,637 - mazeUtils.moveTile - [moveTile.py:80] - DEBUG - roll: 29.809999999999945 deg, practicalMoveTime: 1.7601077116762949 sec
2026-05-26 20:45:17,637 - mazeUtils.moveTile - [moveTile.py:1114] - DEBUG - moveTile loop time: 62.0 ms
2026-05-26 20:45:17,643 - picamera2.picamera2 - [picamera2.py:1391] - DEBUG - Execute job: <picamera2.job.Job object at 0x7f84e40250>
2026-05-26 20:45:17,647 - mazeUtils.device.camera - [camera.py:37] - DEBUG - Average HSV: H=157.6, S=45.1, V=66.1
2026-05-26 20:45:17,695 - mazeUtils.moveTile - [moveTile.py:80] - DEBUG - roll: 29.75 deg, practicalMoveTime: 1.8033654698769261 sec
2026-05-26 20:45:17,697 - mazeUtils.moveTile - [moveTile.py:1114] - DEBUG - moveTile loop time: 59.3 ms
2026-05-26 20:45:17,702 - picamera2.picamera2 - [picamera2.py:1391] - DEBUG - Execute job: <picamera2.job.Job object at 0x7f8f91ce50>
2026-05-26 20:45:17,706 - mazeUtils.device.camera - [camera.py:37] - DEBUG - Average HSV: H=145.9, S=34.1, V=87.8
2026-05-26 20:45:17,756 - mazeUtils.moveTile - [moveTile.py:80] - DEBUG - roll: 29.799999999999955 deg, practicalMoveTime: 1.8465288308974908 sec
2026-05-26 20:45:17,757 - mazeUtils.moveTile - [moveTile.py:1114] - DEBUG - moveTile loop time: 59.7 ms
2026-05-26 20:45:17,762 - picamera2.picamera2 - [picamera2.py:1391] - DEBUG - Execute job: <picamera2.job.Job object at 0x7f8e9c44d0>
2026-05-26 20:45:17,767 - mazeUtils.device.camera - [camera.py:37] - DEBUG - Average HSV: H=140.5, S=35.1, V=95.2
2026-05-26 20:45:17,815 - mazeUtils.moveTile - [moveTile.py:80] - DEBUG - roll: 29.629999999999995 deg, practicalMoveTime: 1.8894439769517026 sec
2026-05-26 20:45:17,815 - mazeUtils.moveTile - [moveTile.py:1114] - DEBUG - moveTile loop time: 57.6 ms
2026-05-26 20:45:17,821 - picamera2.picamera2 - [picamera2.py:1391] - DEBUG - Execute job: <picamera2.job.Job object at 0x7f84e4f310>
2026-05-26 20:45:17,826 - mazeUtils.device.camera - [camera.py:37] - DEBUG - Average HSV: H=139.9, S=35.0, V=96.7
2026-05-26 20:45:17,874 - mazeUtils.moveTile - [moveTile.py:80] - DEBUG - roll: 28.210000000000036 deg, practicalMoveTime: 1.9340159659525888 sec
2026-05-26 20:45:17,875 - mazeUtils.moveTile - [moveTile.py:1114] - DEBUG - moveTile loop time: 59.8 ms
2026-05-26 20:45:17,880 - picamera2.picamera2 - [picamera2.py:1391] - DEBUG - Execute job: <picamera2.job.Job object at 0x7f8e9cae50>
2026-05-26 20:45:17,884 - mazeUtils.device.camera - [camera.py:37] - DEBUG - Average HSV: H=138.8, S=36.9, V=96.8
2026-05-26 20:45:17,943 - picamera2.picamera2 - [picamera2.py:1391] - DEBUG - Execute job: <picamera2.job.Job object at 0x7f8e9d2410>
2026-05-26 20:45:17,949 - mazeUtils.device.camera - [camera.py:37] - DEBUG - Average HSV: H=138.1, S=37.5, V=99.0
2026-05-26 20:45:17,998 - mazeUtils.moveTile - [moveTile.py:80] - DEBUG - roll: 27.839999999999918 deg, practicalMoveTime: 2.0295357344390417 sec
2026-05-26 20:45:17,999 - mazeUtils.moveTile - [moveTile.py:1114] - DEBUG - moveTile loop time: 62.0 ms
2026-05-26 20:45:18,005 - picamera2.picamera2 - [picamera2.py:1391] - DEBUG - Execute job: <picamera2.job.Job object at 0x7f84e4f310>
2026-05-26 20:45:18,009 - mazeUtils.device.camera - [camera.py:37] - DEBUG - Average HSV: H=139.0, S=36.1, V=99.3
2026-05-26 20:45:18,158 - mazeUtils.moveTile - [moveTile.py:80] - DEBUG - roll: 28.230000000000018 deg, practicalMoveTime: 2.151852216375568 sec
2026-05-26 20:45:18,159 - mazeUtils.moveTile - [moveTile.py:1114] - DEBUG - moveTile loop time: 160.0 ms
2026-05-26 20:45:18,166 - picamera2.picamera2 - [picamera2.py:1391] - DEBUG - Execute job: <picamera2.job.Job object at 0x7fa0948a90>
2026-05-26 20:45:18,172 - mazeUtils.device.camera - [camera.py:37] - DEBUG - Average HSV: H=137.1, S=36.8, V=94.1
2026-05-26 20:45:18,221 - mazeUtils.moveTile - [moveTile.py:80] - DEBUG - roll: 27.420000000000073 deg, practicalMoveTime: 2.198838316503075 sec
2026-05-26 20:45:18,222 - mazeUtils.moveTile - [moveTile.py:1114] - DEBUG - moveTile loop time: 61.2 ms
2026-05-26 20:45:18,227 - picamera2.picamera2 - [picamera2.py:1391] - DEBUG - Execute job: <picamera2.job.Job object at 0x7f8e9c9b10>
2026-05-26 20:45:18,231 - mazeUtils.device.camera - [camera.py:37] - DEBUG - Average HSV: H=139.9, S=71.0, V=45.5
2026-05-26 20:45:18,280 - mazeUtils.moveTile - [moveTile.py:80] - DEBUG - roll: 27.279999999999973 deg, practicalMoveTime: 2.243615713436167 sec
2026-05-26 20:45:18,281 - mazeUtils.moveTile - [moveTile.py:1114] - DEBUG - moveTile loop time: 58.8 ms
2026-05-26 20:45:18,287 - picamera2.picamera2 - [picamera2.py:1391] - DEBUG - Execute job: <picamera2.job.Job object at 0x7f8e9c44d0>
2026-05-26 20:45:18,292 - mazeUtils.device.camera - [camera.py:37] - DEBUG - Average HSV: H=137.2, S=77.6, V=46.0
2026-05-26 20:45:18,341 - mazeUtils.moveTile - [moveTile.py:80] - DEBUG - roll: 27.289999999999964 deg, practicalMoveTime: 2.290049640592327 sec
2026-05-26 20:45:18,342 - mazeUtils.moveTile - [moveTile.py:1114] - DEBUG - moveTile loop time: 60.9 ms
2026-05-26 20:45:18,348 - picamera2.picamera2 - [picamera2.py:1391] - DEBUG - Execute job: <picamera2.job.Job object at 0x7f84bed950>
2026-05-26 20:45:18,353 - mazeUtils.device.camera - [camera.py:37] - DEBUG - Average HSV: H=76.0, S=51.8, V=97.5
2026-05-26 20:45:18,402 - mazeUtils.moveTile - [moveTile.py:80] - DEBUG - roll: 27.389999999999986 deg, practicalMoveTime: 2.3351859569793114 sec
2026-05-26 20:45:18,402 - mazeUtils.moveTile - [moveTile.py:1114] - DEBUG - moveTile loop time: 60.1 ms
2026-05-26 20:45:18,409 - picamera2.picamera2 - [picamera2.py:1391] - DEBUG - Execute job: <picamera2.job.Job object at 0x7f8e9c9b10>
2026-05-26 20:45:18,413 - mazeUtils.device.camera - [camera.py:37] - DEBUG - Average HSV: H=76.1, S=51.8, V=106.2
2026-05-26 20:45:18,464 - mazeUtils.moveTile - [moveTile.py:80] - DEBUG - roll: 26.920000000000073 deg, practicalMoveTime: 2.3813643720789397 sec
2026-05-26 20:45:18,465 - mazeUtils.moveTile - [moveTile.py:1114] - DEBUG - moveTile loop time: 61.9 ms
2026-05-26 20:45:18,473 - picamera2.picamera2 - [picamera2.py:1391] - DEBUG - Execute job: <picamera2.job.Job object at 0x7f8e9c44d0>
2026-05-26 20:45:18,478 - mazeUtils.device.camera - [camera.py:37] - DEBUG - Average HSV: H=33.4, S=58.3, V=113.3
2026-05-26 20:45:18,533 - mazeUtils.moveTile - [moveTile.py:80] - DEBUG - roll: 27.200000000000045 deg, practicalMoveTime: 2.433689563411809 sec
2026-05-26 20:45:18,534 - mazeUtils.moveTile - [moveTile.py:1114] - DEBUG - moveTile loop time: 67.9 ms
2026-05-26 20:45:18,538 - picamera2.picamera2 - [picamera2.py:1391] - DEBUG - Execute job: <picamera2.job.Job object at 0x7f84bed950>
2026-05-26 20:45:18,542 - mazeUtils.device.camera - [camera.py:37] - DEBUG - Average HSV: H=16.7, S=64.1, V=112.5
2026-05-26 20:45:18,592 - mazeUtils.moveTile - [moveTile.py:80] - DEBUG - roll: 27.389999999999986 deg, practicalMoveTime: 2.4775920609699518 sec
2026-05-26 20:45:18,592 - mazeUtils.moveTile - [moveTile.py:1114] - DEBUG - moveTile loop time: 58.2 ms
2026-05-26 20:45:18,597 - picamera2.picamera2 - [picamera2.py:1391] - DEBUG - Execute job: <picamera2.job.Job object at 0x7f84bed910>
2026-05-26 20:45:18,601 - mazeUtils.device.camera - [camera.py:37] - DEBUG - Average HSV: H=21.4, S=67.3, V=100.5
2026-05-26 20:45:18,650 - mazeUtils.moveTile - [moveTile.py:80] - DEBUG - roll: 29.480000000000018 deg, practicalMoveTime: 2.5210151606792803 sec
2026-05-26 20:45:18,651 - mazeUtils.moveTile - [moveTile.py:1114] - DEBUG - moveTile loop time: 58.2 ms
2026-05-26 20:45:18,657 - picamera2.picamera2 - [picamera2.py:1391] - DEBUG - Execute job: <picamera2.job.Job object at 0x7f84e40250>
2026-05-26 20:45:18,660 - mazeUtils.device.camera - [camera.py:37] - DEBUG - Average HSV: H=38.2, S=63.6, V=87.8
2026-05-26 20:45:18,710 - mazeUtils.moveTile - [moveTile.py:80] - DEBUG - roll: 29.620000000000005 deg, practicalMoveTime: 2.5650205809451987 sec
2026-05-26 20:45:18,710 - mazeUtils.moveTile - [moveTile.py:1114] - DEBUG - moveTile loop time: 59.4 ms
2026-05-26 20:45:18,717 - picamera2.picamera2 - [picamera2.py:1391] - DEBUG - Execute job: <picamera2.job.Job object at 0x7f8f91ce50>
2026-05-26 20:45:18,720 - mazeUtils.device.camera - [camera.py:37] - DEBUG - Average HSV: H=49.6, S=62.8, V=83.4
2026-05-26 20:45:18,770 - mazeUtils.moveTile - [moveTile.py:80] - DEBUG - roll: 30.079999999999927 deg, practicalMoveTime: 2.6088638273489417 sec
2026-05-26 20:45:18,770 - mazeUtils.moveTile - [moveTile.py:1114] - DEBUG - moveTile loop time: 59.9 ms
2026-05-26 20:45:18,775 - picamera2.picamera2 - [picamera2.py:1391] - DEBUG - Execute job: <picamera2.job.Job object at 0x7f84eeb2d0>
2026-05-26 20:45:18,779 - mazeUtils.device.camera - [camera.py:37] - DEBUG - Average HSV: H=36.9, S=66.3, V=89.0
2026-05-26 20:45:18,830 - mazeUtils.moveTile - [moveTile.py:80] - DEBUG - roll: 26.74000000000001 deg, practicalMoveTime: 2.652979011032786 sec
2026-05-26 20:45:18,830 - mazeUtils.moveTile - [moveTile.py:1114] - DEBUG - moveTile loop time: 59.5 ms
2026-05-26 20:45:18,834 - picamera2.picamera2 - [picamera2.py:1391] - DEBUG - Execute job: <picamera2.job.Job object at 0x7f84bed910>
2026-05-26 20:45:18,838 - mazeUtils.device.camera - [camera.py:37] - DEBUG - Average HSV: H=10.8, S=72.7, V=105.3
2026-05-26 20:45:18,890 - mazeUtils.moveTile - [moveTile.py:80] - DEBUG - roll: 22.210000000000036 deg, practicalMoveTime: 2.698752957099987 sec
2026-05-26 20:45:18,890 - mazeUtils.moveTile - [moveTile.py:1114] - DEBUG - moveTile loop time: 59.7 ms
2026-05-26 20:45:18,896 - picamera2.picamera2 - [picamera2.py:1391] - DEBUG - Execute job: <picamera2.job.Job object at 0x7f84eeb2d0>
2026-05-26 20:45:18,900 - mazeUtils.device.camera - [camera.py:37] - DEBUG - Average HSV: H=8.9, S=74.2, V=107.8
2026-05-26 20:45:18,950 - mazeUtils.moveTile - [moveTile.py:80] - DEBUG - roll: 19.569999999999936 deg, practicalMoveTime: 2.746731378911554 sec
2026-05-26 20:45:18,950 - mazeUtils.moveTile - [moveTile.py:1114] - DEBUG - moveTile loop time: 59.8 ms
2026-05-26 20:45:18,956 - picamera2.picamera2 - [picamera2.py:1391] - DEBUG - Execute job: <picamera2.job.Job object at 0x7f8e9c9b10>
2026-05-26 20:45:18,959 - mazeUtils.device.camera - [camera.py:37] - DEBUG - Average HSV: H=8.6, S=75.7, V=109.4
2026-05-26 20:45:19,009 - mazeUtils.moveTile - [moveTile.py:80] - DEBUG - roll: 17.190000000000055 deg, practicalMoveTime: 2.7956501572222154 sec
2026-05-26 20:45:19,010 - mazeUtils.moveTile - [moveTile.py:1114] - DEBUG - moveTile loop time: 59.6 ms
2026-05-26 20:45:19,015 - picamera2.picamera2 - [picamera2.py:1391] - DEBUG - Execute job: <picamera2.job.Job object at 0x7f84e40250>
2026-05-26 20:45:19,018 - mazeUtils.device.camera - [camera.py:37] - DEBUG - Average HSV: H=8.8, S=78.2, V=110.0
2026-05-26 20:45:19,067 - mazeUtils.moveTile - [moveTile.py:80] - DEBUG - roll: 12.990000000000009 deg, practicalMoveTime: 2.84574266543214 sec
2026-05-26 20:45:19,067 - mazeUtils.moveTile - [moveTile.py:1114] - DEBUG - moveTile loop time: 57.4 ms
2026-05-26 20:45:19,072 - picamera2.picamera2 - [picamera2.py:1391] - DEBUG - Execute job: <picamera2.job.Job object at 0x7f8e9c44d0>
2026-05-26 20:45:19,075 - mazeUtils.device.camera - [camera.py:37] - DEBUG - Average HSV: H=8.9, S=81.1, V=109.2
2026-05-26 20:45:19,123 - mazeUtils.moveTile - [moveTile.py:80] - DEBUG - roll: 8.470000000000027 deg, practicalMoveTime: 2.8954150995487056 sec
2026-05-26 20:45:19,124 - mazeUtils.moveTile - [moveTile.py:1114] - DEBUG - moveTile loop time: 56.1 ms
2026-05-26 20:45:19,128 - picamera2.picamera2 - [picamera2.py:1391] - DEBUG - Execute job: <picamera2.job.Job object at 0x7f84bed910>
2026-05-26 20:45:19,131 - mazeUtils.device.camera - [camera.py:37] - DEBUG - Average HSV: H=7.5, S=84.7, V=108.8
2026-05-26 20:45:19,709 - mazeUtils.moveTile - [moveTile.py:511] - DEBUG - Direction: absDirection.NORTH, Angle: 0, Distance: 52.80559436012553 cm
2026-05-26 20:45:19,710 - mazeUtils.moveTile - [moveTile.py:511] - DEBUG - Direction: absDirection.EAST, Angle: 270, Distance: 47.93156461571724 cm
2026-05-26 20:45:19,712 - mazeUtils.moveTile - [moveTile.py:511] - DEBUG - Direction: absDirection.SOUTH, Angle: 180, Distance: 134.14382206384352 cm
2026-05-26 20:45:19,713 - mazeUtils.moveTile - [moveTile.py:511] - DEBUG - Direction: absDirection.WEST, Angle: 90, Distance: 50.22551210648539 cm
2026-05-26 20:45:19,714 - mazeUtils.moveTile - [moveTile.py:1286] - INFO - Tile color detection counts: {}, decided tile type: E
2026-05-26 20:45:19,826 - __main__ - [main.py:84] - INFO - Current position: (20, 20, 1), front direction: absDirection.NORTH
Layer 0 (altitude=0.0cm, offset=(0.0cm, 0.0cm)):
Known map area: x=20..20, y=20..20
+   +
  S |
+   +
Layer 1 (altitude=31.728152744278294cm, offset=(0.0cm, -90.0cm)):
Known map area: x=20..20, y=20..20
+   +
  @  
+   +
mazeAsGraph[0][20][20] = {absDirection.NORTH: (20, 20, 1), absDirection.EAST: None, absDirection.SOUTH: (20, 21, 0), absDirection.WEST: (19, 20, 0)}
mazeAsGraph[1][20][20] = {absDirection.NORTH: (20, 19, 1), absDirection.EAST: (21, 20, 1), absDirection.SOUTH: (20, 20, 0), absDirection.WEST: (19, 20, 1)}
2026-05-26 20:45:19,838 - mazeUtils.mazeMap - [mazeMap.py:61] - INFO - next goal: (20, 19, 1)
2026-05-26 20:45:19,839 - mazeUtils.mazeMap - [mazeMap.py:61] - INFO - next goal: (20, 19, 1)
2026-05-26 20:45:19,849 - mazeUtils.moveTile - [moveTile.py:80] - DEBUG - Moving to absDirection.NORTH from (20, 20, 1) facing absDirection.NORTH
2026-05-26 20:45:19,948 - picamera2.picamera2 - [picamera2.py:1391] - DEBUG - Execute job: <picamera2.job.Job object at 0x7f84bd9450>
2026-05-26 20:45:19,951 - mazeUtils.device.camera - [camera.py:37] - DEBUG - Average HSV: H=9.1, S=80.3, V=107.8
2026-05-26 20:45:19,999 - mazeUtils.moveTile - [moveTile.py:80] - DEBUG - roll: 1.7000000000000455 deg, practicalMoveTime: 0.0496447113782243 sec
2026-05-26 20:45:20,000 - mazeUtils.moveTile - [moveTile.py:1114] - DEBUG - moveTile loop time: 55.3 ms
2026-05-26 20:45:20,005 - picamera2.picamera2 - [picamera2.py:1391] - DEBUG - Execute job: <picamera2.job.Job object at 0x7f84bd9450>
2026-05-26 20:45:20,008 - mazeUtils.device.camera - [camera.py:37] - DEBUG - Average HSV: H=8.9, S=78.0, V=108.4
2026-05-26 20:45:20,055 - mazeUtils.moveTile - [moveTile.py:80] - DEBUG - roll: 2.1399999999999864 deg, practicalMoveTime: 0.09944325377698471 sec
2026-05-26 20:45:20,056 - mazeUtils.moveTile - [moveTile.py:1114] - DEBUG - moveTile loop time: 55.7 ms
2026-05-26 20:45:20,060 - picamera2.picamera2 - [picamera2.py:1391] - DEBUG - Execute job: <picamera2.job.Job object at 0x7f84bffd50>
2026-05-26 20:45:20,063 - mazeUtils.device.camera - [camera.py:37] - DEBUG - Average HSV: H=9.1, S=79.5, V=106.7
2026-05-26 20:45:20,112 - mazeUtils.moveTile - [moveTile.py:80] - DEBUG - roll: 2.2200000000000273 deg, practicalMoveTime: 0.1505365786372272 sec
2026-05-26 20:45:20,113 - mazeUtils.moveTile - [moveTile.py:1114] - DEBUG - moveTile loop time: 57.2 ms
2026-05-26 20:45:20,119 - picamera2.picamera2 - [picamera2.py:1391] - DEBUG - Execute job: <picamera2.job.Job object at 0x7f84bd9450>
2026-05-26 20:45:20,122 - mazeUtils.device.camera - [camera.py:37] - DEBUG - Average HSV: H=7.5, S=83.9, V=106.3
2026-05-26 20:45:20,171 - mazeUtils.moveTile - [moveTile.py:80] - DEBUG - roll: 4.089999999999918 deg, practicalMoveTime: 0.20266749787593816 sec
2026-05-26 20:45:20,172 - mazeUtils.moveTile - [moveTile.py:1114] - DEBUG - moveTile loop time: 58.3 ms
2026-05-26 20:45:20,175 - picamera2.picamera2 - [picamera2.py:1391] - DEBUG - Execute job: <picamera2.job.Job object at 0x7f84bd96d0>
2026-05-26 20:45:20,179 - mazeUtils.device.camera - [camera.py:37] - DEBUG - Average HSV: H=6.9, S=87.4, V=104.0
2026-05-26 20:45:20,227 - mazeUtils.moveTile - [moveTile.py:80] - DEBUG - roll: 4.920000000000073 deg, practicalMoveTime: 0.2524044055285287 sec
2026-05-26 20:45:20,228 - mazeUtils.moveTile - [moveTile.py:1114] - DEBUG - moveTile loop time: 55.9 ms
2026-05-26 20:45:20,232 - picamera2.picamera2 - [picamera2.py:1391] - DEBUG - Execute job: <picamera2.job.Job object at 0x7f84bd8f90>
2026-05-26 20:45:20,235 - mazeUtils.device.camera - [camera.py:37] - DEBUG - Average HSV: H=6.9, S=92.7, V=102.1
2026-05-26 20:45:20,283 - mazeUtils.moveTile - [moveTile.py:80] - DEBUG - roll: 5.029999999999973 deg, practicalMoveTime: 0.30176299984528215 sec
2026-05-26 20:45:20,283 - mazeUtils.moveTile - [moveTile.py:1114] - DEBUG - moveTile loop time: 54.9 ms
2026-05-26 20:45:20,289 - picamera2.picamera2 - [picamera2.py:1391] - DEBUG - Execute job: <picamera2.job.Job object at 0x7f84bd8910>
2026-05-26 20:45:20,293 - mazeUtils.device.camera - [camera.py:37] - DEBUG - Average HSV: H=6.9, S=92.4, V=101.2
2026-05-26 20:45:20,343 - mazeUtils.moveTile - [moveTile.py:80] - DEBUG - roll: 4.839999999999918 deg, practicalMoveTime: 0.35501448512035866 sec
2026-05-26 20:45:20,343 - mazeUtils.moveTile - [moveTile.py:1114] - DEBUG - moveTile loop time: 59.6 ms
2026-05-26 20:45:20,349 - picamera2.picamera2 - [picamera2.py:1391] - DEBUG - Execute job: <picamera2.job.Job object at 0x7f84bd8f90>
2026-05-26 20:45:20,352 - mazeUtils.device.camera - [camera.py:37] - DEBUG - Average HSV: H=7.0, S=90.4, V=99.8
2026-05-26 20:45:20,403 - mazeUtils.moveTile - [moveTile.py:80] - DEBUG - roll: 5.4500000000000455 deg, practicalMoveTime: 0.4083584909701008 sec
2026-05-26 20:45:20,403 - mazeUtils.moveTile - [moveTile.py:1114] - DEBUG - moveTile loop time: 59.9 ms
2026-05-26 20:45:20,407 - picamera2.picamera2 - [picamera2.py:1391] - DEBUG - Execute job: <picamera2.job.Job object at 0x7f84bd8f90>
2026-05-26 20:45:20,410 - mazeUtils.device.camera - [camera.py:37] - DEBUG - Average HSV: H=7.4, S=93.5, V=97.8
2026-05-26 20:45:20,462 - mazeUtils.moveTile - [moveTile.py:80] - DEBUG - roll: 5.019999999999982 deg, practicalMoveTime: 0.4607488695384302 sec
2026-05-26 20:45:20,462 - mazeUtils.moveTile - [moveTile.py:1114] - DEBUG - moveTile loop time: 58.3 ms
2026-05-26 20:45:20,467 - picamera2.picamera2 - [picamera2.py:1391] - DEBUG - Execute job: <picamera2.job.Job object at 0x7f84bffd10>
2026-05-26 20:45:20,470 - mazeUtils.device.camera - [camera.py:37] - DEBUG - Average HSV: H=7.6, S=93.1, V=96.9
2026-05-26 20:45:20,519 - mazeUtils.moveTile - [moveTile.py:80] - DEBUG - roll: 5.019999999999982 deg, practicalMoveTime: 0.5116741805836674 sec
2026-05-26 20:45:20,519 - mazeUtils.moveTile - [moveTile.py:1114] - DEBUG - moveTile loop time: 57.2 ms
2026-05-26 20:45:20,525 - picamera2.picamera2 - [picamera2.py:1391] - DEBUG - Execute job: <picamera2.job.Job object at 0x7f84bd96d0>
2026-05-26 20:45:20,528 - mazeUtils.device.camera - [camera.py:37] - DEBUG - Average HSV: H=7.6, S=92.4, V=96.8
2026-05-26 20:45:20,578 - mazeUtils.moveTile - [moveTile.py:80] - DEBUG - roll: 4.389999999999986 deg, practicalMoveTime: 0.5637480684922994 sec
2026-05-26 20:45:20,578 - mazeUtils.moveTile - [moveTile.py:1114] - DEBUG - moveTile loop time: 58.3 ms
2026-05-26 20:45:20,583 - picamera2.picamera2 - [picamera2.py:1391] - DEBUG - Execute job: <picamera2.job.Job object at 0x7f84bffd90>
2026-05-26 20:45:20,586 - mazeUtils.device.camera - [camera.py:37] - DEBUG - Average HSV: H=6.8, S=95.5, V=96.6
2026-05-26 20:45:20,634 - mazeUtils.moveTile - [moveTile.py:80] - DEBUG - roll: 0.029999999999972715 deg, practicalMoveTime: 0.6137558102411662 sec
2026-05-26 20:45:20,634 - mazeUtils.moveTile - [moveTile.py:1114] - DEBUG - moveTile loop time: 55.8 ms
2026-05-26 20:45:20,640 - picamera2.picamera2 - [picamera2.py:1391] - DEBUG - Execute job: <picamera2.job.Job object at 0x7f84bd96d0>
2026-05-26 20:45:20,643 - mazeUtils.device.camera - [camera.py:37] - DEBUG - Average HSV: H=7.7, S=93.2, V=92.1
2026-05-26 20:45:20,694 - mazeUtils.moveTile - [moveTile.py:80] - DEBUG - roll: 0.7100000000000364 deg, practicalMoveTime: 0.6672059860367121 sec
2026-05-26 20:45:20,694 - mazeUtils.moveTile - [moveTile.py:1114] - DEBUG - moveTile loop time: 59.6 ms
2026-05-26 20:45:20,698 - picamera2.picamera2 - [picamera2.py:1391] - DEBUG - Execute job: <picamera2.job.Job object at 0x7f84bd9950>
2026-05-26 20:45:20,701 - mazeUtils.device.camera - [camera.py:37] - DEBUG - Average HSV: H=10.1, S=97.1, V=86.2
2026-05-26 20:45:20,748 - mazeUtils.moveTile - [moveTile.py:80] - DEBUG - roll: 359.42 deg, practicalMoveTime: 0.7209999978825432 sec
2026-05-26 20:45:20,749 - mazeUtils.moveTile - [moveTile.py:1114] - DEBUG - moveTile loop time: 54.4 ms
2026-05-26 20:45:20,755 - picamera2.picamera2 - [picamera2.py:1391] - DEBUG - Execute job: <picamera2.job.Job object at 0x7f84bd8f90>
2026-05-26 20:45:20,758 - mazeUtils.device.camera - [camera.py:37] - DEBUG - Average HSV: H=10.4, S=94.2, V=85.8
2026-05-26 20:45:20,807 - mazeUtils.moveTile - [moveTile.py:80] - DEBUG - roll: 358.57 deg, practicalMoveTime: 0.7797106406829636 sec
2026-05-26 20:45:20,808 - mazeUtils.moveTile - [moveTile.py:1114] - DEBUG - moveTile loop time: 58.9 ms
2026-05-26 20:45:20,814 - picamera2.picamera2 - [picamera2.py:1391] - DEBUG - Execute job: <picamera2.job.Job object at 0x7f84bd8f90>
2026-05-26 20:45:20,817 - mazeUtils.device.camera - [camera.py:37] - DEBUG - Average HSV: H=13.0, S=99.4, V=81.6
2026-05-26 20:45:20,864 - mazeUtils.moveTile - [moveTile.py:80] - DEBUG - roll: 358.43 deg, practicalMoveTime: 0.8361162214835829 sec
2026-05-26 20:45:20,865 - mazeUtils.moveTile - [moveTile.py:1114] - DEBUG - moveTile loop time: 56.7 ms
2026-05-26 20:45:20,871 - picamera2.picamera2 - [picamera2.py:1391] - DEBUG - Execute job: <picamera2.job.Job object at 0x7f84bd8f90>
2026-05-26 20:45:20,874 - mazeUtils.device.camera - [camera.py:37] - DEBUG - Average HSV: H=10.3, S=101.8, V=82.2
2026-05-26 20:45:20,920 - mazeUtils.moveTile - [moveTile.py:80] - DEBUG - roll: 358.98 deg, practicalMoveTime: 0.8918968518795838 sec
2026-05-26 20:45:20,921 - mazeUtils.moveTile - [moveTile.py:1114] - DEBUG - moveTile loop time: 56.1 ms
2026-05-26 20:45:20,926 - picamera2.picamera2 - [picamera2.py:1391] - DEBUG - Execute job: <picamera2.job.Job object at 0x7f9dd6c450>
2026-05-26 20:45:20,929 - mazeUtils.device.camera - [camera.py:37] - DEBUG - Average HSV: H=9.1, S=103.6, V=82.3
2026-05-26 20:45:20,977 - mazeUtils.moveTile - [moveTile.py:80] - DEBUG - roll: 358.49 deg, practicalMoveTime: 0.9477098495984837 sec
2026-05-26 20:45:20,977 - mazeUtils.moveTile - [moveTile.py:1114] - DEBUG - moveTile loop time: 56.3 ms
2026-05-26 20:45:20,983 - picamera2.picamera2 - [picamera2.py:1391] - DEBUG - Execute job: <picamera2.job.Job object at 0x7f84bffd90>
2026-05-26 20:45:20,987 - mazeUtils.device.camera - [camera.py:37] - DEBUG - Average HSV: H=9.1, S=99.9, V=81.8
2026-05-26 20:45:21,035 - mazeUtils.moveTile - [moveTile.py:80] - DEBUG - roll: 358.85 deg, practicalMoveTime: 1.0057468824649802 sec
2026-05-26 20:45:21,036 - mazeUtils.moveTile - [moveTile.py:1114] - DEBUG - moveTile loop time: 58.5 ms
2026-05-26 20:45:21,043 - picamera2.picamera2 - [picamera2.py:1391] - DEBUG - Execute job: <picamera2.job.Job object at 0x7f84bffd10>
2026-05-26 20:45:21,046 - mazeUtils.device.camera - [camera.py:37] - DEBUG - Average HSV: H=9.6, S=96.7, V=82.3
2026-05-26 20:45:21,177 - mazeUtils.moveTile - [moveTile.py:80] - DEBUG - Little forward to adjust position
2026-05-26 20:45:22,064 - mazeUtils.moveTile - [moveTile.py:511] - DEBUG - Direction: absDirection.NORTH, Angle: 0, Distance: 13.756557183699256 cm
2026-05-26 20:45:22,065 - mazeUtils.moveTile - [moveTile.py:511] - DEBUG - Direction: absDirection.EAST, Angle: 270, Distance: 46.344524129858314 cm
2026-05-26 20:45:22,066 - mazeUtils.moveTile - [moveTile.py:511] - DEBUG - Direction: absDirection.SOUTH, Angle: 180, Distance: 173.10417244564226 cm
2026-05-26 20:45:22,067 - mazeUtils.moveTile - [moveTile.py:511] - DEBUG - Direction: absDirection.WEST, Angle: 90, Distance: 240.56293243972254 cm
2026-05-26 20:45:22,068 - mazeUtils.moveTile - [moveTile.py:1286] - INFO - Tile color detection counts: {}, decided tile type: E
2026-05-26 20:45:22,181 - __main__ - [main.py:84] - INFO - Current position: (20, 19, 1), front direction: absDirection.NORTH
Layer 0 (altitude=0.0cm, offset=(0.0cm, 0.0cm)):
Known map area: x=20..20, y=20..20
+   +
  S |
+   +
Layer 1 (altitude=31.728152744278294cm, offset=(0.0cm, -90.0cm)):
Known map area: x=20..20, y=19..20
+---+
  @  
+   +
  E  
+   +
mazeAsGraph[0][20][20] = {absDirection.NORTH: (20, 20, 1), absDirection.EAST: None, absDirection.SOUTH: (20, 21, 0), absDirection.WEST: (19, 20, 0)}
mazeAsGraph[1][19][20] = {absDirection.NORTH: None, absDirection.EAST: (21, 19, 1), absDirection.SOUTH: (20, 20, 1), absDirection.WEST: (19, 19, 1)}
mazeAsGraph[1][20][20] = {absDirection.NORTH: (20, 19, 1), absDirection.EAST: (21, 20, 1), absDirection.SOUTH: (20, 20, 0), absDirection.WEST: (19, 20, 1)}
2026-05-26 20:45:22,191 - mazeUtils.mazeMap - [mazeMap.py:61] - INFO - next goal: (21, 19, 1)
2026-05-26 20:45:22,192 - mazeUtils.mazeMap - [mazeMap.py:61] - INFO - next goal: (21, 19, 1)
2026-05-26 20:45:22,199 - mazeUtils.moveTile - [moveTile.py:80] - DEBUG - Moving to absDirection.EAST from (20, 19, 1) facing absDirection.NORTH
2026-05-26 20:45:22,245 - mazeUtils.moveTile - [moveTile.py:80] - DEBUG - current heading: 353.23 target: 270
2026-05-26 20:45:23,098 - mazeUtils.moveTile - [moveTile.py:387] - DEBUG - stopped turning at heading: 279.46000000000004, diff: 9.460000000000036
2026-05-26 20:45:23,815 - mazeUtils.moveTile - [moveTile.py:80] - DEBUG - Turned to heading: 270.2 deg
2026-05-26 20:45:23,914 - picamera2.picamera2 - [picamera2.py:1391] - DEBUG - Execute job: <picamera2.job.Job object at 0x7f8c2c0150>
2026-05-26 20:45:23,917 - mazeUtils.device.camera - [camera.py:37] - DEBUG - Average HSV: H=74.0, S=61.4, V=83.0
2026-05-26 20:45:23,967 - mazeUtils.moveTile - [moveTile.py:80] - DEBUG - roll: 2.5399999999999636 deg, practicalMoveTime: 0.05354924620457064 sec
2026-05-26 20:45:23,968 - mazeUtils.moveTile - [moveTile.py:1114] - DEBUG - moveTile loop time: 58.7 ms
2026-05-26 20:45:23,973 - picamera2.picamera2 - [picamera2.py:1391] - DEBUG - Execute job: <picamera2.job.Job object at 0x7f8c2c0250>
2026-05-26 20:45:23,976 - mazeUtils.device.camera - [camera.py:37] - DEBUG - Average HSV: H=76.4, S=59.5, V=83.1
2026-05-26 20:45:24,024 - mazeUtils.moveTile - [moveTile.py:80] - DEBUG - roll: 1.990000000000009 deg, practicalMoveTime: 0.10415966929423284 sec
2026-05-26 20:45:24,025 - mazeUtils.moveTile - [moveTile.py:1114] - DEBUG - moveTile loop time: 56.8 ms
2026-05-26 20:45:24,030 - picamera2.picamera2 - [picamera2.py:1391] - DEBUG - Execute job: <picamera2.job.Job object at 0x7f8c2c0150>
2026-05-26 20:45:24,033 - mazeUtils.device.camera - [camera.py:37] - DEBUG - Average HSV: H=66.4, S=62.1, V=80.5
2026-05-26 20:45:24,082 - mazeUtils.moveTile - [moveTile.py:80] - DEBUG - roll: 2.740000000000009 deg, practicalMoveTime: 0.15534093722033065 sec
2026-05-26 20:45:24,082 - mazeUtils.moveTile - [moveTile.py:1114] - DEBUG - moveTile loop time: 57.1 ms
2026-05-26 20:45:24,088 - picamera2.picamera2 - [picamera2.py:1391] - DEBUG - Execute job: <picamera2.job.Job object at 0x7f84bcd950>
2026-05-26 20:45:24,091 - mazeUtils.device.camera - [camera.py:37] - DEBUG - Average HSV: H=69.7, S=68.8, V=67.5
2026-05-26 20:45:24,142 - mazeUtils.moveTile - [moveTile.py:80] - DEBUG - roll: 2.1499999999999773 deg, practicalMoveTime: 0.20933139029416778 sec
2026-05-26 20:45:24,143 - mazeUtils.moveTile - [moveTile.py:1114] - DEBUG - moveTile loop time: 60.3 ms
2026-05-26 20:45:24,149 - picamera2.picamera2 - [picamera2.py:1391] - DEBUG - Execute job: <picamera2.job.Job object at 0x7f84bccf50>
2026-05-26 20:45:24,152 - mazeUtils.device.camera - [camera.py:37] - DEBUG - Average HSV: H=74.4, S=67.0, V=67.2
2026-05-26 20:45:24,202 - mazeUtils.moveTile - [moveTile.py:80] - DEBUG - roll: 2.509999999999991 deg, practicalMoveTime: 0.26226384177554596 sec
2026-05-26 20:45:24,202 - mazeUtils.moveTile - [moveTile.py:1114] - DEBUG - moveTile loop time: 59.1 ms
2026-05-26 20:45:24,206 - picamera2.picamera2 - [picamera2.py:1391] - DEBUG - Execute job: <picamera2.job.Job object at 0x7f84d9b350>
2026-05-26 20:45:24,209 - mazeUtils.device.camera - [camera.py:37] - DEBUG - Average HSV: H=81.4, S=65.7, V=63.1
2026-05-26 20:45:24,257 - mazeUtils.moveTile - [moveTile.py:80] - DEBUG - roll: 2.6200000000000045 deg, practicalMoveTime: 0.3116763613161953 sec
2026-05-26 20:45:24,257 - mazeUtils.moveTile - [moveTile.py:1114] - DEBUG - moveTile loop time: 55.4 ms
2026-05-26 20:45:24,263 - picamera2.picamera2 - [picamera2.py:1391] - DEBUG - Execute job: <picamera2.job.Job object at 0x7f8c2c0250>
2026-05-26 20:45:24,266 - mazeUtils.device.camera - [camera.py:37] - DEBUG - Average HSV: H=84.4, S=67.8, V=53.4
2026-05-26 20:45:24,314 - mazeUtils.moveTile - [moveTile.py:80] - DEBUG - roll: 3.740000000000009 deg, practicalMoveTime: 0.36196709338084593 sec
2026-05-26 20:45:24,314 - mazeUtils.moveTile - [moveTile.py:1114] - DEBUG - moveTile loop time: 56.4 ms
2026-05-26 20:45:24,320 - picamera2.picamera2 - [picamera2.py:1391] - DEBUG - Execute job: <picamera2.job.Job object at 0x7f84bccf50>
2026-05-26 20:45:24,323 - mazeUtils.device.camera - [camera.py:37] - DEBUG - Average HSV: H=132.2, S=70.7, V=27.8
2026-05-26 20:45:24,373 - mazeUtils.moveTile - [moveTile.py:80] - DEBUG - roll: 5.819999999999936 deg, practicalMoveTime: 0.4143801171504863 sec
2026-05-26 20:45:24,373 - mazeUtils.moveTile - [moveTile.py:1114] - DEBUG - moveTile loop time: 58.8 ms
2026-05-26 20:45:24,379 - picamera2.picamera2 - [picamera2.py:1391] - DEBUG - Execute job: <picamera2.job.Job object at 0x7f84bcda90>
2026-05-26 20:45:24,382 - mazeUtils.device.camera - [camera.py:37] - DEBUG - Average HSV: H=115.9, S=54.6, V=26.9
2026-05-26 20:45:24,431 - mazeUtils.moveTile - [moveTile.py:80] - DEBUG - roll: 6.569999999999936 deg, practicalMoveTime: 0.46616597716697417 sec
2026-05-26 20:45:24,432 - mazeUtils.moveTile - [moveTile.py:1114] - DEBUG - moveTile loop time: 58.5 ms
2026-05-26 20:45:24,436 - picamera2.picamera2 - [picamera2.py:1391] - DEBUG - Execute job: <picamera2.job.Job object at 0x7f84bcda90>
2026-05-26 20:45:24,439 - mazeUtils.device.camera - [camera.py:37] - DEBUG - Average HSV: H=72.3, S=64.5, V=60.3
2026-05-26 20:45:24,489 - mazeUtils.moveTile - [moveTile.py:80] - DEBUG - roll: 7.039999999999964 deg, practicalMoveTime: 0.5175042139851569 sec
2026-05-26 20:45:24,490 - mazeUtils.moveTile - [moveTile.py:1114] - DEBUG - moveTile loop time: 57.6 ms
2026-05-26 20:45:24,495 - picamera2.picamera2 - [picamera2.py:1391] - DEBUG - Execute job: <picamera2.job.Job object at 0x7f84d9b350>
2026-05-26 20:45:24,498 - mazeUtils.device.camera - [camera.py:37] - DEBUG - Average HSV: H=54.9, S=69.9, V=66.5
2026-05-26 20:45:24,547 - mazeUtils.moveTile - [moveTile.py:80] - DEBUG - roll: 5.180000000000064 deg, practicalMoveTime: 0.5687399496539914 sec
2026-05-26 20:45:24,547 - mazeUtils.moveTile - [moveTile.py:1114] - DEBUG - moveTile loop time: 57.5 ms
2026-05-26 20:45:24,552 - picamera2.picamera2 - [picamera2.py:1391] - DEBUG - Execute job: <picamera2.job.Job object at 0x7f9dcf7490>
2026-05-26 20:45:24,556 - mazeUtils.device.camera - [camera.py:37] - DEBUG - Average HSV: H=35.8, S=77.5, V=54.9
2026-05-26 20:45:24,605 - mazeUtils.moveTile - [moveTile.py:80] - DEBUG - roll: 1.7100000000000364 deg, practicalMoveTime: 0.6208114719576561 sec
2026-05-26 20:45:24,606 - mazeUtils.moveTile - [moveTile.py:1114] - DEBUG - moveTile loop time: 58.2 ms
2026-05-26 20:45:24,612 - picamera2.picamera2 - [picamera2.py:1391] - DEBUG - Execute job: <picamera2.job.Job object at 0x7f84bccf50>
2026-05-26 20:45:24,615 - mazeUtils.device.camera - [camera.py:37] - DEBUG - Average HSV: H=28.0, S=90.9, V=53.7
2026-05-26 20:45:24,666 - mazeUtils.moveTile - [moveTile.py:80] - DEBUG - roll: 2.5299999999999727 deg, practicalMoveTime: 0.6743253325611162 sec
2026-05-26 20:45:24,666 - mazeUtils.moveTile - [moveTile.py:1114] - DEBUG - moveTile loop time: 59.8 ms
2026-05-26 20:45:24,671 - picamera2.picamera2 - [picamera2.py:1391] - DEBUG - Execute job: <picamera2.job.Job object at 0x7f84bcda90>
2026-05-26 20:45:24,674 - mazeUtils.device.camera - [camera.py:37] - DEBUG - Average HSV: H=72.5, S=89.7, V=53.3
2026-05-26 20:45:24,721 - mazeUtils.moveTile - [moveTile.py:80] - DEBUG - roll: 2.3899999999999864 deg, practicalMoveTime: 0.7236787833047789 sec
2026-05-26 20:45:24,721 - mazeUtils.moveTile - [moveTile.py:1114] - DEBUG - moveTile loop time: 55.2 ms
2026-05-26 20:45:24,725 - picamera2.picamera2 - [picamera2.py:1391] - DEBUG - Execute job: <picamera2.job.Job object at 0x7f84bcd950>
2026-05-26 20:45:24,729 - mazeUtils.device.camera - [camera.py:37] - DEBUG - Average HSV: H=68.3, S=86.5, V=56.2
2026-05-26 20:45:24,780 - mazeUtils.moveTile - [moveTile.py:80] - DEBUG - roll: 1.990000000000009 deg, practicalMoveTime: 0.7762119409812358 sec
2026-05-26 20:45:24,780 - mazeUtils.moveTile - [moveTile.py:1114] - DEBUG - moveTile loop time: 58.7 ms
2026-05-26 20:45:24,784 - picamera2.picamera2 - [picamera2.py:1391] - DEBUG - Execute job: <picamera2.job.Job object at 0x7f9dcf7490>
2026-05-26 20:45:24,787 - mazeUtils.device.camera - [camera.py:37] - DEBUG - Average HSV: H=149.0, S=62.1, V=65.8
2026-05-26 20:45:24,835 - mazeUtils.moveTile - [moveTile.py:80] - DEBUG - roll: 359.83 deg, practicalMoveTime: 0.8309797853872778 sec
2026-05-26 20:45:24,836 - mazeUtils.moveTile - [moveTile.py:1114] - DEBUG - moveTile loop time: 55.2 ms
2026-05-26 20:45:24,841 - picamera2.picamera2 - [picamera2.py:1391] - DEBUG - Execute job: <picamera2.job.Job object at 0x7f84e41e50>
2026-05-26 20:45:24,844 - mazeUtils.device.camera - [camera.py:37] - DEBUG - Average HSV: H=141.8, S=57.6, V=69.1
2026-05-26 20:45:24,892 - mazeUtils.moveTile - [moveTile.py:80] - DEBUG - roll: 357.78 deg, practicalMoveTime: 0.8872865320126412 sec
2026-05-26 20:45:24,893 - mazeUtils.moveTile - [moveTile.py:1114] - DEBUG - moveTile loop time: 56.6 ms
2026-05-26 20:45:24,898 - picamera2.picamera2 - [picamera2.py:1391] - DEBUG - Execute job: <picamera2.job.Job object at 0x7f9dcf7490>
2026-05-26 20:45:24,901 - mazeUtils.device.camera - [camera.py:37] - DEBUG - Average HSV: H=145.6, S=55.7, V=67.2
2026-05-26 20:45:24,949 - mazeUtils.moveTile - [moveTile.py:80] - DEBUG - roll: 357.32 deg, practicalMoveTime: 0.9433000582614692 sec
2026-05-26 20:45:24,950 - mazeUtils.moveTile - [moveTile.py:1114] - DEBUG - moveTile loop time: 56.7 ms
2026-05-26 20:45:24,956 - picamera2.picamera2 - [picamera2.py:1391] - DEBUG - Execute job: <picamera2.job.Job object at 0x7f84bcd950>
2026-05-26 20:45:24,960 - mazeUtils.device.camera - [camera.py:37] - DEBUG - Average HSV: H=155.0, S=59.1, V=59.7
2026-05-26 20:45:25,152 - mazeUtils.moveTile - [moveTile.py:511] - DEBUG - Direction: absDirection.NORTH, Angle: 90, Distance: 17.712374943636632 cm
2026-05-26 20:45:25,155 - mazeUtils.moveTile - [moveTile.py:511] - DEBUG - Direction: absDirection.EAST, Angle: 0, Distance: 12.03164371189502 cm
2026-05-26 20:45:25,157 - mazeUtils.moveTile - [moveTile.py:511] - DEBUG - Direction: absDirection.SOUTH, Angle: 270, Distance: 172.05787281704906 cm
2026-05-26 20:45:25,158 - mazeUtils.moveTile - [moveTile.py:511] - DEBUG - Direction: absDirection.WEST, Angle: 180, Distance: 273.25129332043696 cm
2026-05-26 20:45:25,158 - mazeUtils.moveTile - [moveTile.py:1286] - INFO - Tile color detection counts: {}, decided tile type: E
2026-05-26 20:45:25,283 - __main__ - [main.py:84] - INFO - Current position: (21, 19, 1), front direction: absDirection.EAST
Layer 0 (altitude=0.0cm, offset=(0.0cm, 0.0cm)):
Known map area: x=20..20, y=20..20
+   +
  S |
+   +
Layer 1 (altitude=31.728152744278294cm, offset=(0.0cm, -90.0cm)):
Known map area: x=20..21, y=19..20
+---+---+
  E   @ |
+   +   +
  E   U  
+   +   +
mazeAsGraph[0][20][20] = {absDirection.NORTH: (20, 20, 1), absDirection.EAST: None, absDirection.SOUTH: (20, 21, 0), absDirection.WEST: (19, 20, 0)}
mazeAsGraph[1][19][20] = {absDirection.NORTH: None, absDirection.EAST: (21, 19, 1), absDirection.SOUTH: (20, 20, 1), absDirection.WEST: (19, 19, 1)}
mazeAsGraph[1][19][21] = {absDirection.NORTH: None, absDirection.EAST: None, absDirection.SOUTH: (21, 20, 1), absDirection.WEST: (20, 19, 1)}
mazeAsGraph[1][20][20] = {absDirection.NORTH: (20, 19, 1), absDirection.EAST: (21, 20, 1), absDirection.SOUTH: (20, 20, 0), absDirection.WEST: (19, 20, 1)}
2026-05-26 20:45:25,299 - mazeUtils.mazeMap - [mazeMap.py:61] - INFO - next goal: (21, 20, 1)
2026-05-26 20:45:25,300 - mazeUtils.mazeMap - [mazeMap.py:61] - INFO - next goal: (21, 20, 1)
2026-05-26 20:45:25,308 - mazeUtils.moveTile - [moveTile.py:80] - DEBUG - Moving to absDirection.SOUTH from (21, 19, 1) facing absDirection.EAST
2026-05-26 20:45:25,356 - mazeUtils.moveTile - [moveTile.py:80] - DEBUG - current heading: 263.86 target: 180
2026-05-26 20:45:26,355 - mazeUtils.moveTile - [moveTile.py:387] - DEBUG - stopped turning at heading: 189.96, diff: 9.960000000000008
2026-05-26 20:45:26,885 - __main__ - [main.py:144] - INFO - Program interrupted by user.
2026-05-26 20:45:27,964 - mazeUtils.device.stm - [stm.py:214] - DEBUG - ACK resynchronized: type=STS_MOTOR dropped=8B seq=123
2026-05-26 20:45:27,971 - picamera2.picamera2 - [picamera2.py:1391] - DEBUG - Execute job: <picamera2.job.Job object at 0x7fb41d3150>
2026-05-26 20:45:27,986 - picamera2.picamera2 - [picamera2.py:1323] - INFO - Camera stopped
2026-05-26 20:45:28,188 - picamera2.picamera2 - [picamera2.py:1329] - DEBUG - Camera was not started
2026-05-26 20:45:28,391 - picamera2.picamera2 - [picamera2.py:723] - INFO - Camera closed successfully.
2026-05-26 20:45:28,577 - picamera2.picamera2 - [picamera2.py:500] - DEBUG - Resources now free: <picamera2.picamera2.Picamera2 object at 0x7fa7ac6550>
