2026-06-01 21:32:21,056 - root - [logging_config.py:61] - INFO - Logging initialized. Log file: /home/tuton/Kanto2026RPi/src/config/../logs/robot_20260601_213220.log
2026-06-01 21:32:22,585 - mazeUtils.device.LiDAR - [LiDAR.py:36] - INFO - Available ports: <ydlidar.Str2strMap; proxy of <Swig Object of type 'std::map< std::string,std::string > *' at 0x7fa6a87ed0> >
2026-06-01 21:32:26,594 - mazeUtils.moveTile - [moveTile.py:512] - DEBUG - Direction: absDirection.NORTH, Angle: 0, Distance: 44.695102803275844 cm
2026-06-01 21:32:26,595 - mazeUtils.moveTile - [moveTile.py:512] - DEBUG - Direction: absDirection.EAST, Angle: 270, Distance: 41.801779634521786 cm
2026-06-01 21:32:26,596 - mazeUtils.moveTile - [moveTile.py:512] - DEBUG - Direction: absDirection.SOUTH, Angle: 180, Distance: 21.64111310713262 cm
2026-06-01 21:32:26,597 - mazeUtils.moveTile - [moveTile.py:512] - DEBUG - Direction: absDirection.WEST, Angle: 90, Distance: 46.53945032360225 cm
2026-06-01 21:32:27,799 - __main__ - [main.py:69] - INFO - Initial Map:
2026-06-01 21:32:27,808 - __main__ - [main.py:70] - INFO - Current position: (20, 20, 0), front direction: absDirection.NORTH
Layer 0 (altitude=0.0cm, offset=(0.0cm, 0.0cm)):
Known map area: x=20..20, y=20..20
+   +
  @  
+---+
2026-06-01 21:32:27,809 - mazeUtils.mazeMap - [mazeMap.py:61] - INFO - next goal: (20, 19, 0)
2026-06-01 21:32:27,810 - __main__ - [main.py:73] - INFO - Next Direction: [<absDirection.NORTH: 0>]
2026-06-01 21:32:27,811 - __main__ - [main.py:74] - INFO - Exploration started.
2026-06-01 21:32:27,811 - mazeUtils.mazeMap - [mazeMap.py:61] - INFO - next goal: (20, 19, 0)
2026-06-01 21:32:27,818 - mazeUtils.moveTile - [moveTile.py:80] - DEBUG - Moving to absDirection.NORTH from (20, 20, 0) facing absDirection.NORTH
2026-06-01 21:32:27,915 - picamera2.picamera2 - [picamera2.py:1391] - DEBUG - Execute job: <picamera2.job.Job object at 0x7f63678e50>
2026-06-01 21:32:27,922 - mazeUtils.device.camera - [camera.py:37] - DEBUG - Average HSV: H=8.2, S=87.4, V=92.9
2026-06-01 21:32:27,971 - mazeUtils.moveTile - [moveTile.py:80] - DEBUG - roll: 0.03000000000002956 deg, practicalMoveTime: 0.05147152433553767 sec
2026-06-01 21:32:27,972 - mazeUtils.moveTile - [moveTile.py:1049] - DEBUG - moveTile loop time: 60.6 ms
2026-06-01 21:32:27,977 - picamera2.picamera2 - [picamera2.py:1391] - DEBUG - Execute job: <picamera2.job.Job object at 0x7f9a7c3790>
2026-06-01 21:32:27,983 - mazeUtils.device.camera - [camera.py:37] - DEBUG - Average HSV: H=8.2, S=86.9, V=94.6
2026-06-01 21:32:28,032 - mazeUtils.moveTile - [moveTile.py:80] - DEBUG - roll: 0.040000000000020464 deg, practicalMoveTime: 0.1024586959579696 sec
2026-06-01 21:32:28,032 - mazeUtils.moveTile - [moveTile.py:1049] - DEBUG - moveTile loop time: 60.4 ms
2026-06-01 21:32:28,038 - picamera2.picamera2 - [picamera2.py:1391] - DEBUG - Execute job: <picamera2.job.Job object at 0x7f63678e50>
2026-06-01 21:32:28,042 - mazeUtils.device.camera - [camera.py:37] - DEBUG - Average HSV: H=8.0, S=87.4, V=96.1
2026-06-01 21:32:28,091 - mazeUtils.moveTile - [moveTile.py:80] - DEBUG - roll: 359.74 deg, practicalMoveTime: 0.1608768452384648 sec
2026-06-01 21:32:28,091 - mazeUtils.moveTile - [moveTile.py:1049] - DEBUG - moveTile loop time: 58.7 ms
2026-06-01 21:32:28,095 - picamera2.picamera2 - [picamera2.py:1391] - DEBUG - Execute job: <picamera2.job.Job object at 0x7f63678e10>
2026-06-01 21:32:28,098 - mazeUtils.device.camera - [camera.py:37] - DEBUG - Average HSV: H=8.7, S=91.2, V=95.5
2026-06-01 21:32:28,148 - mazeUtils.moveTile - [moveTile.py:80] - DEBUG - roll: 0.21000000000003638 deg, practicalMoveTime: 0.209424740737585 sec
2026-06-01 21:32:28,149 - mazeUtils.moveTile - [moveTile.py:1049] - DEBUG - moveTile loop time: 57.3 ms
2026-06-01 21:32:28,154 - picamera2.picamera2 - [picamera2.py:1391] - DEBUG - Execute job: <picamera2.job.Job object at 0x7f63678e50>
2026-06-01 21:32:28,157 - mazeUtils.device.camera - [camera.py:37] - DEBUG - Average HSV: H=8.3, S=89.4, V=96.2
2026-06-01 21:32:28,204 - mazeUtils.moveTile - [moveTile.py:80] - DEBUG - roll: 0.37000000000000455 deg, practicalMoveTime: 0.25634810304357447 sec
2026-06-01 21:32:28,204 - mazeUtils.moveTile - [moveTile.py:1049] - DEBUG - moveTile loop time: 55.6 ms
2026-06-01 21:32:28,208 - picamera2.picamera2 - [picamera2.py:1391] - DEBUG - Execute job: <picamera2.job.Job object at 0x7f63598610>
2026-06-01 21:32:28,211 - mazeUtils.device.camera - [camera.py:37] - DEBUG - Average HSV: H=8.0, S=86.3, V=97.8
2026-06-01 21:32:28,260 - mazeUtils.moveTile - [moveTile.py:80] - DEBUG - roll: 0.1400000000000432 deg, practicalMoveTime: 0.30352704125805124 sec
2026-06-01 21:32:28,260 - mazeUtils.moveTile - [moveTile.py:1049] - DEBUG - moveTile loop time: 55.8 ms
2026-06-01 21:32:28,265 - picamera2.picamera2 - [picamera2.py:1391] - DEBUG - Execute job: <picamera2.job.Job object at 0x7f63392a50>
2026-06-01 21:32:28,269 - mazeUtils.device.camera - [camera.py:37] - DEBUG - Average HSV: H=8.2, S=86.6, V=99.0
2026-06-01 21:32:28,318 - mazeUtils.moveTile - [moveTile.py:80] - DEBUG - roll: 0.29000000000002046 deg, practicalMoveTime: 0.35220535229712624 sec
2026-06-01 21:32:28,318 - mazeUtils.moveTile - [moveTile.py:1049] - DEBUG - moveTile loop time: 57.6 ms
2026-06-01 21:32:28,322 - picamera2.picamera2 - [picamera2.py:1391] - DEBUG - Execute job: <picamera2.job.Job object at 0x7f63392e50>
2026-06-01 21:32:28,325 - mazeUtils.device.camera - [camera.py:37] - DEBUG - Average HSV: H=8.0, S=89.2, V=99.6
2026-06-01 21:32:28,372 - mazeUtils.moveTile - [moveTile.py:80] - DEBUG - roll: 0.10000000000002274 deg, practicalMoveTime: 0.39823449228128516 sec
2026-06-01 21:32:28,373 - mazeUtils.moveTile - [moveTile.py:1049] - DEBUG - moveTile loop time: 54.4 ms
2026-06-01 21:32:28,377 - picamera2.picamera2 - [picamera2.py:1391] - DEBUG - Execute job: <picamera2.job.Job object at 0x7f8207bf50>
2026-06-01 21:32:28,380 - mazeUtils.device.camera - [camera.py:37] - DEBUG - Average HSV: H=8.0, S=87.3, V=102.2
2026-06-01 21:32:28,427 - mazeUtils.moveTile - [moveTile.py:80] - DEBUG - roll: 0.11000000000001364 deg, practicalMoveTime: 0.44445087115001775 sec
2026-06-01 21:32:28,428 - mazeUtils.moveTile - [moveTile.py:1049] - DEBUG - moveTile loop time: 54.9 ms
2026-06-01 21:32:28,434 - picamera2.picamera2 - [picamera2.py:1391] - DEBUG - Execute job: <picamera2.job.Job object at 0x7f63678e10>
2026-06-01 21:32:28,437 - mazeUtils.device.camera - [camera.py:37] - DEBUG - Average HSV: H=8.0, S=87.0, V=102.4
2026-06-01 21:32:28,485 - mazeUtils.moveTile - [moveTile.py:80] - DEBUG - roll: 0.06999999999999318 deg, practicalMoveTime: 0.49295143243037065 sec
2026-06-01 21:32:28,485 - mazeUtils.moveTile - [moveTile.py:1049] - DEBUG - moveTile loop time: 57.2 ms
2026-06-01 21:32:28,491 - picamera2.picamera2 - [picamera2.py:1391] - DEBUG - Execute job: <picamera2.job.Job object at 0x7f63392f90>
2026-06-01 21:32:28,494 - mazeUtils.device.camera - [camera.py:37] - DEBUG - Average HSV: H=7.8, S=87.1, V=102.8
2026-06-01 21:32:28,541 - mazeUtils.moveTile - [moveTile.py:80] - DEBUG - roll: 359.76000000000005 deg, practicalMoveTime: 0.548599271103111 sec
2026-06-01 21:32:28,542 - mazeUtils.moveTile - [moveTile.py:1049] - DEBUG - moveTile loop time: 56.0 ms
2026-06-01 21:32:28,548 - picamera2.picamera2 - [picamera2.py:1391] - DEBUG - Execute job: <picamera2.job.Job object at 0x7f8113f2d0>
2026-06-01 21:32:28,552 - mazeUtils.device.camera - [camera.py:37] - DEBUG - Average HSV: H=8.3, S=83.8, V=105.1
2026-06-01 21:32:28,600 - mazeUtils.moveTile - [moveTile.py:80] - DEBUG - roll: 359.88 deg, practicalMoveTime: 0.6070825050326675 sec
2026-06-01 21:32:28,601 - mazeUtils.moveTile - [moveTile.py:1049] - DEBUG - moveTile loop time: 58.8 ms
2026-06-01 21:32:28,607 - picamera2.picamera2 - [picamera2.py:1391] - DEBUG - Execute job: <picamera2.job.Job object at 0x7f8207bf50>
2026-06-01 21:32:28,610 - mazeUtils.device.camera - [camera.py:37] - DEBUG - Average HSV: H=8.8, S=87.4, V=105.0
2026-06-01 21:32:28,660 - mazeUtils.moveTile - [moveTile.py:80] - DEBUG - roll: 0.26000000000004775 deg, practicalMoveTime: 0.6573935166589694 sec
2026-06-01 21:32:28,661 - mazeUtils.moveTile - [moveTile.py:1049] - DEBUG - moveTile loop time: 59.5 ms
2026-06-01 21:32:28,666 - picamera2.picamera2 - [picamera2.py:1391] - DEBUG - Execute job: <picamera2.job.Job object at 0x7f63392f90>
2026-06-01 21:32:28,669 - mazeUtils.device.camera - [camera.py:37] - DEBUG - Average HSV: H=8.2, S=85.7, V=104.9
2026-06-01 21:32:28,717 - mazeUtils.moveTile - [moveTile.py:80] - DEBUG - roll: 359.96000000000004 deg, practicalMoveTime: 0.7137759205977496 sec
2026-06-01 21:32:28,718 - mazeUtils.moveTile - [moveTile.py:1049] - DEBUG - moveTile loop time: 56.7 ms
2026-06-01 21:32:28,723 - picamera2.picamera2 - [picamera2.py:1391] - DEBUG - Execute job: <picamera2.job.Job object at 0x7f63392e50>
2026-06-01 21:32:28,727 - mazeUtils.device.camera - [camera.py:37] - DEBUG - Average HSV: H=7.8, S=85.2, V=103.9
2026-06-01 21:32:28,777 - mazeUtils.moveTile - [moveTile.py:80] - DEBUG - roll: 0.2300000000000182 deg, practicalMoveTime: 0.7637137559064632 sec
2026-06-01 21:32:28,777 - mazeUtils.moveTile - [moveTile.py:1049] - DEBUG - moveTile loop time: 59.0 ms
2026-06-01 21:32:28,782 - picamera2.picamera2 - [picamera2.py:1391] - DEBUG - Execute job: <picamera2.job.Job object at 0x7f63392f90>
2026-06-01 21:32:28,785 - mazeUtils.device.camera - [camera.py:37] - DEBUG - Average HSV: H=7.4, S=83.2, V=103.8
2026-06-01 21:32:28,834 - mazeUtils.moveTile - [moveTile.py:80] - DEBUG - roll: 0.22000000000002728 deg, practicalMoveTime: 0.8123576777474949 sec
2026-06-01 21:32:28,835 - mazeUtils.moveTile - [moveTile.py:1049] - DEBUG - moveTile loop time: 57.6 ms
2026-06-01 21:32:28,839 - picamera2.picamera2 - [picamera2.py:1391] - DEBUG - Execute job: <picamera2.job.Job object at 0x7f63678e10>
2026-06-01 21:32:28,842 - mazeUtils.device.camera - [camera.py:37] - DEBUG - Average HSV: H=7.4, S=82.4, V=104.7
2026-06-01 21:32:28,891 - mazeUtils.moveTile - [moveTile.py:80] - DEBUG - roll: 359.84000000000003 deg, practicalMoveTime: 0.868548426213083 sec
2026-06-01 21:32:28,891 - mazeUtils.moveTile - [moveTile.py:1049] - DEBUG - moveTile loop time: 56.5 ms
2026-06-01 21:32:28,897 - picamera2.picamera2 - [picamera2.py:1391] - DEBUG - Execute job: <picamera2.job.Job object at 0x7f810ddf90>
2026-06-01 21:32:28,899 - mazeUtils.device.camera - [camera.py:37] - DEBUG - Average HSV: H=8.7, S=80.4, V=99.4
2026-06-01 21:32:28,949 - mazeUtils.moveTile - [moveTile.py:80] - DEBUG - roll: 0.37000000000000455 deg, practicalMoveTime: 0.917336182932367 sec
2026-06-01 21:32:28,949 - mazeUtils.moveTile - [moveTile.py:1049] - DEBUG - moveTile loop time: 57.7 ms
2026-06-01 21:32:28,953 - picamera2.picamera2 - [picamera2.py:1391] - DEBUG - Execute job: <picamera2.job.Job object at 0x7f63392f90>
2026-06-01 21:32:28,957 - mazeUtils.device.camera - [camera.py:37] - DEBUG - Average HSV: H=81.8, S=89.6, V=56.8
2026-06-01 21:32:29,085 - mazeUtils.moveTile - [moveTile.py:80] - DEBUG - Little forward to adjust position
2026-06-01 21:32:29,288 - mazeUtils.moveTile - [moveTile.py:512] - DEBUG - Direction: absDirection.NORTH, Angle: 0, Distance: 12.413760088050273 cm
2026-06-01 21:32:29,289 - mazeUtils.moveTile - [moveTile.py:512] - DEBUG - Direction: absDirection.EAST, Angle: 270, Distance: 36.81077885053607 cm
2026-06-01 21:32:29,290 - mazeUtils.moveTile - [moveTile.py:512] - DEBUG - Direction: absDirection.SOUTH, Angle: 180, Distance: 52.928865209812116 cm
2026-06-01 21:32:29,291 - mazeUtils.moveTile - [moveTile.py:512] - DEBUG - Direction: absDirection.WEST, Angle: 90, Distance: 19.576461572211002 cm
2026-06-01 21:32:29,291 - mazeUtils.moveTile - [moveTile.py:1250] - INFO - Tile color detection counts: {}, decided tile type: E
2026-06-01 21:32:29,382 - __main__ - [main.py:84] - INFO - Current position: (20, 19, 0), front direction: absDirection.NORTH
Layer 0 (altitude=0.0cm, offset=(0.0cm, 0.0cm)):
Known map area: x=20..20, y=19..20
+---+
| @  
+   +
  S  
+---+
2026-06-01 21:32:29,393 - mazeUtils.mazeMap - [mazeMap.py:61] - INFO - next goal: (21, 19, 0)
2026-06-01 21:32:29,393 - mazeUtils.mazeMap - [mazeMap.py:61] - INFO - next goal: (21, 19, 0)
2026-06-01 21:32:29,400 - mazeUtils.moveTile - [moveTile.py:80] - DEBUG - Moving to absDirection.EAST from (20, 19, 0) facing absDirection.NORTH
2026-06-01 21:32:29,445 - mazeUtils.moveTile - [moveTile.py:80] - DEBUG - current heading: 358.11 target: 270
2026-06-01 21:32:30,620 - mazeUtils.moveTile - [moveTile.py:387] - DEBUG - stopped turning at heading: 279.23, diff: 9.230000000000018
2026-06-01 21:32:31,185 - mazeUtils.moveTile - [moveTile.py:80] - DEBUG - Turned to heading: 270.2 deg
2026-06-01 21:32:31,296 - picamera2.picamera2 - [picamera2.py:1391] - DEBUG - Execute job: <picamera2.job.Job object at 0x7f6339c850>
2026-06-01 21:32:31,302 - mazeUtils.device.camera - [camera.py:37] - DEBUG - Average HSV: H=36.1, S=77.6, V=95.1
2026-06-01 21:32:31,351 - mazeUtils.moveTile - [moveTile.py:80] - DEBUG - roll: 0.9900000000000091 deg, practicalMoveTime: 0.0549153714921954 sec
2026-06-01 21:32:31,352 - mazeUtils.moveTile - [moveTile.py:1049] - DEBUG - moveTile loop time: 61.2 ms
2026-06-01 21:32:31,357 - picamera2.picamera2 - [picamera2.py:1391] - DEBUG - Execute job: <picamera2.job.Job object at 0x7f63696990>
2026-06-01 21:32:31,362 - mazeUtils.device.camera - [camera.py:37] - DEBUG - Average HSV: H=61.6, S=82.6, V=78.4
2026-06-01 21:32:31,410 - mazeUtils.moveTile - [moveTile.py:80] - DEBUG - roll: 359.99 deg, practicalMoveTime: 0.11349743808956352 sec
2026-06-01 21:32:31,411 - mazeUtils.moveTile - [moveTile.py:1049] - DEBUG - moveTile loop time: 58.3 ms
2026-06-01 21:32:31,417 - picamera2.picamera2 - [picamera2.py:1391] - DEBUG - Execute job: <picamera2.job.Job object at 0x7f930cbf10>
2026-06-01 21:32:31,422 - mazeUtils.device.camera - [camera.py:37] - DEBUG - Average HSV: H=131.8, S=99.9, V=94.6
2026-06-01 21:32:31,472 - mazeUtils.moveTile - [moveTile.py:80] - DEBUG - roll: 0.10000000000002274 deg, practicalMoveTime: 0.1655257883539631 sec
2026-06-01 21:32:31,473 - mazeUtils.moveTile - [moveTile.py:1049] - DEBUG - moveTile loop time: 61.5 ms
2026-06-01 21:32:31,478 - picamera2.picamera2 - [picamera2.py:1391] - DEBUG - Execute job: <picamera2.job.Job object at 0x7f930c8050>
2026-06-01 21:32:31,484 - mazeUtils.device.camera - [camera.py:37] - DEBUG - Average HSV: H=163.3, S=25.2, V=146.2
2026-06-01 21:32:31,535 - mazeUtils.moveTile - [moveTile.py:80] - DEBUG - roll: 1.0600000000000023 deg, practicalMoveTime: 0.21794893553435174 sec
2026-06-01 21:32:31,535 - mazeUtils.moveTile - [moveTile.py:1049] - DEBUG - moveTile loop time: 62.2 ms
2026-06-01 21:32:31,540 - picamera2.picamera2 - [picamera2.py:1391] - DEBUG - Execute job: <picamera2.job.Job object at 0x7f930cbf10>
2026-06-01 21:32:31,545 - mazeUtils.device.camera - [camera.py:37] - DEBUG - Average HSV: H=25.1, S=65.6, V=134.7
2026-06-01 21:32:31,593 - mazeUtils.moveTile - [moveTile.py:80] - DEBUG - roll: 0.7900000000000205 deg, practicalMoveTime: 0.26699974163424434 sec
2026-06-01 21:32:31,594 - mazeUtils.moveTile - [moveTile.py:1049] - DEBUG - moveTile loop time: 58.2 ms
2026-06-01 21:32:31,599 - picamera2.picamera2 - [picamera2.py:1391] - DEBUG - Execute job: <picamera2.job.Job object at 0x7f9a7c3790>
2026-06-01 21:32:31,604 - mazeUtils.device.camera - [camera.py:37] - DEBUG - Average HSV: H=11.7, S=157.4, V=48.6
2026-06-01 21:32:31,653 - mazeUtils.moveTile - [moveTile.py:80] - DEBUG - roll: 0.7300000000000182 deg, practicalMoveTime: 0.31729746108638823 sec
2026-06-01 21:32:31,654 - mazeUtils.moveTile - [moveTile.py:1049] - DEBUG - moveTile loop time: 59.4 ms
2026-06-01 21:32:31,661 - picamera2.picamera2 - [picamera2.py:1391] - DEBUG - Execute job: <picamera2.job.Job object at 0x7f63598610>
2026-06-01 21:32:31,667 - mazeUtils.device.camera - [camera.py:37] - DEBUG - Average HSV: H=12.5, S=98.0, V=59.9
2026-06-01 21:32:31,717 - mazeUtils.moveTile - [moveTile.py:80] - DEBUG - roll: 1.2300000000000182 deg, practicalMoveTime: 0.37030121638321567 sec
2026-06-01 21:32:31,717 - mazeUtils.moveTile - [moveTile.py:1049] - DEBUG - moveTile loop time: 62.4 ms
2026-06-01 21:32:31,722 - picamera2.picamera2 - [picamera2.py:1391] - DEBUG - Execute job: <picamera2.job.Job object at 0x7f930c8c10>
2026-06-01 21:32:31,728 - mazeUtils.device.camera - [camera.py:37] - DEBUG - Average HSV: H=124.5, S=123.3, V=70.3
2026-06-01 21:32:31,775 - mazeUtils.moveTile - [moveTile.py:80] - DEBUG - roll: 5.220000000000027 deg, practicalMoveTime: 0.4192834086118886 sec
2026-06-01 21:32:31,776 - mazeUtils.moveTile - [moveTile.py:1049] - DEBUG - moveTile loop time: 58.2 ms
2026-06-01 21:32:31,782 - picamera2.picamera2 - [picamera2.py:1391] - DEBUG - Execute job: <picamera2.job.Job object at 0x7f930c8c10>
2026-06-01 21:32:31,786 - mazeUtils.device.camera - [camera.py:37] - DEBUG - Average HSV: H=35.3, S=126.5, V=33.4
2026-06-01 21:32:31,835 - mazeUtils.moveTile - [moveTile.py:80] - DEBUG - roll: 8.740000000000009 deg, practicalMoveTime: 0.46867141053727257 sec
2026-06-01 21:32:31,835 - mazeUtils.moveTile - [moveTile.py:1049] - DEBUG - moveTile loop time: 59.2 ms
2026-06-01 21:32:31,841 - picamera2.picamera2 - [picamera2.py:1391] - DEBUG - Execute job: <picamera2.job.Job object at 0x7f63696990>
2026-06-01 21:32:31,845 - mazeUtils.device.camera - [camera.py:37] - DEBUG - Average HSV: H=136.1, S=41.6, V=43.2
2026-06-01 21:32:31,894 - mazeUtils.moveTile - [moveTile.py:80] - DEBUG - roll: 11.580000000000041 deg, practicalMoveTime: 0.5179104265560501 sec
2026-06-01 21:32:31,895 - mazeUtils.moveTile - [moveTile.py:1049] - DEBUG - moveTile loop time: 59.8 ms
2026-06-01 21:32:31,900 - picamera2.picamera2 - [picamera2.py:1391] - DEBUG - Execute job: <picamera2.job.Job object at 0x7f930c8c10>
2026-06-01 21:32:31,905 - mazeUtils.device.camera - [camera.py:37] - DEBUG - Average HSV: H=14.3, S=106.1, V=51.5
2026-06-01 21:32:31,955 - mazeUtils.moveTile - [moveTile.py:80] - DEBUG - roll: 15.640000000000043 deg, practicalMoveTime: 0.566761945721704 sec
2026-06-01 21:32:31,956 - mazeUtils.moveTile - [moveTile.py:1049] - DEBUG - moveTile loop time: 59.9 ms
2026-06-01 21:32:31,962 - picamera2.picamera2 - [picamera2.py:1391] - DEBUG - Execute job: <picamera2.job.Job object at 0x7f63696990>
2026-06-01 21:32:31,967 - mazeUtils.device.camera - [camera.py:37] - DEBUG - Average HSV: H=109.3, S=57.9, V=45.6
2026-06-01 21:32:32,019 - mazeUtils.moveTile - [moveTile.py:80] - DEBUG - roll: 18.720000000000027 deg, practicalMoveTime: 0.617358303691902 sec
2026-06-01 21:32:32,019 - mazeUtils.moveTile - [moveTile.py:1049] - DEBUG - moveTile loop time: 62.9 ms
2026-06-01 21:32:32,027 - picamera2.picamera2 - [picamera2.py:1391] - DEBUG - Execute job: <picamera2.job.Job object at 0x7f6339c710>
2026-06-01 21:32:32,031 - mazeUtils.device.camera - [camera.py:37] - DEBUG - Average HSV: H=23.2, S=101.6, V=52.5
2026-06-01 21:32:32,081 - mazeUtils.moveTile - [moveTile.py:80] - DEBUG - roll: 21.879999999999995 deg, practicalMoveTime: 0.6655661594878007 sec
2026-06-01 21:32:32,082 - mazeUtils.moveTile - [moveTile.py:1049] - DEBUG - moveTile loop time: 61.9 ms
2026-06-01 21:32:32,087 - picamera2.picamera2 - [picamera2.py:1391] - DEBUG - Execute job: <picamera2.job.Job object at 0x7f63696990>
2026-06-01 21:32:32,093 - mazeUtils.device.camera - [camera.py:37] - DEBUG - Average HSV: H=154.0, S=65.8, V=47.4
2026-06-01 21:32:32,141 - mazeUtils.moveTile - [moveTile.py:80] - DEBUG - roll: 26.230000000000018 deg, practicalMoveTime: 0.7104290086268678 sec
2026-06-01 21:32:32,141 - mazeUtils.moveTile - [moveTile.py:1049] - DEBUG - moveTile loop time: 59.0 ms
2026-06-01 21:32:32,148 - picamera2.picamera2 - [picamera2.py:1391] - DEBUG - Execute job: <picamera2.job.Job object at 0x7f63598610>
2026-06-01 21:32:32,152 - mazeUtils.device.camera - [camera.py:37] - DEBUG - Average HSV: H=27.3, S=93.2, V=52.4
2026-06-01 21:32:32,204 - mazeUtils.moveTile - [moveTile.py:80] - DEBUG - roll: 30.370000000000005 deg, practicalMoveTime: 0.7565618814978406 sec
2026-06-01 21:32:32,205 - mazeUtils.moveTile - [moveTile.py:1049] - DEBUG - moveTile loop time: 63.4 ms
2026-06-01 21:32:32,211 - picamera2.picamera2 - [picamera2.py:1391] - DEBUG - Execute job: <picamera2.job.Job object at 0x7f930a60d0>
2026-06-01 21:32:32,216 - mazeUtils.device.camera - [camera.py:37] - DEBUG - Average HSV: H=125.2, S=72.6, V=51.3
2026-06-01 21:32:32,267 - mazeUtils.moveTile - [moveTile.py:80] - DEBUG - roll: 33.210000000000036 deg, practicalMoveTime: 0.8003606789095232 sec
2026-06-01 21:32:32,267 - mazeUtils.moveTile - [moveTile.py:1049] - DEBUG - moveTile loop time: 61.5 ms
2026-06-01 21:32:32,273 - picamera2.picamera2 - [picamera2.py:1391] - DEBUG - Execute job: <picamera2.job.Job object at 0x7f636969d0>
2026-06-01 21:32:32,277 - mazeUtils.device.camera - [camera.py:37] - DEBUG - Average HSV: H=39.9, S=88.6, V=57.8
2026-06-01 21:32:32,326 - mazeUtils.moveTile - [moveTile.py:80] - DEBUG - roll: 35.06999999999999 deg, practicalMoveTime: 0.8411563660172748 sec
2026-06-01 21:32:32,327 - mazeUtils.moveTile - [moveTile.py:1049] - DEBUG - moveTile loop time: 58.9 ms
2026-06-01 21:32:32,333 - picamera2.picamera2 - [picamera2.py:1391] - DEBUG - Execute job: <picamera2.job.Job object at 0x7f930a60d0>
2026-06-01 21:32:32,337 - mazeUtils.device.camera - [camera.py:37] - DEBUG - Average HSV: H=75.3, S=78.3, V=59.5
2026-06-01 21:32:32,385 - mazeUtils.moveTile - [moveTile.py:80] - DEBUG - roll: 35.10000000000002 deg, practicalMoveTime: 0.8819105233302283 sec
2026-06-01 21:32:32,386 - mazeUtils.moveTile - [moveTile.py:1049] - DEBUG - moveTile loop time: 58.9 ms
2026-06-01 21:32:32,392 - picamera2.picamera2 - [picamera2.py:1391] - DEBUG - Execute job: <picamera2.job.Job object at 0x7f930c88d0>
2026-06-01 21:32:32,397 - mazeUtils.device.camera - [camera.py:37] - DEBUG - Average HSV: H=41.9, S=83.1, V=55.6
2026-06-01 21:32:32,446 - mazeUtils.moveTile - [moveTile.py:80] - DEBUG - roll: 37.5 deg, practicalMoveTime: 0.9226797158529204 sec
2026-06-01 21:32:32,448 - mazeUtils.moveTile - [moveTile.py:1049] - DEBUG - moveTile loop time: 61.5 ms
2026-06-01 21:32:32,454 - picamera2.picamera2 - [picamera2.py:1391] - DEBUG - Execute job: <picamera2.job.Job object at 0x7f930c8050>
2026-06-01 21:32:32,459 - mazeUtils.device.camera - [camera.py:37] - DEBUG - Average HSV: H=28.6, S=100.3, V=76.0
2026-06-01 21:32:32,509 - mazeUtils.moveTile - [moveTile.py:80] - DEBUG - roll: 39.79000000000002 deg, practicalMoveTime: 0.9623986839268203 sec
2026-06-01 21:32:32,509 - mazeUtils.moveTile - [moveTile.py:1049] - DEBUG - moveTile loop time: 61.2 ms
2026-06-01 21:32:32,515 - picamera2.picamera2 - [picamera2.py:1391] - DEBUG - Execute job: <picamera2.job.Job object at 0x7f930c8c10>
2026-06-01 21:32:32,521 - mazeUtils.device.camera - [camera.py:37] - DEBUG - Average HSV: H=21.2, S=112.8, V=64.3
2026-06-01 21:32:32,576 - picamera2.picamera2 - [picamera2.py:1391] - DEBUG - Execute job: <picamera2.job.Job object at 0x7f6339cc10>
2026-06-01 21:32:32,584 - mazeUtils.device.camera - [camera.py:37] - DEBUG - Average HSV: H=26.4, S=94.3, V=47.9
2026-06-01 21:32:32,634 - mazeUtils.moveTile - [moveTile.py:80] - DEBUG - roll: 34.01000000000005 deg, practicalMoveTime: 1.0502088034990542 sec
2026-06-01 21:32:32,635 - mazeUtils.moveTile - [moveTile.py:1049] - DEBUG - moveTile loop time: 63.8 ms
2026-06-01 21:32:32,641 - picamera2.picamera2 - [picamera2.py:1391] - DEBUG - Execute job: <picamera2.job.Job object at 0x7f636969d0>
2026-06-01 21:32:32,650 - mazeUtils.device.camera - [camera.py:37] - DEBUG - Average HSV: H=25.0, S=81.8, V=74.6
2026-06-01 21:32:32,698 - mazeUtils.moveTile - [moveTile.py:80] - DEBUG - roll: 33.44 deg, practicalMoveTime: 1.094942655408822 sec
2026-06-01 21:32:32,698 - mazeUtils.moveTile - [moveTile.py:1049] - DEBUG - moveTile loop time: 62.9 ms
2026-06-01 21:32:32,702 - picamera2.picamera2 - [picamera2.py:1391] - DEBUG - Execute job: <picamera2.job.Job object at 0x7f9a7c3790>
2026-06-01 21:32:32,706 - mazeUtils.device.camera - [camera.py:37] - DEBUG - Average HSV: H=33.3, S=96.4, V=40.4
2026-06-01 21:32:32,758 - mazeUtils.moveTile - [moveTile.py:80] - DEBUG - roll: 36.69 deg, practicalMoveTime: 1.1354244289052002 sec
2026-06-01 21:32:32,758 - mazeUtils.moveTile - [moveTile.py:1049] - DEBUG - moveTile loop time: 59.9 ms
2026-06-01 21:32:32,765 - picamera2.picamera2 - [picamera2.py:1391] - DEBUG - Execute job: <picamera2.job.Job object at 0x7f6339d110>
2026-06-01 21:32:32,769 - mazeUtils.device.camera - [camera.py:37] - DEBUG - Average HSV: H=25.2, S=97.4, V=57.8
2026-06-01 21:32:32,821 - mazeUtils.moveTile - [moveTile.py:80] - DEBUG - roll: 37.58000000000004 deg, practicalMoveTime: 1.177168781597919 sec
2026-06-01 21:32:32,821 - mazeUtils.moveTile - [moveTile.py:1049] - DEBUG - moveTile loop time: 62.0 ms
2026-06-01 21:32:32,826 - picamera2.picamera2 - [picamera2.py:1391] - DEBUG - Execute job: <picamera2.job.Job object at 0x7f930cbf10>
2026-06-01 21:32:32,830 - mazeUtils.device.camera - [camera.py:37] - DEBUG - Average HSV: H=24.3, S=101.4, V=92.3
2026-06-01 21:32:32,877 - mazeUtils.moveTile - [moveTile.py:80] - DEBUG - roll: 38.85000000000002 deg, practicalMoveTime: 1.213786418262216 sec
2026-06-01 21:32:32,877 - mazeUtils.moveTile - [moveTile.py:1049] - DEBUG - moveTile loop time: 55.5 ms
2026-06-01 21:32:32,881 - picamera2.picamera2 - [picamera2.py:1391] - DEBUG - Execute job: <picamera2.job.Job object at 0x7f63696990>
2026-06-01 21:32:32,884 - mazeUtils.device.camera - [camera.py:37] - DEBUG - Average HSV: H=24.2, S=101.7, V=86.0
2026-06-01 21:32:32,932 - mazeUtils.moveTile - [moveTile.py:80] - DEBUG - roll: 36.650000000000034 deg, practicalMoveTime: 1.2510873528003148 sec
2026-06-01 21:32:32,932 - mazeUtils.moveTile - [moveTile.py:1049] - DEBUG - moveTile loop time: 55.1 ms
2026-06-01 21:32:32,937 - picamera2.picamera2 - [picamera2.py:1391] - DEBUG - Execute job: <picamera2.job.Job object at 0x7f930c88d0>
2026-06-01 21:32:32,940 - mazeUtils.device.camera - [camera.py:37] - DEBUG - Average HSV: H=22.1, S=106.8, V=50.1
2026-06-01 21:32:32,990 - mazeUtils.moveTile - [moveTile.py:80] - DEBUG - roll: 35.34000000000003 deg, practicalMoveTime: 1.2908307985286513 sec
2026-06-01 21:32:32,990 - mazeUtils.moveTile - [moveTile.py:1049] - DEBUG - moveTile loop time: 57.6 ms
2026-06-01 21:32:32,994 - picamera2.picamera2 - [picamera2.py:1391] - DEBUG - Execute job: <picamera2.job.Job object at 0x7f9a7c3790>
2026-06-01 21:32:32,997 - mazeUtils.device.camera - [camera.py:37] - DEBUG - Average HSV: H=27.4, S=95.4, V=66.8
2026-06-01 21:32:33,046 - mazeUtils.moveTile - [moveTile.py:80] - DEBUG - roll: 34.900000000000034 deg, practicalMoveTime: 1.3298618796133583 sec
2026-06-01 21:32:33,047 - mazeUtils.moveTile - [moveTile.py:1049] - DEBUG - moveTile loop time: 56.5 ms
2026-06-01 21:32:33,051 - picamera2.picamera2 - [picamera2.py:1391] - DEBUG - Execute job: <picamera2.job.Job object at 0x7f63598610>
2026-06-01 21:32:33,054 - mazeUtils.device.camera - [camera.py:37] - DEBUG - Average HSV: H=33.8, S=90.7, V=58.5
2026-06-01 21:32:33,104 - mazeUtils.moveTile - [moveTile.py:80] - DEBUG - roll: 30.99000000000001 deg, practicalMoveTime: 1.3717715331637919 sec
2026-06-01 21:32:33,105 - mazeUtils.moveTile - [moveTile.py:1049] - DEBUG - moveTile loop time: 57.8 ms
2026-06-01 21:32:33,111 - picamera2.picamera2 - [picamera2.py:1391] - DEBUG - Execute job: <picamera2.job.Job object at 0x7f930a60d0>
2026-06-01 21:32:33,114 - mazeUtils.device.camera - [camera.py:37] - DEBUG - Average HSV: H=32.5, S=80.6, V=68.9
2026-06-01 21:32:33,165 - mazeUtils.moveTile - [moveTile.py:80] - DEBUG - roll: 29.160000000000025 deg, practicalMoveTime: 1.4164482144397166 sec
2026-06-01 21:32:33,166 - mazeUtils.moveTile - [moveTile.py:1049] - DEBUG - moveTile loop time: 60.7 ms
2026-06-01 21:32:33,172 - picamera2.picamera2 - [picamera2.py:1391] - DEBUG - Execute job: <picamera2.job.Job object at 0x7f6339c5d0>
2026-06-01 21:32:33,175 - mazeUtils.device.camera - [camera.py:37] - DEBUG - Average HSV: H=39.5, S=90.3, V=48.1
2026-06-01 21:32:33,223 - mazeUtils.moveTile - [moveTile.py:80] - DEBUG - roll: 29.730000000000018 deg, practicalMoveTime: 1.4588625331952574 sec
2026-06-01 21:32:33,224 - mazeUtils.moveTile - [moveTile.py:1049] - DEBUG - moveTile loop time: 58.0 ms
2026-06-01 21:32:33,229 - picamera2.picamera2 - [picamera2.py:1391] - DEBUG - Execute job: <picamera2.job.Job object at 0x7f636969d0>
2026-06-01 21:32:33,233 - mazeUtils.device.camera - [camera.py:37] - DEBUG - Average HSV: H=42.3, S=86.7, V=49.9
2026-06-01 21:32:33,283 - mazeUtils.moveTile - [moveTile.py:80] - DEBUG - roll: 27.600000000000023 deg, practicalMoveTime: 1.5034293946524668 sec
2026-06-01 21:32:33,284 - mazeUtils.moveTile - [moveTile.py:1049] - DEBUG - moveTile loop time: 59.6 ms
2026-06-01 21:32:33,288 - picamera2.picamera2 - [picamera2.py:1391] - DEBUG - Execute job: <picamera2.job.Job object at 0x7f930c88d0>
2026-06-01 21:32:33,291 - mazeUtils.device.camera - [camera.py:37] - DEBUG - Average HSV: H=7.4, S=74.4, V=115.7
2026-06-01 21:32:33,339 - mazeUtils.moveTile - [moveTile.py:80] - DEBUG - roll: 18.090000000000032 deg, practicalMoveTime: 1.5477343242681811 sec
2026-06-01 21:32:33,339 - mazeUtils.moveTile - [moveTile.py:1049] - DEBUG - moveTile loop time: 55.1 ms
2026-06-01 21:32:33,344 - picamera2.picamera2 - [picamera2.py:1391] - DEBUG - Execute job: <picamera2.job.Job object at 0x7f63696990>
2026-06-01 21:32:33,348 - mazeUtils.device.camera - [camera.py:37] - DEBUG - Average HSV: H=7.5, S=96.9, V=97.2
2026-06-01 21:32:33,397 - mazeUtils.moveTile - [moveTile.py:80] - DEBUG - roll: 13.330000000000041 deg, practicalMoveTime: 1.5951603320723557 sec
2026-06-01 21:32:33,397 - mazeUtils.moveTile - [moveTile.py:1049] - DEBUG - moveTile loop time: 57.8 ms
2026-06-01 21:32:33,402 - picamera2.picamera2 - [picamera2.py:1391] - DEBUG - Execute job: <picamera2.job.Job object at 0x7f63598610>
2026-06-01 21:32:33,405 - mazeUtils.device.camera - [camera.py:37] - DEBUG - Average HSV: H=8.8, S=102.1, V=98.0
2026-06-01 21:32:33,453 - mazeUtils.moveTile - [moveTile.py:80] - DEBUG - roll: 7.160000000000025 deg, practicalMoveTime: 1.6416604429600132 sec
2026-06-01 21:32:33,453 - mazeUtils.moveTile - [moveTile.py:1049] - DEBUG - moveTile loop time: 55.8 ms
2026-06-01 21:32:33,458 - picamera2.picamera2 - [picamera2.py:1391] - DEBUG - Execute job: <picamera2.job.Job object at 0x7f930c8c10>
2026-06-01 21:32:33,462 - mazeUtils.device.camera - [camera.py:37] - DEBUG - Average HSV: H=8.8, S=128.2, V=81.8
2026-06-01 21:32:33,511 - mazeUtils.moveTile - [moveTile.py:80] - DEBUG - roll: 4.7000000000000455 deg, practicalMoveTime: 1.6908278642483276 sec
2026-06-01 21:32:33,512 - mazeUtils.moveTile - [moveTile.py:1049] - DEBUG - moveTile loop time: 58.2 ms
2026-06-01 21:32:33,518 - picamera2.picamera2 - [picamera2.py:1391] - DEBUG - Execute job: <picamera2.job.Job object at 0x7f63598610>
2026-06-01 21:32:33,521 - mazeUtils.device.camera - [camera.py:37] - DEBUG - Average HSV: H=9.1, S=132.7, V=80.1
2026-06-01 21:32:33,572 - mazeUtils.moveTile - [moveTile.py:80] - DEBUG - roll: 1.9399999999999977 deg, practicalMoveTime: 1.742029884012984 sec
2026-06-01 21:32:33,573 - mazeUtils.moveTile - [moveTile.py:1049] - DEBUG - moveTile loop time: 60.6 ms
2026-06-01 21:32:33,577 - picamera2.picamera2 - [picamera2.py:1391] - DEBUG - Execute job: <picamera2.job.Job object at 0x7f6339cd50>
2026-06-01 21:32:33,581 - mazeUtils.device.camera - [camera.py:37] - DEBUG - Average HSV: H=9.0, S=135.1, V=75.6
2026-06-01 21:32:33,630 - mazeUtils.moveTile - [moveTile.py:80] - DEBUG - roll: 356.23 deg, practicalMoveTime: 1.7986193113330178 sec
2026-06-01 21:32:33,630 - mazeUtils.moveTile - [moveTile.py:1049] - DEBUG - moveTile loop time: 57.1 ms
2026-06-01 21:32:33,636 - picamera2.picamera2 - [picamera2.py:1391] - DEBUG - Execute job: <picamera2.job.Job object at 0x7f930c8c10>
2026-06-01 21:32:33,639 - mazeUtils.device.camera - [camera.py:37] - DEBUG - Average HSV: H=8.3, S=135.2, V=74.6
2026-06-01 21:32:33,687 - mazeUtils.moveTile - [moveTile.py:80] - DEBUG - roll: 355.03000000000003 deg, practicalMoveTime: 1.8550783316211212 sec
2026-06-01 21:32:33,687 - mazeUtils.moveTile - [moveTile.py:1049] - DEBUG - moveTile loop time: 57.0 ms
2026-06-01 21:32:33,693 - picamera2.picamera2 - [picamera2.py:1391] - DEBUG - Execute job: <picamera2.job.Job object at 0x7f930cbf10>
2026-06-01 21:32:33,697 - mazeUtils.device.camera - [camera.py:37] - DEBUG - Average HSV: H=8.5, S=132.8, V=75.8
2026-06-01 21:32:33,746 - mazeUtils.moveTile - [moveTile.py:80] - DEBUG - roll: 352.26000000000005 deg, practicalMoveTime: 1.9132960710967755 sec
2026-06-01 21:32:33,747 - mazeUtils.moveTile - [moveTile.py:1049] - DEBUG - moveTile loop time: 59.2 ms
2026-06-01 21:32:33,752 - picamera2.picamera2 - [picamera2.py:1391] - DEBUG - Execute job: <picamera2.job.Job object at 0x7f930c8c10>
2026-06-01 21:32:33,756 - mazeUtils.device.camera - [camera.py:37] - DEBUG - Average HSV: H=13.3, S=90.5, V=98.4
2026-06-01 21:32:33,806 - mazeUtils.moveTile - [moveTile.py:80] - DEBUG - roll: 344.8 deg, practicalMoveTime: 1.970763078699786 sec
2026-06-01 21:32:33,807 - mazeUtils.moveTile - [moveTile.py:1049] - DEBUG - moveTile loop time: 59.8 ms
2026-06-01 21:32:33,811 - picamera2.picamera2 - [picamera2.py:1391] - DEBUG - Execute job: <picamera2.job.Job object at 0x7f930c88d0>
2026-06-01 21:32:33,815 - mazeUtils.device.camera - [camera.py:37] - DEBUG - Average HSV: H=56.1, S=79.6, V=100.3
2026-06-01 21:32:33,868 - picamera2.picamera2 - [picamera2.py:1391] - DEBUG - Execute job: <picamera2.job.Job object at 0x7f6339c710>
2026-06-01 21:32:33,871 - mazeUtils.device.camera - [camera.py:37] - DEBUG - Average HSV: H=127.7, S=60.3, V=94.4
2026-06-01 21:32:33,923 - mazeUtils.moveTile - [moveTile.py:80] - DEBUG - roll: 335.81 deg, practicalMoveTime: 2.0768214862753727 sec
2026-06-01 21:32:33,924 - mazeUtils.moveTile - [moveTile.py:1049] - DEBUG - moveTile loop time: 60.4 ms
2026-06-01 21:32:33,929 - picamera2.picamera2 - [picamera2.py:1391] - DEBUG - Execute job: <picamera2.job.Job object at 0x7f63696990>
2026-06-01 21:32:33,933 - mazeUtils.device.camera - [camera.py:37] - DEBUG - Average HSV: H=64.6, S=79.7, V=88.0
2026-06-01 21:32:33,984 - mazeUtils.moveTile - [moveTile.py:80] - DEBUG - roll: 332.52000000000004 deg, practicalMoveTime: 2.1298021615313067 sec
2026-06-01 21:32:33,984 - mazeUtils.moveTile - [moveTile.py:1049] - DEBUG - moveTile loop time: 59.7 ms
2026-06-01 21:32:33,990 - picamera2.picamera2 - [picamera2.py:1391] - DEBUG - Execute job: <picamera2.job.Job object at 0x7f6339cc10>
2026-06-01 21:32:33,994 - mazeUtils.device.camera - [camera.py:37] - DEBUG - Average HSV: H=77.6, S=92.6, V=62.3
2026-06-01 21:32:34,044 - mazeUtils.moveTile - [moveTile.py:80] - DEBUG - roll: 327.18 deg, practicalMoveTime: 2.1799622873756146 sec
2026-06-01 21:32:34,044 - mazeUtils.moveTile - [moveTile.py:1049] - DEBUG - moveTile loop time: 59.8 ms
2026-06-01 21:32:34,049 - picamera2.picamera2 - [picamera2.py:1391] - DEBUG - Execute job: <picamera2.job.Job object at 0x7f63598610>
2026-06-01 21:32:34,052 - mazeUtils.device.camera - [camera.py:37] - DEBUG - Average HSV: H=11.0, S=131.0, V=57.7
2026-06-01 21:32:34,099 - mazeUtils.moveTile - [moveTile.py:80] - DEBUG - roll: 327.09000000000003 deg, practicalMoveTime: 2.2261800558485443 sec
2026-06-01 21:32:34,100 - mazeUtils.moveTile - [moveTile.py:1049] - DEBUG - moveTile loop time: 55.3 ms
2026-06-01 21:32:34,106 - picamera2.picamera2 - [picamera2.py:1391] - DEBUG - Execute job: <picamera2.job.Job object at 0x7f636969d0>
2026-06-01 21:32:34,109 - mazeUtils.device.camera - [camera.py:37] - DEBUG - Average HSV: H=18.4, S=133.1, V=52.3
2026-06-01 21:32:34,159 - mazeUtils.moveTile - [moveTile.py:80] - DEBUG - roll: 328.76 deg, practicalMoveTime: 2.2770373921151768 sec
2026-06-01 21:32:34,160 - mazeUtils.moveTile - [moveTile.py:1049] - DEBUG - moveTile loop time: 59.8 ms
2026-06-01 21:32:34,166 - picamera2.picamera2 - [picamera2.py:1391] - DEBUG - Execute job: <picamera2.job.Job object at 0x7f930a60d0>
2026-06-01 21:32:34,169 - mazeUtils.device.camera - [camera.py:37] - DEBUG - Average HSV: H=81.6, S=98.5, V=49.5
2026-06-01 21:32:34,216 - mazeUtils.moveTile - [moveTile.py:80] - DEBUG - roll: 329.76 deg, practicalMoveTime: 2.325746041238113 sec
2026-06-01 21:32:34,217 - mazeUtils.moveTile - [moveTile.py:1049] - DEBUG - moveTile loop time: 56.6 ms
2026-06-01 21:32:34,220 - picamera2.picamera2 - [picamera2.py:1391] - DEBUG - Execute job: <picamera2.job.Job object at 0x7f930c8050>
2026-06-01 21:32:34,224 - mazeUtils.device.camera - [camera.py:37] - DEBUG - Average HSV: H=158.7, S=81.0, V=46.4
2026-06-01 21:32:34,273 - mazeUtils.moveTile - [moveTile.py:80] - DEBUG - roll: 324.11 deg, practicalMoveTime: 2.3715060070842364 sec
2026-06-01 21:32:34,274 - mazeUtils.moveTile - [moveTile.py:1049] - DEBUG - moveTile loop time: 56.8 ms
2026-06-01 21:32:34,280 - picamera2.picamera2 - [picamera2.py:1391] - DEBUG - Execute job: <picamera2.job.Job object at 0x7f930a60d0>
2026-06-01 21:32:34,283 - mazeUtils.device.camera - [camera.py:37] - DEBUG - Average HSV: H=23.3, S=115.4, V=45.8
2026-06-01 21:32:34,335 - mazeUtils.moveTile - [moveTile.py:80] - DEBUG - roll: 334.42 deg, practicalMoveTime: 2.4266692340848963 sec
2026-06-01 21:32:34,335 - mazeUtils.moveTile - [moveTile.py:1049] - DEBUG - moveTile loop time: 61.5 ms
2026-06-01 21:32:34,339 - picamera2.picamera2 - [picamera2.py:1391] - DEBUG - Execute job: <picamera2.job.Job object at 0x7f63598610>
2026-06-01 21:32:34,342 - mazeUtils.device.camera - [camera.py:37] - DEBUG - Average HSV: H=10.8, S=140.5, V=50.9
2026-06-01 21:32:34,393 - mazeUtils.moveTile - [moveTile.py:80] - DEBUG - roll: 336.43 deg, practicalMoveTime: 2.4791559081567067 sec
2026-06-01 21:32:34,393 - mazeUtils.moveTile - [moveTile.py:1049] - DEBUG - moveTile loop time: 57.7 ms
2026-06-01 21:32:34,399 - picamera2.picamera2 - [picamera2.py:1391] - DEBUG - Execute job: <picamera2.job.Job object at 0x7f930c88d0>
2026-06-01 21:32:34,402 - mazeUtils.device.camera - [camera.py:37] - DEBUG - Average HSV: H=11.3, S=138.0, V=53.8
2026-06-01 21:32:34,452 - mazeUtils.moveTile - [moveTile.py:197] - WARNING - Escape from obstacle on Side.RIGHT side
2026-06-01 21:32:35,016 - mazeUtils.moveTile - [moveTile.py:991] - DEBUG - Obstacle escape adjustment: 0.058806370135532506
2026-06-01 21:32:35,120 - mazeUtils.moveTile - [moveTile.py:80] - DEBUG - roll: 352.99 deg, practicalMoveTime: 2.4350077133587704 sec
2026-06-01 21:32:35,120 - mazeUtils.moveTile - [moveTile.py:1049] - DEBUG - moveTile loop time: 726.8 ms
2026-06-01 21:32:35,124 - picamera2.picamera2 - [picamera2.py:1391] - DEBUG - Execute job: <picamera2.job.Job object at 0x7f930c8c10>
2026-06-01 21:32:35,128 - mazeUtils.device.camera - [camera.py:37] - DEBUG - Average HSV: H=10.3, S=142.6, V=59.4
2026-06-01 21:32:35,176 - mazeUtils.moveTile - [moveTile.py:80] - DEBUG - roll: 352.84000000000003 deg, practicalMoveTime: 2.4901243932534736 sec
2026-06-01 21:32:35,176 - mazeUtils.moveTile - [moveTile.py:1049] - DEBUG - moveTile loop time: 55.5 ms
2026-06-01 21:32:35,180 - picamera2.picamera2 - [picamera2.py:1391] - DEBUG - Execute job: <picamera2.job.Job object at 0x7f930c8050>
2026-06-01 21:32:35,183 - mazeUtils.device.camera - [camera.py:37] - DEBUG - Average HSV: H=10.1, S=143.4, V=58.1
2026-06-01 21:32:35,232 - mazeUtils.moveTile - [moveTile.py:80] - DEBUG - roll: 356.58000000000004 deg, practicalMoveTime: 2.5460141834624666 sec
2026-06-01 21:32:35,233 - mazeUtils.moveTile - [moveTile.py:1049] - DEBUG - moveTile loop time: 56.3 ms
2026-06-01 21:32:35,237 - picamera2.picamera2 - [picamera2.py:1391] - DEBUG - Execute job: <picamera2.job.Job object at 0x7f930a60d0>
2026-06-01 21:32:35,240 - mazeUtils.device.camera - [camera.py:37] - DEBUG - Average HSV: H=9.9, S=141.1, V=59.2
2026-06-01 21:32:35,287 - mazeUtils.moveTile - [moveTile.py:80] - DEBUG - roll: 359.09000000000003 deg, practicalMoveTime: 2.600206327991321 sec
2026-06-01 21:32:35,288 - mazeUtils.moveTile - [moveTile.py:1049] - DEBUG - moveTile loop time: 54.6 ms
2026-06-01 21:32:35,294 - picamera2.picamera2 - [picamera2.py:1391] - DEBUG - Execute job: <picamera2.job.Job object at 0x7f63598610>
2026-06-01 21:32:35,297 - mazeUtils.device.camera - [camera.py:37] - DEBUG - Average HSV: H=9.4, S=135.9, V=61.4
2026-06-01 21:32:35,344 - mazeUtils.moveTile - [moveTile.py:80] - DEBUG - roll: 1.2300000000000182 deg, practicalMoveTime: 2.647769218610958 sec
2026-06-01 21:32:35,344 - mazeUtils.moveTile - [moveTile.py:1049] - DEBUG - moveTile loop time: 56.2 ms
2026-06-01 21:32:35,348 - picamera2.picamera2 - [picamera2.py:1391] - DEBUG - Execute job: <picamera2.job.Job object at 0x7f930c88d0>
2026-06-01 21:32:35,351 - mazeUtils.device.camera - [camera.py:37] - DEBUG - Average HSV: H=9.1, S=138.5, V=60.6
2026-06-01 21:32:35,399 - mazeUtils.moveTile - [moveTile.py:80] - DEBUG - roll: 1.3700000000000045 deg, practicalMoveTime: 2.694166357618957 sec
2026-06-01 21:32:35,399 - mazeUtils.moveTile - [moveTile.py:1049] - DEBUG - moveTile loop time: 55.0 ms
2026-06-01 21:32:35,403 - picamera2.picamera2 - [picamera2.py:1391] - DEBUG - Execute job: <picamera2.job.Job object at 0x7f9a7c3790>
2026-06-01 21:32:35,406 - mazeUtils.device.camera - [camera.py:37] - DEBUG - Average HSV: H=9.4, S=137.1, V=60.2
2026-06-01 21:32:35,453 - mazeUtils.moveTile - [moveTile.py:80] - DEBUG - roll: 1.0100000000000477 deg, practicalMoveTime: 2.740259740086971 sec
2026-06-01 21:32:35,454 - mazeUtils.moveTile - [moveTile.py:1049] - DEBUG - moveTile loop time: 54.7 ms
2026-06-01 21:32:35,460 - picamera2.picamera2 - [picamera2.py:1391] - DEBUG - Execute job: <picamera2.job.Job object at 0x7f636969d0>
2026-06-01 21:32:35,463 - mazeUtils.device.camera - [camera.py:37] - DEBUG - Average HSV: H=9.4, S=129.0, V=60.8
2026-06-01 21:32:35,515 - mazeUtils.moveTile - [moveTile.py:80] - DEBUG - roll: 0.9700000000000273 deg, practicalMoveTime: 2.7916124506969098 sec
2026-06-01 21:32:35,515 - mazeUtils.moveTile - [moveTile.py:1049] - DEBUG - moveTile loop time: 60.7 ms
2026-06-01 21:32:35,520 - picamera2.picamera2 - [picamera2.py:1391] - DEBUG - Execute job: <picamera2.job.Job object at 0x7f63696990>
2026-06-01 21:32:35,523 - mazeUtils.device.camera - [camera.py:37] - DEBUG - Average HSV: H=9.5, S=131.5, V=60.2
2026-06-01 21:32:35,572 - mazeUtils.moveTile - [moveTile.py:80] - DEBUG - roll: 0.8000000000000114 deg, practicalMoveTime: 2.8398452989525462 sec
2026-06-01 21:32:35,572 - mazeUtils.moveTile - [moveTile.py:1049] - DEBUG - moveTile loop time: 57.0 ms
2026-06-01 21:32:35,579 - picamera2.picamera2 - [picamera2.py:1391] - DEBUG - Execute job: <picamera2.job.Job object at 0x7f930cbf10>
2026-06-01 21:32:35,582 - mazeUtils.device.camera - [camera.py:37] - DEBUG - Average HSV: H=9.7, S=131.4, V=60.4
2026-06-01 21:32:35,629 - mazeUtils.moveTile - [moveTile.py:80] - DEBUG - roll: 0.6500000000000341 deg, practicalMoveTime: 2.888092106345211 sec
2026-06-01 21:32:35,630 - mazeUtils.moveTile - [moveTile.py:1049] - DEBUG - moveTile loop time: 56.9 ms
2026-06-01 21:32:35,636 - picamera2.picamera2 - [picamera2.py:1391] - DEBUG - Execute job: <picamera2.job.Job object at 0x7f63696990>
2026-06-01 21:32:35,641 - mazeUtils.device.camera - [camera.py:37] - DEBUG - Average HSV: H=10.1, S=135.2, V=58.6
2026-06-01 21:32:35,692 - mazeUtils.moveTile - [moveTile.py:1004] - INFO - practicalVerticalMove: 10.569331266421766 CM
2026-06-01 21:32:35,866 - mazeUtils.moveTile - [moveTile.py:512] - DEBUG - Direction: absDirection.NORTH, Angle: 90, Distance: 21.226421194268717 cm
2026-06-01 21:32:35,867 - mazeUtils.moveTile - [moveTile.py:512] - DEBUG - Direction: absDirection.EAST, Angle: 0, Distance: 40.48174825615413 cm
2026-06-01 21:32:35,868 - mazeUtils.moveTile - [moveTile.py:512] - DEBUG - Direction: absDirection.SOUTH, Angle: 270, Distance: 13.493723738666247 cm
2026-06-01 21:32:35,869 - mazeUtils.moveTile - [moveTile.py:512] - DEBUG - Direction: absDirection.WEST, Angle: 180, Distance: 44.97613815940026 cm
2026-06-01 21:32:35,869 - mazeUtils.moveTile - [moveTile.py:1250] - INFO - Tile color detection counts: {}, decided tile type: E
2026-06-01 21:32:35,960 - __main__ - [main.py:84] - INFO - Current position: (23, 19, 0), front direction: absDirection.EAST
Layer 0 (altitude=0.0cm, offset=(0.0cm, 0.0cm)):
Known map area: x=20..23, y=19..20
+---+---+---+---+
| E   U   U   @  
+   +---+---+---+
  S   U   U   U  
+---+   +   +   +
2026-06-01 21:32:35,969 - mazeUtils.mazeMap - [mazeMap.py:61] - INFO - next goal: (24, 19, 0)
2026-06-01 21:32:35,970 - mazeUtils.mazeMap - [mazeMap.py:61] - INFO - next goal: (24, 19, 0)
2026-06-01 21:32:35,977 - mazeUtils.moveTile - [moveTile.py:80] - DEBUG - Moving to absDirection.EAST from (23, 19, 0) facing absDirection.EAST
2026-06-01 21:32:36,073 - picamera2.picamera2 - [picamera2.py:1391] - DEBUG - Execute job: <picamera2.job.Job object at 0x7f63598610>
2026-06-01 21:32:36,076 - mazeUtils.device.camera - [camera.py:37] - DEBUG - Average HSV: H=10.4, S=132.3, V=56.8
2026-06-01 21:32:36,126 - mazeUtils.moveTile - [moveTile.py:80] - DEBUG - roll: 0.4900000000000091 deg, practicalMoveTime: 0.04879955405168392 sec
2026-06-01 21:32:36,127 - mazeUtils.moveTile - [moveTile.py:1049] - DEBUG - moveTile loop time: 57.6 ms
2026-06-01 21:32:36,132 - picamera2.picamera2 - [picamera2.py:1391] - DEBUG - Execute job: <picamera2.job.Job object at 0x7f930a60d0>
2026-06-01 21:32:36,135 - mazeUtils.device.camera - [camera.py:37] - DEBUG - Average HSV: H=10.3, S=131.0, V=57.0
2026-06-01 21:32:36,185 - mazeUtils.moveTile - [moveTile.py:80] - DEBUG - roll: 1.0699999999999932 deg, practicalMoveTime: 0.09808475078444073 sec
2026-06-01 21:32:36,185 - mazeUtils.moveTile - [moveTile.py:1049] - DEBUG - moveTile loop time: 58.6 ms
2026-06-01 21:32:36,192 - picamera2.picamera2 - [picamera2.py:1391] - DEBUG - Execute job: <picamera2.job.Job object at 0x7f633b4450>
2026-06-01 21:32:36,195 - mazeUtils.device.camera - [camera.py:37] - DEBUG - Average HSV: H=10.2, S=131.6, V=57.0
2026-06-01 21:32:36,244 - mazeUtils.moveTile - [moveTile.py:80] - DEBUG - roll: 0.2300000000000182 deg, practicalMoveTime: 0.14823679153965524 sec
2026-06-01 21:32:36,245 - mazeUtils.moveTile - [moveTile.py:1049] - DEBUG - moveTile loop time: 59.3 ms
2026-06-01 21:32:36,251 - picamera2.picamera2 - [picamera2.py:1391] - DEBUG - Execute job: <picamera2.job.Job object at 0x7f63696990>
2026-06-01 21:32:36,254 - mazeUtils.device.camera - [camera.py:37] - DEBUG - Average HSV: H=10.3, S=128.0, V=57.9
2026-06-01 21:32:36,304 - mazeUtils.moveTile - [moveTile.py:80] - DEBUG - roll: 359.93 deg, practicalMoveTime: 0.207514997040152 sec
2026-06-01 21:32:36,305 - mazeUtils.moveTile - [moveTile.py:1049] - DEBUG - moveTile loop time: 59.7 ms
2026-06-01 21:32:36,310 - picamera2.picamera2 - [picamera2.py:1391] - DEBUG - Execute job: <picamera2.job.Job object at 0x7f633b4810>
2026-06-01 21:32:36,313 - mazeUtils.device.camera - [camera.py:37] - DEBUG - Average HSV: H=10.4, S=132.9, V=57.9
2026-06-01 21:32:36,362 - mazeUtils.moveTile - [moveTile.py:80] - DEBUG - roll: 0.9500000000000455 deg, practicalMoveTime: 0.2563098303301939 sec
2026-06-01 21:32:36,363 - mazeUtils.moveTile - [moveTile.py:1049] - DEBUG - moveTile loop time: 57.7 ms
2026-06-01 21:32:36,369 - picamera2.picamera2 - [picamera2.py:1391] - DEBUG - Execute job: <picamera2.job.Job object at 0x7f63598610>
2026-06-01 21:32:36,373 - mazeUtils.device.camera - [camera.py:37] - DEBUG - Average HSV: H=10.7, S=144.2, V=55.6
2026-06-01 21:32:36,422 - mazeUtils.moveTile - [moveTile.py:80] - DEBUG - roll: 0.4500000000000455 deg, practicalMoveTime: 0.30666722823330267 sec
2026-06-01 21:32:36,423 - mazeUtils.moveTile - [moveTile.py:1049] - DEBUG - moveTile loop time: 59.8 ms
2026-06-01 21:32:36,428 - picamera2.picamera2 - [picamera2.py:1391] - DEBUG - Execute job: <picamera2.job.Job object at 0x7f633b5010>
2026-06-01 21:32:36,431 - mazeUtils.device.camera - [camera.py:37] - DEBUG - Average HSV: H=10.7, S=140.6, V=55.5
2026-06-01 21:32:36,479 - mazeUtils.moveTile - [moveTile.py:80] - DEBUG - roll: 0.8000000000000114 deg, practicalMoveTime: 0.3544943991405382 sec
2026-06-01 21:32:36,480 - mazeUtils.moveTile - [moveTile.py:1049] - DEBUG - moveTile loop time: 56.5 ms
2026-06-01 21:32:36,485 - picamera2.picamera2 - [picamera2.py:1391] - DEBUG - Execute job: <picamera2.job.Job object at 0x7f633b41d0>
2026-06-01 21:32:36,488 - mazeUtils.device.camera - [camera.py:37] - DEBUG - Average HSV: H=11.1, S=132.2, V=54.0
2026-06-01 21:32:36,536 - mazeUtils.moveTile - [moveTile.py:80] - DEBUG - roll: 0.75 deg, practicalMoveTime: 0.4020510044142754 sec
2026-06-01 21:32:36,536 - mazeUtils.moveTile - [moveTile.py:1049] - DEBUG - moveTile loop time: 56.3 ms
2026-06-01 21:32:36,542 - picamera2.picamera2 - [picamera2.py:1391] - DEBUG - Execute job: <picamera2.job.Job object at 0x7f633b5010>
2026-06-01 21:32:36,546 - mazeUtils.device.camera - [camera.py:37] - DEBUG - Average HSV: H=11.0, S=130.8, V=53.9
2026-06-01 21:32:36,595 - mazeUtils.moveTile - [moveTile.py:80] - DEBUG - roll: 359.94 deg, practicalMoveTime: 0.46047735253590133 sec
2026-06-01 21:32:36,596 - mazeUtils.moveTile - [moveTile.py:1049] - DEBUG - moveTile loop time: 59.2 ms
2026-06-01 21:32:36,601 - picamera2.picamera2 - [picamera2.py:1391] - DEBUG - Execute job: <picamera2.job.Job object at 0x7f633b4090>
2026-06-01 21:32:36,604 - mazeUtils.device.camera - [camera.py:37] - DEBUG - Average HSV: H=11.0, S=125.5, V=53.5
2026-06-01 21:32:36,654 - mazeUtils.moveTile - [moveTile.py:80] - DEBUG - roll: 1.1800000000000068 deg, practicalMoveTime: 0.5098449781208387 sec
2026-06-01 21:32:36,655 - mazeUtils.moveTile - [moveTile.py:1049] - DEBUG - moveTile loop time: 58.9 ms
2026-06-01 21:32:36,659 - picamera2.picamera2 - [picamera2.py:1391] - DEBUG - Execute job: <picamera2.job.Job object at 0x7f63598610>
2026-06-01 21:32:36,662 - mazeUtils.device.camera - [camera.py:37] - DEBUG - Average HSV: H=11.1, S=124.0, V=52.1
2026-06-01 21:32:36,711 - mazeUtils.moveTile - [moveTile.py:80] - DEBUG - roll: 0.4700000000000273 deg, practicalMoveTime: 0.5572378857049721 sec
2026-06-01 21:32:36,711 - mazeUtils.moveTile - [moveTile.py:1049] - DEBUG - moveTile loop time: 55.6 ms
2026-06-01 21:32:36,717 - picamera2.picamera2 - [picamera2.py:1391] - DEBUG - Execute job: <picamera2.job.Job object at 0x7f633b5010>
2026-06-01 21:32:36,721 - mazeUtils.device.camera - [camera.py:37] - DEBUG - Average HSV: H=11.7, S=123.6, V=52.3
2026-06-01 21:32:36,770 - mazeUtils.moveTile - [moveTile.py:80] - DEBUG - roll: 0.12999999999999545 deg, practicalMoveTime: 0.6070185316849745 sec
2026-06-01 21:32:36,770 - mazeUtils.moveTile - [moveTile.py:1049] - DEBUG - moveTile loop time: 58.6 ms
2026-06-01 21:32:36,776 - picamera2.picamera2 - [picamera2.py:1391] - DEBUG - Execute job: <picamera2.job.Job object at 0x7f633b4e90>
2026-06-01 21:32:36,780 - mazeUtils.device.camera - [camera.py:37] - DEBUG - Average HSV: H=13.0, S=121.8, V=51.3
2026-06-01 21:32:36,831 - mazeUtils.moveTile - [moveTile.py:80] - DEBUG - roll: 1.6000000000000227 deg, practicalMoveTime: 0.658559128883287 sec
2026-06-01 21:32:36,831 - mazeUtils.moveTile - [moveTile.py:1049] - DEBUG - moveTile loop time: 61.2 ms
2026-06-01 21:32:36,838 - picamera2.picamera2 - [picamera2.py:1391] - DEBUG - Execute job: <picamera2.job.Job object at 0x7f636969d0>
2026-06-01 21:32:36,841 - mazeUtils.device.camera - [camera.py:37] - DEBUG - Average HSV: H=17.5, S=124.3, V=48.7
2026-06-01 21:32:36,890 - mazeUtils.moveTile - [moveTile.py:80] - DEBUG - roll: 0.6899999999999977 deg, practicalMoveTime: 0.708410459873076 sec
2026-06-01 21:32:36,891 - mazeUtils.moveTile - [moveTile.py:1049] - DEBUG - moveTile loop time: 58.9 ms
2026-06-01 21:32:36,894 - picamera2.picamera2 - [picamera2.py:1391] - DEBUG - Execute job: <picamera2.job.Job object at 0x7f633b4e90>
2026-06-01 21:32:36,898 - mazeUtils.device.camera - [camera.py:37] - DEBUG - Average HSV: H=36.1, S=119.2, V=44.7
2026-06-01 21:32:36,944 - mazeUtils.moveTile - [moveTile.py:80] - DEBUG - roll: 0.5200000000000387 deg, practicalMoveTime: 0.7539907340310595 sec
2026-06-01 21:32:36,945 - mazeUtils.moveTile - [moveTile.py:1049] - DEBUG - moveTile loop time: 54.2 ms
2026-06-01 21:32:36,951 - picamera2.picamera2 - [picamera2.py:1391] - DEBUG - Execute job: <picamera2.job.Job object at 0x7f633b4810>
2026-06-01 21:32:36,954 - mazeUtils.device.camera - [camera.py:37] - DEBUG - Average HSV: H=140.6, S=90.1, V=39.3
2026-06-01 21:32:37,085 - mazeUtils.moveTile - [moveTile.py:80] - DEBUG - Little forward to adjust position
2026-06-01 21:32:37,260 - mazeUtils.moveTile - [moveTile.py:512] - DEBUG - Direction: absDirection.NORTH, Angle: 90, Distance: 52.40042289558823 cm
2026-06-01 21:32:37,262 - mazeUtils.moveTile - [moveTile.py:512] - DEBUG - Direction: absDirection.EAST, Angle: 0, Distance: 11.402863463331226 cm
2026-06-01 21:32:37,263 - mazeUtils.moveTile - [moveTile.py:512] - DEBUG - Direction: absDirection.SOUTH, Angle: 270, Distance: 74.01404265422737 cm
2026-06-01 21:32:37,264 - mazeUtils.moveTile - [moveTile.py:512] - DEBUG - Direction: absDirection.WEST, Angle: 180, Distance: 67.55232645554477 cm
2026-06-01 21:32:37,264 - mazeUtils.moveTile - [moveTile.py:1250] - INFO - Tile color detection counts: {}, decided tile type: E
2026-06-01 21:32:37,355 - __main__ - [main.py:84] - INFO - Current position: (24, 19, 0), front direction: absDirection.EAST
Layer 0 (altitude=0.0cm, offset=(0.0cm, 0.0cm)):
Known map area: x=20..24, y=19..20
+---+---+---+---+   +
| E   U   U   E   @ |
+   +---+---+---+   +
  S   U   U   U   U  
+---+   +   +   +   +
2026-06-01 21:32:37,363 - mazeUtils.mazeMap - [mazeMap.py:61] - INFO - next goal: (24, 18, 0)
2026-06-01 21:32:37,364 - mazeUtils.mazeMap - [mazeMap.py:61] - INFO - next goal: (24, 18, 0)
2026-06-01 21:32:37,372 - mazeUtils.moveTile - [moveTile.py:80] - DEBUG - Moving to absDirection.NORTH from (24, 19, 0) facing absDirection.EAST
2026-06-01 21:32:37,418 - mazeUtils.moveTile - [moveTile.py:80] - DEBUG - current heading: 274.73 target: 0
2026-06-01 21:32:38,371 - mazeUtils.moveTile - [moveTile.py:387] - DEBUG - stopped turning at heading: 350.69, diff: 9.310000000000002
2026-06-01 21:32:39,830 - mazeUtils.moveTile - [moveTile.py:80] - DEBUG - Turned to heading: 359.8 deg
2026-06-01 21:32:39,946 - picamera2.picamera2 - [picamera2.py:1391] - DEBUG - Execute job: <picamera2.job.Job object at 0x7f93081290>
2026-06-01 21:32:39,949 - mazeUtils.device.camera - [camera.py:37] - DEBUG - Average HSV: H=9.8, S=73.0, V=157.7
2026-06-01 21:32:40,000 - mazeUtils.moveTile - [moveTile.py:80] - DEBUG - roll: 359.8 deg, practicalMoveTime: 0.06181416998971168 sec
2026-06-01 21:32:40,001 - mazeUtils.moveTile - [moveTile.py:1049] - DEBUG - moveTile loop time: 61.4 ms
2026-06-01 21:32:40,007 - picamera2.picamera2 - [picamera2.py:1391] - DEBUG - Execute job: <picamera2.job.Job object at 0x7f63390350>
2026-06-01 21:32:40,010 - mazeUtils.device.camera - [camera.py:37] - DEBUG - Average HSV: H=10.6, S=63.9, V=181.6
2026-06-01 21:32:40,062 - mazeUtils.moveTile - [moveTile.py:80] - DEBUG - roll: 359.88 deg, practicalMoveTime: 0.1223272952496808 sec
2026-06-01 21:32:40,062 - mazeUtils.moveTile - [moveTile.py:1049] - DEBUG - moveTile loop time: 60.9 ms
2026-06-01 21:32:40,067 - picamera2.picamera2 - [picamera2.py:1391] - DEBUG - Execute job: <picamera2.job.Job object at 0x7f93083550>
2026-06-01 21:32:40,071 - mazeUtils.device.camera - [camera.py:37] - DEBUG - Average HSV: H=11.5, S=52.9, V=207.0
2026-06-01 21:32:40,121 - mazeUtils.moveTile - [moveTile.py:80] - DEBUG - roll: 0.18000000000000682 deg, practicalMoveTime: 0.1718208645224113 sec
2026-06-01 21:32:40,121 - mazeUtils.moveTile - [moveTile.py:1049] - DEBUG - moveTile loop time: 58.7 ms
2026-06-01 21:32:40,126 - picamera2.picamera2 - [picamera2.py:1391] - DEBUG - Execute job: <picamera2.job.Job object at 0x7f633905d0>
2026-06-01 21:32:40,129 - mazeUtils.device.camera - [camera.py:37] - DEBUG - Average HSV: H=11.5, S=51.1, V=209.0
2026-06-01 21:32:40,177 - mazeUtils.moveTile - [moveTile.py:80] - DEBUG - roll: 0.060000000000002274 deg, practicalMoveTime: 0.21883475332926394 sec
2026-06-01 21:32:40,177 - mazeUtils.moveTile - [moveTile.py:1049] - DEBUG - moveTile loop time: 55.8 ms
2026-06-01 21:32:40,183 - picamera2.picamera2 - [picamera2.py:1391] - DEBUG - Execute job: <picamera2.job.Job object at 0x7f93083c10>
2026-06-01 21:32:40,187 - mazeUtils.device.camera - [camera.py:37] - DEBUG - Average HSV: H=11.7, S=51.4, V=209.7
2026-06-01 21:32:40,238 - mazeUtils.moveTile - [moveTile.py:80] - DEBUG - roll: 359.99 deg, practicalMoveTime: 0.2792743390481207 sec
2026-06-01 21:32:40,238 - mazeUtils.moveTile - [moveTile.py:1049] - DEBUG - moveTile loop time: 61.0 ms
2026-06-01 21:32:40,245 - picamera2.picamera2 - [picamera2.py:1391] - DEBUG - Execute job: <picamera2.job.Job object at 0x7f93083390>
2026-06-01 21:32:40,248 - mazeUtils.device.camera - [camera.py:37] - DEBUG - Average HSV: H=11.9, S=50.9, V=211.5
2026-06-01 21:32:40,299 - mazeUtils.moveTile - [moveTile.py:80] - DEBUG - roll: 359.90000000000003 deg, practicalMoveTime: 0.3400275920050094 sec
2026-06-01 21:32:40,300 - mazeUtils.moveTile - [moveTile.py:1049] - DEBUG - moveTile loop time: 61.0 ms
2026-06-01 21:32:40,303 - picamera2.picamera2 - [picamera2.py:1391] - DEBUG - Execute job: <picamera2.job.Job object at 0x7f93080550>
2026-06-01 21:32:40,306 - mazeUtils.device.camera - [camera.py:37] - DEBUG - Average HSV: H=12.4, S=51.0, V=212.3
2026-06-01 21:32:40,355 - mazeUtils.moveTile - [moveTile.py:80] - DEBUG - roll: 359.77000000000004 deg, practicalMoveTime: 0.39555483168452893 sec
2026-06-01 21:32:40,356 - mazeUtils.moveTile - [moveTile.py:1049] - DEBUG - moveTile loop time: 55.9 ms
2026-06-01 21:32:40,361 - picamera2.picamera2 - [picamera2.py:1391] - DEBUG - Execute job: <picamera2.job.Job object at 0x7f93080550>
2026-06-01 21:32:40,364 - mazeUtils.device.camera - [camera.py:37] - DEBUG - Average HSV: H=12.7, S=51.6, V=213.5
2026-06-01 21:32:40,413 - mazeUtils.moveTile - [moveTile.py:80] - DEBUG - roll: 359.97 deg, practicalMoveTime: 0.45291332716362426 sec
2026-06-01 21:32:40,414 - mazeUtils.moveTile - [moveTile.py:1049] - DEBUG - moveTile loop time: 57.8 ms
2026-06-01 21:32:40,420 - picamera2.picamera2 - [picamera2.py:1391] - DEBUG - Execute job: <picamera2.job.Job object at 0x7f930804d0>
2026-06-01 21:32:40,423 - mazeUtils.device.camera - [camera.py:37] - DEBUG - Average HSV: H=12.7, S=52.1, V=214.6
2026-06-01 21:32:40,470 - mazeUtils.moveTile - [moveTile.py:80] - DEBUG - roll: 0.4200000000000159 deg, practicalMoveTime: 0.5007791365822832 sec
2026-06-01 21:32:40,471 - mazeUtils.moveTile - [moveTile.py:1049] - DEBUG - moveTile loop time: 56.7 ms
2026-06-01 21:32:40,477 - picamera2.picamera2 - [picamera2.py:1391] - DEBUG - Execute job: <picamera2.job.Job object at 0x7f93083550>
2026-06-01 21:32:40,480 - mazeUtils.device.camera - [camera.py:37] - DEBUG - Average HSV: H=12.5, S=51.9, V=214.9
2026-06-01 21:32:40,531 - mazeUtils.moveTile - [moveTile.py:80] - DEBUG - roll: 359.83000000000004 deg, practicalMoveTime: 0.5613984624185275 sec
2026-06-01 21:32:40,532 - mazeUtils.moveTile - [moveTile.py:1049] - DEBUG - moveTile loop time: 60.9 ms
2026-06-01 21:32:40,538 - picamera2.picamera2 - [picamera2.py:1391] - DEBUG - Execute job: <picamera2.job.Job object at 0x7f930804d0>
2026-06-01 21:32:40,542 - mazeUtils.device.camera - [camera.py:37] - DEBUG - Average HSV: H=12.5, S=50.2, V=214.0
2026-06-01 21:32:40,592 - mazeUtils.moveTile - [moveTile.py:80] - DEBUG - roll: 0.4500000000000455 deg, practicalMoveTime: 0.6127004098362197 sec
2026-06-01 21:32:40,593 - mazeUtils.moveTile - [moveTile.py:1049] - DEBUG - moveTile loop time: 60.6 ms
2026-06-01 21:32:40,598 - picamera2.picamera2 - [picamera2.py:1391] - DEBUG - Execute job: <picamera2.job.Job object at 0x7f93083c10>
2026-06-01 21:32:40,601 - mazeUtils.device.camera - [camera.py:37] - DEBUG - Average HSV: H=12.9, S=51.7, V=213.4
2026-06-01 21:32:40,653 - mazeUtils.moveTile - [moveTile.py:80] - DEBUG - roll: 0.4300000000000068 deg, practicalMoveTime: 0.6634377089913497 sec
2026-06-01 21:32:40,653 - mazeUtils.moveTile - [moveTile.py:1049] - DEBUG - moveTile loop time: 60.2 ms
2026-06-01 21:32:40,660 - picamera2.picamera2 - [picamera2.py:1391] - DEBUG - Execute job: <picamera2.job.Job object at 0x7f93083c10>
2026-06-01 21:32:40,665 - mazeUtils.device.camera - [camera.py:37] - DEBUG - Average HSV: H=12.8, S=52.0, V=214.8
2026-06-01 21:32:40,713 - mazeUtils.moveTile - [moveTile.py:80] - DEBUG - roll: 0.17000000000001592 deg, practicalMoveTime: 0.7136906525592843 sec
2026-06-01 21:32:40,713 - mazeUtils.moveTile - [moveTile.py:1049] - DEBUG - moveTile loop time: 59.3 ms
2026-06-01 21:32:40,717 - picamera2.picamera2 - [picamera2.py:1391] - DEBUG - Execute job: <picamera2.job.Job object at 0x7f930804d0>
2026-06-01 21:32:40,720 - mazeUtils.device.camera - [camera.py:37] - DEBUG - Average HSV: H=12.9, S=52.8, V=214.9
2026-06-01 21:32:40,768 - mazeUtils.moveTile - [moveTile.py:80] - DEBUG - roll: 0.4900000000000091 deg, practicalMoveTime: 0.7601492125102284 sec
2026-06-01 21:32:40,768 - mazeUtils.moveTile - [moveTile.py:1049] - DEBUG - moveTile loop time: 55.0 ms
2026-06-01 21:32:40,773 - picamera2.picamera2 - [picamera2.py:1391] - DEBUG - Execute job: <picamera2.job.Job object at 0x7f93081d50>
2026-06-01 21:32:40,776 - mazeUtils.device.camera - [camera.py:37] - DEBUG - Average HSV: H=12.9, S=53.7, V=214.8
2026-06-01 21:32:40,828 - mazeUtils.moveTile - [moveTile.py:80] - DEBUG - roll: 0.1400000000000432 deg, practicalMoveTime: 0.8113012056709037 sec
2026-06-01 21:32:40,829 - mazeUtils.moveTile - [moveTile.py:1049] - DEBUG - moveTile loop time: 60.5 ms
2026-06-01 21:32:40,834 - picamera2.picamera2 - [picamera2.py:1391] - DEBUG - Execute job: <picamera2.job.Job object at 0x7f63390850>
2026-06-01 21:32:40,837 - mazeUtils.device.camera - [camera.py:37] - DEBUG - Average HSV: H=13.1, S=54.2, V=215.7
2026-06-01 21:32:40,884 - mazeUtils.moveTile - [moveTile.py:80] - DEBUG - roll: 0.5800000000000409 deg, practicalMoveTime: 0.8584892155922704 sec
2026-06-01 21:32:40,885 - mazeUtils.moveTile - [moveTile.py:1049] - DEBUG - moveTile loop time: 56.1 ms
2026-06-01 21:32:40,891 - picamera2.picamera2 - [picamera2.py:1391] - DEBUG - Execute job: <picamera2.job.Job object at 0x7f63390350>
2026-06-01 21:32:40,894 - mazeUtils.device.camera - [camera.py:37] - DEBUG - Average HSV: H=13.2, S=55.3, V=215.5
2026-06-01 21:32:40,944 - mazeUtils.moveTile - [moveTile.py:80] - DEBUG - roll: 0.75 deg, practicalMoveTime: 0.9088140644612835 sec
2026-06-01 21:32:40,945 - mazeUtils.moveTile - [moveTile.py:1049] - DEBUG - moveTile loop time: 59.3 ms
2026-06-01 21:32:40,950 - picamera2.picamera2 - [picamera2.py:1391] - DEBUG - Execute job: <picamera2.job.Job object at 0x7f63390850>
2026-06-01 21:32:40,953 - mazeUtils.device.camera - [camera.py:37] - DEBUG - Average HSV: H=13.6, S=55.1, V=216.5
2026-06-01 21:32:41,005 - mazeUtils.moveTile - [moveTile.py:80] - DEBUG - roll: 0.27000000000003865 deg, practicalMoveTime: 0.9594490784882485 sec
2026-06-01 21:32:41,005 - mazeUtils.moveTile - [moveTile.py:1049] - DEBUG - moveTile loop time: 59.8 ms
2026-06-01 21:32:41,011 - picamera2.picamera2 - [picamera2.py:1391] - DEBUG - Execute job: <picamera2.job.Job object at 0x7f633905d0>
2026-06-01 21:32:41,014 - mazeUtils.device.camera - [camera.py:37] - DEBUG - Average HSV: H=13.9, S=53.0, V=217.7
2026-06-01 21:32:41,064 - mazeUtils.moveTile - [moveTile.py:80] - DEBUG - roll: 0.6200000000000045 deg, practicalMoveTime: 1.0092634140018468 sec
2026-06-01 21:32:41,064 - mazeUtils.moveTile - [moveTile.py:1049] - DEBUG - moveTile loop time: 58.7 ms
2026-06-01 21:32:41,070 - picamera2.picamera2 - [picamera2.py:1391] - DEBUG - Execute job: <picamera2.job.Job object at 0x7f93080550>
2026-06-01 21:32:41,073 - mazeUtils.device.camera - [camera.py:37] - DEBUG - Average HSV: H=14.2, S=53.5, V=218.3
2026-06-01 21:32:41,124 - mazeUtils.moveTile - [moveTile.py:1004] - INFO - practicalVerticalMove: 0.09478168336633969 CM
2026-06-01 21:32:41,206 - mazeUtils.moveTile - [moveTile.py:80] - DEBUG - Little forward to adjust position
2026-06-01 21:32:41,747 - mazeUtils.moveTile - [moveTile.py:512] - DEBUG - Direction: absDirection.NORTH, Angle: 0, Distance: 14.01388566167461 cm
2026-06-01 21:32:41,748 - mazeUtils.moveTile - [moveTile.py:512] - DEBUG - Direction: absDirection.EAST, Angle: 270, Distance: 17.63871961549903 cm
2026-06-01 21:32:41,749 - mazeUtils.moveTile - [moveTile.py:512] - DEBUG - Direction: absDirection.SOUTH, Angle: 180, Distance: 111.1991883004509 cm
2026-06-01 21:32:41,750 - mazeUtils.moveTile - [moveTile.py:512] - DEBUG - Direction: absDirection.WEST, Angle: 90, Distance: 49.76658528139082 cm
2026-06-01 21:32:41,751 - mazeUtils.moveTile - [moveTile.py:1250] - INFO - Tile color detection counts: {}, decided tile type: E
2026-06-01 21:32:41,844 - __main__ - [main.py:84] - INFO - Current position: (24, 18, 0), front direction: absDirection.NORTH
Layer 0 (altitude=0.0cm, offset=(0.0cm, 0.0cm)):
Known map area: x=20..24, y=18..20
+   +   +   +   +---+
  U   U   U   U   @ |
+---+---+---+---+   +
| E   U   U   E   E |
+   +---+---+---+   +
  S   U   U   U   U  
+---+   +   +   +   +
2026-06-01 21:32:41,853 - mazeUtils.mazeMap - [mazeMap.py:61] - INFO - next goal: (23, 18, 0)
2026-06-01 21:32:41,855 - mazeUtils.mazeMap - [mazeMap.py:61] - INFO - next goal: (23, 18, 0)
2026-06-01 21:32:41,864 - mazeUtils.moveTile - [moveTile.py:80] - DEBUG - Moving to absDirection.WEST from (24, 18, 0) facing absDirection.NORTH
2026-06-01 21:32:41,911 - mazeUtils.moveTile - [moveTile.py:80] - DEBUG - current heading: 6.530000000000001 target: 90
2026-06-01 21:32:42,811 - mazeUtils.moveTile - [moveTile.py:387] - DEBUG - stopped turning at heading: 81.12, diff: 8.879999999999995
2026-06-01 21:32:43,411 - mazeUtils.moveTile - [moveTile.py:80] - DEBUG - Turned to heading: 89.81 deg
2026-06-01 21:32:43,534 - picamera2.picamera2 - [picamera2.py:1391] - DEBUG - Execute job: <picamera2.job.Job object at 0x7f81fd2590>
2026-06-01 21:32:43,538 - mazeUtils.device.camera - [camera.py:37] - DEBUG - Average HSV: H=7.5, S=27.3, V=229.1
2026-06-01 21:32:43,587 - mazeUtils.moveTile - [moveTile.py:80] - DEBUG - roll: 0.4600000000000364 deg, practicalMoveTime: 0.050856858534172183 sec
2026-06-01 21:32:43,587 - mazeUtils.moveTile - [moveTile.py:1049] - DEBUG - moveTile loop time: 59.0 ms
2026-06-01 21:32:43,593 - picamera2.picamera2 - [picamera2.py:1391] - DEBUG - Execute job: <picamera2.job.Job object at 0x7f63218a90>
2026-06-01 21:32:43,596 - mazeUtils.device.camera - [camera.py:37] - DEBUG - Average HSV: H=7.8, S=22.5, V=240.8
2026-06-01 21:32:43,648 - mazeUtils.moveTile - [moveTile.py:80] - DEBUG - roll: 0.20000000000004547 deg, practicalMoveTime: 0.10246223366025588 sec
2026-06-01 21:32:43,648 - mazeUtils.moveTile - [moveTile.py:1049] - DEBUG - moveTile loop time: 61.2 ms
2026-06-01 21:32:43,655 - picamera2.picamera2 - [picamera2.py:1391] - DEBUG - Execute job: <picamera2.job.Job object at 0x7f81fd00d0>
2026-06-01 21:32:43,658 - mazeUtils.device.camera - [camera.py:37] - DEBUG - Average HSV: H=7.3, S=22.4, V=240.0
2026-06-01 21:32:43,709 - mazeUtils.moveTile - [moveTile.py:80] - DEBUG - roll: 0.5699999999999932 deg, practicalMoveTime: 0.15341710569558084 sec
2026-06-01 21:32:43,709 - mazeUtils.moveTile - [moveTile.py:1049] - DEBUG - moveTile loop time: 60.2 ms
2026-06-01 21:32:43,713 - picamera2.picamera2 - [picamera2.py:1391] - DEBUG - Execute job: <picamera2.job.Job object at 0x7f81fd00d0>
2026-06-01 21:32:43,716 - mazeUtils.device.camera - [camera.py:37] - DEBUG - Average HSV: H=6.5, S=20.1, V=244.1
2026-06-01 21:32:43,769 - mazeUtils.moveTile - [moveTile.py:80] - DEBUG - roll: 0.5100000000000477 deg, practicalMoveTime: 0.20428209975001893 sec
2026-06-01 21:32:43,769 - mazeUtils.moveTile - [moveTile.py:1049] - DEBUG - moveTile loop time: 60.1 ms
2026-06-01 21:32:43,776 - picamera2.picamera2 - [picamera2.py:1391] - DEBUG - Execute job: <picamera2.job.Job object at 0x7f81fd1e10>
2026-06-01 21:32:43,779 - mazeUtils.device.camera - [camera.py:37] - DEBUG - Average HSV: H=6.6, S=20.3, V=244.7
2026-06-01 21:32:43,830 - mazeUtils.moveTile - [moveTile.py:80] - DEBUG - roll: 0.4399999999999977 deg, practicalMoveTime: 0.2551459878079789 sec
2026-06-01 21:32:43,830 - mazeUtils.moveTile - [moveTile.py:1049] - DEBUG - moveTile loop time: 60.4 ms
2026-06-01 21:32:43,835 - picamera2.picamera2 - [picamera2.py:1391] - DEBUG - Execute job: <picamera2.job.Job object at 0x7f63218a90>
2026-06-01 21:32:43,838 - mazeUtils.device.camera - [camera.py:37] - DEBUG - Average HSV: H=7.7, S=23.0, V=243.3
2026-06-01 21:32:43,887 - mazeUtils.moveTile - [moveTile.py:80] - DEBUG - roll: 0.1500000000000341 deg, practicalMoveTime: 0.30344133211718666 sec
2026-06-01 21:32:43,888 - mazeUtils.moveTile - [moveTile.py:1049] - DEBUG - moveTile loop time: 57.2 ms
2026-06-01 21:32:43,891 - picamera2.picamera2 - [picamera2.py:1391] - DEBUG - Execute job: <picamera2.job.Job object at 0x7f63218ad0>
2026-06-01 21:32:43,895 - mazeUtils.device.camera - [camera.py:37] - DEBUG - Average HSV: H=8.5, S=24.8, V=239.5
2026-06-01 21:32:43,944 - mazeUtils.moveTile - [moveTile.py:80] - DEBUG - roll: 0.7800000000000296 deg, practicalMoveTime: 0.3510178686068808 sec
2026-06-01 21:32:43,944 - mazeUtils.moveTile - [moveTile.py:1049] - DEBUG - moveTile loop time: 56.2 ms
2026-06-01 21:32:43,949 - picamera2.picamera2 - [picamera2.py:1391] - DEBUG - Execute job: <picamera2.job.Job object at 0x7f81fd2590>
2026-06-01 21:32:43,953 - mazeUtils.device.camera - [camera.py:37] - DEBUG - Average HSV: H=8.7, S=29.0, V=233.9
2026-06-01 21:32:44,002 - mazeUtils.moveTile - [moveTile.py:80] - DEBUG - roll: 0.7900000000000205 deg, practicalMoveTime: 0.40047962158742256 sec
2026-06-01 21:32:44,003 - mazeUtils.moveTile - [moveTile.py:1049] - DEBUG - moveTile loop time: 58.5 ms
2026-06-01 21:32:44,008 - picamera2.picamera2 - [picamera2.py:1391] - DEBUG - Execute job: <picamera2.job.Job object at 0x7f81fd2490>
2026-06-01 21:32:44,011 - mazeUtils.device.camera - [camera.py:37] - DEBUG - Average HSV: H=8.6, S=93.2, V=156.5
2026-06-01 21:32:44,060 - mazeUtils.moveTile - [moveTile.py:80] - DEBUG - roll: 0.7400000000000091 deg, practicalMoveTime: 0.4490167017427007 sec
2026-06-01 21:32:44,060 - mazeUtils.moveTile - [moveTile.py:1049] - DEBUG - moveTile loop time: 57.4 ms
2026-06-01 21:32:44,064 - picamera2.picamera2 - [picamera2.py:1391] - DEBUG - Execute job: <picamera2.job.Job object at 0x7f63218a90>
2026-06-01 21:32:44,068 - mazeUtils.device.camera - [camera.py:37] - DEBUG - Average HSV: H=9.5, S=126.0, V=142.3
2026-06-01 21:32:44,119 - mazeUtils.moveTile - [moveTile.py:80] - DEBUG - roll: 1.4300000000000068 deg, practicalMoveTime: 0.4983814464165276 sec
2026-06-01 21:32:44,119 - mazeUtils.moveTile - [moveTile.py:1049] - DEBUG - moveTile loop time: 58.4 ms
2026-06-01 21:32:44,124 - picamera2.picamera2 - [picamera2.py:1391] - DEBUG - Execute job: <picamera2.job.Job object at 0x7f63218a90>
2026-06-01 21:32:44,127 - mazeUtils.device.camera - [camera.py:37] - DEBUG - Average HSV: H=9.7, S=33.9, V=228.2
2026-06-01 21:32:44,179 - mazeUtils.moveTile - [moveTile.py:80] - DEBUG - roll: 1.3700000000000045 deg, practicalMoveTime: 0.5490657587854059 sec
2026-06-01 21:32:44,179 - mazeUtils.moveTile - [moveTile.py:1049] - DEBUG - moveTile loop time: 60.0 ms
2026-06-01 21:32:44,186 - picamera2.picamera2 - [picamera2.py:1391] - DEBUG - Execute job: <picamera2.job.Job object at 0x7f81fd00d0>
2026-06-01 21:32:44,189 - mazeUtils.device.camera - [camera.py:37] - DEBUG - Average HSV: H=37.1, S=61.5, V=172.7
2026-06-01 21:32:44,239 - mazeUtils.moveTile - [moveTile.py:80] - DEBUG - roll: 1.8000000000000114 deg, practicalMoveTime: 0.5998313046156347 sec
2026-06-01 21:32:44,240 - mazeUtils.moveTile - [moveTile.py:1049] - DEBUG - moveTile loop time: 59.8 ms
2026-06-01 21:32:44,245 - picamera2.picamera2 - [picamera2.py:1391] - DEBUG - Execute job: <picamera2.job.Job object at 0x7f63218ad0>
2026-06-01 21:32:44,248 - mazeUtils.device.camera - [camera.py:37] - DEBUG - Average HSV: H=120.6, S=112.0, V=118.7
2026-06-01 21:32:44,296 - mazeUtils.moveTile - [moveTile.py:80] - DEBUG - roll: 3.9600000000000364 deg, practicalMoveTime: 0.6473805305436297 sec
2026-06-01 21:32:44,296 - mazeUtils.moveTile - [moveTile.py:1049] - DEBUG - moveTile loop time: 56.6 ms
2026-06-01 21:32:44,301 - picamera2.picamera2 - [picamera2.py:1391] - DEBUG - Execute job: <picamera2.job.Job object at 0x7f81fd2590>
2026-06-01 21:32:44,305 - mazeUtils.device.camera - [camera.py:37] - DEBUG - Average HSV: H=39.7, S=45.0, V=186.7
2026-06-01 21:32:44,352 - mazeUtils.moveTile - [moveTile.py:80] - DEBUG - roll: 6.590000000000032 deg, practicalMoveTime: 0.6940552283128525 sec
2026-06-01 21:32:44,352 - mazeUtils.moveTile - [moveTile.py:1049] - DEBUG - moveTile loop time: 55.5 ms
2026-06-01 21:32:44,357 - picamera2.picamera2 - [picamera2.py:1391] - DEBUG - Execute job: <picamera2.job.Job object at 0x7f81fd00d0>
2026-06-01 21:32:44,361 - mazeUtils.device.camera - [camera.py:37] - DEBUG - Average HSV: H=99.5, S=142.8, V=121.7
2026-06-01 21:32:44,409 - mazeUtils.moveTile - [moveTile.py:80] - DEBUG - roll: 9.460000000000036 deg, practicalMoveTime: 0.7413121388994095 sec
2026-06-01 21:32:44,409 - mazeUtils.moveTile - [moveTile.py:1049] - DEBUG - moveTile loop time: 56.5 ms
2026-06-01 21:32:44,413 - picamera2.picamera2 - [picamera2.py:1391] - DEBUG - Execute job: <picamera2.job.Job object at 0x7f81fd2590>
2026-06-01 21:32:44,417 - mazeUtils.device.camera - [camera.py:37] - DEBUG - Average HSV: H=173.8, S=161.9, V=126.1
2026-06-01 21:32:44,466 - mazeUtils.moveTile - [moveTile.py:80] - DEBUG - roll: 12.100000000000023 deg, practicalMoveTime: 0.7889603123889991 sec
2026-06-01 21:32:44,467 - mazeUtils.moveTile - [moveTile.py:1049] - DEBUG - moveTile loop time: 57.2 ms
2026-06-01 21:32:44,472 - picamera2.picamera2 - [picamera2.py:1391] - DEBUG - Execute job: <picamera2.job.Job object at 0x7f81fd2490>
2026-06-01 21:32:44,475 - mazeUtils.device.camera - [camera.py:37] - DEBUG - Average HSV: H=23.7, S=127.9, V=144.2
2026-06-01 21:32:44,523 - mazeUtils.moveTile - [moveTile.py:80] - DEBUG - roll: 13.510000000000048 deg, practicalMoveTime: 0.8349675054130095 sec
2026-06-01 21:32:44,523 - mazeUtils.moveTile - [moveTile.py:1049] - DEBUG - moveTile loop time: 56.1 ms
2026-06-01 21:32:44,530 - picamera2.picamera2 - [picamera2.py:1391] - DEBUG - Execute job: <picamera2.job.Job object at 0x7f63218ad0>
2026-06-01 21:32:44,533 - mazeUtils.device.camera - [camera.py:37] - DEBUG - Average HSV: H=18.4, S=158.4, V=103.5
2026-06-01 21:32:44,583 - mazeUtils.moveTile - [moveTile.py:80] - DEBUG - roll: 14.470000000000027 deg, practicalMoveTime: 0.8838865708883483 sec
2026-06-01 21:32:44,584 - mazeUtils.moveTile - [moveTile.py:1049] - DEBUG - moveTile loop time: 60.2 ms
2026-06-01 21:32:44,589 - picamera2.picamera2 - [picamera2.py:1391] - DEBUG - Execute job: <picamera2.job.Job object at 0x7f81fd1e10>
2026-06-01 21:32:44,594 - mazeUtils.device.camera - [camera.py:37] - DEBUG - Average HSV: H=7.6, S=52.1, V=157.4
2026-06-01 21:32:44,644 - mazeUtils.moveTile - [moveTile.py:80] - DEBUG - roll: 17.52000000000004 deg, practicalMoveTime: 0.9320702554002819 sec
2026-06-01 21:32:44,644 - mazeUtils.moveTile - [moveTile.py:1049] - DEBUG - moveTile loop time: 59.4 ms
2026-06-01 21:32:44,650 - picamera2.picamera2 - [picamera2.py:1391] - DEBUG - Execute job: <picamera2.job.Job object at 0x7f63218a90>
2026-06-01 21:32:44,657 - mazeUtils.device.camera - [camera.py:37] - DEBUG - Average HSV: H=117.2, S=43.3, V=154.0
2026-06-01 21:32:44,706 - mazeUtils.moveTile - [moveTile.py:80] - DEBUG - roll: 24.310000000000002 deg, practicalMoveTime: 0.9799814671763565 sec
2026-06-01 21:32:44,707 - mazeUtils.moveTile - [moveTile.py:1049] - DEBUG - moveTile loop time: 62.0 ms
2026-06-01 21:32:44,713 - picamera2.picamera2 - [picamera2.py:1391] - DEBUG - Execute job: <picamera2.job.Job object at 0x7f81fd2490>
2026-06-01 21:32:44,718 - mazeUtils.device.camera - [camera.py:37] - DEBUG - Average HSV: H=161.3, S=32.3, V=158.8
2026-06-01 21:32:44,770 - picamera2.picamera2 - [picamera2.py:1391] - DEBUG - Execute job: <picamera2.job.Job object at 0x7f63218a50>
2026-06-01 21:32:44,775 - mazeUtils.device.camera - [camera.py:37] - DEBUG - Average HSV: H=155.6, S=20.6, V=178.2
2026-06-01 21:32:44,826 - mazeUtils.moveTile - [moveTile.py:80] - DEBUG - roll: 37.629999999999995 deg, practicalMoveTime: 1.0603108576520388 sec
2026-06-01 21:32:44,827 - mazeUtils.moveTile - [moveTile.py:1049] - DEBUG - moveTile loop time: 60.7 ms
2026-06-01 21:32:44,832 - picamera2.picamera2 - [picamera2.py:1391] - DEBUG - Execute job: <picamera2.job.Job object at 0x7f63218a90>
2026-06-01 21:32:44,837 - mazeUtils.device.camera - [camera.py:37] - DEBUG - Average HSV: H=37.3, S=69.4, V=67.9
2026-06-01 21:32:44,886 - mazeUtils.moveTile - [moveTile.py:80] - DEBUG - roll: 39.68000000000001 deg, practicalMoveTime: 1.0985150183871402 sec
2026-06-01 21:32:44,886 - mazeUtils.moveTile - [moveTile.py:1049] - DEBUG - moveTile loop time: 58.7 ms
2026-06-01 21:32:44,891 - picamera2.picamera2 - [picamera2.py:1391] - DEBUG - Execute job: <picamera2.job.Job object at 0x7f81fd2490>
2026-06-01 21:32:44,895 - mazeUtils.device.camera - [camera.py:37] - DEBUG - Average HSV: H=47.4, S=62.7, V=62.1
2026-06-01 21:32:44,945 - mazeUtils.moveTile - [moveTile.py:80] - DEBUG - roll: 38.53000000000003 deg, practicalMoveTime: 1.1372317160379666 sec
2026-06-01 21:32:44,946 - mazeUtils.moveTile - [moveTile.py:1049] - DEBUG - moveTile loop time: 59.3 ms
2026-06-01 21:32:44,953 - picamera2.picamera2 - [picamera2.py:1391] - DEBUG - Execute job: <picamera2.job.Job object at 0x7f81fd1e10>
2026-06-01 21:32:44,958 - mazeUtils.device.camera - [camera.py:37] - DEBUG - Average HSV: H=150.5, S=18.9, V=172.8
2026-06-01 21:32:45,007 - mazeUtils.moveTile - [moveTile.py:80] - DEBUG - roll: 31.53000000000003 deg, practicalMoveTime: 1.1812520135827589 sec
2026-06-01 21:32:45,008 - mazeUtils.moveTile - [moveTile.py:1049] - DEBUG - moveTile loop time: 60.7 ms
2026-06-01 21:32:45,014 - picamera2.picamera2 - [picamera2.py:1391] - DEBUG - Execute job: <picamera2.job.Job object at 0x7f63218a50>
2026-06-01 21:32:45,020 - mazeUtils.device.camera - [camera.py:37] - DEBUG - Average HSV: H=165.5, S=29.1, V=137.3
2026-06-01 21:32:45,067 - mazeUtils.moveTile - [moveTile.py:80] - DEBUG - roll: 13.900000000000034 deg, practicalMoveTime: 1.2301201462544824 sec
2026-06-01 21:32:45,067 - mazeUtils.moveTile - [moveTile.py:1049] - DEBUG - moveTile loop time: 59.4 ms
2026-06-01 21:32:45,073 - picamera2.picamera2 - [picamera2.py:1391] - DEBUG - Execute job: <picamera2.job.Job object at 0x7f63678e50>
2026-06-01 21:32:45,078 - mazeUtils.device.camera - [camera.py:37] - DEBUG - Average HSV: H=148.7, S=23.6, V=133.5
2026-06-01 21:32:45,129 - mazeUtils.moveTile - [moveTile.py:80] - DEBUG - roll: 11.640000000000043 deg, practicalMoveTime: 1.2813185640790636 sec
2026-06-01 21:32:45,130 - mazeUtils.moveTile - [moveTile.py:1049] - DEBUG - moveTile loop time: 61.8 ms
2026-06-01 21:32:45,135 - picamera2.picamera2 - [picamera2.py:1391] - DEBUG - Execute job: <picamera2.job.Job object at 0x7f81fd1e10>
2026-06-01 21:32:45,140 - mazeUtils.device.camera - [camera.py:37] - DEBUG - Average HSV: H=146.3, S=29.1, V=132.1
2026-06-01 21:32:45,189 - mazeUtils.moveTile - [moveTile.py:80] - DEBUG - roll: 16.710000000000036 deg, practicalMoveTime: 1.3296652976070782 sec
2026-06-01 21:32:45,190 - mazeUtils.moveTile - [moveTile.py:1049] - DEBUG - moveTile loop time: 59.7 ms
2026-06-01 21:32:45,195 - picamera2.picamera2 - [picamera2.py:1391] - DEBUG - Execute job: <picamera2.job.Job object at 0x7f81fd00d0>
2026-06-01 21:32:45,199 - mazeUtils.device.camera - [camera.py:37] - DEBUG - Average HSV: H=141.2, S=30.9, V=132.5
2026-06-01 21:32:45,248 - mazeUtils.moveTile - [moveTile.py:80] - DEBUG - roll: 16.410000000000025 deg, practicalMoveTime: 1.3773986016071442 sec
2026-06-01 21:32:45,249 - mazeUtils.moveTile - [moveTile.py:1049] - DEBUG - moveTile loop time: 59.1 ms
2026-06-01 21:32:45,254 - picamera2.picamera2 - [picamera2.py:1391] - DEBUG - Execute job: <picamera2.job.Job object at 0x7f63218ad0>
2026-06-01 21:32:45,259 - mazeUtils.device.camera - [camera.py:37] - DEBUG - Average HSV: H=146.9, S=28.0, V=129.9
2026-06-01 21:32:45,308 - mazeUtils.moveTile - [moveTile.py:80] - DEBUG - roll: 15.270000000000039 deg, practicalMoveTime: 1.425490508780106 sec
2026-06-01 21:32:45,309 - mazeUtils.moveTile - [moveTile.py:1049] - DEBUG - moveTile loop time: 59.2 ms
2026-06-01 21:32:45,314 - picamera2.picamera2 - [picamera2.py:1391] - DEBUG - Execute job: <picamera2.job.Job object at 0x7f63678e50>
2026-06-01 21:32:45,319 - mazeUtils.device.camera - [camera.py:37] - DEBUG - Average HSV: H=141.1, S=32.0, V=128.7
2026-06-01 21:32:45,367 - mazeUtils.moveTile - [moveTile.py:80] - DEBUG - roll: 15.300000000000011 deg, practicalMoveTime: 1.4734328394277492 sec
2026-06-01 21:32:45,368 - mazeUtils.moveTile - [moveTile.py:1049] - DEBUG - moveTile loop time: 58.3 ms
2026-06-01 21:32:45,373 - picamera2.picamera2 - [picamera2.py:1391] - DEBUG - Execute job: <picamera2.job.Job object at 0x7f8112fed0>
2026-06-01 21:32:45,378 - mazeUtils.device.camera - [camera.py:37] - DEBUG - Average HSV: H=142.7, S=30.9, V=132.2
2026-06-01 21:32:45,426 - mazeUtils.moveTile - [moveTile.py:80] - DEBUG - roll: 15.939999999999998 deg, practicalMoveTime: 1.5210296474579454 sec
2026-06-01 21:32:45,427 - mazeUtils.moveTile - [moveTile.py:1049] - DEBUG - moveTile loop time: 58.6 ms
2026-06-01 21:32:45,432 - picamera2.picamera2 - [picamera2.py:1391] - DEBUG - Execute job: <picamera2.job.Job object at 0x7f81fd1e10>
2026-06-01 21:32:45,438 - mazeUtils.device.camera - [camera.py:37] - DEBUG - Average HSV: H=140.2, S=32.9, V=138.3
2026-06-01 21:32:45,486 - mazeUtils.moveTile - [moveTile.py:197] - WARNING - Escape from obstacle on Side.RIGHT side
2026-06-01 21:32:46,049 - mazeUtils.moveTile - [moveTile.py:991] - DEBUG - Obstacle escape adjustment: 0.059792959446292475
2026-06-01 21:32:46,157 - mazeUtils.moveTile - [moveTile.py:80] - DEBUG - roll: 15.560000000000002 deg, practicalMoveTime: 1.4693247109517562 sec
2026-06-01 21:32:46,158 - mazeUtils.moveTile - [moveTile.py:1049] - DEBUG - moveTile loop time: 730.6 ms
2026-06-01 21:32:46,163 - picamera2.picamera2 - [picamera2.py:1391] - DEBUG - Execute job: <picamera2.job.Job object at 0x7f81fd2490>
2026-06-01 21:32:46,168 - mazeUtils.device.camera - [camera.py:37] - DEBUG - Average HSV: H=139.1, S=33.8, V=146.6
2026-06-01 21:32:46,219 - mazeUtils.moveTile - [moveTile.py:80] - DEBUG - roll: 15.870000000000005 deg, practicalMoveTime: 1.519459530778403 sec
2026-06-01 21:32:46,221 - mazeUtils.moveTile - [moveTile.py:1049] - DEBUG - moveTile loop time: 61.6 ms
2026-06-01 21:32:46,225 - picamera2.picamera2 - [picamera2.py:1391] - DEBUG - Execute job: <picamera2.job.Job object at 0x7f81fd00d0>
2026-06-01 21:32:46,230 - mazeUtils.device.camera - [camera.py:37] - DEBUG - Average HSV: H=137.7, S=34.2, V=146.5
2026-06-01 21:32:46,278 - mazeUtils.moveTile - [moveTile.py:80] - DEBUG - roll: 16.52000000000004 deg, practicalMoveTime: 1.5657930971680327 sec
2026-06-01 21:32:46,278 - mazeUtils.moveTile - [moveTile.py:1049] - DEBUG - moveTile loop time: 57.0 ms
2026-06-01 21:32:46,284 - picamera2.picamera2 - [picamera2.py:1391] - DEBUG - Execute job: <picamera2.job.Job object at 0x7f81fd2590>
2026-06-01 21:32:46,290 - mazeUtils.device.camera - [camera.py:37] - DEBUG - Average HSV: H=138.3, S=34.7, V=143.8
2026-06-01 21:32:46,341 - mazeUtils.moveTile - [moveTile.py:197] - WARNING - Escape from obstacle on Side.RIGHT side
2026-06-01 21:32:46,904 - mazeUtils.moveTile - [moveTile.py:991] - DEBUG - Obstacle escape adjustment: 0.05992222450416054
2026-06-01 21:32:47,008 - mazeUtils.moveTile - [moveTile.py:80] - DEBUG - roll: 15.54000000000002 deg, practicalMoveTime: 1.5170456499770566 sec
2026-06-01 21:32:47,010 - mazeUtils.moveTile - [moveTile.py:1049] - DEBUG - moveTile loop time: 731.1 ms
2026-06-01 21:32:47,016 - picamera2.picamera2 - [picamera2.py:1391] - DEBUG - Execute job: <picamera2.job.Job object at 0x7f63678e50>
2026-06-01 21:32:47,022 - mazeUtils.device.camera - [camera.py:37] - DEBUG - Average HSV: H=136.2, S=34.6, V=151.0
2026-06-01 21:32:47,074 - mazeUtils.moveTile - [moveTile.py:80] - DEBUG - roll: 15.319999999999993 deg, practicalMoveTime: 1.5698345794494657 sec
2026-06-01 21:32:47,075 - mazeUtils.moveTile - [moveTile.py:1049] - DEBUG - moveTile loop time: 64.9 ms
2026-06-01 21:32:47,080 - picamera2.picamera2 - [picamera2.py:1391] - DEBUG - Execute job: <picamera2.job.Job object at 0x7f8112ce90>
2026-06-01 21:32:47,086 - mazeUtils.device.camera - [camera.py:37] - DEBUG - Average HSV: H=137.5, S=35.1, V=147.0
2026-06-01 21:32:47,136 - mazeUtils.moveTile - [moveTile.py:80] - DEBUG - roll: 15.689999999999998 deg, practicalMoveTime: 1.619612988603809 sec
2026-06-01 21:32:47,137 - mazeUtils.moveTile - [moveTile.py:1049] - DEBUG - moveTile loop time: 61.2 ms
2026-06-01 21:32:47,142 - picamera2.picamera2 - [picamera2.py:1391] - DEBUG - Execute job: <picamera2.job.Job object at 0x7f8112f190>
2026-06-01 21:32:47,148 - mazeUtils.device.camera - [camera.py:37] - DEBUG - Average HSV: H=136.3, S=36.4, V=144.1
2026-06-01 21:32:47,197 - mazeUtils.moveTile - [moveTile.py:80] - DEBUG - roll: 15.819999999999993 deg, practicalMoveTime: 1.6684306602454042 sec
2026-06-01 21:32:47,198 - mazeUtils.moveTile - [moveTile.py:1049] - DEBUG - moveTile loop time: 60.1 ms
2026-06-01 21:32:47,203 - picamera2.picamera2 - [picamera2.py:1391] - DEBUG - Execute job: <picamera2.job.Job object at 0x7f81fd1e10>
2026-06-01 21:32:47,207 - mazeUtils.device.camera - [camera.py:37] - DEBUG - Average HSV: H=135.1, S=37.6, V=141.3
2026-06-01 21:32:47,258 - mazeUtils.moveTile - [moveTile.py:197] - WARNING - Escape from obstacle on Side.RIGHT side
2026-06-01 21:32:47,725 - __main__ - [main.py:144] - INFO - Program interrupted by user.
2026-06-01 21:32:48,817 - picamera2.picamera2 - [picamera2.py:1391] - DEBUG - Execute job: <picamera2.job.Job object at 0x7fa6a77790>
2026-06-01 21:32:48,834 - picamera2.picamera2 - [picamera2.py:1323] - INFO - Camera stopped
2026-06-01 21:32:49,035 - picamera2.picamera2 - [picamera2.py:1329] - DEBUG - Camera was not started
2026-06-01 21:32:49,040 - picamera2.picamera2 - [picamera2.py:723] - INFO - Camera closed successfully.
2026-06-01 21:32:49,216 - picamera2.picamera2 - [picamera2.py:500] - DEBUG - Resources now free: <picamera2.picamera2.Picamera2 object at 0x7f81135410>
