2026-06-24 00:54:22,674 - root - [logging_config.py:61] - INFO - Logging initialized. Log file: /home/tuton/Kanto2026RPi/src/config/../logs/robot_20260624_005418.log
2026-06-24 00:54:23,193 - mazeUtils.device.stm - [stm.py:134] - ERROR - Timeout while searching valid frame: elapsed=0.500s timeout=0.500s seq=1 buffered=0B dropped=0B tail=
2026-06-24 00:54:23,194 - mazeUtils.device.stm - [stm.py:709] - ERROR - update failed: requestSensorValues returned None
2026-06-24 00:54:25,440 - mazeUtils.device.LiDAR - [LiDAR.py:36] - INFO - Available ports: <ydlidar.Str2strMap; proxy of <Swig Object of type 'std::map< std::string,std::string > *' at 0x7fbdb9dd40> >
2026-06-24 00:54:29,280 - mazeUtils.device.stm - [stm.py:226] - ERROR - Timeout while searching valid ACK: type=BUZZER elapsed=0.501s timeout=0.500s seq=2 payload=04 02 0b 00 64 02 93 00 64 03 10 00 64 04 17 00 64 buffered=0B dropped=0B tail=
2026-06-24 00:54:29,782 - mazeUtils.device.stm - [stm.py:134] - ERROR - Timeout while searching valid frame: elapsed=0.501s timeout=0.500s seq=3 buffered=0B dropped=0B tail=
2026-06-24 00:54:29,784 - mazeUtils.device.stm - [stm.py:709] - ERROR - update failed: requestSensorValues returned None
2026-06-24 00:54:31,286 - mazeUtils.device.stm - [stm.py:134] - ERROR - Timeout while searching valid frame: elapsed=0.501s timeout=0.500s seq=4 buffered=0B dropped=0B tail=
2026-06-24 00:54:31,288 - mazeUtils.device.stm - [stm.py:709] - ERROR - update failed: requestSensorValues returned None
2026-06-24 00:54:31,795 - mazeUtils.device.stm - [stm.py:134] - ERROR - Timeout while searching valid frame: elapsed=0.501s timeout=0.500s seq=5 buffered=0B dropped=0B tail=
2026-06-24 00:54:31,796 - mazeUtils.device.stm - [stm.py:709] - ERROR - update failed: requestSensorValues returned None
2026-06-24 00:54:31,815 - mazeUtils.moveTile - [moveTile.py:535] - DEBUG - Direction: absDirection.NORTH, Angle: 0, Distance: 65.47149882271465 cm
2026-06-24 00:54:31,816 - mazeUtils.moveTile - [moveTile.py:557] - DEBUG - Front LiDAR distance: 65.47149882271465 cm, TSD10 distance: 45.5 cm
2026-06-24 00:54:31,828 - mazeUtils.moveTile - [moveTile.py:535] - DEBUG - Direction: absDirection.EAST, Angle: 270, Distance: 17.289755466788115 cm
2026-06-24 00:54:31,830 - mazeUtils.moveTile - [moveTile.py:535] - DEBUG - Direction: absDirection.SOUTH, Angle: 180, Distance: 16.242197511377203 cm
2026-06-24 00:54:31,835 - mazeUtils.moveTile - [moveTile.py:535] - DEBUG - Direction: absDirection.WEST, Angle: 90, Distance: 16.49781741130293 cm
2026-06-24 00:54:31,837 - __main__ - [main.py:68] - INFO - Initial Map:
2026-06-24 00:54:31,907 - __main__ - [main.py:69] - INFO - Current position: (20, 20, 0), front direction: absDirection.NORTH
Layer 0 (altitude=0.0cm, offset=(0.0cm, 0.0cm)):
Known map area: x=20..20, y=20..20
+   +
| @ |
+---+
mazeAsGraph[0][20][20] = {absDirection.NORTH: (20, 19, 0, 30), absDirection.EAST: None, absDirection.SOUTH: None, absDirection.WEST: None}
2026-06-24 00:54:33,278 - mazeUtils.mazeMap - [mazeMap.py:61] - INFO - next goal: (20, 19, 0)
2026-06-24 00:54:33,279 - __main__ - [main.py:73] - INFO - Next Direction: [<absDirection.NORTH: 0>]
2026-06-24 00:54:33,280 - __main__ - [main.py:74] - INFO - Exploration started.
2026-06-24 00:54:33,782 - mazeUtils.device.stm - [stm.py:134] - ERROR - Timeout while searching valid frame: elapsed=0.501s timeout=0.500s seq=6 buffered=0B dropped=0B tail=
2026-06-24 00:54:33,783 - mazeUtils.device.stm - [stm.py:709] - ERROR - update failed: requestSensorValues returned None
2026-06-24 00:54:33,785 - mazeUtils.moveTile - [moveTile.py:79] - DEBUG - Moving to absDirection.NORTH from (20, 20, 0) facing absDirection.NORTH
2026-06-24 00:54:34,287 - mazeUtils.device.stm - [stm.py:134] - ERROR - Timeout while searching valid frame: elapsed=0.500s timeout=0.500s seq=7 buffered=0B dropped=0B tail=
2026-06-24 00:54:34,287 - mazeUtils.device.stm - [stm.py:709] - ERROR - update failed: requestSensorValues returned None
2026-06-24 00:54:34,788 - mazeUtils.device.stm - [stm.py:226] - ERROR - Timeout while searching valid ACK: type=STS_MOTOR elapsed=0.500s timeout=0.500s seq=8 payload=14 b4 buffered=0B dropped=0B tail=
2026-06-24 00:54:34,789 - mazeUtils.moveTile - [moveTile.py:79] - DEBUG - current heading: 0.0 target: 0
2026-06-24 00:54:35,290 - mazeUtils.device.stm - [stm.py:226] - ERROR - Timeout while searching valid ACK: type=STS_MOTOR elapsed=0.500s timeout=0.500s seq=9 payload=64 64 buffered=0B dropped=0B tail=
2026-06-24 00:54:35,290 - mazeUtils.moveTile - [moveTile.py:410] - DEBUG - stopped turning at heading: 0.0, diff: 0.0
2026-06-24 00:54:35,792 - mazeUtils.device.stm - [stm.py:134] - ERROR - Timeout while searching valid frame: elapsed=0.501s timeout=0.500s seq=10 buffered=0B dropped=0B tail=
2026-06-24 00:54:35,793 - mazeUtils.device.stm - [stm.py:709] - ERROR - update failed: requestSensorValues returned None
2026-06-24 00:54:36,294 - mazeUtils.device.stm - [stm.py:226] - ERROR - Timeout while searching valid ACK: type=STS_MOTOR elapsed=0.501s timeout=0.500s seq=11 payload=5a 6e buffered=0B dropped=0B tail=
2026-06-24 00:54:36,796 - mazeUtils.device.stm - [stm.py:226] - ERROR - Timeout while searching valid ACK: type=STS_MOTOR elapsed=0.501s timeout=0.500s seq=12 payload=64 64 buffered=0B dropped=0B tail=
2026-06-24 00:54:36,796 - mazeUtils.moveTile - [moveTile.py:79] - DEBUG - Turned to heading: 0.0 deg
2026-06-24 00:54:37,297 - mazeUtils.device.stm - [stm.py:226] - ERROR - Timeout while searching valid ACK: type=STS_MOTOR elapsed=0.500s timeout=0.500s seq=13 payload=64 64 buffered=0B dropped=0B tail=
2026-06-24 00:54:37,807 - mazeUtils.device.stm - [stm.py:226] - ERROR - Timeout while searching valid ACK: type=STS_MOTOR elapsed=0.501s timeout=0.500s seq=14 payload=82 82 buffered=0B dropped=0B tail=
2026-06-24 00:54:37,808 - mazeUtils.moveTile - [moveTile.py:79] - DEBUG - Little backward to adjust position
2026-06-24 00:54:38,310 - mazeUtils.device.stm - [stm.py:134] - ERROR - Timeout while searching valid frame: elapsed=0.501s timeout=0.500s seq=15 buffered=0B dropped=0B tail=
2026-06-24 00:54:38,310 - mazeUtils.device.stm - [stm.py:709] - ERROR - update failed: requestSensorValues returned None
2026-06-24 00:54:38,824 - mazeUtils.device.stm - [stm.py:134] - ERROR - Timeout while searching valid frame: elapsed=0.501s timeout=0.500s seq=16 buffered=0B dropped=0B tail=
2026-06-24 00:54:38,825 - mazeUtils.device.stm - [stm.py:709] - ERROR - update failed: requestSensorValues returned None
2026-06-24 00:54:39,337 - mazeUtils.device.stm - [stm.py:134] - ERROR - Timeout while searching valid frame: elapsed=0.501s timeout=0.500s seq=17 buffered=0B dropped=0B tail=
2026-06-24 00:54:39,337 - mazeUtils.device.stm - [stm.py:709] - ERROR - update failed: requestSensorValues returned None
2026-06-24 00:54:39,841 - mazeUtils.device.stm - [stm.py:134] - ERROR - Timeout while searching valid frame: elapsed=0.500s timeout=0.500s seq=18 buffered=0B dropped=0B tail=
2026-06-24 00:54:39,843 - mazeUtils.device.stm - [stm.py:709] - ERROR - update failed: requestSensorValues returned None
2026-06-24 00:54:40,348 - mazeUtils.device.stm - [stm.py:134] - ERROR - Timeout while searching valid frame: elapsed=0.501s timeout=0.500s seq=19 buffered=0B dropped=0B tail=
2026-06-24 00:54:40,348 - mazeUtils.device.stm - [stm.py:709] - ERROR - update failed: requestSensorValues returned None
2026-06-24 00:54:40,852 - mazeUtils.device.stm - [stm.py:134] - ERROR - Timeout while searching valid frame: elapsed=0.501s timeout=0.500s seq=20 buffered=0B dropped=0B tail=
2026-06-24 00:54:40,853 - mazeUtils.device.stm - [stm.py:709] - ERROR - update failed: requestSensorValues returned None
2026-06-24 00:54:41,358 - mazeUtils.device.stm - [stm.py:134] - ERROR - Timeout while searching valid frame: elapsed=0.500s timeout=0.500s seq=21 buffered=0B dropped=0B tail=
2026-06-24 00:54:41,358 - mazeUtils.device.stm - [stm.py:709] - ERROR - update failed: requestSensorValues returned None
2026-06-24 00:54:41,862 - mazeUtils.device.stm - [stm.py:134] - ERROR - Timeout while searching valid frame: elapsed=0.500s timeout=0.500s seq=22 buffered=0B dropped=0B tail=
2026-06-24 00:54:41,863 - mazeUtils.device.stm - [stm.py:709] - ERROR - update failed: requestSensorValues returned None
2026-06-24 00:54:42,368 - mazeUtils.device.stm - [stm.py:134] - ERROR - Timeout while searching valid frame: elapsed=0.501s timeout=0.500s seq=23 buffered=0B dropped=0B tail=
2026-06-24 00:54:42,368 - mazeUtils.device.stm - [stm.py:709] - ERROR - update failed: requestSensorValues returned None
2026-06-24 00:54:42,872 - mazeUtils.device.stm - [stm.py:134] - ERROR - Timeout while searching valid frame: elapsed=0.500s timeout=0.500s seq=24 buffered=0B dropped=0B tail=
2026-06-24 00:54:42,872 - mazeUtils.device.stm - [stm.py:709] - ERROR - update failed: requestSensorValues returned None
2026-06-24 00:54:43,319 - __main__ - [main.py:170] - INFO - Program interrupted by user.
2026-06-24 00:54:44,864 - mazeUtils.device.stm - [stm.py:226] - ERROR - Timeout while searching valid ACK: type=STS_MOTOR elapsed=0.501s timeout=0.500s seq=26 payload=64 64 buffered=0B dropped=0B tail=
2026-06-24 00:54:45,365 - mazeUtils.device.stm - [stm.py:226] - ERROR - Timeout while searching valid ACK: type=LED elapsed=0.500s timeout=0.500s seq=27 payload=00 00 00 buffered=0B dropped=0B tail=
2026-06-24 00:54:45,877 - picamera2.picamera2 - [picamera2.py:1391] - DEBUG - Execute job: <picamera2.job.Job object at 0x7fbdc173d0>
2026-06-24 00:54:45,894 - picamera2.picamera2 - [picamera2.py:1323] - INFO - Camera stopped
2026-06-24 00:54:46,095 - picamera2.picamera2 - [picamera2.py:1329] - DEBUG - Camera was not started
2026-06-24 00:54:46,297 - picamera2.picamera2 - [picamera2.py:723] - INFO - Camera closed successfully.
2026-06-24 00:54:46,535 - picamera2.picamera2 - [picamera2.py:500] - DEBUG - Resources now free: <picamera2.picamera2.Picamera2 object at 0x7faa1e3090>
