2026-07-02 20:33:29,392 - root - [logging_config.py:61] - INFO - Logging initialized. Log file: /home/tuton/Kanto2026RPi/src/config/../logs/robot_20260702_203324.log
2026-07-02 20:33:31,294 - mazeUtils.device.LiDAR - [LiDAR.py:80] - INFO - Available ports: <ydlidar.Str2strMap; proxy of <Swig Object of type 'std::map< std::string,std::string > *' at 0x7f90ef27f0> >
2026-07-02 20:33:35,296 - mazeUtils.moveTile - [moveTile.py:556] - DEBUG - overwrite the wall data
2026-07-02 20:33:35,314 - mazeUtils.moveTile - [moveTile.py:570] - DEBUG - Direction: absDirection.NORTH, Angle: 0, Distance: 223.56850993862798 cm
2026-07-02 20:33:35,319 - mazeUtils.moveTile - [moveTile.py:580] - INFO - angle: 0, result: judgeWallResult.NO_WALL
2026-07-02 20:33:35,321 - mazeUtils.moveTile - [moveTile.py:570] - DEBUG - Direction: absDirection.EAST, Angle: 270, Distance: 52.395972920288266 cm
2026-07-02 20:33:35,322 - mazeUtils.moveTile - [moveTile.py:570] - DEBUG - Direction: absDirection.SOUTH, Angle: 180, Distance: 106.83910826066523 cm
2026-07-02 20:33:35,323 - mazeUtils.moveTile - [moveTile.py:570] - DEBUG - Direction: absDirection.WEST, Angle: 90, Distance: 27.133742928148187 cm
2026-07-02 20:33:35,324 - __main__ - [main.py:78] - INFO - Initial Map:
2026-07-02 20:33:35,345 - __main__ - [main.py:79] - INFO - Current position: (20, 20, 0), front direction: absDirection.NORTH
Layer 0 (altitude=0.0cm, offset=(0.0cm, 0.0cm)):
Known map area: x=20..20, y=20..20
+   +
| @  
+   +
2026-07-02 20:33:36,376 - mazeUtils.mazeMap - [mazeMap.py:61] - INFO - next goal: (20, 19, 0)
2026-07-02 20:33:36,377 - __main__ - [main.py:85] - INFO - Next Direction: [<absDirection.NORTH: 0>]
2026-07-02 20:33:36,378 - __main__ - [main.py:86] - INFO - Exploration started.
2026-07-02 20:33:36,380 - mazeUtils.mazeMap - [mazeMap.py:61] - INFO - next goal: (20, 20, 0)
2026-07-02 20:33:36,381 - mazeUtils.moveTile - [moveTile.py:88] - DEBUG - [1256.648758] moveTile start direction=absDirection.NORTH position=(20, 20, 0) front=absDirection.NORTH
2026-07-02 20:33:36,388 - mazeUtils.moveTile - [moveTile.py:90] - DEBUG - [1256.656115] moveTile after initial toggle check (+7.4 ms)
2026-07-02 20:33:36,391 - mazeUtils.moveTile - [moveTile.py:90] - DEBUG - [1256.659082] moveTile after tile checks isRedTile=False isUnknownTileAhead=True (+3.0 ms)
2026-07-02 20:33:36,392 - mazeUtils.moveTile - [moveTile.py:79] - DEBUG - Moving to absDirection.NORTH from (20, 20, 0) facing absDirection.NORTH
2026-07-02 20:33:36,393 - mazeUtils.moveTile - [moveTile.py:90] - DEBUG - [1256.660280] moveTile start heading change target=0 (+1.2 ms)
2026-07-02 20:33:36,418 - mazeUtils.moveTile - [moveTile.py:79] - DEBUG - current heading: 0.0 target: 0
2026-07-02 20:33:36,438 - mazeUtils.moveTile - [moveTile.py:441] - DEBUG - stopped turning at heading: 0.0, diff: 0.0
2026-07-02 20:33:36,482 - mazeUtils.moveTile - [moveTile.py:79] - DEBUG - Turned to heading: 0.0 deg
2026-07-02 20:33:36,484 - mazeUtils.moveTile - [moveTile.py:90] - DEBUG - [1256.751533] moveTile finished heading change (+91.3 ms)
2026-07-02 20:33:36,485 - mazeUtils.moveTile - [moveTile.py:90] - DEBUG - [1256.752301] Adjustment after ramp completed (+0.8 ms)
2026-07-02 20:33:36,485 - mazeUtils.moveTile - [moveTile.py:90] - DEBUG - [1256.752841] moveTile updated front direction (+0.5 ms)
2026-07-02 20:33:36,507 - mazeUtils.moveTile - [moveTile.py:90] - DEBUG - [1256.774950] moveTile stopped motors before alignment (+22.1 ms)
2026-07-02 20:33:36,673 - mazeUtils.moveTile - [moveTile.py:570] - DEBUG - Direction: absDirection.NORTH, Angle: 0, Distance: 223.07126416614366 cm
2026-07-02 20:33:36,676 - mazeUtils.moveTile - [moveTile.py:570] - DEBUG - Direction: absDirection.EAST, Angle: 270, Distance: 52.932734543698025 cm
2026-07-02 20:33:36,677 - mazeUtils.moveTile - [moveTile.py:570] - DEBUG - Direction: absDirection.SOUTH, Angle: 180, Distance: 110.78312767462117 cm
2026-07-02 20:33:36,678 - mazeUtils.moveTile - [moveTile.py:570] - DEBUG - Direction: absDirection.WEST, Angle: 90, Distance: 27.233497811012228 cm
2026-07-02 20:33:36,679 - mazeUtils.moveTile - [moveTile.py:90] - DEBUG - [1256.946261] moveTile ready for forward move (+171.3 ms)
2026-07-02 20:33:36,707 - mazeUtils.moveTile - [moveTile.py:90] - DEBUG - [1256.974761] moveTile initialized movement targetSteps=1 (+28.5 ms)
2026-07-02 20:33:36,709 - mazeUtils.moveTile - [moveTile.py:90] - DEBUG - [1256.976532] moveTile loop start (+1.8 ms)
2026-07-02 20:33:36,718 - picamera2.picamera2 - [picamera2.py:1391] - DEBUG - Execute job: <picamera2.job.Job object at 0x7f845dbd50>
2026-07-02 20:33:36,733 - mazeUtils.device.camera - [camera.py:39] - DEBUG - Average HSV: H=114.1, S=245.7, V=8.9
2026-07-02 20:33:36,742 - mazeUtils.moveTile - [moveTile.py:90] - DEBUG - [1257.009602] moveTile calculated motor speeds left=100 right=100 gyroSteer=0.0 wallSteer=0.0 (+33.1 ms)
2026-07-02 20:33:36,762 - mazeUtils.moveTile - [moveTile.py:90] - DEBUG - [1257.029707] moveTile applied motor speed left=100 right=100 (+20.1 ms)
2026-07-02 20:33:36,785 - mazeUtils.moveTile - [moveTile.py:241] - INFO - Black tile detected! Stopping movement. Starting escape maneuver.
2026-07-02 20:33:36,986 - mazeUtils.moveTile - [moveTile.py:79] - DEBUG - Escape maneuver complete.
2026-07-02 20:33:36,987 - mazeUtils.moveTile - [moveTile.py:90] - DEBUG - [1257.254809] moveTile escaped from black tile (+225.1 ms)
2026-07-02 20:33:36,988 - mazeUtils.moveTile - [moveTile.py:2745] - INFO - (None, None)
2026-07-02 20:33:37,023 - __main__ - [main.py:119] - INFO - Current position: (20, 20, 0), front direction: absDirection.NORTH
Layer 0 (altitude=0.0cm, offset=(0.0cm, 0.0cm)):
Known map area: x=20..20, y=19..20
+   +
  B  
+   +
| @  
+   +
2026-07-02 20:33:37,034 - __main__ - [main.py:128] - WARNING - Position did not change after movement. Possible error in movement or wall detection.
2026-07-02 20:33:37,038 - mazeUtils.mazeMap - [mazeMap.py:61] - INFO - next goal: (21, 20, 0)
2026-07-02 20:33:37,041 - mazeUtils.mazeMap - [mazeMap.py:61] - INFO - next goal: (20, 20, 0)
2026-07-02 20:33:37,043 - mazeUtils.moveTile - [moveTile.py:88] - DEBUG - [1257.311205] moveTile start direction=absDirection.EAST position=(20, 20, 0) front=absDirection.NORTH
2026-07-02 20:33:37,051 - mazeUtils.moveTile - [moveTile.py:90] - DEBUG - [1257.318450] moveTile after initial toggle check (+7.2 ms)
2026-07-02 20:33:37,056 - mazeUtils.moveTile - [moveTile.py:90] - DEBUG - [1257.323248] moveTile after tile checks isRedTile=False isUnknownTileAhead=True (+4.8 ms)
2026-07-02 20:33:37,057 - mazeUtils.moveTile - [moveTile.py:79] - DEBUG - Moving to absDirection.EAST from (20, 20, 0) facing absDirection.NORTH
2026-07-02 20:33:37,058 - mazeUtils.moveTile - [moveTile.py:90] - DEBUG - [1257.325683] moveTile start heading change target=270 (+2.4 ms)
2026-07-02 20:33:37,087 - mazeUtils.moveTile - [moveTile.py:79] - DEBUG - current heading: 0.010000000000000009 target: 270
