2026-06-21 16:02:02,740 - root - [logging_config.py:61] - INFO - Logging initialized. Log file: /home/tuton/Kanto2026RPi/src/config/../logs/robot_20260621_160158.log
2026-06-21 16:02:05,001 - mazeUtils.device.LiDAR - [LiDAR.py:36] - INFO - Available ports: <ydlidar.Str2strMap; proxy of <Swig Object of type 'std::map< std::string,std::string > *' at 0x7f96db7ed0> >
2026-06-21 16:02:18,068 - mazeUtils.moveTile - [moveTile.py:529] - DEBUG - Direction: absDirection.NORTH, Angle: 0, Distance: 105.76062559275017 cm
2026-06-21 16:02:18,069 - mazeUtils.moveTile - [moveTile.py:553] - DEBUG - Front LiDAR distance: 105.76062559275017 cm, TSD10 distance: 1.1 cm
2026-06-21 16:02:18,071 - mazeUtils.moveTile - [moveTile.py:529] - DEBUG - Direction: absDirection.EAST, Angle: 270, Distance: 17.905108055551647 cm
2026-06-21 16:02:18,073 - mazeUtils.moveTile - [moveTile.py:529] - DEBUG - Direction: absDirection.SOUTH, Angle: 180, Distance: 16.594753655244237 cm
2026-06-21 16:02:18,076 - mazeUtils.moveTile - [moveTile.py:529] - DEBUG - Direction: absDirection.WEST, Angle: 90, Distance: 16.8990216993252 cm
2026-06-21 16:02:18,077 - __main__ - [main.py:70] - INFO - Initial Map:
2026-06-21 16:02:18,106 - __main__ - [main.py:71] - INFO - Current position: (20, 20, 0), front direction: absDirection.NORTH
Layer 0 (altitude=0.0cm, offset=(0.0cm, 0.0cm)):
Known map area: x=20..20, y=20..20
+   +
| @ |
+---+
mazeAsGraph[0][20][20] = {absDirection.NORTH: (20, 19, 0, 30), absDirection.EAST: None, absDirection.SOUTH: None, absDirection.WEST: None}
2026-06-21 16:02:18,109 - mazeUtils.mazeMap - [mazeMap.py:61] - INFO - next goal: (20, 19, 0)
2026-06-21 16:02:18,111 - __main__ - [main.py:74] - INFO - Next Direction: [<absDirection.NORTH: 0>]
2026-06-21 16:02:18,112 - __main__ - [main.py:75] - INFO - Exploration started.
2026-06-21 16:02:18,123 - mazeUtils.moveTile - [moveTile.py:79] - DEBUG - Moving to absDirection.NORTH from (20, 20, 0) facing absDirection.NORTH
2026-06-21 16:02:18,150 - mazeUtils.moveTile - [moveTile.py:79] - DEBUG - current heading: 0.18000000000000682 target: 0
2026-06-21 16:02:18,170 - mazeUtils.moveTile - [moveTile.py:404] - DEBUG - stopped turning at heading: 0.18000000000000682, diff: 0.18000000000000682
2026-06-21 16:02:18,217 - mazeUtils.moveTile - [moveTile.py:79] - DEBUG - Turned to heading: 0.18999999999999773 deg
2026-06-21 16:02:18,275 - mazeUtils.moveTile - [moveTile.py:79] - DEBUG - Little backward to adjust position
2026-06-21 16:02:18,780 - picamera2.picamera2 - [picamera2.py:1391] - DEBUG - Execute job: <picamera2.job.Job object at 0x7f8a7e3c50>
2026-06-21 16:02:18,827 - mazeUtils.device.camera - [camera.py:39] - DEBUG - Average HSV: H=167.0, S=164.8, V=122.9
2026-06-21 16:02:18,860 - mazeUtils.moveTile - [moveTile.py:79] - DEBUG - roll: 358.98 deg, practicalMoveTime: 0.08470909397721224 sec
2026-06-21 16:02:18,860 - mazeUtils.moveTile - [moveTile.py:1430] - DEBUG - moveTile loop time: 83.9 ms
2026-06-21 16:02:18,866 - picamera2.picamera2 - [picamera2.py:1391] - DEBUG - Execute job: <picamera2.job.Job object at 0x7f714ae8d0>
2026-06-21 16:02:18,871 - mazeUtils.device.camera - [camera.py:39] - DEBUG - Average HSV: H=168.5, S=200.6, V=76.9
2026-06-21 16:02:18,899 - mazeUtils.moveTile - [moveTile.py:79] - DEBUG - roll: 0.9599999999999795 deg, practicalMoveTime: 0.12284189190644401 sec
2026-06-21 16:02:18,899 - mazeUtils.moveTile - [moveTile.py:1430] - DEBUG - moveTile loop time: 38.5 ms
2026-06-21 16:02:18,910 - picamera2.picamera2 - [picamera2.py:1391] - DEBUG - Execute job: <picamera2.job.Job object at 0x7f8a7e3c50>
2026-06-21 16:02:18,914 - mazeUtils.device.camera - [camera.py:39] - DEBUG - Average HSV: H=172.1, S=232.0, V=74.4
2026-06-21 16:02:18,944 - mazeUtils.moveTile - [moveTile.py:79] - DEBUG - roll: 0.8500000000000227 deg, practicalMoveTime: 0.16803726591423634 sec
2026-06-21 16:02:18,945 - mazeUtils.moveTile - [moveTile.py:1430] - DEBUG - moveTile loop time: 45.4 ms
2026-06-21 16:02:18,954 - picamera2.picamera2 - [picamera2.py:1391] - DEBUG - Execute job: <picamera2.job.Job object at 0x7f7146a250>
2026-06-21 16:02:18,957 - mazeUtils.device.camera - [camera.py:39] - DEBUG - Average HSV: H=172.5, S=232.0, V=59.3
2026-06-21 16:02:18,986 - mazeUtils.moveTile - [moveTile.py:79] - DEBUG - roll: 359.79 deg, practicalMoveTime: 0.20930104591096924 sec
2026-06-21 16:02:18,987 - mazeUtils.moveTile - [moveTile.py:1430] - DEBUG - moveTile loop time: 41.5 ms
2026-06-21 16:02:18,996 - picamera2.picamera2 - [picamera2.py:1391] - DEBUG - Execute job: <picamera2.job.Job object at 0x7f8a41b090>
2026-06-21 16:02:19,000 - mazeUtils.device.camera - [camera.py:39] - DEBUG - Average HSV: H=171.8, S=228.6, V=74.0
2026-06-21 16:02:19,030 - mazeUtils.moveTile - [moveTile.py:79] - DEBUG - roll: 6.569999999999993 deg, practicalMoveTime: 0.24367559318830173 sec
2026-06-21 16:02:19,030 - mazeUtils.moveTile - [moveTile.py:1430] - DEBUG - moveTile loop time: 43.5 ms
2026-06-21 16:02:19,039 - picamera2.picamera2 - [picamera2.py:1391] - DEBUG - Execute job: <picamera2.job.Job object at 0x7f8ab01c90>
2026-06-21 16:02:19,042 - mazeUtils.device.camera - [camera.py:39] - DEBUG - Average HSV: H=171.6, S=226.9, V=73.2
2026-06-21 16:02:19,068 - mazeUtils.moveTile - [moveTile.py:79] - DEBUG - roll: 2.8600000000000136 deg, practicalMoveTime: 0.2816443225195841 sec
2026-06-21 16:02:19,069 - mazeUtils.moveTile - [moveTile.py:1430] - DEBUG - moveTile loop time: 38.3 ms
2026-06-21 16:02:19,074 - picamera2.picamera2 - [picamera2.py:1391] - DEBUG - Execute job: <picamera2.job.Job object at 0x7f714dd350>
2026-06-21 16:02:19,077 - mazeUtils.device.camera - [camera.py:39] - DEBUG - Average HSV: H=172.3, S=231.6, V=68.4
2026-06-21 16:02:19,118 - mazeUtils.moveTile - [moveTile.py:79] - DEBUG - roll: 1.8799999999999955 deg, practicalMoveTime: 0.3308317183428804 sec
2026-06-21 16:02:19,119 - mazeUtils.moveTile - [moveTile.py:1430] - DEBUG - moveTile loop time: 49.6 ms
2026-06-21 16:02:19,125 - picamera2.picamera2 - [picamera2.py:1391] - DEBUG - Execute job: <picamera2.job.Job object at 0x7f714ae950>
2026-06-21 16:02:19,128 - mazeUtils.device.camera - [camera.py:39] - DEBUG - Average HSV: H=171.7, S=227.0, V=71.5
2026-06-21 16:02:19,156 - mazeUtils.moveTile - [moveTile.py:79] - DEBUG - roll: 5.6200000000000045 deg, practicalMoveTime: 0.36776532883593355 sec
2026-06-21 16:02:19,156 - mazeUtils.moveTile - [moveTile.py:1430] - DEBUG - moveTile loop time: 37.3 ms
2026-06-21 16:02:19,169 - picamera2.picamera2 - [picamera2.py:1391] - DEBUG - Execute job: <picamera2.job.Job object at 0x7f72499450>
2026-06-21 16:02:19,173 - mazeUtils.device.camera - [camera.py:39] - DEBUG - Average HSV: H=171.8, S=227.6, V=69.8
2026-06-21 16:02:19,202 - mazeUtils.moveTile - [moveTile.py:79] - DEBUG - roll: 3.660000000000025 deg, practicalMoveTime: 0.4135958498173153 sec
2026-06-21 16:02:19,203 - mazeUtils.moveTile - [moveTile.py:1430] - DEBUG - moveTile loop time: 45.9 ms
2026-06-21 16:02:19,210 - picamera2.picamera2 - [picamera2.py:1391] - DEBUG - Execute job: <picamera2.job.Job object at 0x7f8a3dd110>
2026-06-21 16:02:19,215 - mazeUtils.device.camera - [camera.py:39] - DEBUG - Average HSV: H=172.0, S=228.9, V=67.3
2026-06-21 16:02:19,245 - mazeUtils.moveTile - [moveTile.py:79] - DEBUG - roll: 4.410000000000025 deg, practicalMoveTime: 0.4549300480018431 sec
2026-06-21 16:02:19,245 - mazeUtils.moveTile - [moveTile.py:1430] - DEBUG - moveTile loop time: 41.8 ms
2026-06-21 16:02:19,253 - picamera2.picamera2 - [picamera2.py:1391] - DEBUG - Execute job: <picamera2.job.Job object at 0x7f72493fd0>
2026-06-21 16:02:19,257 - mazeUtils.device.camera - [camera.py:39] - DEBUG - Average HSV: H=171.7, S=227.1, V=70.0
2026-06-21 16:02:19,283 - mazeUtils.moveTile - [moveTile.py:79] - DEBUG - roll: 4.839999999999975 deg, practicalMoveTime: 0.4925556601301027 sec
2026-06-21 16:02:19,283 - mazeUtils.moveTile - [moveTile.py:1430] - DEBUG - moveTile loop time: 38.1 ms
2026-06-21 16:02:19,288 - picamera2.picamera2 - [picamera2.py:1391] - DEBUG - Execute job: <picamera2.job.Job object at 0x7f7146a250>
2026-06-21 16:02:19,292 - mazeUtils.device.camera - [camera.py:39] - DEBUG - Average HSV: H=171.8, S=228.2, V=66.8
2026-06-21 16:02:19,323 - mazeUtils.moveTile - [moveTile.py:79] - DEBUG - roll: 4.060000000000002 deg, practicalMoveTime: 0.5316197776961914 sec
2026-06-21 16:02:19,323 - mazeUtils.moveTile - [moveTile.py:1430] - DEBUG - moveTile loop time: 39.7 ms
2026-06-21 16:02:19,327 - picamera2.picamera2 - [picamera2.py:1391] - DEBUG - Execute job: <picamera2.job.Job object at 0x7f8a42b150>
2026-06-21 16:02:19,331 - mazeUtils.device.camera - [camera.py:39] - DEBUG - Average HSV: H=172.1, S=229.3, V=67.3
2026-06-21 16:02:19,362 - mazeUtils.moveTile - [moveTile.py:79] - DEBUG - roll: 3.2900000000000205 deg, practicalMoveTime: 0.5702563358369349 sec
2026-06-21 16:02:19,363 - mazeUtils.moveTile - [moveTile.py:1430] - DEBUG - moveTile loop time: 38.9 ms
2026-06-21 16:02:19,368 - picamera2.picamera2 - [picamera2.py:1391] - DEBUG - Execute job: <picamera2.job.Job object at 0x7f72493fd0>
2026-06-21 16:02:19,371 - mazeUtils.device.camera - [camera.py:39] - DEBUG - Average HSV: H=171.9, S=228.9, V=70.8
2026-06-21 16:02:19,410 - mazeUtils.moveTile - [moveTile.py:79] - DEBUG - roll: 4.089999999999975 deg, practicalMoveTime: 0.6175558314009545 sec
2026-06-21 16:02:19,411 - mazeUtils.moveTile - [moveTile.py:1430] - DEBUG - moveTile loop time: 47.7 ms
2026-06-21 16:02:19,415 - picamera2.picamera2 - [picamera2.py:1391] - DEBUG - Execute job: <picamera2.job.Job object at 0x7f714ae950>
2026-06-21 16:02:19,418 - mazeUtils.device.camera - [camera.py:39] - DEBUG - Average HSV: H=172.3, S=231.0, V=66.8
2026-06-21 16:02:19,453 - mazeUtils.moveTile - [moveTile.py:79] - DEBUG - roll: 0.7900000000000205 deg, practicalMoveTime: 0.6599478700427913 sec
2026-06-21 16:02:19,453 - mazeUtils.moveTile - [moveTile.py:1430] - DEBUG - moveTile loop time: 42.6 ms
2026-06-21 16:02:19,459 - picamera2.picamera2 - [picamera2.py:1391] - DEBUG - Execute job: <picamera2.job.Job object at 0x7f8a7e3c50>
2026-06-21 16:02:19,461 - mazeUtils.device.camera - [camera.py:39] - DEBUG - Average HSV: H=172.2, S=231.0, V=65.0
2026-06-21 16:02:19,495 - mazeUtils.moveTile - [moveTile.py:79] - DEBUG - roll: 1.1999999999999886 deg, practicalMoveTime: 0.7011864300385774 sec
2026-06-21 16:02:19,495 - mazeUtils.moveTile - [moveTile.py:1430] - DEBUG - moveTile loop time: 41.5 ms
2026-06-21 16:02:19,507 - picamera2.picamera2 - [picamera2.py:1391] - DEBUG - Execute job: <picamera2.job.Job object at 0x7f714ae8d0>
2026-06-21 16:02:19,510 - mazeUtils.device.camera - [camera.py:39] - DEBUG - Average HSV: H=172.0, S=230.9, V=72.8
2026-06-21 16:02:19,541 - mazeUtils.moveTile - [moveTile.py:79] - DEBUG - roll: 2.25 deg, practicalMoveTime: 0.7467976673579199 sec
2026-06-21 16:02:19,541 - mazeUtils.moveTile - [moveTile.py:1430] - DEBUG - moveTile loop time: 45.9 ms
2026-06-21 16:02:19,552 - picamera2.picamera2 - [picamera2.py:1391] - DEBUG - Execute job: <picamera2.job.Job object at 0x7f52097bd0>
2026-06-21 16:02:19,556 - mazeUtils.device.camera - [camera.py:39] - DEBUG - Average HSV: H=172.2, S=230.2, V=63.8
2026-06-21 16:02:19,587 - mazeUtils.moveTile - [moveTile.py:79] - DEBUG - roll: 359.92 deg, practicalMoveTime: 0.7922626155629485 sec
2026-06-21 16:02:19,587 - mazeUtils.moveTile - [moveTile.py:1430] - DEBUG - moveTile loop time: 45.7 ms
2026-06-21 16:02:19,591 - picamera2.picamera2 - [picamera2.py:1391] - DEBUG - Execute job: <picamera2.job.Job object at 0x7f8a42b150>
2026-06-21 16:02:19,594 - mazeUtils.device.camera - [camera.py:39] - DEBUG - Average HSV: H=171.7, S=228.7, V=80.7
2026-06-21 16:02:19,626 - mazeUtils.moveTile - [moveTile.py:79] - DEBUG - roll: 3.1299999999999955 deg, practicalMoveTime: 0.8310606803422027 sec
2026-06-21 16:02:19,627 - mazeUtils.moveTile - [moveTile.py:1430] - DEBUG - moveTile loop time: 39.1 ms
2026-06-21 16:02:19,635 - picamera2.picamera2 - [picamera2.py:1391] - DEBUG - Execute job: <picamera2.job.Job object at 0x7f72493fd0>
2026-06-21 16:02:19,638 - mazeUtils.device.camera - [camera.py:39] - DEBUG - Average HSV: H=169.4, S=197.4, V=99.9
2026-06-21 16:02:19,670 - mazeUtils.moveTile - [moveTile.py:1375] - INFO - practicalVerticalMove: 1.2650501952172426 CM
2026-06-21 16:02:19,719 - mazeUtils.moveTile - [moveTile.py:1645] - INFO - Set moved vertical distance: 1.2650501952172426 cm, past distances: [(0, False), (0, False), (0, False)]
2026-06-21 16:02:19,762 - mazeUtils.moveTile - [moveTile.py:529] - DEBUG - Direction: absDirection.NORTH, Angle: 0, Distance: 73.11846242623187 cm
2026-06-21 16:02:19,762 - mazeUtils.moveTile - [moveTile.py:553] - DEBUG - Front LiDAR distance: 73.11846242623187 cm, TSD10 distance: 62.9 cm
2026-06-21 16:02:19,763 - mazeUtils.moveTile - [moveTile.py:529] - DEBUG - Direction: absDirection.EAST, Angle: 270, Distance: 107.48884908525442 cm
2026-06-21 16:02:19,764 - mazeUtils.moveTile - [moveTile.py:529] - DEBUG - Direction: absDirection.SOUTH, Angle: 180, Distance: 52.510794402673284 cm
2026-06-21 16:02:19,766 - mazeUtils.moveTile - [moveTile.py:529] - DEBUG - Direction: absDirection.WEST, Angle: 90, Distance: 16.77815935167895 cm
2026-06-21 16:02:19,769 - mazeUtils.moveTile - [moveTile.py:1774] - INFO - Tile color detection counts: {<tileType.RED: 'R'>: 14, <tileType.EMPTY: 'E'>: 0}, decided tile type: R
2026-06-21 16:02:19,770 - mazeUtils.moveTile - [moveTile.py:1782] - INFO - Moved to (20, 19, 0), Tile type: R, Wall types: {<absDirection.NORTH: 0>: <wallType.NO_WALL: 1>, <absDirection.EAST: 270>: <wallType.NO_WALL: 1>, <absDirection.SOUTH: 180>: <wallType.NO_WALL: 1>, <absDirection.WEST: 90>: <wallType.WALL: 2>}
2026-06-21 16:02:19,830 - __main__ - [main.py:92] - INFO - Current position: (20, 19, 0), front direction: absDirection.NORTH
Layer 0 (altitude=0.0cm, offset=(0.0cm, 0.0cm)):
Known map area: x=20..20, y=19..20
+   +
| @  
+   +
| S |
+---+
mazeAsGraph[0][19][20] = {absDirection.NORTH: (20, 18, 0, 30), absDirection.EAST: (21, 19, 0, 30), absDirection.SOUTH: (20, 20, 0, 30), absDirection.WEST: None}
mazeAsGraph[0][20][20] = {absDirection.NORTH: (20, 19, 0, 30), absDirection.EAST: None, absDirection.SOUTH: None, absDirection.WEST: None}
2026-06-21 16:02:19,838 - mazeUtils.mazeMap - [mazeMap.py:61] - INFO - next goal: (20, 18, 0)
2026-06-21 16:02:19,844 - mazeUtils.moveTile - [moveTile.py:79] - DEBUG - Moving to absDirection.NORTH from (20, 19, 0) facing absDirection.NORTH
2026-06-21 16:02:19,869 - mazeUtils.moveTile - [moveTile.py:79] - DEBUG - current heading: 1.5499999999999972 target: 0
2026-06-21 16:02:19,888 - mazeUtils.moveTile - [moveTile.py:404] - DEBUG - stopped turning at heading: 1.5499999999999972, diff: 1.5499999999999972
2026-06-21 16:02:19,936 - mazeUtils.moveTile - [moveTile.py:79] - DEBUG - Turned to heading: 1.5499999999999972 deg
2026-06-21 16:02:20,082 - picamera2.picamera2 - [picamera2.py:1391] - DEBUG - Execute job: <picamera2.job.Job object at 0x7f8084add0>
2026-06-21 16:02:20,085 - mazeUtils.device.camera - [camera.py:39] - DEBUG - Average HSV: H=135.7, S=65.4, V=122.7
2026-06-21 16:02:20,110 - mazeUtils.moveTile - [moveTile.py:79] - DEBUG - roll: 1.1000000000000227 deg, practicalMoveTime: 0.03695140666933645 sec
2026-06-21 16:02:20,110 - mazeUtils.moveTile - [moveTile.py:1430] - DEBUG - moveTile loop time: 35.9 ms
2026-06-21 16:02:20,117 - picamera2.picamera2 - [picamera2.py:1391] - DEBUG - Execute job: <picamera2.job.Job object at 0x7f7140fb10>
2026-06-21 16:02:20,119 - mazeUtils.device.camera - [camera.py:39] - DEBUG - Average HSV: H=136.2, S=64.5, V=123.2
2026-06-21 16:02:20,151 - mazeUtils.moveTile - [moveTile.py:79] - DEBUG - roll: 1.579999999999984 deg, practicalMoveTime: 0.07786301789163143 sec
2026-06-21 16:02:20,152 - mazeUtils.moveTile - [moveTile.py:1430] - DEBUG - moveTile loop time: 41.3 ms
2026-06-21 16:02:20,162 - picamera2.picamera2 - [picamera2.py:1391] - DEBUG - Execute job: <picamera2.job.Job object at 0x7f7140fb10>
2026-06-21 16:02:20,165 - mazeUtils.device.camera - [camera.py:39] - DEBUG - Average HSV: H=137.4, S=64.2, V=124.4
2026-06-21 16:02:20,195 - mazeUtils.moveTile - [moveTile.py:79] - DEBUG - roll: 1.240000000000009 deg, practicalMoveTime: 0.12127673992055465 sec
2026-06-21 16:02:20,196 - mazeUtils.moveTile - [moveTile.py:1430] - DEBUG - moveTile loop time: 43.5 ms
2026-06-21 16:02:20,207 - picamera2.picamera2 - [picamera2.py:1391] - DEBUG - Execute job: <picamera2.job.Job object at 0x7f8084af50>
2026-06-21 16:02:20,211 - mazeUtils.device.camera - [camera.py:39] - DEBUG - Average HSV: H=137.9, S=71.0, V=118.1
2026-06-21 16:02:20,245 - mazeUtils.moveTile - [moveTile.py:79] - DEBUG - roll: 1.1800000000000068 deg, practicalMoveTime: 0.17016530538060798 sec
2026-06-21 16:02:20,245 - mazeUtils.moveTile - [moveTile.py:1430] - DEBUG - moveTile loop time: 49.2 ms
2026-06-21 16:02:20,251 - picamera2.picamera2 - [picamera2.py:1391] - DEBUG - Execute job: <picamera2.job.Job object at 0x7f96cd3310>
2026-06-21 16:02:20,254 - mazeUtils.device.camera - [camera.py:39] - DEBUG - Average HSV: H=133.5, S=79.4, V=114.9
2026-06-21 16:02:20,287 - mazeUtils.moveTile - [moveTile.py:79] - DEBUG - roll: 1.660000000000025 deg, practicalMoveTime: 0.21185174282096936 sec
2026-06-21 16:02:20,288 - mazeUtils.moveTile - [moveTile.py:1430] - DEBUG - moveTile loop time: 42.2 ms
2026-06-21 16:02:20,293 - picamera2.picamera2 - [picamera2.py:1391] - DEBUG - Execute job: <picamera2.job.Job object at 0x7f520bc090>
2026-06-21 16:02:20,297 - mazeUtils.device.camera - [camera.py:39] - DEBUG - Average HSV: H=129.0, S=87.9, V=89.7
2026-06-21 16:02:20,323 - mazeUtils.moveTile - [moveTile.py:79] - DEBUG - roll: 0.11000000000001364 deg, practicalMoveTime: 0.2473908275626689 sec
2026-06-21 16:02:20,324 - mazeUtils.moveTile - [moveTile.py:1430] - DEBUG - moveTile loop time: 35.6 ms
2026-06-21 16:02:20,329 - picamera2.picamera2 - [picamera2.py:1391] - DEBUG - Execute job: <picamera2.job.Job object at 0x7f96cd3310>
2026-06-21 16:02:20,334 - mazeUtils.device.camera - [camera.py:39] - DEBUG - Average HSV: H=121.8, S=120.9, V=75.5
2026-06-21 16:02:20,361 - mazeUtils.moveTile - [moveTile.py:79] - DEBUG - roll: 1.5699999999999932 deg, practicalMoveTime: 0.28459709464028754 sec
2026-06-21 16:02:20,362 - mazeUtils.moveTile - [moveTile.py:1430] - DEBUG - moveTile loop time: 37.4 ms
2026-06-21 16:02:20,369 - picamera2.picamera2 - [picamera2.py:1391] - DEBUG - Execute job: <picamera2.job.Job object at 0x7f807fe990>
2026-06-21 16:02:20,372 - mazeUtils.device.camera - [camera.py:39] - DEBUG - Average HSV: H=121.1, S=95.4, V=82.7
2026-06-21 16:02:20,399 - mazeUtils.moveTile - [moveTile.py:79] - DEBUG - roll: 2.6299999999999955 deg, practicalMoveTime: 0.32222874230047377 sec
2026-06-21 16:02:20,400 - mazeUtils.moveTile - [moveTile.py:1430] - DEBUG - moveTile loop time: 37.9 ms
2026-06-21 16:02:20,406 - picamera2.picamera2 - [picamera2.py:1391] - DEBUG - Execute job: <picamera2.job.Job object at 0x7f8084add0>
2026-06-21 16:02:20,409 - mazeUtils.device.camera - [camera.py:39] - DEBUG - Average HSV: H=120.9, S=89.5, V=76.2
2026-06-21 16:02:20,440 - mazeUtils.moveTile - [moveTile.py:79] - DEBUG - roll: 0.6899999999999977 deg, practicalMoveTime: 0.362102311755729 sec
2026-06-21 16:02:20,440 - mazeUtils.moveTile - [moveTile.py:1430] - DEBUG - moveTile loop time: 40.3 ms
2026-06-21 16:02:20,446 - picamera2.picamera2 - [picamera2.py:1391] - DEBUG - Execute job: <picamera2.job.Job object at 0x7f520bc1d0>
2026-06-21 16:02:20,449 - mazeUtils.device.camera - [camera.py:39] - DEBUG - Average HSV: H=121.4, S=94.5, V=68.4
2026-06-21 16:02:20,479 - mazeUtils.moveTile - [moveTile.py:79] - DEBUG - roll: 0.9800000000000182 deg, practicalMoveTime: 0.401190564587611 sec
2026-06-21 16:02:20,480 - mazeUtils.moveTile - [moveTile.py:1430] - DEBUG - moveTile loop time: 39.3 ms
2026-06-21 16:02:20,484 - picamera2.picamera2 - [picamera2.py:1391] - DEBUG - Execute job: <picamera2.job.Job object at 0x7f7140fb90>
2026-06-21 16:02:20,487 - mazeUtils.device.camera - [camera.py:39] - DEBUG - Average HSV: H=120.1, S=101.3, V=60.7
2026-06-21 16:02:20,517 - mazeUtils.moveTile - [moveTile.py:79] - DEBUG - roll: 1.8100000000000023 deg, practicalMoveTime: 0.43861647361507405 sec
2026-06-21 16:02:20,518 - mazeUtils.moveTile - [moveTile.py:1430] - DEBUG - moveTile loop time: 37.6 ms
2026-06-21 16:02:20,527 - picamera2.picamera2 - [picamera2.py:1391] - DEBUG - Execute job: <picamera2.job.Job object at 0x7f72493fd0>
2026-06-21 16:02:20,531 - mazeUtils.device.camera - [camera.py:39] - DEBUG - Average HSV: H=119.7, S=102.3, V=68.6
2026-06-21 16:02:20,560 - mazeUtils.moveTile - [moveTile.py:79] - DEBUG - roll: 1.1200000000000045 deg, practicalMoveTime: 0.48108930321919074 sec
2026-06-21 16:02:20,561 - mazeUtils.moveTile - [moveTile.py:1430] - DEBUG - moveTile loop time: 42.8 ms
2026-06-21 16:02:20,568 - picamera2.picamera2 - [picamera2.py:1391] - DEBUG - Execute job: <picamera2.job.Job object at 0x7f7140fb10>
2026-06-21 16:02:20,572 - mazeUtils.device.camera - [camera.py:39] - DEBUG - Average HSV: H=122.0, S=96.5, V=74.2
2026-06-21 16:02:20,602 - mazeUtils.moveTile - [moveTile.py:79] - DEBUG - roll: 1.0 deg, practicalMoveTime: 0.5221527941154026 sec
2026-06-21 16:02:20,602 - mazeUtils.moveTile - [moveTile.py:1430] - DEBUG - moveTile loop time: 41.3 ms
2026-06-21 16:02:20,608 - picamera2.picamera2 - [picamera2.py:1391] - DEBUG - Execute job: <picamera2.job.Job object at 0x7f72493fd0>
2026-06-21 16:02:20,612 - mazeUtils.device.camera - [camera.py:39] - DEBUG - Average HSV: H=127.5, S=91.6, V=110.4
2026-06-21 16:02:20,652 - mazeUtils.moveTile - [moveTile.py:79] - DEBUG - roll: 1.490000000000009 deg, practicalMoveTime: 0.5710034967022131 sec
2026-06-21 16:02:20,652 - mazeUtils.moveTile - [moveTile.py:1430] - DEBUG - moveTile loop time: 49.3 ms
2026-06-21 16:02:20,657 - picamera2.picamera2 - [picamera2.py:1391] - DEBUG - Execute job: <picamera2.job.Job object at 0x7f520bc090>
2026-06-21 16:02:20,660 - mazeUtils.device.camera - [camera.py:39] - DEBUG - Average HSV: H=128.7, S=90.6, V=115.3
2026-06-21 16:02:20,688 - mazeUtils.moveTile - [moveTile.py:79] - DEBUG - roll: 0.040000000000020464 deg, practicalMoveTime: 0.607061675399793 sec
2026-06-21 16:02:20,689 - mazeUtils.moveTile - [moveTile.py:1430] - DEBUG - moveTile loop time: 36.4 ms
2026-06-21 16:02:20,695 - picamera2.picamera2 - [picamera2.py:1391] - DEBUG - Execute job: <picamera2.job.Job object at 0x7f807fe990>
2026-06-21 16:02:20,698 - mazeUtils.device.camera - [camera.py:39] - DEBUG - Average HSV: H=129.9, S=87.3, V=113.7
2026-06-21 16:02:20,732 - mazeUtils.moveTile - [moveTile.py:79] - DEBUG - roll: 0.7400000000000091 deg, practicalMoveTime: 0.6499772547448573 sec
2026-06-21 16:02:20,732 - mazeUtils.moveTile - [moveTile.py:1430] - DEBUG - moveTile loop time: 43.1 ms
2026-06-21 16:02:20,737 - picamera2.picamera2 - [picamera2.py:1391] - DEBUG - Execute job: <picamera2.job.Job object at 0x7f7140fb10>
2026-06-21 16:02:20,741 - mazeUtils.device.camera - [camera.py:39] - DEBUG - Average HSV: H=127.6, S=96.7, V=116.1
2026-06-21 16:02:20,772 - mazeUtils.moveTile - [moveTile.py:840] - DEBUG - Detected victim info during movement: {<Side.LEFT: 0>: <UnitVStatus.S_VICTIM: 2>, <Side.RIGHT: 1>: <UnitVStatus.NOTHING: 0>}
2026-06-21 16:02:20,772 - mazeUtils.moveTile - [moveTile.py:79] - DEBUG - roll: 2.480000000000018 deg, practicalMoveTime: 0.6899156943812141 sec
2026-06-21 16:02:20,773 - mazeUtils.moveTile - [moveTile.py:1430] - DEBUG - moveTile loop time: 40.1 ms
2026-06-21 16:02:20,786 - picamera2.picamera2 - [picamera2.py:1391] - DEBUG - Execute job: <picamera2.job.Job object at 0x7f807fe990>
2026-06-21 16:02:20,789 - mazeUtils.device.camera - [camera.py:39] - DEBUG - Average HSV: H=128.7, S=93.8, V=105.8
2026-06-21 16:02:20,823 - mazeUtils.moveTile - [moveTile.py:79] - DEBUG - roll: 359.94 deg, practicalMoveTime: 0.7398169140443324 sec
2026-06-21 16:02:20,823 - mazeUtils.moveTile - [moveTile.py:1430] - DEBUG - moveTile loop time: 50.2 ms
2026-06-21 16:02:20,830 - picamera2.picamera2 - [picamera2.py:1391] - DEBUG - Execute job: <picamera2.job.Job object at 0x7f520bc1d0>
2026-06-21 16:02:20,833 - mazeUtils.device.camera - [camera.py:39] - DEBUG - Average HSV: H=127.1, S=95.3, V=114.7
2026-06-21 16:02:20,865 - mazeUtils.moveTile - [moveTile.py:79] - DEBUG - roll: 1.420000000000016 deg, practicalMoveTime: 0.7815223469422741 sec
2026-06-21 16:02:20,865 - mazeUtils.moveTile - [moveTile.py:1430] - DEBUG - moveTile loop time: 42.0 ms
2026-06-21 16:02:20,873 - picamera2.picamera2 - [picamera2.py:1391] - DEBUG - Execute job: <picamera2.job.Job object at 0x7f520bc090>
2026-06-21 16:02:20,876 - mazeUtils.device.camera - [camera.py:39] - DEBUG - Average HSV: H=126.8, S=100.8, V=113.0
2026-06-21 16:02:20,904 - mazeUtils.moveTile - [moveTile.py:79] - DEBUG - roll: 2.2900000000000205 deg, practicalMoveTime: 0.8201253167558497 sec
2026-06-21 16:02:20,904 - mazeUtils.moveTile - [moveTile.py:1430] - DEBUG - moveTile loop time: 38.6 ms
2026-06-21 16:02:20,908 - picamera2.picamera2 - [picamera2.py:1391] - DEBUG - Execute job: <picamera2.job.Job object at 0x7f7140fb90>
2026-06-21 16:02:20,911 - mazeUtils.device.camera - [camera.py:39] - DEBUG - Average HSV: H=127.5, S=97.7, V=105.7
2026-06-21 16:02:20,953 - mazeUtils.moveTile - [moveTile.py:1375] - INFO - practicalVerticalMove: 0.6672463461523798 CM
2026-06-21 16:02:20,996 - mazeUtils.moveTile - [moveTile.py:1645] - INFO - Set moved vertical distance: 0.6672463461523798 cm, past distances: [(1.2650501952172426, False), (0, False), (0, False)]
2026-06-21 16:02:21,057 - mazeUtils.moveTile - [moveTile.py:529] - DEBUG - Direction: absDirection.NORTH, Angle: 0, Distance: 42.37747249683342 cm
2026-06-21 16:02:21,058 - mazeUtils.moveTile - [moveTile.py:553] - DEBUG - Front LiDAR distance: 42.37747249683342 cm, TSD10 distance: 1.3 cm
2026-06-21 16:02:21,059 - mazeUtils.moveTile - [moveTile.py:529] - DEBUG - Direction: absDirection.EAST, Angle: 270, Distance: 16.911086849653426 cm
2026-06-21 16:02:21,060 - mazeUtils.moveTile - [moveTile.py:529] - DEBUG - Direction: absDirection.SOUTH, Angle: 180, Distance: 130.51971088524192 cm
2026-06-21 16:02:21,061 - mazeUtils.moveTile - [moveTile.py:529] - DEBUG - Direction: absDirection.WEST, Angle: 90, Distance: 16.54313093281006 cm
2026-06-21 16:02:21,061 - mazeUtils.moveTile - [moveTile.py:1733] - INFO - Decided victim on Side.LEFT side: UnitVStatus.S_VICTIM
2026-06-21 16:02:31,200 - mazeUtils.moveTile - [moveTile.py:79] - DEBUG - Turning to 0.010000000000005116 deg, current heading: 0.0 deg, turnAngle: -0.010000000000005116 deg
2026-06-21 16:02:31,220 - mazeUtils.moveTile - [moveTile.py:79] - DEBUG - Turned to heading: 0.0 deg
2026-06-21 16:02:32,030 - mazeUtils.moveTile - [moveTile.py:79] - DEBUG - Turning to 0.010000000000005116 deg, current heading: 0.01999999999999602 deg, turnAngle: 0.009999999999990905 deg
2026-06-21 16:02:32,050 - mazeUtils.moveTile - [moveTile.py:79] - DEBUG - Turned to heading: 0.01999999999999602 deg
2026-06-21 16:02:32,053 - mazeUtils.moveTile - [moveTile.py:1774] - INFO - Tile color detection counts: {<tileType.RED: 'R'>: 4, <tileType.EMPTY: 'E'>: 0}, decided tile type: E
2026-06-21 16:02:32,129 - __main__ - [main.py:92] - INFO - Current position: (20, 18, 0), front direction: absDirection.NORTH
Layer 0 (altitude=0.0cm, offset=(0.0cm, 0.0cm)):
Known map area: x=20..20, y=18..20
+   +
| @ |
+   +
| R  
+   +
| S |
+---+
mazeAsGraph[0][18][20] = {absDirection.NORTH: (20, 17, 0, 30), absDirection.EAST: None, absDirection.SOUTH: (20, 19, 0, 30), absDirection.WEST: None}
mazeAsGraph[0][19][20] = {absDirection.NORTH: (20, 18, 0, 30), absDirection.EAST: (21, 19, 0, 30), absDirection.SOUTH: (20, 20, 0, 30), absDirection.WEST: None}
mazeAsGraph[0][20][20] = {absDirection.NORTH: (20, 19, 0, 30), absDirection.EAST: None, absDirection.SOUTH: None, absDirection.WEST: None}
2026-06-21 16:02:32,135 - mazeUtils.mazeMap - [mazeMap.py:61] - INFO - next goal: (20, 17, 0)
2026-06-21 16:02:32,144 - mazeUtils.moveTile - [moveTile.py:79] - DEBUG - Moving to absDirection.NORTH from (20, 18, 0) facing absDirection.NORTH
2026-06-21 16:02:32,169 - mazeUtils.moveTile - [moveTile.py:79] - DEBUG - current heading: 0.01999999999999602 target: 0
2026-06-21 16:02:32,188 - mazeUtils.moveTile - [moveTile.py:404] - DEBUG - stopped turning at heading: 0.01999999999999602, diff: 0.01999999999999602
2026-06-21 16:02:32,240 - mazeUtils.moveTile - [moveTile.py:79] - DEBUG - Turned to heading: 0.030000000000001137 deg
2026-06-21 16:02:32,389 - __main__ - [main.py:92] - INFO - Current position: (20, 18, 0), front direction: absDirection.NORTH
Layer 0 (altitude=0.0cm, offset=(0.0cm, 0.0cm)):
Known map area: x=20..20, y=18..20
+   +
| @ |
+   +
| R  
+   +
| S |
+---+
mazeAsGraph[0][18][20] = {absDirection.NORTH: (20, 17, 0, 30), absDirection.EAST: None, absDirection.SOUTH: (20, 19, 0, 30), absDirection.WEST: None}
mazeAsGraph[0][19][20] = {absDirection.NORTH: (20, 18, 0, 30), absDirection.EAST: (21, 19, 0, 30), absDirection.SOUTH: (20, 20, 0, 30), absDirection.WEST: None}
mazeAsGraph[0][20][20] = {absDirection.NORTH: (20, 19, 0, 30), absDirection.EAST: None, absDirection.SOUTH: None, absDirection.WEST: None}
2026-06-21 16:02:32,395 - mazeUtils.mazeMap - [mazeMap.py:61] - INFO - next goal: (20, 17, 0)
2026-06-21 16:02:32,402 - mazeUtils.moveTile - [moveTile.py:79] - DEBUG - Moving to absDirection.NORTH from (20, 18, 0) facing absDirection.NORTH
2026-06-21 16:02:32,428 - mazeUtils.moveTile - [moveTile.py:79] - DEBUG - current heading: 359.14 target: 0
2026-06-21 16:02:32,448 - mazeUtils.moveTile - [moveTile.py:404] - DEBUG - stopped turning at heading: 359.14, diff: 0.8600000000000136
2026-06-21 16:02:32,493 - mazeUtils.moveTile - [moveTile.py:79] - DEBUG - Turned to heading: 359.17 deg
2026-06-21 16:02:32,588 - __main__ - [main.py:92] - INFO - Current position: (20, 18, 0), front direction: absDirection.NORTH
Layer 0 (altitude=0.0cm, offset=(0.0cm, 0.0cm)):
Known map area: x=20..20, y=18..20
+   +
| @ |
+   +
| R  
+   +
| S |
+---+
mazeAsGraph[0][18][20] = {absDirection.NORTH: (20, 17, 0, 30), absDirection.EAST: None, absDirection.SOUTH: (20, 19, 0, 30), absDirection.WEST: None}
mazeAsGraph[0][19][20] = {absDirection.NORTH: (20, 18, 0, 30), absDirection.EAST: (21, 19, 0, 30), absDirection.SOUTH: (20, 20, 0, 30), absDirection.WEST: None}
mazeAsGraph[0][20][20] = {absDirection.NORTH: (20, 19, 0, 30), absDirection.EAST: None, absDirection.SOUTH: None, absDirection.WEST: None}
2026-06-21 16:02:32,594 - mazeUtils.mazeMap - [mazeMap.py:61] - INFO - next goal: (20, 17, 0)
2026-06-21 16:02:32,605 - mazeUtils.moveTile - [moveTile.py:79] - DEBUG - Moving to absDirection.NORTH from (20, 18, 0) facing absDirection.NORTH
2026-06-21 16:02:32,634 - mazeUtils.moveTile - [moveTile.py:79] - DEBUG - current heading: 0.030000000000001137 target: 0
2026-06-21 16:02:32,653 - mazeUtils.moveTile - [moveTile.py:404] - DEBUG - stopped turning at heading: 0.030000000000001137, diff: 0.030000000000001137
2026-06-21 16:02:32,697 - mazeUtils.moveTile - [moveTile.py:79] - DEBUG - Turned to heading: 359.92 deg
2026-06-21 16:02:32,785 - __main__ - [main.py:92] - INFO - Current position: (20, 18, 0), front direction: absDirection.NORTH
Layer 0 (altitude=0.0cm, offset=(0.0cm, 0.0cm)):
Known map area: x=20..20, y=18..20
+   +
| @ |
+   +
| R  
+   +
| S |
+---+
mazeAsGraph[0][18][20] = {absDirection.NORTH: (20, 17, 0, 30), absDirection.EAST: None, absDirection.SOUTH: (20, 19, 0, 30), absDirection.WEST: None}
mazeAsGraph[0][19][20] = {absDirection.NORTH: (20, 18, 0, 30), absDirection.EAST: (21, 19, 0, 30), absDirection.SOUTH: (20, 20, 0, 30), absDirection.WEST: None}
mazeAsGraph[0][20][20] = {absDirection.NORTH: (20, 19, 0, 30), absDirection.EAST: None, absDirection.SOUTH: None, absDirection.WEST: None}
2026-06-21 16:02:32,793 - mazeUtils.mazeMap - [mazeMap.py:61] - INFO - next goal: (20, 17, 0)
2026-06-21 16:02:32,803 - mazeUtils.moveTile - [moveTile.py:79] - DEBUG - Moving to absDirection.NORTH from (20, 18, 0) facing absDirection.NORTH
2026-06-21 16:02:32,834 - mazeUtils.moveTile - [moveTile.py:79] - DEBUG - current heading: 359.33 target: 0
2026-06-21 16:02:32,855 - mazeUtils.moveTile - [moveTile.py:404] - DEBUG - stopped turning at heading: 359.33, diff: 0.6700000000000159
2026-06-21 16:02:32,902 - mazeUtils.moveTile - [moveTile.py:79] - DEBUG - Turned to heading: 359.26 deg
2026-06-21 16:02:32,988 - __main__ - [main.py:92] - INFO - Current position: (20, 18, 0), front direction: absDirection.NORTH
Layer 0 (altitude=0.0cm, offset=(0.0cm, 0.0cm)):
Known map area: x=20..20, y=18..20
+   +
| @ |
+   +
| R  
+   +
| S |
+---+
mazeAsGraph[0][18][20] = {absDirection.NORTH: (20, 17, 0, 30), absDirection.EAST: None, absDirection.SOUTH: (20, 19, 0, 30), absDirection.WEST: None}
mazeAsGraph[0][19][20] = {absDirection.NORTH: (20, 18, 0, 30), absDirection.EAST: (21, 19, 0, 30), absDirection.SOUTH: (20, 20, 0, 30), absDirection.WEST: None}
mazeAsGraph[0][20][20] = {absDirection.NORTH: (20, 19, 0, 30), absDirection.EAST: None, absDirection.SOUTH: None, absDirection.WEST: None}
2026-06-21 16:02:32,996 - mazeUtils.mazeMap - [mazeMap.py:61] - INFO - next goal: (20, 17, 0)
2026-06-21 16:02:33,003 - mazeUtils.moveTile - [moveTile.py:79] - DEBUG - Moving to absDirection.NORTH from (20, 18, 0) facing absDirection.NORTH
2026-06-21 16:02:33,029 - mazeUtils.moveTile - [moveTile.py:79] - DEBUG - current heading: 0.3100000000000023 target: 0
2026-06-21 16:02:33,049 - mazeUtils.moveTile - [moveTile.py:404] - DEBUG - stopped turning at heading: 0.3100000000000023, diff: 0.3100000000000023
2026-06-21 16:02:33,094 - mazeUtils.moveTile - [moveTile.py:79] - DEBUG - Turned to heading: 0.3199999999999932 deg
2026-06-21 16:02:33,180 - __main__ - [main.py:92] - INFO - Current position: (20, 18, 0), front direction: absDirection.NORTH
Layer 0 (altitude=0.0cm, offset=(0.0cm, 0.0cm)):
Known map area: x=20..20, y=18..20
+   +
| @ |
+   +
| R  
+   +
| S |
+---+
mazeAsGraph[0][18][20] = {absDirection.NORTH: (20, 17, 0, 30), absDirection.EAST: None, absDirection.SOUTH: (20, 19, 0, 30), absDirection.WEST: None}
mazeAsGraph[0][19][20] = {absDirection.NORTH: (20, 18, 0, 30), absDirection.EAST: (21, 19, 0, 30), absDirection.SOUTH: (20, 20, 0, 30), absDirection.WEST: None}
mazeAsGraph[0][20][20] = {absDirection.NORTH: (20, 19, 0, 30), absDirection.EAST: None, absDirection.SOUTH: None, absDirection.WEST: None}
2026-06-21 16:02:33,188 - mazeUtils.mazeMap - [mazeMap.py:61] - INFO - next goal: (20, 17, 0)
2026-06-21 16:02:33,195 - mazeUtils.moveTile - [moveTile.py:79] - DEBUG - Moving to absDirection.NORTH from (20, 18, 0) facing absDirection.NORTH
2026-06-21 16:02:33,224 - mazeUtils.moveTile - [moveTile.py:79] - DEBUG - current heading: 359.42 target: 0
2026-06-21 16:02:33,243 - mazeUtils.moveTile - [moveTile.py:404] - DEBUG - stopped turning at heading: 359.42, diff: 0.5799999999999841
2026-06-21 16:02:33,294 - mazeUtils.moveTile - [moveTile.py:79] - DEBUG - Turned to heading: 359.35 deg
2026-06-21 16:02:33,364 - __main__ - [main.py:92] - INFO - Current position: (20, 18, 0), front direction: absDirection.NORTH
Layer 0 (altitude=0.0cm, offset=(0.0cm, 0.0cm)):
Known map area: x=20..20, y=18..20
+   +
| @ |
+   +
| R  
+   +
| S |
+---+
mazeAsGraph[0][18][20] = {absDirection.NORTH: (20, 17, 0, 30), absDirection.EAST: None, absDirection.SOUTH: (20, 19, 0, 30), absDirection.WEST: None}
mazeAsGraph[0][19][20] = {absDirection.NORTH: (20, 18, 0, 30), absDirection.EAST: (21, 19, 0, 30), absDirection.SOUTH: (20, 20, 0, 30), absDirection.WEST: None}
mazeAsGraph[0][20][20] = {absDirection.NORTH: (20, 19, 0, 30), absDirection.EAST: None, absDirection.SOUTH: None, absDirection.WEST: None}
2026-06-21 16:02:33,373 - mazeUtils.mazeMap - [mazeMap.py:61] - INFO - next goal: (20, 17, 0)
2026-06-21 16:02:33,387 - mazeUtils.moveTile - [moveTile.py:79] - DEBUG - Moving to absDirection.NORTH from (20, 18, 0) facing absDirection.NORTH
2026-06-21 16:02:33,424 - mazeUtils.moveTile - [moveTile.py:79] - DEBUG - current heading: 0.23999999999999488 target: 0
2026-06-21 16:02:33,445 - mazeUtils.moveTile - [moveTile.py:404] - DEBUG - stopped turning at heading: 0.23999999999999488, diff: 0.23999999999999488
2026-06-21 16:02:33,491 - mazeUtils.moveTile - [moveTile.py:79] - DEBUG - Turned to heading: 0.29000000000000625 deg
2026-06-21 16:02:33,554 - __main__ - [main.py:92] - INFO - Current position: (20, 18, 0), front direction: absDirection.NORTH
Layer 0 (altitude=0.0cm, offset=(0.0cm, 0.0cm)):
Known map area: x=20..20, y=18..20
+   +
| @ |
+   +
| R  
+   +
| S |
+---+
mazeAsGraph[0][18][20] = {absDirection.NORTH: (20, 17, 0, 30), absDirection.EAST: None, absDirection.SOUTH: (20, 19, 0, 30), absDirection.WEST: None}
mazeAsGraph[0][19][20] = {absDirection.NORTH: (20, 18, 0, 30), absDirection.EAST: (21, 19, 0, 30), absDirection.SOUTH: (20, 20, 0, 30), absDirection.WEST: None}
mazeAsGraph[0][20][20] = {absDirection.NORTH: (20, 19, 0, 30), absDirection.EAST: None, absDirection.SOUTH: None, absDirection.WEST: None}
2026-06-21 16:02:33,560 - mazeUtils.mazeMap - [mazeMap.py:61] - INFO - next goal: (20, 17, 0)
2026-06-21 16:02:33,567 - mazeUtils.moveTile - [moveTile.py:79] - DEBUG - Moving to absDirection.NORTH from (20, 18, 0) facing absDirection.NORTH
2026-06-21 16:02:33,591 - mazeUtils.moveTile - [moveTile.py:79] - DEBUG - current heading: 359.27 target: 0
2026-06-21 16:02:33,609 - mazeUtils.moveTile - [moveTile.py:404] - DEBUG - stopped turning at heading: 359.27, diff: 0.7300000000000182
2026-06-21 16:02:33,655 - mazeUtils.moveTile - [moveTile.py:79] - DEBUG - Turned to heading: 359.29 deg
2026-06-21 16:02:33,761 - __main__ - [main.py:92] - INFO - Current position: (20, 18, 0), front direction: absDirection.NORTH
Layer 0 (altitude=0.0cm, offset=(0.0cm, 0.0cm)):
Known map area: x=20..20, y=18..20
+   +
| @ |
+   +
| R  
+   +
| S |
+---+
mazeAsGraph[0][18][20] = {absDirection.NORTH: (20, 17, 0, 30), absDirection.EAST: None, absDirection.SOUTH: (20, 19, 0, 30), absDirection.WEST: None}
mazeAsGraph[0][19][20] = {absDirection.NORTH: (20, 18, 0, 30), absDirection.EAST: (21, 19, 0, 30), absDirection.SOUTH: (20, 20, 0, 30), absDirection.WEST: None}
mazeAsGraph[0][20][20] = {absDirection.NORTH: (20, 19, 0, 30), absDirection.EAST: None, absDirection.SOUTH: None, absDirection.WEST: None}
2026-06-21 16:02:33,767 - mazeUtils.mazeMap - [mazeMap.py:61] - INFO - next goal: (20, 17, 0)
2026-06-21 16:02:33,778 - mazeUtils.moveTile - [moveTile.py:79] - DEBUG - Moving to absDirection.NORTH from (20, 18, 0) facing absDirection.NORTH
2026-06-21 16:02:33,806 - mazeUtils.moveTile - [moveTile.py:79] - DEBUG - current heading: 359.88 target: 0
2026-06-21 16:02:33,826 - mazeUtils.moveTile - [moveTile.py:404] - DEBUG - stopped turning at heading: 359.88, diff: 0.12000000000000455
2026-06-21 16:02:33,869 - mazeUtils.moveTile - [moveTile.py:79] - DEBUG - Turned to heading: 0.0 deg
2026-06-21 16:02:33,955 - __main__ - [main.py:92] - INFO - Current position: (20, 18, 0), front direction: absDirection.NORTH
Layer 0 (altitude=0.0cm, offset=(0.0cm, 0.0cm)):
Known map area: x=20..20, y=18..20
+   +
| @ |
+   +
| R  
+   +
| S |
+---+
mazeAsGraph[0][18][20] = {absDirection.NORTH: (20, 17, 0, 30), absDirection.EAST: None, absDirection.SOUTH: (20, 19, 0, 30), absDirection.WEST: None}
mazeAsGraph[0][19][20] = {absDirection.NORTH: (20, 18, 0, 30), absDirection.EAST: (21, 19, 0, 30), absDirection.SOUTH: (20, 20, 0, 30), absDirection.WEST: None}
mazeAsGraph[0][20][20] = {absDirection.NORTH: (20, 19, 0, 30), absDirection.EAST: None, absDirection.SOUTH: None, absDirection.WEST: None}
2026-06-21 16:02:33,962 - mazeUtils.mazeMap - [mazeMap.py:61] - INFO - next goal: (20, 17, 0)
2026-06-21 16:02:33,969 - mazeUtils.moveTile - [moveTile.py:79] - DEBUG - Moving to absDirection.NORTH from (20, 18, 0) facing absDirection.NORTH
2026-06-21 16:02:33,994 - mazeUtils.moveTile - [moveTile.py:79] - DEBUG - current heading: 0.5400000000000063 target: 0
2026-06-21 16:02:34,013 - mazeUtils.moveTile - [moveTile.py:404] - DEBUG - stopped turning at heading: 0.5400000000000063, diff: 0.5400000000000063
2026-06-21 16:02:34,061 - mazeUtils.moveTile - [moveTile.py:79] - DEBUG - Turned to heading: 0.519999999999996 deg
2026-06-21 16:02:34,144 - __main__ - [main.py:92] - INFO - Current position: (20, 18, 0), front direction: absDirection.NORTH
Layer 0 (altitude=0.0cm, offset=(0.0cm, 0.0cm)):
Known map area: x=20..20, y=18..20
+   +
| @ |
+   +
| R  
+   +
| S |
+---+
mazeAsGraph[0][18][20] = {absDirection.NORTH: (20, 17, 0, 30), absDirection.EAST: None, absDirection.SOUTH: (20, 19, 0, 30), absDirection.WEST: None}
mazeAsGraph[0][19][20] = {absDirection.NORTH: (20, 18, 0, 30), absDirection.EAST: (21, 19, 0, 30), absDirection.SOUTH: (20, 20, 0, 30), absDirection.WEST: None}
mazeAsGraph[0][20][20] = {absDirection.NORTH: (20, 19, 0, 30), absDirection.EAST: None, absDirection.SOUTH: None, absDirection.WEST: None}
2026-06-21 16:02:34,151 - mazeUtils.mazeMap - [mazeMap.py:61] - INFO - next goal: (20, 17, 0)
2026-06-21 16:02:34,157 - mazeUtils.moveTile - [moveTile.py:79] - DEBUG - Moving to absDirection.NORTH from (20, 18, 0) facing absDirection.NORTH
2026-06-21 16:02:34,183 - mazeUtils.moveTile - [moveTile.py:79] - DEBUG - current heading: 359.75 target: 0
2026-06-21 16:02:34,204 - mazeUtils.moveTile - [moveTile.py:404] - DEBUG - stopped turning at heading: 359.75, diff: 0.25
2026-06-21 16:02:34,251 - mazeUtils.moveTile - [moveTile.py:79] - DEBUG - Turned to heading: 359.75 deg
2026-06-21 16:02:34,355 - __main__ - [main.py:92] - INFO - Current position: (20, 18, 0), front direction: absDirection.NORTH
Layer 0 (altitude=0.0cm, offset=(0.0cm, 0.0cm)):
Known map area: x=20..20, y=18..20
+   +
| @ |
+   +
| R  
+   +
| S |
+---+
mazeAsGraph[0][18][20] = {absDirection.NORTH: (20, 17, 0, 30), absDirection.EAST: None, absDirection.SOUTH: (20, 19, 0, 30), absDirection.WEST: None}
mazeAsGraph[0][19][20] = {absDirection.NORTH: (20, 18, 0, 30), absDirection.EAST: (21, 19, 0, 30), absDirection.SOUTH: (20, 20, 0, 30), absDirection.WEST: None}
mazeAsGraph[0][20][20] = {absDirection.NORTH: (20, 19, 0, 30), absDirection.EAST: None, absDirection.SOUTH: None, absDirection.WEST: None}
2026-06-21 16:02:34,364 - mazeUtils.mazeMap - [mazeMap.py:61] - INFO - next goal: (20, 17, 0)
2026-06-21 16:02:34,370 - mazeUtils.moveTile - [moveTile.py:79] - DEBUG - Moving to absDirection.NORTH from (20, 18, 0) facing absDirection.NORTH
2026-06-21 16:02:34,395 - mazeUtils.moveTile - [moveTile.py:79] - DEBUG - current heading: 0.6700000000000017 target: 0
2026-06-21 16:02:34,419 - mazeUtils.moveTile - [moveTile.py:404] - DEBUG - stopped turning at heading: 0.6700000000000017, diff: 0.6700000000000017
2026-06-21 16:02:34,466 - mazeUtils.moveTile - [moveTile.py:79] - DEBUG - Turned to heading: 0.7600000000000051 deg
2026-06-21 16:02:34,553 - __main__ - [main.py:92] - INFO - Current position: (20, 18, 0), front direction: absDirection.NORTH
Layer 0 (altitude=0.0cm, offset=(0.0cm, 0.0cm)):
Known map area: x=20..20, y=18..20
+   +
| @ |
+   +
| R  
+   +
| S |
+---+
mazeAsGraph[0][18][20] = {absDirection.NORTH: (20, 17, 0, 30), absDirection.EAST: None, absDirection.SOUTH: (20, 19, 0, 30), absDirection.WEST: None}
mazeAsGraph[0][19][20] = {absDirection.NORTH: (20, 18, 0, 30), absDirection.EAST: (21, 19, 0, 30), absDirection.SOUTH: (20, 20, 0, 30), absDirection.WEST: None}
mazeAsGraph[0][20][20] = {absDirection.NORTH: (20, 19, 0, 30), absDirection.EAST: None, absDirection.SOUTH: None, absDirection.WEST: None}
2026-06-21 16:02:34,559 - mazeUtils.mazeMap - [mazeMap.py:61] - INFO - next goal: (20, 17, 0)
2026-06-21 16:02:34,567 - mazeUtils.moveTile - [moveTile.py:79] - DEBUG - Moving to absDirection.NORTH from (20, 18, 0) facing absDirection.NORTH
2026-06-21 16:02:34,591 - mazeUtils.moveTile - [moveTile.py:79] - DEBUG - current heading: 359.76 target: 0
2026-06-21 16:02:34,611 - mazeUtils.moveTile - [moveTile.py:404] - DEBUG - stopped turning at heading: 359.76, diff: 0.2400000000000091
2026-06-21 16:02:34,654 - mazeUtils.moveTile - [moveTile.py:79] - DEBUG - Turned to heading: 359.98 deg
2026-06-21 16:02:34,752 - __main__ - [main.py:92] - INFO - Current position: (20, 18, 0), front direction: absDirection.NORTH
Layer 0 (altitude=0.0cm, offset=(0.0cm, 0.0cm)):
Known map area: x=20..20, y=18..20
+   +
| @ |
+   +
| R  
+   +
| S |
+---+
mazeAsGraph[0][18][20] = {absDirection.NORTH: (20, 17, 0, 30), absDirection.EAST: None, absDirection.SOUTH: (20, 19, 0, 30), absDirection.WEST: None}
mazeAsGraph[0][19][20] = {absDirection.NORTH: (20, 18, 0, 30), absDirection.EAST: (21, 19, 0, 30), absDirection.SOUTH: (20, 20, 0, 30), absDirection.WEST: None}
mazeAsGraph[0][20][20] = {absDirection.NORTH: (20, 19, 0, 30), absDirection.EAST: None, absDirection.SOUTH: None, absDirection.WEST: None}
2026-06-21 16:02:34,760 - mazeUtils.mazeMap - [mazeMap.py:61] - INFO - next goal: (20, 17, 0)
2026-06-21 16:02:34,766 - mazeUtils.moveTile - [moveTile.py:79] - DEBUG - Moving to absDirection.NORTH from (20, 18, 0) facing absDirection.NORTH
2026-06-21 16:02:34,799 - mazeUtils.moveTile - [moveTile.py:79] - DEBUG - current heading: 0.7999999999999972 target: 0
2026-06-21 16:02:34,819 - mazeUtils.moveTile - [moveTile.py:404] - DEBUG - stopped turning at heading: 0.7999999999999972, diff: 0.7999999999999972
2026-06-21 16:02:34,862 - mazeUtils.moveTile - [moveTile.py:79] - DEBUG - Turned to heading: 0.6400000000000006 deg
2026-06-21 16:02:34,949 - __main__ - [main.py:92] - INFO - Current position: (20, 18, 0), front direction: absDirection.NORTH
Layer 0 (altitude=0.0cm, offset=(0.0cm, 0.0cm)):
Known map area: x=20..20, y=18..20
+   +
| @ |
+   +
| R  
+   +
| S |
+---+
mazeAsGraph[0][18][20] = {absDirection.NORTH: (20, 17, 0, 30), absDirection.EAST: None, absDirection.SOUTH: (20, 19, 0, 30), absDirection.WEST: None}
mazeAsGraph[0][19][20] = {absDirection.NORTH: (20, 18, 0, 30), absDirection.EAST: (21, 19, 0, 30), absDirection.SOUTH: (20, 20, 0, 30), absDirection.WEST: None}
mazeAsGraph[0][20][20] = {absDirection.NORTH: (20, 19, 0, 30), absDirection.EAST: None, absDirection.SOUTH: None, absDirection.WEST: None}
2026-06-21 16:02:34,956 - mazeUtils.mazeMap - [mazeMap.py:61] - INFO - next goal: (20, 17, 0)
2026-06-21 16:02:34,963 - mazeUtils.moveTile - [moveTile.py:79] - DEBUG - Moving to absDirection.NORTH from (20, 18, 0) facing absDirection.NORTH
2026-06-21 16:02:34,987 - mazeUtils.moveTile - [moveTile.py:79] - DEBUG - current heading: 359.8 target: 0
2026-06-21 16:02:35,006 - mazeUtils.moveTile - [moveTile.py:404] - DEBUG - stopped turning at heading: 359.8, diff: 0.19999999999998863
2026-06-21 16:02:35,051 - mazeUtils.moveTile - [moveTile.py:79] - DEBUG - Turned to heading: 359.82 deg
2026-06-21 16:02:35,157 - __main__ - [main.py:92] - INFO - Current position: (20, 18, 0), front direction: absDirection.NORTH
Layer 0 (altitude=0.0cm, offset=(0.0cm, 0.0cm)):
Known map area: x=20..20, y=18..20
+   +
| @ |
+   +
| R  
+   +
| S |
+---+
mazeAsGraph[0][18][20] = {absDirection.NORTH: (20, 17, 0, 30), absDirection.EAST: None, absDirection.SOUTH: (20, 19, 0, 30), absDirection.WEST: None}
mazeAsGraph[0][19][20] = {absDirection.NORTH: (20, 18, 0, 30), absDirection.EAST: (21, 19, 0, 30), absDirection.SOUTH: (20, 20, 0, 30), absDirection.WEST: None}
mazeAsGraph[0][20][20] = {absDirection.NORTH: (20, 19, 0, 30), absDirection.EAST: None, absDirection.SOUTH: None, absDirection.WEST: None}
2026-06-21 16:02:35,162 - mazeUtils.mazeMap - [mazeMap.py:61] - INFO - next goal: (20, 17, 0)
2026-06-21 16:02:35,177 - mazeUtils.moveTile - [moveTile.py:79] - DEBUG - Moving to absDirection.NORTH from (20, 18, 0) facing absDirection.NORTH
2026-06-21 16:02:35,205 - mazeUtils.moveTile - [moveTile.py:79] - DEBUG - current heading: 0.5600000000000023 target: 0
2026-06-21 16:02:35,224 - mazeUtils.moveTile - [moveTile.py:404] - DEBUG - stopped turning at heading: 0.5600000000000023, diff: 0.5600000000000023
2026-06-21 16:02:35,268 - mazeUtils.moveTile - [moveTile.py:79] - DEBUG - Turned to heading: 0.5300000000000011 deg
2026-06-21 16:02:35,347 - __main__ - [main.py:92] - INFO - Current position: (20, 18, 0), front direction: absDirection.NORTH
Layer 0 (altitude=0.0cm, offset=(0.0cm, 0.0cm)):
Known map area: x=20..20, y=18..20
+   +
| @ |
+   +
| R  
+   +
| S |
+---+
mazeAsGraph[0][18][20] = {absDirection.NORTH: (20, 17, 0, 30), absDirection.EAST: None, absDirection.SOUTH: (20, 19, 0, 30), absDirection.WEST: None}
mazeAsGraph[0][19][20] = {absDirection.NORTH: (20, 18, 0, 30), absDirection.EAST: (21, 19, 0, 30), absDirection.SOUTH: (20, 20, 0, 30), absDirection.WEST: None}
mazeAsGraph[0][20][20] = {absDirection.NORTH: (20, 19, 0, 30), absDirection.EAST: None, absDirection.SOUTH: None, absDirection.WEST: None}
2026-06-21 16:02:35,353 - mazeUtils.mazeMap - [mazeMap.py:61] - INFO - next goal: (20, 17, 0)
2026-06-21 16:02:35,361 - mazeUtils.moveTile - [moveTile.py:79] - DEBUG - Moving to absDirection.NORTH from (20, 18, 0) facing absDirection.NORTH
2026-06-21 16:02:35,387 - mazeUtils.moveTile - [moveTile.py:79] - DEBUG - current heading: 359.7 target: 0
2026-06-21 16:02:35,406 - mazeUtils.moveTile - [moveTile.py:404] - DEBUG - stopped turning at heading: 359.7, diff: 0.30000000000001137
2026-06-21 16:02:35,453 - mazeUtils.moveTile - [moveTile.py:79] - DEBUG - Turned to heading: 359.76 deg
2026-06-21 16:02:35,553 - __main__ - [main.py:92] - INFO - Current position: (20, 18, 0), front direction: absDirection.NORTH
Layer 0 (altitude=0.0cm, offset=(0.0cm, 0.0cm)):
Known map area: x=20..20, y=18..20
+   +
| @ |
+   +
| R  
+   +
| S |
+---+
mazeAsGraph[0][18][20] = {absDirection.NORTH: (20, 17, 0, 30), absDirection.EAST: None, absDirection.SOUTH: (20, 19, 0, 30), absDirection.WEST: None}
mazeAsGraph[0][19][20] = {absDirection.NORTH: (20, 18, 0, 30), absDirection.EAST: (21, 19, 0, 30), absDirection.SOUTH: (20, 20, 0, 30), absDirection.WEST: None}
mazeAsGraph[0][20][20] = {absDirection.NORTH: (20, 19, 0, 30), absDirection.EAST: None, absDirection.SOUTH: None, absDirection.WEST: None}
2026-06-21 16:02:35,560 - mazeUtils.mazeMap - [mazeMap.py:61] - INFO - next goal: (20, 17, 0)
2026-06-21 16:02:35,565 - mazeUtils.moveTile - [moveTile.py:79] - DEBUG - Moving to absDirection.NORTH from (20, 18, 0) facing absDirection.NORTH
2026-06-21 16:02:35,591 - mazeUtils.moveTile - [moveTile.py:79] - DEBUG - current heading: 0.45000000000000284 target: 0
2026-06-21 16:02:35,610 - mazeUtils.moveTile - [moveTile.py:404] - DEBUG - stopped turning at heading: 0.45000000000000284, diff: 0.45000000000000284
2026-06-21 16:02:35,654 - mazeUtils.moveTile - [moveTile.py:79] - DEBUG - Turned to heading: 0.45000000000000284 deg
2026-06-21 16:02:35,764 - __main__ - [main.py:92] - INFO - Current position: (20, 18, 0), front direction: absDirection.NORTH
Layer 0 (altitude=0.0cm, offset=(0.0cm, 0.0cm)):
Known map area: x=20..20, y=18..20
+   +
| @ |
+   +
| R  
+   +
| S |
+---+
mazeAsGraph[0][18][20] = {absDirection.NORTH: (20, 17, 0, 30), absDirection.EAST: None, absDirection.SOUTH: (20, 19, 0, 30), absDirection.WEST: None}
mazeAsGraph[0][19][20] = {absDirection.NORTH: (20, 18, 0, 30), absDirection.EAST: (21, 19, 0, 30), absDirection.SOUTH: (20, 20, 0, 30), absDirection.WEST: None}
mazeAsGraph[0][20][20] = {absDirection.NORTH: (20, 19, 0, 30), absDirection.EAST: None, absDirection.SOUTH: None, absDirection.WEST: None}
2026-06-21 16:02:35,774 - mazeUtils.mazeMap - [mazeMap.py:61] - INFO - next goal: (20, 17, 0)
2026-06-21 16:02:35,782 - mazeUtils.moveTile - [moveTile.py:79] - DEBUG - Moving to absDirection.NORTH from (20, 18, 0) facing absDirection.NORTH
2026-06-21 16:02:35,811 - mazeUtils.moveTile - [moveTile.py:79] - DEBUG - current heading: 359.65999999999997 target: 0
2026-06-21 16:02:35,830 - mazeUtils.moveTile - [moveTile.py:404] - DEBUG - stopped turning at heading: 359.65999999999997, diff: 0.34000000000003183
2026-06-21 16:02:35,875 - mazeUtils.moveTile - [moveTile.py:79] - DEBUG - Turned to heading: 359.73 deg
2026-06-21 16:02:35,915 - __main__ - [main.py:156] - ERROR - An unexpected error occurred:
Traceback (most recent call last):
  File "/home/tuton/Kanto2026RPi/./src/main.py", line 89, in main
    isBlack, stopped = moveTile.moveNextTile(
                       ^^^^^^^^^^^^^^^^^^^^^^
  File "/home/tuton/Kanto2026RPi/src/mazeUtils/moveTile.py", line 1804, in moveNextTile
    isBlack, stopped = moveTile(direction, mapInstance, stmInstance, lidar)
                       ^^^^^^^^^^^^^^^^^^^^^^^^^^^^^^^^^^^^^^^^^^^^^^^^^^^^
  File "/home/tuton/Kanto2026RPi/src/mazeUtils/moveTile.py", line 1158, in moveTile
    if stmInstance.frontTSD10.get_distance() < 300 and (LiDAR.getCertainAngleDist(direction, pts) - stmInstance.frontTSD10.get_distance() / 10)> mazeConstraints.WALL_DETECTION_RAMP_THRESHOULD_DIFF_CM:
                                                        ^^^^^^^^^^^^^^^^^^^^^^^^^^^^^^^^^^^^^^^^^
  File "/home/tuton/Kanto2026RPi/src/mazeUtils/device/LiDAR.py", line 106, in getCertainAngleDist
    for a in angle:
TypeError: 'absDirection' object is not iterable
2026-06-21 16:02:37,534 - picamera2.picamera2 - [picamera2.py:1391] - DEBUG - Execute job: <picamera2.job.Job object at 0x7f96da6e90>
2026-06-21 16:02:37,550 - picamera2.picamera2 - [picamera2.py:1323] - INFO - Camera stopped
2026-06-21 16:02:37,553 - picamera2.picamera2 - [picamera2.py:1329] - DEBUG - Camera was not started
2026-06-21 16:02:37,752 - picamera2.picamera2 - [picamera2.py:723] - INFO - Camera closed successfully.
2026-06-21 16:02:37,820 - picamera2.picamera2 - [picamera2.py:500] - DEBUG - Resources now free: <picamera2.picamera2.Picamera2 object at 0x7f714a1710>
