2026-05-05 00:06:14,527 - root - [logging_config.py:61] - INFO - Logging initialized. Log file: /home/tuton/Kanto2026RPi/src/config/../logs/robot_20260505_000613.log
2026-05-05 00:06:16,160 - mazeUtils.device.LiDAR - [LiDAR.py:36] - INFO - Available ports: <ydlidar.Str2strMap; proxy of <Swig Object of type 'std::map< std::string,std::string > *' at 0x7f820a42d0> >
2026-05-05 00:06:30,354 - mazeUtils.moveTile - [moveTile.py:514] - DEBUG - Direction: absDirection.NORTH, Angle: 0, Distance: 41.61548491256586 cm
2026-05-05 00:06:30,357 - mazeUtils.moveTile - [moveTile.py:514] - DEBUG - Direction: absDirection.EAST, Angle: 270, Distance: 77.21357395813011 cm
2026-05-05 00:06:30,360 - mazeUtils.moveTile - [moveTile.py:514] - DEBUG - Direction: absDirection.SOUTH, Angle: 180, Distance: 17.41060789401464 cm
2026-05-05 00:06:30,363 - mazeUtils.moveTile - [moveTile.py:514] - DEBUG - Direction: absDirection.WEST, Angle: 90, Distance: 16.67577140399578 cm
2026-05-05 00:06:31,343 - __main__ - [main.py:69] - INFO - Initial Map:
2026-05-05 00:06:31,352 - __main__ - [main.py:70] - INFO - Current position: (20, 20, 0), front direction: absDirection.NORTH
Layer 0 (altitude=0.0cm, offset=(0.0cm, 0.0cm)):
Known map area: x=20..20, y=20..20
+   +
| @  
+---+
2026-05-05 00:06:31,353 - __main__ - [main.py:73] - INFO - Next Direction: [<absDirection.NORTH: 0>]
2026-05-05 00:06:31,354 - __main__ - [main.py:74] - INFO - Exploration started.
2026-05-05 00:06:31,366 - mazeUtils.moveTile - [moveTile.py:80] - DEBUG - Moving to absDirection.NORTH from (20, 20, 0) facing absDirection.NORTH
2026-05-05 00:06:31,395 - mazeUtils.moveTile - [moveTile.py:80] - DEBUG - current heading: 359.84 target: 0
2026-05-05 00:06:31,414 - mazeUtils.moveTile - [moveTile.py:387] - DEBUG - stopped turning at heading: 359.84, diff: 0.160000000000025
2026-05-05 00:06:31,458 - mazeUtils.moveTile - [moveTile.py:80] - DEBUG - Turned to heading: 359.84 deg
2026-05-05 00:06:31,667 - picamera2.picamera2 - [picamera2.py:1391] - DEBUG - Execute job: <picamera2.job.Job object at 0x7f42f22710>
2026-05-05 00:06:31,674 - mazeUtils.device.camera - [camera.py:37] - DEBUG - Average HSV: H=15.7, S=11.4, V=255.0
2026-05-05 00:06:31,711 - mazeUtils.moveTile - [moveTile.py:80] - DEBUG - roll: 359.54 deg, practicalMoveTime: 0.053916147142202046 sec
2026-05-05 00:06:31,712 - mazeUtils.moveTile - [moveTile.py:1091] - DEBUG - moveTile loop time: 52.6 ms
2026-05-05 00:06:31,715 - picamera2.picamera2 - [picamera2.py:1391] - DEBUG - Execute job: <picamera2.job.Job object at 0x7f42ed1c90>
2026-05-05 00:06:31,721 - mazeUtils.device.camera - [camera.py:37] - DEBUG - Average HSV: H=18.9, S=10.2, V=255.0
2026-05-05 00:06:31,750 - mazeUtils.moveTile - [moveTile.py:80] - DEBUG - roll: 0.21000000000003638 deg, practicalMoveTime: 0.08831943092250735 sec
2026-05-05 00:06:31,750 - mazeUtils.moveTile - [moveTile.py:1091] - DEBUG - moveTile loop time: 38.6 ms
2026-05-05 00:06:31,755 - picamera2.picamera2 - [picamera2.py:1391] - DEBUG - Execute job: <picamera2.job.Job object at 0x7f5ca4fd50>
2026-05-05 00:06:31,758 - mazeUtils.device.camera - [camera.py:37] - DEBUG - Average HSV: H=19.8, S=16.3, V=250.7
2026-05-05 00:06:31,793 - mazeUtils.moveTile - [moveTile.py:80] - DEBUG - roll: 359.5 deg, practicalMoveTime: 0.13073462680969714 sec
2026-05-05 00:06:31,793 - mazeUtils.moveTile - [moveTile.py:1091] - DEBUG - moveTile loop time: 42.7 ms
2026-05-05 00:06:31,800 - picamera2.picamera2 - [picamera2.py:1391] - DEBUG - Execute job: <picamera2.job.Job object at 0x7f5ca68990>
2026-05-05 00:06:31,804 - mazeUtils.device.camera - [camera.py:37] - DEBUG - Average HSV: H=13.1, S=32.7, V=239.3
2026-05-05 00:06:31,837 - mazeUtils.moveTile - [moveTile.py:80] - DEBUG - roll: 358.95000000000005 deg, practicalMoveTime: 0.1741769712090184 sec
2026-05-05 00:06:31,837 - mazeUtils.moveTile - [moveTile.py:1091] - DEBUG - moveTile loop time: 43.7 ms
2026-05-05 00:06:31,844 - picamera2.picamera2 - [picamera2.py:1391] - DEBUG - Execute job: <picamera2.job.Job object at 0x7f5ca68990>
2026-05-05 00:06:31,847 - mazeUtils.device.camera - [camera.py:37] - DEBUG - Average HSV: H=27.7, S=32.4, V=237.4
2026-05-05 00:06:31,875 - mazeUtils.moveTile - [moveTile.py:80] - DEBUG - roll: 359.15000000000003 deg, practicalMoveTime: 0.21201603428797466 sec
2026-05-05 00:06:31,876 - mazeUtils.moveTile - [moveTile.py:1091] - DEBUG - moveTile loop time: 38.3 ms
2026-05-05 00:06:31,882 - picamera2.picamera2 - [picamera2.py:1391] - DEBUG - Execute job: <picamera2.job.Job object at 0x7f5ca4fd50>
2026-05-05 00:06:31,885 - mazeUtils.device.camera - [camera.py:37] - DEBUG - Average HSV: H=91.9, S=13.0, V=248.8
2026-05-05 00:06:31,916 - mazeUtils.moveTile - [moveTile.py:80] - DEBUG - roll: 359.5 deg, practicalMoveTime: 0.2524853318292053 sec
2026-05-05 00:06:31,917 - mazeUtils.moveTile - [moveTile.py:1091] - DEBUG - moveTile loop time: 40.8 ms
2026-05-05 00:06:31,922 - picamera2.picamera2 - [picamera2.py:1391] - DEBUG - Execute job: <picamera2.job.Job object at 0x7f5ca6b610>
2026-05-05 00:06:31,925 - mazeUtils.device.camera - [camera.py:37] - DEBUG - Average HSV: H=56.2, S=2.1, V=255.0
2026-05-05 00:06:31,953 - mazeUtils.moveTile - [moveTile.py:80] - DEBUG - roll: 359.3 deg, practicalMoveTime: 0.28849171771728754 sec
2026-05-05 00:06:31,953 - mazeUtils.moveTile - [moveTile.py:1091] - DEBUG - moveTile loop time: 36.3 ms
2026-05-05 00:06:31,959 - picamera2.picamera2 - [picamera2.py:1391] - DEBUG - Execute job: <picamera2.job.Job object at 0x7f42f22190>
2026-05-05 00:06:31,963 - mazeUtils.device.camera - [camera.py:37] - DEBUG - Average HSV: H=25.2, S=0.6, V=255.0
2026-05-05 00:06:31,993 - mazeUtils.moveTile - [moveTile.py:80] - DEBUG - roll: 359.28000000000003 deg, practicalMoveTime: 0.3286179724082125 sec
2026-05-05 00:06:31,994 - mazeUtils.moveTile - [moveTile.py:1091] - DEBUG - moveTile loop time: 40.5 ms
2026-05-05 00:06:32,000 - picamera2.picamera2 - [picamera2.py:1391] - DEBUG - Execute job: <picamera2.job.Job object at 0x7f42f22710>
2026-05-05 00:06:32,003 - mazeUtils.device.camera - [camera.py:37] - DEBUG - Average HSV: H=0.0, S=0.0, V=255.0
2026-05-05 00:06:32,031 - mazeUtils.moveTile - [moveTile.py:80] - DEBUG - roll: 359.58000000000004 deg, practicalMoveTime: 0.3653551426314792 sec
2026-05-05 00:06:32,031 - mazeUtils.moveTile - [moveTile.py:1091] - DEBUG - moveTile loop time: 37.2 ms
2026-05-05 00:06:32,036 - picamera2.picamera2 - [picamera2.py:1391] - DEBUG - Execute job: <picamera2.job.Job object at 0x7f5ca71a10>
2026-05-05 00:06:32,039 - mazeUtils.device.camera - [camera.py:37] - DEBUG - Average HSV: H=0.0, S=0.0, V=255.0
2026-05-05 00:06:32,070 - mazeUtils.moveTile - [moveTile.py:80] - DEBUG - roll: 359.05 deg, practicalMoveTime: 0.40421036049884257 sec
2026-05-05 00:06:32,071 - mazeUtils.moveTile - [moveTile.py:1091] - DEBUG - moveTile loop time: 39.2 ms
2026-05-05 00:06:32,077 - picamera2.picamera2 - [picamera2.py:1391] - DEBUG - Execute job: <picamera2.job.Job object at 0x7f5ca4fd50>
2026-05-05 00:06:32,081 - mazeUtils.device.camera - [camera.py:37] - DEBUG - Average HSV: H=0.0, S=0.0, V=255.0
2026-05-05 00:06:32,107 - mazeUtils.moveTile - [moveTile.py:80] - DEBUG - roll: 358.95000000000005 deg, practicalMoveTime: 0.44038239765755993 sec
2026-05-05 00:06:32,108 - mazeUtils.moveTile - [moveTile.py:1091] - DEBUG - moveTile loop time: 36.8 ms
2026-05-05 00:06:32,114 - picamera2.picamera2 - [picamera2.py:1391] - DEBUG - Execute job: <picamera2.job.Job object at 0x7f5ca68990>
2026-05-05 00:06:32,118 - mazeUtils.device.camera - [camera.py:37] - DEBUG - Average HSV: H=0.0, S=0.0, V=255.0
2026-05-05 00:06:32,149 - mazeUtils.moveTile - [moveTile.py:80] - DEBUG - roll: 0.1400000000000432 deg, practicalMoveTime: 0.47703091934814845 sec
2026-05-05 00:06:32,149 - mazeUtils.moveTile - [moveTile.py:1091] - DEBUG - moveTile loop time: 40.7 ms
2026-05-05 00:06:32,154 - picamera2.picamera2 - [picamera2.py:1391] - DEBUG - Execute job: <picamera2.job.Job object at 0x7f42f72750>
2026-05-05 00:06:32,157 - mazeUtils.device.camera - [camera.py:37] - DEBUG - Average HSV: H=0.0, S=0.0, V=255.0
2026-05-05 00:06:32,183 - mazeUtils.moveTile - [moveTile.py:80] - DEBUG - roll: 1.330000000000041 deg, practicalMoveTime: 0.5074381171573639 sec
2026-05-05 00:06:32,183 - mazeUtils.moveTile - [moveTile.py:1091] - DEBUG - moveTile loop time: 34.2 ms
2026-05-05 00:06:32,188 - picamera2.picamera2 - [picamera2.py:1391] - DEBUG - Execute job: <picamera2.job.Job object at 0x7f6e95ab90>
2026-05-05 00:06:32,192 - mazeUtils.device.camera - [camera.py:37] - DEBUG - Average HSV: H=0.0, S=0.0, V=255.0
2026-05-05 00:06:32,227 - mazeUtils.moveTile - [moveTile.py:80] - DEBUG - roll: 3.1300000000000523 deg, practicalMoveTime: 0.5466618622269207 sec
2026-05-05 00:06:32,228 - mazeUtils.moveTile - [moveTile.py:1091] - DEBUG - moveTile loop time: 44.1 ms
2026-05-05 00:06:32,234 - picamera2.picamera2 - [picamera2.py:1391] - DEBUG - Execute job: <picamera2.job.Job object at 0x7f42eb2dd0>
2026-05-05 00:06:32,237 - mazeUtils.device.camera - [camera.py:37] - DEBUG - Average HSV: H=0.0, S=0.0, V=255.0
2026-05-05 00:06:32,269 - mazeUtils.moveTile - [moveTile.py:80] - DEBUG - roll: 6.180000000000007 deg, practicalMoveTime: 0.5839529657714386 sec
2026-05-05 00:06:32,270 - mazeUtils.moveTile - [moveTile.py:1091] - DEBUG - moveTile loop time: 42.0 ms
2026-05-05 00:06:32,280 - picamera2.picamera2 - [picamera2.py:1391] - DEBUG - Execute job: <picamera2.job.Job object at 0x7f42ed1c90>
2026-05-05 00:06:32,283 - mazeUtils.device.camera - [camera.py:37] - DEBUG - Average HSV: H=0.0, S=0.0, V=255.0
2026-05-05 00:06:32,312 - mazeUtils.moveTile - [moveTile.py:80] - DEBUG - roll: 7.8700000000000045 deg, practicalMoveTime: 0.6216076306541707 sec
2026-05-05 00:06:32,313 - mazeUtils.moveTile - [moveTile.py:1091] - DEBUG - moveTile loop time: 42.6 ms
2026-05-05 00:06:32,318 - picamera2.picamera2 - [picamera2.py:1391] - DEBUG - Execute job: <picamera2.job.Job object at 0x7f5ca71a10>
2026-05-05 00:06:32,321 - mazeUtils.device.camera - [camera.py:37] - DEBUG - Average HSV: H=0.0, S=0.0, V=255.0
2026-05-05 00:06:32,351 - mazeUtils.moveTile - [moveTile.py:80] - DEBUG - roll: 10.439999999999998 deg, practicalMoveTime: 0.6556017699359472 sec
2026-05-05 00:06:32,352 - mazeUtils.moveTile - [moveTile.py:1091] - DEBUG - moveTile loop time: 38.9 ms
2026-05-05 00:06:32,361 - picamera2.picamera2 - [picamera2.py:1391] - DEBUG - Execute job: <picamera2.job.Job object at 0x7f5ca0e350>
2026-05-05 00:06:32,365 - mazeUtils.device.camera - [camera.py:37] - DEBUG - Average HSV: H=0.0, S=0.0, V=255.0
2026-05-05 00:06:32,394 - mazeUtils.moveTile - [moveTile.py:80] - DEBUG - roll: 11.990000000000009 deg, practicalMoveTime: 0.6923809167598378 sec
2026-05-05 00:06:32,395 - mazeUtils.moveTile - [moveTile.py:1091] - DEBUG - moveTile loop time: 42.3 ms
2026-05-05 00:06:32,402 - picamera2.picamera2 - [picamera2.py:1391] - DEBUG - Execute job: <picamera2.job.Job object at 0x7f42f72750>
2026-05-05 00:06:32,406 - mazeUtils.device.camera - [camera.py:37] - DEBUG - Average HSV: H=0.0, S=0.0, V=255.0
2026-05-05 00:06:32,434 - mazeUtils.moveTile - [moveTile.py:80] - DEBUG - roll: 13.960000000000036 deg, practicalMoveTime: 0.7268528116411376 sec
2026-05-05 00:06:32,435 - mazeUtils.moveTile - [moveTile.py:1091] - DEBUG - moveTile loop time: 38.5 ms
2026-05-05 00:06:32,440 - picamera2.picamera2 - [picamera2.py:1391] - DEBUG - Execute job: <picamera2.job.Job object at 0x7f42f64510>
2026-05-05 00:06:32,443 - mazeUtils.device.camera - [camera.py:37] - DEBUG - Average HSV: H=0.0, S=0.0, V=255.0
2026-05-05 00:06:33,641 - mazeUtils.moveTile - [moveTile.py:952] - INFO - Detected big ramp, lastTofDist: 26.6 cm, roll: 24.200000000000045 deg
2026-05-05 00:06:33,718 - mazeUtils.moveTile - [moveTile.py:986] - DEBUG - Tof:26.6, nowDist: 0.0 cm, nowHeight: 0.0 cm
2026-05-05 00:06:33,793 - mazeUtils.moveTile - [moveTile.py:986] - DEBUG - Tof:30.0, nowDist: 3.1 cm, nowHeight: 1.4 cm
2026-05-05 00:06:33,869 - mazeUtils.moveTile - [moveTile.py:986] - DEBUG - Tof:30.8, nowDist: 3.8 cm, nowHeight: 1.7 cm
2026-05-05 00:06:33,944 - mazeUtils.moveTile - [moveTile.py:986] - DEBUG - Tof:31.2, nowDist: 4.2 cm, nowHeight: 1.9 cm
2026-05-05 00:06:34,018 - mazeUtils.moveTile - [moveTile.py:986] - DEBUG - Tof:31.2, nowDist: 4.2 cm, nowHeight: 1.9 cm
2026-05-05 00:06:34,096 - mazeUtils.moveTile - [moveTile.py:986] - DEBUG - Tof:32.0, nowDist: 4.9 cm, nowHeight: 2.2 cm
2026-05-05 00:06:34,173 - mazeUtils.moveTile - [moveTile.py:986] - DEBUG - Tof:32.8, nowDist: 5.6 cm, nowHeight: 2.6 cm
2026-05-05 00:06:34,248 - mazeUtils.moveTile - [moveTile.py:986] - DEBUG - Tof:34.0, nowDist: 6.7 cm, nowHeight: 3.0 cm
2026-05-05 00:06:34,323 - mazeUtils.moveTile - [moveTile.py:986] - DEBUG - Tof:34.8, nowDist: 7.5 cm, nowHeight: 3.4 cm
2026-05-05 00:06:34,399 - mazeUtils.moveTile - [moveTile.py:986] - DEBUG - Tof:36.2, nowDist: 8.7 cm, nowHeight: 4.0 cm
2026-05-05 00:06:34,473 - mazeUtils.moveTile - [moveTile.py:986] - DEBUG - Tof:36.6, nowDist: 9.1 cm, nowHeight: 4.1 cm
2026-05-05 00:06:34,547 - mazeUtils.moveTile - [moveTile.py:986] - DEBUG - Tof:37.4, nowDist: 9.8 cm, nowHeight: 4.5 cm
2026-05-05 00:06:34,622 - mazeUtils.moveTile - [moveTile.py:986] - DEBUG - Tof:38.0, nowDist: 10.4 cm, nowHeight: 4.7 cm
2026-05-05 00:06:34,698 - mazeUtils.moveTile - [moveTile.py:986] - DEBUG - Tof:38.6, nowDist: 10.9 cm, nowHeight: 5.0 cm
2026-05-05 00:06:34,773 - mazeUtils.moveTile - [moveTile.py:986] - DEBUG - Tof:39.4, nowDist: 11.6 cm, nowHeight: 5.3 cm
2026-05-05 00:06:34,850 - mazeUtils.moveTile - [moveTile.py:986] - DEBUG - Tof:40.6, nowDist: 12.7 cm, nowHeight: 5.8 cm
2026-05-05 00:06:34,927 - mazeUtils.moveTile - [moveTile.py:986] - DEBUG - Tof:41.6, nowDist: 13.7 cm, nowHeight: 6.2 cm
2026-05-05 00:06:35,003 - mazeUtils.moveTile - [moveTile.py:986] - DEBUG - Tof:42.0, nowDist: 14.0 cm, nowHeight: 6.4 cm
2026-05-05 00:06:35,079 - mazeUtils.moveTile - [moveTile.py:986] - DEBUG - Tof:42.6, nowDist: 14.6 cm, nowHeight: 6.6 cm
2026-05-05 00:06:35,153 - mazeUtils.moveTile - [moveTile.py:986] - DEBUG - Tof:42.6, nowDist: 14.6 cm, nowHeight: 6.6 cm
2026-05-05 00:06:35,230 - mazeUtils.moveTile - [moveTile.py:986] - DEBUG - Tof:44.2, nowDist: 16.0 cm, nowHeight: 7.3 cm
2026-05-05 00:06:35,306 - mazeUtils.moveTile - [moveTile.py:986] - DEBUG - Tof:44.8, nowDist: 16.6 cm, nowHeight: 7.6 cm
2026-05-05 00:06:35,381 - mazeUtils.moveTile - [moveTile.py:986] - DEBUG - Tof:46.0, nowDist: 17.6 cm, nowHeight: 8.1 cm
2026-05-05 00:06:35,456 - mazeUtils.moveTile - [moveTile.py:986] - DEBUG - Tof:46.4, nowDist: 18.0 cm, nowHeight: 8.2 cm
2026-05-05 00:06:35,531 - mazeUtils.moveTile - [moveTile.py:986] - DEBUG - Tof:46.8, nowDist: 18.4 cm, nowHeight: 8.4 cm
2026-05-05 00:06:35,605 - mazeUtils.moveTile - [moveTile.py:986] - DEBUG - Tof:45.8, nowDist: 17.5 cm, nowHeight: 8.0 cm
2026-05-05 00:06:35,680 - mazeUtils.moveTile - [moveTile.py:986] - DEBUG - Tof:45.8, nowDist: 17.5 cm, nowHeight: 8.0 cm
2026-05-05 00:06:35,754 - mazeUtils.moveTile - [moveTile.py:986] - DEBUG - Tof:43.6, nowDist: 15.6 cm, nowHeight: 6.8 cm
2026-05-05 00:06:35,831 - mazeUtils.moveTile - [moveTile.py:986] - DEBUG - Tof:38.0, nowDist: 11.1 cm, nowHeight: 3.4 cm
2026-05-05 00:06:35,911 - mazeUtils.moveTile - [moveTile.py:986] - DEBUG - Tof:35.0, nowDist: 8.9 cm, nowHeight: 1.4 cm
2026-05-05 00:06:35,990 - mazeUtils.moveTile - [moveTile.py:986] - DEBUG - Tof:32.0, nowDist: 6.8 cm, nowHeight: -0.7 cm
2026-05-05 00:06:36,067 - mazeUtils.moveTile - [moveTile.py:986] - DEBUG - Tof:28.4, nowDist: 4.5 cm, nowHeight: -3.5 cm
2026-05-05 00:06:36,142 - mazeUtils.moveTile - [moveTile.py:986] - DEBUG - Tof:24.2, nowDist: 2.1 cm, nowHeight: -6.9 cm
2026-05-05 00:06:36,225 - mazeUtils.moveTile - [moveTile.py:986] - DEBUG - Tof:19.8, nowDist: -0.0 cm, nowHeight: -10.8 cm
2026-05-05 00:06:36,301 - mazeUtils.moveTile - [moveTile.py:986] - DEBUG - Tof:17.6, nowDist: -0.8 cm, nowHeight: -12.9 cm
2026-05-05 00:06:36,378 - mazeUtils.moveTile - [moveTile.py:986] - DEBUG - Tof:14.8, nowDist: -1.4 cm, nowHeight: -15.6 cm
2026-05-05 00:06:36,460 - mazeUtils.moveTile - [moveTile.py:986] - DEBUG - Tof:12.6, nowDist: -1.9 cm, nowHeight: -17.7 cm
2026-05-05 00:06:36,540 - mazeUtils.moveTile - [moveTile.py:986] - DEBUG - Tof:12.0, nowDist: -2.0 cm, nowHeight: -18.3 cm
2026-05-05 00:06:36,617 - mazeUtils.moveTile - [moveTile.py:986] - DEBUG - Tof:11.6, nowDist: -2.1 cm, nowHeight: -18.7 cm
2026-05-05 00:06:36,695 - mazeUtils.moveTile - [moveTile.py:986] - DEBUG - Tof:11.8, nowDist: -2.0 cm, nowHeight: -18.5 cm
2026-05-05 00:06:36,772 - mazeUtils.moveTile - [moveTile.py:986] - DEBUG - Tof:11.2, nowDist: -2.2 cm, nowHeight: -19.1 cm
2026-05-05 00:06:36,848 - mazeUtils.moveTile - [moveTile.py:986] - DEBUG - Tof:11.8, nowDist: -2.1 cm, nowHeight: -18.5 cm
2026-05-05 00:06:36,922 - mazeUtils.moveTile - [moveTile.py:986] - DEBUG - Tof:11.0, nowDist: -2.2 cm, nowHeight: -19.3 cm
2026-05-05 00:06:37,000 - mazeUtils.moveTile - [moveTile.py:986] - DEBUG - Tof:11.6, nowDist: -2.1 cm, nowHeight: -18.7 cm
2026-05-05 00:06:37,076 - mazeUtils.moveTile - [moveTile.py:986] - DEBUG - Tof:11.0, nowDist: -2.2 cm, nowHeight: -19.3 cm
2026-05-05 00:06:37,151 - mazeUtils.moveTile - [moveTile.py:986] - DEBUG - Tof:11.4, nowDist: -2.1 cm, nowHeight: -18.9 cm
2026-05-05 00:06:37,225 - mazeUtils.moveTile - [moveTile.py:986] - DEBUG - Tof:11.2, nowDist: -2.2 cm, nowHeight: -19.1 cm
2026-05-05 00:06:37,309 - mazeUtils.moveTile - [moveTile.py:986] - DEBUG - Tof:11.2, nowDist: -2.2 cm, nowHeight: -19.1 cm
2026-05-05 00:06:37,389 - mazeUtils.moveTile - [moveTile.py:986] - DEBUG - Tof:11.4, nowDist: -2.1 cm, nowHeight: -18.9 cm
2026-05-05 00:06:37,463 - mazeUtils.moveTile - [moveTile.py:986] - DEBUG - Tof:11.8, nowDist: -2.0 cm, nowHeight: -18.5 cm
2026-05-05 00:06:37,554 - mazeUtils.moveTile - [moveTile.py:986] - DEBUG - Tof:11.4, nowDist: -2.1 cm, nowHeight: -18.9 cm
2026-05-05 00:06:37,630 - mazeUtils.moveTile - [moveTile.py:986] - DEBUG - Tof:11.4, nowDist: -2.1 cm, nowHeight: -18.9 cm
2026-05-05 00:06:37,714 - mazeUtils.moveTile - [moveTile.py:986] - DEBUG - Tof:12.0, nowDist: -2.0 cm, nowHeight: -18.3 cm
2026-05-05 00:06:37,794 - mazeUtils.moveTile - [moveTile.py:986] - DEBUG - Tof:11.6, nowDist: -2.1 cm, nowHeight: -18.7 cm
2026-05-05 00:06:37,871 - mazeUtils.moveTile - [moveTile.py:986] - DEBUG - Tof:11.6, nowDist: -2.1 cm, nowHeight: -18.7 cm
2026-05-05 00:06:37,950 - mazeUtils.moveTile - [moveTile.py:986] - DEBUG - Tof:12.0, nowDist: -2.0 cm, nowHeight: -18.3 cm
2026-05-05 00:06:38,035 - mazeUtils.moveTile - [moveTile.py:986] - DEBUG - Tof:11.6, nowDist: -2.1 cm, nowHeight: -18.7 cm
2026-05-05 00:06:38,110 - mazeUtils.moveTile - [moveTile.py:986] - DEBUG - Tof:12.0, nowDist: -2.0 cm, nowHeight: -18.3 cm
2026-05-05 00:06:38,193 - mazeUtils.moveTile - [moveTile.py:986] - DEBUG - Tof:12.0, nowDist: -2.0 cm, nowHeight: -18.3 cm
2026-05-05 00:06:38,268 - mazeUtils.moveTile - [moveTile.py:986] - DEBUG - Tof:11.6, nowDist: -2.1 cm, nowHeight: -18.7 cm
2026-05-05 00:06:38,345 - mazeUtils.moveTile - [moveTile.py:986] - DEBUG - Tof:12.2, nowDist: -2.0 cm, nowHeight: -18.1 cm
2026-05-05 00:06:38,426 - mazeUtils.moveTile - [moveTile.py:986] - DEBUG - Tof:11.8, nowDist: -2.1 cm, nowHeight: -18.5 cm
2026-05-05 00:06:38,516 - mazeUtils.moveTile - [moveTile.py:986] - DEBUG - Tof:12.4, nowDist: -1.9 cm, nowHeight: -17.9 cm
2026-05-05 00:06:38,589 - mazeUtils.moveTile - [moveTile.py:986] - DEBUG - Tof:12.4, nowDist: -1.9 cm, nowHeight: -17.9 cm
2026-05-05 00:06:38,664 - mazeUtils.moveTile - [moveTile.py:986] - DEBUG - Tof:12.0, nowDist: -2.0 cm, nowHeight: -18.3 cm
2026-05-05 00:06:38,738 - mazeUtils.moveTile - [moveTile.py:986] - DEBUG - Tof:12.4, nowDist: -1.9 cm, nowHeight: -17.9 cm
2026-05-05 00:06:38,820 - mazeUtils.moveTile - [moveTile.py:986] - DEBUG - Tof:12.4, nowDist: -1.9 cm, nowHeight: -17.9 cm
2026-05-05 00:06:38,895 - mazeUtils.moveTile - [moveTile.py:986] - DEBUG - Tof:12.6, nowDist: -1.9 cm, nowHeight: -17.7 cm
2026-05-05 00:06:38,971 - mazeUtils.moveTile - [moveTile.py:986] - DEBUG - Tof:12.8, nowDist: -1.8 cm, nowHeight: -17.6 cm
2026-05-05 00:06:39,050 - mazeUtils.moveTile - [moveTile.py:986] - DEBUG - Tof:13.8, nowDist: -1.4 cm, nowHeight: -16.6 cm
2026-05-05 00:06:39,126 - mazeUtils.moveTile - [moveTile.py:986] - DEBUG - Tof:14.6, nowDist: -1.0 cm, nowHeight: -15.9 cm
2026-05-05 00:06:39,205 - mazeUtils.moveTile - [moveTile.py:986] - DEBUG - Tof:16.4, nowDist: 0.0 cm, nowHeight: -14.4 cm
2026-05-05 00:06:39,281 - __main__ - [main.py:84] - INFO - Current position: (20, 20, 0), front direction: absDirection.NORTH
Layer 0 (altitude=0.0cm, offset=(0.0cm, 0.0cm)):
Known map area: x=20..20, y=20..20
+   +
| @  
+---+
2026-05-05 00:06:48,204 - __main__ - [main.py:87] - INFO - Exploration resumed.
2026-05-05 00:06:51,455 - __main__ - [main.py:69] - INFO - Initial Map:
2026-05-05 00:06:51,463 - __main__ - [main.py:70] - INFO - Current position: (20, 20, 0), front direction: absDirection.NORTH
Layer 0 (altitude=0.0cm, offset=(0.0cm, 0.0cm)):
Known map area: x=20..20, y=20..20
+   +
| @  
+---+
2026-05-05 00:06:51,464 - __main__ - [main.py:73] - INFO - Next Direction: [<absDirection.NORTH: 0>]
2026-05-05 00:06:51,465 - __main__ - [main.py:74] - INFO - Exploration started.
2026-05-05 00:06:51,474 - mazeUtils.moveTile - [moveTile.py:80] - DEBUG - Moving to absDirection.NORTH from (20, 20, 0) facing absDirection.NORTH
2026-05-05 00:06:51,500 - mazeUtils.moveTile - [moveTile.py:80] - DEBUG - current heading: 4.14 target: 0
2026-05-05 00:06:51,520 - mazeUtils.moveTile - [moveTile.py:387] - DEBUG - stopped turning at heading: 4.14, diff: 4.14
2026-05-05 00:06:51,922 - mazeUtils.moveTile - [moveTile.py:80] - DEBUG - Turned to heading: 0.18000000000000005 deg
2026-05-05 00:06:52,109 - picamera2.picamera2 - [picamera2.py:1391] - DEBUG - Execute job: <picamera2.job.Job object at 0x7f41fb1810>
2026-05-05 00:06:52,112 - mazeUtils.device.camera - [camera.py:37] - DEBUG - Average HSV: H=12.7, S=13.6, V=255.0
2026-05-05 00:06:52,144 - mazeUtils.moveTile - [moveTile.py:80] - DEBUG - roll: 358.59000000000003 deg, practicalMoveTime: 0.04298743957625729 sec
2026-05-05 00:06:52,145 - mazeUtils.moveTile - [moveTile.py:1091] - DEBUG - moveTile loop time: 41.9 ms
2026-05-05 00:06:52,151 - picamera2.picamera2 - [picamera2.py:1391] - DEBUG - Execute job: <picamera2.job.Job object at 0x7f41fb1810>
2026-05-05 00:06:52,155 - mazeUtils.device.camera - [camera.py:37] - DEBUG - Average HSV: H=13.5, S=12.9, V=255.0
2026-05-05 00:06:52,185 - mazeUtils.moveTile - [moveTile.py:80] - DEBUG - roll: 359.02000000000004 deg, practicalMoveTime: 0.0829584272667521 sec
2026-05-05 00:06:52,185 - mazeUtils.moveTile - [moveTile.py:1091] - DEBUG - moveTile loop time: 40.1 ms
2026-05-05 00:06:52,194 - picamera2.picamera2 - [picamera2.py:1391] - DEBUG - Execute job: <picamera2.job.Job object at 0x7f41f82d90>
2026-05-05 00:06:52,197 - mazeUtils.device.camera - [camera.py:37] - DEBUG - Average HSV: H=15.8, S=10.2, V=255.0
2026-05-05 00:06:52,229 - mazeUtils.moveTile - [moveTile.py:80] - DEBUG - roll: 359.05 deg, practicalMoveTime: 0.1262132935911661 sec
2026-05-05 00:06:52,229 - mazeUtils.moveTile - [moveTile.py:1091] - DEBUG - moveTile loop time: 43.4 ms
2026-05-05 00:06:52,233 - picamera2.picamera2 - [picamera2.py:1391] - DEBUG - Execute job: <picamera2.job.Job object at 0x7f41f91090>
2026-05-05 00:06:52,236 - mazeUtils.device.camera - [camera.py:37] - DEBUG - Average HSV: H=20.4, S=8.1, V=255.0
2026-05-05 00:06:52,266 - mazeUtils.moveTile - [moveTile.py:80] - DEBUG - roll: 358.71000000000004 deg, practicalMoveTime: 0.16261106024224414 sec
2026-05-05 00:06:52,266 - mazeUtils.moveTile - [moveTile.py:1091] - DEBUG - moveTile loop time: 36.7 ms
2026-05-05 00:06:52,271 - picamera2.picamera2 - [picamera2.py:1391] - DEBUG - Execute job: <picamera2.job.Job object at 0x7f5ca68990>
2026-05-05 00:06:52,274 - mazeUtils.device.camera - [camera.py:37] - DEBUG - Average HSV: H=18.6, S=18.9, V=247.2
2026-05-05 00:06:52,306 - mazeUtils.moveTile - [moveTile.py:80] - DEBUG - roll: 359.28000000000003 deg, practicalMoveTime: 0.20224192024316678 sec
2026-05-05 00:06:52,306 - mazeUtils.moveTile - [moveTile.py:1091] - DEBUG - moveTile loop time: 39.9 ms
2026-05-05 00:06:52,310 - picamera2.picamera2 - [picamera2.py:1391] - DEBUG - Execute job: <picamera2.job.Job object at 0x7f41ee6550>
2026-05-05 00:06:52,313 - mazeUtils.device.camera - [camera.py:37] - DEBUG - Average HSV: H=11.7, S=26.4, V=242.5
2026-05-05 00:06:52,341 - mazeUtils.moveTile - [moveTile.py:80] - DEBUG - roll: 358.78000000000003 deg, practicalMoveTime: 0.237118465185962 sec
2026-05-05 00:06:52,342 - mazeUtils.moveTile - [moveTile.py:1091] - DEBUG - moveTile loop time: 35.6 ms
2026-05-05 00:06:52,347 - picamera2.picamera2 - [picamera2.py:1391] - DEBUG - Execute job: <picamera2.job.Job object at 0x7f41fb1850>
2026-05-05 00:06:52,350 - mazeUtils.device.camera - [camera.py:37] - DEBUG - Average HSV: H=9.8, S=34.7, V=236.8
2026-05-05 00:06:52,383 - mazeUtils.moveTile - [moveTile.py:80] - DEBUG - roll: 358.81 deg, practicalMoveTime: 0.2780310890476408 sec
2026-05-05 00:06:52,383 - mazeUtils.moveTile - [moveTile.py:1091] - DEBUG - moveTile loop time: 41.1 ms
2026-05-05 00:06:52,388 - picamera2.picamera2 - [picamera2.py:1391] - DEBUG - Execute job: <picamera2.job.Job object at 0x7f41fb1850>
2026-05-05 00:06:52,392 - mazeUtils.device.camera - [camera.py:37] - DEBUG - Average HSV: H=68.7, S=19.0, V=245.6
2026-05-05 00:06:52,420 - mazeUtils.moveTile - [moveTile.py:80] - DEBUG - roll: 358.88000000000005 deg, practicalMoveTime: 0.31443088898578253 sec
2026-05-05 00:06:52,421 - mazeUtils.moveTile - [moveTile.py:1091] - DEBUG - moveTile loop time: 36.8 ms
2026-05-05 00:06:52,427 - picamera2.picamera2 - [picamera2.py:1391] - DEBUG - Execute job: <picamera2.job.Job object at 0x7f41f91090>
2026-05-05 00:06:52,430 - mazeUtils.device.camera - [camera.py:37] - DEBUG - Average HSV: H=61.0, S=3.6, V=254.0
2026-05-05 00:06:52,460 - mazeUtils.moveTile - [moveTile.py:80] - DEBUG - roll: 358.65000000000003 deg, practicalMoveTime: 0.35413038824292975 sec
2026-05-05 00:06:52,461 - mazeUtils.moveTile - [moveTile.py:1091] - DEBUG - moveTile loop time: 40.1 ms
2026-05-05 00:06:52,466 - picamera2.picamera2 - [picamera2.py:1391] - DEBUG - Execute job: <picamera2.job.Job object at 0x7f41ee6550>
2026-05-05 00:06:52,469 - mazeUtils.device.camera - [camera.py:37] - DEBUG - Average HSV: H=0.0, S=0.0, V=255.0
2026-05-05 00:06:52,495 - mazeUtils.moveTile - [moveTile.py:80] - DEBUG - roll: 358.99 deg, practicalMoveTime: 0.387871387744313 sec
2026-05-05 00:06:52,495 - mazeUtils.moveTile - [moveTile.py:1091] - DEBUG - moveTile loop time: 34.1 ms
2026-05-05 00:06:52,501 - picamera2.picamera2 - [picamera2.py:1391] - DEBUG - Execute job: <picamera2.job.Job object at 0x7f41ed6790>
2026-05-05 00:06:52,504 - mazeUtils.device.camera - [camera.py:37] - DEBUG - Average HSV: H=0.0, S=0.0, V=255.0
2026-05-05 00:06:52,531 - mazeUtils.moveTile - [moveTile.py:80] - DEBUG - roll: 359.02000000000004 deg, practicalMoveTime: 0.4235107051361707 sec
2026-05-05 00:06:52,531 - mazeUtils.moveTile - [moveTile.py:1091] - DEBUG - moveTile loop time: 35.6 ms
2026-05-05 00:06:52,538 - picamera2.picamera2 - [picamera2.py:1391] - DEBUG - Execute job: <picamera2.job.Job object at 0x7f41f91090>
2026-05-05 00:06:52,541 - mazeUtils.device.camera - [camera.py:37] - DEBUG - Average HSV: H=0.0, S=0.0, V=255.0
2026-05-05 00:06:52,568 - mazeUtils.moveTile - [moveTile.py:80] - DEBUG - roll: 358.42 deg, practicalMoveTime: 0.4601209738325571 sec
2026-05-05 00:06:52,569 - mazeUtils.moveTile - [moveTile.py:1091] - DEBUG - moveTile loop time: 37.0 ms
2026-05-05 00:06:52,576 - picamera2.picamera2 - [picamera2.py:1391] - DEBUG - Execute job: <picamera2.job.Job object at 0x7f41f90a50>
2026-05-05 00:06:52,579 - mazeUtils.device.camera - [camera.py:37] - DEBUG - Average HSV: H=0.0, S=0.0, V=255.0
2026-05-05 00:06:52,606 - mazeUtils.moveTile - [moveTile.py:80] - DEBUG - roll: 358.69 deg, practicalMoveTime: 0.49787398424034324 sec
2026-05-05 00:06:52,607 - mazeUtils.moveTile - [moveTile.py:1091] - DEBUG - moveTile loop time: 38.0 ms
2026-05-05 00:06:52,613 - picamera2.picamera2 - [picamera2.py:1391] - DEBUG - Execute job: <picamera2.job.Job object at 0x7f587ac4d0>
2026-05-05 00:06:52,617 - mazeUtils.device.camera - [camera.py:37] - DEBUG - Average HSV: H=0.0, S=0.0, V=255.0
2026-05-05 00:06:52,648 - mazeUtils.moveTile - [moveTile.py:80] - DEBUG - roll: 359.05 deg, practicalMoveTime: 0.5385886114035993 sec
2026-05-05 00:06:52,648 - mazeUtils.moveTile - [moveTile.py:1091] - DEBUG - moveTile loop time: 41.2 ms
2026-05-05 00:06:52,654 - picamera2.picamera2 - [picamera2.py:1391] - DEBUG - Execute job: <picamera2.job.Job object at 0x7f430e5d50>
2026-05-05 00:06:52,656 - mazeUtils.device.camera - [camera.py:37] - DEBUG - Average HSV: H=0.0, S=0.0, V=255.0
2026-05-05 00:06:52,685 - mazeUtils.moveTile - [moveTile.py:80] - DEBUG - roll: 0.05000000000001137 deg, practicalMoveTime: 0.571300176363421 sec
2026-05-05 00:06:52,685 - mazeUtils.moveTile - [moveTile.py:1091] - DEBUG - moveTile loop time: 36.6 ms
2026-05-05 00:06:52,690 - picamera2.picamera2 - [picamera2.py:1391] - DEBUG - Execute job: <picamera2.job.Job object at 0x7f41ed6790>
2026-05-05 00:06:52,694 - mazeUtils.device.camera - [camera.py:37] - DEBUG - Average HSV: H=0.0, S=0.0, V=255.0
2026-05-05 00:06:52,719 - mazeUtils.moveTile - [moveTile.py:80] - DEBUG - roll: 2.5400000000000205 deg, practicalMoveTime: 0.6014003649352748 sec
2026-05-05 00:06:52,719 - mazeUtils.moveTile - [moveTile.py:1091] - DEBUG - moveTile loop time: 33.4 ms
2026-05-05 00:06:52,732 - picamera2.picamera2 - [picamera2.py:1391] - DEBUG - Execute job: <picamera2.job.Job object at 0x7f41fb1850>
2026-05-05 00:06:52,735 - mazeUtils.device.camera - [camera.py:37] - DEBUG - Average HSV: H=0.0, S=0.0, V=255.0
2026-05-05 00:06:52,762 - mazeUtils.moveTile - [moveTile.py:80] - DEBUG - roll: 3.990000000000009 deg, practicalMoveTime: 0.6398046934408524 sec
2026-05-05 00:06:52,762 - mazeUtils.moveTile - [moveTile.py:1091] - DEBUG - moveTile loop time: 43.1 ms
2026-05-05 00:06:52,768 - picamera2.picamera2 - [picamera2.py:1391] - DEBUG - Execute job: <picamera2.job.Job object at 0x7f5ca68990>
2026-05-05 00:06:52,771 - mazeUtils.device.camera - [camera.py:37] - DEBUG - Average HSV: H=0.0, S=0.0, V=255.0
2026-05-05 00:06:52,799 - mazeUtils.moveTile - [moveTile.py:80] - DEBUG - roll: 6.930000000000007 deg, practicalMoveTime: 0.67211242092739 sec
2026-05-05 00:06:52,799 - mazeUtils.moveTile - [moveTile.py:1091] - DEBUG - moveTile loop time: 36.4 ms
2026-05-05 00:06:52,803 - picamera2.picamera2 - [picamera2.py:1391] - DEBUG - Execute job: <picamera2.job.Job object at 0x7f41f59490>
2026-05-05 00:06:52,806 - mazeUtils.device.camera - [camera.py:37] - DEBUG - Average HSV: H=0.0, S=0.0, V=255.0
2026-05-05 00:06:52,835 - mazeUtils.moveTile - [moveTile.py:80] - DEBUG - roll: 7.660000000000025 deg, practicalMoveTime: 0.7044653206725047 sec
2026-05-05 00:06:52,836 - mazeUtils.moveTile - [moveTile.py:1091] - DEBUG - moveTile loop time: 36.6 ms
2026-05-05 00:06:52,841 - picamera2.picamera2 - [picamera2.py:1391] - DEBUG - Execute job: <picamera2.job.Job object at 0x7f41fb1810>
2026-05-05 00:06:52,844 - mazeUtils.device.camera - [camera.py:37] - DEBUG - Average HSV: H=0.0, S=0.0, V=255.0
2026-05-05 00:06:52,871 - mazeUtils.moveTile - [moveTile.py:80] - DEBUG - roll: 9.490000000000009 deg, practicalMoveTime: 0.7360314428495511 sec
2026-05-05 00:06:52,872 - mazeUtils.moveTile - [moveTile.py:1091] - DEBUG - moveTile loop time: 35.9 ms
2026-05-05 00:06:52,883 - picamera2.picamera2 - [picamera2.py:1391] - DEBUG - Execute job: <picamera2.job.Job object at 0x7f587ac4d0>
2026-05-05 00:06:52,886 - mazeUtils.device.camera - [camera.py:37] - DEBUG - Average HSV: H=0.0, S=0.0, V=255.0
2026-05-05 00:06:52,915 - mazeUtils.moveTile - [moveTile.py:80] - DEBUG - roll: 11.25 deg, practicalMoveTime: 0.7742127930427389 sec
2026-05-05 00:06:52,916 - mazeUtils.moveTile - [moveTile.py:1091] - DEBUG - moveTile loop time: 43.3 ms
2026-05-05 00:06:52,922 - picamera2.picamera2 - [picamera2.py:1391] - DEBUG - Execute job: <picamera2.job.Job object at 0x7f41ed6790>
2026-05-05 00:06:52,925 - mazeUtils.device.camera - [camera.py:37] - DEBUG - Average HSV: H=0.0, S=0.0, V=255.0
2026-05-05 00:06:52,951 - mazeUtils.moveTile - [moveTile.py:80] - DEBUG - roll: 14.600000000000023 deg, practicalMoveTime: 0.8051309365825321 sec
2026-05-05 00:06:52,951 - mazeUtils.moveTile - [moveTile.py:1091] - DEBUG - moveTile loop time: 35.8 ms
2026-05-05 00:06:52,956 - picamera2.picamera2 - [picamera2.py:1391] - DEBUG - Execute job: <picamera2.job.Job object at 0x7f41f91090>
2026-05-05 00:06:52,960 - mazeUtils.device.camera - [camera.py:37] - DEBUG - Average HSV: H=0.0, S=0.0, V=255.0
2026-05-05 00:06:54,152 - mazeUtils.moveTile - [moveTile.py:952] - INFO - Detected big ramp, lastTofDist: 23.8 cm, roll: 25.650000000000034 deg
2026-05-05 00:06:54,228 - mazeUtils.moveTile - [moveTile.py:986] - DEBUG - Tof:23.8, nowDist: 0.0 cm, nowHeight: 0.0 cm
2026-05-05 00:06:54,305 - mazeUtils.moveTile - [moveTile.py:986] - DEBUG - Tof:26.4, nowDist: 2.4 cm, nowHeight: 1.1 cm
2026-05-05 00:06:54,380 - mazeUtils.moveTile - [moveTile.py:986] - DEBUG - Tof:28.0, nowDist: 3.8 cm, nowHeight: 1.7 cm
2026-05-05 00:06:54,457 - mazeUtils.moveTile - [moveTile.py:986] - DEBUG - Tof:29.0, nowDist: 4.7 cm, nowHeight: 2.1 cm
2026-05-05 00:06:54,531 - mazeUtils.moveTile - [moveTile.py:986] - DEBUG - Tof:30.6, nowDist: 6.2 cm, nowHeight: 2.8 cm
2026-05-05 00:06:54,606 - mazeUtils.moveTile - [moveTile.py:986] - DEBUG - Tof:31.8, nowDist: 7.3 cm, nowHeight: 3.2 cm
2026-05-05 00:06:54,683 - mazeUtils.moveTile - [moveTile.py:986] - DEBUG - Tof:31.4, nowDist: 6.9 cm, nowHeight: 3.1 cm
2026-05-05 00:06:54,763 - mazeUtils.moveTile - [moveTile.py:986] - DEBUG - Tof:32.0, nowDist: 7.5 cm, nowHeight: 3.3 cm
2026-05-05 00:06:54,838 - mazeUtils.moveTile - [moveTile.py:986] - DEBUG - Tof:32.0, nowDist: 7.5 cm, nowHeight: 3.3 cm
2026-05-05 00:06:54,914 - mazeUtils.moveTile - [moveTile.py:986] - DEBUG - Tof:32.6, nowDist: 8.0 cm, nowHeight: 3.6 cm
2026-05-05 00:06:54,989 - mazeUtils.moveTile - [moveTile.py:986] - DEBUG - Tof:33.0, nowDist: 8.4 cm, nowHeight: 3.7 cm
2026-05-05 00:06:55,066 - mazeUtils.moveTile - [moveTile.py:986] - DEBUG - Tof:34.0, nowDist: 9.3 cm, nowHeight: 4.2 cm
2026-05-05 00:06:55,142 - mazeUtils.moveTile - [moveTile.py:986] - DEBUG - Tof:33.8, nowDist: 9.1 cm, nowHeight: 4.1 cm
2026-05-05 00:06:55,218 - mazeUtils.moveTile - [moveTile.py:986] - DEBUG - Tof:34.8, nowDist: 10.0 cm, nowHeight: 4.5 cm
2026-05-05 00:06:55,294 - mazeUtils.moveTile - [moveTile.py:986] - DEBUG - Tof:35.4, nowDist: 10.6 cm, nowHeight: 4.7 cm
2026-05-05 00:06:55,372 - mazeUtils.moveTile - [moveTile.py:986] - DEBUG - Tof:36.6, nowDist: 11.7 cm, nowHeight: 5.2 cm
2026-05-05 00:06:55,446 - mazeUtils.moveTile - [moveTile.py:986] - DEBUG - Tof:37.6, nowDist: 12.6 cm, nowHeight: 5.7 cm
2026-05-05 00:06:55,521 - mazeUtils.moveTile - [moveTile.py:986] - DEBUG - Tof:37.4, nowDist: 12.4 cm, nowHeight: 5.6 cm
2026-05-05 00:06:55,595 - mazeUtils.moveTile - [moveTile.py:986] - DEBUG - Tof:38.0, nowDist: 12.9 cm, nowHeight: 5.8 cm
2026-05-05 00:06:55,673 - mazeUtils.moveTile - [moveTile.py:986] - DEBUG - Tof:39.0, nowDist: 13.9 cm, nowHeight: 6.3 cm
2026-05-05 00:06:55,747 - mazeUtils.moveTile - [moveTile.py:986] - DEBUG - Tof:39.8, nowDist: 14.6 cm, nowHeight: 6.6 cm
2026-05-05 00:06:55,822 - mazeUtils.moveTile - [moveTile.py:986] - DEBUG - Tof:40.6, nowDist: 15.3 cm, nowHeight: 6.9 cm
2026-05-05 00:06:55,897 - mazeUtils.moveTile - [moveTile.py:986] - DEBUG - Tof:38.8, nowDist: 13.7 cm, nowHeight: 6.1 cm
2026-05-05 00:06:55,972 - mazeUtils.moveTile - [moveTile.py:986] - DEBUG - Tof:36.0, nowDist: 11.4 cm, nowHeight: 4.5 cm
2026-05-05 00:06:56,056 - mazeUtils.moveTile - [moveTile.py:986] - DEBUG - Tof:31.8, nowDist: 8.0 cm, nowHeight: 2.1 cm
2026-05-05 00:06:56,130 - mazeUtils.moveTile - [moveTile.py:986] - DEBUG - Tof:29.4, nowDist: 6.2 cm, nowHeight: 0.5 cm
2026-05-05 00:06:56,207 - mazeUtils.moveTile - [moveTile.py:986] - DEBUG - Tof:26.8, nowDist: 4.3 cm, nowHeight: -1.3 cm
2026-05-05 00:06:56,283 - mazeUtils.moveTile - [moveTile.py:986] - DEBUG - Tof:25.8, nowDist: 3.6 cm, nowHeight: -2.0 cm
2026-05-05 00:06:56,365 - mazeUtils.moveTile - [moveTile.py:986] - DEBUG - Tof:24.8, nowDist: 2.9 cm, nowHeight: -2.7 cm
2026-05-05 00:06:56,440 - mazeUtils.moveTile - [moveTile.py:986] - DEBUG - Tof:24.6, nowDist: 2.8 cm, nowHeight: -2.9 cm
2026-05-05 00:06:56,516 - mazeUtils.moveTile - [moveTile.py:986] - DEBUG - Tof:24.0, nowDist: 2.4 cm, nowHeight: -3.3 cm
2026-05-05 00:06:56,592 - mazeUtils.moveTile - [moveTile.py:986] - DEBUG - Tof:24.2, nowDist: 2.5 cm, nowHeight: -3.2 cm
2026-05-05 00:06:56,667 - mazeUtils.moveTile - [moveTile.py:986] - DEBUG - Tof:26.0, nowDist: 3.8 cm, nowHeight: -1.9 cm
2026-05-05 00:06:56,743 - mazeUtils.moveTile - [moveTile.py:986] - DEBUG - Tof:28.0, nowDist: 5.4 cm, nowHeight: -0.8 cm
2026-05-05 00:06:56,821 - mazeUtils.moveTile - [moveTile.py:986] - DEBUG - Tof:33.0, nowDist: 9.8 cm, nowHeight: 1.7 cm
2026-05-05 00:06:56,897 - mazeUtils.moveTile - [moveTile.py:986] - DEBUG - Tof:37.6, nowDist: 13.5 cm, nowHeight: 4.4 cm
2026-05-05 00:06:56,973 - mazeUtils.moveTile - [moveTile.py:986] - DEBUG - Tof:37.2, nowDist: 13.2 cm, nowHeight: 4.2 cm
2026-05-05 00:06:57,048 - mazeUtils.moveTile - [moveTile.py:986] - DEBUG - Tof:32.2, nowDist: 9.7 cm, nowHeight: 0.5 cm
2026-05-05 00:06:57,123 - mazeUtils.moveTile - [moveTile.py:986] - DEBUG - Tof:28.6, nowDist: 7.5 cm, nowHeight: -2.2 cm
2026-05-05 00:06:57,198 - mazeUtils.moveTile - [moveTile.py:986] - DEBUG - Tof:24.6, nowDist: 5.3 cm, nowHeight: -5.6 cm
2026-05-05 00:06:57,274 - mazeUtils.moveTile - [moveTile.py:986] - DEBUG - Tof:19.4, nowDist: 3.3 cm, nowHeight: -10.4 cm
2026-05-05 00:06:57,350 - mazeUtils.moveTile - [moveTile.py:986] - DEBUG - Tof:15.2, nowDist: 2.6 cm, nowHeight: -14.6 cm
2026-05-05 00:06:57,426 - mazeUtils.moveTile - [moveTile.py:986] - DEBUG - Tof:13.2, nowDist: 2.3 cm, nowHeight: -16.5 cm
2026-05-05 00:06:57,503 - mazeUtils.moveTile - [moveTile.py:986] - DEBUG - Tof:11.2, nowDist: 2.0 cm, nowHeight: -18.5 cm
2026-05-05 00:06:57,579 - mazeUtils.moveTile - [moveTile.py:986] - DEBUG - Tof:10.6, nowDist: 1.8 cm, nowHeight: -19.1 cm
2026-05-05 00:06:57,657 - mazeUtils.moveTile - [moveTile.py:986] - DEBUG - Tof:11.2, nowDist: 2.0 cm, nowHeight: -18.5 cm
2026-05-05 00:06:57,733 - mazeUtils.moveTile - [moveTile.py:986] - DEBUG - Tof:11.2, nowDist: 2.0 cm, nowHeight: -18.5 cm
2026-05-05 00:06:57,813 - mazeUtils.moveTile - [moveTile.py:986] - DEBUG - Tof:11.8, nowDist: 2.1 cm, nowHeight: -17.9 cm
2026-05-05 00:06:57,888 - mazeUtils.moveTile - [moveTile.py:986] - DEBUG - Tof:11.4, nowDist: 2.0 cm, nowHeight: -18.3 cm
2026-05-05 00:06:57,968 - mazeUtils.moveTile - [moveTile.py:986] - DEBUG - Tof:11.6, nowDist: 2.0 cm, nowHeight: -18.1 cm
2026-05-05 00:06:58,045 - mazeUtils.moveTile - [moveTile.py:986] - DEBUG - Tof:11.4, nowDist: 2.0 cm, nowHeight: -18.3 cm
2026-05-05 00:06:58,121 - mazeUtils.moveTile - [moveTile.py:986] - DEBUG - Tof:12.0, nowDist: 2.1 cm, nowHeight: -17.7 cm
2026-05-05 00:06:58,197 - mazeUtils.moveTile - [moveTile.py:986] - DEBUG - Tof:11.6, nowDist: 2.0 cm, nowHeight: -18.1 cm
2026-05-05 00:06:58,274 - mazeUtils.moveTile - [moveTile.py:986] - DEBUG - Tof:12.2, nowDist: 2.2 cm, nowHeight: -17.5 cm
2026-05-05 00:06:58,350 - mazeUtils.moveTile - [moveTile.py:986] - DEBUG - Tof:13.2, nowDist: 2.7 cm, nowHeight: -16.7 cm
2026-05-05 00:06:58,428 - mazeUtils.moveTile - [moveTile.py:986] - DEBUG - Tof:16.0, nowDist: 4.7 cm, nowHeight: -14.7 cm
2026-05-05 00:06:58,503 - mazeUtils.moveTile - [moveTile.py:986] - DEBUG - Tof:19.4, nowDist: 7.8 cm, nowHeight: -13.2 cm
2026-05-05 00:06:58,581 - mazeUtils.moveTile - [moveTile.py:986] - DEBUG - Tof:39.4, nowDist: 26.3 cm, nowHeight: -5.7 cm
2026-05-05 00:06:58,657 - mazeUtils.moveTile - [moveTile.py:986] - DEBUG - Tof:37.6, nowDist: 24.6 cm, nowHeight: -6.3 cm
2026-05-05 00:06:58,734 - mazeUtils.moveTile - [moveTile.py:986] - DEBUG - Tof:36.2, nowDist: 23.2 cm, nowHeight: -6.6 cm
2026-05-05 00:06:58,813 - mazeUtils.moveTile - [moveTile.py:986] - DEBUG - Tof:34.0, nowDist: 21.1 cm, nowHeight: -7.1 cm
2026-05-05 00:06:58,892 - mazeUtils.moveTile - [moveTile.py:986] - DEBUG - Tof:30.4, nowDist: 17.5 cm, nowHeight: -7.6 cm
2026-05-05 00:06:58,893 - mazeUtils.moveTile - [moveTile.py:989] - INFO - Detected big ramp, height: -7.6 cm, distance: 17.5 cm
2026-05-05 00:06:59,584 - mazeUtils.moveTile - [moveTile.py:80] - DEBUG - roll: 7.300000000000011 deg, practicalMoveTime: 0.8384989862706683 sec
2026-05-05 00:06:59,585 - mazeUtils.moveTile - [moveTile.py:1091] - DEBUG - moveTile loop time: 6633.1 ms
2026-05-05 00:06:59,590 - picamera2.picamera2 - [picamera2.py:1391] - DEBUG - Execute job: <picamera2.job.Job object at 0x7f585cd510>
2026-05-05 00:06:59,596 - mazeUtils.device.camera - [camera.py:37] - DEBUG - Average HSV: H=32.9, S=40.5, V=225.2
2026-05-05 00:06:59,623 - mazeUtils.moveTile - [moveTile.py:197] - WARNING - Escape from obstacle on Side.LEFT side
2026-05-05 00:07:00,106 - mazeUtils.moveTile - [moveTile.py:1032] - DEBUG - Obstacle escape adjustment: 0.05214224965493798
2026-05-05 00:07:00,207 - mazeUtils.moveTile - [moveTile.py:80] - DEBUG - roll: 359.33000000000004 deg, practicalMoveTime: 0.7765789821803448 sec
2026-05-05 00:07:00,208 - mazeUtils.moveTile - [moveTile.py:1091] - DEBUG - moveTile loop time: 622.8 ms
2026-05-05 00:07:00,215 - picamera2.picamera2 - [picamera2.py:1391] - DEBUG - Execute job: <picamera2.job.Job object at 0x7f41f59490>
2026-05-05 00:07:00,221 - mazeUtils.device.camera - [camera.py:37] - DEBUG - Average HSV: H=9.5, S=39.6, V=229.3
2026-05-05 00:07:00,248 - mazeUtils.moveTile - [moveTile.py:80] - DEBUG - roll: 358.68 deg, practicalMoveTime: 0.8161779032078166 sec
2026-05-05 00:07:00,249 - mazeUtils.moveTile - [moveTile.py:1091] - DEBUG - moveTile loop time: 40.0 ms
2026-05-05 00:07:00,255 - picamera2.picamera2 - [picamera2.py:1391] - DEBUG - Execute job: <picamera2.job.Job object at 0x7f41ed6790>
2026-05-05 00:07:00,260 - mazeUtils.device.camera - [camera.py:37] - DEBUG - Average HSV: H=50.9, S=33.4, V=226.8
2026-05-05 00:07:00,356 - __main__ - [main.py:84] - INFO - Current position: (20, 20, 0), front direction: absDirection.NORTH
Layer 0 (altitude=0.0cm, offset=(0.0cm, 0.0cm)):
Known map area: x=20..20, y=20..20
+   +
| @  
+---+
Layer 1 (altitude=-12.969719433068807cm, offset=(0.0cm, -30.0cm)):
Known map area: x=20..20, y=20..20
+   +
  U  
+   +
2026-05-05 00:07:03,966 - __main__ - [main.py:144] - INFO - Program interrupted by user.
2026-05-05 00:07:05,038 - mazeUtils.device.stm - [stm.py:214] - DEBUG - ACK resynchronized: type=STS_MOTOR dropped=24B seq=150
2026-05-05 00:07:05,049 - picamera2.picamera2 - [picamera2.py:1391] - DEBUG - Execute job: <picamera2.job.Job object at 0x7f82232f10>
2026-05-05 00:07:05,064 - picamera2.picamera2 - [picamera2.py:1323] - INFO - Camera stopped
2026-05-05 00:07:05,265 - picamera2.picamera2 - [picamera2.py:1329] - DEBUG - Camera was not started
2026-05-05 00:07:05,468 - picamera2.picamera2 - [picamera2.py:723] - INFO - Camera closed successfully.
2026-05-05 00:07:05,641 - picamera2.picamera2 - [picamera2.py:500] - DEBUG - Resources now free: <picamera2.picamera2.Picamera2 object at 0x7f75b2ad90>
