2026-06-17 02:11:24,761 - root - [logging_config.py:61] - INFO - Logging initialized. Log file: /home/tuton/Kanto2026RPi/src/config/../logs/robot_20260617_021124.log
2026-06-17 02:11:26,211 - mazeUtils.device.LiDAR - [LiDAR.py:36] - INFO - Available ports: <ydlidar.Str2strMap; proxy of <Swig Object of type 'std::map< std::string,std::string > *' at 0x7f93bb11d0> >
2026-06-17 02:11:30,619 - mazeUtils.moveTile - [moveTile.py:514] - DEBUG - Direction: absDirection.NORTH, Angle: 0, Distance: 108.34725818338363 cm
2026-06-17 02:11:30,620 - mazeUtils.moveTile - [moveTile.py:537] - DEBUG - Front LiDAR distance: 108.34725818338363 cm, TSD10 distance: 100.4 cm
2026-06-17 02:11:30,621 - mazeUtils.moveTile - [moveTile.py:514] - DEBUG - Direction: absDirection.EAST, Angle: 270, Distance: 17.392966116433108 cm
2026-06-17 02:11:30,622 - mazeUtils.moveTile - [moveTile.py:514] - DEBUG - Direction: absDirection.SOUTH, Angle: 180, Distance: 16.39247697210058 cm
2026-06-17 02:11:30,623 - mazeUtils.moveTile - [moveTile.py:514] - DEBUG - Direction: absDirection.WEST, Angle: 90, Distance: 42.21137341686895 cm
2026-06-17 02:11:30,623 - __main__ - [main.py:70] - INFO - Initial Map:
2026-06-17 02:11:30,630 - __main__ - [main.py:71] - INFO - Current position: (20, 20, 0), front direction: absDirection.NORTH
Layer 0 (altitude=0.0cm, offset=(0.0cm, 0.0cm)):
Known map area: x=20..20, y=20..20
+   +
  @ |
+---+
2026-06-17 02:11:30,631 - mazeUtils.mazeMap - [mazeMap.py:60] - INFO - next goal: (20, 19, 0)
2026-06-17 02:11:30,632 - __main__ - [main.py:74] - INFO - Next Direction: [<absDirection.NORTH: 0>]
2026-06-17 02:11:30,632 - __main__ - [main.py:75] - INFO - Exploration started.
2026-06-17 02:11:30,633 - mazeUtils.mazeMap - [mazeMap.py:60] - INFO - next goal: (20, 19, 0)
2026-06-17 02:11:30,637 - mazeUtils.moveTile - [moveTile.py:80] - DEBUG - Moving to absDirection.NORTH from (20, 20, 0) facing absDirection.NORTH
2026-06-17 02:11:30,754 - mazeUtils.moveTile - [moveTile.py:80] - DEBUG - Little backward to adjust position
2026-06-17 02:11:31,399 - mazeUtils.moveTile - [moveTile.py:80] - DEBUG - roll: 359.71000000000004 deg, practicalMoveTime: 0.049040166202395305 sec
2026-06-17 02:11:31,400 - mazeUtils.moveTile - [moveTile.py:1234] - DEBUG - moveTile loop time: 49.2 ms
2026-06-17 02:11:31,449 - mazeUtils.moveTile - [moveTile.py:80] - DEBUG - roll: 359.74 deg, practicalMoveTime: 0.09834986586892284 sec
2026-06-17 02:11:31,450 - mazeUtils.moveTile - [moveTile.py:1234] - DEBUG - moveTile loop time: 49.6 ms
2026-06-17 02:11:31,498 - mazeUtils.moveTile - [moveTile.py:80] - DEBUG - roll: 358.67 deg, practicalMoveTime: 0.14677178992196233 sec
2026-06-17 02:11:31,499 - mazeUtils.moveTile - [moveTile.py:1234] - DEBUG - moveTile loop time: 48.7 ms
2026-06-17 02:11:31,549 - mazeUtils.moveTile - [moveTile.py:80] - DEBUG - roll: 358.09000000000003 deg, practicalMoveTime: 0.19681258936891138 sec
2026-06-17 02:11:31,549 - mazeUtils.moveTile - [moveTile.py:1234] - DEBUG - moveTile loop time: 50.3 ms
2026-06-17 02:11:31,600 - mazeUtils.moveTile - [moveTile.py:80] - DEBUG - roll: 358.33000000000004 deg, practicalMoveTime: 0.24802650315068792 sec
2026-06-17 02:11:31,601 - mazeUtils.moveTile - [moveTile.py:1234] - DEBUG - moveTile loop time: 51.4 ms
2026-06-17 02:11:31,652 - mazeUtils.moveTile - [moveTile.py:80] - DEBUG - roll: 359.96000000000004 deg, practicalMoveTime: 0.2993768457852337 sec
2026-06-17 02:11:31,653 - mazeUtils.moveTile - [moveTile.py:1234] - DEBUG - moveTile loop time: 51.7 ms
2026-06-17 02:11:31,702 - mazeUtils.moveTile - [moveTile.py:80] - DEBUG - roll: 359.91 deg, practicalMoveTime: 0.3483243581067286 sec
2026-06-17 02:11:31,702 - mazeUtils.moveTile - [moveTile.py:1234] - DEBUG - moveTile loop time: 49.2 ms
2026-06-17 02:11:31,751 - mazeUtils.moveTile - [moveTile.py:80] - DEBUG - roll: 358.89000000000004 deg, practicalMoveTime: 0.3975356836677428 sec
2026-06-17 02:11:31,752 - mazeUtils.moveTile - [moveTile.py:1234] - DEBUG - moveTile loop time: 49.5 ms
2026-06-17 02:11:31,801 - mazeUtils.moveTile - [moveTile.py:80] - DEBUG - roll: 359.33000000000004 deg, practicalMoveTime: 0.44643532857488216 sec
2026-06-17 02:11:31,801 - mazeUtils.moveTile - [moveTile.py:1234] - DEBUG - moveTile loop time: 49.1 ms
2026-06-17 02:11:31,849 - mazeUtils.moveTile - [moveTile.py:80] - DEBUG - roll: 358.67 deg, practicalMoveTime: 0.49420249323528415 sec
2026-06-17 02:11:31,849 - mazeUtils.moveTile - [moveTile.py:1234] - DEBUG - moveTile loop time: 48.0 ms
2026-06-17 02:11:31,897 - mazeUtils.moveTile - [moveTile.py:80] - DEBUG - roll: 359.39000000000004 deg, practicalMoveTime: 0.5420525358433873 sec
2026-06-17 02:11:31,897 - mazeUtils.moveTile - [moveTile.py:1234] - DEBUG - moveTile loop time: 48.1 ms
2026-06-17 02:11:31,947 - mazeUtils.moveTile - [moveTile.py:80] - DEBUG - roll: 358.82 deg, practicalMoveTime: 0.5920025540891646 sec
2026-06-17 02:11:31,948 - mazeUtils.moveTile - [moveTile.py:1234] - DEBUG - moveTile loop time: 50.2 ms
2026-06-17 02:11:31,999 - mazeUtils.moveTile - [moveTile.py:80] - DEBUG - roll: 358.59000000000003 deg, practicalMoveTime: 0.6428122837869763 sec
2026-06-17 02:11:31,999 - mazeUtils.moveTile - [moveTile.py:1234] - DEBUG - moveTile loop time: 51.0 ms
2026-06-17 02:11:32,049 - mazeUtils.moveTile - [moveTile.py:80] - DEBUG - roll: 358.94 deg, practicalMoveTime: 0.6921705482718613 sec
2026-06-17 02:11:32,049 - mazeUtils.moveTile - [moveTile.py:1234] - DEBUG - moveTile loop time: 49.7 ms
2026-06-17 02:11:32,099 - mazeUtils.moveTile - [moveTile.py:80] - DEBUG - roll: 358.79 deg, practicalMoveTime: 0.7417162299477873 sec
2026-06-17 02:11:32,099 - mazeUtils.moveTile - [moveTile.py:1234] - DEBUG - moveTile loop time: 49.8 ms
2026-06-17 02:11:32,150 - mazeUtils.moveTile - [moveTile.py:80] - DEBUG - roll: 358.58000000000004 deg, practicalMoveTime: 0.7924628174192356 sec
2026-06-17 02:11:32,150 - mazeUtils.moveTile - [moveTile.py:1234] - DEBUG - moveTile loop time: 51.2 ms
2026-06-17 02:11:32,202 - mazeUtils.moveTile - [moveTile.py:80] - DEBUG - roll: 358.26 deg, practicalMoveTime: 0.843501380053224 sec
2026-06-17 02:11:32,202 - mazeUtils.moveTile - [moveTile.py:1234] - DEBUG - moveTile loop time: 51.0 ms
2026-06-17 02:11:32,253 - mazeUtils.moveTile - [moveTile.py:80] - DEBUG - roll: 358.02000000000004 deg, practicalMoveTime: 0.8940900449111343 sec
2026-06-17 02:11:32,253 - mazeUtils.moveTile - [moveTile.py:1234] - DEBUG - moveTile loop time: 50.9 ms
2026-06-17 02:11:32,304 - mazeUtils.moveTile - [moveTile.py:1185] - INFO - practicalVerticalMove: -0.5933368822765569 CM
2026-06-17 02:11:32,387 - mazeUtils.moveTile - [moveTile.py:1418] - INFO - Set moved vertical distance: -0.5933368822765569 cm, past distances: [(0, False), (0, False), (0, False)]
2026-06-17 02:11:32,411 - mazeUtils.moveTile - [moveTile.py:514] - DEBUG - Direction: absDirection.NORTH, Angle: 0, Distance: 73.57322208562535 cm
2026-06-17 02:11:32,412 - mazeUtils.moveTile - [moveTile.py:537] - DEBUG - Front LiDAR distance: 73.57322208562535 cm, TSD10 distance: 62.2 cm
2026-06-17 02:11:32,413 - mazeUtils.moveTile - [moveTile.py:514] - DEBUG - Direction: absDirection.EAST, Angle: 270, Distance: 77.93812120200458 cm
2026-06-17 02:11:32,414 - mazeUtils.moveTile - [moveTile.py:514] - DEBUG - Direction: absDirection.SOUTH, Angle: 180, Distance: 56.09958168801295 cm
2026-06-17 02:11:32,415 - mazeUtils.moveTile - [moveTile.py:514] - DEBUG - Direction: absDirection.WEST, Angle: 90, Distance: 15.814988617024575 cm
2026-06-17 02:11:32,416 - mazeUtils.moveTile - [moveTile.py:1533] - INFO - Tile color detection counts: {}, decided tile type: E
2026-06-17 02:11:32,511 - __main__ - [main.py:88] - INFO - Current position: (20, 19, 0), front direction: absDirection.NORTH
Layer 0 (altitude=0.0cm, offset=(0.0cm, 0.0cm)):
Known map area: x=20..20, y=19..20
+   +
| @  
+   +
  S |
+---+
2026-06-17 02:11:32,522 - mazeUtils.mazeMap - [mazeMap.py:60] - INFO - next goal: (20, 18, 0)
2026-06-17 02:11:32,522 - mazeUtils.mazeMap - [mazeMap.py:60] - INFO - next goal: (20, 18, 0)
2026-06-17 02:11:32,529 - mazeUtils.moveTile - [moveTile.py:80] - DEBUG - Moving to absDirection.NORTH from (20, 19, 0) facing absDirection.NORTH
2026-06-17 02:11:32,795 - mazeUtils.moveTile - [moveTile.py:80] - DEBUG - roll: 359.18 deg, practicalMoveTime: 0.04930897178421577 sec
2026-06-17 02:11:32,796 - mazeUtils.moveTile - [moveTile.py:1234] - DEBUG - moveTile loop time: 49.3 ms
2026-06-17 02:11:32,845 - mazeUtils.moveTile - [moveTile.py:80] - DEBUG - roll: 359.09000000000003 deg, practicalMoveTime: 0.09883728352786418 sec
2026-06-17 02:11:32,846 - mazeUtils.moveTile - [moveTile.py:1234] - DEBUG - moveTile loop time: 50.0 ms
2026-06-17 02:11:32,898 - mazeUtils.moveTile - [moveTile.py:80] - DEBUG - roll: 359.38 deg, practicalMoveTime: 0.15090389901208515 sec
2026-06-17 02:11:32,899 - mazeUtils.moveTile - [moveTile.py:1234] - DEBUG - moveTile loop time: 52.4 ms
2026-06-17 02:11:32,949 - mazeUtils.moveTile - [moveTile.py:80] - DEBUG - roll: 358.81 deg, practicalMoveTime: 0.20111069672317122 sec
2026-06-17 02:11:32,950 - mazeUtils.moveTile - [moveTile.py:1234] - DEBUG - moveTile loop time: 50.8 ms
2026-06-17 02:11:33,002 - mazeUtils.moveTile - [moveTile.py:80] - DEBUG - roll: 358.22 deg, practicalMoveTime: 0.25357131320134374 sec
2026-06-17 02:11:33,003 - mazeUtils.moveTile - [moveTile.py:1234] - DEBUG - moveTile loop time: 53.1 ms
2026-06-17 02:11:33,055 - mazeUtils.moveTile - [moveTile.py:80] - DEBUG - roll: 359.03000000000003 deg, practicalMoveTime: 0.30465327871444137 sec
2026-06-17 02:11:33,055 - mazeUtils.moveTile - [moveTile.py:1234] - DEBUG - moveTile loop time: 51.4 ms
2026-06-17 02:11:33,106 - mazeUtils.moveTile - [moveTile.py:80] - DEBUG - roll: 0.03000000000002956 deg, practicalMoveTime: 0.3477484323376898 sec
2026-06-17 02:11:33,107 - mazeUtils.moveTile - [moveTile.py:1234] - DEBUG - moveTile loop time: 50.9 ms
2026-06-17 02:11:33,159 - mazeUtils.moveTile - [moveTile.py:80] - DEBUG - roll: 358.29 deg, practicalMoveTime: 0.3994379160273383 sec
2026-06-17 02:11:33,159 - mazeUtils.moveTile - [moveTile.py:1234] - DEBUG - moveTile loop time: 52.2 ms
2026-06-17 02:11:33,210 - mazeUtils.moveTile - [moveTile.py:80] - DEBUG - roll: 358.49 deg, practicalMoveTime: 0.4498154278082883 sec
2026-06-17 02:11:33,211 - mazeUtils.moveTile - [moveTile.py:1234] - DEBUG - moveTile loop time: 51.5 ms
2026-06-17 02:11:33,263 - mazeUtils.moveTile - [moveTile.py:80] - DEBUG - roll: 358.76 deg, practicalMoveTime: 0.5013773419486725 sec
2026-06-17 02:11:33,264 - mazeUtils.moveTile - [moveTile.py:1234] - DEBUG - moveTile loop time: 51.7 ms
2026-06-17 02:11:33,315 - mazeUtils.moveTile - [moveTile.py:80] - DEBUG - roll: 357.98 deg, practicalMoveTime: 0.5525659297801275 sec
2026-06-17 02:11:33,316 - mazeUtils.moveTile - [moveTile.py:1234] - DEBUG - moveTile loop time: 51.6 ms
2026-06-17 02:11:33,369 - mazeUtils.moveTile - [moveTile.py:80] - DEBUG - roll: 359.09000000000003 deg, practicalMoveTime: 0.6055225066681251 sec
2026-06-17 02:11:33,369 - mazeUtils.moveTile - [moveTile.py:1234] - DEBUG - moveTile loop time: 53.0 ms
2026-06-17 02:11:33,421 - mazeUtils.moveTile - [moveTile.py:80] - DEBUG - roll: 358.33000000000004 deg, practicalMoveTime: 0.6571379851211517 sec
2026-06-17 02:11:33,421 - mazeUtils.moveTile - [moveTile.py:1234] - DEBUG - moveTile loop time: 51.8 ms
2026-06-17 02:11:33,473 - mazeUtils.moveTile - [moveTile.py:80] - DEBUG - roll: 359.29 deg, practicalMoveTime: 0.7085368457604544 sec
2026-06-17 02:11:33,473 - mazeUtils.moveTile - [moveTile.py:1234] - DEBUG - moveTile loop time: 51.7 ms
2026-06-17 02:11:33,524 - mazeUtils.moveTile - [moveTile.py:80] - DEBUG - roll: 358.86 deg, practicalMoveTime: 0.7596062470375242 sec
2026-06-17 02:11:33,525 - mazeUtils.moveTile - [moveTile.py:1234] - DEBUG - moveTile loop time: 51.3 ms
2026-06-17 02:11:33,574 - mazeUtils.moveTile - [moveTile.py:80] - DEBUG - roll: 359.15000000000003 deg, practicalMoveTime: 0.809194953539565 sec
2026-06-17 02:11:33,575 - mazeUtils.moveTile - [moveTile.py:1234] - DEBUG - moveTile loop time: 49.9 ms
2026-06-17 02:11:33,626 - mazeUtils.moveTile - [moveTile.py:80] - DEBUG - roll: 358.56 deg, practicalMoveTime: 0.8602580953815566 sec
2026-06-17 02:11:33,626 - mazeUtils.moveTile - [moveTile.py:1234] - DEBUG - moveTile loop time: 51.3 ms
2026-06-17 02:11:33,676 - mazeUtils.moveTile - [moveTile.py:1185] - INFO - practicalVerticalMove: -0.6135045765607976 CM
2026-06-17 02:11:33,758 - mazeUtils.moveTile - [moveTile.py:1418] - INFO - Set moved vertical distance: -0.6135045765607976 cm, past distances: [(-0.5933368822765569, False), (0, False), (0, False)]
2026-06-17 02:11:33,834 - mazeUtils.moveTile - [moveTile.py:514] - DEBUG - Direction: absDirection.NORTH, Angle: 0, Distance: 42.49838624906644 cm
2026-06-17 02:11:33,834 - mazeUtils.moveTile - [moveTile.py:537] - DEBUG - Front LiDAR distance: 42.49838624906644 cm, TSD10 distance: 28.6 cm
2026-06-17 02:11:33,835 - mazeUtils.moveTile - [moveTile.py:514] - DEBUG - Direction: absDirection.EAST, Angle: 270, Distance: 16.500619712953633 cm
2026-06-17 02:11:33,836 - mazeUtils.moveTile - [moveTile.py:514] - DEBUG - Direction: absDirection.SOUTH, Angle: 180, Distance: 86.57300305875233 cm
2026-06-17 02:11:33,837 - mazeUtils.moveTile - [moveTile.py:514] - DEBUG - Direction: absDirection.WEST, Angle: 90, Distance: 47.59879723786052 cm
2026-06-17 02:11:33,838 - mazeUtils.moveTile - [moveTile.py:1533] - INFO - Tile color detection counts: {}, decided tile type: E
2026-06-17 02:11:33,930 - __main__ - [main.py:88] - INFO - Current position: (20, 18, 0), front direction: absDirection.NORTH
Layer 0 (altitude=0.0cm, offset=(0.0cm, 0.0cm)):
Known map area: x=20..20, y=18..20
+   +
  @ |
+   +
| E  
+   +
  S |
+---+
2026-06-17 02:11:33,944 - mazeUtils.mazeMap - [mazeMap.py:60] - INFO - next goal: (20, 17, 0)
2026-06-17 02:11:33,945 - mazeUtils.mazeMap - [mazeMap.py:60] - INFO - next goal: (20, 17, 0)
2026-06-17 02:11:33,951 - mazeUtils.moveTile - [moveTile.py:80] - DEBUG - Moving to absDirection.NORTH from (20, 18, 0) facing absDirection.NORTH
2026-06-17 02:11:34,189 - mazeUtils.moveTile - [moveTile.py:80] - DEBUG - roll: 358.59000000000003 deg, practicalMoveTime: 0.048986618172787474 sec
2026-06-17 02:11:34,189 - mazeUtils.moveTile - [moveTile.py:1234] - DEBUG - moveTile loop time: 49.3 ms
2026-06-17 02:11:34,240 - mazeUtils.moveTile - [moveTile.py:80] - DEBUG - roll: 358.54 deg, practicalMoveTime: 0.10009912213969496 sec
2026-06-17 02:11:34,241 - mazeUtils.moveTile - [moveTile.py:1234] - DEBUG - moveTile loop time: 51.4 ms
2026-06-17 02:11:34,290 - mazeUtils.moveTile - [moveTile.py:80] - DEBUG - roll: 359.09000000000003 deg, practicalMoveTime: 0.1490154905813794 sec
2026-06-17 02:11:34,290 - mazeUtils.moveTile - [moveTile.py:1234] - DEBUG - moveTile loop time: 49.2 ms
2026-06-17 02:11:34,340 - mazeUtils.moveTile - [moveTile.py:80] - DEBUG - roll: 358.46000000000004 deg, practicalMoveTime: 0.19860008301812623 sec
2026-06-17 02:11:34,341 - mazeUtils.moveTile - [moveTile.py:1234] - DEBUG - moveTile loop time: 50.0 ms
2026-06-17 02:11:34,391 - mazeUtils.moveTile - [moveTile.py:80] - DEBUG - roll: 358.11 deg, practicalMoveTime: 0.24910993785720442 sec
2026-06-17 02:11:34,392 - mazeUtils.moveTile - [moveTile.py:1234] - DEBUG - moveTile loop time: 50.7 ms
2026-06-17 02:11:34,441 - mazeUtils.moveTile - [moveTile.py:80] - DEBUG - roll: 358.07 deg, practicalMoveTime: 0.2982994802620291 sec
2026-06-17 02:11:34,441 - mazeUtils.moveTile - [moveTile.py:1234] - DEBUG - moveTile loop time: 49.5 ms
2026-06-17 02:11:34,490 - mazeUtils.moveTile - [moveTile.py:80] - DEBUG - roll: 359.22 deg, practicalMoveTime: 0.34721915447635304 sec
2026-06-17 02:11:34,491 - mazeUtils.moveTile - [moveTile.py:1234] - DEBUG - moveTile loop time: 49.2 ms
2026-06-17 02:11:34,539 - mazeUtils.moveTile - [moveTile.py:80] - DEBUG - roll: 359.24 deg, practicalMoveTime: 0.3960203361852873 sec
2026-06-17 02:11:34,540 - mazeUtils.moveTile - [moveTile.py:1234] - DEBUG - moveTile loop time: 49.0 ms
2026-06-17 02:11:34,590 - mazeUtils.moveTile - [moveTile.py:80] - DEBUG - roll: 358.43 deg, practicalMoveTime: 0.44585828263221455 sec
2026-06-17 02:11:34,590 - mazeUtils.moveTile - [moveTile.py:1234] - DEBUG - moveTile loop time: 50.0 ms
2026-06-17 02:11:34,641 - mazeUtils.moveTile - [moveTile.py:80] - DEBUG - roll: 357.96000000000004 deg, practicalMoveTime: 0.49688016470002794 sec
2026-06-17 02:11:34,641 - mazeUtils.moveTile - [moveTile.py:1234] - DEBUG - moveTile loop time: 51.3 ms
2026-06-17 02:11:34,691 - mazeUtils.moveTile - [moveTile.py:80] - DEBUG - roll: 357.75 deg, practicalMoveTime: 0.5460956558095788 sec
2026-06-17 02:11:34,691 - mazeUtils.moveTile - [moveTile.py:1234] - DEBUG - moveTile loop time: 49.5 ms
2026-06-17 02:11:34,740 - mazeUtils.moveTile - [moveTile.py:80] - DEBUG - roll: 358.99 deg, practicalMoveTime: 0.594950998279026 sec
2026-06-17 02:11:34,740 - mazeUtils.moveTile - [moveTile.py:1234] - DEBUG - moveTile loop time: 49.1 ms
2026-06-17 02:11:34,789 - mazeUtils.moveTile - [moveTile.py:80] - DEBUG - roll: 359.04 deg, practicalMoveTime: 0.6437610654470836 sec
2026-06-17 02:11:34,790 - mazeUtils.moveTile - [moveTile.py:1234] - DEBUG - moveTile loop time: 49.0 ms
2026-06-17 02:11:34,840 - mazeUtils.moveTile - [moveTile.py:80] - DEBUG - roll: 359.0 deg, practicalMoveTime: 0.6936182397831758 sec
2026-06-17 02:11:34,840 - mazeUtils.moveTile - [moveTile.py:1234] - DEBUG - moveTile loop time: 50.0 ms
2026-06-17 02:11:34,891 - mazeUtils.moveTile - [moveTile.py:80] - DEBUG - roll: 358.74 deg, practicalMoveTime: 0.7449187559773612 sec
2026-06-17 02:11:34,892 - mazeUtils.moveTile - [moveTile.py:1234] - DEBUG - moveTile loop time: 51.6 ms
2026-06-17 02:11:34,944 - mazeUtils.moveTile - [moveTile.py:80] - DEBUG - roll: 358.77000000000004 deg, practicalMoveTime: 0.7968958552277184 sec
2026-06-17 02:11:34,944 - mazeUtils.moveTile - [moveTile.py:1234] - DEBUG - moveTile loop time: 52.3 ms
2026-06-17 02:11:35,079 - mazeUtils.moveTile - [moveTile.py:1418] - INFO - Set moved vertical distance: -0.676484826891405 cm, past distances: [(-0.6135045765607976, False), (-0.5933368822765569, False), (0, False)]
2026-06-17 02:11:35,113 - mazeUtils.moveTile - [moveTile.py:514] - DEBUG - Direction: absDirection.NORTH, Angle: 0, Distance: 11.525816950628736 cm
2026-06-17 02:11:35,114 - mazeUtils.moveTile - [moveTile.py:537] - DEBUG - Front LiDAR distance: 11.525816950628736 cm, TSD10 distance: 0.8 cm
2026-06-17 02:11:35,115 - mazeUtils.moveTile - [moveTile.py:514] - DEBUG - Direction: absDirection.EAST, Angle: 270, Distance: 104.7001987705093 cm
2026-06-17 02:11:35,115 - mazeUtils.moveTile - [moveTile.py:514] - DEBUG - Direction: absDirection.SOUTH, Angle: 180, Distance: 115.17308010719228 cm
2026-06-17 02:11:35,116 - mazeUtils.moveTile - [moveTile.py:514] - DEBUG - Direction: absDirection.WEST, Angle: 90, Distance: 17.581808547192534 cm
2026-06-17 02:11:35,117 - mazeUtils.moveTile - [moveTile.py:1533] - INFO - Tile color detection counts: {}, decided tile type: E
2026-06-17 02:11:35,209 - __main__ - [main.py:88] - INFO - Current position: (20, 17, 0), front direction: absDirection.NORTH
Layer 0 (altitude=0.0cm, offset=(0.0cm, 0.0cm)):
Known map area: x=20..20, y=17..20
+---+
| @  
+   +
  E |
+   +
| E  
+   +
  S |
+---+
2026-06-17 02:11:35,219 - mazeUtils.mazeMap - [mazeMap.py:60] - INFO - next goal: (21, 17, 0)
2026-06-17 02:11:35,220 - mazeUtils.mazeMap - [mazeMap.py:60] - INFO - next goal: (21, 17, 0)
2026-06-17 02:11:35,224 - mazeUtils.moveTile - [moveTile.py:80] - DEBUG - Moving to absDirection.EAST from (20, 17, 0) facing absDirection.NORTH
2026-06-17 02:11:35,270 - mazeUtils.moveTile - [moveTile.py:80] - DEBUG - current heading: 0.9499999999999886 target: 315
2026-06-17 02:11:35,796 - mazeUtils.moveTile - [moveTile.py:389] - DEBUG - stopped turning at heading: 324.83, diff: 9.829999999999984
2026-06-17 02:11:36,572 - mazeUtils.moveTile - [moveTile.py:80] - DEBUG - Turned to heading: 315.2 deg
2026-06-17 02:11:37,127 - mazeUtils.moveTile - [moveTile.py:80] - DEBUG - current heading: 314.96999999999997 target: 270
2026-06-17 02:11:37,477 - mazeUtils.moveTile - [moveTile.py:389] - DEBUG - stopped turning at heading: 279.79, diff: 9.79000000000002
2026-06-17 02:11:37,573 - mazeUtils.moveTile - [moveTile.py:80] - DEBUG - Turned to heading: 270.14 deg
2026-06-17 02:11:37,659 - mazeUtils.moveTile - [moveTile.py:80] - DEBUG - Little backward to adjust position
2026-06-17 02:11:37,876 - mazeUtils.moveTile - [moveTile.py:80] - DEBUG - roll: 357.42 deg, practicalMoveTime: 0.05209262350894327 sec
2026-06-17 02:11:37,877 - mazeUtils.moveTile - [moveTile.py:1234] - DEBUG - moveTile loop time: 51.5 ms
2026-06-17 02:11:37,928 - mazeUtils.moveTile - [moveTile.py:80] - DEBUG - roll: 358.74 deg, practicalMoveTime: 0.10315620893816495 sec
2026-06-17 02:11:37,928 - mazeUtils.moveTile - [moveTile.py:1234] - DEBUG - moveTile loop time: 51.3 ms
2026-06-17 02:11:37,977 - mazeUtils.moveTile - [moveTile.py:80] - DEBUG - roll: 359.5 deg, practicalMoveTime: 0.15207283191360582 sec
2026-06-17 02:11:37,977 - mazeUtils.moveTile - [moveTile.py:1234] - DEBUG - moveTile loop time: 49.0 ms
2026-06-17 02:11:38,029 - mazeUtils.moveTile - [moveTile.py:80] - DEBUG - roll: 357.49 deg, practicalMoveTime: 0.20320170993611744 sec
2026-06-17 02:11:38,029 - mazeUtils.moveTile - [moveTile.py:1234] - DEBUG - moveTile loop time: 51.5 ms
2026-06-17 02:11:38,078 - mazeUtils.moveTile - [moveTile.py:80] - DEBUG - roll: 358.65000000000003 deg, practicalMoveTime: 0.25227870771794647 sec
2026-06-17 02:11:38,079 - mazeUtils.moveTile - [moveTile.py:1234] - DEBUG - moveTile loop time: 49.4 ms
2026-06-17 02:11:38,128 - mazeUtils.moveTile - [moveTile.py:80] - DEBUG - roll: 0.37999999999999545 deg, practicalMoveTime: 0.2941229660086276 sec
2026-06-17 02:11:38,128 - mazeUtils.moveTile - [moveTile.py:1234] - DEBUG - moveTile loop time: 49.5 ms
2026-06-17 02:11:38,180 - mazeUtils.moveTile - [moveTile.py:80] - DEBUG - roll: 2.140000000000043 deg, practicalMoveTime: 0.33748272813098035 sec
2026-06-17 02:11:38,180 - mazeUtils.moveTile - [moveTile.py:1234] - DEBUG - moveTile loop time: 51.3 ms
2026-06-17 02:11:38,230 - mazeUtils.moveTile - [moveTile.py:80] - DEBUG - roll: 1.9399999999999977 deg, practicalMoveTime: 0.3798744763064643 sec
2026-06-17 02:11:38,230 - mazeUtils.moveTile - [moveTile.py:1234] - DEBUG - moveTile loop time: 50.1 ms
2026-06-17 02:11:38,282 - mazeUtils.moveTile - [moveTile.py:80] - DEBUG - roll: 1.6400000000000432 deg, practicalMoveTime: 0.4235343798742417 sec
2026-06-17 02:11:38,282 - mazeUtils.moveTile - [moveTile.py:1234] - DEBUG - moveTile loop time: 51.7 ms
2026-06-17 02:11:38,334 - mazeUtils.moveTile - [moveTile.py:80] - DEBUG - roll: 0.1500000000000341 deg, practicalMoveTime: 0.46731517657095567 sec
2026-06-17 02:11:38,334 - mazeUtils.moveTile - [moveTile.py:1234] - DEBUG - moveTile loop time: 52.1 ms
2026-06-17 02:11:38,385 - mazeUtils.moveTile - [moveTile.py:80] - DEBUG - roll: 0.8700000000000045 deg, practicalMoveTime: 0.510218338348023 sec
2026-06-17 02:11:38,386 - mazeUtils.moveTile - [moveTile.py:1234] - DEBUG - moveTile loop time: 50.9 ms
2026-06-17 02:11:38,437 - mazeUtils.moveTile - [moveTile.py:80] - DEBUG - roll: 1.2000000000000455 deg, practicalMoveTime: 0.5537611375956646 sec
2026-06-17 02:11:38,438 - mazeUtils.moveTile - [moveTile.py:1234] - DEBUG - moveTile loop time: 51.5 ms
2026-06-17 02:11:38,489 - mazeUtils.moveTile - [moveTile.py:80] - DEBUG - roll: 0.5900000000000318 deg, practicalMoveTime: 0.5974868727830562 sec
2026-06-17 02:11:38,490 - mazeUtils.moveTile - [moveTile.py:1234] - DEBUG - moveTile loop time: 51.8 ms
2026-06-17 02:11:38,541 - mazeUtils.moveTile - [moveTile.py:80] - DEBUG - roll: 358.54 deg, practicalMoveTime: 0.6487714590804919 sec
2026-06-17 02:11:38,542 - mazeUtils.moveTile - [moveTile.py:1234] - DEBUG - moveTile loop time: 51.7 ms
2026-06-17 02:11:38,593 - mazeUtils.moveTile - [moveTile.py:80] - DEBUG - roll: 357.8 deg, practicalMoveTime: 0.6993034811655487 sec
2026-06-17 02:11:38,593 - mazeUtils.moveTile - [moveTile.py:1234] - DEBUG - moveTile loop time: 51.0 ms
2026-06-17 02:11:38,645 - mazeUtils.moveTile - [moveTile.py:80] - DEBUG - roll: 359.24 deg, practicalMoveTime: 0.7505320272874694 sec
2026-06-17 02:11:38,645 - mazeUtils.moveTile - [moveTile.py:1234] - DEBUG - moveTile loop time: 51.5 ms
2026-06-17 02:11:38,697 - mazeUtils.moveTile - [moveTile.py:80] - DEBUG - roll: 357.20000000000005 deg, practicalMoveTime: 0.8015222190694903 sec
2026-06-17 02:11:38,697 - mazeUtils.moveTile - [moveTile.py:1234] - DEBUG - moveTile loop time: 51.5 ms
2026-06-17 02:11:38,749 - mazeUtils.moveTile - [moveTile.py:80] - DEBUG - roll: 358.55 deg, practicalMoveTime: 0.8527045455581135 sec
2026-06-17 02:11:38,749 - mazeUtils.moveTile - [moveTile.py:1234] - DEBUG - moveTile loop time: 51.4 ms
2026-06-17 02:11:38,800 - mazeUtils.moveTile - [moveTile.py:1185] - INFO - practicalVerticalMove: -0.2929499912747428 CM
2026-06-17 02:11:38,888 - mazeUtils.moveTile - [moveTile.py:1418] - INFO - Set moved vertical distance: -0.2929499912747428 cm, past distances: [(-0.676484826891405, False), (-0.6135045765607976, False), (-0.5933368822765569, False)]
2026-06-17 02:11:38,905 - mazeUtils.moveTile - [moveTile.py:514] - DEBUG - Direction: absDirection.NORTH, Angle: 90, Distance: 18.700828524296625 cm
2026-06-17 02:11:38,907 - mazeUtils.moveTile - [moveTile.py:514] - DEBUG - Direction: absDirection.EAST, Angle: 0, Distance: 72.56960421815128 cm
2026-06-17 02:11:38,908 - mazeUtils.moveTile - [moveTile.py:537] - DEBUG - Front LiDAR distance: 72.56960421815128 cm, TSD10 distance: 61.4 cm
2026-06-17 02:11:38,910 - mazeUtils.moveTile - [moveTile.py:514] - DEBUG - Direction: absDirection.SOUTH, Angle: 270, Distance: 15.331752828779896 cm
2026-06-17 02:11:38,912 - mazeUtils.moveTile - [moveTile.py:514] - DEBUG - Direction: absDirection.WEST, Angle: 180, Distance: 54.308756147651216 cm
2026-06-17 02:11:38,913 - mazeUtils.moveTile - [moveTile.py:1533] - INFO - Tile color detection counts: {}, decided tile type: E
2026-06-17 02:11:39,012 - __main__ - [main.py:88] - INFO - Current position: (21, 17, 0), front direction: absDirection.EAST
Layer 0 (altitude=0.0cm, offset=(0.0cm, 0.0cm)):
Known map area: x=20..21, y=17..20
+---+---+
| E   @  
+   +---+
  E | U  
+   +   +
| E   U  
+   +   +
  S | U  
+---+   +
2026-06-17 02:11:39,021 - mazeUtils.mazeMap - [mazeMap.py:60] - INFO - next goal: (22, 17, 0)
2026-06-17 02:11:39,022 - mazeUtils.mazeMap - [mazeMap.py:60] - INFO - next goal: (22, 17, 0)
2026-06-17 02:11:39,027 - mazeUtils.moveTile - [moveTile.py:80] - DEBUG - Moving to absDirection.EAST from (21, 17, 0) facing absDirection.EAST
2026-06-17 02:11:39,279 - mazeUtils.moveTile - [moveTile.py:80] - DEBUG - roll: 358.66 deg, practicalMoveTime: 0.05233310603685209 sec
2026-06-17 02:11:39,279 - mazeUtils.moveTile - [moveTile.py:1234] - DEBUG - moveTile loop time: 51.0 ms
2026-06-17 02:11:39,330 - mazeUtils.moveTile - [moveTile.py:80] - DEBUG - roll: 357.98 deg, practicalMoveTime: 0.10318406468038924 sec
2026-06-17 02:11:39,331 - mazeUtils.moveTile - [moveTile.py:1234] - DEBUG - moveTile loop time: 51.4 ms
2026-06-17 02:11:39,381 - mazeUtils.moveTile - [moveTile.py:80] - DEBUG - roll: 358.41 deg, practicalMoveTime: 0.15267190588387164 sec
2026-06-17 02:11:39,381 - mazeUtils.moveTile - [moveTile.py:1234] - DEBUG - moveTile loop time: 49.9 ms
2026-06-17 02:11:39,433 - mazeUtils.moveTile - [moveTile.py:80] - DEBUG - roll: 358.87 deg, practicalMoveTime: 0.20398605364185313 sec
2026-06-17 02:11:39,433 - mazeUtils.moveTile - [moveTile.py:1234] - DEBUG - moveTile loop time: 51.5 ms
2026-06-17 02:11:39,485 - mazeUtils.moveTile - [moveTile.py:80] - DEBUG - roll: 359.63 deg, practicalMoveTime: 0.2557394491497165 sec
2026-06-17 02:11:39,485 - mazeUtils.moveTile - [moveTile.py:1234] - DEBUG - moveTile loop time: 51.9 ms
2026-06-17 02:11:39,535 - mazeUtils.moveTile - [moveTile.py:80] - DEBUG - roll: 358.98 deg, practicalMoveTime: 0.30503040065145026 sec
2026-06-17 02:11:39,535 - mazeUtils.moveTile - [moveTile.py:1234] - DEBUG - moveTile loop time: 49.6 ms
2026-06-17 02:11:39,586 - mazeUtils.moveTile - [moveTile.py:80] - DEBUG - roll: 358.57 deg, practicalMoveTime: 0.3560580141019758 sec
2026-06-17 02:11:39,587 - mazeUtils.moveTile - [moveTile.py:1234] - DEBUG - moveTile loop time: 51.3 ms
2026-06-17 02:11:39,636 - mazeUtils.moveTile - [moveTile.py:80] - DEBUG - roll: 358.62 deg, practicalMoveTime: 0.40492703557924636 sec
2026-06-17 02:11:39,636 - mazeUtils.moveTile - [moveTile.py:1234] - DEBUG - moveTile loop time: 49.1 ms
2026-06-17 02:11:39,685 - mazeUtils.moveTile - [moveTile.py:80] - DEBUG - roll: 359.86 deg, practicalMoveTime: 0.4542769115267808 sec
2026-06-17 02:11:39,686 - mazeUtils.moveTile - [moveTile.py:1234] - DEBUG - moveTile loop time: 49.7 ms
2026-06-17 02:11:39,738 - mazeUtils.moveTile - [moveTile.py:80] - DEBUG - roll: 359.55 deg, practicalMoveTime: 0.5063964664019264 sec
2026-06-17 02:11:39,738 - mazeUtils.moveTile - [moveTile.py:1234] - DEBUG - moveTile loop time: 52.4 ms
2026-06-17 02:11:39,788 - mazeUtils.moveTile - [moveTile.py:80] - DEBUG - roll: 359.56 deg, practicalMoveTime: 0.5562855134776075 sec
2026-06-17 02:11:39,789 - mazeUtils.moveTile - [moveTile.py:1234] - DEBUG - moveTile loop time: 50.1 ms
2026-06-17 02:11:39,839 - mazeUtils.moveTile - [moveTile.py:80] - DEBUG - roll: 359.12 deg, practicalMoveTime: 0.6071013004333099 sec
2026-06-17 02:11:39,840 - mazeUtils.moveTile - [moveTile.py:1234] - DEBUG - moveTile loop time: 51.1 ms
2026-06-17 02:11:39,889 - mazeUtils.moveTile - [moveTile.py:80] - DEBUG - roll: 358.95000000000005 deg, practicalMoveTime: 0.6560201535229369 sec
2026-06-17 02:11:39,889 - mazeUtils.moveTile - [moveTile.py:1234] - DEBUG - moveTile loop time: 49.2 ms
2026-06-17 02:11:39,939 - mazeUtils.moveTile - [moveTile.py:80] - DEBUG - roll: 359.0 deg, practicalMoveTime: 0.7052177241268013 sec
2026-06-17 02:11:39,939 - mazeUtils.moveTile - [moveTile.py:1234] - DEBUG - moveTile loop time: 49.5 ms
2026-06-17 02:11:40,087 - mazeUtils.moveTile - [moveTile.py:80] - DEBUG - roll: 359.41 deg, practicalMoveTime: 0.8527614377709553 sec
2026-06-17 02:11:40,087 - mazeUtils.moveTile - [moveTile.py:1234] - DEBUG - moveTile loop time: 147.8 ms
2026-06-17 02:11:40,138 - mazeUtils.moveTile - [moveTile.py:1185] - INFO - practicalVerticalMove: -0.49534314785233763 CM
2026-06-17 02:11:40,220 - mazeUtils.moveTile - [moveTile.py:1418] - INFO - Set moved vertical distance: -0.49534314785233763 cm, past distances: [(-0.2929499912747428, False), (-0.676484826891405, False), (-0.6135045765607976, False)]
2026-06-17 02:11:40,295 - mazeUtils.moveTile - [moveTile.py:514] - DEBUG - Direction: absDirection.NORTH, Angle: 90, Distance: 68.47767130881991 cm
2026-06-17 02:11:40,296 - mazeUtils.moveTile - [moveTile.py:514] - DEBUG - Direction: absDirection.EAST, Angle: 0, Distance: 31.2104623040896 cm
2026-06-17 02:11:40,296 - mazeUtils.moveTile - [moveTile.py:537] - DEBUG - Front LiDAR distance: 31.2104623040896 cm, TSD10 distance: 13.3 cm
2026-06-17 02:11:40,297 - mazeUtils.moveTile - [moveTile.py:514] - DEBUG - Direction: absDirection.SOUTH, Angle: 270, Distance: 136.2237031461016 cm
2026-06-17 02:11:40,298 - mazeUtils.moveTile - [moveTile.py:514] - DEBUG - Direction: absDirection.WEST, Angle: 180, Distance: 74.82157598999277 cm
2026-06-17 02:11:40,298 - mazeUtils.moveTile - [moveTile.py:1533] - INFO - Tile color detection counts: {}, decided tile type: E
2026-06-17 02:11:40,391 - __main__ - [main.py:88] - INFO - Current position: (22, 17, 0), front direction: absDirection.EAST
Layer 0 (altitude=0.0cm, offset=(0.0cm, 0.0cm)):
Known map area: x=20..22, y=17..20
+---+---+   +
| E   E   @  
+   +---+   +
  E | U   U  
+   +   +   +
| E   U   U  
+   +   +   +
  S | U   U  
+---+   +   +
2026-06-17 02:11:40,404 - mazeUtils.mazeMap - [mazeMap.py:60] - INFO - next goal: (23, 17, 0)
2026-06-17 02:11:40,405 - mazeUtils.mazeMap - [mazeMap.py:60] - INFO - next goal: (23, 17, 0)
2026-06-17 02:11:40,410 - mazeUtils.moveTile - [moveTile.py:80] - DEBUG - Moving to absDirection.EAST from (22, 17, 0) facing absDirection.EAST
2026-06-17 02:11:40,666 - mazeUtils.moveTile - [moveTile.py:80] - DEBUG - roll: 359.68 deg, practicalMoveTime: 0.05117479617626067 sec
2026-06-17 02:11:40,666 - mazeUtils.moveTile - [moveTile.py:1234] - DEBUG - moveTile loop time: 51.3 ms
2026-06-17 02:11:40,715 - mazeUtils.moveTile - [moveTile.py:80] - DEBUG - roll: 359.64000000000004 deg, practicalMoveTime: 0.10000958659481027 sec
2026-06-17 02:11:40,715 - mazeUtils.moveTile - [moveTile.py:1234] - DEBUG - moveTile loop time: 49.0 ms
2026-06-17 02:11:40,765 - mazeUtils.moveTile - [moveTile.py:80] - DEBUG - roll: 358.56 deg, practicalMoveTime: 0.14987886692745012 sec
2026-06-17 02:11:40,765 - mazeUtils.moveTile - [moveTile.py:1234] - DEBUG - moveTile loop time: 50.1 ms
2026-06-17 02:11:40,817 - mazeUtils.moveTile - [moveTile.py:80] - DEBUG - roll: 0.05000000000001137 deg, practicalMoveTime: 0.19391210335373282 sec
2026-06-17 02:11:40,818 - mazeUtils.moveTile - [moveTile.py:1234] - DEBUG - moveTile loop time: 52.1 ms
2026-06-17 02:11:40,869 - mazeUtils.moveTile - [moveTile.py:80] - DEBUG - roll: 359.11 deg, practicalMoveTime: 0.24497281803708543 sec
2026-06-17 02:11:40,869 - mazeUtils.moveTile - [moveTile.py:1234] - DEBUG - moveTile loop time: 51.4 ms
2026-06-17 02:11:40,920 - mazeUtils.moveTile - [moveTile.py:80] - DEBUG - roll: 358.92 deg, practicalMoveTime: 0.2961026112058363 sec
2026-06-17 02:11:40,921 - mazeUtils.moveTile - [moveTile.py:1234] - DEBUG - moveTile loop time: 51.4 ms
2026-06-17 02:11:40,970 - mazeUtils.moveTile - [moveTile.py:80] - DEBUG - roll: 359.55 deg, practicalMoveTime: 0.34496737602757455 sec
2026-06-17 02:11:40,970 - mazeUtils.moveTile - [moveTile.py:1234] - DEBUG - moveTile loop time: 49.2 ms
2026-06-17 02:11:41,019 - mazeUtils.moveTile - [moveTile.py:80] - DEBUG - roll: 0.4900000000000091 deg, practicalMoveTime: 0.38675408019610386 sec
2026-06-17 02:11:41,020 - mazeUtils.moveTile - [moveTile.py:1234] - DEBUG - moveTile loop time: 49.4 ms
2026-06-17 02:11:41,071 - mazeUtils.moveTile - [moveTile.py:80] - DEBUG - roll: 359.39000000000004 deg, practicalMoveTime: 0.4382078537981539 sec
2026-06-17 02:11:41,072 - mazeUtils.moveTile - [moveTile.py:1234] - DEBUG - moveTile loop time: 51.8 ms
2026-06-17 02:11:41,123 - mazeUtils.moveTile - [moveTile.py:80] - DEBUG - roll: 359.53000000000003 deg, practicalMoveTime: 0.48934501110921447 sec
2026-06-17 02:11:41,123 - mazeUtils.moveTile - [moveTile.py:1234] - DEBUG - moveTile loop time: 51.4 ms
2026-06-17 02:11:41,174 - mazeUtils.moveTile - [moveTile.py:80] - DEBUG - roll: 359.93 deg, practicalMoveTime: 0.5400814005511091 sec
2026-06-17 02:11:41,174 - mazeUtils.moveTile - [moveTile.py:1234] - DEBUG - moveTile loop time: 51.0 ms
2026-06-17 02:11:41,227 - mazeUtils.moveTile - [moveTile.py:80] - DEBUG - roll: 358.43 deg, practicalMoveTime: 0.5922037311937085 sec
2026-06-17 02:11:41,227 - mazeUtils.moveTile - [moveTile.py:1234] - DEBUG - moveTile loop time: 52.4 ms
2026-06-17 02:11:41,276 - mazeUtils.moveTile - [moveTile.py:80] - DEBUG - roll: 0.009999999999990905 deg, practicalMoveTime: 0.6340695800509892 sec
2026-06-17 02:11:41,277 - mazeUtils.moveTile - [moveTile.py:1234] - DEBUG - moveTile loop time: 49.5 ms
2026-06-17 02:11:41,328 - mazeUtils.moveTile - [moveTile.py:80] - DEBUG - roll: 359.78000000000003 deg, practicalMoveTime: 0.6852264390327724 sec
2026-06-17 02:11:41,328 - mazeUtils.moveTile - [moveTile.py:1234] - DEBUG - moveTile loop time: 51.5 ms
2026-06-17 02:11:41,379 - mazeUtils.moveTile - [moveTile.py:80] - DEBUG - roll: 359.78000000000003 deg, practicalMoveTime: 0.7362507382617772 sec
2026-06-17 02:11:41,380 - mazeUtils.moveTile - [moveTile.py:1234] - DEBUG - moveTile loop time: 51.2 ms
2026-06-17 02:11:41,429 - mazeUtils.moveTile - [moveTile.py:80] - DEBUG - roll: 359.33000000000004 deg, practicalMoveTime: 0.7854483860167667 sec
2026-06-17 02:11:41,429 - mazeUtils.moveTile - [moveTile.py:1234] - DEBUG - moveTile loop time: 49.5 ms
2026-06-17 02:11:41,480 - mazeUtils.moveTile - [moveTile.py:80] - DEBUG - roll: 359.86 deg, practicalMoveTime: 0.8354145721514337 sec
2026-06-17 02:11:41,480 - mazeUtils.moveTile - [moveTile.py:1234] - DEBUG - moveTile loop time: 50.2 ms
2026-06-17 02:11:41,531 - mazeUtils.moveTile - [moveTile.py:80] - DEBUG - roll: 0.21000000000003638 deg, practicalMoveTime: 0.8788598317314842 sec
2026-06-17 02:11:41,531 - mazeUtils.moveTile - [moveTile.py:1234] - DEBUG - moveTile loop time: 51.3 ms
2026-06-17 02:11:41,582 - mazeUtils.moveTile - [moveTile.py:1185] - INFO - practicalVerticalMove: -0.2460878280769921 CM
2026-06-17 02:11:41,667 - mazeUtils.moveTile - [moveTile.py:1418] - INFO - Set moved vertical distance: -0.2460878280769921 cm, past distances: [(-0.49534314785233763, False), (-0.2929499912747428, False), (-0.676484826891405, False)]
2026-06-17 02:11:41,702 - mazeUtils.moveTile - [moveTile.py:514] - DEBUG - Direction: absDirection.NORTH, Angle: 90, Distance: 14.960112379793518 cm
2026-06-17 02:11:41,704 - mazeUtils.moveTile - [moveTile.py:514] - DEBUG - Direction: absDirection.EAST, Angle: 0, Distance: 26.292176813831883 cm
2026-06-17 02:11:41,704 - mazeUtils.moveTile - [moveTile.py:537] - DEBUG - Front LiDAR distance: 26.292176813831883 cm, TSD10 distance: 12.7 cm
2026-06-17 02:11:41,706 - mazeUtils.moveTile - [moveTile.py:514] - DEBUG - Direction: absDirection.SOUTH, Angle: 270, Distance: 124.31294053627288 cm
2026-06-17 02:11:41,707 - mazeUtils.moveTile - [moveTile.py:514] - DEBUG - Direction: absDirection.WEST, Angle: 180, Distance: 49.40208998401467 cm
2026-06-17 02:11:41,707 - mazeUtils.moveTile - [moveTile.py:1533] - INFO - Tile color detection counts: {}, decided tile type: E
2026-06-17 02:11:41,798 - __main__ - [main.py:88] - INFO - Current position: (23, 17, 0), front direction: absDirection.EAST
Layer 0 (altitude=0.0cm, offset=(0.0cm, 0.0cm)):
Known map area: x=20..23, y=17..20
+---+---+   +---+
| E   E   E   @ |
+   +---+   +   +
  E | U   U   U  
+   +   +   +   +
| E   U   U   U  
+   +   +   +   +
  S | U   U   U  
+---+   +   +   +
2026-06-17 02:11:41,809 - mazeUtils.mazeMap - [mazeMap.py:60] - INFO - next goal: (23, 18, 0)
2026-06-17 02:11:41,809 - mazeUtils.mazeMap - [mazeMap.py:60] - INFO - next goal: (23, 18, 0)
2026-06-17 02:11:41,815 - mazeUtils.moveTile - [moveTile.py:80] - DEBUG - Moving to absDirection.SOUTH from (23, 17, 0) facing absDirection.EAST
2026-06-17 02:11:41,860 - mazeUtils.moveTile - [moveTile.py:80] - DEBUG - current heading: 196.57999999999998 target: 225
2026-06-17 02:11:42,666 - mazeUtils.moveTile - [moveTile.py:389] - DEBUG - stopped turning at heading: 215.16, diff: 9.840000000000003
2026-06-17 02:11:44,345 - __main__ - [main.py:148] - INFO - Program interrupted by user.
2026-06-17 02:11:45,426 - mazeUtils.device.stm - [stm.py:216] - DEBUG - ACK resynchronized: type=STS_MOTOR dropped=24B seq=51
