2026-05-26 18:24:55,902 - root - [logging_config.py:61] - INFO - Logging initialized. Log file: /home/tuton/Kanto2026RPi/src/config/../logs/robot_20260526_182454.log
2026-05-26 18:24:56,355 - mazeUtils.mazeMap - [mazeMap.py:167] - WARNING - ArduinoNanoEveryUART init failed: [Errno 2] could not open port /dev/ttyUSB0: [Errno 2] No such file or directory: '/dev/ttyUSB0'
2026-05-26 18:24:57,394 - mazeUtils.device.LiDAR - [LiDAR.py:36] - INFO - Available ports: <ydlidar.Str2strMap; proxy of <Swig Object of type 'std::map< std::string,std::string > *' at 0x7f812841b0> >
2026-05-26 18:25:01,416 - mazeUtils.moveTile - [moveTile.py:511] - DEBUG - Direction: absDirection.NORTH, Angle: 0, Distance: 46.15860152587902 cm
2026-05-26 18:25:01,417 - mazeUtils.moveTile - [moveTile.py:511] - DEBUG - Direction: absDirection.EAST, Angle: 270, Distance: 16.757814346429644 cm
2026-05-26 18:25:01,418 - mazeUtils.moveTile - [moveTile.py:511] - DEBUG - Direction: absDirection.SOUTH, Angle: 180, Distance: 109.05925921454106 cm
2026-05-26 18:25:01,420 - mazeUtils.moveTile - [moveTile.py:511] - DEBUG - Direction: absDirection.WEST, Angle: 90, Distance: 48.55139790214584 cm
2026-05-26 18:25:02,376 - __main__ - [main.py:69] - INFO - Initial Map:
2026-05-26 18:25:02,391 - __main__ - [main.py:70] - INFO - Current position: (20, 20, 0), front direction: absDirection.NORTH
Layer 0 (altitude=0.0cm, offset=(0.0cm, 0.0cm)):
Known map area: x=20..20, y=20..20
+   +
  @ |
+   +
mazeAsGraph[0][20][20] = {absDirection.NORTH: (20, 19, 0), absDirection.EAST: None, absDirection.SOUTH: (20, 21, 0), absDirection.WEST: (19, 20, 0)}
2026-05-26 18:25:02,392 - mazeUtils.mazeMap - [mazeMap.py:61] - INFO - next goal: (20, 19, 0)
2026-05-26 18:25:02,393 - __main__ - [main.py:73] - INFO - Next Direction: [<absDirection.NORTH: 0>]
2026-05-26 18:25:02,394 - __main__ - [main.py:74] - INFO - Exploration started.
2026-05-26 18:25:02,394 - mazeUtils.mazeMap - [mazeMap.py:61] - INFO - next goal: (20, 19, 0)
2026-05-26 18:25:02,402 - mazeUtils.moveTile - [moveTile.py:80] - DEBUG - Moving to absDirection.NORTH from (20, 20, 0) facing absDirection.NORTH
2026-05-26 18:25:02,502 - picamera2.picamera2 - [picamera2.py:1391] - DEBUG - Execute job: <picamera2.job.Job object at 0x7f5bc12a90>
2026-05-26 18:25:02,508 - mazeUtils.device.camera - [camera.py:37] - DEBUG - Average HSV: H=11.6, S=43.6, V=220.9
2026-05-26 18:25:02,560 - mazeUtils.moveTile - [moveTile.py:80] - DEBUG - roll: 359.87 deg, practicalMoveTime: 0.06461246071547716 sec
2026-05-26 18:25:02,561 - mazeUtils.moveTile - [moveTile.py:1106] - DEBUG - moveTile loop time: 64.2 ms
2026-05-26 18:25:02,567 - picamera2.picamera2 - [picamera2.py:1391] - DEBUG - Execute job: <picamera2.job.Job object at 0x7f5bc12a90>
2026-05-26 18:25:02,573 - mazeUtils.device.camera - [camera.py:37] - DEBUG - Average HSV: H=11.4, S=42.4, V=220.1
2026-05-26 18:25:02,624 - mazeUtils.moveTile - [moveTile.py:80] - DEBUG - roll: 359.84000000000003 deg, practicalMoveTime: 0.12766844539794486 sec
2026-05-26 18:25:02,625 - mazeUtils.moveTile - [moveTile.py:1106] - DEBUG - moveTile loop time: 63.5 ms
2026-05-26 18:25:02,629 - picamera2.picamera2 - [picamera2.py:1391] - DEBUG - Execute job: <picamera2.job.Job object at 0x7f49d87990>
2026-05-26 18:25:02,632 - mazeUtils.device.camera - [camera.py:37] - DEBUG - Average HSV: H=11.5, S=43.6, V=219.8
2026-05-26 18:25:02,682 - mazeUtils.moveTile - [moveTile.py:80] - DEBUG - roll: 359.68 deg, practicalMoveTime: 0.184852964966279 sec
2026-05-26 18:25:02,682 - mazeUtils.moveTile - [moveTile.py:1106] - DEBUG - moveTile loop time: 57.3 ms
2026-05-26 18:25:02,688 - picamera2.picamera2 - [picamera2.py:1391] - DEBUG - Execute job: <picamera2.job.Job object at 0x7f5bc12a90>
2026-05-26 18:25:02,692 - mazeUtils.device.camera - [camera.py:37] - DEBUG - Average HSV: H=11.1, S=42.9, V=218.4
2026-05-26 18:25:02,743 - mazeUtils.moveTile - [moveTile.py:80] - DEBUG - roll: 359.54 deg, practicalMoveTime: 0.24579865735534517 sec
2026-05-26 18:25:02,744 - mazeUtils.moveTile - [moveTile.py:1106] - DEBUG - moveTile loop time: 61.2 ms
2026-05-26 18:25:02,750 - picamera2.picamera2 - [picamera2.py:1391] - DEBUG - Execute job: <picamera2.job.Job object at 0x7f5bbff250>
2026-05-26 18:25:02,755 - mazeUtils.device.camera - [camera.py:37] - DEBUG - Average HSV: H=11.1, S=41.2, V=220.5
2026-05-26 18:25:02,806 - mazeUtils.moveTile - [moveTile.py:80] - DEBUG - roll: 359.49 deg, practicalMoveTime: 0.3076939599305068 sec
2026-05-26 18:25:02,806 - mazeUtils.moveTile - [moveTile.py:1106] - DEBUG - moveTile loop time: 62.2 ms
2026-05-26 18:25:02,812 - picamera2.picamera2 - [picamera2.py:1391] - DEBUG - Execute job: <picamera2.job.Job object at 0x7f49d87710>
2026-05-26 18:25:02,815 - mazeUtils.device.camera - [camera.py:37] - DEBUG - Average HSV: H=11.0, S=42.6, V=219.9
2026-05-26 18:25:02,864 - mazeUtils.moveTile - [moveTile.py:80] - DEBUG - roll: 0.05000000000001137 deg, practicalMoveTime: 0.359745102830621 sec
2026-05-26 18:25:02,864 - mazeUtils.moveTile - [moveTile.py:1106] - DEBUG - moveTile loop time: 58.1 ms
2026-05-26 18:25:02,871 - picamera2.picamera2 - [picamera2.py:1391] - DEBUG - Execute job: <picamera2.job.Job object at 0x7f49d87990>
2026-05-26 18:25:02,875 - mazeUtils.device.camera - [camera.py:37] - DEBUG - Average HSV: H=11.1, S=43.2, V=219.1
2026-05-26 18:25:02,924 - mazeUtils.moveTile - [moveTile.py:80] - DEBUG - roll: 359.65000000000003 deg, practicalMoveTime: 0.41906897574155344 sec
2026-05-26 18:25:02,924 - mazeUtils.moveTile - [moveTile.py:1106] - DEBUG - moveTile loop time: 59.8 ms
2026-05-26 18:25:02,930 - picamera2.picamera2 - [picamera2.py:1391] - DEBUG - Execute job: <picamera2.job.Job object at 0x7f49930090>
2026-05-26 18:25:02,934 - mazeUtils.device.camera - [camera.py:37] - DEBUG - Average HSV: H=11.3, S=44.8, V=219.8
2026-05-26 18:25:02,983 - mazeUtils.moveTile - [moveTile.py:80] - DEBUG - roll: 359.74 deg, practicalMoveTime: 0.47697596085148153 sec
2026-05-26 18:25:02,983 - mazeUtils.moveTile - [moveTile.py:1106] - DEBUG - moveTile loop time: 58.1 ms
2026-05-26 18:25:02,989 - picamera2.picamera2 - [picamera2.py:1391] - DEBUG - Execute job: <picamera2.job.Job object at 0x7f5bbbded0>
2026-05-26 18:25:02,993 - mazeUtils.device.camera - [camera.py:37] - DEBUG - Average HSV: H=11.5, S=46.5, V=219.5
2026-05-26 18:25:03,042 - mazeUtils.moveTile - [moveTile.py:80] - DEBUG - roll: 359.99 deg, practicalMoveTime: 0.5361864988137892 sec
2026-05-26 18:25:03,043 - mazeUtils.moveTile - [moveTile.py:1106] - DEBUG - moveTile loop time: 59.5 ms
2026-05-26 18:25:03,049 - picamera2.picamera2 - [picamera2.py:1391] - DEBUG - Execute job: <picamera2.job.Job object at 0x7f49930090>
2026-05-26 18:25:03,052 - mazeUtils.device.camera - [camera.py:37] - DEBUG - Average HSV: H=11.2, S=46.8, V=218.4
2026-05-26 18:25:03,101 - mazeUtils.moveTile - [moveTile.py:80] - DEBUG - roll: 359.89 deg, practicalMoveTime: 0.5948654945233437 sec
2026-05-26 18:25:03,102 - mazeUtils.moveTile - [moveTile.py:1106] - DEBUG - moveTile loop time: 59.1 ms
2026-05-26 18:25:03,107 - picamera2.picamera2 - [picamera2.py:1391] - DEBUG - Execute job: <picamera2.job.Job object at 0x7f5bbbded0>
2026-05-26 18:25:03,111 - mazeUtils.device.camera - [camera.py:37] - DEBUG - Average HSV: H=11.2, S=47.6, V=217.8
2026-05-26 18:25:03,158 - mazeUtils.moveTile - [moveTile.py:80] - DEBUG - roll: 359.93 deg, practicalMoveTime: 0.651222597772745 sec
2026-05-26 18:25:03,159 - mazeUtils.moveTile - [moveTile.py:1106] - DEBUG - moveTile loop time: 56.6 ms
2026-05-26 18:25:03,165 - picamera2.picamera2 - [picamera2.py:1391] - DEBUG - Execute job: <picamera2.job.Job object at 0x7f49ffc2d0>
2026-05-26 18:25:03,168 - mazeUtils.device.camera - [camera.py:37] - DEBUG - Average HSV: H=11.0, S=45.8, V=217.7
2026-05-26 18:25:03,221 - mazeUtils.moveTile - [moveTile.py:80] - DEBUG - roll: 359.93 deg, practicalMoveTime: 0.7126422773525218 sec
2026-05-26 18:25:03,222 - mazeUtils.moveTile - [moveTile.py:1106] - DEBUG - moveTile loop time: 62.7 ms
2026-05-26 18:25:03,228 - picamera2.picamera2 - [picamera2.py:1391] - DEBUG - Execute job: <picamera2.job.Job object at 0x7f5bc13fd0>
2026-05-26 18:25:03,236 - mazeUtils.device.camera - [camera.py:37] - DEBUG - Average HSV: H=10.9, S=45.0, V=217.4
2026-05-26 18:25:03,286 - mazeUtils.moveTile - [moveTile.py:80] - DEBUG - roll: 359.93 deg, practicalMoveTime: 0.7771251565504893 sec
2026-05-26 18:25:03,287 - mazeUtils.moveTile - [moveTile.py:1106] - DEBUG - moveTile loop time: 64.4 ms
2026-05-26 18:25:03,293 - picamera2.picamera2 - [picamera2.py:1391] - DEBUG - Execute job: <picamera2.job.Job object at 0x7f5bbff250>
2026-05-26 18:25:03,297 - mazeUtils.device.camera - [camera.py:37] - DEBUG - Average HSV: H=10.7, S=43.3, V=217.3
2026-05-26 18:25:03,349 - mazeUtils.moveTile - [moveTile.py:80] - DEBUG - roll: 0.0 deg, practicalMoveTime: 0.8326267129469737 sec
2026-05-26 18:25:03,349 - mazeUtils.moveTile - [moveTile.py:1106] - DEBUG - moveTile loop time: 62.0 ms
2026-05-26 18:25:03,356 - picamera2.picamera2 - [picamera2.py:1391] - DEBUG - Execute job: <picamera2.job.Job object at 0x7f5bc12a90>
2026-05-26 18:25:03,359 - mazeUtils.device.camera - [camera.py:37] - DEBUG - Average HSV: H=11.1, S=44.4, V=216.9
2026-05-26 18:25:03,408 - mazeUtils.moveTile - [moveTile.py:80] - DEBUG - roll: 359.76 deg, practicalMoveTime: 0.8906723062341273 sec
2026-05-26 18:25:03,408 - mazeUtils.moveTile - [moveTile.py:1106] - DEBUG - moveTile loop time: 58.1 ms
2026-05-26 18:25:03,415 - picamera2.picamera2 - [picamera2.py:1391] - DEBUG - Execute job: <picamera2.job.Job object at 0x7f49930090>
2026-05-26 18:25:03,418 - mazeUtils.device.camera - [camera.py:37] - DEBUG - Average HSV: H=11.5, S=44.4, V=218.3
2026-05-26 18:25:03,465 - mazeUtils.moveTile - [moveTile.py:80] - DEBUG - roll: 359.83000000000004 deg, practicalMoveTime: 0.9475913920102021 sec
2026-05-26 18:25:03,465 - mazeUtils.moveTile - [moveTile.py:1106] - DEBUG - moveTile loop time: 57.2 ms
2026-05-26 18:25:03,471 - picamera2.picamera2 - [picamera2.py:1391] - DEBUG - Execute job: <picamera2.job.Job object at 0x7f5bbff250>
2026-05-26 18:25:03,474 - mazeUtils.device.camera - [camera.py:37] - DEBUG - Average HSV: H=11.6, S=45.5, V=217.6
2026-05-26 18:25:03,523 - mazeUtils.moveTile - [moveTile.py:80] - DEBUG - roll: 0.09000000000003183 deg, practicalMoveTime: 0.9989884614750792 sec
2026-05-26 18:25:03,523 - mazeUtils.moveTile - [moveTile.py:1106] - DEBUG - moveTile loop time: 57.4 ms
2026-05-26 18:25:03,528 - picamera2.picamera2 - [picamera2.py:1391] - DEBUG - Execute job: <picamera2.job.Job object at 0x7f49d87710>
2026-05-26 18:25:03,531 - mazeUtils.device.camera - [camera.py:37] - DEBUG - Average HSV: H=11.6, S=45.2, V=218.2
2026-05-26 18:25:03,667 - mazeUtils.moveTile - [moveTile.py:80] - DEBUG - Little forward to adjust position
2026-05-26 18:25:03,832 - mazeUtils.moveTile - [moveTile.py:511] - DEBUG - Direction: absDirection.NORTH, Angle: 0, Distance: 14.188192489783452 cm
2026-05-26 18:25:03,833 - mazeUtils.moveTile - [moveTile.py:511] - DEBUG - Direction: absDirection.EAST, Angle: 270, Distance: 16.235378562826927 cm
2026-05-26 18:25:03,834 - mazeUtils.moveTile - [moveTile.py:511] - DEBUG - Direction: absDirection.SOUTH, Angle: 180, Distance: 138.9230154445932 cm
2026-05-26 18:25:03,835 - mazeUtils.moveTile - [moveTile.py:511] - DEBUG - Direction: absDirection.WEST, Angle: 90, Distance: 38.507813635756854 cm
2026-05-26 18:25:03,835 - mazeUtils.moveTile - [moveTile.py:1280] - INFO - Tile color detection counts: {}, decided tile type: E
2026-05-26 18:25:03,935 - __main__ - [main.py:84] - INFO - Current position: (20, 19, 0), front direction: absDirection.NORTH
Layer 0 (altitude=0.0cm, offset=(0.0cm, 0.0cm)):
Known map area: x=20..20, y=19..20
+---+
  @ |
+   +
  S |
+   +
mazeAsGraph[0][19][20] = {absDirection.NORTH: None, absDirection.EAST: None, absDirection.SOUTH: (20, 20, 0), absDirection.WEST: (19, 19, 0)}
mazeAsGraph[0][20][20] = {absDirection.NORTH: (20, 19, 0), absDirection.EAST: None, absDirection.SOUTH: (20, 21, 0), absDirection.WEST: (19, 20, 0)}
2026-05-26 18:25:03,943 - mazeUtils.mazeMap - [mazeMap.py:61] - INFO - next goal: (19, 19, 0)
2026-05-26 18:25:03,944 - mazeUtils.mazeMap - [mazeMap.py:61] - INFO - next goal: (19, 19, 0)
2026-05-26 18:25:03,952 - mazeUtils.moveTile - [moveTile.py:80] - DEBUG - Moving to absDirection.WEST from (20, 19, 0) facing absDirection.NORTH
2026-05-26 18:25:03,997 - mazeUtils.moveTile - [moveTile.py:80] - DEBUG - current heading: 0.9800000000000182 target: 90
2026-05-26 18:25:04,937 - mazeUtils.moveTile - [moveTile.py:387] - DEBUG - stopped turning at heading: 81.38, diff: 8.620000000000005
2026-05-26 18:25:05,640 - mazeUtils.moveTile - [moveTile.py:80] - DEBUG - Turned to heading: 89.80000000000001 deg
2026-05-26 18:25:05,779 - picamera2.picamera2 - [picamera2.py:1391] - DEBUG - Execute job: <picamera2.job.Job object at 0x7f49db0890>
2026-05-26 18:25:05,782 - mazeUtils.device.camera - [camera.py:37] - DEBUG - Average HSV: H=6.3, S=20.4, V=244.8
2026-05-26 18:25:05,840 - mazeUtils.moveTile - [moveTile.py:80] - DEBUG - roll: 359.59000000000003 deg, practicalMoveTime: 0.06692381217206149 sec
2026-05-26 18:25:05,840 - mazeUtils.moveTile - [moveTile.py:1106] - DEBUG - moveTile loop time: 66.3 ms
2026-05-26 18:25:05,845 - picamera2.picamera2 - [picamera2.py:1391] - DEBUG - Execute job: <picamera2.job.Job object at 0x7f49db0390>
2026-05-26 18:25:05,849 - mazeUtils.device.camera - [camera.py:37] - DEBUG - Average HSV: H=7.1, S=21.7, V=245.4
2026-05-26 18:25:05,899 - mazeUtils.moveTile - [moveTile.py:80] - DEBUG - roll: 359.34000000000003 deg, practicalMoveTime: 0.1257682889222086 sec
2026-05-26 18:25:05,900 - mazeUtils.moveTile - [moveTile.py:1106] - DEBUG - moveTile loop time: 59.1 ms
2026-05-26 18:25:05,905 - picamera2.picamera2 - [picamera2.py:1391] - DEBUG - Execute job: <picamera2.job.Job object at 0x7f49d9a750>
2026-05-26 18:25:05,908 - mazeUtils.device.camera - [camera.py:37] - DEBUG - Average HSV: H=8.3, S=58.5, V=189.4
2026-05-26 18:25:05,956 - mazeUtils.moveTile - [moveTile.py:80] - DEBUG - roll: 359.63 deg, practicalMoveTime: 0.1817034591115535 sec
2026-05-26 18:25:05,956 - mazeUtils.moveTile - [moveTile.py:1106] - DEBUG - moveTile loop time: 56.2 ms
2026-05-26 18:25:05,962 - picamera2.picamera2 - [picamera2.py:1391] - DEBUG - Execute job: <picamera2.job.Job object at 0x7f49db1290>
2026-05-26 18:25:05,966 - mazeUtils.device.camera - [camera.py:37] - DEBUG - Average HSV: H=168.3, S=43.2, V=182.7
2026-05-26 18:25:06,015 - mazeUtils.moveTile - [moveTile.py:80] - DEBUG - roll: 359.87 deg, practicalMoveTime: 0.2400400437235879 sec
2026-05-26 18:25:06,015 - mazeUtils.moveTile - [moveTile.py:1106] - DEBUG - moveTile loop time: 58.6 ms
2026-05-26 18:25:06,021 - picamera2.picamera2 - [picamera2.py:1391] - DEBUG - Execute job: <picamera2.job.Job object at 0x7f49d9a750>
2026-05-26 18:25:06,024 - mazeUtils.device.camera - [camera.py:37] - DEBUG - Average HSV: H=153.4, S=12.6, V=235.5
2026-05-26 18:25:06,071 - mazeUtils.moveTile - [moveTile.py:80] - DEBUG - roll: 359.61 deg, practicalMoveTime: 0.2963453398918793 sec
2026-05-26 18:25:06,072 - mazeUtils.moveTile - [moveTile.py:1106] - DEBUG - moveTile loop time: 56.7 ms
2026-05-26 18:25:06,078 - picamera2.picamera2 - [picamera2.py:1391] - DEBUG - Execute job: <picamera2.job.Job object at 0x7f49d9a490>
2026-05-26 18:25:06,082 - mazeUtils.device.camera - [camera.py:37] - DEBUG - Average HSV: H=92.2, S=18.2, V=242.5
2026-05-26 18:25:06,131 - mazeUtils.moveTile - [moveTile.py:80] - DEBUG - roll: 359.95 deg, practicalMoveTime: 0.35533126599431847 sec
2026-05-26 18:25:06,132 - mazeUtils.moveTile - [moveTile.py:1106] - DEBUG - moveTile loop time: 59.4 ms
2026-05-26 18:25:06,138 - picamera2.picamera2 - [picamera2.py:1391] - DEBUG - Execute job: <picamera2.job.Job object at 0x7f49d9a750>
2026-05-26 18:25:06,140 - mazeUtils.device.camera - [camera.py:37] - DEBUG - Average HSV: H=13.7, S=92.3, V=188.2
2026-05-26 18:25:06,188 - mazeUtils.moveTile - [moveTile.py:80] - DEBUG - roll: 0.17000000000001592 deg, practicalMoveTime: 0.4063706893881863 sec
2026-05-26 18:25:06,189 - mazeUtils.moveTile - [moveTile.py:1106] - DEBUG - moveTile loop time: 57.1 ms
2026-05-26 18:25:06,194 - picamera2.picamera2 - [picamera2.py:1391] - DEBUG - Execute job: <picamera2.job.Job object at 0x7f49d9a490>
2026-05-26 18:25:06,197 - mazeUtils.device.camera - [camera.py:37] - DEBUG - Average HSV: H=9.6, S=76.3, V=160.2
2026-05-26 18:25:06,244 - mazeUtils.moveTile - [moveTile.py:80] - DEBUG - roll: 2.569999999999993 deg, practicalMoveTime: 0.45597894554055607 sec
2026-05-26 18:25:06,245 - mazeUtils.moveTile - [moveTile.py:1106] - DEBUG - moveTile loop time: 55.2 ms
2026-05-26 18:25:06,249 - picamera2.picamera2 - [picamera2.py:1391] - DEBUG - Execute job: <picamera2.job.Job object at 0x7f49db0610>
2026-05-26 18:25:06,252 - mazeUtils.device.camera - [camera.py:37] - DEBUG - Average HSV: H=155.9, S=6.9, V=246.3
2026-05-26 18:25:06,299 - mazeUtils.moveTile - [moveTile.py:80] - DEBUG - roll: 6.990000000000009 deg, practicalMoveTime: 0.5044710813205561 sec
2026-05-26 18:25:06,300 - mazeUtils.moveTile - [moveTile.py:1106] - DEBUG - moveTile loop time: 54.8 ms
2026-05-26 18:25:06,305 - picamera2.picamera2 - [picamera2.py:1391] - DEBUG - Execute job: <picamera2.job.Job object at 0x7f49d9a490>
2026-05-26 18:25:06,309 - mazeUtils.device.camera - [camera.py:37] - DEBUG - Average HSV: H=7.7, S=48.1, V=183.8
2026-05-26 18:25:06,355 - mazeUtils.moveTile - [moveTile.py:80] - DEBUG - roll: 9.400000000000034 deg, practicalMoveTime: 0.5537745211676788 sec
2026-05-26 18:25:06,356 - mazeUtils.moveTile - [moveTile.py:1106] - DEBUG - moveTile loop time: 55.7 ms
2026-05-26 18:25:06,360 - picamera2.picamera2 - [picamera2.py:1391] - DEBUG - Execute job: <picamera2.job.Job object at 0x7f49db1790>
2026-05-26 18:25:06,363 - mazeUtils.device.camera - [camera.py:37] - DEBUG - Average HSV: H=151.7, S=7.7, V=242.4
2026-05-26 18:25:06,413 - mazeUtils.moveTile - [moveTile.py:80] - DEBUG - roll: 12.060000000000002 deg, practicalMoveTime: 0.6042238339224706 sec
2026-05-26 18:25:06,414 - mazeUtils.moveTile - [moveTile.py:1106] - DEBUG - moveTile loop time: 57.7 ms
2026-05-26 18:25:06,420 - picamera2.picamera2 - [picamera2.py:1391] - DEBUG - Execute job: <picamera2.job.Job object at 0x7f5bbbded0>
2026-05-26 18:25:06,425 - mazeUtils.device.camera - [camera.py:37] - DEBUG - Average HSV: H=8.2, S=55.3, V=187.4
2026-05-26 18:25:06,472 - mazeUtils.moveTile - [moveTile.py:80] - DEBUG - roll: 16.670000000000016 deg, practicalMoveTime: 0.6524949703263274 sec
2026-05-26 18:25:06,473 - mazeUtils.moveTile - [moveTile.py:1106] - DEBUG - moveTile loop time: 58.8 ms
2026-05-26 18:25:06,478 - picamera2.picamera2 - [picamera2.py:1391] - DEBUG - Execute job: <picamera2.job.Job object at 0x7f49d9a750>
2026-05-26 18:25:06,483 - mazeUtils.device.camera - [camera.py:37] - DEBUG - Average HSV: H=91.9, S=25.5, V=212.7
2026-05-26 18:25:06,535 - mazeUtils.moveTile - [moveTile.py:80] - DEBUG - roll: 19.470000000000027 deg, practicalMoveTime: 0.7015469884700225 sec
2026-05-26 18:25:06,536 - mazeUtils.moveTile - [moveTile.py:1106] - DEBUG - moveTile loop time: 62.8 ms
2026-05-26 18:25:06,543 - picamera2.picamera2 - [picamera2.py:1391] - DEBUG - Execute job: <picamera2.job.Job object at 0x7f49db0390>
2026-05-26 18:25:06,548 - mazeUtils.device.camera - [camera.py:37] - DEBUG - Average HSV: H=10.0, S=55.7, V=196.0
2026-05-26 18:25:06,599 - mazeUtils.moveTile - [moveTile.py:80] - DEBUG - roll: 22.629999999999995 deg, practicalMoveTime: 0.7505266872482708 sec
2026-05-26 18:25:06,600 - mazeUtils.moveTile - [moveTile.py:1106] - DEBUG - moveTile loop time: 63.5 ms
2026-05-26 18:25:06,608 - picamera2.picamera2 - [picamera2.py:1391] - DEBUG - Execute job: <picamera2.job.Job object at 0x7f49db0390>
2026-05-26 18:25:06,613 - mazeUtils.device.camera - [camera.py:37] - DEBUG - Average HSV: H=82.7, S=31.8, V=217.4
2026-05-26 18:25:06,662 - mazeUtils.moveTile - [moveTile.py:80] - DEBUG - roll: 27.090000000000032 deg, practicalMoveTime: 0.7979796481584005 sec
2026-05-26 18:25:06,662 - mazeUtils.moveTile - [moveTile.py:1106] - DEBUG - moveTile loop time: 61.7 ms
2026-05-26 18:25:06,668 - picamera2.picamera2 - [picamera2.py:1391] - DEBUG - Execute job: <picamera2.job.Job object at 0x7f49db0ed0>
2026-05-26 18:25:06,671 - mazeUtils.device.camera - [camera.py:37] - DEBUG - Average HSV: H=6.0, S=42.5, V=191.8
2026-05-26 18:25:06,719 - mazeUtils.moveTile - [moveTile.py:80] - DEBUG - roll: 29.50999999999999 deg, practicalMoveTime: 0.8402307959563587 sec
2026-05-26 18:25:06,719 - mazeUtils.moveTile - [moveTile.py:1106] - DEBUG - moveTile loop time: 56.7 ms
2026-05-26 18:25:06,725 - picamera2.picamera2 - [picamera2.py:1391] - DEBUG - Execute job: <picamera2.job.Job object at 0x7f49db1290>
2026-05-26 18:25:06,729 - mazeUtils.device.camera - [camera.py:37] - DEBUG - Average HSV: H=77.2, S=30.8, V=194.5
2026-05-26 18:25:06,778 - mazeUtils.moveTile - [moveTile.py:80] - DEBUG - roll: 32.860000000000014 deg, practicalMoveTime: 0.8824847234249314 sec
2026-05-26 18:25:06,778 - mazeUtils.moveTile - [moveTile.py:1106] - DEBUG - moveTile loop time: 58.8 ms
2026-05-26 18:25:06,783 - picamera2.picamera2 - [picamera2.py:1391] - DEBUG - Execute job: <picamera2.job.Job object at 0x7f49db0890>
2026-05-26 18:25:06,786 - mazeUtils.device.camera - [camera.py:37] - DEBUG - Average HSV: H=15.8, S=41.3, V=190.2
2026-05-26 18:25:06,836 - mazeUtils.moveTile - [moveTile.py:80] - DEBUG - roll: 34.610000000000014 deg, practicalMoveTime: 0.923493908931621 sec
2026-05-26 18:25:06,837 - mazeUtils.moveTile - [moveTile.py:1106] - DEBUG - moveTile loop time: 58.0 ms
2026-05-26 18:25:06,843 - picamera2.picamera2 - [picamera2.py:1391] - DEBUG - Execute job: <picamera2.job.Job object at 0x7f49db1290>
2026-05-26 18:25:06,847 - mazeUtils.device.camera - [camera.py:37] - DEBUG - Average HSV: H=15.0, S=40.1, V=186.6
2026-05-26 18:25:06,896 - mazeUtils.moveTile - [moveTile.py:80] - DEBUG - roll: 34.660000000000025 deg, practicalMoveTime: 0.9652080252232638 sec
2026-05-26 18:25:06,896 - mazeUtils.moveTile - [moveTile.py:1106] - DEBUG - moveTile loop time: 59.4 ms
2026-05-26 18:25:06,902 - picamera2.picamera2 - [picamera2.py:1391] - DEBUG - Execute job: <picamera2.job.Job object at 0x7f49d9a490>
2026-05-26 18:25:06,905 - mazeUtils.device.camera - [camera.py:37] - DEBUG - Average HSV: H=145.2, S=20.2, V=203.4
2026-05-26 18:25:06,956 - picamera2.picamera2 - [picamera2.py:1391] - DEBUG - Execute job: <picamera2.job.Job object at 0x7f49d9a490>
2026-05-26 18:25:06,959 - mazeUtils.device.camera - [camera.py:37] - DEBUG - Average HSV: H=155.3, S=21.2, V=193.7
2026-05-26 18:25:07,006 - mazeUtils.moveTile - [moveTile.py:80] - DEBUG - roll: 35.06 deg, practicalMoveTime: 1.0443370198485968 sec
2026-05-26 18:25:07,007 - mazeUtils.moveTile - [moveTile.py:1106] - DEBUG - moveTile loop time: 55.4 ms
2026-05-26 18:25:07,011 - picamera2.picamera2 - [picamera2.py:1391] - DEBUG - Execute job: <picamera2.job.Job object at 0x7f49db0390>
2026-05-26 18:25:07,014 - mazeUtils.device.camera - [camera.py:37] - DEBUG - Average HSV: H=153.9, S=22.9, V=188.6
2026-05-26 18:25:07,063 - mazeUtils.moveTile - [moveTile.py:80] - DEBUG - roll: 35.150000000000034 deg, practicalMoveTime: 1.0840916396262104 sec
2026-05-26 18:25:07,064 - mazeUtils.moveTile - [moveTile.py:1106] - DEBUG - moveTile loop time: 56.7 ms
2026-05-26 18:25:07,070 - picamera2.picamera2 - [picamera2.py:1391] - DEBUG - Execute job: <picamera2.job.Job object at 0x7f49fd2490>
2026-05-26 18:25:07,073 - mazeUtils.device.camera - [camera.py:37] - DEBUG - Average HSV: H=161.6, S=21.8, V=170.3
2026-05-26 18:25:07,123 - mazeUtils.moveTile - [moveTile.py:80] - DEBUG - roll: 35.29000000000002 deg, practicalMoveTime: 1.1253633383657822 sec
2026-05-26 18:25:07,123 - mazeUtils.moveTile - [moveTile.py:1106] - DEBUG - moveTile loop time: 58.9 ms
2026-05-26 18:25:07,129 - picamera2.picamera2 - [picamera2.py:1391] - DEBUG - Execute job: <picamera2.job.Job object at 0x7f5bbbded0>
2026-05-26 18:25:07,133 - mazeUtils.device.camera - [camera.py:37] - DEBUG - Average HSV: H=161.0, S=20.7, V=170.2
2026-05-26 18:25:07,184 - mazeUtils.moveTile - [moveTile.py:80] - DEBUG - roll: 35.44999999999999 deg, practicalMoveTime: 1.1668565794000751 sec
2026-05-26 18:25:07,184 - mazeUtils.moveTile - [moveTile.py:1106] - DEBUG - moveTile loop time: 60.8 ms
2026-05-26 18:25:07,188 - picamera2.picamera2 - [picamera2.py:1391] - DEBUG - Execute job: <picamera2.job.Job object at 0x7f49db1010>
2026-05-26 18:25:07,191 - mazeUtils.device.camera - [camera.py:37] - DEBUG - Average HSV: H=161.6, S=20.8, V=171.0
2026-05-26 18:25:07,240 - mazeUtils.moveTile - [moveTile.py:80] - DEBUG - roll: 34.360000000000014 deg, practicalMoveTime: 1.2059254175582714 sec
2026-05-26 18:25:07,241 - mazeUtils.moveTile - [moveTile.py:1106] - DEBUG - moveTile loop time: 56.3 ms
2026-05-26 18:25:07,246 - picamera2.picamera2 - [picamera2.py:1391] - DEBUG - Execute job: <picamera2.job.Job object at 0x7f49d9a750>
2026-05-26 18:25:07,249 - mazeUtils.device.camera - [camera.py:37] - DEBUG - Average HSV: H=160.1, S=21.4, V=169.3
2026-05-26 18:25:07,299 - mazeUtils.moveTile - [moveTile.py:80] - DEBUG - roll: 35.150000000000034 deg, practicalMoveTime: 1.2468216784168418 sec
2026-05-26 18:25:07,299 - mazeUtils.moveTile - [moveTile.py:1106] - DEBUG - moveTile loop time: 58.1 ms
2026-05-26 18:25:07,305 - picamera2.picamera2 - [picamera2.py:1391] - DEBUG - Execute job: <picamera2.job.Job object at 0x7f49db0250>
2026-05-26 18:25:07,308 - mazeUtils.device.camera - [camera.py:37] - DEBUG - Average HSV: H=159.2, S=21.2, V=166.2
2026-05-26 18:25:07,358 - mazeUtils.moveTile - [moveTile.py:80] - DEBUG - roll: 35.28000000000003 deg, practicalMoveTime: 1.2866253170079096 sec
2026-05-26 18:25:07,359 - mazeUtils.moveTile - [moveTile.py:1106] - DEBUG - moveTile loop time: 59.3 ms
2026-05-26 18:25:07,365 - picamera2.picamera2 - [picamera2.py:1391] - DEBUG - Execute job: <picamera2.job.Job object at 0x7f49db1290>
2026-05-26 18:25:07,368 - mazeUtils.device.camera - [camera.py:37] - DEBUG - Average HSV: H=154.9, S=21.7, V=161.1
2026-05-26 18:25:07,418 - mazeUtils.moveTile - [moveTile.py:80] - DEBUG - roll: 35.879999999999995 deg, practicalMoveTime: 1.327411479490803 sec
2026-05-26 18:25:07,419 - mazeUtils.moveTile - [moveTile.py:1106] - DEBUG - moveTile loop time: 59.6 ms
2026-05-26 18:25:07,424 - picamera2.picamera2 - [picamera2.py:1391] - DEBUG - Execute job: <picamera2.job.Job object at 0x7f49db0390>
2026-05-26 18:25:07,427 - mazeUtils.device.camera - [camera.py:37] - DEBUG - Average HSV: H=153.8, S=21.4, V=168.1
2026-05-26 18:25:07,477 - mazeUtils.moveTile - [moveTile.py:80] - DEBUG - roll: 32.670000000000016 deg, practicalMoveTime: 1.3679056777694132 sec
2026-05-26 18:25:07,477 - mazeUtils.moveTile - [moveTile.py:1106] - DEBUG - moveTile loop time: 58.2 ms
2026-05-26 18:25:07,483 - picamera2.picamera2 - [picamera2.py:1391] - DEBUG - Execute job: <picamera2.job.Job object at 0x7f49db1290>
2026-05-26 18:25:07,486 - mazeUtils.device.camera - [camera.py:37] - DEBUG - Average HSV: H=156.5, S=21.6, V=168.2
2026-05-26 18:25:07,536 - mazeUtils.moveTile - [moveTile.py:80] - DEBUG - roll: 32.28000000000003 deg, practicalMoveTime: 1.4090745747453395 sec
2026-05-26 18:25:07,536 - mazeUtils.moveTile - [moveTile.py:1106] - DEBUG - moveTile loop time: 58.9 ms
2026-05-26 18:25:07,543 - picamera2.picamera2 - [picamera2.py:1391] - DEBUG - Execute job: <picamera2.job.Job object at 0x7f49db1290>
2026-05-26 18:25:07,546 - mazeUtils.device.camera - [camera.py:37] - DEBUG - Average HSV: H=155.3, S=21.9, V=166.7
2026-05-26 18:25:07,595 - mazeUtils.moveTile - [moveTile.py:80] - DEBUG - roll: 30.360000000000014 deg, practicalMoveTime: 1.4527691270479968 sec
2026-05-26 18:25:07,595 - mazeUtils.moveTile - [moveTile.py:1106] - DEBUG - moveTile loop time: 58.8 ms
2026-05-26 18:25:07,602 - picamera2.picamera2 - [picamera2.py:1391] - DEBUG - Execute job: <picamera2.job.Job object at 0x7f49fd2490>
2026-05-26 18:25:07,605 - mazeUtils.device.camera - [camera.py:37] - DEBUG - Average HSV: H=162.8, S=23.0, V=175.7
2026-05-26 18:25:07,654 - mazeUtils.moveTile - [moveTile.py:80] - DEBUG - roll: 26.49000000000001 deg, practicalMoveTime: 1.497772495801432 sec
2026-05-26 18:25:07,654 - mazeUtils.moveTile - [moveTile.py:1106] - DEBUG - moveTile loop time: 58.8 ms
2026-05-26 18:25:07,658 - picamera2.picamera2 - [picamera2.py:1391] - DEBUG - Execute job: <picamera2.job.Job object at 0x7f5bbbded0>
2026-05-26 18:25:07,661 - mazeUtils.device.camera - [camera.py:37] - DEBUG - Average HSV: H=161.3, S=22.0, V=177.2
2026-05-26 18:25:07,709 - mazeUtils.moveTile - [moveTile.py:80] - DEBUG - roll: 26.139999999999986 deg, practicalMoveTime: 1.5395246330583088 sec
2026-05-26 18:25:07,709 - mazeUtils.moveTile - [moveTile.py:1106] - DEBUG - moveTile loop time: 54.7 ms
2026-05-26 18:25:07,716 - picamera2.picamera2 - [picamera2.py:1391] - DEBUG - Execute job: <picamera2.job.Job object at 0x7f49db0890>
2026-05-26 18:25:07,719 - mazeUtils.device.camera - [camera.py:37] - DEBUG - Average HSV: H=159.3, S=21.2, V=178.1
2026-05-26 18:25:07,768 - mazeUtils.moveTile - [moveTile.py:80] - DEBUG - roll: 23.939999999999998 deg, practicalMoveTime: 1.5856526953231855 sec
2026-05-26 18:25:07,768 - mazeUtils.moveTile - [moveTile.py:1106] - DEBUG - moveTile loop time: 58.9 ms
2026-05-26 18:25:07,774 - picamera2.picamera2 - [picamera2.py:1391] - DEBUG - Execute job: <picamera2.job.Job object at 0x7f49db0890>
2026-05-26 18:25:07,777 - mazeUtils.device.camera - [camera.py:37] - DEBUG - Average HSV: H=159.2, S=16.4, V=205.5
2026-05-26 18:25:07,826 - mazeUtils.moveTile - [moveTile.py:80] - DEBUG - roll: 18.819999999999993 deg, practicalMoveTime: 1.6314798279867644 sec
2026-05-26 18:25:07,826 - mazeUtils.moveTile - [moveTile.py:1106] - DEBUG - moveTile loop time: 57.5 ms
2026-05-26 18:25:07,831 - picamera2.picamera2 - [picamera2.py:1391] - DEBUG - Execute job: <picamera2.job.Job object at 0x7f49db0ed0>
2026-05-26 18:25:07,834 - mazeUtils.device.camera - [camera.py:37] - DEBUG - Average HSV: H=150.4, S=11.8, V=218.6
2026-05-26 18:25:07,884 - mazeUtils.moveTile - [moveTile.py:80] - DEBUG - roll: 13.870000000000005 deg, practicalMoveTime: 1.681931836587294 sec
2026-05-26 18:25:07,884 - mazeUtils.moveTile - [moveTile.py:1106] - DEBUG - moveTile loop time: 58.1 ms
2026-05-26 18:25:07,891 - picamera2.picamera2 - [picamera2.py:1391] - DEBUG - Execute job: <picamera2.job.Job object at 0x7f49d9a750>
2026-05-26 18:25:07,895 - mazeUtils.device.camera - [camera.py:37] - DEBUG - Average HSV: H=145.5, S=12.2, V=218.7
2026-05-26 18:25:07,947 - mazeUtils.moveTile - [moveTile.py:80] - DEBUG - roll: 8.79000000000002 deg, practicalMoveTime: 1.7373046744126892 sec
2026-05-26 18:25:07,947 - mazeUtils.moveTile - [moveTile.py:1106] - DEBUG - moveTile loop time: 62.8 ms
2026-05-26 18:25:07,953 - picamera2.picamera2 - [picamera2.py:1391] - DEBUG - Execute job: <picamera2.job.Job object at 0x7f49db0890>
2026-05-26 18:25:07,956 - mazeUtils.device.camera - [camera.py:37] - DEBUG - Average HSV: H=145.7, S=12.3, V=222.1
2026-05-26 18:25:08,006 - mazeUtils.moveTile - [moveTile.py:80] - DEBUG - roll: 5.389999999999986 deg, practicalMoveTime: 1.790014592252823 sec
2026-05-26 18:25:08,007 - mazeUtils.moveTile - [moveTile.py:1106] - DEBUG - moveTile loop time: 59.2 ms
2026-05-26 18:25:08,012 - picamera2.picamera2 - [picamera2.py:1391] - DEBUG - Execute job: <picamera2.job.Job object at 0x7f49db0390>
2026-05-26 18:25:08,015 - mazeUtils.device.camera - [camera.py:37] - DEBUG - Average HSV: H=146.2, S=12.1, V=223.4
2026-05-26 18:25:08,066 - mazeUtils.moveTile - [moveTile.py:80] - DEBUG - roll: 2.910000000000025 deg, practicalMoveTime: 1.8428230478185188 sec
2026-05-26 18:25:08,066 - mazeUtils.moveTile - [moveTile.py:1106] - DEBUG - moveTile loop time: 59.1 ms
2026-05-26 18:25:08,070 - picamera2.picamera2 - [picamera2.py:1391] - DEBUG - Execute job: <picamera2.job.Job object at 0x7f49db1010>
2026-05-26 18:25:08,074 - mazeUtils.device.camera - [camera.py:37] - DEBUG - Average HSV: H=145.6, S=12.2, V=223.3
2026-05-26 18:25:08,122 - mazeUtils.moveTile - [moveTile.py:80] - DEBUG - roll: 2.3799999999999955 deg, practicalMoveTime: 1.893187713838944 sec
2026-05-26 18:25:08,123 - mazeUtils.moveTile - [moveTile.py:1106] - DEBUG - moveTile loop time: 56.3 ms
2026-05-26 18:25:08,128 - picamera2.picamera2 - [picamera2.py:1391] - DEBUG - Execute job: <picamera2.job.Job object at 0x7f49db1290>
2026-05-26 18:25:08,133 - mazeUtils.device.camera - [camera.py:37] - DEBUG - Average HSV: H=145.9, S=12.3, V=223.3
2026-05-26 18:25:08,185 - mazeUtils.moveTile - [moveTile.py:80] - DEBUG - roll: 0.8899999999999864 deg, practicalMoveTime: 1.9487997192108983 sec
2026-05-26 18:25:08,186 - mazeUtils.moveTile - [moveTile.py:1106] - DEBUG - moveTile loop time: 62.7 ms
2026-05-26 18:25:08,191 - picamera2.picamera2 - [picamera2.py:1391] - DEBUG - Execute job: <picamera2.job.Job object at 0x7f49d9a490>
2026-05-26 18:25:08,195 - mazeUtils.device.camera - [camera.py:37] - DEBUG - Average HSV: H=146.0, S=12.5, V=222.9
2026-05-26 18:25:08,335 - mazeUtils.moveTile - [moveTile.py:511] - DEBUG - Direction: absDirection.NORTH, Angle: 270, Distance: 18.517949625887834 cm
2026-05-26 18:25:08,336 - mazeUtils.moveTile - [moveTile.py:511] - DEBUG - Direction: absDirection.EAST, Angle: 180, Distance: 150.18412541072576 cm
2026-05-26 18:25:08,337 - mazeUtils.moveTile - [moveTile.py:511] - DEBUG - Direction: absDirection.SOUTH, Angle: 90, Distance: 193.95215103396822 cm
2026-05-26 18:25:08,338 - mazeUtils.moveTile - [moveTile.py:511] - DEBUG - Direction: absDirection.WEST, Angle: 0, Distance: 25.25057090871604 cm
2026-05-26 18:25:08,339 - mazeUtils.moveTile - [moveTile.py:1280] - INFO - Tile color detection counts: {}, decided tile type: E
2026-05-26 18:25:08,452 - __main__ - [main.py:84] - INFO - Current position: (20, 19, 1), front direction: absDirection.WEST
Layer 0 (altitude=0.0cm, offset=(0.0cm, 0.0cm)):
Known map area: x=20..20, y=19..20
+---+
  E |
+   +
  S |
+   +
Layer 1 (altitude=15.0cm, offset=(-60.0cm, 0.0cm)):
Known map area: x=20..20, y=19..19
+---+
  @  
+   +
mazeAsGraph[0][19][20] = {absDirection.NORTH: None, absDirection.EAST: None, absDirection.SOUTH: (20, 20, 0), absDirection.WEST: (20, 19, 1)}
mazeAsGraph[0][20][20] = {absDirection.NORTH: (20, 19, 0), absDirection.EAST: None, absDirection.SOUTH: (20, 21, 0), absDirection.WEST: (19, 20, 0)}
mazeAsGraph[1][19][20] = {absDirection.NORTH: None, absDirection.EAST: (20, 19, 0), absDirection.SOUTH: (20, 20, 1), absDirection.WEST: (19, 19, 1)}
2026-05-26 18:25:08,464 - mazeUtils.mazeMap - [mazeMap.py:61] - INFO - next goal: (19, 19, 1)
2026-05-26 18:25:08,465 - mazeUtils.mazeMap - [mazeMap.py:61] - INFO - next goal: (19, 19, 1)
2026-05-26 18:25:08,474 - mazeUtils.moveTile - [moveTile.py:80] - DEBUG - Moving to absDirection.WEST from (20, 19, 1) facing absDirection.WEST
2026-05-26 18:25:08,572 - picamera2.picamera2 - [picamera2.py:1391] - DEBUG - Execute job: <picamera2.job.Job object at 0x7f60b4add0>
2026-05-26 18:25:08,576 - mazeUtils.device.camera - [camera.py:37] - DEBUG - Average HSV: H=144.7, S=12.5, V=224.4
2026-05-26 18:25:08,623 - mazeUtils.moveTile - [moveTile.py:80] - DEBUG - roll: 358.67 deg, practicalMoveTime: 0.05707347180497361 sec
2026-05-26 18:25:08,624 - mazeUtils.moveTile - [moveTile.py:1106] - DEBUG - moveTile loop time: 56.2 ms
2026-05-26 18:25:08,630 - picamera2.picamera2 - [picamera2.py:1391] - DEBUG - Execute job: <picamera2.job.Job object at 0x7f60b4a3d0>
2026-05-26 18:25:08,633 - mazeUtils.device.camera - [camera.py:37] - DEBUG - Average HSV: H=144.0, S=12.0, V=226.3
2026-05-26 18:25:08,682 - mazeUtils.moveTile - [moveTile.py:80] - DEBUG - roll: 358.85 deg, practicalMoveTime: 0.11559082134276144 sec
2026-05-26 18:25:08,683 - mazeUtils.moveTile - [moveTile.py:1106] - DEBUG - moveTile loop time: 58.8 ms
2026-05-26 18:25:08,689 - picamera2.picamera2 - [picamera2.py:1391] - DEBUG - Execute job: <picamera2.job.Job object at 0x7f60b03fd0>
2026-05-26 18:25:08,692 - mazeUtils.device.camera - [camera.py:37] - DEBUG - Average HSV: H=142.7, S=12.6, V=226.2
2026-05-26 18:25:08,740 - mazeUtils.moveTile - [moveTile.py:80] - DEBUG - roll: 1.150000000000034 deg, practicalMoveTime: 0.16672638299888715 sec
2026-05-26 18:25:08,740 - mazeUtils.moveTile - [moveTile.py:1106] - DEBUG - moveTile loop time: 57.4 ms
2026-05-26 18:25:08,745 - picamera2.picamera2 - [picamera2.py:1391] - DEBUG - Execute job: <picamera2.job.Job object at 0x7f60b03dd0>
2026-05-26 18:25:08,750 - mazeUtils.device.camera - [camera.py:37] - DEBUG - Average HSV: H=141.3, S=13.3, V=224.8
2026-05-26 18:25:08,800 - mazeUtils.moveTile - [moveTile.py:80] - DEBUG - roll: 1.5300000000000296 deg, practicalMoveTime: 0.22024118505281112 sec
2026-05-26 18:25:08,800 - mazeUtils.moveTile - [moveTile.py:1106] - DEBUG - moveTile loop time: 59.8 ms
2026-05-26 18:25:08,804 - picamera2.picamera2 - [picamera2.py:1391] - DEBUG - Execute job: <picamera2.job.Job object at 0x7f60b4a5d0>
2026-05-26 18:25:08,808 - mazeUtils.device.camera - [camera.py:37] - DEBUG - Average HSV: H=140.4, S=14.8, V=217.7
2026-05-26 18:25:08,859 - mazeUtils.moveTile - [moveTile.py:80] - DEBUG - roll: 0.06999999999999318 deg, practicalMoveTime: 0.2730804486348369 sec
2026-05-26 18:25:08,859 - mazeUtils.moveTile - [moveTile.py:1106] - DEBUG - moveTile loop time: 58.8 ms
2026-05-26 18:25:08,865 - picamera2.picamera2 - [picamera2.py:1391] - DEBUG - Execute job: <picamera2.job.Job object at 0x7f60b03dd0>
2026-05-26 18:25:08,870 - mazeUtils.device.camera - [camera.py:37] - DEBUG - Average HSV: H=152.6, S=25.5, V=175.5
2026-05-26 18:25:08,918 - mazeUtils.moveTile - [moveTile.py:80] - DEBUG - roll: 0.38999999999998636 deg, practicalMoveTime: 0.3259532881963013 sec
2026-05-26 18:25:08,919 - mazeUtils.moveTile - [moveTile.py:1106] - DEBUG - moveTile loop time: 59.0 ms
2026-05-26 18:25:08,925 - picamera2.picamera2 - [picamera2.py:1391] - DEBUG - Execute job: <picamera2.job.Job object at 0x7f60b4a3d0>
2026-05-26 18:25:08,928 - mazeUtils.device.camera - [camera.py:37] - DEBUG - Average HSV: H=128.1, S=59.0, V=196.3
2026-05-26 18:25:09,115 - mazeUtils.moveTile - [moveTile.py:511] - DEBUG - Direction: absDirection.NORTH, Angle: 270, Distance: 18.77509352367019 cm
2026-05-26 18:25:09,116 - mazeUtils.moveTile - [moveTile.py:511] - DEBUG - Direction: absDirection.EAST, Angle: 180, Distance: 163.19416506148582 cm
2026-05-26 18:25:09,117 - mazeUtils.moveTile - [moveTile.py:511] - DEBUG - Direction: absDirection.SOUTH, Angle: 90, Distance: 192.10085040403706 cm
2026-05-26 18:25:09,121 - mazeUtils.moveTile - [moveTile.py:511] - DEBUG - Direction: absDirection.WEST, Angle: 0, Distance: 10.527688240232315 cm
2026-05-26 18:25:09,122 - mazeUtils.moveTile - [moveTile.py:1280] - INFO - Tile color detection counts: {}, decided tile type: E
2026-05-26 18:25:09,241 - __main__ - [main.py:84] - INFO - Current position: (19, 19, 1), front direction: absDirection.WEST
Layer 0 (altitude=0.0cm, offset=(0.0cm, 0.0cm)):
Known map area: x=20..20, y=19..20
+---+
  E |
+   +
  S |
+   +
Layer 1 (altitude=15.0cm, offset=(-60.0cm, 0.0cm)):
Known map area: x=19..20, y=19..19
+---+---+
| @   E  
+   +   +
mazeAsGraph[0][19][20] = {absDirection.NORTH: None, absDirection.EAST: None, absDirection.SOUTH: (20, 20, 0), absDirection.WEST: (20, 19, 1)}
mazeAsGraph[0][20][20] = {absDirection.NORTH: (20, 19, 0), absDirection.EAST: None, absDirection.SOUTH: (20, 21, 0), absDirection.WEST: (19, 20, 0)}
mazeAsGraph[1][19][19] = {absDirection.NORTH: None, absDirection.EAST: (20, 19, 1), absDirection.SOUTH: (19, 20, 1), absDirection.WEST: None}
mazeAsGraph[1][19][20] = {absDirection.NORTH: None, absDirection.EAST: (20, 19, 0), absDirection.SOUTH: (20, 20, 1), absDirection.WEST: (19, 19, 1)}
2026-05-26 18:25:09,249 - mazeUtils.mazeMap - [mazeMap.py:61] - INFO - next goal: (19, 20, 1)
2026-05-26 18:25:09,250 - mazeUtils.mazeMap - [mazeMap.py:61] - INFO - next goal: (19, 20, 1)
2026-05-26 18:25:09,258 - mazeUtils.moveTile - [moveTile.py:80] - DEBUG - Moving to absDirection.SOUTH from (19, 19, 1) facing absDirection.WEST
2026-05-26 18:25:09,304 - mazeUtils.moveTile - [moveTile.py:80] - DEBUG - current heading: 92.12 target: 180
2026-05-26 18:25:10,263 - mazeUtils.moveTile - [moveTile.py:387] - DEBUG - stopped turning at heading: 170.18, diff: 9.819999999999993
2026-05-26 18:25:11,085 - mazeUtils.moveTile - [moveTile.py:80] - DEBUG - Turned to heading: 179.82000000000002 deg
2026-05-26 18:25:11,189 - picamera2.picamera2 - [picamera2.py:1391] - DEBUG - Execute job: <picamera2.job.Job object at 0x7f6db493d0>
2026-05-26 18:25:11,193 - mazeUtils.device.camera - [camera.py:37] - DEBUG - Average HSV: H=152.7, S=13.2, V=224.8
2026-05-26 18:25:11,242 - mazeUtils.moveTile - [moveTile.py:80] - DEBUG - roll: 0.4399999999999977 deg, practicalMoveTime: 0.053859743740226194 sec
2026-05-26 18:25:11,243 - mazeUtils.moveTile - [moveTile.py:1106] - DEBUG - moveTile loop time: 60.1 ms
2026-05-26 18:25:11,249 - picamera2.picamera2 - [picamera2.py:1391] - DEBUG - Execute job: <picamera2.job.Job object at 0x7f49db5710>
2026-05-26 18:25:11,253 - mazeUtils.device.camera - [camera.py:37] - DEBUG - Average HSV: H=139.7, S=14.9, V=226.3
2026-05-26 18:25:11,301 - mazeUtils.moveTile - [moveTile.py:80] - DEBUG - roll: 359.98 deg, practicalMoveTime: 0.11151555153744779 sec
2026-05-26 18:25:11,302 - mazeUtils.moveTile - [moveTile.py:1106] - DEBUG - moveTile loop time: 58.0 ms
2026-05-26 18:25:11,310 - picamera2.picamera2 - [picamera2.py:1391] - DEBUG - Execute job: <picamera2.job.Job object at 0x7f6db49850>
2026-05-26 18:25:11,315 - mazeUtils.device.camera - [camera.py:37] - DEBUG - Average HSV: H=109.7, S=19.7, V=227.6
2026-05-26 18:25:11,363 - mazeUtils.moveTile - [moveTile.py:80] - DEBUG - roll: 359.47 deg, practicalMoveTime: 0.17338228742482958 sec
2026-05-26 18:25:11,364 - mazeUtils.moveTile - [moveTile.py:1106] - DEBUG - moveTile loop time: 60.1 ms
2026-05-26 18:25:11,370 - picamera2.picamera2 - [picamera2.py:1391] - DEBUG - Execute job: <picamera2.job.Job object at 0x7f74d9b090>
2026-05-26 18:25:11,375 - mazeUtils.device.camera - [camera.py:37] - DEBUG - Average HSV: H=70.4, S=24.7, V=229.5
2026-05-26 18:25:11,425 - mazeUtils.moveTile - [moveTile.py:80] - DEBUG - roll: 0.4300000000000068 deg, practicalMoveTime: 0.2278997616643541 sec
2026-05-26 18:25:11,426 - mazeUtils.moveTile - [moveTile.py:1106] - DEBUG - moveTile loop time: 61.4 ms
2026-05-26 18:25:11,431 - picamera2.picamera2 - [picamera2.py:1391] - DEBUG - Execute job: <picamera2.job.Job object at 0x7f74d9b090>
2026-05-26 18:25:11,436 - mazeUtils.device.camera - [camera.py:37] - DEBUG - Average HSV: H=53.8, S=27.1, V=230.4
2026-05-26 18:25:11,488 - mazeUtils.moveTile - [moveTile.py:80] - DEBUG - roll: 359.97 deg, practicalMoveTime: 0.2900311580242246 sec
2026-05-26 18:25:11,489 - mazeUtils.moveTile - [moveTile.py:1106] - DEBUG - moveTile loop time: 62.4 ms
2026-05-26 18:25:11,494 - picamera2.picamera2 - [picamera2.py:1391] - DEBUG - Execute job: <picamera2.job.Job object at 0x7f6db493d0>
2026-05-26 18:25:11,498 - mazeUtils.device.camera - [camera.py:37] - DEBUG - Average HSV: H=53.0, S=27.0, V=230.7
2026-05-26 18:25:11,546 - mazeUtils.moveTile - [moveTile.py:80] - DEBUG - roll: 357.94 deg, practicalMoveTime: 0.3474965041786395 sec
2026-05-26 18:25:11,547 - mazeUtils.moveTile - [moveTile.py:1106] - DEBUG - moveTile loop time: 57.8 ms
2026-05-26 18:25:11,552 - picamera2.picamera2 - [picamera2.py:1391] - DEBUG - Execute job: <picamera2.job.Job object at 0x7f74d9b090>
2026-05-26 18:25:11,557 - mazeUtils.device.camera - [camera.py:37] - DEBUG - Average HSV: H=113.2, S=18.8, V=227.5
2026-05-26 18:25:11,606 - mazeUtils.moveTile - [moveTile.py:80] - DEBUG - roll: 352.71000000000004 deg, practicalMoveTime: 0.4056627335328115 sec
2026-05-26 18:25:11,606 - mazeUtils.moveTile - [moveTile.py:1106] - DEBUG - moveTile loop time: 59.0 ms
2026-05-26 18:25:11,612 - picamera2.picamera2 - [picamera2.py:1391] - DEBUG - Execute job: <picamera2.job.Job object at 0x7f6af99250>
2026-05-26 18:25:11,618 - mazeUtils.device.camera - [camera.py:37] - DEBUG - Average HSV: H=157.6, S=11.6, V=226.0
2026-05-26 18:25:11,667 - mazeUtils.moveTile - [moveTile.py:80] - DEBUG - roll: 348.84000000000003 deg, practicalMoveTime: 0.46559661026717214 sec
2026-05-26 18:25:11,668 - mazeUtils.moveTile - [moveTile.py:1106] - DEBUG - moveTile loop time: 61.3 ms
2026-05-26 18:25:11,673 - picamera2.picamera2 - [picamera2.py:1391] - DEBUG - Execute job: <picamera2.job.Job object at 0x7f60b03fd0>
2026-05-26 18:25:11,679 - mazeUtils.device.camera - [camera.py:37] - DEBUG - Average HSV: H=152.8, S=10.7, V=226.4
2026-05-26 18:25:11,729 - mazeUtils.moveTile - [moveTile.py:80] - DEBUG - roll: 345.12 deg, practicalMoveTime: 0.5246714087336173 sec
2026-05-26 18:25:11,730 - mazeUtils.moveTile - [moveTile.py:1106] - DEBUG - moveTile loop time: 61.5 ms
2026-05-26 18:25:11,735 - picamera2.picamera2 - [picamera2.py:1391] - DEBUG - Execute job: <picamera2.job.Job object at 0x7f49db5590>
2026-05-26 18:25:11,739 - mazeUtils.device.camera - [camera.py:37] - DEBUG - Average HSV: H=156.8, S=12.0, V=220.3
2026-05-26 18:25:11,788 - mazeUtils.moveTile - [moveTile.py:80] - DEBUG - roll: 341.25 deg, practicalMoveTime: 0.5769090847252901 sec
2026-05-26 18:25:11,789 - mazeUtils.moveTile - [moveTile.py:1106] - DEBUG - moveTile loop time: 58.6 ms
2026-05-26 18:25:11,794 - picamera2.picamera2 - [picamera2.py:1391] - DEBUG - Execute job: <picamera2.job.Job object at 0x7f49db5ad0>
2026-05-26 18:25:11,799 - mazeUtils.device.camera - [camera.py:37] - DEBUG - Average HSV: H=152.0, S=11.8, V=220.9
2026-05-26 18:25:11,847 - mazeUtils.moveTile - [moveTile.py:80] - DEBUG - roll: 337.39 deg, practicalMoveTime: 0.62840987097342 sec
2026-05-26 18:25:11,848 - mazeUtils.moveTile - [moveTile.py:1106] - DEBUG - moveTile loop time: 58.7 ms
2026-05-26 18:25:11,855 - picamera2.picamera2 - [picamera2.py:1391] - DEBUG - Execute job: <picamera2.job.Job object at 0x7f49db5590>
2026-05-26 18:25:11,859 - mazeUtils.device.camera - [camera.py:37] - DEBUG - Average HSV: H=161.6, S=17.8, V=207.6
2026-05-26 18:25:11,909 - mazeUtils.moveTile - [moveTile.py:80] - DEBUG - roll: 335.07 deg, practicalMoveTime: 0.6802245663871284 sec
2026-05-26 18:25:11,909 - mazeUtils.moveTile - [moveTile.py:1106] - DEBUG - moveTile loop time: 61.0 ms
2026-05-26 18:25:11,914 - picamera2.picamera2 - [picamera2.py:1391] - DEBUG - Execute job: <picamera2.job.Job object at 0x7f6af99390>
2026-05-26 18:25:11,919 - mazeUtils.device.camera - [camera.py:37] - DEBUG - Average HSV: H=161.1, S=17.4, V=207.1
2026-05-26 18:25:11,968 - mazeUtils.moveTile - [moveTile.py:80] - DEBUG - roll: 335.87 deg, practicalMoveTime: 0.7303360585673325 sec
2026-05-26 18:25:11,969 - mazeUtils.moveTile - [moveTile.py:1106] - DEBUG - moveTile loop time: 59.5 ms
2026-05-26 18:25:11,974 - picamera2.picamera2 - [picamera2.py:1391] - DEBUG - Execute job: <picamera2.job.Job object at 0x7f74d9b090>
2026-05-26 18:25:11,979 - mazeUtils.device.camera - [camera.py:37] - DEBUG - Average HSV: H=160.0, S=15.8, V=210.8
2026-05-26 18:25:12,031 - mazeUtils.moveTile - [moveTile.py:80] - DEBUG - roll: 335.48 deg, practicalMoveTime: 0.781817439061046 sec
2026-05-26 18:25:12,032 - mazeUtils.moveTile - [moveTile.py:1106] - DEBUG - moveTile loop time: 62.9 ms
2026-05-26 18:25:12,037 - picamera2.picamera2 - [picamera2.py:1391] - DEBUG - Execute job: <picamera2.job.Job object at 0x7f6db4a550>
2026-05-26 18:25:12,041 - mazeUtils.device.camera - [camera.py:37] - DEBUG - Average HSV: H=165.7, S=20.8, V=201.3
2026-05-26 18:25:12,092 - mazeUtils.moveTile - [moveTile.py:80] - DEBUG - roll: 335.40000000000003 deg, practicalMoveTime: 0.8321842546395577 sec
2026-05-26 18:25:12,093 - mazeUtils.moveTile - [moveTile.py:1106] - DEBUG - moveTile loop time: 60.0 ms
2026-05-26 18:25:12,098 - picamera2.picamera2 - [picamera2.py:1391] - DEBUG - Execute job: <picamera2.job.Job object at 0x7f6db49850>
2026-05-26 18:25:12,103 - mazeUtils.device.camera - [camera.py:37] - DEBUG - Average HSV: H=166.0, S=20.8, V=200.8
2026-05-26 18:25:12,152 - mazeUtils.moveTile - [moveTile.py:80] - DEBUG - roll: 335.57 deg, practicalMoveTime: 0.8833514528922067 sec
2026-05-26 18:25:12,152 - mazeUtils.moveTile - [moveTile.py:1106] - DEBUG - moveTile loop time: 59.0 ms
2026-05-26 18:25:12,158 - picamera2.picamera2 - [picamera2.py:1391] - DEBUG - Execute job: <picamera2.job.Job object at 0x7f8154bb50>
2026-05-26 18:25:12,164 - mazeUtils.device.camera - [camera.py:37] - DEBUG - Average HSV: H=159.4, S=19.9, V=198.9
2026-05-26 18:25:12,212 - mazeUtils.moveTile - [moveTile.py:80] - DEBUG - roll: 334.48 deg, practicalMoveTime: 0.9345324162247785 sec
2026-05-26 18:25:12,213 - mazeUtils.moveTile - [moveTile.py:1106] - DEBUG - moveTile loop time: 59.8 ms
2026-05-26 18:25:12,219 - picamera2.picamera2 - [picamera2.py:1391] - DEBUG - Execute job: <picamera2.job.Job object at 0x7f6af99250>
2026-05-26 18:25:12,224 - mazeUtils.device.camera - [camera.py:37] - DEBUG - Average HSV: H=96.2, S=33.7, V=200.6
2026-05-26 18:25:12,273 - mazeUtils.moveTile - [moveTile.py:80] - DEBUG - roll: 334.98 deg, practicalMoveTime: 0.9867402264169808 sec
2026-05-26 18:25:12,275 - mazeUtils.moveTile - [moveTile.py:1106] - DEBUG - moveTile loop time: 61.7 ms
2026-05-26 18:25:12,279 - picamera2.picamera2 - [picamera2.py:1391] - DEBUG - Execute job: <picamera2.job.Job object at 0x7f49db5ad0>
2026-05-26 18:25:12,285 - mazeUtils.device.camera - [camera.py:37] - DEBUG - Average HSV: H=9.7, S=60.2, V=189.4
2026-05-26 18:25:12,336 - picamera2.picamera2 - [picamera2.py:1391] - DEBUG - Execute job: <picamera2.job.Job object at 0x7f49db5590>
2026-05-26 18:25:12,341 - mazeUtils.device.camera - [camera.py:37] - DEBUG - Average HSV: H=10.4, S=50.0, V=206.1
2026-05-26 18:25:12,396 - mazeUtils.moveTile - [moveTile.py:80] - DEBUG - roll: 335.73 deg, practicalMoveTime: 1.0912842623023034 sec
2026-05-26 18:25:12,397 - mazeUtils.moveTile - [moveTile.py:1106] - DEBUG - moveTile loop time: 65.0 ms
2026-05-26 18:25:12,404 - picamera2.picamera2 - [picamera2.py:1391] - DEBUG - Execute job: <picamera2.job.Job object at 0x7f6af99250>
2026-05-26 18:25:12,408 - mazeUtils.device.camera - [camera.py:37] - DEBUG - Average HSV: H=10.1, S=38.5, V=221.4
2026-05-26 18:25:12,459 - mazeUtils.moveTile - [moveTile.py:80] - DEBUG - roll: 335.95 deg, practicalMoveTime: 1.1436112302815316 sec
2026-05-26 18:25:12,460 - mazeUtils.moveTile - [moveTile.py:1106] - DEBUG - moveTile loop time: 61.7 ms
2026-05-26 18:25:12,465 - picamera2.picamera2 - [picamera2.py:1391] - DEBUG - Execute job: <picamera2.job.Job object at 0x7f60b03fd0>
2026-05-26 18:25:12,470 - mazeUtils.device.camera - [camera.py:37] - DEBUG - Average HSV: H=11.4, S=41.4, V=221.6
2026-05-26 18:25:12,518 - mazeUtils.moveTile - [moveTile.py:80] - DEBUG - roll: 335.74 deg, practicalMoveTime: 1.1943683132234395 sec
2026-05-26 18:25:12,518 - mazeUtils.moveTile - [moveTile.py:1106] - DEBUG - moveTile loop time: 58.1 ms
2026-05-26 18:25:12,524 - picamera2.picamera2 - [picamera2.py:1391] - DEBUG - Execute job: <picamera2.job.Job object at 0x7f74d9b090>
2026-05-26 18:25:12,528 - mazeUtils.device.camera - [camera.py:37] - DEBUG - Average HSV: H=12.3, S=45.1, V=221.0
2026-05-26 18:25:12,578 - mazeUtils.moveTile - [moveTile.py:80] - DEBUG - roll: 336.53000000000003 deg, practicalMoveTime: 1.2466573705497146 sec
2026-05-26 18:25:12,579 - mazeUtils.moveTile - [moveTile.py:1106] - DEBUG - moveTile loop time: 60.0 ms
2026-05-26 18:25:12,585 - picamera2.picamera2 - [picamera2.py:1391] - DEBUG - Execute job: <picamera2.job.Job object at 0x7f6af99250>
2026-05-26 18:25:12,590 - mazeUtils.device.camera - [camera.py:37] - DEBUG - Average HSV: H=11.1, S=70.7, V=182.4
2026-05-26 18:25:12,642 - mazeUtils.moveTile - [moveTile.py:80] - DEBUG - roll: 337.97 deg, practicalMoveTime: 1.3004015146874692 sec
2026-05-26 18:25:12,642 - mazeUtils.moveTile - [moveTile.py:1106] - DEBUG - moveTile loop time: 63.2 ms
2026-05-26 18:25:12,649 - picamera2.picamera2 - [picamera2.py:1391] - DEBUG - Execute job: <picamera2.job.Job object at 0x7f74d9b090>
2026-05-26 18:25:12,653 - mazeUtils.device.camera - [camera.py:37] - DEBUG - Average HSV: H=10.6, S=77.2, V=165.7
2026-05-26 18:25:12,701 - mazeUtils.moveTile - [moveTile.py:80] - DEBUG - roll: 339.44 deg, practicalMoveTime: 1.3524660290907782 sec
2026-05-26 18:25:12,701 - mazeUtils.moveTile - [moveTile.py:1106] - DEBUG - moveTile loop time: 58.4 ms
2026-05-26 18:25:12,707 - picamera2.picamera2 - [picamera2.py:1391] - DEBUG - Execute job: <picamera2.job.Job object at 0x7f6af99cd0>
2026-05-26 18:25:12,712 - mazeUtils.device.camera - [camera.py:37] - DEBUG - Average HSV: H=10.9, S=75.8, V=172.9
2026-05-26 18:25:12,760 - mazeUtils.moveTile - [moveTile.py:80] - DEBUG - roll: 342.90000000000003 deg, practicalMoveTime: 1.4058644154670787 sec
2026-05-26 18:25:12,762 - mazeUtils.moveTile - [moveTile.py:1106] - DEBUG - moveTile loop time: 60.1 ms
2026-05-26 18:25:12,769 - picamera2.picamera2 - [picamera2.py:1391] - DEBUG - Execute job: <picamera2.job.Job object at 0x7f6af99cd0>
2026-05-26 18:25:12,775 - mazeUtils.device.camera - [camera.py:37] - DEBUG - Average HSV: H=10.9, S=75.0, V=172.2
2026-05-26 18:25:12,826 - mazeUtils.moveTile - [moveTile.py:80] - DEBUG - roll: 345.35 deg, practicalMoveTime: 1.467769524698109 sec
2026-05-26 18:25:12,827 - mazeUtils.moveTile - [moveTile.py:1106] - DEBUG - moveTile loop time: 64.1 ms
2026-05-26 18:25:12,831 - picamera2.picamera2 - [picamera2.py:1391] - DEBUG - Execute job: <picamera2.job.Job object at 0x7f8154bb50>
2026-05-26 18:25:12,836 - mazeUtils.device.camera - [camera.py:37] - DEBUG - Average HSV: H=8.9, S=93.9, V=127.0
2026-05-26 18:25:12,887 - mazeUtils.moveTile - [moveTile.py:80] - DEBUG - roll: 347.85 deg, practicalMoveTime: 1.526991378380366 sec
2026-05-26 18:25:12,888 - mazeUtils.moveTile - [moveTile.py:1106] - DEBUG - moveTile loop time: 61.0 ms
2026-05-26 18:25:12,893 - picamera2.picamera2 - [picamera2.py:1391] - DEBUG - Execute job: <picamera2.job.Job object at 0x7f60b03fd0>
2026-05-26 18:25:12,899 - mazeUtils.device.camera - [camera.py:37] - DEBUG - Average HSV: H=11.9, S=55.8, V=204.1
2026-05-26 18:25:12,948 - mazeUtils.moveTile - [moveTile.py:80] - DEBUG - roll: 351.29 deg, practicalMoveTime: 1.5861553763602154 sec
2026-05-26 18:25:12,949 - mazeUtils.moveTile - [moveTile.py:1106] - DEBUG - moveTile loop time: 60.0 ms
2026-05-26 18:25:12,955 - picamera2.picamera2 - [picamera2.py:1391] - DEBUG - Execute job: <picamera2.job.Job object at 0x7f8154bb50>
2026-05-26 18:25:12,961 - mazeUtils.device.camera - [camera.py:37] - DEBUG - Average HSV: H=11.6, S=45.6, V=214.5
2026-05-26 18:25:13,010 - mazeUtils.moveTile - [moveTile.py:80] - DEBUG - roll: 354.12 deg, practicalMoveTime: 1.647151867080722 sec
2026-05-26 18:25:13,010 - mazeUtils.moveTile - [moveTile.py:1106] - DEBUG - moveTile loop time: 61.5 ms
2026-05-26 18:25:13,017 - picamera2.picamera2 - [picamera2.py:1391] - DEBUG - Execute job: <picamera2.job.Job object at 0x7f60b03fd0>
2026-05-26 18:25:13,021 - mazeUtils.device.camera - [camera.py:37] - DEBUG - Average HSV: H=10.9, S=45.1, V=211.3
2026-05-26 18:25:13,069 - mazeUtils.moveTile - [moveTile.py:80] - DEBUG - roll: 357.40000000000003 deg, practicalMoveTime: 1.7053816281460341 sec
2026-05-26 18:25:13,069 - mazeUtils.moveTile - [moveTile.py:1106] - DEBUG - moveTile loop time: 58.5 ms
2026-05-26 18:25:13,075 - picamera2.picamera2 - [picamera2.py:1391] - DEBUG - Execute job: <picamera2.job.Job object at 0x7f6af99390>
2026-05-26 18:25:13,078 - mazeUtils.device.camera - [camera.py:37] - DEBUG - Average HSV: H=10.7, S=40.5, V=217.1
2026-05-26 18:25:13,126 - mazeUtils.moveTile - [moveTile.py:80] - DEBUG - roll: 359.56 deg, practicalMoveTime: 1.7623169285493223 sec
2026-05-26 18:25:13,127 - mazeUtils.moveTile - [moveTile.py:1106] - DEBUG - moveTile loop time: 57.3 ms
2026-05-26 18:25:13,131 - picamera2.picamera2 - [picamera2.py:1391] - DEBUG - Execute job: <picamera2.job.Job object at 0x7f60b03fd0>
2026-05-26 18:25:13,135 - mazeUtils.device.camera - [camera.py:37] - DEBUG - Average HSV: H=10.3, S=40.5, V=217.2
2026-05-26 18:25:13,282 - mazeUtils.moveTile - [moveTile.py:80] - DEBUG - roll: 0.09000000000003183 deg, practicalMoveTime: 1.9024836343256588 sec
2026-05-26 18:25:13,283 - mazeUtils.moveTile - [moveTile.py:1106] - DEBUG - moveTile loop time: 156.1 ms
2026-05-26 18:25:13,287 - picamera2.picamera2 - [picamera2.py:1391] - DEBUG - Execute job: <picamera2.job.Job object at 0x7f49db5710>
2026-05-26 18:25:13,290 - mazeUtils.device.camera - [camera.py:37] - DEBUG - Average HSV: H=10.4, S=42.0, V=215.2
2026-05-26 18:25:13,340 - mazeUtils.moveTile - [moveTile.py:80] - DEBUG - roll: 0.4600000000000364 deg, practicalMoveTime: 1.9538889809654758 sec
2026-05-26 18:25:13,341 - mazeUtils.moveTile - [moveTile.py:1106] - DEBUG - moveTile loop time: 57.5 ms
2026-05-26 18:25:13,346 - picamera2.picamera2 - [picamera2.py:1391] - DEBUG - Execute job: <picamera2.job.Job object at 0x7f6db23390>
2026-05-26 18:25:13,350 - mazeUtils.device.camera - [camera.py:37] - DEBUG - Average HSV: H=69.6, S=61.0, V=152.5
2026-05-26 18:25:13,481 - mazeUtils.moveTile - [moveTile.py:80] - DEBUG - Little forward to adjust position
2026-05-26 18:25:13,604 - mazeUtils.moveTile - [moveTile.py:511] - DEBUG - Direction: absDirection.NORTH, Angle: 180, Distance: 48.772115651511584 cm
2026-05-26 18:25:13,605 - mazeUtils.moveTile - [moveTile.py:511] - DEBUG - Direction: absDirection.EAST, Angle: 90, Distance: 78.06902053069368 cm
2026-05-26 18:25:13,606 - mazeUtils.moveTile - [moveTile.py:511] - DEBUG - Direction: absDirection.SOUTH, Angle: 0, Distance: 11.145685086951309 cm
2026-05-26 18:25:13,607 - mazeUtils.moveTile - [moveTile.py:511] - DEBUG - Direction: absDirection.WEST, Angle: 270, Distance: 109.10691011702922 cm
2026-05-26 18:25:13,608 - mazeUtils.moveTile - [moveTile.py:1280] - INFO - Tile color detection counts: {}, decided tile type: E
2026-05-26 18:25:13,723 - __main__ - [main.py:84] - INFO - Current position: (17, 21, 0), front direction: absDirection.SOUTH
Layer 0 (altitude=0.0cm, offset=(0.0cm, 0.0cm)):
Known map area: x=17..20, y=19..21
+   +   +   +---+
  U   U   U   E |
+   +   +   +   +
  U   U   U   S |
+   +   +   +   +
  @   U   U   U  
+---+   +   +   +
Layer 1 (altitude=15.0cm, offset=(-60.0cm, 0.0cm)):
Known map area: x=19..20, y=19..19
+---+---+
| E   E  
+   +   +
mazeAsGraph[0][19][20] = {absDirection.NORTH: None, absDirection.EAST: None, absDirection.SOUTH: (20, 20, 0), absDirection.WEST: (20, 19, 1)}
mazeAsGraph[0][20][20] = {absDirection.NORTH: (20, 19, 0), absDirection.EAST: None, absDirection.SOUTH: (20, 21, 0), absDirection.WEST: (19, 20, 0)}
mazeAsGraph[0][21][17] = {absDirection.NORTH: (19, 19, 1), absDirection.EAST: (18, 21, 0), absDirection.SOUTH: None, absDirection.WEST: (16, 21, 0)}
mazeAsGraph[1][19][19] = {absDirection.NORTH: None, absDirection.EAST: (20, 19, 1), absDirection.SOUTH: (17, 21, 0), absDirection.WEST: None}
mazeAsGraph[1][19][20] = {absDirection.NORTH: None, absDirection.EAST: (20, 19, 0), absDirection.SOUTH: (20, 20, 1), absDirection.WEST: (19, 19, 1)}
2026-05-26 18:25:13,734 - mazeUtils.mazeMap - [mazeMap.py:61] - INFO - next goal: (18, 21, 0)
2026-05-26 18:25:13,735 - mazeUtils.mazeMap - [mazeMap.py:61] - INFO - next goal: (18, 21, 0)
2026-05-26 18:25:13,743 - mazeUtils.moveTile - [moveTile.py:80] - DEBUG - Moving to absDirection.EAST from (17, 21, 0) facing absDirection.SOUTH
2026-05-26 18:25:13,789 - mazeUtils.moveTile - [moveTile.py:80] - DEBUG - current heading: 186.17000000000002 target: 270
2026-05-26 18:25:14,708 - mazeUtils.moveTile - [moveTile.py:387] - DEBUG - stopped turning at heading: 260.87, diff: 9.129999999999995
2026-05-26 18:25:15,509 - mazeUtils.moveTile - [moveTile.py:80] - DEBUG - Turned to heading: 269.8 deg
2026-05-26 18:25:15,640 - picamera2.picamera2 - [picamera2.py:1391] - DEBUG - Execute job: <picamera2.job.Job object at 0x7f49fd2490>
2026-05-26 18:25:15,643 - mazeUtils.device.camera - [camera.py:37] - DEBUG - Average HSV: H=8.5, S=112.2, V=81.7
2026-05-26 18:25:15,699 - mazeUtils.moveTile - [moveTile.py:80] - DEBUG - roll: 0.8899999999999864 deg, practicalMoveTime: 0.05953742743769961 sec
2026-05-26 18:25:15,699 - mazeUtils.moveTile - [moveTile.py:1106] - DEBUG - moveTile loop time: 65.5 ms
2026-05-26 18:25:15,703 - picamera2.picamera2 - [picamera2.py:1391] - DEBUG - Execute job: <picamera2.job.Job object at 0x7f6db7b4d0>
2026-05-26 18:25:15,707 - mazeUtils.device.camera - [camera.py:37] - DEBUG - Average HSV: H=7.5, S=113.5, V=81.4
2026-05-26 18:25:15,756 - mazeUtils.moveTile - [moveTile.py:80] - DEBUG - roll: 0.44999999999998863 deg, practicalMoveTime: 0.11046306657672939 sec
2026-05-26 18:25:15,756 - mazeUtils.moveTile - [moveTile.py:1106] - DEBUG - moveTile loop time: 56.7 ms
2026-05-26 18:25:15,762 - picamera2.picamera2 - [picamera2.py:1391] - DEBUG - Execute job: <picamera2.job.Job object at 0x7f6db79b10>
2026-05-26 18:25:15,766 - mazeUtils.device.camera - [camera.py:37] - DEBUG - Average HSV: H=8.4, S=113.9, V=77.2
2026-05-26 18:25:15,815 - mazeUtils.moveTile - [moveTile.py:80] - DEBUG - roll: 2.340000000000032 deg, practicalMoveTime: 0.16276969614292072 sec
2026-05-26 18:25:15,815 - mazeUtils.moveTile - [moveTile.py:1106] - DEBUG - moveTile loop time: 58.3 ms
2026-05-26 18:25:15,821 - picamera2.picamera2 - [picamera2.py:1391] - DEBUG - Execute job: <picamera2.job.Job object at 0x7f8154bb50>
2026-05-26 18:25:15,824 - mazeUtils.device.camera - [camera.py:37] - DEBUG - Average HSV: H=15.0, S=104.7, V=76.7
2026-05-26 18:25:15,871 - mazeUtils.moveTile - [moveTile.py:80] - DEBUG - roll: 5.050000000000011 deg, practicalMoveTime: 0.2125399377314859 sec
2026-05-26 18:25:15,871 - mazeUtils.moveTile - [moveTile.py:1106] - DEBUG - moveTile loop time: 55.8 ms
2026-05-26 18:25:15,875 - picamera2.picamera2 - [picamera2.py:1391] - DEBUG - Execute job: <picamera2.job.Job object at 0x7f6db7b4d0>
2026-05-26 18:25:15,878 - mazeUtils.device.camera - [camera.py:37] - DEBUG - Average HSV: H=21.2, S=101.1, V=73.9
2026-05-26 18:25:15,927 - mazeUtils.moveTile - [moveTile.py:80] - DEBUG - roll: 8.29000000000002 deg, practicalMoveTime: 0.262016235761982 sec
2026-05-26 18:25:15,927 - mazeUtils.moveTile - [moveTile.py:1106] - DEBUG - moveTile loop time: 55.8 ms
2026-05-26 18:25:15,933 - picamera2.picamera2 - [picamera2.py:1391] - DEBUG - Execute job: <picamera2.job.Job object at 0x7f6db79b10>
2026-05-26 18:25:15,936 - mazeUtils.device.camera - [camera.py:37] - DEBUG - Average HSV: H=17.5, S=111.7, V=73.0
2026-05-26 18:25:15,985 - mazeUtils.moveTile - [moveTile.py:80] - DEBUG - roll: 11.610000000000014 deg, practicalMoveTime: 0.3131144683882801 sec
2026-05-26 18:25:15,986 - mazeUtils.moveTile - [moveTile.py:1106] - DEBUG - moveTile loop time: 58.3 ms
2026-05-26 18:25:15,989 - picamera2.picamera2 - [picamera2.py:1391] - DEBUG - Execute job: <picamera2.job.Job object at 0x7f49fd2490>
2026-05-26 18:25:15,992 - mazeUtils.device.camera - [camera.py:37] - DEBUG - Average HSV: H=8.3, S=129.8, V=68.1
2026-05-26 18:25:16,038 - mazeUtils.moveTile - [moveTile.py:80] - DEBUG - roll: 15.04000000000002 deg, practicalMoveTime: 0.3568713534731304 sec
2026-05-26 18:25:16,039 - mazeUtils.moveTile - [moveTile.py:1106] - DEBUG - moveTile loop time: 53.1 ms
2026-05-26 18:25:16,045 - picamera2.picamera2 - [picamera2.py:1391] - DEBUG - Execute job: <picamera2.job.Job object at 0x7f6db79b10>
2026-05-26 18:25:16,050 - mazeUtils.device.camera - [camera.py:37] - DEBUG - Average HSV: H=10.8, S=145.9, V=56.2
2026-05-26 18:25:16,097 - mazeUtils.moveTile - [moveTile.py:80] - DEBUG - roll: 19.75 deg, practicalMoveTime: 0.4040263069999206 sec
2026-05-26 18:25:16,098 - mazeUtils.moveTile - [moveTile.py:1106] - DEBUG - moveTile loop time: 58.6 ms
2026-05-26 18:25:16,102 - picamera2.picamera2 - [picamera2.py:1391] - DEBUG - Execute job: <picamera2.job.Job object at 0x7f6db3b690>
2026-05-26 18:25:16,105 - mazeUtils.device.camera - [camera.py:37] - DEBUG - Average HSV: H=24.8, S=139.3, V=51.8
2026-05-26 18:25:16,156 - mazeUtils.moveTile - [moveTile.py:80] - DEBUG - roll: 22.74000000000001 deg, practicalMoveTime: 0.4488041424093745 sec
2026-05-26 18:25:16,156 - mazeUtils.moveTile - [moveTile.py:1106] - DEBUG - moveTile loop time: 58.3 ms
2026-05-26 18:25:16,161 - picamera2.picamera2 - [picamera2.py:1391] - DEBUG - Execute job: <picamera2.job.Job object at 0x7f6db39c50>
2026-05-26 18:25:16,165 - mazeUtils.device.camera - [camera.py:37] - DEBUG - Average HSV: H=60.4, S=97.4, V=50.6
2026-05-26 18:25:16,214 - mazeUtils.moveTile - [moveTile.py:80] - DEBUG - roll: 24.670000000000016 deg, practicalMoveTime: 0.49358143475782273 sec
2026-05-26 18:25:16,214 - mazeUtils.moveTile - [moveTile.py:1106] - DEBUG - moveTile loop time: 57.5 ms
2026-05-26 18:25:16,218 - picamera2.picamera2 - [picamera2.py:1391] - DEBUG - Execute job: <picamera2.job.Job object at 0x7f6db39410>
2026-05-26 18:25:16,221 - mazeUtils.device.camera - [camera.py:37] - DEBUG - Average HSV: H=80.8, S=90.7, V=50.3
2026-05-26 18:25:16,269 - mazeUtils.moveTile - [moveTile.py:80] - DEBUG - roll: 25.19999999999999 deg, practicalMoveTime: 0.5356825488602102 sec
2026-05-26 18:25:16,270 - mazeUtils.moveTile - [moveTile.py:1106] - DEBUG - moveTile loop time: 55.4 ms
2026-05-26 18:25:16,275 - picamera2.picamera2 - [picamera2.py:1391] - DEBUG - Execute job: <picamera2.job.Job object at 0x7f6db23390>
2026-05-26 18:25:16,278 - mazeUtils.device.camera - [camera.py:37] - DEBUG - Average HSV: H=78.9, S=91.4, V=49.9
2026-05-26 18:25:16,325 - mazeUtils.moveTile - [moveTile.py:80] - DEBUG - roll: 23.819999999999993 deg, practicalMoveTime: 0.5787819150303465 sec
2026-05-26 18:25:16,325 - mazeUtils.moveTile - [moveTile.py:1106] - DEBUG - moveTile loop time: 55.0 ms
2026-05-26 18:25:16,332 - picamera2.picamera2 - [picamera2.py:1391] - DEBUG - Execute job: <picamera2.job.Job object at 0x7f8154bb50>
2026-05-26 18:25:16,335 - mazeUtils.device.camera - [camera.py:37] - DEBUG - Average HSV: H=95.3, S=82.9, V=49.6
2026-05-26 18:25:16,383 - mazeUtils.moveTile - [moveTile.py:80] - DEBUG - roll: 24.120000000000005 deg, practicalMoveTime: 0.6246497644214111 sec
2026-05-26 18:25:16,384 - mazeUtils.moveTile - [moveTile.py:1106] - DEBUG - moveTile loop time: 58.7 ms
2026-05-26 18:25:16,388 - picamera2.picamera2 - [picamera2.py:1391] - DEBUG - Execute job: <picamera2.job.Job object at 0x7f6db23390>
2026-05-26 18:25:16,391 - mazeUtils.device.camera - [camera.py:37] - DEBUG - Average HSV: H=61.2, S=98.1, V=48.5
2026-05-26 18:25:16,438 - mazeUtils.moveTile - [moveTile.py:80] - DEBUG - roll: 22.840000000000032 deg, practicalMoveTime: 0.6674508709564716 sec
2026-05-26 18:25:16,439 - mazeUtils.moveTile - [moveTile.py:1106] - DEBUG - moveTile loop time: 54.5 ms
2026-05-26 18:25:16,445 - picamera2.picamera2 - [picamera2.py:1391] - DEBUG - Execute job: <picamera2.job.Job object at 0x7f6db39410>
2026-05-26 18:25:16,448 - mazeUtils.device.camera - [camera.py:37] - DEBUG - Average HSV: H=78.7, S=91.5, V=46.7
2026-05-26 18:25:16,496 - mazeUtils.moveTile - [moveTile.py:80] - DEBUG - roll: 22.920000000000016 deg, practicalMoveTime: 0.712167548616884 sec
2026-05-26 18:25:16,496 - mazeUtils.moveTile - [moveTile.py:1106] - DEBUG - moveTile loop time: 57.5 ms
2026-05-26 18:25:16,501 - picamera2.picamera2 - [picamera2.py:1391] - DEBUG - Execute job: <picamera2.job.Job object at 0x7f6db79b10>
2026-05-26 18:25:16,505 - mazeUtils.device.camera - [camera.py:37] - DEBUG - Average HSV: H=70.4, S=96.1, V=46.1
2026-05-26 18:25:16,555 - mazeUtils.moveTile - [moveTile.py:80] - DEBUG - roll: 23.360000000000014 deg, practicalMoveTime: 0.7581294320782337 sec
2026-05-26 18:25:16,555 - mazeUtils.moveTile - [moveTile.py:1106] - DEBUG - moveTile loop time: 58.4 ms
2026-05-26 18:25:16,561 - picamera2.picamera2 - [picamera2.py:1391] - DEBUG - Execute job: <picamera2.job.Job object at 0x7f6db7a9d0>
2026-05-26 18:25:16,565 - mazeUtils.device.camera - [camera.py:37] - DEBUG - Average HSV: H=76.0, S=95.7, V=45.4
2026-05-26 18:25:16,614 - mazeUtils.moveTile - [moveTile.py:80] - DEBUG - roll: 22.75999999999999 deg, practicalMoveTime: 0.8052460474419498 sec
2026-05-26 18:25:16,615 - mazeUtils.moveTile - [moveTile.py:1106] - DEBUG - moveTile loop time: 59.5 ms
2026-05-26 18:25:16,620 - picamera2.picamera2 - [picamera2.py:1391] - DEBUG - Execute job: <picamera2.job.Job object at 0x7f8154bb50>
2026-05-26 18:25:16,623 - mazeUtils.device.camera - [camera.py:37] - DEBUG - Average HSV: H=92.8, S=90.5, V=44.1
2026-05-26 18:25:16,671 - mazeUtils.moveTile - [moveTile.py:80] - DEBUG - roll: 22.24000000000001 deg, practicalMoveTime: 0.849760325991294 sec
2026-05-26 18:25:16,671 - mazeUtils.moveTile - [moveTile.py:1106] - DEBUG - moveTile loop time: 56.3 ms
2026-05-26 18:25:16,677 - picamera2.picamera2 - [picamera2.py:1391] - DEBUG - Execute job: <picamera2.job.Job object at 0x7f6db7a9d0>
2026-05-26 18:25:16,680 - mazeUtils.device.camera - [camera.py:37] - DEBUG - Average HSV: H=94.8, S=91.2, V=43.5
2026-05-26 18:25:16,728 - mazeUtils.moveTile - [moveTile.py:80] - DEBUG - roll: 22.870000000000005 deg, practicalMoveTime: 0.8947214445523008 sec
2026-05-26 18:25:16,728 - mazeUtils.moveTile - [moveTile.py:1106] - DEBUG - moveTile loop time: 57.2 ms
2026-05-26 18:25:16,733 - picamera2.picamera2 - [picamera2.py:1391] - DEBUG - Execute job: <picamera2.job.Job object at 0x7f8154bb50>
2026-05-26 18:25:16,737 - mazeUtils.device.camera - [camera.py:37] - DEBUG - Average HSV: H=101.3, S=89.8, V=44.0
2026-05-26 18:25:16,785 - mazeUtils.moveTile - [moveTile.py:80] - DEBUG - roll: 22.75 deg, practicalMoveTime: 0.9392294554819285 sec
2026-05-26 18:25:16,785 - mazeUtils.moveTile - [moveTile.py:1106] - DEBUG - moveTile loop time: 56.3 ms
2026-05-26 18:25:16,792 - picamera2.picamera2 - [picamera2.py:1391] - DEBUG - Execute job: <picamera2.job.Job object at 0x7f6db3ac10>
2026-05-26 18:25:16,795 - mazeUtils.device.camera - [camera.py:37] - DEBUG - Average HSV: H=114.8, S=86.6, V=42.5
2026-05-26 18:25:16,846 - mazeUtils.moveTile - [moveTile.py:80] - DEBUG - roll: 22.680000000000007 deg, practicalMoveTime: 0.9858719335881894 sec
2026-05-26 18:25:16,846 - mazeUtils.moveTile - [moveTile.py:1106] - DEBUG - moveTile loop time: 60.8 ms
2026-05-26 18:25:16,853 - picamera2.picamera2 - [picamera2.py:1391] - DEBUG - Execute job: <picamera2.job.Job object at 0x7f6db7a9d0>
2026-05-26 18:25:16,856 - mazeUtils.device.camera - [camera.py:37] - DEBUG - Average HSV: H=130.8, S=80.3, V=43.8
2026-05-26 18:25:16,907 - picamera2.picamera2 - [picamera2.py:1391] - DEBUG - Execute job: <picamera2.job.Job object at 0x7f6db38b50>
2026-05-26 18:25:16,910 - mazeUtils.device.camera - [camera.py:37] - DEBUG - Average HSV: H=152.1, S=70.1, V=47.3
2026-05-26 18:25:16,958 - mazeUtils.moveTile - [moveTile.py:80] - DEBUG - roll: 21.650000000000034 deg, practicalMoveTime: 1.0765522336784206 sec
2026-05-26 18:25:16,958 - mazeUtils.moveTile - [moveTile.py:1106] - DEBUG - moveTile loop time: 55.0 ms
2026-05-26 18:25:16,964 - picamera2.picamera2 - [picamera2.py:1391] - DEBUG - Execute job: <picamera2.job.Job object at 0x7f6db7b4d0>
2026-05-26 18:25:16,967 - mazeUtils.device.camera - [camera.py:37] - DEBUG - Average HSV: H=153.5, S=69.5, V=47.7
2026-05-26 18:25:17,015 - mazeUtils.moveTile - [moveTile.py:80] - DEBUG - roll: 22.02000000000004 deg, practicalMoveTime: 1.1218760726347388 sec
2026-05-26 18:25:17,015 - mazeUtils.moveTile - [moveTile.py:1106] - DEBUG - moveTile loop time: 57.1 ms
2026-05-26 18:25:17,020 - picamera2.picamera2 - [picamera2.py:1391] - DEBUG - Execute job: <picamera2.job.Job object at 0x7f6db23390>
2026-05-26 18:25:17,023 - mazeUtils.device.camera - [camera.py:37] - DEBUG - Average HSV: H=158.4, S=66.3, V=49.9
2026-05-26 18:25:17,111 - mazeUtils.moveTile - [moveTile.py:222] - INFO - Black tile detected! Stopping movement. Starting escape maneuver.
2026-05-26 18:25:18,278 - mazeUtils.moveTile - [moveTile.py:80] - DEBUG - Escape maneuver complete.
2026-05-26 18:25:18,358 - __main__ - [main.py:84] - INFO - Current position: (17, 21, 0), front direction: absDirection.EAST
Layer 0 (altitude=0.0cm, offset=(0.0cm, 0.0cm)):
Known map area: x=17..20, y=19..21
+   +   +   +---+
  U   U   U   E |
+   +   +   +   +
  U   U   U   S |
+   +   +   +   +
  @   B   U   U  
+---+   +   +   +
Layer 1 (altitude=15.0cm, offset=(-60.0cm, 0.0cm)):
Known map area: x=19..20, y=19..19
+---+---+
| E   E  
+   +   +
mazeAsGraph[0][19][20] = {absDirection.NORTH: None, absDirection.EAST: None, absDirection.SOUTH: (20, 20, 0), absDirection.WEST: (20, 19, 1)}
mazeAsGraph[0][20][20] = {absDirection.NORTH: (20, 19, 0), absDirection.EAST: None, absDirection.SOUTH: (20, 21, 0), absDirection.WEST: (19, 20, 0)}
mazeAsGraph[0][21][17] = {absDirection.NORTH: (19, 19, 1), absDirection.EAST: None, absDirection.SOUTH: None, absDirection.WEST: (16, 21, 0)}
mazeAsGraph[0][21][18] = {absDirection.NORTH: None, absDirection.EAST: None, absDirection.SOUTH: None, absDirection.WEST: None}
mazeAsGraph[1][19][19] = {absDirection.NORTH: None, absDirection.EAST: (20, 19, 1), absDirection.SOUTH: (17, 21, 0), absDirection.WEST: None}
mazeAsGraph[1][19][20] = {absDirection.NORTH: None, absDirection.EAST: (20, 19, 0), absDirection.SOUTH: (20, 20, 1), absDirection.WEST: (19, 19, 1)}
2026-05-26 18:25:18,370 - mazeUtils.mazeMap - [mazeMap.py:61] - INFO - next goal: (16, 21, 0)
2026-05-26 18:25:18,372 - mazeUtils.mazeMap - [mazeMap.py:61] - INFO - next goal: (16, 21, 0)
2026-05-26 18:25:18,379 - mazeUtils.moveTile - [moveTile.py:80] - DEBUG - Moving to absDirection.WEST from (17, 21, 0) facing absDirection.EAST
2026-05-26 18:25:18,425 - mazeUtils.moveTile - [moveTile.py:80] - DEBUG - current heading: 265.91 target: 90
2026-05-26 18:25:20,457 - mazeUtils.moveTile - [moveTile.py:387] - DEBUG - stopped turning at heading: 98.68, diff: 8.680000000000007
2026-05-26 18:25:21,158 - mazeUtils.moveTile - [moveTile.py:80] - DEBUG - Turned to heading: 90.16000000000003 deg
2026-05-26 18:25:21,254 - picamera2.picamera2 - [picamera2.py:1391] - DEBUG - Execute job: <picamera2.job.Job object at 0x7f60a7a450>
2026-05-26 18:25:21,257 - mazeUtils.device.camera - [camera.py:37] - DEBUG - Average HSV: H=7.7, S=46.1, V=192.3
2026-05-26 18:25:21,306 - mazeUtils.moveTile - [moveTile.py:80] - DEBUG - roll: 1.1299999999999955 deg, practicalMoveTime: 0.05181813812633318 sec
2026-05-26 18:25:21,306 - mazeUtils.moveTile - [moveTile.py:1106] - DEBUG - moveTile loop time: 56.7 ms
2026-05-26 18:25:21,311 - picamera2.picamera2 - [picamera2.py:1391] - DEBUG - Execute job: <picamera2.job.Job object at 0x7f49db2bd0>
2026-05-26 18:25:21,314 - mazeUtils.device.camera - [camera.py:37] - DEBUG - Average HSV: H=7.7, S=43.4, V=195.8
2026-05-26 18:25:21,362 - mazeUtils.moveTile - [moveTile.py:80] - DEBUG - roll: 0.34000000000003183 deg, practicalMoveTime: 0.10179968664467118 sec
2026-05-26 18:25:21,362 - mazeUtils.moveTile - [moveTile.py:1106] - DEBUG - moveTile loop time: 55.8 ms
2026-05-26 18:25:21,367 - picamera2.picamera2 - [picamera2.py:1391] - DEBUG - Execute job: <picamera2.job.Job object at 0x7f8154bb50>
2026-05-26 18:25:21,370 - mazeUtils.device.camera - [camera.py:37] - DEBUG - Average HSV: H=9.4, S=33.6, V=218.7
2026-05-26 18:25:21,418 - mazeUtils.moveTile - [moveTile.py:80] - DEBUG - roll: 1.170000000000016 deg, practicalMoveTime: 0.15156874719410354 sec
2026-05-26 18:25:21,418 - mazeUtils.moveTile - [moveTile.py:1106] - DEBUG - moveTile loop time: 55.9 ms
2026-05-26 18:25:21,424 - picamera2.picamera2 - [picamera2.py:1391] - DEBUG - Execute job: <picamera2.job.Job object at 0x7f49db30d0>
2026-05-26 18:25:21,427 - mazeUtils.device.camera - [camera.py:37] - DEBUG - Average HSV: H=8.7, S=32.0, V=221.6
2026-05-26 18:25:21,476 - mazeUtils.moveTile - [moveTile.py:80] - DEBUG - roll: 0.9499999999999886 deg, practicalMoveTime: 0.20347029583887136 sec
2026-05-26 18:25:21,477 - mazeUtils.moveTile - [moveTile.py:1106] - DEBUG - moveTile loop time: 57.1 ms
2026-05-26 18:25:21,483 - picamera2.picamera2 - [picamera2.py:1391] - DEBUG - Execute job: <picamera2.job.Job object at 0x7f5bc10a50>
2026-05-26 18:25:21,486 - mazeUtils.device.camera - [camera.py:37] - DEBUG - Average HSV: H=8.4, S=30.7, V=223.0
2026-05-26 18:25:21,536 - mazeUtils.moveTile - [moveTile.py:80] - DEBUG - roll: 0.5900000000000318 deg, practicalMoveTime: 0.25644540662383647 sec
2026-05-26 18:25:21,536 - mazeUtils.moveTile - [moveTile.py:1106] - DEBUG - moveTile loop time: 59.1 ms
2026-05-26 18:25:21,542 - picamera2.picamera2 - [picamera2.py:1391] - DEBUG - Execute job: <picamera2.job.Job object at 0x7f49db2bd0>
2026-05-26 18:25:21,546 - mazeUtils.device.camera - [camera.py:37] - DEBUG - Average HSV: H=7.8, S=29.0, V=223.4
2026-05-26 18:25:21,599 - mazeUtils.moveTile - [moveTile.py:80] - DEBUG - roll: 1.0200000000000387 deg, practicalMoveTime: 0.31284375318640784 sec
2026-05-26 18:25:21,599 - mazeUtils.moveTile - [moveTile.py:1106] - DEBUG - moveTile loop time: 62.9 ms
2026-05-26 18:25:21,603 - picamera2.picamera2 - [picamera2.py:1391] - DEBUG - Execute job: <picamera2.job.Job object at 0x7f49db30d0>
2026-05-26 18:25:21,607 - mazeUtils.device.camera - [camera.py:37] - DEBUG - Average HSV: H=7.9, S=28.3, V=222.9
2026-05-26 18:25:21,658 - mazeUtils.moveTile - [moveTile.py:80] - DEBUG - roll: 1.1899999999999977 deg, practicalMoveTime: 0.36588211436488666 sec
2026-05-26 18:25:21,659 - mazeUtils.moveTile - [moveTile.py:1106] - DEBUG - moveTile loop time: 59.5 ms
2026-05-26 18:25:21,664 - picamera2.picamera2 - [picamera2.py:1391] - DEBUG - Execute job: <picamera2.job.Job object at 0x7f49db2e50>
2026-05-26 18:25:21,668 - mazeUtils.device.camera - [camera.py:37] - DEBUG - Average HSV: H=7.7, S=27.8, V=222.8
2026-05-26 18:25:21,718 - mazeUtils.moveTile - [moveTile.py:80] - DEBUG - roll: 0.9399999999999977 deg, practicalMoveTime: 0.4190108115494737 sec
2026-05-26 18:25:21,718 - mazeUtils.moveTile - [moveTile.py:1106] - DEBUG - moveTile loop time: 59.3 ms
2026-05-26 18:25:21,724 - picamera2.picamera2 - [picamera2.py:1391] - DEBUG - Execute job: <picamera2.job.Job object at 0x7f6db23390>
2026-05-26 18:25:21,726 - mazeUtils.device.camera - [camera.py:37] - DEBUG - Average HSV: H=8.1, S=30.0, V=221.3
2026-05-26 18:25:21,775 - mazeUtils.moveTile - [moveTile.py:80] - DEBUG - roll: 0.9200000000000159 deg, practicalMoveTime: 0.4696149964463996 sec
2026-05-26 18:25:21,775 - mazeUtils.moveTile - [moveTile.py:1106] - DEBUG - moveTile loop time: 56.4 ms
2026-05-26 18:25:21,780 - picamera2.picamera2 - [picamera2.py:1391] - DEBUG - Execute job: <picamera2.job.Job object at 0x7f49db30d0>
2026-05-26 18:25:21,783 - mazeUtils.device.camera - [camera.py:37] - DEBUG - Average HSV: H=8.7, S=30.3, V=221.7
2026-05-26 18:25:21,836 - mazeUtils.moveTile - [moveTile.py:80] - DEBUG - roll: 0.8400000000000318 deg, practicalMoveTime: 0.5244386061844838 sec
2026-05-26 18:25:21,836 - mazeUtils.moveTile - [moveTile.py:1106] - DEBUG - moveTile loop time: 61.2 ms
2026-05-26 18:25:21,841 - picamera2.picamera2 - [picamera2.py:1391] - DEBUG - Execute job: <picamera2.job.Job object at 0x7f49db2e50>
2026-05-26 18:25:21,845 - mazeUtils.device.camera - [camera.py:37] - DEBUG - Average HSV: H=9.3, S=33.4, V=220.8
2026-05-26 18:25:21,893 - mazeUtils.moveTile - [moveTile.py:80] - DEBUG - roll: 0.4200000000000159 deg, practicalMoveTime: 0.5751140434645275 sec
2026-05-26 18:25:21,893 - mazeUtils.moveTile - [moveTile.py:1106] - DEBUG - moveTile loop time: 56.6 ms
2026-05-26 18:25:21,898 - picamera2.picamera2 - [picamera2.py:1391] - DEBUG - Execute job: <picamera2.job.Job object at 0x7f49db2e50>
2026-05-26 18:25:21,901 - mazeUtils.device.camera - [camera.py:37] - DEBUG - Average HSV: H=8.9, S=32.6, V=219.5
2026-05-26 18:25:21,951 - mazeUtils.moveTile - [moveTile.py:80] - DEBUG - roll: 0.8700000000000045 deg, practicalMoveTime: 0.6274570038681423 sec
2026-05-26 18:25:21,952 - mazeUtils.moveTile - [moveTile.py:1106] - DEBUG - moveTile loop time: 58.8 ms
2026-05-26 18:25:21,958 - picamera2.picamera2 - [picamera2.py:1391] - DEBUG - Execute job: <picamera2.job.Job object at 0x7f49db30d0>
2026-05-26 18:25:21,961 - mazeUtils.device.camera - [camera.py:37] - DEBUG - Average HSV: H=8.5, S=30.9, V=219.5
2026-05-26 18:25:22,009 - mazeUtils.moveTile - [moveTile.py:80] - DEBUG - roll: 0.6299999999999955 deg, practicalMoveTime: 0.678088684744793 sec
2026-05-26 18:25:22,009 - mazeUtils.moveTile - [moveTile.py:1106] - DEBUG - moveTile loop time: 56.4 ms
2026-05-26 18:25:22,015 - picamera2.picamera2 - [picamera2.py:1391] - DEBUG - Execute job: <picamera2.job.Job object at 0x7f60a7a3d0>
2026-05-26 18:25:22,018 - mazeUtils.device.camera - [camera.py:37] - DEBUG - Average HSV: H=9.1, S=32.6, V=218.5
2026-05-26 18:25:22,068 - mazeUtils.moveTile - [moveTile.py:80] - DEBUG - roll: 0.3300000000000409 deg, practicalMoveTime: 0.7309588681770819 sec
2026-05-26 18:25:22,068 - mazeUtils.moveTile - [moveTile.py:1106] - DEBUG - moveTile loop time: 59.0 ms
2026-05-26 18:25:22,074 - picamera2.picamera2 - [picamera2.py:1391] - DEBUG - Execute job: <picamera2.job.Job object at 0x7f6db23390>
2026-05-26 18:25:22,077 - mazeUtils.device.camera - [camera.py:37] - DEBUG - Average HSV: H=8.7, S=32.4, V=217.1
2026-05-26 18:25:22,127 - mazeUtils.moveTile - [moveTile.py:80] - DEBUG - roll: 0.8100000000000023 deg, practicalMoveTime: 0.7840909083460962 sec
2026-05-26 18:25:22,128 - mazeUtils.moveTile - [moveTile.py:1106] - DEBUG - moveTile loop time: 59.4 ms
2026-05-26 18:25:22,133 - picamera2.picamera2 - [picamera2.py:1391] - DEBUG - Execute job: <picamera2.job.Job object at 0x7f49db30d0>
2026-05-26 18:25:22,136 - mazeUtils.device.camera - [camera.py:37] - DEBUG - Average HSV: H=9.6, S=36.9, V=216.3
2026-05-26 18:25:22,184 - mazeUtils.moveTile - [moveTile.py:80] - DEBUG - roll: 0.5500000000000114 deg, practicalMoveTime: 0.834165872595905 sec
2026-05-26 18:25:22,184 - mazeUtils.moveTile - [moveTile.py:1106] - DEBUG - moveTile loop time: 56.1 ms
2026-05-26 18:25:22,190 - picamera2.picamera2 - [picamera2.py:1391] - DEBUG - Execute job: <picamera2.job.Job object at 0x7f6db23390>
2026-05-26 18:25:22,193 - mazeUtils.device.camera - [camera.py:37] - DEBUG - Average HSV: H=9.7, S=41.8, V=210.0
2026-05-26 18:25:22,242 - mazeUtils.moveTile - [moveTile.py:80] - DEBUG - roll: 0.36000000000001364 deg, practicalMoveTime: 0.8860606573906459 sec
2026-05-26 18:25:22,242 - mazeUtils.moveTile - [moveTile.py:1106] - DEBUG - moveTile loop time: 58.1 ms
2026-05-26 18:25:22,247 - picamera2.picamera2 - [picamera2.py:1391] - DEBUG - Execute job: <picamera2.job.Job object at 0x7f60a7bc10>
2026-05-26 18:25:22,251 - mazeUtils.device.camera - [camera.py:37] - DEBUG - Average HSV: H=8.7, S=83.5, V=162.4
2026-05-26 18:25:22,300 - mazeUtils.moveTile - [moveTile.py:80] - DEBUG - roll: 0.5600000000000023 deg, practicalMoveTime: 0.9376683998574047 sec
2026-05-26 18:25:22,300 - mazeUtils.moveTile - [moveTile.py:1106] - DEBUG - moveTile loop time: 57.6 ms
2026-05-26 18:25:22,306 - picamera2.picamera2 - [picamera2.py:1391] - DEBUG - Execute job: <picamera2.job.Job object at 0x7f8154bb50>
2026-05-26 18:25:22,309 - mazeUtils.device.camera - [camera.py:37] - DEBUG - Average HSV: H=7.7, S=39.2, V=211.3
2026-05-26 18:25:22,358 - mazeUtils.moveTile - [moveTile.py:80] - DEBUG - roll: 359.99 deg, practicalMoveTime: 0.9955549994701262 sec
2026-05-26 18:25:22,359 - mazeUtils.moveTile - [moveTile.py:1106] - DEBUG - moveTile loop time: 58.6 ms
2026-05-26 18:25:22,364 - picamera2.picamera2 - [picamera2.py:1391] - DEBUG - Execute job: <picamera2.job.Job object at 0x7f6db23390>
2026-05-26 18:25:22,367 - mazeUtils.device.camera - [camera.py:37] - DEBUG - Average HSV: H=7.3, S=38.7, V=208.9
2026-05-26 18:25:22,497 - __main__ - [main.py:144] - INFO - Program interrupted by user.
2026-05-26 18:25:23,577 - mazeUtils.device.stm - [stm.py:214] - DEBUG - ACK resynchronized: type=STS_MOTOR dropped=3B seq=85
2026-05-26 18:25:23,594 - picamera2.picamera2 - [picamera2.py:1391] - DEBUG - Execute job: <picamera2.job.Job object at 0x7f81537010>
2026-05-26 18:25:23,612 - picamera2.picamera2 - [picamera2.py:1323] - INFO - Camera stopped
2026-05-26 18:25:23,813 - picamera2.picamera2 - [picamera2.py:1329] - DEBUG - Camera was not started
2026-05-26 18:25:24,015 - picamera2.picamera2 - [picamera2.py:723] - INFO - Camera closed successfully.
2026-05-26 18:25:24,186 - picamera2.picamera2 - [picamera2.py:500] - DEBUG - Resources now free: <picamera2.picamera2.Picamera2 object at 0x7f74c98810>
