2026-06-01 21:13:25,664 - root - [logging_config.py:61] - INFO - Logging initialized. Log file: /home/tuton/Kanto2026RPi/src/config/../logs/robot_20260601_211324.log
2026-06-01 21:13:27,166 - mazeUtils.device.LiDAR - [LiDAR.py:36] - INFO - Available ports: <ydlidar.Str2strMap; proxy of <Swig Object of type 'std::map< std::string,std::string > *' at 0x7faf9ff060> >
2026-06-01 21:13:31,183 - mazeUtils.moveTile - [moveTile.py:512] - DEBUG - Direction: absDirection.NORTH, Angle: 0, Distance: 32.03033607834681 cm
2026-06-01 21:13:31,184 - mazeUtils.moveTile - [moveTile.py:512] - DEBUG - Direction: absDirection.EAST, Angle: 270, Distance: 166.4692076543332 cm
2026-06-01 21:13:31,185 - mazeUtils.moveTile - [moveTile.py:512] - DEBUG - Direction: absDirection.SOUTH, Angle: 180, Distance: 20.669500220622005 cm
2026-06-01 21:13:31,186 - mazeUtils.moveTile - [moveTile.py:512] - DEBUG - Direction: absDirection.WEST, Angle: 90, Distance: 17.78068903121181 cm
2026-06-01 21:13:32,175 - __main__ - [main.py:69] - INFO - Initial Map:
2026-06-01 21:13:32,183 - __main__ - [main.py:70] - INFO - Current position: (20, 20, 0), front direction: absDirection.NORTH
Layer 0 (altitude=0.0cm, offset=(0.0cm, 0.0cm)):
Known map area: x=20..20, y=20..20
+   +
| @  
+---+
2026-06-01 21:13:32,184 - mazeUtils.mazeMap - [mazeMap.py:61] - INFO - next goal: (20, 19, 0)
2026-06-01 21:13:32,185 - __main__ - [main.py:73] - INFO - Next Direction: [<absDirection.NORTH: 0>]
2026-06-01 21:13:32,185 - __main__ - [main.py:74] - INFO - Exploration started.
2026-06-01 21:13:32,186 - mazeUtils.mazeMap - [mazeMap.py:61] - INFO - next goal: (20, 19, 0)
2026-06-01 21:13:32,196 - mazeUtils.moveTile - [moveTile.py:80] - DEBUG - Moving to absDirection.NORTH from (20, 20, 0) facing absDirection.NORTH
2026-06-01 21:13:32,296 - picamera2.picamera2 - [picamera2.py:1391] - DEBUG - Execute job: <picamera2.job.Job object at 0x7f977bf750>
2026-06-01 21:13:32,302 - mazeUtils.device.camera - [camera.py:37] - DEBUG - Average HSV: H=143.4, S=20.9, V=189.3
2026-06-01 21:13:32,350 - mazeUtils.moveTile - [moveTile.py:80] - DEBUG - roll: 0.17000000000001592 deg, practicalMoveTime: 0.05212729873990829 sec
2026-06-01 21:13:32,351 - mazeUtils.moveTile - [moveTile.py:1049] - DEBUG - moveTile loop time: 60.0 ms
2026-06-01 21:13:32,355 - picamera2.picamera2 - [picamera2.py:1391] - DEBUG - Execute job: <picamera2.job.Job object at 0x7fa870bf50>
2026-06-01 21:13:32,360 - mazeUtils.device.camera - [camera.py:37] - DEBUG - Average HSV: H=152.8, S=26.5, V=170.7
2026-06-01 21:13:32,407 - mazeUtils.moveTile - [moveTile.py:80] - DEBUG - roll: 0.009999999999990905 deg, practicalMoveTime: 0.10003674854121149 sec
2026-06-01 21:13:32,408 - mazeUtils.moveTile - [moveTile.py:1049] - DEBUG - moveTile loop time: 56.7 ms
2026-06-01 21:13:32,412 - picamera2.picamera2 - [picamera2.py:1391] - DEBUG - Execute job: <picamera2.job.Job object at 0x7f8cc9cd10>
2026-06-01 21:13:32,415 - mazeUtils.device.camera - [camera.py:37] - DEBUG - Average HSV: H=160.8, S=28.4, V=155.3
2026-06-01 21:13:32,464 - mazeUtils.moveTile - [moveTile.py:80] - DEBUG - roll: 359.79 deg, practicalMoveTime: 0.15656541395152945 sec
2026-06-01 21:13:32,465 - mazeUtils.moveTile - [moveTile.py:1049] - DEBUG - moveTile loop time: 56.9 ms
2026-06-01 21:13:32,471 - picamera2.picamera2 - [picamera2.py:1391] - DEBUG - Execute job: <picamera2.job.Job object at 0x7f8cc30e50>
2026-06-01 21:13:32,474 - mazeUtils.device.camera - [camera.py:37] - DEBUG - Average HSV: H=127.2, S=80.5, V=162.4
2026-06-01 21:13:32,521 - mazeUtils.moveTile - [moveTile.py:80] - DEBUG - roll: 359.69 deg, practicalMoveTime: 0.21308624078264068 sec
2026-06-01 21:13:32,522 - mazeUtils.moveTile - [moveTile.py:1049] - DEBUG - moveTile loop time: 57.0 ms
2026-06-01 21:13:32,527 - picamera2.picamera2 - [picamera2.py:1391] - DEBUG - Execute job: <picamera2.job.Job object at 0x7f8c97fd90>
2026-06-01 21:13:32,531 - mazeUtils.device.camera - [camera.py:37] - DEBUG - Average HSV: H=157.6, S=6.0, V=237.7
2026-06-01 21:13:32,584 - mazeUtils.moveTile - [moveTile.py:80] - DEBUG - roll: 359.39 deg, practicalMoveTime: 0.27444693694710565 sec
2026-06-01 21:13:32,584 - mazeUtils.moveTile - [moveTile.py:1049] - DEBUG - moveTile loop time: 61.6 ms
2026-06-01 21:13:32,588 - picamera2.picamera2 - [picamera2.py:1391] - DEBUG - Execute job: <picamera2.job.Job object at 0x7f8c8dfe10>
2026-06-01 21:13:32,591 - mazeUtils.device.camera - [camera.py:37] - DEBUG - Average HSV: H=14.7, S=52.1, V=230.4
2026-06-01 21:13:32,638 - mazeUtils.moveTile - [moveTile.py:80] - DEBUG - roll: 0.06999999999999318 deg, practicalMoveTime: 0.3203885654486556 sec
2026-06-01 21:13:32,639 - mazeUtils.moveTile - [moveTile.py:1049] - DEBUG - moveTile loop time: 54.3 ms
2026-06-01 21:13:32,643 - picamera2.picamera2 - [picamera2.py:1391] - DEBUG - Execute job: <picamera2.job.Job object at 0x7fa5b472d0>
2026-06-01 21:13:32,646 - mazeUtils.device.camera - [camera.py:37] - DEBUG - Average HSV: H=12.7, S=85.2, V=169.7
2026-06-01 21:13:32,696 - mazeUtils.moveTile - [moveTile.py:80] - DEBUG - roll: 359.63 deg, practicalMoveTime: 0.37817740143894235 sec
2026-06-01 21:13:32,697 - mazeUtils.moveTile - [moveTile.py:1049] - DEBUG - moveTile loop time: 58.1 ms
2026-06-01 21:13:32,701 - picamera2.picamera2 - [picamera2.py:1391] - DEBUG - Execute job: <picamera2.job.Job object at 0x7fa5b472d0>
2026-06-01 21:13:32,705 - mazeUtils.device.camera - [camera.py:37] - DEBUG - Average HSV: H=11.1, S=77.7, V=144.7
2026-06-01 21:13:32,754 - mazeUtils.moveTile - [moveTile.py:80] - DEBUG - roll: 3.0500000000000114 deg, practicalMoveTime: 0.42690799322482426 sec
2026-06-01 21:13:32,755 - mazeUtils.moveTile - [moveTile.py:1049] - DEBUG - moveTile loop time: 57.7 ms
2026-06-01 21:13:32,761 - picamera2.picamera2 - [picamera2.py:1391] - DEBUG - Execute job: <picamera2.job.Job object at 0x7f8cc30e50>
2026-06-01 21:13:32,764 - mazeUtils.device.camera - [camera.py:37] - DEBUG - Average HSV: H=136.4, S=17.2, V=228.3
2026-06-01 21:13:32,815 - mazeUtils.moveTile - [moveTile.py:80] - DEBUG - roll: 4.720000000000027 deg, practicalMoveTime: 0.4779908838129826 sec
2026-06-01 21:13:32,816 - mazeUtils.moveTile - [moveTile.py:1049] - DEBUG - moveTile loop time: 60.8 ms
2026-06-01 21:13:32,823 - picamera2.picamera2 - [picamera2.py:1391] - DEBUG - Execute job: <picamera2.job.Job object at 0x7f977bf750>
2026-06-01 21:13:32,826 - mazeUtils.device.camera - [camera.py:37] - DEBUG - Average HSV: H=13.3, S=44.6, V=229.2
2026-06-01 21:13:32,875 - mazeUtils.moveTile - [moveTile.py:80] - DEBUG - roll: 6.75 deg, practicalMoveTime: 0.5280720125480624 sec
2026-06-01 21:13:32,876 - mazeUtils.moveTile - [moveTile.py:1049] - DEBUG - moveTile loop time: 58.9 ms
2026-06-01 21:13:32,880 - picamera2.picamera2 - [picamera2.py:1391] - DEBUG - Execute job: <picamera2.job.Job object at 0x7f8c9dc750>
2026-06-01 21:13:32,883 - mazeUtils.device.camera - [camera.py:37] - DEBUG - Average HSV: H=8.3, S=54.7, V=178.4
2026-06-01 21:13:32,934 - mazeUtils.moveTile - [moveTile.py:80] - DEBUG - roll: 10.449999999999989 deg, practicalMoveTime: 0.5767915349773645 sec
2026-06-01 21:13:32,935 - mazeUtils.moveTile - [moveTile.py:1049] - DEBUG - moveTile loop time: 58.6 ms
2026-06-01 21:13:32,938 - picamera2.picamera2 - [picamera2.py:1391] - DEBUG - Execute job: <picamera2.job.Job object at 0x7f8c8dfe10>
2026-06-01 21:13:32,941 - mazeUtils.device.camera - [camera.py:37] - DEBUG - Average HSV: H=141.9, S=9.9, V=233.1
2026-06-01 21:13:32,990 - mazeUtils.moveTile - [moveTile.py:80] - DEBUG - roll: 13.810000000000002 deg, practicalMoveTime: 0.6228179548563266 sec
2026-06-01 21:13:32,991 - mazeUtils.moveTile - [moveTile.py:1049] - DEBUG - moveTile loop time: 56.6 ms
2026-06-01 21:13:32,996 - picamera2.picamera2 - [picamera2.py:1391] - DEBUG - Execute job: <picamera2.job.Job object at 0x7f977bf750>
2026-06-01 21:13:33,001 - mazeUtils.device.camera - [camera.py:37] - DEBUG - Average HSV: H=6.0, S=45.5, V=186.1
2026-06-01 21:13:33,051 - mazeUtils.moveTile - [moveTile.py:80] - DEBUG - roll: 16.25 deg, practicalMoveTime: 0.671648539283615 sec
2026-06-01 21:13:33,052 - mazeUtils.moveTile - [moveTile.py:1049] - DEBUG - moveTile loop time: 60.3 ms
2026-06-01 21:13:33,057 - picamera2.picamera2 - [picamera2.py:1391] - DEBUG - Execute job: <picamera2.job.Job object at 0x7f977bf750>
2026-06-01 21:13:33,060 - mazeUtils.device.camera - [camera.py:37] - DEBUG - Average HSV: H=86.2, S=28.6, V=197.7
2026-06-01 21:13:33,108 - mazeUtils.moveTile - [moveTile.py:80] - DEBUG - roll: 19.970000000000027 deg, practicalMoveTime: 0.7161479526374709 sec
2026-06-01 21:13:33,108 - mazeUtils.moveTile - [moveTile.py:1049] - DEBUG - moveTile loop time: 55.7 ms
2026-06-01 21:13:33,115 - picamera2.picamera2 - [picamera2.py:1391] - DEBUG - Execute job: <picamera2.job.Job object at 0x7f8c97fd90>
2026-06-01 21:13:33,118 - mazeUtils.device.camera - [camera.py:37] - DEBUG - Average HSV: H=8.8, S=58.6, V=188.8
2026-06-01 21:13:33,169 - mazeUtils.moveTile - [moveTile.py:80] - DEBUG - roll: 22.560000000000002 deg, practicalMoveTime: 0.763371625095908 sec
2026-06-01 21:13:33,169 - mazeUtils.moveTile - [moveTile.py:1049] - DEBUG - moveTile loop time: 60.4 ms
2026-06-01 21:13:33,173 - picamera2.picamera2 - [picamera2.py:1391] - DEBUG - Execute job: <picamera2.job.Job object at 0x7f8ce55590>
2026-06-01 21:13:33,176 - mazeUtils.device.camera - [camera.py:37] - DEBUG - Average HSV: H=64.6, S=35.9, V=182.0
2026-06-01 21:13:33,225 - mazeUtils.moveTile - [moveTile.py:80] - DEBUG - roll: 26.569999999999993 deg, practicalMoveTime: 0.8055298093045001 sec
2026-06-01 21:13:33,225 - mazeUtils.moveTile - [moveTile.py:1049] - DEBUG - moveTile loop time: 55.6 ms
2026-06-01 21:13:33,230 - picamera2.picamera2 - [picamera2.py:1391] - DEBUG - Execute job: <picamera2.job.Job object at 0x7f8c97fd90>
2026-06-01 21:13:33,233 - mazeUtils.device.camera - [camera.py:37] - DEBUG - Average HSV: H=7.7, S=52.5, V=184.6
2026-06-01 21:13:33,282 - mazeUtils.moveTile - [moveTile.py:80] - DEBUG - roll: 29.439999999999998 deg, practicalMoveTime: 0.8478291614460947 sec
2026-06-01 21:13:33,283 - mazeUtils.moveTile - [moveTile.py:1049] - DEBUG - moveTile loop time: 58.1 ms
2026-06-01 21:13:33,288 - picamera2.picamera2 - [picamera2.py:1391] - DEBUG - Execute job: <picamera2.job.Job object at 0x7f8c97fd90>
2026-06-01 21:13:33,293 - mazeUtils.device.camera - [camera.py:37] - DEBUG - Average HSV: H=26.2, S=41.0, V=191.3
2026-06-01 21:13:33,344 - mazeUtils.moveTile - [moveTile.py:80] - DEBUG - roll: 33.120000000000005 deg, practicalMoveTime: 0.8910936545761583 sec
2026-06-01 21:13:33,345 - mazeUtils.moveTile - [moveTile.py:1049] - DEBUG - moveTile loop time: 61.2 ms
2026-06-01 21:13:33,351 - picamera2.picamera2 - [picamera2.py:1391] - DEBUG - Execute job: <picamera2.job.Job object at 0x7fbbffbd90>
2026-06-01 21:13:33,357 - mazeUtils.device.camera - [camera.py:37] - DEBUG - Average HSV: H=22.6, S=44.2, V=190.1
2026-06-01 21:13:33,408 - mazeUtils.moveTile - [moveTile.py:80] - DEBUG - roll: 32.98000000000002 deg, practicalMoveTime: 0.9357619956162317 sec
2026-06-01 21:13:33,408 - mazeUtils.moveTile - [moveTile.py:1049] - DEBUG - moveTile loop time: 63.0 ms
2026-06-01 21:13:33,413 - picamera2.picamera2 - [picamera2.py:1391] - DEBUG - Execute job: <picamera2.job.Job object at 0x7f8c9dc790>
2026-06-01 21:13:33,417 - mazeUtils.device.camera - [camera.py:37] - DEBUG - Average HSV: H=30.7, S=37.2, V=174.2
2026-06-01 21:13:33,466 - mazeUtils.moveTile - [moveTile.py:80] - DEBUG - roll: 32.94 deg, practicalMoveTime: 0.976430963301189 sec
2026-06-01 21:13:33,466 - mazeUtils.moveTile - [moveTile.py:1049] - DEBUG - moveTile loop time: 57.1 ms
2026-06-01 21:13:33,472 - picamera2.picamera2 - [picamera2.py:1391] - DEBUG - Execute job: <picamera2.job.Job object at 0x7f8c9dc790>
2026-06-01 21:13:33,476 - mazeUtils.device.camera - [camera.py:37] - DEBUG - Average HSV: H=27.9, S=40.8, V=175.4
2026-06-01 21:13:33,532 - picamera2.picamera2 - [picamera2.py:1391] - DEBUG - Execute job: <picamera2.job.Job object at 0x7f8c9dc790>
2026-06-01 21:13:33,536 - mazeUtils.device.camera - [camera.py:37] - DEBUG - Average HSV: H=44.9, S=39.0, V=174.7
2026-06-01 21:13:33,584 - mazeUtils.moveTile - [moveTile.py:80] - DEBUG - roll: 34.30000000000001 deg, practicalMoveTime: 1.0591296007439361 sec
2026-06-01 21:13:33,585 - mazeUtils.moveTile - [moveTile.py:1049] - DEBUG - moveTile loop time: 58.0 ms
2026-06-01 21:13:33,591 - picamera2.picamera2 - [picamera2.py:1391] - DEBUG - Execute job: <picamera2.job.Job object at 0x7f8c8dfe10>
2026-06-01 21:13:33,595 - mazeUtils.device.camera - [camera.py:37] - DEBUG - Average HSV: H=124.5, S=25.8, V=190.9
2026-06-01 21:13:33,642 - mazeUtils.moveTile - [moveTile.py:197] - WARNING - Escape from obstacle on Side.RIGHT side
2026-06-01 21:13:34,202 - mazeUtils.moveTile - [moveTile.py:991] - DEBUG - Obstacle escape adjustment: 0.05110551088172748
2026-06-01 21:13:34,306 - mazeUtils.moveTile - [moveTile.py:80] - DEBUG - roll: 34.06999999999999 deg, practicalMoveTime: 0.9997856237716183 sec
2026-06-01 21:13:34,307 - mazeUtils.moveTile - [moveTile.py:1049] - DEBUG - moveTile loop time: 722.1 ms
2026-06-01 21:13:34,312 - picamera2.picamera2 - [picamera2.py:1391] - DEBUG - Execute job: <picamera2.job.Job object at 0x7f8ce55590>
2026-06-01 21:13:34,315 - mazeUtils.device.camera - [camera.py:37] - DEBUG - Average HSV: H=114.6, S=30.6, V=186.3
2026-06-01 21:13:34,367 - mazeUtils.moveTile - [moveTile.py:80] - DEBUG - roll: 33.79000000000002 deg, practicalMoveTime: 1.0424799678513694 sec
2026-06-01 21:13:34,368 - mazeUtils.moveTile - [moveTile.py:1049] - DEBUG - moveTile loop time: 60.6 ms
2026-06-01 21:13:34,374 - picamera2.picamera2 - [picamera2.py:1391] - DEBUG - Execute job: <picamera2.job.Job object at 0x7f8c8dfe10>
2026-06-01 21:13:34,377 - mazeUtils.device.camera - [camera.py:37] - DEBUG - Average HSV: H=115.3, S=27.8, V=193.9
2026-06-01 21:13:34,426 - mazeUtils.moveTile - [moveTile.py:80] - DEBUG - roll: 34.00999999999999 deg, practicalMoveTime: 1.0833590330480096 sec
2026-06-01 21:13:34,426 - mazeUtils.moveTile - [moveTile.py:1049] - DEBUG - moveTile loop time: 58.3 ms
2026-06-01 21:13:34,430 - picamera2.picamera2 - [picamera2.py:1391] - DEBUG - Execute job: <picamera2.job.Job object at 0x7f8cc9cd10>
2026-06-01 21:13:34,433 - mazeUtils.device.camera - [camera.py:37] - DEBUG - Average HSV: H=120.0, S=34.8, V=147.7
2026-06-01 21:13:34,483 - mazeUtils.moveTile - [moveTile.py:80] - DEBUG - roll: 33.210000000000036 deg, practicalMoveTime: 1.1233731762312262 sec
2026-06-01 21:13:34,483 - mazeUtils.moveTile - [moveTile.py:1049] - DEBUG - moveTile loop time: 56.8 ms
2026-06-01 21:13:34,488 - picamera2.picamera2 - [picamera2.py:1391] - DEBUG - Execute job: <picamera2.job.Job object at 0x7f8c9dc710>
2026-06-01 21:13:34,492 - mazeUtils.device.camera - [camera.py:37] - DEBUG - Average HSV: H=113.5, S=38.4, V=133.7
2026-06-01 21:13:34,543 - mazeUtils.moveTile - [moveTile.py:80] - DEBUG - roll: 33.79000000000002 deg, practicalMoveTime: 1.1656996834096298 sec
2026-06-01 21:13:34,544 - mazeUtils.moveTile - [moveTile.py:1049] - DEBUG - moveTile loop time: 60.1 ms
2026-06-01 21:13:34,550 - picamera2.picamera2 - [picamera2.py:1391] - DEBUG - Execute job: <picamera2.job.Job object at 0x7f94070310>
2026-06-01 21:13:34,553 - mazeUtils.device.camera - [camera.py:37] - DEBUG - Average HSV: H=119.0, S=38.8, V=111.6
2026-06-01 21:13:34,604 - mazeUtils.moveTile - [moveTile.py:80] - DEBUG - roll: 31.69999999999999 deg, practicalMoveTime: 1.2092525678350847 sec
2026-06-01 21:13:34,604 - mazeUtils.moveTile - [moveTile.py:1049] - DEBUG - moveTile loop time: 60.5 ms
2026-06-01 21:13:34,608 - picamera2.picamera2 - [picamera2.py:1391] - DEBUG - Execute job: <picamera2.job.Job object at 0x7f9674ee10>
2026-06-01 21:13:34,612 - mazeUtils.device.camera - [camera.py:37] - DEBUG - Average HSV: H=124.8, S=40.6, V=103.3
2026-06-01 21:13:34,660 - mazeUtils.moveTile - [moveTile.py:80] - DEBUG - roll: 33.900000000000034 deg, practicalMoveTime: 1.2482832730578104 sec
2026-06-01 21:13:34,660 - mazeUtils.moveTile - [moveTile.py:1049] - DEBUG - moveTile loop time: 55.6 ms
2026-06-01 21:13:34,665 - picamera2.picamera2 - [picamera2.py:1391] - DEBUG - Execute job: <picamera2.job.Job object at 0x7f8cc9cd10>
2026-06-01 21:13:34,668 - mazeUtils.device.camera - [camera.py:37] - DEBUG - Average HSV: H=119.2, S=44.1, V=83.8
2026-06-01 21:13:34,717 - mazeUtils.moveTile - [moveTile.py:80] - DEBUG - roll: 32.31999999999999 deg, practicalMoveTime: 1.2886467150216538 sec
2026-06-01 21:13:34,717 - mazeUtils.moveTile - [moveTile.py:1049] - DEBUG - moveTile loop time: 56.5 ms
2026-06-01 21:13:34,723 - picamera2.picamera2 - [picamera2.py:1391] - DEBUG - Execute job: <picamera2.job.Job object at 0x7f94070310>
2026-06-01 21:13:34,727 - mazeUtils.device.camera - [camera.py:37] - DEBUG - Average HSV: H=103.3, S=47.3, V=69.9
2026-06-01 21:13:34,776 - mazeUtils.moveTile - [moveTile.py:80] - DEBUG - roll: 34.579999999999984 deg, practicalMoveTime: 1.3302379562782027 sec
2026-06-01 21:13:34,777 - mazeUtils.moveTile - [moveTile.py:1049] - DEBUG - moveTile loop time: 59.7 ms
2026-06-01 21:13:34,782 - picamera2.picamera2 - [picamera2.py:1391] - DEBUG - Execute job: <picamera2.job.Job object at 0x7f9674ee10>
2026-06-01 21:13:34,785 - mazeUtils.device.camera - [camera.py:37] - DEBUG - Average HSV: H=84.9, S=50.9, V=75.3
2026-06-01 21:13:34,835 - mazeUtils.moveTile - [moveTile.py:80] - DEBUG - roll: 33.60000000000002 deg, practicalMoveTime: 1.37112413702528 sec
2026-06-01 21:13:34,835 - mazeUtils.moveTile - [moveTile.py:1049] - DEBUG - moveTile loop time: 58.2 ms
2026-06-01 21:13:34,841 - picamera2.picamera2 - [picamera2.py:1391] - DEBUG - Execute job: <picamera2.job.Job object at 0x7f94070310>
2026-06-01 21:13:34,845 - mazeUtils.device.camera - [camera.py:37] - DEBUG - Average HSV: H=85.4, S=50.7, V=74.0
2026-06-01 21:13:34,897 - mazeUtils.moveTile - [moveTile.py:80] - DEBUG - roll: 33.0 deg, practicalMoveTime: 1.414712110151936 sec
2026-06-01 21:13:34,897 - mazeUtils.moveTile - [moveTile.py:1049] - DEBUG - moveTile loop time: 61.6 ms
2026-06-01 21:13:34,902 - picamera2.picamera2 - [picamera2.py:1391] - DEBUG - Execute job: <picamera2.job.Job object at 0x7fa5b472d0>
2026-06-01 21:13:34,906 - mazeUtils.device.camera - [camera.py:37] - DEBUG - Average HSV: H=98.1, S=51.7, V=71.0
2026-06-01 21:13:34,956 - mazeUtils.moveTile - [moveTile.py:80] - DEBUG - roll: 37.10000000000002 deg, practicalMoveTime: 1.4543296575551528 sec
2026-06-01 21:13:34,956 - mazeUtils.moveTile - [moveTile.py:1049] - DEBUG - moveTile loop time: 58.7 ms
2026-06-01 21:13:34,962 - picamera2.picamera2 - [picamera2.py:1391] - DEBUG - Execute job: <picamera2.job.Job object at 0x7f977bf750>
2026-06-01 21:13:34,965 - mazeUtils.device.camera - [camera.py:37] - DEBUG - Average HSV: H=82.2, S=53.3, V=77.3
2026-06-01 21:13:35,012 - mazeUtils.moveTile - [moveTile.py:80] - DEBUG - roll: 35.24000000000001 deg, practicalMoveTime: 1.493191523706971 sec
2026-06-01 21:13:35,013 - mazeUtils.moveTile - [moveTile.py:1049] - DEBUG - moveTile loop time: 56.3 ms
2026-06-01 21:13:35,016 - picamera2.picamera2 - [picamera2.py:1391] - DEBUG - Execute job: <picamera2.job.Job object at 0x7f8cc9cd10>
2026-06-01 21:13:35,020 - mazeUtils.device.camera - [camera.py:37] - DEBUG - Average HSV: H=72.8, S=64.5, V=68.6
2026-06-01 21:13:35,069 - mazeUtils.moveTile - [moveTile.py:80] - DEBUG - roll: 35.01999999999998 deg, practicalMoveTime: 1.5321210133706882 sec
2026-06-01 21:13:35,069 - mazeUtils.moveTile - [moveTile.py:1049] - DEBUG - moveTile loop time: 56.2 ms
2026-06-01 21:13:35,073 - picamera2.picamera2 - [picamera2.py:1391] - DEBUG - Execute job: <picamera2.job.Job object at 0x7f8cc30e50>
2026-06-01 21:13:35,077 - mazeUtils.device.camera - [camera.py:37] - DEBUG - Average HSV: H=75.9, S=51.8, V=80.0
2026-06-01 21:13:35,127 - mazeUtils.moveTile - [moveTile.py:80] - DEBUG - roll: 31.860000000000014 deg, practicalMoveTime: 1.5738179922184827 sec
2026-06-01 21:13:35,127 - mazeUtils.moveTile - [moveTile.py:1049] - DEBUG - moveTile loop time: 58.2 ms
2026-06-01 21:13:35,132 - picamera2.picamera2 - [picamera2.py:1391] - DEBUG - Execute job: <picamera2.job.Job object at 0x7f977bf750>
2026-06-01 21:13:35,136 - mazeUtils.device.camera - [camera.py:37] - DEBUG - Average HSV: H=64.5, S=56.0, V=104.0
2026-06-01 21:13:35,186 - mazeUtils.moveTile - [moveTile.py:80] - DEBUG - roll: 28.810000000000002 deg, practicalMoveTime: 1.6176263220956884 sec
2026-06-01 21:13:35,187 - mazeUtils.moveTile - [moveTile.py:1049] - DEBUG - moveTile loop time: 59.0 ms
2026-06-01 21:13:35,193 - picamera2.picamera2 - [picamera2.py:1391] - DEBUG - Execute job: <picamera2.job.Job object at 0x7f967a7090>
2026-06-01 21:13:35,196 - mazeUtils.device.camera - [camera.py:37] - DEBUG - Average HSV: H=52.6, S=57.7, V=85.2
2026-06-01 21:13:35,245 - mazeUtils.moveTile - [moveTile.py:80] - DEBUG - roll: 29.620000000000005 deg, practicalMoveTime: 1.6603492115994525 sec
2026-06-01 21:13:35,245 - mazeUtils.moveTile - [moveTile.py:1049] - DEBUG - moveTile loop time: 58.0 ms
2026-06-01 21:13:35,250 - picamera2.picamera2 - [picamera2.py:1391] - DEBUG - Execute job: <picamera2.job.Job object at 0x7f8cc9cd10>
2026-06-01 21:13:35,253 - mazeUtils.device.camera - [camera.py:37] - DEBUG - Average HSV: H=55.8, S=57.1, V=81.7
2026-06-01 21:13:35,302 - mazeUtils.moveTile - [moveTile.py:80] - DEBUG - roll: 29.49000000000001 deg, practicalMoveTime: 1.7025014117546822 sec
2026-06-01 21:13:35,302 - mazeUtils.moveTile - [moveTile.py:1049] - DEBUG - moveTile loop time: 57.3 ms
2026-06-01 21:13:35,307 - picamera2.picamera2 - [picamera2.py:1391] - DEBUG - Execute job: <picamera2.job.Job object at 0x7f8ce55590>
2026-06-01 21:13:35,311 - mazeUtils.device.camera - [camera.py:37] - DEBUG - Average HSV: H=130.0, S=37.0, V=169.2
2026-06-01 21:13:35,359 - mazeUtils.moveTile - [moveTile.py:80] - DEBUG - roll: 19.090000000000032 deg, practicalMoveTime: 1.7477431904675367 sec
2026-06-01 21:13:35,359 - mazeUtils.moveTile - [moveTile.py:1049] - DEBUG - moveTile loop time: 56.6 ms
2026-06-01 21:13:35,366 - picamera2.picamera2 - [picamera2.py:1391] - DEBUG - Execute job: <picamera2.job.Job object at 0x7fbbffbd90>
2026-06-01 21:13:35,369 - mazeUtils.device.camera - [camera.py:37] - DEBUG - Average HSV: H=154.9, S=27.2, V=197.5
2026-06-01 21:13:35,418 - mazeUtils.moveTile - [moveTile.py:80] - DEBUG - roll: 15.360000000000014 deg, practicalMoveTime: 1.7956496781459277 sec
2026-06-01 21:13:35,418 - mazeUtils.moveTile - [moveTile.py:1049] - DEBUG - moveTile loop time: 59.0 ms
2026-06-01 21:13:35,425 - picamera2.picamera2 - [picamera2.py:1391] - DEBUG - Execute job: <picamera2.job.Job object at 0x7f9674ee10>
2026-06-01 21:13:35,429 - mazeUtils.device.camera - [camera.py:37] - DEBUG - Average HSV: H=145.3, S=28.0, V=198.5
2026-06-01 21:13:35,478 - mazeUtils.moveTile - [moveTile.py:80] - DEBUG - roll: 11.660000000000025 deg, practicalMoveTime: 1.8449728032405641 sec
2026-06-01 21:13:35,478 - mazeUtils.moveTile - [moveTile.py:1049] - DEBUG - moveTile loop time: 59.5 ms
2026-06-01 21:13:35,484 - picamera2.picamera2 - [picamera2.py:1391] - DEBUG - Execute job: <picamera2.job.Job object at 0x7fbbffbd90>
2026-06-01 21:13:35,487 - mazeUtils.device.camera - [camera.py:37] - DEBUG - Average HSV: H=132.6, S=26.8, V=205.5
2026-06-01 21:13:35,535 - mazeUtils.moveTile - [moveTile.py:80] - DEBUG - roll: 9.28000000000003 deg, practicalMoveTime: 1.8926686252009823 sec
2026-06-01 21:13:35,536 - mazeUtils.moveTile - [moveTile.py:1049] - DEBUG - moveTile loop time: 57.1 ms
2026-06-01 21:13:35,541 - picamera2.picamera2 - [picamera2.py:1391] - DEBUG - Execute job: <picamera2.job.Job object at 0x7f8ce55590>
2026-06-01 21:13:35,545 - mazeUtils.device.camera - [camera.py:37] - DEBUG - Average HSV: H=125.1, S=26.4, V=208.2
2026-06-01 21:13:35,598 - mazeUtils.moveTile - [moveTile.py:80] - DEBUG - roll: 6.269999999999982 deg, practicalMoveTime: 1.9451895948105298 sec
2026-06-01 21:13:35,598 - mazeUtils.moveTile - [moveTile.py:1049] - DEBUG - moveTile loop time: 62.5 ms
2026-06-01 21:13:35,603 - picamera2.picamera2 - [picamera2.py:1391] - DEBUG - Execute job: <picamera2.job.Job object at 0x7fa870bf50>
2026-06-01 21:13:35,606 - mazeUtils.device.camera - [camera.py:37] - DEBUG - Average HSV: H=104.6, S=29.0, V=205.1
2026-06-01 21:13:35,656 - mazeUtils.moveTile - [moveTile.py:1004] - INFO - practicalVerticalMove: 29.534619055775117 CM
2026-06-01 21:13:35,852 - mazeUtils.moveTile - [moveTile.py:512] - DEBUG - Direction: absDirection.NORTH, Angle: 0, Distance: 178.93883289596462 cm
2026-06-01 21:13:35,853 - mazeUtils.moveTile - [moveTile.py:512] - DEBUG - Direction: absDirection.EAST, Angle: 270, Distance: 12.955850457668477 cm
2026-06-01 21:13:35,854 - mazeUtils.moveTile - [moveTile.py:512] - DEBUG - Direction: absDirection.SOUTH, Angle: 180, Distance: 382.90874241382147 cm
2026-06-01 21:13:35,855 - mazeUtils.moveTile - [moveTile.py:512] - DEBUG - Direction: absDirection.WEST, Angle: 90, Distance: 100.28780556167084 cm
2026-06-01 21:13:35,856 - mazeUtils.moveTile - [moveTile.py:1239] - INFO - Tile color detection counts: {}, decided tile type: E
2026-06-01 21:13:35,957 - __main__ - [main.py:84] - INFO - Current position: (20, 20, 1), front direction: absDirection.NORTH
Layer 0 (altitude=0.0cm, offset=(0.0cm, 0.0cm)):
Known map area: x=20..20, y=20..20
+   +
| S  
+---+
Layer 1 (altitude=15.0cm, offset=(0.0cm, -60.0cm)):
Known map area: x=20..20, y=20..20
+   +
  @ |
+   +
2026-06-01 21:13:35,969 - mazeUtils.mazeMap - [mazeMap.py:61] - INFO - next goal: (20, 19, 1)
2026-06-01 21:13:35,970 - mazeUtils.mazeMap - [mazeMap.py:61] - INFO - next goal: (20, 19, 1)
2026-06-01 21:13:35,978 - mazeUtils.moveTile - [moveTile.py:80] - DEBUG - Moving to absDirection.NORTH from (20, 20, 1) facing absDirection.NORTH
2026-06-01 21:13:36,079 - picamera2.picamera2 - [picamera2.py:1391] - DEBUG - Execute job: <picamera2.job.Job object at 0x7fa86ccf50>
2026-06-01 21:13:36,082 - mazeUtils.device.camera - [camera.py:37] - DEBUG - Average HSV: H=116.5, S=30.0, V=196.9
2026-06-01 21:13:36,131 - mazeUtils.moveTile - [moveTile.py:80] - DEBUG - roll: 2.7800000000000296 deg, practicalMoveTime: 0.04898741375981351 sec
2026-06-01 21:13:36,132 - mazeUtils.moveTile - [moveTile.py:1049] - DEBUG - moveTile loop time: 58.0 ms
2026-06-01 21:13:36,137 - picamera2.picamera2 - [picamera2.py:1391] - DEBUG - Execute job: <picamera2.job.Job object at 0x7f8c994550>
2026-06-01 21:13:36,140 - mazeUtils.device.camera - [camera.py:37] - DEBUG - Average HSV: H=122.1, S=30.0, V=196.3
2026-06-01 21:13:36,188 - mazeUtils.moveTile - [moveTile.py:80] - DEBUG - roll: 1.5699999999999932 deg, practicalMoveTime: 0.09686247001845005 sec
2026-06-01 21:13:36,189 - mazeUtils.moveTile - [moveTile.py:1049] - DEBUG - moveTile loop time: 56.6 ms
2026-06-01 21:13:36,194 - picamera2.picamera2 - [picamera2.py:1391] - DEBUG - Execute job: <picamera2.job.Job object at 0x7f8cbdfe50>
2026-06-01 21:13:36,197 - mazeUtils.device.camera - [camera.py:37] - DEBUG - Average HSV: H=106.3, S=31.9, V=191.8
2026-06-01 21:13:36,247 - mazeUtils.moveTile - [moveTile.py:80] - DEBUG - roll: 1.3899999999999864 deg, practicalMoveTime: 0.1462136786507645 sec
2026-06-01 21:13:36,247 - mazeUtils.moveTile - [moveTile.py:1049] - DEBUG - moveTile loop time: 58.4 ms
2026-06-01 21:13:36,253 - picamera2.picamera2 - [picamera2.py:1391] - DEBUG - Execute job: <picamera2.job.Job object at 0x7fa86ccf50>
2026-06-01 21:13:36,256 - mazeUtils.device.camera - [camera.py:37] - DEBUG - Average HSV: H=135.1, S=30.4, V=189.2
2026-06-01 21:13:36,305 - mazeUtils.moveTile - [moveTile.py:80] - DEBUG - roll: 1.240000000000009 deg, practicalMoveTime: 0.19555833060912153 sec
2026-06-01 21:13:36,306 - mazeUtils.moveTile - [moveTile.py:1049] - DEBUG - moveTile loop time: 58.5 ms
2026-06-01 21:13:36,311 - picamera2.picamera2 - [picamera2.py:1391] - DEBUG - Execute job: <picamera2.job.Job object at 0x7f8c9a7f50>
2026-06-01 21:13:36,315 - mazeUtils.device.camera - [camera.py:37] - DEBUG - Average HSV: H=118.3, S=34.4, V=185.0
2026-06-01 21:13:36,363 - mazeUtils.moveTile - [moveTile.py:80] - DEBUG - roll: 1.2200000000000273 deg, practicalMoveTime: 0.24384106893671859 sec
2026-06-01 21:13:36,363 - mazeUtils.moveTile - [moveTile.py:1049] - DEBUG - moveTile loop time: 57.3 ms
2026-06-01 21:13:36,369 - picamera2.picamera2 - [picamera2.py:1391] - DEBUG - Execute job: <picamera2.job.Job object at 0x7f8c9a7f50>
2026-06-01 21:13:36,373 - mazeUtils.device.camera - [camera.py:37] - DEBUG - Average HSV: H=124.3, S=34.6, V=183.9
2026-06-01 21:13:36,421 - mazeUtils.moveTile - [moveTile.py:80] - DEBUG - roll: 0.9399999999999977 deg, practicalMoveTime: 0.292441316695019 sec
2026-06-01 21:13:36,421 - mazeUtils.moveTile - [moveTile.py:1049] - DEBUG - moveTile loop time: 57.5 ms
2026-06-01 21:13:36,426 - picamera2.picamera2 - [picamera2.py:1391] - DEBUG - Execute job: <picamera2.job.Job object at 0x7fa86ccf50>
2026-06-01 21:13:36,430 - mazeUtils.device.camera - [camera.py:37] - DEBUG - Average HSV: H=125.1, S=37.4, V=176.0
2026-06-01 21:13:36,479 - mazeUtils.moveTile - [moveTile.py:80] - DEBUG - roll: 1.150000000000034 deg, practicalMoveTime: 0.34163623213973815 sec
2026-06-01 21:13:36,480 - mazeUtils.moveTile - [moveTile.py:1049] - DEBUG - moveTile loop time: 58.3 ms
2026-06-01 21:13:36,486 - picamera2.picamera2 - [picamera2.py:1391] - DEBUG - Execute job: <picamera2.job.Job object at 0x7f8c994190>
2026-06-01 21:13:36,490 - mazeUtils.device.camera - [camera.py:37] - DEBUG - Average HSV: H=120.8, S=40.0, V=167.5
2026-06-01 21:13:36,538 - mazeUtils.moveTile - [moveTile.py:80] - DEBUG - roll: 0.7200000000000273 deg, practicalMoveTime: 0.3915083164775511 sec
2026-06-01 21:13:36,539 - mazeUtils.moveTile - [moveTile.py:1049] - DEBUG - moveTile loop time: 59.0 ms
2026-06-01 21:13:36,545 - picamera2.picamera2 - [picamera2.py:1391] - DEBUG - Execute job: <picamera2.job.Job object at 0x7f8c9a7f90>
2026-06-01 21:13:36,548 - mazeUtils.device.camera - [camera.py:37] - DEBUG - Average HSV: H=124.9, S=40.4, V=165.8
2026-06-01 21:13:36,596 - mazeUtils.moveTile - [moveTile.py:80] - DEBUG - roll: 0.8600000000000136 deg, practicalMoveTime: 0.43958845827471466 sec
2026-06-01 21:13:36,596 - mazeUtils.moveTile - [moveTile.py:1049] - DEBUG - moveTile loop time: 57.0 ms
2026-06-01 21:13:36,602 - picamera2.picamera2 - [picamera2.py:1391] - DEBUG - Execute job: <picamera2.job.Job object at 0x7f8c9a7f50>
2026-06-01 21:13:36,606 - mazeUtils.device.camera - [camera.py:37] - DEBUG - Average HSV: H=127.6, S=41.4, V=161.5
2026-06-01 21:13:36,657 - mazeUtils.moveTile - [moveTile.py:80] - DEBUG - roll: 0.9399999999999977 deg, practicalMoveTime: 0.4915158663221607 sec
2026-06-01 21:13:36,658 - mazeUtils.moveTile - [moveTile.py:1049] - DEBUG - moveTile loop time: 61.4 ms
2026-06-01 21:13:36,663 - picamera2.picamera2 - [picamera2.py:1391] - DEBUG - Execute job: <picamera2.job.Job object at 0x7f8c994550>
2026-06-01 21:13:36,667 - mazeUtils.device.camera - [camera.py:37] - DEBUG - Average HSV: H=122.5, S=44.0, V=153.1
2026-06-01 21:13:36,716 - mazeUtils.moveTile - [moveTile.py:80] - DEBUG - roll: 0.8000000000000114 deg, practicalMoveTime: 0.5411165078353919 sec
2026-06-01 21:13:36,717 - mazeUtils.moveTile - [moveTile.py:1049] - DEBUG - moveTile loop time: 58.7 ms
2026-06-01 21:13:36,721 - picamera2.picamera2 - [picamera2.py:1391] - DEBUG - Execute job: <picamera2.job.Job object at 0x7f8c994190>
2026-06-01 21:13:36,724 - mazeUtils.device.camera - [camera.py:37] - DEBUG - Average HSV: H=128.3, S=43.8, V=150.5
2026-06-01 21:13:36,774 - mazeUtils.moveTile - [moveTile.py:80] - DEBUG - roll: 0.6299999999999955 deg, practicalMoveTime: 0.5896603761438881 sec
2026-06-01 21:13:36,774 - mazeUtils.moveTile - [moveTile.py:1049] - DEBUG - moveTile loop time: 57.5 ms
2026-06-01 21:13:36,781 - picamera2.picamera2 - [picamera2.py:1391] - DEBUG - Execute job: <picamera2.job.Job object at 0x7f8c994190>
2026-06-01 21:13:36,784 - mazeUtils.device.camera - [camera.py:37] - DEBUG - Average HSV: H=86.5, S=49.7, V=142.9
2026-06-01 21:13:36,831 - mazeUtils.moveTile - [moveTile.py:80] - DEBUG - roll: 0.7599999999999909 deg, practicalMoveTime: 0.6377818266818808 sec
2026-06-01 21:13:36,831 - mazeUtils.moveTile - [moveTile.py:1049] - DEBUG - moveTile loop time: 56.8 ms
2026-06-01 21:13:36,837 - picamera2.picamera2 - [picamera2.py:1391] - DEBUG - Execute job: <picamera2.job.Job object at 0x7f8c994190>
2026-06-01 21:13:36,840 - mazeUtils.device.camera - [camera.py:37] - DEBUG - Average HSV: H=28.2, S=60.8, V=140.7
2026-06-01 21:13:36,889 - mazeUtils.moveTile - [moveTile.py:80] - DEBUG - roll: 0.5099999999999909 deg, practicalMoveTime: 0.6864211403445296 sec
2026-06-01 21:13:36,889 - mazeUtils.moveTile - [moveTile.py:1049] - DEBUG - moveTile loop time: 57.5 ms
2026-06-01 21:13:36,894 - picamera2.picamera2 - [picamera2.py:1391] - DEBUG - Execute job: <picamera2.job.Job object at 0x7f8c994550>
2026-06-01 21:13:36,898 - mazeUtils.device.camera - [camera.py:37] - DEBUG - Average HSV: H=7.5, S=67.3, V=141.2
2026-06-01 21:13:36,948 - mazeUtils.moveTile - [moveTile.py:80] - DEBUG - roll: 0.8400000000000318 deg, practicalMoveTime: 0.7365108500203692 sec
2026-06-01 21:13:36,949 - mazeUtils.moveTile - [moveTile.py:1049] - DEBUG - moveTile loop time: 59.9 ms
2026-06-01 21:13:36,955 - picamera2.picamera2 - [picamera2.py:1391] - DEBUG - Execute job: <picamera2.job.Job object at 0x7f8c994a50>
2026-06-01 21:13:36,961 - mazeUtils.device.camera - [camera.py:37] - DEBUG - Average HSV: H=8.1, S=70.1, V=135.7
2026-06-01 21:13:37,013 - mazeUtils.moveTile - [moveTile.py:80] - DEBUG - roll: 1.160000000000025 deg, practicalMoveTime: 0.7903521451834213 sec
2026-06-01 21:13:37,014 - mazeUtils.moveTile - [moveTile.py:1049] - DEBUG - moveTile loop time: 63.7 ms
2026-06-01 21:13:37,019 - picamera2.picamera2 - [picamera2.py:1391] - DEBUG - Execute job: <picamera2.job.Job object at 0x7f8c9a7f50>
2026-06-01 21:13:37,025 - mazeUtils.device.camera - [camera.py:37] - DEBUG - Average HSV: H=9.3, S=70.6, V=132.0
2026-06-01 21:13:37,076 - mazeUtils.moveTile - [moveTile.py:80] - DEBUG - roll: 1.0500000000000114 deg, practicalMoveTime: 0.8432299414708746 sec
2026-06-01 21:13:37,077 - mazeUtils.moveTile - [moveTile.py:1049] - DEBUG - moveTile loop time: 62.3 ms
2026-06-01 21:13:37,081 - picamera2.picamera2 - [picamera2.py:1391] - DEBUG - Execute job: <picamera2.job.Job object at 0x7fa86ccf50>
2026-06-01 21:13:37,086 - mazeUtils.device.camera - [camera.py:37] - DEBUG - Average HSV: H=7.3, S=76.7, V=124.0
2026-06-01 21:13:37,134 - mazeUtils.moveTile - [moveTile.py:80] - DEBUG - roll: 0.9300000000000068 deg, practicalMoveTime: 0.8920155306578698 sec
2026-06-01 21:13:37,135 - mazeUtils.moveTile - [moveTile.py:1049] - DEBUG - moveTile loop time: 58.1 ms
2026-06-01 21:13:37,140 - picamera2.picamera2 - [picamera2.py:1391] - DEBUG - Execute job: <picamera2.job.Job object at 0x7f8c9a7f50>
2026-06-01 21:13:37,145 - mazeUtils.device.camera - [camera.py:37] - DEBUG - Average HSV: H=6.1, S=83.3, V=119.5
2026-06-01 21:13:37,192 - mazeUtils.moveTile - [moveTile.py:80] - DEBUG - roll: 1.0900000000000318 deg, practicalMoveTime: 0.9406927483253233 sec
2026-06-01 21:13:37,193 - mazeUtils.moveTile - [moveTile.py:1049] - DEBUG - moveTile loop time: 57.2 ms
2026-06-01 21:13:37,199 - picamera2.picamera2 - [picamera2.py:1391] - DEBUG - Execute job: <picamera2.job.Job object at 0x7fa86ce550>
2026-06-01 21:13:37,203 - mazeUtils.device.camera - [camera.py:37] - DEBUG - Average HSV: H=6.4, S=89.6, V=113.7
2026-06-01 21:13:37,252 - mazeUtils.moveTile - [moveTile.py:80] - DEBUG - roll: 0.7400000000000091 deg, practicalMoveTime: 0.9907554966842925 sec
2026-06-01 21:13:37,253 - mazeUtils.moveTile - [moveTile.py:1049] - DEBUG - moveTile loop time: 59.3 ms
2026-06-01 21:13:37,259 - picamera2.picamera2 - [picamera2.py:1391] - DEBUG - Execute job: <picamera2.job.Job object at 0x7f8c994a50>
2026-06-01 21:13:37,264 - mazeUtils.device.camera - [camera.py:37] - DEBUG - Average HSV: H=6.1, S=89.0, V=111.4
2026-06-01 21:13:37,314 - mazeUtils.moveTile - [moveTile.py:1004] - INFO - practicalVerticalMove: 0.6774390007818551 CM
2026-06-01 21:13:37,464 - mazeUtils.moveTile - [moveTile.py:512] - DEBUG - Direction: absDirection.NORTH, Angle: 0, Distance: 57.20074269411878 cm
2026-06-01 21:13:37,466 - mazeUtils.moveTile - [moveTile.py:512] - DEBUG - Direction: absDirection.EAST, Angle: 270, Distance: 170.265216793881 cm
2026-06-01 21:13:37,468 - mazeUtils.moveTile - [moveTile.py:512] - DEBUG - Direction: absDirection.SOUTH, Angle: 180, Distance: 233.56621870894674 cm
2026-06-01 21:13:37,471 - mazeUtils.moveTile - [moveTile.py:512] - DEBUG - Direction: absDirection.WEST, Angle: 90, Distance: 19.83047979285555 cm
2026-06-01 21:13:37,471 - mazeUtils.moveTile - [moveTile.py:1239] - INFO - Tile color detection counts: {}, decided tile type: E
2026-06-01 21:13:37,571 - __main__ - [main.py:84] - INFO - Current position: (20, 19, 1), front direction: absDirection.NORTH
Layer 0 (altitude=0.0cm, offset=(0.0cm, 0.0cm)):
Known map area: x=20..20, y=20..20
+   +
| S  
+---+
Layer 1 (altitude=15.0cm, offset=(0.0cm, -60.0cm)):
Known map area: x=20..20, y=19..20
+   +
| @  
+   +
  E |
+   +
2026-06-01 21:13:37,584 - mazeUtils.mazeMap - [mazeMap.py:61] - INFO - next goal: (20, 18, 1)
2026-06-01 21:13:37,585 - mazeUtils.mazeMap - [mazeMap.py:61] - INFO - next goal: (20, 18, 1)
2026-06-01 21:13:37,592 - mazeUtils.moveTile - [moveTile.py:80] - DEBUG - Moving to absDirection.NORTH from (20, 19, 1) facing absDirection.NORTH
2026-06-01 21:13:37,738 - picamera2.picamera2 - [picamera2.py:1391] - DEBUG - Execute job: <picamera2.job.Job object at 0x7f8c970390>
2026-06-01 21:13:37,741 - mazeUtils.device.camera - [camera.py:37] - DEBUG - Average HSV: H=6.6, S=91.3, V=99.4
2026-06-01 21:13:37,790 - mazeUtils.moveTile - [moveTile.py:80] - DEBUG - roll: 0.6000000000000227 deg, practicalMoveTime: 0.051124618506946426 sec
2026-06-01 21:13:37,791 - mazeUtils.moveTile - [moveTile.py:1049] - DEBUG - moveTile loop time: 59.2 ms
2026-06-01 21:13:37,795 - picamera2.picamera2 - [picamera2.py:1391] - DEBUG - Execute job: <picamera2.job.Job object at 0x7f8c970c50>
2026-06-01 21:13:37,798 - mazeUtils.device.camera - [camera.py:37] - DEBUG - Average HSV: H=7.1, S=91.6, V=99.2
2026-06-01 21:13:37,847 - mazeUtils.moveTile - [moveTile.py:80] - DEBUG - roll: 0.7900000000000205 deg, practicalMoveTime: 0.09861086796704993 sec
2026-06-01 21:13:37,847 - mazeUtils.moveTile - [moveTile.py:1049] - DEBUG - moveTile loop time: 56.1 ms
2026-06-01 21:13:37,851 - picamera2.picamera2 - [picamera2.py:1391] - DEBUG - Execute job: <picamera2.job.Job object at 0x7f8c970990>
2026-06-01 21:13:37,855 - mazeUtils.device.camera - [camera.py:37] - DEBUG - Average HSV: H=7.5, S=89.0, V=95.9
2026-06-01 21:13:37,905 - mazeUtils.moveTile - [moveTile.py:80] - DEBUG - roll: 0.2400000000000091 deg, practicalMoveTime: 0.14722918724013986 sec
2026-06-01 21:13:37,905 - mazeUtils.moveTile - [moveTile.py:1049] - DEBUG - moveTile loop time: 57.4 ms
2026-06-01 21:13:37,911 - picamera2.picamera2 - [picamera2.py:1391] - DEBUG - Execute job: <picamera2.job.Job object at 0x7f967b1c90>
2026-06-01 21:13:37,914 - mazeUtils.device.camera - [camera.py:37] - DEBUG - Average HSV: H=10.2, S=79.7, V=99.6
2026-06-01 21:13:37,962 - mazeUtils.moveTile - [moveTile.py:80] - DEBUG - roll: 0.36000000000001364 deg, practicalMoveTime: 0.19573510956237958 sec
2026-06-01 21:13:37,962 - mazeUtils.moveTile - [moveTile.py:1049] - DEBUG - moveTile loop time: 57.4 ms
2026-06-01 21:13:37,968 - picamera2.picamera2 - [picamera2.py:1391] - DEBUG - Execute job: <picamera2.job.Job object at 0x7f8c970c50>
2026-06-01 21:13:37,971 - mazeUtils.device.camera - [camera.py:37] - DEBUG - Average HSV: H=15.9, S=73.3, V=98.1
2026-06-01 21:13:38,020 - mazeUtils.moveTile - [moveTile.py:80] - DEBUG - roll: 0.7699999999999818 deg, practicalMoveTime: 0.24405665379731672 sec
2026-06-01 21:13:38,020 - mazeUtils.moveTile - [moveTile.py:1049] - DEBUG - moveTile loop time: 57.2 ms
2026-06-01 21:13:38,026 - picamera2.picamera2 - [picamera2.py:1391] - DEBUG - Execute job: <picamera2.job.Job object at 0x7f8c970ed0>
2026-06-01 21:13:38,030 - mazeUtils.device.camera - [camera.py:37] - DEBUG - Average HSV: H=19.5, S=70.9, V=97.5
2026-06-01 21:13:38,080 - mazeUtils.moveTile - [moveTile.py:80] - DEBUG - roll: 0.10000000000002274 deg, practicalMoveTime: 0.29540489225884203 sec
2026-06-01 21:13:38,081 - mazeUtils.moveTile - [moveTile.py:1049] - DEBUG - moveTile loop time: 60.6 ms
2026-06-01 21:13:38,086 - picamera2.picamera2 - [picamera2.py:1391] - DEBUG - Execute job: <picamera2.job.Job object at 0x7f8c970c50>
2026-06-01 21:13:38,089 - mazeUtils.device.camera - [camera.py:37] - DEBUG - Average HSV: H=19.7, S=71.3, V=94.8
2026-06-01 21:13:38,141 - mazeUtils.moveTile - [moveTile.py:80] - DEBUG - roll: 1.1299999999999955 deg, practicalMoveTime: 0.34609809232253336 sec
2026-06-01 21:13:38,141 - mazeUtils.moveTile - [moveTile.py:1049] - DEBUG - moveTile loop time: 60.2 ms
2026-06-01 21:13:38,146 - picamera2.picamera2 - [picamera2.py:1391] - DEBUG - Execute job: <picamera2.job.Job object at 0x7f8c970ed0>
2026-06-01 21:13:38,149 - mazeUtils.device.camera - [camera.py:37] - DEBUG - Average HSV: H=21.8, S=71.4, V=92.4
2026-06-01 21:13:38,201 - mazeUtils.moveTile - [moveTile.py:80] - DEBUG - roll: 0.8700000000000045 deg, practicalMoveTime: 0.3963221611640258 sec
2026-06-01 21:13:38,201 - mazeUtils.moveTile - [moveTile.py:1049] - DEBUG - moveTile loop time: 59.4 ms
2026-06-01 21:13:38,208 - picamera2.picamera2 - [picamera2.py:1391] - DEBUG - Execute job: <picamera2.job.Job object at 0x7f967b1790>
2026-06-01 21:13:38,211 - mazeUtils.device.camera - [camera.py:37] - DEBUG - Average HSV: H=19.1, S=75.1, V=90.0
2026-06-01 21:13:38,263 - mazeUtils.moveTile - [moveTile.py:80] - DEBUG - roll: 0.6800000000000068 deg, practicalMoveTime: 0.44855362083080763 sec
2026-06-01 21:13:38,263 - mazeUtils.moveTile - [moveTile.py:1049] - DEBUG - moveTile loop time: 61.9 ms
2026-06-01 21:13:38,270 - picamera2.picamera2 - [picamera2.py:1391] - DEBUG - Execute job: <picamera2.job.Job object at 0x7f8c971110>
2026-06-01 21:13:38,273 - mazeUtils.device.camera - [camera.py:37] - DEBUG - Average HSV: H=20.8, S=76.1, V=84.8
2026-06-01 21:13:38,322 - mazeUtils.moveTile - [moveTile.py:80] - DEBUG - roll: 0.7699999999999818 deg, practicalMoveTime: 0.49864439300766966 sec
2026-06-01 21:13:38,323 - mazeUtils.moveTile - [moveTile.py:1049] - DEBUG - moveTile loop time: 59.3 ms
2026-06-01 21:13:38,328 - picamera2.picamera2 - [picamera2.py:1391] - DEBUG - Execute job: <picamera2.job.Job object at 0x7f967b16d0>
2026-06-01 21:13:38,331 - mazeUtils.device.camera - [camera.py:37] - DEBUG - Average HSV: H=20.3, S=75.9, V=84.8
2026-06-01 21:13:38,379 - mazeUtils.moveTile - [moveTile.py:80] - DEBUG - roll: 0.5400000000000205 deg, practicalMoveTime: 0.5459427621323901 sec
2026-06-01 21:13:38,379 - mazeUtils.moveTile - [moveTile.py:1049] - DEBUG - moveTile loop time: 56.1 ms
2026-06-01 21:13:38,386 - picamera2.picamera2 - [picamera2.py:1391] - DEBUG - Execute job: <picamera2.job.Job object at 0x7f8c970ed0>
2026-06-01 21:13:38,389 - mazeUtils.device.camera - [camera.py:37] - DEBUG - Average HSV: H=22.7, S=80.0, V=81.3
2026-06-01 21:13:38,438 - mazeUtils.moveTile - [moveTile.py:80] - DEBUG - roll: 0.660000000000025 deg, practicalMoveTime: 0.5956491060825995 sec
2026-06-01 21:13:38,438 - mazeUtils.moveTile - [moveTile.py:1049] - DEBUG - moveTile loop time: 58.8 ms
2026-06-01 21:13:38,442 - picamera2.picamera2 - [picamera2.py:1391] - DEBUG - Execute job: <picamera2.job.Job object at 0x7f967b16d0>
2026-06-01 21:13:38,445 - mazeUtils.device.camera - [camera.py:37] - DEBUG - Average HSV: H=21.6, S=83.1, V=77.6
2026-06-01 21:13:38,493 - mazeUtils.moveTile - [moveTile.py:80] - DEBUG - roll: 0.34000000000003183 deg, practicalMoveTime: 0.6419065027577637 sec
2026-06-01 21:13:38,493 - mazeUtils.moveTile - [moveTile.py:1049] - DEBUG - moveTile loop time: 54.8 ms
2026-06-01 21:13:38,499 - picamera2.picamera2 - [picamera2.py:1391] - DEBUG - Execute job: <picamera2.job.Job object at 0x7fa86ccf50>
2026-06-01 21:13:38,503 - mazeUtils.device.camera - [camera.py:37] - DEBUG - Average HSV: H=32.7, S=77.2, V=75.9
2026-06-01 21:13:38,553 - mazeUtils.moveTile - [moveTile.py:80] - DEBUG - roll: 0.2400000000000091 deg, practicalMoveTime: 0.6924184211408781 sec
2026-06-01 21:13:38,554 - mazeUtils.moveTile - [moveTile.py:1049] - DEBUG - moveTile loop time: 59.8 ms
2026-06-01 21:13:38,559 - picamera2.picamera2 - [picamera2.py:1391] - DEBUG - Execute job: <picamera2.job.Job object at 0x7f8c970c50>
2026-06-01 21:13:38,563 - mazeUtils.device.camera - [camera.py:37] - DEBUG - Average HSV: H=41.3, S=72.2, V=73.4
2026-06-01 21:13:38,611 - mazeUtils.moveTile - [moveTile.py:80] - DEBUG - roll: 3.009999999999991 deg, practicalMoveTime: 0.7408201310351697 sec
2026-06-01 21:13:38,611 - mazeUtils.moveTile - [moveTile.py:1049] - DEBUG - moveTile loop time: 57.1 ms
2026-06-01 21:13:38,615 - picamera2.picamera2 - [picamera2.py:1391] - DEBUG - Execute job: <picamera2.job.Job object at 0x7f8c970b10>
2026-06-01 21:13:38,618 - mazeUtils.device.camera - [camera.py:37] - DEBUG - Average HSV: H=81.0, S=72.2, V=41.1
2026-06-01 21:13:38,668 - mazeUtils.moveTile - [moveTile.py:80] - DEBUG - roll: 4.900000000000034 deg, practicalMoveTime: 0.7891317621153568 sec
2026-06-01 21:13:38,669 - mazeUtils.moveTile - [moveTile.py:1049] - DEBUG - moveTile loop time: 57.3 ms
2026-06-01 21:13:38,674 - picamera2.picamera2 - [picamera2.py:1391] - DEBUG - Execute job: <picamera2.job.Job object at 0x7f8c9703d0>
2026-06-01 21:13:38,678 - mazeUtils.device.camera - [camera.py:37] - DEBUG - Average HSV: H=95.9, S=52.9, V=42.6
2026-06-01 21:13:38,729 - mazeUtils.moveTile - [moveTile.py:80] - DEBUG - roll: 5.389999999999986 deg, practicalMoveTime: 0.8402377020162778 sec
2026-06-01 21:13:38,729 - mazeUtils.moveTile - [moveTile.py:1049] - DEBUG - moveTile loop time: 60.6 ms
2026-06-01 21:13:38,735 - picamera2.picamera2 - [picamera2.py:1391] - DEBUG - Execute job: <picamera2.job.Job object at 0x7f967b16d0>
2026-06-01 21:13:38,738 - mazeUtils.device.camera - [camera.py:37] - DEBUG - Average HSV: H=96.1, S=55.4, V=43.4
2026-06-01 21:13:38,787 - mazeUtils.moveTile - [moveTile.py:80] - DEBUG - roll: 3.9600000000000364 deg, practicalMoveTime: 0.8890019813807299 sec
2026-06-01 21:13:38,787 - mazeUtils.moveTile - [moveTile.py:1049] - DEBUG - moveTile loop time: 57.8 ms
2026-06-01 21:13:38,791 - picamera2.picamera2 - [picamera2.py:1391] - DEBUG - Execute job: <picamera2.job.Job object at 0x7f8c9703d0>
2026-06-01 21:13:38,795 - mazeUtils.device.camera - [camera.py:37] - DEBUG - Average HSV: H=73.0, S=59.1, V=45.8
2026-06-01 21:13:38,844 - mazeUtils.moveTile - [moveTile.py:80] - DEBUG - roll: 0.5799999999999841 deg, practicalMoveTime: 0.9372950167169434 sec
2026-06-01 21:13:38,845 - mazeUtils.moveTile - [moveTile.py:1049] - DEBUG - moveTile loop time: 57.3 ms
2026-06-01 21:13:38,850 - picamera2.picamera2 - [picamera2.py:1391] - DEBUG - Execute job: <picamera2.job.Job object at 0x7f8c971110>
2026-06-01 21:13:38,853 - mazeUtils.device.camera - [camera.py:37] - DEBUG - Average HSV: H=11.9, S=97.8, V=66.0
2026-06-01 21:13:38,901 - mazeUtils.moveTile - [moveTile.py:80] - DEBUG - roll: 0.410000000000025 deg, practicalMoveTime: 0.9849460770069886 sec
2026-06-01 21:13:38,902 - mazeUtils.moveTile - [moveTile.py:1049] - DEBUG - moveTile loop time: 56.6 ms
2026-06-01 21:13:38,907 - picamera2.picamera2 - [picamera2.py:1391] - DEBUG - Execute job: <picamera2.job.Job object at 0x7f967b1c90>
2026-06-01 21:13:38,911 - mazeUtils.device.camera - [camera.py:37] - DEBUG - Average HSV: H=14.0, S=97.8, V=67.4
2026-06-01 21:13:38,961 - mazeUtils.moveTile - [moveTile.py:1004] - INFO - practicalVerticalMove: 0.8350096539741897 CM
2026-06-01 21:13:39,045 - mazeUtils.moveTile - [moveTile.py:80] - DEBUG - Little forward to adjust position
2026-06-01 21:13:39,279 - __main__ - [main.py:144] - INFO - Program interrupted by user.
2026-06-01 21:13:40,377 - picamera2.picamera2 - [picamera2.py:1391] - DEBUG - Execute job: <picamera2.job.Job object at 0x7fbc0b7050>
2026-06-01 21:13:40,395 - picamera2.picamera2 - [picamera2.py:1323] - INFO - Camera stopped
2026-06-01 21:13:40,596 - picamera2.picamera2 - [picamera2.py:1329] - DEBUG - Camera was not started
2026-06-01 21:13:40,799 - picamera2.picamera2 - [picamera2.py:723] - INFO - Camera closed successfully.
2026-06-01 21:13:40,976 - picamera2.picamera2 - [picamera2.py:500] - DEBUG - Resources now free: <picamera2.picamera2.Picamera2 object at 0x7faf882610>
