2026-06-21 13:45:32,053 - root - [logging_config.py:61] - INFO - Logging initialized. Log file: /home/tuton/Kanto2026RPi/src/config/../logs/robot_20260621_134531.log
2026-06-21 13:45:34,316 - mazeUtils.device.LiDAR - [LiDAR.py:36] - INFO - Available ports: <ydlidar.Str2strMap; proxy of <Swig Object of type 'std::map< std::string,std::string > *' at 0x7fba8f7fc0> >
2026-06-21 13:45:38,328 - mazeUtils.moveTile - [moveTile.py:529] - DEBUG - Direction: absDirection.NORTH, Angle: 0, Distance: 49.17782396186172 cm
2026-06-21 13:45:38,330 - mazeUtils.moveTile - [moveTile.py:553] - DEBUG - Front LiDAR distance: 49.17782396186172 cm, TSD10 distance: 37.9 cm
2026-06-21 13:45:38,331 - mazeUtils.moveTile - [moveTile.py:529] - DEBUG - Direction: absDirection.EAST, Angle: 270, Distance: 15.867635536529981 cm
2026-06-21 13:45:38,333 - mazeUtils.moveTile - [moveTile.py:529] - DEBUG - Direction: absDirection.SOUTH, Angle: 180, Distance: 16.290943289048233 cm
2026-06-21 13:45:38,335 - mazeUtils.moveTile - [moveTile.py:529] - DEBUG - Direction: absDirection.WEST, Angle: 90, Distance: 18.379732593884462 cm
2026-06-21 13:45:38,336 - __main__ - [main.py:69] - INFO - Initial Map:
2026-06-21 13:45:38,355 - __main__ - [main.py:70] - INFO - Current position: (20, 20, 0), front direction: absDirection.NORTH
Layer 0 (altitude=0.0cm, offset=(0.0cm, 0.0cm)):
Known map area: x=20..20, y=20..20
+   +
| @ |
+---+
mazeAsGraph[0][20][20] = {absDirection.NORTH: (20, 19, 0, 30), absDirection.EAST: None, absDirection.SOUTH: None, absDirection.WEST: None}
2026-06-21 13:45:38,355 - mazeUtils.mazeMap - [mazeMap.py:61] - INFO - next goal: (20, 19, 0)
2026-06-21 13:45:38,356 - __main__ - [main.py:73] - INFO - Next Direction: [<absDirection.NORTH: 0>]
2026-06-21 13:45:38,357 - __main__ - [main.py:74] - INFO - Exploration started.
2026-06-21 13:45:38,366 - mazeUtils.moveTile - [moveTile.py:79] - DEBUG - Moving to absDirection.NORTH from (20, 20, 0) facing absDirection.NORTH
2026-06-21 13:45:38,390 - mazeUtils.moveTile - [moveTile.py:79] - DEBUG - current heading: 359.99 target: 0
2026-06-21 13:45:38,410 - mazeUtils.moveTile - [moveTile.py:404] - DEBUG - stopped turning at heading: 359.99, diff: 0.009999999999990905
2026-06-21 13:45:38,454 - mazeUtils.moveTile - [moveTile.py:79] - DEBUG - Turned to heading: 359.99 deg
2026-06-21 13:45:38,554 - mazeUtils.moveTile - [moveTile.py:79] - DEBUG - Little backward to adjust position
2026-06-21 13:45:39,153 - picamera2.picamera2 - [picamera2.py:1391] - DEBUG - Execute job: <picamera2.job.Job object at 0x7f94fdc510>
2026-06-21 13:45:39,159 - mazeUtils.device.camera - [camera.py:39] - DEBUG - Average HSV: H=110.9, S=175.9, V=153.6
2026-06-21 13:45:39,190 - mazeUtils.moveTile - [moveTile.py:79] - DEBUG - roll: 359.94 deg, practicalMoveTime: 0.04362843028639934 sec
2026-06-21 13:45:39,190 - mazeUtils.moveTile - [moveTile.py:1424] - DEBUG - moveTile loop time: 42.4 ms
2026-06-21 13:45:39,198 - picamera2.picamera2 - [picamera2.py:1391] - DEBUG - Execute job: <picamera2.job.Job object at 0x7f95fc6cd0>
2026-06-21 13:45:39,204 - mazeUtils.device.camera - [camera.py:39] - DEBUG - Average HSV: H=110.9, S=174.9, V=152.5
2026-06-21 13:45:39,242 - mazeUtils.moveTile - [moveTile.py:79] - DEBUG - roll: 0.6599999999999682 deg, practicalMoveTime: 0.09551846008855616 sec
2026-06-21 13:45:39,242 - mazeUtils.moveTile - [moveTile.py:1424] - DEBUG - moveTile loop time: 52.1 ms
2026-06-21 13:45:39,249 - picamera2.picamera2 - [picamera2.py:1391] - DEBUG - Execute job: <picamera2.job.Job object at 0x7f75bc5790>
2026-06-21 13:45:39,253 - mazeUtils.device.camera - [camera.py:39] - DEBUG - Average HSV: H=111.0, S=173.3, V=152.6
2026-06-21 13:45:39,279 - mazeUtils.moveTile - [moveTile.py:79] - DEBUG - roll: 0.5399999999999636 deg, practicalMoveTime: 0.13217631107633845 sec
2026-06-21 13:45:39,280 - mazeUtils.moveTile - [moveTile.py:1424] - DEBUG - moveTile loop time: 36.8 ms
2026-06-21 13:45:39,287 - picamera2.picamera2 - [picamera2.py:1391] - DEBUG - Execute job: <picamera2.job.Job object at 0x7f75bc5890>
2026-06-21 13:45:39,291 - mazeUtils.device.camera - [camera.py:39] - DEBUG - Average HSV: H=111.5, S=168.7, V=146.9
2026-06-21 13:45:39,323 - mazeUtils.moveTile - [moveTile.py:79] - DEBUG - roll: 0.8100000000000023 deg, practicalMoveTime: 0.17498557230653206 sec
2026-06-21 13:45:39,323 - mazeUtils.moveTile - [moveTile.py:1424] - DEBUG - moveTile loop time: 43.2 ms
2026-06-21 13:45:39,329 - picamera2.picamera2 - [picamera2.py:1391] - DEBUG - Execute job: <picamera2.job.Job object at 0x7f94fdc510>
2026-06-21 13:45:39,332 - mazeUtils.device.camera - [camera.py:39] - DEBUG - Average HSV: H=111.9, S=165.1, V=139.3
2026-06-21 13:45:39,360 - mazeUtils.moveTile - [moveTile.py:210] - WARNING - Escape from obstacle on Side.RIGHT side
2026-06-21 13:45:40,037 - mazeUtils.moveTile - [moveTile.py:1352] - DEBUG - Obstacle escape adjustment: 0.0714243484528653
2026-06-21 13:45:40,142 - mazeUtils.moveTile - [moveTile.py:79] - DEBUG - roll: 359.87 deg, practicalMoveTime: 0.051768506892568726 sec
2026-06-21 13:45:40,142 - mazeUtils.moveTile - [moveTile.py:1424] - DEBUG - moveTile loop time: 818.8 ms
2026-06-21 13:45:40,147 - picamera2.picamera2 - [picamera2.py:1391] - DEBUG - Execute job: <picamera2.job.Job object at 0x7f9605e850>
2026-06-21 13:45:40,151 - mazeUtils.device.camera - [camera.py:39] - DEBUG - Average HSV: H=112.9, S=158.7, V=130.4
2026-06-21 13:45:40,179 - mazeUtils.moveTile - [moveTile.py:79] - DEBUG - roll: 359.68 deg, practicalMoveTime: 0.08879671889808033 sec
2026-06-21 13:45:40,180 - mazeUtils.moveTile - [moveTile.py:1424] - DEBUG - moveTile loop time: 37.1 ms
2026-06-21 13:45:40,184 - picamera2.picamera2 - [picamera2.py:1391] - DEBUG - Execute job: <picamera2.job.Job object at 0x7f94fdc510>
2026-06-21 13:45:40,188 - mazeUtils.device.camera - [camera.py:39] - DEBUG - Average HSV: H=113.0, S=159.1, V=128.8
2026-06-21 13:45:40,216 - mazeUtils.moveTile - [moveTile.py:210] - WARNING - Escape from obstacle on Side.LEFT side
2026-06-21 13:45:40,899 - mazeUtils.moveTile - [moveTile.py:1352] - DEBUG - Obstacle escape adjustment: 0.07187713982064457
2026-06-21 13:45:41,003 - mazeUtils.moveTile - [moveTile.py:79] - DEBUG - roll: 1.0199999999999818 deg, practicalMoveTime: -0.034691080461478736 sec
2026-06-21 13:45:41,004 - mazeUtils.moveTile - [moveTile.py:1424] - DEBUG - moveTile loop time: 823.8 ms
2026-06-21 13:45:41,012 - picamera2.picamera2 - [picamera2.py:1391] - DEBUG - Execute job: <picamera2.job.Job object at 0x7f75bc5710>
2026-06-21 13:45:41,015 - mazeUtils.device.camera - [camera.py:39] - DEBUG - Average HSV: H=112.6, S=157.5, V=132.9
2026-06-21 13:45:41,049 - mazeUtils.moveTile - [moveTile.py:79] - DEBUG - roll: 0.8700000000000045 deg, practicalMoveTime: 0.010798231341797151 sec
2026-06-21 13:45:41,050 - mazeUtils.moveTile - [moveTile.py:1424] - DEBUG - moveTile loop time: 45.7 ms
2026-06-21 13:45:41,056 - picamera2.picamera2 - [picamera2.py:1391] - DEBUG - Execute job: <picamera2.job.Job object at 0x7f9605e850>
2026-06-21 13:45:41,059 - mazeUtils.device.camera - [camera.py:39] - DEBUG - Average HSV: H=112.5, S=156.8, V=129.2
2026-06-21 13:45:41,089 - mazeUtils.moveTile - [moveTile.py:79] - DEBUG - roll: 359.71999999999997 deg, practicalMoveTime: 0.05027320094538572 sec
2026-06-21 13:45:41,090 - mazeUtils.moveTile - [moveTile.py:1424] - DEBUG - moveTile loop time: 39.8 ms
2026-06-21 13:45:41,095 - picamera2.picamera2 - [picamera2.py:1391] - DEBUG - Execute job: <picamera2.job.Job object at 0x7fa43129d0>
2026-06-21 13:45:41,099 - mazeUtils.device.camera - [camera.py:39] - DEBUG - Average HSV: H=112.2, S=156.4, V=131.6
2026-06-21 13:45:41,124 - mazeUtils.moveTile - [moveTile.py:79] - DEBUG - roll: 0.2599999999999909 deg, practicalMoveTime: 0.08488979170160024 sec
2026-06-21 13:45:41,125 - mazeUtils.moveTile - [moveTile.py:1424] - DEBUG - moveTile loop time: 34.9 ms
2026-06-21 13:45:41,130 - picamera2.picamera2 - [picamera2.py:1391] - DEBUG - Execute job: <picamera2.job.Job object at 0x7f94f96b10>
2026-06-21 13:45:41,133 - mazeUtils.device.camera - [camera.py:39] - DEBUG - Average HSV: H=112.3, S=155.3, V=128.7
2026-06-21 13:45:41,161 - mazeUtils.moveTile - [moveTile.py:79] - DEBUG - roll: 359.89 deg, practicalMoveTime: 0.12081821326544892 sec
2026-06-21 13:45:41,161 - mazeUtils.moveTile - [moveTile.py:1424] - DEBUG - moveTile loop time: 36.2 ms
2026-06-21 13:45:41,166 - picamera2.picamera2 - [picamera2.py:1391] - DEBUG - Execute job: <picamera2.job.Job object at 0x7f9500c210>
2026-06-21 13:45:41,170 - mazeUtils.device.camera - [camera.py:39] - DEBUG - Average HSV: H=112.2, S=155.2, V=129.7
2026-06-21 13:45:41,204 - mazeUtils.moveTile - [moveTile.py:79] - DEBUG - roll: 358.88 deg, practicalMoveTime: 0.16380878908907723 sec
2026-06-21 13:45:41,205 - mazeUtils.moveTile - [moveTile.py:1424] - DEBUG - moveTile loop time: 43.2 ms
2026-06-21 13:45:41,211 - picamera2.picamera2 - [picamera2.py:1391] - DEBUG - Execute job: <picamera2.job.Job object at 0x7f75bc5890>
2026-06-21 13:45:41,214 - mazeUtils.device.camera - [camera.py:39] - DEBUG - Average HSV: H=111.9, S=158.6, V=132.2
2026-06-21 13:45:41,245 - mazeUtils.moveTile - [moveTile.py:79] - DEBUG - roll: 0.18000000000000682 deg, practicalMoveTime: 0.2043011239040437 sec
2026-06-21 13:45:41,246 - mazeUtils.moveTile - [moveTile.py:1424] - DEBUG - moveTile loop time: 40.8 ms
2026-06-21 13:45:41,250 - picamera2.picamera2 - [picamera2.py:1391] - DEBUG - Execute job: <picamera2.job.Job object at 0x7f75bc5710>
2026-06-21 13:45:41,254 - mazeUtils.device.camera - [camera.py:39] - DEBUG - Average HSV: H=111.9, S=158.4, V=133.2
2026-06-21 13:45:41,297 - mazeUtils.moveTile - [moveTile.py:79] - DEBUG - roll: 359.64 deg, practicalMoveTime: 0.2558080570103135 sec
2026-06-21 13:45:41,298 - mazeUtils.moveTile - [moveTile.py:1424] - DEBUG - moveTile loop time: 51.8 ms
2026-06-21 13:45:41,304 - picamera2.picamera2 - [picamera2.py:1391] - DEBUG - Execute job: <picamera2.job.Job object at 0x7fa43129d0>
2026-06-21 13:45:41,306 - mazeUtils.device.camera - [camera.py:39] - DEBUG - Average HSV: H=112.0, S=158.5, V=131.7
2026-06-21 13:45:41,336 - mazeUtils.moveTile - [moveTile.py:79] - DEBUG - roll: 359.45 deg, practicalMoveTime: 0.2941473359017817 sec
2026-06-21 13:45:41,336 - mazeUtils.moveTile - [moveTile.py:1424] - DEBUG - moveTile loop time: 38.6 ms
2026-06-21 13:45:41,341 - picamera2.picamera2 - [picamera2.py:1391] - DEBUG - Execute job: <picamera2.job.Job object at 0x7f94fdc510>
2026-06-21 13:45:41,345 - mazeUtils.device.camera - [camera.py:39] - DEBUG - Average HSV: H=111.9, S=159.8, V=134.7
2026-06-21 13:45:41,380 - mazeUtils.moveTile - [moveTile.py:79] - DEBUG - roll: 0.5099999999999909 deg, practicalMoveTime: 0.3376620094657144 sec
2026-06-21 13:45:41,380 - mazeUtils.moveTile - [moveTile.py:1424] - DEBUG - moveTile loop time: 43.9 ms
2026-06-21 13:45:41,385 - picamera2.picamera2 - [picamera2.py:1391] - DEBUG - Execute job: <picamera2.job.Job object at 0x7f95fc6cd0>
2026-06-21 13:45:41,389 - mazeUtils.device.camera - [camera.py:39] - DEBUG - Average HSV: H=112.0, S=163.9, V=136.2
2026-06-21 13:45:41,417 - mazeUtils.moveTile - [moveTile.py:79] - DEBUG - roll: 359.03 deg, practicalMoveTime: 0.3743550918220174 sec
2026-06-21 13:45:41,418 - mazeUtils.moveTile - [moveTile.py:1424] - DEBUG - moveTile loop time: 37.2 ms
2026-06-21 13:45:41,425 - picamera2.picamera2 - [picamera2.py:1391] - DEBUG - Execute job: <picamera2.job.Job object at 0x7f9605e850>
2026-06-21 13:45:41,428 - mazeUtils.device.camera - [camera.py:39] - DEBUG - Average HSV: H=112.1, S=168.0, V=139.5
2026-06-21 13:45:41,459 - mazeUtils.moveTile - [moveTile.py:79] - DEBUG - roll: 359.77 deg, practicalMoveTime: 0.41562310801183017 sec
2026-06-21 13:45:41,460 - mazeUtils.moveTile - [moveTile.py:1424] - DEBUG - moveTile loop time: 41.3 ms
2026-06-21 13:45:41,465 - picamera2.picamera2 - [picamera2.py:1391] - DEBUG - Execute job: <picamera2.job.Job object at 0x7f94f96b10>
2026-06-21 13:45:41,468 - mazeUtils.device.camera - [camera.py:39] - DEBUG - Average HSV: H=112.4, S=169.4, V=140.5
2026-06-21 13:45:41,499 - mazeUtils.moveTile - [moveTile.py:79] - DEBUG - roll: 359.66999999999996 deg, practicalMoveTime: 0.45487020826996416 sec
2026-06-21 13:45:41,500 - mazeUtils.moveTile - [moveTile.py:1424] - DEBUG - moveTile loop time: 39.6 ms
2026-06-21 13:45:41,509 - picamera2.picamera2 - [picamera2.py:1391] - DEBUG - Execute job: <picamera2.job.Job object at 0x7f75bc5790>
2026-06-21 13:45:41,513 - mazeUtils.device.camera - [camera.py:39] - DEBUG - Average HSV: H=111.9, S=187.2, V=147.8
2026-06-21 13:45:41,548 - mazeUtils.moveTile - [moveTile.py:79] - DEBUG - roll: 359.15 deg, practicalMoveTime: 0.5025980241403861 sec
2026-06-21 13:45:41,548 - mazeUtils.moveTile - [moveTile.py:1424] - DEBUG - moveTile loop time: 48.0 ms
2026-06-21 13:45:41,554 - picamera2.picamera2 - [picamera2.py:1391] - DEBUG - Execute job: <picamera2.job.Job object at 0x7f94f96b10>
2026-06-21 13:45:41,557 - mazeUtils.device.camera - [camera.py:39] - DEBUG - Average HSV: H=111.4, S=196.1, V=155.0
2026-06-21 13:45:41,589 - mazeUtils.moveTile - [moveTile.py:79] - DEBUG - roll: 359.97999999999996 deg, practicalMoveTime: 0.5431101066331863 sec
2026-06-21 13:45:41,589 - mazeUtils.moveTile - [moveTile.py:1424] - DEBUG - moveTile loop time: 40.9 ms
2026-06-21 13:45:41,598 - picamera2.picamera2 - [picamera2.py:1391] - DEBUG - Execute job: <picamera2.job.Job object at 0x7f75bc5890>
2026-06-21 13:45:41,601 - mazeUtils.device.camera - [camera.py:39] - DEBUG - Average HSV: H=111.7, S=187.4, V=156.6
2026-06-21 13:45:41,628 - mazeUtils.moveTile - [moveTile.py:79] - DEBUG - roll: 0.2899999999999636 deg, practicalMoveTime: 0.5817095801575226 sec
2026-06-21 13:45:41,629 - mazeUtils.moveTile - [moveTile.py:1424] - DEBUG - moveTile loop time: 38.9 ms
2026-06-21 13:45:41,633 - picamera2.picamera2 - [picamera2.py:1391] - DEBUG - Execute job: <picamera2.job.Job object at 0x7f75bc5790>
2026-06-21 13:45:41,636 - mazeUtils.device.camera - [camera.py:39] - DEBUG - Average HSV: H=111.8, S=190.8, V=160.7
2026-06-21 13:45:41,673 - mazeUtils.moveTile - [moveTile.py:79] - DEBUG - roll: 0.47999999999996135 deg, practicalMoveTime: 0.6259942771448482 sec
2026-06-21 13:45:41,673 - mazeUtils.moveTile - [moveTile.py:1424] - DEBUG - moveTile loop time: 44.6 ms
2026-06-21 13:45:41,678 - picamera2.picamera2 - [picamera2.py:1391] - DEBUG - Execute job: <picamera2.job.Job object at 0x7f75bc5790>
2026-06-21 13:45:41,683 - mazeUtils.device.camera - [camera.py:39] - DEBUG - Average HSV: H=111.9, S=196.4, V=158.3
2026-06-21 13:45:41,725 - mazeUtils.moveTile - [moveTile.py:79] - DEBUG - roll: 358.9 deg, practicalMoveTime: 0.6772276620818678 sec
2026-06-21 13:45:41,725 - mazeUtils.moveTile - [moveTile.py:1424] - DEBUG - moveTile loop time: 51.8 ms
2026-06-21 13:45:41,731 - picamera2.picamera2 - [picamera2.py:1391] - DEBUG - Execute job: <picamera2.job.Job object at 0x7f75bc5790>
2026-06-21 13:45:41,735 - mazeUtils.device.camera - [camera.py:39] - DEBUG - Average HSV: H=112.4, S=191.7, V=148.6
2026-06-21 13:45:41,764 - mazeUtils.moveTile - [moveTile.py:79] - DEBUG - roll: 359.5 deg, practicalMoveTime: 0.715657843162306 sec
2026-06-21 13:45:41,764 - mazeUtils.moveTile - [moveTile.py:1424] - DEBUG - moveTile loop time: 38.5 ms
2026-06-21 13:45:41,772 - picamera2.picamera2 - [picamera2.py:1391] - DEBUG - Execute job: <picamera2.job.Job object at 0x7f75bc5710>
2026-06-21 13:45:41,775 - mazeUtils.device.camera - [camera.py:39] - DEBUG - Average HSV: H=112.4, S=192.6, V=139.2
2026-06-21 13:45:41,817 - mazeUtils.moveTile - [moveTile.py:79] - DEBUG - roll: 358.34999999999997 deg, practicalMoveTime: 0.7685638684283662 sec
2026-06-21 13:45:41,818 - mazeUtils.moveTile - [moveTile.py:1424] - DEBUG - moveTile loop time: 53.7 ms
2026-06-21 13:45:41,825 - picamera2.picamera2 - [picamera2.py:1391] - DEBUG - Execute job: <picamera2.job.Job object at 0x7f75bc5790>
2026-06-21 13:45:41,832 - mazeUtils.device.camera - [camera.py:39] - DEBUG - Average HSV: H=111.2, S=214.6, V=166.3
2026-06-21 13:45:41,914 - mazeUtils.moveTile - [moveTile.py:79] - DEBUG - Little forward to adjust position
2026-06-21 13:45:41,945 - mazeUtils.moveTile - [moveTile.py:1639] - INFO - Set moved vertical distance: -0.16466488219907885 cm, past distances: [(0, False), (0, False), (0, False)]
2026-06-21 13:45:42,022 - mazeUtils.moveTile - [moveTile.py:529] - DEBUG - Direction: absDirection.NORTH, Angle: 0, Distance: 10.772840966952574 cm
2026-06-21 13:45:42,023 - mazeUtils.moveTile - [moveTile.py:553] - DEBUG - Front LiDAR distance: 10.772840966952574 cm, TSD10 distance: 0.5 cm
2026-06-21 13:45:42,025 - mazeUtils.moveTile - [moveTile.py:529] - DEBUG - Direction: absDirection.EAST, Angle: 270, Distance: 17.0572812495342 cm
2026-06-21 13:45:42,027 - mazeUtils.moveTile - [moveTile.py:529] - DEBUG - Direction: absDirection.SOUTH, Angle: 180, Distance: 54.79099888211413 cm
2026-06-21 13:45:42,029 - mazeUtils.moveTile - [moveTile.py:529] - DEBUG - Direction: absDirection.WEST, Angle: 90, Distance: 78.08217630629083 cm
2026-06-21 13:45:42,032 - mazeUtils.moveTile - [moveTile.py:1768] - INFO - Tile color detection counts: {}, decided tile type: E
2026-06-21 13:45:42,104 - __main__ - [main.py:91] - INFO - Current position: (20, 19, 0), front direction: absDirection.NORTH
Layer 0 (altitude=0.0cm, offset=(0.0cm, 0.0cm)):
Known map area: x=20..20, y=19..20
+---+
  @ |
+   +
| S |
+---+
mazeAsGraph[0][19][20] = {absDirection.NORTH: None, absDirection.EAST: None, absDirection.SOUTH: (20, 20, 0, 30), absDirection.WEST: (19, 19, 0, 30)}
mazeAsGraph[0][20][20] = {absDirection.NORTH: (20, 19, 0, 30), absDirection.EAST: None, absDirection.SOUTH: None, absDirection.WEST: None}
2026-06-21 13:45:42,110 - mazeUtils.mazeMap - [mazeMap.py:61] - INFO - next goal: (19, 19, 0)
2026-06-21 13:45:42,118 - mazeUtils.moveTile - [moveTile.py:79] - DEBUG - Moving to absDirection.WEST from (20, 19, 0) facing absDirection.NORTH
2026-06-21 13:45:42,154 - mazeUtils.moveTile - [moveTile.py:79] - DEBUG - current heading: 0.5 target: 45
2026-06-21 13:45:42,704 - mazeUtils.moveTile - [moveTile.py:404] - DEBUG - stopped turning at heading: 41.05000000000001, diff: 3.9499999999999886
2026-06-21 13:45:43,829 - mazeUtils.moveTile - [moveTile.py:79] - DEBUG - Turned to heading: 45.79000000000002 deg
2026-06-21 13:45:44,364 - mazeUtils.moveTile - [moveTile.py:79] - DEBUG - current heading: 45.39999999999998 target: 90
2026-06-21 13:45:44,864 - mazeUtils.moveTile - [moveTile.py:404] - DEBUG - stopped turning at heading: 84.92000000000002, diff: 5.079999999999984
2026-06-21 13:45:44,871 - __main__ - [main.py:151] - INFO - Program interrupted by user.
2026-06-21 13:45:45,942 - mazeUtils.device.stm - [stm.py:216] - DEBUG - ACK resynchronized: type=STS_MOTOR dropped=3B seq=237
2026-06-21 13:45:46,453 - picamera2.picamera2 - [picamera2.py:1391] - DEBUG - Execute job: <picamera2.job.Job object at 0x7fba8e6dd0>
2026-06-21 13:45:46,469 - picamera2.picamera2 - [picamera2.py:1323] - INFO - Camera stopped
2026-06-21 13:45:46,670 - picamera2.picamera2 - [picamera2.py:1329] - DEBUG - Camera was not started
2026-06-21 13:45:46,872 - picamera2.picamera2 - [picamera2.py:723] - INFO - Camera closed successfully.
2026-06-21 13:45:47,104 - picamera2.picamera2 - [picamera2.py:500] - DEBUG - Resources now free: <picamera2.picamera2.Picamera2 object at 0x7fa6eb6550>
