2026-05-26 18:22:23,049 - root - [logging_config.py:61] - INFO - Logging initialized. Log file: /home/tuton/Kanto2026RPi/src/config/../logs/robot_20260526_182222.log
2026-05-26 18:22:23,502 - mazeUtils.mazeMap - [mazeMap.py:167] - WARNING - ArduinoNanoEveryUART init failed: [Errno 2] could not open port /dev/ttyUSB0: [Errno 2] No such file or directory: '/dev/ttyUSB0'
2026-05-26 18:22:24,543 - mazeUtils.device.LiDAR - [LiDAR.py:36] - INFO - Available ports: <ydlidar.Str2strMap; proxy of <Swig Object of type 'std::map< std::string,std::string > *' at 0x7f9e40f2a0> >
2026-05-26 18:22:28,479 - mazeUtils.moveTile - [moveTile.py:511] - DEBUG - Direction: absDirection.NORTH, Angle: 0, Distance: 103.32884544757897 cm
2026-05-26 18:22:28,481 - mazeUtils.moveTile - [moveTile.py:511] - DEBUG - Direction: absDirection.EAST, Angle: 270, Distance: 48.4492687837978 cm
2026-05-26 18:22:28,484 - mazeUtils.moveTile - [moveTile.py:511] - DEBUG - Direction: absDirection.SOUTH, Angle: 180, Distance: 52.092739910324184 cm
2026-05-26 18:22:28,487 - mazeUtils.moveTile - [moveTile.py:511] - DEBUG - Direction: absDirection.WEST, Angle: 90, Distance: 16.272017092829692 cm
2026-05-26 18:22:29,477 - __main__ - [main.py:69] - INFO - Initial Map:
2026-05-26 18:22:29,492 - __main__ - [main.py:70] - INFO - Current position: (20, 20, 0), front direction: absDirection.NORTH
Layer 0 (altitude=0.0cm, offset=(0.0cm, 0.0cm)):
Known map area: x=20..20, y=20..20
+   +
| @  
+   +
mazeAsGraph[0][20][20] = {absDirection.NORTH: (20, 19, 0), absDirection.EAST: (21, 20, 0), absDirection.SOUTH: (20, 21, 0), absDirection.WEST: None}
2026-05-26 18:22:29,493 - mazeUtils.mazeMap - [mazeMap.py:61] - INFO - next goal: (20, 19, 0)
2026-05-26 18:22:29,494 - __main__ - [main.py:73] - INFO - Next Direction: [<absDirection.NORTH: 0>]
2026-05-26 18:22:29,494 - __main__ - [main.py:74] - INFO - Exploration started.
2026-05-26 18:22:29,494 - mazeUtils.mazeMap - [mazeMap.py:61] - INFO - next goal: (20, 19, 0)
2026-05-26 18:22:29,502 - mazeUtils.moveTile - [moveTile.py:80] - DEBUG - Moving to absDirection.NORTH from (20, 20, 0) facing absDirection.NORTH
2026-05-26 18:22:29,601 - picamera2.picamera2 - [picamera2.py:1391] - DEBUG - Execute job: <picamera2.job.Job object at 0x7f97121910>
2026-05-26 18:22:29,607 - mazeUtils.device.camera - [camera.py:37] - DEBUG - Average HSV: H=7.8, S=72.1, V=148.1
2026-05-26 18:22:29,656 - mazeUtils.moveTile - [moveTile.py:80] - DEBUG - roll: 359.94 deg, practicalMoveTime: 0.060996498995097216 sec
2026-05-26 18:22:29,656 - mazeUtils.moveTile - [moveTile.py:1106] - DEBUG - moveTile loop time: 60.3 ms
2026-05-26 18:22:29,663 - picamera2.picamera2 - [picamera2.py:1391] - DEBUG - Execute job: <picamera2.job.Job object at 0x7f6748c950>
2026-05-26 18:22:29,667 - mazeUtils.device.camera - [camera.py:37] - DEBUG - Average HSV: H=7.6, S=80.1, V=133.5
2026-05-26 18:22:29,715 - mazeUtils.moveTile - [moveTile.py:80] - DEBUG - roll: 359.75 deg, practicalMoveTime: 0.12003099981376505 sec
2026-05-26 18:22:29,716 - mazeUtils.moveTile - [moveTile.py:1106] - DEBUG - moveTile loop time: 59.1 ms
2026-05-26 18:22:29,722 - picamera2.picamera2 - [picamera2.py:1391] - DEBUG - Execute job: <picamera2.job.Job object at 0x7f851d0710>
2026-05-26 18:22:29,725 - mazeUtils.device.camera - [camera.py:37] - DEBUG - Average HSV: H=7.2, S=87.5, V=115.3
2026-05-26 18:22:29,776 - mazeUtils.moveTile - [moveTile.py:80] - DEBUG - roll: 0.07999999999998408 deg, practicalMoveTime: 0.17411694085884352 sec
2026-05-26 18:22:29,777 - mazeUtils.moveTile - [moveTile.py:1106] - DEBUG - moveTile loop time: 60.7 ms
2026-05-26 18:22:29,781 - picamera2.picamera2 - [picamera2.py:1391] - DEBUG - Execute job: <picamera2.job.Job object at 0x7f86064b10>
2026-05-26 18:22:29,785 - mazeUtils.device.camera - [camera.py:37] - DEBUG - Average HSV: H=6.8, S=87.1, V=111.8
2026-05-26 18:22:29,834 - mazeUtils.moveTile - [moveTile.py:80] - DEBUG - roll: 359.99 deg, practicalMoveTime: 0.23095330664661853 sec
2026-05-26 18:22:29,834 - mazeUtils.moveTile - [moveTile.py:1106] - DEBUG - moveTile loop time: 57.1 ms
2026-05-26 18:22:29,838 - picamera2.picamera2 - [picamera2.py:1391] - DEBUG - Execute job: <picamera2.job.Job object at 0x7f8516e510>
2026-05-26 18:22:29,842 - mazeUtils.device.camera - [camera.py:37] - DEBUG - Average HSV: H=7.3, S=91.9, V=106.9
2026-05-26 18:22:29,892 - mazeUtils.moveTile - [moveTile.py:80] - DEBUG - roll: 359.85 deg, practicalMoveTime: 0.28873647387589463 sec
2026-05-26 18:22:29,892 - mazeUtils.moveTile - [moveTile.py:1106] - DEBUG - moveTile loop time: 58.1 ms
2026-05-26 18:22:29,898 - picamera2.picamera2 - [picamera2.py:1391] - DEBUG - Execute job: <picamera2.job.Job object at 0x7f851d0710>
2026-05-26 18:22:29,901 - mazeUtils.device.camera - [camera.py:37] - DEBUG - Average HSV: H=8.1, S=123.2, V=77.7
2026-05-26 18:22:29,952 - mazeUtils.moveTile - [moveTile.py:80] - DEBUG - roll: 0.12999999999999545 deg, practicalMoveTime: 0.34202989863283334 sec
2026-05-26 18:22:29,952 - mazeUtils.moveTile - [moveTile.py:1106] - DEBUG - moveTile loop time: 59.8 ms
2026-05-26 18:22:29,959 - picamera2.picamera2 - [picamera2.py:1391] - DEBUG - Execute job: <picamera2.job.Job object at 0x7f97121910>
2026-05-26 18:22:29,962 - mazeUtils.device.camera - [camera.py:37] - DEBUG - Average HSV: H=14.1, S=155.8, V=50.8
2026-05-26 18:22:30,012 - mazeUtils.moveTile - [moveTile.py:80] - DEBUG - roll: 0.18999999999999773 deg, practicalMoveTime: 0.3955270143064744 sec
2026-05-26 18:22:30,012 - mazeUtils.moveTile - [moveTile.py:1106] - DEBUG - moveTile loop time: 59.3 ms
2026-05-26 18:22:30,019 - picamera2.picamera2 - [picamera2.py:1391] - DEBUG - Execute job: <picamera2.job.Job object at 0x7f8516e510>
2026-05-26 18:22:30,022 - mazeUtils.device.camera - [camera.py:37] - DEBUG - Average HSV: H=14.1, S=143.7, V=52.6
2026-05-26 18:22:30,072 - mazeUtils.moveTile - [moveTile.py:80] - DEBUG - roll: 0.13999999999998636 deg, practicalMoveTime: 0.44922145984202533 sec
2026-05-26 18:22:30,073 - mazeUtils.moveTile - [moveTile.py:1106] - DEBUG - moveTile loop time: 60.2 ms
2026-05-26 18:22:30,077 - picamera2.picamera2 - [picamera2.py:1391] - DEBUG - Execute job: <picamera2.job.Job object at 0x7f851be550>
2026-05-26 18:22:30,080 - mazeUtils.device.camera - [camera.py:37] - DEBUG - Average HSV: H=11.7, S=139.4, V=55.4
2026-05-26 18:22:30,129 - mazeUtils.moveTile - [moveTile.py:80] - DEBUG - roll: 0.3100000000000023 deg, practicalMoveTime: 0.5001790374523393 sec
2026-05-26 18:22:30,130 - mazeUtils.moveTile - [moveTile.py:1106] - DEBUG - moveTile loop time: 56.8 ms
2026-05-26 18:22:30,134 - picamera2.picamera2 - [picamera2.py:1391] - DEBUG - Execute job: <picamera2.job.Job object at 0x7f851be3d0>
2026-05-26 18:22:30,137 - mazeUtils.device.camera - [camera.py:37] - DEBUG - Average HSV: H=11.0, S=134.5, V=54.7
2026-05-26 18:22:30,188 - mazeUtils.moveTile - [moveTile.py:80] - DEBUG - roll: 359.87 deg, practicalMoveTime: 0.5579901488686138 sec
2026-05-26 18:22:30,188 - mazeUtils.moveTile - [moveTile.py:1106] - DEBUG - moveTile loop time: 58.2 ms
2026-05-26 18:22:30,193 - picamera2.picamera2 - [picamera2.py:1391] - DEBUG - Execute job: <picamera2.job.Job object at 0x7f851be3d0>
2026-05-26 18:22:30,197 - mazeUtils.device.camera - [camera.py:37] - DEBUG - Average HSV: H=10.8, S=139.8, V=53.1
2026-05-26 18:22:30,248 - mazeUtils.moveTile - [moveTile.py:80] - DEBUG - roll: 0.040000000000020464 deg, practicalMoveTime: 0.6116596361406347 sec
2026-05-26 18:22:30,248 - mazeUtils.moveTile - [moveTile.py:1106] - DEBUG - moveTile loop time: 59.7 ms
2026-05-26 18:22:30,252 - picamera2.picamera2 - [picamera2.py:1391] - DEBUG - Execute job: <picamera2.job.Job object at 0x7f9714ac90>
2026-05-26 18:22:30,256 - mazeUtils.device.camera - [camera.py:37] - DEBUG - Average HSV: H=12.2, S=139.2, V=52.7
2026-05-26 18:22:30,304 - mazeUtils.moveTile - [moveTile.py:80] - DEBUG - roll: 0.2699999999999818 deg, practicalMoveTime: 0.6615513884999877 sec
2026-05-26 18:22:30,304 - mazeUtils.moveTile - [moveTile.py:1106] - DEBUG - moveTile loop time: 55.7 ms
2026-05-26 18:22:30,309 - picamera2.picamera2 - [picamera2.py:1391] - DEBUG - Execute job: <picamera2.job.Job object at 0x7f851d0710>
2026-05-26 18:22:30,312 - mazeUtils.device.camera - [camera.py:37] - DEBUG - Average HSV: H=11.8, S=140.6, V=52.3
2026-05-26 18:22:30,360 - mazeUtils.moveTile - [moveTile.py:80] - DEBUG - roll: 0.11000000000001364 deg, practicalMoveTime: 0.711844431456022 sec
2026-05-26 18:22:30,361 - mazeUtils.moveTile - [moveTile.py:1106] - DEBUG - moveTile loop time: 56.2 ms
2026-05-26 18:22:30,366 - picamera2.picamera2 - [picamera2.py:1391] - DEBUG - Execute job: <picamera2.job.Job object at 0x7f851bee10>
2026-05-26 18:22:30,369 - mazeUtils.device.camera - [camera.py:37] - DEBUG - Average HSV: H=15.1, S=141.2, V=51.2
2026-05-26 18:22:30,418 - mazeUtils.moveTile - [moveTile.py:80] - DEBUG - roll: 0.060000000000002274 deg, practicalMoveTime: 0.7632956094520194 sec
2026-05-26 18:22:30,418 - mazeUtils.moveTile - [moveTile.py:1106] - DEBUG - moveTile loop time: 57.5 ms
2026-05-26 18:22:30,422 - picamera2.picamera2 - [picamera2.py:1391] - DEBUG - Execute job: <picamera2.job.Job object at 0x7f851be550>
2026-05-26 18:22:30,425 - mazeUtils.device.camera - [camera.py:37] - DEBUG - Average HSV: H=17.3, S=142.1, V=50.3
2026-05-26 18:22:30,476 - mazeUtils.moveTile - [moveTile.py:80] - DEBUG - roll: 0.4200000000000159 deg, practicalMoveTime: 0.8149962667604495 sec
2026-05-26 18:22:30,476 - mazeUtils.moveTile - [moveTile.py:1106] - DEBUG - moveTile loop time: 57.7 ms
2026-05-26 18:22:30,480 - picamera2.picamera2 - [picamera2.py:1391] - DEBUG - Execute job: <picamera2.job.Job object at 0x7f851be550>
2026-05-26 18:22:30,484 - mazeUtils.device.camera - [camera.py:37] - DEBUG - Average HSV: H=18.5, S=139.1, V=50.0
2026-05-26 18:22:30,532 - mazeUtils.moveTile - [moveTile.py:80] - DEBUG - roll: 359.85 deg, practicalMoveTime: 0.8708761449952449 sec
2026-05-26 18:22:30,533 - mazeUtils.moveTile - [moveTile.py:1106] - DEBUG - moveTile loop time: 56.2 ms
2026-05-26 18:22:30,537 - picamera2.picamera2 - [picamera2.py:1391] - DEBUG - Execute job: <picamera2.job.Job object at 0x7f86064b10>
2026-05-26 18:22:30,540 - mazeUtils.device.camera - [camera.py:37] - DEBUG - Average HSV: H=22.8, S=139.0, V=49.2
2026-05-26 18:22:30,588 - mazeUtils.moveTile - [moveTile.py:80] - DEBUG - roll: 0.18999999999999773 deg, practicalMoveTime: 0.9204684149669297 sec
2026-05-26 18:22:30,588 - mazeUtils.moveTile - [moveTile.py:1106] - DEBUG - moveTile loop time: 55.3 ms
2026-05-26 18:22:30,595 - picamera2.picamera2 - [picamera2.py:1391] - DEBUG - Execute job: <picamera2.job.Job object at 0x7f851bee10>
2026-05-26 18:22:30,598 - mazeUtils.device.camera - [camera.py:37] - DEBUG - Average HSV: H=28.3, S=137.7, V=48.7
2026-05-26 18:22:30,647 - mazeUtils.moveTile - [moveTile.py:80] - DEBUG - roll: 0.5299999999999727 deg, practicalMoveTime: 0.9734603751130508 sec
2026-05-26 18:22:30,648 - mazeUtils.moveTile - [moveTile.py:1106] - DEBUG - moveTile loop time: 59.0 ms
2026-05-26 18:22:30,654 - picamera2.picamera2 - [picamera2.py:1391] - DEBUG - Execute job: <picamera2.job.Job object at 0x7f851be3d0>
2026-05-26 18:22:30,657 - mazeUtils.device.camera - [camera.py:37] - DEBUG - Average HSV: H=37.0, S=139.4, V=46.4
2026-05-26 18:22:30,790 - mazeUtils.moveTile - [moveTile.py:80] - DEBUG - Little forward to adjust position
2026-05-26 18:22:31,324 - mazeUtils.moveTile - [moveTile.py:511] - DEBUG - Direction: absDirection.NORTH, Angle: 0, Distance: 70.80259794456602 cm
2026-05-26 18:22:31,325 - mazeUtils.moveTile - [moveTile.py:511] - DEBUG - Direction: absDirection.EAST, Angle: 270, Distance: 166.24240727122887 cm
2026-05-26 18:22:31,326 - mazeUtils.moveTile - [moveTile.py:511] - DEBUG - Direction: absDirection.SOUTH, Angle: 180, Distance: 85.32997884347779 cm
2026-05-26 18:22:31,327 - mazeUtils.moveTile - [moveTile.py:511] - DEBUG - Direction: absDirection.WEST, Angle: 90, Distance: 17.722730222308588 cm
2026-05-26 18:22:31,328 - mazeUtils.moveTile - [moveTile.py:1280] - INFO - Tile color detection counts: {}, decided tile type: E
2026-05-26 18:22:31,429 - __main__ - [main.py:84] - INFO - Current position: (20, 19, 0), front direction: absDirection.NORTH
Layer 0 (altitude=0.0cm, offset=(0.0cm, 0.0cm)):
Known map area: x=20..20, y=19..20
+   +
| @  
+   +
| S  
+   +
mazeAsGraph[0][19][20] = {absDirection.NORTH: (20, 18, 0), absDirection.EAST: (21, 19, 0), absDirection.SOUTH: (20, 20, 0), absDirection.WEST: None}
mazeAsGraph[0][20][20] = {absDirection.NORTH: (20, 19, 0), absDirection.EAST: (21, 20, 0), absDirection.SOUTH: (20, 21, 0), absDirection.WEST: None}
2026-05-26 18:22:31,436 - mazeUtils.mazeMap - [mazeMap.py:61] - INFO - next goal: (20, 18, 0)
2026-05-26 18:22:31,437 - mazeUtils.mazeMap - [mazeMap.py:61] - INFO - next goal: (20, 18, 0)
2026-05-26 18:22:31,445 - mazeUtils.moveTile - [moveTile.py:80] - DEBUG - Moving to absDirection.NORTH from (20, 19, 0) facing absDirection.NORTH
2026-05-26 18:22:31,571 - picamera2.picamera2 - [picamera2.py:1391] - DEBUG - Execute job: <picamera2.job.Job object at 0x7f67051cd0>
2026-05-26 18:22:31,575 - mazeUtils.device.camera - [camera.py:37] - DEBUG - Average HSV: H=101.7, S=161.9, V=39.3
2026-05-26 18:22:31,725 - mazeUtils.moveTile - [moveTile.py:511] - DEBUG - Direction: absDirection.NORTH, Angle: 0, Distance: 69.0816551638901 cm
2026-05-26 18:22:31,727 - mazeUtils.moveTile - [moveTile.py:511] - DEBUG - Direction: absDirection.EAST, Angle: 270, Distance: 166.26816748993514 cm
2026-05-26 18:22:31,728 - mazeUtils.moveTile - [moveTile.py:511] - DEBUG - Direction: absDirection.SOUTH, Angle: 180, Distance: 88.0595363924267 cm
2026-05-26 18:22:31,729 - mazeUtils.moveTile - [moveTile.py:511] - DEBUG - Direction: absDirection.WEST, Angle: 90, Distance: 17.8899313952429 cm
2026-05-26 18:22:31,729 - mazeUtils.moveTile - [moveTile.py:1280] - INFO - Tile color detection counts: {}, decided tile type: E
2026-05-26 18:22:31,829 - __main__ - [main.py:84] - INFO - Current position: (20, 18, 0), front direction: absDirection.NORTH
Layer 0 (altitude=0.0cm, offset=(0.0cm, 0.0cm)):
Known map area: x=20..20, y=18..20
+   +
| @  
+   +
| E  
+   +
| S  
+   +
mazeAsGraph[0][18][20] = {absDirection.NORTH: (20, 17, 0), absDirection.EAST: (21, 18, 0), absDirection.SOUTH: (20, 19, 0), absDirection.WEST: None}
mazeAsGraph[0][19][20] = {absDirection.NORTH: (20, 18, 0), absDirection.EAST: (21, 19, 0), absDirection.SOUTH: (20, 20, 0), absDirection.WEST: None}
mazeAsGraph[0][20][20] = {absDirection.NORTH: (20, 19, 0), absDirection.EAST: (21, 20, 0), absDirection.SOUTH: (20, 21, 0), absDirection.WEST: None}
2026-05-26 18:22:31,840 - mazeUtils.mazeMap - [mazeMap.py:61] - INFO - next goal: (20, 17, 0)
2026-05-26 18:22:31,840 - mazeUtils.mazeMap - [mazeMap.py:61] - INFO - next goal: (20, 17, 0)
2026-05-26 18:22:31,847 - mazeUtils.moveTile - [moveTile.py:80] - DEBUG - Moving to absDirection.NORTH from (20, 18, 0) facing absDirection.NORTH
2026-05-26 18:22:31,966 - picamera2.picamera2 - [picamera2.py:1391] - DEBUG - Execute job: <picamera2.job.Job object at 0x7f86080910>
2026-05-26 18:22:31,970 - mazeUtils.device.camera - [camera.py:37] - DEBUG - Average HSV: H=139.6, S=202.0, V=6.9
2026-05-26 18:22:32,122 - mazeUtils.moveTile - [moveTile.py:511] - DEBUG - Direction: absDirection.NORTH, Angle: 0, Distance: 66.57584099228102 cm
2026-05-26 18:22:32,123 - mazeUtils.moveTile - [moveTile.py:511] - DEBUG - Direction: absDirection.EAST, Angle: 270, Distance: 165.97238303618565 cm
2026-05-26 18:22:32,124 - mazeUtils.moveTile - [moveTile.py:511] - DEBUG - Direction: absDirection.SOUTH, Angle: 180, Distance: 90.44280066467309 cm
2026-05-26 18:22:32,126 - mazeUtils.moveTile - [moveTile.py:511] - DEBUG - Direction: absDirection.WEST, Angle: 90, Distance: 18.450659077623605 cm
2026-05-26 18:22:32,126 - mazeUtils.moveTile - [moveTile.py:1280] - INFO - Tile color detection counts: {}, decided tile type: E
2026-05-26 18:22:32,227 - __main__ - [main.py:84] - INFO - Current position: (20, 17, 0), front direction: absDirection.NORTH
Layer 0 (altitude=0.0cm, offset=(0.0cm, 0.0cm)):
Known map area: x=20..20, y=17..20
+   +
| @  
+   +
| E  
+   +
| E  
+   +
| S  
+   +
mazeAsGraph[0][17][20] = {absDirection.NORTH: (20, 16, 0), absDirection.EAST: (21, 17, 0), absDirection.SOUTH: (20, 18, 0), absDirection.WEST: None}
mazeAsGraph[0][18][20] = {absDirection.NORTH: (20, 17, 0), absDirection.EAST: (21, 18, 0), absDirection.SOUTH: (20, 19, 0), absDirection.WEST: None}
mazeAsGraph[0][19][20] = {absDirection.NORTH: (20, 18, 0), absDirection.EAST: (21, 19, 0), absDirection.SOUTH: (20, 20, 0), absDirection.WEST: None}
mazeAsGraph[0][20][20] = {absDirection.NORTH: (20, 19, 0), absDirection.EAST: (21, 20, 0), absDirection.SOUTH: (20, 21, 0), absDirection.WEST: None}
2026-05-26 18:22:32,237 - mazeUtils.mazeMap - [mazeMap.py:61] - INFO - next goal: (20, 16, 0)
2026-05-26 18:22:32,237 - mazeUtils.mazeMap - [mazeMap.py:61] - INFO - next goal: (20, 16, 0)
2026-05-26 18:22:32,246 - mazeUtils.moveTile - [moveTile.py:80] - DEBUG - Moving to absDirection.NORTH from (20, 17, 0) facing absDirection.NORTH
2026-05-26 18:22:32,366 - picamera2.picamera2 - [picamera2.py:1391] - DEBUG - Execute job: <picamera2.job.Job object at 0x7f7ce1c0d0>
2026-05-26 18:22:32,369 - mazeUtils.device.camera - [camera.py:37] - DEBUG - Average HSV: H=124.3, S=220.4, V=20.2
2026-05-26 18:22:32,520 - mazeUtils.moveTile - [moveTile.py:511] - DEBUG - Direction: absDirection.NORTH, Angle: 0, Distance: 64.67771297949524 cm
2026-05-26 18:22:32,521 - mazeUtils.moveTile - [moveTile.py:511] - DEBUG - Direction: absDirection.EAST, Angle: 270, Distance: 165.72028788866234 cm
2026-05-26 18:22:32,522 - mazeUtils.moveTile - [moveTile.py:511] - DEBUG - Direction: absDirection.SOUTH, Angle: 180, Distance: 92.22616666632543 cm
2026-05-26 18:22:32,523 - mazeUtils.moveTile - [moveTile.py:511] - DEBUG - Direction: absDirection.WEST, Angle: 90, Distance: 18.69396070079716 cm
2026-05-26 18:22:32,524 - mazeUtils.moveTile - [moveTile.py:1280] - INFO - Tile color detection counts: {}, decided tile type: E
2026-05-26 18:22:32,624 - __main__ - [main.py:84] - INFO - Current position: (20, 16, 0), front direction: absDirection.NORTH
Layer 0 (altitude=0.0cm, offset=(0.0cm, 0.0cm)):
Known map area: x=20..20, y=16..20
+   +
| @  
+   +
| E  
+   +
| E  
+   +
| E  
+   +
| S  
+   +
mazeAsGraph[0][16][20] = {absDirection.NORTH: (20, 15, 0), absDirection.EAST: (21, 16, 0), absDirection.SOUTH: (20, 17, 0), absDirection.WEST: None}
mazeAsGraph[0][17][20] = {absDirection.NORTH: (20, 16, 0), absDirection.EAST: (21, 17, 0), absDirection.SOUTH: (20, 18, 0), absDirection.WEST: None}
mazeAsGraph[0][18][20] = {absDirection.NORTH: (20, 17, 0), absDirection.EAST: (21, 18, 0), absDirection.SOUTH: (20, 19, 0), absDirection.WEST: None}
mazeAsGraph[0][19][20] = {absDirection.NORTH: (20, 18, 0), absDirection.EAST: (21, 19, 0), absDirection.SOUTH: (20, 20, 0), absDirection.WEST: None}
mazeAsGraph[0][20][20] = {absDirection.NORTH: (20, 19, 0), absDirection.EAST: (21, 20, 0), absDirection.SOUTH: (20, 21, 0), absDirection.WEST: None}
2026-05-26 18:22:32,635 - mazeUtils.mazeMap - [mazeMap.py:61] - INFO - next goal: (20, 15, 0)
2026-05-26 18:22:32,635 - mazeUtils.mazeMap - [mazeMap.py:61] - INFO - next goal: (20, 15, 0)
2026-05-26 18:22:32,643 - mazeUtils.moveTile - [moveTile.py:80] - DEBUG - Moving to absDirection.NORTH from (20, 16, 0) facing absDirection.NORTH
2026-05-26 18:22:32,766 - picamera2.picamera2 - [picamera2.py:1391] - DEBUG - Execute job: <picamera2.job.Job object at 0x7f86062d10>
2026-05-26 18:22:32,769 - mazeUtils.device.camera - [camera.py:37] - DEBUG - Average HSV: H=123.6, S=209.6, V=62.0
2026-05-26 18:22:32,920 - mazeUtils.moveTile - [moveTile.py:511] - DEBUG - Direction: absDirection.NORTH, Angle: 0, Distance: 63.22042258146021 cm
2026-05-26 18:22:32,921 - mazeUtils.moveTile - [moveTile.py:511] - DEBUG - Direction: absDirection.EAST, Angle: 270, Distance: 103.3785169681506 cm
2026-05-26 18:22:32,923 - mazeUtils.moveTile - [moveTile.py:511] - DEBUG - Direction: absDirection.SOUTH, Angle: 180, Distance: 94.32651994265524 cm
2026-05-26 18:22:32,924 - mazeUtils.moveTile - [moveTile.py:511] - DEBUG - Direction: absDirection.WEST, Angle: 90, Distance: 18.886840134333816 cm
2026-05-26 18:22:32,924 - mazeUtils.moveTile - [moveTile.py:1280] - INFO - Tile color detection counts: {}, decided tile type: E
2026-05-26 18:22:33,023 - __main__ - [main.py:84] - INFO - Current position: (20, 15, 0), front direction: absDirection.NORTH
Layer 0 (altitude=0.0cm, offset=(0.0cm, 0.0cm)):
Known map area: x=20..20, y=15..20
+   +
| @  
+   +
| E  
+   +
| E  
+   +
| E  
+   +
| E  
+   +
| S  
+   +
mazeAsGraph[0][15][20] = {absDirection.NORTH: (20, 14, 0), absDirection.EAST: (21, 15, 0), absDirection.SOUTH: (20, 16, 0), absDirection.WEST: None}
mazeAsGraph[0][16][20] = {absDirection.NORTH: (20, 15, 0), absDirection.EAST: (21, 16, 0), absDirection.SOUTH: (20, 17, 0), absDirection.WEST: None}
mazeAsGraph[0][17][20] = {absDirection.NORTH: (20, 16, 0), absDirection.EAST: (21, 17, 0), absDirection.SOUTH: (20, 18, 0), absDirection.WEST: None}
mazeAsGraph[0][18][20] = {absDirection.NORTH: (20, 17, 0), absDirection.EAST: (21, 18, 0), absDirection.SOUTH: (20, 19, 0), absDirection.WEST: None}
mazeAsGraph[0][19][20] = {absDirection.NORTH: (20, 18, 0), absDirection.EAST: (21, 19, 0), absDirection.SOUTH: (20, 20, 0), absDirection.WEST: None}
mazeAsGraph[0][20][20] = {absDirection.NORTH: (20, 19, 0), absDirection.EAST: (21, 20, 0), absDirection.SOUTH: (20, 21, 0), absDirection.WEST: None}
2026-05-26 18:22:33,035 - mazeUtils.mazeMap - [mazeMap.py:61] - INFO - next goal: (20, 14, 0)
2026-05-26 18:22:33,035 - mazeUtils.mazeMap - [mazeMap.py:61] - INFO - next goal: (20, 14, 0)
2026-05-26 18:22:33,043 - mazeUtils.moveTile - [moveTile.py:80] - DEBUG - Moving to absDirection.NORTH from (20, 15, 0) facing absDirection.NORTH
2026-05-26 18:22:33,165 - picamera2.picamera2 - [picamera2.py:1391] - DEBUG - Execute job: <picamera2.job.Job object at 0x7f673ae0d0>
2026-05-26 18:22:33,169 - mazeUtils.device.camera - [camera.py:37] - DEBUG - Average HSV: H=25.8, S=155.5, V=31.7
2026-05-26 18:22:33,322 - mazeUtils.moveTile - [moveTile.py:511] - DEBUG - Direction: absDirection.NORTH, Angle: 0, Distance: 61.07699121238883 cm
2026-05-26 18:22:33,323 - mazeUtils.moveTile - [moveTile.py:511] - DEBUG - Direction: absDirection.EAST, Angle: 270, Distance: 45.88953636535358 cm
2026-05-26 18:22:33,324 - mazeUtils.moveTile - [moveTile.py:511] - DEBUG - Direction: absDirection.SOUTH, Angle: 180, Distance: 96.45771429521359 cm
2026-05-26 18:22:33,325 - mazeUtils.moveTile - [moveTile.py:511] - DEBUG - Direction: absDirection.WEST, Angle: 90, Distance: 18.544420168806177 cm
2026-05-26 18:22:33,326 - mazeUtils.moveTile - [moveTile.py:1280] - INFO - Tile color detection counts: {}, decided tile type: E
2026-05-26 18:22:33,427 - __main__ - [main.py:84] - INFO - Current position: (20, 14, 0), front direction: absDirection.NORTH
Layer 0 (altitude=0.0cm, offset=(0.0cm, 0.0cm)):
Known map area: x=20..20, y=14..20
+   +
| @  
+   +
| E  
+   +
| E  
+   +
| E  
+   +
| E  
+   +
| E  
+   +
| S  
+   +
mazeAsGraph[0][14][20] = {absDirection.NORTH: (20, 13, 0), absDirection.EAST: (21, 14, 0), absDirection.SOUTH: (20, 15, 0), absDirection.WEST: None}
mazeAsGraph[0][15][20] = {absDirection.NORTH: (20, 14, 0), absDirection.EAST: (21, 15, 0), absDirection.SOUTH: (20, 16, 0), absDirection.WEST: None}
mazeAsGraph[0][16][20] = {absDirection.NORTH: (20, 15, 0), absDirection.EAST: (21, 16, 0), absDirection.SOUTH: (20, 17, 0), absDirection.WEST: None}
mazeAsGraph[0][17][20] = {absDirection.NORTH: (20, 16, 0), absDirection.EAST: (21, 17, 0), absDirection.SOUTH: (20, 18, 0), absDirection.WEST: None}
mazeAsGraph[0][18][20] = {absDirection.NORTH: (20, 17, 0), absDirection.EAST: (21, 18, 0), absDirection.SOUTH: (20, 19, 0), absDirection.WEST: None}
mazeAsGraph[0][19][20] = {absDirection.NORTH: (20, 18, 0), absDirection.EAST: (21, 19, 0), absDirection.SOUTH: (20, 20, 0), absDirection.WEST: None}
mazeAsGraph[0][20][20] = {absDirection.NORTH: (20, 19, 0), absDirection.EAST: (21, 20, 0), absDirection.SOUTH: (20, 21, 0), absDirection.WEST: None}
2026-05-26 18:22:33,441 - mazeUtils.mazeMap - [mazeMap.py:61] - INFO - next goal: (20, 13, 0)
2026-05-26 18:22:33,441 - mazeUtils.mazeMap - [mazeMap.py:61] - INFO - next goal: (20, 13, 0)
2026-05-26 18:22:33,447 - mazeUtils.moveTile - [moveTile.py:80] - DEBUG - Moving to absDirection.NORTH from (20, 14, 0) facing absDirection.NORTH
2026-05-26 18:22:33,561 - picamera2.picamera2 - [picamera2.py:1391] - DEBUG - Execute job: <picamera2.job.Job object at 0x7f97148590>
2026-05-26 18:22:33,565 - mazeUtils.device.camera - [camera.py:37] - DEBUG - Average HSV: H=20.8, S=160.4, V=31.5
2026-05-26 18:22:33,614 - mazeUtils.moveTile - [moveTile.py:80] - DEBUG - roll: 0.4300000000000068 deg, practicalMoveTime: 0.05369674139489008 sec
2026-05-26 18:22:33,615 - mazeUtils.moveTile - [moveTile.py:1106] - DEBUG - moveTile loop time: 58.1 ms
2026-05-26 18:22:33,621 - picamera2.picamera2 - [picamera2.py:1391] - DEBUG - Execute job: <picamera2.job.Job object at 0x7f67444050>
2026-05-26 18:22:33,625 - mazeUtils.device.camera - [camera.py:37] - DEBUG - Average HSV: H=22.8, S=159.0, V=31.6
2026-05-26 18:22:33,675 - mazeUtils.moveTile - [moveTile.py:80] - DEBUG - roll: 359.92 deg, practicalMoveTime: 0.11357217131097597 sec
2026-05-26 18:22:33,676 - mazeUtils.moveTile - [moveTile.py:1106] - DEBUG - moveTile loop time: 60.4 ms
2026-05-26 18:22:33,680 - picamera2.picamera2 - [picamera2.py:1391] - DEBUG - Execute job: <picamera2.job.Job object at 0x7f970f9610>
2026-05-26 18:22:33,685 - mazeUtils.device.camera - [camera.py:37] - DEBUG - Average HSV: H=22.8, S=160.5, V=29.8
2026-05-26 18:22:33,736 - mazeUtils.moveTile - [moveTile.py:80] - DEBUG - roll: 0.19999999999998863 deg, practicalMoveTime: 0.16777327714006499 sec
2026-05-26 18:22:33,737 - mazeUtils.moveTile - [moveTile.py:1106] - DEBUG - moveTile loop time: 61.2 ms
2026-05-26 18:22:33,744 - picamera2.picamera2 - [picamera2.py:1391] - DEBUG - Execute job: <picamera2.job.Job object at 0x7f67444050>
2026-05-26 18:22:33,750 - mazeUtils.device.camera - [camera.py:37] - DEBUG - Average HSV: H=28.7, S=159.4, V=28.7
2026-05-26 18:22:33,800 - mazeUtils.moveTile - [moveTile.py:80] - DEBUG - roll: 0.7900000000000205 deg, practicalMoveTime: 0.22421660948902747 sec
2026-05-26 18:22:33,801 - mazeUtils.moveTile - [moveTile.py:1106] - DEBUG - moveTile loop time: 61.7 ms
2026-05-26 18:22:33,807 - picamera2.picamera2 - [picamera2.py:1391] - DEBUG - Execute job: <picamera2.job.Job object at 0x7f97148590>
2026-05-26 18:22:33,812 - mazeUtils.device.camera - [camera.py:37] - DEBUG - Average HSV: H=30.4, S=159.9, V=28.0
2026-05-26 18:22:33,861 - mazeUtils.moveTile - [moveTile.py:80] - DEBUG - roll: 0.040000000000020464 deg, practicalMoveTime: 0.27840558687645617 sec
2026-05-26 18:22:33,862 - mazeUtils.moveTile - [moveTile.py:1106] - DEBUG - moveTile loop time: 61.1 ms
2026-05-26 18:22:33,868 - picamera2.picamera2 - [picamera2.py:1391] - DEBUG - Execute job: <picamera2.job.Job object at 0x7f851c4210>
2026-05-26 18:22:33,872 - mazeUtils.device.camera - [camera.py:37] - DEBUG - Average HSV: H=29.4, S=159.2, V=27.0
2026-05-26 18:22:33,924 - mazeUtils.moveTile - [moveTile.py:80] - DEBUG - roll: 0.17000000000001592 deg, practicalMoveTime: 0.3340468023771124 sec
2026-05-26 18:22:33,925 - mazeUtils.moveTile - [moveTile.py:1106] - DEBUG - moveTile loop time: 62.3 ms
2026-05-26 18:22:33,931 - picamera2.picamera2 - [picamera2.py:1391] - DEBUG - Execute job: <picamera2.job.Job object at 0x7f851c6110>
2026-05-26 18:22:33,936 - mazeUtils.device.camera - [camera.py:37] - DEBUG - Average HSV: H=33.4, S=155.9, V=27.1
2026-05-26 18:22:33,985 - mazeUtils.moveTile - [moveTile.py:80] - DEBUG - roll: 0.7699999999999818 deg, practicalMoveTime: 0.3884913721861823 sec
2026-05-26 18:22:33,987 - mazeUtils.moveTile - [moveTile.py:1106] - DEBUG - moveTile loop time: 61.1 ms
2026-05-26 18:22:33,993 - picamera2.picamera2 - [picamera2.py:1391] - DEBUG - Execute job: <picamera2.job.Job object at 0x7f851c6110>
2026-05-26 18:22:33,998 - mazeUtils.device.camera - [camera.py:37] - DEBUG - Average HSV: H=31.7, S=156.3, V=25.9
2026-05-26 18:22:34,048 - mazeUtils.moveTile - [moveTile.py:80] - DEBUG - roll: 0.07999999999998408 deg, practicalMoveTime: 0.4434025744965176 sec
2026-05-26 18:22:34,049 - mazeUtils.moveTile - [moveTile.py:1106] - DEBUG - moveTile loop time: 62.0 ms
2026-05-26 18:22:34,054 - picamera2.picamera2 - [picamera2.py:1391] - DEBUG - Execute job: <picamera2.job.Job object at 0x7f851c6d10>
2026-05-26 18:22:34,059 - mazeUtils.device.camera - [camera.py:37] - DEBUG - Average HSV: H=35.4, S=155.8, V=25.8
2026-05-26 18:22:34,109 - mazeUtils.moveTile - [moveTile.py:80] - DEBUG - roll: 0.160000000000025 deg, practicalMoveTime: 0.4967197465581751 sec
2026-05-26 18:22:34,109 - mazeUtils.moveTile - [moveTile.py:1106] - DEBUG - moveTile loop time: 59.2 ms
2026-05-26 18:22:34,115 - picamera2.picamera2 - [picamera2.py:1391] - DEBUG - Execute job: <picamera2.job.Job object at 0x7f970f9b50>
2026-05-26 18:22:34,120 - mazeUtils.device.camera - [camera.py:37] - DEBUG - Average HSV: H=41.9, S=154.3, V=24.4
2026-05-26 18:22:34,173 - mazeUtils.moveTile - [moveTile.py:80] - DEBUG - roll: 0.8000000000000114 deg, practicalMoveTime: 0.5538104716290638 sec
2026-05-26 18:22:34,174 - mazeUtils.moveTile - [moveTile.py:1106] - DEBUG - moveTile loop time: 63.5 ms
2026-05-26 18:22:34,180 - picamera2.picamera2 - [picamera2.py:1391] - DEBUG - Execute job: <picamera2.job.Job object at 0x7f851c6d10>
2026-05-26 18:22:34,185 - mazeUtils.device.camera - [camera.py:37] - DEBUG - Average HSV: H=44.9, S=153.3, V=23.9
2026-05-26 18:22:34,234 - mazeUtils.moveTile - [moveTile.py:80] - DEBUG - roll: 0.36000000000001364 deg, practicalMoveTime: 0.6077670834382295 sec
2026-05-26 18:22:34,234 - mazeUtils.moveTile - [moveTile.py:1106] - DEBUG - moveTile loop time: 60.2 ms
2026-05-26 18:22:34,240 - picamera2.picamera2 - [picamera2.py:1391] - DEBUG - Execute job: <picamera2.job.Job object at 0x7f970fb690>
2026-05-26 18:22:34,246 - mazeUtils.device.camera - [camera.py:37] - DEBUG - Average HSV: H=44.5, S=152.0, V=23.3
2026-05-26 18:22:34,281 - __main__ - [main.py:144] - INFO - Program interrupted by user.
2026-05-26 18:22:35,366 - mazeUtils.device.stm - [stm.py:214] - DEBUG - ACK resynchronized: type=STS_MOTOR dropped=3B seq=196
2026-05-26 18:22:35,383 - picamera2.picamera2 - [picamera2.py:1391] - DEBUG - Execute job: <picamera2.job.Job object at 0x7faaaf7450>
2026-05-26 18:22:35,404 - picamera2.picamera2 - [picamera2.py:1323] - INFO - Camera stopped
2026-05-26 18:22:35,606 - picamera2.picamera2 - [picamera2.py:1329] - DEBUG - Camera was not started
2026-05-26 18:22:35,807 - picamera2.picamera2 - [picamera2.py:723] - INFO - Camera closed successfully.
2026-05-26 18:22:35,978 - picamera2.picamera2 - [picamera2.py:500] - DEBUG - Resources now free: <picamera2.picamera2.Picamera2 object at 0x7f9e2c5b10>
