2026-05-24 21:37:44,176 - root - [logging_config.py:61] - INFO - Logging initialized. Log file: /home/tuton/Kanto2026RPi/src/config/../logs/robot_20260524_213743.log
2026-05-24 21:37:44,630 - mazeUtils.mazeMap - [mazeMap.py:167] - WARNING - ArduinoNanoEveryUART init failed: [Errno 2] could not open port /dev/ttyUSB0: [Errno 2] No such file or directory: '/dev/ttyUSB0'
2026-05-24 21:37:45,652 - mazeUtils.device.LiDAR - [LiDAR.py:36] - INFO - Available ports: <ydlidar.Str2strMap; proxy of <Swig Object of type 'std::map< std::string,std::string > *' at 0x7fbe8b7ed0> >
2026-05-24 21:37:49,629 - mazeUtils.moveTile - [moveTile.py:511] - DEBUG - Direction: absDirection.NORTH, Angle: 0, Distance: 72.27881296812046 cm
2026-05-24 21:37:49,631 - mazeUtils.moveTile - [moveTile.py:511] - DEBUG - Direction: absDirection.EAST, Angle: 270, Distance: 16.11263476066472 cm
2026-05-24 21:37:49,634 - mazeUtils.moveTile - [moveTile.py:511] - DEBUG - Direction: absDirection.SOUTH, Angle: 180, Distance: 23.007108663996625 cm
2026-05-24 21:37:49,637 - mazeUtils.moveTile - [moveTile.py:511] - DEBUG - Direction: absDirection.WEST, Angle: 90, Distance: 77.79650279182198 cm
2026-05-24 21:37:50,635 - __main__ - [main.py:69] - INFO - Initial Map:
2026-05-24 21:37:50,651 - __main__ - [main.py:70] - INFO - Current position: (20, 20, 0), front direction: absDirection.NORTH
Layer 0 (altitude=0.0cm, offset=(0.0cm, 0.0cm)):
Known map area: x=20..20, y=20..20
+   +
  @ |
+   +
mazeAsGraph[0][20][20] = {absDirection.NORTH: (20, 19, 0), absDirection.EAST: None, absDirection.SOUTH: (20, 21, 0), absDirection.WEST: (19, 20, 0)}
2026-05-24 21:37:50,652 - mazeUtils.mazeMap - [mazeMap.py:61] - INFO - next goal: (20, 19, 0)
2026-05-24 21:37:50,653 - __main__ - [main.py:73] - INFO - Next Direction: [<absDirection.NORTH: 0>]
2026-05-24 21:37:50,653 - __main__ - [main.py:74] - INFO - Exploration started.
2026-05-24 21:37:50,654 - mazeUtils.mazeMap - [mazeMap.py:61] - INFO - next goal: (20, 19, 0)
2026-05-24 21:37:50,662 - mazeUtils.moveTile - [moveTile.py:80] - DEBUG - Moving to absDirection.NORTH from (20, 20, 0) facing absDirection.NORTH
2026-05-24 21:37:50,688 - mazeUtils.moveTile - [moveTile.py:80] - DEBUG - current heading: 359.99 target: 0
2026-05-24 21:37:50,707 - mazeUtils.moveTile - [moveTile.py:387] - DEBUG - stopped turning at heading: 359.99, diff: 0.009999999999990905
2026-05-24 21:37:50,752 - mazeUtils.moveTile - [moveTile.py:80] - DEBUG - Turned to heading: 359.99 deg
2026-05-24 21:37:50,831 - picamera2.picamera2 - [picamera2.py:1391] - DEBUG - Execute job: <picamera2.job.Job object at 0x7f98f6f890>
2026-05-24 21:37:50,839 - mazeUtils.device.camera - [camera.py:37] - DEBUG - Average HSV: H=13.5, S=53.1, V=211.6
2026-05-24 21:37:50,864 - mazeUtils.moveTile - [moveTile.py:80] - DEBUG - roll: 359.78999999999996 deg, practicalMoveTime: 0.04378861579047084 sec
2026-05-24 21:37:50,864 - mazeUtils.moveTile - [moveTile.py:1116] - DEBUG - moveTile loop time: 43.0 ms
2026-05-24 21:37:50,873 - picamera2.picamera2 - [picamera2.py:1391] - DEBUG - Execute job: <picamera2.job.Job object at 0x7f7b28f5d0>
2026-05-24 21:37:50,878 - mazeUtils.device.camera - [camera.py:37] - DEBUG - Average HSV: H=13.4, S=52.5, V=211.7
2026-05-24 21:37:50,907 - mazeUtils.moveTile - [moveTile.py:80] - DEBUG - roll: 0.14999999999997726 deg, practicalMoveTime: 0.08187606785465343 sec
2026-05-24 21:37:50,907 - mazeUtils.moveTile - [moveTile.py:1116] - DEBUG - moveTile loop time: 42.6 ms
2026-05-24 21:37:50,915 - picamera2.picamera2 - [picamera2.py:1391] - DEBUG - Execute job: <picamera2.job.Job object at 0x7f7b373810>
2026-05-24 21:37:50,918 - mazeUtils.device.camera - [camera.py:37] - DEBUG - Average HSV: H=13.5, S=52.4, V=211.9
2026-05-24 21:37:50,950 - mazeUtils.moveTile - [moveTile.py:80] - DEBUG - roll: 359.65 deg, practicalMoveTime: 0.12451643513842997 sec
2026-05-24 21:37:50,950 - mazeUtils.moveTile - [moveTile.py:1116] - DEBUG - moveTile loop time: 43.0 ms
2026-05-24 21:37:50,954 - picamera2.picamera2 - [picamera2.py:1391] - DEBUG - Execute job: <picamera2.job.Job object at 0x7f98f2e350>
2026-05-24 21:37:50,958 - mazeUtils.device.camera - [camera.py:37] - DEBUG - Average HSV: H=13.8, S=51.1, V=212.7
2026-05-24 21:37:50,990 - mazeUtils.moveTile - [moveTile.py:80] - DEBUG - roll: 359.53999999999996 deg, practicalMoveTime: 0.16401349133505488 sec
2026-05-24 21:37:50,990 - mazeUtils.moveTile - [moveTile.py:1116] - DEBUG - moveTile loop time: 39.8 ms
2026-05-24 21:37:50,996 - picamera2.picamera2 - [picamera2.py:1391] - DEBUG - Execute job: <picamera2.job.Job object at 0x7fa8309910>
2026-05-24 21:37:50,999 - mazeUtils.device.camera - [camera.py:37] - DEBUG - Average HSV: H=14.0, S=51.2, V=213.7
2026-05-24 21:37:51,030 - mazeUtils.moveTile - [moveTile.py:80] - DEBUG - roll: 359.42999999999995 deg, practicalMoveTime: 0.20390991251358176 sec
2026-05-24 21:37:51,031 - mazeUtils.moveTile - [moveTile.py:1116] - DEBUG - moveTile loop time: 40.2 ms
2026-05-24 21:37:51,037 - picamera2.picamera2 - [picamera2.py:1391] - DEBUG - Execute job: <picamera2.job.Job object at 0x7f98f899d0>
2026-05-24 21:37:51,041 - mazeUtils.device.camera - [camera.py:37] - DEBUG - Average HSV: H=14.1, S=51.1, V=214.4
2026-05-24 21:37:51,073 - mazeUtils.moveTile - [moveTile.py:80] - DEBUG - roll: 359.90999999999997 deg, practicalMoveTime: 0.2463142734225112 sec
2026-05-24 21:37:51,074 - mazeUtils.moveTile - [moveTile.py:1116] - DEBUG - moveTile loop time: 42.7 ms
2026-05-24 21:37:51,081 - picamera2.picamera2 - [picamera2.py:1391] - DEBUG - Execute job: <picamera2.job.Job object at 0x7f7b28f5d0>
2026-05-24 21:37:51,084 - mazeUtils.device.camera - [camera.py:37] - DEBUG - Average HSV: H=14.3, S=50.7, V=216.3
2026-05-24 21:37:51,110 - mazeUtils.moveTile - [moveTile.py:80] - DEBUG - roll: 359.84999999999997 deg, practicalMoveTime: 0.2822824538415681 sec
2026-05-24 21:37:51,110 - mazeUtils.moveTile - [moveTile.py:1116] - DEBUG - moveTile loop time: 36.4 ms
2026-05-24 21:37:51,116 - picamera2.picamera2 - [picamera2.py:1391] - DEBUG - Execute job: <picamera2.job.Job object at 0x7fa8337490>
2026-05-24 21:37:51,120 - mazeUtils.device.camera - [camera.py:37] - DEBUG - Average HSV: H=14.1, S=51.0, V=216.2
2026-05-24 21:37:51,157 - mazeUtils.moveTile - [moveTile.py:80] - DEBUG - roll: 359.39 deg, practicalMoveTime: 0.32917553851042125 sec
2026-05-24 21:37:51,158 - mazeUtils.moveTile - [moveTile.py:1116] - DEBUG - moveTile loop time: 47.3 ms
2026-05-24 21:37:51,162 - picamera2.picamera2 - [picamera2.py:1391] - DEBUG - Execute job: <picamera2.job.Job object at 0x7fa8309910>
2026-05-24 21:37:51,165 - mazeUtils.device.camera - [camera.py:37] - DEBUG - Average HSV: H=14.2, S=51.5, V=217.1
2026-05-24 21:37:51,189 - mazeUtils.moveTile - [moveTile.py:80] - DEBUG - roll: 359.63 deg, practicalMoveTime: 0.36045230448188753 sec
2026-05-24 21:37:51,190 - mazeUtils.moveTile - [moveTile.py:1116] - DEBUG - moveTile loop time: 31.6 ms
2026-05-24 21:37:51,197 - picamera2.picamera2 - [picamera2.py:1391] - DEBUG - Execute job: <picamera2.job.Job object at 0x7f98f80b10>
2026-05-24 21:37:51,201 - mazeUtils.device.camera - [camera.py:37] - DEBUG - Average HSV: H=14.3, S=50.9, V=218.2
2026-05-24 21:37:51,233 - mazeUtils.moveTile - [moveTile.py:80] - DEBUG - roll: 0.17999999999994998 deg, practicalMoveTime: 0.3993471473327812 sec
2026-05-24 21:37:51,234 - mazeUtils.moveTile - [moveTile.py:1116] - DEBUG - moveTile loop time: 43.0 ms
2026-05-24 21:37:51,240 - picamera2.picamera2 - [picamera2.py:1391] - DEBUG - Execute job: <picamera2.job.Job object at 0x7f98f2e350>
2026-05-24 21:37:51,244 - mazeUtils.device.camera - [camera.py:37] - DEBUG - Average HSV: H=13.2, S=45.8, V=218.1
2026-05-24 21:37:51,274 - mazeUtils.moveTile - [moveTile.py:80] - DEBUG - roll: 0.1199999999999477 deg, practicalMoveTime: 0.4354489577627966 sec
2026-05-24 21:37:51,275 - mazeUtils.moveTile - [moveTile.py:1116] - DEBUG - moveTile loop time: 40.7 ms
2026-05-24 21:37:51,279 - picamera2.picamera2 - [picamera2.py:1391] - DEBUG - Execute job: <picamera2.job.Job object at 0x7fa8337490>
2026-05-24 21:37:51,282 - mazeUtils.device.camera - [camera.py:37] - DEBUG - Average HSV: H=12.1, S=40.1, V=218.3
2026-05-24 21:37:51,310 - mazeUtils.moveTile - [moveTile.py:80] - DEBUG - roll: 0.13999999999998636 deg, practicalMoveTime: 0.4669538762246893 sec
2026-05-24 21:37:51,310 - mazeUtils.moveTile - [moveTile.py:1116] - DEBUG - moveTile loop time: 35.4 ms
2026-05-24 21:37:51,316 - picamera2.picamera2 - [picamera2.py:1391] - DEBUG - Execute job: <picamera2.job.Job object at 0x7f7b28f5d0>
2026-05-24 21:37:51,319 - mazeUtils.device.camera - [camera.py:37] - DEBUG - Average HSV: H=11.0, S=35.5, V=218.2
2026-05-24 21:37:51,349 - mazeUtils.moveTile - [moveTile.py:80] - DEBUG - roll: 359.86999999999995 deg, practicalMoveTime: 0.5056750995686864 sec
2026-05-24 21:37:51,350 - mazeUtils.moveTile - [moveTile.py:1116] - DEBUG - moveTile loop time: 38.9 ms
2026-05-24 21:37:51,357 - picamera2.picamera2 - [picamera2.py:1391] - DEBUG - Execute job: <picamera2.job.Job object at 0x7f98f899d0>
2026-05-24 21:37:51,360 - mazeUtils.device.camera - [camera.py:37] - DEBUG - Average HSV: H=10.2, S=31.7, V=218.6
2026-05-24 21:37:51,391 - mazeUtils.moveTile - [moveTile.py:80] - DEBUG - roll: 0.25 deg, practicalMoveTime: 0.5431293242887487 sec
2026-05-24 21:37:51,392 - mazeUtils.moveTile - [moveTile.py:1116] - DEBUG - moveTile loop time: 42.1 ms
2026-05-24 21:37:51,397 - picamera2.picamera2 - [picamera2.py:1391] - DEBUG - Execute job: <picamera2.job.Job object at 0x7f7b373810>
2026-05-24 21:37:51,401 - mazeUtils.device.camera - [camera.py:37] - DEBUG - Average HSV: H=10.0, S=33.3, V=212.7
2026-05-24 21:37:51,430 - mazeUtils.moveTile - [moveTile.py:80] - DEBUG - roll: 0.3100000000000023 deg, practicalMoveTime: 0.5771619815924776 sec
2026-05-24 21:37:51,430 - mazeUtils.moveTile - [moveTile.py:1116] - DEBUG - moveTile loop time: 38.0 ms
2026-05-24 21:37:51,434 - picamera2.picamera2 - [picamera2.py:1391] - DEBUG - Execute job: <picamera2.job.Job object at 0x7fa8337490>
2026-05-24 21:37:51,437 - mazeUtils.device.camera - [camera.py:37] - DEBUG - Average HSV: H=9.6, S=37.1, V=199.1
2026-05-24 21:37:51,464 - mazeUtils.moveTile - [moveTile.py:80] - DEBUG - roll: 0.40999999999996817 deg, practicalMoveTime: 0.6076737955556614 sec
2026-05-24 21:37:51,465 - mazeUtils.moveTile - [moveTile.py:1116] - DEBUG - moveTile loop time: 33.9 ms
2026-05-24 21:37:51,470 - picamera2.picamera2 - [picamera2.py:1391] - DEBUG - Execute job: <picamera2.job.Job object at 0x7f7b28f5d0>
2026-05-24 21:37:51,474 - mazeUtils.device.camera - [camera.py:37] - DEBUG - Average HSV: H=10.7, S=37.4, V=197.9
2026-05-24 21:37:51,504 - mazeUtils.moveTile - [moveTile.py:80] - DEBUG - roll: 0.2599999999999909 deg, practicalMoveTime: 0.6430249463909418 sec
2026-05-24 21:37:51,504 - mazeUtils.moveTile - [moveTile.py:1116] - DEBUG - moveTile loop time: 39.5 ms
2026-05-24 21:37:51,510 - picamera2.picamera2 - [picamera2.py:1391] - DEBUG - Execute job: <picamera2.job.Job object at 0x7f7b373810>
2026-05-24 21:37:51,514 - mazeUtils.device.camera - [camera.py:37] - DEBUG - Average HSV: H=23.0, S=37.0, V=174.3
2026-05-24 21:37:51,541 - mazeUtils.moveTile - [moveTile.py:80] - DEBUG - roll: 0.03999999999996362 deg, practicalMoveTime: 0.6763072897740703 sec
2026-05-24 21:37:51,542 - mazeUtils.moveTile - [moveTile.py:1116] - DEBUG - moveTile loop time: 37.3 ms
2026-05-24 21:37:51,548 - picamera2.picamera2 - [picamera2.py:1391] - DEBUG - Execute job: <picamera2.job.Job object at 0x7f7b0ad4d0>
2026-05-24 21:37:51,552 - mazeUtils.device.camera - [camera.py:37] - DEBUG - Average HSV: H=40.2, S=35.1, V=167.3
2026-05-24 21:37:51,581 - mazeUtils.moveTile - [moveTile.py:80] - DEBUG - roll: 0.23999999999995225 deg, practicalMoveTime: 0.7116827414093907 sec
2026-05-24 21:37:51,582 - mazeUtils.moveTile - [moveTile.py:1116] - DEBUG - moveTile loop time: 39.6 ms
2026-05-24 21:37:51,589 - picamera2.picamera2 - [picamera2.py:1391] - DEBUG - Execute job: <picamera2.job.Job object at 0x7faaef2d10>
2026-05-24 21:37:51,592 - mazeUtils.device.camera - [camera.py:37] - DEBUG - Average HSV: H=94.3, S=28.3, V=179.9
2026-05-24 21:37:51,624 - mazeUtils.moveTile - [moveTile.py:80] - DEBUG - roll: 0.18999999999999773 deg, practicalMoveTime: 0.7499926294155376 sec
2026-05-24 21:37:51,625 - mazeUtils.moveTile - [moveTile.py:1116] - DEBUG - moveTile loop time: 42.9 ms
2026-05-24 21:37:51,632 - picamera2.picamera2 - [picamera2.py:1391] - DEBUG - Execute job: <picamera2.job.Job object at 0x7f7b28f5d0>
2026-05-24 21:37:51,635 - mazeUtils.device.camera - [camera.py:37] - DEBUG - Average HSV: H=138.0, S=17.5, V=188.6
2026-05-24 21:37:51,661 - mazeUtils.moveTile - [moveTile.py:80] - DEBUG - roll: 0.339999999999975 deg, practicalMoveTime: 0.7829978103887435 sec
2026-05-24 21:37:51,662 - mazeUtils.moveTile - [moveTile.py:1116] - DEBUG - moveTile loop time: 36.9 ms
2026-05-24 21:37:51,669 - picamera2.picamera2 - [picamera2.py:1391] - DEBUG - Execute job: <picamera2.job.Job object at 0x7faaef2d10>
2026-05-24 21:37:51,673 - mazeUtils.device.camera - [camera.py:37] - DEBUG - Average HSV: H=122.7, S=16.5, V=190.3
2026-05-24 21:37:51,702 - mazeUtils.moveTile - [moveTile.py:80] - DEBUG - roll: 0.01999999999998181 deg, practicalMoveTime: 0.8188241813063568 sec
2026-05-24 21:37:51,702 - mazeUtils.moveTile - [moveTile.py:1116] - DEBUG - moveTile loop time: 40.1 ms
2026-05-24 21:37:51,709 - picamera2.picamera2 - [picamera2.py:1391] - DEBUG - Execute job: <picamera2.job.Job object at 0x7fa8309910>
2026-05-24 21:37:51,712 - mazeUtils.device.camera - [camera.py:37] - DEBUG - Average HSV: H=118.9, S=18.0, V=185.1
2026-05-24 21:37:51,739 - mazeUtils.moveTile - [moveTile.py:80] - DEBUG - roll: 0.1099999999999568 deg, practicalMoveTime: 0.8520311551726528 sec
2026-05-24 21:37:51,739 - mazeUtils.moveTile - [moveTile.py:1116] - DEBUG - moveTile loop time: 37.1 ms
2026-05-24 21:37:51,748 - picamera2.picamera2 - [picamera2.py:1391] - DEBUG - Execute job: <picamera2.job.Job object at 0x7f7b28f5d0>
2026-05-24 21:37:51,751 - mazeUtils.device.camera - [camera.py:37] - DEBUG - Average HSV: H=118.6, S=20.7, V=175.0
2026-05-24 21:37:51,778 - mazeUtils.moveTile - [moveTile.py:80] - DEBUG - roll: 0.4199999999999591 deg, practicalMoveTime: 0.8870092250151358 sec
2026-05-24 21:37:51,779 - mazeUtils.moveTile - [moveTile.py:1116] - DEBUG - moveTile loop time: 39.1 ms
2026-05-24 21:37:51,783 - picamera2.picamera2 - [picamera2.py:1391] - DEBUG - Execute job: <picamera2.job.Job object at 0x7f98f6f890>
2026-05-24 21:37:51,786 - mazeUtils.device.camera - [camera.py:37] - DEBUG - Average HSV: H=118.1, S=22.8, V=169.0
2026-05-24 21:37:51,813 - mazeUtils.moveTile - [moveTile.py:80] - DEBUG - roll: 0.2999999999999545 deg, practicalMoveTime: 0.9181350829430321 sec
2026-05-24 21:37:51,814 - mazeUtils.moveTile - [moveTile.py:1116] - DEBUG - moveTile loop time: 35.0 ms
2026-05-24 21:37:51,819 - picamera2.picamera2 - [picamera2.py:1391] - DEBUG - Execute job: <picamera2.job.Job object at 0x7f98f2e350>
2026-05-24 21:37:51,822 - mazeUtils.device.camera - [camera.py:37] - DEBUG - Average HSV: H=118.1, S=19.8, V=179.5
2026-05-24 21:37:51,861 - mazeUtils.moveTile - [moveTile.py:80] - DEBUG - roll: 0.18999999999999773 deg, practicalMoveTime: 0.9608008544391071 sec
2026-05-24 21:37:51,862 - mazeUtils.moveTile - [moveTile.py:1116] - DEBUG - moveTile loop time: 47.8 ms
2026-05-24 21:37:51,867 - picamera2.picamera2 - [picamera2.py:1391] - DEBUG - Execute job: <picamera2.job.Job object at 0x7f7b0ad390>
2026-05-24 21:37:51,872 - mazeUtils.device.camera - [camera.py:37] - DEBUG - Average HSV: H=118.1, S=17.8, V=186.1
2026-05-24 21:37:51,907 - mazeUtils.moveTile - [moveTile.py:80] - DEBUG - roll: 0.18999999999999773 deg, practicalMoveTime: 1.0014373850403915 sec
2026-05-24 21:37:51,908 - mazeUtils.moveTile - [moveTile.py:1116] - DEBUG - moveTile loop time: 44.5 ms
2026-05-24 21:37:51,913 - picamera2.picamera2 - [picamera2.py:1391] - DEBUG - Execute job: <picamera2.job.Job object at 0x7f7b358510>
2026-05-24 21:37:51,918 - mazeUtils.device.camera - [camera.py:37] - DEBUG - Average HSV: H=92.9, S=21.6, V=191.9
2026-05-24 21:37:51,947 - mazeUtils.moveTile - [moveTile.py:80] - DEBUG - roll: 0.20999999999997954 deg, practicalMoveTime: 1.037234549839064 sec
2026-05-24 21:37:51,948 - mazeUtils.moveTile - [moveTile.py:1116] - DEBUG - moveTile loop time: 40.2 ms
2026-05-24 21:37:51,953 - picamera2.picamera2 - [picamera2.py:1391] - DEBUG - Execute job: <picamera2.job.Job object at 0x7f98f899d0>
2026-05-24 21:37:51,956 - mazeUtils.device.camera - [camera.py:37] - DEBUG - Average HSV: H=26.3, S=41.2, V=211.0
2026-05-24 21:37:51,985 - mazeUtils.moveTile - [moveTile.py:80] - DEBUG - roll: 0.2999999999999545 deg, practicalMoveTime: 1.0702100337490674 sec
2026-05-24 21:37:51,985 - mazeUtils.moveTile - [moveTile.py:1116] - DEBUG - moveTile loop time: 37.1 ms
2026-05-24 21:37:51,993 - picamera2.picamera2 - [picamera2.py:1391] - DEBUG - Execute job: <picamera2.job.Job object at 0x7fa8337490>
2026-05-24 21:37:51,997 - mazeUtils.device.camera - [camera.py:37] - DEBUG - Average HSV: H=13.8, S=43.5, V=222.1
2026-05-24 21:37:52,027 - mazeUtils.moveTile - [moveTile.py:80] - DEBUG - roll: 0.38999999999998636 deg, practicalMoveTime: 1.1071891146228239 sec
2026-05-24 21:37:52,027 - mazeUtils.moveTile - [moveTile.py:1116] - DEBUG - moveTile loop time: 41.2 ms
2026-05-24 21:37:52,031 - picamera2.picamera2 - [picamera2.py:1391] - DEBUG - Execute job: <picamera2.job.Job object at 0x7fa8309910>
2026-05-24 21:37:52,034 - mazeUtils.device.camera - [camera.py:37] - DEBUG - Average HSV: H=12.5, S=39.1, V=221.6
2026-05-24 21:37:52,062 - mazeUtils.moveTile - [moveTile.py:80] - DEBUG - roll: 359.84999999999997 deg, practicalMoveTime: 1.142172629684596 sec
2026-05-24 21:37:52,062 - mazeUtils.moveTile - [moveTile.py:1116] - DEBUG - moveTile loop time: 35.3 ms
2026-05-24 21:37:52,068 - picamera2.picamera2 - [picamera2.py:1391] - DEBUG - Execute job: <picamera2.job.Job object at 0x7f7b358510>
2026-05-24 21:37:52,071 - mazeUtils.device.camera - [camera.py:37] - DEBUG - Average HSV: H=11.0, S=32.1, V=221.2
2026-05-24 21:37:52,103 - mazeUtils.moveTile - [moveTile.py:80] - DEBUG - roll: 0.13999999999998636 deg, practicalMoveTime: 1.1786934786072119 sec
2026-05-24 21:37:52,103 - mazeUtils.moveTile - [moveTile.py:1116] - DEBUG - moveTile loop time: 40.8 ms
2026-05-24 21:37:52,110 - picamera2.picamera2 - [picamera2.py:1391] - DEBUG - Execute job: <picamera2.job.Job object at 0x7f98f80b10>
2026-05-24 21:37:52,113 - mazeUtils.device.camera - [camera.py:37] - DEBUG - Average HSV: H=10.6, S=28.5, V=222.0
2026-05-24 21:37:52,143 - mazeUtils.moveTile - [moveTile.py:80] - DEBUG - roll: 0.08999999999997499 deg, practicalMoveTime: 1.214259097113877 sec
2026-05-24 21:37:52,143 - mazeUtils.moveTile - [moveTile.py:1116] - DEBUG - moveTile loop time: 39.8 ms
2026-05-24 21:37:52,152 - picamera2.picamera2 - [picamera2.py:1391] - DEBUG - Execute job: <picamera2.job.Job object at 0x7fa8309910>
2026-05-24 21:37:52,155 - mazeUtils.device.camera - [camera.py:37] - DEBUG - Average HSV: H=13.8, S=40.6, V=223.2
2026-05-24 21:37:52,201 - mazeUtils.moveTile - [moveTile.py:222] - INFO - Black tile detected! Stopping movement. Starting escape maneuver.
2026-05-24 21:37:53,437 - mazeUtils.moveTile - [moveTile.py:80] - DEBUG - Escape maneuver complete.
2026-05-24 21:37:53,455 - __main__ - [main.py:84] - INFO - Current position: (20, 20, 0), front direction: absDirection.NORTH
Layer 0 (altitude=0.0cm, offset=(0.0cm, 0.0cm)):
Known map area: x=20..20, y=19..20
+   +
  B  
+   +
  @ |
+   +
mazeAsGraph[0][19][20] = {absDirection.NORTH: None, absDirection.EAST: None, absDirection.SOUTH: None, absDirection.WEST: None}
mazeAsGraph[0][20][20] = {absDirection.NORTH: None, absDirection.EAST: None, absDirection.SOUTH: (20, 21, 0), absDirection.WEST: (19, 20, 0)}
2026-05-24 21:37:53,471 - mazeUtils.mazeMap - [mazeMap.py:61] - INFO - next goal: (19, 20, 0)
2026-05-24 21:37:53,472 - mazeUtils.mazeMap - [mazeMap.py:61] - INFO - next goal: (19, 20, 0)
2026-05-24 21:37:53,480 - mazeUtils.moveTile - [moveTile.py:80] - DEBUG - Moving to absDirection.WEST from (20, 20, 0) facing absDirection.NORTH
2026-05-24 21:37:53,505 - mazeUtils.moveTile - [moveTile.py:80] - DEBUG - current heading: 6.139999999999986 target: 90
2026-05-24 21:37:54,376 - mazeUtils.moveTile - [moveTile.py:387] - DEBUG - stopped turning at heading: 80.82, diff: 9.180000000000007
2026-05-24 21:37:55,241 - mazeUtils.moveTile - [moveTile.py:80] - DEBUG - Turned to heading: 89.81 deg
2026-05-24 21:37:55,312 - picamera2.picamera2 - [picamera2.py:1391] - DEBUG - Execute job: <picamera2.job.Job object at 0x7f7b0b43d0>
2026-05-24 21:37:55,318 - mazeUtils.device.camera - [camera.py:37] - DEBUG - Average HSV: H=10.2, S=147.0, V=79.6
2026-05-24 21:37:55,347 - mazeUtils.moveTile - [moveTile.py:80] - DEBUG - roll: 0.2999999999999545 deg, practicalMoveTime: 0.03738111275740739 sec
2026-05-24 21:37:55,348 - mazeUtils.moveTile - [moveTile.py:1116] - DEBUG - moveTile loop time: 41.7 ms
2026-05-24 21:37:55,354 - picamera2.picamera2 - [picamera2.py:1391] - DEBUG - Execute job: <picamera2.job.Job object at 0x7f7b0b5010>
2026-05-24 21:37:55,358 - mazeUtils.device.camera - [camera.py:37] - DEBUG - Average HSV: H=10.3, S=147.0, V=79.9
2026-05-24 21:37:55,385 - mazeUtils.moveTile - [moveTile.py:80] - DEBUG - roll: 0.5 deg, practicalMoveTime: 0.07079780428536575 sec
2026-05-24 21:37:55,386 - mazeUtils.moveTile - [moveTile.py:1116] - DEBUG - moveTile loop time: 37.5 ms
2026-05-24 21:37:55,396 - picamera2.picamera2 - [picamera2.py:1391] - DEBUG - Execute job: <picamera2.job.Job object at 0x7f98080290>
2026-05-24 21:37:55,400 - mazeUtils.device.camera - [camera.py:37] - DEBUG - Average HSV: H=10.1, S=145.9, V=79.6
2026-05-24 21:37:55,436 - mazeUtils.moveTile - [moveTile.py:80] - DEBUG - roll: 0.7000000000000455 deg, practicalMoveTime: 0.11555388045510859 sec
2026-05-24 21:37:55,436 - mazeUtils.moveTile - [moveTile.py:1116] - DEBUG - moveTile loop time: 49.5 ms
2026-05-24 21:37:55,446 - picamera2.picamera2 - [picamera2.py:1391] - DEBUG - Execute job: <picamera2.job.Job object at 0x7fa8309910>
2026-05-24 21:37:55,451 - mazeUtils.device.camera - [camera.py:37] - DEBUG - Average HSV: H=10.1, S=142.7, V=82.6
2026-05-24 21:37:55,481 - mazeUtils.moveTile - [moveTile.py:80] - DEBUG - roll: 0.23999999999995225 deg, practicalMoveTime: 0.15561993806477198 sec
2026-05-24 21:37:55,482 - mazeUtils.moveTile - [moveTile.py:1116] - DEBUG - moveTile loop time: 44.8 ms
2026-05-24 21:37:55,490 - picamera2.picamera2 - [picamera2.py:1391] - DEBUG - Execute job: <picamera2.job.Job object at 0x7f98080290>
2026-05-24 21:37:55,494 - mazeUtils.device.camera - [camera.py:37] - DEBUG - Average HSV: H=10.2, S=143.2, V=82.6
2026-05-24 21:37:55,523 - mazeUtils.moveTile - [moveTile.py:80] - DEBUG - roll: 0.47999999999996135 deg, practicalMoveTime: 0.19260415672748177 sec
2026-05-24 21:37:55,523 - mazeUtils.moveTile - [moveTile.py:1116] - DEBUG - moveTile loop time: 41.5 ms
2026-05-24 21:37:55,530 - picamera2.picamera2 - [picamera2.py:1391] - DEBUG - Execute job: <picamera2.job.Job object at 0x7fa8309910>
2026-05-24 21:37:55,534 - mazeUtils.device.camera - [camera.py:37] - DEBUG - Average HSV: H=10.3, S=142.0, V=83.3
2026-05-24 21:37:55,571 - mazeUtils.moveTile - [moveTile.py:80] - DEBUG - roll: 0.009999999999990905 deg, practicalMoveTime: 0.2355104880899722 sec
2026-05-24 21:37:55,572 - mazeUtils.moveTile - [moveTile.py:1116] - DEBUG - moveTile loop time: 48.2 ms
2026-05-24 21:37:55,579 - picamera2.picamera2 - [picamera2.py:1391] - DEBUG - Execute job: <picamera2.job.Job object at 0x7f7b0b4750>
2026-05-24 21:37:55,583 - mazeUtils.device.camera - [camera.py:37] - DEBUG - Average HSV: H=10.1, S=141.2, V=83.5
2026-05-24 21:37:55,614 - mazeUtils.moveTile - [moveTile.py:80] - DEBUG - roll: 0.5699999999999932 deg, practicalMoveTime: 0.27331295867001976 sec
2026-05-24 21:37:55,615 - mazeUtils.moveTile - [moveTile.py:1116] - DEBUG - moveTile loop time: 42.4 ms
2026-05-24 21:37:55,620 - picamera2.picamera2 - [picamera2.py:1391] - DEBUG - Execute job: <picamera2.job.Job object at 0x7f7b0b4750>
2026-05-24 21:37:55,624 - mazeUtils.device.camera - [camera.py:37] - DEBUG - Average HSV: H=10.1, S=141.6, V=83.5
2026-05-24 21:37:55,659 - mazeUtils.moveTile - [moveTile.py:80] - DEBUG - roll: 0.6599999999999682 deg, practicalMoveTime: 0.31271199499864205 sec
2026-05-24 21:37:55,659 - mazeUtils.moveTile - [moveTile.py:1116] - DEBUG - moveTile loop time: 44.2 ms
2026-05-24 21:37:55,669 - picamera2.picamera2 - [picamera2.py:1391] - DEBUG - Execute job: <picamera2.job.Job object at 0x7f98080290>
2026-05-24 21:37:55,673 - mazeUtils.device.camera - [camera.py:37] - DEBUG - Average HSV: H=10.1, S=141.2, V=83.5
2026-05-24 21:37:55,701 - mazeUtils.moveTile - [moveTile.py:80] - DEBUG - roll: 0.5600000000000023 deg, practicalMoveTime: 0.3501965431304072 sec
2026-05-24 21:37:55,702 - mazeUtils.moveTile - [moveTile.py:1116] - DEBUG - moveTile loop time: 41.5 ms
2026-05-24 21:37:55,710 - picamera2.picamera2 - [picamera2.py:1391] - DEBUG - Execute job: <picamera2.job.Job object at 0x7f99dbc450>
2026-05-24 21:37:55,715 - mazeUtils.device.camera - [camera.py:37] - DEBUG - Average HSV: H=10.3, S=143.2, V=83.0
2026-05-24 21:37:55,750 - mazeUtils.moveTile - [moveTile.py:80] - DEBUG - roll: 0.9099999999999682 deg, practicalMoveTime: 0.3931796361389354 sec
2026-05-24 21:37:55,751 - mazeUtils.moveTile - [moveTile.py:1116] - DEBUG - moveTile loop time: 48.5 ms
2026-05-24 21:37:55,763 - picamera2.picamera2 - [picamera2.py:1391] - DEBUG - Execute job: <picamera2.job.Job object at 0x7f7b0b43d0>
2026-05-24 21:37:55,768 - mazeUtils.device.camera - [camera.py:37] - DEBUG - Average HSV: H=10.0, S=141.0, V=84.1
2026-05-24 21:37:55,802 - mazeUtils.moveTile - [moveTile.py:80] - DEBUG - roll: 0.40999999999996817 deg, practicalMoveTime: 0.43932725544179957 sec
2026-05-24 21:37:55,803 - mazeUtils.moveTile - [moveTile.py:1116] - DEBUG - moveTile loop time: 52.1 ms
2026-05-24 21:37:55,809 - picamera2.picamera2 - [picamera2.py:1391] - DEBUG - Execute job: <picamera2.job.Job object at 0x7f7b0b43d0>
2026-05-24 21:37:55,813 - mazeUtils.device.camera - [camera.py:37] - DEBUG - Average HSV: H=9.1, S=114.0, V=104.4
2026-05-24 21:37:55,843 - mazeUtils.moveTile - [moveTile.py:80] - DEBUG - roll: 2.5 deg, practicalMoveTime: 0.47480247285814015 sec
2026-05-24 21:37:55,843 - mazeUtils.moveTile - [moveTile.py:1116] - DEBUG - moveTile loop time: 39.5 ms
2026-05-24 21:37:55,849 - picamera2.picamera2 - [picamera2.py:1391] - DEBUG - Execute job: <picamera2.job.Job object at 0x7f98080290>
2026-05-24 21:37:55,854 - mazeUtils.device.camera - [camera.py:37] - DEBUG - Average HSV: H=8.3, S=87.0, V=132.1
2026-05-24 21:37:55,889 - mazeUtils.moveTile - [moveTile.py:80] - DEBUG - roll: 3.2799999999999727 deg, practicalMoveTime: 0.5161541513463402 sec
2026-05-24 21:37:55,890 - mazeUtils.moveTile - [moveTile.py:1116] - DEBUG - moveTile loop time: 46.3 ms
2026-05-24 21:37:55,895 - picamera2.picamera2 - [picamera2.py:1391] - DEBUG - Execute job: <picamera2.job.Job object at 0x7f7b0b4150>
2026-05-24 21:37:55,900 - mazeUtils.device.camera - [camera.py:37] - DEBUG - Average HSV: H=8.1, S=73.1, V=147.0
2026-05-24 21:37:55,930 - mazeUtils.moveTile - [moveTile.py:80] - DEBUG - roll: 4.769999999999982 deg, practicalMoveTime: 0.5523074160438252 sec
2026-05-24 21:37:55,931 - mazeUtils.moveTile - [moveTile.py:1116] - DEBUG - moveTile loop time: 40.6 ms
2026-05-24 21:37:55,938 - picamera2.picamera2 - [picamera2.py:1391] - DEBUG - Execute job: <picamera2.job.Job object at 0x7f7b0b4ed0>
2026-05-24 21:37:55,943 - mazeUtils.device.camera - [camera.py:37] - DEBUG - Average HSV: H=8.3, S=71.4, V=151.3
2026-05-24 21:37:55,973 - mazeUtils.moveTile - [moveTile.py:80] - DEBUG - roll: 5.649999999999977 deg, practicalMoveTime: 0.5901187848350143 sec
2026-05-24 21:37:55,974 - mazeUtils.moveTile - [moveTile.py:1116] - DEBUG - moveTile loop time: 43.1 ms
2026-05-24 21:37:55,981 - picamera2.picamera2 - [picamera2.py:1391] - DEBUG - Execute job: <picamera2.job.Job object at 0x7f7b0b4150>
2026-05-24 21:37:55,985 - mazeUtils.device.camera - [camera.py:37] - DEBUG - Average HSV: H=8.2, S=69.0, V=155.6
2026-05-24 21:37:56,014 - mazeUtils.moveTile - [moveTile.py:80] - DEBUG - roll: 6.720000000000027 deg, practicalMoveTime: 0.6256898624436233 sec
2026-05-24 21:37:56,015 - mazeUtils.moveTile - [moveTile.py:1116] - DEBUG - moveTile loop time: 40.2 ms
2026-05-24 21:37:56,020 - picamera2.picamera2 - [picamera2.py:1391] - DEBUG - Execute job: <picamera2.job.Job object at 0x7f7b0b4750>
2026-05-24 21:37:56,025 - mazeUtils.device.camera - [camera.py:37] - DEBUG - Average HSV: H=8.3, S=68.7, V=158.4
2026-05-24 21:37:56,055 - mazeUtils.moveTile - [moveTile.py:80] - DEBUG - roll: 8.190000000000055 deg, practicalMoveTime: 0.6609337854609248 sec
2026-05-24 21:37:56,055 - mazeUtils.moveTile - [moveTile.py:1116] - DEBUG - moveTile loop time: 39.9 ms
2026-05-24 21:37:56,061 - picamera2.picamera2 - [picamera2.py:1391] - DEBUG - Execute job: <picamera2.job.Job object at 0x7f7b0b4150>
2026-05-24 21:37:56,065 - mazeUtils.device.camera - [camera.py:37] - DEBUG - Average HSV: H=8.6, S=67.6, V=159.9
2026-05-24 21:37:56,095 - mazeUtils.moveTile - [moveTile.py:80] - DEBUG - roll: 9.039999999999964 deg, practicalMoveTime: 0.6963753380190875 sec
2026-05-24 21:37:56,096 - mazeUtils.moveTile - [moveTile.py:1116] - DEBUG - moveTile loop time: 40.4 ms
2026-05-24 21:37:56,102 - picamera2.picamera2 - [picamera2.py:1391] - DEBUG - Execute job: <picamera2.job.Job object at 0x7fa8309910>
2026-05-24 21:37:56,107 - mazeUtils.device.camera - [camera.py:37] - DEBUG - Average HSV: H=9.3, S=94.3, V=136.5
2026-05-24 21:37:56,146 - mazeUtils.moveTile - [moveTile.py:80] - DEBUG - roll: 10.409999999999968 deg, practicalMoveTime: 0.7405769783043086 sec
2026-05-24 21:37:56,147 - mazeUtils.moveTile - [moveTile.py:1116] - DEBUG - moveTile loop time: 50.4 ms
2026-05-24 21:37:56,155 - picamera2.picamera2 - [picamera2.py:1391] - DEBUG - Execute job: <picamera2.job.Job object at 0x7f7b0b5010>
2026-05-24 21:37:56,160 - mazeUtils.device.camera - [camera.py:37] - DEBUG - Average HSV: H=10.3, S=131.7, V=107.0
2026-05-24 21:37:56,190 - mazeUtils.moveTile - [moveTile.py:80] - DEBUG - roll: 12.220000000000027 deg, practicalMoveTime: 0.7783199901794404 sec
2026-05-24 21:37:56,191 - mazeUtils.moveTile - [moveTile.py:1116] - DEBUG - moveTile loop time: 43.9 ms
2026-05-24 21:37:56,198 - picamera2.picamera2 - [picamera2.py:1391] - DEBUG - Execute job: <picamera2.job.Job object at 0x7f7b0b49d0>
2026-05-24 21:37:56,203 - mazeUtils.device.camera - [camera.py:37] - DEBUG - Average HSV: H=10.5, S=127.1, V=114.7
2026-05-24 21:37:56,235 - mazeUtils.moveTile - [moveTile.py:80] - DEBUG - roll: 14.029999999999973 deg, practicalMoveTime: 0.8164298767532763 sec
2026-05-24 21:37:56,236 - mazeUtils.moveTile - [moveTile.py:1116] - DEBUG - moveTile loop time: 43.5 ms
2026-05-24 21:37:56,244 - picamera2.picamera2 - [picamera2.py:1391] - DEBUG - Execute job: <picamera2.job.Job object at 0x7f99dbc450>
2026-05-24 21:37:56,249 - mazeUtils.device.camera - [camera.py:37] - DEBUG - Average HSV: H=10.7, S=111.0, V=129.7
2026-05-24 21:37:57,439 - mazeUtils.moveTile - [moveTile.py:961] - INFO - Detected big ramp, lastTofDist: 19.4 cm, roll: 42.51999999999998 deg
2026-05-24 21:37:57,517 - mazeUtils.moveTile - [moveTile.py:1009] - DEBUG - Tof:19.4, nowDist: 0.0 cm, nowHeight: 0.0 cm
2026-05-24 21:37:57,592 - mazeUtils.moveTile - [moveTile.py:1009] - DEBUG - Tof:19.0, nowDist: -0.3 cm, nowHeight: -0.3 cm
2026-05-24 21:37:57,682 - mazeUtils.moveTile - [moveTile.py:1009] - DEBUG - Tof:18.0, nowDist: -1.0 cm, nowHeight: -0.9 cm
2026-05-24 21:37:57,761 - mazeUtils.moveTile - [moveTile.py:1009] - DEBUG - Tof:18.6, nowDist: -0.6 cm, nowHeight: -0.5 cm
2026-05-24 21:37:57,842 - mazeUtils.moveTile - [moveTile.py:1009] - DEBUG - Tof:19.4, nowDist: 0.0 cm, nowHeight: -0.0 cm
2026-05-24 21:37:57,918 - mazeUtils.moveTile - [moveTile.py:1009] - DEBUG - Tof:19.8, nowDist: 0.3 cm, nowHeight: 0.2 cm
2026-05-24 21:37:57,991 - mazeUtils.moveTile - [moveTile.py:1009] - DEBUG - Tof:20.2, nowDist: 0.6 cm, nowHeight: 0.5 cm
2026-05-24 21:37:58,071 - mazeUtils.moveTile - [moveTile.py:1009] - DEBUG - Tof:20.0, nowDist: 0.5 cm, nowHeight: 0.4 cm
2026-05-24 21:37:58,145 - mazeUtils.moveTile - [moveTile.py:1009] - DEBUG - Tof:20.8, nowDist: 1.1 cm, nowHeight: 0.9 cm
2026-05-24 21:37:58,220 - mazeUtils.moveTile - [moveTile.py:1009] - DEBUG - Tof:20.8, nowDist: 1.1 cm, nowHeight: 0.9 cm
2026-05-24 21:37:58,297 - mazeUtils.moveTile - [moveTile.py:1009] - DEBUG - Tof:21.6, nowDist: 1.7 cm, nowHeight: 1.4 cm
2026-05-24 21:37:58,376 - mazeUtils.moveTile - [moveTile.py:1009] - DEBUG - Tof:21.8, nowDist: 1.9 cm, nowHeight: 1.5 cm
2026-05-24 21:37:58,455 - mazeUtils.moveTile - [moveTile.py:1009] - DEBUG - Tof:22.2, nowDist: 2.2 cm, nowHeight: 1.7 cm
2026-05-24 21:37:58,533 - mazeUtils.moveTile - [moveTile.py:1009] - DEBUG - Tof:22.6, nowDist: 2.5 cm, nowHeight: 2.0 cm
2026-05-24 21:37:58,609 - mazeUtils.moveTile - [moveTile.py:1009] - DEBUG - Tof:25.0, nowDist: 4.6 cm, nowHeight: 3.2 cm
2026-05-24 21:37:58,688 - mazeUtils.moveTile - [moveTile.py:1009] - DEBUG - Tof:28.0, nowDist: 7.2 cm, nowHeight: 4.7 cm
2026-05-24 21:37:58,767 - mazeUtils.moveTile - [moveTile.py:1009] - DEBUG - Tof:29.2, nowDist: 8.2 cm, nowHeight: 5.3 cm
2026-05-24 21:37:58,858 - mazeUtils.moveTile - [moveTile.py:1009] - DEBUG - Tof:29.8, nowDist: 8.8 cm, nowHeight: 5.6 cm
2026-05-24 21:37:58,936 - mazeUtils.moveTile - [moveTile.py:1009] - DEBUG - Tof:30.0, nowDist: 8.9 cm, nowHeight: 5.7 cm
2026-05-24 21:37:59,012 - mazeUtils.moveTile - [moveTile.py:1009] - DEBUG - Tof:29.6, nowDist: 8.6 cm, nowHeight: 5.5 cm
2026-05-24 21:37:59,087 - mazeUtils.moveTile - [moveTile.py:1009] - DEBUG - Tof:29.6, nowDist: 8.6 cm, nowHeight: 5.5 cm
2026-05-24 21:37:59,169 - mazeUtils.moveTile - [moveTile.py:1009] - DEBUG - Tof:29.0, nowDist: 8.1 cm, nowHeight: 5.2 cm
2026-05-24 21:37:59,243 - mazeUtils.moveTile - [moveTile.py:1009] - DEBUG - Tof:28.8, nowDist: 7.9 cm, nowHeight: 5.1 cm
2026-05-24 21:37:59,320 - mazeUtils.moveTile - [moveTile.py:1009] - DEBUG - Tof:28.6, nowDist: 7.7 cm, nowHeight: 5.0 cm
2026-05-24 21:37:59,396 - mazeUtils.moveTile - [moveTile.py:1009] - DEBUG - Tof:28.6, nowDist: 7.7 cm, nowHeight: 5.0 cm
2026-05-24 21:37:59,472 - mazeUtils.moveTile - [moveTile.py:1009] - DEBUG - Tof:28.2, nowDist: 7.4 cm, nowHeight: 4.7 cm
2026-05-24 21:37:59,555 - mazeUtils.moveTile - [moveTile.py:1009] - DEBUG - Tof:28.4, nowDist: 7.6 cm, nowHeight: 4.8 cm
2026-05-24 21:37:59,632 - mazeUtils.moveTile - [moveTile.py:1009] - DEBUG - Tof:28.6, nowDist: 7.7 cm, nowHeight: 5.0 cm
2026-05-24 21:37:59,709 - mazeUtils.moveTile - [moveTile.py:1009] - DEBUG - Tof:29.2, nowDist: 8.2 cm, nowHeight: 5.3 cm
2026-05-24 21:37:59,784 - mazeUtils.moveTile - [moveTile.py:1009] - DEBUG - Tof:28.8, nowDist: 7.9 cm, nowHeight: 5.1 cm
2026-05-24 21:37:59,862 - mazeUtils.moveTile - [moveTile.py:1009] - DEBUG - Tof:29.0, nowDist: 8.1 cm, nowHeight: 5.2 cm
2026-05-24 21:37:59,936 - mazeUtils.moveTile - [moveTile.py:1009] - DEBUG - Tof:28.6, nowDist: 7.7 cm, nowHeight: 5.0 cm
2026-05-24 21:38:00,015 - mazeUtils.moveTile - [moveTile.py:1009] - DEBUG - Tof:29.0, nowDist: 8.1 cm, nowHeight: 5.2 cm
2026-05-24 21:38:00,042 - __main__ - [main.py:144] - INFO - Program interrupted by user.
2026-05-24 21:38:01,116 - mazeUtils.device.stm - [stm.py:214] - DEBUG - ACK resynchronized: type=STS_MOTOR dropped=3B seq=205
2026-05-24 21:38:01,124 - picamera2.picamera2 - [picamera2.py:1391] - DEBUG - Execute job: <picamera2.job.Job object at 0x7faaebaa90>
2026-05-24 21:38:01,140 - picamera2.picamera2 - [picamera2.py:1323] - INFO - Camera stopped
2026-05-24 21:38:01,341 - picamera2.picamera2 - [picamera2.py:1329] - DEBUG - Camera was not started
2026-05-24 21:38:01,543 - picamera2.picamera2 - [picamera2.py:723] - INFO - Camera closed successfully.
2026-05-24 21:38:01,713 - picamera2.picamera2 - [picamera2.py:500] - DEBUG - Resources now free: <picamera2.picamera2.Picamera2 object at 0x7fb2008cd0>
