2026-06-24 22:45:36,666 - root - [logging_config.py:61] - INFO - Logging initialized. Log file: /home/tuton/Kanto2026RPi/src/config/../logs/robot_20260624_224535.log
2026-06-24 22:45:38,408 - mazeUtils.device.LiDAR - [LiDAR.py:36] - INFO - Available ports: <ydlidar.Str2strMap; proxy of <Swig Object of type 'std::map< std::string,std::string > *' at 0x7fa7f3e4f0> >
2026-06-24 22:45:42,446 - mazeUtils.moveTile - [moveTile.py:552] - DEBUG - Direction: absDirection.NORTH, Angle: 0, Distance: 66.06863514547963 cm
2026-06-24 22:45:42,446 - mazeUtils.moveTile - [moveTile.py:574] - DEBUG - Front LiDAR distance: 66.06863514547963 cm, TSD10 distance: 43.5 cm
2026-06-24 22:45:42,448 - mazeUtils.moveTile - [moveTile.py:552] - DEBUG - Direction: absDirection.EAST, Angle: 270, Distance: 17.400806900997658 cm
2026-06-24 22:45:42,449 - mazeUtils.moveTile - [moveTile.py:552] - DEBUG - Direction: absDirection.SOUTH, Angle: 180, Distance: 19.869455092628982 cm
2026-06-24 22:45:42,450 - mazeUtils.moveTile - [moveTile.py:552] - DEBUG - Direction: absDirection.WEST, Angle: 90, Distance: 16.479681542665215 cm
2026-06-24 22:45:42,452 - __main__ - [main.py:68] - INFO - Initial Map:
2026-06-24 22:45:42,467 - __main__ - [main.py:69] - INFO - Current position: (20, 20, 0), front direction: absDirection.NORTH
Layer 0 (altitude=0.0cm, offset=(0.0cm, 0.0cm)):
Known map area: x=20..20, y=20..20
+   +
| @ |
+---+
mazeAsGraph[0][20][20] = {absDirection.NORTH: (20, 19, 0, 30), absDirection.EAST: None, absDirection.SOUTH: None, absDirection.WEST: None}
2026-06-24 22:45:43,680 - mazeUtils.mazeMap - [mazeMap.py:61] - INFO - next goal: (20, 19, 0)
2026-06-24 22:45:43,681 - __main__ - [main.py:73] - INFO - Next Direction: [<absDirection.NORTH: 0>]
2026-06-24 22:45:43,682 - __main__ - [main.py:74] - INFO - Exploration started.
2026-06-24 22:45:43,690 - mazeUtils.moveTile - [moveTile.py:79] - DEBUG - Moving to absDirection.NORTH from (20, 20, 0) facing absDirection.NORTH
2026-06-24 22:45:43,719 - mazeUtils.moveTile - [moveTile.py:79] - DEBUG - current heading: 359.95 target: 0
2026-06-24 22:45:43,740 - mazeUtils.moveTile - [moveTile.py:426] - DEBUG - stopped turning at heading: 359.95, diff: 0.05000000000001137
2026-06-24 22:45:43,785 - mazeUtils.moveTile - [moveTile.py:79] - DEBUG - Turned to heading: 359.95 deg
2026-06-24 22:45:43,836 - mazeUtils.moveTile - [moveTile.py:79] - DEBUG - Little backward to adjust position
2026-06-24 22:45:44,096 - picamera2.picamera2 - [picamera2.py:1391] - DEBUG - Execute job: <picamera2.job.Job object at 0x7faf4a9810>
2026-06-24 22:45:44,103 - mazeUtils.device.camera - [camera.py:39] - DEBUG - Average HSV: H=126.2, S=26.3, V=236.4
2026-06-24 22:45:44,141 - mazeUtils.moveTile - [moveTile.py:79] - DEBUG - roll: 359.47999999999996 deg, practicalMoveTime: 0.0497063254472815 sec
2026-06-24 22:45:44,141 - mazeUtils.moveTile - [moveTile.py:1763] - DEBUG - moveTile loop time: 49.0 ms
2026-06-24 22:45:44,150 - picamera2.picamera2 - [picamera2.py:1391] - DEBUG - Execute job: <picamera2.job.Job object at 0x7fa5341710>
2026-06-24 22:45:44,157 - mazeUtils.device.camera - [camera.py:39] - DEBUG - Average HSV: H=127.5, S=25.2, V=236.4
2026-06-24 22:45:44,206 - mazeUtils.moveTile - [moveTile.py:79] - DEBUG - roll: 359.07 deg, practicalMoveTime: 0.11447888381486332 sec
2026-06-24 22:45:44,207 - mazeUtils.moveTile - [moveTile.py:1763] - DEBUG - moveTile loop time: 65.1 ms
2026-06-24 22:45:44,213 - picamera2.picamera2 - [picamera2.py:1391] - DEBUG - Execute job: <picamera2.job.Job object at 0x7f75202e10>
2026-06-24 22:45:44,217 - mazeUtils.device.camera - [camera.py:39] - DEBUG - Average HSV: H=127.0, S=24.4, V=239.6
2026-06-24 22:45:44,251 - mazeUtils.moveTile - [moveTile.py:79] - DEBUG - roll: 359.37 deg, practicalMoveTime: 0.15827995040599316 sec
2026-06-24 22:45:44,251 - mazeUtils.moveTile - [moveTile.py:1763] - DEBUG - moveTile loop time: 44.1 ms
2026-06-24 22:45:44,257 - picamera2.picamera2 - [picamera2.py:1391] - DEBUG - Execute job: <picamera2.job.Job object at 0x7fa5332a10>
2026-06-24 22:45:44,261 - mazeUtils.device.camera - [camera.py:39] - DEBUG - Average HSV: H=128.5, S=24.2, V=236.8
2026-06-24 22:45:44,301 - mazeUtils.moveTile - [moveTile.py:79] - DEBUG - roll: 359.40999999999997 deg, practicalMoveTime: 0.20750502263923232 sec
2026-06-24 22:45:44,301 - mazeUtils.moveTile - [moveTile.py:1763] - DEBUG - moveTile loop time: 49.5 ms
2026-06-24 22:45:44,307 - picamera2.picamera2 - [picamera2.py:1391] - DEBUG - Execute job: <picamera2.job.Job object at 0x7fa7f2b310>
2026-06-24 22:45:44,312 - mazeUtils.device.camera - [camera.py:39] - DEBUG - Average HSV: H=129.7, S=21.4, V=238.6
2026-06-24 22:45:44,350 - mazeUtils.moveTile - [moveTile.py:79] - DEBUG - roll: 359.02 deg, practicalMoveTime: 0.25602694889285654 sec
2026-06-24 22:45:44,350 - mazeUtils.moveTile - [moveTile.py:1763] - DEBUG - moveTile loop time: 48.8 ms
2026-06-24 22:45:44,355 - picamera2.picamera2 - [picamera2.py:1391] - DEBUG - Execute job: <picamera2.job.Job object at 0x7fbb689910>
2026-06-24 22:45:44,360 - mazeUtils.device.camera - [camera.py:39] - DEBUG - Average HSV: H=129.5, S=20.9, V=238.2
2026-06-24 22:45:44,396 - mazeUtils.moveTile - [moveTile.py:79] - DEBUG - roll: 359.21 deg, practicalMoveTime: 0.3010858974186587 sec
2026-06-24 22:45:44,396 - mazeUtils.moveTile - [moveTile.py:1763] - DEBUG - moveTile loop time: 45.3 ms
2026-06-24 22:45:44,408 - picamera2.picamera2 - [picamera2.py:1391] - DEBUG - Execute job: <picamera2.job.Job object at 0x7f96fc1f50>
2026-06-24 22:45:44,414 - mazeUtils.device.camera - [camera.py:39] - DEBUG - Average HSV: H=128.8, S=22.1, V=237.9
2026-06-24 22:45:44,454 - mazeUtils.moveTile - [moveTile.py:79] - DEBUG - roll: 359.39 deg, practicalMoveTime: 0.358509941533264 sec
2026-06-24 22:45:44,454 - mazeUtils.moveTile - [moveTile.py:1763] - DEBUG - moveTile loop time: 57.7 ms
2026-06-24 22:45:44,459 - picamera2.picamera2 - [picamera2.py:1391] - DEBUG - Execute job: <picamera2.job.Job object at 0x7f95f81110>
2026-06-24 22:45:44,465 - mazeUtils.device.camera - [camera.py:39] - DEBUG - Average HSV: H=128.0, S=21.0, V=239.6
2026-06-24 22:45:44,505 - mazeUtils.moveTile - [moveTile.py:79] - DEBUG - roll: 359.34999999999997 deg, practicalMoveTime: 0.4090334814552878 sec
2026-06-24 22:45:44,506 - mazeUtils.moveTile - [moveTile.py:1763] - DEBUG - moveTile loop time: 51.4 ms
2026-06-24 22:45:44,511 - picamera2.picamera2 - [picamera2.py:1391] - DEBUG - Execute job: <picamera2.job.Job object at 0x7f95fe3f50>
2026-06-24 22:45:44,516 - mazeUtils.device.camera - [camera.py:39] - DEBUG - Average HSV: H=130.0, S=20.5, V=238.7
2026-06-24 22:45:44,555 - mazeUtils.moveTile - [moveTile.py:79] - DEBUG - roll: 358.96 deg, practicalMoveTime: 0.457614100125239 sec
2026-06-24 22:45:44,556 - mazeUtils.moveTile - [moveTile.py:1763] - DEBUG - moveTile loop time: 49.3 ms
2026-06-24 22:45:44,560 - picamera2.picamera2 - [picamera2.py:1391] - DEBUG - Execute job: <picamera2.job.Job object at 0x7f75202e10>
2026-06-24 22:45:44,565 - mazeUtils.device.camera - [camera.py:39] - DEBUG - Average HSV: H=129.6, S=19.5, V=240.8
2026-06-24 22:45:44,601 - mazeUtils.moveTile - [moveTile.py:79] - DEBUG - roll: 358.45 deg, practicalMoveTime: 0.5031348454743174 sec
2026-06-24 22:45:44,602 - mazeUtils.moveTile - [moveTile.py:1763] - DEBUG - moveTile loop time: 45.6 ms
2026-06-24 22:45:44,607 - picamera2.picamera2 - [picamera2.py:1391] - DEBUG - Execute job: <picamera2.job.Job object at 0x7faf159710>
2026-06-24 22:45:44,612 - mazeUtils.device.camera - [camera.py:39] - DEBUG - Average HSV: H=128.9, S=20.4, V=240.9
2026-06-24 22:45:44,646 - mazeUtils.moveTile - [moveTile.py:79] - DEBUG - roll: 359.18 deg, practicalMoveTime: 0.5475372292208384 sec
2026-06-24 22:45:44,647 - mazeUtils.moveTile - [moveTile.py:1763] - DEBUG - moveTile loop time: 44.8 ms
2026-06-24 22:45:44,651 - picamera2.picamera2 - [picamera2.py:1391] - DEBUG - Execute job: <picamera2.job.Job object at 0x7faf159710>
2026-06-24 22:45:44,656 - mazeUtils.device.camera - [camera.py:39] - DEBUG - Average HSV: H=131.1, S=21.1, V=237.7
2026-06-24 22:45:44,692 - mazeUtils.moveTile - [moveTile.py:79] - DEBUG - roll: 358.94 deg, practicalMoveTime: 0.5924906234090397 sec
2026-06-24 22:45:44,693 - mazeUtils.moveTile - [moveTile.py:1763] - DEBUG - moveTile loop time: 45.8 ms
2026-06-24 22:45:44,704 - picamera2.picamera2 - [picamera2.py:1391] - DEBUG - Execute job: <picamera2.job.Job object at 0x7f940b8750>
2026-06-24 22:45:44,708 - mazeUtils.device.camera - [camera.py:39] - DEBUG - Average HSV: H=129.6, S=19.1, V=241.8
2026-06-24 22:45:44,742 - mazeUtils.moveTile - [moveTile.py:79] - DEBUG - roll: 358.97999999999996 deg, practicalMoveTime: 0.6406470692651636 sec
2026-06-24 22:45:44,742 - mazeUtils.moveTile - [moveTile.py:1763] - DEBUG - moveTile loop time: 48.4 ms
2026-06-24 22:45:44,749 - picamera2.picamera2 - [picamera2.py:1391] - DEBUG - Execute job: <picamera2.job.Job object at 0x7fbb689910>
2026-06-24 22:45:44,753 - mazeUtils.device.camera - [camera.py:39] - DEBUG - Average HSV: H=127.8, S=20.4, V=242.6
2026-06-24 22:45:44,787 - mazeUtils.moveTile - [moveTile.py:79] - DEBUG - roll: 358.28999999999996 deg, practicalMoveTime: 0.685642816401647 sec
2026-06-24 22:45:44,788 - mazeUtils.moveTile - [moveTile.py:1763] - DEBUG - moveTile loop time: 45.4 ms
2026-06-24 22:45:44,798 - picamera2.picamera2 - [picamera2.py:1391] - DEBUG - Execute job: <picamera2.job.Job object at 0x7f95fe3f50>
2026-06-24 22:45:44,803 - mazeUtils.device.camera - [camera.py:39] - DEBUG - Average HSV: H=127.2, S=21.2, V=242.0
2026-06-24 22:45:44,841 - mazeUtils.moveTile - [moveTile.py:79] - DEBUG - roll: 358.58 deg, practicalMoveTime: 0.7387263468051163 sec
2026-06-24 22:45:44,842 - mazeUtils.moveTile - [moveTile.py:1763] - DEBUG - moveTile loop time: 53.6 ms
2026-06-24 22:45:44,849 - picamera2.picamera2 - [picamera2.py:1391] - DEBUG - Execute job: <picamera2.job.Job object at 0x7fa5331850>
2026-06-24 22:45:44,854 - mazeUtils.device.camera - [camera.py:39] - DEBUG - Average HSV: H=127.2, S=21.8, V=241.3
2026-06-24 22:45:44,889 - mazeUtils.moveTile - [moveTile.py:79] - DEBUG - roll: 359.03 deg, practicalMoveTime: 0.7855352071916991 sec
2026-06-24 22:45:44,890 - mazeUtils.moveTile - [moveTile.py:1763] - DEBUG - moveTile loop time: 47.0 ms
2026-06-24 22:45:44,901 - picamera2.picamera2 - [picamera2.py:1391] - DEBUG - Execute job: <picamera2.job.Job object at 0x7f96fc1f50>
2026-06-24 22:45:44,906 - mazeUtils.device.camera - [camera.py:39] - DEBUG - Average HSV: H=127.1, S=22.7, V=242.4
2026-06-24 22:45:44,947 - mazeUtils.moveTile - [moveTile.py:79] - DEBUG - roll: 358.93 deg, practicalMoveTime: 0.8429790422982524 sec
2026-06-24 22:45:44,948 - mazeUtils.moveTile - [moveTile.py:1763] - DEBUG - moveTile loop time: 57.7 ms
2026-06-24 22:45:44,952 - picamera2.picamera2 - [picamera2.py:1391] - DEBUG - Execute job: <picamera2.job.Job object at 0x7f95fe3f50>
2026-06-24 22:45:44,958 - mazeUtils.device.camera - [camera.py:39] - DEBUG - Average HSV: H=122.4, S=42.1, V=235.2
2026-06-24 22:45:44,993 - mazeUtils.moveTile - [moveTile.py:1636] - INFO - practicalVerticalMove: -0.5378712417968501 CM
2026-06-24 22:45:45,045 - mazeUtils.moveTile - [moveTile.py:1959] - INFO - Set moved vertical distance: -0.5378712417968501 cm, past distances: [(0, False), (0, False), (0, False)]
2026-06-24 22:45:45,085 - mazeUtils.moveTile - [moveTile.py:552] - DEBUG - Direction: absDirection.NORTH, Angle: 0, Distance: 34.90785161227791 cm
2026-06-24 22:45:45,086 - mazeUtils.moveTile - [moveTile.py:574] - DEBUG - Front LiDAR distance: 34.90785161227791 cm, TSD10 distance: 13.0 cm
2026-06-24 22:45:45,088 - mazeUtils.moveTile - [moveTile.py:552] - DEBUG - Direction: absDirection.EAST, Angle: 270, Distance: 17.998982679319663 cm
2026-06-24 22:45:45,090 - mazeUtils.moveTile - [moveTile.py:552] - DEBUG - Direction: absDirection.SOUTH, Angle: 180, Distance: 52.238759762971824 cm
2026-06-24 22:45:45,092 - mazeUtils.moveTile - [moveTile.py:552] - DEBUG - Direction: absDirection.WEST, Angle: 90, Distance: 137.52676923130136 cm
2026-06-24 22:45:45,095 - mazeUtils.moveTile - [moveTile.py:2119] - INFO - Tile color detection, decided tile type: E
2026-06-24 22:45:45,162 - __main__ - [main.py:105] - INFO - Current position: (20, 19, 0), front direction: absDirection.NORTH
Layer 0 (altitude=0.0cm, offset=(0.0cm, 0.0cm)):
Known map area: x=20..20, y=19..20
+   +
  @ |
+   +
| S |
+---+
mazeAsGraph[0][19][20] = {absDirection.NORTH: (20, 18, 0, 30), absDirection.EAST: None, absDirection.SOUTH: (20, 20, 0, 30), absDirection.WEST: (19, 19, 0, 30)}
mazeAsGraph[0][20][20] = {absDirection.NORTH: (20, 19, 0, 30), absDirection.EAST: None, absDirection.SOUTH: None, absDirection.WEST: None}
2026-06-24 22:45:45,170 - mazeUtils.mazeMap - [mazeMap.py:61] - INFO - next goal: (20, 18, 0)
2026-06-24 22:45:45,181 - mazeUtils.moveTile - [moveTile.py:79] - DEBUG - Moving to absDirection.NORTH from (20, 19, 0) facing absDirection.NORTH
2026-06-24 22:45:45,209 - mazeUtils.moveTile - [moveTile.py:79] - DEBUG - current heading: 358.58 target: 0
2026-06-24 22:45:45,235 - mazeUtils.moveTile - [moveTile.py:426] - DEBUG - stopped turning at heading: 358.58, diff: 1.420000000000016
2026-06-24 22:45:45,284 - mazeUtils.moveTile - [moveTile.py:79] - DEBUG - Turned to heading: 358.56 deg
2026-06-24 22:45:45,392 - picamera2.picamera2 - [picamera2.py:1391] - DEBUG - Execute job: <picamera2.job.Job object at 0x7f95f29990>
2026-06-24 22:45:45,396 - mazeUtils.device.camera - [camera.py:39] - DEBUG - Average HSV: H=113.0, S=44.4, V=252.5
2026-06-24 22:45:45,429 - mazeUtils.moveTile - [moveTile.py:79] - DEBUG - roll: 358.34999999999997 deg, practicalMoveTime: 0.04918302555176223 sec
2026-06-24 22:45:45,430 - mazeUtils.moveTile - [moveTile.py:1763] - DEBUG - moveTile loop time: 48.5 ms
2026-06-24 22:45:45,434 - picamera2.picamera2 - [picamera2.py:1391] - DEBUG - Execute job: <picamera2.job.Job object at 0x7f95f29990>
2026-06-24 22:45:45,437 - mazeUtils.device.camera - [camera.py:39] - DEBUG - Average HSV: H=113.2, S=36.5, V=255.0
2026-06-24 22:45:45,469 - mazeUtils.moveTile - [moveTile.py:79] - DEBUG - roll: 358.78999999999996 deg, practicalMoveTime: 0.08875890366682102 sec
2026-06-24 22:45:45,470 - mazeUtils.moveTile - [moveTile.py:1763] - DEBUG - moveTile loop time: 39.8 ms
2026-06-24 22:45:45,481 - picamera2.picamera2 - [picamera2.py:1391] - DEBUG - Execute job: <picamera2.job.Job object at 0x7f96faf9d0>
2026-06-24 22:45:45,485 - mazeUtils.device.camera - [camera.py:39] - DEBUG - Average HSV: H=125.8, S=26.4, V=237.6
2026-06-24 22:45:45,522 - mazeUtils.moveTile - [moveTile.py:79] - DEBUG - roll: 357.57 deg, practicalMoveTime: 0.14124772964156143 sec
2026-06-24 22:45:45,523 - mazeUtils.moveTile - [moveTile.py:1763] - DEBUG - moveTile loop time: 52.8 ms
2026-06-24 22:45:45,531 - picamera2.picamera2 - [picamera2.py:1391] - DEBUG - Execute job: <picamera2.job.Job object at 0x7f777bdcd0>
2026-06-24 22:45:45,534 - mazeUtils.device.camera - [camera.py:39] - DEBUG - Average HSV: H=118.3, S=69.9, V=203.8
2026-06-24 22:45:45,568 - mazeUtils.moveTile - [moveTile.py:79] - DEBUG - roll: 357.94 deg, practicalMoveTime: 0.18602876237252863 sec
2026-06-24 22:45:45,568 - mazeUtils.moveTile - [moveTile.py:1763] - DEBUG - moveTile loop time: 45.1 ms
2026-06-24 22:45:45,573 - picamera2.picamera2 - [picamera2.py:1391] - DEBUG - Execute job: <picamera2.job.Job object at 0x7fbb900610>
2026-06-24 22:45:45,576 - mazeUtils.device.camera - [camera.py:39] - DEBUG - Average HSV: H=117.5, S=109.2, V=126.8
2026-06-24 22:45:45,615 - mazeUtils.moveTile - [moveTile.py:79] - DEBUG - roll: 358.96999999999997 deg, practicalMoveTime: 0.23277175199745692 sec
2026-06-24 22:45:45,615 - mazeUtils.moveTile - [moveTile.py:1763] - DEBUG - moveTile loop time: 47.0 ms
2026-06-24 22:45:45,628 - picamera2.picamera2 - [picamera2.py:1391] - DEBUG - Execute job: <picamera2.job.Job object at 0x7fbb639290>
2026-06-24 22:45:45,632 - mazeUtils.device.camera - [camera.py:39] - DEBUG - Average HSV: H=117.6, S=30.2, V=233.2
2026-06-24 22:45:45,672 - mazeUtils.moveTile - [moveTile.py:79] - DEBUG - roll: 2.089999999999975 deg, practicalMoveTime: 0.2888465295360886 sec
2026-06-24 22:45:45,672 - mazeUtils.moveTile - [moveTile.py:1763] - DEBUG - moveTile loop time: 56.4 ms
2026-06-24 22:45:45,684 - picamera2.picamera2 - [picamera2.py:1391] - DEBUG - Execute job: <picamera2.job.Job object at 0x7fa53134d0>
2026-06-24 22:45:45,687 - mazeUtils.device.camera - [camera.py:39] - DEBUG - Average HSV: H=120.8, S=70.5, V=207.8
2026-06-24 22:45:45,725 - mazeUtils.moveTile - [moveTile.py:79] - DEBUG - roll: 6.839999999999975 deg, practicalMoveTime: 0.34184630041743974 sec
2026-06-24 22:45:45,726 - mazeUtils.moveTile - [moveTile.py:1763] - DEBUG - moveTile loop time: 53.5 ms
2026-06-24 22:45:45,732 - picamera2.picamera2 - [picamera2.py:1391] - DEBUG - Execute job: <picamera2.job.Job object at 0x7f96faf550>
2026-06-24 22:45:45,735 - mazeUtils.device.camera - [camera.py:39] - DEBUG - Average HSV: H=115.6, S=124.5, V=172.1
2026-06-24 22:45:45,768 - mazeUtils.moveTile - [moveTile.py:79] - DEBUG - roll: 7.46999999999997 deg, practicalMoveTime: 0.3751420116252025 sec
2026-06-24 22:45:45,768 - mazeUtils.moveTile - [moveTile.py:1763] - DEBUG - moveTile loop time: 42.2 ms
2026-06-24 22:45:45,779 - picamera2.picamera2 - [picamera2.py:1391] - DEBUG - Execute job: <picamera2.job.Job object at 0x7f96faf9d0>
2026-06-24 22:45:45,782 - mazeUtils.device.camera - [camera.py:39] - DEBUG - Average HSV: H=120.8, S=59.9, V=226.6
2026-06-24 22:45:45,813 - mazeUtils.moveTile - [moveTile.py:79] - DEBUG - roll: 12.920000000000016 deg, practicalMoveTime: 0.4101408756056781 sec
2026-06-24 22:45:45,813 - mazeUtils.moveTile - [moveTile.py:1763] - DEBUG - moveTile loop time: 45.0 ms
2026-06-24 22:45:45,818 - picamera2.picamera2 - [picamera2.py:1391] - DEBUG - Execute job: <picamera2.job.Job object at 0x7f96faf550>
2026-06-24 22:45:45,822 - mazeUtils.device.camera - [camera.py:39] - DEBUG - Average HSV: H=114.3, S=97.4, V=218.5
2026-06-24 22:45:45,876 - mazeUtils.moveTile - [moveTile.py:79] - DEBUG - roll: 15.21999999999997 deg, practicalMoveTime: 0.45840485853350016 sec
2026-06-24 22:45:45,876 - mazeUtils.moveTile - [moveTile.py:1763] - DEBUG - moveTile loop time: 62.3 ms
2026-06-24 22:45:45,888 - picamera2.picamera2 - [picamera2.py:1391] - DEBUG - Execute job: <picamera2.job.Job object at 0x7faf6195d0>
2026-06-24 22:45:45,891 - mazeUtils.device.camera - [camera.py:39] - DEBUG - Average HSV: H=110.8, S=99.8, V=237.1
2026-06-24 22:45:45,932 - mazeUtils.moveTile - [moveTile.py:79] - DEBUG - roll: 19.45999999999998 deg, practicalMoveTime: 0.501153359580197 sec
2026-06-24 22:45:45,933 - mazeUtils.moveTile - [moveTile.py:1763] - DEBUG - moveTile loop time: 56.4 ms
2026-06-24 22:45:45,938 - picamera2.picamera2 - [picamera2.py:1391] - DEBUG - Execute job: <picamera2.job.Job object at 0x7fbb900610>
2026-06-24 22:45:45,941 - mazeUtils.device.camera - [camera.py:39] - DEBUG - Average HSV: H=113.3, S=68.3, V=245.8
2026-06-24 22:45:45,979 - mazeUtils.moveTile - [moveTile.py:79] - DEBUG - roll: 23.579999999999984 deg, practicalMoveTime: 0.5351983134539712 sec
2026-06-24 22:45:45,979 - mazeUtils.moveTile - [moveTile.py:1763] - DEBUG - moveTile loop time: 46.7 ms
2026-06-24 22:45:45,992 - picamera2.picamera2 - [picamera2.py:1391] - DEBUG - Execute job: <picamera2.job.Job object at 0x7f75202e10>
2026-06-24 22:45:45,996 - mazeUtils.device.camera - [camera.py:39] - DEBUG - Average HSV: H=110.1, S=114.7, V=239.9
2026-06-24 22:45:46,036 - mazeUtils.moveTile - [moveTile.py:79] - DEBUG - roll: 28.560000000000002 deg, practicalMoveTime: 0.5757294990163063 sec
2026-06-24 22:45:46,036 - mazeUtils.moveTile - [moveTile.py:1763] - DEBUG - moveTile loop time: 56.4 ms
2026-06-24 22:45:46,040 - picamera2.picamera2 - [picamera2.py:1391] - DEBUG - Execute job: <picamera2.job.Job object at 0x7fa53134d0>
2026-06-24 22:45:46,043 - mazeUtils.device.camera - [camera.py:39] - DEBUG - Average HSV: H=111.2, S=92.4, V=247.7
2026-06-24 22:45:46,080 - mazeUtils.moveTile - [moveTile.py:79] - DEBUG - roll: 30.00999999999999 deg, practicalMoveTime: 0.606376277031265 sec
2026-06-24 22:45:46,080 - mazeUtils.moveTile - [moveTile.py:1763] - DEBUG - moveTile loop time: 43.9 ms
2026-06-24 22:45:46,086 - picamera2.picamera2 - [picamera2.py:1391] - DEBUG - Execute job: <picamera2.job.Job object at 0x7f96faf9d0>
2026-06-24 22:45:46,089 - mazeUtils.device.camera - [camera.py:39] - DEBUG - Average HSV: H=111.8, S=103.9, V=233.7
2026-06-24 22:45:46,122 - mazeUtils.moveTile - [moveTile.py:79] - DEBUG - roll: 32.00999999999999 deg, practicalMoveTime: 0.634738332057747 sec
2026-06-24 22:45:46,123 - mazeUtils.moveTile - [moveTile.py:1763] - DEBUG - moveTile loop time: 42.4 ms
2026-06-24 22:45:46,128 - picamera2.picamera2 - [picamera2.py:1391] - DEBUG - Execute job: <picamera2.job.Job object at 0x7fbb639210>
2026-06-24 22:45:46,131 - mazeUtils.device.camera - [camera.py:39] - DEBUG - Average HSV: H=124.0, S=77.9, V=165.0
2026-06-24 22:45:46,163 - mazeUtils.moveTile - [moveTile.py:79] - DEBUG - roll: 32.43000000000001 deg, practicalMoveTime: 0.6619812241761195 sec
2026-06-24 22:45:46,164 - mazeUtils.moveTile - [moveTile.py:1763] - DEBUG - moveTile loop time: 40.6 ms
2026-06-24 22:45:46,175 - picamera2.picamera2 - [picamera2.py:1391] - DEBUG - Execute job: <picamera2.job.Job object at 0x7faf6195d0>
2026-06-24 22:45:46,178 - mazeUtils.device.camera - [camera.py:39] - DEBUG - Average HSV: H=137.4, S=55.6, V=92.7
2026-06-24 22:45:46,211 - mazeUtils.moveTile - [moveTile.py:79] - DEBUG - roll: 33.339999999999975 deg, practicalMoveTime: 0.6936221402851442 sec
2026-06-24 22:45:46,211 - mazeUtils.moveTile - [moveTile.py:1763] - DEBUG - moveTile loop time: 47.3 ms
2026-06-24 22:45:46,216 - picamera2.picamera2 - [picamera2.py:1391] - DEBUG - Execute job: <picamera2.job.Job object at 0x7f777bdd10>
2026-06-24 22:45:46,219 - mazeUtils.device.camera - [camera.py:39] - DEBUG - Average HSV: H=139.7, S=53.2, V=84.7
2026-06-24 22:45:46,251 - mazeUtils.moveTile - [moveTile.py:79] - DEBUG - roll: 32.00999999999999 deg, practicalMoveTime: 0.7202312356402255 sec
2026-06-24 22:45:46,251 - mazeUtils.moveTile - [moveTile.py:1763] - DEBUG - moveTile loop time: 39.8 ms
2026-06-24 22:45:46,259 - picamera2.picamera2 - [picamera2.py:1391] - DEBUG - Execute job: <picamera2.job.Job object at 0x7f777bdcd0>
2026-06-24 22:45:46,263 - mazeUtils.device.camera - [camera.py:39] - DEBUG - Average HSV: H=139.0, S=53.5, V=86.5
2026-06-24 22:45:46,312 - mazeUtils.moveTile - [moveTile.py:79] - DEBUG - roll: 31.849999999999966 deg, practicalMoveTime: 0.7613412750032584 sec
2026-06-24 22:45:46,312 - mazeUtils.moveTile - [moveTile.py:1763] - DEBUG - moveTile loop time: 60.9 ms
2026-06-24 22:45:46,318 - picamera2.picamera2 - [picamera2.py:1391] - DEBUG - Execute job: <picamera2.job.Job object at 0x7f777bdcd0>
2026-06-24 22:45:46,321 - mazeUtils.device.camera - [camera.py:39] - DEBUG - Average HSV: H=138.7, S=52.9, V=90.5
2026-06-24 22:45:46,366 - mazeUtils.moveTile - [moveTile.py:79] - DEBUG - roll: 30.909999999999968 deg, practicalMoveTime: 0.7979291273479963 sec
2026-06-24 22:45:46,366 - mazeUtils.moveTile - [moveTile.py:1763] - DEBUG - moveTile loop time: 53.2 ms
2026-06-24 22:45:46,378 - picamera2.picamera2 - [picamera2.py:1391] - DEBUG - Execute job: <picamera2.job.Job object at 0x7fa53134d0>
2026-06-24 22:45:46,382 - mazeUtils.device.camera - [camera.py:39] - DEBUG - Average HSV: H=138.9, S=52.4, V=91.0
2026-06-24 22:45:46,429 - mazeUtils.moveTile - [moveTile.py:79] - DEBUG - roll: 32.629999999999995 deg, practicalMoveTime: 0.840601932784778 sec
2026-06-24 22:45:46,430 - mazeUtils.moveTile - [moveTile.py:1763] - DEBUG - moveTile loop time: 63.6 ms
2026-06-24 22:45:46,436 - picamera2.picamera2 - [picamera2.py:1391] - DEBUG - Execute job: <picamera2.job.Job object at 0x7fbb639210>
2026-06-24 22:45:46,439 - mazeUtils.device.camera - [camera.py:39] - DEBUG - Average HSV: H=138.8, S=52.3, V=90.8
2026-06-24 22:45:46,479 - picamera2.picamera2 - [picamera2.py:1391] - DEBUG - Execute job: <picamera2.job.Job object at 0x7fbb900610>
2026-06-24 22:45:46,482 - mazeUtils.device.camera - [camera.py:39] - DEBUG - Average HSV: H=138.3, S=53.0, V=90.5
2026-06-24 22:45:46,519 - mazeUtils.moveTile - [moveTile.py:79] - DEBUG - roll: 33.129999999999995 deg, practicalMoveTime: 0.9003897695884447 sec
2026-06-24 22:45:46,519 - mazeUtils.moveTile - [moveTile.py:1763] - DEBUG - moveTile loop time: 43.5 ms
2026-06-24 22:45:46,524 - picamera2.picamera2 - [picamera2.py:1391] - DEBUG - Execute job: <picamera2.job.Job object at 0x7f777bdcd0>
2026-06-24 22:45:46,527 - mazeUtils.device.camera - [camera.py:39] - DEBUG - Average HSV: H=138.0, S=54.0, V=90.9
2026-06-24 22:45:46,565 - mazeUtils.moveTile - [moveTile.py:79] - DEBUG - roll: 31.159999999999968 deg, practicalMoveTime: 0.9315652417785246 sec
2026-06-24 22:45:46,565 - mazeUtils.moveTile - [moveTile.py:1763] - DEBUG - moveTile loop time: 46.2 ms
2026-06-24 22:45:46,578 - picamera2.picamera2 - [picamera2.py:1391] - DEBUG - Execute job: <picamera2.job.Job object at 0x7f95f29990>
2026-06-24 22:45:46,581 - mazeUtils.device.camera - [camera.py:39] - DEBUG - Average HSV: H=136.7, S=55.7, V=92.4
2026-06-24 22:45:46,623 - mazeUtils.moveTile - [moveTile.py:79] - DEBUG - roll: 29.50999999999999 deg, practicalMoveTime: 0.9716685117792442 sec
2026-06-24 22:45:46,624 - mazeUtils.moveTile - [moveTile.py:1763] - DEBUG - moveTile loop time: 58.2 ms
2026-06-24 22:45:46,629 - picamera2.picamera2 - [picamera2.py:1391] - DEBUG - Execute job: <picamera2.job.Job object at 0x7f96faf9d0>
2026-06-24 22:45:46,632 - mazeUtils.device.camera - [camera.py:39] - DEBUG - Average HSV: H=136.0, S=56.4, V=93.4
2026-06-24 22:45:46,667 - mazeUtils.moveTile - [moveTile.py:79] - DEBUG - roll: 24.44999999999999 deg, practicalMoveTime: 1.0018489939414454 sec
2026-06-24 22:45:46,667 - mazeUtils.moveTile - [moveTile.py:1763] - DEBUG - moveTile loop time: 43.4 ms
2026-06-24 22:45:46,675 - picamera2.picamera2 - [picamera2.py:1391] - DEBUG - Execute job: <picamera2.job.Job object at 0x7fbb639210>
2026-06-24 22:45:46,678 - mazeUtils.device.camera - [camera.py:39] - DEBUG - Average HSV: H=135.2, S=58.4, V=95.0
2026-06-24 22:45:46,715 - mazeUtils.moveTile - [moveTile.py:79] - DEBUG - roll: 20.589999999999975 deg, practicalMoveTime: 1.0366098202934995 sec
2026-06-24 22:45:46,715 - mazeUtils.moveTile - [moveTile.py:1763] - DEBUG - moveTile loop time: 47.7 ms
2026-06-24 22:45:46,721 - picamera2.picamera2 - [picamera2.py:1391] - DEBUG - Execute job: <picamera2.job.Job object at 0x7f777bdd10>
2026-06-24 22:45:46,723 - mazeUtils.device.camera - [camera.py:39] - DEBUG - Average HSV: H=135.2, S=59.2, V=96.2
2026-06-24 22:45:46,757 - mazeUtils.moveTile - [moveTile.py:79] - DEBUG - roll: 20.029999999999973 deg, practicalMoveTime: 1.0676968597447885 sec
2026-06-24 22:45:46,757 - mazeUtils.moveTile - [moveTile.py:1763] - DEBUG - moveTile loop time: 41.5 ms
2026-06-24 22:45:46,768 - picamera2.picamera2 - [picamera2.py:1391] - DEBUG - Execute job: <picamera2.job.Job object at 0x7f75202e10>
2026-06-24 22:45:46,771 - mazeUtils.device.camera - [camera.py:39] - DEBUG - Average HSV: H=134.1, S=61.2, V=98.3
2026-06-24 22:45:46,815 - mazeUtils.moveTile - [moveTile.py:79] - DEBUG - roll: 19.649999999999977 deg, practicalMoveTime: 1.1109334732924205 sec
2026-06-24 22:45:46,815 - mazeUtils.moveTile - [moveTile.py:1763] - DEBUG - moveTile loop time: 58.1 ms
2026-06-24 22:45:46,820 - picamera2.picamera2 - [picamera2.py:1391] - DEBUG - Execute job: <picamera2.job.Job object at 0x7f96faf550>
2026-06-24 22:45:46,824 - mazeUtils.device.camera - [camera.py:39] - DEBUG - Average HSV: H=135.9, S=62.3, V=96.9
2026-06-24 22:45:46,856 - mazeUtils.moveTile - [moveTile.py:79] - DEBUG - roll: 17.389999999999986 deg, practicalMoveTime: 1.141749968170067 sec
2026-06-24 22:45:46,856 - mazeUtils.moveTile - [moveTile.py:1763] - DEBUG - moveTile loop time: 40.6 ms
2026-06-24 22:45:46,861 - picamera2.picamera2 - [picamera2.py:1391] - DEBUG - Execute job: <picamera2.job.Job object at 0x7fbb900610>
2026-06-24 22:45:46,864 - mazeUtils.device.camera - [camera.py:39] - DEBUG - Average HSV: H=134.9, S=63.2, V=96.7
2026-06-24 22:45:46,900 - mazeUtils.moveTile - [moveTile.py:79] - DEBUG - roll: 15.639999999999986 deg, practicalMoveTime: 1.1755274568250285 sec
2026-06-24 22:45:46,901 - mazeUtils.moveTile - [moveTile.py:1763] - DEBUG - moveTile loop time: 43.9 ms
2026-06-24 22:45:46,906 - picamera2.picamera2 - [picamera2.py:1391] - DEBUG - Execute job: <picamera2.job.Job object at 0x7f96faf550>
2026-06-24 22:45:46,909 - mazeUtils.device.camera - [camera.py:39] - DEBUG - Average HSV: H=140.0, S=62.9, V=97.0
2026-06-24 22:45:46,947 - mazeUtils.moveTile - [moveTile.py:79] - DEBUG - roll: 12.310000000000002 deg, practicalMoveTime: 1.211267206034295 sec
2026-06-24 22:45:46,947 - mazeUtils.moveTile - [moveTile.py:1763] - DEBUG - moveTile loop time: 46.2 ms
2026-06-24 22:45:46,960 - picamera2.picamera2 - [picamera2.py:1391] - DEBUG - Execute job: <picamera2.job.Job object at 0x7f75202e10>
2026-06-24 22:45:46,963 - mazeUtils.device.camera - [camera.py:39] - DEBUG - Average HSV: H=160.7, S=49.9, V=105.0
2026-06-24 22:45:47,003 - mazeUtils.moveTile - [moveTile.py:79] - DEBUG - roll: 6.449999999999989 deg, practicalMoveTime: 1.2554187587318104 sec
2026-06-24 22:45:47,004 - mazeUtils.moveTile - [moveTile.py:1763] - DEBUG - moveTile loop time: 56.3 ms
2026-06-24 22:45:47,014 - picamera2.picamera2 - [picamera2.py:1391] - DEBUG - Execute job: <picamera2.job.Job object at 0x7faf6195d0>
2026-06-24 22:45:47,017 - mazeUtils.device.camera - [camera.py:39] - DEBUG - Average HSV: H=149.2, S=42.9, V=128.9
2026-06-24 22:45:47,048 - mazeUtils.moveTile - [moveTile.py:79] - DEBUG - roll: 1.9699999999999704 deg, practicalMoveTime: 1.2991292984482012 sec
2026-06-24 22:45:47,048 - mazeUtils.moveTile - [moveTile.py:1763] - DEBUG - moveTile loop time: 44.0 ms
2026-06-24 22:45:47,052 - picamera2.picamera2 - [picamera2.py:1391] - DEBUG - Execute job: <picamera2.job.Job object at 0x7f75202e10>
2026-06-24 22:45:47,056 - mazeUtils.device.camera - [camera.py:39] - DEBUG - Average HSV: H=144.3, S=45.1, V=137.0
2026-06-24 22:45:47,088 - mazeUtils.moveTile - [moveTile.py:79] - DEBUG - roll: 0.45999999999997954 deg, practicalMoveTime: 1.339109955815165 sec
2026-06-24 22:45:47,088 - mazeUtils.moveTile - [moveTile.py:1763] - DEBUG - moveTile loop time: 40.2 ms
2026-06-24 22:45:47,101 - picamera2.picamera2 - [picamera2.py:1391] - DEBUG - Execute job: <picamera2.job.Job object at 0x7f96faf9d0>
2026-06-24 22:45:47,104 - mazeUtils.device.camera - [camera.py:39] - DEBUG - Average HSV: H=136.0, S=47.3, V=165.2
2026-06-24 22:45:47,142 - mazeUtils.moveTile - [moveTile.py:79] - DEBUG - roll: 354.64 deg, practicalMoveTime: 1.3927957850773116 sec
2026-06-24 22:45:47,143 - mazeUtils.moveTile - [moveTile.py:1763] - DEBUG - moveTile loop time: 54.0 ms
2026-06-24 22:45:47,148 - picamera2.picamera2 - [picamera2.py:1391] - DEBUG - Execute job: <picamera2.job.Job object at 0x7fa53134d0>
2026-06-24 22:45:47,151 - mazeUtils.device.camera - [camera.py:39] - DEBUG - Average HSV: H=132.1, S=49.9, V=177.8
2026-06-24 22:45:47,184 - mazeUtils.moveTile - [moveTile.py:79] - DEBUG - roll: 352.07 deg, practicalMoveTime: 1.4331651527894482 sec
2026-06-24 22:45:47,184 - mazeUtils.moveTile - [moveTile.py:1763] - DEBUG - moveTile loop time: 40.9 ms
2026-06-24 22:45:47,191 - picamera2.picamera2 - [picamera2.py:1391] - DEBUG - Execute job: <picamera2.job.Job object at 0x7f777bdc90>
2026-06-24 22:45:47,194 - mazeUtils.device.camera - [camera.py:39] - DEBUG - Average HSV: H=128.4, S=53.2, V=190.0
2026-06-24 22:45:47,229 - mazeUtils.moveTile - [moveTile.py:79] - DEBUG - roll: 346.0 deg, practicalMoveTime: 1.4810895532343107 sec
2026-06-24 22:45:47,229 - mazeUtils.moveTile - [moveTile.py:1763] - DEBUG - moveTile loop time: 44.8 ms
2026-06-24 22:45:47,234 - picamera2.picamera2 - [picamera2.py:1391] - DEBUG - Execute job: <picamera2.job.Job object at 0x7f777bdcd0>
2026-06-24 22:45:47,238 - mazeUtils.device.camera - [camera.py:39] - DEBUG - Average HSV: H=124.5, S=48.7, V=214.5
2026-06-24 22:45:47,275 - mazeUtils.moveTile - [moveTile.py:79] - DEBUG - roll: 338.06 deg, practicalMoveTime: 1.5281346285900161 sec
2026-06-24 22:45:47,275 - mazeUtils.moveTile - [moveTile.py:1763] - DEBUG - moveTile loop time: 45.8 ms
2026-06-24 22:45:47,285 - picamera2.picamera2 - [picamera2.py:1391] - DEBUG - Execute job: <picamera2.job.Job object at 0x7fbb639210>
2026-06-24 22:45:47,288 - mazeUtils.device.camera - [camera.py:39] - DEBUG - Average HSV: H=110.5, S=123.7, V=238.9
2026-06-24 22:45:47,333 - mazeUtils.moveTile - [moveTile.py:79] - DEBUG - roll: 331.15 deg, practicalMoveTime: 1.585224225639124 sec
2026-06-24 22:45:47,334 - mazeUtils.moveTile - [moveTile.py:1763] - DEBUG - moveTile loop time: 58.8 ms
2026-06-24 22:45:47,338 - picamera2.picamera2 - [picamera2.py:1391] - DEBUG - Execute job: <picamera2.job.Job object at 0x7fbb639290>
2026-06-24 22:45:47,342 - mazeUtils.device.camera - [camera.py:39] - DEBUG - Average HSV: H=110.0, S=120.9, V=240.7
2026-06-24 22:45:47,374 - mazeUtils.moveTile - [moveTile.py:79] - DEBUG - roll: 330.21999999999997 deg, practicalMoveTime: 1.6236753348577526 sec
2026-06-24 22:45:47,375 - mazeUtils.moveTile - [moveTile.py:1763] - DEBUG - moveTile loop time: 40.4 ms
2026-06-24 22:45:47,387 - picamera2.picamera2 - [picamera2.py:1391] - DEBUG - Execute job: <picamera2.job.Job object at 0x7f96faf9d0>
2026-06-24 22:45:47,391 - mazeUtils.device.camera - [camera.py:39] - DEBUG - Average HSV: H=108.2, S=161.1, V=240.4
2026-06-24 22:45:47,437 - picamera2.picamera2 - [picamera2.py:1391] - DEBUG - Execute job: <picamera2.job.Job object at 0x7fa53134d0>
2026-06-24 22:45:47,440 - mazeUtils.device.camera - [camera.py:39] - DEBUG - Average HSV: H=105.9, S=233.1, V=241.6
2026-06-24 22:45:47,484 - mazeUtils.moveTile - [moveTile.py:79] - DEBUG - roll: 318.03999999999996 deg, practicalMoveTime: 1.713562896311262 sec
2026-06-24 22:45:47,484 - mazeUtils.moveTile - [moveTile.py:1763] - DEBUG - moveTile loop time: 52.6 ms
2026-06-24 22:45:47,489 - picamera2.picamera2 - [picamera2.py:1391] - DEBUG - Execute job: <picamera2.job.Job object at 0x7f96faf550>
2026-06-24 22:45:47,493 - mazeUtils.device.camera - [camera.py:39] - DEBUG - Average HSV: H=108.1, S=197.6, V=222.6
2026-06-24 22:45:47,533 - mazeUtils.moveTile - [moveTile.py:79] - DEBUG - roll: 319.71 deg, practicalMoveTime: 1.7537686705070672 sec
2026-06-24 22:45:47,533 - mazeUtils.moveTile - [moveTile.py:1763] - DEBUG - moveTile loop time: 49.3 ms
2026-06-24 22:45:47,537 - picamera2.picamera2 - [picamera2.py:1391] - DEBUG - Execute job: <picamera2.job.Job object at 0x7fbb639210>
2026-06-24 22:45:47,541 - mazeUtils.device.camera - [camera.py:39] - DEBUG - Average HSV: H=108.9, S=187.0, V=212.8
2026-06-24 22:45:47,579 - mazeUtils.moveTile - [moveTile.py:79] - DEBUG - roll: 319.83 deg, practicalMoveTime: 1.7923968807902542 sec
2026-06-24 22:45:47,580 - mazeUtils.moveTile - [moveTile.py:1763] - DEBUG - moveTile loop time: 46.1 ms
2026-06-24 22:45:47,588 - picamera2.picamera2 - [picamera2.py:1391] - DEBUG - Execute job: <picamera2.job.Job object at 0x7fbb639210>
2026-06-24 22:45:47,591 - mazeUtils.device.camera - [camera.py:39] - DEBUG - Average HSV: H=107.2, S=223.9, V=217.2
2026-06-24 22:45:47,625 - mazeUtils.moveTile - [moveTile.py:79] - DEBUG - roll: 322.78999999999996 deg, practicalMoveTime: 1.8316000557489884 sec
2026-06-24 22:45:47,626 - mazeUtils.moveTile - [moveTile.py:1763] - DEBUG - moveTile loop time: 46.0 ms
2026-06-24 22:45:47,635 - picamera2.picamera2 - [picamera2.py:1391] - DEBUG - Execute job: <picamera2.job.Job object at 0x7fbb639210>
2026-06-24 22:45:47,638 - mazeUtils.device.camera - [camera.py:39] - DEBUG - Average HSV: H=106.8, S=223.2, V=220.0
2026-06-24 22:45:47,675 - mazeUtils.moveTile - [moveTile.py:79] - DEBUG - roll: 325.36 deg, practicalMoveTime: 1.8756160801300379 sec
2026-06-24 22:45:47,675 - mazeUtils.moveTile - [moveTile.py:1763] - DEBUG - moveTile loop time: 49.0 ms
2026-06-24 22:45:47,679 - picamera2.picamera2 - [picamera2.py:1391] - DEBUG - Execute job: <picamera2.job.Job object at 0x7f95f29990>
2026-06-24 22:45:47,682 - mazeUtils.device.camera - [camera.py:39] - DEBUG - Average HSV: H=108.4, S=220.0, V=187.2
2026-06-24 22:45:47,716 - mazeUtils.moveTile - [moveTile.py:79] - DEBUG - roll: 327.77 deg, practicalMoveTime: 1.9132467077853108 sec
2026-06-24 22:45:47,717 - mazeUtils.moveTile - [moveTile.py:1763] - DEBUG - moveTile loop time: 41.2 ms
2026-06-24 22:45:47,722 - picamera2.picamera2 - [picamera2.py:1391] - DEBUG - Execute job: <picamera2.job.Job object at 0x7fbb639290>
2026-06-24 22:45:47,725 - mazeUtils.device.camera - [camera.py:39] - DEBUG - Average HSV: H=107.5, S=217.6, V=205.4
2026-06-24 22:45:47,758 - mazeUtils.moveTile - [moveTile.py:79] - DEBUG - roll: 334.52 deg, practicalMoveTime: 1.95376603894983 sec
2026-06-24 22:45:47,759 - mazeUtils.moveTile - [moveTile.py:1763] - DEBUG - moveTile loop time: 41.6 ms
2026-06-24 22:45:47,768 - picamera2.picamera2 - [picamera2.py:1391] - DEBUG - Execute job: <picamera2.job.Job object at 0x7f75202e10>
2026-06-24 22:45:47,771 - mazeUtils.device.camera - [camera.py:39] - DEBUG - Average HSV: H=107.3, S=217.3, V=208.6
2026-06-24 22:45:47,811 - mazeUtils.moveTile - [moveTile.py:79] - DEBUG - roll: 333.68 deg, practicalMoveTime: 2.0056287595661857 sec
2026-06-24 22:45:47,811 - mazeUtils.moveTile - [moveTile.py:1763] - DEBUG - moveTile loop time: 52.4 ms
2026-06-24 22:45:47,816 - picamera2.picamera2 - [picamera2.py:1391] - DEBUG - Execute job: <picamera2.job.Job object at 0x7fbb639210>
2026-06-24 22:45:47,819 - mazeUtils.device.camera - [camera.py:39] - DEBUG - Average HSV: H=107.5, S=216.4, V=208.6
2026-06-24 22:45:47,855 - mazeUtils.moveTile - [moveTile.py:79] - DEBUG - roll: 337.9 deg, practicalMoveTime: 2.049412143261212 sec
2026-06-24 22:45:47,855 - mazeUtils.moveTile - [moveTile.py:1763] - DEBUG - moveTile loop time: 43.7 ms
2026-06-24 22:45:47,860 - picamera2.picamera2 - [picamera2.py:1391] - DEBUG - Execute job: <picamera2.job.Job object at 0x7faf6195d0>
2026-06-24 22:45:47,863 - mazeUtils.device.camera - [camera.py:39] - DEBUG - Average HSV: H=107.5, S=210.9, V=214.6
2026-06-24 22:45:47,898 - mazeUtils.moveTile - [moveTile.py:79] - DEBUG - roll: 342.7 deg, practicalMoveTime: 2.093897057175595 sec
2026-06-24 22:45:47,898 - mazeUtils.moveTile - [moveTile.py:1763] - DEBUG - moveTile loop time: 42.8 ms
2026-06-24 22:45:47,908 - picamera2.picamera2 - [picamera2.py:1391] - DEBUG - Execute job: <picamera2.job.Job object at 0x7fbb639290>
2026-06-24 22:45:47,911 - mazeUtils.device.camera - [camera.py:39] - DEBUG - Average HSV: H=108.0, S=208.0, V=211.6
2026-06-24 22:45:47,951 - mazeUtils.moveTile - [moveTile.py:79] - DEBUG - roll: 345.18 deg, practicalMoveTime: 2.149271552198611 sec
2026-06-24 22:45:47,951 - mazeUtils.moveTile - [moveTile.py:1763] - DEBUG - moveTile loop time: 53.0 ms
2026-06-24 22:45:47,957 - picamera2.picamera2 - [picamera2.py:1391] - DEBUG - Execute job: <picamera2.job.Job object at 0x7fa53134d0>
2026-06-24 22:45:47,960 - mazeUtils.device.camera - [camera.py:39] - DEBUG - Average HSV: H=108.3, S=180.6, V=218.7
2026-06-24 22:45:47,994 - mazeUtils.moveTile - [moveTile.py:79] - DEBUG - roll: 352.46 deg, practicalMoveTime: 2.191582886415344 sec
2026-06-24 22:45:47,995 - mazeUtils.moveTile - [moveTile.py:1763] - DEBUG - moveTile loop time: 42.9 ms
2026-06-24 22:45:48,000 - picamera2.picamera2 - [picamera2.py:1391] - DEBUG - Execute job: <picamera2.job.Job object at 0x7f777bdc90>
2026-06-24 22:45:48,003 - mazeUtils.device.camera - [camera.py:39] - DEBUG - Average HSV: H=109.4, S=163.1, V=215.5
2026-06-24 22:45:48,037 - mazeUtils.moveTile - [moveTile.py:79] - DEBUG - roll: 351.63 deg, practicalMoveTime: 2.232877094035238 sec
2026-06-24 22:45:48,037 - mazeUtils.moveTile - [moveTile.py:1763] - DEBUG - moveTile loop time: 42.1 ms
2026-06-24 22:45:48,047 - picamera2.picamera2 - [picamera2.py:1391] - DEBUG - Execute job: <picamera2.job.Job object at 0x7f75202e10>
2026-06-24 22:45:48,050 - mazeUtils.device.camera - [camera.py:39] - DEBUG - Average HSV: H=111.7, S=114.5, V=213.3
2026-06-24 22:45:48,091 - mazeUtils.moveTile - [moveTile.py:79] - DEBUG - roll: 359.63 deg, practicalMoveTime: 2.286219264281223 sec
2026-06-24 22:45:48,091 - mazeUtils.moveTile - [moveTile.py:1763] - DEBUG - moveTile loop time: 53.8 ms
2026-06-24 22:45:48,101 - picamera2.picamera2 - [picamera2.py:1391] - DEBUG - Execute job: <picamera2.job.Job object at 0x7fbb900610>
2026-06-24 22:45:48,105 - mazeUtils.device.camera - [camera.py:39] - DEBUG - Average HSV: H=114.9, S=99.2, V=202.2
2026-06-24 22:45:48,139 - mazeUtils.moveTile - [moveTile.py:79] - DEBUG - roll: 359.03 deg, practicalMoveTime: 2.3344444052621234 sec
2026-06-24 22:45:48,140 - mazeUtils.moveTile - [moveTile.py:1763] - DEBUG - moveTile loop time: 48.6 ms
2026-06-24 22:45:48,144 - picamera2.picamera2 - [picamera2.py:1391] - DEBUG - Execute job: <picamera2.job.Job object at 0x7fbb639290>
2026-06-24 22:45:48,147 - mazeUtils.device.camera - [camera.py:39] - DEBUG - Average HSV: H=113.7, S=109.3, V=204.6
2026-06-24 22:45:48,190 - mazeUtils.moveTile - [moveTile.py:79] - DEBUG - roll: 359.46 deg, practicalMoveTime: 2.384395410219186 sec
2026-06-24 22:45:48,190 - mazeUtils.moveTile - [moveTile.py:1763] - DEBUG - moveTile loop time: 50.1 ms
2026-06-24 22:45:48,202 - picamera2.picamera2 - [picamera2.py:1391] - DEBUG - Execute job: <picamera2.job.Job object at 0x7f777bdd10>
2026-06-24 22:45:48,207 - mazeUtils.device.camera - [camera.py:39] - DEBUG - Average HSV: H=113.2, S=115.3, V=204.2
2026-06-24 22:45:48,247 - mazeUtils.moveTile - [moveTile.py:79] - DEBUG - roll: 0.5600000000000023 deg, practicalMoveTime: 2.441078885823694 sec
2026-06-24 22:45:48,247 - mazeUtils.moveTile - [moveTile.py:1763] - DEBUG - moveTile loop time: 57.0 ms
2026-06-24 22:45:48,252 - picamera2.picamera2 - [picamera2.py:1391] - DEBUG - Execute job: <picamera2.job.Job object at 0x7fbb639290>
2026-06-24 22:45:48,257 - mazeUtils.device.camera - [camera.py:39] - DEBUG - Average HSV: H=114.5, S=105.4, V=199.8
2026-06-24 22:45:48,293 - mazeUtils.moveTile - [moveTile.py:1636] - INFO - practicalVerticalMove: -0.8449858359481743 CM
2026-06-24 22:45:48,380 - mazeUtils.moveTile - [moveTile.py:1887] - INFO - Detected stairs, set slope with 0cm height difference
2026-06-24 22:45:48,460 - mazeUtils.moveTile - [moveTile.py:552] - DEBUG - Direction: absDirection.NORTH, Angle: 0, Distance: 41.61048230698278 cm
2026-06-24 22:45:48,460 - mazeUtils.moveTile - [moveTile.py:574] - DEBUG - Front LiDAR distance: 41.61048230698278 cm, TSD10 distance: 31.8 cm
2026-06-24 22:45:48,461 - mazeUtils.moveTile - [moveTile.py:552] - DEBUG - Direction: absDirection.EAST, Angle: 270, Distance: 22.64914353349424 cm
2026-06-24 22:45:48,462 - mazeUtils.moveTile - [moveTile.py:552] - DEBUG - Direction: absDirection.SOUTH, Angle: 180, Distance: 42.40647778639285 cm
2026-06-24 22:45:48,463 - mazeUtils.moveTile - [moveTile.py:552] - DEBUG - Direction: absDirection.WEST, Angle: 90, Distance: 46.54014727730122 cm
2026-06-24 22:45:48,465 - mazeUtils.moveTile - [moveTile.py:2119] - INFO - Tile color detection, decided tile type: E
2026-06-24 22:45:48,529 - __main__ - [main.py:105] - INFO - Current position: (20, 16, 0), front direction: absDirection.NORTH
Layer 0 (altitude=0.0cm, offset=(0.0cm, 0.0cm)):
Known map area: x=20..20, y=16..20
+   +
  @ |
+   +
  U  
+   +
  U  
+   +
  E |
+   +
| S |
+---+
mazeAsGraph[0][16][20] = {absDirection.NORTH: (20, 15, 0, 30), absDirection.EAST: None, absDirection.SOUTH: (20, 19, 0, 90), absDirection.WEST: (19, 16, 0, 30)}
mazeAsGraph[0][19][20] = {absDirection.NORTH: (20, 16, 0, 90), absDirection.EAST: None, absDirection.SOUTH: (20, 20, 0, 30), absDirection.WEST: (19, 19, 0, 30)}
mazeAsGraph[0][20][20] = {absDirection.NORTH: (20, 19, 0, 30), absDirection.EAST: None, absDirection.SOUTH: None, absDirection.WEST: None}
2026-06-24 22:45:48,540 - mazeUtils.mazeMap - [mazeMap.py:61] - INFO - next goal: (20, 15, 0)
2026-06-24 22:45:48,553 - mazeUtils.moveTile - [moveTile.py:79] - DEBUG - Moving to absDirection.NORTH from (20, 16, 0) facing absDirection.NORTH
2026-06-24 22:45:48,582 - mazeUtils.moveTile - [moveTile.py:79] - DEBUG - current heading: 0.28000000000000114 target: 0
2026-06-24 22:45:48,603 - mazeUtils.moveTile - [moveTile.py:426] - DEBUG - stopped turning at heading: 0.28000000000000114, diff: 0.28000000000000114
2026-06-24 22:45:48,648 - mazeUtils.moveTile - [moveTile.py:79] - DEBUG - Turned to heading: 0.3100000000000023 deg
2026-06-24 22:45:48,766 - picamera2.picamera2 - [picamera2.py:1391] - DEBUG - Execute job: <picamera2.job.Job object at 0x7fa7ef6c10>
2026-06-24 22:45:48,769 - mazeUtils.device.camera - [camera.py:39] - DEBUG - Average HSV: H=113.0, S=127.0, V=202.2
2026-06-24 22:45:48,814 - mazeUtils.moveTile - [moveTile.py:79] - DEBUG - roll: 358.63 deg, practicalMoveTime: 0.05346480787580788 sec
2026-06-24 22:45:48,815 - mazeUtils.moveTile - [moveTile.py:1763] - DEBUG - moveTile loop time: 54.0 ms
2026-06-24 22:45:48,826 - picamera2.picamera2 - [picamera2.py:1391] - DEBUG - Execute job: <picamera2.job.Job object at 0x7f9708aad0>
2026-06-24 22:45:48,829 - mazeUtils.device.camera - [camera.py:39] - DEBUG - Average HSV: H=113.3, S=125.0, V=200.4
2026-06-24 22:45:48,872 - mazeUtils.moveTile - [moveTile.py:79] - DEBUG - roll: 358.09 deg, practicalMoveTime: 0.11036095964806442 sec
2026-06-24 22:45:48,872 - mazeUtils.moveTile - [moveTile.py:1763] - DEBUG - moveTile loop time: 56.8 ms
2026-06-24 22:45:48,877 - picamera2.picamera2 - [picamera2.py:1391] - DEBUG - Execute job: <picamera2.job.Job object at 0x7fa7ef6c10>
2026-06-24 22:45:48,880 - mazeUtils.device.camera - [camera.py:39] - DEBUG - Average HSV: H=112.6, S=128.5, V=204.3
2026-06-24 22:45:48,913 - mazeUtils.moveTile - [moveTile.py:79] - DEBUG - roll: 358.7 deg, practicalMoveTime: 0.15126543672898193 sec
2026-06-24 22:45:48,914 - mazeUtils.moveTile - [moveTile.py:1763] - DEBUG - moveTile loop time: 41.1 ms
2026-06-24 22:45:48,924 - picamera2.picamera2 - [picamera2.py:1391] - DEBUG - Execute job: <picamera2.job.Job object at 0x7fa5306fd0>
2026-06-24 22:45:48,927 - mazeUtils.device.camera - [camera.py:39] - DEBUG - Average HSV: H=112.7, S=130.8, V=203.2
2026-06-24 22:45:48,971 - mazeUtils.moveTile - [moveTile.py:79] - DEBUG - roll: 357.82 deg, practicalMoveTime: 0.20871642976628163 sec
2026-06-24 22:45:48,972 - mazeUtils.moveTile - [moveTile.py:1763] - DEBUG - moveTile loop time: 57.9 ms
2026-06-24 22:45:48,976 - picamera2.picamera2 - [picamera2.py:1391] - DEBUG - Execute job: <picamera2.job.Job object at 0x7fa7ef6c10>
2026-06-24 22:45:48,979 - mazeUtils.device.camera - [camera.py:39] - DEBUG - Average HSV: H=111.9, S=132.6, V=207.0
2026-06-24 22:45:49,012 - mazeUtils.moveTile - [moveTile.py:79] - DEBUG - roll: 357.53999999999996 deg, practicalMoveTime: 0.24912014170079058 sec
2026-06-24 22:45:49,013 - mazeUtils.moveTile - [moveTile.py:1763] - DEBUG - moveTile loop time: 40.7 ms
2026-06-24 22:45:49,026 - picamera2.picamera2 - [picamera2.py:1391] - DEBUG - Execute job: <picamera2.job.Job object at 0x7fa53134d0>
2026-06-24 22:45:49,029 - mazeUtils.device.camera - [camera.py:39] - DEBUG - Average HSV: H=111.5, S=139.8, V=207.8
2026-06-24 22:45:49,067 - mazeUtils.moveTile - [moveTile.py:79] - DEBUG - roll: 358.93 deg, practicalMoveTime: 0.3035258804617014 sec
2026-06-24 22:45:49,068 - mazeUtils.moveTile - [moveTile.py:1763] - DEBUG - moveTile loop time: 54.5 ms
2026-06-24 22:45:49,073 - picamera2.picamera2 - [picamera2.py:1391] - DEBUG - Execute job: <picamera2.job.Job object at 0x7f77c2efd0>
2026-06-24 22:45:49,076 - mazeUtils.device.camera - [camera.py:39] - DEBUG - Average HSV: H=111.8, S=139.8, V=206.6
2026-06-24 22:45:49,110 - mazeUtils.moveTile - [moveTile.py:79] - DEBUG - roll: 357.47999999999996 deg, practicalMoveTime: 0.3450338426969814 sec
2026-06-24 22:45:49,110 - mazeUtils.moveTile - [moveTile.py:1763] - DEBUG - moveTile loop time: 41.9 ms
2026-06-24 22:45:49,115 - picamera2.picamera2 - [picamera2.py:1391] - DEBUG - Execute job: <picamera2.job.Job object at 0x7fa5306fd0>
2026-06-24 22:45:49,118 - mazeUtils.device.camera - [camera.py:39] - DEBUG - Average HSV: H=111.1, S=142.0, V=210.8
2026-06-24 22:45:49,152 - mazeUtils.moveTile - [moveTile.py:79] - DEBUG - roll: 357.53 deg, practicalMoveTime: 0.3865435348905514 sec
2026-06-24 22:45:49,152 - mazeUtils.moveTile - [moveTile.py:1763] - DEBUG - moveTile loop time: 41.8 ms
2026-06-24 22:45:49,156 - picamera2.picamera2 - [picamera2.py:1391] - DEBUG - Execute job: <picamera2.job.Job object at 0x7f96fb9b90>
2026-06-24 22:45:49,160 - mazeUtils.device.camera - [camera.py:39] - DEBUG - Average HSV: H=110.8, S=147.6, V=210.8
2026-06-24 22:45:49,200 - mazeUtils.moveTile - [moveTile.py:79] - DEBUG - roll: 359.09 deg, practicalMoveTime: 0.4345512783893734 sec
2026-06-24 22:45:49,201 - mazeUtils.moveTile - [moveTile.py:1763] - DEBUG - moveTile loop time: 48.0 ms
2026-06-24 22:45:49,211 - picamera2.picamera2 - [picamera2.py:1391] - DEBUG - Execute job: <picamera2.job.Job object at 0x7f96fb98d0>
2026-06-24 22:45:49,214 - mazeUtils.device.camera - [camera.py:39] - DEBUG - Average HSV: H=110.9, S=143.0, V=212.1
2026-06-24 22:45:49,249 - mazeUtils.moveTile - [moveTile.py:79] - DEBUG - roll: 357.26 deg, practicalMoveTime: 0.48303683265984626 sec
2026-06-24 22:45:49,250 - mazeUtils.moveTile - [moveTile.py:1763] - DEBUG - moveTile loop time: 48.7 ms
2026-06-24 22:45:49,255 - picamera2.picamera2 - [picamera2.py:1391] - DEBUG - Execute job: <picamera2.job.Job object at 0x7f9708aad0>
2026-06-24 22:45:49,258 - mazeUtils.device.camera - [camera.py:39] - DEBUG - Average HSV: H=110.0, S=152.6, V=216.3
2026-06-24 22:45:49,290 - mazeUtils.moveTile - [moveTile.py:79] - DEBUG - roll: 358.44 deg, practicalMoveTime: 0.5229961389643994 sec
2026-06-24 22:45:49,290 - mazeUtils.moveTile - [moveTile.py:1763] - DEBUG - moveTile loop time: 40.3 ms
2026-06-24 22:45:49,303 - picamera2.picamera2 - [picamera2.py:1391] - DEBUG - Execute job: <picamera2.job.Job object at 0x7fa7f36dd0>
2026-06-24 22:45:49,307 - mazeUtils.device.camera - [camera.py:39] - DEBUG - Average HSV: H=110.3, S=148.4, V=217.4
2026-06-24 22:45:49,343 - mazeUtils.moveTile - [moveTile.py:79] - DEBUG - roll: 357.78999999999996 deg, practicalMoveTime: 0.5760466053172543 sec
2026-06-24 22:45:49,344 - mazeUtils.moveTile - [moveTile.py:1763] - DEBUG - moveTile loop time: 53.3 ms
2026-06-24 22:45:49,348 - picamera2.picamera2 - [picamera2.py:1391] - DEBUG - Execute job: <picamera2.job.Job object at 0x7f77c2efd0>
2026-06-24 22:45:49,351 - mazeUtils.device.camera - [camera.py:39] - DEBUG - Average HSV: H=109.6, S=155.0, V=219.9
2026-06-24 22:45:49,388 - mazeUtils.moveTile - [moveTile.py:79] - DEBUG - roll: 357.21999999999997 deg, practicalMoveTime: 0.6198121617326522 sec
2026-06-24 22:45:49,389 - mazeUtils.moveTile - [moveTile.py:1763] - DEBUG - moveTile loop time: 45.0 ms
2026-06-24 22:45:49,400 - picamera2.picamera2 - [picamera2.py:1391] - DEBUG - Execute job: <picamera2.job.Job object at 0x7faf1c2850>
2026-06-24 22:45:49,404 - mazeUtils.device.camera - [camera.py:39] - DEBUG - Average HSV: H=108.9, S=165.2, V=221.1
2026-06-24 22:45:49,442 - mazeUtils.moveTile - [moveTile.py:79] - DEBUG - roll: 358.93 deg, practicalMoveTime: 0.6731446344178228 sec
2026-06-24 22:45:49,443 - mazeUtils.moveTile - [moveTile.py:1763] - DEBUG - moveTile loop time: 53.4 ms
2026-06-24 22:45:49,448 - picamera2.picamera2 - [picamera2.py:1391] - DEBUG - Execute job: <picamera2.job.Job object at 0x7fa7ef6c10>
2026-06-24 22:45:49,451 - mazeUtils.device.camera - [camera.py:39] - DEBUG - Average HSV: H=109.2, S=160.6, V=220.3
2026-06-24 22:45:49,484 - mazeUtils.moveTile - [moveTile.py:79] - DEBUG - roll: 357.32 deg, practicalMoveTime: 0.7138837653758674 sec
2026-06-24 22:45:49,484 - mazeUtils.moveTile - [moveTile.py:1763] - DEBUG - moveTile loop time: 41.0 ms
2026-06-24 22:45:49,495 - picamera2.picamera2 - [picamera2.py:1391] - DEBUG - Execute job: <picamera2.job.Job object at 0x7f96fb98d0>
2026-06-24 22:45:49,498 - mazeUtils.device.camera - [camera.py:39] - DEBUG - Average HSV: H=108.7, S=171.0, V=220.5
2026-06-24 22:45:49,539 - mazeUtils.moveTile - [moveTile.py:79] - DEBUG - roll: 358.31 deg, practicalMoveTime: 0.7686139672125949 sec
2026-06-24 22:45:49,539 - mazeUtils.moveTile - [moveTile.py:1763] - DEBUG - moveTile loop time: 55.1 ms
2026-06-24 22:45:49,550 - picamera2.picamera2 - [picamera2.py:1391] - DEBUG - Execute job: <picamera2.job.Job object at 0x7f95fe0290>
2026-06-24 22:45:49,554 - mazeUtils.device.camera - [camera.py:39] - DEBUG - Average HSV: H=110.2, S=203.2, V=194.8
2026-06-24 22:45:49,633 - mazeUtils.moveTile - [moveTile.py:79] - DEBUG - Little forward to adjust position
2026-06-24 22:45:49,762 - mazeUtils.moveTile - [moveTile.py:1959] - INFO - Set moved vertical distance: -0.949441266984774 cm, past distances: [(0, False), (0, False), (0, False)]
2026-06-24 22:45:49,866 - mazeUtils.moveTile - [moveTile.py:552] - DEBUG - Direction: absDirection.NORTH, Angle: 0, Distance: 11.947540957391237 cm
2026-06-24 22:45:49,866 - mazeUtils.moveTile - [moveTile.py:574] - DEBUG - Front LiDAR distance: 11.947540957391237 cm, TSD10 distance: 2.2 cm
2026-06-24 22:45:49,867 - mazeUtils.moveTile - [moveTile.py:552] - DEBUG - Direction: absDirection.EAST, Angle: 270, Distance: 30.852232066779205 cm
2026-06-24 22:45:49,869 - mazeUtils.moveTile - [moveTile.py:552] - DEBUG - Direction: absDirection.SOUTH, Angle: 180, Distance: 139.9145381290769 cm
2026-06-24 22:45:49,870 - mazeUtils.moveTile - [moveTile.py:552] - DEBUG - Direction: absDirection.WEST, Angle: 90, Distance: 39.21176223188348 cm
2026-06-24 22:45:49,872 - mazeUtils.moveTile - [moveTile.py:2119] - INFO - Tile color detection, decided tile type: E
2026-06-24 22:45:49,933 - __main__ - [main.py:105] - INFO - Current position: (20, 15, 0), front direction: absDirection.NORTH
Layer 0 (altitude=0.0cm, offset=(0.0cm, 0.0cm)):
Known map area: x=20..20, y=15..20
+---+
  @  
+   +
  E |
+   +
  U  
+   +
  U  
+   +
  E |
+   +
| S |
+---+
mazeAsGraph[0][15][20] = {absDirection.NORTH: None, absDirection.EAST: (21, 15, 0, 30), absDirection.SOUTH: (20, 16, 0, 30), absDirection.WEST: (19, 15, 0, 30)}
mazeAsGraph[0][16][20] = {absDirection.NORTH: (20, 15, 0, 30), absDirection.EAST: None, absDirection.SOUTH: (20, 19, 0, 90), absDirection.WEST: (19, 16, 0, 30)}
mazeAsGraph[0][19][20] = {absDirection.NORTH: (20, 16, 0, 90), absDirection.EAST: None, absDirection.SOUTH: (20, 20, 0, 30), absDirection.WEST: (19, 19, 0, 30)}
mazeAsGraph[0][20][20] = {absDirection.NORTH: (20, 19, 0, 30), absDirection.EAST: None, absDirection.SOUTH: None, absDirection.WEST: None}
2026-06-24 22:45:49,942 - mazeUtils.mazeMap - [mazeMap.py:61] - INFO - next goal: (21, 15, 0)
2026-06-24 22:45:49,949 - mazeUtils.moveTile - [moveTile.py:79] - DEBUG - Moving to absDirection.EAST from (20, 15, 0) facing absDirection.NORTH
2026-06-24 22:45:49,954 - mazeUtils.moveTile - [moveTile.py:79] - DEBUG - Turning to 270 deg, current heading: 1.539999999999992 deg, turnAngle: 91.53999999999996 deg
2026-06-24 22:45:49,979 - mazeUtils.moveTile - [moveTile.py:79] - DEBUG - gyro:1.5300000000000011 deg, derivative: -0.009999999999990905, turnSpeed: 100
2026-06-24 22:45:50,006 - mazeUtils.moveTile - [moveTile.py:79] - DEBUG - gyro:1.5 deg, derivative: -0.029999999999972715, turnSpeed: 100
2026-06-24 22:45:50,030 - mazeUtils.moveTile - [moveTile.py:79] - DEBUG - gyro:1.4899999999999949 deg, derivative: -0.009999999999990905, turnSpeed: 100
2026-06-24 22:45:50,062 - mazeUtils.moveTile - [moveTile.py:79] - DEBUG - gyro:1.1599999999999966 deg, derivative: -0.3300000000000409, turnSpeed: 100
2026-06-24 22:45:50,089 - mazeUtils.moveTile - [moveTile.py:79] - DEBUG - gyro:359.06 deg, derivative: -2.099999999999966, turnSpeed: 100
2026-06-24 22:45:50,116 - mazeUtils.moveTile - [moveTile.py:79] - DEBUG - gyro:356.53 deg, derivative: -2.5300000000000296, turnSpeed: 100
2026-06-24 22:45:50,141 - mazeUtils.moveTile - [moveTile.py:79] - DEBUG - gyro:352.03999999999996 deg, derivative: -4.490000000000009, turnSpeed: 100
2026-06-24 22:45:50,166 - mazeUtils.moveTile - [moveTile.py:79] - DEBUG - gyro:350.22 deg, derivative: -1.8199999999999363, turnSpeed: 100
2026-06-24 22:45:50,195 - mazeUtils.moveTile - [moveTile.py:79] - DEBUG - gyro:348.90999999999997 deg, derivative: -1.3100000000000591, turnSpeed: 100
2026-06-24 22:45:50,219 - mazeUtils.moveTile - [moveTile.py:79] - DEBUG - gyro:346.92 deg, derivative: -1.9899999999999523, turnSpeed: 100
2026-06-24 22:45:50,244 - mazeUtils.moveTile - [moveTile.py:79] - DEBUG - gyro:343.39 deg, derivative: -3.5300000000000296, turnSpeed: 100
2026-06-24 22:45:50,270 - mazeUtils.moveTile - [moveTile.py:79] - DEBUG - gyro:341.65999999999997 deg, derivative: -1.7300000000000182, turnSpeed: 100
2026-06-24 22:45:50,302 - mazeUtils.moveTile - [moveTile.py:79] - DEBUG - gyro:338.0 deg, derivative: -3.659999999999968, turnSpeed: 100
2026-06-24 22:45:50,337 - mazeUtils.moveTile - [moveTile.py:79] - DEBUG - gyro:334.03 deg, derivative: -3.9700000000000273, turnSpeed: 100
2026-06-24 22:45:50,362 - mazeUtils.moveTile - [moveTile.py:79] - DEBUG - gyro:329.3 deg, derivative: -4.729999999999961, turnSpeed: 100
2026-06-24 22:45:50,388 - mazeUtils.moveTile - [moveTile.py:79] - DEBUG - gyro:325.55 deg, derivative: -3.75, turnSpeed: 100
2026-06-24 22:45:50,416 - mazeUtils.moveTile - [moveTile.py:79] - DEBUG - gyro:324.84 deg, derivative: -0.7100000000000364, turnSpeed: 100
2026-06-24 22:45:50,443 - mazeUtils.moveTile - [moveTile.py:79] - DEBUG - gyro:317.4 deg, derivative: -7.439999999999998, turnSpeed: 94.79999999999995
2026-06-24 22:45:50,468 - mazeUtils.moveTile - [moveTile.py:79] - DEBUG - gyro:315.06 deg, derivative: -2.339999999999975, turnSpeed: 90.12
2026-06-24 22:45:50,493 - mazeUtils.moveTile - [moveTile.py:79] - DEBUG - gyro:311.90999999999997 deg, derivative: -3.150000000000034, turnSpeed: 83.81999999999994
2026-06-24 22:45:50,522 - mazeUtils.moveTile - [moveTile.py:79] - DEBUG - gyro:310.08 deg, derivative: -1.829999999999984, turnSpeed: 80.15999999999997
2026-06-24 22:45:50,549 - mazeUtils.moveTile - [moveTile.py:79] - DEBUG - gyro:306.97 deg, derivative: -3.109999999999957, turnSpeed: 73.94000000000005
2026-06-24 22:45:50,573 - mazeUtils.moveTile - [moveTile.py:79] - DEBUG - gyro:304.01 deg, derivative: -2.9600000000000364, turnSpeed: 68.01999999999998
2026-06-24 22:45:50,596 - mazeUtils.moveTile - [moveTile.py:79] - DEBUG - gyro:300.1 deg, derivative: -3.909999999999968, turnSpeed: 60.200000000000045
2026-06-24 22:45:50,621 - mazeUtils.moveTile - [moveTile.py:79] - DEBUG - gyro:297.74 deg, derivative: -2.3600000000000136, turnSpeed: 55.48000000000002
2026-06-24 22:45:50,645 - mazeUtils.moveTile - [moveTile.py:79] - DEBUG - gyro:295.84000000000003 deg, derivative: -1.8999999999999773, turnSpeed: 51.680000000000064
2026-06-24 22:45:50,674 - mazeUtils.moveTile - [moveTile.py:79] - DEBUG - gyro:293.28999999999996 deg, derivative: -2.550000000000068, turnSpeed: 46.57999999999993
2026-06-24 22:45:50,696 - mazeUtils.moveTile - [moveTile.py:79] - DEBUG - gyro:291.13 deg, derivative: -2.159999999999968, turnSpeed: 42.25999999999999
2026-06-24 22:45:50,720 - mazeUtils.moveTile - [moveTile.py:79] - DEBUG - gyro:289.15 deg, derivative: -1.9800000000000182, turnSpeed: 38.299999999999955
2026-06-24 22:45:50,748 - mazeUtils.moveTile - [moveTile.py:79] - DEBUG - gyro:286.96 deg, derivative: -2.1899999999999977, turnSpeed: 33.91999999999996
2026-06-24 22:45:50,773 - mazeUtils.moveTile - [moveTile.py:79] - DEBUG - gyro:285.77 deg, derivative: -1.1899999999999977, turnSpeed: 31.539999999999964
2026-06-24 22:45:50,800 - mazeUtils.moveTile - [moveTile.py:79] - DEBUG - gyro:284.22 deg, derivative: -1.5499999999999545, turnSpeed: 28.440000000000055
2026-06-24 22:45:50,825 - mazeUtils.moveTile - [moveTile.py:79] - DEBUG - gyro:282.98 deg, derivative: -1.240000000000009, turnSpeed: 25.960000000000036
2026-06-24 22:45:50,861 - mazeUtils.moveTile - [moveTile.py:79] - DEBUG - gyro:281.94 deg, derivative: -1.0400000000000205, turnSpeed: 23.879999999999995
2026-06-24 22:45:50,885 - mazeUtils.moveTile - [moveTile.py:79] - DEBUG - gyro:280.64 deg, derivative: -1.3000000000000114, turnSpeed: 21.279999999999973
2026-06-24 22:45:50,909 - mazeUtils.moveTile - [moveTile.py:79] - DEBUG - gyro:279.82 deg, derivative: -0.8199999999999932, turnSpeed: 19.639999999999986
2026-06-24 22:45:50,935 - mazeUtils.moveTile - [moveTile.py:79] - DEBUG - gyro:278.86 deg, derivative: -0.9599999999999795, turnSpeed: 17.720000000000027
2026-06-24 22:45:50,961 - mazeUtils.moveTile - [moveTile.py:79] - DEBUG - gyro:278.09000000000003 deg, derivative: -0.7699999999999818, turnSpeed: 16.180000000000064
2026-06-24 22:45:50,991 - mazeUtils.moveTile - [moveTile.py:79] - DEBUG - gyro:277.76 deg, derivative: -0.3300000000000409, turnSpeed: 15.519999999999982
2026-06-24 22:45:51,016 - mazeUtils.moveTile - [moveTile.py:79] - DEBUG - gyro:277.08 deg, derivative: -0.6800000000000068, turnSpeed: 14.159999999999968
2026-06-24 22:45:51,042 - mazeUtils.moveTile - [moveTile.py:79] - DEBUG - gyro:276.19 deg, derivative: -0.8899999999999864, turnSpeed: 12.379999999999995
2026-06-24 22:45:51,067 - mazeUtils.moveTile - [moveTile.py:79] - DEBUG - gyro:276.01 deg, derivative: -0.18000000000000682, turnSpeed: 12.019999999999982
2026-06-24 22:45:51,092 - mazeUtils.moveTile - [moveTile.py:79] - DEBUG - gyro:275.53999999999996 deg, derivative: -0.4700000000000273, turnSpeed: 11.079999999999927
2026-06-24 22:45:51,117 - mazeUtils.moveTile - [moveTile.py:79] - DEBUG - gyro:274.96 deg, derivative: -0.5799999999999841, turnSpeed: 9.919999999999959
2026-06-24 22:45:51,143 - mazeUtils.moveTile - [moveTile.py:79] - DEBUG - gyro:274.57 deg, derivative: -0.38999999999998636, turnSpeed: 9.139999999999986
2026-06-24 22:45:51,174 - mazeUtils.moveTile - [moveTile.py:79] - DEBUG - gyro:274.21 deg, derivative: -0.36000000000001364, turnSpeed: 8.419999999999959
2026-06-24 22:45:51,201 - mazeUtils.moveTile - [moveTile.py:79] - DEBUG - gyro:273.81 deg, derivative: -0.39999999999997726, turnSpeed: 7.6200000000000045
2026-06-24 22:45:51,225 - mazeUtils.moveTile - [moveTile.py:79] - DEBUG - gyro:273.4 deg, derivative: -0.410000000000025, turnSpeed: 6.7999999999999545
2026-06-24 22:45:51,249 - mazeUtils.moveTile - [moveTile.py:79] - DEBUG - gyro:273.07 deg, derivative: -0.3299999999999841, turnSpeed: 6.139999999999986
2026-06-24 22:45:51,274 - mazeUtils.moveTile - [moveTile.py:79] - DEBUG - gyro:272.87 deg, derivative: -0.19999999999998863, turnSpeed: 5.740000000000009
2026-06-24 22:45:51,298 - mazeUtils.moveTile - [moveTile.py:79] - DEBUG - gyro:272.63 deg, derivative: -0.2400000000000091, turnSpeed: 5.259999999999991
2026-06-24 22:45:51,323 - mazeUtils.moveTile - [moveTile.py:79] - DEBUG - gyro:272.49 deg, derivative: -0.13999999999998636, turnSpeed: 4.980000000000018
2026-06-24 22:45:51,350 - mazeUtils.moveTile - [moveTile.py:79] - DEBUG - gyro:272.38 deg, derivative: -0.11000000000001364, turnSpeed: 4.759999999999991
2026-06-24 22:45:51,375 - mazeUtils.moveTile - [moveTile.py:79] - DEBUG - gyro:272.22 deg, derivative: -0.15999999999996817, turnSpeed: 4.440000000000055
2026-06-24 22:45:51,398 - mazeUtils.moveTile - [moveTile.py:79] - DEBUG - gyro:272.08 deg, derivative: -0.1400000000000432, turnSpeed: 4.159999999999968
2026-06-24 22:45:51,423 - mazeUtils.moveTile - [moveTile.py:79] - DEBUG - gyro:271.90999999999997 deg, derivative: -0.17000000000001592, turnSpeed: 3.8199999999999363
2026-06-24 22:45:51,445 - mazeUtils.moveTile - [moveTile.py:79] - DEBUG - Turned to heading: 271.90999999999997 deg
2026-06-24 22:45:51,555 - picamera2.picamera2 - [picamera2.py:1391] - DEBUG - Execute job: <picamera2.job.Job object at 0x7f95f15850>
2026-06-24 22:45:51,558 - mazeUtils.device.camera - [camera.py:39] - DEBUG - Average HSV: H=110.8, S=226.1, V=177.8
2026-06-24 22:45:51,597 - mazeUtils.moveTile - [moveTile.py:79] - DEBUG - roll: 359.68 deg, practicalMoveTime: 0.05188028923126711 sec
2026-06-24 22:45:51,598 - mazeUtils.moveTile - [moveTile.py:1763] - DEBUG - moveTile loop time: 50.9 ms
2026-06-24 22:45:51,605 - picamera2.picamera2 - [picamera2.py:1391] - DEBUG - Execute job: <picamera2.job.Job object at 0x7f95f160d0>
2026-06-24 22:45:51,609 - mazeUtils.device.camera - [camera.py:39] - DEBUG - Average HSV: H=110.9, S=230.0, V=178.9
2026-06-24 22:45:51,644 - mazeUtils.moveTile - [moveTile.py:79] - DEBUG - roll: 358.01 deg, practicalMoveTime: 0.09779616759646037 sec
2026-06-24 22:45:51,644 - mazeUtils.moveTile - [moveTile.py:1763] - DEBUG - moveTile loop time: 46.0 ms
2026-06-24 22:45:51,649 - picamera2.picamera2 - [picamera2.py:1391] - DEBUG - Execute job: <picamera2.job.Job object at 0x7f95f15850>
2026-06-24 22:45:51,653 - mazeUtils.device.camera - [camera.py:39] - DEBUG - Average HSV: H=110.8, S=230.7, V=177.2
2026-06-24 22:45:51,688 - mazeUtils.moveTile - [moveTile.py:79] - DEBUG - roll: 358.53 deg, practicalMoveTime: 0.14109841956188707 sec
2026-06-24 22:45:51,688 - mazeUtils.moveTile - [moveTile.py:1763] - DEBUG - moveTile loop time: 43.6 ms
2026-06-24 22:45:51,694 - picamera2.picamera2 - [picamera2.py:1391] - DEBUG - Execute job: <picamera2.job.Job object at 0x7f77a7a890>
2026-06-24 22:45:51,698 - mazeUtils.device.camera - [camera.py:39] - DEBUG - Average HSV: H=109.2, S=241.9, V=208.0
2026-06-24 22:45:51,730 - mazeUtils.moveTile - [moveTile.py:79] - DEBUG - roll: 359.92 deg, practicalMoveTime: 0.18276793205746134 sec
2026-06-24 22:45:51,730 - mazeUtils.moveTile - [moveTile.py:1763] - DEBUG - moveTile loop time: 41.9 ms
2026-06-24 22:45:51,735 - picamera2.picamera2 - [picamera2.py:1391] - DEBUG - Execute job: <picamera2.job.Job object at 0x7f77a7a850>
2026-06-24 22:45:51,738 - mazeUtils.device.camera - [camera.py:39] - DEBUG - Average HSV: H=109.5, S=246.9, V=203.2
2026-06-24 22:45:51,771 - mazeUtils.moveTile - [moveTile.py:79] - DEBUG - roll: 357.43 deg, practicalMoveTime: 0.2230882640071394 sec
2026-06-24 22:45:51,771 - mazeUtils.moveTile - [moveTile.py:1763] - DEBUG - moveTile loop time: 40.6 ms
2026-06-24 22:45:51,776 - picamera2.picamera2 - [picamera2.py:1391] - DEBUG - Execute job: <picamera2.job.Job object at 0x7f9705f750>
2026-06-24 22:45:51,780 - mazeUtils.device.camera - [camera.py:39] - DEBUG - Average HSV: H=109.9, S=253.0, V=202.0
2026-06-24 22:45:51,813 - mazeUtils.moveTile - [moveTile.py:79] - DEBUG - roll: 0.0 deg, practicalMoveTime: 0.2642418362678581 sec
2026-06-24 22:45:51,813 - mazeUtils.moveTile - [moveTile.py:1763] - DEBUG - moveTile loop time: 41.4 ms
2026-06-24 22:45:51,818 - picamera2.picamera2 - [picamera2.py:1391] - DEBUG - Execute job: <picamera2.job.Job object at 0x7f77a7a890>
2026-06-24 22:45:51,821 - mazeUtils.device.camera - [camera.py:39] - DEBUG - Average HSV: H=110.1, S=254.9, V=199.3
2026-06-24 22:45:51,905 - mazeUtils.moveTile - [moveTile.py:79] - DEBUG - Little forward to adjust position
2026-06-24 22:45:51,945 - mazeUtils.moveTile - [moveTile.py:1959] - INFO - Set moved vertical distance: -0.12701251151766008 cm, past distances: [(0, False), (0, False), (0, False)]
2026-06-24 22:45:52,041 - mazeUtils.moveTile - [moveTile.py:552] - DEBUG - Direction: absDirection.NORTH, Angle: 90, Distance: 18.19511026377882 cm
2026-06-24 22:45:52,042 - mazeUtils.moveTile - [moveTile.py:552] - DEBUG - Direction: absDirection.EAST, Angle: 0, Distance: 12.999951183295318 cm
2026-06-24 22:45:52,042 - mazeUtils.moveTile - [moveTile.py:574] - DEBUG - Front LiDAR distance: 12.999951183295318 cm, TSD10 distance: 1.4 cm
2026-06-24 22:45:52,043 - mazeUtils.moveTile - [moveTile.py:552] - DEBUG - Direction: absDirection.SOUTH, Angle: 270, Distance: 63.494335081161644 cm
2026-06-24 22:45:52,044 - mazeUtils.moveTile - [moveTile.py:552] - DEBUG - Direction: absDirection.WEST, Angle: 180, Distance: 53.173935089191005 cm
2026-06-24 22:45:52,045 - mazeUtils.moveTile - [moveTile.py:2119] - INFO - Tile color detection, decided tile type: E
2026-06-24 22:45:52,106 - __main__ - [main.py:105] - INFO - Current position: (21, 15, 0), front direction: absDirection.EAST
Layer 0 (altitude=0.0cm, offset=(0.0cm, 0.0cm)):
Known map area: x=20..21, y=15..20
+---+---+
  E   @ |
+   +   +
  E | U  
+   +   +
  U   U  
+   +   +
  U   U  
+   +   +
  E | U  
+   +   +
| S | U  
+---+   +
mazeAsGraph[0][15][20] = {absDirection.NORTH: None, absDirection.EAST: (21, 15, 0, 30), absDirection.SOUTH: (20, 16, 0, 30), absDirection.WEST: (19, 15, 0, 30)}
mazeAsGraph[0][15][21] = {absDirection.NORTH: None, absDirection.EAST: None, absDirection.SOUTH: (21, 16, 0, 30), absDirection.WEST: (20, 15, 0, 30)}
mazeAsGraph[0][16][20] = {absDirection.NORTH: (20, 15, 0, 30), absDirection.EAST: None, absDirection.SOUTH: (20, 19, 0, 90), absDirection.WEST: (19, 16, 0, 30)}
mazeAsGraph[0][19][20] = {absDirection.NORTH: (20, 16, 0, 90), absDirection.EAST: None, absDirection.SOUTH: (20, 20, 0, 30), absDirection.WEST: (19, 19, 0, 30)}
mazeAsGraph[0][20][20] = {absDirection.NORTH: (20, 19, 0, 30), absDirection.EAST: None, absDirection.SOUTH: None, absDirection.WEST: None}
2026-06-24 22:45:52,111 - mazeUtils.mazeMap - [mazeMap.py:61] - INFO - next goal: (21, 16, 0)
2026-06-24 22:45:52,117 - mazeUtils.moveTile - [moveTile.py:79] - DEBUG - Moving to absDirection.SOUTH from (21, 15, 0) facing absDirection.EAST
2026-06-24 22:45:52,142 - mazeUtils.moveTile - [moveTile.py:79] - DEBUG - current heading: 270.38 target: 180
2026-06-24 22:45:53,754 - __main__ - [main.py:170] - INFO - Program interrupted by user.
2026-06-24 22:45:54,821 - mazeUtils.device.stm - [stm.py:216] - DEBUG - ACK resynchronized: type=STS_MOTOR dropped=8B seq=56
2026-06-24 22:45:54,835 - picamera2.picamera2 - [picamera2.py:1391] - DEBUG - Execute job: <picamera2.job.Job object at 0x7fbb748dd0>
2026-06-24 22:45:54,851 - picamera2.picamera2 - [picamera2.py:1323] - INFO - Camera stopped
2026-06-24 22:45:55,052 - picamera2.picamera2 - [picamera2.py:1329] - DEBUG - Camera was not started
2026-06-24 22:45:55,255 - picamera2.picamera2 - [picamera2.py:723] - INFO - Camera closed successfully.
2026-06-24 22:45:55,526 - picamera2.picamera2 - [picamera2.py:500] - DEBUG - Resources now free: <picamera2.picamera2.Picamera2 object at 0x7fa7ea70d0>
