2026-06-25 00:50:59,779 - root - [logging_config.py:61] - INFO - Logging initialized. Log file: /home/tuton/Kanto2026RPi/src/config/../logs/robot_20260625_005057.log
2026-06-25 00:51:02,240 - mazeUtils.device.LiDAR - [LiDAR.py:36] - INFO - Available ports: <ydlidar.Str2strMap; proxy of <Swig Object of type 'std::map< std::string,std::string > *' at 0x7fb22bb2a0> >
2026-06-25 00:51:06,245 - mazeUtils.moveTile - [moveTile.py:553] - DEBUG - Direction: absDirection.NORTH, Angle: 0, Distance: 165.70608737195238 cm
2026-06-25 00:51:06,246 - mazeUtils.moveTile - [moveTile.py:578] - DEBUG - Front LiDAR distance: 165.70608737195238 cm, TSD10 distance: 159.1 cm
2026-06-25 00:51:06,247 - mazeUtils.moveTile - [moveTile.py:553] - DEBUG - Direction: absDirection.EAST, Angle: 270, Distance: 166.94642442869974 cm
2026-06-25 00:51:06,249 - mazeUtils.moveTile - [moveTile.py:553] - DEBUG - Direction: absDirection.SOUTH, Angle: 180, Distance: 17.136202481006023 cm
2026-06-25 00:51:06,250 - mazeUtils.moveTile - [moveTile.py:553] - DEBUG - Direction: absDirection.WEST, Angle: 90, Distance: 16.52978163538049 cm
2026-06-25 00:51:06,250 - __main__ - [main.py:68] - INFO - Initial Map:
2026-06-25 00:51:06,265 - __main__ - [main.py:69] - INFO - Current position: (20, 20, 0), front direction: absDirection.NORTH
Layer 0 (altitude=0.0cm, offset=(0.0cm, 0.0cm)):
Known map area: x=20..20, y=20..20
+   +
| @  
+---+
mazeAsGraph[0][20][20] = {absDirection.NORTH: (20, 19, 0, 30), absDirection.EAST: (21, 20, 0, 30), absDirection.SOUTH: None, absDirection.WEST: None}
2026-06-25 00:51:07,484 - mazeUtils.mazeMap - [mazeMap.py:61] - INFO - next goal: (20, 19, 0)
2026-06-25 00:51:07,485 - __main__ - [main.py:73] - INFO - Next Direction: [<absDirection.NORTH: 0>]
2026-06-25 00:51:07,485 - __main__ - [main.py:74] - INFO - Exploration started.
2026-06-25 00:51:07,486 - mazeUtils.mazeMap - [mazeMap.py:61] - INFO - next goal: (20, 20, 0)
2026-06-25 00:51:07,493 - mazeUtils.moveTile - [moveTile.py:79] - DEBUG - Moving to absDirection.NORTH from (20, 20, 0) facing absDirection.NORTH
2026-06-25 00:51:07,518 - mazeUtils.moveTile - [moveTile.py:79] - DEBUG - current heading: 0.060000000000002274 target: 0
2026-06-25 00:51:07,536 - mazeUtils.moveTile - [moveTile.py:427] - DEBUG - stopped turning at heading: 0.060000000000002274, diff: 0.060000000000002274
2026-06-25 00:51:07,580 - mazeUtils.moveTile - [moveTile.py:79] - DEBUG - Turned to heading: 0.060000000000002274 deg
2026-06-25 00:51:07,755 - mazeUtils.moveTile - [moveTile.py:79] - DEBUG - Little backward to adjust position
2026-06-25 00:51:08,249 - picamera2.picamera2 - [picamera2.py:1391] - DEBUG - Execute job: <picamera2.job.Job object at 0x7f9a1f7650>
2026-06-25 00:51:08,256 - mazeUtils.device.camera - [camera.py:39] - DEBUG - Average HSV: H=149.1, S=18.6, V=211.1
2026-06-25 00:51:08,287 - mazeUtils.moveTile - [moveTile.py:79] - DEBUG - roll: 0.5500000000000114 deg, practicalMoveTime: 0.04490477613728803 sec
2026-06-25 00:51:08,287 - mazeUtils.moveTile - [moveTile.py:1804] - DEBUG - moveTile loop time: 44.2 ms
2026-06-25 00:51:08,298 - picamera2.picamera2 - [picamera2.py:1391] - DEBUG - Execute job: <picamera2.job.Job object at 0x7f98318a50>
2026-06-25 00:51:08,303 - mazeUtils.device.camera - [camera.py:39] - DEBUG - Average HSV: H=152.9, S=18.5, V=211.2
2026-06-25 00:51:08,352 - mazeUtils.moveTile - [moveTile.py:79] - DEBUG - roll: 0.18000000000000682 deg, practicalMoveTime: 0.10937865536594413 sec
2026-06-25 00:51:08,352 - mazeUtils.moveTile - [moveTile.py:1804] - DEBUG - moveTile loop time: 64.4 ms
2026-06-25 00:51:08,357 - picamera2.picamera2 - [picamera2.py:1391] - DEBUG - Execute job: <picamera2.job.Job object at 0x7f991d75d0>
2026-06-25 00:51:08,361 - mazeUtils.device.camera - [camera.py:39] - DEBUG - Average HSV: H=152.8, S=18.0, V=211.8
2026-06-25 00:51:08,398 - mazeUtils.moveTile - [moveTile.py:79] - DEBUG - roll: 358.94 deg, practicalMoveTime: 0.15515240549250847 sec
2026-06-25 00:51:08,399 - mazeUtils.moveTile - [moveTile.py:1804] - DEBUG - moveTile loop time: 46.1 ms
2026-06-25 00:51:08,404 - picamera2.picamera2 - [picamera2.py:1391] - DEBUG - Execute job: <picamera2.job.Job object at 0x7f991d7590>
2026-06-25 00:51:08,407 - mazeUtils.device.camera - [camera.py:39] - DEBUG - Average HSV: H=147.3, S=18.5, V=212.1
2026-06-25 00:51:08,466 - mazeUtils.moveTile - [moveTile.py:835] - INFO - Moving backward before dropping rescue kit
2026-06-25 00:51:09,009 - mazeUtils.moveTile - [moveTile.py:844] - INFO - Detected victim info ahead: {<Side.LEFT: 0>: <UnitVStatus.R_VICTIM: 6>, <Side.RIGHT: 1>: <UnitVStatus.NOTHING: 0>}
2026-06-25 00:51:14,170 - mazeUtils.moveTile - [moveTile.py:79] - DEBUG - Turning to 0.3100000000000023 deg, current heading: 0.3100000000000023 deg, turnAngle: 0.0 deg
2026-06-25 00:51:14,195 - mazeUtils.moveTile - [moveTile.py:79] - DEBUG - Turned to heading: 0.3100000000000023 deg
2026-06-25 00:51:15,018 - mazeUtils.moveTile - [moveTile.py:79] - DEBUG - Turning to 0.35000000000002274 deg, current heading: 0.35000000000002274 deg, turnAngle: 0.0 deg
2026-06-25 00:51:15,038 - mazeUtils.moveTile - [moveTile.py:79] - DEBUG - Turned to heading: 0.35000000000002274 deg
2026-06-25 00:51:15,851 - mazeUtils.moveTile - [moveTile.py:79] - DEBUG - Turning to 0.3100000000000023 deg, current heading: 0.37000000000000455 deg, turnAngle: 0.060000000000002274 deg
2026-06-25 00:51:15,870 - mazeUtils.moveTile - [moveTile.py:79] - DEBUG - Turned to heading: 0.37000000000000455 deg
2026-06-25 00:51:16,409 - mazeUtils.moveTile - [moveTile.py:79] - DEBUG - roll: 359.43 deg, practicalMoveTime: 0.15515240549250847 sec
2026-06-25 00:51:16,410 - mazeUtils.moveTile - [moveTile.py:1804] - DEBUG - moveTile loop time: 8011.3 ms
2026-06-25 00:51:16,415 - picamera2.picamera2 - [picamera2.py:1391] - DEBUG - Execute job: <picamera2.job.Job object at 0x7f7aac2290>
2026-06-25 00:51:16,420 - mazeUtils.device.camera - [camera.py:39] - DEBUG - Average HSV: H=148.9, S=16.3, V=218.8
2026-06-25 00:51:16,454 - mazeUtils.moveTile - [moveTile.py:79] - DEBUG - roll: 359.77000000000004 deg, practicalMoveTime: 0.1987911347689801 sec
2026-06-25 00:51:16,455 - mazeUtils.moveTile - [moveTile.py:1804] - DEBUG - moveTile loop time: 43.8 ms
2026-06-25 00:51:16,459 - picamera2.picamera2 - [picamera2.py:1391] - DEBUG - Execute job: <picamera2.job.Job object at 0x7f7aac2650>
2026-06-25 00:51:16,465 - mazeUtils.device.camera - [camera.py:39] - DEBUG - Average HSV: H=148.4, S=16.4, V=219.2
2026-06-25 00:51:16,501 - mazeUtils.moveTile - [moveTile.py:79] - DEBUG - roll: 359.39000000000004 deg, practicalMoveTime: 0.24483985315039333 sec
2026-06-25 00:51:16,502 - mazeUtils.moveTile - [moveTile.py:1804] - DEBUG - moveTile loop time: 46.7 ms
2026-06-25 00:51:16,513 - picamera2.picamera2 - [picamera2.py:1391] - DEBUG - Execute job: <picamera2.job.Job object at 0x7f9915e350>
2026-06-25 00:51:16,519 - mazeUtils.device.camera - [camera.py:39] - DEBUG - Average HSV: H=150.2, S=16.2, V=219.2
2026-06-25 00:51:16,555 - mazeUtils.moveTile - [moveTile.py:79] - DEBUG - roll: 0.4900000000000091 deg, practicalMoveTime: 0.2978712384565121 sec
2026-06-25 00:51:16,556 - mazeUtils.moveTile - [moveTile.py:1804] - DEBUG - moveTile loop time: 53.4 ms
2026-06-25 00:51:16,560 - picamera2.picamera2 - [picamera2.py:1391] - DEBUG - Execute job: <picamera2.job.Job object at 0x7fb26c24d0>
2026-06-25 00:51:16,565 - mazeUtils.device.camera - [camera.py:39] - DEBUG - Average HSV: H=150.3, S=16.3, V=220.3
2026-06-25 00:51:16,607 - mazeUtils.moveTile - [moveTile.py:79] - DEBUG - roll: 359.04 deg, practicalMoveTime: 0.3494468233626304 sec
2026-06-25 00:51:16,608 - mazeUtils.moveTile - [moveTile.py:1804] - DEBUG - moveTile loop time: 51.8 ms
2026-06-25 00:51:16,613 - picamera2.picamera2 - [picamera2.py:1391] - DEBUG - Execute job: <picamera2.job.Job object at 0x7f9915e350>
2026-06-25 00:51:16,619 - mazeUtils.device.camera - [camera.py:39] - DEBUG - Average HSV: H=148.6, S=17.1, V=221.5
2026-06-25 00:51:16,656 - mazeUtils.moveTile - [moveTile.py:79] - DEBUG - roll: 0.17000000000001592 deg, practicalMoveTime: 0.39725299822877425 sec
2026-06-25 00:51:16,657 - mazeUtils.moveTile - [moveTile.py:1804] - DEBUG - moveTile loop time: 48.3 ms
2026-06-25 00:51:16,663 - picamera2.picamera2 - [picamera2.py:1391] - DEBUG - Execute job: <picamera2.job.Job object at 0x7f7aac25d0>
2026-06-25 00:51:16,667 - mazeUtils.device.camera - [camera.py:39] - DEBUG - Average HSV: H=151.1, S=16.6, V=222.5
2026-06-25 00:51:16,704 - mazeUtils.moveTile - [moveTile.py:79] - DEBUG - roll: 358.34000000000003 deg, practicalMoveTime: 0.4444953147642534 sec
2026-06-25 00:51:16,705 - mazeUtils.moveTile - [moveTile.py:1804] - DEBUG - moveTile loop time: 47.8 ms
2026-06-25 00:51:16,709 - picamera2.picamera2 - [picamera2.py:1391] - DEBUG - Execute job: <picamera2.job.Job object at 0x7f9915e350>
2026-06-25 00:51:16,714 - mazeUtils.device.camera - [camera.py:39] - DEBUG - Average HSV: H=149.8, S=16.3, V=224.2
2026-06-25 00:51:16,756 - mazeUtils.moveTile - [moveTile.py:79] - DEBUG - roll: 358.81 deg, practicalMoveTime: 0.49524058275674426 sec
2026-06-25 00:51:16,757 - mazeUtils.moveTile - [moveTile.py:1804] - DEBUG - moveTile loop time: 51.3 ms
2026-06-25 00:51:16,767 - picamera2.picamera2 - [picamera2.py:1391] - DEBUG - Execute job: <picamera2.job.Job object at 0x7f7aac2650>
2026-06-25 00:51:16,772 - mazeUtils.device.camera - [camera.py:39] - DEBUG - Average HSV: H=152.2, S=16.5, V=223.0
2026-06-25 00:51:16,808 - mazeUtils.moveTile - [moveTile.py:79] - DEBUG - roll: 0.29000000000002046 deg, practicalMoveTime: 0.5466792783800165 sec
2026-06-25 00:51:16,809 - mazeUtils.moveTile - [moveTile.py:1804] - DEBUG - moveTile loop time: 51.7 ms
2026-06-25 00:51:16,820 - picamera2.picamera2 - [picamera2.py:1391] - DEBUG - Execute job: <picamera2.job.Job object at 0x7f7aac25d0>
2026-06-25 00:51:16,824 - mazeUtils.device.camera - [camera.py:39] - DEBUG - Average HSV: H=149.8, S=15.6, V=225.1
2026-06-25 00:51:16,862 - mazeUtils.moveTile - [moveTile.py:79] - DEBUG - roll: 359.26000000000005 deg, practicalMoveTime: 0.5996333734448929 sec
2026-06-25 00:51:16,863 - mazeUtils.moveTile - [moveTile.py:1804] - DEBUG - moveTile loop time: 52.9 ms
2026-06-25 00:51:16,869 - picamera2.picamera2 - [picamera2.py:1391] - DEBUG - Execute job: <picamera2.job.Job object at 0x7f9915e350>
2026-06-25 00:51:16,874 - mazeUtils.device.camera - [camera.py:39] - DEBUG - Average HSV: H=149.2, S=15.8, V=225.8
2026-06-25 00:51:16,914 - mazeUtils.moveTile - [moveTile.py:79] - DEBUG - roll: 0.7200000000000273 deg, practicalMoveTime: 0.6507946030829451 sec
2026-06-25 00:51:16,915 - mazeUtils.moveTile - [moveTile.py:1804] - DEBUG - moveTile loop time: 51.4 ms
2026-06-25 00:51:16,920 - picamera2.picamera2 - [picamera2.py:1391] - DEBUG - Execute job: <picamera2.job.Job object at 0x7f7aac2750>
2026-06-25 00:51:16,926 - mazeUtils.device.camera - [camera.py:39] - DEBUG - Average HSV: H=150.9, S=16.0, V=223.3
2026-06-25 00:51:16,964 - mazeUtils.moveTile - [moveTile.py:79] - DEBUG - roll: 358.99 deg, practicalMoveTime: 0.6994356877638004 sec
2026-06-25 00:51:16,964 - mazeUtils.moveTile - [moveTile.py:1804] - DEBUG - moveTile loop time: 48.9 ms
2026-06-25 00:51:16,970 - picamera2.picamera2 - [picamera2.py:1391] - DEBUG - Execute job: <picamera2.job.Job object at 0x7f991d75d0>
2026-06-25 00:51:16,974 - mazeUtils.device.camera - [camera.py:39] - DEBUG - Average HSV: H=148.3, S=16.1, V=224.0
2026-06-25 00:51:17,017 - mazeUtils.moveTile - [moveTile.py:79] - DEBUG - roll: 1.1000000000000227 deg, practicalMoveTime: 0.7522580815490257 sec
2026-06-25 00:51:17,018 - mazeUtils.moveTile - [moveTile.py:1804] - DEBUG - moveTile loop time: 53.2 ms
2026-06-25 00:51:17,023 - picamera2.picamera2 - [picamera2.py:1391] - DEBUG - Execute job: <picamera2.job.Job object at 0x7f7aac2450>
2026-06-25 00:51:17,028 - mazeUtils.device.camera - [camera.py:39] - DEBUG - Average HSV: H=148.9, S=15.9, V=224.3
2026-06-25 00:51:17,065 - mazeUtils.moveTile - [moveTile.py:79] - DEBUG - roll: 0.5800000000000409 deg, practicalMoveTime: 0.7992473938318719 sec
2026-06-25 00:51:17,065 - mazeUtils.moveTile - [moveTile.py:1804] - DEBUG - moveTile loop time: 47.2 ms
2026-06-25 00:51:17,075 - picamera2.picamera2 - [picamera2.py:1391] - DEBUG - Execute job: <picamera2.job.Job object at 0x7f7aac2690>
2026-06-25 00:51:17,080 - mazeUtils.device.camera - [camera.py:39] - DEBUG - Average HSV: H=149.0, S=15.7, V=224.9
2026-06-25 00:51:17,116 - mazeUtils.moveTile - [moveTile.py:79] - DEBUG - roll: 359.54 deg, practicalMoveTime: 0.8497216294181393 sec
2026-06-25 00:51:17,117 - mazeUtils.moveTile - [moveTile.py:1804] - DEBUG - moveTile loop time: 50.8 ms
2026-06-25 00:51:17,123 - picamera2.picamera2 - [picamera2.py:1391] - DEBUG - Execute job: <picamera2.job.Job object at 0x7fb26c24d0>
2026-06-25 00:51:17,127 - mazeUtils.device.camera - [camera.py:39] - DEBUG - Average HSV: H=149.5, S=15.3, V=225.5
2026-06-25 00:51:17,169 - mazeUtils.moveTile - [moveTile.py:1651] - INFO - practicalVerticalMove: -0.011250471248310275 CM
2026-06-25 00:51:17,213 - mazeUtils.moveTile - [moveTile.py:2014] - INFO - Set moved vertical distance: -0.011250471248310275 cm, past distances: [(0, False), (0, False), (0, False)]
2026-06-25 00:51:17,361 - mazeUtils.moveTile - [moveTile.py:553] - DEBUG - Direction: absDirection.NORTH, Angle: 0, Distance: 135.14857112225226 cm
2026-06-25 00:51:17,362 - mazeUtils.moveTile - [moveTile.py:578] - DEBUG - Front LiDAR distance: 135.14857112225226 cm, TSD10 distance: 123.1 cm
2026-06-25 00:51:17,364 - mazeUtils.moveTile - [moveTile.py:553] - DEBUG - Direction: absDirection.EAST, Angle: 270, Distance: 17.40950664952223 cm
2026-06-25 00:51:17,366 - mazeUtils.moveTile - [moveTile.py:553] - DEBUG - Direction: absDirection.SOUTH, Angle: 180, Distance: 54.964546729230754 cm
2026-06-25 00:51:17,369 - mazeUtils.moveTile - [moveTile.py:553] - DEBUG - Direction: absDirection.WEST, Angle: 90, Distance: 16.692018919698814 cm
2026-06-25 00:51:17,372 - mazeUtils.moveTile - [moveTile.py:2169] - INFO - Tile color detection, decided tile type: E
2026-06-25 00:51:17,448 - __main__ - [main.py:105] - INFO - Current position: (20, 19, 0), front direction: absDirection.NORTH
Layer 0 (altitude=0.0cm, offset=(0.0cm, 0.0cm)):
Known map area: x=20..20, y=19..20
+   +
| @ |
+   +
| S  
+---+
mazeAsGraph[0][19][20] = {absDirection.NORTH: (20, 18, 0, 30), absDirection.EAST: None, absDirection.SOUTH: (20, 20, 0, 30), absDirection.WEST: None}
mazeAsGraph[0][20][20] = {absDirection.NORTH: (20, 19, 0, 30), absDirection.EAST: (21, 20, 0, 30), absDirection.SOUTH: None, absDirection.WEST: None}
2026-06-25 00:51:17,456 - mazeUtils.mazeMap - [mazeMap.py:61] - INFO - next goal: (20, 18, 0)
2026-06-25 00:51:17,457 - mazeUtils.mazeMap - [mazeMap.py:61] - INFO - next goal: (20, 20, 0)
2026-06-25 00:51:17,466 - mazeUtils.moveTile - [moveTile.py:79] - DEBUG - Moving to absDirection.NORTH from (20, 19, 0) facing absDirection.SOUTH
2026-06-25 00:51:17,473 - mazeUtils.moveTile - [moveTile.py:79] - DEBUG - Turning to 0 deg, current heading: 0.9800000000000182 deg, turnAngle: 0.9800000000000182 deg
2026-06-25 00:51:17,500 - mazeUtils.moveTile - [moveTile.py:79] - DEBUG - Turned to heading: 0.9800000000000182 deg
2026-06-25 00:51:17,740 - picamera2.picamera2 - [picamera2.py:1391] - DEBUG - Execute job: <picamera2.job.Job object at 0x7f9924e250>
2026-06-25 00:51:17,744 - mazeUtils.device.camera - [camera.py:39] - DEBUG - Average HSV: H=147.8, S=15.6, V=227.3
2026-06-25 00:51:17,783 - mazeUtils.moveTile - [moveTile.py:79] - DEBUG - roll: 0.040000000000020464 deg, practicalMoveTime: 0.05259059578078988 sec
2026-06-25 00:51:17,783 - mazeUtils.moveTile - [moveTile.py:1804] - DEBUG - moveTile loop time: 50.8 ms
2026-06-25 00:51:17,795 - picamera2.picamera2 - [picamera2.py:1391] - DEBUG - Execute job: <picamera2.job.Job object at 0x7f9924e250>
2026-06-25 00:51:17,801 - mazeUtils.device.camera - [camera.py:39] - DEBUG - Average HSV: H=150.5, S=14.9, V=228.3
2026-06-25 00:51:17,837 - mazeUtils.moveTile - [moveTile.py:79] - DEBUG - roll: 2.3700000000000045 deg, practicalMoveTime: 0.1059493232106978 sec
2026-06-25 00:51:17,837 - mazeUtils.moveTile - [moveTile.py:1804] - DEBUG - moveTile loop time: 53.7 ms
2026-06-25 00:51:17,842 - picamera2.picamera2 - [picamera2.py:1391] - DEBUG - Execute job: <picamera2.job.Job object at 0x7f9924e310>
2026-06-25 00:51:17,847 - mazeUtils.device.camera - [camera.py:39] - DEBUG - Average HSV: H=144.1, S=19.3, V=224.8
2026-06-25 00:51:17,886 - mazeUtils.moveTile - [moveTile.py:79] - DEBUG - roll: 1.0300000000000296 deg, practicalMoveTime: 0.1540834461965502 sec
2026-06-25 00:51:17,886 - mazeUtils.moveTile - [moveTile.py:1804] - DEBUG - moveTile loop time: 48.4 ms
2026-06-25 00:51:17,892 - picamera2.picamera2 - [picamera2.py:1391] - DEBUG - Execute job: <picamera2.job.Job object at 0x7fab1c2dd0>
2026-06-25 00:51:17,897 - mazeUtils.device.camera - [camera.py:39] - DEBUG - Average HSV: H=126.6, S=40.0, V=214.5
2026-06-25 00:51:17,934 - mazeUtils.moveTile - [moveTile.py:79] - DEBUG - roll: 0.5900000000000318 deg, practicalMoveTime: 0.2013726462866468 sec
2026-06-25 00:51:17,934 - mazeUtils.moveTile - [moveTile.py:1804] - DEBUG - moveTile loop time: 47.5 ms
2026-06-25 00:51:17,941 - picamera2.picamera2 - [picamera2.py:1391] - DEBUG - Execute job: <picamera2.job.Job object at 0x7f9a26e9d0>
2026-06-25 00:51:17,946 - mazeUtils.device.camera - [camera.py:39] - DEBUG - Average HSV: H=119.6, S=45.4, V=200.5
2026-06-25 00:51:17,983 - mazeUtils.moveTile - [moveTile.py:79] - DEBUG - roll: 358.33000000000004 deg, practicalMoveTime: 0.24992951099752755 sec
2026-06-25 00:51:17,983 - mazeUtils.moveTile - [moveTile.py:1804] - DEBUG - moveTile loop time: 48.9 ms
2026-06-25 00:51:17,989 - picamera2.picamera2 - [picamera2.py:1391] - DEBUG - Execute job: <picamera2.job.Job object at 0x7f9a2d0990>
2026-06-25 00:51:17,994 - mazeUtils.device.camera - [camera.py:39] - DEBUG - Average HSV: H=117.0, S=69.9, V=196.8
2026-06-25 00:51:18,026 - mazeUtils.moveTile - [moveTile.py:79] - DEBUG - roll: 359.3 deg, practicalMoveTime: 0.29278413460740377 sec
2026-06-25 00:51:18,027 - mazeUtils.moveTile - [moveTile.py:1804] - DEBUG - moveTile loop time: 43.0 ms
2026-06-25 00:51:18,038 - picamera2.picamera2 - [picamera2.py:1391] - DEBUG - Execute job: <picamera2.job.Job object at 0x7fa8566890>
2026-06-25 00:51:18,042 - mazeUtils.device.camera - [camera.py:39] - DEBUG - Average HSV: H=119.4, S=47.2, V=206.9
2026-06-25 00:51:18,077 - mazeUtils.moveTile - [moveTile.py:79] - DEBUG - roll: 0.7100000000000364 deg, practicalMoveTime: 0.3429033777849054 sec
2026-06-25 00:51:18,078 - mazeUtils.moveTile - [moveTile.py:1804] - DEBUG - moveTile loop time: 50.4 ms
2026-06-25 00:51:18,091 - picamera2.picamera2 - [picamera2.py:1391] - DEBUG - Execute job: <picamera2.job.Job object at 0x7fbe999090>
2026-06-25 00:51:18,095 - mazeUtils.device.camera - [camera.py:39] - DEBUG - Average HSV: H=117.8, S=51.9, V=220.8
2026-06-25 00:51:18,130 - mazeUtils.moveTile - [moveTile.py:79] - DEBUG - roll: 359.34000000000003 deg, practicalMoveTime: 0.3950128709668077 sec
2026-06-25 00:51:18,130 - mazeUtils.moveTile - [moveTile.py:1804] - DEBUG - moveTile loop time: 51.7 ms
2026-06-25 00:51:18,135 - picamera2.picamera2 - [picamera2.py:1391] - DEBUG - Execute job: <picamera2.job.Job object at 0x7fb26c24d0>
2026-06-25 00:51:18,139 - mazeUtils.device.camera - [camera.py:39] - DEBUG - Average HSV: H=116.7, S=54.0, V=226.5
2026-06-25 00:51:18,174 - mazeUtils.moveTile - [moveTile.py:79] - DEBUG - roll: 359.83000000000004 deg, practicalMoveTime: 0.43873260503358336 sec
2026-06-25 00:51:18,175 - mazeUtils.moveTile - [moveTile.py:1804] - DEBUG - moveTile loop time: 44.5 ms
2026-06-25 00:51:18,182 - picamera2.picamera2 - [picamera2.py:1391] - DEBUG - Execute job: <picamera2.job.Job object at 0x7fa8566890>
2026-06-25 00:51:18,190 - mazeUtils.device.camera - [camera.py:39] - DEBUG - Average HSV: H=131.2, S=42.5, V=195.2
2026-06-25 00:51:18,227 - mazeUtils.moveTile - [moveTile.py:79] - DEBUG - roll: 0.160000000000025 deg, practicalMoveTime: 0.49081881045192 sec
2026-06-25 00:51:18,228 - mazeUtils.moveTile - [moveTile.py:1804] - DEBUG - moveTile loop time: 51.7 ms
2026-06-25 00:51:18,234 - picamera2.picamera2 - [picamera2.py:1391] - DEBUG - Execute job: <picamera2.job.Job object at 0x7fb26c24d0>
2026-06-25 00:51:18,238 - mazeUtils.device.camera - [camera.py:39] - DEBUG - Average HSV: H=131.9, S=36.8, V=208.1
2026-06-25 00:51:18,275 - mazeUtils.moveTile - [moveTile.py:79] - DEBUG - roll: 359.53000000000003 deg, practicalMoveTime: 0.5376052269510992 sec
2026-06-25 00:51:18,276 - mazeUtils.moveTile - [moveTile.py:1804] - DEBUG - moveTile loop time: 46.9 ms
2026-06-25 00:51:18,280 - picamera2.picamera2 - [picamera2.py:1391] - DEBUG - Execute job: <picamera2.job.Job object at 0x7fbe999090>
2026-06-25 00:51:18,284 - mazeUtils.device.camera - [camera.py:39] - DEBUG - Average HSV: H=121.1, S=41.1, V=200.2
2026-06-25 00:51:18,321 - mazeUtils.moveTile - [moveTile.py:79] - DEBUG - roll: 0.8900000000000432 deg, practicalMoveTime: 0.5824086136098435 sec
2026-06-25 00:51:18,321 - mazeUtils.moveTile - [moveTile.py:1804] - DEBUG - moveTile loop time: 44.5 ms
2026-06-25 00:51:18,326 - picamera2.picamera2 - [picamera2.py:1391] - DEBUG - Execute job: <picamera2.job.Job object at 0x7f9924e250>
2026-06-25 00:51:18,329 - mazeUtils.device.camera - [camera.py:39] - DEBUG - Average HSV: H=150.0, S=17.4, V=215.6
2026-06-25 00:51:18,364 - mazeUtils.moveTile - [moveTile.py:79] - DEBUG - roll: 0.5100000000000477 deg, practicalMoveTime: 0.6248619254264156 sec
2026-06-25 00:51:18,364 - mazeUtils.moveTile - [moveTile.py:1804] - DEBUG - moveTile loop time: 43.0 ms
2026-06-25 00:51:18,374 - picamera2.picamera2 - [picamera2.py:1391] - DEBUG - Execute job: <picamera2.job.Job object at 0x7fbe999090>
2026-06-25 00:51:18,377 - mazeUtils.device.camera - [camera.py:39] - DEBUG - Average HSV: H=146.2, S=18.1, V=216.2
2026-06-25 00:51:18,422 - mazeUtils.moveTile - [moveTile.py:79] - DEBUG - roll: 359.96000000000004 deg, practicalMoveTime: 0.6825586273328206 sec
2026-06-25 00:51:18,422 - mazeUtils.moveTile - [moveTile.py:1804] - DEBUG - moveTile loop time: 58.0 ms
2026-06-25 00:51:18,428 - picamera2.picamera2 - [picamera2.py:1391] - DEBUG - Execute job: <picamera2.job.Job object at 0x7fb27390d0>
2026-06-25 00:51:18,431 - mazeUtils.device.camera - [camera.py:39] - DEBUG - Average HSV: H=145.1, S=20.0, V=213.1
2026-06-25 00:51:18,468 - mazeUtils.moveTile - [moveTile.py:79] - DEBUG - roll: 1.1200000000000045 deg, practicalMoveTime: 0.7279303476598457 sec
2026-06-25 00:51:18,469 - mazeUtils.moveTile - [moveTile.py:1804] - DEBUG - moveTile loop time: 45.7 ms
2026-06-25 00:51:18,473 - picamera2.picamera2 - [picamera2.py:1391] - DEBUG - Execute job: <picamera2.job.Job object at 0x7f9a1ff510>
2026-06-25 00:51:18,476 - mazeUtils.device.camera - [camera.py:39] - DEBUG - Average HSV: H=141.9, S=23.0, V=212.8
2026-06-25 00:51:18,512 - mazeUtils.moveTile - [moveTile.py:79] - DEBUG - roll: 0.3300000000000409 deg, practicalMoveTime: 0.7715121560843115 sec
2026-06-25 00:51:18,513 - mazeUtils.moveTile - [moveTile.py:1804] - DEBUG - moveTile loop time: 44.0 ms
2026-06-25 00:51:18,521 - picamera2.picamera2 - [picamera2.py:1391] - DEBUG - Execute job: <picamera2.job.Job object at 0x7f9a26e9d0>
2026-06-25 00:51:18,525 - mazeUtils.device.camera - [camera.py:39] - DEBUG - Average HSV: H=134.3, S=41.2, V=200.8
2026-06-25 00:51:18,561 - mazeUtils.moveTile - [moveTile.py:79] - DEBUG - roll: 2.2000000000000455 deg, practicalMoveTime: 0.8197089067674727 sec
2026-06-25 00:51:18,562 - mazeUtils.moveTile - [moveTile.py:1804] - DEBUG - moveTile loop time: 48.2 ms
2026-06-25 00:51:18,567 - picamera2.picamera2 - [picamera2.py:1391] - DEBUG - Execute job: <picamera2.job.Job object at 0x7fb26c24d0>
2026-06-25 00:51:18,569 - mazeUtils.device.camera - [camera.py:39] - DEBUG - Average HSV: H=122.8, S=85.2, V=167.6
2026-06-25 00:51:18,610 - mazeUtils.moveTile - [moveTile.py:1651] - INFO - practicalVerticalMove: 0.2355005780399425 CM
2026-06-25 00:51:18,653 - mazeUtils.moveTile - [moveTile.py:2014] - INFO - Set moved vertical distance: 0.2355005780399425 cm, past distances: [(0, False), (0, False), (0, False)]
2026-06-25 00:51:18,800 - mazeUtils.moveTile - [moveTile.py:553] - DEBUG - Direction: absDirection.NORTH, Angle: 0, Distance: 101.86599666805367 cm
2026-06-25 00:51:18,800 - mazeUtils.moveTile - [moveTile.py:578] - DEBUG - Front LiDAR distance: 101.86599666805367 cm, TSD10 distance: 90.9 cm
2026-06-25 00:51:18,801 - mazeUtils.moveTile - [moveTile.py:553] - DEBUG - Direction: absDirection.EAST, Angle: 270, Distance: 126.3744504528447 cm
2026-06-25 00:51:18,802 - mazeUtils.moveTile - [moveTile.py:553] - DEBUG - Direction: absDirection.SOUTH, Angle: 180, Distance: 82.71029341575206 cm
2026-06-25 00:51:18,803 - mazeUtils.moveTile - [moveTile.py:553] - DEBUG - Direction: absDirection.WEST, Angle: 90, Distance: 16.88750798652001 cm
2026-06-25 00:51:18,805 - mazeUtils.moveTile - [moveTile.py:2169] - INFO - Tile color detection, decided tile type: E
2026-06-25 00:51:18,865 - __main__ - [main.py:105] - INFO - Current position: (20, 18, 0), front direction: absDirection.NORTH
Layer 0 (altitude=0.0cm, offset=(0.0cm, 0.0cm)):
Known map area: x=20..20, y=18..20
+   +
| @  
+   +
| E |
+   +
| S  
+---+
mazeAsGraph[0][18][20] = {absDirection.NORTH: (20, 17, 0, 30), absDirection.EAST: (21, 18, 0, 30), absDirection.SOUTH: (20, 19, 0, 30), absDirection.WEST: None}
mazeAsGraph[0][19][20] = {absDirection.NORTH: (20, 18, 0, 30), absDirection.EAST: None, absDirection.SOUTH: (20, 20, 0, 30), absDirection.WEST: None}
mazeAsGraph[0][20][20] = {absDirection.NORTH: (20, 19, 0, 30), absDirection.EAST: (21, 20, 0, 30), absDirection.SOUTH: None, absDirection.WEST: None}
2026-06-25 00:51:18,879 - mazeUtils.mazeMap - [mazeMap.py:61] - INFO - next goal: (20, 17, 0)
2026-06-25 00:51:18,880 - mazeUtils.mazeMap - [mazeMap.py:61] - INFO - next goal: (20, 20, 0)
2026-06-25 00:51:18,888 - mazeUtils.moveTile - [moveTile.py:79] - DEBUG - Moving to absDirection.NORTH from (20, 18, 0) facing absDirection.SOUTH
2026-06-25 00:51:18,893 - mazeUtils.moveTile - [moveTile.py:79] - DEBUG - Turning to 0 deg, current heading: 359.98 deg, turnAngle: -0.01999999999998181 deg
2026-06-25 00:51:18,914 - mazeUtils.moveTile - [moveTile.py:79] - DEBUG - Turned to heading: 359.98 deg
2026-06-25 00:51:19,130 - picamera2.picamera2 - [picamera2.py:1391] - DEBUG - Execute job: <picamera2.job.Job object at 0x7f9915e350>
2026-06-25 00:51:19,133 - mazeUtils.device.camera - [camera.py:39] - DEBUG - Average HSV: H=118.7, S=99.6, V=175.1
2026-06-25 00:51:19,173 - mazeUtils.moveTile - [moveTile.py:79] - DEBUG - roll: 0.18000000000000682 deg, practicalMoveTime: 0.04891890286470431 sec
2026-06-25 00:51:19,173 - mazeUtils.moveTile - [moveTile.py:1804] - DEBUG - moveTile loop time: 48.1 ms
2026-06-25 00:51:19,178 - picamera2.picamera2 - [picamera2.py:1391] - DEBUG - Execute job: <picamera2.job.Job object at 0x7f787234d0>
2026-06-25 00:51:19,183 - mazeUtils.device.camera - [camera.py:39] - DEBUG - Average HSV: H=119.0, S=99.3, V=173.3
2026-06-25 00:51:19,225 - mazeUtils.moveTile - [moveTile.py:79] - DEBUG - roll: 0.1400000000000432 deg, practicalMoveTime: 0.10056383010658199 sec
2026-06-25 00:51:19,225 - mazeUtils.moveTile - [moveTile.py:1804] - DEBUG - moveTile loop time: 52.0 ms
2026-06-25 00:51:19,233 - picamera2.picamera2 - [picamera2.py:1391] - DEBUG - Execute job: <picamera2.job.Job object at 0x7fa85a5ad0>
2026-06-25 00:51:19,236 - mazeUtils.device.camera - [camera.py:39] - DEBUG - Average HSV: H=117.0, S=126.6, V=167.3
2026-06-25 00:51:19,273 - mazeUtils.moveTile - [moveTile.py:79] - DEBUG - roll: 358.95000000000005 deg, practicalMoveTime: 0.14767728954966042 sec
2026-06-25 00:51:19,273 - mazeUtils.moveTile - [moveTile.py:1804] - DEBUG - moveTile loop time: 47.4 ms
2026-06-25 00:51:19,279 - picamera2.picamera2 - [picamera2.py:1391] - DEBUG - Execute job: <picamera2.job.Job object at 0x7fa85a79d0>
2026-06-25 00:51:19,282 - mazeUtils.device.camera - [camera.py:39] - DEBUG - Average HSV: H=114.3, S=164.3, V=161.1
2026-06-25 00:51:19,327 - mazeUtils.moveTile - [moveTile.py:79] - DEBUG - roll: 1.0699999999999932 deg, practicalMoveTime: 0.20156596208455052 sec
2026-06-25 00:51:19,328 - mazeUtils.moveTile - [moveTile.py:1804] - DEBUG - moveTile loop time: 54.3 ms
2026-06-25 00:51:19,333 - picamera2.picamera2 - [picamera2.py:1391] - DEBUG - Execute job: <picamera2.job.Job object at 0x7f787234d0>
2026-06-25 00:51:19,336 - mazeUtils.device.camera - [camera.py:39] - DEBUG - Average HSV: H=114.7, S=164.0, V=154.0
2026-06-25 00:51:19,376 - mazeUtils.moveTile - [moveTile.py:79] - DEBUG - roll: 359.11 deg, practicalMoveTime: 0.2503358116800413 sec
2026-06-25 00:51:19,377 - mazeUtils.moveTile - [moveTile.py:1804] - DEBUG - moveTile loop time: 49.0 ms
2026-06-25 00:51:19,382 - picamera2.picamera2 - [picamera2.py:1391] - DEBUG - Execute job: <picamera2.job.Job object at 0x7f9915e350>
2026-06-25 00:51:19,385 - mazeUtils.device.camera - [camera.py:39] - DEBUG - Average HSV: H=114.5, S=165.4, V=153.1
2026-06-25 00:51:19,422 - mazeUtils.moveTile - [moveTile.py:79] - DEBUG - roll: 0.3100000000000023 deg, practicalMoveTime: 0.29507226101149003 sec
2026-06-25 00:51:19,422 - mazeUtils.moveTile - [moveTile.py:1804] - DEBUG - moveTile loop time: 45.0 ms
2026-06-25 00:51:19,428 - picamera2.picamera2 - [picamera2.py:1391] - DEBUG - Execute job: <picamera2.job.Job object at 0x7fbecea690>
2026-06-25 00:51:19,431 - mazeUtils.device.camera - [camera.py:39] - DEBUG - Average HSV: H=115.0, S=164.0, V=150.2
2026-06-25 00:51:19,464 - mazeUtils.moveTile - [moveTile.py:79] - DEBUG - roll: 0.22000000000002728 deg, practicalMoveTime: 0.3370999734217759 sec
2026-06-25 00:51:19,465 - mazeUtils.moveTile - [moveTile.py:1804] - DEBUG - moveTile loop time: 42.6 ms
2026-06-25 00:51:19,475 - picamera2.picamera2 - [picamera2.py:1391] - DEBUG - Execute job: <picamera2.job.Job object at 0x7fa85a5ad0>
2026-06-25 00:51:19,478 - mazeUtils.device.camera - [camera.py:39] - DEBUG - Average HSV: H=114.4, S=168.1, V=150.3
2026-06-25 00:51:19,513 - mazeUtils.moveTile - [moveTile.py:79] - DEBUG - roll: 359.89000000000004 deg, practicalMoveTime: 0.38498503836151654 sec
2026-06-25 00:51:19,513 - mazeUtils.moveTile - [moveTile.py:1804] - DEBUG - moveTile loop time: 48.0 ms
2026-06-25 00:51:19,518 - picamera2.picamera2 - [picamera2.py:1391] - DEBUG - Execute job: <picamera2.job.Job object at 0x7fb26c24d0>
2026-06-25 00:51:19,521 - mazeUtils.device.camera - [camera.py:39] - DEBUG - Average HSV: H=114.1, S=170.7, V=152.7
2026-06-25 00:51:19,553 - mazeUtils.moveTile - [moveTile.py:79] - DEBUG - roll: 1.0900000000000318 deg, practicalMoveTime: 0.42453457767364233 sec
2026-06-25 00:51:19,553 - mazeUtils.moveTile - [moveTile.py:1804] - DEBUG - moveTile loop time: 39.8 ms
2026-06-25 00:51:19,560 - picamera2.picamera2 - [picamera2.py:1391] - DEBUG - Execute job: <picamera2.job.Job object at 0x7f99214850>
2026-06-25 00:51:19,564 - mazeUtils.device.camera - [camera.py:39] - DEBUG - Average HSV: H=114.6, S=169.5, V=146.5
2026-06-25 00:51:19,595 - mazeUtils.moveTile - [moveTile.py:79] - DEBUG - roll: 1.0300000000000296 deg, practicalMoveTime: 0.4665706326418187 sec
2026-06-25 00:51:19,596 - mazeUtils.moveTile - [moveTile.py:1804] - DEBUG - moveTile loop time: 42.4 ms
2026-06-25 00:51:19,601 - picamera2.picamera2 - [picamera2.py:1391] - DEBUG - Execute job: <picamera2.job.Job object at 0x7f78723450>
2026-06-25 00:51:19,604 - mazeUtils.device.camera - [camera.py:39] - DEBUG - Average HSV: H=114.0, S=172.1, V=151.1
2026-06-25 00:51:19,646 - mazeUtils.moveTile - [moveTile.py:79] - DEBUG - roll: 359.57 deg, practicalMoveTime: 0.5165057570840057 sec
2026-06-25 00:51:19,646 - mazeUtils.moveTile - [moveTile.py:1804] - DEBUG - moveTile loop time: 50.3 ms
2026-06-25 00:51:19,658 - picamera2.picamera2 - [picamera2.py:1391] - DEBUG - Execute job: <picamera2.job.Job object at 0x7f787234d0>
2026-06-25 00:51:19,661 - mazeUtils.device.camera - [camera.py:39] - DEBUG - Average HSV: H=114.3, S=171.1, V=146.6
2026-06-25 00:51:19,694 - mazeUtils.moveTile - [moveTile.py:79] - DEBUG - roll: 1.1299999999999955 deg, practicalMoveTime: 0.564215568520222 sec
2026-06-25 00:51:19,695 - mazeUtils.moveTile - [moveTile.py:1804] - DEBUG - moveTile loop time: 48.0 ms
2026-06-25 00:51:19,700 - picamera2.picamera2 - [picamera2.py:1391] - DEBUG - Execute job: <picamera2.job.Job object at 0x7f99214bd0>
2026-06-25 00:51:19,703 - mazeUtils.device.camera - [camera.py:39] - DEBUG - Average HSV: H=114.0, S=172.1, V=145.9
2026-06-25 00:51:19,737 - mazeUtils.moveTile - [moveTile.py:79] - DEBUG - roll: 0.6700000000000159 deg, practicalMoveTime: 0.6069638596957516 sec
2026-06-25 00:51:19,738 - mazeUtils.moveTile - [moveTile.py:1804] - DEBUG - moveTile loop time: 43.0 ms
2026-06-25 00:51:19,743 - picamera2.picamera2 - [picamera2.py:1391] - DEBUG - Execute job: <picamera2.job.Job object at 0x7f99214850>
2026-06-25 00:51:19,746 - mazeUtils.device.camera - [camera.py:39] - DEBUG - Average HSV: H=113.7, S=173.5, V=147.2
2026-06-25 00:51:19,781 - mazeUtils.moveTile - [moveTile.py:79] - DEBUG - roll: 0.7000000000000455 deg, practicalMoveTime: 0.6495882049881244 sec
2026-06-25 00:51:19,781 - mazeUtils.moveTile - [moveTile.py:1804] - DEBUG - moveTile loop time: 42.8 ms
2026-06-25 00:51:19,786 - picamera2.picamera2 - [picamera2.py:1391] - DEBUG - Execute job: <picamera2.job.Job object at 0x7fb26c24d0>
2026-06-25 00:51:19,789 - mazeUtils.device.camera - [camera.py:39] - DEBUG - Average HSV: H=114.5, S=173.2, V=139.0
2026-06-25 00:51:19,825 - mazeUtils.moveTile - [moveTile.py:79] - DEBUG - roll: 1.3199999999999932 deg, practicalMoveTime: 0.6934836195684057 sec
2026-06-25 00:51:19,825 - mazeUtils.moveTile - [moveTile.py:1804] - DEBUG - moveTile loop time: 44.2 ms
2026-06-25 00:51:19,834 - picamera2.picamera2 - [picamera2.py:1391] - DEBUG - Execute job: <picamera2.job.Job object at 0x7fbe9f1150>
2026-06-25 00:51:19,837 - mazeUtils.device.camera - [camera.py:39] - DEBUG - Average HSV: H=113.9, S=177.3, V=145.3
2026-06-25 00:51:19,874 - mazeUtils.moveTile - [moveTile.py:79] - DEBUG - roll: 1.1899999999999977 deg, practicalMoveTime: 0.7423075930038718 sec
2026-06-25 00:51:19,875 - mazeUtils.moveTile - [moveTile.py:1804] - DEBUG - moveTile loop time: 49.1 ms
2026-06-25 00:51:19,881 - picamera2.picamera2 - [picamera2.py:1391] - DEBUG - Execute job: <picamera2.job.Job object at 0x7fbecea690>
2026-06-25 00:51:19,884 - mazeUtils.device.camera - [camera.py:39] - DEBUG - Average HSV: H=113.3, S=182.9, V=148.1
2026-06-25 00:51:19,915 - mazeUtils.moveTile - [moveTile.py:79] - DEBUG - roll: 1.5200000000000387 deg, practicalMoveTime: 0.7821445522338316 sec
2026-06-25 00:51:19,915 - mazeUtils.moveTile - [moveTile.py:1804] - DEBUG - moveTile loop time: 40.1 ms
2026-06-25 00:51:19,920 - picamera2.picamera2 - [picamera2.py:1391] - DEBUG - Execute job: <picamera2.job.Job object at 0x7f78723450>
2026-06-25 00:51:19,923 - mazeUtils.device.camera - [camera.py:39] - DEBUG - Average HSV: H=113.6, S=182.4, V=144.0
2026-06-25 00:51:19,963 - mazeUtils.moveTile - [moveTile.py:79] - DEBUG - roll: 1.1400000000000432 deg, practicalMoveTime: 0.8304313622432927 sec
2026-06-25 00:51:19,964 - mazeUtils.moveTile - [moveTile.py:1804] - DEBUG - moveTile loop time: 48.7 ms
2026-06-25 00:51:19,968 - picamera2.picamera2 - [picamera2.py:1391] - DEBUG - Execute job: <picamera2.job.Job object at 0x7f78723450>
2026-06-25 00:51:19,972 - mazeUtils.device.camera - [camera.py:39] - DEBUG - Average HSV: H=113.0, S=187.8, V=150.4
2026-06-25 00:51:20,011 - mazeUtils.moveTile - [moveTile.py:1651] - INFO - practicalVerticalMove: 0.3061967406232056 CM
2026-06-25 00:51:20,056 - mazeUtils.moveTile - [moveTile.py:2014] - INFO - Set moved vertical distance: 0.3061967406232056 cm, past distances: [(0, False), (0, False), (0, False)]
2026-06-25 00:51:20,207 - mazeUtils.moveTile - [moveTile.py:553] - DEBUG - Direction: absDirection.NORTH, Angle: 0, Distance: 70.99286877913637 cm
2026-06-25 00:51:20,207 - mazeUtils.moveTile - [moveTile.py:578] - DEBUG - Front LiDAR distance: 70.99286877913637 cm, TSD10 distance: 59.2 cm
2026-06-25 00:51:20,208 - mazeUtils.moveTile - [moveTile.py:553] - DEBUG - Direction: absDirection.EAST, Angle: 270, Distance: 129.78425540648826 cm
2026-06-25 00:51:20,209 - mazeUtils.moveTile - [moveTile.py:553] - DEBUG - Direction: absDirection.SOUTH, Angle: 180, Distance: 115.00915836728787 cm
2026-06-25 00:51:20,210 - mazeUtils.moveTile - [moveTile.py:553] - DEBUG - Direction: absDirection.WEST, Angle: 90, Distance: 16.951901276076725 cm
2026-06-25 00:51:20,212 - mazeUtils.moveTile - [moveTile.py:2169] - INFO - Tile color detection, decided tile type: E
2026-06-25 00:51:20,272 - __main__ - [main.py:105] - INFO - Current position: (20, 17, 0), front direction: absDirection.NORTH
Layer 0 (altitude=0.0cm, offset=(0.0cm, 0.0cm)):
Known map area: x=20..20, y=17..20
+   +
| @  
+   +
| E  
+   +
| E |
+   +
| S  
+---+
mazeAsGraph[0][17][20] = {absDirection.NORTH: (20, 16, 0, 30), absDirection.EAST: (21, 17, 0, 30), absDirection.SOUTH: (20, 18, 0, 30), absDirection.WEST: None}
mazeAsGraph[0][18][20] = {absDirection.NORTH: (20, 17, 0, 30), absDirection.EAST: (21, 18, 0, 30), absDirection.SOUTH: (20, 19, 0, 30), absDirection.WEST: None}
mazeAsGraph[0][19][20] = {absDirection.NORTH: (20, 18, 0, 30), absDirection.EAST: None, absDirection.SOUTH: (20, 20, 0, 30), absDirection.WEST: None}
mazeAsGraph[0][20][20] = {absDirection.NORTH: (20, 19, 0, 30), absDirection.EAST: (21, 20, 0, 30), absDirection.SOUTH: None, absDirection.WEST: None}
2026-06-25 00:51:20,278 - mazeUtils.mazeMap - [mazeMap.py:61] - INFO - next goal: (20, 16, 0)
2026-06-25 00:51:20,279 - mazeUtils.mazeMap - [mazeMap.py:61] - INFO - next goal: (20, 20, 0)
2026-06-25 00:51:20,288 - mazeUtils.moveTile - [moveTile.py:79] - DEBUG - Moving to absDirection.NORTH from (20, 17, 0) facing absDirection.SOUTH
2026-06-25 00:51:20,294 - mazeUtils.moveTile - [moveTile.py:79] - DEBUG - Turning to 0 deg, current heading: 359.45000000000005 deg, turnAngle: -0.5499999999999545 deg
2026-06-25 00:51:20,314 - mazeUtils.moveTile - [moveTile.py:79] - DEBUG - Turned to heading: 359.45000000000005 deg
2026-06-25 00:51:20,529 - picamera2.picamera2 - [picamera2.py:1391] - DEBUG - Execute job: <picamera2.job.Job object at 0x7f983189d0>
2026-06-25 00:51:20,532 - mazeUtils.device.camera - [camera.py:39] - DEBUG - Average HSV: H=112.2, S=198.0, V=152.4
2026-06-25 00:51:20,571 - mazeUtils.moveTile - [moveTile.py:79] - DEBUG - roll: 0.5 deg, practicalMoveTime: 0.0469012017611409 sec
2026-06-25 00:51:20,572 - mazeUtils.moveTile - [moveTile.py:1804] - DEBUG - moveTile loop time: 46.1 ms
2026-06-25 00:51:20,577 - picamera2.picamera2 - [picamera2.py:1391] - DEBUG - Execute job: <picamera2.job.Job object at 0x7f98318710>
2026-06-25 00:51:20,580 - mazeUtils.device.camera - [camera.py:39] - DEBUG - Average HSV: H=112.5, S=196.9, V=150.0
2026-06-25 00:51:20,611 - mazeUtils.moveTile - [moveTile.py:79] - DEBUG - roll: 0.1500000000000341 deg, practicalMoveTime: 0.08620034920059302 sec
2026-06-25 00:51:20,611 - mazeUtils.moveTile - [moveTile.py:1804] - DEBUG - moveTile loop time: 39.4 ms
2026-06-25 00:51:20,620 - picamera2.picamera2 - [picamera2.py:1391] - DEBUG - Execute job: <picamera2.job.Job object at 0x7f7a6058d0>
2026-06-25 00:51:20,623 - mazeUtils.device.camera - [camera.py:39] - DEBUG - Average HSV: H=112.2, S=198.1, V=150.9
2026-06-25 00:51:20,659 - mazeUtils.moveTile - [moveTile.py:79] - DEBUG - roll: 0.9800000000000182 deg, practicalMoveTime: 0.13417040281190357 sec
2026-06-25 00:51:20,660 - mazeUtils.moveTile - [moveTile.py:1804] - DEBUG - moveTile loop time: 48.3 ms
2026-06-25 00:51:20,665 - picamera2.picamera2 - [picamera2.py:1391] - DEBUG - Execute job: <picamera2.job.Job object at 0x7f7a6058d0>
2026-06-25 00:51:20,668 - mazeUtils.device.camera - [camera.py:39] - DEBUG - Average HSV: H=112.8, S=193.5, V=139.1
2026-06-25 00:51:20,705 - mazeUtils.moveTile - [moveTile.py:79] - DEBUG - roll: 0.5400000000000205 deg, practicalMoveTime: 0.17967782170139573 sec
2026-06-25 00:51:20,706 - mazeUtils.moveTile - [moveTile.py:1804] - DEBUG - moveTile loop time: 45.9 ms
2026-06-25 00:51:20,711 - picamera2.picamera2 - [picamera2.py:1391] - DEBUG - Execute job: <picamera2.job.Job object at 0x7f7a606550>
2026-06-25 00:51:20,714 - mazeUtils.device.camera - [camera.py:39] - DEBUG - Average HSV: H=112.2, S=197.1, V=144.6
2026-06-25 00:51:20,745 - __main__ - [main.py:170] - INFO - Program interrupted by user.
2026-06-25 00:51:21,829 - picamera2.picamera2 - [picamera2.py:1391] - DEBUG - Execute job: <picamera2.job.Job object at 0x7fbeb36490>
2026-06-25 00:51:21,849 - picamera2.picamera2 - [picamera2.py:1323] - INFO - Camera stopped
2026-06-25 00:51:22,050 - picamera2.picamera2 - [picamera2.py:1329] - DEBUG - Camera was not started
2026-06-25 00:51:22,252 - picamera2.picamera2 - [picamera2.py:723] - INFO - Camera closed successfully.
2026-06-25 00:51:22,493 - picamera2.picamera2 - [picamera2.py:500] - DEBUG - Resources now free: <picamera2.picamera2.Picamera2 object at 0x7fab107590>
