2026-06-17 01:44:17,238 - root - [logging_config.py:61] - INFO - Logging initialized. Log file: /home/tuton/Kanto2026RPi/src/config/../logs/robot_20260617_014416.log
2026-06-17 01:44:18,706 - mazeUtils.device.LiDAR - [LiDAR.py:36] - INFO - Available ports: <ydlidar.Str2strMap; proxy of <Swig Object of type 'std::map< std::string,std::string > *' at 0x7fa236d410> >
2026-06-17 01:44:22,713 - mazeUtils.moveTile - [moveTile.py:514] - DEBUG - Direction: absDirection.NORTH, Angle: 0, Distance: 102.29393679720161 cm
2026-06-17 01:44:22,713 - mazeUtils.moveTile - [moveTile.py:537] - DEBUG - Front LiDAR distance: 102.29393679720161 cm, TSD10 distance: 94.7 cm
2026-06-17 01:44:22,714 - mazeUtils.moveTile - [moveTile.py:514] - DEBUG - Direction: absDirection.EAST, Angle: 270, Distance: 16.822094861414953 cm
2026-06-17 01:44:22,715 - mazeUtils.moveTile - [moveTile.py:514] - DEBUG - Direction: absDirection.SOUTH, Angle: 180, Distance: 22.009126800782735 cm
2026-06-17 01:44:22,716 - mazeUtils.moveTile - [moveTile.py:514] - DEBUG - Direction: absDirection.WEST, Angle: 90, Distance: 42.32168740687366 cm
2026-06-17 01:44:22,717 - __main__ - [main.py:70] - INFO - Initial Map:
2026-06-17 01:44:22,724 - __main__ - [main.py:71] - INFO - Current position: (20, 20, 0), front direction: absDirection.NORTH
Layer 0 (altitude=0.0cm, offset=(0.0cm, 0.0cm)):
Known map area: x=20..20, y=20..20
+   +
  @ |
+---+
2026-06-17 01:44:22,725 - mazeUtils.mazeMap - [mazeMap.py:60] - INFO - next goal: (20, 19, 0)
2026-06-17 01:44:22,725 - __main__ - [main.py:74] - INFO - Next Direction: [<absDirection.NORTH: 0>]
2026-06-17 01:44:22,726 - __main__ - [main.py:75] - INFO - Exploration started.
2026-06-17 01:44:22,726 - mazeUtils.mazeMap - [mazeMap.py:60] - INFO - next goal: (20, 19, 0)
2026-06-17 01:44:22,733 - mazeUtils.moveTile - [moveTile.py:80] - DEBUG - Moving to absDirection.NORTH from (20, 20, 0) facing absDirection.NORTH
2026-06-17 01:44:22,850 - mazeUtils.moveTile - [moveTile.py:80] - DEBUG - Little backward to adjust position
2026-06-17 01:44:23,296 - mazeUtils.moveTile - [moveTile.py:80] - DEBUG - roll: 359.31 deg, practicalMoveTime: 0.05015104909231058 sec
2026-06-17 01:44:23,296 - mazeUtils.moveTile - [moveTile.py:1234] - DEBUG - moveTile loop time: 50.4 ms
2026-06-17 01:44:23,347 - mazeUtils.moveTile - [moveTile.py:80] - DEBUG - roll: 358.94 deg, practicalMoveTime: 0.10123683733961097 sec
2026-06-17 01:44:23,348 - mazeUtils.moveTile - [moveTile.py:1234] - DEBUG - moveTile loop time: 51.3 ms
2026-06-17 01:44:23,399 - mazeUtils.moveTile - [moveTile.py:80] - DEBUG - roll: 359.05 deg, practicalMoveTime: 0.15235247565531482 sec
2026-06-17 01:44:23,399 - mazeUtils.moveTile - [moveTile.py:1234] - DEBUG - moveTile loop time: 51.4 ms
2026-06-17 01:44:23,449 - mazeUtils.moveTile - [moveTile.py:80] - DEBUG - roll: 359.53 deg, practicalMoveTime: 0.20183863985530787 sec
2026-06-17 01:44:23,449 - mazeUtils.moveTile - [moveTile.py:1234] - DEBUG - moveTile loop time: 49.8 ms
2026-06-17 01:44:23,501 - mazeUtils.moveTile - [moveTile.py:80] - DEBUG - roll: 358.96999999999997 deg, practicalMoveTime: 0.25309917183639496 sec
2026-06-17 01:44:23,501 - mazeUtils.moveTile - [moveTile.py:1234] - DEBUG - moveTile loop time: 51.5 ms
2026-06-17 01:44:23,552 - mazeUtils.moveTile - [moveTile.py:80] - DEBUG - roll: 359.63 deg, practicalMoveTime: 0.30434236222348465 sec
2026-06-17 01:44:23,553 - mazeUtils.moveTile - [moveTile.py:1234] - DEBUG - moveTile loop time: 51.4 ms
2026-06-17 01:44:23,602 - mazeUtils.moveTile - [moveTile.py:80] - DEBUG - roll: 359.0 deg, practicalMoveTime: 0.35365697852034655 sec
2026-06-17 01:44:23,602 - mazeUtils.moveTile - [moveTile.py:1234] - DEBUG - moveTile loop time: 49.6 ms
2026-06-17 01:44:23,654 - mazeUtils.moveTile - [moveTile.py:80] - DEBUG - roll: 0.20999999999997954 deg, practicalMoveTime: 0.39713162299289734 sec
2026-06-17 01:44:23,654 - mazeUtils.moveTile - [moveTile.py:1234] - DEBUG - moveTile loop time: 51.4 ms
2026-06-17 01:44:23,706 - mazeUtils.moveTile - [moveTile.py:80] - DEBUG - roll: 358.75 deg, practicalMoveTime: 0.44869048121288324 sec
2026-06-17 01:44:23,707 - mazeUtils.moveTile - [moveTile.py:1234] - DEBUG - moveTile loop time: 52.2 ms
2026-06-17 01:44:23,758 - mazeUtils.moveTile - [moveTile.py:80] - DEBUG - roll: 359.8 deg, practicalMoveTime: 0.49958133213148104 sec
2026-06-17 01:44:23,759 - mazeUtils.moveTile - [moveTile.py:1234] - DEBUG - moveTile loop time: 51.3 ms
2026-06-17 01:44:23,810 - mazeUtils.moveTile - [moveTile.py:80] - DEBUG - roll: 359.39 deg, practicalMoveTime: 0.5512215384959859 sec
2026-06-17 01:44:23,811 - mazeUtils.moveTile - [moveTile.py:1234] - DEBUG - moveTile loop time: 51.8 ms
2026-06-17 01:44:23,862 - mazeUtils.moveTile - [moveTile.py:80] - DEBUG - roll: 359.02 deg, practicalMoveTime: 0.6020911907830021 sec
2026-06-17 01:44:23,862 - mazeUtils.moveTile - [moveTile.py:1234] - DEBUG - moveTile loop time: 51.1 ms
2026-06-17 01:44:23,911 - mazeUtils.moveTile - [moveTile.py:80] - DEBUG - roll: 359.18 deg, practicalMoveTime: 0.6509998987683719 sec
2026-06-17 01:44:23,911 - mazeUtils.moveTile - [moveTile.py:1234] - DEBUG - moveTile loop time: 49.1 ms
2026-06-17 01:44:23,961 - mazeUtils.moveTile - [moveTile.py:80] - DEBUG - roll: 358.22999999999996 deg, practicalMoveTime: 0.7002746635144481 sec
2026-06-17 01:44:23,961 - mazeUtils.moveTile - [moveTile.py:1234] - DEBUG - moveTile loop time: 49.6 ms
2026-06-17 01:44:24,012 - mazeUtils.moveTile - [moveTile.py:80] - DEBUG - roll: 359.46999999999997 deg, practicalMoveTime: 0.7513689168062463 sec
2026-06-17 01:44:24,013 - mazeUtils.moveTile - [moveTile.py:1234] - DEBUG - moveTile loop time: 51.3 ms
2026-06-17 01:44:24,062 - mazeUtils.moveTile - [moveTile.py:1185] - INFO - practicalVerticalMove: -0.42394707006885535 CM
2026-06-17 01:44:24,144 - mazeUtils.moveTile - [moveTile.py:1418] - INFO - Set moved vertical distance: -0.42394707006885535 cm, past distances: [(0, False), (0, False), (0, False)]
2026-06-17 01:44:24,216 - mazeUtils.moveTile - [moveTile.py:514] - DEBUG - Direction: absDirection.NORTH, Angle: 0, Distance: 77.22844321491529 cm
2026-06-17 01:44:24,217 - mazeUtils.moveTile - [moveTile.py:537] - DEBUG - Front LiDAR distance: 77.22844321491529 cm, TSD10 distance: 68.7 cm
2026-06-17 01:44:24,217 - mazeUtils.moveTile - [moveTile.py:514] - DEBUG - Direction: absDirection.EAST, Angle: 270, Distance: 80.25520953440238 cm
2026-06-17 01:44:24,218 - mazeUtils.moveTile - [moveTile.py:514] - DEBUG - Direction: absDirection.SOUTH, Angle: 180, Distance: 50.33559606305133 cm
2026-06-17 01:44:24,219 - mazeUtils.moveTile - [moveTile.py:514] - DEBUG - Direction: absDirection.WEST, Angle: 90, Distance: 15.749183135905385 cm
2026-06-17 01:44:24,220 - mazeUtils.moveTile - [moveTile.py:1533] - INFO - Tile color detection counts: {}, decided tile type: E
2026-06-17 01:44:24,311 - __main__ - [main.py:88] - INFO - Current position: (20, 19, 0), front direction: absDirection.NORTH
Layer 0 (altitude=0.0cm, offset=(0.0cm, 0.0cm)):
Known map area: x=20..20, y=19..20
+   +
| @  
+   +
  S |
+---+
2026-06-17 01:44:24,319 - mazeUtils.mazeMap - [mazeMap.py:60] - INFO - next goal: (20, 18, 0)
2026-06-17 01:44:24,320 - mazeUtils.mazeMap - [mazeMap.py:60] - INFO - next goal: (20, 18, 0)
2026-06-17 01:44:24,324 - mazeUtils.moveTile - [moveTile.py:80] - DEBUG - Moving to absDirection.NORTH from (20, 19, 0) facing absDirection.NORTH
2026-06-17 01:44:24,596 - mazeUtils.moveTile - [moveTile.py:80] - DEBUG - roll: 359.11 deg, practicalMoveTime: 0.051574206346959396 sec
2026-06-17 01:44:24,597 - mazeUtils.moveTile - [moveTile.py:1234] - DEBUG - moveTile loop time: 51.3 ms
2026-06-17 01:44:24,646 - mazeUtils.moveTile - [moveTile.py:80] - DEBUG - roll: 358.26 deg, practicalMoveTime: 0.10053233450462179 sec
2026-06-17 01:44:24,646 - mazeUtils.moveTile - [moveTile.py:1234] - DEBUG - moveTile loop time: 49.2 ms
2026-06-17 01:44:24,697 - mazeUtils.moveTile - [moveTile.py:80] - DEBUG - roll: 358.99 deg, practicalMoveTime: 0.15164896423346985 sec
2026-06-17 01:44:24,698 - mazeUtils.moveTile - [moveTile.py:1234] - DEBUG - moveTile loop time: 51.4 ms
2026-06-17 01:44:24,748 - mazeUtils.moveTile - [moveTile.py:80] - DEBUG - roll: 359.09 deg, practicalMoveTime: 0.20134247921368276 sec
2026-06-17 01:44:24,748 - mazeUtils.moveTile - [moveTile.py:1234] - DEBUG - moveTile loop time: 50.0 ms
2026-06-17 01:44:24,799 - mazeUtils.moveTile - [moveTile.py:80] - DEBUG - roll: 358.8 deg, practicalMoveTime: 0.25271542039371697 sec
2026-06-17 01:44:24,800 - mazeUtils.moveTile - [moveTile.py:1234] - DEBUG - moveTile loop time: 51.7 ms
2026-06-17 01:44:24,851 - mazeUtils.moveTile - [moveTile.py:80] - DEBUG - roll: 0.029999999999972715 deg, practicalMoveTime: 0.29618123141015673 sec
2026-06-17 01:44:24,851 - mazeUtils.moveTile - [moveTile.py:1234] - DEBUG - moveTile loop time: 51.4 ms
2026-06-17 01:44:24,904 - mazeUtils.moveTile - [moveTile.py:80] - DEBUG - roll: 359.57 deg, practicalMoveTime: 0.3486707028039837 sec
2026-06-17 01:44:24,904 - mazeUtils.moveTile - [moveTile.py:1234] - DEBUG - moveTile loop time: 52.8 ms
2026-06-17 01:44:24,956 - mazeUtils.moveTile - [moveTile.py:80] - DEBUG - roll: 359.97999999999996 deg, practicalMoveTime: 0.3997607017513394 sec
2026-06-17 01:44:24,956 - mazeUtils.moveTile - [moveTile.py:1234] - DEBUG - moveTile loop time: 51.3 ms
2026-06-17 01:44:25,005 - mazeUtils.moveTile - [moveTile.py:80] - DEBUG - roll: 359.24 deg, practicalMoveTime: 0.44893092295264286 sec
2026-06-17 01:44:25,006 - mazeUtils.moveTile - [moveTile.py:1234] - DEBUG - moveTile loop time: 49.5 ms
2026-06-17 01:44:25,057 - mazeUtils.moveTile - [moveTile.py:80] - DEBUG - roll: 359.3 deg, practicalMoveTime: 0.500032369798672 sec
2026-06-17 01:44:25,057 - mazeUtils.moveTile - [moveTile.py:1234] - DEBUG - moveTile loop time: 51.3 ms
2026-06-17 01:44:25,107 - mazeUtils.moveTile - [moveTile.py:80] - DEBUG - roll: 359.94 deg, practicalMoveTime: 0.5500172743371695 sec
2026-06-17 01:44:25,107 - mazeUtils.moveTile - [moveTile.py:1234] - DEBUG - moveTile loop time: 50.2 ms
2026-06-17 01:44:25,159 - mazeUtils.moveTile - [moveTile.py:80] - DEBUG - roll: 359.0 deg, practicalMoveTime: 0.6014861511790773 sec
2026-06-17 01:44:25,159 - mazeUtils.moveTile - [moveTile.py:1234] - DEBUG - moveTile loop time: 51.7 ms
2026-06-17 01:44:25,211 - mazeUtils.moveTile - [moveTile.py:80] - DEBUG - roll: 0.2400000000000091 deg, practicalMoveTime: 0.6448826844645816 sec
2026-06-17 01:44:25,211 - mazeUtils.moveTile - [moveTile.py:1234] - DEBUG - moveTile loop time: 51.3 ms
2026-06-17 01:44:25,260 - mazeUtils.moveTile - [moveTile.py:80] - DEBUG - roll: 359.36 deg, practicalMoveTime: 0.6939738218572369 sec
2026-06-17 01:44:25,260 - mazeUtils.moveTile - [moveTile.py:1234] - DEBUG - moveTile loop time: 49.4 ms
2026-06-17 01:44:25,312 - mazeUtils.moveTile - [moveTile.py:80] - DEBUG - roll: 359.59 deg, practicalMoveTime: 0.7450522641242036 sec
2026-06-17 01:44:25,312 - mazeUtils.moveTile - [moveTile.py:1234] - DEBUG - moveTile loop time: 51.3 ms
2026-06-17 01:44:25,361 - mazeUtils.moveTile - [moveTile.py:1185] - INFO - practicalVerticalMove: -0.35014640223138155 CM
2026-06-17 01:44:25,444 - mazeUtils.moveTile - [moveTile.py:1418] - INFO - Set moved vertical distance: -0.35014640223138155 cm, past distances: [(-0.42394707006885535, False), (0, False), (0, False)]
2026-06-17 01:44:25,512 - mazeUtils.moveTile - [moveTile.py:514] - DEBUG - Direction: absDirection.NORTH, Angle: 0, Distance: 50.94744247594123 cm
2026-06-17 01:44:25,512 - mazeUtils.moveTile - [moveTile.py:537] - DEBUG - Front LiDAR distance: 50.94744247594123 cm, TSD10 distance: 39.4 cm
2026-06-17 01:44:25,513 - mazeUtils.moveTile - [moveTile.py:514] - DEBUG - Direction: absDirection.EAST, Angle: 270, Distance: 17.552912070410148 cm
2026-06-17 01:44:25,514 - mazeUtils.moveTile - [moveTile.py:514] - DEBUG - Direction: absDirection.SOUTH, Angle: 180, Distance: 78.01443753024174 cm
2026-06-17 01:44:25,515 - mazeUtils.moveTile - [moveTile.py:514] - DEBUG - Direction: absDirection.WEST, Angle: 90, Distance: 46.45360123348363 cm
2026-06-17 01:44:25,516 - mazeUtils.moveTile - [moveTile.py:1533] - INFO - Tile color detection counts: {}, decided tile type: E
2026-06-17 01:44:25,607 - __main__ - [main.py:88] - INFO - Current position: (20, 18, 0), front direction: absDirection.NORTH
Layer 0 (altitude=0.0cm, offset=(0.0cm, 0.0cm)):
Known map area: x=20..20, y=18..20
+   +
  @ |
+   +
| E  
+   +
  S |
+---+
2026-06-17 01:44:25,618 - mazeUtils.mazeMap - [mazeMap.py:60] - INFO - next goal: (20, 17, 0)
2026-06-17 01:44:25,619 - mazeUtils.mazeMap - [mazeMap.py:60] - INFO - next goal: (20, 17, 0)
2026-06-17 01:44:25,624 - mazeUtils.moveTile - [moveTile.py:80] - DEBUG - Moving to absDirection.NORTH from (20, 18, 0) facing absDirection.NORTH
2026-06-17 01:44:25,889 - mazeUtils.moveTile - [moveTile.py:80] - DEBUG - roll: 359.38 deg, practicalMoveTime: 0.04910014679216542 sec
2026-06-17 01:44:25,889 - mazeUtils.moveTile - [moveTile.py:1234] - DEBUG - moveTile loop time: 49.2 ms
2026-06-17 01:44:25,938 - mazeUtils.moveTile - [moveTile.py:80] - DEBUG - roll: 359.52 deg, practicalMoveTime: 0.09805553825420811 sec
2026-06-17 01:44:25,939 - mazeUtils.moveTile - [moveTile.py:1234] - DEBUG - moveTile loop time: 49.1 ms
2026-06-17 01:44:25,989 - mazeUtils.moveTile - [moveTile.py:80] - DEBUG - roll: 359.11 deg, practicalMoveTime: 0.1479724586005201 sec
2026-06-17 01:44:25,989 - mazeUtils.moveTile - [moveTile.py:1234] - DEBUG - moveTile loop time: 50.2 ms
2026-06-17 01:44:26,040 - mazeUtils.moveTile - [moveTile.py:80] - DEBUG - roll: 359.77 deg, practicalMoveTime: 0.1990744466884056 sec
2026-06-17 01:44:26,040 - mazeUtils.moveTile - [moveTile.py:1234] - DEBUG - moveTile loop time: 51.3 ms
2026-06-17 01:44:26,090 - mazeUtils.moveTile - [moveTile.py:80] - DEBUG - roll: 358.15 deg, practicalMoveTime: 0.24861893112309175 sec
2026-06-17 01:44:26,090 - mazeUtils.moveTile - [moveTile.py:1234] - DEBUG - moveTile loop time: 49.9 ms
2026-06-17 01:44:26,142 - mazeUtils.moveTile - [moveTile.py:80] - DEBUG - roll: 0.05000000000001137 deg, practicalMoveTime: 0.29205595443563637 sec
2026-06-17 01:44:26,142 - mazeUtils.moveTile - [moveTile.py:1234] - DEBUG - moveTile loop time: 51.4 ms
2026-06-17 01:44:26,290 - mazeUtils.moveTile - [moveTile.py:80] - DEBUG - roll: 359.96 deg, practicalMoveTime: 0.43966896701669983 sec
2026-06-17 01:44:26,290 - mazeUtils.moveTile - [moveTile.py:1234] - DEBUG - moveTile loop time: 147.9 ms
2026-06-17 01:44:26,339 - mazeUtils.moveTile - [moveTile.py:80] - DEBUG - roll: 358.51 deg, practicalMoveTime: 0.48853635326103584 sec
2026-06-17 01:44:26,339 - mazeUtils.moveTile - [moveTile.py:1234] - DEBUG - moveTile loop time: 49.1 ms
2026-06-17 01:44:26,389 - mazeUtils.moveTile - [moveTile.py:80] - DEBUG - roll: 358.69 deg, practicalMoveTime: 0.537688990383826 sec
2026-06-17 01:44:26,389 - mazeUtils.moveTile - [moveTile.py:1234] - DEBUG - moveTile loop time: 49.5 ms
2026-06-17 01:44:26,438 - mazeUtils.moveTile - [moveTile.py:80] - DEBUG - roll: 358.78999999999996 deg, practicalMoveTime: 0.5865970445749399 sec
2026-06-17 01:44:26,438 - mazeUtils.moveTile - [moveTile.py:1234] - DEBUG - moveTile loop time: 49.1 ms
2026-06-17 01:44:26,490 - mazeUtils.moveTile - [moveTile.py:80] - DEBUG - roll: 359.58 deg, practicalMoveTime: 0.638361810916818 sec
2026-06-17 01:44:26,491 - mazeUtils.moveTile - [moveTile.py:1234] - DEBUG - moveTile loop time: 52.1 ms
2026-06-17 01:44:26,542 - mazeUtils.moveTile - [moveTile.py:80] - DEBUG - roll: 358.15 deg, practicalMoveTime: 0.6896884984801542 sec
2026-06-17 01:44:26,543 - mazeUtils.moveTile - [moveTile.py:1234] - DEBUG - moveTile loop time: 51.8 ms
2026-06-17 01:44:26,594 - mazeUtils.moveTile - [moveTile.py:80] - DEBUG - roll: 359.33 deg, practicalMoveTime: 0.7408849109362439 sec
2026-06-17 01:44:26,594 - mazeUtils.moveTile - [moveTile.py:1234] - DEBUG - moveTile loop time: 51.4 ms
2026-06-17 01:44:26,645 - mazeUtils.moveTile - [moveTile.py:1185] - INFO - practicalVerticalMove: -0.4021508269615093 CM
2026-06-17 01:44:26,727 - mazeUtils.moveTile - [moveTile.py:1418] - INFO - Set moved vertical distance: -0.4021508269615093 cm, past distances: [(-0.35014640223138155, False), (-0.42394707006885535, False), (0, False)]
2026-06-17 01:44:26,743 - mazeUtils.moveTile - [moveTile.py:514] - DEBUG - Direction: absDirection.NORTH, Angle: 0, Distance: 24.31011166999205 cm
2026-06-17 01:44:26,744 - mazeUtils.moveTile - [moveTile.py:537] - DEBUG - Front LiDAR distance: 24.31011166999205 cm, TSD10 distance: 10.3 cm
2026-06-17 01:44:26,744 - mazeUtils.moveTile - [moveTile.py:514] - DEBUG - Direction: absDirection.EAST, Angle: 270, Distance: 106.03083629063602 cm
2026-06-17 01:44:26,745 - mazeUtils.moveTile - [moveTile.py:514] - DEBUG - Direction: absDirection.SOUTH, Angle: 180, Distance: 103.13819458950628 cm
2026-06-17 01:44:26,746 - mazeUtils.moveTile - [moveTile.py:514] - DEBUG - Direction: absDirection.WEST, Angle: 90, Distance: 16.05734113830394 cm
2026-06-17 01:44:26,747 - mazeUtils.moveTile - [moveTile.py:1533] - INFO - Tile color detection counts: {}, decided tile type: E
2026-06-17 01:44:26,840 - __main__ - [main.py:88] - INFO - Current position: (20, 17, 0), front direction: absDirection.NORTH
Layer 0 (altitude=0.0cm, offset=(0.0cm, 0.0cm)):
Known map area: x=20..20, y=17..20
+---+
| @  
+   +
  E |
+   +
| E  
+   +
  S |
+---+
2026-06-17 01:44:26,849 - mazeUtils.mazeMap - [mazeMap.py:60] - INFO - next goal: (21, 17, 0)
2026-06-17 01:44:26,850 - mazeUtils.mazeMap - [mazeMap.py:60] - INFO - next goal: (21, 17, 0)
2026-06-17 01:44:26,856 - mazeUtils.moveTile - [moveTile.py:80] - DEBUG - Moving to absDirection.EAST from (20, 17, 0) facing absDirection.NORTH
2026-06-17 01:44:26,901 - mazeUtils.moveTile - [moveTile.py:80] - DEBUG - current heading: 356.04 target: 315
2026-06-17 01:44:27,265 - mazeUtils.moveTile - [moveTile.py:389] - DEBUG - stopped turning at heading: 324.76, diff: 9.759999999999991
2026-06-17 01:44:27,819 - mazeUtils.moveTile - [moveTile.py:80] - DEBUG - Turned to heading: 315.16 deg
2026-06-17 01:44:28,169 - mazeUtils.moveTile - [moveTile.py:80] - DEBUG - current heading: 314.85 target: 270
2026-06-17 01:44:28,534 - mazeUtils.moveTile - [moveTile.py:389] - DEBUG - stopped turning at heading: 279.2, diff: 9.199999999999989
2026-06-17 01:44:28,852 - mazeUtils.moveTile - [moveTile.py:80] - DEBUG - Turned to heading: 270.19 deg
2026-06-17 01:44:28,949 - mazeUtils.moveTile - [moveTile.py:80] - DEBUG - Little backward to adjust position
2026-06-17 01:44:29,288 - mazeUtils.moveTile - [moveTile.py:80] - DEBUG - roll: 358.65 deg, practicalMoveTime: 0.05130606943886644 sec
2026-06-17 01:44:29,288 - mazeUtils.moveTile - [moveTile.py:1234] - DEBUG - moveTile loop time: 50.3 ms
2026-06-17 01:44:29,340 - mazeUtils.moveTile - [moveTile.py:80] - DEBUG - roll: 358.31 deg, practicalMoveTime: 0.10234334420048366 sec
2026-06-17 01:44:29,340 - mazeUtils.moveTile - [moveTile.py:1234] - DEBUG - moveTile loop time: 51.6 ms
2026-06-17 01:44:29,392 - mazeUtils.moveTile - [moveTile.py:197] - WARNING - Escape from obstacle on Side.RIGHT side
2026-06-17 01:44:30,155 - mazeUtils.moveTile - [moveTile.py:1171] - DEBUG - Obstacle escape adjustment: 0.0814221935046075
2026-06-17 01:44:30,261 - mazeUtils.moveTile - [moveTile.py:80] - DEBUG - roll: 359.28999999999996 deg, practicalMoveTime: -0.006281879574022264 sec
2026-06-17 01:44:30,262 - mazeUtils.moveTile - [moveTile.py:1234] - DEBUG - moveTile loop time: 920.6 ms
2026-06-17 01:44:30,314 - mazeUtils.moveTile - [moveTile.py:197] - WARNING - Escape from obstacle on Side.RIGHT side
2026-06-17 01:44:31,078 - mazeUtils.moveTile - [moveTile.py:1171] - DEBUG - Obstacle escape adjustment: 0.08161891330931648
2026-06-17 01:44:31,183 - mazeUtils.moveTile - [moveTile.py:80] - DEBUG - roll: 358.88 deg, practicalMoveTime: -0.11397822520654607 sec
2026-06-17 01:44:31,184 - mazeUtils.moveTile - [moveTile.py:1234] - DEBUG - moveTile loop time: 921.7 ms
2026-06-17 01:44:31,234 - mazeUtils.moveTile - [moveTile.py:80] - DEBUG - roll: 359.32 deg, practicalMoveTime: -0.06392863062420494 sec
2026-06-17 01:44:31,235 - mazeUtils.moveTile - [moveTile.py:1234] - DEBUG - moveTile loop time: 50.3 ms
2026-06-17 01:44:31,286 - mazeUtils.moveTile - [moveTile.py:80] - DEBUG - roll: 1.4499999999999886 deg, practicalMoveTime: -0.020315266977682565 sec
2026-06-17 01:44:31,287 - mazeUtils.moveTile - [moveTile.py:1234] - DEBUG - moveTile loop time: 51.6 ms
2026-06-17 01:44:31,338 - mazeUtils.moveTile - [moveTile.py:80] - DEBUG - roll: 1.009999999999991 deg, practicalMoveTime: 0.023329198123205892 sec
2026-06-17 01:44:31,339 - mazeUtils.moveTile - [moveTile.py:1234] - DEBUG - moveTile loop time: 51.9 ms
2026-06-17 01:44:31,390 - mazeUtils.moveTile - [moveTile.py:80] - DEBUG - roll: 1.5199999999999818 deg, practicalMoveTime: 0.06632512105283042 sec
2026-06-17 01:44:31,391 - mazeUtils.moveTile - [moveTile.py:1234] - DEBUG - moveTile loop time: 51.5 ms
2026-06-17 01:44:31,443 - mazeUtils.moveTile - [moveTile.py:80] - DEBUG - roll: 1.5 deg, practicalMoveTime: 0.1107172595464711 sec
2026-06-17 01:44:31,444 - mazeUtils.moveTile - [moveTile.py:1234] - DEBUG - moveTile loop time: 51.9 ms
2026-06-17 01:44:31,496 - mazeUtils.moveTile - [moveTile.py:80] - DEBUG - roll: 1.3700000000000045 deg, practicalMoveTime: 0.15484327651980964 sec
2026-06-17 01:44:31,497 - mazeUtils.moveTile - [moveTile.py:1234] - DEBUG - moveTile loop time: 52.3 ms
2026-06-17 01:44:31,547 - mazeUtils.moveTile - [moveTile.py:80] - DEBUG - roll: 1.7099999999999795 deg, practicalMoveTime: 0.19737211482909134 sec
2026-06-17 01:44:31,547 - mazeUtils.moveTile - [moveTile.py:1234] - DEBUG - moveTile loop time: 50.4 ms
2026-06-17 01:44:31,596 - mazeUtils.moveTile - [moveTile.py:80] - DEBUG - roll: 359.65 deg, practicalMoveTime: 0.24600859750110932 sec
2026-06-17 01:44:31,597 - mazeUtils.moveTile - [moveTile.py:1234] - DEBUG - moveTile loop time: 48.9 ms
2026-06-17 01:44:31,649 - mazeUtils.moveTile - [moveTile.py:80] - DEBUG - roll: 0.45999999999997954 deg, practicalMoveTime: 0.289966869893186 sec
2026-06-17 01:44:31,649 - mazeUtils.moveTile - [moveTile.py:1234] - DEBUG - moveTile loop time: 52.2 ms
2026-06-17 01:44:31,700 - mazeUtils.moveTile - [moveTile.py:80] - DEBUG - roll: 359.39 deg, practicalMoveTime: 0.34046153991038236 sec
2026-06-17 01:44:31,701 - mazeUtils.moveTile - [moveTile.py:1234] - DEBUG - moveTile loop time: 50.7 ms
2026-06-17 01:44:31,753 - mazeUtils.moveTile - [moveTile.py:80] - DEBUG - roll: 358.15 deg, practicalMoveTime: 0.3924073160855962 sec
2026-06-17 01:44:31,753 - mazeUtils.moveTile - [moveTile.py:1234] - DEBUG - moveTile loop time: 51.9 ms
2026-06-17 01:44:31,805 - mazeUtils.moveTile - [moveTile.py:80] - DEBUG - roll: 359.08 deg, practicalMoveTime: 0.44352982767226895 sec
2026-06-17 01:44:31,805 - mazeUtils.moveTile - [moveTile.py:1234] - DEBUG - moveTile loop time: 51.4 ms
2026-06-17 01:44:31,856 - mazeUtils.moveTile - [moveTile.py:80] - DEBUG - roll: 359.18 deg, practicalMoveTime: 0.4942922886652779 sec
2026-06-17 01:44:31,857 - mazeUtils.moveTile - [moveTile.py:1234] - DEBUG - moveTile loop time: 51.1 ms
2026-06-17 01:44:31,908 - mazeUtils.moveTile - [moveTile.py:80] - DEBUG - roll: 358.17 deg, practicalMoveTime: 0.5454791948765739 sec
2026-06-17 01:44:31,909 - mazeUtils.moveTile - [moveTile.py:1234] - DEBUG - moveTile loop time: 51.6 ms
2026-06-17 01:44:31,960 - mazeUtils.moveTile - [moveTile.py:80] - DEBUG - roll: 359.49 deg, practicalMoveTime: 0.5969584023831779 sec
2026-06-17 01:44:31,961 - mazeUtils.moveTile - [moveTile.py:1234] - DEBUG - moveTile loop time: 51.8 ms
2026-06-17 01:44:32,012 - mazeUtils.moveTile - [moveTile.py:80] - DEBUG - roll: 359.53999999999996 deg, practicalMoveTime: 0.6475756579676095 sec
2026-06-17 01:44:32,013 - mazeUtils.moveTile - [moveTile.py:1234] - DEBUG - moveTile loop time: 51.1 ms
2026-06-17 01:44:32,064 - mazeUtils.moveTile - [moveTile.py:80] - DEBUG - roll: 359.74 deg, practicalMoveTime: 0.6989564785062063 sec
2026-06-17 01:44:32,065 - mazeUtils.moveTile - [moveTile.py:1234] - DEBUG - moveTile loop time: 51.7 ms
2026-06-17 01:44:32,116 - mazeUtils.moveTile - [moveTile.py:80] - DEBUG - roll: 359.4 deg, practicalMoveTime: 0.7497959759477024 sec
2026-06-17 01:44:32,116 - mazeUtils.moveTile - [moveTile.py:1234] - DEBUG - moveTile loop time: 50.9 ms
2026-06-17 01:44:32,166 - mazeUtils.moveTile - [moveTile.py:1185] - INFO - practicalVerticalMove: -0.23055640191005267 CM
2026-06-17 01:44:32,249 - mazeUtils.moveTile - [moveTile.py:1418] - INFO - Set moved vertical distance: -0.23055640191005267 cm, past distances: [(-0.4021508269615093, False), (-0.35014640223138155, False), (-0.42394707006885535, False)]
2026-06-17 01:44:32,293 - mazeUtils.moveTile - [moveTile.py:514] - DEBUG - Direction: absDirection.NORTH, Angle: 90, Distance: 18.80270548863204 cm
2026-06-17 01:44:32,295 - mazeUtils.moveTile - [moveTile.py:514] - DEBUG - Direction: absDirection.EAST, Angle: 0, Distance: 67.158136005166 cm
2026-06-17 01:44:32,295 - mazeUtils.moveTile - [moveTile.py:537] - DEBUG - Front LiDAR distance: 67.158136005166 cm, TSD10 distance: 55.3 cm
2026-06-17 01:44:32,296 - mazeUtils.moveTile - [moveTile.py:514] - DEBUG - Direction: absDirection.SOUTH, Angle: 270, Distance: 49.762761911385404 cm
2026-06-17 01:44:32,297 - mazeUtils.moveTile - [moveTile.py:514] - DEBUG - Direction: absDirection.WEST, Angle: 180, Distance: 91.90216823350376 cm
2026-06-17 01:44:32,298 - mazeUtils.moveTile - [moveTile.py:1533] - INFO - Tile color detection counts: {}, decided tile type: E
2026-06-17 01:44:32,390 - __main__ - [main.py:88] - INFO - Current position: (21, 17, 0), front direction: absDirection.EAST
Layer 0 (altitude=0.0cm, offset=(0.0cm, 0.0cm)):
Known map area: x=20..21, y=17..20
+---+---+
| E   @  
+   +   +
  E | U  
+   +   +
| E   U  
+   +   +
  S | U  
+---+   +
2026-06-17 01:44:32,400 - mazeUtils.mazeMap - [mazeMap.py:60] - INFO - next goal: (22, 17, 0)
2026-06-17 01:44:32,400 - mazeUtils.mazeMap - [mazeMap.py:60] - INFO - next goal: (22, 17, 0)
2026-06-17 01:44:32,406 - mazeUtils.moveTile - [moveTile.py:80] - DEBUG - Moving to absDirection.EAST from (21, 17, 0) facing absDirection.EAST
2026-06-17 01:44:32,678 - mazeUtils.moveTile - [moveTile.py:80] - DEBUG - roll: 358.71999999999997 deg, practicalMoveTime: 0.05197419869928361 sec
2026-06-17 01:44:32,678 - mazeUtils.moveTile - [moveTile.py:1234] - DEBUG - moveTile loop time: 51.3 ms
2026-06-17 01:44:32,727 - mazeUtils.moveTile - [moveTile.py:80] - DEBUG - roll: 358.74 deg, practicalMoveTime: 0.10082555633209864 sec
2026-06-17 01:44:32,727 - mazeUtils.moveTile - [moveTile.py:1234] - DEBUG - moveTile loop time: 49.0 ms
2026-06-17 01:44:32,777 - mazeUtils.moveTile - [moveTile.py:80] - DEBUG - roll: 0.30000000000001137 deg, practicalMoveTime: 0.14322320140884243 sec
2026-06-17 01:44:32,778 - mazeUtils.moveTile - [moveTile.py:1234] - DEBUG - moveTile loop time: 50.1 ms
2026-06-17 01:44:32,828 - mazeUtils.moveTile - [moveTile.py:80] - DEBUG - roll: 0.060000000000002274 deg, practicalMoveTime: 0.18550224288205724 sec
2026-06-17 01:44:32,828 - mazeUtils.moveTile - [moveTile.py:1234] - DEBUG - moveTile loop time: 49.9 ms
2026-06-17 01:44:32,879 - mazeUtils.moveTile - [moveTile.py:80] - DEBUG - roll: 0.15999999999996817 deg, practicalMoveTime: 0.2290858355903106 sec
2026-06-17 01:44:32,880 - mazeUtils.moveTile - [moveTile.py:1234] - DEBUG - moveTile loop time: 51.6 ms
2026-06-17 01:44:32,929 - mazeUtils.moveTile - [moveTile.py:80] - DEBUG - roll: 359.36 deg, practicalMoveTime: 0.2781853171126535 sec
2026-06-17 01:44:32,929 - mazeUtils.moveTile - [moveTile.py:1234] - DEBUG - moveTile loop time: 49.3 ms
2026-06-17 01:44:32,980 - mazeUtils.moveTile - [moveTile.py:80] - DEBUG - roll: 358.94 deg, practicalMoveTime: 0.3286937543798835 sec
2026-06-17 01:44:32,980 - mazeUtils.moveTile - [moveTile.py:1234] - DEBUG - moveTile loop time: 50.7 ms
2026-06-17 01:44:33,030 - mazeUtils.moveTile - [moveTile.py:80] - DEBUG - roll: 359.34 deg, practicalMoveTime: 0.3787061240345524 sec
2026-06-17 01:44:33,031 - mazeUtils.moveTile - [moveTile.py:1234] - DEBUG - moveTile loop time: 50.4 ms
2026-06-17 01:44:33,081 - mazeUtils.moveTile - [moveTile.py:80] - DEBUG - roll: 358.87 deg, practicalMoveTime: 0.42913877135164824 sec
2026-06-17 01:44:33,082 - mazeUtils.moveTile - [moveTile.py:1234] - DEBUG - moveTile loop time: 50.8 ms
2026-06-17 01:44:33,131 - mazeUtils.moveTile - [moveTile.py:80] - DEBUG - roll: 0.11000000000001364 deg, practicalMoveTime: 0.4708835584055537 sec
2026-06-17 01:44:33,131 - mazeUtils.moveTile - [moveTile.py:1234] - DEBUG - moveTile loop time: 49.4 ms
2026-06-17 01:44:33,183 - mazeUtils.moveTile - [moveTile.py:80] - DEBUG - roll: 359.09999999999997 deg, practicalMoveTime: 0.5225017261288807 sec
2026-06-17 01:44:33,184 - mazeUtils.moveTile - [moveTile.py:1234] - DEBUG - moveTile loop time: 52.0 ms
2026-06-17 01:44:33,235 - mazeUtils.moveTile - [moveTile.py:80] - DEBUG - roll: 0.2699999999999818 deg, practicalMoveTime: 0.56600941508049 sec
2026-06-17 01:44:33,236 - mazeUtils.moveTile - [moveTile.py:1234] - DEBUG - moveTile loop time: 51.4 ms
2026-06-17 01:44:33,286 - mazeUtils.moveTile - [moveTile.py:80] - DEBUG - roll: 359.63 deg, practicalMoveTime: 0.6167543210271978 sec
2026-06-17 01:44:33,287 - mazeUtils.moveTile - [moveTile.py:1234] - DEBUG - moveTile loop time: 51.0 ms
2026-06-17 01:44:33,338 - mazeUtils.moveTile - [moveTile.py:80] - DEBUG - roll: 359.58 deg, practicalMoveTime: 0.6678968315963006 sec
2026-06-17 01:44:33,338 - mazeUtils.moveTile - [moveTile.py:1234] - DEBUG - moveTile loop time: 51.4 ms
2026-06-17 01:44:33,388 - mazeUtils.moveTile - [moveTile.py:80] - DEBUG - roll: 359.52 deg, practicalMoveTime: 0.7176685396262281 sec
2026-06-17 01:44:33,389 - mazeUtils.moveTile - [moveTile.py:1234] - DEBUG - moveTile loop time: 50.0 ms
2026-06-17 01:44:33,439 - mazeUtils.moveTile - [moveTile.py:80] - DEBUG - roll: 359.4 deg, practicalMoveTime: 0.7680817680221744 sec
2026-06-17 01:44:33,440 - mazeUtils.moveTile - [moveTile.py:1234] - DEBUG - moveTile loop time: 50.7 ms
2026-06-17 01:44:33,489 - mazeUtils.moveTile - [moveTile.py:1185] - INFO - practicalVerticalMove: -0.2947892233335199 CM
2026-06-17 01:44:33,576 - mazeUtils.moveTile - [moveTile.py:1418] - INFO - Set moved vertical distance: -0.2947892233335199 cm, past distances: [(-0.23055640191005267, False), (-0.4021508269615093, False), (-0.35014640223138155, False)]
2026-06-17 01:44:33,588 - mazeUtils.moveTile - [moveTile.py:514] - DEBUG - Direction: absDirection.NORTH, Angle: 90, Distance: 15.008403729012969 cm
2026-06-17 01:44:33,589 - mazeUtils.moveTile - [moveTile.py:514] - DEBUG - Direction: absDirection.EAST, Angle: 0, Distance: 36.68956500852191 cm
2026-06-17 01:44:33,590 - mazeUtils.moveTile - [moveTile.py:537] - DEBUG - Front LiDAR distance: 36.68956500852191 cm, TSD10 distance: 26.0 cm
2026-06-17 01:44:33,591 - mazeUtils.moveTile - [moveTile.py:514] - DEBUG - Direction: absDirection.SOUTH, Angle: 270, Distance: 48.771876781083286 cm
2026-06-17 01:44:33,591 - mazeUtils.moveTile - [moveTile.py:514] - DEBUG - Direction: absDirection.WEST, Angle: 180, Distance: 108.5988969093301 cm
2026-06-17 01:44:33,592 - mazeUtils.moveTile - [moveTile.py:1533] - INFO - Tile color detection counts: {}, decided tile type: E
2026-06-17 01:44:33,683 - __main__ - [main.py:88] - INFO - Current position: (22, 17, 0), front direction: absDirection.EAST
Layer 0 (altitude=0.0cm, offset=(0.0cm, 0.0cm)):
Known map area: x=20..22, y=17..20
+---+---+---+
| E   E   @  
+   +   +   +
  E | U   U  
+   +   +   +
| E   U   U  
+   +   +   +
  S | U   U  
+---+   +   +
2026-06-17 01:44:33,692 - mazeUtils.mazeMap - [mazeMap.py:60] - INFO - next goal: (23, 17, 0)
2026-06-17 01:44:33,692 - mazeUtils.mazeMap - [mazeMap.py:60] - INFO - next goal: (23, 17, 0)
2026-06-17 01:44:33,696 - mazeUtils.moveTile - [moveTile.py:80] - DEBUG - Moving to absDirection.EAST from (22, 17, 0) facing absDirection.EAST
2026-06-17 01:44:33,971 - mazeUtils.moveTile - [moveTile.py:80] - DEBUG - roll: 359.59999999999997 deg, practicalMoveTime: 0.05037924063205425 sec
2026-06-17 01:44:33,972 - mazeUtils.moveTile - [moveTile.py:1234] - DEBUG - moveTile loop time: 50.2 ms
2026-06-17 01:44:34,023 - mazeUtils.moveTile - [moveTile.py:80] - DEBUG - roll: 359.72999999999996 deg, practicalMoveTime: 0.101421469070657 sec
2026-06-17 01:44:34,023 - mazeUtils.moveTile - [moveTile.py:1234] - DEBUG - moveTile loop time: 51.3 ms
2026-06-17 01:44:34,073 - mazeUtils.moveTile - [moveTile.py:80] - DEBUG - roll: 359.0 deg, practicalMoveTime: 0.1513406227961165 sec
2026-06-17 01:44:34,074 - mazeUtils.moveTile - [moveTile.py:1234] - DEBUG - moveTile loop time: 50.2 ms
2026-06-17 01:44:34,125 - mazeUtils.moveTile - [moveTile.py:80] - DEBUG - roll: 0.05000000000001137 deg, practicalMoveTime: 0.19485465528038798 sec
2026-06-17 01:44:34,125 - mazeUtils.moveTile - [moveTile.py:1234] - DEBUG - moveTile loop time: 51.5 ms
2026-06-17 01:44:34,175 - mazeUtils.moveTile - [moveTile.py:80] - DEBUG - roll: 0.22999999999996135 deg, practicalMoveTime: 0.23742986232342045 sec
2026-06-17 01:44:34,176 - mazeUtils.moveTile - [moveTile.py:1234] - DEBUG - moveTile loop time: 50.3 ms
2026-06-17 01:44:34,224 - mazeUtils.moveTile - [moveTile.py:80] - DEBUG - roll: 359.4 deg, practicalMoveTime: 0.285732009959667 sec
2026-06-17 01:44:34,225 - mazeUtils.moveTile - [moveTile.py:1234] - DEBUG - moveTile loop time: 48.6 ms
2026-06-17 01:44:34,274 - mazeUtils.moveTile - [moveTile.py:80] - DEBUG - roll: 359.45 deg, practicalMoveTime: 0.33474074392488423 sec
2026-06-17 01:44:34,274 - mazeUtils.moveTile - [moveTile.py:1234] - DEBUG - moveTile loop time: 49.3 ms
2026-06-17 01:44:34,323 - mazeUtils.moveTile - [moveTile.py:80] - DEBUG - roll: 359.36 deg, practicalMoveTime: 0.3836125499086095 sec
2026-06-17 01:44:34,323 - mazeUtils.moveTile - [moveTile.py:1234] - DEBUG - moveTile loop time: 49.1 ms
2026-06-17 01:44:34,373 - mazeUtils.moveTile - [moveTile.py:80] - DEBUG - roll: 359.34 deg, practicalMoveTime: 0.4335388561664725 sec
2026-06-17 01:44:34,374 - mazeUtils.moveTile - [moveTile.py:1234] - DEBUG - moveTile loop time: 50.2 ms
2026-06-17 01:44:34,425 - mazeUtils.moveTile - [moveTile.py:80] - DEBUG - roll: 359.59 deg, practicalMoveTime: 0.48461157653404213 sec
2026-06-17 01:44:34,425 - mazeUtils.moveTile - [moveTile.py:1234] - DEBUG - moveTile loop time: 51.3 ms
2026-06-17 01:44:34,474 - mazeUtils.moveTile - [moveTile.py:80] - DEBUG - roll: 359.95 deg, practicalMoveTime: 0.5330868235789601 sec
2026-06-17 01:44:34,474 - mazeUtils.moveTile - [moveTile.py:1234] - DEBUG - moveTile loop time: 49.0 ms
2026-06-17 01:44:34,523 - mazeUtils.moveTile - [moveTile.py:80] - DEBUG - roll: 359.97999999999996 deg, practicalMoveTime: 0.5821011505031147 sec
2026-06-17 01:44:34,524 - mazeUtils.moveTile - [moveTile.py:1234] - DEBUG - moveTile loop time: 49.1 ms
2026-06-17 01:44:34,573 - mazeUtils.moveTile - [moveTile.py:80] - DEBUG - roll: 359.3 deg, practicalMoveTime: 0.6310553214710646 sec
2026-06-17 01:44:34,573 - mazeUtils.moveTile - [moveTile.py:1234] - DEBUG - moveTile loop time: 49.3 ms
2026-06-17 01:44:34,625 - mazeUtils.moveTile - [moveTile.py:80] - DEBUG - roll: 0.37999999999999545 deg, practicalMoveTime: 0.6746748054578111 sec
2026-06-17 01:44:34,625 - mazeUtils.moveTile - [moveTile.py:1234] - DEBUG - moveTile loop time: 51.5 ms
2026-06-17 01:44:34,756 - mazeUtils.moveTile - [moveTile.py:1418] - INFO - Set moved vertical distance: -0.17024083639751433 cm, past distances: [(-0.2947892233335199, False), (-0.23055640191005267, False), (-0.4021508269615093, False)]
2026-06-17 01:44:34,787 - mazeUtils.moveTile - [moveTile.py:514] - DEBUG - Direction: absDirection.NORTH, Angle: 90, Distance: 46.92786860496133 cm
2026-06-17 01:44:34,789 - mazeUtils.moveTile - [moveTile.py:514] - DEBUG - Direction: absDirection.EAST, Angle: 0, Distance: 10.25296363994512 cm
2026-06-17 01:44:34,789 - mazeUtils.moveTile - [moveTile.py:537] - DEBUG - Front LiDAR distance: 10.25296363994512 cm, TSD10 distance: 1.8 cm
2026-06-17 01:44:34,790 - mazeUtils.moveTile - [moveTile.py:514] - DEBUG - Direction: absDirection.SOUTH, Angle: 270, Distance: 22.48141624537606 cm
2026-06-17 01:44:34,791 - mazeUtils.moveTile - [moveTile.py:514] - DEBUG - Direction: absDirection.WEST, Angle: 180, Distance: 112.34824452072553 cm
2026-06-17 01:44:34,791 - mazeUtils.moveTile - [moveTile.py:1533] - INFO - Tile color detection counts: {}, decided tile type: E
2026-06-17 01:44:34,882 - __main__ - [main.py:88] - INFO - Current position: (23, 17, 0), front direction: absDirection.EAST
Layer 0 (altitude=0.0cm, offset=(0.0cm, 0.0cm)):
Known map area: x=20..23, y=17..20
+---+---+---+   +
| E   E   E   @ |
+   +   +   +---+
  E | U   U   U  
+   +   +   +   +
| E   U   U   U  
+   +   +   +   +
  S | U   U   U  
+---+   +   +   +
2026-06-17 01:44:34,895 - mazeUtils.mazeMap - [mazeMap.py:60] - INFO - next goal: (23, 16, 0)
2026-06-17 01:44:34,896 - mazeUtils.mazeMap - [mazeMap.py:60] - INFO - next goal: (23, 16, 0)
2026-06-17 01:44:34,902 - mazeUtils.moveTile - [moveTile.py:80] - DEBUG - Moving to absDirection.NORTH from (23, 17, 0) facing absDirection.EAST
2026-06-17 01:44:34,947 - mazeUtils.moveTile - [moveTile.py:80] - DEBUG - current heading: 267.17999999999995 target: 315
2026-06-17 01:44:35,457 - mazeUtils.moveTile - [moveTile.py:389] - DEBUG - stopped turning at heading: 305.53, diff: 9.470000000000027
2026-06-17 01:44:35,833 - mazeUtils.moveTile - [moveTile.py:80] - DEBUG - Turned to heading: 314.82 deg
2026-06-17 01:44:36,180 - mazeUtils.moveTile - [moveTile.py:80] - DEBUG - current heading: 315.02 target: 0
2026-06-17 01:44:36,558 - mazeUtils.moveTile - [moveTile.py:389] - DEBUG - stopped turning at heading: 350.51, diff: 9.490000000000009
2026-06-17 01:44:37,071 - mazeUtils.moveTile - [moveTile.py:80] - DEBUG - Turned to heading: 359.82 deg
2026-06-17 01:44:37,160 - mazeUtils.moveTile - [moveTile.py:80] - DEBUG - Little backward to adjust position
2026-06-17 01:44:37,874 - mazeUtils.moveTile - [moveTile.py:80] - DEBUG - roll: 359.39 deg, practicalMoveTime: 0.053623736522591524 sec
2026-06-17 01:44:37,875 - mazeUtils.moveTile - [moveTile.py:1234] - DEBUG - moveTile loop time: 51.5 ms
2026-06-17 01:44:37,926 - mazeUtils.moveTile - [moveTile.py:80] - DEBUG - roll: 359.46 deg, practicalMoveTime: 0.10491220905561757 sec
2026-06-17 01:44:37,927 - mazeUtils.moveTile - [moveTile.py:1234] - DEBUG - moveTile loop time: 51.6 ms
2026-06-17 01:44:37,978 - mazeUtils.moveTile - [moveTile.py:80] - DEBUG - roll: 359.53999999999996 deg, practicalMoveTime: 0.15647214131992382 sec
2026-06-17 01:44:37,979 - mazeUtils.moveTile - [moveTile.py:1234] - DEBUG - moveTile loop time: 52.0 ms
2026-06-17 01:44:38,030 - mazeUtils.moveTile - [moveTile.py:80] - DEBUG - roll: 359.58 deg, practicalMoveTime: 0.20770524851494793 sec
2026-06-17 01:44:38,031 - mazeUtils.moveTile - [moveTile.py:1234] - DEBUG - moveTile loop time: 51.6 ms
2026-06-17 01:44:38,082 - mazeUtils.moveTile - [moveTile.py:80] - DEBUG - roll: 359.13 deg, practicalMoveTime: 0.25795594564165675 sec
2026-06-17 01:44:38,082 - mazeUtils.moveTile - [moveTile.py:1234] - DEBUG - moveTile loop time: 50.7 ms
2026-06-17 01:44:38,134 - mazeUtils.moveTile - [moveTile.py:80] - DEBUG - roll: 359.40999999999997 deg, practicalMoveTime: 0.30960015527450335 sec
2026-06-17 01:44:38,135 - mazeUtils.moveTile - [moveTile.py:1234] - DEBUG - moveTile loop time: 51.9 ms
2026-06-17 01:44:38,186 - mazeUtils.moveTile - [moveTile.py:80] - DEBUG - roll: 0.060000000000002274 deg, practicalMoveTime: 0.3532722518997224 sec
2026-06-17 01:44:38,187 - mazeUtils.moveTile - [moveTile.py:1234] - DEBUG - moveTile loop time: 51.7 ms
2026-06-17 01:44:38,238 - mazeUtils.moveTile - [moveTile.py:80] - DEBUG - roll: 359.45 deg, practicalMoveTime: 0.40423974266081747 sec
2026-06-17 01:44:38,239 - mazeUtils.moveTile - [moveTile.py:1234] - DEBUG - moveTile loop time: 51.4 ms
2026-06-17 01:44:38,289 - mazeUtils.moveTile - [moveTile.py:80] - DEBUG - roll: 0.5999999999999659 deg, practicalMoveTime: 0.4470830836548327 sec
2026-06-17 01:44:38,290 - mazeUtils.moveTile - [moveTile.py:1234] - DEBUG - moveTile loop time: 50.9 ms
2026-06-17 01:44:38,341 - mazeUtils.moveTile - [moveTile.py:80] - DEBUG - roll: 359.46999999999997 deg, practicalMoveTime: 0.4984929896401476 sec
2026-06-17 01:44:38,342 - mazeUtils.moveTile - [moveTile.py:1234] - DEBUG - moveTile loop time: 51.8 ms
2026-06-17 01:44:38,393 - mazeUtils.moveTile - [moveTile.py:80] - DEBUG - roll: 359.93 deg, practicalMoveTime: 0.5493638470603003 sec
2026-06-17 01:44:38,394 - mazeUtils.moveTile - [moveTile.py:1234] - DEBUG - moveTile loop time: 51.3 ms
2026-06-17 01:44:38,445 - mazeUtils.moveTile - [moveTile.py:80] - DEBUG - roll: 359.96 deg, practicalMoveTime: 0.6005983182936399 sec
2026-06-17 01:44:38,446 - mazeUtils.moveTile - [moveTile.py:1234] - DEBUG - moveTile loop time: 51.6 ms
2026-06-17 01:44:38,496 - mazeUtils.moveTile - [moveTile.py:80] - DEBUG - roll: 359.56 deg, practicalMoveTime: 0.6508535655084244 sec
2026-06-17 01:44:38,497 - mazeUtils.moveTile - [moveTile.py:1234] - DEBUG - moveTile loop time: 50.7 ms
2026-06-17 01:44:38,548 - mazeUtils.moveTile - [moveTile.py:80] - DEBUG - roll: 0.6599999999999682 deg, practicalMoveTime: 0.6943568245730902 sec
2026-06-17 01:44:38,549 - mazeUtils.moveTile - [moveTile.py:1234] - DEBUG - moveTile loop time: 51.4 ms
2026-06-17 01:44:38,601 - mazeUtils.moveTile - [moveTile.py:80] - DEBUG - roll: 359.3 deg, practicalMoveTime: 0.7461336608454099 sec
2026-06-17 01:44:38,602 - mazeUtils.moveTile - [moveTile.py:1234] - DEBUG - moveTile loop time: 52.3 ms
2026-06-17 01:44:38,652 - mazeUtils.moveTile - [moveTile.py:1185] - INFO - practicalVerticalMove: -0.17602103388235524 CM
2026-06-17 01:44:38,742 - mazeUtils.moveTile - [moveTile.py:80] - DEBUG - Little forward to adjust position
2026-06-17 01:44:39,311 - mazeUtils.moveTile - [moveTile.py:1418] - INFO - Set moved vertical distance: -0.17602103388235524 cm, past distances: [(-0.17024083639751433, False), (-0.2947892233335199, False), (-0.23055640191005267, False)]
2026-06-17 01:44:39,380 - mazeUtils.moveTile - [moveTile.py:514] - DEBUG - Direction: absDirection.NORTH, Angle: 0, Distance: 13.247633973491093 cm
2026-06-17 01:44:39,381 - mazeUtils.moveTile - [moveTile.py:537] - DEBUG - Front LiDAR distance: 13.247633973491093 cm, TSD10 distance: 2.2 cm
2026-06-17 01:44:39,383 - mazeUtils.moveTile - [moveTile.py:514] - DEBUG - Direction: absDirection.EAST, Angle: 270, Distance: 17.453926315821693 cm
2026-06-17 01:44:39,386 - mazeUtils.moveTile - [moveTile.py:514] - DEBUG - Direction: absDirection.SOUTH, Angle: 180, Distance: 56.73771567946134 cm
2026-06-17 01:44:39,389 - mazeUtils.moveTile - [moveTile.py:514] - DEBUG - Direction: absDirection.WEST, Angle: 90, Distance: 51.9884462736872 cm
2026-06-17 01:44:39,391 - mazeUtils.moveTile - [moveTile.py:1533] - INFO - Tile color detection counts: {}, decided tile type: E
2026-06-17 01:44:39,489 - __main__ - [main.py:88] - INFO - Current position: (23, 16, 0), front direction: absDirection.NORTH
Layer 0 (altitude=0.0cm, offset=(0.0cm, 0.0cm)):
Known map area: x=20..23, y=16..20
+   +   +   +---+
  U   U   U   @ |
+---+---+---+   +
| E   E   E   E |
+   +   +   +---+
  E | U   U   U  
+   +   +   +   +
| E   U   U   U  
+   +   +   +   +
  S | U   U   U  
+---+   +   +   +
2026-06-17 01:44:39,497 - mazeUtils.mazeMap - [mazeMap.py:60] - INFO - next goal: (22, 16, 0)
2026-06-17 01:44:39,498 - mazeUtils.mazeMap - [mazeMap.py:60] - INFO - next goal: (22, 16, 0)
2026-06-17 01:44:39,504 - mazeUtils.moveTile - [moveTile.py:80] - DEBUG - Moving to absDirection.WEST from (23, 16, 0) facing absDirection.NORTH
2026-06-17 01:44:39,549 - mazeUtils.moveTile - [moveTile.py:80] - DEBUG - current heading: 0.5700000000000074 target: 45
2026-06-17 01:44:39,977 - mazeUtils.moveTile - [moveTile.py:389] - DEBUG - stopped turning at heading: 35.8, diff: 9.200000000000003
2026-06-17 01:44:40,620 - mazeUtils.moveTile - [moveTile.py:80] - DEBUG - Turned to heading: 44.80000000000001 deg
2026-06-17 01:44:40,970 - mazeUtils.moveTile - [moveTile.py:80] - DEBUG - current heading: 45.19 target: 90
2026-06-17 01:44:41,351 - mazeUtils.moveTile - [moveTile.py:389] - DEBUG - stopped turning at heading: 81.35, diff: 8.650000000000006
2026-06-17 01:44:41,445 - mazeUtils.moveTile - [moveTile.py:80] - DEBUG - Turned to heading: 89.87 deg
2026-06-17 01:44:41,539 - mazeUtils.moveTile - [moveTile.py:80] - DEBUG - Little backward to adjust position
2026-06-17 01:44:41,962 - mazeUtils.moveTile - [moveTile.py:80] - DEBUG - roll: 359.99 deg, practicalMoveTime: 0.05244207302328303 sec
2026-06-17 01:44:41,963 - mazeUtils.moveTile - [moveTile.py:1234] - DEBUG - moveTile loop time: 50.4 ms
2026-06-17 01:44:42,015 - mazeUtils.moveTile - [moveTile.py:80] - DEBUG - roll: 0.12999999999999545 deg, practicalMoveTime: 0.09646447214454065 sec
2026-06-17 01:44:42,016 - mazeUtils.moveTile - [moveTile.py:1234] - DEBUG - moveTile loop time: 52.7 ms
2026-06-17 01:44:42,069 - mazeUtils.moveTile - [moveTile.py:80] - DEBUG - roll: 359.28999999999996 deg, practicalMoveTime: 0.14949542105854152 sec
2026-06-17 01:44:42,070 - mazeUtils.moveTile - [moveTile.py:1234] - DEBUG - moveTile loop time: 53.3 ms
2026-06-17 01:44:42,121 - mazeUtils.moveTile - [moveTile.py:80] - DEBUG - roll: 0.2400000000000091 deg, practicalMoveTime: 0.19231337713309543 sec
2026-06-17 01:44:42,122 - mazeUtils.moveTile - [moveTile.py:1234] - DEBUG - moveTile loop time: 50.9 ms
2026-06-17 01:44:42,172 - mazeUtils.moveTile - [moveTile.py:80] - DEBUG - roll: 358.64 deg, practicalMoveTime: 0.24256476809353258 sec
2026-06-17 01:44:42,173 - mazeUtils.moveTile - [moveTile.py:1234] - DEBUG - moveTile loop time: 50.7 ms
2026-06-17 01:44:42,224 - mazeUtils.moveTile - [moveTile.py:80] - DEBUG - roll: 0.8499999999999659 deg, practicalMoveTime: 0.28629388615476653 sec
2026-06-17 01:44:42,225 - mazeUtils.moveTile - [moveTile.py:1234] - DEBUG - moveTile loop time: 51.7 ms
2026-06-17 01:44:42,276 - mazeUtils.moveTile - [moveTile.py:80] - DEBUG - roll: 1.670000000000016 deg, practicalMoveTime: 0.3297442798436587 sec
2026-06-17 01:44:42,277 - mazeUtils.moveTile - [moveTile.py:1234] - DEBUG - moveTile loop time: 51.6 ms
2026-06-17 01:44:42,328 - mazeUtils.moveTile - [moveTile.py:80] - DEBUG - roll: 4.849999999999966 deg, practicalMoveTime: 0.3730049927044313 sec
2026-06-17 01:44:42,329 - mazeUtils.moveTile - [moveTile.py:1234] - DEBUG - moveTile loop time: 51.4 ms
2026-06-17 01:44:42,380 - mazeUtils.moveTile - [moveTile.py:80] - DEBUG - roll: 8.099999999999966 deg, practicalMoveTime: 0.41610158333451136 sec
2026-06-17 01:44:42,381 - mazeUtils.moveTile - [moveTile.py:1234] - DEBUG - moveTile loop time: 51.5 ms
2026-06-17 01:44:42,432 - mazeUtils.moveTile - [moveTile.py:80] - DEBUG - roll: 8.019999999999982 deg, practicalMoveTime: 0.4592548576967047 sec
2026-06-17 01:44:42,433 - mazeUtils.moveTile - [moveTile.py:1234] - DEBUG - moveTile loop time: 51.7 ms
2026-06-17 01:44:42,483 - mazeUtils.moveTile - [moveTile.py:80] - DEBUG - roll: 12.060000000000002 deg, practicalMoveTime: 0.5008546679645183 sec
2026-06-17 01:44:42,483 - mazeUtils.moveTile - [moveTile.py:1234] - DEBUG - moveTile loop time: 50.4 ms
2026-06-17 01:44:42,534 - mazeUtils.moveTile - [moveTile.py:80] - DEBUG - roll: 14.319999999999993 deg, practicalMoveTime: 0.5422670124352998 sec
2026-06-17 01:44:42,534 - mazeUtils.moveTile - [moveTile.py:1234] - DEBUG - moveTile loop time: 50.6 ms
2026-06-17 01:44:42,586 - mazeUtils.moveTile - [moveTile.py:80] - DEBUG - roll: 16.069999999999993 deg, practicalMoveTime: 0.5841451741581789 sec
2026-06-17 01:44:42,586 - mazeUtils.moveTile - [moveTile.py:1234] - DEBUG - moveTile loop time: 51.6 ms
2026-06-17 01:44:42,637 - mazeUtils.moveTile - [moveTile.py:80] - DEBUG - roll: 19.30000000000001 deg, practicalMoveTime: 0.6245925407242214 sec
2026-06-17 01:44:42,638 - mazeUtils.moveTile - [moveTile.py:1234] - DEBUG - moveTile loop time: 50.9 ms
2026-06-17 01:44:42,690 - mazeUtils.moveTile - [moveTile.py:80] - DEBUG - roll: 17.389999999999986 deg, practicalMoveTime: 0.6667639907457181 sec
2026-06-17 01:44:42,690 - mazeUtils.moveTile - [moveTile.py:1234] - DEBUG - moveTile loop time: 52.3 ms
2026-06-17 01:44:42,742 - mazeUtils.moveTile - [moveTile.py:80] - DEBUG - roll: 20.060000000000002 deg, practicalMoveTime: 0.70770445980621 sec
2026-06-17 01:44:42,743 - mazeUtils.moveTile - [moveTile.py:1234] - DEBUG - moveTile loop time: 51.7 ms
2026-06-17 01:44:42,794 - mazeUtils.moveTile - [moveTile.py:80] - DEBUG - roll: 17.939999999999998 deg, practicalMoveTime: 0.7493255252275773 sec
2026-06-17 01:44:42,795 - mazeUtils.moveTile - [moveTile.py:1234] - DEBUG - moveTile loop time: 51.9 ms
2026-06-17 01:44:42,896 - mazeUtils.moveTile - [moveTile.py:80] - DEBUG - roll: 19.670000000000016 deg, practicalMoveTime: 0.8299266685855102 sec
2026-06-17 01:44:42,896 - mazeUtils.moveTile - [moveTile.py:1234] - DEBUG - moveTile loop time: 51.1 ms
2026-06-17 01:44:42,948 - mazeUtils.moveTile - [moveTile.py:80] - DEBUG - roll: 18.019999999999982 deg, practicalMoveTime: 0.8713681538167162 sec
2026-06-17 01:44:42,948 - mazeUtils.moveTile - [moveTile.py:1234] - DEBUG - moveTile loop time: 51.7 ms
2026-06-17 01:44:43,000 - mazeUtils.moveTile - [moveTile.py:80] - DEBUG - roll: 20.579999999999984 deg, practicalMoveTime: 0.9122839549514682 sec
2026-06-17 01:44:43,001 - mazeUtils.moveTile - [moveTile.py:1234] - DEBUG - moveTile loop time: 51.8 ms
2026-06-17 01:44:43,052 - mazeUtils.moveTile - [moveTile.py:80] - DEBUG - roll: 18.589999999999975 deg, practicalMoveTime: 0.9538637613510417 sec
2026-06-17 01:44:43,053 - mazeUtils.moveTile - [moveTile.py:1234] - DEBUG - moveTile loop time: 52.0 ms
2026-06-17 01:44:43,103 - mazeUtils.moveTile - [moveTile.py:80] - DEBUG - roll: 20.49000000000001 deg, practicalMoveTime: 0.9939296463395513 sec
2026-06-17 01:44:43,104 - mazeUtils.moveTile - [moveTile.py:1234] - DEBUG - moveTile loop time: 50.7 ms
2026-06-17 01:44:43,155 - mazeUtils.moveTile - [moveTile.py:80] - DEBUG - roll: 18.769999999999982 deg, practicalMoveTime: 1.0349848493973528 sec
2026-06-17 01:44:43,156 - mazeUtils.moveTile - [moveTile.py:1234] - DEBUG - moveTile loop time: 51.3 ms
2026-06-17 01:44:43,207 - mazeUtils.moveTile - [moveTile.py:80] - DEBUG - roll: 18.30000000000001 deg, practicalMoveTime: 1.0759545580656122 sec
2026-06-17 01:44:43,208 - mazeUtils.moveTile - [moveTile.py:1234] - DEBUG - moveTile loop time: 51.1 ms
2026-06-17 01:44:43,259 - mazeUtils.moveTile - [moveTile.py:80] - DEBUG - roll: 19.879999999999995 deg, practicalMoveTime: 1.1171005430555612 sec
2026-06-17 01:44:43,260 - mazeUtils.moveTile - [moveTile.py:1234] - DEBUG - moveTile loop time: 51.9 ms
2026-06-17 01:44:43,311 - mazeUtils.moveTile - [moveTile.py:80] - DEBUG - roll: 17.569999999999993 deg, practicalMoveTime: 1.1586052845897112 sec
2026-06-17 01:44:43,312 - mazeUtils.moveTile - [moveTile.py:1234] - DEBUG - moveTile loop time: 51.6 ms
2026-06-17 01:44:43,363 - mazeUtils.moveTile - [moveTile.py:80] - DEBUG - roll: 20.170000000000016 deg, practicalMoveTime: 1.1992567454465801 sec
2026-06-17 01:44:43,364 - mazeUtils.moveTile - [moveTile.py:1234] - DEBUG - moveTile loop time: 51.4 ms
2026-06-17 01:44:43,415 - mazeUtils.moveTile - [moveTile.py:80] - DEBUG - roll: 17.399999999999977 deg, practicalMoveTime: 1.2408312389922174 sec
2026-06-17 01:44:43,416 - mazeUtils.moveTile - [moveTile.py:1234] - DEBUG - moveTile loop time: 51.6 ms
2026-06-17 01:44:43,466 - mazeUtils.moveTile - [moveTile.py:80] - DEBUG - roll: 19.430000000000007 deg, practicalMoveTime: 1.2813801433031713 sec
2026-06-17 01:44:43,467 - mazeUtils.moveTile - [moveTile.py:1234] - DEBUG - moveTile loop time: 51.0 ms
2026-06-17 01:44:43,518 - mazeUtils.moveTile - [moveTile.py:80] - DEBUG - roll: 17.95999999999998 deg, practicalMoveTime: 1.3228062277757693 sec
2026-06-17 01:44:43,519 - mazeUtils.moveTile - [moveTile.py:1234] - DEBUG - moveTile loop time: 51.6 ms
2026-06-17 01:44:43,570 - mazeUtils.moveTile - [moveTile.py:80] - DEBUG - roll: 18.079999999999984 deg, practicalMoveTime: 1.3638176426234558 sec
2026-06-17 01:44:43,571 - mazeUtils.moveTile - [moveTile.py:1234] - DEBUG - moveTile loop time: 51.2 ms
2026-06-17 01:44:43,622 - mazeUtils.moveTile - [moveTile.py:80] - DEBUG - roll: 20.0 deg, practicalMoveTime: 1.4047293733467967 sec
2026-06-17 01:44:43,623 - mazeUtils.moveTile - [moveTile.py:1234] - DEBUG - moveTile loop time: 51.6 ms
2026-06-17 01:44:43,675 - mazeUtils.moveTile - [moveTile.py:80] - DEBUG - roll: 17.810000000000002 deg, practicalMoveTime: 1.4465856194582047 sec
2026-06-17 01:44:43,675 - mazeUtils.moveTile - [moveTile.py:1234] - DEBUG - moveTile loop time: 52.1 ms
2026-06-17 01:44:43,777 - mazeUtils.moveTile - [moveTile.py:80] - DEBUG - roll: 17.810000000000002 deg, practicalMoveTime: 1.5285415520451933 sec
2026-06-17 01:44:43,777 - mazeUtils.moveTile - [moveTile.py:1234] - DEBUG - moveTile loop time: 52.1 ms
2026-06-17 01:44:43,829 - mazeUtils.moveTile - [moveTile.py:80] - DEBUG - roll: 19.22999999999996 deg, practicalMoveTime: 1.5697409715100898 sec
2026-06-17 01:44:43,829 - mazeUtils.moveTile - [moveTile.py:1234] - DEBUG - moveTile loop time: 51.6 ms
2026-06-17 01:44:43,880 - mazeUtils.moveTile - [moveTile.py:80] - DEBUG - roll: 19.079999999999984 deg, practicalMoveTime: 1.6099718061203616 sec
2026-06-17 01:44:43,880 - mazeUtils.moveTile - [moveTile.py:1234] - DEBUG - moveTile loop time: 50.3 ms
2026-06-17 01:44:43,932 - mazeUtils.moveTile - [moveTile.py:80] - DEBUG - roll: 18.159999999999968 deg, practicalMoveTime: 1.6518907074948144 sec
2026-06-17 01:44:43,933 - mazeUtils.moveTile - [moveTile.py:1234] - DEBUG - moveTile loop time: 52.4 ms
2026-06-17 01:44:43,984 - mazeUtils.moveTile - [moveTile.py:80] - DEBUG - roll: 19.370000000000005 deg, practicalMoveTime: 1.6927803468684643 sec
2026-06-17 01:44:43,985 - mazeUtils.moveTile - [moveTile.py:1234] - DEBUG - moveTile loop time: 51.0 ms
2026-06-17 01:44:44,036 - mazeUtils.moveTile - [moveTile.py:80] - DEBUG - roll: 17.529999999999973 deg, practicalMoveTime: 1.734487884067728 sec
2026-06-17 01:44:44,037 - mazeUtils.moveTile - [moveTile.py:1234] - DEBUG - moveTile loop time: 51.8 ms
2026-06-17 01:44:44,089 - mazeUtils.moveTile - [moveTile.py:80] - DEBUG - roll: 18.339999999999975 deg, practicalMoveTime: 1.7760059735569445 sec
2026-06-17 01:44:44,089 - mazeUtils.moveTile - [moveTile.py:1234] - DEBUG - moveTile loop time: 51.7 ms
2026-06-17 01:44:44,141 - mazeUtils.moveTile - [moveTile.py:80] - DEBUG - roll: 18.069999999999993 deg, practicalMoveTime: 1.8177803480472272 sec
2026-06-17 01:44:44,142 - mazeUtils.moveTile - [moveTile.py:1234] - DEBUG - moveTile loop time: 52.1 ms
2026-06-17 01:44:44,192 - mazeUtils.moveTile - [moveTile.py:80] - DEBUG - roll: 19.649999999999977 deg, practicalMoveTime: 1.857865795784414 sec
2026-06-17 01:44:44,193 - mazeUtils.moveTile - [moveTile.py:1234] - DEBUG - moveTile loop time: 50.4 ms
2026-06-17 01:44:44,244 - mazeUtils.moveTile - [moveTile.py:80] - DEBUG - roll: 19.55000000000001 deg, practicalMoveTime: 1.8990759752277946 sec
2026-06-17 01:44:44,245 - mazeUtils.moveTile - [moveTile.py:1234] - DEBUG - moveTile loop time: 51.8 ms
2026-06-17 01:44:44,296 - mazeUtils.moveTile - [moveTile.py:80] - DEBUG - roll: 18.21999999999997 deg, practicalMoveTime: 1.9403011391753324 sec
2026-06-17 01:44:44,297 - mazeUtils.moveTile - [moveTile.py:1234] - DEBUG - moveTile loop time: 51.4 ms
2026-06-17 01:44:44,348 - mazeUtils.moveTile - [moveTile.py:80] - DEBUG - roll: 18.189999999999998 deg, practicalMoveTime: 1.9816966668238802 sec
2026-06-17 01:44:44,349 - mazeUtils.moveTile - [moveTile.py:1234] - DEBUG - moveTile loop time: 51.7 ms
2026-06-17 01:44:44,400 - mazeUtils.moveTile - [moveTile.py:80] - DEBUG - roll: 18.05000000000001 deg, practicalMoveTime: 2.0230648049196027 sec
2026-06-17 01:44:44,401 - mazeUtils.moveTile - [moveTile.py:1234] - DEBUG - moveTile loop time: 51.6 ms
2026-06-17 01:44:44,452 - mazeUtils.moveTile - [moveTile.py:80] - DEBUG - roll: 18.80000000000001 deg, practicalMoveTime: 2.0643653554075487 sec
2026-06-17 01:44:44,453 - mazeUtils.moveTile - [moveTile.py:1234] - DEBUG - moveTile loop time: 51.7 ms
2026-06-17 01:44:44,504 - mazeUtils.moveTile - [moveTile.py:80] - DEBUG - roll: 18.97999999999996 deg, practicalMoveTime: 2.105189771780992 sec
2026-06-17 01:44:44,504 - mazeUtils.moveTile - [moveTile.py:1234] - DEBUG - moveTile loop time: 51.1 ms
2026-06-17 01:44:44,556 - mazeUtils.moveTile - [moveTile.py:80] - DEBUG - roll: 18.629999999999995 deg, practicalMoveTime: 2.1466486152688096 sec
2026-06-17 01:44:44,557 - mazeUtils.moveTile - [moveTile.py:1234] - DEBUG - moveTile loop time: 51.8 ms
2026-06-17 01:44:44,608 - mazeUtils.moveTile - [moveTile.py:80] - DEBUG - roll: 17.680000000000007 deg, practicalMoveTime: 2.1881684037099967 sec
2026-06-17 01:44:44,609 - mazeUtils.moveTile - [moveTile.py:1234] - DEBUG - moveTile loop time: 51.7 ms
2026-06-17 01:44:44,709 - mazeUtils.moveTile - [moveTile.py:80] - DEBUG - roll: 18.560000000000002 deg, practicalMoveTime: 2.269246858569437 sec
2026-06-17 01:44:44,710 - mazeUtils.moveTile - [moveTile.py:1234] - DEBUG - moveTile loop time: 50.2 ms
2026-06-17 01:44:44,762 - mazeUtils.moveTile - [moveTile.py:80] - DEBUG - roll: 19.159999999999968 deg, practicalMoveTime: 2.3105181712661413 sec
2026-06-17 01:44:44,762 - mazeUtils.moveTile - [moveTile.py:1234] - DEBUG - moveTile loop time: 51.9 ms
2026-06-17 01:44:44,814 - mazeUtils.moveTile - [moveTile.py:80] - DEBUG - roll: 18.00999999999999 deg, practicalMoveTime: 2.3519161399400508 sec
2026-06-17 01:44:44,814 - mazeUtils.moveTile - [moveTile.py:1234] - DEBUG - moveTile loop time: 51.6 ms
2026-06-17 01:44:44,865 - mazeUtils.moveTile - [moveTile.py:80] - DEBUG - roll: 18.00999999999999 deg, practicalMoveTime: 2.393155494968749 sec
2026-06-17 01:44:44,866 - mazeUtils.moveTile - [moveTile.py:1234] - DEBUG - moveTile loop time: 51.5 ms
2026-06-17 01:44:44,918 - mazeUtils.moveTile - [moveTile.py:80] - DEBUG - roll: 19.519999999999982 deg, practicalMoveTime: 2.4341966484663637 sec
2026-06-17 01:44:44,918 - mazeUtils.moveTile - [moveTile.py:1234] - DEBUG - moveTile loop time: 51.6 ms
2026-06-17 01:44:44,969 - mazeUtils.moveTile - [moveTile.py:80] - DEBUG - roll: 17.379999999999995 deg, practicalMoveTime: 2.4754776525874758 sec
2026-06-17 01:44:44,970 - mazeUtils.moveTile - [moveTile.py:1234] - DEBUG - moveTile loop time: 51.4 ms
2026-06-17 01:44:45,021 - mazeUtils.moveTile - [moveTile.py:80] - DEBUG - roll: 19.599999999999966 deg, practicalMoveTime: 2.5165732891212786 sec
2026-06-17 01:44:45,022 - mazeUtils.moveTile - [moveTile.py:1234] - DEBUG - moveTile loop time: 51.7 ms
2026-06-17 01:44:45,073 - mazeUtils.moveTile - [moveTile.py:80] - DEBUG - roll: 18.110000000000014 deg, practicalMoveTime: 2.557886644922027 sec
2026-06-17 01:44:45,074 - mazeUtils.moveTile - [moveTile.py:1234] - DEBUG - moveTile loop time: 51.6 ms
2026-06-17 01:44:45,124 - mazeUtils.moveTile - [moveTile.py:80] - DEBUG - roll: 18.70999999999998 deg, practicalMoveTime: 2.5983013235874104 sec
2026-06-17 01:44:45,125 - mazeUtils.moveTile - [moveTile.py:1234] - DEBUG - moveTile loop time: 50.6 ms
2026-06-17 01:44:45,177 - mazeUtils.moveTile - [moveTile.py:80] - DEBUG - roll: 19.029999999999973 deg, practicalMoveTime: 2.639969260250546 sec
2026-06-17 01:44:45,178 - mazeUtils.moveTile - [moveTile.py:1234] - DEBUG - moveTile loop time: 52.1 ms
2026-06-17 01:44:45,229 - mazeUtils.moveTile - [moveTile.py:80] - DEBUG - roll: 17.839999999999975 deg, practicalMoveTime: 2.681071893489336 sec
2026-06-17 01:44:45,229 - mazeUtils.moveTile - [moveTile.py:1234] - DEBUG - moveTile loop time: 51.1 ms
2026-06-17 01:44:45,281 - mazeUtils.moveTile - [moveTile.py:80] - DEBUG - roll: 19.409999999999968 deg, practicalMoveTime: 2.722536177418407 sec
2026-06-17 01:44:45,282 - mazeUtils.moveTile - [moveTile.py:1234] - DEBUG - moveTile loop time: 52.1 ms
2026-06-17 01:44:45,332 - mazeUtils.moveTile - [moveTile.py:80] - DEBUG - roll: 17.95999999999998 deg, practicalMoveTime: 2.7630342151936658 sec
2026-06-17 01:44:45,333 - mazeUtils.moveTile - [moveTile.py:1234] - DEBUG - moveTile loop time: 50.4 ms
2026-06-17 01:44:45,385 - mazeUtils.moveTile - [moveTile.py:80] - DEBUG - roll: 18.0 deg, practicalMoveTime: 2.8051599947650754 sec
2026-06-17 01:44:45,386 - mazeUtils.moveTile - [moveTile.py:1234] - DEBUG - moveTile loop time: 52.5 ms
2026-06-17 01:44:45,437 - mazeUtils.moveTile - [moveTile.py:80] - DEBUG - roll: 14.050000000000011 deg, practicalMoveTime: 2.8469688787508285 sec
2026-06-17 01:44:45,437 - mazeUtils.moveTile - [moveTile.py:1234] - DEBUG - moveTile loop time: 51.1 ms
2026-06-17 01:44:45,489 - mazeUtils.moveTile - [moveTile.py:80] - DEBUG - roll: 9.729999999999961 deg, practicalMoveTime: 2.8903161867977087 sec
2026-06-17 01:44:45,490 - mazeUtils.moveTile - [moveTile.py:1234] - DEBUG - moveTile loop time: 52.4 ms
2026-06-17 01:44:45,540 - mazeUtils.moveTile - [moveTile.py:1185] - INFO - practicalVerticalMove: 33.998649083659295 CM
2026-06-17 01:44:45,663 - mazeUtils.moveTile - [moveTile.py:514] - DEBUG - Direction: absDirection.NORTH, Angle: 270, Distance: 16.765029844069897 cm
2026-06-17 01:44:45,665 - mazeUtils.moveTile - [moveTile.py:514] - DEBUG - Direction: absDirection.EAST, Angle: 180, Distance: 130.43861885714915 cm
2026-06-17 01:44:45,667 - mazeUtils.moveTile - [moveTile.py:514] - DEBUG - Direction: absDirection.SOUTH, Angle: 90, Distance: 78.74907066066504 cm
2026-06-17 01:44:45,669 - mazeUtils.moveTile - [moveTile.py:514] - DEBUG - Direction: absDirection.WEST, Angle: 0, Distance: 28.46007774891855 cm
2026-06-17 01:44:45,670 - mazeUtils.moveTile - [moveTile.py:537] - DEBUG - Front LiDAR distance: 28.46007774891855 cm, TSD10 distance: 14.4 cm
2026-06-17 01:44:45,672 - mazeUtils.moveTile - [moveTile.py:1533] - INFO - Tile color detection counts: {}, decided tile type: E
2026-06-17 01:44:45,785 - __main__ - [main.py:88] - INFO - Current position: (23, 16, 1), front direction: absDirection.WEST
Layer 0 (altitude=0.0cm, offset=(0.0cm, 0.0cm)):
Known map area: x=20..23, y=16..20
+   +   +   +---+
  U   U   U   E |
+---+---+---+   +
| E   E   E   E |
+   +   +   +---+
  E | U   U   U  
+   +   +   +   +
| E   U   U   U  
+   +   +   +   +
  S | U   U   U  
+---+   +   +   +
Layer 1 (altitude=30.270860346000404cm, offset=(-120.0cm, 0.0cm)):
Known map area: x=23..23, y=16..16
+---+
| @  
+   +
2026-06-17 01:44:45,798 - mazeUtils.mazeMap - [mazeMap.py:60] - INFO - next goal: (23, 17, 1)
2026-06-17 01:44:45,799 - mazeUtils.mazeMap - [mazeMap.py:60] - INFO - next goal: (23, 17, 1)
2026-06-17 01:44:45,806 - mazeUtils.moveTile - [moveTile.py:80] - DEBUG - Moving to absDirection.SOUTH from (23, 16, 1) facing absDirection.WEST
2026-06-17 01:44:45,855 - mazeUtils.moveTile - [moveTile.py:80] - DEBUG - current heading: 85.80000000000001 target: 135
2026-06-17 01:44:46,276 - mazeUtils.moveTile - [moveTile.py:389] - DEBUG - stopped turning at heading: 126.24000000000001, diff: 8.759999999999991
2026-06-17 01:44:46,601 - mazeUtils.moveTile - [moveTile.py:80] - DEBUG - Turned to heading: 134.8 deg
2026-06-17 01:44:46,947 - mazeUtils.moveTile - [moveTile.py:80] - DEBUG - current heading: 135.06 target: 180
2026-06-17 01:44:47,592 - mazeUtils.moveTile - [moveTile.py:389] - DEBUG - stopped turning at heading: 170.15, diff: 9.849999999999994
2026-06-17 01:44:49,181 - __main__ - [main.py:148] - INFO - Program interrupted by user.
2026-06-17 01:44:50,256 - mazeUtils.device.stm - [stm.py:216] - DEBUG - ACK resynchronized: type=STS_MOTOR dropped=24B seq=97
