2026-06-01 21:14:15,706 - root - [logging_config.py:61] - INFO - Logging initialized. Log file: /home/tuton/Kanto2026RPi/src/config/../logs/robot_20260601_211414.log
2026-06-01 21:14:17,424 - mazeUtils.device.LiDAR - [LiDAR.py:36] - INFO - Available ports: <ydlidar.Str2strMap; proxy of <Swig Object of type 'std::map< std::string,std::string > *' at 0x7f935841b0> >
2026-06-01 21:14:21,444 - mazeUtils.moveTile - [moveTile.py:512] - DEBUG - Direction: absDirection.NORTH, Angle: 0, Distance: 34.305585264029276 cm
2026-06-01 21:14:21,445 - mazeUtils.moveTile - [moveTile.py:512] - DEBUG - Direction: absDirection.EAST, Angle: 270, Distance: 169.09961904470993 cm
2026-06-01 21:14:21,446 - mazeUtils.moveTile - [moveTile.py:512] - DEBUG - Direction: absDirection.SOUTH, Angle: 180, Distance: 21.37873271813589 cm
2026-06-01 21:14:21,448 - mazeUtils.moveTile - [moveTile.py:512] - DEBUG - Direction: absDirection.WEST, Angle: 90, Distance: 15.348666106002716 cm
2026-06-01 21:14:22,469 - __main__ - [main.py:69] - INFO - Initial Map:
2026-06-01 21:14:22,478 - __main__ - [main.py:70] - INFO - Current position: (20, 20, 0), front direction: absDirection.NORTH
Layer 0 (altitude=0.0cm, offset=(0.0cm, 0.0cm)):
Known map area: x=20..20, y=20..20
+   +
| @  
+---+
2026-06-01 21:14:22,479 - mazeUtils.mazeMap - [mazeMap.py:61] - INFO - next goal: (20, 19, 0)
2026-06-01 21:14:22,480 - __main__ - [main.py:73] - INFO - Next Direction: [<absDirection.NORTH: 0>]
2026-06-01 21:14:22,480 - __main__ - [main.py:74] - INFO - Exploration started.
2026-06-01 21:14:22,481 - mazeUtils.mazeMap - [mazeMap.py:61] - INFO - next goal: (20, 19, 0)
2026-06-01 21:14:22,489 - mazeUtils.moveTile - [moveTile.py:80] - DEBUG - Moving to absDirection.NORTH from (20, 20, 0) facing absDirection.NORTH
2026-06-01 21:14:22,629 - picamera2.picamera2 - [picamera2.py:1391] - DEBUG - Execute job: <picamera2.job.Job object at 0x7f6430eb50>
2026-06-01 21:14:22,635 - mazeUtils.device.camera - [camera.py:37] - DEBUG - Average HSV: H=142.4, S=19.6, V=185.8
2026-06-01 21:14:22,684 - mazeUtils.moveTile - [moveTile.py:80] - DEBUG - roll: 0.05000000000001137 deg, practicalMoveTime: 0.05355400192030548 sec
2026-06-01 21:14:22,684 - mazeUtils.moveTile - [moveTile.py:1049] - DEBUG - moveTile loop time: 61.7 ms
2026-06-01 21:14:22,691 - picamera2.picamera2 - [picamera2.py:1391] - DEBUG - Execute job: <picamera2.job.Job object at 0x7f6df22150>
2026-06-01 21:14:22,696 - mazeUtils.device.camera - [camera.py:37] - DEBUG - Average HSV: H=152.7, S=29.3, V=158.6
2026-06-01 21:14:22,747 - mazeUtils.moveTile - [moveTile.py:80] - DEBUG - roll: 359.35 deg, practicalMoveTime: 0.11636872518934266 sec
2026-06-01 21:14:22,748 - mazeUtils.moveTile - [moveTile.py:1049] - DEBUG - moveTile loop time: 63.1 ms
2026-06-01 21:14:22,752 - picamera2.picamera2 - [picamera2.py:1391] - DEBUG - Execute job: <picamera2.job.Job object at 0x7f6413d390>
2026-06-01 21:14:22,755 - mazeUtils.device.camera - [camera.py:37] - DEBUG - Average HSV: H=145.6, S=34.4, V=150.3
2026-06-01 21:14:22,802 - mazeUtils.moveTile - [moveTile.py:80] - DEBUG - roll: 0.08999999999997499 deg, practicalMoveTime: 0.16279082759009394 sec
2026-06-01 21:14:22,803 - mazeUtils.moveTile - [moveTile.py:1049] - DEBUG - moveTile loop time: 54.9 ms
2026-06-01 21:14:22,809 - picamera2.picamera2 - [picamera2.py:1391] - DEBUG - Execute job: <picamera2.job.Job object at 0x7f6413d350>
2026-06-01 21:14:22,813 - mazeUtils.device.camera - [camera.py:37] - DEBUG - Average HSV: H=124.8, S=93.4, V=167.1
2026-06-01 21:14:22,862 - mazeUtils.moveTile - [moveTile.py:80] - DEBUG - roll: 359.92 deg, practicalMoveTime: 0.2221283857160315 sec
2026-06-01 21:14:22,862 - mazeUtils.moveTile - [moveTile.py:1049] - DEBUG - moveTile loop time: 59.6 ms
2026-06-01 21:14:22,867 - picamera2.picamera2 - [picamera2.py:1391] - DEBUG - Execute job: <picamera2.job.Job object at 0x7f4fc54310>
2026-06-01 21:14:22,871 - mazeUtils.device.camera - [camera.py:37] - DEBUG - Average HSV: H=146.4, S=9.2, V=236.8
2026-06-01 21:14:22,919 - mazeUtils.moveTile - [moveTile.py:80] - DEBUG - roll: 359.77 deg, practicalMoveTime: 0.27855612511332495 sec
2026-06-01 21:14:22,919 - mazeUtils.moveTile - [moveTile.py:1049] - DEBUG - moveTile loop time: 56.8 ms
2026-06-01 21:14:22,925 - picamera2.picamera2 - [picamera2.py:1391] - DEBUG - Execute job: <picamera2.job.Job object at 0x7f6deba9d0>
2026-06-01 21:14:22,928 - mazeUtils.device.camera - [camera.py:37] - DEBUG - Average HSV: H=13.8, S=47.6, V=232.9
2026-06-01 21:14:22,976 - mazeUtils.moveTile - [moveTile.py:80] - DEBUG - roll: 0.660000000000025 deg, practicalMoveTime: 0.32692158465310533 sec
2026-06-01 21:14:22,977 - mazeUtils.moveTile - [moveTile.py:1049] - DEBUG - moveTile loop time: 57.1 ms
2026-06-01 21:14:22,982 - picamera2.picamera2 - [picamera2.py:1391] - DEBUG - Execute job: <picamera2.job.Job object at 0x7f642f1f50>
2026-06-01 21:14:22,985 - mazeUtils.device.camera - [camera.py:37] - DEBUG - Average HSV: H=11.7, S=78.2, V=158.4
2026-06-01 21:14:23,037 - mazeUtils.moveTile - [moveTile.py:80] - DEBUG - roll: 1.2699999999999818 deg, practicalMoveTime: 0.3774815092646494 sec
2026-06-01 21:14:23,037 - mazeUtils.moveTile - [moveTile.py:1049] - DEBUG - moveTile loop time: 59.8 ms
2026-06-01 21:14:23,041 - picamera2.picamera2 - [picamera2.py:1391] - DEBUG - Execute job: <picamera2.job.Job object at 0x7f6413d350>
2026-06-01 21:14:23,044 - mazeUtils.device.camera - [camera.py:37] - DEBUG - Average HSV: H=125.8, S=104.5, V=187.4
2026-06-01 21:14:23,093 - mazeUtils.moveTile - [moveTile.py:80] - DEBUG - roll: 5.509999999999991 deg, practicalMoveTime: 0.4250981833501126 sec
2026-06-01 21:14:23,094 - mazeUtils.moveTile - [moveTile.py:1049] - DEBUG - moveTile loop time: 56.8 ms
2026-06-01 21:14:23,098 - picamera2.picamera2 - [picamera2.py:1391] - DEBUG - Execute job: <picamera2.job.Job object at 0x7f64322450>
2026-06-01 21:14:23,102 - mazeUtils.device.camera - [camera.py:37] - DEBUG - Average HSV: H=10.7, S=61.8, V=200.7
2026-06-01 21:14:23,152 - mazeUtils.moveTile - [moveTile.py:80] - DEBUG - roll: 9.689999999999998 deg, practicalMoveTime: 0.4738914551540195 sec
2026-06-01 21:14:23,153 - mazeUtils.moveTile - [moveTile.py:1049] - DEBUG - moveTile loop time: 58.4 ms
2026-06-01 21:14:23,157 - picamera2.picamera2 - [picamera2.py:1391] - DEBUG - Execute job: <picamera2.job.Job object at 0x7f643830d0>
2026-06-01 21:14:23,160 - mazeUtils.device.camera - [camera.py:37] - DEBUG - Average HSV: H=10.4, S=44.9, V=162.6
2026-06-01 21:14:23,211 - mazeUtils.moveTile - [moveTile.py:80] - DEBUG - roll: 11.439999999999998 deg, practicalMoveTime: 0.5222831918362771 sec
2026-06-01 21:14:23,211 - mazeUtils.moveTile - [moveTile.py:1049] - DEBUG - moveTile loop time: 58.5 ms
2026-06-01 21:14:23,216 - picamera2.picamera2 - [picamera2.py:1391] - DEBUG - Execute job: <picamera2.job.Job object at 0x7f642f1f50>
2026-06-01 21:14:23,220 - mazeUtils.device.camera - [camera.py:37] - DEBUG - Average HSV: H=12.8, S=40.4, V=232.7
2026-06-01 21:14:23,267 - mazeUtils.moveTile - [moveTile.py:80] - DEBUG - roll: 15.670000000000016 deg, practicalMoveTime: 0.567940782372154 sec
2026-06-01 21:14:23,268 - mazeUtils.moveTile - [moveTile.py:1049] - DEBUG - moveTile loop time: 56.0 ms
2026-06-01 21:14:23,274 - picamera2.picamera2 - [picamera2.py:1391] - DEBUG - Execute job: <picamera2.job.Job object at 0x7f4fc54310>
2026-06-01 21:14:23,277 - mazeUtils.device.camera - [camera.py:37] - DEBUG - Average HSV: H=6.3, S=44.5, V=189.8
2026-06-01 21:14:23,327 - mazeUtils.moveTile - [moveTile.py:80] - DEBUG - roll: 18.620000000000005 deg, practicalMoveTime: 0.6157959247654431 sec
2026-06-01 21:14:23,328 - mazeUtils.moveTile - [moveTile.py:1049] - DEBUG - moveTile loop time: 59.8 ms
2026-06-01 21:14:23,333 - picamera2.picamera2 - [picamera2.py:1391] - DEBUG - Execute job: <picamera2.job.Job object at 0x7f6df22150>
2026-06-01 21:14:23,336 - mazeUtils.device.camera - [camera.py:37] - DEBUG - Average HSV: H=55.5, S=38.7, V=223.3
2026-06-01 21:14:23,383 - mazeUtils.moveTile - [moveTile.py:80] - DEBUG - roll: 20.470000000000027 deg, practicalMoveTime: 0.659549352324613 sec
2026-06-01 21:14:23,383 - mazeUtils.moveTile - [moveTile.py:1049] - DEBUG - moveTile loop time: 55.3 ms
2026-06-01 21:14:23,387 - picamera2.picamera2 - [picamera2.py:1391] - DEBUG - Execute job: <picamera2.job.Job object at 0x7f6433f010>
2026-06-01 21:14:23,390 - mazeUtils.device.camera - [camera.py:37] - DEBUG - Average HSV: H=7.2, S=41.2, V=194.4
2026-06-01 21:14:23,439 - mazeUtils.moveTile - [moveTile.py:80] - DEBUG - roll: 24.54000000000002 deg, practicalMoveTime: 0.7023009025756374 sec
2026-06-01 21:14:23,439 - mazeUtils.moveTile - [moveTile.py:1049] - DEBUG - moveTile loop time: 55.5 ms
2026-06-01 21:14:23,444 - picamera2.picamera2 - [picamera2.py:1391] - DEBUG - Execute job: <picamera2.job.Job object at 0x7f642fd250>
2026-06-01 21:14:23,447 - mazeUtils.device.camera - [camera.py:37] - DEBUG - Average HSV: H=70.0, S=32.3, V=211.8
2026-06-01 21:14:23,497 - mazeUtils.moveTile - [moveTile.py:80] - DEBUG - roll: 28.100000000000023 deg, practicalMoveTime: 0.7460315173537097 sec
2026-06-01 21:14:23,498 - mazeUtils.moveTile - [moveTile.py:1049] - DEBUG - moveTile loop time: 58.6 ms
2026-06-01 21:14:23,503 - picamera2.picamera2 - [picamera2.py:1391] - DEBUG - Execute job: <picamera2.job.Job object at 0x7f4fc54310>
2026-06-01 21:14:23,506 - mazeUtils.device.camera - [camera.py:37] - DEBUG - Average HSV: H=7.0, S=39.3, V=186.1
2026-06-01 21:14:23,554 - mazeUtils.moveTile - [moveTile.py:80] - DEBUG - roll: 31.19999999999999 deg, practicalMoveTime: 0.78658338809303 sec
2026-06-01 21:14:23,554 - mazeUtils.moveTile - [moveTile.py:1049] - DEBUG - moveTile loop time: 56.0 ms
2026-06-01 21:14:23,560 - picamera2.picamera2 - [picamera2.py:1391] - DEBUG - Execute job: <picamera2.job.Job object at 0x7f642f1f50>
2026-06-01 21:14:23,563 - mazeUtils.device.camera - [camera.py:37] - DEBUG - Average HSV: H=52.7, S=33.9, V=188.2
2026-06-01 21:14:23,612 - mazeUtils.moveTile - [moveTile.py:80] - DEBUG - roll: 33.31 deg, practicalMoveTime: 0.8280197802536293 sec
2026-06-01 21:14:23,613 - mazeUtils.moveTile - [moveTile.py:1049] - DEBUG - moveTile loop time: 58.9 ms
2026-06-01 21:14:23,619 - picamera2.picamera2 - [picamera2.py:1391] - DEBUG - Execute job: <picamera2.job.Job object at 0x7f7fe8cbd0>
2026-06-01 21:14:23,622 - mazeUtils.device.camera - [camera.py:37] - DEBUG - Average HSV: H=13.6, S=38.9, V=184.4
2026-06-01 21:14:23,671 - mazeUtils.moveTile - [moveTile.py:80] - DEBUG - roll: 34.860000000000014 deg, practicalMoveTime: 0.8680629413821467 sec
2026-06-01 21:14:23,671 - mazeUtils.moveTile - [moveTile.py:1049] - DEBUG - moveTile loop time: 57.9 ms
2026-06-01 21:14:23,677 - picamera2.picamera2 - [picamera2.py:1391] - DEBUG - Execute job: <picamera2.job.Job object at 0x7f64231510>
2026-06-01 21:14:23,681 - mazeUtils.device.camera - [camera.py:37] - DEBUG - Average HSV: H=57.3, S=33.8, V=185.9
2026-06-01 21:14:23,730 - mazeUtils.moveTile - [moveTile.py:80] - DEBUG - roll: 37.26999999999998 deg, practicalMoveTime: 0.9076518908020933 sec
2026-06-01 21:14:23,730 - mazeUtils.moveTile - [moveTile.py:1049] - DEBUG - moveTile loop time: 58.7 ms
2026-06-01 21:14:23,736 - picamera2.picamera2 - [picamera2.py:1391] - DEBUG - Execute job: <picamera2.job.Job object at 0x7f642fd250>
2026-06-01 21:14:23,739 - mazeUtils.device.camera - [camera.py:37] - DEBUG - Average HSV: H=115.9, S=29.0, V=182.4
2026-06-01 21:14:23,788 - mazeUtils.moveTile - [moveTile.py:80] - DEBUG - roll: 35.639999999999986 deg, practicalMoveTime: 0.947451458377569 sec
2026-06-01 21:14:23,789 - mazeUtils.moveTile - [moveTile.py:1049] - DEBUG - moveTile loop time: 57.8 ms
2026-06-01 21:14:23,795 - picamera2.picamera2 - [picamera2.py:1391] - DEBUG - Execute job: <picamera2.job.Job object at 0x7f643830d0>
2026-06-01 21:14:23,798 - mazeUtils.device.camera - [camera.py:37] - DEBUG - Average HSV: H=90.8, S=41.5, V=103.4
2026-06-01 21:14:23,849 - mazeUtils.moveTile - [moveTile.py:80] - DEBUG - roll: 36.079999999999984 deg, practicalMoveTime: 0.9888945947842557 sec
2026-06-01 21:14:23,850 - mazeUtils.moveTile - [moveTile.py:1049] - DEBUG - moveTile loop time: 60.7 ms
2026-06-01 21:14:23,855 - picamera2.picamera2 - [picamera2.py:1391] - DEBUG - Execute job: <picamera2.job.Job object at 0x7f6417b890>
2026-06-01 21:14:23,858 - mazeUtils.device.camera - [camera.py:37] - DEBUG - Average HSV: H=95.5, S=45.1, V=86.5
2026-06-01 21:14:23,912 - picamera2.picamera2 - [picamera2.py:1391] - DEBUG - Execute job: <picamera2.job.Job object at 0x7f6df0d210>
2026-06-01 21:14:23,915 - mazeUtils.device.camera - [camera.py:37] - DEBUG - Average HSV: H=78.1, S=50.5, V=78.8
2026-06-01 21:14:23,966 - mazeUtils.moveTile - [moveTile.py:80] - DEBUG - roll: 36.29000000000002 deg, practicalMoveTime: 1.0687410447104477 sec
2026-06-01 21:14:23,967 - mazeUtils.moveTile - [moveTile.py:1049] - DEBUG - moveTile loop time: 60.5 ms
2026-06-01 21:14:23,971 - picamera2.picamera2 - [picamera2.py:1391] - DEBUG - Execute job: <picamera2.job.Job object at 0x7f6433f010>
2026-06-01 21:14:23,974 - mazeUtils.device.camera - [camera.py:37] - DEBUG - Average HSV: H=84.5, S=58.1, V=64.2
2026-06-01 21:14:24,021 - mazeUtils.moveTile - [moveTile.py:80] - DEBUG - roll: 37.64999999999998 deg, practicalMoveTime: 1.1051493681098168 sec
2026-06-01 21:14:24,021 - mazeUtils.moveTile - [moveTile.py:1049] - DEBUG - moveTile loop time: 54.3 ms
2026-06-01 21:14:24,025 - picamera2.picamera2 - [picamera2.py:1391] - DEBUG - Execute job: <picamera2.job.Job object at 0x7f4fc54310>
2026-06-01 21:14:24,029 - mazeUtils.device.camera - [camera.py:37] - DEBUG - Average HSV: H=87.5, S=60.6, V=62.9
2026-06-01 21:14:24,077 - mazeUtils.moveTile - [moveTile.py:80] - DEBUG - roll: 36.49000000000001 deg, practicalMoveTime: 1.1430796547869033 sec
2026-06-01 21:14:24,077 - mazeUtils.moveTile - [moveTile.py:1049] - DEBUG - moveTile loop time: 55.8 ms
2026-06-01 21:14:24,082 - picamera2.picamera2 - [picamera2.py:1391] - DEBUG - Execute job: <picamera2.job.Job object at 0x7f6deba9d0>
2026-06-01 21:14:24,085 - mazeUtils.device.camera - [camera.py:37] - DEBUG - Average HSV: H=68.0, S=53.9, V=85.2
2026-06-01 21:14:24,133 - mazeUtils.moveTile - [moveTile.py:80] - DEBUG - roll: 35.079999999999984 deg, practicalMoveTime: 1.182140263868389 sec
2026-06-01 21:14:24,134 - mazeUtils.moveTile - [moveTile.py:1049] - DEBUG - moveTile loop time: 56.5 ms
2026-06-01 21:14:24,139 - picamera2.picamera2 - [picamera2.py:1391] - DEBUG - Execute job: <picamera2.job.Job object at 0x7f64367550>
2026-06-01 21:14:24,142 - mazeUtils.device.camera - [camera.py:37] - DEBUG - Average HSV: H=81.8, S=57.5, V=71.0
2026-06-01 21:14:24,192 - mazeUtils.moveTile - [moveTile.py:80] - DEBUG - roll: 37.110000000000014 deg, practicalMoveTime: 1.2218094692327703 sec
2026-06-01 21:14:24,193 - mazeUtils.moveTile - [moveTile.py:1049] - DEBUG - moveTile loop time: 59.2 ms
2026-06-01 21:14:24,198 - picamera2.picamera2 - [picamera2.py:1391] - DEBUG - Execute job: <picamera2.job.Job object at 0x7f6413d390>
2026-06-01 21:14:24,202 - mazeUtils.device.camera - [camera.py:37] - DEBUG - Average HSV: H=78.3, S=87.9, V=44.8
2026-06-01 21:14:24,252 - mazeUtils.moveTile - [moveTile.py:80] - DEBUG - roll: 38.89999999999998 deg, practicalMoveTime: 1.2605499116088978 sec
2026-06-01 21:14:24,252 - mazeUtils.moveTile - [moveTile.py:1049] - DEBUG - moveTile loop time: 58.6 ms
2026-06-01 21:14:24,258 - picamera2.picamera2 - [picamera2.py:1391] - DEBUG - Execute job: <picamera2.job.Job object at 0x7f6deba9d0>
2026-06-01 21:14:24,261 - mazeUtils.device.camera - [camera.py:37] - DEBUG - Average HSV: H=66.4, S=61.2, V=68.8
2026-06-01 21:14:24,312 - mazeUtils.moveTile - [moveTile.py:80] - DEBUG - roll: 34.72000000000003 deg, practicalMoveTime: 1.302075304512712 sec
2026-06-01 21:14:24,313 - mazeUtils.moveTile - [moveTile.py:1049] - DEBUG - moveTile loop time: 60.1 ms
2026-06-01 21:14:24,318 - picamera2.picamera2 - [picamera2.py:1391] - DEBUG - Execute job: <picamera2.job.Job object at 0x7f64231410>
2026-06-01 21:14:24,321 - mazeUtils.device.camera - [camera.py:37] - DEBUG - Average HSV: H=75.3, S=50.6, V=81.7
2026-06-01 21:14:24,370 - mazeUtils.moveTile - [moveTile.py:80] - DEBUG - roll: 34.43000000000001 deg, practicalMoveTime: 1.342470589921812 sec
2026-06-01 21:14:24,371 - mazeUtils.moveTile - [moveTile.py:1049] - DEBUG - moveTile loop time: 57.8 ms
2026-06-01 21:14:24,375 - picamera2.picamera2 - [picamera2.py:1391] - DEBUG - Execute job: <picamera2.job.Job object at 0x7f6df0d210>
2026-06-01 21:14:24,378 - mazeUtils.device.camera - [camera.py:37] - DEBUG - Average HSV: H=84.9, S=49.4, V=78.6
2026-06-01 21:14:24,425 - mazeUtils.moveTile - [moveTile.py:80] - DEBUG - roll: 33.31999999999999 deg, practicalMoveTime: 1.3807135125601915 sec
2026-06-01 21:14:24,425 - mazeUtils.moveTile - [moveTile.py:1049] - DEBUG - moveTile loop time: 54.0 ms
2026-06-01 21:14:24,429 - picamera2.picamera2 - [picamera2.py:1391] - DEBUG - Execute job: <picamera2.job.Job object at 0x7f642fd250>
2026-06-01 21:14:24,432 - mazeUtils.device.camera - [camera.py:37] - DEBUG - Average HSV: H=69.2, S=55.7, V=104.9
2026-06-01 21:14:24,481 - mazeUtils.moveTile - [moveTile.py:80] - DEBUG - roll: 28.870000000000005 deg, practicalMoveTime: 1.4222264012741868 sec
2026-06-01 21:14:24,481 - mazeUtils.moveTile - [moveTile.py:1049] - DEBUG - moveTile loop time: 56.1 ms
2026-06-01 21:14:24,485 - picamera2.picamera2 - [picamera2.py:1391] - DEBUG - Execute job: <picamera2.job.Job object at 0x7f6433f010>
2026-06-01 21:14:24,489 - mazeUtils.device.camera - [camera.py:37] - DEBUG - Average HSV: H=44.8, S=58.5, V=88.9
2026-06-01 21:14:24,536 - mazeUtils.moveTile - [moveTile.py:80] - DEBUG - roll: 30.54000000000002 deg, practicalMoveTime: 1.4625603320081886 sec
2026-06-01 21:14:24,537 - mazeUtils.moveTile - [moveTile.py:1049] - DEBUG - moveTile loop time: 55.3 ms
2026-06-01 21:14:24,543 - picamera2.picamera2 - [picamera2.py:1391] - DEBUG - Execute job: <picamera2.job.Job object at 0x7f642f1f50>
2026-06-01 21:14:24,546 - mazeUtils.device.camera - [camera.py:37] - DEBUG - Average HSV: H=58.2, S=55.9, V=82.5
2026-06-01 21:14:24,594 - mazeUtils.moveTile - [moveTile.py:80] - DEBUG - roll: 30.970000000000027 deg, practicalMoveTime: 1.5044881529433842 sec
2026-06-01 21:14:24,595 - mazeUtils.moveTile - [moveTile.py:1049] - DEBUG - moveTile loop time: 57.8 ms
2026-06-01 21:14:24,600 - picamera2.picamera2 - [picamera2.py:1391] - DEBUG - Execute job: <picamera2.job.Job object at 0x7f6430eb50>
2026-06-01 21:14:24,603 - mazeUtils.device.camera - [camera.py:37] - DEBUG - Average HSV: H=52.5, S=58.5, V=84.3
2026-06-01 21:14:24,653 - mazeUtils.moveTile - [moveTile.py:80] - DEBUG - roll: 23.80000000000001 deg, practicalMoveTime: 1.549381570536444 sec
2026-06-01 21:14:24,653 - mazeUtils.moveTile - [moveTile.py:1049] - DEBUG - moveTile loop time: 58.0 ms
2026-06-01 21:14:24,661 - picamera2.picamera2 - [picamera2.py:1391] - DEBUG - Execute job: <picamera2.job.Job object at 0x7f64231410>
2026-06-01 21:14:24,666 - mazeUtils.device.camera - [camera.py:37] - DEBUG - Average HSV: H=170.1, S=24.7, V=197.7
2026-06-01 21:14:24,714 - mazeUtils.moveTile - [moveTile.py:80] - DEBUG - roll: 16.029999999999973 deg, practicalMoveTime: 1.599182865925576 sec
2026-06-01 21:14:24,715 - mazeUtils.moveTile - [moveTile.py:1049] - DEBUG - moveTile loop time: 61.3 ms
2026-06-01 21:14:24,718 - picamera2.picamera2 - [picamera2.py:1391] - DEBUG - Execute job: <picamera2.job.Job object at 0x7f64231410>
2026-06-01 21:14:24,722 - mazeUtils.device.camera - [camera.py:37] - DEBUG - Average HSV: H=169.4, S=25.9, V=198.0
2026-06-01 21:14:24,768 - mazeUtils.moveTile - [moveTile.py:80] - DEBUG - roll: 14.990000000000009 deg, practicalMoveTime: 1.6431688768683357 sec
2026-06-01 21:14:24,769 - mazeUtils.moveTile - [moveTile.py:1049] - DEBUG - moveTile loop time: 53.8 ms
2026-06-01 21:14:24,773 - picamera2.picamera2 - [picamera2.py:1391] - DEBUG - Execute job: <picamera2.job.Job object at 0x7f7fe8cbd0>
2026-06-01 21:14:24,775 - mazeUtils.device.camera - [camera.py:37] - DEBUG - Average HSV: H=169.9, S=24.2, V=204.7
2026-06-01 21:14:24,824 - mazeUtils.moveTile - [moveTile.py:80] - DEBUG - roll: 12.550000000000011 deg, practicalMoveTime: 1.6893447238685013 sec
2026-06-01 21:14:24,825 - mazeUtils.moveTile - [moveTile.py:1049] - DEBUG - moveTile loop time: 56.0 ms
2026-06-01 21:14:24,830 - picamera2.picamera2 - [picamera2.py:1391] - DEBUG - Execute job: <picamera2.job.Job object at 0x7f6417b4d0>
2026-06-01 21:14:24,834 - mazeUtils.device.camera - [camera.py:37] - DEBUG - Average HSV: H=163.9, S=23.2, V=210.6
2026-06-01 21:14:24,884 - mazeUtils.moveTile - [moveTile.py:80] - DEBUG - roll: 7.769999999999982 deg, practicalMoveTime: 1.739097949858772 sec
2026-06-01 21:14:24,884 - mazeUtils.moveTile - [moveTile.py:1049] - DEBUG - moveTile loop time: 58.9 ms
2026-06-01 21:14:24,890 - picamera2.picamera2 - [picamera2.py:1391] - DEBUG - Execute job: <picamera2.job.Job object at 0x7f642fd250>
2026-06-01 21:14:24,893 - mazeUtils.device.camera - [camera.py:37] - DEBUG - Average HSV: H=160.3, S=23.5, V=210.9
2026-06-01 21:14:24,942 - mazeUtils.moveTile - [moveTile.py:80] - DEBUG - roll: 6.009999999999991 deg, practicalMoveTime: 1.7874317336766234 sec
2026-06-01 21:14:24,942 - mazeUtils.moveTile - [moveTile.py:1049] - DEBUG - moveTile loop time: 57.6 ms
2026-06-01 21:14:24,948 - picamera2.picamera2 - [picamera2.py:1391] - DEBUG - Execute job: <picamera2.job.Job object at 0x7f6433f010>
2026-06-01 21:14:24,951 - mazeUtils.device.camera - [camera.py:37] - DEBUG - Average HSV: H=161.8, S=25.4, V=205.3
2026-06-01 21:14:24,998 - mazeUtils.moveTile - [moveTile.py:80] - DEBUG - roll: 5.670000000000016 deg, practicalMoveTime: 1.83440741247093 sec
2026-06-01 21:14:24,998 - mazeUtils.moveTile - [moveTile.py:1049] - DEBUG - moveTile loop time: 55.7 ms
2026-06-01 21:14:25,005 - picamera2.picamera2 - [picamera2.py:1391] - DEBUG - Execute job: <picamera2.job.Job object at 0x7f6417b750>
2026-06-01 21:14:25,008 - mazeUtils.device.camera - [camera.py:37] - DEBUG - Average HSV: H=157.8, S=25.4, V=206.9
2026-06-01 21:14:25,058 - mazeUtils.moveTile - [moveTile.py:80] - DEBUG - roll: 2.9700000000000273 deg, practicalMoveTime: 1.8845787079992131 sec
2026-06-01 21:14:25,058 - mazeUtils.moveTile - [moveTile.py:1049] - DEBUG - moveTile loop time: 59.4 ms
2026-06-01 21:14:25,065 - picamera2.picamera2 - [picamera2.py:1391] - DEBUG - Execute job: <picamera2.job.Job object at 0x7f6deba9d0>
2026-06-01 21:14:25,068 - mazeUtils.device.camera - [camera.py:37] - DEBUG - Average HSV: H=169.7, S=25.3, V=205.2
2026-06-01 21:14:25,118 - mazeUtils.moveTile - [moveTile.py:80] - DEBUG - roll: 1.6999999999999886 deg, practicalMoveTime: 1.935434267158924 sec
2026-06-01 21:14:25,119 - mazeUtils.moveTile - [moveTile.py:1049] - DEBUG - moveTile loop time: 60.3 ms
2026-06-01 21:14:25,124 - picamera2.picamera2 - [picamera2.py:1391] - DEBUG - Execute job: <picamera2.job.Job object at 0x7f64367550>
2026-06-01 21:14:25,127 - mazeUtils.device.camera - [camera.py:37] - DEBUG - Average HSV: H=171.3, S=25.0, V=201.1
2026-06-01 21:14:25,175 - mazeUtils.moveTile - [moveTile.py:1004] - INFO - practicalVerticalMove: 26.252745551850126 CM
2026-06-01 21:14:25,326 - mazeUtils.moveTile - [moveTile.py:512] - DEBUG - Direction: absDirection.NORTH, Angle: 0, Distance: 84.74698287719353 cm
2026-06-01 21:14:25,327 - mazeUtils.moveTile - [moveTile.py:512] - DEBUG - Direction: absDirection.EAST, Angle: 270, Distance: 16.40966601772436 cm
2026-06-01 21:14:25,328 - mazeUtils.moveTile - [moveTile.py:512] - DEBUG - Direction: absDirection.SOUTH, Angle: 180, Distance: 203.59924434882302 cm
2026-06-01 21:14:25,329 - mazeUtils.moveTile - [moveTile.py:512] - DEBUG - Direction: absDirection.WEST, Angle: 90, Distance: 18.049250967150027 cm
2026-06-01 21:14:25,330 - mazeUtils.moveTile - [moveTile.py:1239] - INFO - Tile color detection counts: {}, decided tile type: E
2026-06-01 21:14:25,428 - __main__ - [main.py:84] - INFO - Current position: (20, 20, 1), front direction: absDirection.NORTH
Layer 0 (altitude=0.0cm, offset=(0.0cm, 0.0cm)):
Known map area: x=20..20, y=20..20
+   +
| S  
+---+
Layer 1 (altitude=15.0cm, offset=(0.0cm, -60.0cm)):
Known map area: x=20..20, y=20..20
+   +
| @ |
+   +
2026-06-01 21:14:25,439 - mazeUtils.mazeMap - [mazeMap.py:61] - INFO - next goal: (20, 19, 1)
2026-06-01 21:14:25,439 - mazeUtils.mazeMap - [mazeMap.py:61] - INFO - next goal: (20, 19, 1)
2026-06-01 21:14:25,446 - mazeUtils.moveTile - [moveTile.py:80] - DEBUG - Moving to absDirection.NORTH from (20, 20, 1) facing absDirection.NORTH
2026-06-01 21:14:25,547 - picamera2.picamera2 - [picamera2.py:1391] - DEBUG - Execute job: <picamera2.job.Job object at 0x7f64181090>
2026-06-01 21:14:25,551 - mazeUtils.device.camera - [camera.py:37] - DEBUG - Average HSV: H=161.7, S=30.9, V=190.4
2026-06-01 21:14:25,599 - mazeUtils.moveTile - [moveTile.py:80] - DEBUG - roll: 0.8899999999999864 deg, practicalMoveTime: 0.05034436520584318 sec
2026-06-01 21:14:25,599 - mazeUtils.moveTile - [moveTile.py:1049] - DEBUG - moveTile loop time: 58.6 ms
2026-06-01 21:14:25,606 - picamera2.picamera2 - [picamera2.py:1391] - DEBUG - Execute job: <picamera2.job.Job object at 0x7f64180410>
2026-06-01 21:14:25,608 - mazeUtils.device.camera - [camera.py:37] - DEBUG - Average HSV: H=157.9, S=32.3, V=189.0
2026-06-01 21:14:25,657 - mazeUtils.moveTile - [moveTile.py:80] - DEBUG - roll: 1.1899999999999977 deg, practicalMoveTime: 0.0989899057068334 sec
2026-06-01 21:14:25,657 - mazeUtils.moveTile - [moveTile.py:1049] - DEBUG - moveTile loop time: 58.0 ms
2026-06-01 21:14:25,662 - picamera2.picamera2 - [picamera2.py:1391] - DEBUG - Execute job: <picamera2.job.Job object at 0x7f64180190>
2026-06-01 21:14:25,665 - mazeUtils.device.camera - [camera.py:37] - DEBUG - Average HSV: H=170.2, S=32.4, V=183.3
2026-06-01 21:14:25,715 - mazeUtils.moveTile - [moveTile.py:80] - DEBUG - roll: 1.0699999999999932 deg, practicalMoveTime: 0.14808909686235683 sec
2026-06-01 21:14:25,716 - mazeUtils.moveTile - [moveTile.py:1049] - DEBUG - moveTile loop time: 58.0 ms
2026-06-01 21:14:25,722 - picamera2.picamera2 - [picamera2.py:1391] - DEBUG - Execute job: <picamera2.job.Job object at 0x7f64180410>
2026-06-01 21:14:25,725 - mazeUtils.device.camera - [camera.py:37] - DEBUG - Average HSV: H=163.8, S=34.5, V=177.6
2026-06-01 21:14:25,775 - mazeUtils.moveTile - [moveTile.py:80] - DEBUG - roll: 1.420000000000016 deg, practicalMoveTime: 0.1986297062729499 sec
2026-06-01 21:14:25,776 - mazeUtils.moveTile - [moveTile.py:1049] - DEBUG - moveTile loop time: 59.7 ms
2026-06-01 21:14:25,781 - picamera2.picamera2 - [picamera2.py:1391] - DEBUG - Execute job: <picamera2.job.Job object at 0x7f64180f50>
2026-06-01 21:14:25,784 - mazeUtils.device.camera - [camera.py:37] - DEBUG - Average HSV: H=161.2, S=36.6, V=173.3
2026-06-01 21:14:25,834 - mazeUtils.moveTile - [moveTile.py:80] - DEBUG - roll: 2.0500000000000114 deg, practicalMoveTime: 0.2483755823510066 sec
2026-06-01 21:14:25,835 - mazeUtils.moveTile - [moveTile.py:1049] - DEBUG - moveTile loop time: 58.8 ms
2026-06-01 21:14:25,840 - picamera2.picamera2 - [picamera2.py:1391] - DEBUG - Execute job: <picamera2.job.Job object at 0x7f64180410>
2026-06-01 21:14:25,843 - mazeUtils.device.camera - [camera.py:37] - DEBUG - Average HSV: H=169.7, S=35.2, V=172.6
2026-06-01 21:14:25,893 - mazeUtils.moveTile - [moveTile.py:80] - DEBUG - roll: 1.3100000000000023 deg, practicalMoveTime: 0.2978678056440988 sec
2026-06-01 21:14:25,893 - mazeUtils.moveTile - [moveTile.py:1049] - DEBUG - moveTile loop time: 58.4 ms
2026-06-01 21:14:25,899 - picamera2.picamera2 - [picamera2.py:1391] - DEBUG - Execute job: <picamera2.job.Job object at 0x7f64180a50>
2026-06-01 21:14:25,902 - mazeUtils.device.camera - [camera.py:37] - DEBUG - Average HSV: H=165.0, S=38.4, V=162.9
2026-06-01 21:14:25,953 - mazeUtils.moveTile - [moveTile.py:80] - DEBUG - roll: 1.920000000000016 deg, practicalMoveTime: 0.34811888528682644 sec
2026-06-01 21:14:25,953 - mazeUtils.moveTile - [moveTile.py:1049] - DEBUG - moveTile loop time: 59.7 ms
2026-06-01 21:14:25,959 - picamera2.picamera2 - [picamera2.py:1391] - DEBUG - Execute job: <picamera2.job.Job object at 0x7f641807d0>
2026-06-01 21:14:25,962 - mazeUtils.device.camera - [camera.py:37] - DEBUG - Average HSV: H=162.0, S=40.5, V=156.3
2026-06-01 21:14:26,012 - mazeUtils.moveTile - [moveTile.py:80] - DEBUG - roll: 1.8500000000000227 deg, practicalMoveTime: 0.3980770724694267 sec
2026-06-01 21:14:26,013 - mazeUtils.moveTile - [moveTile.py:1049] - DEBUG - moveTile loop time: 58.9 ms
2026-06-01 21:14:26,018 - picamera2.picamera2 - [picamera2.py:1391] - DEBUG - Execute job: <picamera2.job.Job object at 0x7f641807d0>
2026-06-01 21:14:26,021 - mazeUtils.device.camera - [camera.py:37] - DEBUG - Average HSV: H=152.7, S=44.2, V=152.8
2026-06-01 21:14:26,071 - mazeUtils.moveTile - [moveTile.py:80] - DEBUG - roll: 1.579999999999984 deg, practicalMoveTime: 0.4476993432133615 sec
2026-06-01 21:14:26,072 - mazeUtils.moveTile - [moveTile.py:1049] - DEBUG - moveTile loop time: 58.5 ms
2026-06-01 21:14:26,077 - picamera2.picamera2 - [picamera2.py:1391] - DEBUG - Execute job: <picamera2.job.Job object at 0x7f64180410>
2026-06-01 21:14:26,080 - mazeUtils.device.camera - [camera.py:37] - DEBUG - Average HSV: H=54.9, S=57.0, V=143.4
2026-06-01 21:14:26,128 - mazeUtils.moveTile - [moveTile.py:80] - DEBUG - roll: 2.079999999999984 deg, practicalMoveTime: 0.49570056341619423 sec
2026-06-01 21:14:26,129 - mazeUtils.moveTile - [moveTile.py:1049] - DEBUG - moveTile loop time: 57.0 ms
2026-06-01 21:14:26,134 - picamera2.picamera2 - [picamera2.py:1391] - DEBUG - Execute job: <picamera2.job.Job object at 0x7f64180410>
2026-06-01 21:14:26,137 - mazeUtils.device.camera - [camera.py:37] - DEBUG - Average HSV: H=27.2, S=61.5, V=138.9
2026-06-01 21:14:26,184 - mazeUtils.moveTile - [moveTile.py:80] - DEBUG - roll: 1.5600000000000023 deg, practicalMoveTime: 0.5424339006675084 sec
2026-06-01 21:14:26,184 - mazeUtils.moveTile - [moveTile.py:1049] - DEBUG - moveTile loop time: 55.3 ms
2026-06-01 21:14:26,188 - picamera2.picamera2 - [picamera2.py:1391] - DEBUG - Execute job: <picamera2.job.Job object at 0x7f64180190>
2026-06-01 21:14:26,191 - mazeUtils.device.camera - [camera.py:37] - DEBUG - Average HSV: H=26.5, S=64.2, V=135.1
2026-06-01 21:14:26,239 - mazeUtils.moveTile - [moveTile.py:80] - DEBUG - roll: 1.6100000000000136 deg, practicalMoveTime: 0.5884254923732505 sec
2026-06-01 21:14:26,239 - mazeUtils.moveTile - [moveTile.py:1049] - DEBUG - moveTile loop time: 54.4 ms
2026-06-01 21:14:26,245 - picamera2.picamera2 - [picamera2.py:1391] - DEBUG - Execute job: <picamera2.job.Job object at 0x7f64180a50>
2026-06-01 21:14:26,248 - mazeUtils.device.camera - [camera.py:37] - DEBUG - Average HSV: H=29.5, S=65.7, V=128.3
2026-06-01 21:14:26,297 - mazeUtils.moveTile - [moveTile.py:80] - DEBUG - roll: 2.019999999999982 deg, practicalMoveTime: 0.6374523003203427 sec
2026-06-01 21:14:26,297 - mazeUtils.moveTile - [moveTile.py:1049] - DEBUG - moveTile loop time: 58.0 ms
2026-06-01 21:14:26,301 - picamera2.picamera2 - [picamera2.py:1391] - DEBUG - Execute job: <picamera2.job.Job object at 0x7f64180190>
2026-06-01 21:14:26,305 - mazeUtils.device.camera - [camera.py:37] - DEBUG - Average HSV: H=35.0, S=65.2, V=125.1
2026-06-01 21:14:26,352 - mazeUtils.moveTile - [moveTile.py:80] - DEBUG - roll: 1.5 deg, practicalMoveTime: 0.6841498714446388 sec
2026-06-01 21:14:26,353 - mazeUtils.moveTile - [moveTile.py:1049] - DEBUG - moveTile loop time: 55.1 ms
2026-06-01 21:14:26,357 - picamera2.picamera2 - [picamera2.py:1391] - DEBUG - Execute job: <picamera2.job.Job object at 0x7f64181090>
2026-06-01 21:14:26,360 - mazeUtils.device.camera - [camera.py:37] - DEBUG - Average HSV: H=15.3, S=75.3, V=117.5
2026-06-01 21:14:26,407 - mazeUtils.moveTile - [moveTile.py:80] - DEBUG - roll: 1.5600000000000023 deg, practicalMoveTime: 0.72992014013948 sec
2026-06-01 21:14:26,407 - mazeUtils.moveTile - [moveTile.py:1049] - DEBUG - moveTile loop time: 54.5 ms
2026-06-01 21:14:26,414 - picamera2.picamera2 - [picamera2.py:1391] - DEBUG - Execute job: <picamera2.job.Job object at 0x7f64180410>
2026-06-01 21:14:26,417 - mazeUtils.device.camera - [camera.py:37] - DEBUG - Average HSV: H=8.8, S=81.2, V=115.1
2026-06-01 21:14:26,467 - mazeUtils.moveTile - [moveTile.py:80] - DEBUG - roll: 1.4599999999999795 deg, practicalMoveTime: 0.7808338437298036 sec
2026-06-01 21:14:26,468 - mazeUtils.moveTile - [moveTile.py:1049] - DEBUG - moveTile loop time: 60.1 ms
2026-06-01 21:14:26,472 - picamera2.picamera2 - [picamera2.py:1391] - DEBUG - Execute job: <picamera2.job.Job object at 0x7f64180910>
2026-06-01 21:14:26,475 - mazeUtils.device.camera - [camera.py:37] - DEBUG - Average HSV: H=9.0, S=79.6, V=115.8
2026-06-01 21:14:26,523 - mazeUtils.moveTile - [moveTile.py:80] - DEBUG - roll: 1.1999999999999886 deg, practicalMoveTime: 0.8281172536560144 sec
2026-06-01 21:14:26,524 - mazeUtils.moveTile - [moveTile.py:1049] - DEBUG - moveTile loop time: 56.1 ms
2026-06-01 21:14:26,530 - picamera2.picamera2 - [picamera2.py:1391] - DEBUG - Execute job: <picamera2.job.Job object at 0x7f64180f50>
2026-06-01 21:14:26,533 - mazeUtils.device.camera - [camera.py:37] - DEBUG - Average HSV: H=12.0, S=78.2, V=114.5
2026-06-01 21:14:26,583 - mazeUtils.moveTile - [moveTile.py:80] - DEBUG - roll: 1.410000000000025 deg, practicalMoveTime: 0.8784747329991187 sec
2026-06-01 21:14:26,584 - mazeUtils.moveTile - [moveTile.py:1049] - DEBUG - moveTile loop time: 59.5 ms
2026-06-01 21:14:26,589 - picamera2.picamera2 - [picamera2.py:1391] - DEBUG - Execute job: <picamera2.job.Job object at 0x7f64180a50>
2026-06-01 21:14:26,593 - mazeUtils.device.camera - [camera.py:37] - DEBUG - Average HSV: H=9.5, S=79.7, V=110.7
2026-06-01 21:14:26,642 - mazeUtils.moveTile - [moveTile.py:80] - DEBUG - roll: 1.1200000000000045 deg, practicalMoveTime: 0.9275538565729256 sec
2026-06-01 21:14:26,642 - mazeUtils.moveTile - [moveTile.py:1049] - DEBUG - moveTile loop time: 58.0 ms
2026-06-01 21:14:26,648 - picamera2.picamera2 - [picamera2.py:1391] - DEBUG - Execute job: <picamera2.job.Job object at 0x7f64181090>
2026-06-01 21:14:26,651 - mazeUtils.device.camera - [camera.py:37] - DEBUG - Average HSV: H=11.6, S=85.3, V=99.8
2026-06-01 21:14:26,700 - mazeUtils.moveTile - [moveTile.py:80] - DEBUG - roll: 0.9599999999999795 deg, practicalMoveTime: 0.9766674833446607 sec
2026-06-01 21:14:26,700 - mazeUtils.moveTile - [moveTile.py:1049] - DEBUG - moveTile loop time: 58.1 ms
2026-06-01 21:14:26,705 - picamera2.picamera2 - [picamera2.py:1391] - DEBUG - Execute job: <picamera2.job.Job object at 0x7f64181090>
2026-06-01 21:14:26,709 - mazeUtils.device.camera - [camera.py:37] - DEBUG - Average HSV: H=12.0, S=85.5, V=98.0
2026-06-01 21:14:26,761 - mazeUtils.moveTile - [moveTile.py:1004] - INFO - practicalVerticalMove: 0.932322283821669 CM
2026-06-01 21:14:26,921 - mazeUtils.moveTile - [moveTile.py:512] - DEBUG - Direction: absDirection.NORTH, Angle: 0, Distance: 51.84466538221861 cm
2026-06-01 21:14:26,922 - mazeUtils.moveTile - [moveTile.py:512] - DEBUG - Direction: absDirection.EAST, Angle: 270, Distance: 167.03080696052396 cm
2026-06-01 21:14:26,924 - mazeUtils.moveTile - [moveTile.py:512] - DEBUG - Direction: absDirection.SOUTH, Angle: 180, Distance: 238.98446471409775 cm
2026-06-01 21:14:26,925 - mazeUtils.moveTile - [moveTile.py:512] - DEBUG - Direction: absDirection.WEST, Angle: 90, Distance: 18.44377969782711 cm
2026-06-01 21:14:26,925 - mazeUtils.moveTile - [moveTile.py:1239] - INFO - Tile color detection counts: {}, decided tile type: E
2026-06-01 21:14:27,025 - __main__ - [main.py:84] - INFO - Current position: (20, 19, 1), front direction: absDirection.NORTH
Layer 0 (altitude=0.0cm, offset=(0.0cm, 0.0cm)):
Known map area: x=20..20, y=20..20
+   +
| S  
+---+
Layer 1 (altitude=15.0cm, offset=(0.0cm, -60.0cm)):
Known map area: x=20..20, y=19..20
+   +
| @  
+   +
| E |
+   +
2026-06-01 21:14:27,038 - mazeUtils.mazeMap - [mazeMap.py:61] - INFO - next goal: (20, 18, 1)
2026-06-01 21:14:27,038 - mazeUtils.mazeMap - [mazeMap.py:61] - INFO - next goal: (20, 18, 1)
2026-06-01 21:14:27,045 - mazeUtils.moveTile - [moveTile.py:80] - DEBUG - Moving to absDirection.NORTH from (20, 19, 1) facing absDirection.NORTH
2026-06-01 21:14:27,148 - picamera2.picamera2 - [picamera2.py:1391] - DEBUG - Execute job: <picamera2.job.Job object at 0x7f6413d390>
2026-06-01 21:14:27,151 - mazeUtils.device.camera - [camera.py:37] - DEBUG - Average HSV: H=39.8, S=65.7, V=103.1
2026-06-01 21:14:27,201 - mazeUtils.moveTile - [moveTile.py:80] - DEBUG - roll: 1.660000000000025 deg, practicalMoveTime: 0.050642078079918815 sec
2026-06-01 21:14:27,201 - mazeUtils.moveTile - [moveTile.py:1049] - DEBUG - moveTile loop time: 58.6 ms
2026-06-01 21:14:27,207 - picamera2.picamera2 - [picamera2.py:1391] - DEBUG - Execute job: <picamera2.job.Job object at 0x7f6deba9d0>
2026-06-01 21:14:27,211 - mazeUtils.device.camera - [camera.py:37] - DEBUG - Average HSV: H=41.6, S=63.4, V=105.4
2026-06-01 21:14:27,260 - mazeUtils.moveTile - [moveTile.py:80] - DEBUG - roll: 1.420000000000016 deg, practicalMoveTime: 0.10106842472451555 sec
2026-06-01 21:14:27,261 - mazeUtils.moveTile - [moveTile.py:1049] - DEBUG - moveTile loop time: 59.7 ms
2026-06-01 21:14:27,266 - picamera2.picamera2 - [picamera2.py:1391] - DEBUG - Execute job: <picamera2.job.Job object at 0x7f64294350>
2026-06-01 21:14:27,269 - mazeUtils.device.camera - [camera.py:37] - DEBUG - Average HSV: H=47.0, S=64.2, V=100.5
2026-06-01 21:14:27,317 - mazeUtils.moveTile - [moveTile.py:80] - DEBUG - roll: 1.660000000000025 deg, practicalMoveTime: 0.1482898932352895 sec
2026-06-01 21:14:27,317 - mazeUtils.moveTile - [moveTile.py:1049] - DEBUG - moveTile loop time: 55.8 ms
2026-06-01 21:14:27,321 - picamera2.picamera2 - [picamera2.py:1391] - DEBUG - Execute job: <picamera2.job.Job object at 0x7f64104550>
2026-06-01 21:14:27,325 - mazeUtils.device.camera - [camera.py:37] - DEBUG - Average HSV: H=40.4, S=66.6, V=97.9
2026-06-01 21:14:27,375 - mazeUtils.moveTile - [moveTile.py:80] - DEBUG - roll: 1.079999999999984 deg, practicalMoveTime: 0.19741283272549412 sec
2026-06-01 21:14:27,376 - mazeUtils.moveTile - [moveTile.py:1049] - DEBUG - moveTile loop time: 58.9 ms
2026-06-01 21:14:27,384 - picamera2.picamera2 - [picamera2.py:1391] - DEBUG - Execute job: <picamera2.job.Job object at 0x7f6deba9d0>
2026-06-01 21:14:27,389 - mazeUtils.device.camera - [camera.py:37] - DEBUG - Average HSV: H=35.0, S=67.3, V=97.1
2026-06-01 21:14:27,438 - mazeUtils.moveTile - [moveTile.py:80] - DEBUG - roll: 1.2900000000000205 deg, practicalMoveTime: 0.24982295185889802 sec
2026-06-01 21:14:27,442 - mazeUtils.moveTile - [moveTile.py:1049] - DEBUG - moveTile loop time: 65.2 ms
2026-06-01 21:14:27,450 - picamera2.picamera2 - [picamera2.py:1391] - DEBUG - Execute job: <picamera2.job.Job object at 0x7f64294290>
2026-06-01 21:14:27,458 - mazeUtils.device.camera - [camera.py:37] - DEBUG - Average HSV: H=30.4, S=68.6, V=96.4
2026-06-01 21:14:27,507 - mazeUtils.moveTile - [moveTile.py:80] - DEBUG - roll: 1.5299999999999727 deg, practicalMoveTime: 0.30491169694869935 sec
2026-06-01 21:14:27,508 - mazeUtils.moveTile - [moveTile.py:1049] - DEBUG - moveTile loop time: 65.4 ms
2026-06-01 21:14:27,513 - picamera2.picamera2 - [picamera2.py:1391] - DEBUG - Execute job: <picamera2.job.Job object at 0x7f643bcf10>
2026-06-01 21:14:27,518 - mazeUtils.device.camera - [camera.py:37] - DEBUG - Average HSV: H=34.3, S=71.7, V=85.9
2026-06-01 21:14:27,569 - mazeUtils.moveTile - [moveTile.py:80] - DEBUG - roll: 1.6000000000000227 deg, practicalMoveTime: 0.356152683089701 sec
2026-06-01 21:14:27,570 - mazeUtils.moveTile - [moveTile.py:1049] - DEBUG - moveTile loop time: 61.4 ms
2026-06-01 21:14:27,575 - picamera2.picamera2 - [picamera2.py:1391] - DEBUG - Execute job: <picamera2.job.Job object at 0x7f6deba9d0>
2026-06-01 21:14:27,579 - mazeUtils.device.camera - [camera.py:37] - DEBUG - Average HSV: H=53.0, S=64.2, V=88.2
2026-06-01 21:14:27,632 - mazeUtils.moveTile - [moveTile.py:80] - DEBUG - roll: 1.1499999999999773 deg, practicalMoveTime: 0.4084846861613995 sec
2026-06-01 21:14:27,632 - mazeUtils.moveTile - [moveTile.py:1049] - DEBUG - moveTile loop time: 61.7 ms
2026-06-01 21:14:27,637 - picamera2.picamera2 - [picamera2.py:1391] - DEBUG - Execute job: <picamera2.job.Job object at 0x7f64104610>
2026-06-01 21:14:27,641 - mazeUtils.device.camera - [camera.py:37] - DEBUG - Average HSV: H=41.1, S=67.3, V=85.5
2026-06-01 21:14:27,691 - mazeUtils.moveTile - [moveTile.py:80] - DEBUG - roll: 1.0 deg, practicalMoveTime: 0.4585569528168228 sec
2026-06-01 21:14:27,692 - mazeUtils.moveTile - [moveTile.py:1049] - DEBUG - moveTile loop time: 59.8 ms
2026-06-01 21:14:27,698 - picamera2.picamera2 - [picamera2.py:1391] - DEBUG - Execute job: <picamera2.job.Job object at 0x7f643bcf10>
2026-06-01 21:14:27,703 - mazeUtils.device.camera - [camera.py:37] - DEBUG - Average HSV: H=77.7, S=64.6, V=62.6
2026-06-01 21:14:27,753 - mazeUtils.moveTile - [moveTile.py:80] - DEBUG - roll: 1.589999999999975 deg, practicalMoveTime: 0.509589127731914 sec
2026-06-01 21:14:27,753 - mazeUtils.moveTile - [moveTile.py:1049] - DEBUG - moveTile loop time: 60.4 ms
2026-06-01 21:14:27,758 - picamera2.picamera2 - [picamera2.py:1391] - DEBUG - Execute job: <picamera2.job.Job object at 0x7f64104550>
2026-06-01 21:14:27,762 - mazeUtils.device.camera - [camera.py:37] - DEBUG - Average HSV: H=136.0, S=74.2, V=34.3
2026-06-01 21:14:27,811 - mazeUtils.moveTile - [moveTile.py:80] - DEBUG - roll: 0.9300000000000068 deg, practicalMoveTime: 0.558648266199332 sec
2026-06-01 21:14:27,812 - mazeUtils.moveTile - [moveTile.py:1049] - DEBUG - moveTile loop time: 58.4 ms
2026-06-01 21:14:27,818 - picamera2.picamera2 - [picamera2.py:1391] - DEBUG - Execute job: <picamera2.job.Job object at 0x7f641045d0>
2026-06-01 21:14:27,822 - mazeUtils.device.camera - [camera.py:37] - DEBUG - Average HSV: H=62.2, S=72.5, V=41.1
2026-06-01 21:14:27,870 - mazeUtils.moveTile - [moveTile.py:80] - DEBUG - roll: 1.3500000000000227 deg, practicalMoveTime: 0.6082300466966523 sec
2026-06-01 21:14:27,871 - mazeUtils.moveTile - [moveTile.py:1049] - DEBUG - moveTile loop time: 58.7 ms
2026-06-01 21:14:27,877 - picamera2.picamera2 - [picamera2.py:1391] - DEBUG - Execute job: <picamera2.job.Job object at 0x7f64104550>
2026-06-01 21:14:27,881 - mazeUtils.device.camera - [camera.py:37] - DEBUG - Average HSV: H=57.6, S=71.2, V=38.9
2026-06-01 21:14:27,930 - mazeUtils.moveTile - [moveTile.py:80] - DEBUG - roll: 1.329999999999984 deg, practicalMoveTime: 0.6579171794617628 sec
2026-06-01 21:14:27,930 - mazeUtils.moveTile - [moveTile.py:1049] - DEBUG - moveTile loop time: 58.8 ms
2026-06-01 21:14:27,936 - picamera2.picamera2 - [picamera2.py:1391] - DEBUG - Execute job: <picamera2.job.Job object at 0x7f643bcf10>
2026-06-01 21:14:27,940 - mazeUtils.device.camera - [camera.py:37] - DEBUG - Average HSV: H=14.0, S=91.1, V=70.8
2026-06-01 21:14:27,989 - mazeUtils.moveTile - [moveTile.py:80] - DEBUG - roll: 0.6499999999999773 deg, practicalMoveTime: 0.7078988114490675 sec
2026-06-01 21:14:27,990 - mazeUtils.moveTile - [moveTile.py:1049] - DEBUG - moveTile loop time: 59.1 ms
2026-06-01 21:14:27,995 - picamera2.picamera2 - [picamera2.py:1391] - DEBUG - Execute job: <picamera2.job.Job object at 0x7f642942d0>
2026-06-01 21:14:28,001 - mazeUtils.device.camera - [camera.py:37] - DEBUG - Average HSV: H=15.5, S=86.0, V=74.5
2026-06-01 21:14:28,049 - mazeUtils.moveTile - [moveTile.py:80] - DEBUG - roll: 1.3899999999999864 deg, practicalMoveTime: 0.758340190010241 sec
2026-06-01 21:14:28,051 - mazeUtils.moveTile - [moveTile.py:1049] - DEBUG - moveTile loop time: 61.1 ms
2026-06-01 21:14:28,057 - picamera2.picamera2 - [picamera2.py:1391] - DEBUG - Execute job: <picamera2.job.Job object at 0x7f6deba9d0>
2026-06-01 21:14:28,062 - mazeUtils.device.camera - [camera.py:37] - DEBUG - Average HSV: H=16.8, S=88.8, V=69.7
2026-06-01 21:14:28,111 - mazeUtils.moveTile - [moveTile.py:80] - DEBUG - roll: 1.4499999999999886 deg, practicalMoveTime: 0.809032890046288 sec
2026-06-01 21:14:28,112 - mazeUtils.moveTile - [moveTile.py:1049] - DEBUG - moveTile loop time: 60.4 ms
2026-06-01 21:14:28,117 - picamera2.picamera2 - [picamera2.py:1391] - DEBUG - Execute job: <picamera2.job.Job object at 0x7f642942d0>
2026-06-01 21:14:28,121 - mazeUtils.device.camera - [camera.py:37] - DEBUG - Average HSV: H=12.6, S=97.2, V=67.3
2026-06-01 21:14:28,169 - mazeUtils.moveTile - [moveTile.py:80] - DEBUG - roll: 0.38999999999998636 deg, practicalMoveTime: 0.857827829255391 sec
2026-06-01 21:14:28,170 - mazeUtils.moveTile - [moveTile.py:1049] - DEBUG - moveTile loop time: 57.5 ms
2026-06-01 21:14:28,176 - picamera2.picamera2 - [picamera2.py:1391] - DEBUG - Execute job: <picamera2.job.Job object at 0x7f64294290>
2026-06-01 21:14:28,180 - mazeUtils.device.camera - [camera.py:37] - DEBUG - Average HSV: H=87.1, S=73.9, V=70.7
2026-06-01 21:14:28,229 - mazeUtils.moveTile - [moveTile.py:80] - DEBUG - roll: 0.9700000000000273 deg, practicalMoveTime: 0.9078721789348806 sec
2026-06-01 21:14:28,230 - mazeUtils.moveTile - [moveTile.py:1049] - DEBUG - moveTile loop time: 59.3 ms
2026-06-01 21:14:28,236 - picamera2.picamera2 - [picamera2.py:1391] - DEBUG - Execute job: <picamera2.job.Job object at 0x7f6413d390>
2026-06-01 21:14:28,242 - mazeUtils.device.camera - [camera.py:37] - DEBUG - Average HSV: H=63.3, S=81.9, V=68.6
2026-06-01 21:14:28,291 - mazeUtils.moveTile - [moveTile.py:80] - DEBUG - roll: 1.2699999999999818 deg, practicalMoveTime: 0.9600294493301513 sec
2026-06-01 21:14:28,292 - mazeUtils.moveTile - [moveTile.py:1049] - DEBUG - moveTile loop time: 61.7 ms
2026-06-01 21:14:28,298 - picamera2.picamera2 - [picamera2.py:1391] - DEBUG - Execute job: <picamera2.job.Job object at 0x7f642fd250>
2026-06-01 21:14:28,304 - mazeUtils.device.camera - [camera.py:37] - DEBUG - Average HSV: H=67.9, S=73.9, V=69.3
2026-06-01 21:14:28,354 - mazeUtils.moveTile - [moveTile.py:1004] - INFO - practicalVerticalMove: 0.7707543886960171 CM
2026-06-01 21:14:28,440 - mazeUtils.moveTile - [moveTile.py:80] - DEBUG - Little forward to adjust position
2026-06-01 21:14:28,719 - mazeUtils.moveTile - [moveTile.py:512] - DEBUG - Direction: absDirection.NORTH, Angle: 0, Distance: 14.188868846307356 cm
2026-06-01 21:14:28,722 - mazeUtils.moveTile - [moveTile.py:512] - DEBUG - Direction: absDirection.EAST, Angle: 270, Distance: 170.26782604923136 cm
2026-06-01 21:14:28,723 - mazeUtils.moveTile - [moveTile.py:512] - DEBUG - Direction: absDirection.SOUTH, Angle: 180, Distance: 271.2271219109228 cm
2026-06-01 21:14:28,725 - mazeUtils.moveTile - [moveTile.py:512] - DEBUG - Direction: absDirection.WEST, Angle: 90, Distance: 19.673321151401613 cm
2026-06-01 21:14:28,726 - mazeUtils.moveTile - [moveTile.py:1239] - INFO - Tile color detection counts: {}, decided tile type: E
2026-06-01 21:14:28,825 - __main__ - [main.py:84] - INFO - Current position: (20, 18, 1), front direction: absDirection.NORTH
Layer 0 (altitude=0.0cm, offset=(0.0cm, 0.0cm)):
Known map area: x=20..20, y=20..20
+   +
| S  
+---+
Layer 1 (altitude=15.0cm, offset=(0.0cm, -60.0cm)):
Known map area: x=20..20, y=18..20
+---+
| @  
+   +
| E  
+   +
| E |
+   +
2026-06-01 21:14:28,833 - mazeUtils.mazeMap - [mazeMap.py:61] - INFO - next goal: (21, 18, 1)
2026-06-01 21:14:28,834 - mazeUtils.mazeMap - [mazeMap.py:61] - INFO - next goal: (21, 18, 1)
2026-06-01 21:14:28,841 - mazeUtils.moveTile - [moveTile.py:80] - DEBUG - Moving to absDirection.EAST from (20, 18, 1) facing absDirection.NORTH
2026-06-01 21:14:28,887 - mazeUtils.moveTile - [moveTile.py:80] - DEBUG - current heading: 354.34 target: 270
2026-06-01 21:14:29,959 - __main__ - [main.py:144] - INFO - Program interrupted by user.
2026-06-01 21:14:31,045 - mazeUtils.device.stm - [stm.py:215] - DEBUG - ACK resynchronized: type=STS_MOTOR dropped=3B seq=240
2026-06-01 21:14:31,053 - picamera2.picamera2 - [picamera2.py:1391] - DEBUG - Execute job: <picamera2.job.Job object at 0x7f93713150>
2026-06-01 21:14:31,070 - picamera2.picamera2 - [picamera2.py:1323] - INFO - Camera stopped
2026-06-01 21:14:31,271 - picamera2.picamera2 - [picamera2.py:1329] - DEBUG - Camera was not started
2026-06-01 21:14:31,474 - picamera2.picamera2 - [picamera2.py:723] - INFO - Camera closed successfully.
2026-06-01 21:14:31,650 - picamera2.picamera2 - [picamera2.py:500] - DEBUG - Resources now free: <picamera2.picamera2.Picamera2 object at 0x7f86fc8e50>
