2026-07-02 16:18:08,620 - root - [logging_config.py:61] - INFO - Logging initialized. Log file: /home/tuton/Kanto2026RPi/src/config/../logs/robot_20260702_161756.log
2026-07-02 16:18:09,135 - mazeUtils.device.stm - [stm.py:134] - ERROR - Timeout while searching valid frame: elapsed=0.501s timeout=0.500s seq=1 buffered=0B dropped=0B tail=
2026-07-02 16:18:09,136 - mazeUtils.device.stm - [stm.py:709] - ERROR - update failed: requestSensorValues returned None
2026-07-02 16:18:11,051 - mazeUtils.device.LiDAR - [LiDAR.py:80] - INFO - Available ports: <ydlidar.Str2strMap; proxy of <Swig Object of type 'std::map< std::string,std::string > *' at 0x7f9e0d6160> >
2026-07-02 16:18:14,952 - mazeUtils.device.stm - [stm.py:134] - ERROR - Timeout while searching valid frame: elapsed=0.501s timeout=0.500s seq=2 buffered=0B dropped=0B tail=
2026-07-02 16:18:14,953 - mazeUtils.device.stm - [stm.py:709] - ERROR - update failed: requestSensorValues returned None
2026-07-02 16:18:16,455 - mazeUtils.device.stm - [stm.py:134] - ERROR - Timeout while searching valid frame: elapsed=0.501s timeout=0.500s seq=3 buffered=0B dropped=0B tail=
2026-07-02 16:18:16,456 - mazeUtils.device.stm - [stm.py:709] - ERROR - update failed: requestSensorValues returned None
2026-07-02 16:18:16,458 - mazeUtils.moveTile - [moveTile.py:556] - DEBUG - overwrite the wall data
2026-07-02 16:18:16,970 - mazeUtils.device.stm - [stm.py:134] - ERROR - Timeout while searching valid frame: elapsed=0.500s timeout=0.500s seq=4 buffered=0B dropped=0B tail=
2026-07-02 16:18:16,971 - mazeUtils.device.stm - [stm.py:709] - ERROR - update failed: requestSensorValues returned None
2026-07-02 16:18:16,979 - mazeUtils.moveTile - [moveTile.py:570] - DEBUG - Direction: absDirection.NORTH, Angle: 0, Distance: 156.19152435861466 cm
2026-07-02 16:18:16,981 - mazeUtils.moveTile - [moveTile.py:580] - INFO - angle: 0, result: judgeWallResult.NO_WALL
2026-07-02 16:18:16,983 - mazeUtils.moveTile - [moveTile.py:570] - DEBUG - Direction: absDirection.EAST, Angle: 270, Distance: 220.5614023794755 cm
2026-07-02 16:18:16,986 - mazeUtils.moveTile - [moveTile.py:570] - DEBUG - Direction: absDirection.SOUTH, Angle: 180, Distance: 32.301693547451734 cm
2026-07-02 16:18:16,987 - mazeUtils.moveTile - [moveTile.py:570] - DEBUG - Direction: absDirection.WEST, Angle: 90, Distance: 338.8725200505578 cm
2026-07-02 16:18:16,988 - __main__ - [main.py:69] - INFO - Initial Map:
2026-07-02 16:18:17,012 - __main__ - [main.py:70] - INFO - Current position: (20, 20, 0), front direction: absDirection.NORTH
Layer 0 (altitude=0.0cm, offset=(0.0cm, 0.0cm)):
Known map area: x=20..20, y=20..20
+   +
  @  
+   +
2026-07-02 16:18:17,985 - mazeUtils.mazeMap - [mazeMap.py:61] - INFO - next goal: (20, 19, 0)
2026-07-02 16:18:17,986 - __main__ - [main.py:76] - INFO - Next Direction: [<absDirection.NORTH: 0>]
2026-07-02 16:18:17,987 - __main__ - [main.py:77] - INFO - Exploration started.
2026-07-02 16:18:17,988 - mazeUtils.mazeMap - [mazeMap.py:61] - INFO - next goal: (20, 20, 0)
2026-07-02 16:18:17,989 - mazeUtils.moveTile - [moveTile.py:88] - DEBUG - [35.183583] moveTile start direction=absDirection.NORTH position=(20, 20, 0) front=absDirection.NORTH
2026-07-02 16:18:18,491 - mazeUtils.device.stm - [stm.py:134] - ERROR - Timeout while searching valid frame: elapsed=0.500s timeout=0.500s seq=5 buffered=0B dropped=0B tail=
2026-07-02 16:18:18,492 - mazeUtils.device.stm - [stm.py:709] - ERROR - update failed: requestSensorValues returned None
2026-07-02 16:18:18,493 - mazeUtils.moveTile - [moveTile.py:90] - DEBUG - [35.688311] moveTile after initial toggle check (+504.7 ms)
2026-07-02 16:18:18,497 - mazeUtils.moveTile - [moveTile.py:90] - DEBUG - [35.691983] moveTile after tile checks isRedTile=False isUnknownTileAhead=True (+3.7 ms)
2026-07-02 16:18:18,498 - mazeUtils.moveTile - [moveTile.py:79] - DEBUG - Moving to absDirection.NORTH from (20, 20, 0) facing absDirection.NORTH
2026-07-02 16:18:18,498 - mazeUtils.moveTile - [moveTile.py:90] - DEBUG - [35.693176] moveTile start heading change target=0 (+1.2 ms)
2026-07-02 16:18:19,000 - mazeUtils.device.stm - [stm.py:134] - ERROR - Timeout while searching valid frame: elapsed=0.501s timeout=0.500s seq=6 buffered=0B dropped=0B tail=
2026-07-02 16:18:19,001 - mazeUtils.device.stm - [stm.py:709] - ERROR - update failed: requestSensorValues returned None
2026-07-02 16:18:19,503 - mazeUtils.device.stm - [stm.py:226] - ERROR - Timeout while searching valid ACK: type=STS_MOTOR elapsed=0.501s timeout=0.500s seq=7 payload=14 b4 buffered=0B dropped=0B tail=
2026-07-02 16:18:19,505 - mazeUtils.moveTile - [moveTile.py:79] - DEBUG - current heading: 0.0 target: 0
2026-07-02 16:18:20,008 - mazeUtils.device.stm - [stm.py:226] - ERROR - Timeout while searching valid ACK: type=STS_MOTOR elapsed=0.502s timeout=0.500s seq=8 payload=64 64 buffered=0B dropped=0B tail=
2026-07-02 16:18:20,009 - mazeUtils.moveTile - [moveTile.py:441] - DEBUG - stopped turning at heading: 0.0, diff: 0.0
2026-07-02 16:18:20,511 - mazeUtils.device.stm - [stm.py:134] - ERROR - Timeout while searching valid frame: elapsed=0.501s timeout=0.500s seq=9 buffered=0B dropped=0B tail=
2026-07-02 16:18:20,512 - mazeUtils.device.stm - [stm.py:709] - ERROR - update failed: requestSensorValues returned None
2026-07-02 16:18:21,013 - mazeUtils.device.stm - [stm.py:226] - ERROR - Timeout while searching valid ACK: type=STS_MOTOR elapsed=0.500s timeout=0.500s seq=10 payload=5a 6e buffered=0B dropped=0B tail=
2026-07-02 16:18:21,515 - mazeUtils.device.stm - [stm.py:226] - ERROR - Timeout while searching valid ACK: type=STS_MOTOR elapsed=0.500s timeout=0.500s seq=11 payload=64 64 buffered=0B dropped=0B tail=
2026-07-02 16:18:21,516 - mazeUtils.moveTile - [moveTile.py:79] - DEBUG - Turned to heading: 0.0 deg
2026-07-02 16:18:21,518 - mazeUtils.moveTile - [moveTile.py:90] - DEBUG - [38.712699] moveTile finished heading change (+3019.5 ms)
2026-07-02 16:18:21,519 - mazeUtils.moveTile - [moveTile.py:90] - DEBUG - [38.713863] Adjustment after ramp completed (+1.2 ms)
2026-07-02 16:18:21,520 - mazeUtils.moveTile - [moveTile.py:90] - DEBUG - [38.714649] moveTile updated front direction (+0.8 ms)
2026-07-02 16:18:22,023 - mazeUtils.device.stm - [stm.py:226] - ERROR - Timeout while searching valid ACK: type=STS_MOTOR elapsed=0.501s timeout=0.500s seq=12 payload=64 64 buffered=0B dropped=0B tail=
2026-07-02 16:18:22,024 - mazeUtils.moveTile - [moveTile.py:90] - DEBUG - [39.218846] moveTile stopped motors before alignment (+504.2 ms)
2026-07-02 16:18:22,667 - mazeUtils.device.stm - [stm.py:134] - ERROR - Timeout while searching valid frame: elapsed=0.501s timeout=0.500s seq=13 buffered=0B dropped=0B tail=
2026-07-02 16:18:22,669 - mazeUtils.device.stm - [stm.py:709] - ERROR - update failed: requestSensorValues returned None
2026-07-02 16:18:22,700 - mazeUtils.moveTile - [moveTile.py:570] - DEBUG - Direction: absDirection.NORTH, Angle: 0, Distance: 133.8885613432407 cm
2026-07-02 16:18:22,704 - mazeUtils.moveTile - [moveTile.py:570] - DEBUG - Direction: absDirection.EAST, Angle: 270, Distance: 16.776975421982968 cm
2026-07-02 16:18:22,705 - mazeUtils.moveTile - [moveTile.py:751] - WARNING - Inconsistent wall detection at absDirection.EAST: distance=16.776975421982968 cm, map wall type=wallType.NO_WALL
2026-07-02 16:18:22,706 - mazeUtils.moveTile - [moveTile.py:570] - DEBUG - Direction: absDirection.SOUTH, Angle: 180, Distance: 41.53441455566573 cm
2026-07-02 16:18:22,707 - mazeUtils.moveTile - [moveTile.py:570] - DEBUG - Direction: absDirection.WEST, Angle: 90, Distance: 45.01589773646323 cm
2026-07-02 16:18:22,707 - mazeUtils.moveTile - [moveTile.py:90] - DEBUG - [39.902305] moveTile ready for forward move (+683.5 ms)
2026-07-02 16:18:23,210 - mazeUtils.device.stm - [stm.py:134] - ERROR - Timeout while searching valid frame: elapsed=0.501s timeout=0.500s seq=14 buffered=0B dropped=0B tail=
2026-07-02 16:18:23,210 - mazeUtils.device.stm - [stm.py:709] - ERROR - update failed: requestSensorValues returned None
2026-07-02 16:18:23,712 - mazeUtils.device.stm - [stm.py:226] - ERROR - Timeout while searching valid ACK: type=STS_MOTOR elapsed=0.500s timeout=0.500s seq=15 payload=c8 c8 buffered=0B dropped=0B tail=
2026-07-02 16:18:23,713 - mazeUtils.moveTile - [moveTile.py:90] - DEBUG - [40.907539] moveTile initialized movement targetSteps=1 (+1005.2 ms)
2026-07-02 16:18:23,715 - mazeUtils.moveTile - [moveTile.py:90] - DEBUG - [40.909770] moveTile loop start (+2.2 ms)
2026-07-02 16:18:24,218 - mazeUtils.device.stm - [stm.py:134] - ERROR - Timeout while searching valid frame: elapsed=0.501s timeout=0.500s seq=16 buffered=0B dropped=0B tail=
2026-07-02 16:18:24,221 - mazeUtils.device.stm - [stm.py:709] - ERROR - update failed: requestSensorValues returned None
2026-07-02 16:18:24,222 - picamera2.picamera2 - [picamera2.py:1391] - DEBUG - Execute job: <picamera2.job.Job object at 0x7f9e0c2c50>
2026-07-02 16:18:24,288 - mazeUtils.device.camera - [camera.py:39] - DEBUG - Average HSV: H=98.5, S=254.9, V=254.7
2026-07-02 16:18:24,791 - mazeUtils.device.stm - [stm.py:134] - ERROR - Timeout while searching valid frame: elapsed=0.501s timeout=0.500s seq=17 buffered=0B dropped=0B tail=
2026-07-02 16:18:24,792 - mazeUtils.device.stm - [stm.py:709] - ERROR - update failed: requestSensorValues returned None
2026-07-02 16:18:24,794 - mazeUtils.moveTile - [moveTile.py:90] - DEBUG - [41.988742] moveTile calculated motor speeds left=100 right=100 gyroSteer=0.0 wallSteer=0.0 (+1079.0 ms)
2026-07-02 16:18:25,296 - mazeUtils.device.stm - [stm.py:226] - ERROR - Timeout while searching valid ACK: type=STS_MOTOR elapsed=0.501s timeout=0.500s seq=18 payload=c8 c8 buffered=0B dropped=0B tail=
2026-07-02 16:18:25,297 - mazeUtils.moveTile - [moveTile.py:90] - DEBUG - [42.491674] moveTile applied motor speed left=100 right=100 (+502.9 ms)
2026-07-02 16:18:25,302 - mazeUtils.moveTile - [moveTile.py:90] - DEBUG - [42.496947] moveTile tile color check tempTileColor=E (+5.3 ms)
2026-07-02 16:18:25,303 - mazeUtils.moveTile - [moveTile.py:90] - DEBUG - [42.497766] moveTile obstacle check escapeFlag=False (+0.8 ms)
2026-07-02 16:18:25,804 - mazeUtils.device.stm - [stm.py:134] - ERROR - Timeout while searching valid frame: elapsed=0.500s timeout=0.500s seq=19 buffered=0B dropped=0B tail=
2026-07-02 16:18:25,805 - mazeUtils.device.stm - [stm.py:709] - ERROR - update failed: requestSensorValues returned None
2026-07-02 16:18:25,806 - mazeUtils.moveTile - [moveTile.py:90] - DEBUG - [43.000881] moveTile ramp check isBigRamp=False (+503.1 ms)
2026-07-02 16:18:25,807 - __main__ - [main.py:218] - ERROR - An unexpected error occurred:
Traceback (most recent call last):
  File "/home/tuton/Kanto2026RPi/src/main.py", line 103, in main
    isBlack, stopped, resetMapData = moveTile.moveNextTile(
                                     ^^^^^^^^^^^^^^^^^^^^^^
  File "/home/tuton/Kanto2026RPi/src/mazeUtils/moveTile.py", line 2738, in moveNextTile
    isBlack, stopped, resetMapData = moveTile(
                                     ^^^^^^^^^
  File "/home/tuton/Kanto2026RPi/src/mazeUtils/moveTile.py", line 2241, in moveTile
    victimRescueFlag = findVictimDuringMove(
                       ^^^^^^^^^^^^^^^^^^^^^
  File "/home/tuton/Kanto2026RPi/src/mazeUtils/moveTile.py", line 1067, in findVictimDuringMove
    practicalMoveTime - lastUpdateTime / 1000  # type: ignore
                        ~~~~~~~~~~~~~~~^~~~~~
TypeError: unsupported operand type(s) for /: 'NoneType' and 'int'
2026-07-02 16:18:27,373 - mazeUtils.device.stm - [stm.py:226] - ERROR - Timeout while searching valid ACK: type=STS_MOTOR elapsed=0.500s timeout=0.500s seq=20 payload=64 64 buffered=0B dropped=0B tail=
2026-07-02 16:18:27,875 - mazeUtils.device.stm - [stm.py:226] - ERROR - Timeout while searching valid ACK: type=LED elapsed=0.501s timeout=0.500s seq=21 payload=00 00 00 buffered=0B dropped=0B tail=
2026-07-02 16:18:27,952 - picamera2.picamera2 - [picamera2.py:1391] - DEBUG - Execute job: <picamera2.job.Job object at 0x7f84328150>
2026-07-02 16:18:27,976 - picamera2.picamera2 - [picamera2.py:1323] - INFO - Camera stopped
2026-07-02 16:18:27,978 - picamera2.picamera2 - [picamera2.py:1329] - DEBUG - Camera was not started
2026-07-02 16:18:28,180 - picamera2.picamera2 - [picamera2.py:723] - INFO - Camera closed successfully.
2026-07-02 16:18:28,414 - picamera2.picamera2 - [picamera2.py:500] - DEBUG - Resources now free: <picamera2.picamera2.Picamera2 object at 0x7f9e0847d0>
