2026-06-30 22:23:41,946 - root - [logging_config.py:61] - INFO - Logging initialized. Log file: /home/tuton/Kanto2026RPi/src/config/../logs/robot_20260630_222337.log
2026-06-30 22:23:43,634 - mazeUtils.device.LiDAR - [LiDAR.py:80] - INFO - Available ports: <ydlidar.Str2strMap; proxy of <Swig Object of type 'std::map< std::string,std::string > *' at 0x7fa1395980> >
2026-06-30 22:23:51,490 - mazeUtils.moveTile - [moveTile.py:555] - DEBUG - overwrite the wall data
2026-06-30 22:23:51,516 - mazeUtils.moveTile - [moveTile.py:569] - DEBUG - Direction: absDirection.NORTH, Angle: 0, Distance: 40.7826575913227 cm
2026-06-30 22:23:51,519 - mazeUtils.moveTile - [moveTile.py:579] - INFO - angle: 0, result: judgeWallResult.WALL
2026-06-30 22:23:51,521 - mazeUtils.moveTile - [moveTile.py:582] - DEBUG - Front LiDAR distance: 40.7826575913227 cm, TSD10 distance: 8.9 cm
2026-06-30 22:23:51,522 - mazeUtils.moveTile - [moveTile.py:591] - DEBUG - Detected ramp at absDirection.NORTH due to TSD10 distance: 89 mm
2026-06-30 22:23:51,524 - mazeUtils.moveTile - [moveTile.py:569] - DEBUG - Direction: absDirection.EAST, Angle: 270, Distance: 382.99172913565826 cm
2026-06-30 22:23:51,526 - mazeUtils.moveTile - [moveTile.py:569] - DEBUG - Direction: absDirection.SOUTH, Angle: 180, Distance: 346.66047403660036 cm
2026-06-30 22:23:51,528 - mazeUtils.moveTile - [moveTile.py:569] - DEBUG - Direction: absDirection.WEST, Angle: 90, Distance: 71.06980209023402 cm
2026-06-30 22:23:51,529 - __main__ - [main.py:68] - INFO - Initial Map:
2026-06-30 22:23:51,544 - __main__ - [main.py:69] - INFO - Current position: (20, 20, 0), front direction: absDirection.NORTH
Layer 0 (altitude=0.0cm, offset=(0.0cm, 0.0cm)):
Known map area: x=20..20, y=20..20
+   +
  @  
+   +
2026-06-30 22:23:52,493 - mazeUtils.mazeMap - [mazeMap.py:61] - INFO - next goal: (20, 19, 0)
2026-06-30 22:23:52,494 - __main__ - [main.py:75] - INFO - Next Direction: [<absDirection.NORTH: 0>]
2026-06-30 22:23:52,495 - __main__ - [main.py:76] - INFO - Exploration started.
2026-06-30 22:23:52,496 - mazeUtils.mazeMap - [mazeMap.py:61] - INFO - next goal: (20, 20, 0)
2026-06-30 22:23:52,499 - mazeUtils.moveTile - [moveTile.py:88] - DEBUG - [519.412584] moveTile start direction=absDirection.NORTH position=(20, 20, 0) front=absDirection.NORTH
2026-06-30 22:23:52,506 - mazeUtils.moveTile - [moveTile.py:90] - DEBUG - [519.419387] moveTile after initial toggle check (+6.8 ms)
2026-06-30 22:23:52,510 - mazeUtils.moveTile - [moveTile.py:90] - DEBUG - [519.422852] moveTile after tile checks isRedTile=False isUnknownTileAhead=True (+3.5 ms)
2026-06-30 22:23:52,510 - mazeUtils.moveTile - [moveTile.py:79] - DEBUG - Moving to absDirection.NORTH from (20, 20, 0) facing absDirection.NORTH
2026-06-30 22:23:52,511 - mazeUtils.moveTile - [moveTile.py:90] - DEBUG - [519.424339] moveTile start heading change target=0 (+1.5 ms)
2026-06-30 22:23:52,540 - mazeUtils.moveTile - [moveTile.py:79] - DEBUG - current heading: 227.53 target: 0
2026-06-30 22:23:56,693 - mazeUtils.moveTile - [moveTile.py:441] - DEBUG - stopped turning at heading: 355.12, diff: 4.8799999999999955
2026-06-30 22:23:56,749 - mazeUtils.moveTile - [moveTile.py:79] - DEBUG - Turned to heading: 358.48 deg
2026-06-30 22:23:56,750 - mazeUtils.moveTile - [moveTile.py:90] - DEBUG - [523.662849] moveTile finished heading change (+4238.5 ms)
2026-06-30 22:23:56,750 - mazeUtils.moveTile - [moveTile.py:90] - DEBUG - [523.663428] Adjustment after ramp completed (+0.6 ms)
2026-06-30 22:23:56,751 - mazeUtils.moveTile - [moveTile.py:90] - DEBUG - [523.663958] moveTile updated front direction (+0.5 ms)
2026-06-30 22:23:56,773 - mazeUtils.moveTile - [moveTile.py:90] - DEBUG - [523.685902] moveTile stopped motors before alignment (+21.9 ms)
2026-06-30 22:23:56,954 - mazeUtils.moveTile - [moveTile.py:569] - DEBUG - Direction: absDirection.NORTH, Angle: 0, Distance: 29.036499831498848 cm
2026-06-30 22:23:56,958 - mazeUtils.moveTile - [moveTile.py:653] - DEBUG - Front LiDAR distance: 29.036499831498848 cm, TSD10 distance: 9.8 cm
2026-06-30 22:23:56,959 - mazeUtils.moveTile - [moveTile.py:569] - DEBUG - Direction: absDirection.EAST, Angle: 270, Distance: 52.30987088078066 cm
2026-06-30 22:23:56,961 - mazeUtils.moveTile - [moveTile.py:569] - DEBUG - Direction: absDirection.SOUTH, Angle: 180, Distance: 156.27088570441086 cm
2026-06-30 22:23:56,964 - mazeUtils.moveTile - [moveTile.py:569] - DEBUG - Direction: absDirection.WEST, Angle: 90, Distance: 34.29878065868566 cm
2026-06-30 22:23:56,966 - mazeUtils.moveTile - [moveTile.py:90] - DEBUG - [523.879172] moveTile ready for forward move (+193.3 ms)
2026-06-30 22:23:56,994 - mazeUtils.moveTile - [moveTile.py:90] - DEBUG - [523.906873] moveTile initialized movement targetSteps=1 (+27.7 ms)
2026-06-30 22:23:56,995 - mazeUtils.moveTile - [moveTile.py:90] - DEBUG - [523.908822] moveTile loop start (+1.9 ms)
2026-06-30 22:23:57,004 - picamera2.picamera2 - [picamera2.py:1391] - DEBUG - Execute job: <picamera2.job.Job object at 0x7f7b1fdb50>
2026-06-30 22:23:57,019 - mazeUtils.device.camera - [camera.py:39] - DEBUG - Average HSV: H=109.0, S=250.4, V=195.5
2026-06-30 22:23:57,026 - mazeUtils.moveTile - [moveTile.py:90] - DEBUG - [523.939287] moveTile calculated motor speeds left=93 right=100 gyroSteer=0.0 wallSteer=-6.399999999999999 (+30.5 ms)
2026-06-30 22:23:57,045 - mazeUtils.moveTile - [moveTile.py:90] - DEBUG - [523.958766] moveTile applied motor speed left=93 right=100 (+19.5 ms)
2026-06-30 22:23:57,050 - mazeUtils.moveTile - [moveTile.py:90] - DEBUG - [523.963689] moveTile tile color check tempTileColor=E (+4.9 ms)
2026-06-30 22:23:57,051 - mazeUtils.moveTile - [moveTile.py:90] - DEBUG - [523.964532] moveTile obstacle check escapeFlag=False (+0.8 ms)
2026-06-30 22:23:57,061 - mazeUtils.moveTile - [moveTile.py:90] - DEBUG - [523.974155] moveTile ramp check isBigRamp=False (+9.6 ms)
2026-06-30 22:23:57,062 - mazeUtils.moveTile - [moveTile.py:79] - DEBUG - roll: 349.40999999999997 deg, practicalMoveTime: 0.07386917215823072 sec
2026-06-30 22:23:57,064 - mazeUtils.moveTile - [moveTile.py:2228] - DEBUG - moveTile loop time: 68.6 ms
2026-06-30 22:23:57,065 - mazeUtils.moveTile - [moveTile.py:90] - DEBUG - [523.978445] moveTile loop end practicalMoveTime=0.074 (+4.3 ms)
2026-06-30 22:23:57,066 - mazeUtils.moveTile - [moveTile.py:90] - DEBUG - [523.979730] moveTile loop start (+1.3 ms)
2026-06-30 22:23:57,075 - picamera2.picamera2 - [picamera2.py:1391] - DEBUG - Execute job: <picamera2.job.Job object at 0x7f703dba90>
2026-06-30 22:23:57,100 - mazeUtils.device.camera - [camera.py:39] - DEBUG - Average HSV: H=109.1, S=249.2, V=192.6
2026-06-30 22:23:57,109 - mazeUtils.moveTile - [moveTile.py:90] - DEBUG - [524.022380] moveTile calculated motor speeds left=100 right=98 gyroSteer=7.480000000000018 wallSteer=-6.399999999999999 (+42.7 ms)
2026-06-30 22:23:57,133 - mazeUtils.moveTile - [moveTile.py:90] - DEBUG - [524.046735] moveTile applied motor speed left=100 right=98 (+24.4 ms)
2026-06-30 22:23:57,146 - mazeUtils.moveTile - [moveTile.py:90] - DEBUG - [524.059269] moveTile tile color check tempTileColor=E (+12.5 ms)
2026-06-30 22:23:57,147 - mazeUtils.moveTile - [moveTile.py:90] - DEBUG - [524.060406] moveTile obstacle check escapeFlag=False (+1.1 ms)
2026-06-30 22:23:57,154 - mazeUtils.moveTile - [moveTile.py:90] - DEBUG - [524.067213] moveTile ramp check isBigRamp=False (+6.8 ms)
2026-06-30 22:23:57,183 - mazeUtils.moveTile - [moveTile.py:90] - DEBUG - [524.096422] moveTile finished by front distance control. Tof: 14.8, TSD10 : 7.0 (+29.2 ms)
2026-06-30 22:23:57,184 - mazeUtils.moveTile - [moveTile.py:90] - DEBUG - [524.097318] moveTile start final forward adjustment (+30.1 ms)
2026-06-30 22:23:57,232 - mazeUtils.moveTile - [moveTile.py:79] - DEBUG - Little forward to adjust position
2026-06-30 22:24:00,343 - mazeUtils.moveTile - [moveTile.py:2264] - WARNING - Final forward adjustment timeout, stopping adjustment
2026-06-30 22:24:00,369 - mazeUtils.moveTile - [moveTile.py:90] - DEBUG - [527.282362] moveTile finished final forward adjustment (+3185.0 ms)
2026-06-30 22:24:00,371 - mazeUtils.moveTile - [moveTile.py:2446] - INFO - Set moved vertical distance: -0.5179086039524052 cm, past distances: [(0, False), (0, False), (0, False)]
2026-06-30 22:24:00,372 - mazeUtils.moveTile - [moveTile.py:90] - DEBUG - [527.285576] moveTile updated moved vertical distance -0.518 (+3.2 ms)
2026-06-30 22:24:00,373 - mazeUtils.moveTile - [moveTile.py:2461] - INFO - Moved distance is too small, treating as wall. practicalMoveTime: 0.07386917215823072
2026-06-30 22:24:00,552 - mazeUtils.moveTile - [moveTile.py:569] - DEBUG - Direction: absDirection.NORTH, Angle: 0, Distance: 232.9498092959696 cm
2026-06-30 22:24:00,555 - mazeUtils.moveTile - [moveTile.py:713] - WARNING - inconsistent wall detection: LiDAR indicates no wall, but map indicates wallType.WALL. distance: 232.9498092959696 cm
2026-06-30 22:24:01,592 - mazeUtils.moveTile - [moveTile.py:569] - DEBUG - Direction: absDirection.NORTH, Angle: 0, Distance: 239.55435596079292 cm
2026-06-30 22:24:01,594 - mazeUtils.moveTile - [moveTile.py:579] - INFO - angle: 0, result: judgeWallResult.NO_WALL
2026-06-30 22:24:01,596 - mazeUtils.moveTile - [moveTile.py:569] - DEBUG - Direction: absDirection.EAST, Angle: 270, Distance: 21.652375020537647 cm
2026-06-30 22:24:01,597 - mazeUtils.moveTile - [moveTile.py:569] - DEBUG - Direction: absDirection.SOUTH, Angle: 180, Distance: 18.69988279517529 cm
2026-06-30 22:24:01,599 - mazeUtils.moveTile - [moveTile.py:569] - DEBUG - Direction: absDirection.WEST, Angle: 90, Distance: 43.399300455888365 cm
2026-06-30 22:24:01,601 - mazeUtils.moveTile - [moveTile.py:2481] - WARNING - Wall detection error, resetting internal map data
2026-06-30 22:24:01,602 - mazeUtils.moveTile - [moveTile.py:2648] - INFO - (None, 0)
2026-06-30 22:24:01,610 - __main__ - [main.py:106] - WARNING - Map data reset due to wall detection error.
2026-06-30 22:24:01,623 - __main__ - [main.py:134] - INFO - U-shaped unexplored tile detected in direction absDirection.WEST. Prioritizing this tile.
2026-06-30 22:24:01,625 - mazeUtils.mazeMap - [mazeMap.py:1131] - DEBUG - Could not estimate start tile based on wall information.
2026-06-30 22:24:01,626 - mazeUtils.moveTile - [moveTile.py:88] - DEBUG - [528.539007] moveTile start direction=absDirection.WEST position=(20, 20, 0) front=absDirection.NORTH
2026-06-30 22:24:01,631 - mazeUtils.moveTile - [moveTile.py:90] - DEBUG - [528.544656] moveTile after initial toggle check (+5.6 ms)
2026-06-30 22:24:01,634 - mazeUtils.moveTile - [moveTile.py:90] - DEBUG - [528.547673] moveTile after tile checks isRedTile=False isUnknownTileAhead=True (+3.0 ms)
2026-06-30 22:24:01,635 - mazeUtils.moveTile - [moveTile.py:79] - DEBUG - Moving to absDirection.WEST from (20, 20, 0) facing absDirection.NORTH
2026-06-30 22:24:01,637 - mazeUtils.moveTile - [moveTile.py:90] - DEBUG - [528.550751] moveTile start heading change target=90 (+3.1 ms)
2026-06-30 22:24:01,642 - mazeUtils.moveTile - [moveTile.py:79] - DEBUG - Turning to 90 deg, current heading: 134.54 deg, turnAngle: 44.53999999999999 deg
2026-06-30 22:24:01,666 - mazeUtils.moveTile - [moveTile.py:79] - DEBUG - gyro:134.54 deg, derivative: 0.0, turnSpeed: 89.07999999999998
2026-06-30 22:24:01,695 - mazeUtils.moveTile - [moveTile.py:79] - DEBUG - gyro:134.53 deg, derivative: -0.009999999999990905, turnSpeed: 89.06
2026-06-30 22:24:01,720 - mazeUtils.moveTile - [moveTile.py:79] - DEBUG - gyro:134.49999999999997 deg, derivative: -0.03000000000002956, turnSpeed: 88.99999999999994
2026-06-30 22:24:01,746 - mazeUtils.moveTile - [moveTile.py:79] - DEBUG - gyro:133.66 deg, derivative: -0.839999999999975, turnSpeed: 87.32
2026-06-30 22:24:01,775 - mazeUtils.moveTile - [moveTile.py:79] - DEBUG - gyro:132.07000000000002 deg, derivative: -1.589999999999975, turnSpeed: 84.14000000000004
2026-06-30 22:24:01,800 - mazeUtils.moveTile - [moveTile.py:79] - DEBUG - gyro:128.58 deg, derivative: -3.490000000000009, turnSpeed: 77.16000000000003
2026-06-30 22:24:01,833 - mazeUtils.moveTile - [moveTile.py:79] - DEBUG - gyro:124.84 deg, derivative: -3.740000000000009, turnSpeed: 69.68
2026-06-30 22:24:01,866 - mazeUtils.moveTile - [moveTile.py:79] - DEBUG - gyro:120.41 deg, derivative: -4.430000000000007, turnSpeed: 60.81999999999999
2026-06-30 22:24:01,896 - mazeUtils.moveTile - [moveTile.py:79] - DEBUG - gyro:118.19000000000003 deg, derivative: -2.2199999999999704, turnSpeed: 56.38000000000005
2026-06-30 22:24:01,922 - mazeUtils.moveTile - [moveTile.py:79] - DEBUG - gyro:115.61999999999998 deg, derivative: -2.57000000000005, turnSpeed: 51.23999999999995
2026-06-30 22:24:01,953 - mazeUtils.moveTile - [moveTile.py:79] - DEBUG - gyro:113.28 deg, derivative: -2.339999999999975, turnSpeed: 46.56
2026-06-30 22:24:01,976 - mazeUtils.moveTile - [moveTile.py:79] - DEBUG - gyro:111.59 deg, derivative: -1.6899999999999977, turnSpeed: 43.18000000000001
2026-06-30 22:24:02,001 - mazeUtils.moveTile - [moveTile.py:79] - DEBUG - gyro:109.73999999999998 deg, derivative: -1.8500000000000227, turnSpeed: 39.47999999999996
2026-06-30 22:24:02,031 - mazeUtils.moveTile - [moveTile.py:79] - DEBUG - gyro:108.44000000000003 deg, derivative: -1.2999999999999545, turnSpeed: 36.88000000000005
2026-06-30 22:24:02,056 - mazeUtils.moveTile - [moveTile.py:79] - DEBUG - gyro:106.58000000000001 deg, derivative: -1.8600000000000136, turnSpeed: 33.160000000000025
2026-06-30 22:24:02,084 - mazeUtils.moveTile - [moveTile.py:79] - DEBUG - gyro:105.53999999999999 deg, derivative: -1.0400000000000205, turnSpeed: 31.079999999999984
2026-06-30 22:24:02,114 - mazeUtils.moveTile - [moveTile.py:79] - DEBUG - gyro:104.82000000000002 deg, derivative: -0.7199999999999704, turnSpeed: 29.640000000000043
2026-06-30 22:24:02,141 - mazeUtils.moveTile - [moveTile.py:79] - DEBUG - gyro:103.70000000000002 deg, derivative: -1.1200000000000045, turnSpeed: 27.400000000000034
2026-06-30 22:24:02,174 - mazeUtils.moveTile - [moveTile.py:79] - DEBUG - gyro:102.44000000000003 deg, derivative: -1.259999999999991, turnSpeed: 24.880000000000052
2026-06-30 22:24:02,204 - mazeUtils.moveTile - [moveTile.py:79] - DEBUG - gyro:101.1 deg, derivative: -1.3400000000000318, turnSpeed: 22.19999999999999
2026-06-30 22:24:02,231 - mazeUtils.moveTile - [moveTile.py:79] - DEBUG - gyro:99.71000000000001 deg, derivative: -1.3899999999999864, turnSpeed: 19.420000000000016
2026-06-30 22:24:02,255 - mazeUtils.moveTile - [moveTile.py:79] - DEBUG - gyro:98.89000000000001 deg, derivative: -0.8199999999999932, turnSpeed: 17.78000000000003
2026-06-30 22:24:02,285 - mazeUtils.moveTile - [moveTile.py:79] - DEBUG - gyro:98.28 deg, derivative: -0.6100000000000136, turnSpeed: 16.560000000000002
2026-06-30 22:24:02,312 - mazeUtils.moveTile - [moveTile.py:79] - DEBUG - gyro:97.60999999999999 deg, derivative: -0.6700000000000159, turnSpeed: 15.21999999999997
2026-06-30 22:24:02,339 - mazeUtils.moveTile - [moveTile.py:79] - DEBUG - gyro:96.99999999999997 deg, derivative: -0.6100000000000136, turnSpeed: 13.999999999999943
2026-06-30 22:24:02,369 - mazeUtils.moveTile - [moveTile.py:79] - DEBUG - gyro:96.53 deg, derivative: -0.46999999999997044, turnSpeed: 13.060000000000002
2026-06-30 22:24:02,397 - mazeUtils.moveTile - [moveTile.py:79] - DEBUG - gyro:95.97999999999999 deg, derivative: -0.5500000000000114, turnSpeed: 11.95999999999998
2026-06-30 22:24:02,427 - mazeUtils.moveTile - [moveTile.py:79] - DEBUG - gyro:95.59 deg, derivative: -0.38999999999998636, turnSpeed: 11.180000000000007
2026-06-30 22:24:02,456 - mazeUtils.moveTile - [moveTile.py:79] - DEBUG - gyro:95.13000000000002 deg, derivative: -0.45999999999997954, turnSpeed: 10.260000000000048
2026-06-30 22:24:02,481 - mazeUtils.moveTile - [moveTile.py:79] - DEBUG - gyro:94.63000000000002 deg, derivative: -0.5, turnSpeed: 9.260000000000048
2026-06-30 22:24:02,513 - mazeUtils.moveTile - [moveTile.py:79] - DEBUG - gyro:94.20000000000002 deg, derivative: -0.4300000000000068, turnSpeed: 8.400000000000034
2026-06-30 22:24:02,542 - mazeUtils.moveTile - [moveTile.py:79] - DEBUG - gyro:93.77000000000001 deg, derivative: -0.4300000000000068, turnSpeed: 7.5400000000000205
2026-06-30 22:24:02,567 - mazeUtils.moveTile - [moveTile.py:79] - DEBUG - gyro:93.46000000000001 deg, derivative: -0.3100000000000023, turnSpeed: 6.920000000000016
2026-06-30 22:24:02,594 - mazeUtils.moveTile - [moveTile.py:79] - DEBUG - gyro:93.13000000000002 deg, derivative: -0.3299999999999841, turnSpeed: 6.260000000000048
2026-06-30 22:24:02,619 - mazeUtils.moveTile - [moveTile.py:79] - DEBUG - gyro:92.85 deg, derivative: -0.28000000000002956, turnSpeed: 5.699999999999989
2026-06-30 22:24:02,647 - mazeUtils.moveTile - [moveTile.py:79] - DEBUG - gyro:92.57000000000002 deg, derivative: -0.2799999999999727, turnSpeed: 5.140000000000043
2026-06-30 22:24:02,672 - mazeUtils.moveTile - [moveTile.py:79] - DEBUG - gyro:92.26000000000002 deg, derivative: -0.3100000000000023, turnSpeed: 4.520000000000039
2026-06-30 22:24:02,708 - mazeUtils.moveTile - [moveTile.py:79] - DEBUG - gyro:92.03999999999999 deg, derivative: -0.22000000000002728, turnSpeed: 4.079999999999984
2026-06-30 22:24:02,736 - mazeUtils.moveTile - [moveTile.py:79] - DEBUG - gyro:91.84 deg, derivative: -0.19999999999998863, turnSpeed: 3.680000000000007
2026-06-30 22:24:02,755 - mazeUtils.moveTile - [moveTile.py:79] - DEBUG - Turned to heading: 91.84 deg
2026-06-30 22:24:02,758 - mazeUtils.moveTile - [moveTile.py:90] - DEBUG - [529.670905] moveTile finished heading change (+1120.2 ms)
2026-06-30 22:24:02,759 - mazeUtils.moveTile - [moveTile.py:90] - DEBUG - [529.672327] Adjustment after ramp completed (+1.4 ms)
2026-06-30 22:24:02,761 - mazeUtils.moveTile - [moveTile.py:90] - DEBUG - [529.674018] moveTile updated front direction (+1.7 ms)
2026-06-30 22:24:02,785 - mazeUtils.moveTile - [moveTile.py:90] - DEBUG - [529.697843] moveTile stopped motors before alignment (+23.8 ms)
2026-06-30 22:24:02,951 - mazeUtils.moveTile - [moveTile.py:569] - DEBUG - Direction: absDirection.NORTH, Angle: 270, Distance: 27.333254596578698 cm
2026-06-30 22:24:02,952 - mazeUtils.moveTile - [moveTile.py:737] - WARNING - Inconsistent wall detection at absDirection.NORTH: distance=27.333254596578698 cm, map wall type=wallType.NO_WALL
2026-06-30 22:24:02,954 - mazeUtils.moveTile - [moveTile.py:569] - DEBUG - Direction: absDirection.EAST, Angle: 180, Distance: 34.29878065868565 cm
2026-06-30 22:24:02,954 - mazeUtils.moveTile - [moveTile.py:737] - WARNING - Inconsistent wall detection at absDirection.EAST: distance=34.29878065868565 cm, map wall type=wallType.WALL
2026-06-30 22:24:02,956 - mazeUtils.moveTile - [moveTile.py:569] - DEBUG - Direction: absDirection.SOUTH, Angle: 90, Distance: 142.551367705508 cm
2026-06-30 22:24:02,956 - mazeUtils.moveTile - [moveTile.py:737] - WARNING - Inconsistent wall detection at absDirection.SOUTH: distance=142.551367705508 cm, map wall type=wallType.WALL
2026-06-30 22:24:02,957 - mazeUtils.moveTile - [moveTile.py:569] - DEBUG - Direction: absDirection.WEST, Angle: 0, Distance: 45.57509210811656 cm
2026-06-30 22:24:02,961 - mazeUtils.moveTile - [moveTile.py:653] - DEBUG - Front LiDAR distance: 45.57509210811656 cm, TSD10 distance: 21.2 cm
2026-06-30 22:24:02,961 - mazeUtils.moveTile - [moveTile.py:674] - WARNING - inconsistent wall detection: LiDAR indicates wall, but map indicates no wall. distance: 45.57509210811656 cm
2026-06-30 22:24:02,963 - mazeUtils.moveTile - [moveTile.py:90] - DEBUG - [529.876073] moveTile start position adjustment using LiDAR for back wall. (+178.2 ms)
2026-06-30 22:24:02,985 - mazeUtils.moveTile - [moveTile.py:79] - DEBUG - Little backward to adjust position
2026-06-30 22:24:06,223 - mazeUtils.moveTile - [moveTile.py:90] - DEBUG - [533.135884] moveTile finished backward adjustment (+3259.8 ms)
2026-06-30 22:24:06,302 - mazeUtils.moveTile - [moveTile.py:90] - DEBUG - [533.215360] moveTile ready for forward move (+79.5 ms)
2026-06-30 22:24:06,331 - mazeUtils.moveTile - [moveTile.py:90] - DEBUG - [533.243922] moveTile initialized movement targetSteps=1 (+28.6 ms)
2026-06-30 22:24:06,332 - mazeUtils.moveTile - [moveTile.py:90] - DEBUG - [533.245304] moveTile loop start (+1.4 ms)
2026-06-30 22:24:06,340 - picamera2.picamera2 - [picamera2.py:1391] - DEBUG - Execute job: <picamera2.job.Job object at 0x7f71d4c710>
2026-06-30 22:24:06,346 - mazeUtils.device.camera - [camera.py:39] - DEBUG - Average HSV: H=111.0, S=223.2, V=125.0
2026-06-30 22:24:06,352 - mazeUtils.moveTile - [moveTile.py:90] - DEBUG - [533.265638] moveTile calculated motor speeds left=100 right=-57 gyroSteer=157.04000000000008 wallSteer=0.0 (+20.3 ms)
2026-06-30 22:24:06,378 - mazeUtils.moveTile - [moveTile.py:90] - DEBUG - [533.291008] moveTile applied motor speed left=100 right=-57 (+25.4 ms)
2026-06-30 22:24:06,382 - mazeUtils.moveTile - [moveTile.py:90] - DEBUG - [533.295054] moveTile tile color check tempTileColor=E (+4.0 ms)
2026-06-30 22:24:06,383 - mazeUtils.moveTile - [moveTile.py:90] - DEBUG - [533.296376] moveTile obstacle check escapeFlag=False (+1.3 ms)
2026-06-30 22:24:06,389 - mazeUtils.moveTile - [moveTile.py:90] - DEBUG - [533.302348] moveTile ramp check isBigRamp=False (+6.0 ms)
2026-06-30 22:24:06,390 - mazeUtils.moveTile - [moveTile.py:79] - DEBUG - roll: 348.09 deg, practicalMoveTime: 0.06407619023083255 sec
2026-06-30 22:24:06,392 - mazeUtils.moveTile - [moveTile.py:2228] - DEBUG - moveTile loop time: 59.8 ms
2026-06-30 22:24:06,393 - mazeUtils.moveTile - [moveTile.py:90] - DEBUG - [533.305915] moveTile loop end practicalMoveTime=0.064 (+3.6 ms)
2026-06-30 22:24:06,393 - mazeUtils.moveTile - [moveTile.py:90] - DEBUG - [533.306602] moveTile loop start (+0.7 ms)
2026-06-30 22:24:06,400 - picamera2.picamera2 - [picamera2.py:1391] - DEBUG - Execute job: <picamera2.job.Job object at 0x7f5bfb8890>
2026-06-30 22:24:06,407 - mazeUtils.device.camera - [camera.py:39] - DEBUG - Average HSV: H=111.0, S=221.7, V=121.0
2026-06-30 22:24:06,414 - mazeUtils.moveTile - [moveTile.py:90] - DEBUG - [533.327181] moveTile calculated motor speeds left=100 right=-57 gyroSteer=157.91999999999996 wallSteer=0.0 (+20.6 ms)
2026-06-30 22:24:06,439 - mazeUtils.moveTile - [moveTile.py:90] - DEBUG - [533.352475] moveTile applied motor speed left=100 right=-57 (+25.3 ms)
2026-06-30 22:24:06,443 - mazeUtils.moveTile - [moveTile.py:90] - DEBUG - [533.356248] moveTile tile color check tempTileColor=E (+3.8 ms)
2026-06-30 22:24:06,444 - mazeUtils.moveTile - [moveTile.py:90] - DEBUG - [533.357048] moveTile obstacle check escapeFlag=False (+0.8 ms)
2026-06-30 22:24:06,448 - mazeUtils.moveTile - [moveTile.py:90] - DEBUG - [533.361086] moveTile ramp check isBigRamp=False (+4.0 ms)
2026-06-30 22:24:06,448 - mazeUtils.moveTile - [moveTile.py:79] - DEBUG - roll: 350.21999999999997 deg, practicalMoveTime: 0.11981261231759205 sec
2026-06-30 22:24:06,449 - mazeUtils.moveTile - [moveTile.py:2228] - DEBUG - moveTile loop time: 55.6 ms
2026-06-30 22:24:06,449 - mazeUtils.moveTile - [moveTile.py:90] - DEBUG - [533.362597] moveTile loop end practicalMoveTime=0.120 (+1.5 ms)
2026-06-30 22:24:06,450 - mazeUtils.moveTile - [moveTile.py:90] - DEBUG - [533.363070] moveTile loop start (+0.5 ms)
2026-06-30 22:24:06,460 - picamera2.picamera2 - [picamera2.py:1391] - DEBUG - Execute job: <picamera2.job.Job object at 0x7f5be40190>
2026-06-30 22:24:06,465 - mazeUtils.device.camera - [camera.py:39] - DEBUG - Average HSV: H=110.8, S=214.6, V=118.8
2026-06-30 22:24:06,471 - mazeUtils.moveTile - [moveTile.py:90] - DEBUG - [533.384120] moveTile calculated motor speeds left=100 right=-51 gyroSteer=151.64 wallSteer=0.0 (+21.1 ms)
2026-06-30 22:24:06,491 - mazeUtils.moveTile - [moveTile.py:90] - DEBUG - [533.404150] moveTile applied motor speed left=100 right=-51 (+20.0 ms)
2026-06-30 22:24:06,495 - mazeUtils.moveTile - [moveTile.py:90] - DEBUG - [533.408210] moveTile tile color check tempTileColor=E (+4.1 ms)
2026-06-30 22:24:06,496 - mazeUtils.moveTile - [moveTile.py:90] - DEBUG - [533.409380] moveTile obstacle check escapeFlag=False (+1.2 ms)
2026-06-30 22:24:06,501 - mazeUtils.moveTile - [moveTile.py:90] - DEBUG - [533.414774] moveTile ramp check isBigRamp=False (+5.4 ms)
2026-06-30 22:24:06,502 - mazeUtils.moveTile - [moveTile.py:79] - DEBUG - roll: 354.03999999999996 deg, practicalMoveTime: 0.17272031036106691 sec
2026-06-30 22:24:06,503 - mazeUtils.moveTile - [moveTile.py:2228] - DEBUG - moveTile loop time: 52.8 ms
2026-06-30 22:24:06,503 - mazeUtils.moveTile - [moveTile.py:90] - DEBUG - [533.416435] moveTile loop end practicalMoveTime=0.173 (+1.7 ms)
2026-06-30 22:24:06,503 - mazeUtils.moveTile - [moveTile.py:90] - DEBUG - [533.416836] moveTile loop start (+0.4 ms)
2026-06-30 22:24:06,513 - picamera2.picamera2 - [picamera2.py:1391] - DEBUG - Execute job: <picamera2.job.Job object at 0x7f5b8f75d0>
2026-06-30 22:24:06,518 - mazeUtils.device.camera - [camera.py:39] - DEBUG - Average HSV: H=111.0, S=208.9, V=113.8
2026-06-30 22:24:06,526 - mazeUtils.moveTile - [moveTile.py:90] - DEBUG - [533.438915] moveTile calculated motor speeds left=100 right=-41 gyroSteer=141.80000000000007 wallSteer=0.0 (+22.1 ms)
2026-06-30 22:24:06,552 - mazeUtils.moveTile - [moveTile.py:90] - DEBUG - [533.465236] moveTile applied motor speed left=100 right=-41 (+26.3 ms)
2026-06-30 22:24:06,575 - mazeUtils.moveTile - [moveTile.py:241] - INFO - Black tile detected! Stopping movement. Starting escape maneuver.
2026-06-30 22:24:06,958 - mazeUtils.moveTile - [moveTile.py:79] - DEBUG - Escape maneuver complete.
2026-06-30 22:24:06,959 - mazeUtils.moveTile - [moveTile.py:90] - DEBUG - [533.872380] moveTile escaped from black tile (+407.1 ms)
2026-06-30 22:24:06,960 - mazeUtils.moveTile - [moveTile.py:2648] - INFO - (None, 0)
2026-06-30 22:24:06,986 - __main__ - [main.py:109] - INFO - Current position: (20, 20, 0), front direction: absDirection.WEST
Layer 0 (altitude=0.0cm, offset=(0.0cm, 0.0cm)):
Known map area: x=19..20, y=20..20
+   +   +
  B   @ |
+   +---+
2026-06-30 22:24:06,994 - __main__ - [main.py:118] - WARNING - Position did not change after movement. Possible error in movement or wall detection.
2026-06-30 22:24:06,996 - mazeUtils.mazeMap - [mazeMap.py:1131] - DEBUG - Could not estimate start tile based on wall information.
2026-06-30 22:24:06,997 - mazeUtils.moveTile - [moveTile.py:88] - DEBUG - [533.910351] moveTile start direction=absDirection.NORTH position=(20, 20, 0) front=absDirection.WEST
2026-06-30 22:24:07,006 - mazeUtils.moveTile - [moveTile.py:90] - DEBUG - [533.918883] moveTile after initial toggle check (+8.5 ms)
2026-06-30 22:24:07,008 - mazeUtils.moveTile - [moveTile.py:90] - DEBUG - [533.921077] moveTile after tile checks isRedTile=False isUnknownTileAhead=True (+2.2 ms)
2026-06-30 22:24:07,008 - mazeUtils.moveTile - [moveTile.py:79] - DEBUG - Moving to absDirection.NORTH from (20, 20, 0) facing absDirection.WEST
2026-06-30 22:24:07,009 - mazeUtils.moveTile - [moveTile.py:90] - DEBUG - [533.922127] moveTile start heading change target=0 (+1.1 ms)
2026-06-30 22:24:07,013 - mazeUtils.moveTile - [moveTile.py:79] - DEBUG - Turning to 0 deg, current heading: 134.70000000000002 deg, turnAngle: 134.70000000000002 deg
2026-06-30 22:24:07,039 - mazeUtils.moveTile - [moveTile.py:79] - DEBUG - gyro:135.6 deg, derivative: 0.8999999999999773, turnSpeed: 100
2026-06-30 22:24:07,074 - mazeUtils.moveTile - [moveTile.py:79] - DEBUG - gyro:136.48 deg, derivative: 0.8799999999999955, turnSpeed: 100
2026-06-30 22:24:07,097 - mazeUtils.moveTile - [moveTile.py:79] - DEBUG - gyro:140.41 deg, derivative: 3.930000000000007, turnSpeed: 100
2026-06-30 22:24:07,123 - mazeUtils.moveTile - [moveTile.py:79] - DEBUG - gyro:142.6 deg, derivative: 2.1899999999999977, turnSpeed: 100
2026-06-30 22:24:07,154 - mazeUtils.moveTile - [moveTile.py:79] - DEBUG - gyro:143.22 deg, derivative: 0.6200000000000045, turnSpeed: 100
2026-06-30 22:24:07,184 - mazeUtils.moveTile - [moveTile.py:79] - DEBUG - gyro:143.4 deg, derivative: 0.18000000000000682, turnSpeed: 100
2026-06-30 22:24:07,209 - mazeUtils.moveTile - [moveTile.py:79] - DEBUG - gyro:139.73 deg, derivative: -3.670000000000016, turnSpeed: 100
2026-06-30 22:24:07,235 - mazeUtils.moveTile - [moveTile.py:79] - DEBUG - gyro:136.54 deg, derivative: -3.1899999999999977, turnSpeed: 100
2026-06-30 22:24:07,265 - mazeUtils.moveTile - [moveTile.py:79] - DEBUG - gyro:133.89000000000001 deg, derivative: -2.6499999999999773, turnSpeed: 100
2026-06-30 22:24:07,293 - mazeUtils.moveTile - [moveTile.py:79] - DEBUG - gyro:129.54 deg, derivative: -4.350000000000023, turnSpeed: 100
2026-06-30 22:24:07,320 - mazeUtils.moveTile - [moveTile.py:79] - DEBUG - gyro:125.69000000000003 deg, derivative: -3.849999999999966, turnSpeed: 100
2026-06-30 22:24:07,358 - mazeUtils.moveTile - [moveTile.py:79] - DEBUG - gyro:122.4 deg, derivative: -3.2900000000000205, turnSpeed: 100
2026-06-30 22:24:07,387 - mazeUtils.moveTile - [moveTile.py:79] - DEBUG - gyro:116.35999999999999 deg, derivative: -6.0400000000000205, turnSpeed: 100
2026-06-30 22:24:07,416 - mazeUtils.moveTile - [moveTile.py:79] - DEBUG - gyro:111.09 deg, derivative: -5.269999999999982, turnSpeed: 100
2026-06-30 22:24:07,442 - mazeUtils.moveTile - [moveTile.py:79] - DEBUG - gyro:107.55999999999997 deg, derivative: -3.5300000000000296, turnSpeed: 100
2026-06-30 22:24:07,465 - mazeUtils.moveTile - [moveTile.py:79] - DEBUG - gyro:104.34 deg, derivative: -3.2199999999999704, turnSpeed: 100
2026-06-30 22:24:07,500 - mazeUtils.moveTile - [moveTile.py:79] - DEBUG - gyro:101.59 deg, derivative: -2.75, turnSpeed: 100
2026-06-30 22:24:07,524 - mazeUtils.moveTile - [moveTile.py:79] - DEBUG - gyro:98.85 deg, derivative: -2.740000000000009, turnSpeed: 100
2026-06-30 22:24:07,552 - mazeUtils.moveTile - [moveTile.py:79] - DEBUG - gyro:95.05999999999997 deg, derivative: -3.7900000000000205, turnSpeed: 100
2026-06-30 22:24:07,578 - mazeUtils.moveTile - [moveTile.py:79] - DEBUG - gyro:91.97 deg, derivative: -3.089999999999975, turnSpeed: 100
2026-06-30 22:24:07,610 - mazeUtils.moveTile - [moveTile.py:79] - DEBUG - gyro:88.70000000000002 deg, derivative: -3.269999999999982, turnSpeed: 100
2026-06-30 22:24:07,636 - mazeUtils.moveTile - [moveTile.py:79] - DEBUG - gyro:84.05999999999997 deg, derivative: -4.640000000000043, turnSpeed: 100
2026-06-30 22:24:07,659 - mazeUtils.moveTile - [moveTile.py:79] - DEBUG - gyro:81.33000000000001 deg, derivative: -2.7299999999999613, turnSpeed: 100
2026-06-30 22:24:07,686 - mazeUtils.moveTile - [moveTile.py:79] - DEBUG - gyro:78.45000000000002 deg, derivative: -2.8799999999999955, turnSpeed: 100
2026-06-30 22:24:07,724 - mazeUtils.moveTile - [moveTile.py:79] - DEBUG - gyro:75.64000000000001 deg, derivative: -2.8100000000000023, turnSpeed: 100
2026-06-30 22:24:07,748 - mazeUtils.moveTile - [moveTile.py:79] - DEBUG - gyro:70.52000000000001 deg, derivative: -5.1200000000000045, turnSpeed: 100
2026-06-30 22:24:07,775 - mazeUtils.moveTile - [moveTile.py:79] - DEBUG - gyro:66.53999999999999 deg, derivative: -3.980000000000018, turnSpeed: 100
2026-06-30 22:24:07,808 - mazeUtils.moveTile - [moveTile.py:79] - DEBUG - gyro:63.28999999999999 deg, derivative: -3.25, turnSpeed: 100
2026-06-30 22:24:07,843 - mazeUtils.moveTile - [moveTile.py:79] - DEBUG - gyro:58.890000000000015 deg, derivative: -4.399999999999977, turnSpeed: 100
2026-06-30 22:24:07,866 - mazeUtils.moveTile - [moveTile.py:79] - DEBUG - gyro:54.98999999999998 deg, derivative: -3.900000000000034, turnSpeed: 100
2026-06-30 22:24:07,891 - mazeUtils.moveTile - [moveTile.py:79] - DEBUG - gyro:51.41 deg, derivative: -3.579999999999984, turnSpeed: 100
2026-06-30 22:24:07,917 - mazeUtils.moveTile - [moveTile.py:79] - DEBUG - gyro:47.99999999999997 deg, derivative: -3.410000000000025, turnSpeed: 95.99999999999994
2026-06-30 22:24:07,941 - mazeUtils.moveTile - [moveTile.py:79] - DEBUG - gyro:44.900000000000006 deg, derivative: -3.099999999999966, turnSpeed: 89.80000000000001
2026-06-30 22:24:07,976 - mazeUtils.moveTile - [moveTile.py:79] - DEBUG - gyro:40.859999999999985 deg, derivative: -4.0400000000000205, turnSpeed: 81.71999999999997
2026-06-30 22:24:08,005 - mazeUtils.moveTile - [moveTile.py:79] - DEBUG - gyro:37.24000000000001 deg, derivative: -3.619999999999976, turnSpeed: 74.48000000000002
2026-06-30 22:24:08,037 - mazeUtils.moveTile - [moveTile.py:79] - DEBUG - gyro:32.59 deg, derivative: -4.650000000000006, turnSpeed: 65.18
2026-06-30 22:24:08,064 - mazeUtils.moveTile - [moveTile.py:79] - DEBUG - gyro:29.069999999999993 deg, derivative: -3.5200000000000102, turnSpeed: 58.139999999999986
2026-06-30 22:24:08,092 - mazeUtils.moveTile - [moveTile.py:79] - DEBUG - gyro:25.620000000000005 deg, derivative: -3.4499999999999886, turnSpeed: 51.24000000000001
2026-06-30 22:24:08,116 - mazeUtils.moveTile - [moveTile.py:79] - DEBUG - gyro:23.900000000000006 deg, derivative: -1.7199999999999989, turnSpeed: 47.80000000000001
2026-06-30 22:24:08,141 - mazeUtils.moveTile - [moveTile.py:79] - DEBUG - gyro:20.74000000000001 deg, derivative: -3.1599999999999966, turnSpeed: 41.48000000000002
2026-06-30 22:24:08,167 - mazeUtils.moveTile - [moveTile.py:79] - DEBUG - gyro:20.0 deg, derivative: -0.7400000000000091, turnSpeed: 40.0
2026-06-30 22:24:08,197 - mazeUtils.moveTile - [moveTile.py:79] - DEBUG - gyro:16.69999999999999 deg, derivative: -3.3000000000000114, turnSpeed: 33.39999999999998
2026-06-30 22:24:08,224 - mazeUtils.moveTile - [moveTile.py:79] - DEBUG - gyro:13.509999999999991 deg, derivative: -3.1899999999999977, turnSpeed: 27.019999999999982
2026-06-30 22:24:08,250 - mazeUtils.moveTile - [moveTile.py:79] - DEBUG - gyro:13.509999999999991 deg, derivative: 0.0, turnSpeed: 27.019999999999982
2026-06-30 22:24:08,279 - mazeUtils.moveTile - [moveTile.py:79] - DEBUG - gyro:13.189999999999998 deg, derivative: -0.3199999999999932, turnSpeed: 26.379999999999995
2026-06-30 22:24:08,305 - mazeUtils.moveTile - [moveTile.py:79] - DEBUG - gyro:11.659999999999997 deg, derivative: -1.5300000000000011, turnSpeed: 23.319999999999993
2026-06-30 22:24:08,331 - mazeUtils.moveTile - [moveTile.py:79] - DEBUG - gyro:10.97999999999999 deg, derivative: -0.6800000000000068, turnSpeed: 21.95999999999998
2026-06-30 22:24:08,361 - mazeUtils.moveTile - [moveTile.py:79] - DEBUG - gyro:10.27000000000001 deg, derivative: -0.7099999999999795, turnSpeed: 20.54000000000002
2026-06-30 22:24:08,389 - mazeUtils.moveTile - [moveTile.py:79] - DEBUG - gyro:8.960000000000008 deg, derivative: -1.3100000000000023, turnSpeed: 17.920000000000016
2026-06-30 22:24:08,414 - mazeUtils.moveTile - [moveTile.py:79] - DEBUG - gyro:8.400000000000006 deg, derivative: -0.5600000000000023, turnSpeed: 16.80000000000001
2026-06-30 22:24:08,437 - mazeUtils.moveTile - [moveTile.py:79] - DEBUG - gyro:7.439999999999998 deg, derivative: -0.960000000000008, turnSpeed: 14.879999999999995
2026-06-30 22:24:08,461 - mazeUtils.moveTile - [moveTile.py:79] - DEBUG - gyro:6.740000000000009 deg, derivative: -0.6999999999999886, turnSpeed: 13.480000000000018
2026-06-30 22:24:08,486 - mazeUtils.moveTile - [moveTile.py:79] - DEBUG - gyro:5.949999999999989 deg, derivative: -0.7900000000000205, turnSpeed: 11.899999999999977
2026-06-30 22:24:08,513 - mazeUtils.moveTile - [moveTile.py:79] - DEBUG - gyro:4.889999999999986 deg, derivative: -1.0600000000000023, turnSpeed: 9.779999999999973
2026-06-30 22:24:08,537 - mazeUtils.moveTile - [moveTile.py:79] - DEBUG - gyro:4.1200000000000045 deg, derivative: -0.7699999999999818, turnSpeed: 8.240000000000009
2026-06-30 22:24:08,564 - mazeUtils.moveTile - [moveTile.py:79] - DEBUG - gyro:3.3300000000000125 deg, derivative: -0.789999999999992, turnSpeed: 6.660000000000025
2026-06-30 22:24:08,591 - mazeUtils.moveTile - [moveTile.py:79] - DEBUG - gyro:3.0900000000000034 deg, derivative: -0.2400000000000091, turnSpeed: 6.180000000000007
2026-06-30 22:24:08,618 - mazeUtils.moveTile - [moveTile.py:79] - DEBUG - gyro:3.0800000000000125 deg, derivative: -0.009999999999990905, turnSpeed: 6.160000000000025
2026-06-30 22:24:08,642 - mazeUtils.moveTile - [moveTile.py:79] - DEBUG - gyro:2.990000000000009 deg, derivative: -0.09000000000000341, turnSpeed: 5.980000000000018
2026-06-30 22:24:08,671 - mazeUtils.moveTile - [moveTile.py:79] - DEBUG - gyro:2.9199999999999875 deg, derivative: -0.0700000000000216, turnSpeed: 5.839999999999975
2026-06-30 22:24:08,696 - mazeUtils.moveTile - [moveTile.py:79] - DEBUG - gyro:2.859999999999985 deg, derivative: -0.060000000000002274, turnSpeed: 5.71999999999997
2026-06-30 22:24:08,726 - mazeUtils.moveTile - [moveTile.py:79] - DEBUG - gyro:2.780000000000001 deg, derivative: -0.07999999999998408, turnSpeed: 5.560000000000002
2026-06-30 22:24:08,753 - mazeUtils.moveTile - [moveTile.py:79] - DEBUG - gyro:2.680000000000007 deg, derivative: -0.09999999999999432, turnSpeed: 5.360000000000014
2026-06-30 22:24:08,779 - mazeUtils.moveTile - [moveTile.py:79] - DEBUG - gyro:2.569999999999993 deg, derivative: -0.11000000000001364, turnSpeed: 5.139999999999986
2026-06-30 22:24:08,809 - mazeUtils.moveTile - [moveTile.py:79] - DEBUG - gyro:2.4099999999999966 deg, derivative: -0.1599999999999966, turnSpeed: 4.819999999999993
2026-06-30 22:24:08,839 - mazeUtils.moveTile - [moveTile.py:79] - DEBUG - gyro:2.2700000000000102 deg, derivative: -0.13999999999998636, turnSpeed: 4.5400000000000205
2026-06-30 22:24:08,869 - mazeUtils.moveTile - [moveTile.py:79] - DEBUG - gyro:2.009999999999991 deg, derivative: -0.2600000000000193, turnSpeed: 4.019999999999982
2026-06-30 22:24:08,896 - mazeUtils.moveTile - [moveTile.py:79] - DEBUG - gyro:1.8599999999999852 deg, derivative: -0.15000000000000568, turnSpeed: 3.7199999999999704
2026-06-30 22:24:08,920 - mazeUtils.moveTile - [moveTile.py:79] - DEBUG - Turned to heading: 1.8599999999999852 deg
2026-06-30 22:24:08,921 - mazeUtils.moveTile - [moveTile.py:90] - DEBUG - [535.833898] moveTile finished heading change (+1911.8 ms)
2026-06-30 22:24:08,921 - mazeUtils.moveTile - [moveTile.py:90] - DEBUG - [535.834289] Adjustment after ramp completed (+0.4 ms)
2026-06-30 22:24:08,921 - mazeUtils.moveTile - [moveTile.py:90] - DEBUG - [535.834608] moveTile updated front direction (+0.3 ms)
2026-06-30 22:24:08,943 - mazeUtils.moveTile - [moveTile.py:90] - DEBUG - [535.856433] moveTile stopped motors before alignment (+21.8 ms)
2026-06-30 22:24:09,093 - mazeUtils.moveTile - [moveTile.py:569] - DEBUG - Direction: absDirection.NORTH, Angle: 0, Distance: 23.41057540515602 cm
2026-06-30 22:24:09,095 - mazeUtils.moveTile - [moveTile.py:703] - DEBUG - Detected center obstacle at absDirection.NORTH, distance: 23.41057540515602 cm
2026-06-30 22:24:09,096 - mazeUtils.moveTile - [moveTile.py:569] - DEBUG - Direction: absDirection.EAST, Angle: 270, Distance: 31.103824314156423 cm
2026-06-30 22:24:09,097 - mazeUtils.moveTile - [moveTile.py:737] - WARNING - Inconsistent wall detection at absDirection.EAST: distance=31.103824314156423 cm, map wall type=wallType.WALL
2026-06-30 22:24:09,098 - mazeUtils.moveTile - [moveTile.py:569] - DEBUG - Direction: absDirection.SOUTH, Angle: 180, Distance: 151.94829391336708 cm
2026-06-30 22:24:09,099 - mazeUtils.moveTile - [moveTile.py:737] - WARNING - Inconsistent wall detection at absDirection.SOUTH: distance=151.94829391336708 cm, map wall type=wallType.WALL
2026-06-30 22:24:09,101 - mazeUtils.moveTile - [moveTile.py:569] - DEBUG - Direction: absDirection.WEST, Angle: 90, Distance: 41.37095845883918 cm
2026-06-30 22:24:09,122 - mazeUtils.moveTile - [moveTile.py:2648] - INFO - (0, 0)
2026-06-30 22:24:09,144 - __main__ - [main.py:109] - INFO - Current position: (20, 20, 0), front direction: absDirection.NORTH
Layer 0 (altitude=0.0cm, offset=(0.0cm, 0.0cm)):
Known map area: x=19..20, y=20..20
+   +---+
  B   @ |
+   +---+
2026-06-30 22:24:09,150 - __main__ - [main.py:118] - WARNING - Position did not change after movement. Possible error in movement or wall detection.
2026-06-30 22:24:09,166 - mazeUtils.mazeMap - [mazeMap.py:1131] - DEBUG - Could not estimate start tile based on wall information.
2026-06-30 22:24:09,166 - __main__ - [main.py:149] - ERROR - Start tile position could not be estimated. Cannot return to start.
2026-06-30 22:24:10,416 - mazeUtils.moveTile - [moveTile.py:555] - DEBUG - overwrite the wall data
2026-06-30 22:24:10,436 - mazeUtils.moveTile - [moveTile.py:569] - DEBUG - Direction: absDirection.NORTH, Angle: 0, Distance: 23.111715855674138 cm
2026-06-30 22:24:10,439 - mazeUtils.moveTile - [moveTile.py:579] - INFO - angle: 0, result: judgeWallResult.CENTER_OBSTACLE
2026-06-30 22:24:10,441 - mazeUtils.moveTile - [moveTile.py:606] - DEBUG - Detected center obstacle at absDirection.NORTH, distance: 23.111715855674138 cm
2026-06-30 22:24:10,442 - mazeUtils.moveTile - [moveTile.py:569] - DEBUG - Direction: absDirection.EAST, Angle: 270, Distance: 31.855577693856578 cm
2026-06-30 22:24:10,444 - mazeUtils.moveTile - [moveTile.py:569] - DEBUG - Direction: absDirection.SOUTH, Angle: 180, Distance: 151.19653694902405 cm
2026-06-30 22:24:10,445 - mazeUtils.moveTile - [moveTile.py:569] - DEBUG - Direction: absDirection.WEST, Angle: 90, Distance: 41.37095845883918 cm
2026-06-30 22:24:10,446 - __main__ - [main.py:68] - INFO - Initial Map:
2026-06-30 22:24:10,468 - __main__ - [main.py:69] - INFO - Current position: (20, 20, 0), front direction: absDirection.NORTH
Layer 0 (altitude=0.0cm, offset=(0.0cm, 0.0cm)):
Known map area: x=20..20, y=20..20
+---+
  @  
+   +
2026-06-30 22:24:10,469 - __main__ - [main.py:75] - INFO - Next Direction: [<absDirection.EAST: 270>]
2026-06-30 22:24:10,471 - __main__ - [main.py:76] - INFO - Exploration started.
2026-06-30 22:24:10,472 - mazeUtils.mazeMap - [mazeMap.py:1131] - DEBUG - Could not estimate start tile based on wall information.
2026-06-30 22:24:10,473 - mazeUtils.moveTile - [moveTile.py:88] - DEBUG - [537.386455] moveTile start direction=absDirection.EAST position=(20, 20, 0) front=absDirection.NORTH
2026-06-30 22:24:10,479 - mazeUtils.moveTile - [moveTile.py:90] - DEBUG - [537.392699] moveTile after initial toggle check (+6.2 ms)
2026-06-30 22:24:10,482 - mazeUtils.moveTile - [moveTile.py:90] - DEBUG - [537.395195] moveTile after tile checks isRedTile=False isUnknownTileAhead=True (+2.5 ms)
2026-06-30 22:24:10,482 - mazeUtils.moveTile - [moveTile.py:79] - DEBUG - Moving to absDirection.EAST from (20, 20, 0) facing absDirection.NORTH
2026-06-30 22:24:10,483 - mazeUtils.moveTile - [moveTile.py:90] - DEBUG - [537.396400] moveTile start heading change target=270 (+1.2 ms)
2026-06-30 22:24:10,490 - mazeUtils.moveTile - [moveTile.py:79] - DEBUG - Turning to 270 deg, current heading: 1.4099999999999966 deg, turnAngle: 91.40999999999997 deg
2026-06-30 22:24:10,530 - mazeUtils.moveTile - [moveTile.py:79] - DEBUG - gyro:1.4099999999999966 deg, derivative: 0.0, turnSpeed: 100
2026-06-30 22:24:10,558 - mazeUtils.moveTile - [moveTile.py:79] - DEBUG - gyro:1.4099999999999966 deg, derivative: 0.0, turnSpeed: 100
2026-06-30 22:24:10,582 - mazeUtils.moveTile - [moveTile.py:79] - DEBUG - gyro:1.4099999999999966 deg, derivative: 0.0, turnSpeed: 100
2026-06-30 22:24:10,617 - mazeUtils.moveTile - [moveTile.py:79] - DEBUG - gyro:1.0 deg, derivative: -0.40999999999996817, turnSpeed: 100
2026-06-30 22:24:10,646 - mazeUtils.moveTile - [moveTile.py:79] - DEBUG - gyro:358.85 deg, derivative: -2.1499999999999773, turnSpeed: 100
2026-06-30 22:24:10,678 - mazeUtils.moveTile - [moveTile.py:79] - DEBUG - gyro:354.0 deg, derivative: -4.850000000000023, turnSpeed: 100
2026-06-30 22:24:10,708 - mazeUtils.moveTile - [moveTile.py:79] - DEBUG - gyro:349.24 deg, derivative: -4.759999999999991, turnSpeed: 100
2026-06-30 22:24:10,734 - mazeUtils.moveTile - [moveTile.py:79] - DEBUG - gyro:344.91999999999996 deg, derivative: -4.32000000000005, turnSpeed: 100
2026-06-30 22:24:10,761 - mazeUtils.moveTile - [moveTile.py:79] - DEBUG - gyro:341.53 deg, derivative: -3.3899999999999864, turnSpeed: 100
2026-06-30 22:24:10,787 - mazeUtils.moveTile - [moveTile.py:79] - DEBUG - gyro:337.25 deg, derivative: -4.279999999999973, turnSpeed: 100
2026-06-30 22:24:10,812 - mazeUtils.moveTile - [moveTile.py:79] - DEBUG - gyro:334.76 deg, derivative: -2.490000000000009, turnSpeed: 100
2026-06-30 22:24:10,840 - mazeUtils.moveTile - [moveTile.py:79] - DEBUG - gyro:330.55 deg, derivative: -4.2099999999999795, turnSpeed: 100
2026-06-30 22:24:10,871 - mazeUtils.moveTile - [moveTile.py:79] - DEBUG - gyro:327.84000000000003 deg, derivative: -2.7099999999999795, turnSpeed: 100
2026-06-30 22:24:10,897 - mazeUtils.moveTile - [moveTile.py:79] - DEBUG - gyro:322.65 deg, derivative: -5.190000000000055, turnSpeed: 100
2026-06-30 22:24:10,925 - mazeUtils.moveTile - [moveTile.py:79] - DEBUG - gyro:317.78 deg, derivative: -4.8700000000000045, turnSpeed: 95.55999999999995
2026-06-30 22:24:10,953 - mazeUtils.moveTile - [moveTile.py:79] - DEBUG - gyro:314.97 deg, derivative: -2.8099999999999454, turnSpeed: 89.94000000000005
2026-06-30 22:24:10,981 - mazeUtils.moveTile - [moveTile.py:79] - DEBUG - gyro:310.58000000000004 deg, derivative: -4.389999999999986, turnSpeed: 81.16000000000008
2026-06-30 22:24:11,014 - mazeUtils.moveTile - [moveTile.py:79] - DEBUG - gyro:308.24 deg, derivative: -2.340000000000032, turnSpeed: 76.48000000000002
2026-06-30 22:24:11,043 - mazeUtils.moveTile - [moveTile.py:79] - DEBUG - gyro:304.89 deg, derivative: -3.3500000000000227, turnSpeed: 69.77999999999997
2026-06-30 22:24:11,081 - mazeUtils.moveTile - [moveTile.py:79] - DEBUG - gyro:301.58000000000004 deg, derivative: -3.3099999999999454, turnSpeed: 63.16000000000008
2026-06-30 22:24:11,110 - mazeUtils.moveTile - [moveTile.py:79] - DEBUG - gyro:298.34000000000003 deg, derivative: -3.240000000000009, turnSpeed: 56.680000000000064
2026-06-30 22:24:11,136 - mazeUtils.moveTile - [moveTile.py:79] - DEBUG - gyro:295.66999999999996 deg, derivative: -2.6700000000000728, turnSpeed: 51.33999999999992
2026-06-30 22:24:11,165 - mazeUtils.moveTile - [moveTile.py:79] - DEBUG - gyro:293.3 deg, derivative: -2.3699999999999477, turnSpeed: 46.60000000000002
2026-06-30 22:24:11,195 - mazeUtils.moveTile - [moveTile.py:79] - DEBUG - gyro:291.48 deg, derivative: -1.8199999999999932, turnSpeed: 42.960000000000036
2026-06-30 22:24:11,221 - mazeUtils.moveTile - [moveTile.py:79] - DEBUG - gyro:290.1 deg, derivative: -1.3799999999999955, turnSpeed: 40.200000000000045
2026-06-30 22:24:11,246 - mazeUtils.moveTile - [moveTile.py:79] - DEBUG - gyro:288.37 deg, derivative: -1.7300000000000182, turnSpeed: 36.74000000000001
2026-06-30 22:24:11,270 - mazeUtils.moveTile - [moveTile.py:79] - DEBUG - gyro:287.25 deg, derivative: -1.1200000000000045, turnSpeed: 34.5
2026-06-30 22:24:11,295 - mazeUtils.moveTile - [moveTile.py:79] - DEBUG - gyro:285.75 deg, derivative: -1.5, turnSpeed: 31.5
2026-06-30 22:24:11,318 - mazeUtils.moveTile - [moveTile.py:79] - DEBUG - gyro:284.16999999999996 deg, derivative: -1.580000000000041, turnSpeed: 28.339999999999918
2026-06-30 22:24:11,344 - mazeUtils.moveTile - [moveTile.py:79] - DEBUG - gyro:283.01 deg, derivative: -1.1599999999999682, turnSpeed: 26.019999999999982
2026-06-30 22:24:11,371 - mazeUtils.moveTile - [moveTile.py:79] - DEBUG - gyro:281.65 deg, derivative: -1.3600000000000136, turnSpeed: 23.299999999999955
2026-06-30 22:24:11,398 - mazeUtils.moveTile - [moveTile.py:79] - DEBUG - gyro:280.37 deg, derivative: -1.2799999999999727, turnSpeed: 20.74000000000001
2026-06-30 22:24:11,431 - mazeUtils.moveTile - [moveTile.py:79] - DEBUG - gyro:279.09000000000003 deg, derivative: -1.2799999999999727, turnSpeed: 18.180000000000064
2026-06-30 22:24:11,461 - mazeUtils.moveTile - [moveTile.py:79] - DEBUG - gyro:277.9 deg, derivative: -1.1900000000000546, turnSpeed: 15.799999999999955
2026-06-30 22:24:11,488 - mazeUtils.moveTile - [moveTile.py:79] - DEBUG - gyro:276.99 deg, derivative: -0.9099999999999682, turnSpeed: 13.980000000000018
2026-06-30 22:24:11,522 - mazeUtils.moveTile - [moveTile.py:79] - DEBUG - gyro:276.37 deg, derivative: -0.6200000000000045, turnSpeed: 12.740000000000009
2026-06-30 22:24:11,551 - mazeUtils.moveTile - [moveTile.py:79] - DEBUG - gyro:275.77 deg, derivative: -0.6000000000000227, turnSpeed: 11.539999999999964
2026-06-30 22:24:11,582 - mazeUtils.moveTile - [moveTile.py:79] - DEBUG - gyro:275.32 deg, derivative: -0.44999999999998863, turnSpeed: 10.639999999999986
2026-06-30 22:24:11,612 - mazeUtils.moveTile - [moveTile.py:79] - DEBUG - gyro:274.92 deg, derivative: -0.39999999999997726, turnSpeed: 9.840000000000032
2026-06-30 22:24:11,643 - mazeUtils.moveTile - [moveTile.py:79] - DEBUG - gyro:274.53999999999996 deg, derivative: -0.3800000000000523, turnSpeed: 9.079999999999927
2026-06-30 22:24:11,672 - mazeUtils.moveTile - [moveTile.py:79] - DEBUG - gyro:274.26 deg, derivative: -0.2799999999999727, turnSpeed: 8.519999999999982
2026-06-30 22:24:11,697 - mazeUtils.moveTile - [moveTile.py:79] - DEBUG - gyro:273.78 deg, derivative: -0.4800000000000182, turnSpeed: 7.559999999999945
2026-06-30 22:24:11,725 - mazeUtils.moveTile - [moveTile.py:79] - DEBUG - gyro:273.49 deg, derivative: -0.2899999999999636, turnSpeed: 6.980000000000018
2026-06-30 22:24:11,755 - mazeUtils.moveTile - [moveTile.py:79] - DEBUG - gyro:273.24 deg, derivative: -0.25, turnSpeed: 6.480000000000018
2026-06-30 22:24:11,781 - mazeUtils.moveTile - [moveTile.py:79] - DEBUG - gyro:272.95 deg, derivative: -0.29000000000002046, turnSpeed: 5.899999999999977
2026-06-30 22:24:11,814 - mazeUtils.moveTile - [moveTile.py:79] - DEBUG - gyro:272.78 deg, derivative: -0.17000000000001592, turnSpeed: 5.559999999999945
2026-06-30 22:24:11,843 - mazeUtils.moveTile - [moveTile.py:79] - DEBUG - gyro:272.65 deg, derivative: -0.12999999999999545, turnSpeed: 5.2999999999999545
2026-06-30 22:24:11,876 - mazeUtils.moveTile - [moveTile.py:79] - DEBUG - gyro:272.39 deg, derivative: -0.2599999999999909, turnSpeed: 4.779999999999973
2026-06-30 22:24:11,904 - mazeUtils.moveTile - [moveTile.py:79] - DEBUG - gyro:271.9 deg, derivative: -0.4900000000000091, turnSpeed: 3.7999999999999545
2026-06-30 22:24:11,923 - mazeUtils.moveTile - [moveTile.py:79] - DEBUG - Turned to heading: 271.9 deg
2026-06-30 22:24:11,924 - mazeUtils.moveTile - [moveTile.py:90] - DEBUG - [538.836963] moveTile finished heading change (+1440.6 ms)
2026-06-30 22:24:11,924 - mazeUtils.moveTile - [moveTile.py:90] - DEBUG - [538.837517] Adjustment after ramp completed (+0.6 ms)
2026-06-30 22:24:11,925 - mazeUtils.moveTile - [moveTile.py:90] - DEBUG - [538.837973] moveTile updated front direction (+0.5 ms)
2026-06-30 22:24:11,946 - mazeUtils.moveTile - [moveTile.py:90] - DEBUG - [538.859757] moveTile stopped motors before alignment (+21.8 ms)
2026-06-30 22:24:12,099 - mazeUtils.moveTile - [moveTile.py:569] - DEBUG - Direction: absDirection.NORTH, Angle: 90, Distance: 28.56665531342733 cm
2026-06-30 22:24:12,100 - mazeUtils.moveTile - [moveTile.py:569] - DEBUG - Direction: absDirection.EAST, Angle: 0, Distance: 162.7537900113111 cm
2026-06-30 22:24:12,102 - mazeUtils.moveTile - [moveTile.py:569] - DEBUG - Direction: absDirection.SOUTH, Angle: 270, Distance: 172.66821557706723 cm
2026-06-30 22:24:12,103 - mazeUtils.moveTile - [moveTile.py:569] - DEBUG - Direction: absDirection.WEST, Angle: 180, Distance: 34.862594797300055 cm
2026-06-30 22:24:12,104 - mazeUtils.moveTile - [moveTile.py:90] - DEBUG - [539.017454] moveTile ready for forward move (+157.7 ms)
2026-06-30 22:24:12,113 - mazeUtils.moveTile - [moveTile.py:79] - DEBUG - Turning to 245 deg, current heading: 237.45999999999998 deg, turnAngle: -7.5400000000000205 deg
2026-06-30 22:24:12,138 - mazeUtils.moveTile - [moveTile.py:79] - DEBUG - gyro:236.24 deg, derivative: -1.2199999999999704, turnSpeed: -17.519999999999982
2026-06-30 22:24:12,173 - mazeUtils.moveTile - [moveTile.py:79] - DEBUG - gyro:234.39 deg, derivative: -1.8500000000000227, turnSpeed: -21.220000000000027
2026-06-30 22:24:12,202 - mazeUtils.moveTile - [moveTile.py:79] - DEBUG - gyro:224.62 deg, derivative: -9.769999999999982, turnSpeed: -40.75999999999999
2026-06-30 22:24:12,229 - mazeUtils.moveTile - [moveTile.py:79] - DEBUG - gyro:212.24 deg, derivative: -12.379999999999995, turnSpeed: -65.51999999999998
2026-06-30 22:24:12,255 - mazeUtils.moveTile - [moveTile.py:79] - DEBUG - gyro:204.6 deg, derivative: -7.640000000000015, turnSpeed: -80.80000000000001
2026-06-30 22:24:12,278 - mazeUtils.moveTile - [moveTile.py:79] - DEBUG - gyro:194.9 deg, derivative: -9.699999999999989, turnSpeed: -100
2026-06-30 22:24:12,313 - mazeUtils.moveTile - [moveTile.py:79] - DEBUG - gyro:185.98 deg, derivative: -8.920000000000016, turnSpeed: -100
2026-06-30 22:24:12,341 - mazeUtils.moveTile - [moveTile.py:79] - DEBUG - gyro:176.62 deg, derivative: -9.359999999999985, turnSpeed: -100
2026-06-30 22:24:12,365 - mazeUtils.moveTile - [moveTile.py:79] - DEBUG - gyro:164.9 deg, derivative: -11.719999999999999, turnSpeed: -100
2026-06-30 22:24:12,390 - mazeUtils.moveTile - [moveTile.py:79] - DEBUG - gyro:158.4 deg, derivative: -6.5, turnSpeed: -100
2026-06-30 22:24:12,417 - mazeUtils.moveTile - [moveTile.py:79] - DEBUG - gyro:151.29 deg, derivative: -7.110000000000014, turnSpeed: -100
2026-06-30 22:24:12,447 - mazeUtils.moveTile - [moveTile.py:79] - DEBUG - gyro:146.84 deg, derivative: -4.449999999999989, turnSpeed: -100
2026-06-30 22:24:12,472 - mazeUtils.moveTile - [moveTile.py:79] - DEBUG - gyro:139.79 deg, derivative: -7.050000000000011, turnSpeed: -100
2026-06-30 22:24:12,503 - mazeUtils.moveTile - [moveTile.py:79] - DEBUG - gyro:135.03 deg, derivative: -4.759999999999991, turnSpeed: -100
2026-06-30 22:24:12,533 - mazeUtils.moveTile - [moveTile.py:79] - DEBUG - gyro:132.17999999999998 deg, derivative: -2.8500000000000227, turnSpeed: -100
2026-06-30 22:24:12,560 - mazeUtils.moveTile - [moveTile.py:79] - DEBUG - gyro:128.51000000000002 deg, derivative: -3.669999999999959, turnSpeed: -100
2026-06-30 22:24:12,593 - mazeUtils.moveTile - [moveTile.py:79] - DEBUG - gyro:126.84 deg, derivative: -1.670000000000016, turnSpeed: -100
2026-06-30 22:24:12,617 - mazeUtils.moveTile - [moveTile.py:79] - DEBUG - gyro:125.45000000000002 deg, derivative: -1.3899999999999864, turnSpeed: -100
2026-06-30 22:24:12,639 - mazeUtils.moveTile - [moveTile.py:79] - DEBUG - gyro:124.91 deg, derivative: -0.5400000000000205, turnSpeed: -100
2026-06-30 22:24:12,671 - mazeUtils.moveTile - [moveTile.py:79] - DEBUG - gyro:124.73999999999998 deg, derivative: -0.17000000000001592, turnSpeed: -100
2026-06-30 22:24:12,700 - mazeUtils.moveTile - [moveTile.py:79] - DEBUG - gyro:126.98999999999998 deg, derivative: 2.25, turnSpeed: -100
2026-06-30 22:24:12,724 - mazeUtils.moveTile - [moveTile.py:79] - DEBUG - gyro:130.51000000000002 deg, derivative: 3.5200000000000387, turnSpeed: -100
2026-06-30 22:24:12,753 - mazeUtils.moveTile - [moveTile.py:79] - DEBUG - gyro:133.15 deg, derivative: 2.6399999999999864, turnSpeed: -100
2026-06-30 22:24:12,783 - mazeUtils.moveTile - [moveTile.py:79] - DEBUG - gyro:136.32000000000002 deg, derivative: 3.170000000000016, turnSpeed: -100
2026-06-30 22:24:12,810 - mazeUtils.moveTile - [moveTile.py:79] - DEBUG - gyro:140.04 deg, derivative: 3.7199999999999704, turnSpeed: -100
2026-06-30 22:24:12,837 - mazeUtils.moveTile - [moveTile.py:79] - DEBUG - gyro:142.54 deg, derivative: 2.5, turnSpeed: -100
2026-06-30 22:24:12,869 - mazeUtils.moveTile - [moveTile.py:79] - DEBUG - gyro:145.09 deg, derivative: 2.5500000000000114, turnSpeed: -100
2026-06-30 22:24:12,896 - mazeUtils.moveTile - [moveTile.py:79] - DEBUG - gyro:150.39 deg, derivative: 5.299999999999983, turnSpeed: -100
2026-06-30 22:24:12,924 - mazeUtils.moveTile - [moveTile.py:79] - DEBUG - gyro:151.59 deg, derivative: 1.200000000000017, turnSpeed: -100
2026-06-30 22:24:12,953 - mazeUtils.moveTile - [moveTile.py:79] - DEBUG - gyro:155.69 deg, derivative: 4.099999999999994, turnSpeed: -100
2026-06-30 22:24:12,981 - mazeUtils.moveTile - [moveTile.py:79] - DEBUG - gyro:159.63 deg, derivative: 3.9399999999999977, turnSpeed: -100
2026-06-30 22:24:13,009 - mazeUtils.moveTile - [moveTile.py:79] - DEBUG - gyro:162.9 deg, derivative: 3.2700000000000102, turnSpeed: -100
2026-06-30 22:24:13,036 - mazeUtils.moveTile - [moveTile.py:79] - DEBUG - gyro:167.85 deg, derivative: 4.949999999999989, turnSpeed: -100
2026-06-30 22:24:13,074 - mazeUtils.moveTile - [moveTile.py:79] - DEBUG - gyro:171.84 deg, derivative: 3.990000000000009, turnSpeed: -100
2026-06-30 22:24:13,098 - mazeUtils.moveTile - [moveTile.py:79] - DEBUG - gyro:177.32 deg, derivative: 5.47999999999999, turnSpeed: -100
2026-06-30 22:24:13,125 - mazeUtils.moveTile - [moveTile.py:79] - DEBUG - gyro:181.2 deg, derivative: 3.8799999999999955, turnSpeed: -100
2026-06-30 22:24:13,158 - mazeUtils.moveTile - [moveTile.py:79] - DEBUG - gyro:183.74 deg, derivative: 2.5400000000000205, turnSpeed: -100
2026-06-30 22:24:13,185 - mazeUtils.moveTile - [moveTile.py:79] - DEBUG - gyro:186.73 deg, derivative: 2.9899999999999807, turnSpeed: -100
2026-06-30 22:24:13,210 - mazeUtils.moveTile - [moveTile.py:79] - DEBUG - gyro:191.0 deg, derivative: 4.27000000000001, turnSpeed: -100
2026-06-30 22:24:13,243 - mazeUtils.moveTile - [moveTile.py:79] - DEBUG - gyro:193.06 deg, derivative: 2.0600000000000023, turnSpeed: -100
2026-06-30 22:24:13,269 - mazeUtils.moveTile - [moveTile.py:79] - DEBUG - gyro:196.96 deg, derivative: 3.9000000000000057, turnSpeed: -96.07999999999998
2026-06-30 22:24:13,300 - mazeUtils.moveTile - [moveTile.py:79] - DEBUG - gyro:200.24 deg, derivative: 3.280000000000001, turnSpeed: -89.51999999999998
2026-06-30 22:24:13,326 - mazeUtils.moveTile - [moveTile.py:79] - DEBUG - gyro:204.94 deg, derivative: 4.699999999999989, turnSpeed: -80.12
2026-06-30 22:24:13,349 - mazeUtils.moveTile - [moveTile.py:79] - DEBUG - gyro:206.71 deg, derivative: 1.7700000000000102, turnSpeed: -76.57999999999998
2026-06-30 22:24:13,376 - mazeUtils.moveTile - [moveTile.py:79] - DEBUG - gyro:209.18 deg, derivative: 2.469999999999999, turnSpeed: -71.63999999999999
2026-06-30 22:24:13,404 - mazeUtils.moveTile - [moveTile.py:79] - DEBUG - gyro:216.19 deg, derivative: 7.009999999999991, turnSpeed: -57.620000000000005
2026-06-30 22:24:13,439 - mazeUtils.moveTile - [moveTile.py:79] - DEBUG - gyro:216.78 deg, derivative: 0.5900000000000034, turnSpeed: -56.44
2026-06-30 22:24:13,467 - mazeUtils.moveTile - [moveTile.py:79] - DEBUG - gyro:220.9 deg, derivative: 4.1200000000000045, turnSpeed: -48.19999999999999
2026-06-30 22:24:13,493 - mazeUtils.moveTile - [moveTile.py:79] - DEBUG - gyro:224.26999999999998 deg, derivative: 3.369999999999976, turnSpeed: -41.460000000000036
2026-06-30 22:24:13,525 - mazeUtils.moveTile - [moveTile.py:79] - DEBUG - gyro:226.17000000000002 deg, derivative: 1.900000000000034, turnSpeed: -37.65999999999997
2026-06-30 22:24:13,561 - mazeUtils.moveTile - [moveTile.py:79] - DEBUG - gyro:228.57 deg, derivative: 2.3999999999999773, turnSpeed: -32.860000000000014
2026-06-30 22:24:13,588 - mazeUtils.moveTile - [moveTile.py:79] - DEBUG - gyro:230.36 deg, derivative: 1.7900000000000205, turnSpeed: -29.279999999999973
2026-06-30 22:24:13,613 - mazeUtils.moveTile - [moveTile.py:79] - DEBUG - gyro:232.14 deg, derivative: 1.7799999999999727, turnSpeed: -25.720000000000027
2026-06-30 22:24:13,655 - mazeUtils.moveTile - [moveTile.py:79] - DEBUG - gyro:233.16 deg, derivative: 1.0200000000000102, turnSpeed: -23.680000000000007
2026-06-30 22:24:13,679 - mazeUtils.moveTile - [moveTile.py:79] - DEBUG - gyro:234.94 deg, derivative: 1.7800000000000011, turnSpeed: -20.120000000000005
2026-06-30 22:24:13,705 - mazeUtils.moveTile - [moveTile.py:79] - DEBUG - gyro:235.9 deg, derivative: 0.960000000000008, turnSpeed: -18.19999999999999
2026-06-30 22:24:13,735 - mazeUtils.moveTile - [moveTile.py:79] - DEBUG - gyro:236.61 deg, derivative: 0.710000000000008, turnSpeed: -16.779999999999973
2026-06-30 22:24:13,762 - mazeUtils.moveTile - [moveTile.py:79] - DEBUG - gyro:237.45 deg, derivative: 0.839999999999975, turnSpeed: -15.100000000000023
2026-06-30 22:24:13,790 - mazeUtils.moveTile - [moveTile.py:79] - DEBUG - gyro:237.68 deg, derivative: 0.2300000000000182, turnSpeed: -14.639999999999986
2026-06-30 22:24:13,814 - mazeUtils.moveTile - [moveTile.py:79] - DEBUG - gyro:238.24 deg, derivative: 0.5600000000000023, turnSpeed: -13.519999999999982
2026-06-30 22:24:13,852 - mazeUtils.moveTile - [moveTile.py:79] - DEBUG - gyro:238.79 deg, derivative: 0.549999999999983, turnSpeed: -12.420000000000016
2026-06-30 22:24:13,886 - mazeUtils.moveTile - [moveTile.py:79] - DEBUG - gyro:239.38 deg, derivative: 0.5900000000000034, turnSpeed: -11.240000000000009
2026-06-30 22:24:13,913 - mazeUtils.moveTile - [moveTile.py:79] - DEBUG - gyro:239.7 deg, derivative: 0.3199999999999932, turnSpeed: -10.600000000000023
2026-06-30 22:24:13,940 - mazeUtils.moveTile - [moveTile.py:79] - DEBUG - gyro:239.84 deg, derivative: 0.14000000000001478, turnSpeed: -10.319999999999993
2026-06-30 22:24:13,969 - mazeUtils.moveTile - [moveTile.py:79] - DEBUG - gyro:240.01 deg, derivative: 0.1699999999999875, turnSpeed: -9.980000000000018
2026-06-30 22:24:13,995 - mazeUtils.moveTile - [moveTile.py:79] - DEBUG - gyro:240.19 deg, derivative: 0.18000000000000682, turnSpeed: -9.620000000000005
2026-06-30 22:24:14,023 - mazeUtils.moveTile - [moveTile.py:79] - DEBUG - gyro:240.42000000000002 deg, derivative: 0.2300000000000182, turnSpeed: -9.159999999999968
2026-06-30 22:24:14,099 - mazeUtils.moveTile - [moveTile.py:2648] - INFO - (None, None)
2026-06-30 22:24:14,151 - __main__ - [main.py:109] - INFO - Current position: (20, 20, 0), front direction: absDirection.EAST
Layer 0 (altitude=0.0cm, offset=(0.0cm, 0.0cm)):
Known map area: x=20..20, y=20..20
+---+
  @  
+   +
2026-06-30 22:24:15,967 - __main__ - [main.py:112] - INFO - Exploration resumed.
2026-06-30 22:24:17,629 - mazeUtils.moveTile - [moveTile.py:555] - DEBUG - overwrite the wall data
2026-06-30 22:24:17,649 - mazeUtils.moveTile - [moveTile.py:569] - DEBUG - Direction: absDirection.NORTH, Angle: 180, Distance: 21.17336668976247 cm
2026-06-30 22:24:17,651 - mazeUtils.moveTile - [moveTile.py:569] - DEBUG - Direction: absDirection.EAST, Angle: 90, Distance: 16.933584353238142 cm
2026-06-30 22:24:17,652 - mazeUtils.moveTile - [moveTile.py:569] - DEBUG - Direction: absDirection.SOUTH, Angle: 0, Distance: 74.51762052675109 cm
2026-06-30 22:24:17,656 - mazeUtils.moveTile - [moveTile.py:579] - INFO - angle: 0, result: judgeWallResult.NO_WALL
2026-06-30 22:24:17,658 - mazeUtils.moveTile - [moveTile.py:569] - DEBUG - Direction: absDirection.WEST, Angle: 270, Distance: 135.24024822674747 cm
2026-06-30 22:24:17,660 - __main__ - [main.py:68] - INFO - Initial Map:
2026-06-30 22:24:17,683 - __main__ - [main.py:69] - INFO - Current position: (20, 20, 0), front direction: absDirection.SOUTH
Layer 0 (altitude=0.0cm, offset=(0.0cm, 0.0cm)):
Known map area: x=20..20, y=20..20
+---+
  @ |
+   +
2026-06-30 22:24:18,311 - __main__ - [main.py:75] - INFO - Next Direction: [<absDirection.WEST: 90>]
2026-06-30 22:24:18,312 - __main__ - [main.py:76] - INFO - Exploration started.
2026-06-30 22:24:18,313 - mazeUtils.mazeMap - [mazeMap.py:61] - INFO - next goal: (20, 20, 0)
2026-06-30 22:24:18,315 - mazeUtils.moveTile - [moveTile.py:88] - DEBUG - [545.228162] moveTile start direction=absDirection.WEST position=(20, 20, 0) front=absDirection.SOUTH
2026-06-30 22:24:18,322 - mazeUtils.moveTile - [moveTile.py:90] - DEBUG - [545.235152] moveTile after initial toggle check (+7.0 ms)
2026-06-30 22:24:18,325 - mazeUtils.moveTile - [moveTile.py:90] - DEBUG - [545.238764] moveTile after tile checks isRedTile=False isUnknownTileAhead=True (+3.6 ms)
2026-06-30 22:24:18,326 - mazeUtils.moveTile - [moveTile.py:79] - DEBUG - Moving to absDirection.WEST from (20, 20, 0) facing absDirection.SOUTH
2026-06-30 22:24:18,327 - mazeUtils.moveTile - [moveTile.py:90] - DEBUG - [545.240136] moveTile start heading change target=90 (+1.4 ms)
2026-06-30 22:24:18,333 - mazeUtils.moveTile - [moveTile.py:79] - DEBUG - Turning to 90 deg, current heading: 220.39 deg, turnAngle: 130.39 deg
2026-06-30 22:24:18,358 - mazeUtils.moveTile - [moveTile.py:79] - DEBUG - gyro:220.39 deg, derivative: 0.0, turnSpeed: 100
2026-06-30 22:24:18,394 - mazeUtils.moveTile - [moveTile.py:79] - DEBUG - gyro:220.39 deg, derivative: 0.0, turnSpeed: 100
2026-06-30 22:24:18,422 - mazeUtils.moveTile - [moveTile.py:79] - DEBUG - gyro:220.39 deg, derivative: 0.0, turnSpeed: 100
2026-06-30 22:24:18,450 - mazeUtils.moveTile - [moveTile.py:79] - DEBUG - gyro:220.07999999999998 deg, derivative: -0.3100000000000023, turnSpeed: 100
2026-06-30 22:24:18,474 - mazeUtils.moveTile - [moveTile.py:79] - DEBUG - gyro:217.35 deg, derivative: -2.7299999999999898, turnSpeed: 100
2026-06-30 22:24:18,499 - mazeUtils.moveTile - [moveTile.py:79] - DEBUG - gyro:214.22 deg, derivative: -3.1299999999999955, turnSpeed: 100
2026-06-30 22:24:18,532 - mazeUtils.moveTile - [moveTile.py:79] - DEBUG - gyro:210.76999999999998 deg, derivative: -3.450000000000017, turnSpeed: 100
2026-06-30 22:24:18,560 - mazeUtils.moveTile - [moveTile.py:79] - DEBUG - gyro:206.15 deg, derivative: -4.619999999999976, turnSpeed: 100
2026-06-30 22:24:18,596 - mazeUtils.moveTile - [moveTile.py:79] - DEBUG - gyro:202.82 deg, derivative: -3.3300000000000125, turnSpeed: 100
2026-06-30 22:24:18,623 - mazeUtils.moveTile - [moveTile.py:79] - DEBUG - gyro:197.76999999999998 deg, derivative: -5.050000000000011, turnSpeed: 100
2026-06-30 22:24:18,651 - mazeUtils.moveTile - [moveTile.py:79] - DEBUG - gyro:194.68 deg, derivative: -3.089999999999975, turnSpeed: 100
2026-06-30 22:24:18,674 - mazeUtils.moveTile - [moveTile.py:79] - DEBUG - gyro:191.44 deg, derivative: -3.240000000000009, turnSpeed: 100
2026-06-30 22:24:18,701 - mazeUtils.moveTile - [moveTile.py:79] - DEBUG - gyro:189.12 deg, derivative: -2.319999999999993, turnSpeed: 100
2026-06-30 22:24:18,726 - mazeUtils.moveTile - [moveTile.py:79] - DEBUG - gyro:186.13 deg, derivative: -2.990000000000009, turnSpeed: 100
2026-06-30 22:24:18,756 - mazeUtils.moveTile - [moveTile.py:79] - DEBUG - gyro:183.06 deg, derivative: -3.069999999999993, turnSpeed: 100
2026-06-30 22:24:18,781 - mazeUtils.moveTile - [moveTile.py:79] - DEBUG - gyro:178.34 deg, derivative: -4.719999999999999, turnSpeed: 100
2026-06-30 22:24:18,807 - mazeUtils.moveTile - [moveTile.py:79] - DEBUG - gyro:176.28 deg, derivative: -2.0600000000000023, turnSpeed: 100
2026-06-30 22:24:18,834 - mazeUtils.moveTile - [moveTile.py:79] - DEBUG - gyro:173.89 deg, derivative: -2.390000000000015, turnSpeed: 100
2026-06-30 22:24:18,871 - mazeUtils.moveTile - [moveTile.py:79] - DEBUG - gyro:169.85 deg, derivative: -4.039999999999992, turnSpeed: 100
2026-06-30 22:24:18,895 - mazeUtils.moveTile - [moveTile.py:79] - DEBUG - gyro:165.63 deg, derivative: -4.219999999999999, turnSpeed: 100
2026-06-30 22:24:18,921 - mazeUtils.moveTile - [moveTile.py:79] - DEBUG - gyro:161.41 deg, derivative: -4.219999999999999, turnSpeed: 100
2026-06-30 22:24:18,947 - mazeUtils.moveTile - [moveTile.py:79] - DEBUG - gyro:158.66 deg, derivative: -2.75, turnSpeed: 100
2026-06-30 22:24:18,972 - mazeUtils.moveTile - [moveTile.py:79] - DEBUG - gyro:156.55 deg, derivative: -2.109999999999985, turnSpeed: 100
2026-06-30 22:24:18,997 - mazeUtils.moveTile - [moveTile.py:79] - DEBUG - gyro:152.85 deg, derivative: -3.700000000000017, turnSpeed: 100
2026-06-30 22:24:19,023 - mazeUtils.moveTile - [moveTile.py:79] - DEBUG - gyro:150.7 deg, derivative: -2.1500000000000057, turnSpeed: 100
2026-06-30 22:24:19,047 - mazeUtils.moveTile - [moveTile.py:79] - DEBUG - gyro:147.16 deg, derivative: -3.539999999999992, turnSpeed: 100
2026-06-30 22:24:19,075 - mazeUtils.moveTile - [moveTile.py:79] - DEBUG - gyro:143.89000000000001 deg, derivative: -3.269999999999982, turnSpeed: 100
2026-06-30 22:24:19,099 - mazeUtils.moveTile - [moveTile.py:79] - DEBUG - gyro:140.71 deg, derivative: -3.180000000000007, turnSpeed: 100
2026-06-30 22:24:19,123 - mazeUtils.moveTile - [moveTile.py:79] - DEBUG - gyro:136.52 deg, derivative: -4.189999999999998, turnSpeed: 93.04000000000002
2026-06-30 22:24:19,148 - mazeUtils.moveTile - [moveTile.py:79] - DEBUG - gyro:133.21 deg, derivative: -3.3100000000000023, turnSpeed: 86.42000000000002
2026-06-30 22:24:19,171 - mazeUtils.moveTile - [moveTile.py:79] - DEBUG - gyro:130.21 deg, derivative: -3.0, turnSpeed: 80.42000000000002
2026-06-30 22:24:19,196 - mazeUtils.moveTile - [moveTile.py:79] - DEBUG - gyro:127.53999999999999 deg, derivative: -2.670000000000016, turnSpeed: 75.07999999999998
2026-06-30 22:24:19,220 - mazeUtils.moveTile - [moveTile.py:79] - DEBUG - gyro:124.03999999999999 deg, derivative: -3.5, turnSpeed: 68.07999999999998
2026-06-30 22:24:19,256 - mazeUtils.moveTile - [moveTile.py:79] - DEBUG - gyro:121.66 deg, derivative: -2.3799999999999955, turnSpeed: 63.31999999999999
2026-06-30 22:24:19,280 - mazeUtils.moveTile - [moveTile.py:79] - DEBUG - gyro:119.74999999999997 deg, derivative: -1.910000000000025, turnSpeed: 59.49999999999994
2026-06-30 22:24:19,303 - mazeUtils.moveTile - [moveTile.py:79] - DEBUG - gyro:117.04999999999998 deg, derivative: -2.6999999999999886, turnSpeed: 54.099999999999966
2026-06-30 22:24:19,327 - mazeUtils.moveTile - [moveTile.py:79] - DEBUG - gyro:116.11999999999998 deg, derivative: -0.9300000000000068, turnSpeed: 52.23999999999995
2026-06-30 22:24:19,350 - mazeUtils.moveTile - [moveTile.py:79] - DEBUG - gyro:114.64000000000001 deg, derivative: -1.4799999999999613, turnSpeed: 49.28000000000003
2026-06-30 22:24:19,373 - mazeUtils.moveTile - [moveTile.py:79] - DEBUG - gyro:112.49999999999997 deg, derivative: -2.140000000000043, turnSpeed: 44.99999999999994
2026-06-30 22:24:19,400 - mazeUtils.moveTile - [moveTile.py:79] - DEBUG - gyro:111.34 deg, derivative: -1.1599999999999682, turnSpeed: 42.68000000000001
2026-06-30 22:24:19,432 - mazeUtils.moveTile - [moveTile.py:79] - DEBUG - gyro:109.36999999999998 deg, derivative: -1.9700000000000273, turnSpeed: 38.73999999999995
2026-06-30 22:24:19,457 - mazeUtils.moveTile - [moveTile.py:79] - DEBUG - gyro:108.03999999999999 deg, derivative: -1.329999999999984, turnSpeed: 36.079999999999984
2026-06-30 22:24:19,482 - mazeUtils.moveTile - [moveTile.py:79] - DEBUG - gyro:106.72999999999999 deg, derivative: -1.3100000000000023, turnSpeed: 33.45999999999998
2026-06-30 22:24:19,513 - mazeUtils.moveTile - [moveTile.py:79] - DEBUG - gyro:104.85 deg, derivative: -1.8799999999999955, turnSpeed: 29.69999999999999
2026-06-30 22:24:19,538 - mazeUtils.moveTile - [moveTile.py:79] - DEBUG - gyro:103.66999999999999 deg, derivative: -1.1800000000000068, turnSpeed: 27.339999999999975
2026-06-30 22:24:19,564 - mazeUtils.moveTile - [moveTile.py:79] - DEBUG - gyro:102.36999999999998 deg, derivative: -1.3000000000000114, turnSpeed: 24.739999999999952
2026-06-30 22:24:19,595 - mazeUtils.moveTile - [moveTile.py:79] - DEBUG - gyro:101.17999999999998 deg, derivative: -1.1899999999999977, turnSpeed: 22.359999999999957
2026-06-30 22:24:19,623 - mazeUtils.moveTile - [moveTile.py:79] - DEBUG - gyro:99.45000000000002 deg, derivative: -1.7299999999999613, turnSpeed: 18.900000000000034
2026-06-30 22:24:19,649 - mazeUtils.moveTile - [moveTile.py:79] - DEBUG - gyro:98.39000000000001 deg, derivative: -1.0600000000000023, turnSpeed: 16.78000000000003
2026-06-30 22:24:19,673 - mazeUtils.moveTile - [moveTile.py:79] - DEBUG - gyro:97.58000000000001 deg, derivative: -0.8100000000000023, turnSpeed: 15.160000000000025
2026-06-30 22:24:19,701 - mazeUtils.moveTile - [moveTile.py:79] - DEBUG - gyro:96.66999999999999 deg, derivative: -0.910000000000025, turnSpeed: 13.339999999999975
2026-06-30 22:24:19,728 - mazeUtils.moveTile - [moveTile.py:79] - DEBUG - gyro:95.97999999999999 deg, derivative: -0.6899999999999977, turnSpeed: 11.95999999999998
2026-06-30 22:24:19,756 - mazeUtils.moveTile - [moveTile.py:79] - DEBUG - gyro:95.72999999999999 deg, derivative: -0.25, turnSpeed: 11.45999999999998
2026-06-30 22:24:19,781 - mazeUtils.moveTile - [moveTile.py:79] - DEBUG - gyro:95.84 deg, derivative: 0.11000000000001364, turnSpeed: 11.680000000000007
2026-06-30 22:24:19,811 - mazeUtils.moveTile - [moveTile.py:79] - DEBUG - gyro:95.61999999999998 deg, derivative: -0.22000000000002728, turnSpeed: 11.239999999999952
2026-06-30 22:24:19,841 - mazeUtils.moveTile - [moveTile.py:79] - DEBUG - gyro:95.26000000000002 deg, derivative: -0.3599999999999568, turnSpeed: 10.520000000000039
2026-06-30 22:24:19,867 - mazeUtils.moveTile - [moveTile.py:79] - DEBUG - gyro:94.85999999999999 deg, derivative: -0.4000000000000341, turnSpeed: 9.71999999999997
2026-06-30 22:24:19,892 - mazeUtils.moveTile - [moveTile.py:79] - DEBUG - gyro:94.4 deg, derivative: -0.45999999999997954, turnSpeed: 8.800000000000011
2026-06-30 22:24:19,917 - mazeUtils.moveTile - [moveTile.py:79] - DEBUG - gyro:94.01000000000002 deg, derivative: -0.38999999999998636, turnSpeed: 8.020000000000039
2026-06-30 22:24:19,946 - mazeUtils.moveTile - [moveTile.py:79] - DEBUG - gyro:93.76000000000002 deg, derivative: -0.25, turnSpeed: 7.520000000000039
2026-06-30 22:24:19,975 - mazeUtils.moveTile - [moveTile.py:79] - DEBUG - gyro:93.51000000000002 deg, derivative: -0.25, turnSpeed: 7.020000000000039
2026-06-30 22:24:20,001 - mazeUtils.moveTile - [moveTile.py:79] - DEBUG - gyro:93.20000000000002 deg, derivative: -0.3100000000000023, turnSpeed: 6.400000000000034
2026-06-30 22:24:20,026 - mazeUtils.moveTile - [moveTile.py:79] - DEBUG - gyro:92.91 deg, derivative: -0.29000000000002046, turnSpeed: 5.819999999999993
2026-06-30 22:24:20,050 - mazeUtils.moveTile - [moveTile.py:79] - DEBUG - gyro:92.71000000000001 deg, derivative: -0.19999999999998863, turnSpeed: 5.420000000000016
2026-06-30 22:24:20,078 - mazeUtils.moveTile - [moveTile.py:79] - DEBUG - gyro:92.54999999999998 deg, derivative: -0.160000000000025, turnSpeed: 5.099999999999966
2026-06-30 22:24:20,110 - mazeUtils.moveTile - [moveTile.py:79] - DEBUG - gyro:92.35999999999999 deg, derivative: -0.18999999999999773, turnSpeed: 4.71999999999997
2026-06-30 22:24:20,140 - mazeUtils.moveTile - [moveTile.py:79] - DEBUG - gyro:92.20000000000002 deg, derivative: -0.15999999999996817, turnSpeed: 4.400000000000034
2026-06-30 22:24:20,173 - mazeUtils.moveTile - [moveTile.py:79] - DEBUG - gyro:91.91 deg, derivative: -0.29000000000002046, turnSpeed: 3.819999999999993
2026-06-30 22:24:20,196 - mazeUtils.moveTile - [moveTile.py:79] - DEBUG - Turned to heading: 91.91 deg
2026-06-30 22:24:20,197 - mazeUtils.moveTile - [moveTile.py:90] - DEBUG - [547.110468] moveTile finished heading change (+1870.3 ms)
2026-06-30 22:24:20,198 - mazeUtils.moveTile - [moveTile.py:90] - DEBUG - [547.111003] Adjustment after ramp completed (+0.5 ms)
2026-06-30 22:24:20,198 - mazeUtils.moveTile - [moveTile.py:90] - DEBUG - [547.111526] moveTile updated front direction (+0.5 ms)
2026-06-30 22:24:20,218 - mazeUtils.moveTile - [moveTile.py:90] - DEBUG - [547.131502] moveTile stopped motors before alignment (+20.0 ms)
2026-06-30 22:24:20,368 - mazeUtils.moveTile - [moveTile.py:569] - DEBUG - Direction: absDirection.NORTH, Angle: 270, Distance: 24.943874030194703 cm
2026-06-30 22:24:20,369 - mazeUtils.moveTile - [moveTile.py:569] - DEBUG - Direction: absDirection.EAST, Angle: 180, Distance: 38.33945821113649 cm
2026-06-30 22:24:20,370 - mazeUtils.moveTile - [moveTile.py:737] - WARNING - Inconsistent wall detection at absDirection.EAST: distance=38.33945821113649 cm, map wall type=wallType.WALL
2026-06-30 22:24:20,371 - mazeUtils.moveTile - [moveTile.py:569] - DEBUG - Direction: absDirection.SOUTH, Angle: 90, Distance: 157.49248897914683 cm
2026-06-30 22:24:20,373 - mazeUtils.moveTile - [moveTile.py:569] - DEBUG - Direction: absDirection.WEST, Angle: 0, Distance: 36.835951451736186 cm
2026-06-30 22:24:20,376 - mazeUtils.moveTile - [moveTile.py:653] - DEBUG - Front LiDAR distance: 36.835951451736186 cm, TSD10 distance: 15.0 cm
2026-06-30 22:24:20,377 - mazeUtils.moveTile - [moveTile.py:674] - WARNING - inconsistent wall detection: LiDAR indicates wall, but map indicates no wall. distance: 36.835951451736186 cm
2026-06-30 22:24:20,379 - mazeUtils.moveTile - [moveTile.py:90] - DEBUG - [547.292515] moveTile start position adjustment using LiDAR for back wall. (+161.0 ms)
2026-06-30 22:24:20,381 - mazeUtils.moveTile - [moveTile.py:79] - DEBUG - Position adjustment skipped due to large distance difference: behind_wall_dist=38.33945821113649, target_behind_dist=20
2026-06-30 22:24:20,382 - mazeUtils.moveTile - [moveTile.py:90] - DEBUG - [547.295499] moveTile ready for forward move (+3.0 ms)
2026-06-30 22:24:20,412 - mazeUtils.moveTile - [moveTile.py:90] - DEBUG - [547.325377] moveTile initialized movement targetSteps=1 (+29.9 ms)
2026-06-30 22:24:20,414 - mazeUtils.moveTile - [moveTile.py:90] - DEBUG - [547.327504] moveTile loop start (+2.1 ms)
2026-06-30 22:24:20,421 - picamera2.picamera2 - [picamera2.py:1391] - DEBUG - Execute job: <picamera2.job.Job object at 0x7f7131c890>
2026-06-30 22:24:20,430 - mazeUtils.device.camera - [camera.py:39] - DEBUG - Average HSV: H=110.9, S=216.7, V=144.8
2026-06-30 22:24:20,436 - mazeUtils.moveTile - [moveTile.py:90] - DEBUG - [547.349094] moveTile calculated motor speeds left=100 right=91 gyroSteer=5.919999999999959 wallSteer=2.8000000000000007 (+21.6 ms)
2026-06-30 22:24:20,457 - mazeUtils.moveTile - [moveTile.py:90] - DEBUG - [547.370563] moveTile applied motor speed left=100 right=91 (+21.5 ms)
2026-06-30 22:24:20,463 - mazeUtils.moveTile - [moveTile.py:90] - DEBUG - [547.375939] moveTile tile color check tempTileColor=E (+5.4 ms)
2026-06-30 22:24:20,464 - mazeUtils.moveTile - [moveTile.py:90] - DEBUG - [547.376950] moveTile obstacle check escapeFlag=False (+1.0 ms)
2026-06-30 22:24:20,472 - mazeUtils.moveTile - [moveTile.py:90] - DEBUG - [547.385348] moveTile ramp check isBigRamp=False (+8.4 ms)
2026-06-30 22:24:20,473 - mazeUtils.moveTile - [moveTile.py:79] - DEBUG - roll: 349.83 deg, practicalMoveTime: 0.06589355304378319 sec
2026-06-30 22:24:20,474 - mazeUtils.moveTile - [moveTile.py:2228] - DEBUG - moveTile loop time: 59.5 ms
2026-06-30 22:24:20,474 - mazeUtils.moveTile - [moveTile.py:90] - DEBUG - [547.387647] moveTile loop end practicalMoveTime=0.066 (+2.3 ms)
2026-06-30 22:24:20,475 - mazeUtils.moveTile - [moveTile.py:90] - DEBUG - [547.388168] moveTile loop start (+0.5 ms)
2026-06-30 22:24:20,481 - picamera2.picamera2 - [picamera2.py:1391] - DEBUG - Execute job: <picamera2.job.Job object at 0x7f711a5610>
2026-06-30 22:24:20,492 - mazeUtils.device.camera - [camera.py:39] - DEBUG - Average HSV: H=111.1, S=214.0, V=139.7
2026-06-30 22:24:20,505 - mazeUtils.moveTile - [moveTile.py:90] - DEBUG - [547.418188] moveTile calculated motor speeds left=100 right=91 gyroSteer=3.439999999999941 wallSteer=5.200000000000003 (+30.0 ms)
2026-06-30 22:24:20,527 - mazeUtils.moveTile - [moveTile.py:90] - DEBUG - [547.439921] moveTile applied motor speed left=100 right=91 (+21.7 ms)
2026-06-30 22:24:20,532 - mazeUtils.moveTile - [moveTile.py:90] - DEBUG - [547.445250] moveTile tile color check tempTileColor=E (+5.3 ms)
2026-06-30 22:24:20,533 - mazeUtils.moveTile - [moveTile.py:90] - DEBUG - [547.446402] moveTile obstacle check escapeFlag=False (+1.2 ms)
2026-06-30 22:24:20,540 - mazeUtils.moveTile - [moveTile.py:90] - DEBUG - [547.452931] moveTile ramp check isBigRamp=False (+6.5 ms)
2026-06-30 22:24:20,541 - mazeUtils.moveTile - [moveTile.py:79] - DEBUG - roll: 350.90999999999997 deg, practicalMoveTime: 0.1319985985732259 sec
2026-06-30 22:24:20,542 - mazeUtils.moveTile - [moveTile.py:2228] - DEBUG - moveTile loop time: 66.7 ms
2026-06-30 22:24:20,543 - mazeUtils.moveTile - [moveTile.py:90] - DEBUG - [547.456675] moveTile loop end practicalMoveTime=0.132 (+3.7 ms)
2026-06-30 22:24:20,545 - mazeUtils.moveTile - [moveTile.py:90] - DEBUG - [547.457920] moveTile loop start (+1.2 ms)
2026-06-30 22:24:20,550 - picamera2.picamera2 - [picamera2.py:1391] - DEBUG - Execute job: <picamera2.job.Job object at 0x7f5a7a1390>
2026-06-30 22:24:20,558 - mazeUtils.device.camera - [camera.py:39] - DEBUG - Average HSV: H=111.2, S=213.6, V=133.1
2026-06-30 22:24:20,566 - mazeUtils.moveTile - [moveTile.py:90] - DEBUG - [547.479452] moveTile calculated motor speeds left=96 right=100 gyroSteer=-8.479999999999905 wallSteer=5.200000000000003 (+21.5 ms)
2026-06-30 22:24:20,586 - mazeUtils.moveTile - [moveTile.py:90] - DEBUG - [547.498813] moveTile applied motor speed left=96 right=100 (+19.4 ms)
2026-06-30 22:24:20,590 - mazeUtils.moveTile - [moveTile.py:90] - DEBUG - [547.502849] moveTile tile color check tempTileColor=E (+4.0 ms)
2026-06-30 22:24:20,590 - mazeUtils.moveTile - [moveTile.py:90] - DEBUG - [547.503800] moveTile obstacle check escapeFlag=False (+1.0 ms)
2026-06-30 22:24:20,596 - mazeUtils.moveTile - [moveTile.py:90] - DEBUG - [547.509810] moveTile ramp check isBigRamp=False (+6.0 ms)
2026-06-30 22:24:20,598 - mazeUtils.moveTile - [moveTile.py:79] - DEBUG - roll: 355.53999999999996 deg, practicalMoveTime: 0.18792908761547544 sec
2026-06-30 22:24:20,598 - mazeUtils.moveTile - [moveTile.py:2228] - DEBUG - moveTile loop time: 53.7 ms
2026-06-30 22:24:20,600 - mazeUtils.moveTile - [moveTile.py:90] - DEBUG - [547.513099] moveTile loop end practicalMoveTime=0.188 (+3.3 ms)
2026-06-30 22:24:20,600 - mazeUtils.moveTile - [moveTile.py:90] - DEBUG - [547.513636] moveTile loop start (+0.5 ms)
2026-06-30 22:24:20,606 - picamera2.picamera2 - [picamera2.py:1391] - DEBUG - Execute job: <picamera2.job.Job object at 0x7f7108e010>
2026-06-30 22:24:20,613 - mazeUtils.device.camera - [camera.py:39] - DEBUG - Average HSV: H=112.1, S=193.2, V=87.7
2026-06-30 22:24:20,619 - mazeUtils.moveTile - [moveTile.py:90] - DEBUG - [547.532674] moveTile calculated motor speeds left=95 right=100 gyroSteer=-8.280000000000086 wallSteer=3.6000000000000014 (+19.0 ms)
2026-06-30 22:24:20,639 - mazeUtils.moveTile - [moveTile.py:90] - DEBUG - [547.552166] moveTile applied motor speed left=95 right=100 (+19.5 ms)
2026-06-30 22:24:20,644 - mazeUtils.moveTile - [moveTile.py:90] - DEBUG - [547.557614] moveTile tile color check tempTileColor=E (+5.4 ms)
2026-06-30 22:24:20,645 - mazeUtils.moveTile - [moveTile.py:90] - DEBUG - [547.558567] moveTile obstacle check escapeFlag=False (+1.0 ms)
2026-06-30 22:24:20,651 - mazeUtils.moveTile - [moveTile.py:90] - DEBUG - [547.564226] moveTile ramp check isBigRamp=False (+5.7 ms)
2026-06-30 22:24:20,653 - mazeUtils.moveTile - [moveTile.py:79] - DEBUG - roll: 359.79999999999995 deg, practicalMoveTime: 0.2428506184759331 sec
2026-06-30 22:24:20,654 - mazeUtils.moveTile - [moveTile.py:2228] - DEBUG - moveTile loop time: 53.7 ms
2026-06-30 22:24:20,655 - mazeUtils.moveTile - [moveTile.py:90] - DEBUG - [547.567957] moveTile loop end practicalMoveTime=0.243 (+3.7 ms)
2026-06-30 22:24:20,655 - mazeUtils.moveTile - [moveTile.py:90] - DEBUG - [547.568510] moveTile loop start (+0.6 ms)
2026-06-30 22:24:20,665 - picamera2.picamera2 - [picamera2.py:1391] - DEBUG - Execute job: <picamera2.job.Job object at 0x7f71c34d50>
2026-06-30 22:24:20,672 - mazeUtils.device.camera - [camera.py:39] - DEBUG - Average HSV: H=112.4, S=193.4, V=104.0
2026-06-30 22:24:20,678 - mazeUtils.moveTile - [moveTile.py:90] - DEBUG - [547.591490] moveTile calculated motor speeds left=91 right=100 gyroSteer=-13.600000000000023 wallSteer=5.200000000000003 (+23.0 ms)
2026-06-30 22:24:20,704 - mazeUtils.moveTile - [moveTile.py:90] - DEBUG - [547.617011] moveTile applied motor speed left=91 right=100 (+25.5 ms)
2026-06-30 22:24:20,727 - mazeUtils.moveTile - [moveTile.py:241] - INFO - Black tile detected! Stopping movement. Starting escape maneuver.
2026-06-30 22:24:21,170 - mazeUtils.moveTile - [moveTile.py:79] - DEBUG - Escape maneuver complete.
2026-06-30 22:24:21,170 - mazeUtils.moveTile - [moveTile.py:90] - DEBUG - [548.083624] moveTile escaped from black tile (+466.6 ms)
2026-06-30 22:24:21,171 - mazeUtils.moveTile - [moveTile.py:2648] - INFO - (None, 0)
2026-06-30 22:24:21,204 - __main__ - [main.py:109] - INFO - Current position: (20, 20, 0), front direction: absDirection.WEST
Layer 0 (altitude=0.0cm, offset=(0.0cm, 0.0cm)):
Known map area: x=19..20, y=20..20
+   +---+
  B   @ |
+   +   +
2026-06-30 22:24:21,211 - __main__ - [main.py:118] - WARNING - Position did not change after movement. Possible error in movement or wall detection.
2026-06-30 22:24:21,213 - mazeUtils.mazeMap - [mazeMap.py:61] - INFO - next goal: (20, 20, 0)
2026-06-30 22:24:21,214 - mazeUtils.moveTile - [moveTile.py:88] - DEBUG - [548.127631] moveTile start direction=absDirection.SOUTH position=(20, 20, 0) front=absDirection.WEST
2026-06-30 22:24:21,220 - mazeUtils.moveTile - [moveTile.py:90] - DEBUG - [548.133774] moveTile after initial toggle check (+6.1 ms)
2026-06-30 22:24:21,224 - mazeUtils.moveTile - [moveTile.py:90] - DEBUG - [548.137427] moveTile after tile checks isRedTile=False isUnknownTileAhead=True (+3.7 ms)
2026-06-30 22:24:21,226 - mazeUtils.moveTile - [moveTile.py:79] - DEBUG - Moving to absDirection.SOUTH from (20, 20, 0) facing absDirection.WEST
2026-06-30 22:24:21,226 - mazeUtils.moveTile - [moveTile.py:90] - DEBUG - [548.139604] moveTile start heading change target=180 (+2.2 ms)
2026-06-30 22:24:21,231 - mazeUtils.moveTile - [moveTile.py:79] - DEBUG - Turning to 180 deg, current heading: 86.58000000000001 deg, turnAngle: -93.41999999999999 deg
2026-06-30 22:24:21,257 - mazeUtils.moveTile - [moveTile.py:79] - DEBUG - gyro:86.44000000000003 deg, derivative: -0.13999999999998636, turnSpeed: -100
2026-06-30 22:24:21,280 - mazeUtils.moveTile - [moveTile.py:79] - DEBUG - gyro:86.33000000000001 deg, derivative: -0.11000000000001364, turnSpeed: -100
2026-06-30 22:24:21,309 - mazeUtils.moveTile - [moveTile.py:79] - DEBUG - gyro:86.28999999999999 deg, derivative: -0.040000000000020464, turnSpeed: -100
2026-06-30 22:24:21,337 - mazeUtils.moveTile - [moveTile.py:79] - DEBUG - gyro:87.69000000000003 deg, derivative: 1.400000000000034, turnSpeed: -100
2026-06-30 22:24:21,366 - mazeUtils.moveTile - [moveTile.py:79] - DEBUG - gyro:88.74999999999997 deg, derivative: 1.0599999999999454, turnSpeed: -100
2026-06-30 22:24:21,404 - mazeUtils.moveTile - [moveTile.py:79] - DEBUG - gyro:92.28 deg, derivative: 3.5300000000000296, turnSpeed: -100
2026-06-30 22:24:21,433 - mazeUtils.moveTile - [moveTile.py:79] - DEBUG - gyro:96.20000000000002 deg, derivative: 3.920000000000016, turnSpeed: -100
2026-06-30 22:24:21,459 - mazeUtils.moveTile - [moveTile.py:79] - DEBUG - gyro:100.55999999999997 deg, derivative: 4.359999999999957, turnSpeed: -100
2026-06-30 22:24:21,488 - mazeUtils.moveTile - [moveTile.py:79] - DEBUG - gyro:102.42999999999998 deg, derivative: 1.8700000000000045, turnSpeed: -100
2026-06-30 22:24:21,514 - mazeUtils.moveTile - [moveTile.py:79] - DEBUG - gyro:104.92999999999998 deg, derivative: 2.5, turnSpeed: -100
2026-06-30 22:24:21,541 - mazeUtils.moveTile - [moveTile.py:79] - DEBUG - gyro:108.72 deg, derivative: 3.7900000000000205, turnSpeed: -100
2026-06-30 22:24:21,568 - mazeUtils.moveTile - [moveTile.py:79] - DEBUG - gyro:111.28999999999999 deg, derivative: 2.569999999999993, turnSpeed: -100
2026-06-30 22:24:21,598 - mazeUtils.moveTile - [moveTile.py:79] - DEBUG - gyro:115.20000000000002 deg, derivative: 3.910000000000025, turnSpeed: -100
2026-06-30 22:24:21,627 - mazeUtils.moveTile - [moveTile.py:79] - DEBUG - gyro:120.16 deg, derivative: 4.9599999999999795, turnSpeed: -100
2026-06-30 22:24:21,652 - mazeUtils.moveTile - [moveTile.py:79] - DEBUG - gyro:125.1 deg, derivative: 4.939999999999998, turnSpeed: -100
2026-06-30 22:24:21,682 - mazeUtils.moveTile - [moveTile.py:79] - DEBUG - gyro:127.97 deg, derivative: 2.8700000000000045, turnSpeed: -100
2026-06-30 22:24:21,707 - mazeUtils.moveTile - [moveTile.py:79] - DEBUG - gyro:131.39000000000001 deg, derivative: 3.420000000000016, turnSpeed: -97.21999999999997
2026-06-30 22:24:21,734 - mazeUtils.moveTile - [moveTile.py:79] - DEBUG - gyro:134.94000000000003 deg, derivative: 3.5500000000000114, turnSpeed: -90.11999999999995
2026-06-30 22:24:21,768 - mazeUtils.moveTile - [moveTile.py:79] - DEBUG - gyro:137.88000000000002 deg, derivative: 2.9399999999999977, turnSpeed: -84.23999999999995
2026-06-30 22:24:21,797 - mazeUtils.moveTile - [moveTile.py:79] - DEBUG - gyro:141.41 deg, derivative: 3.5299999999999727, turnSpeed: -77.18
2026-06-30 22:24:21,828 - mazeUtils.moveTile - [moveTile.py:79] - DEBUG - gyro:145.16 deg, derivative: 3.75, turnSpeed: -69.68
2026-06-30 22:24:21,853 - mazeUtils.moveTile - [moveTile.py:79] - DEBUG - gyro:147.92999999999998 deg, derivative: 2.769999999999982, turnSpeed: -64.14000000000004
2026-06-30 22:24:21,878 - mazeUtils.moveTile - [moveTile.py:79] - DEBUG - gyro:150.87 deg, derivative: 2.940000000000026, turnSpeed: -58.25999999999999
2026-06-30 22:24:21,902 - mazeUtils.moveTile - [moveTile.py:79] - DEBUG - gyro:153.63 deg, derivative: 2.759999999999991, turnSpeed: -52.74000000000001
2026-06-30 22:24:21,929 - mazeUtils.moveTile - [moveTile.py:79] - DEBUG - gyro:155.85999999999999 deg, derivative: 2.2299999999999898, turnSpeed: -48.28000000000003
2026-06-30 22:24:21,962 - mazeUtils.moveTile - [moveTile.py:79] - DEBUG - gyro:157.92 deg, derivative: 2.0600000000000023, turnSpeed: -44.160000000000025
2026-06-30 22:24:21,991 - mazeUtils.moveTile - [moveTile.py:79] - DEBUG - gyro:160.14 deg, derivative: 2.219999999999999, turnSpeed: -39.72000000000003
2026-06-30 22:24:22,015 - mazeUtils.moveTile - [moveTile.py:79] - DEBUG - gyro:161.35 deg, derivative: 1.210000000000008, turnSpeed: -37.30000000000001
2026-06-30 22:24:22,037 - mazeUtils.moveTile - [moveTile.py:79] - DEBUG - gyro:162.91 deg, derivative: 1.5600000000000023, turnSpeed: -34.18000000000001
2026-06-30 22:24:22,063 - mazeUtils.moveTile - [moveTile.py:79] - DEBUG - gyro:164.39 deg, derivative: 1.4799999999999898, turnSpeed: -31.220000000000027
2026-06-30 22:24:22,088 - mazeUtils.moveTile - [moveTile.py:79] - DEBUG - gyro:165.57999999999998 deg, derivative: 1.1899999999999977, turnSpeed: -28.840000000000032
2026-06-30 22:24:22,111 - mazeUtils.moveTile - [moveTile.py:79] - DEBUG - gyro:167.02 deg, derivative: 1.4400000000000261, turnSpeed: -25.95999999999998
2026-06-30 22:24:22,139 - mazeUtils.moveTile - [moveTile.py:79] - DEBUG - gyro:168.22 deg, derivative: 1.1999999999999886, turnSpeed: -23.560000000000002
2026-06-30 22:24:22,166 - mazeUtils.moveTile - [moveTile.py:79] - DEBUG - gyro:169.26 deg, derivative: 1.039999999999992, turnSpeed: -21.480000000000018
2026-06-30 22:24:22,192 - mazeUtils.moveTile - [moveTile.py:79] - DEBUG - gyro:170.82 deg, derivative: 1.5600000000000023, turnSpeed: -18.360000000000014
2026-06-30 22:24:22,216 - mazeUtils.moveTile - [moveTile.py:79] - DEBUG - gyro:171.28 deg, derivative: 0.46000000000000796, turnSpeed: -17.439999999999998
2026-06-30 22:24:22,244 - mazeUtils.moveTile - [moveTile.py:79] - DEBUG - gyro:172.23 deg, derivative: 0.9499999999999886, turnSpeed: -15.54000000000002
2026-06-30 22:24:22,267 - mazeUtils.moveTile - [moveTile.py:79] - DEBUG - gyro:173.2 deg, derivative: 0.9699999999999989, turnSpeed: -13.600000000000023
2026-06-30 22:24:22,294 - mazeUtils.moveTile - [moveTile.py:79] - DEBUG - gyro:174.11 deg, derivative: 0.910000000000025, turnSpeed: -11.779999999999973
2026-06-30 22:24:22,330 - mazeUtils.moveTile - [moveTile.py:79] - DEBUG - gyro:174.82 deg, derivative: 0.7099999999999795, turnSpeed: -10.360000000000014
2026-06-30 22:24:22,354 - mazeUtils.moveTile - [moveTile.py:79] - DEBUG - gyro:175.6 deg, derivative: 0.7800000000000011, turnSpeed: -8.800000000000011
2026-06-30 22:24:22,382 - mazeUtils.moveTile - [moveTile.py:79] - DEBUG - gyro:176.21 deg, derivative: 0.6100000000000136, turnSpeed: -7.579999999999984
2026-06-30 22:24:22,406 - mazeUtils.moveTile - [moveTile.py:79] - DEBUG - gyro:176.55 deg, derivative: 0.3400000000000034, turnSpeed: -6.899999999999977
2026-06-30 22:24:22,432 - mazeUtils.moveTile - [moveTile.py:79] - DEBUG - gyro:176.82999999999998 deg, derivative: 0.2799999999999727, turnSpeed: -6.340000000000032
2026-06-30 22:24:22,465 - mazeUtils.moveTile - [moveTile.py:79] - DEBUG - gyro:176.95 deg, derivative: 0.12000000000000455, turnSpeed: -6.100000000000023
2026-06-30 22:24:22,488 - mazeUtils.moveTile - [moveTile.py:79] - DEBUG - gyro:177.19 deg, derivative: 0.2400000000000091, turnSpeed: -5.6200000000000045
2026-06-30 22:24:22,511 - mazeUtils.moveTile - [moveTile.py:79] - DEBUG - gyro:177.36 deg, derivative: 0.17000000000001592, turnSpeed: -5.279999999999973
2026-06-30 22:24:22,537 - mazeUtils.moveTile - [moveTile.py:79] - DEBUG - gyro:177.64 deg, derivative: 0.2799999999999727, turnSpeed: -4.720000000000027
2026-06-30 22:24:22,570 - mazeUtils.moveTile - [moveTile.py:79] - DEBUG - gyro:177.77 deg, derivative: 0.13000000000002387, turnSpeed: -4.4599999999999795
2026-06-30 22:24:22,598 - mazeUtils.moveTile - [moveTile.py:79] - DEBUG - gyro:177.96 deg, derivative: 0.18999999999999773, turnSpeed: -4.079999999999984
2026-06-30 22:24:22,623 - mazeUtils.moveTile - [moveTile.py:79] - DEBUG - gyro:178.11 deg, derivative: 0.15000000000000568, turnSpeed: -3.7799999999999727
2026-06-30 22:24:22,645 - mazeUtils.moveTile - [moveTile.py:79] - DEBUG - Turned to heading: 178.11 deg
2026-06-30 22:24:22,646 - mazeUtils.moveTile - [moveTile.py:90] - DEBUG - [549.558980] moveTile finished heading change (+1419.4 ms)
2026-06-30 22:24:22,646 - mazeUtils.moveTile - [moveTile.py:90] - DEBUG - [549.559205] Adjustment after ramp completed (+0.2 ms)
2026-06-30 22:24:22,646 - mazeUtils.moveTile - [moveTile.py:90] - DEBUG - [549.559382] moveTile updated front direction (+0.2 ms)
2026-06-30 22:24:22,665 - mazeUtils.moveTile - [moveTile.py:90] - DEBUG - [549.578222] moveTile stopped motors before alignment (+18.8 ms)
2026-06-30 22:24:22,814 - mazeUtils.moveTile - [moveTile.py:569] - DEBUG - Direction: absDirection.NORTH, Angle: 180, Distance: 31.16595067604275 cm
2026-06-30 22:24:22,815 - mazeUtils.moveTile - [moveTile.py:737] - WARNING - Inconsistent wall detection at absDirection.NORTH: distance=31.16595067604275 cm, map wall type=wallType.WALL
2026-06-30 22:24:22,816 - mazeUtils.moveTile - [moveTile.py:569] - DEBUG - Direction: absDirection.EAST, Angle: 90, Distance: 40.31281128092974 cm
2026-06-30 22:24:22,816 - mazeUtils.moveTile - [moveTile.py:737] - WARNING - Inconsistent wall detection at absDirection.EAST: distance=40.31281128092974 cm, map wall type=wallType.WALL
2026-06-30 22:24:22,817 - mazeUtils.moveTile - [moveTile.py:569] - DEBUG - Direction: absDirection.SOUTH, Angle: 0, Distance: 156.9286676712467 cm
2026-06-30 22:24:22,818 - mazeUtils.moveTile - [moveTile.py:569] - DEBUG - Direction: absDirection.WEST, Angle: 270, Distance: 47.74303421562256 cm
2026-06-30 22:24:22,819 - mazeUtils.moveTile - [moveTile.py:90] - DEBUG - [549.732540] moveTile start position adjustment using LiDAR for back wall. (+154.3 ms)
2026-06-30 22:24:22,839 - mazeUtils.moveTile - [moveTile.py:79] - DEBUG - Little backward to adjust position
2026-06-30 22:24:25,170 - mazeUtils.moveTile - [moveTile.py:2648] - INFO - (None, 0)
2026-06-30 22:24:25,219 - __main__ - [main.py:109] - INFO - Current position: (20, 20, 0), front direction: absDirection.SOUTH
Layer 0 (altitude=0.0cm, offset=(0.0cm, 0.0cm)):
Known map area: x=19..20, y=20..20
+   +---+
  B   @ |
+   +   +
2026-06-30 22:25:14,297 - __main__ - [main.py:203] - INFO - Program interrupted by user.
2026-06-30 22:25:15,385 - mazeUtils.device.stm - [stm.py:216] - DEBUG - ACK resynchronized: type=STS_MOTOR dropped=24B seq=243
2026-06-30 22:25:15,414 - picamera2.picamera2 - [picamera2.py:1391] - DEBUG - Execute job: <picamera2.job.Job object at 0x7fa16940d0>
2026-06-30 22:25:15,443 - picamera2.picamera2 - [picamera2.py:1323] - INFO - Camera stopped
2026-06-30 22:25:15,646 - picamera2.picamera2 - [picamera2.py:1329] - DEBUG - Camera was not started
2026-06-30 22:25:15,846 - picamera2.picamera2 - [picamera2.py:723] - INFO - Camera closed successfully.
2026-06-30 22:25:16,193 - picamera2.picamera2 - [picamera2.py:500] - DEBUG - Resources now free: <picamera2.picamera2.Picamera2 object at 0x7f79fe28d0>
