2026-07-01 16:41:05,914 - root - [logging_config.py:61] - INFO - Logging initialized. Log file: /home/tuton/Kanto2026RPi/src/config/../logs/robot_20260701_164100.log
2026-07-01 16:41:07,931 - mazeUtils.device.LiDAR - [LiDAR.py:80] - INFO - Available ports: <ydlidar.Str2strMap; proxy of <Swig Object of type 'std::map< std::string,std::string > *' at 0x7f9a6d0d80> >
2026-07-01 16:41:34,300 - mazeUtils.moveTile - [moveTile.py:556] - DEBUG - overwrite the wall data
2026-07-01 16:41:34,325 - mazeUtils.moveTile - [moveTile.py:570] - DEBUG - Direction: absDirection.NORTH, Angle: 0, Distance: 197.47961826927704 cm
2026-07-01 16:41:34,328 - mazeUtils.moveTile - [moveTile.py:580] - INFO - angle: 0, result: judgeWallResult.NO_WALL
2026-07-01 16:41:34,330 - mazeUtils.moveTile - [moveTile.py:570] - DEBUG - Direction: absDirection.EAST, Angle: 270, Distance: 45.55560858173493 cm
2026-07-01 16:41:34,332 - mazeUtils.moveTile - [moveTile.py:570] - DEBUG - Direction: absDirection.SOUTH, Angle: 180, Distance: 15.939115169467929 cm
2026-07-01 16:41:34,334 - mazeUtils.moveTile - [moveTile.py:570] - DEBUG - Direction: absDirection.WEST, Angle: 90, Distance: 15.778347791963073 cm
2026-07-01 16:41:34,334 - __main__ - [main.py:69] - INFO - Initial Map:
2026-07-01 16:41:34,356 - __main__ - [main.py:70] - INFO - Current position: (20, 20, 0), front direction: absDirection.NORTH
Layer 0 (altitude=0.0cm, offset=(0.0cm, 0.0cm)):
Known map area: x=20..20, y=20..20
+   +
| @  
+---+
2026-07-01 16:41:35,383 - mazeUtils.mazeMap - [mazeMap.py:61] - INFO - next goal: (20, 19, 0)
2026-07-01 16:41:35,384 - __main__ - [main.py:76] - INFO - Next Direction: [<absDirection.NORTH: 0>]
2026-07-01 16:41:35,385 - __main__ - [main.py:77] - INFO - Exploration started.
2026-07-01 16:41:35,386 - mazeUtils.mazeMap - [mazeMap.py:61] - INFO - next goal: (20, 20, 0)
2026-07-01 16:41:35,387 - mazeUtils.moveTile - [moveTile.py:88] - DEBUG - [225.750542] moveTile start direction=absDirection.NORTH position=(20, 20, 0) front=absDirection.NORTH
2026-07-01 16:41:35,394 - mazeUtils.moveTile - [moveTile.py:90] - DEBUG - [225.757333] moveTile after initial toggle check (+6.8 ms)
2026-07-01 16:41:35,397 - mazeUtils.moveTile - [moveTile.py:90] - DEBUG - [225.760867] moveTile after tile checks isRedTile=False isUnknownTileAhead=True (+3.5 ms)
2026-07-01 16:41:35,398 - mazeUtils.moveTile - [moveTile.py:79] - DEBUG - Moving to absDirection.NORTH from (20, 20, 0) facing absDirection.NORTH
2026-07-01 16:41:35,399 - mazeUtils.moveTile - [moveTile.py:90] - DEBUG - [225.762140] moveTile start heading change target=0 (+1.3 ms)
2026-07-01 16:41:35,425 - mazeUtils.moveTile - [moveTile.py:79] - DEBUG - current heading: 359.86 target: 0
2026-07-01 16:41:35,444 - mazeUtils.moveTile - [moveTile.py:441] - DEBUG - stopped turning at heading: 359.86, diff: 0.13999999999998636
2026-07-01 16:41:35,490 - mazeUtils.moveTile - [moveTile.py:79] - DEBUG - Turned to heading: 359.88 deg
2026-07-01 16:41:35,491 - mazeUtils.moveTile - [moveTile.py:90] - DEBUG - [225.853939] moveTile finished heading change (+91.8 ms)
2026-07-01 16:41:35,491 - mazeUtils.moveTile - [moveTile.py:90] - DEBUG - [225.854586] Adjustment after ramp completed (+0.6 ms)
2026-07-01 16:41:35,492 - mazeUtils.moveTile - [moveTile.py:90] - DEBUG - [225.855727] moveTile updated front direction (+1.1 ms)
2026-07-01 16:41:35,514 - mazeUtils.moveTile - [moveTile.py:90] - DEBUG - [225.877844] moveTile stopped motors before alignment (+22.1 ms)
2026-07-01 16:41:35,679 - mazeUtils.moveTile - [moveTile.py:570] - DEBUG - Direction: absDirection.NORTH, Angle: 0, Distance: 197.47961826927704 cm
2026-07-01 16:41:35,680 - mazeUtils.moveTile - [moveTile.py:570] - DEBUG - Direction: absDirection.EAST, Angle: 270, Distance: 45.84092481102494 cm
2026-07-01 16:41:35,681 - mazeUtils.moveTile - [moveTile.py:570] - DEBUG - Direction: absDirection.SOUTH, Angle: 180, Distance: 16.011802894809197 cm
2026-07-01 16:41:35,682 - mazeUtils.moveTile - [moveTile.py:570] - DEBUG - Direction: absDirection.WEST, Angle: 90, Distance: 15.897577971574995 cm
2026-07-01 16:41:35,683 - mazeUtils.moveTile - [moveTile.py:90] - DEBUG - [226.046164] moveTile start position adjustment using LiDAR for back wall. (+168.3 ms)
2026-07-01 16:41:35,702 - mazeUtils.moveTile - [moveTile.py:79] - DEBUG - Little backward to adjust position
2026-07-01 16:41:36,101 - mazeUtils.moveTile - [moveTile.py:90] - DEBUG - [226.464892] moveTile finished backward adjustment (+418.7 ms)
2026-07-01 16:41:36,182 - mazeUtils.moveTile - [moveTile.py:90] - DEBUG - [226.544916] moveTile ready for forward move (+80.0 ms)
2026-07-01 16:41:36,213 - mazeUtils.moveTile - [moveTile.py:90] - DEBUG - [226.576844] moveTile initialized movement targetSteps=1 (+31.9 ms)
2026-07-01 16:41:36,215 - mazeUtils.moveTile - [moveTile.py:90] - DEBUG - [226.578602] moveTile loop start (+1.8 ms)
2026-07-01 16:41:36,221 - picamera2.picamera2 - [picamera2.py:1391] - DEBUG - Execute job: <picamera2.job.Job object at 0x7f781f08d0>
2026-07-01 16:41:36,282 - mazeUtils.device.camera - [camera.py:39] - DEBUG - Average HSV: H=109.3, S=249.3, V=63.5
2026-07-01 16:41:36,290 - mazeUtils.moveTile - [moveTile.py:90] - DEBUG - [226.653379] moveTile calculated motor speeds left=100 right=85 gyroSteer=7.519999999999982 wallSteer=7.199999999999999 (+74.8 ms)
2026-07-01 16:41:36,310 - mazeUtils.moveTile - [moveTile.py:90] - DEBUG - [226.673652] moveTile applied motor speed left=100 right=85 (+20.3 ms)
2026-07-01 16:41:36,315 - mazeUtils.moveTile - [moveTile.py:90] - DEBUG - [226.678112] moveTile tile color check tempTileColor=E (+4.5 ms)
2026-07-01 16:41:36,316 - mazeUtils.moveTile - [moveTile.py:90] - DEBUG - [226.679097] moveTile obstacle check escapeFlag=False (+1.0 ms)
2026-07-01 16:41:36,321 - mazeUtils.moveTile - [moveTile.py:90] - DEBUG - [226.684899] moveTile ramp check isBigRamp=False (+5.8 ms)
2026-07-01 16:41:36,323 - mazeUtils.moveTile - [moveTile.py:79] - DEBUG - roll: 0.4600000000000364 deg, practicalMoveTime: 0.10916739529788345 sec
2026-07-01 16:41:36,324 - mazeUtils.moveTile - [moveTile.py:2237] - DEBUG - moveTile loop time: 108.4 ms
2026-07-01 16:41:36,324 - mazeUtils.moveTile - [moveTile.py:90] - DEBUG - [226.687858] moveTile loop end practicalMoveTime=0.109 (+3.0 ms)
2026-07-01 16:41:36,325 - mazeUtils.moveTile - [moveTile.py:90] - DEBUG - [226.688674] moveTile loop start (+0.8 ms)
2026-07-01 16:41:36,333 - picamera2.picamera2 - [picamera2.py:1391] - DEBUG - Execute job: <picamera2.job.Job object at 0x7f9ae5e310>
2026-07-01 16:41:36,345 - mazeUtils.device.camera - [camera.py:39] - DEBUG - Average HSV: H=109.3, S=251.0, V=70.9
2026-07-01 16:41:36,356 - mazeUtils.moveTile - [moveTile.py:90] - DEBUG - [226.719911] moveTile calculated motor speeds left=100 right=82 gyroSteer=10.759999999999991 wallSteer=7.199999999999999 (+31.2 ms)
2026-07-01 16:41:36,377 - mazeUtils.moveTile - [moveTile.py:90] - DEBUG - [226.740328] moveTile applied motor speed left=100 right=82 (+20.4 ms)
2026-07-01 16:41:36,381 - mazeUtils.moveTile - [moveTile.py:90] - DEBUG - [226.744354] moveTile tile color check tempTileColor=V (+4.0 ms)
2026-07-01 16:41:36,382 - mazeUtils.moveTile - [moveTile.py:90] - DEBUG - [226.745136] moveTile obstacle check escapeFlag=False (+0.8 ms)
2026-07-01 16:41:36,389 - mazeUtils.moveTile - [moveTile.py:90] - DEBUG - [226.752378] moveTile ramp check isBigRamp=False (+7.2 ms)
2026-07-01 16:41:36,391 - mazeUtils.moveTile - [moveTile.py:79] - DEBUG - roll: 0.6100000000000136 deg, practicalMoveTime: 0.17609985628502192 sec
2026-07-01 16:41:36,392 - mazeUtils.moveTile - [moveTile.py:2237] - DEBUG - moveTile loop time: 66.2 ms
2026-07-01 16:41:36,392 - mazeUtils.moveTile - [moveTile.py:90] - DEBUG - [226.755652] moveTile loop end practicalMoveTime=0.176 (+3.3 ms)
2026-07-01 16:41:36,393 - mazeUtils.moveTile - [moveTile.py:90] - DEBUG - [226.756535] moveTile loop start (+0.9 ms)
2026-07-01 16:41:36,400 - picamera2.picamera2 - [picamera2.py:1391] - DEBUG - Execute job: <picamera2.job.Job object at 0x7f9a6dba50>
2026-07-01 16:41:36,409 - mazeUtils.device.camera - [camera.py:39] - DEBUG - Average HSV: H=109.5, S=250.2, V=61.4
2026-07-01 16:41:36,415 - mazeUtils.moveTile - [moveTile.py:90] - DEBUG - [226.778255] moveTile calculated motor speeds left=100 right=87 gyroSteer=5.680000000000064 wallSteer=7.199999999999999 (+21.7 ms)
2026-07-01 16:41:36,440 - mazeUtils.moveTile - [moveTile.py:90] - DEBUG - [226.803301] moveTile applied motor speed left=100 right=87 (+25.0 ms)
2026-07-01 16:41:36,444 - mazeUtils.moveTile - [moveTile.py:90] - DEBUG - [226.807614] moveTile tile color check tempTileColor=V (+4.3 ms)
2026-07-01 16:41:36,445 - mazeUtils.moveTile - [moveTile.py:90] - DEBUG - [226.808387] moveTile obstacle check escapeFlag=False (+0.8 ms)
2026-07-01 16:41:36,449 - mazeUtils.moveTile - [moveTile.py:90] - DEBUG - [226.812791] moveTile ramp check isBigRamp=False (+4.4 ms)
2026-07-01 16:41:36,450 - mazeUtils.moveTile - [moveTile.py:79] - DEBUG - roll: 0.4900000000000091 deg, practicalMoveTime: 0.23492009862048968 sec
2026-07-01 16:41:36,451 - mazeUtils.moveTile - [moveTile.py:2237] - DEBUG - moveTile loop time: 57.8 ms
2026-07-01 16:41:36,452 - mazeUtils.moveTile - [moveTile.py:90] - DEBUG - [226.815029] moveTile loop end practicalMoveTime=0.235 (+2.2 ms)
2026-07-01 16:41:36,452 - mazeUtils.moveTile - [moveTile.py:90] - DEBUG - [226.815483] moveTile loop start (+0.5 ms)
2026-07-01 16:41:36,458 - picamera2.picamera2 - [picamera2.py:1391] - DEBUG - Execute job: <picamera2.job.Job object at 0x7f9ae5e310>
2026-07-01 16:41:36,466 - mazeUtils.device.camera - [camera.py:39] - DEBUG - Average HSV: H=109.2, S=252.6, V=73.6
2026-07-01 16:41:36,474 - mazeUtils.moveTile - [moveTile.py:90] - DEBUG - [226.837729] moveTile calculated motor speeds left=100 right=87 gyroSteer=5.039999999999964 wallSteer=7.600000000000001 (+22.2 ms)
2026-07-01 16:41:36,496 - mazeUtils.moveTile - [moveTile.py:90] - DEBUG - [226.859422] moveTile applied motor speed left=100 right=87 (+21.7 ms)
2026-07-01 16:41:36,500 - mazeUtils.moveTile - [moveTile.py:90] - DEBUG - [226.863551] moveTile tile color check tempTileColor=V (+4.1 ms)
2026-07-01 16:41:36,501 - mazeUtils.moveTile - [moveTile.py:90] - DEBUG - [226.864874] moveTile obstacle check escapeFlag=False (+1.3 ms)
2026-07-01 16:41:36,507 - mazeUtils.moveTile - [moveTile.py:90] - DEBUG - [226.870725] moveTile ramp check isBigRamp=False (+5.9 ms)
2026-07-01 16:41:36,508 - mazeUtils.moveTile - [moveTile.py:79] - DEBUG - roll: 1.4200000000000728 deg, practicalMoveTime: 0.2921082078145435 sec
2026-07-01 16:41:36,509 - mazeUtils.moveTile - [moveTile.py:2237] - DEBUG - moveTile loop time: 56.9 ms
2026-07-01 16:41:36,510 - mazeUtils.moveTile - [moveTile.py:90] - DEBUG - [226.873082] moveTile loop end practicalMoveTime=0.292 (+2.4 ms)
2026-07-01 16:41:36,510 - mazeUtils.moveTile - [moveTile.py:90] - DEBUG - [226.873546] moveTile loop start (+0.5 ms)
2026-07-01 16:41:36,518 - picamera2.picamera2 - [picamera2.py:1391] - DEBUG - Execute job: <picamera2.job.Job object at 0x7f61e445d0>
2026-07-01 16:41:36,524 - mazeUtils.device.camera - [camera.py:39] - DEBUG - Average HSV: H=109.9, S=248.7, V=58.0
2026-07-01 16:41:36,533 - mazeUtils.moveTile - [moveTile.py:90] - DEBUG - [226.896514] moveTile calculated motor speeds left=100 right=89 gyroSteer=2.0399999999999636 wallSteer=8.0 (+23.0 ms)
2026-07-01 16:41:36,553 - mazeUtils.moveTile - [moveTile.py:90] - DEBUG - [226.916716] moveTile applied motor speed left=100 right=89 (+20.2 ms)
2026-07-01 16:41:36,557 - mazeUtils.moveTile - [moveTile.py:90] - DEBUG - [226.920393] moveTile tile color check tempTileColor=V (+3.7 ms)
2026-07-01 16:41:36,558 - mazeUtils.moveTile - [moveTile.py:90] - DEBUG - [226.920961] moveTile obstacle check escapeFlag=False (+0.6 ms)
2026-07-01 16:41:36,569 - mazeUtils.moveTile - [moveTile.py:90] - DEBUG - [226.932618] moveTile ramp check isBigRamp=False (+11.7 ms)
2026-07-01 16:41:36,570 - mazeUtils.moveTile - [moveTile.py:79] - DEBUG - roll: 359.34000000000003 deg, practicalMoveTime: 0.3532051138528402 sec
2026-07-01 16:41:36,571 - mazeUtils.moveTile - [moveTile.py:2237] - DEBUG - moveTile loop time: 61.2 ms
2026-07-01 16:41:36,572 - mazeUtils.moveTile - [moveTile.py:90] - DEBUG - [226.935747] moveTile loop end practicalMoveTime=0.353 (+3.1 ms)
2026-07-01 16:41:36,573 - mazeUtils.moveTile - [moveTile.py:90] - DEBUG - [226.936619] moveTile loop start (+0.9 ms)
2026-07-01 16:41:36,582 - picamera2.picamera2 - [picamera2.py:1391] - DEBUG - Execute job: <picamera2.job.Job object at 0x7f9a951a90>
2026-07-01 16:41:36,590 - mazeUtils.device.camera - [camera.py:39] - DEBUG - Average HSV: H=109.0, S=252.6, V=78.3
2026-07-01 16:41:36,597 - mazeUtils.moveTile - [moveTile.py:90] - DEBUG - [226.960782] moveTile calculated motor speeds left=100 right=92 gyroSteer=-0.31999999999993634 wallSteer=8.0 (+24.2 ms)
2026-07-01 16:41:36,620 - mazeUtils.moveTile - [moveTile.py:90] - DEBUG - [226.983464] moveTile applied motor speed left=100 right=92 (+22.7 ms)
2026-07-01 16:41:36,625 - mazeUtils.moveTile - [moveTile.py:90] - DEBUG - [226.988300] moveTile tile color check tempTileColor=V (+4.8 ms)
2026-07-01 16:41:36,626 - mazeUtils.moveTile - [moveTile.py:90] - DEBUG - [226.989246] moveTile obstacle check escapeFlag=False (+0.9 ms)
2026-07-01 16:41:36,631 - mazeUtils.moveTile - [moveTile.py:90] - DEBUG - [226.994426] moveTile ramp check isBigRamp=False (+5.2 ms)
2026-07-01 16:41:36,633 - mazeUtils.moveTile - [moveTile.py:79] - DEBUG - roll: 0.8600000000000136 deg, practicalMoveTime: 0.41428822486896566 sec
2026-07-01 16:41:36,634 - mazeUtils.moveTile - [moveTile.py:2237] - DEBUG - moveTile loop time: 60.3 ms
2026-07-01 16:41:36,634 - mazeUtils.moveTile - [moveTile.py:90] - DEBUG - [226.997674] moveTile loop end practicalMoveTime=0.414 (+3.2 ms)
2026-07-01 16:41:36,635 - mazeUtils.moveTile - [moveTile.py:90] - DEBUG - [226.998333] moveTile loop start (+0.7 ms)
2026-07-01 16:41:36,643 - picamera2.picamera2 - [picamera2.py:1391] - DEBUG - Execute job: <picamera2.job.Job object at 0x7f9a6dba50>
2026-07-01 16:41:36,650 - mazeUtils.device.camera - [camera.py:39] - DEBUG - Average HSV: H=110.2, S=248.2, V=65.9
2026-07-01 16:41:36,658 - mazeUtils.moveTile - [moveTile.py:90] - DEBUG - [227.021139] moveTile calculated motor speeds left=100 right=95 gyroSteer=-3.3999999999998636 wallSteer=8.0 (+22.8 ms)
2026-07-01 16:41:36,678 - mazeUtils.moveTile - [moveTile.py:90] - DEBUG - [227.041789] moveTile applied motor speed left=100 right=95 (+20.6 ms)
2026-07-01 16:41:36,684 - mazeUtils.moveTile - [moveTile.py:90] - DEBUG - [227.047433] moveTile tile color check tempTileColor=V (+5.6 ms)
2026-07-01 16:41:36,685 - mazeUtils.moveTile - [moveTile.py:90] - DEBUG - [227.048204] moveTile obstacle check escapeFlag=False (+0.8 ms)
2026-07-01 16:41:36,692 - mazeUtils.moveTile - [moveTile.py:90] - DEBUG - [227.055508] moveTile ramp check isBigRamp=False (+7.3 ms)
2026-07-01 16:41:36,693 - mazeUtils.moveTile - [moveTile.py:79] - DEBUG - roll: 0.6899999999999977 deg, practicalMoveTime: 0.47386780660256367 sec
2026-07-01 16:41:36,694 - mazeUtils.moveTile - [moveTile.py:2237] - DEBUG - moveTile loop time: 58.9 ms
2026-07-01 16:41:36,695 - mazeUtils.moveTile - [moveTile.py:90] - DEBUG - [227.058398] moveTile loop end practicalMoveTime=0.474 (+2.9 ms)
2026-07-01 16:41:36,695 - mazeUtils.moveTile - [moveTile.py:90] - DEBUG - [227.058886] moveTile loop start (+0.5 ms)
2026-07-01 16:41:36,700 - picamera2.picamera2 - [picamera2.py:1391] - DEBUG - Execute job: <picamera2.job.Job object at 0x7f61e445d0>
2026-07-01 16:41:36,707 - mazeUtils.device.camera - [camera.py:39] - DEBUG - Average HSV: H=109.1, S=247.3, V=65.7
2026-07-01 16:41:36,714 - mazeUtils.moveTile - [moveTile.py:90] - DEBUG - [227.077537] moveTile calculated motor speeds left=100 right=90 gyroSteer=1.7200000000000273 wallSteer=7.600000000000001 (+18.7 ms)
2026-07-01 16:41:36,734 - mazeUtils.moveTile - [moveTile.py:90] - DEBUG - [227.097764] moveTile applied motor speed left=100 right=90 (+20.2 ms)
2026-07-01 16:41:36,738 - mazeUtils.moveTile - [moveTile.py:90] - DEBUG - [227.101800] moveTile tile color check tempTileColor=V (+4.0 ms)
2026-07-01 16:41:36,739 - mazeUtils.moveTile - [moveTile.py:90] - DEBUG - [227.102426] moveTile obstacle check escapeFlag=False (+0.6 ms)
2026-07-01 16:41:36,745 - mazeUtils.moveTile - [moveTile.py:90] - DEBUG - [227.108062] moveTile ramp check isBigRamp=False (+5.6 ms)
2026-07-01 16:41:36,746 - mazeUtils.moveTile - [moveTile.py:79] - DEBUG - roll: 1.0199999999999818 deg, practicalMoveTime: 0.5256395870880117 sec
2026-07-01 16:41:36,747 - mazeUtils.moveTile - [moveTile.py:2237] - DEBUG - moveTile loop time: 51.3 ms
2026-07-01 16:41:36,747 - mazeUtils.moveTile - [moveTile.py:90] - DEBUG - [227.110793] moveTile loop end practicalMoveTime=0.526 (+2.7 ms)
2026-07-01 16:41:36,748 - mazeUtils.moveTile - [moveTile.py:90] - DEBUG - [227.111210] moveTile loop start (+0.4 ms)
2026-07-01 16:41:36,752 - picamera2.picamera2 - [picamera2.py:1391] - DEBUG - Execute job: <picamera2.job.Job object at 0x7f61e445d0>
2026-07-01 16:41:36,759 - mazeUtils.device.camera - [camera.py:39] - DEBUG - Average HSV: H=109.4, S=247.3, V=63.5
2026-07-01 16:41:36,765 - mazeUtils.moveTile - [moveTile.py:90] - DEBUG - [227.128407] moveTile calculated motor speeds left=100 right=96 gyroSteer=-1.7200000000000273 wallSteer=4.800000000000001 (+17.2 ms)
2026-07-01 16:41:36,791 - mazeUtils.moveTile - [moveTile.py:90] - DEBUG - [227.154006] moveTile applied motor speed left=100 right=96 (+25.6 ms)
2026-07-01 16:41:36,795 - mazeUtils.moveTile - [moveTile.py:90] - DEBUG - [227.158050] moveTile tile color check tempTileColor=V (+4.0 ms)
2026-07-01 16:41:36,795 - mazeUtils.moveTile - [moveTile.py:90] - DEBUG - [227.158787] moveTile obstacle check escapeFlag=False (+0.7 ms)
2026-07-01 16:41:36,803 - mazeUtils.moveTile - [moveTile.py:90] - DEBUG - [227.166677] moveTile ramp check isBigRamp=False (+7.9 ms)
2026-07-01 16:41:36,805 - mazeUtils.moveTile - [moveTile.py:79] - DEBUG - roll: 0.9800000000000182 deg, practicalMoveTime: 0.5835136677710906 sec
2026-07-01 16:41:36,806 - mazeUtils.moveTile - [moveTile.py:2237] - DEBUG - moveTile loop time: 57.9 ms
2026-07-01 16:41:36,807 - mazeUtils.moveTile - [moveTile.py:90] - DEBUG - [227.170578] moveTile loop end practicalMoveTime=0.584 (+3.9 ms)
2026-07-01 16:41:36,808 - mazeUtils.moveTile - [moveTile.py:90] - DEBUG - [227.171171] moveTile loop start (+0.6 ms)
2026-07-01 16:41:36,815 - picamera2.picamera2 - [picamera2.py:1391] - DEBUG - Execute job: <picamera2.job.Job object at 0x7f781f08d0>
2026-07-01 16:41:36,822 - mazeUtils.device.camera - [camera.py:39] - DEBUG - Average HSV: H=109.9, S=252.0, V=69.7
2026-07-01 16:41:36,830 - mazeUtils.moveTile - [moveTile.py:90] - DEBUG - [227.193134] moveTile calculated motor speeds left=100 right=94 gyroSteer=-1.2799999999999727 wallSteer=7.199999999999999 (+22.0 ms)
2026-07-01 16:41:36,853 - mazeUtils.moveTile - [moveTile.py:90] - DEBUG - [227.216071] moveTile applied motor speed left=100 right=94 (+22.9 ms)
2026-07-01 16:41:36,856 - mazeUtils.moveTile - [moveTile.py:90] - DEBUG - [227.219779] moveTile tile color check tempTileColor=V (+3.7 ms)
2026-07-01 16:41:36,857 - mazeUtils.moveTile - [moveTile.py:90] - DEBUG - [227.220434] moveTile obstacle check escapeFlag=False (+0.7 ms)
2026-07-01 16:41:36,862 - mazeUtils.moveTile - [moveTile.py:90] - DEBUG - [227.225276] moveTile ramp check isBigRamp=False (+4.8 ms)
2026-07-01 16:41:36,863 - mazeUtils.moveTile - [moveTile.py:79] - DEBUG - roll: 1.490000000000009 deg, practicalMoveTime: 0.64052172553606 sec
2026-07-01 16:41:36,864 - mazeUtils.moveTile - [moveTile.py:2237] - DEBUG - moveTile loop time: 55.6 ms
2026-07-01 16:41:36,864 - mazeUtils.moveTile - [moveTile.py:90] - DEBUG - [227.227415] moveTile loop end practicalMoveTime=0.641 (+2.1 ms)
2026-07-01 16:41:36,864 - mazeUtils.moveTile - [moveTile.py:90] - DEBUG - [227.227873] moveTile loop start (+0.5 ms)
2026-07-01 16:41:36,874 - picamera2.picamera2 - [picamera2.py:1391] - DEBUG - Execute job: <picamera2.job.Job object at 0x7f61fbab10>
2026-07-01 16:41:36,882 - mazeUtils.device.camera - [camera.py:39] - DEBUG - Average HSV: H=109.6, S=252.3, V=81.5
2026-07-01 16:41:36,886 - mazeUtils.moveTile - [moveTile.py:90] - DEBUG - [227.249909] moveTile calculated motor speeds left=99 right=100 gyroSteer=-7.639999999999873 wallSteer=7.199999999999999 (+22.0 ms)
2026-07-01 16:41:36,906 - mazeUtils.moveTile - [moveTile.py:90] - DEBUG - [227.269885] moveTile applied motor speed left=99 right=100 (+20.0 ms)
2026-07-01 16:41:36,911 - mazeUtils.moveTile - [moveTile.py:90] - DEBUG - [227.274107] moveTile tile color check tempTileColor=V (+4.2 ms)
2026-07-01 16:41:36,911 - mazeUtils.moveTile - [moveTile.py:90] - DEBUG - [227.274876] moveTile obstacle check escapeFlag=False (+0.8 ms)
2026-07-01 16:41:36,917 - mazeUtils.moveTile - [moveTile.py:90] - DEBUG - [227.280314] moveTile ramp check isBigRamp=False (+5.4 ms)
2026-07-01 16:41:36,918 - mazeUtils.moveTile - [moveTile.py:79] - DEBUG - roll: 1.490000000000009 deg, practicalMoveTime: 0.6949678885189915 sec
2026-07-01 16:41:36,919 - mazeUtils.moveTile - [moveTile.py:2237] - DEBUG - moveTile loop time: 54.2 ms
2026-07-01 16:41:36,919 - mazeUtils.moveTile - [moveTile.py:90] - DEBUG - [227.282692] moveTile loop end practicalMoveTime=0.695 (+2.4 ms)
2026-07-01 16:41:36,920 - mazeUtils.moveTile - [moveTile.py:90] - DEBUG - [227.283206] moveTile loop start (+0.5 ms)
2026-07-01 16:41:36,928 - picamera2.picamera2 - [picamera2.py:1391] - DEBUG - Execute job: <picamera2.job.Job object at 0x7f915a9150>
2026-07-01 16:41:36,935 - mazeUtils.device.camera - [camera.py:39] - DEBUG - Average HSV: H=107.5, S=253.6, V=138.0
2026-07-01 16:41:36,941 - mazeUtils.moveTile - [moveTile.py:90] - DEBUG - [227.304621] moveTile calculated motor speeds left=100 right=99 gyroSteer=-6.960000000000036 wallSteer=7.199999999999999 (+21.4 ms)
2026-07-01 16:41:36,966 - mazeUtils.moveTile - [moveTile.py:90] - DEBUG - [227.329892] moveTile applied motor speed left=100 right=99 (+25.3 ms)
2026-07-01 16:41:36,971 - mazeUtils.moveTile - [moveTile.py:90] - DEBUG - [227.334294] moveTile tile color check tempTileColor=V (+4.4 ms)
2026-07-01 16:41:36,972 - mazeUtils.moveTile - [moveTile.py:90] - DEBUG - [227.335486] moveTile obstacle check escapeFlag=False (+1.2 ms)
2026-07-01 16:41:36,978 - mazeUtils.moveTile - [moveTile.py:90] - DEBUG - [227.341858] moveTile ramp check isBigRamp=False (+6.4 ms)
2026-07-01 16:41:36,979 - mazeUtils.moveTile - [moveTile.py:79] - DEBUG - roll: 0.7300000000000182 deg, practicalMoveTime: 0.7556021097807533 sec
2026-07-01 16:41:36,980 - mazeUtils.moveTile - [moveTile.py:2237] - DEBUG - moveTile loop time: 60.2 ms
2026-07-01 16:41:36,981 - mazeUtils.moveTile - [moveTile.py:90] - DEBUG - [227.344221] moveTile loop end practicalMoveTime=0.756 (+2.4 ms)
2026-07-01 16:41:36,981 - mazeUtils.moveTile - [moveTile.py:90] - DEBUG - [227.344743] moveTile loop start (+0.5 ms)
2026-07-01 16:41:36,990 - picamera2.picamera2 - [picamera2.py:1391] - DEBUG - Execute job: <picamera2.job.Job object at 0x7f9a6dba50>
2026-07-01 16:41:36,996 - mazeUtils.device.camera - [camera.py:39] - DEBUG - Average HSV: H=98.0, S=255.0, V=254.9
2026-07-01 16:41:37,001 - mazeUtils.moveTile - [moveTile.py:90] - DEBUG - [227.364458] moveTile calculated motor speeds left=98 right=100 gyroSteer=-9.0 wallSteer=7.199999999999999 (+19.7 ms)
2026-07-01 16:41:37,024 - mazeUtils.moveTile - [moveTile.py:90] - DEBUG - [227.387031] moveTile applied motor speed left=98 right=100 (+22.6 ms)
2026-07-01 16:41:37,030 - mazeUtils.moveTile - [moveTile.py:90] - DEBUG - [227.393047] moveTile tile color check tempTileColor=V (+6.0 ms)
2026-07-01 16:41:37,030 - mazeUtils.moveTile - [moveTile.py:90] - DEBUG - [227.393774] moveTile obstacle check escapeFlag=False (+0.7 ms)
2026-07-01 16:41:37,035 - mazeUtils.moveTile - [moveTile.py:90] - DEBUG - [227.398321] moveTile ramp check isBigRamp=False (+4.5 ms)
2026-07-01 16:41:37,036 - mazeUtils.moveTile - [moveTile.py:79] - DEBUG - roll: 1.0499999999999545 deg, practicalMoveTime: 0.8113767298214203 sec
2026-07-01 16:41:37,037 - mazeUtils.moveTile - [moveTile.py:2237] - DEBUG - moveTile loop time: 55.7 ms
2026-07-01 16:41:37,038 - mazeUtils.moveTile - [moveTile.py:90] - DEBUG - [227.401320] moveTile loop end practicalMoveTime=0.811 (+3.0 ms)
2026-07-01 16:41:37,039 - mazeUtils.moveTile - [moveTile.py:90] - DEBUG - [227.402302] moveTile loop start (+1.0 ms)
2026-07-01 16:41:37,044 - picamera2.picamera2 - [picamera2.py:1391] - DEBUG - Execute job: <picamera2.job.Job object at 0x7f61e445d0>
2026-07-01 16:41:37,050 - mazeUtils.device.camera - [camera.py:39] - DEBUG - Average HSV: H=98.2, S=255.0, V=254.9
2026-07-01 16:41:37,059 - mazeUtils.moveTile - [moveTile.py:90] - DEBUG - [227.422669] moveTile calculated motor speeds left=99 right=100 gyroSteer=-5.319999999999936 wallSteer=4.800000000000001 (+20.4 ms)
2026-07-01 16:41:37,082 - mazeUtils.moveTile - [moveTile.py:90] - DEBUG - [227.445577] moveTile applied motor speed left=99 right=100 (+22.9 ms)
2026-07-01 16:41:37,086 - mazeUtils.moveTile - [moveTile.py:90] - DEBUG - [227.449509] moveTile tile color check tempTileColor=V (+3.9 ms)
2026-07-01 16:41:37,087 - mazeUtils.moveTile - [moveTile.py:90] - DEBUG - [227.450194] moveTile obstacle check escapeFlag=False (+0.7 ms)
2026-07-01 16:41:37,092 - mazeUtils.moveTile - [moveTile.py:90] - DEBUG - [227.455730] moveTile ramp check isBigRamp=False (+5.5 ms)
2026-07-01 16:41:37,093 - mazeUtils.moveTile - [moveTile.py:2075] - INFO - practicalVerticalMove: 0.41422607024509406 CM
2026-07-01 16:41:37,113 - mazeUtils.moveTile - [moveTile.py:90] - DEBUG - [227.476200] moveTile finished by time control (+20.5 ms)
2026-07-01 16:41:37,114 - mazeUtils.moveTile - [moveTile.py:90] - DEBUG - [227.476961] moveTile start final forward adjustment (+21.2 ms)
2026-07-01 16:41:37,145 - mazeUtils.moveTile - [moveTile.py:90] - DEBUG - [227.508698] moveTile finished final forward adjustment (+31.7 ms)
2026-07-01 16:41:37,147 - mazeUtils.moveTile - [moveTile.py:2465] - INFO - Set moved vertical distance: 0.41422607024509406 cm, past distances: [(0, False), (0, False), (0, False)]
2026-07-01 16:41:37,148 - mazeUtils.moveTile - [moveTile.py:90] - DEBUG - [227.511376] moveTile updated moved vertical distance 0.414 (+2.7 ms)
2026-07-01 16:41:37,295 - __main__ - [main.py:209] - ERROR - An unexpected error occurred:
Traceback (most recent call last):
  File "/home/tuton/Kanto2026RPi/src/main.py", line 103, in main
    isBlack, stopped, resetMapData = moveTile.moveNextTile(
                                     ^^^^^^^^^^^^^^^^^^^^^^
  File "/home/tuton/Kanto2026RPi/src/mazeUtils/moveTile.py", line 2662, in moveNextTile
    isBlack, stopped, resetMapData = moveTile(
                                     ^^^^^^^^^
  File "/home/tuton/Kanto2026RPi/src/mazeUtils/moveTile.py", line 2493, in moveTile
    detectWallRes = detectWall(lidar, mapInstance, stmInstance, not mazeConstraints.DESTROY_ALL_INTERNAL_MAP_WHEN_WALL_DETECTION_ERROR)
                    ^^^^^^^^^^^^^^^^^^^^^^^^^^^^^^^^^^^^^^^^^^^^^^^^^^^^^^^^^^^^^^^^^^^^^^^^^^^^^^^^^^^^^^^^^^^^^^^^^^^^^^^^^^^^^^^^^^^
  File "/home/tuton/Kanto2026RPi/src/mazeUtils/moveTile.py", line 569, in detectWall
    dist = LiDAR.getCertainAngleDist(angle, points)
           ^^^^^^^^^^^^^^^^^^^^^^^^^^^^^^^^^^^^^^^^
  File "/home/tuton/Kanto2026RPi/src/mazeUtils/device/LiDAR.py", line 158, in getCertainAngleDist
    valid_mask = points.valid[idx_range]
                 ^^^^^^^^^^^^
AttributeError: 'bool' object has no attribute 'valid'
2026-07-01 16:41:38,461 - picamera2.picamera2 - [picamera2.py:1391] - DEBUG - Execute job: <picamera2.job.Job object at 0x7fa9347090>
2026-07-01 16:41:38,489 - picamera2.picamera2 - [picamera2.py:1323] - INFO - Camera stopped
2026-07-01 16:41:38,491 - picamera2.picamera2 - [picamera2.py:1329] - DEBUG - Camera was not started
2026-07-01 16:41:38,693 - picamera2.picamera2 - [picamera2.py:723] - INFO - Camera closed successfully.
2026-07-01 16:41:38,931 - picamera2.picamera2 - [picamera2.py:500] - DEBUG - Resources now free: <picamera2.picamera2.Picamera2 object at 0x7f9a7ff210>
