2026-06-01 21:15:58,220 - root - [logging_config.py:61] - INFO - Logging initialized. Log file: /home/tuton/Kanto2026RPi/src/config/../logs/robot_20260601_211557.log
2026-06-01 21:15:59,737 - mazeUtils.device.LiDAR - [LiDAR.py:36] - INFO - Available ports: <ydlidar.Str2strMap; proxy of <Swig Object of type 'std::map< std::string,std::string > *' at 0x7f9f547ed0> >
2026-06-01 21:16:03,775 - mazeUtils.moveTile - [moveTile.py:512] - DEBUG - Direction: absDirection.NORTH, Angle: 0, Distance: 76.07634906499287 cm
2026-06-01 21:16:03,778 - mazeUtils.moveTile - [moveTile.py:512] - DEBUG - Direction: absDirection.EAST, Angle: 270, Distance: 16.419538782769887 cm
2026-06-01 21:16:03,781 - mazeUtils.moveTile - [moveTile.py:512] - DEBUG - Direction: absDirection.SOUTH, Angle: 180, Distance: 342.89586162234 cm
2026-06-01 21:16:03,784 - mazeUtils.moveTile - [moveTile.py:512] - DEBUG - Direction: absDirection.WEST, Angle: 90, Distance: 17.752481991228862 cm
2026-06-01 21:16:04,751 - __main__ - [main.py:69] - INFO - Initial Map:
2026-06-01 21:16:04,759 - __main__ - [main.py:70] - INFO - Current position: (20, 20, 0), front direction: absDirection.NORTH
Layer 0 (altitude=0.0cm, offset=(0.0cm, 0.0cm)):
Known map area: x=20..20, y=20..20
+   +
| @ |
+   +
2026-06-01 21:16:04,760 - mazeUtils.mazeMap - [mazeMap.py:61] - INFO - next goal: (20, 19, 0)
2026-06-01 21:16:04,761 - __main__ - [main.py:73] - INFO - Next Direction: [<absDirection.NORTH: 0>]
2026-06-01 21:16:04,762 - __main__ - [main.py:74] - INFO - Exploration started.
2026-06-01 21:16:04,763 - mazeUtils.mazeMap - [mazeMap.py:61] - INFO - next goal: (20, 19, 0)
2026-06-01 21:16:04,769 - mazeUtils.moveTile - [moveTile.py:80] - DEBUG - Moving to absDirection.NORTH from (20, 20, 0) facing absDirection.NORTH
2026-06-01 21:16:04,867 - picamera2.picamera2 - [picamera2.py:1391] - DEBUG - Execute job: <picamera2.job.Job object at 0x7f7014d410>
2026-06-01 21:16:04,873 - mazeUtils.device.camera - [camera.py:37] - DEBUG - Average HSV: H=77.2, S=65.0, V=122.8
2026-06-01 21:16:04,922 - mazeUtils.moveTile - [moveTile.py:80] - DEBUG - roll: 0.10000000000002274 deg, practicalMoveTime: 0.05250094285209411 sec
2026-06-01 21:16:04,923 - mazeUtils.moveTile - [moveTile.py:1049] - DEBUG - moveTile loop time: 60.9 ms
2026-06-01 21:16:04,929 - picamera2.picamera2 - [picamera2.py:1391] - DEBUG - Execute job: <picamera2.job.Job object at 0x7f5bda8d10>
2026-06-01 21:16:04,934 - mazeUtils.device.camera - [camera.py:37] - DEBUG - Average HSV: H=52.5, S=74.2, V=109.4
2026-06-01 21:16:04,983 - mazeUtils.moveTile - [moveTile.py:80] - DEBUG - roll: 0.040000000000020464 deg, practicalMoveTime: 0.10376494221925961 sec
2026-06-01 21:16:04,983 - mazeUtils.moveTile - [moveTile.py:1049] - DEBUG - moveTile loop time: 60.6 ms
2026-06-01 21:16:04,988 - picamera2.picamera2 - [picamera2.py:1391] - DEBUG - Execute job: <picamera2.job.Job object at 0x7f5bf66d50>
2026-06-01 21:16:04,992 - mazeUtils.device.camera - [camera.py:37] - DEBUG - Average HSV: H=165.5, S=86.2, V=77.0
2026-06-01 21:16:05,041 - mazeUtils.moveTile - [moveTile.py:80] - DEBUG - roll: 0.5099999999999909 deg, practicalMoveTime: 0.1525404351793028 sec
2026-06-01 21:16:05,041 - mazeUtils.moveTile - [moveTile.py:1049] - DEBUG - moveTile loop time: 57.7 ms
2026-06-01 21:16:05,047 - picamera2.picamera2 - [picamera2.py:1391] - DEBUG - Execute job: <picamera2.job.Job object at 0x7f5bf67390>
2026-06-01 21:16:05,051 - mazeUtils.device.camera - [camera.py:37] - DEBUG - Average HSV: H=10.2, S=101.8, V=123.2
2026-06-01 21:16:05,100 - mazeUtils.moveTile - [moveTile.py:80] - DEBUG - roll: 359.7 deg, practicalMoveTime: 0.21145738839821393 sec
2026-06-01 21:16:05,101 - mazeUtils.moveTile - [moveTile.py:1049] - DEBUG - moveTile loop time: 59.2 ms
2026-06-01 21:16:05,107 - picamera2.picamera2 - [picamera2.py:1391] - DEBUG - Execute job: <picamera2.job.Job object at 0x7f5bfac4d0>
2026-06-01 21:16:05,110 - mazeUtils.device.camera - [camera.py:37] - DEBUG - Average HSV: H=11.2, S=101.8, V=133.6
2026-06-01 21:16:05,159 - mazeUtils.moveTile - [moveTile.py:80] - DEBUG - roll: 359.84 deg, practicalMoveTime: 0.27021208026634846 sec
2026-06-01 21:16:05,160 - mazeUtils.moveTile - [moveTile.py:1049] - DEBUG - moveTile loop time: 59.0 ms
2026-06-01 21:16:05,166 - picamera2.picamera2 - [picamera2.py:1391] - DEBUG - Execute job: <picamera2.job.Job object at 0x7f5bf67390>
2026-06-01 21:16:05,170 - mazeUtils.device.camera - [camera.py:37] - DEBUG - Average HSV: H=11.9, S=100.1, V=134.9
2026-06-01 21:16:05,218 - mazeUtils.moveTile - [moveTile.py:80] - DEBUG - roll: 0.37999999999999545 deg, practicalMoveTime: 0.3198545645856018 sec
2026-06-01 21:16:05,219 - mazeUtils.moveTile - [moveTile.py:1049] - DEBUG - moveTile loop time: 58.7 ms
2026-06-01 21:16:05,225 - picamera2.picamera2 - [picamera2.py:1391] - DEBUG - Execute job: <picamera2.job.Job object at 0x7f79bfc950>
2026-06-01 21:16:05,230 - mazeUtils.device.camera - [camera.py:37] - DEBUG - Average HSV: H=91.0, S=55.9, V=107.7
2026-06-01 21:16:05,278 - mazeUtils.moveTile - [moveTile.py:80] - DEBUG - roll: 3.3500000000000227 deg, practicalMoveTime: 0.37030367399181174 sec
2026-06-01 21:16:05,279 - mazeUtils.moveTile - [moveTile.py:1049] - DEBUG - moveTile loop time: 59.7 ms
2026-06-01 21:16:05,285 - picamera2.picamera2 - [picamera2.py:1391] - DEBUG - Execute job: <picamera2.job.Job object at 0x7f5bf67390>
2026-06-01 21:16:05,288 - mazeUtils.device.camera - [camera.py:37] - DEBUG - Average HSV: H=126.9, S=81.2, V=160.4
2026-06-01 21:16:05,336 - mazeUtils.moveTile - [moveTile.py:80] - DEBUG - roll: 7.399999999999977 deg, practicalMoveTime: 0.4186284164402948 sec
2026-06-01 21:16:05,337 - mazeUtils.moveTile - [moveTile.py:1049] - DEBUG - moveTile loop time: 57.7 ms
2026-06-01 21:16:05,342 - picamera2.picamera2 - [picamera2.py:1391] - DEBUG - Execute job: <picamera2.job.Job object at 0x7f5bfac4d0>
2026-06-01 21:16:05,345 - mazeUtils.device.camera - [camera.py:37] - DEBUG - Average HSV: H=11.4, S=116.8, V=117.5
2026-06-01 21:16:05,394 - mazeUtils.moveTile - [moveTile.py:80] - DEBUG - roll: 8.800000000000011 deg, practicalMoveTime: 0.46667243767151145 sec
2026-06-01 21:16:05,394 - mazeUtils.moveTile - [moveTile.py:1049] - DEBUG - moveTile loop time: 57.5 ms
2026-06-01 21:16:05,398 - picamera2.picamera2 - [picamera2.py:1391] - DEBUG - Execute job: <picamera2.job.Job object at 0x7f5bf66d50>
2026-06-01 21:16:05,401 - mazeUtils.device.camera - [camera.py:37] - DEBUG - Average HSV: H=11.8, S=123.0, V=111.8
2026-06-01 21:16:05,449 - mazeUtils.moveTile - [moveTile.py:80] - DEBUG - roll: 9.240000000000009 deg, practicalMoveTime: 0.512621059146436 sec
2026-06-01 21:16:05,450 - mazeUtils.moveTile - [moveTile.py:1049] - DEBUG - moveTile loop time: 55.1 ms
2026-06-01 21:16:05,455 - picamera2.picamera2 - [picamera2.py:1391] - DEBUG - Execute job: <picamera2.job.Job object at 0x7f5bda8bd0>
2026-06-01 21:16:05,459 - mazeUtils.device.camera - [camera.py:37] - DEBUG - Average HSV: H=11.6, S=125.4, V=106.4
2026-06-01 21:16:05,509 - mazeUtils.moveTile - [moveTile.py:80] - DEBUG - roll: 13.060000000000002 deg, practicalMoveTime: 0.5615287710555168 sec
2026-06-01 21:16:05,509 - mazeUtils.moveTile - [moveTile.py:1049] - DEBUG - moveTile loop time: 59.1 ms
2026-06-01 21:16:05,514 - picamera2.picamera2 - [picamera2.py:1391] - DEBUG - Execute job: <picamera2.job.Job object at 0x7f79bfc950>
2026-06-01 21:16:05,517 - mazeUtils.device.camera - [camera.py:37] - DEBUG - Average HSV: H=35.4, S=87.2, V=74.4
2026-06-01 21:16:05,567 - mazeUtils.moveTile - [moveTile.py:80] - DEBUG - roll: 16.870000000000005 deg, practicalMoveTime: 0.6086500389515135 sec
2026-06-01 21:16:05,568 - mazeUtils.moveTile - [moveTile.py:1049] - DEBUG - moveTile loop time: 58.3 ms
2026-06-01 21:16:05,574 - picamera2.picamera2 - [picamera2.py:1391] - DEBUG - Execute job: <picamera2.job.Job object at 0x7f5bf67390>
2026-06-01 21:16:05,577 - mazeUtils.device.camera - [camera.py:37] - DEBUG - Average HSV: H=41.4, S=79.7, V=63.2
2026-06-01 21:16:05,629 - mazeUtils.moveTile - [moveTile.py:80] - DEBUG - roll: 19.80000000000001 deg, practicalMoveTime: 0.6571623192836851 sec
2026-06-01 21:16:05,629 - mazeUtils.moveTile - [moveTile.py:1049] - DEBUG - moveTile loop time: 60.9 ms
2026-06-01 21:16:05,635 - picamera2.picamera2 - [picamera2.py:1391] - DEBUG - Execute job: <picamera2.job.Job object at 0x7f5bfac4d0>
2026-06-01 21:16:05,639 - mazeUtils.device.camera - [camera.py:37] - DEBUG - Average HSV: H=45.9, S=77.5, V=64.0
2026-06-01 21:16:05,686 - mazeUtils.moveTile - [moveTile.py:80] - DEBUG - roll: 19.019999999999982 deg, practicalMoveTime: 0.7026569354702213 sec
2026-06-01 21:16:05,686 - mazeUtils.moveTile - [moveTile.py:1049] - DEBUG - moveTile loop time: 56.6 ms
2026-06-01 21:16:05,690 - picamera2.picamera2 - [picamera2.py:1391] - DEBUG - Execute job: <picamera2.job.Job object at 0x7f5bda8d10>
2026-06-01 21:16:05,693 - mazeUtils.device.camera - [camera.py:37] - DEBUG - Average HSV: H=57.6, S=68.3, V=70.4
2026-06-01 21:16:05,743 - mazeUtils.moveTile - [moveTile.py:80] - DEBUG - roll: 18.980000000000018 deg, practicalMoveTime: 0.7482527506619762 sec
2026-06-01 21:16:05,744 - mazeUtils.moveTile - [moveTile.py:1049] - DEBUG - moveTile loop time: 57.2 ms
2026-06-01 21:16:05,750 - picamera2.picamera2 - [picamera2.py:1391] - DEBUG - Execute job: <picamera2.job.Job object at 0x7f5bda8bd0>
2026-06-01 21:16:05,753 - mazeUtils.device.camera - [camera.py:37] - DEBUG - Average HSV: H=44.1, S=75.6, V=67.9
2026-06-01 21:16:05,802 - mazeUtils.moveTile - [moveTile.py:80] - DEBUG - roll: 17.19999999999999 deg, practicalMoveTime: 0.7955029193113445 sec
2026-06-01 21:16:05,802 - mazeUtils.moveTile - [moveTile.py:1049] - DEBUG - moveTile loop time: 58.5 ms
2026-06-01 21:16:05,806 - picamera2.picamera2 - [picamera2.py:1391] - DEBUG - Execute job: <picamera2.job.Job object at 0x7f8bb4bf50>
2026-06-01 21:16:05,809 - mazeUtils.device.camera - [camera.py:37] - DEBUG - Average HSV: H=41.2, S=81.4, V=61.7
2026-06-01 21:16:05,857 - mazeUtils.moveTile - [moveTile.py:80] - DEBUG - roll: 15.029999999999973 deg, practicalMoveTime: 0.8400721719137727 sec
2026-06-01 21:16:05,857 - mazeUtils.moveTile - [moveTile.py:1049] - DEBUG - moveTile loop time: 54.7 ms
2026-06-01 21:16:05,861 - picamera2.picamera2 - [picamera2.py:1391] - DEBUG - Execute job: <picamera2.job.Job object at 0x7f5bfac510>
2026-06-01 21:16:05,865 - mazeUtils.device.camera - [camera.py:37] - DEBUG - Average HSV: H=48.6, S=79.3, V=60.6
2026-06-01 21:16:05,914 - mazeUtils.moveTile - [moveTile.py:80] - DEBUG - roll: 11.740000000000009 deg, practicalMoveTime: 0.8873230619043573 sec
2026-06-01 21:16:05,914 - mazeUtils.moveTile - [moveTile.py:1049] - DEBUG - moveTile loop time: 56.9 ms
2026-06-01 21:16:05,918 - picamera2.picamera2 - [picamera2.py:1391] - DEBUG - Execute job: <picamera2.job.Job object at 0x7f79bae050>
2026-06-01 21:16:05,922 - mazeUtils.device.camera - [camera.py:37] - DEBUG - Average HSV: H=51.9, S=76.7, V=61.7
2026-06-01 21:16:05,968 - mazeUtils.moveTile - [moveTile.py:80] - DEBUG - roll: 9.889999999999986 deg, practicalMoveTime: 0.9325141212474091 sec
2026-06-01 21:16:05,969 - mazeUtils.moveTile - [moveTile.py:1049] - DEBUG - moveTile loop time: 54.3 ms
2026-06-01 21:16:05,973 - picamera2.picamera2 - [picamera2.py:1391] - DEBUG - Execute job: <picamera2.job.Job object at 0x7f5bfac4d0>
2026-06-01 21:16:05,976 - mazeUtils.device.camera - [camera.py:37] - DEBUG - Average HSV: H=57.6, S=76.8, V=58.8
2026-06-01 21:16:06,024 - mazeUtils.moveTile - [moveTile.py:80] - DEBUG - roll: 8.930000000000007 deg, practicalMoveTime: 0.9788812906576456 sec
2026-06-01 21:16:06,025 - mazeUtils.moveTile - [moveTile.py:1049] - DEBUG - moveTile loop time: 55.5 ms
2026-06-01 21:16:06,030 - picamera2.picamera2 - [picamera2.py:1391] - DEBUG - Execute job: <picamera2.job.Job object at 0x7f5bfac510>
2026-06-01 21:16:06,033 - mazeUtils.device.camera - [camera.py:37] - DEBUG - Average HSV: H=48.6, S=77.5, V=64.2
2026-06-01 21:16:06,084 - mazeUtils.moveTile - [moveTile.py:1004] - INFO - practicalVerticalMove: 5.539496585336481 CM
2026-06-01 21:16:06,232 - mazeUtils.moveTile - [moveTile.py:512] - DEBUG - Direction: absDirection.NORTH, Angle: 0, Distance: 143.19829408402077 cm
2026-06-01 21:16:06,233 - mazeUtils.moveTile - [moveTile.py:512] - DEBUG - Direction: absDirection.EAST, Angle: 270, Distance: 166.95190896519415 cm
2026-06-01 21:16:06,234 - mazeUtils.moveTile - [moveTile.py:512] - DEBUG - Direction: absDirection.SOUTH, Angle: 180, Distance: 238.28579839037485 cm
2026-06-01 21:16:06,235 - mazeUtils.moveTile - [moveTile.py:512] - DEBUG - Direction: absDirection.WEST, Angle: 90, Distance: 110.84199878705012 cm
2026-06-01 21:16:06,236 - mazeUtils.moveTile - [moveTile.py:1239] - INFO - Tile color detection counts: {}, decided tile type: E
2026-06-01 21:16:06,328 - __main__ - [main.py:84] - INFO - Current position: (20, 19, 0), front direction: absDirection.NORTH
Layer 0 (altitude=0.0cm, offset=(0.0cm, 0.0cm)):
Known map area: x=20..20, y=19..20
+   +
  @  
+   +
| S |
+   +
2026-06-01 21:16:06,344 - mazeUtils.mazeMap - [mazeMap.py:61] - INFO - next goal: (20, 18, 0)
2026-06-01 21:16:06,344 - mazeUtils.mazeMap - [mazeMap.py:61] - INFO - next goal: (20, 18, 0)
2026-06-01 21:16:06,350 - mazeUtils.moveTile - [moveTile.py:80] - DEBUG - Moving to absDirection.NORTH from (20, 19, 0) facing absDirection.NORTH
2026-06-01 21:16:06,449 - picamera2.picamera2 - [picamera2.py:1391] - DEBUG - Execute job: <picamera2.job.Job object at 0x7f5bf74f50>
2026-06-01 21:16:06,453 - mazeUtils.device.camera - [camera.py:37] - DEBUG - Average HSV: H=59.6, S=63.6, V=92.8
2026-06-01 21:16:06,505 - mazeUtils.moveTile - [moveTile.py:80] - DEBUG - roll: 0.8100000000000023 deg, practicalMoveTime: 0.05230388063173664 sec
2026-06-01 21:16:06,505 - mazeUtils.moveTile - [moveTile.py:1049] - DEBUG - moveTile loop time: 61.9 ms
2026-06-01 21:16:06,511 - picamera2.picamera2 - [picamera2.py:1391] - DEBUG - Execute job: <picamera2.job.Job object at 0x7f5bdac0d0>
2026-06-01 21:16:06,514 - mazeUtils.device.camera - [camera.py:37] - DEBUG - Average HSV: H=55.1, S=65.7, V=92.5
2026-06-01 21:16:06,563 - mazeUtils.moveTile - [moveTile.py:80] - DEBUG - roll: 359.90999999999997 deg, practicalMoveTime: 0.11021639730446633 sec
2026-06-01 21:16:06,564 - mazeUtils.moveTile - [moveTile.py:1049] - DEBUG - moveTile loop time: 58.1 ms
2026-06-01 21:16:06,568 - picamera2.picamera2 - [picamera2.py:1391] - DEBUG - Execute job: <picamera2.job.Job object at 0x7f5bdac0d0>
2026-06-01 21:16:06,571 - mazeUtils.device.camera - [camera.py:37] - DEBUG - Average HSV: H=66.4, S=67.8, V=82.9
2026-06-01 21:16:06,621 - mazeUtils.moveTile - [moveTile.py:80] - DEBUG - roll: 358.43 deg, practicalMoveTime: 0.16727261648319575 sec
2026-06-01 21:16:06,621 - mazeUtils.moveTile - [moveTile.py:1049] - DEBUG - moveTile loop time: 57.3 ms
2026-06-01 21:16:06,625 - picamera2.picamera2 - [picamera2.py:1391] - DEBUG - Execute job: <picamera2.job.Job object at 0x7f5bdac350>
2026-06-01 21:16:06,628 - mazeUtils.device.camera - [camera.py:37] - DEBUG - Average HSV: H=74.8, S=64.6, V=84.1
2026-06-01 21:16:06,676 - mazeUtils.moveTile - [moveTile.py:80] - DEBUG - roll: 354.65999999999997 deg, practicalMoveTime: 0.22162022120488778 sec
2026-06-01 21:16:06,676 - mazeUtils.moveTile - [moveTile.py:1049] - DEBUG - moveTile loop time: 54.9 ms
2026-06-01 21:16:06,682 - picamera2.picamera2 - [picamera2.py:1391] - DEBUG - Execute job: <picamera2.job.Job object at 0x7f79b67910>
2026-06-01 21:16:06,685 - mazeUtils.device.camera - [camera.py:37] - DEBUG - Average HSV: H=50.3, S=77.1, V=84.3
2026-06-01 21:16:06,732 - mazeUtils.moveTile - [moveTile.py:80] - DEBUG - roll: 352.12 deg, practicalMoveTime: 0.2767298567114843 sec
2026-06-01 21:16:06,733 - mazeUtils.moveTile - [moveTile.py:1049] - DEBUG - moveTile loop time: 56.2 ms
2026-06-01 21:16:06,739 - picamera2.picamera2 - [picamera2.py:1391] - DEBUG - Execute job: <picamera2.job.Job object at 0x7f701358d0>
2026-06-01 21:16:06,742 - mazeUtils.device.camera - [camera.py:37] - DEBUG - Average HSV: H=23.5, S=83.3, V=69.2
2026-06-01 21:16:06,790 - mazeUtils.moveTile - [moveTile.py:80] - DEBUG - roll: 351.11 deg, practicalMoveTime: 0.3332923622006733 sec
2026-06-01 21:16:06,790 - mazeUtils.moveTile - [moveTile.py:1049] - DEBUG - moveTile loop time: 57.5 ms
2026-06-01 21:16:06,796 - picamera2.picamera2 - [picamera2.py:1391] - DEBUG - Execute job: <picamera2.job.Job object at 0x7f79b67910>
2026-06-01 21:16:06,800 - mazeUtils.device.camera - [camera.py:37] - DEBUG - Average HSV: H=95.9, S=66.2, V=52.4
2026-06-01 21:16:06,849 - mazeUtils.moveTile - [moveTile.py:80] - DEBUG - roll: 350.64 deg, practicalMoveTime: 0.3911050507670597 sec
2026-06-01 21:16:06,850 - mazeUtils.moveTile - [moveTile.py:1049] - DEBUG - moveTile loop time: 59.1 ms
2026-06-01 21:16:06,855 - picamera2.picamera2 - [picamera2.py:1391] - DEBUG - Execute job: <picamera2.job.Job object at 0x7f5bdacad0>
2026-06-01 21:16:06,859 - mazeUtils.device.camera - [camera.py:37] - DEBUG - Average HSV: H=128.9, S=139.0, V=40.9
2026-06-01 21:16:06,910 - mazeUtils.moveTile - [moveTile.py:80] - DEBUG - roll: 351.21 deg, practicalMoveTime: 0.4507765808015239 sec
2026-06-01 21:16:06,911 - mazeUtils.moveTile - [moveTile.py:1049] - DEBUG - moveTile loop time: 60.5 ms
2026-06-01 21:16:06,917 - picamera2.picamera2 - [picamera2.py:1391] - DEBUG - Execute job: <picamera2.job.Job object at 0x7f79b67910>
2026-06-01 21:16:06,920 - mazeUtils.device.camera - [camera.py:37] - DEBUG - Average HSV: H=91.0, S=74.0, V=30.9
2026-06-01 21:16:06,970 - mazeUtils.moveTile - [moveTile.py:80] - DEBUG - roll: 351.1 deg, practicalMoveTime: 0.5091545584522663 sec
2026-06-01 21:16:06,970 - mazeUtils.moveTile - [moveTile.py:1049] - DEBUG - moveTile loop time: 58.6 ms
2026-06-01 21:16:06,976 - picamera2.picamera2 - [picamera2.py:1391] - DEBUG - Execute job: <picamera2.job.Job object at 0x7f5bf74f50>
2026-06-01 21:16:06,980 - mazeUtils.device.camera - [camera.py:37] - DEBUG - Average HSV: H=46.7, S=79.3, V=64.0
2026-06-01 21:16:07,030 - mazeUtils.moveTile - [moveTile.py:80] - DEBUG - roll: 348.84 deg, practicalMoveTime: 0.5671706053982954 sec
2026-06-01 21:16:07,030 - mazeUtils.moveTile - [moveTile.py:1049] - DEBUG - moveTile loop time: 59.4 ms
2026-06-01 21:16:07,036 - picamera2.picamera2 - [picamera2.py:1391] - DEBUG - Execute job: <picamera2.job.Job object at 0x7f5bdac350>
2026-06-01 21:16:07,039 - mazeUtils.device.camera - [camera.py:37] - DEBUG - Average HSV: H=14.3, S=129.6, V=43.3
2026-06-01 21:16:07,086 - mazeUtils.moveTile - [moveTile.py:80] - DEBUG - roll: 346.12 deg, practicalMoveTime: 0.6216566987777048 sec
2026-06-01 21:16:07,087 - mazeUtils.moveTile - [moveTile.py:1049] - DEBUG - moveTile loop time: 56.8 ms
2026-06-01 21:16:07,092 - picamera2.picamera2 - [picamera2.py:1391] - DEBUG - Execute job: <picamera2.job.Job object at 0x7f5bdac0d0>
2026-06-01 21:16:07,095 - mazeUtils.device.camera - [camera.py:37] - DEBUG - Average HSV: H=11.0, S=149.6, V=42.5
2026-06-01 21:16:07,142 - mazeUtils.moveTile - [moveTile.py:80] - DEBUG - roll: 349.36 deg, practicalMoveTime: 0.6761907839501098 sec
2026-06-01 21:16:07,143 - mazeUtils.moveTile - [moveTile.py:1049] - DEBUG - moveTile loop time: 55.7 ms
2026-06-01 21:16:07,147 - picamera2.picamera2 - [picamera2.py:1391] - DEBUG - Execute job: <picamera2.job.Job object at 0x7f79b67910>
2026-06-01 21:16:07,151 - mazeUtils.device.camera - [camera.py:37] - DEBUG - Average HSV: H=12.5, S=114.5, V=53.4
2026-06-01 21:16:07,199 - mazeUtils.moveTile - [moveTile.py:80] - DEBUG - roll: 351.94 deg, practicalMoveTime: 0.7319706836902572 sec
2026-06-01 21:16:07,200 - mazeUtils.moveTile - [moveTile.py:1049] - DEBUG - moveTile loop time: 56.6 ms
2026-06-01 21:16:07,204 - picamera2.picamera2 - [picamera2.py:1391] - DEBUG - Execute job: <picamera2.job.Job object at 0x7f79b67910>
2026-06-01 21:16:07,207 - mazeUtils.device.camera - [camera.py:37] - DEBUG - Average HSV: H=114.6, S=79.0, V=51.6
2026-06-01 21:16:07,257 - mazeUtils.moveTile - [moveTile.py:80] - DEBUG - roll: 353.34 deg, practicalMoveTime: 0.789150753109251 sec
2026-06-01 21:16:07,258 - mazeUtils.moveTile - [moveTile.py:1049] - DEBUG - moveTile loop time: 58.0 ms
2026-06-01 21:16:07,263 - picamera2.picamera2 - [picamera2.py:1391] - DEBUG - Execute job: <picamera2.job.Job object at 0x7f5bdacad0>
2026-06-01 21:16:07,267 - mazeUtils.device.camera - [camera.py:37] - DEBUG - Average HSV: H=94.0, S=77.4, V=51.2
2026-06-01 21:16:07,316 - mazeUtils.moveTile - [moveTile.py:80] - DEBUG - roll: 354.95 deg, practicalMoveTime: 0.846782728800869 sec
2026-06-01 21:16:07,316 - mazeUtils.moveTile - [moveTile.py:1049] - DEBUG - moveTile loop time: 58.1 ms
2026-06-01 21:16:07,323 - picamera2.picamera2 - [picamera2.py:1391] - DEBUG - Execute job: <picamera2.job.Job object at 0x7f8bb66110>
2026-06-01 21:16:07,327 - mazeUtils.device.camera - [camera.py:37] - DEBUG - Average HSV: H=40.0, S=92.1, V=53.1
2026-06-01 21:16:07,375 - mazeUtils.moveTile - [moveTile.py:80] - DEBUG - roll: 354.45 deg, practicalMoveTime: 0.9053633073486439 sec
2026-06-01 21:16:07,376 - mazeUtils.moveTile - [moveTile.py:1049] - DEBUG - moveTile loop time: 59.2 ms
2026-06-01 21:16:07,382 - picamera2.picamera2 - [picamera2.py:1391] - DEBUG - Execute job: <picamera2.job.Job object at 0x7f5bdac350>
2026-06-01 21:16:07,385 - mazeUtils.device.camera - [camera.py:37] - DEBUG - Average HSV: H=46.5, S=84.3, V=56.4
2026-06-01 21:16:07,434 - mazeUtils.moveTile - [moveTile.py:80] - DEBUG - roll: 353.69 deg, practicalMoveTime: 0.9629703108057455 sec
2026-06-01 21:16:07,434 - mazeUtils.moveTile - [moveTile.py:1049] - DEBUG - moveTile loop time: 58.2 ms
2026-06-01 21:16:07,438 - picamera2.picamera2 - [picamera2.py:1391] - DEBUG - Execute job: <picamera2.job.Job object at 0x7f5bdacad0>
2026-06-01 21:16:07,441 - mazeUtils.device.camera - [camera.py:37] - DEBUG - Average HSV: H=51.8, S=82.1, V=53.6
2026-06-01 21:16:07,489 - mazeUtils.moveTile - [moveTile.py:1004] - INFO - practicalVerticalMove: -3.660086106929059 CM
2026-06-01 21:16:07,572 - mazeUtils.moveTile - [moveTile.py:80] - DEBUG - Little forward to adjust position
2026-06-01 21:16:08,123 - mazeUtils.moveTile - [moveTile.py:512] - DEBUG - Direction: absDirection.NORTH, Angle: 0, Distance: 13.873662486845236 cm
2026-06-01 21:16:08,124 - mazeUtils.moveTile - [moveTile.py:512] - DEBUG - Direction: absDirection.EAST, Angle: 270, Distance: 167.58810996512696 cm
2026-06-01 21:16:08,125 - mazeUtils.moveTile - [moveTile.py:512] - DEBUG - Direction: absDirection.SOUTH, Angle: 180, Distance: 272.41384782765414 cm
2026-06-01 21:16:08,127 - mazeUtils.moveTile - [moveTile.py:512] - DEBUG - Direction: absDirection.WEST, Angle: 90, Distance: 20.932767142550478 cm
2026-06-01 21:16:08,128 - mazeUtils.moveTile - [moveTile.py:1239] - INFO - Tile color detection counts: {}, decided tile type: E
2026-06-01 21:16:08,220 - __main__ - [main.py:84] - INFO - Current position: (20, 18, 0), front direction: absDirection.NORTH
Layer 0 (altitude=0.0cm, offset=(0.0cm, 0.0cm)):
Known map area: x=20..20, y=18..20
+---+
| @  
+   +
  E  
+   +
| S |
+   +
2026-06-01 21:16:08,234 - mazeUtils.mazeMap - [mazeMap.py:61] - INFO - next goal: (21, 18, 0)
2026-06-01 21:16:08,236 - mazeUtils.mazeMap - [mazeMap.py:61] - INFO - next goal: (21, 18, 0)
2026-06-01 21:16:08,242 - mazeUtils.moveTile - [moveTile.py:80] - DEBUG - Moving to absDirection.EAST from (20, 18, 0) facing absDirection.NORTH
2026-06-01 21:16:08,289 - mazeUtils.moveTile - [moveTile.py:80] - DEBUG - current heading: 356.76 target: 270
2026-06-01 21:16:09,646 - mazeUtils.moveTile - [moveTile.py:387] - DEBUG - stopped turning at heading: 279.27, diff: 9.269999999999982
2026-06-01 21:16:11,117 - mazeUtils.moveTile - [moveTile.py:80] - DEBUG - Turned to heading: 270.2 deg
2026-06-01 21:16:11,215 - picamera2.picamera2 - [picamera2.py:1391] - DEBUG - Execute job: <picamera2.job.Job object at 0x7f92f883d0>
2026-06-01 21:16:11,219 - mazeUtils.device.camera - [camera.py:37] - DEBUG - Average HSV: H=12.6, S=99.0, V=80.3
2026-06-01 21:16:11,270 - mazeUtils.moveTile - [moveTile.py:80] - DEBUG - roll: 359.68 deg, practicalMoveTime: 0.06150698099168052 sec
2026-06-01 21:16:11,271 - mazeUtils.moveTile - [moveTile.py:1049] - DEBUG - moveTile loop time: 60.7 ms
2026-06-01 21:16:11,277 - picamera2.picamera2 - [picamera2.py:1391] - DEBUG - Execute job: <picamera2.job.Job object at 0x7f92f88450>
2026-06-01 21:16:11,280 - mazeUtils.device.camera - [camera.py:37] - DEBUG - Average HSV: H=13.4, S=96.4, V=81.4
2026-06-01 21:16:11,332 - mazeUtils.moveTile - [moveTile.py:80] - DEBUG - roll: 359.71 deg, practicalMoveTime: 0.12244288982222137 sec
2026-06-01 21:16:11,332 - mazeUtils.moveTile - [moveTile.py:1049] - DEBUG - moveTile loop time: 61.2 ms
2026-06-01 21:16:11,337 - picamera2.picamera2 - [picamera2.py:1391] - DEBUG - Execute job: <picamera2.job.Job object at 0x7f8bb66110>
2026-06-01 21:16:11,340 - mazeUtils.device.camera - [camera.py:37] - DEBUG - Average HSV: H=13.6, S=93.2, V=80.7
2026-06-01 21:16:11,389 - mazeUtils.moveTile - [moveTile.py:80] - DEBUG - roll: 0.009999999999990905 deg, practicalMoveTime: 0.17073069798186707 sec
2026-06-01 21:16:11,389 - mazeUtils.moveTile - [moveTile.py:1049] - DEBUG - moveTile loop time: 57.0 ms
2026-06-01 21:16:11,395 - picamera2.picamera2 - [picamera2.py:1391] - DEBUG - Execute job: <picamera2.job.Job object at 0x7f7aacf850>
2026-06-01 21:16:11,397 - mazeUtils.device.camera - [camera.py:37] - DEBUG - Average HSV: H=9.2, S=99.5, V=83.3
2026-06-01 21:16:11,446 - mazeUtils.moveTile - [moveTile.py:80] - DEBUG - roll: 359.19 deg, practicalMoveTime: 0.22718567495338193 sec
2026-06-01 21:16:11,446 - mazeUtils.moveTile - [moveTile.py:1049] - DEBUG - moveTile loop time: 56.7 ms
2026-06-01 21:16:11,451 - picamera2.picamera2 - [picamera2.py:1391] - DEBUG - Execute job: <picamera2.job.Job object at 0x7f92f88450>
2026-06-01 21:16:11,454 - mazeUtils.device.camera - [camera.py:37] - DEBUG - Average HSV: H=9.2, S=104.6, V=84.0
2026-06-01 21:16:11,502 - mazeUtils.moveTile - [moveTile.py:80] - DEBUG - roll: 357.48 deg, practicalMoveTime: 0.2830812559081519 sec
2026-06-01 21:16:11,503 - mazeUtils.moveTile - [moveTile.py:1049] - DEBUG - moveTile loop time: 56.3 ms
2026-06-01 21:16:11,509 - picamera2.picamera2 - [picamera2.py:1391] - DEBUG - Execute job: <picamera2.job.Job object at 0x7f92f88110>
2026-06-01 21:16:11,512 - mazeUtils.device.camera - [camera.py:37] - DEBUG - Average HSV: H=8.7, S=98.2, V=85.4
2026-06-01 21:16:11,560 - mazeUtils.moveTile - [moveTile.py:80] - DEBUG - roll: 355.31 deg, practicalMoveTime: 0.33996398559268715 sec
2026-06-01 21:16:11,560 - mazeUtils.moveTile - [moveTile.py:1049] - DEBUG - moveTile loop time: 57.4 ms
2026-06-01 21:16:11,565 - picamera2.picamera2 - [picamera2.py:1391] - DEBUG - Execute job: <picamera2.job.Job object at 0x7f79c0e1d0>
2026-06-01 21:16:11,569 - mazeUtils.device.camera - [camera.py:37] - DEBUG - Average HSV: H=8.4, S=102.5, V=85.2
2026-06-01 21:16:11,619 - mazeUtils.moveTile - [moveTile.py:80] - DEBUG - roll: 354.74 deg, practicalMoveTime: 0.3988098019767491 sec
2026-06-01 21:16:11,620 - mazeUtils.moveTile - [moveTile.py:1049] - DEBUG - moveTile loop time: 59.2 ms
2026-06-01 21:16:11,625 - picamera2.picamera2 - [picamera2.py:1391] - DEBUG - Execute job: <picamera2.job.Job object at 0x7f7aacf850>
2026-06-01 21:16:11,628 - mazeUtils.device.camera - [camera.py:37] - DEBUG - Average HSV: H=7.9, S=95.7, V=88.1
2026-06-01 21:16:11,675 - mazeUtils.moveTile - [moveTile.py:80] - DEBUG - roll: 354.71999999999997 deg, practicalMoveTime: 0.4535411232681519 sec
2026-06-01 21:16:11,675 - mazeUtils.moveTile - [moveTile.py:1049] - DEBUG - moveTile loop time: 55.2 ms
2026-06-01 21:16:11,679 - picamera2.picamera2 - [picamera2.py:1391] - DEBUG - Execute job: <picamera2.job.Job object at 0x7f92f88450>
2026-06-01 21:16:11,682 - mazeUtils.device.camera - [camera.py:37] - DEBUG - Average HSV: H=7.7, S=96.1, V=88.8
2026-06-01 21:16:11,732 - mazeUtils.moveTile - [moveTile.py:80] - DEBUG - roll: 355.64 deg, practicalMoveTime: 0.5103756157821928 sec
2026-06-01 21:16:11,733 - mazeUtils.moveTile - [moveTile.py:1049] - DEBUG - moveTile loop time: 57.3 ms
2026-06-01 21:16:11,740 - picamera2.picamera2 - [picamera2.py:1391] - DEBUG - Execute job: <picamera2.job.Job object at 0x7f7aae8450>
2026-06-01 21:16:11,743 - mazeUtils.device.camera - [camera.py:37] - DEBUG - Average HSV: H=8.1, S=90.2, V=87.8
2026-06-01 21:16:11,794 - mazeUtils.moveTile - [moveTile.py:80] - DEBUG - roll: 357.53 deg, practicalMoveTime: 0.571443627812859 sec
2026-06-01 21:16:11,794 - mazeUtils.moveTile - [moveTile.py:1049] - DEBUG - moveTile loop time: 61.4 ms
2026-06-01 21:16:11,798 - picamera2.picamera2 - [picamera2.py:1391] - DEBUG - Execute job: <picamera2.job.Job object at 0x7f7aae9b10>
2026-06-01 21:16:11,801 - mazeUtils.device.camera - [camera.py:37] - DEBUG - Average HSV: H=9.5, S=92.0, V=86.5
2026-06-01 21:16:11,855 - mazeUtils.moveTile - [moveTile.py:80] - DEBUG - roll: 0.5799999999999841 deg, practicalMoveTime: 0.6230815282687241 sec
2026-06-01 21:16:11,856 - mazeUtils.moveTile - [moveTile.py:1049] - DEBUG - moveTile loop time: 61.0 ms
2026-06-01 21:16:11,861 - picamera2.picamera2 - [picamera2.py:1391] - DEBUG - Execute job: <picamera2.job.Job object at 0x7f79c0e1d0>
2026-06-01 21:16:11,864 - mazeUtils.device.camera - [camera.py:37] - DEBUG - Average HSV: H=7.9, S=101.4, V=88.9
2026-06-01 21:16:11,911 - mazeUtils.moveTile - [moveTile.py:80] - DEBUG - roll: 0.19999999999998863 deg, practicalMoveTime: 0.6700076096601034 sec
2026-06-01 21:16:11,911 - mazeUtils.moveTile - [moveTile.py:1049] - DEBUG - moveTile loop time: 55.5 ms
2026-06-01 21:16:11,917 - picamera2.picamera2 - [picamera2.py:1391] - DEBUG - Execute job: <picamera2.job.Job object at 0x7f92f88450>
2026-06-01 21:16:11,921 - mazeUtils.device.camera - [camera.py:37] - DEBUG - Average HSV: H=7.1, S=107.1, V=91.2
2026-06-01 21:16:11,967 - mazeUtils.moveTile - [moveTile.py:80] - DEBUG - roll: 359.87 deg, practicalMoveTime: 0.7258436666509356 sec
2026-06-01 21:16:11,968 - mazeUtils.moveTile - [moveTile.py:1049] - DEBUG - moveTile loop time: 56.2 ms
2026-06-01 21:16:11,972 - picamera2.picamera2 - [picamera2.py:1391] - DEBUG - Execute job: <picamera2.job.Job object at 0x7f79b88ad0>
2026-06-01 21:16:11,976 - mazeUtils.device.camera - [camera.py:37] - DEBUG - Average HSV: H=7.2, S=110.3, V=91.3
2026-06-01 21:16:11,995 - __main__ - [main.py:144] - INFO - Program interrupted by user.
2026-06-01 21:16:13,082 - mazeUtils.device.stm - [stm.py:215] - DEBUG - ACK resynchronized: type=STS_MOTOR dropped=3B seq=209
2026-06-01 21:16:13,089 - picamera2.picamera2 - [picamera2.py:1391] - DEBUG - Execute job: <picamera2.job.Job object at 0x7f9f537010>
2026-06-01 21:16:13,105 - picamera2.picamera2 - [picamera2.py:1323] - INFO - Camera stopped
2026-06-01 21:16:13,306 - picamera2.picamera2 - [picamera2.py:1329] - DEBUG - Camera was not started
2026-06-01 21:16:13,509 - picamera2.picamera2 - [picamera2.py:723] - INFO - Camera closed successfully.
2026-06-01 21:16:13,681 - picamera2.picamera2 - [picamera2.py:500] - DEBUG - Resources now free: <picamera2.picamera2.Picamera2 object at 0x7f92cc8ed0>
