2026-07-02 16:23:10,861 - root - [logging_config.py:61] - INFO - Logging initialized. Log file: /home/tuton/Kanto2026RPi/src/config/../logs/robot_20260702_162258.log
2026-07-02 16:23:12,837 - mazeUtils.device.LiDAR - [LiDAR.py:80] - INFO - Available ports: <ydlidar.Str2strMap; proxy of <Swig Object of type 'std::map< std::string,std::string > *' at 0x7f732e63d0> >
2026-07-02 16:23:17,283 - mazeUtils.moveTile - [moveTile.py:556] - DEBUG - overwrite the wall data
2026-07-02 16:23:17,317 - mazeUtils.moveTile - [moveTile.py:570] - DEBUG - Direction: absDirection.NORTH, Angle: 0, Distance: 158.91904797338645 cm
2026-07-02 16:23:17,319 - mazeUtils.moveTile - [moveTile.py:580] - INFO - angle: 0, result: judgeWallResult.NO_WALL
2026-07-02 16:23:17,320 - mazeUtils.moveTile - [moveTile.py:570] - DEBUG - Direction: absDirection.EAST, Angle: 270, Distance: 371.91214429145987 cm
2026-07-02 16:23:17,322 - mazeUtils.moveTile - [moveTile.py:570] - DEBUG - Direction: absDirection.SOUTH, Angle: 180, Distance: 20.015452105811274 cm
2026-07-02 16:23:17,323 - mazeUtils.moveTile - [moveTile.py:570] - DEBUG - Direction: absDirection.WEST, Angle: 90, Distance: 224.8509308399166 cm
2026-07-02 16:23:17,324 - __main__ - [main.py:69] - INFO - Initial Map:
2026-07-02 16:23:17,346 - __main__ - [main.py:70] - INFO - Current position: (20, 20, 0), front direction: absDirection.NORTH
Layer 0 (altitude=0.0cm, offset=(0.0cm, 0.0cm)):
Known map area: x=20..20, y=20..20
+   +
  @  
+---+
2026-07-02 16:23:18,325 - mazeUtils.mazeMap - [mazeMap.py:61] - INFO - next goal: (20, 19, 0)
2026-07-02 16:23:18,327 - __main__ - [main.py:76] - INFO - Next Direction: [<absDirection.NORTH: 0>]
2026-07-02 16:23:18,328 - __main__ - [main.py:77] - INFO - Exploration started.
2026-07-02 16:23:18,329 - mazeUtils.mazeMap - [mazeMap.py:61] - INFO - next goal: (20, 20, 0)
2026-07-02 16:23:18,330 - mazeUtils.moveTile - [moveTile.py:88] - DEBUG - [32.332096] moveTile start direction=absDirection.NORTH position=(20, 20, 0) front=absDirection.NORTH
2026-07-02 16:23:18,337 - mazeUtils.moveTile - [moveTile.py:90] - DEBUG - [32.339536] moveTile after initial toggle check (+7.4 ms)
2026-07-02 16:23:18,340 - mazeUtils.moveTile - [moveTile.py:90] - DEBUG - [32.342610] moveTile after tile checks isRedTile=False isUnknownTileAhead=True (+3.1 ms)
2026-07-02 16:23:18,341 - mazeUtils.moveTile - [moveTile.py:79] - DEBUG - Moving to absDirection.NORTH from (20, 20, 0) facing absDirection.NORTH
2026-07-02 16:23:18,341 - mazeUtils.moveTile - [moveTile.py:90] - DEBUG - [32.343631] moveTile start heading change target=0 (+1.0 ms)
2026-07-02 16:23:18,369 - mazeUtils.moveTile - [moveTile.py:79] - DEBUG - current heading: 0.13999999999998636 target: 0
2026-07-02 16:23:18,394 - mazeUtils.moveTile - [moveTile.py:441] - DEBUG - stopped turning at heading: 0.13999999999998636, diff: 0.13999999999998636
2026-07-02 16:23:18,453 - mazeUtils.moveTile - [moveTile.py:79] - DEBUG - Turned to heading: 0.01999999999998181 deg
2026-07-02 16:23:18,454 - mazeUtils.moveTile - [moveTile.py:90] - DEBUG - [32.456659] moveTile finished heading change (+113.0 ms)
2026-07-02 16:23:18,455 - mazeUtils.moveTile - [moveTile.py:90] - DEBUG - [32.457183] Adjustment after ramp completed (+0.5 ms)
2026-07-02 16:23:18,455 - mazeUtils.moveTile - [moveTile.py:90] - DEBUG - [32.457634] moveTile updated front direction (+0.5 ms)
2026-07-02 16:23:18,476 - mazeUtils.moveTile - [moveTile.py:90] - DEBUG - [32.478133] moveTile stopped motors before alignment (+20.5 ms)
2026-07-02 16:23:18,639 - mazeUtils.moveTile - [moveTile.py:570] - DEBUG - Direction: absDirection.NORTH, Angle: 0, Distance: 158.4252038030889 cm
2026-07-02 16:23:18,642 - mazeUtils.moveTile - [moveTile.py:570] - DEBUG - Direction: absDirection.EAST, Angle: 270, Distance: 372.0114051430775 cm
2026-07-02 16:23:18,643 - mazeUtils.moveTile - [moveTile.py:570] - DEBUG - Direction: absDirection.SOUTH, Angle: 180, Distance: 11.652188139280977 cm
2026-07-02 16:23:18,645 - mazeUtils.moveTile - [moveTile.py:570] - DEBUG - Direction: absDirection.WEST, Angle: 90, Distance: 385.9461523946948 cm
2026-07-02 16:23:18,646 - mazeUtils.moveTile - [moveTile.py:90] - DEBUG - [32.648835] moveTile start position adjustment using LiDAR for back wall. (+170.7 ms)
2026-07-02 16:23:18,667 - mazeUtils.moveTile - [moveTile.py:79] - DEBUG - Little backward to adjust position
2026-07-02 16:23:18,702 - mazeUtils.moveTile - [moveTile.py:90] - DEBUG - [32.704816] moveTile finished backward adjustment (+56.0 ms)
2026-07-02 16:23:18,727 - mazeUtils.moveTile - [moveTile.py:90] - DEBUG - [32.729915] moveTile ready for forward move (+25.1 ms)
2026-07-02 16:23:18,755 - mazeUtils.moveTile - [moveTile.py:79] - DEBUG - current heading: 358.36 target: 25
2026-07-02 16:23:19,027 - mazeUtils.moveTile - [moveTile.py:441] - DEBUG - stopped turning at heading: 19.23999999999998, diff: 5.760000000000019
2026-07-02 16:23:19,090 - mazeUtils.moveTile - [moveTile.py:79] - DEBUG - Turned to heading: 24.029999999999973 deg
2026-07-02 16:23:19,117 - mazeUtils.moveTile - [moveTile.py:90] - DEBUG - [33.119292] moveTile initialized movement targetSteps=1 (+389.4 ms)
2026-07-02 16:23:19,118 - mazeUtils.moveTile - [moveTile.py:90] - DEBUG - [33.121024] moveTile loop start (+1.7 ms)
2026-07-02 16:23:19,128 - picamera2.picamera2 - [picamera2.py:1391] - DEBUG - Execute job: <picamera2.job.Job object at 0x7f7a4dcf90>
2026-07-02 16:23:19,189 - mazeUtils.device.camera - [camera.py:39] - DEBUG - Average HSV: H=94.0, S=246.3, V=254.8
2026-07-02 16:23:19,202 - mazeUtils.moveTile - [moveTile.py:90] - DEBUG - [33.203980] moveTile calculated motor speeds left=100 right=24 gyroSteer=108.03999999999996 wallSteer=0.0 (+83.0 ms)
2026-07-02 16:23:19,228 - mazeUtils.moveTile - [moveTile.py:90] - DEBUG - [33.230851] moveTile applied motor speed left=100 right=24 (+26.9 ms)
2026-07-02 16:23:19,234 - mazeUtils.moveTile - [moveTile.py:90] - DEBUG - [33.236638] moveTile tile color check tempTileColor=E (+5.8 ms)
2026-07-02 16:23:19,235 - mazeUtils.moveTile - [moveTile.py:90] - DEBUG - [33.237352] moveTile obstacle check escapeFlag=False (+0.7 ms)
2026-07-02 16:23:19,240 - mazeUtils.moveTile - [moveTile.py:90] - DEBUG - [33.242346] moveTile ramp check isBigRamp=False (+5.0 ms)
2026-07-02 16:23:19,241 - mazeUtils.moveTile - [moveTile.py:79] - DEBUG - roll: 358.96999999999997 deg, practicalMoveTime: 0.12390780739584922 sec
2026-07-02 16:23:19,241 - mazeUtils.moveTile - [moveTile.py:2294] - DEBUG - moveTile loop time: 122.8 ms
2026-07-02 16:23:19,242 - mazeUtils.moveTile - [moveTile.py:90] - DEBUG - [33.244532] moveTile loop end practicalMoveTime=0.124 (+2.2 ms)
2026-07-02 16:23:19,242 - mazeUtils.moveTile - [moveTile.py:90] - DEBUG - [33.244931] moveTile loop start (+0.4 ms)
2026-07-02 16:23:19,249 - picamera2.picamera2 - [picamera2.py:1391] - DEBUG - Execute job: <picamera2.job.Job object at 0x7f7a4f42d0>
2026-07-02 16:23:19,264 - mazeUtils.device.camera - [camera.py:39] - DEBUG - Average HSV: H=93.9, S=247.2, V=254.8
2026-07-02 16:23:19,270 - mazeUtils.moveTile - [moveTile.py:90] - DEBUG - [33.272576] moveTile calculated motor speeds left=100 right=23 gyroSteer=109.83999999999992 wallSteer=0.0 (+27.6 ms)
2026-07-02 16:23:19,295 - mazeUtils.moveTile - [moveTile.py:90] - DEBUG - [33.297999] moveTile applied motor speed left=100 right=23 (+25.4 ms)
2026-07-02 16:23:19,299 - mazeUtils.moveTile - [moveTile.py:90] - DEBUG - [33.302025] moveTile tile color check tempTileColor=E (+4.0 ms)
2026-07-02 16:23:19,300 - mazeUtils.moveTile - [moveTile.py:90] - DEBUG - [33.302861] moveTile obstacle check escapeFlag=False (+0.8 ms)
2026-07-02 16:23:19,305 - mazeUtils.moveTile - [moveTile.py:90] - DEBUG - [33.307717] moveTile ramp check isBigRamp=False (+4.9 ms)
2026-07-02 16:23:19,306 - mazeUtils.moveTile - [moveTile.py:79] - DEBUG - roll: 359.19 deg, practicalMoveTime: 0.1885781059984205 sec
2026-07-02 16:23:19,307 - mazeUtils.moveTile - [moveTile.py:2294] - DEBUG - moveTile loop time: 64.3 ms
2026-07-02 16:23:19,307 - mazeUtils.moveTile - [moveTile.py:90] - DEBUG - [33.309938] moveTile loop end practicalMoveTime=0.189 (+2.2 ms)
2026-07-02 16:23:19,308 - mazeUtils.moveTile - [moveTile.py:90] - DEBUG - [33.310435] moveTile loop start (+0.5 ms)
2026-07-02 16:23:19,317 - picamera2.picamera2 - [picamera2.py:1391] - DEBUG - Execute job: <picamera2.job.Job object at 0x7f7a4f42d0>
2026-07-02 16:23:19,324 - mazeUtils.device.camera - [camera.py:39] - DEBUG - Average HSV: H=93.8, S=240.8, V=254.8
2026-07-02 16:23:19,333 - mazeUtils.moveTile - [moveTile.py:90] - DEBUG - [33.335373] moveTile calculated motor speeds left=100 right=27 gyroSteer=103.4799999999999 wallSteer=0.0 (+24.9 ms)
2026-07-02 16:23:19,354 - mazeUtils.moveTile - [moveTile.py:90] - DEBUG - [33.356523] moveTile applied motor speed left=100 right=27 (+21.1 ms)
2026-07-02 16:23:19,358 - mazeUtils.moveTile - [moveTile.py:90] - DEBUG - [33.360890] moveTile tile color check tempTileColor=E (+4.4 ms)
2026-07-02 16:23:19,359 - mazeUtils.moveTile - [moveTile.py:90] - DEBUG - [33.361830] moveTile obstacle check escapeFlag=False (+0.9 ms)
2026-07-02 16:23:19,364 - mazeUtils.moveTile - [moveTile.py:90] - DEBUG - [33.366409] moveTile ramp check isBigRamp=False (+4.6 ms)
2026-07-02 16:23:19,365 - mazeUtils.moveTile - [moveTile.py:79] - DEBUG - roll: 357.65999999999997 deg, practicalMoveTime: 0.2470632035202746 sec
2026-07-02 16:23:19,366 - mazeUtils.moveTile - [moveTile.py:2294] - DEBUG - moveTile loop time: 58.1 ms
2026-07-02 16:23:19,367 - mazeUtils.moveTile - [moveTile.py:90] - DEBUG - [33.369085] moveTile loop end practicalMoveTime=0.247 (+2.7 ms)
2026-07-02 16:23:19,367 - mazeUtils.moveTile - [moveTile.py:90] - DEBUG - [33.369480] moveTile loop start (+0.4 ms)
2026-07-02 16:23:19,375 - picamera2.picamera2 - [picamera2.py:1391] - DEBUG - Execute job: <picamera2.job.Job object at 0x7f638de390>
2026-07-02 16:23:19,381 - mazeUtils.device.camera - [camera.py:39] - DEBUG - Average HSV: H=93.5, S=237.6, V=254.8
2026-07-02 16:23:19,388 - mazeUtils.moveTile - [moveTile.py:90] - DEBUG - [33.390864] moveTile calculated motor speeds left=100 right=36 gyroSteer=90.59999999999991 wallSteer=0.0 (+21.4 ms)
2026-07-02 16:23:19,408 - mazeUtils.moveTile - [moveTile.py:90] - DEBUG - [33.410569] moveTile applied motor speed left=100 right=36 (+19.7 ms)
2026-07-02 16:23:19,413 - mazeUtils.moveTile - [moveTile.py:90] - DEBUG - [33.415160] moveTile tile color check tempTileColor=E (+4.6 ms)
2026-07-02 16:23:19,413 - mazeUtils.moveTile - [moveTile.py:90] - DEBUG - [33.415749] moveTile obstacle check escapeFlag=False (+0.6 ms)
2026-07-02 16:23:19,420 - mazeUtils.moveTile - [moveTile.py:90] - DEBUG - [33.422812] moveTile ramp check isBigRamp=False (+7.1 ms)
2026-07-02 16:23:19,421 - mazeUtils.moveTile - [moveTile.py:79] - DEBUG - roll: 359.34999999999997 deg, practicalMoveTime: 0.30223543422310956 sec
2026-07-02 16:23:19,422 - mazeUtils.moveTile - [moveTile.py:2294] - DEBUG - moveTile loop time: 55.2 ms
2026-07-02 16:23:19,423 - mazeUtils.moveTile - [moveTile.py:90] - DEBUG - [33.425268] moveTile loop end practicalMoveTime=0.302 (+2.5 ms)
2026-07-02 16:23:19,423 - mazeUtils.moveTile - [moveTile.py:90] - DEBUG - [33.425644] moveTile loop start (+0.4 ms)
2026-07-02 16:23:19,432 - picamera2.picamera2 - [picamera2.py:1391] - DEBUG - Execute job: <picamera2.job.Job object at 0x7f638c3c10>
2026-07-02 16:23:19,439 - mazeUtils.device.camera - [camera.py:39] - DEBUG - Average HSV: H=94.0, S=242.2, V=254.8
2026-07-02 16:23:19,444 - mazeUtils.moveTile - [moveTile.py:90] - DEBUG - [33.446990] moveTile calculated motor speeds left=100 right=45 gyroSteer=77.3599999999999 wallSteer=0.0 (+21.3 ms)
2026-07-02 16:23:19,465 - mazeUtils.moveTile - [moveTile.py:90] - DEBUG - [33.467440] moveTile applied motor speed left=100 right=45 (+20.5 ms)
2026-07-02 16:23:19,470 - mazeUtils.moveTile - [moveTile.py:90] - DEBUG - [33.472156] moveTile tile color check tempTileColor=E (+4.7 ms)
2026-07-02 16:23:19,470 - mazeUtils.moveTile - [moveTile.py:90] - DEBUG - [33.472839] moveTile obstacle check escapeFlag=False (+0.7 ms)
2026-07-02 16:23:19,476 - mazeUtils.moveTile - [moveTile.py:90] - DEBUG - [33.478398] moveTile ramp check isBigRamp=False (+5.6 ms)
2026-07-02 16:23:19,477 - mazeUtils.moveTile - [moveTile.py:79] - DEBUG - roll: 358.79999999999995 deg, practicalMoveTime: 0.3568043906190248 sec
2026-07-02 16:23:19,478 - mazeUtils.moveTile - [moveTile.py:2294] - DEBUG - moveTile loop time: 54.4 ms
2026-07-02 16:23:19,479 - mazeUtils.moveTile - [moveTile.py:90] - DEBUG - [33.481253] moveTile loop end practicalMoveTime=0.357 (+2.9 ms)
2026-07-02 16:23:19,479 - mazeUtils.moveTile - [moveTile.py:90] - DEBUG - [33.481903] moveTile loop start (+0.7 ms)
2026-07-02 16:23:19,486 - picamera2.picamera2 - [picamera2.py:1391] - DEBUG - Execute job: <picamera2.job.Job object at 0x7f7a4f42d0>
2026-07-02 16:23:19,492 - mazeUtils.device.camera - [camera.py:39] - DEBUG - Average HSV: H=94.1, S=249.9, V=254.9
2026-07-02 16:23:19,499 - mazeUtils.moveTile - [moveTile.py:90] - DEBUG - [33.501084] moveTile calculated motor speeds left=100 right=46 gyroSteer=76.31999999999994 wallSteer=0.0 (+19.2 ms)
2026-07-02 16:23:19,525 - mazeUtils.moveTile - [moveTile.py:90] - DEBUG - [33.527613] moveTile applied motor speed left=100 right=46 (+26.5 ms)
2026-07-02 16:23:19,530 - mazeUtils.moveTile - [moveTile.py:90] - DEBUG - [33.532371] moveTile tile color check tempTileColor=E (+4.8 ms)
2026-07-02 16:23:19,531 - mazeUtils.moveTile - [moveTile.py:90] - DEBUG - [33.533115] moveTile obstacle check escapeFlag=False (+0.7 ms)
2026-07-02 16:23:19,536 - mazeUtils.moveTile - [moveTile.py:90] - DEBUG - [33.538849] moveTile ramp check isBigRamp=False (+5.7 ms)
2026-07-02 16:23:19,538 - mazeUtils.moveTile - [moveTile.py:79] - DEBUG - roll: 7.529999999999973 deg, practicalMoveTime: 0.4042380050078552 sec
2026-07-02 16:23:19,538 - mazeUtils.moveTile - [moveTile.py:2294] - DEBUG - moveTile loop time: 59.0 ms
2026-07-02 16:23:19,540 - mazeUtils.moveTile - [moveTile.py:90] - DEBUG - [33.542136] moveTile loop end practicalMoveTime=0.404 (+3.3 ms)
2026-07-02 16:23:19,540 - mazeUtils.moveTile - [moveTile.py:90] - DEBUG - [33.542906] moveTile loop start (+0.8 ms)
2026-07-02 16:23:19,546 - picamera2.picamera2 - [picamera2.py:1391] - DEBUG - Execute job: <picamera2.job.Job object at 0x7f638c3c10>
2026-07-02 16:23:19,553 - mazeUtils.device.camera - [camera.py:39] - DEBUG - Average HSV: H=108.8, S=254.8, V=125.1
2026-07-02 16:23:19,561 - mazeUtils.moveTile - [moveTile.py:90] - DEBUG - [33.563124] moveTile calculated motor speeds left=100 right=53 gyroSteer=66.91999999999996 wallSteer=0.0 (+20.2 ms)
2026-07-02 16:23:19,581 - mazeUtils.moveTile - [moveTile.py:90] - DEBUG - [33.583406] moveTile applied motor speed left=100 right=53 (+20.3 ms)
2026-07-02 16:23:19,585 - mazeUtils.moveTile - [moveTile.py:90] - DEBUG - [33.587611] moveTile tile color check tempTileColor=E (+4.2 ms)
2026-07-02 16:23:19,586 - mazeUtils.moveTile - [moveTile.py:90] - DEBUG - [33.588535] moveTile obstacle check escapeFlag=False (+0.9 ms)
2026-07-02 16:23:19,593 - mazeUtils.moveTile - [moveTile.py:90] - DEBUG - [33.595710] moveTile ramp check isBigRamp=True (+7.2 ms)
2026-07-02 16:23:19,594 - mazeUtils.moveTile - [moveTile.py:79] - DEBUG - roll: 12.569999999999936 deg, practicalMoveTime: 0.44784429347347204 sec
2026-07-02 16:23:19,595 - mazeUtils.moveTile - [moveTile.py:2294] - DEBUG - moveTile loop time: 54.8 ms
2026-07-02 16:23:19,596 - mazeUtils.moveTile - [moveTile.py:90] - DEBUG - [33.598431] moveTile loop end practicalMoveTime=0.448 (+2.7 ms)
2026-07-02 16:23:19,596 - mazeUtils.moveTile - [moveTile.py:90] - DEBUG - [33.598904] moveTile loop start (+0.5 ms)
2026-07-02 16:23:19,605 - picamera2.picamera2 - [picamera2.py:1391] - DEBUG - Execute job: <picamera2.job.Job object at 0x7f638c3b90>
2026-07-02 16:23:19,611 - mazeUtils.device.camera - [camera.py:39] - DEBUG - Average HSV: H=114.0, S=254.7, V=47.8
2026-07-02 16:23:19,617 - mazeUtils.moveTile - [moveTile.py:90] - DEBUG - [33.619466] moveTile calculated motor speeds left=100 right=61 gyroSteer=54.83999999999992 wallSteer=0.0 (+20.6 ms)
2026-07-02 16:23:19,638 - mazeUtils.moveTile - [moveTile.py:90] - DEBUG - [33.640492] moveTile applied motor speed left=100 right=61 (+21.0 ms)
2026-07-02 16:23:19,642 - mazeUtils.moveTile - [moveTile.py:90] - DEBUG - [33.644679] moveTile tile color check tempTileColor=E (+4.2 ms)
2026-07-02 16:23:19,643 - mazeUtils.moveTile - [moveTile.py:90] - DEBUG - [33.645828] moveTile obstacle check escapeFlag=False (+1.1 ms)
2026-07-02 16:23:19,651 - mazeUtils.moveTile - [moveTile.py:90] - DEBUG - [33.653627] moveTile ramp check isBigRamp=True (+7.8 ms)
2026-07-02 16:23:19,652 - mazeUtils.moveTile - [moveTile.py:79] - DEBUG - roll: 17.389999999999986 deg, practicalMoveTime: 0.4910945914975079 sec
2026-07-02 16:23:19,653 - mazeUtils.moveTile - [moveTile.py:2294] - DEBUG - moveTile loop time: 56.7 ms
2026-07-02 16:23:19,654 - mazeUtils.moveTile - [moveTile.py:90] - DEBUG - [33.656489] moveTile loop end practicalMoveTime=0.491 (+2.9 ms)
2026-07-02 16:23:19,655 - mazeUtils.moveTile - [moveTile.py:90] - DEBUG - [33.657115] moveTile loop start (+0.6 ms)
2026-07-02 16:23:19,661 - picamera2.picamera2 - [picamera2.py:1391] - DEBUG - Execute job: <picamera2.job.Job object at 0x7f7a4d8250>
2026-07-02 16:23:19,667 - mazeUtils.device.camera - [camera.py:39] - DEBUG - Average HSV: H=113.9, S=254.6, V=36.3
2026-07-02 16:23:19,674 - mazeUtils.moveTile - [moveTile.py:90] - DEBUG - [33.676329] moveTile calculated motor speeds left=100 right=66 gyroSteer=48.15999999999997 wallSteer=0.0 (+19.2 ms)
2026-07-02 16:23:19,693 - mazeUtils.moveTile - [moveTile.py:90] - DEBUG - [33.695529] moveTile applied motor speed left=100 right=66 (+19.2 ms)
2026-07-02 16:23:19,700 - mazeUtils.moveTile - [moveTile.py:90] - DEBUG - [33.702085] moveTile tile color check tempTileColor=E (+6.6 ms)
2026-07-02 16:23:19,700 - mazeUtils.moveTile - [moveTile.py:90] - DEBUG - [33.702794] moveTile obstacle check escapeFlag=False (+0.7 ms)
2026-07-02 16:23:19,706 - mazeUtils.moveTile - [moveTile.py:90] - DEBUG - [33.708602] moveTile ramp check isBigRamp=True (+5.8 ms)
2026-07-02 16:23:19,707 - mazeUtils.moveTile - [moveTile.py:79] - DEBUG - roll: 20.039999999999964 deg, practicalMoveTime: 0.5315932620231802 sec
2026-07-02 16:23:19,708 - mazeUtils.moveTile - [moveTile.py:2294] - DEBUG - moveTile loop time: 53.8 ms
2026-07-02 16:23:19,709 - mazeUtils.moveTile - [moveTile.py:90] - DEBUG - [33.711596] moveTile loop end practicalMoveTime=0.532 (+3.0 ms)
2026-07-02 16:23:19,710 - mazeUtils.moveTile - [moveTile.py:90] - DEBUG - [33.712509] moveTile loop start (+0.9 ms)
2026-07-02 16:23:19,718 - picamera2.picamera2 - [picamera2.py:1391] - DEBUG - Execute job: <picamera2.job.Job object at 0x7f7a95c5d0>
2026-07-02 16:23:19,725 - mazeUtils.device.camera - [camera.py:39] - DEBUG - Average HSV: H=113.1, S=249.4, V=43.6
2026-07-02 16:23:19,732 - mazeUtils.moveTile - [moveTile.py:90] - DEBUG - [33.734449] moveTile calculated motor speeds left=100 right=69 gyroSteer=43.83999999999992 wallSteer=0.0 (+21.9 ms)
2026-07-02 16:23:19,754 - mazeUtils.moveTile - [moveTile.py:90] - DEBUG - [33.756097] moveTile applied motor speed left=100 right=69 (+21.6 ms)
2026-07-02 16:23:19,758 - mazeUtils.moveTile - [moveTile.py:90] - DEBUG - [33.760259] moveTile tile color check tempTileColor=E (+4.2 ms)
2026-07-02 16:23:19,759 - mazeUtils.moveTile - [moveTile.py:90] - DEBUG - [33.761482] moveTile obstacle check escapeFlag=False (+1.2 ms)
2026-07-02 16:23:19,763 - mazeUtils.moveTile - [moveTile.py:90] - DEBUG - [33.765939] moveTile ramp check isBigRamp=True (+4.5 ms)
2026-07-02 16:23:19,764 - mazeUtils.moveTile - [moveTile.py:79] - DEBUG - roll: 19.549999999999955 deg, practicalMoveTime: 0.5735944838901981 sec
2026-07-02 16:23:19,765 - mazeUtils.moveTile - [moveTile.py:2294] - DEBUG - moveTile loop time: 55.3 ms
2026-07-02 16:23:19,766 - mazeUtils.moveTile - [moveTile.py:90] - DEBUG - [33.768654] moveTile loop end practicalMoveTime=0.574 (+2.7 ms)
2026-07-02 16:23:19,767 - mazeUtils.moveTile - [moveTile.py:90] - DEBUG - [33.769087] moveTile loop start (+0.4 ms)
2026-07-02 16:23:19,776 - picamera2.picamera2 - [picamera2.py:1391] - DEBUG - Execute job: <picamera2.job.Job object at 0x7f638de390>
2026-07-02 16:23:19,782 - mazeUtils.device.camera - [camera.py:39] - DEBUG - Average HSV: H=111.2, S=216.2, V=84.5
2026-07-02 16:23:19,788 - mazeUtils.moveTile - [moveTile.py:90] - DEBUG - [33.790034] moveTile calculated motor speeds left=100 right=74 gyroSteer=36.59999999999991 wallSteer=0.0 (+20.9 ms)
2026-07-02 16:23:19,807 - mazeUtils.moveTile - [moveTile.py:90] - DEBUG - [33.809812] moveTile applied motor speed left=100 right=74 (+19.8 ms)
2026-07-02 16:23:19,811 - mazeUtils.moveTile - [moveTile.py:90] - DEBUG - [33.813788] moveTile tile color check tempTileColor=E (+4.0 ms)
2026-07-02 16:23:19,812 - mazeUtils.moveTile - [moveTile.py:90] - DEBUG - [33.814457] moveTile obstacle check escapeFlag=False (+0.7 ms)
2026-07-02 16:23:19,817 - mazeUtils.moveTile - [moveTile.py:90] - DEBUG - [33.819860] moveTile ramp check isBigRamp=True (+5.4 ms)
2026-07-02 16:23:19,818 - mazeUtils.moveTile - [moveTile.py:79] - DEBUG - roll: 18.779999999999973 deg, practicalMoveTime: 0.6135513422115414 sec
2026-07-02 16:23:19,819 - mazeUtils.moveTile - [moveTile.py:2294] - DEBUG - moveTile loop time: 52.1 ms
2026-07-02 16:23:19,819 - mazeUtils.moveTile - [moveTile.py:90] - DEBUG - [33.821797] moveTile loop end practicalMoveTime=0.614 (+1.9 ms)
2026-07-02 16:23:19,820 - mazeUtils.moveTile - [moveTile.py:90] - DEBUG - [33.822196] moveTile loop start (+0.4 ms)
2026-07-02 16:23:19,827 - picamera2.picamera2 - [picamera2.py:1391] - DEBUG - Execute job: <picamera2.job.Job object at 0x7f7a4d8250>
2026-07-02 16:23:19,835 - mazeUtils.device.camera - [camera.py:39] - DEBUG - Average HSV: H=110.6, S=193.6, V=108.8
2026-07-02 16:23:19,840 - mazeUtils.moveTile - [moveTile.py:90] - DEBUG - [33.842308] moveTile calculated motor speeds left=100 right=75 gyroSteer=34.39999999999998 wallSteer=0.0 (+20.1 ms)
2026-07-02 16:23:19,859 - mazeUtils.moveTile - [moveTile.py:90] - DEBUG - [33.861697] moveTile applied motor speed left=100 right=75 (+19.4 ms)
2026-07-02 16:23:19,864 - mazeUtils.moveTile - [moveTile.py:90] - DEBUG - [33.866244] moveTile tile color check tempTileColor=E (+4.5 ms)
2026-07-02 16:23:19,864 - mazeUtils.moveTile - [moveTile.py:90] - DEBUG - [33.866921] moveTile obstacle check escapeFlag=False (+0.7 ms)
2026-07-02 16:23:19,870 - mazeUtils.moveTile - [moveTile.py:90] - DEBUG - [33.872364] moveTile ramp check isBigRamp=True (+5.4 ms)
2026-07-02 16:23:19,871 - mazeUtils.moveTile - [moveTile.py:79] - DEBUG - roll: 17.809999999999945 deg, practicalMoveTime: 0.6536320634543124 sec
2026-07-02 16:23:19,872 - mazeUtils.moveTile - [moveTile.py:2294] - DEBUG - moveTile loop time: 52.6 ms
2026-07-02 16:23:19,873 - mazeUtils.moveTile - [moveTile.py:90] - DEBUG - [33.875425] moveTile loop end practicalMoveTime=0.654 (+3.1 ms)
2026-07-02 16:23:19,873 - mazeUtils.moveTile - [moveTile.py:90] - DEBUG - [33.875840] moveTile loop start (+0.4 ms)
2026-07-02 16:23:19,881 - picamera2.picamera2 - [picamera2.py:1391] - DEBUG - Execute job: <picamera2.job.Job object at 0x7f7a4d8250>
2026-07-02 16:23:19,888 - mazeUtils.device.camera - [camera.py:39] - DEBUG - Average HSV: H=110.9, S=193.4, V=90.1
2026-07-02 16:23:19,895 - mazeUtils.moveTile - [moveTile.py:90] - DEBUG - [33.897760] moveTile calculated motor speeds left=100 right=73 gyroSteer=37.799999999999955 wallSteer=0.0 (+21.9 ms)
2026-07-02 16:23:19,919 - mazeUtils.moveTile - [moveTile.py:90] - DEBUG - [33.921177] moveTile applied motor speed left=100 right=73 (+23.4 ms)
2026-07-02 16:23:19,924 - mazeUtils.moveTile - [moveTile.py:90] - DEBUG - [33.926701] moveTile tile color check tempTileColor=E (+5.5 ms)
2026-07-02 16:23:19,926 - mazeUtils.moveTile - [moveTile.py:90] - DEBUG - [33.928297] moveTile obstacle check escapeFlag=False (+1.6 ms)
2026-07-02 16:23:19,930 - mazeUtils.moveTile - [moveTile.py:90] - DEBUG - [33.933004] moveTile ramp check isBigRamp=True (+4.7 ms)
2026-07-02 16:23:19,931 - mazeUtils.moveTile - [moveTile.py:79] - DEBUG - roll: 15.3599999999999 deg, practicalMoveTime: 0.6990129583005072 sec
2026-07-02 16:23:19,932 - mazeUtils.moveTile - [moveTile.py:2294] - DEBUG - moveTile loop time: 58.4 ms
2026-07-02 16:23:19,932 - mazeUtils.moveTile - [moveTile.py:90] - DEBUG - [33.934794] moveTile loop end practicalMoveTime=0.699 (+1.8 ms)
2026-07-02 16:23:19,933 - mazeUtils.moveTile - [moveTile.py:90] - DEBUG - [33.935158] moveTile loop start (+0.4 ms)
2026-07-02 16:23:19,939 - picamera2.picamera2 - [picamera2.py:1391] - DEBUG - Execute job: <picamera2.job.Job object at 0x7f7b6f3290>
2026-07-02 16:23:19,946 - mazeUtils.device.camera - [camera.py:39] - DEBUG - Average HSV: H=112.2, S=254.7, V=75.7
2026-07-02 16:23:19,951 - mazeUtils.moveTile - [moveTile.py:90] - DEBUG - [33.953450] moveTile calculated motor speeds left=100 right=68 gyroSteer=45.19999999999993 wallSteer=0.0 (+18.3 ms)
2026-07-02 16:23:19,975 - mazeUtils.moveTile - [moveTile.py:90] - DEBUG - [33.977371] moveTile applied motor speed left=100 right=68 (+23.9 ms)
2026-07-02 16:23:19,979 - mazeUtils.moveTile - [moveTile.py:90] - DEBUG - [33.981891] moveTile tile color check tempTileColor=E (+4.5 ms)
2026-07-02 16:23:19,980 - mazeUtils.moveTile - [moveTile.py:90] - DEBUG - [33.982648] moveTile obstacle check escapeFlag=False (+0.8 ms)
2026-07-02 16:23:19,986 - mazeUtils.moveTile - [moveTile.py:90] - DEBUG - [33.988489] moveTile ramp check isBigRamp=True (+5.8 ms)
2026-07-02 16:23:19,987 - mazeUtils.moveTile - [moveTile.py:79] - DEBUG - roll: 12.879999999999995 deg, practicalMoveTime: 0.741859259284843 sec
2026-07-02 16:23:19,987 - mazeUtils.moveTile - [moveTile.py:2294] - DEBUG - moveTile loop time: 54.6 ms
2026-07-02 16:23:19,988 - mazeUtils.moveTile - [moveTile.py:90] - DEBUG - [33.990326] moveTile loop end practicalMoveTime=0.742 (+1.8 ms)
2026-07-02 16:23:19,988 - mazeUtils.moveTile - [moveTile.py:90] - DEBUG - [33.990690] moveTile loop start (+0.4 ms)
2026-07-02 16:23:19,994 - picamera2.picamera2 - [picamera2.py:1391] - DEBUG - Execute job: <picamera2.job.Job object at 0x7f7a4d8250>
2026-07-02 16:23:20,000 - mazeUtils.device.camera - [camera.py:39] - DEBUG - Average HSV: H=112.7, S=254.7, V=73.0
2026-07-02 16:23:20,006 - mazeUtils.moveTile - [moveTile.py:90] - DEBUG - [34.008382] moveTile calculated motor speeds left=100 right=64 gyroSteer=50.239999999999895 wallSteer=0.0 (+17.7 ms)
2026-07-02 16:23:20,027 - mazeUtils.moveTile - [moveTile.py:90] - DEBUG - [34.029802] moveTile applied motor speed left=100 right=64 (+21.4 ms)
2026-07-02 16:23:20,032 - mazeUtils.moveTile - [moveTile.py:90] - DEBUG - [34.034595] moveTile tile color check tempTileColor=E (+4.8 ms)
2026-07-02 16:23:20,033 - mazeUtils.moveTile - [moveTile.py:90] - DEBUG - [34.035272] moveTile obstacle check escapeFlag=False (+0.7 ms)
2026-07-02 16:23:20,038 - mazeUtils.moveTile - [moveTile.py:90] - DEBUG - [34.040469] moveTile ramp check isBigRamp=False (+5.2 ms)
2026-07-02 16:23:20,039 - mazeUtils.moveTile - [moveTile.py:79] - DEBUG - roll: 11.620000000000005 deg, practicalMoveTime: 0.7824615395660321 sec
2026-07-02 16:23:20,040 - mazeUtils.moveTile - [moveTile.py:2294] - DEBUG - moveTile loop time: 52.0 ms
2026-07-02 16:23:20,041 - mazeUtils.moveTile - [moveTile.py:90] - DEBUG - [34.043235] moveTile loop end practicalMoveTime=0.782 (+2.8 ms)
2026-07-02 16:23:20,041 - mazeUtils.moveTile - [moveTile.py:90] - DEBUG - [34.043613] moveTile loop start (+0.4 ms)
2026-07-02 16:23:20,049 - picamera2.picamera2 - [picamera2.py:1391] - DEBUG - Execute job: <picamera2.job.Job object at 0x7f638c3b90>
2026-07-02 16:23:20,055 - mazeUtils.device.camera - [camera.py:39] - DEBUG - Average HSV: H=112.7, S=254.7, V=69.9
2026-07-02 16:23:20,061 - mazeUtils.moveTile - [moveTile.py:90] - DEBUG - [34.063183] moveTile calculated motor speeds left=100 right=65 gyroSteer=49.799999999999955 wallSteer=0.0 (+19.6 ms)
2026-07-02 16:23:20,080 - mazeUtils.moveTile - [moveTile.py:90] - DEBUG - [34.082191] moveTile applied motor speed left=100 right=65 (+19.0 ms)
2026-07-02 16:23:20,084 - mazeUtils.moveTile - [moveTile.py:90] - DEBUG - [34.086683] moveTile tile color check tempTileColor=E (+4.5 ms)
2026-07-02 16:23:20,085 - mazeUtils.moveTile - [moveTile.py:90] - DEBUG - [34.087249] moveTile obstacle check escapeFlag=False (+0.6 ms)
2026-07-02 16:23:20,092 - mazeUtils.moveTile - [moveTile.py:90] - DEBUG - [34.094593] moveTile ramp check isBigRamp=False (+7.3 ms)
2026-07-02 16:23:20,094 - mazeUtils.moveTile - [moveTile.py:79] - DEBUG - roll: 10.1099999999999 deg, practicalMoveTime: 0.8243832295183336 sec
2026-07-02 16:23:20,094 - mazeUtils.moveTile - [moveTile.py:2294] - DEBUG - moveTile loop time: 53.1 ms
2026-07-02 16:23:20,095 - mazeUtils.moveTile - [moveTile.py:90] - DEBUG - [34.097274] moveTile loop end practicalMoveTime=0.824 (+2.7 ms)
2026-07-02 16:23:20,095 - mazeUtils.moveTile - [moveTile.py:90] - DEBUG - [34.097647] moveTile loop start (+0.4 ms)
2026-07-02 16:23:20,103 - picamera2.picamera2 - [picamera2.py:1391] - DEBUG - Execute job: <picamera2.job.Job object at 0x7f7a4d8250>
2026-07-02 16:23:20,109 - mazeUtils.device.camera - [camera.py:39] - DEBUG - Average HSV: H=112.0, S=254.7, V=79.9
2026-07-02 16:23:20,115 - mazeUtils.moveTile - [moveTile.py:90] - DEBUG - [34.117787] moveTile calculated motor speeds left=100 right=67 gyroSteer=46.0 wallSteer=0.0 (+20.1 ms)
2026-07-02 16:23:20,140 - mazeUtils.moveTile - [moveTile.py:90] - DEBUG - [34.142376] moveTile applied motor speed left=100 right=67 (+24.6 ms)
2026-07-02 16:23:20,144 - mazeUtils.moveTile - [moveTile.py:90] - DEBUG - [34.146288] moveTile tile color check tempTileColor=E (+3.9 ms)
2026-07-02 16:23:20,145 - mazeUtils.moveTile - [moveTile.py:90] - DEBUG - [34.147098] moveTile obstacle check escapeFlag=False (+0.8 ms)
2026-07-02 16:23:20,151 - mazeUtils.moveTile - [moveTile.py:90] - DEBUG - [34.153507] moveTile ramp check isBigRamp=False (+6.4 ms)
2026-07-02 16:23:20,152 - mazeUtils.moveTile - [moveTile.py:79] - DEBUG - roll: 9.759999999999991 deg, practicalMoveTime: 0.8698374732438932 sec
2026-07-02 16:23:20,153 - mazeUtils.moveTile - [moveTile.py:2294] - DEBUG - moveTile loop time: 57.3 ms
2026-07-02 16:23:20,153 - mazeUtils.moveTile - [moveTile.py:90] - DEBUG - [34.155511] moveTile loop end practicalMoveTime=0.870 (+2.0 ms)
2026-07-02 16:23:20,153 - mazeUtils.moveTile - [moveTile.py:90] - DEBUG - [34.155878] moveTile loop start (+0.4 ms)
2026-07-02 16:23:20,159 - picamera2.picamera2 - [picamera2.py:1391] - DEBUG - Execute job: <picamera2.job.Job object at 0x7f7a4dfcd0>
2026-07-02 16:23:20,166 - mazeUtils.device.camera - [camera.py:39] - DEBUG - Average HSV: H=111.3, S=254.6, V=89.9
2026-07-02 16:23:20,171 - mazeUtils.moveTile - [moveTile.py:90] - DEBUG - [34.173102] moveTile calculated motor speeds left=100 right=70 gyroSteer=41.91999999999996 wallSteer=0.0 (+17.2 ms)
2026-07-02 16:23:20,191 - mazeUtils.moveTile - [moveTile.py:90] - DEBUG - [34.193231] moveTile applied motor speed left=100 right=70 (+20.1 ms)
2026-07-02 16:23:20,195 - mazeUtils.moveTile - [moveTile.py:90] - DEBUG - [34.198006] moveTile tile color check tempTileColor=E (+4.8 ms)
2026-07-02 16:23:20,196 - mazeUtils.moveTile - [moveTile.py:90] - DEBUG - [34.198766] moveTile obstacle check escapeFlag=False (+0.8 ms)
2026-07-02 16:23:20,202 - mazeUtils.moveTile - [moveTile.py:90] - DEBUG - [34.204580] moveTile ramp check isBigRamp=False (+5.8 ms)
2026-07-02 16:23:20,203 - mazeUtils.moveTile - [moveTile.py:79] - DEBUG - roll: 10.089999999999918 deg, practicalMoveTime: 0.9095699443668082 sec
2026-07-02 16:23:20,204 - mazeUtils.moveTile - [moveTile.py:2294] - DEBUG - moveTile loop time: 50.3 ms
2026-07-02 16:23:20,204 - mazeUtils.moveTile - [moveTile.py:90] - DEBUG - [34.206771] moveTile loop end practicalMoveTime=0.910 (+2.2 ms)
2026-07-02 16:23:20,205 - mazeUtils.moveTile - [moveTile.py:90] - DEBUG - [34.207202] moveTile loop start (+0.4 ms)
2026-07-02 16:23:20,213 - picamera2.picamera2 - [picamera2.py:1391] - DEBUG - Execute job: <picamera2.job.Job object at 0x7f7b6f3290>
2026-07-02 16:23:20,221 - mazeUtils.device.camera - [camera.py:39] - DEBUG - Average HSV: H=111.0, S=254.5, V=95.9
2026-07-02 16:23:20,226 - mazeUtils.moveTile - [moveTile.py:90] - DEBUG - [34.228675] moveTile calculated motor speeds left=100 right=73 gyroSteer=37.67999999999995 wallSteer=0.0 (+21.5 ms)
2026-07-02 16:23:20,251 - mazeUtils.moveTile - [moveTile.py:90] - DEBUG - [34.253756] moveTile applied motor speed left=100 right=73 (+25.1 ms)
2026-07-02 16:23:20,255 - mazeUtils.moveTile - [moveTile.py:90] - DEBUG - [34.257405] moveTile tile color check tempTileColor=E (+3.6 ms)
2026-07-02 16:23:20,256 - mazeUtils.moveTile - [moveTile.py:90] - DEBUG - [34.258536] moveTile obstacle check escapeFlag=False (+1.1 ms)
2026-07-02 16:23:20,264 - mazeUtils.moveTile - [moveTile.py:90] - DEBUG - [34.266542] moveTile ramp check isBigRamp=False (+8.0 ms)
2026-07-02 16:23:20,265 - mazeUtils.moveTile - [moveTile.py:2132] - INFO - practicalVerticalMove: 4.926160120443515 CM
2026-07-02 16:23:20,285 - mazeUtils.moveTile - [moveTile.py:90] - DEBUG - [34.287066] moveTile finished by time control (+20.5 ms)
2026-07-02 16:23:20,391 - mazeUtils.moveTile - [moveTile.py:90] - DEBUG - [34.393411] moveTile start final forward adjustment (+126.9 ms)
2026-07-02 16:23:20,419 - mazeUtils.moveTile - [moveTile.py:90] - DEBUG - [34.421513] moveTile finished final forward adjustment (+28.1 ms)
2026-07-02 16:23:20,420 - mazeUtils.moveTile - [moveTile.py:2538] - INFO - Set moved vertical distance: 4.926160120443515 cm, past distances: [(0, False), (0, False), (0, False), (0, False)]
2026-07-02 16:23:20,421 - mazeUtils.moveTile - [moveTile.py:90] - DEBUG - [34.423223] moveTile updated moved vertical distance 4.926 (+1.7 ms)
2026-07-02 16:23:20,574 - mazeUtils.moveTile - [moveTile.py:570] - DEBUG - Direction: absDirection.NORTH, Angle: 0, Distance: 64.0408778613077 cm
2026-07-02 16:23:20,575 - mazeUtils.moveTile - [moveTile.py:580] - INFO - angle: 0, result: judgeWallResult.CENTER_OBSTACLE
2026-07-02 16:23:20,577 - mazeUtils.moveTile - [moveTile.py:570] - DEBUG - Direction: absDirection.EAST, Angle: 270, Distance: 24.790975841845153 cm
2026-07-02 16:23:20,579 - mazeUtils.moveTile - [moveTile.py:570] - DEBUG - Direction: absDirection.SOUTH, Angle: 180, Distance: 76.55333582471336 cm
2026-07-02 16:23:20,580 - mazeUtils.moveTile - [moveTile.py:570] - DEBUG - Direction: absDirection.WEST, Angle: 90, Distance: 55.50194110905333 cm
2026-07-02 16:23:20,580 - mazeUtils.moveTile - [moveTile.py:90] - DEBUG - [34.582778] moveTile updated map and detected walls (+159.6 ms)
2026-07-02 16:23:20,583 - mazeUtils.moveTile - [moveTile.py:2706] - INFO - Tile color detection, decided tile type: E
2026-07-02 16:23:20,584 - mazeUtils.moveTile - [moveTile.py:90] - DEBUG - [34.586490] moveTile finished (+163.3 ms)
2026-07-02 16:23:20,624 - mazeUtils.moveTile - [moveTile.py:2745] - INFO - (None, 1)
2026-07-02 16:23:20,651 - __main__ - [main.py:110] - INFO - Current position: (20, 19, 0), front direction: absDirection.NORTH
Layer 0 (altitude=0.0cm, offset=(0.0cm, 0.0cm)):
Known map area: x=20..20, y=19..20
+   +
  @ |
+   +
  S  
+---+
2026-07-02 16:23:20,660 - mazeUtils.mazeMap - [mazeMap.py:61] - INFO - next goal: (20, 18, 0)
2026-07-02 16:23:20,662 - mazeUtils.mazeMap - [mazeMap.py:61] - INFO - next goal: (20, 20, 0)
2026-07-02 16:23:20,663 - mazeUtils.moveTile - [moveTile.py:88] - DEBUG - [34.665393] moveTile start direction=absDirection.NORTH position=(20, 19, 0) front=absDirection.NORTH
2026-07-02 16:23:20,667 - mazeUtils.moveTile - [moveTile.py:90] - DEBUG - [34.669774] moveTile after initial toggle check (+4.4 ms)
2026-07-02 16:23:20,670 - mazeUtils.moveTile - [moveTile.py:90] - DEBUG - [34.672247] moveTile after tile checks isRedTile=False isUnknownTileAhead=True (+2.5 ms)
2026-07-02 16:23:20,670 - mazeUtils.moveTile - [moveTile.py:79] - DEBUG - Moving to absDirection.NORTH from (20, 19, 0) facing absDirection.NORTH
2026-07-02 16:23:20,671 - mazeUtils.moveTile - [moveTile.py:90] - DEBUG - [34.673299] moveTile start heading change target=0 (+1.1 ms)
2026-07-02 16:23:20,697 - mazeUtils.moveTile - [moveTile.py:79] - DEBUG - current heading: 6.789999999999992 target: 0
2026-07-02 16:23:21,026 - mazeUtils.moveTile - [moveTile.py:441] - DEBUG - stopped turning at heading: 3.509999999999991, diff: 3.509999999999991
2026-07-02 16:23:21,253 - mazeUtils.moveTile - [moveTile.py:79] - DEBUG - Turned to heading: 1.9299999999999784 deg
2026-07-02 16:23:21,254 - mazeUtils.moveTile - [moveTile.py:90] - DEBUG - [35.256485] moveTile finished heading change (+583.2 ms)
2026-07-02 16:23:21,254 - mazeUtils.moveTile - [moveTile.py:90] - DEBUG - [35.257004] Adjustment after ramp completed (+0.5 ms)
2026-07-02 16:23:21,255 - mazeUtils.moveTile - [moveTile.py:90] - DEBUG - [35.257484] moveTile updated front direction (+0.5 ms)
2026-07-02 16:23:21,278 - mazeUtils.moveTile - [moveTile.py:90] - DEBUG - [35.280860] moveTile stopped motors before alignment (+23.4 ms)
2026-07-02 16:23:21,437 - mazeUtils.moveTile - [moveTile.py:570] - DEBUG - Direction: absDirection.NORTH, Angle: 0, Distance: 79.91465599488234 cm
2026-07-02 16:23:21,439 - mazeUtils.moveTile - [moveTile.py:570] - DEBUG - Direction: absDirection.EAST, Angle: 270, Distance: 368.4642107989155 cm
2026-07-02 16:23:21,440 - mazeUtils.moveTile - [moveTile.py:751] - WARNING - Inconsistent wall detection at absDirection.EAST: distance=368.4642107989155 cm, map wall type=wallType.WALL
2026-07-02 16:23:21,441 - mazeUtils.moveTile - [moveTile.py:570] - DEBUG - Direction: absDirection.SOUTH, Angle: 180, Distance: 68.82363077753914 cm
2026-07-02 16:23:21,442 - mazeUtils.moveTile - [moveTile.py:570] - DEBUG - Direction: absDirection.WEST, Angle: 90, Distance: 223.7674264578615 cm
2026-07-02 16:23:21,442 - mazeUtils.moveTile - [moveTile.py:90] - DEBUG - [35.445039] moveTile start position adjustment using LiDAR for back wall. (+164.2 ms)
2026-07-02 16:23:21,444 - mazeUtils.moveTile - [moveTile.py:79] - DEBUG - Position adjustment skipped due to large distance difference: behind_wall_dist=68.82363077753914, target_behind_dist=50
2026-07-02 16:23:21,444 - mazeUtils.moveTile - [moveTile.py:90] - DEBUG - [35.446601] moveTile ready for forward move (+1.6 ms)
2026-07-02 16:23:21,470 - mazeUtils.moveTile - [moveTile.py:90] - DEBUG - [35.473013] moveTile initialized movement targetSteps=1 (+26.4 ms)
2026-07-02 16:23:21,472 - mazeUtils.moveTile - [moveTile.py:90] - DEBUG - [35.474497] moveTile loop start (+1.5 ms)
2026-07-02 16:23:21,484 - picamera2.picamera2 - [picamera2.py:1391] - DEBUG - Execute job: <picamera2.job.Job object at 0x7f429fefd0>
2026-07-02 16:23:21,491 - mazeUtils.device.camera - [camera.py:39] - DEBUG - Average HSV: H=99.0, S=255.0, V=254.8
2026-07-02 16:23:21,497 - mazeUtils.moveTile - [moveTile.py:90] - DEBUG - [35.499056] moveTile calculated motor speeds left=100 right=84 gyroSteer=5.519999999999982 wallSteer=10.399999999999999 (+24.6 ms)
2026-07-02 16:23:21,517 - mazeUtils.moveTile - [moveTile.py:90] - DEBUG - [35.519132] moveTile applied motor speed left=100 right=84 (+20.1 ms)
2026-07-02 16:23:21,521 - mazeUtils.moveTile - [moveTile.py:90] - DEBUG - [35.523364] moveTile tile color check tempTileColor=E (+4.2 ms)
2026-07-02 16:23:21,522 - mazeUtils.moveTile - [moveTile.py:90] - DEBUG - [35.524130] moveTile obstacle check escapeFlag=False (+0.8 ms)
2026-07-02 16:23:21,526 - mazeUtils.moveTile - [moveTile.py:90] - DEBUG - [35.528991] moveTile ramp check isBigRamp=False (+4.9 ms)
2026-07-02 16:23:21,527 - mazeUtils.moveTile - [moveTile.py:79] - DEBUG - roll: 359.47999999999996 deg, practicalMoveTime: 0.05672626514539356 sec
2026-07-02 16:23:21,529 - mazeUtils.moveTile - [moveTile.py:2294] - DEBUG - moveTile loop time: 56.5 ms
2026-07-02 16:23:21,529 - mazeUtils.moveTile - [moveTile.py:90] - DEBUG - [35.531709] moveTile loop end practicalMoveTime=0.057 (+2.7 ms)
2026-07-02 16:23:21,530 - mazeUtils.moveTile - [moveTile.py:90] - DEBUG - [35.532332] moveTile loop start (+0.6 ms)
2026-07-02 16:23:21,542 - picamera2.picamera2 - [picamera2.py:1391] - DEBUG - Execute job: <picamera2.job.Job object at 0x7f7a4dffd0>
2026-07-02 16:23:21,548 - mazeUtils.device.camera - [camera.py:39] - DEBUG - Average HSV: H=98.9, S=255.0, V=254.8
2026-07-02 16:23:21,557 - mazeUtils.moveTile - [moveTile.py:90] - DEBUG - [35.559146] moveTile calculated motor speeds left=100 right=86 gyroSteer=2.919999999999959 wallSteer=10.799999999999997 (+26.8 ms)
2026-07-02 16:23:21,583 - mazeUtils.moveTile - [moveTile.py:90] - DEBUG - [35.585326] moveTile applied motor speed left=100 right=86 (+26.2 ms)
2026-07-02 16:23:21,587 - mazeUtils.moveTile - [moveTile.py:90] - DEBUG - [35.589316] moveTile tile color check tempTileColor=E (+4.0 ms)
2026-07-02 16:23:21,588 - mazeUtils.moveTile - [moveTile.py:90] - DEBUG - [35.590424] moveTile obstacle check escapeFlag=False (+1.1 ms)
2026-07-02 16:23:21,597 - mazeUtils.moveTile - [moveTile.py:90] - DEBUG - [35.599719] moveTile ramp check isBigRamp=False (+9.3 ms)
2026-07-02 16:23:21,598 - mazeUtils.moveTile - [moveTile.py:79] - DEBUG - roll: 0.06999999999999318 deg, practicalMoveTime: 0.12630199981068455 sec
2026-07-02 16:23:21,599 - mazeUtils.moveTile - [moveTile.py:2294] - DEBUG - moveTile loop time: 68.9 ms
2026-07-02 16:23:21,599 - mazeUtils.moveTile - [moveTile.py:90] - DEBUG - [35.601770] moveTile loop end practicalMoveTime=0.126 (+2.1 ms)
2026-07-02 16:23:21,600 - mazeUtils.moveTile - [moveTile.py:90] - DEBUG - [35.602137] moveTile loop start (+0.4 ms)
2026-07-02 16:23:21,609 - picamera2.picamera2 - [picamera2.py:1391] - DEBUG - Execute job: <picamera2.job.Job object at 0x7f7b6f3290>
2026-07-02 16:23:21,615 - mazeUtils.device.camera - [camera.py:39] - DEBUG - Average HSV: H=96.8, S=255.0, V=254.9
2026-07-02 16:23:21,620 - mazeUtils.moveTile - [moveTile.py:90] - DEBUG - [35.622955] moveTile calculated motor speeds left=100 right=87 gyroSteer=2.0799999999999272 wallSteer=10.399999999999999 (+20.8 ms)
2026-07-02 16:23:21,640 - mazeUtils.moveTile - [moveTile.py:90] - DEBUG - [35.642443] moveTile applied motor speed left=100 right=87 (+19.5 ms)
2026-07-02 16:23:21,645 - mazeUtils.moveTile - [moveTile.py:90] - DEBUG - [35.647375] moveTile tile color check tempTileColor=E (+4.9 ms)
2026-07-02 16:23:21,646 - mazeUtils.moveTile - [moveTile.py:90] - DEBUG - [35.648216] moveTile obstacle check escapeFlag=False (+0.8 ms)
2026-07-02 16:23:21,651 - mazeUtils.moveTile - [moveTile.py:90] - DEBUG - [35.654005] moveTile ramp check isBigRamp=False (+5.8 ms)
2026-07-02 16:23:21,652 - mazeUtils.moveTile - [moveTile.py:79] - DEBUG - roll: 3.92999999999995 deg, practicalMoveTime: 0.17975771861169193 sec
2026-07-02 16:23:21,653 - mazeUtils.moveTile - [moveTile.py:2294] - DEBUG - moveTile loop time: 53.4 ms
2026-07-02 16:23:21,654 - mazeUtils.moveTile - [moveTile.py:90] - DEBUG - [35.656788] moveTile loop end practicalMoveTime=0.180 (+2.8 ms)
2026-07-02 16:23:21,655 - mazeUtils.moveTile - [moveTile.py:90] - DEBUG - [35.657388] moveTile loop start (+0.6 ms)
2026-07-02 16:23:21,668 - picamera2.picamera2 - [picamera2.py:1391] - DEBUG - Execute job: <picamera2.job.Job object at 0x7f7a4dffd0>
2026-07-02 16:23:21,674 - mazeUtils.device.camera - [camera.py:39] - DEBUG - Average HSV: H=96.7, S=255.0, V=254.9
2026-07-02 16:23:21,681 - mazeUtils.moveTile - [moveTile.py:90] - DEBUG - [35.683734] moveTile calculated motor speeds left=100 right=83 gyroSteer=7.319999999999936 wallSteer=9.600000000000001 (+26.3 ms)
2026-07-02 16:23:21,708 - mazeUtils.moveTile - [moveTile.py:90] - DEBUG - [35.710417] moveTile applied motor speed left=100 right=83 (+26.7 ms)
2026-07-02 16:23:21,712 - mazeUtils.moveTile - [moveTile.py:90] - DEBUG - [35.714139] moveTile tile color check tempTileColor=E (+3.7 ms)
2026-07-02 16:23:21,712 - mazeUtils.moveTile - [moveTile.py:90] - DEBUG - [35.714693] moveTile obstacle check escapeFlag=False (+0.6 ms)
2026-07-02 16:23:21,719 - mazeUtils.moveTile - [moveTile.py:90] - DEBUG - [35.721153] moveTile ramp check isBigRamp=False (+6.5 ms)
2026-07-02 16:23:21,720 - mazeUtils.moveTile - [moveTile.py:79] - DEBUG - roll: 6.8599999999999 deg, practicalMoveTime: 0.23251489359309935 sec
2026-07-02 16:23:21,720 - mazeUtils.moveTile - [moveTile.py:2294] - DEBUG - moveTile loop time: 65.2 ms
2026-07-02 16:23:21,721 - mazeUtils.moveTile - [moveTile.py:90] - DEBUG - [35.723121] moveTile loop end practicalMoveTime=0.233 (+2.0 ms)
2026-07-02 16:23:21,721 - mazeUtils.moveTile - [moveTile.py:90] - DEBUG - [35.723493] moveTile loop start (+0.4 ms)
2026-07-02 16:23:21,727 - picamera2.picamera2 - [picamera2.py:1391] - DEBUG - Execute job: <picamera2.job.Job object at 0x7f7a4dcf90>
2026-07-02 16:23:21,734 - mazeUtils.device.camera - [camera.py:39] - DEBUG - Average HSV: H=97.2, S=255.0, V=254.9
2026-07-02 16:23:21,740 - mazeUtils.moveTile - [moveTile.py:90] - DEBUG - [35.743021] moveTile calculated motor speeds left=100 right=80 gyroSteer=8.199999999999932 wallSteer=11.200000000000003 (+19.5 ms)
2026-07-02 16:23:21,763 - mazeUtils.moveTile - [moveTile.py:90] - DEBUG - [35.765146] moveTile applied motor speed left=100 right=80 (+22.1 ms)
2026-07-02 16:23:21,766 - mazeUtils.moveTile - [moveTile.py:90] - DEBUG - [35.768917] moveTile tile color check tempTileColor=E (+3.8 ms)
2026-07-02 16:23:21,768 - mazeUtils.moveTile - [moveTile.py:90] - DEBUG - [35.770071] moveTile obstacle check escapeFlag=False (+1.2 ms)
2026-07-02 16:23:21,778 - mazeUtils.moveTile - [moveTile.py:90] - DEBUG - [35.780559] moveTile ramp check isBigRamp=False (+10.5 ms)
2026-07-02 16:23:21,780 - mazeUtils.moveTile - [moveTile.py:79] - DEBUG - roll: 6.589999999999918 deg, practicalMoveTime: 0.27968991099655666 sec
2026-07-02 16:23:21,782 - mazeUtils.moveTile - [moveTile.py:2294] - DEBUG - moveTile loop time: 60.4 ms
2026-07-02 16:23:21,783 - mazeUtils.moveTile - [moveTile.py:90] - DEBUG - [35.785111] moveTile loop end practicalMoveTime=0.280 (+4.6 ms)
2026-07-02 16:23:21,783 - mazeUtils.moveTile - [moveTile.py:90] - DEBUG - [35.785538] moveTile loop start (+0.4 ms)
2026-07-02 16:23:21,790 - picamera2.picamera2 - [picamera2.py:1391] - DEBUG - Execute job: <picamera2.job.Job object at 0x7f638c3b90>
2026-07-02 16:23:21,798 - mazeUtils.device.camera - [camera.py:39] - DEBUG - Average HSV: H=105.5, S=236.2, V=193.4
2026-07-02 16:23:21,803 - mazeUtils.moveTile - [moveTile.py:90] - DEBUG - [35.805902] moveTile calculated motor speeds left=100 right=80 gyroSteer=5.919999999999959 wallSteer=14.0 (+20.4 ms)
2026-07-02 16:23:21,824 - mazeUtils.moveTile - [moveTile.py:90] - DEBUG - [35.826513] moveTile applied motor speed left=100 right=80 (+20.6 ms)
2026-07-02 16:23:21,828 - mazeUtils.moveTile - [moveTile.py:90] - DEBUG - [35.830151] moveTile tile color check tempTileColor=E (+3.6 ms)
2026-07-02 16:23:21,828 - mazeUtils.moveTile - [moveTile.py:90] - DEBUG - [35.830718] moveTile obstacle check escapeFlag=False (+0.6 ms)
2026-07-02 16:23:21,833 - mazeUtils.moveTile - [moveTile.py:90] - DEBUG - [35.835665] moveTile ramp check isBigRamp=False (+4.9 ms)
2026-07-02 16:23:21,834 - mazeUtils.moveTile - [moveTile.py:79] - DEBUG - roll: 7.529999999999973 deg, practicalMoveTime: 0.3215334565711978 sec
2026-07-02 16:23:21,835 - mazeUtils.moveTile - [moveTile.py:2294] - DEBUG - moveTile loop time: 52.1 ms
2026-07-02 16:23:21,836 - mazeUtils.moveTile - [moveTile.py:90] - DEBUG - [35.838227] moveTile loop end practicalMoveTime=0.322 (+2.6 ms)
2026-07-02 16:23:21,836 - mazeUtils.moveTile - [moveTile.py:90] - DEBUG - [35.838598] moveTile loop start (+0.4 ms)
2026-07-02 16:23:21,842 - picamera2.picamera2 - [picamera2.py:1391] - DEBUG - Execute job: <picamera2.job.Job object at 0x7f638de390>
2026-07-02 16:23:21,849 - mazeUtils.device.camera - [camera.py:39] - DEBUG - Average HSV: H=115.3, S=208.2, V=124.8
2026-07-02 16:23:21,860 - mazeUtils.moveTile - [moveTile.py:90] - DEBUG - [35.862882] moveTile calculated motor speeds left=100 right=93 gyroSteer=6.759999999999991 wallSteer=0.0 (+24.3 ms)
2026-07-02 16:23:21,888 - mazeUtils.moveTile - [moveTile.py:90] - DEBUG - [35.890731] moveTile applied motor speed left=100 right=93 (+27.8 ms)
2026-07-02 16:23:21,893 - mazeUtils.moveTile - [moveTile.py:90] - DEBUG - [35.895310] moveTile tile color check tempTileColor=E (+4.6 ms)
2026-07-02 16:23:21,893 - mazeUtils.moveTile - [moveTile.py:90] - DEBUG - [35.895895] moveTile obstacle check escapeFlag=False (+0.6 ms)
2026-07-02 16:23:21,899 - mazeUtils.moveTile - [moveTile.py:90] - DEBUG - [35.901481] moveTile ramp check isBigRamp=False (+5.6 ms)
2026-07-02 16:23:21,900 - mazeUtils.moveTile - [moveTile.py:79] - DEBUG - roll: 9.460000000000036 deg, practicalMoveTime: 0.3725032941401385 sec
2026-07-02 16:23:21,901 - mazeUtils.moveTile - [moveTile.py:2294] - DEBUG - moveTile loop time: 64.3 ms
2026-07-02 16:23:21,901 - mazeUtils.moveTile - [moveTile.py:90] - DEBUG - [35.903966] moveTile loop end practicalMoveTime=0.373 (+2.5 ms)
2026-07-02 16:23:21,902 - mazeUtils.moveTile - [moveTile.py:90] - DEBUG - [35.904972] moveTile loop start (+1.0 ms)
2026-07-02 16:23:21,908 - picamera2.picamera2 - [picamera2.py:1391] - DEBUG - Execute job: <picamera2.job.Job object at 0x7f7a523250>
2026-07-02 16:23:21,915 - mazeUtils.device.camera - [camera.py:39] - DEBUG - Average HSV: H=124.4, S=183.7, V=71.9
2026-07-02 16:23:21,921 - mazeUtils.moveTile - [moveTile.py:90] - DEBUG - [35.923587] moveTile calculated motor speeds left=100 right=99 gyroSteer=0.4399999999999409 wallSteer=0.0 (+18.6 ms)
2026-07-02 16:23:21,944 - mazeUtils.moveTile - [moveTile.py:90] - DEBUG - [35.946174] moveTile applied motor speed left=100 right=99 (+22.6 ms)
2026-07-02 16:23:21,948 - mazeUtils.moveTile - [moveTile.py:90] - DEBUG - [35.950718] moveTile tile color check tempTileColor=E (+4.5 ms)
2026-07-02 16:23:21,949 - mazeUtils.moveTile - [moveTile.py:90] - DEBUG - [35.951381] moveTile obstacle check escapeFlag=False (+0.7 ms)
2026-07-02 16:23:21,953 - mazeUtils.moveTile - [moveTile.py:90] - DEBUG - [35.955676] moveTile ramp check isBigRamp=False (+4.3 ms)
2026-07-02 16:23:21,954 - mazeUtils.moveTile - [moveTile.py:79] - DEBUG - roll: 10.319999999999936 deg, practicalMoveTime: 0.41465138259110834 sec
2026-07-02 16:23:21,955 - mazeUtils.moveTile - [moveTile.py:2294] - DEBUG - moveTile loop time: 52.7 ms
2026-07-02 16:23:21,956 - mazeUtils.moveTile - [moveTile.py:90] - DEBUG - [35.958366] moveTile loop end practicalMoveTime=0.415 (+2.7 ms)
2026-07-02 16:23:21,956 - mazeUtils.moveTile - [moveTile.py:90] - DEBUG - [35.958974] moveTile loop start (+0.6 ms)
2026-07-02 16:23:21,965 - picamera2.picamera2 - [picamera2.py:1391] - DEBUG - Execute job: <picamera2.job.Job object at 0x7f7a4dfcd0>
2026-07-02 16:23:21,972 - mazeUtils.device.camera - [camera.py:39] - DEBUG - Average HSV: H=133.1, S=158.8, V=46.3
2026-07-02 16:23:21,978 - mazeUtils.moveTile - [moveTile.py:90] - DEBUG - [35.980536] moveTile calculated motor speeds left=100 right=95 gyroSteer=4.919999999999959 wallSteer=0.0 (+21.6 ms)
2026-07-02 16:23:21,999 - mazeUtils.moveTile - [moveTile.py:90] - DEBUG - [36.001159] moveTile applied motor speed left=100 right=95 (+20.6 ms)
2026-07-02 16:23:22,003 - mazeUtils.moveTile - [moveTile.py:90] - DEBUG - [36.005344] moveTile tile color check tempTileColor=E (+4.2 ms)
2026-07-02 16:23:22,004 - mazeUtils.moveTile - [moveTile.py:90] - DEBUG - [36.006569] moveTile obstacle check escapeFlag=False (+1.2 ms)
2026-07-02 16:23:22,012 - mazeUtils.moveTile - [moveTile.py:90] - DEBUG - [36.014360] moveTile ramp check isBigRamp=True (+7.8 ms)
2026-07-02 16:23:22,014 - mazeUtils.moveTile - [moveTile.py:79] - DEBUG - roll: 13.3599999999999 deg, practicalMoveTime: 0.45992694788586597 sec
2026-07-02 16:23:22,014 - mazeUtils.moveTile - [moveTile.py:2294] - DEBUG - moveTile loop time: 57.7 ms
2026-07-02 16:23:22,015 - mazeUtils.moveTile - [moveTile.py:90] - DEBUG - [36.017361] moveTile loop end practicalMoveTime=0.460 (+3.0 ms)
2026-07-02 16:23:22,015 - mazeUtils.moveTile - [moveTile.py:90] - DEBUG - [36.017787] moveTile loop start (+0.4 ms)
2026-07-02 16:23:22,025 - picamera2.picamera2 - [picamera2.py:1391] - DEBUG - Execute job: <picamera2.job.Job object at 0x7f7a523250>
2026-07-02 16:23:22,031 - mazeUtils.device.camera - [camera.py:39] - DEBUG - Average HSV: H=120.7, S=201.4, V=97.3
2026-07-02 16:23:22,036 - mazeUtils.moveTile - [moveTile.py:90] - DEBUG - [36.038956] moveTile calculated motor speeds left=100 right=90 gyroSteer=9.919999999999959 wallSteer=0.0 (+21.2 ms)
2026-07-02 16:23:22,062 - mazeUtils.moveTile - [moveTile.py:90] - DEBUG - [36.064371] moveTile applied motor speed left=100 right=90 (+25.4 ms)
2026-07-02 16:23:22,065 - mazeUtils.moveTile - [moveTile.py:90] - DEBUG - [36.067972] moveTile tile color check tempTileColor=E (+3.6 ms)
2026-07-02 16:23:22,066 - mazeUtils.moveTile - [moveTile.py:90] - DEBUG - [36.068537] moveTile obstacle check escapeFlag=False (+0.6 ms)
2026-07-02 16:23:22,072 - mazeUtils.moveTile - [moveTile.py:90] - DEBUG - [36.074944] moveTile ramp check isBigRamp=True (+6.4 ms)
2026-07-02 16:23:22,074 - mazeUtils.moveTile - [moveTile.py:79] - DEBUG - roll: 20.649999999999977 deg, practicalMoveTime: 0.5044569543074522 sec
2026-07-02 16:23:22,074 - mazeUtils.moveTile - [moveTile.py:2294] - DEBUG - moveTile loop time: 59.0 ms
2026-07-02 16:23:22,075 - mazeUtils.moveTile - [moveTile.py:90] - DEBUG - [36.077346] moveTile loop end practicalMoveTime=0.504 (+2.4 ms)
2026-07-02 16:23:22,075 - mazeUtils.moveTile - [moveTile.py:90] - DEBUG - [36.077732] moveTile loop start (+0.4 ms)
2026-07-02 16:23:22,082 - picamera2.picamera2 - [picamera2.py:1391] - DEBUG - Execute job: <picamera2.job.Job object at 0x7f638c3b90>
2026-07-02 16:23:22,090 - mazeUtils.device.camera - [camera.py:39] - DEBUG - Average HSV: H=108.6, S=251.9, V=95.3
2026-07-02 16:23:22,096 - mazeUtils.moveTile - [moveTile.py:90] - DEBUG - [36.098241] moveTile calculated motor speeds left=100 right=86 gyroSteer=14.0 wallSteer=0.0 (+20.5 ms)
2026-07-02 16:23:22,120 - mazeUtils.moveTile - [moveTile.py:90] - DEBUG - [36.122493] moveTile applied motor speed left=100 right=86 (+24.3 ms)
2026-07-02 16:23:22,124 - mazeUtils.moveTile - [moveTile.py:90] - DEBUG - [36.126555] moveTile tile color check tempTileColor=E (+4.1 ms)
2026-07-02 16:23:22,125 - mazeUtils.moveTile - [moveTile.py:90] - DEBUG - [36.127431] moveTile obstacle check escapeFlag=False (+0.9 ms)
2026-07-02 16:23:22,134 - mazeUtils.moveTile - [moveTile.py:90] - DEBUG - [36.136062] moveTile ramp check isBigRamp=True (+8.6 ms)
2026-07-02 16:23:22,134 - mazeUtils.moveTile - [moveTile.py:79] - DEBUG - roll: 22.690000000000055 deg, practicalMoveTime: 0.5487324701091634 sec
2026-07-02 16:23:22,135 - mazeUtils.moveTile - [moveTile.py:2294] - DEBUG - moveTile loop time: 59.7 ms
2026-07-02 16:23:22,136 - mazeUtils.moveTile - [moveTile.py:90] - DEBUG - [36.138130] moveTile loop end practicalMoveTime=0.549 (+2.1 ms)
2026-07-02 16:23:22,137 - mazeUtils.moveTile - [moveTile.py:90] - DEBUG - [36.139192] moveTile loop start (+1.1 ms)
2026-07-02 16:23:22,142 - picamera2.picamera2 - [picamera2.py:1391] - DEBUG - Execute job: <picamera2.job.Job object at 0x7f7a4dcf90>
2026-07-02 16:23:22,149 - mazeUtils.device.camera - [camera.py:39] - DEBUG - Average HSV: H=110.4, S=233.9, V=69.7
2026-07-02 16:23:22,156 - mazeUtils.moveTile - [moveTile.py:90] - DEBUG - [36.158787] moveTile calculated motor speeds left=100 right=79 gyroSteer=20.799999999999955 wallSteer=0.0 (+19.6 ms)
2026-07-02 16:23:22,178 - mazeUtils.moveTile - [moveTile.py:90] - DEBUG - [36.180127] moveTile applied motor speed left=100 right=79 (+21.3 ms)
2026-07-02 16:23:22,182 - mazeUtils.moveTile - [moveTile.py:90] - DEBUG - [36.184673] moveTile tile color check tempTileColor=E (+4.5 ms)
2026-07-02 16:23:22,183 - mazeUtils.moveTile - [moveTile.py:90] - DEBUG - [36.185299] moveTile obstacle check escapeFlag=False (+0.6 ms)
2026-07-02 16:23:22,191 - mazeUtils.moveTile - [moveTile.py:90] - DEBUG - [36.193672] moveTile ramp check isBigRamp=True (+8.4 ms)
2026-07-02 16:23:22,192 - mazeUtils.moveTile - [moveTile.py:79] - DEBUG - roll: 25.950000000000045 deg, practicalMoveTime: 0.5896969486426606 sec
2026-07-02 16:23:22,193 - mazeUtils.moveTile - [moveTile.py:2294] - DEBUG - moveTile loop time: 56.4 ms
2026-07-02 16:23:22,194 - mazeUtils.moveTile - [moveTile.py:90] - DEBUG - [36.196473] moveTile loop end practicalMoveTime=0.590 (+2.8 ms)
2026-07-02 16:23:22,195 - mazeUtils.moveTile - [moveTile.py:90] - DEBUG - [36.197199] moveTile loop start (+0.7 ms)
2026-07-02 16:23:22,205 - picamera2.picamera2 - [picamera2.py:1391] - DEBUG - Execute job: <picamera2.job.Job object at 0x7f7b6f3290>
2026-07-02 16:23:22,212 - mazeUtils.device.camera - [camera.py:39] - DEBUG - Average HSV: H=111.1, S=204.3, V=69.7
2026-07-02 16:23:22,217 - mazeUtils.moveTile - [moveTile.py:90] - DEBUG - [36.219076] moveTile calculated motor speeds left=100 right=71 gyroSteer=28.91999999999996 wallSteer=0.0 (+21.9 ms)
2026-07-02 16:23:22,242 - mazeUtils.moveTile - [moveTile.py:90] - DEBUG - [36.244195] moveTile applied motor speed left=100 right=71 (+25.1 ms)
2026-07-02 16:23:22,245 - mazeUtils.moveTile - [moveTile.py:90] - DEBUG - [36.247869] moveTile tile color check tempTileColor=E (+3.7 ms)
2026-07-02 16:23:22,246 - mazeUtils.moveTile - [moveTile.py:90] - DEBUG - [36.248582] moveTile obstacle check escapeFlag=False (+0.7 ms)
2026-07-02 16:23:22,251 - mazeUtils.moveTile - [moveTile.py:90] - DEBUG - [36.253722] moveTile ramp check isBigRamp=True (+5.1 ms)
2026-07-02 16:23:22,252 - mazeUtils.moveTile - [moveTile.py:79] - DEBUG - roll: 25.960000000000036 deg, practicalMoveTime: 0.6321042912038803 sec
2026-07-02 16:23:22,253 - mazeUtils.moveTile - [moveTile.py:2294] - DEBUG - moveTile loop time: 57.9 ms
2026-07-02 16:23:22,253 - mazeUtils.moveTile - [moveTile.py:90] - DEBUG - [36.255651] moveTile loop end practicalMoveTime=0.632 (+1.9 ms)
2026-07-02 16:23:22,254 - mazeUtils.moveTile - [moveTile.py:90] - DEBUG - [36.256114] moveTile loop start (+0.5 ms)
2026-07-02 16:23:22,261 - picamera2.picamera2 - [picamera2.py:1391] - DEBUG - Execute job: <picamera2.job.Job object at 0x7f7a4dfcd0>
2026-07-02 16:23:22,267 - mazeUtils.device.camera - [camera.py:39] - DEBUG - Average HSV: H=111.6, S=200.6, V=72.3
2026-07-02 16:23:22,273 - mazeUtils.moveTile - [moveTile.py:90] - DEBUG - [36.275429] moveTile calculated motor speeds left=100 right=67 gyroSteer=32.319999999999936 wallSteer=0.0 (+19.3 ms)
2026-07-02 16:23:22,298 - mazeUtils.moveTile - [moveTile.py:90] - DEBUG - [36.300662] moveTile applied motor speed left=100 right=67 (+25.2 ms)
2026-07-02 16:23:22,302 - mazeUtils.moveTile - [moveTile.py:90] - DEBUG - [36.304431] moveTile tile color check tempTileColor=E (+3.8 ms)
2026-07-02 16:23:22,303 - mazeUtils.moveTile - [moveTile.py:90] - DEBUG - [36.305173] moveTile obstacle check escapeFlag=False (+0.7 ms)
2026-07-02 16:23:22,309 - mazeUtils.moveTile - [moveTile.py:90] - DEBUG - [36.311853] moveTile ramp check isBigRamp=True (+6.7 ms)
2026-07-02 16:23:22,310 - mazeUtils.moveTile - [moveTile.py:79] - DEBUG - roll: 24.1099999999999 deg, practicalMoveTime: 0.6740940863953815 sec
2026-07-02 16:23:22,311 - mazeUtils.moveTile - [moveTile.py:2294] - DEBUG - moveTile loop time: 57.1 ms
2026-07-02 16:23:22,311 - mazeUtils.moveTile - [moveTile.py:90] - DEBUG - [36.313774] moveTile loop end practicalMoveTime=0.674 (+1.9 ms)
2026-07-02 16:23:22,312 - mazeUtils.moveTile - [moveTile.py:90] - DEBUG - [36.314135] moveTile loop start (+0.4 ms)
2026-07-02 16:23:22,318 - picamera2.picamera2 - [picamera2.py:1391] - DEBUG - Execute job: <picamera2.job.Job object at 0x7f429fefd0>
2026-07-02 16:23:22,324 - mazeUtils.device.camera - [camera.py:39] - DEBUG - Average HSV: H=110.9, S=193.7, V=87.0
2026-07-02 16:23:22,331 - mazeUtils.moveTile - [moveTile.py:90] - DEBUG - [36.333096] moveTile calculated motor speeds left=100 right=69 gyroSteer=31.0 wallSteer=0.0 (+19.0 ms)
2026-07-02 16:23:22,350 - mazeUtils.moveTile - [moveTile.py:90] - DEBUG - [36.352980] moveTile applied motor speed left=100 right=69 (+19.9 ms)
2026-07-02 16:23:22,355 - mazeUtils.moveTile - [moveTile.py:90] - DEBUG - [36.357702] moveTile tile color check tempTileColor=E (+4.7 ms)
2026-07-02 16:23:22,356 - mazeUtils.moveTile - [moveTile.py:90] - DEBUG - [36.358389] moveTile obstacle check escapeFlag=False (+0.7 ms)
2026-07-02 16:23:22,361 - mazeUtils.moveTile - [moveTile.py:90] - DEBUG - [36.363375] moveTile ramp check isBigRamp=True (+5.0 ms)
2026-07-02 16:23:22,362 - mazeUtils.moveTile - [moveTile.py:79] - DEBUG - roll: 22.99000000000001 deg, practicalMoveTime: 0.7119978762231721 sec
2026-07-02 16:23:22,363 - mazeUtils.moveTile - [moveTile.py:2294] - DEBUG - moveTile loop time: 51.4 ms
2026-07-02 16:23:22,364 - mazeUtils.moveTile - [moveTile.py:90] - DEBUG - [36.366191] moveTile loop end practicalMoveTime=0.712 (+2.8 ms)
2026-07-02 16:23:22,364 - mazeUtils.moveTile - [moveTile.py:90] - DEBUG - [36.366699] moveTile loop start (+0.5 ms)
2026-07-02 16:23:22,373 - picamera2.picamera2 - [picamera2.py:1391] - DEBUG - Execute job: <picamera2.job.Job object at 0x7f7a4dfcd0>
2026-07-02 16:23:22,380 - mazeUtils.device.camera - [camera.py:39] - DEBUG - Average HSV: H=110.9, S=192.3, V=91.1
2026-07-02 16:23:22,386 - mazeUtils.moveTile - [moveTile.py:90] - DEBUG - [36.388494] moveTile calculated motor speeds left=100 right=67 gyroSteer=32.83999999999992 wallSteer=0.0 (+21.8 ms)
2026-07-02 16:23:22,407 - mazeUtils.moveTile - [moveTile.py:90] - DEBUG - [36.409184] moveTile applied motor speed left=100 right=67 (+20.7 ms)
2026-07-02 16:23:22,413 - mazeUtils.moveTile - [moveTile.py:90] - DEBUG - [36.415917] moveTile tile color check tempTileColor=E (+6.7 ms)
2026-07-02 16:23:22,414 - mazeUtils.moveTile - [moveTile.py:90] - DEBUG - [36.416697] moveTile obstacle check escapeFlag=False (+0.8 ms)
2026-07-02 16:23:22,419 - mazeUtils.moveTile - [moveTile.py:90] - DEBUG - [36.421455] moveTile ramp check isBigRamp=True (+4.8 ms)
2026-07-02 16:23:22,420 - mazeUtils.moveTile - [moveTile.py:79] - DEBUG - roll: 21.339999999999918 deg, practicalMoveTime: 0.7544937484004773 sec
2026-07-02 16:23:22,421 - mazeUtils.moveTile - [moveTile.py:2294] - DEBUG - moveTile loop time: 56.5 ms
2026-07-02 16:23:22,421 - mazeUtils.moveTile - [moveTile.py:90] - DEBUG - [36.423758] moveTile loop end practicalMoveTime=0.754 (+2.3 ms)
2026-07-02 16:23:22,422 - mazeUtils.moveTile - [moveTile.py:90] - DEBUG - [36.424227] moveTile loop start (+0.5 ms)
2026-07-02 16:23:22,429 - picamera2.picamera2 - [picamera2.py:1391] - DEBUG - Execute job: <picamera2.job.Job object at 0x7f429fefd0>
2026-07-02 16:23:22,435 - mazeUtils.device.camera - [camera.py:39] - DEBUG - Average HSV: H=110.9, S=191.4, V=92.3
2026-07-02 16:23:22,442 - mazeUtils.moveTile - [moveTile.py:90] - DEBUG - [36.444947] moveTile calculated motor speeds left=100 right=64 gyroSteer=35.59999999999991 wallSteer=0.0 (+20.7 ms)
2026-07-02 16:23:22,464 - mazeUtils.moveTile - [moveTile.py:90] - DEBUG - [36.466300] moveTile applied motor speed left=100 right=64 (+21.4 ms)
2026-07-02 16:23:22,468 - mazeUtils.moveTile - [moveTile.py:90] - DEBUG - [36.470429] moveTile tile color check tempTileColor=E (+4.1 ms)
2026-07-02 16:23:22,469 - mazeUtils.moveTile - [moveTile.py:90] - DEBUG - [36.471439] moveTile obstacle check escapeFlag=False (+1.0 ms)
2026-07-02 16:23:22,473 - mazeUtils.moveTile - [moveTile.py:90] - DEBUG - [36.475863] moveTile ramp check isBigRamp=True (+4.4 ms)
2026-07-02 16:23:22,474 - mazeUtils.moveTile - [moveTile.py:79] - DEBUG - roll: 20.67999999999995 deg, practicalMoveTime: 0.7944219577371339 sec
2026-07-02 16:23:22,475 - mazeUtils.moveTile - [moveTile.py:2294] - DEBUG - moveTile loop time: 52.9 ms
2026-07-02 16:23:22,475 - mazeUtils.moveTile - [moveTile.py:90] - DEBUG - [36.477691] moveTile loop end practicalMoveTime=0.794 (+1.8 ms)
2026-07-02 16:23:22,476 - mazeUtils.moveTile - [moveTile.py:90] - DEBUG - [36.478200] moveTile loop start (+0.5 ms)
2026-07-02 16:23:22,482 - picamera2.picamera2 - [picamera2.py:1391] - DEBUG - Execute job: <picamera2.job.Job object at 0x7f7a4dfcd0>
2026-07-02 16:23:22,490 - mazeUtils.device.camera - [camera.py:39] - DEBUG - Average HSV: H=110.9, S=191.4, V=90.9
2026-07-02 16:23:22,496 - mazeUtils.moveTile - [moveTile.py:90] - DEBUG - [36.498477] moveTile calculated motor speeds left=100 right=60 gyroSteer=39.39999999999998 wallSteer=0.0 (+20.3 ms)
2026-07-02 16:23:22,516 - mazeUtils.moveTile - [moveTile.py:90] - DEBUG - [36.518162] moveTile applied motor speed left=100 right=60 (+19.7 ms)
2026-07-02 16:23:22,519 - mazeUtils.moveTile - [moveTile.py:90] - DEBUG - [36.521800] moveTile tile color check tempTileColor=E (+3.6 ms)
2026-07-02 16:23:22,520 - mazeUtils.moveTile - [moveTile.py:90] - DEBUG - [36.522374] moveTile obstacle check escapeFlag=False (+0.6 ms)
2026-07-02 16:23:22,524 - mazeUtils.moveTile - [moveTile.py:90] - DEBUG - [36.526896] moveTile ramp check isBigRamp=True (+4.5 ms)
2026-07-02 16:23:22,526 - mazeUtils.moveTile - [moveTile.py:79] - DEBUG - roll: 20.559999999999945 deg, practicalMoveTime: 0.8325609613318173 sec
2026-07-02 16:23:22,526 - mazeUtils.moveTile - [moveTile.py:2294] - DEBUG - moveTile loop time: 50.6 ms
2026-07-02 16:23:22,527 - mazeUtils.moveTile - [moveTile.py:90] - DEBUG - [36.529323] moveTile loop end practicalMoveTime=0.833 (+2.4 ms)
2026-07-02 16:23:22,527 - mazeUtils.moveTile - [moveTile.py:90] - DEBUG - [36.529739] moveTile loop start (+0.4 ms)
2026-07-02 16:23:22,535 - picamera2.picamera2 - [picamera2.py:1391] - DEBUG - Execute job: <picamera2.job.Job object at 0x7f7a4dffd0>
2026-07-02 16:23:22,540 - mazeUtils.device.camera - [camera.py:39] - DEBUG - Average HSV: H=110.8, S=193.0, V=91.0
2026-07-02 16:23:22,547 - mazeUtils.moveTile - [moveTile.py:90] - DEBUG - [36.549149] moveTile calculated motor speeds left=100 right=58 gyroSteer=41.479999999999905 wallSteer=0.0 (+19.4 ms)
2026-07-02 16:23:22,567 - mazeUtils.moveTile - [moveTile.py:90] - DEBUG - [36.569147] moveTile applied motor speed left=100 right=58 (+20.0 ms)
2026-07-02 16:23:22,572 - mazeUtils.moveTile - [moveTile.py:90] - DEBUG - [36.574946] moveTile tile color check tempTileColor=E (+5.8 ms)
2026-07-02 16:23:22,573 - mazeUtils.moveTile - [moveTile.py:90] - DEBUG - [36.575685] moveTile obstacle check escapeFlag=False (+0.7 ms)
2026-07-02 16:23:22,582 - mazeUtils.moveTile - [moveTile.py:90] - DEBUG - [36.584699] moveTile ramp check isBigRamp=True (+9.0 ms)
2026-07-02 16:23:22,583 - mazeUtils.moveTile - [moveTile.py:90] - DEBUG - [36.585935] moveTile loop start (+1.2 ms)
2026-07-02 16:23:22,591 - picamera2.picamera2 - [picamera2.py:1391] - DEBUG - Execute job: <picamera2.job.Job object at 0x7f7a4dfcd0>
2026-07-02 16:23:22,597 - mazeUtils.device.camera - [camera.py:39] - DEBUG - Average HSV: H=110.8, S=192.5, V=90.7
2026-07-02 16:23:22,603 - mazeUtils.moveTile - [moveTile.py:90] - DEBUG - [36.605762] moveTile calculated motor speeds left=100 right=55 gyroSteer=44.51999999999998 wallSteer=0.0 (+19.8 ms)
2026-07-02 16:23:22,624 - mazeUtils.moveTile - [moveTile.py:90] - DEBUG - [36.626598] moveTile applied motor speed left=100 right=55 (+20.8 ms)
2026-07-02 16:23:22,629 - mazeUtils.moveTile - [moveTile.py:90] - DEBUG - [36.631288] moveTile tile color check tempTileColor=E (+4.7 ms)
2026-07-02 16:23:22,630 - mazeUtils.moveTile - [moveTile.py:90] - DEBUG - [36.632135] moveTile obstacle check escapeFlag=False (+0.8 ms)
2026-07-02 16:23:22,637 - mazeUtils.moveTile - [moveTile.py:90] - DEBUG - [36.639155] moveTile ramp check isBigRamp=True (+7.0 ms)
2026-07-02 16:23:22,638 - mazeUtils.moveTile - [moveTile.py:79] - DEBUG - roll: 21.289999999999964 deg, practicalMoveTime: 0.9155981387972629 sec
2026-07-02 16:23:22,639 - mazeUtils.moveTile - [moveTile.py:2294] - DEBUG - moveTile loop time: 55.5 ms
2026-07-02 16:23:22,640 - mazeUtils.moveTile - [moveTile.py:90] - DEBUG - [36.642145] moveTile loop end practicalMoveTime=0.916 (+3.0 ms)
2026-07-02 16:23:22,640 - mazeUtils.moveTile - [moveTile.py:90] - DEBUG - [36.642584] moveTile loop start (+0.4 ms)
2026-07-02 16:23:22,648 - picamera2.picamera2 - [picamera2.py:1391] - DEBUG - Execute job: <picamera2.job.Job object at 0x7f7a523250>
2026-07-02 16:23:22,655 - mazeUtils.device.camera - [camera.py:39] - DEBUG - Average HSV: H=110.8, S=198.0, V=85.0
2026-07-02 16:23:22,666 - mazeUtils.moveTile - [moveTile.py:90] - DEBUG - [36.668331] moveTile calculated motor speeds left=100 right=53 gyroSteer=46.83999999999992 wallSteer=0.0 (+25.7 ms)
2026-07-02 16:23:22,687 - mazeUtils.moveTile - [moveTile.py:90] - DEBUG - [36.689880] moveTile applied motor speed left=100 right=53 (+21.5 ms)
2026-07-02 16:23:22,694 - mazeUtils.moveTile - [moveTile.py:90] - DEBUG - [36.696778] moveTile tile color check tempTileColor=E (+6.9 ms)
2026-07-02 16:23:22,695 - mazeUtils.moveTile - [moveTile.py:90] - DEBUG - [36.697610] moveTile obstacle check escapeFlag=False (+0.8 ms)
2026-07-02 16:23:22,702 - mazeUtils.moveTile - [moveTile.py:90] - DEBUG - [36.703982] moveTile ramp check isBigRamp=True (+6.4 ms)
2026-07-02 16:23:22,703 - mazeUtils.moveTile - [moveTile.py:79] - DEBUG - roll: 21.569999999999936 deg, practicalMoveTime: 0.9628523998550801 sec
2026-07-02 16:23:22,704 - mazeUtils.moveTile - [moveTile.py:2294] - DEBUG - moveTile loop time: 63.5 ms
2026-07-02 16:23:22,704 - mazeUtils.moveTile - [moveTile.py:90] - DEBUG - [36.706734] moveTile loop end practicalMoveTime=0.963 (+2.8 ms)
2026-07-02 16:23:22,705 - mazeUtils.moveTile - [moveTile.py:90] - DEBUG - [36.707167] moveTile loop start (+0.4 ms)
2026-07-02 16:23:22,710 - picamera2.picamera2 - [picamera2.py:1391] - DEBUG - Execute job: <picamera2.job.Job object at 0x7f7a4dffd0>
2026-07-02 16:23:22,716 - mazeUtils.device.camera - [camera.py:39] - DEBUG - Average HSV: H=110.8, S=191.9, V=93.4
2026-07-02 16:23:22,724 - mazeUtils.moveTile - [moveTile.py:90] - DEBUG - [36.725895] moveTile calculated motor speeds left=100 right=57 gyroSteer=42.11999999999989 wallSteer=0.0 (+18.7 ms)
2026-07-02 16:23:22,749 - mazeUtils.moveTile - [moveTile.py:90] - DEBUG - [36.751564] moveTile applied motor speed left=100 right=57 (+25.7 ms)
2026-07-02 16:23:22,753 - mazeUtils.moveTile - [moveTile.py:90] - DEBUG - [36.755927] moveTile tile color check tempTileColor=E (+4.4 ms)
2026-07-02 16:23:22,754 - mazeUtils.moveTile - [moveTile.py:90] - DEBUG - [36.756627] moveTile obstacle check escapeFlag=False (+0.7 ms)
2026-07-02 16:23:22,759 - mazeUtils.moveTile - [moveTile.py:90] - DEBUG - [36.761929] moveTile ramp check isBigRamp=True (+5.3 ms)
2026-07-02 16:23:22,761 - mazeUtils.moveTile - [moveTile.py:79] - DEBUG - roll: 21.75 deg, practicalMoveTime: 1.0052882579112226 sec
2026-07-02 16:23:22,762 - mazeUtils.moveTile - [moveTile.py:2294] - DEBUG - moveTile loop time: 57.2 ms
2026-07-02 16:23:22,762 - mazeUtils.moveTile - [moveTile.py:90] - DEBUG - [36.765026] moveTile loop end practicalMoveTime=1.005 (+3.1 ms)
2026-07-02 16:23:22,763 - mazeUtils.moveTile - [moveTile.py:90] - DEBUG - [36.765409] moveTile loop start (+0.4 ms)
2026-07-02 16:23:22,769 - picamera2.picamera2 - [picamera2.py:1391] - DEBUG - Execute job: <picamera2.job.Job object at 0x7f638de4d0>
2026-07-02 16:23:22,776 - mazeUtils.device.camera - [camera.py:39] - DEBUG - Average HSV: H=110.7, S=186.0, V=111.9
2026-07-02 16:23:22,782 - mazeUtils.moveTile - [moveTile.py:90] - DEBUG - [36.784416] moveTile calculated motor speeds left=100 right=62 gyroSteer=37.039999999999964 wallSteer=0.0 (+19.0 ms)
2026-07-02 16:23:22,802 - mazeUtils.moveTile - [moveTile.py:90] - DEBUG - [36.804254] moveTile applied motor speed left=100 right=62 (+19.8 ms)
2026-07-02 16:23:22,806 - mazeUtils.moveTile - [moveTile.py:90] - DEBUG - [36.808647] moveTile tile color check tempTileColor=E (+4.4 ms)
2026-07-02 16:23:22,807 - mazeUtils.moveTile - [moveTile.py:90] - DEBUG - [36.809280] moveTile obstacle check escapeFlag=False (+0.6 ms)
2026-07-02 16:23:22,811 - mazeUtils.moveTile - [moveTile.py:90] - DEBUG - [36.813627] moveTile ramp check isBigRamp=True (+4.3 ms)
2026-07-02 16:23:22,812 - mazeUtils.moveTile - [moveTile.py:79] - DEBUG - roll: 21.91999999999996 deg, practicalMoveTime: 1.0423191371768403 sec
2026-07-02 16:23:22,813 - mazeUtils.moveTile - [moveTile.py:2294] - DEBUG - moveTile loop time: 49.5 ms
2026-07-02 16:23:22,813 - mazeUtils.moveTile - [moveTile.py:90] - DEBUG - [36.815557] moveTile loop end practicalMoveTime=1.042 (+1.9 ms)
2026-07-02 16:23:22,814 - mazeUtils.moveTile - [moveTile.py:90] - DEBUG - [36.816445] moveTile loop start (+0.9 ms)
2026-07-02 16:23:22,820 - picamera2.picamera2 - [picamera2.py:1391] - DEBUG - Execute job: <picamera2.job.Job object at 0x7f7a4dffd0>
2026-07-02 16:23:22,827 - mazeUtils.device.camera - [camera.py:39] - DEBUG - Average HSV: H=110.5, S=186.8, V=121.1
2026-07-02 16:23:22,873 - mazeUtils.moveTile - [moveTile.py:2745] - INFO - (None, 1)
2026-07-02 16:23:22,927 - __main__ - [main.py:110] - INFO - Current position: (20, 19, 0), front direction: absDirection.NORTH
Layer 0 (altitude=0.0cm, offset=(0.0cm, 0.0cm)):
Known map area: x=20..20, y=19..20
+   +
  @ |
+   +
  S  
+---+
