2026-05-24 21:43:02,999 - root - [logging_config.py:61] - INFO - Logging initialized. Log file: /home/tuton/Kanto2026RPi/src/config/../logs/robot_20260524_214302.log
2026-05-24 21:43:03,470 - mazeUtils.mazeMap - [mazeMap.py:167] - WARNING - ArduinoNanoEveryUART init failed: [Errno 2] could not open port /dev/ttyUSB0: [Errno 2] No such file or directory: '/dev/ttyUSB0'
2026-05-24 21:43:04,526 - mazeUtils.device.LiDAR - [LiDAR.py:36] - INFO - Available ports: <ydlidar.Str2strMap; proxy of <Swig Object of type 'std::map< std::string,std::string > *' at 0x7f7ef5a1f0> >
2026-05-24 21:43:08,490 - mazeUtils.moveTile - [moveTile.py:511] - DEBUG - Direction: absDirection.NORTH, Angle: 0, Distance: 74.63364574978264 cm
2026-05-24 21:43:08,491 - mazeUtils.moveTile - [moveTile.py:511] - DEBUG - Direction: absDirection.EAST, Angle: 270, Distance: 16.799819233492165 cm
2026-05-24 21:43:08,493 - mazeUtils.moveTile - [moveTile.py:511] - DEBUG - Direction: absDirection.SOUTH, Angle: 180, Distance: 20.893380732495594 cm
2026-05-24 21:43:08,494 - mazeUtils.moveTile - [moveTile.py:511] - DEBUG - Direction: absDirection.WEST, Angle: 90, Distance: 77.47362065146145 cm
2026-05-24 21:43:09,444 - __main__ - [main.py:69] - INFO - Initial Map:
2026-05-24 21:43:09,460 - __main__ - [main.py:70] - INFO - Current position: (20, 20, 0), front direction: absDirection.NORTH
Layer 0 (altitude=0.0cm, offset=(0.0cm, 0.0cm)):
Known map area: x=20..20, y=20..20
+   +
  @ |
+---+
mazeAsGraph[0][20][20] = {absDirection.NORTH: (20, 19, 0), absDirection.EAST: None, absDirection.SOUTH: None, absDirection.WEST: (19, 20, 0)}
2026-05-24 21:43:09,461 - mazeUtils.mazeMap - [mazeMap.py:61] - INFO - next goal: (20, 19, 0)
2026-05-24 21:43:09,461 - __main__ - [main.py:73] - INFO - Next Direction: [<absDirection.NORTH: 0>]
2026-05-24 21:43:09,462 - __main__ - [main.py:74] - INFO - Exploration started.
2026-05-24 21:43:09,463 - mazeUtils.mazeMap - [mazeMap.py:61] - INFO - next goal: (20, 19, 0)
2026-05-24 21:43:09,471 - mazeUtils.moveTile - [moveTile.py:80] - DEBUG - Moving to absDirection.NORTH from (20, 20, 0) facing absDirection.NORTH
2026-05-24 21:43:09,501 - mazeUtils.moveTile - [moveTile.py:80] - DEBUG - current heading: 359.98 target: 0
2026-05-24 21:43:09,520 - mazeUtils.moveTile - [moveTile.py:387] - DEBUG - stopped turning at heading: 359.98, diff: 0.01999999999998181
2026-05-24 21:43:09,565 - mazeUtils.moveTile - [moveTile.py:80] - DEBUG - Turned to heading: 359.98 deg
2026-05-24 21:43:09,678 - picamera2.picamera2 - [picamera2.py:1391] - DEBUG - Execute job: <picamera2.job.Job object at 0x7f5c211fd0>
2026-05-24 21:43:09,685 - mazeUtils.device.camera - [camera.py:37] - DEBUG - Average HSV: H=13.3, S=51.5, V=212.3
2026-05-24 21:43:09,712 - mazeUtils.moveTile - [moveTile.py:80] - DEBUG - roll: 0.10000000000002274 deg, practicalMoveTime: 0.039565312205547945 sec
2026-05-24 21:43:09,712 - mazeUtils.moveTile - [moveTile.py:1116] - DEBUG - moveTile loop time: 43.2 ms
2026-05-24 21:43:09,720 - picamera2.picamera2 - [picamera2.py:1391] - DEBUG - Execute job: <picamera2.job.Job object at 0x7f65dadd10>
2026-05-24 21:43:09,725 - mazeUtils.device.camera - [camera.py:37] - DEBUG - Average HSV: H=13.3, S=51.5, V=212.5
2026-05-24 21:43:09,755 - mazeUtils.moveTile - [moveTile.py:80] - DEBUG - roll: 0.12000000000000455 deg, practicalMoveTime: 0.07785858988265683 sec
2026-05-24 21:43:09,755 - mazeUtils.moveTile - [moveTile.py:1116] - DEBUG - moveTile loop time: 42.8 ms
2026-05-24 21:43:09,759 - picamera2.picamera2 - [picamera2.py:1391] - DEBUG - Execute job: <picamera2.job.Job object at 0x7f77d83650>
2026-05-24 21:43:09,762 - mazeUtils.device.camera - [camera.py:37] - DEBUG - Average HSV: H=13.4, S=51.8, V=212.4
2026-05-24 21:43:09,792 - mazeUtils.moveTile - [moveTile.py:80] - DEBUG - roll: 359.53000000000003 deg, practicalMoveTime: 0.1146255508370972 sec
2026-05-24 21:43:09,792 - mazeUtils.moveTile - [moveTile.py:1116] - DEBUG - moveTile loop time: 37.1 ms
2026-05-24 21:43:09,799 - picamera2.picamera2 - [picamera2.py:1391] - DEBUG - Execute job: <picamera2.job.Job object at 0x7f77da8a10>
2026-05-24 21:43:09,802 - mazeUtils.device.camera - [camera.py:37] - DEBUG - Average HSV: H=13.6, S=52.1, V=212.4
2026-05-24 21:43:09,834 - mazeUtils.moveTile - [moveTile.py:80] - DEBUG - roll: 359.90000000000003 deg, practicalMoveTime: 0.15590671125933367 sec
2026-05-24 21:43:09,834 - mazeUtils.moveTile - [moveTile.py:1116] - DEBUG - moveTile loop time: 41.7 ms
2026-05-24 21:43:09,840 - picamera2.picamera2 - [picamera2.py:1391] - DEBUG - Execute job: <picamera2.job.Job object at 0x7f77d83650>
2026-05-24 21:43:09,843 - mazeUtils.device.camera - [camera.py:37] - DEBUG - Average HSV: H=13.7, S=52.5, V=212.3
2026-05-24 21:43:09,877 - mazeUtils.moveTile - [moveTile.py:80] - DEBUG - roll: 359.67 deg, practicalMoveTime: 0.1981797699329183 sec
2026-05-24 21:43:09,877 - mazeUtils.moveTile - [moveTile.py:1116] - DEBUG - moveTile loop time: 42.5 ms
2026-05-24 21:43:09,883 - picamera2.picamera2 - [picamera2.py:1391] - DEBUG - Execute job: <picamera2.job.Job object at 0x7f5c213ed0>
2026-05-24 21:43:09,886 - mazeUtils.device.camera - [camera.py:37] - DEBUG - Average HSV: H=13.9, S=52.0, V=213.4
2026-05-24 21:43:09,917 - mazeUtils.moveTile - [moveTile.py:80] - DEBUG - roll: 0.010000000000047748 deg, practicalMoveTime: 0.23410549150793064 sec
2026-05-24 21:43:09,918 - mazeUtils.moveTile - [moveTile.py:1116] - DEBUG - moveTile loop time: 40.2 ms
2026-05-24 21:43:09,926 - picamera2.picamera2 - [picamera2.py:1391] - DEBUG - Execute job: <picamera2.job.Job object at 0x7f4ffa9fd0>
2026-05-24 21:43:09,930 - mazeUtils.device.camera - [camera.py:37] - DEBUG - Average HSV: H=14.1, S=53.1, V=213.3
2026-05-24 21:43:09,965 - mazeUtils.moveTile - [moveTile.py:80] - DEBUG - roll: 359.47 deg, practicalMoveTime: 0.2815711692745594 sec
2026-05-24 21:43:09,966 - mazeUtils.moveTile - [moveTile.py:1116] - DEBUG - moveTile loop time: 47.8 ms
2026-05-24 21:43:09,972 - picamera2.picamera2 - [picamera2.py:1391] - DEBUG - Execute job: <picamera2.job.Job object at 0x7f5c213ed0>
2026-05-24 21:43:09,975 - mazeUtils.device.camera - [camera.py:37] - DEBUG - Average HSV: H=14.4, S=52.0, V=215.2
2026-05-24 21:43:10,008 - mazeUtils.moveTile - [moveTile.py:80] - DEBUG - roll: 359.72 deg, practicalMoveTime: 0.32398437436116817 sec
2026-05-24 21:43:10,009 - mazeUtils.moveTile - [moveTile.py:1116] - DEBUG - moveTile loop time: 42.6 ms
2026-05-24 21:43:10,016 - picamera2.picamera2 - [picamera2.py:1391] - DEBUG - Execute job: <picamera2.job.Job object at 0x7f77da8a10>
2026-05-24 21:43:10,020 - mazeUtils.device.camera - [camera.py:37] - DEBUG - Average HSV: H=14.6, S=52.9, V=215.6
2026-05-24 21:43:10,050 - mazeUtils.moveTile - [moveTile.py:80] - DEBUG - roll: 0.020000000000038654 deg, practicalMoveTime: 0.36094306656752356 sec
2026-05-24 21:43:10,050 - mazeUtils.moveTile - [moveTile.py:1116] - DEBUG - moveTile loop time: 41.5 ms
2026-05-24 21:43:10,057 - picamera2.picamera2 - [picamera2.py:1391] - DEBUG - Execute job: <picamera2.job.Job object at 0x7f65e099d0>
2026-05-24 21:43:10,060 - mazeUtils.device.camera - [camera.py:37] - DEBUG - Average HSV: H=14.7, S=52.7, V=216.0
2026-05-24 21:43:10,099 - mazeUtils.moveTile - [moveTile.py:80] - DEBUG - roll: 359.44 deg, practicalMoveTime: 0.41000059114897563 sec
2026-05-24 21:43:10,100 - mazeUtils.moveTile - [moveTile.py:1116] - DEBUG - moveTile loop time: 49.2 ms
2026-05-24 21:43:10,104 - picamera2.picamera2 - [picamera2.py:1391] - DEBUG - Execute job: <picamera2.job.Job object at 0x7f5c211fd0>
2026-05-24 21:43:10,108 - mazeUtils.device.camera - [camera.py:37] - DEBUG - Average HSV: H=14.6, S=53.1, V=216.6
2026-05-24 21:43:10,138 - mazeUtils.moveTile - [moveTile.py:80] - DEBUG - roll: 359.47 deg, practicalMoveTime: 0.4477313395845108 sec
2026-05-24 21:43:10,138 - mazeUtils.moveTile - [moveTile.py:1116] - DEBUG - moveTile loop time: 38.0 ms
2026-05-24 21:43:10,145 - picamera2.picamera2 - [picamera2.py:1391] - DEBUG - Execute job: <picamera2.job.Job object at 0x7f65dadd10>
2026-05-24 21:43:10,148 - mazeUtils.device.camera - [camera.py:37] - DEBUG - Average HSV: H=14.7, S=53.1, V=216.9
2026-05-24 21:43:10,185 - mazeUtils.moveTile - [moveTile.py:80] - DEBUG - roll: 359.55 deg, practicalMoveTime: 0.49434478720185954 sec
2026-05-24 21:43:10,185 - mazeUtils.moveTile - [moveTile.py:1116] - DEBUG - moveTile loop time: 46.9 ms
2026-05-24 21:43:10,191 - picamera2.picamera2 - [picamera2.py:1391] - DEBUG - Execute job: <picamera2.job.Job object at 0x7f65e099d0>
2026-05-24 21:43:10,195 - mazeUtils.device.camera - [camera.py:37] - DEBUG - Average HSV: H=14.5, S=52.3, V=216.9
2026-05-24 21:43:10,230 - mazeUtils.moveTile - [moveTile.py:80] - DEBUG - roll: 359.70000000000005 deg, practicalMoveTime: 0.5385243363916439 sec
2026-05-24 21:43:10,230 - mazeUtils.moveTile - [moveTile.py:1116] - DEBUG - moveTile loop time: 44.5 ms
2026-05-24 21:43:10,234 - picamera2.picamera2 - [picamera2.py:1391] - DEBUG - Execute job: <picamera2.job.Job object at 0x7f5c1d8f10>
2026-05-24 21:43:10,238 - mazeUtils.device.camera - [camera.py:37] - DEBUG - Average HSV: H=14.5, S=51.6, V=217.5
2026-05-24 21:43:10,274 - mazeUtils.moveTile - [moveTile.py:80] - DEBUG - roll: 359.53000000000003 deg, practicalMoveTime: 0.5826953756215085 sec
2026-05-24 21:43:10,275 - mazeUtils.moveTile - [moveTile.py:1116] - DEBUG - moveTile loop time: 44.4 ms
2026-05-24 21:43:10,281 - picamera2.picamera2 - [picamera2.py:1391] - DEBUG - Execute job: <picamera2.job.Job object at 0x7f4ffb6e10>
2026-05-24 21:43:10,285 - mazeUtils.device.camera - [camera.py:37] - DEBUG - Average HSV: H=14.4, S=49.9, V=218.1
2026-05-24 21:43:10,314 - mazeUtils.moveTile - [moveTile.py:80] - DEBUG - roll: 359.42 deg, practicalMoveTime: 0.6220956032748558 sec
2026-05-24 21:43:10,315 - mazeUtils.moveTile - [moveTile.py:1116] - DEBUG - moveTile loop time: 39.6 ms
2026-05-24 21:43:10,320 - picamera2.picamera2 - [picamera2.py:1391] - DEBUG - Execute job: <picamera2.job.Job object at 0x7f5c1d8f10>
2026-05-24 21:43:10,324 - mazeUtils.device.camera - [camera.py:37] - DEBUG - Average HSV: H=14.6, S=50.0, V=218.5
2026-05-24 21:43:10,352 - mazeUtils.moveTile - [moveTile.py:80] - DEBUG - roll: 359.18 deg, practicalMoveTime: 0.6587789818186426 sec
2026-05-24 21:43:10,352 - mazeUtils.moveTile - [moveTile.py:1116] - DEBUG - moveTile loop time: 36.9 ms
2026-05-24 21:43:10,356 - picamera2.picamera2 - [picamera2.py:1391] - DEBUG - Execute job: <picamera2.job.Job object at 0x7f4ffb6e50>
2026-05-24 21:43:10,359 - mazeUtils.device.camera - [camera.py:37] - DEBUG - Average HSV: H=14.6, S=47.6, V=220.1
2026-05-24 21:43:10,391 - mazeUtils.moveTile - [moveTile.py:80] - DEBUG - roll: 359.72 deg, practicalMoveTime: 0.6974569276296527 sec
2026-05-24 21:43:10,391 - mazeUtils.moveTile - [moveTile.py:1116] - DEBUG - moveTile loop time: 39.0 ms
2026-05-24 21:43:10,398 - picamera2.picamera2 - [picamera2.py:1391] - DEBUG - Execute job: <picamera2.job.Job object at 0x7f4ffb6e10>
2026-05-24 21:43:10,402 - mazeUtils.device.camera - [camera.py:37] - DEBUG - Average HSV: H=14.6, S=47.2, V=220.2
2026-05-24 21:43:10,428 - mazeUtils.moveTile - [moveTile.py:80] - DEBUG - roll: 359.42 deg, practicalMoveTime: 0.7340074840208425 sec
2026-05-24 21:43:10,428 - mazeUtils.moveTile - [moveTile.py:1116] - DEBUG - moveTile loop time: 36.9 ms
2026-05-24 21:43:10,432 - picamera2.picamera2 - [picamera2.py:1391] - DEBUG - Execute job: <picamera2.job.Job object at 0x7f65df8a90>
2026-05-24 21:43:10,435 - mazeUtils.device.camera - [camera.py:37] - DEBUG - Average HSV: H=14.5, S=46.8, V=220.3
2026-05-24 21:43:10,465 - mazeUtils.moveTile - [moveTile.py:80] - DEBUG - roll: 359.12 deg, practicalMoveTime: 0.7710404882168087 sec
2026-05-24 21:43:10,466 - mazeUtils.moveTile - [moveTile.py:1116] - DEBUG - moveTile loop time: 37.5 ms
2026-05-24 21:43:10,471 - picamera2.picamera2 - [picamera2.py:1391] - DEBUG - Execute job: <picamera2.job.Job object at 0x7f77da8a10>
2026-05-24 21:43:10,475 - mazeUtils.device.camera - [camera.py:37] - DEBUG - Average HSV: H=14.4, S=46.5, V=220.6
2026-05-24 21:43:10,504 - mazeUtils.moveTile - [moveTile.py:80] - DEBUG - roll: 359.12 deg, practicalMoveTime: 0.8086000969360255 sec
2026-05-24 21:43:10,504 - mazeUtils.moveTile - [moveTile.py:1116] - DEBUG - moveTile loop time: 37.8 ms
2026-05-24 21:43:10,509 - picamera2.picamera2 - [picamera2.py:1391] - DEBUG - Execute job: <picamera2.job.Job object at 0x7f65df8a90>
2026-05-24 21:43:10,512 - mazeUtils.device.camera - [camera.py:37] - DEBUG - Average HSV: H=14.2, S=47.5, V=220.6
2026-05-24 21:43:10,538 - mazeUtils.moveTile - [moveTile.py:80] - DEBUG - roll: 359.32 deg, practicalMoveTime: 0.8427985950318551 sec
2026-05-24 21:43:10,539 - mazeUtils.moveTile - [moveTile.py:1116] - DEBUG - moveTile loop time: 34.6 ms
2026-05-24 21:43:10,544 - picamera2.picamera2 - [picamera2.py:1391] - DEBUG - Execute job: <picamera2.job.Job object at 0x7f4ffaa010>
2026-05-24 21:43:10,547 - mazeUtils.device.camera - [camera.py:37] - DEBUG - Average HSV: H=14.0, S=47.1, V=220.9
2026-05-24 21:43:10,580 - mazeUtils.moveTile - [moveTile.py:80] - DEBUG - roll: 359.51000000000005 deg, practicalMoveTime: 0.8834703635679688 sec
2026-05-24 21:43:10,580 - mazeUtils.moveTile - [moveTile.py:1116] - DEBUG - moveTile loop time: 40.9 ms
2026-05-24 21:43:10,587 - picamera2.picamera2 - [picamera2.py:1391] - DEBUG - Execute job: <picamera2.job.Job object at 0x7f77da8bd0>
2026-05-24 21:43:10,591 - mazeUtils.device.camera - [camera.py:37] - DEBUG - Average HSV: H=14.2, S=47.5, V=221.1
2026-05-24 21:43:10,623 - mazeUtils.moveTile - [moveTile.py:80] - DEBUG - roll: 359.03000000000003 deg, practicalMoveTime: 0.9263476143612096 sec
2026-05-24 21:43:10,624 - mazeUtils.moveTile - [moveTile.py:1116] - DEBUG - moveTile loop time: 43.3 ms
2026-05-24 21:43:10,630 - picamera2.picamera2 - [picamera2.py:1391] - DEBUG - Execute job: <picamera2.job.Job object at 0x7f77da8bd0>
2026-05-24 21:43:10,633 - mazeUtils.device.camera - [camera.py:37] - DEBUG - Average HSV: H=14.2, S=47.4, V=221.2
2026-05-24 21:43:10,665 - mazeUtils.moveTile - [moveTile.py:80] - DEBUG - roll: 358.91 deg, practicalMoveTime: 0.9676640369200792 sec
2026-05-24 21:43:10,665 - mazeUtils.moveTile - [moveTile.py:1116] - DEBUG - moveTile loop time: 41.6 ms
2026-05-24 21:43:10,670 - picamera2.picamera2 - [picamera2.py:1391] - DEBUG - Execute job: <picamera2.job.Job object at 0x7f4ffb7190>
2026-05-24 21:43:10,674 - mazeUtils.device.camera - [camera.py:37] - DEBUG - Average HSV: H=14.2, S=47.2, V=221.6
2026-05-24 21:43:10,705 - mazeUtils.moveTile - [moveTile.py:80] - DEBUG - roll: 358.83000000000004 deg, practicalMoveTime: 1.0075543524846862 sec
2026-05-24 21:43:10,706 - mazeUtils.moveTile - [moveTile.py:1116] - DEBUG - moveTile loop time: 40.6 ms
2026-05-24 21:43:10,711 - picamera2.picamera2 - [picamera2.py:1391] - DEBUG - Execute job: <picamera2.job.Job object at 0x7f77d83650>
2026-05-24 21:43:10,720 - mazeUtils.device.camera - [camera.py:37] - DEBUG - Average HSV: H=14.4, S=47.2, V=221.9
2026-05-24 21:43:10,751 - mazeUtils.moveTile - [moveTile.py:80] - DEBUG - roll: 359.22 deg, practicalMoveTime: 1.0521969553351451 sec
2026-05-24 21:43:10,752 - mazeUtils.moveTile - [moveTile.py:1116] - DEBUG - moveTile loop time: 45.0 ms
2026-05-24 21:43:10,765 - picamera2.picamera2 - [picamera2.py:1391] - DEBUG - Execute job: <picamera2.job.Job object at 0x7f65df8a90>
2026-05-24 21:43:10,770 - mazeUtils.device.camera - [camera.py:37] - DEBUG - Average HSV: H=14.4, S=47.7, V=222.0
2026-05-24 21:43:10,807 - mazeUtils.moveTile - [moveTile.py:80] - DEBUG - roll: 359.45000000000005 deg, practicalMoveTime: 1.1065789196637381 sec
2026-05-24 21:43:10,810 - mazeUtils.moveTile - [moveTile.py:1116] - DEBUG - moveTile loop time: 56.8 ms
2026-05-24 21:43:10,817 - picamera2.picamera2 - [picamera2.py:1391] - DEBUG - Execute job: <picamera2.job.Job object at 0x7f4ffa9fd0>
2026-05-24 21:43:10,823 - mazeUtils.device.camera - [camera.py:37] - DEBUG - Average HSV: H=14.6, S=47.9, V=222.1
2026-05-24 21:43:10,856 - mazeUtils.moveTile - [moveTile.py:80] - DEBUG - roll: 359.34000000000003 deg, practicalMoveTime: 1.1523760900970084 sec
2026-05-24 21:43:10,856 - mazeUtils.moveTile - [moveTile.py:1116] - DEBUG - moveTile loop time: 45.7 ms
2026-05-24 21:43:10,862 - picamera2.picamera2 - [picamera2.py:1391] - DEBUG - Execute job: <picamera2.job.Job object at 0x7f77da8a10>
2026-05-24 21:43:10,866 - mazeUtils.device.camera - [camera.py:37] - DEBUG - Average HSV: H=14.6, S=48.3, V=222.6
2026-05-24 21:43:10,899 - mazeUtils.moveTile - [moveTile.py:80] - DEBUG - roll: 358.97 deg, practicalMoveTime: 1.1948077399648613 sec
2026-05-24 21:43:10,899 - mazeUtils.moveTile - [moveTile.py:1116] - DEBUG - moveTile loop time: 42.7 ms
2026-05-24 21:43:10,906 - picamera2.picamera2 - [picamera2.py:1391] - DEBUG - Execute job: <picamera2.job.Job object at 0x7f77d83650>
2026-05-24 21:43:10,909 - mazeUtils.device.camera - [camera.py:37] - DEBUG - Average HSV: H=14.5, S=48.1, V=222.9
2026-05-24 21:43:10,940 - mazeUtils.moveTile - [moveTile.py:80] - DEBUG - roll: 359.69 deg, practicalMoveTime: 1.2354048229743428 sec
2026-05-24 21:43:10,940 - mazeUtils.moveTile - [moveTile.py:1116] - DEBUG - moveTile loop time: 40.9 ms
2026-05-24 21:43:10,944 - picamera2.picamera2 - [picamera2.py:1391] - DEBUG - Execute job: <picamera2.job.Job object at 0x7f65df8a90>
2026-05-24 21:43:10,947 - mazeUtils.device.camera - [camera.py:37] - DEBUG - Average HSV: H=14.4, S=48.3, V=222.8
2026-05-24 21:43:10,976 - mazeUtils.moveTile - [moveTile.py:80] - DEBUG - roll: 359.49 deg, practicalMoveTime: 1.2708734266717443 sec
2026-05-24 21:43:10,976 - mazeUtils.moveTile - [moveTile.py:1116] - DEBUG - moveTile loop time: 36.0 ms
2026-05-24 21:43:10,985 - picamera2.picamera2 - [picamera2.py:1391] - DEBUG - Execute job: <picamera2.job.Job object at 0x7f4ffa9fd0>
2026-05-24 21:43:10,988 - mazeUtils.device.camera - [camera.py:37] - DEBUG - Average HSV: H=14.4, S=47.9, V=223.4
2026-05-24 21:43:11,018 - mazeUtils.moveTile - [moveTile.py:80] - DEBUG - roll: 359.21000000000004 deg, practicalMoveTime: 1.3125712564050938 sec
2026-05-24 21:43:11,019 - mazeUtils.moveTile - [moveTile.py:1116] - DEBUG - moveTile loop time: 42.0 ms
2026-05-24 21:43:11,027 - picamera2.picamera2 - [picamera2.py:1391] - DEBUG - Execute job: <picamera2.job.Job object at 0x7f77d80610>
2026-05-24 21:43:11,030 - mazeUtils.device.camera - [camera.py:37] - DEBUG - Average HSV: H=14.3, S=47.8, V=223.3
2026-05-24 21:43:11,058 - mazeUtils.moveTile - [moveTile.py:80] - DEBUG - roll: 359.18 deg, practicalMoveTime: 1.3514061422654884 sec
2026-05-24 21:43:11,058 - mazeUtils.moveTile - [moveTile.py:1116] - DEBUG - moveTile loop time: 39.0 ms
2026-05-24 21:43:11,065 - picamera2.picamera2 - [picamera2.py:1391] - DEBUG - Execute job: <picamera2.job.Job object at 0x7f5c211fd0>
2026-05-24 21:43:11,069 - mazeUtils.device.camera - [camera.py:37] - DEBUG - Average HSV: H=14.4, S=47.3, V=223.4
2026-05-24 21:43:11,096 - mazeUtils.moveTile - [moveTile.py:80] - DEBUG - roll: 359.5 deg, practicalMoveTime: 1.3888755330574905 sec
2026-05-24 21:43:11,096 - mazeUtils.moveTile - [moveTile.py:1116] - DEBUG - moveTile loop time: 37.6 ms
2026-05-24 21:43:11,106 - picamera2.picamera2 - [picamera2.py:1391] - DEBUG - Execute job: <picamera2.job.Job object at 0x7f77da8a10>
2026-05-24 21:43:11,110 - mazeUtils.device.camera - [camera.py:37] - DEBUG - Average HSV: H=14.4, S=46.7, V=223.4
2026-05-24 21:43:11,144 - mazeUtils.moveTile - [moveTile.py:80] - DEBUG - roll: 359.74 deg, practicalMoveTime: 1.436814340009111 sec
2026-05-24 21:43:11,145 - mazeUtils.moveTile - [moveTile.py:1116] - DEBUG - moveTile loop time: 48.4 ms
2026-05-24 21:43:11,150 - picamera2.picamera2 - [picamera2.py:1391] - DEBUG - Execute job: <picamera2.job.Job object at 0x7f65dadd10>
2026-05-24 21:43:11,153 - mazeUtils.device.camera - [camera.py:37] - DEBUG - Average HSV: H=14.3, S=47.4, V=223.2
2026-05-24 21:43:11,178 - mazeUtils.moveTile - [moveTile.py:80] - DEBUG - roll: 359.48 deg, practicalMoveTime: 1.4696766034975177 sec
2026-05-24 21:43:11,178 - mazeUtils.moveTile - [moveTile.py:1116] - DEBUG - moveTile loop time: 32.9 ms
2026-05-24 21:43:11,182 - picamera2.picamera2 - [picamera2.py:1391] - DEBUG - Execute job: <picamera2.job.Job object at 0x7f77da8bd0>
2026-05-24 21:43:11,185 - mazeUtils.device.camera - [camera.py:37] - DEBUG - Average HSV: H=14.3, S=46.7, V=223.7
2026-05-24 21:43:11,223 - mazeUtils.moveTile - [moveTile.py:80] - DEBUG - roll: 359.43 deg, practicalMoveTime: 1.5151059692502278 sec
2026-05-24 21:43:11,224 - mazeUtils.moveTile - [moveTile.py:1116] - DEBUG - moveTile loop time: 45.6 ms
2026-05-24 21:43:11,229 - picamera2.picamera2 - [picamera2.py:1391] - DEBUG - Execute job: <picamera2.job.Job object at 0x7f65df8a90>
2026-05-24 21:43:11,232 - mazeUtils.device.camera - [camera.py:37] - DEBUG - Average HSV: H=14.1, S=46.6, V=223.7
2026-05-24 21:43:11,261 - mazeUtils.moveTile - [moveTile.py:80] - DEBUG - roll: 359.53000000000003 deg, practicalMoveTime: 1.5516862547381027 sec
2026-05-24 21:43:11,261 - mazeUtils.moveTile - [moveTile.py:1116] - DEBUG - moveTile loop time: 36.8 ms
2026-05-24 21:43:11,272 - picamera2.picamera2 - [picamera2.py:1391] - DEBUG - Execute job: <picamera2.job.Job object at 0x7f77da8bd0>
2026-05-24 21:43:11,276 - mazeUtils.device.camera - [camera.py:37] - DEBUG - Average HSV: H=13.9, S=46.0, V=223.8
2026-05-24 21:43:11,305 - mazeUtils.moveTile - [moveTile.py:80] - DEBUG - roll: 359.64000000000004 deg, practicalMoveTime: 1.5955520232171927 sec
2026-05-24 21:43:11,305 - mazeUtils.moveTile - [moveTile.py:1116] - DEBUG - moveTile loop time: 44.2 ms
2026-05-24 21:43:11,314 - picamera2.picamera2 - [picamera2.py:1391] - DEBUG - Execute job: <picamera2.job.Job object at 0x7f65e03f10>
2026-05-24 21:43:11,317 - mazeUtils.device.camera - [camera.py:37] - DEBUG - Average HSV: H=13.8, S=45.8, V=223.9
2026-05-24 21:43:11,345 - mazeUtils.moveTile - [moveTile.py:80] - DEBUG - roll: 359.51000000000005 deg, practicalMoveTime: 1.634940908294768 sec
2026-05-24 21:43:11,345 - mazeUtils.moveTile - [moveTile.py:1116] - DEBUG - moveTile loop time: 39.6 ms
2026-05-24 21:43:11,357 - picamera2.picamera2 - [picamera2.py:1391] - DEBUG - Execute job: <picamera2.job.Job object at 0x7f5c213ed0>
2026-05-24 21:43:11,360 - mazeUtils.device.camera - [camera.py:37] - DEBUG - Average HSV: H=13.9, S=46.0, V=224.0
2026-05-24 21:43:11,396 - mazeUtils.moveTile - [moveTile.py:80] - DEBUG - roll: 359.16 deg, practicalMoveTime: 1.6861348422275433 sec
2026-05-24 21:43:11,397 - mazeUtils.moveTile - [moveTile.py:1116] - DEBUG - moveTile loop time: 51.4 ms
2026-05-24 21:43:11,408 - picamera2.picamera2 - [picamera2.py:1391] - DEBUG - Execute job: <picamera2.job.Job object at 0x7f5c213ed0>
2026-05-24 21:43:11,412 - mazeUtils.device.camera - [camera.py:37] - DEBUG - Average HSV: H=13.9, S=45.9, V=224.2
2026-05-24 21:43:11,441 - mazeUtils.moveTile - [moveTile.py:80] - DEBUG - roll: 359.3 deg, practicalMoveTime: 1.7305427102094852 sec
2026-05-24 21:43:11,442 - mazeUtils.moveTile - [moveTile.py:1116] - DEBUG - moveTile loop time: 44.7 ms
2026-05-24 21:43:11,449 - picamera2.picamera2 - [picamera2.py:1391] - DEBUG - Execute job: <picamera2.job.Job object at 0x7f77d80610>
2026-05-24 21:43:11,452 - mazeUtils.device.camera - [camera.py:37] - DEBUG - Average HSV: H=13.7, S=44.7, V=224.5
2026-05-24 21:43:11,479 - mazeUtils.moveTile - [moveTile.py:80] - DEBUG - roll: 359.78000000000003 deg, practicalMoveTime: 1.7679026261453632 sec
2026-05-24 21:43:11,480 - mazeUtils.moveTile - [moveTile.py:1116] - DEBUG - moveTile loop time: 37.6 ms
2026-05-24 21:43:11,484 - picamera2.picamera2 - [picamera2.py:1391] - DEBUG - Execute job: <picamera2.job.Job object at 0x7f77da8a10>
2026-05-24 21:43:11,487 - mazeUtils.device.camera - [camera.py:37] - DEBUG - Average HSV: H=13.6, S=44.4, V=224.5
2026-05-24 21:43:11,516 - mazeUtils.moveTile - [moveTile.py:80] - DEBUG - roll: 359.75 deg, practicalMoveTime: 1.8040117298886966 sec
2026-05-24 21:43:11,516 - mazeUtils.moveTile - [moveTile.py:1116] - DEBUG - moveTile loop time: 36.5 ms
2026-05-24 21:43:11,522 - picamera2.picamera2 - [picamera2.py:1391] - DEBUG - Execute job: <picamera2.job.Job object at 0x7f65e02150>
2026-05-24 21:43:11,526 - mazeUtils.device.camera - [camera.py:37] - DEBUG - Average HSV: H=13.6, S=44.2, V=224.7
2026-05-24 21:43:11,553 - mazeUtils.moveTile - [moveTile.py:80] - DEBUG - roll: 359.51000000000005 deg, practicalMoveTime: 1.840761179402347 sec
2026-05-24 21:43:11,554 - mazeUtils.moveTile - [moveTile.py:1116] - DEBUG - moveTile loop time: 36.2 ms
2026-05-24 21:43:11,559 - picamera2.picamera2 - [picamera2.py:1391] - DEBUG - Execute job: <picamera2.job.Job object at 0x7f77d80610>
2026-05-24 21:43:11,562 - mazeUtils.device.camera - [camera.py:37] - DEBUG - Average HSV: H=13.6, S=43.4, V=225.4
2026-05-24 21:43:11,591 - mazeUtils.moveTile - [moveTile.py:80] - DEBUG - roll: 359.27000000000004 deg, practicalMoveTime: 1.8782630467684371 sec
2026-05-24 21:43:11,592 - mazeUtils.moveTile - [moveTile.py:1116] - DEBUG - moveTile loop time: 37.8 ms
2026-05-24 21:43:11,597 - picamera2.picamera2 - [picamera2.py:1391] - DEBUG - Execute job: <picamera2.job.Job object at 0x7f65e02150>
2026-05-24 21:43:11,600 - mazeUtils.device.camera - [camera.py:37] - DEBUG - Average HSV: H=13.5, S=43.4, V=225.4
2026-05-24 21:43:11,741 - mazeUtils.moveTile - [moveTile.py:511] - DEBUG - Direction: absDirection.NORTH, Angle: 0, Distance: 51.0167333151662 cm
2026-05-24 21:43:11,743 - mazeUtils.moveTile - [moveTile.py:511] - DEBUG - Direction: absDirection.EAST, Angle: 270, Distance: 20.097118024765457 cm
2026-05-24 21:43:11,744 - mazeUtils.moveTile - [moveTile.py:511] - DEBUG - Direction: absDirection.SOUTH, Angle: 180, Distance: 50.695800110797286 cm
2026-05-24 21:43:11,745 - mazeUtils.moveTile - [moveTile.py:511] - DEBUG - Direction: absDirection.WEST, Angle: 90, Distance: 47.320276916251025 cm
2026-05-24 21:43:11,754 - mazeUtils.mazeMap - [mazeMap.py:323] - DEBUG - Silver tile detected, saving cache
2026-05-24 21:43:12,784 - mazeUtils.moveTile - [moveTile.py:1274] - INFO - Tile color detection counts: {}, decided tile type: V
2026-05-24 21:43:12,785 - mazeUtils.moveTile - [moveTile.py:1282] - INFO - Moved to (20, 19, 0), Tile type: V, Wall types: {<absDirection.NORTH: 0>: <wallType.NO_WALL: 1>, <absDirection.EAST: 270>: <wallType.WALL: 2>, <absDirection.SOUTH: 180>: <wallType.NO_WALL: 1>, <absDirection.WEST: 90>: <wallType.NO_WALL: 1>}
2026-05-24 21:43:12,843 - __main__ - [main.py:84] - INFO - Current position: (20, 19, 0), front direction: absDirection.NORTH
Layer 0 (altitude=0.0cm, offset=(0.0cm, 0.0cm)):
Known map area: x=20..20, y=19..20
+   +
  @ |
+   +
  S |
+---+
mazeAsGraph[0][19][20] = {absDirection.NORTH: (20, 18, 0), absDirection.EAST: None, absDirection.SOUTH: (20, 20, 0), absDirection.WEST: (19, 19, 0)}
mazeAsGraph[0][20][20] = {absDirection.NORTH: (20, 19, 0), absDirection.EAST: None, absDirection.SOUTH: None, absDirection.WEST: (19, 20, 0)}
2026-05-24 21:43:12,854 - mazeUtils.mazeMap - [mazeMap.py:61] - INFO - next goal: (20, 18, 0)
2026-05-24 21:43:12,855 - mazeUtils.mazeMap - [mazeMap.py:61] - INFO - next goal: (20, 18, 0)
2026-05-24 21:43:12,863 - mazeUtils.moveTile - [moveTile.py:80] - DEBUG - Moving to absDirection.NORTH from (20, 19, 0) facing absDirection.NORTH
2026-05-24 21:43:12,886 - mazeUtils.moveTile - [moveTile.py:80] - DEBUG - current heading: 4.060000000000002 target: 0
2026-05-24 21:43:12,905 - mazeUtils.moveTile - [moveTile.py:387] - DEBUG - stopped turning at heading: 4.060000000000002, diff: 4.060000000000002
2026-05-24 21:43:14,219 - mazeUtils.moveTile - [moveTile.py:80] - DEBUG - Turned to heading: 0.1500000000000341 deg
2026-05-24 21:43:14,276 - picamera2.picamera2 - [picamera2.py:1391] - DEBUG - Execute job: <picamera2.job.Job object at 0x7f4ffa12d0>
2026-05-24 21:43:14,279 - mazeUtils.device.camera - [camera.py:37] - DEBUG - Average HSV: H=13.8, S=44.3, V=223.7
2026-05-24 21:43:14,309 - mazeUtils.moveTile - [moveTile.py:80] - DEBUG - roll: 358.82 deg, practicalMoveTime: 0.037593973646454344 sec
2026-05-24 21:43:14,309 - mazeUtils.moveTile - [moveTile.py:1116] - DEBUG - moveTile loop time: 37.4 ms
2026-05-24 21:43:14,320 - picamera2.picamera2 - [picamera2.py:1391] - DEBUG - Execute job: <picamera2.job.Job object at 0x7f4ffa12d0>
2026-05-24 21:43:14,323 - mazeUtils.device.camera - [camera.py:37] - DEBUG - Average HSV: H=13.8, S=44.2, V=223.8
2026-05-24 21:43:14,352 - mazeUtils.moveTile - [moveTile.py:80] - DEBUG - roll: 359.02000000000004 deg, practicalMoveTime: 0.07995547312797513 sec
2026-05-24 21:43:14,352 - mazeUtils.moveTile - [moveTile.py:1116] - DEBUG - moveTile loop time: 42.6 ms
2026-05-24 21:43:14,361 - picamera2.picamera2 - [picamera2.py:1391] - DEBUG - Execute job: <picamera2.job.Job object at 0x7f4ffa0b50>
2026-05-24 21:43:14,364 - mazeUtils.device.camera - [camera.py:37] - DEBUG - Average HSV: H=13.6, S=42.7, V=224.7
2026-05-24 21:43:14,391 - mazeUtils.moveTile - [moveTile.py:80] - DEBUG - roll: 0.30000000000001137 deg, practicalMoveTime: 0.11499236734077467 sec
2026-05-24 21:43:14,392 - mazeUtils.moveTile - [moveTile.py:1116] - DEBUG - moveTile loop time: 39.1 ms
2026-05-24 21:43:14,398 - picamera2.picamera2 - [picamera2.py:1391] - DEBUG - Execute job: <picamera2.job.Job object at 0x7f4ffa0b50>
2026-05-24 21:43:14,400 - mazeUtils.device.camera - [camera.py:37] - DEBUG - Average HSV: H=13.6, S=44.0, V=224.3
2026-05-24 21:43:14,430 - mazeUtils.moveTile - [moveTile.py:80] - DEBUG - roll: 0.3900000000000432 deg, practicalMoveTime: 0.14946889789086315 sec
2026-05-24 21:43:14,430 - mazeUtils.moveTile - [moveTile.py:1116] - DEBUG - moveTile loop time: 38.6 ms
2026-05-24 21:43:14,435 - picamera2.picamera2 - [picamera2.py:1391] - DEBUG - Execute job: <picamera2.job.Job object at 0x7f4ffa0790>
2026-05-24 21:43:14,438 - mazeUtils.device.camera - [camera.py:37] - DEBUG - Average HSV: H=13.6, S=44.6, V=224.5
2026-05-24 21:43:14,469 - mazeUtils.moveTile - [moveTile.py:80] - DEBUG - roll: 359.29 deg, practicalMoveTime: 0.18816388473786083 sec
2026-05-24 21:43:14,469 - mazeUtils.moveTile - [moveTile.py:1116] - DEBUG - moveTile loop time: 38.9 ms
2026-05-24 21:43:14,478 - picamera2.picamera2 - [picamera2.py:1391] - DEBUG - Execute job: <picamera2.job.Job object at 0x7f66d09f90>
2026-05-24 21:43:14,481 - mazeUtils.device.camera - [camera.py:37] - DEBUG - Average HSV: H=13.6, S=45.2, V=224.3
2026-05-24 21:43:14,510 - mazeUtils.moveTile - [moveTile.py:80] - DEBUG - roll: 358.95000000000005 deg, practicalMoveTime: 0.22853877402153597 sec
2026-05-24 21:43:14,511 - mazeUtils.moveTile - [moveTile.py:1116] - DEBUG - moveTile loop time: 40.5 ms
2026-05-24 21:43:14,517 - picamera2.picamera2 - [picamera2.py:1391] - DEBUG - Execute job: <picamera2.job.Job object at 0x7f4ffa0790>
2026-05-24 21:43:14,520 - mazeUtils.device.camera - [camera.py:37] - DEBUG - Average HSV: H=13.7, S=46.0, V=224.5
2026-05-24 21:43:14,547 - mazeUtils.moveTile - [moveTile.py:80] - DEBUG - roll: 359.59000000000003 deg, practicalMoveTime: 0.2645969919589477 sec
2026-05-24 21:43:14,547 - mazeUtils.moveTile - [moveTile.py:1116] - DEBUG - moveTile loop time: 36.3 ms
2026-05-24 21:43:14,559 - picamera2.picamera2 - [picamera2.py:1391] - DEBUG - Execute job: <picamera2.job.Job object at 0x7f4ffa0790>
2026-05-24 21:43:14,562 - mazeUtils.device.camera - [camera.py:37] - DEBUG - Average HSV: H=13.8, S=45.6, V=224.4
2026-05-24 21:43:14,596 - mazeUtils.moveTile - [moveTile.py:80] - DEBUG - roll: 359.49 deg, practicalMoveTime: 0.31381536564694024 sec
2026-05-24 21:43:14,597 - mazeUtils.moveTile - [moveTile.py:1116] - DEBUG - moveTile loop time: 49.5 ms
2026-05-24 21:43:14,603 - picamera2.picamera2 - [picamera2.py:1391] - DEBUG - Execute job: <picamera2.job.Job object at 0x7f4ffa0790>
2026-05-24 21:43:14,606 - mazeUtils.device.camera - [camera.py:37] - DEBUG - Average HSV: H=13.8, S=45.4, V=224.5
2026-05-24 21:43:14,635 - mazeUtils.moveTile - [moveTile.py:80] - DEBUG - roll: 359.26000000000005 deg, practicalMoveTime: 0.35179013205356324 sec
2026-05-24 21:43:14,635 - mazeUtils.moveTile - [moveTile.py:1116] - DEBUG - moveTile loop time: 38.3 ms
2026-05-24 21:43:14,640 - picamera2.picamera2 - [picamera2.py:1391] - DEBUG - Execute job: <picamera2.job.Job object at 0x7f4ffa0b50>
2026-05-24 21:43:14,644 - mazeUtils.device.camera - [camera.py:37] - DEBUG - Average HSV: H=13.8, S=45.5, V=224.8
2026-05-24 21:43:14,672 - mazeUtils.moveTile - [moveTile.py:80] - DEBUG - roll: 358.81 deg, practicalMoveTime: 0.3884600588737299 sec
2026-05-24 21:43:14,672 - mazeUtils.moveTile - [moveTile.py:1116] - DEBUG - moveTile loop time: 36.7 ms
2026-05-24 21:43:14,677 - picamera2.picamera2 - [picamera2.py:1391] - DEBUG - Execute job: <picamera2.job.Job object at 0x7f65e02150>
2026-05-24 21:43:14,680 - mazeUtils.device.camera - [camera.py:37] - DEBUG - Average HSV: H=13.7, S=44.9, V=224.5
2026-05-24 21:43:14,708 - mazeUtils.moveTile - [moveTile.py:80] - DEBUG - roll: 359.1 deg, practicalMoveTime: 0.42350636533387837 sec
2026-05-24 21:43:14,708 - mazeUtils.moveTile - [moveTile.py:1116] - DEBUG - moveTile loop time: 35.3 ms
2026-05-24 21:43:14,713 - picamera2.picamera2 - [picamera2.py:1391] - DEBUG - Execute job: <picamera2.job.Job object at 0x7f4ffa0790>
2026-05-24 21:43:14,717 - mazeUtils.device.camera - [camera.py:37] - DEBUG - Average HSV: H=13.8, S=45.5, V=224.8
2026-05-24 21:43:14,746 - mazeUtils.moveTile - [moveTile.py:80] - DEBUG - roll: 359.03000000000003 deg, practicalMoveTime: 0.46182785161403933 sec
2026-05-24 21:43:14,747 - mazeUtils.moveTile - [moveTile.py:1116] - DEBUG - moveTile loop time: 38.4 ms
2026-05-24 21:43:14,752 - picamera2.picamera2 - [picamera2.py:1391] - DEBUG - Execute job: <picamera2.job.Job object at 0x7f4ffa0c90>
2026-05-24 21:43:14,755 - mazeUtils.device.camera - [camera.py:37] - DEBUG - Average HSV: H=13.8, S=45.1, V=224.9
2026-05-24 21:43:14,784 - mazeUtils.moveTile - [moveTile.py:80] - DEBUG - roll: 358.91 deg, practicalMoveTime: 0.49869308964418096 sec
2026-05-24 21:43:14,784 - mazeUtils.moveTile - [moveTile.py:1116] - DEBUG - moveTile loop time: 37.1 ms
2026-05-24 21:43:14,790 - picamera2.picamera2 - [picamera2.py:1391] - DEBUG - Execute job: <picamera2.job.Job object at 0x7f4ffa0790>
2026-05-24 21:43:14,793 - mazeUtils.device.camera - [camera.py:37] - DEBUG - Average HSV: H=13.7, S=45.1, V=224.7
2026-05-24 21:43:14,820 - mazeUtils.moveTile - [moveTile.py:80] - DEBUG - roll: 358.61 deg, practicalMoveTime: 0.5342019991693049 sec
2026-05-24 21:43:14,820 - mazeUtils.moveTile - [moveTile.py:1116] - DEBUG - moveTile loop time: 35.8 ms
2026-05-24 21:43:14,825 - picamera2.picamera2 - [picamera2.py:1391] - DEBUG - Execute job: <picamera2.job.Job object at 0x7f4ffa0b50>
2026-05-24 21:43:14,828 - mazeUtils.device.camera - [camera.py:37] - DEBUG - Average HSV: H=13.8, S=45.2, V=225.3
2026-05-24 21:43:14,855 - mazeUtils.moveTile - [moveTile.py:80] - DEBUG - roll: 358.88 deg, practicalMoveTime: 0.5695129111098733 sec
2026-05-24 21:43:14,856 - mazeUtils.moveTile - [moveTile.py:1116] - DEBUG - moveTile loop time: 35.6 ms
2026-05-24 21:43:14,862 - picamera2.picamera2 - [picamera2.py:1391] - DEBUG - Execute job: <picamera2.job.Job object at 0x7f4ffa0790>
2026-05-24 21:43:14,865 - mazeUtils.device.camera - [camera.py:37] - DEBUG - Average HSV: H=13.8, S=44.8, V=225.7
2026-05-24 21:43:14,892 - mazeUtils.moveTile - [moveTile.py:80] - DEBUG - roll: 358.90000000000003 deg, practicalMoveTime: 0.6060297608078511 sec
2026-05-24 21:43:14,893 - mazeUtils.moveTile - [moveTile.py:1116] - DEBUG - moveTile loop time: 36.8 ms
2026-05-24 21:43:14,897 - picamera2.picamera2 - [picamera2.py:1391] - DEBUG - Execute job: <picamera2.job.Job object at 0x7f4ffa0b50>
2026-05-24 21:43:14,902 - mazeUtils.device.camera - [camera.py:37] - DEBUG - Average HSV: H=13.7, S=44.6, V=225.9
2026-05-24 21:43:14,932 - mazeUtils.moveTile - [moveTile.py:80] - DEBUG - roll: 358.71000000000004 deg, practicalMoveTime: 0.6449121728438674 sec
2026-05-24 21:43:14,932 - mazeUtils.moveTile - [moveTile.py:1116] - DEBUG - moveTile loop time: 39.2 ms
2026-05-24 21:43:14,938 - picamera2.picamera2 - [picamera2.py:1391] - DEBUG - Execute job: <picamera2.job.Job object at 0x7f4ffa0790>
2026-05-24 21:43:14,942 - mazeUtils.device.camera - [camera.py:37] - DEBUG - Average HSV: H=13.6, S=44.2, V=225.9
2026-05-24 21:43:14,974 - mazeUtils.moveTile - [moveTile.py:80] - DEBUG - roll: 359.06 deg, practicalMoveTime: 0.6868984707765431 sec
2026-05-24 21:43:14,975 - mazeUtils.moveTile - [moveTile.py:1116] - DEBUG - moveTile loop time: 42.4 ms
2026-05-24 21:43:14,981 - picamera2.picamera2 - [picamera2.py:1391] - DEBUG - Execute job: <picamera2.job.Job object at 0x7f66d09f90>
2026-05-24 21:43:14,984 - mazeUtils.device.camera - [camera.py:37] - DEBUG - Average HSV: H=13.6, S=44.1, V=225.6
2026-05-24 21:43:15,014 - mazeUtils.moveTile - [moveTile.py:80] - DEBUG - roll: 358.6 deg, practicalMoveTime: 0.726289431973363 sec
2026-05-24 21:43:15,015 - mazeUtils.moveTile - [moveTile.py:1116] - DEBUG - moveTile loop time: 39.6 ms
2026-05-24 21:43:15,020 - picamera2.picamera2 - [picamera2.py:1391] - DEBUG - Execute job: <picamera2.job.Job object at 0x7f66cadc50>
2026-05-24 21:43:15,023 - mazeUtils.device.camera - [camera.py:37] - DEBUG - Average HSV: H=13.7, S=44.0, V=225.9
2026-05-24 21:43:15,053 - mazeUtils.moveTile - [moveTile.py:80] - DEBUG - roll: 358.56 deg, practicalMoveTime: 0.7647306285267261 sec
2026-05-24 21:43:15,054 - mazeUtils.moveTile - [moveTile.py:1116] - DEBUG - moveTile loop time: 38.8 ms
2026-05-24 21:43:15,058 - picamera2.picamera2 - [picamera2.py:1391] - DEBUG - Execute job: <picamera2.job.Job object at 0x7f4ffa0b50>
2026-05-24 21:43:15,061 - mazeUtils.device.camera - [camera.py:37] - DEBUG - Average HSV: H=13.7, S=43.9, V=226.3
2026-05-24 21:43:15,086 - mazeUtils.moveTile - [moveTile.py:80] - DEBUG - roll: 358.46000000000004 deg, practicalMoveTime: 0.7970253923742829 sec
2026-05-24 21:43:15,087 - mazeUtils.moveTile - [moveTile.py:1116] - DEBUG - moveTile loop time: 32.7 ms
2026-05-24 21:43:15,092 - picamera2.picamera2 - [picamera2.py:1391] - DEBUG - Execute job: <picamera2.job.Job object at 0x7f4ffa12d0>
2026-05-24 21:43:15,095 - mazeUtils.device.camera - [camera.py:37] - DEBUG - Average HSV: H=13.8, S=44.1, V=226.5
2026-05-24 21:43:15,122 - mazeUtils.moveTile - [moveTile.py:80] - DEBUG - roll: 358.53000000000003 deg, practicalMoveTime: 0.83242009102692 sec
2026-05-24 21:43:15,123 - mazeUtils.moveTile - [moveTile.py:1116] - DEBUG - moveTile loop time: 35.8 ms
2026-05-24 21:43:15,129 - picamera2.picamera2 - [picamera2.py:1391] - DEBUG - Execute job: <picamera2.job.Job object at 0x7f4ffa12d0>
2026-05-24 21:43:15,132 - mazeUtils.device.camera - [camera.py:37] - DEBUG - Average HSV: H=13.9, S=45.0, V=226.3
2026-05-24 21:43:15,162 - mazeUtils.moveTile - [moveTile.py:80] - DEBUG - roll: 358.62 deg, practicalMoveTime: 0.8712083618159548 sec
2026-05-24 21:43:15,162 - mazeUtils.moveTile - [moveTile.py:1116] - DEBUG - moveTile loop time: 39.1 ms
2026-05-24 21:43:15,170 - picamera2.picamera2 - [picamera2.py:1391] - DEBUG - Execute job: <picamera2.job.Job object at 0x7f4ffa12d0>
2026-05-24 21:43:15,174 - mazeUtils.device.camera - [camera.py:37] - DEBUG - Average HSV: H=13.8, S=44.8, V=226.3
2026-05-24 21:43:15,211 - mazeUtils.moveTile - [moveTile.py:80] - DEBUG - roll: 358.55 deg, practicalMoveTime: 0.9196576179002107 sec
2026-05-24 21:43:15,211 - mazeUtils.moveTile - [moveTile.py:1116] - DEBUG - moveTile loop time: 48.8 ms
2026-05-24 21:43:15,218 - picamera2.picamera2 - [picamera2.py:1391] - DEBUG - Execute job: <picamera2.job.Job object at 0x7f4ffa0c90>
2026-05-24 21:43:15,222 - mazeUtils.device.camera - [camera.py:37] - DEBUG - Average HSV: H=13.8, S=44.0, V=227.2
2026-05-24 21:43:15,251 - mazeUtils.moveTile - [moveTile.py:80] - DEBUG - roll: 358.18 deg, practicalMoveTime: 0.9596233415744382 sec
2026-05-24 21:43:15,252 - mazeUtils.moveTile - [moveTile.py:1116] - DEBUG - moveTile loop time: 40.6 ms
2026-05-24 21:43:15,261 - picamera2.picamera2 - [picamera2.py:1391] - DEBUG - Execute job: <picamera2.job.Job object at 0x7f4ffa1190>
2026-05-24 21:43:15,264 - mazeUtils.device.camera - [camera.py:37] - DEBUG - Average HSV: H=13.6, S=42.7, V=227.4
2026-05-24 21:43:15,292 - mazeUtils.moveTile - [moveTile.py:80] - DEBUG - roll: 358.43 deg, practicalMoveTime: 0.999404039333502 sec
2026-05-24 21:43:15,292 - mazeUtils.moveTile - [moveTile.py:1116] - DEBUG - moveTile loop time: 40.0 ms
2026-05-24 21:43:15,297 - picamera2.picamera2 - [picamera2.py:1391] - DEBUG - Execute job: <picamera2.job.Job object at 0x7f4ffa12d0>
2026-05-24 21:43:15,301 - mazeUtils.device.camera - [camera.py:37] - DEBUG - Average HSV: H=13.5, S=41.9, V=227.8
2026-05-24 21:43:15,340 - mazeUtils.moveTile - [moveTile.py:80] - DEBUG - roll: 358.47 deg, practicalMoveTime: 1.0469182215475576 sec
2026-05-24 21:43:15,340 - mazeUtils.moveTile - [moveTile.py:1116] - DEBUG - moveTile loop time: 47.7 ms
2026-05-24 21:43:15,346 - picamera2.picamera2 - [picamera2.py:1391] - DEBUG - Execute job: <picamera2.job.Job object at 0x7f7efc95d0>
2026-05-24 21:43:15,349 - mazeUtils.device.camera - [camera.py:37] - DEBUG - Average HSV: H=13.7, S=42.7, V=227.3
2026-05-24 21:43:15,376 - mazeUtils.moveTile - [moveTile.py:80] - DEBUG - roll: 358.6 deg, practicalMoveTime: 1.0824741729380833 sec
2026-05-24 21:43:15,376 - mazeUtils.moveTile - [moveTile.py:1116] - DEBUG - moveTile loop time: 35.8 ms
2026-05-24 21:43:15,384 - picamera2.picamera2 - [picamera2.py:1391] - DEBUG - Execute job: <picamera2.job.Job object at 0x7f4ffa0c90>
2026-05-24 21:43:15,387 - mazeUtils.device.camera - [camera.py:37] - DEBUG - Average HSV: H=13.8, S=43.7, V=227.3
2026-05-24 21:43:15,414 - mazeUtils.moveTile - [moveTile.py:80] - DEBUG - roll: 358.35 deg, practicalMoveTime: 1.1198567663956633 sec
2026-05-24 21:43:15,414 - mazeUtils.moveTile - [moveTile.py:1116] - DEBUG - moveTile loop time: 37.7 ms
2026-05-24 21:43:15,418 - picamera2.picamera2 - [picamera2.py:1391] - DEBUG - Execute job: <picamera2.job.Job object at 0x7f66d09f90>
2026-05-24 21:43:15,421 - mazeUtils.device.camera - [camera.py:37] - DEBUG - Average HSV: H=13.7, S=43.4, V=228.1
2026-05-24 21:43:15,462 - mazeUtils.moveTile - [moveTile.py:80] - DEBUG - roll: 358.38 deg, practicalMoveTime: 1.1678035981690182 sec
2026-05-24 21:43:15,463 - mazeUtils.moveTile - [moveTile.py:1116] - DEBUG - moveTile loop time: 48.2 ms
2026-05-24 21:43:15,469 - picamera2.picamera2 - [picamera2.py:1391] - DEBUG - Execute job: <picamera2.job.Job object at 0x7f4ffa03d0>
2026-05-24 21:43:15,472 - mazeUtils.device.camera - [camera.py:37] - DEBUG - Average HSV: H=13.9, S=44.6, V=227.5
2026-05-24 21:43:15,502 - mazeUtils.moveTile - [moveTile.py:80] - DEBUG - roll: 358.58000000000004 deg, practicalMoveTime: 1.206927750808845 sec
2026-05-24 21:43:15,503 - mazeUtils.moveTile - [moveTile.py:1116] - DEBUG - moveTile loop time: 39.7 ms
2026-05-24 21:43:15,509 - picamera2.picamera2 - [picamera2.py:1391] - DEBUG - Execute job: <picamera2.job.Job object at 0x7f4ffa03d0>
2026-05-24 21:43:15,513 - mazeUtils.device.camera - [camera.py:37] - DEBUG - Average HSV: H=14.1, S=45.6, V=227.5
2026-05-24 21:43:15,542 - mazeUtils.moveTile - [moveTile.py:80] - DEBUG - roll: 358.69 deg, practicalMoveTime: 1.246353307125952 sec
2026-05-24 21:43:15,543 - mazeUtils.moveTile - [moveTile.py:1116] - DEBUG - moveTile loop time: 39.7 ms
2026-05-24 21:43:15,555 - picamera2.picamera2 - [picamera2.py:1391] - DEBUG - Execute job: <picamera2.job.Job object at 0x7f4ffa1190>
2026-05-24 21:43:15,558 - mazeUtils.device.camera - [camera.py:37] - DEBUG - Average HSV: H=14.1, S=45.6, V=227.3
2026-05-24 21:43:15,598 - mazeUtils.moveTile - [moveTile.py:80] - DEBUG - roll: 358.51000000000005 deg, practicalMoveTime: 1.301359802663779 sec
2026-05-24 21:43:15,598 - mazeUtils.moveTile - [moveTile.py:1116] - DEBUG - moveTile loop time: 55.1 ms
2026-05-24 21:43:15,605 - picamera2.picamera2 - [picamera2.py:1391] - DEBUG - Execute job: <picamera2.job.Job object at 0x7f4ffa12d0>
2026-05-24 21:43:15,608 - mazeUtils.device.camera - [camera.py:37] - DEBUG - Average HSV: H=14.1, S=44.6, V=228.1
2026-05-24 21:43:15,640 - mazeUtils.moveTile - [moveTile.py:80] - DEBUG - roll: 358.81 deg, practicalMoveTime: 1.342681702935384 sec
2026-05-24 21:43:15,640 - mazeUtils.moveTile - [moveTile.py:1116] - DEBUG - moveTile loop time: 41.7 ms
2026-05-24 21:43:15,647 - picamera2.picamera2 - [picamera2.py:1391] - DEBUG - Execute job: <picamera2.job.Job object at 0x7f65e02150>
2026-05-24 21:43:15,650 - mazeUtils.device.camera - [camera.py:37] - DEBUG - Average HSV: H=14.3, S=45.2, V=227.5
2026-05-24 21:43:15,677 - mazeUtils.moveTile - [moveTile.py:80] - DEBUG - roll: 358.89000000000004 deg, practicalMoveTime: 1.3796973461467639 sec
2026-05-24 21:43:15,678 - mazeUtils.moveTile - [moveTile.py:1116] - DEBUG - moveTile loop time: 37.1 ms
2026-05-24 21:43:15,684 - picamera2.picamera2 - [picamera2.py:1391] - DEBUG - Execute job: <picamera2.job.Job object at 0x7f4ffa03d0>
2026-05-24 21:43:15,687 - mazeUtils.device.camera - [camera.py:37] - DEBUG - Average HSV: H=14.3, S=45.6, V=226.8
2026-05-24 21:43:15,718 - mazeUtils.moveTile - [moveTile.py:80] - DEBUG - roll: 359.01000000000005 deg, practicalMoveTime: 1.4195533132925213 sec
2026-05-24 21:43:15,718 - mazeUtils.moveTile - [moveTile.py:1116] - DEBUG - moveTile loop time: 40.2 ms
2026-05-24 21:43:15,725 - picamera2.picamera2 - [picamera2.py:1391] - DEBUG - Execute job: <picamera2.job.Job object at 0x7f4ffa03d0>
2026-05-24 21:43:15,728 - mazeUtils.device.camera - [camera.py:37] - DEBUG - Average HSV: H=14.3, S=45.7, V=226.7
2026-05-24 21:43:15,754 - mazeUtils.moveTile - [moveTile.py:80] - DEBUG - roll: 359.27000000000004 deg, practicalMoveTime: 1.455631698867954 sec
2026-05-24 21:43:15,755 - mazeUtils.moveTile - [moveTile.py:1116] - DEBUG - moveTile loop time: 36.3 ms
2026-05-24 21:43:15,765 - picamera2.picamera2 - [picamera2.py:1391] - DEBUG - Execute job: <picamera2.job.Job object at 0x7f4ffa0b50>
2026-05-24 21:43:15,769 - mazeUtils.device.camera - [camera.py:37] - DEBUG - Average HSV: H=14.4, S=45.9, V=226.8
2026-05-24 21:43:15,811 - mazeUtils.moveTile - [moveTile.py:80] - DEBUG - roll: 358.83000000000004 deg, practicalMoveTime: 1.5111761749717931 sec
2026-05-24 21:43:15,811 - mazeUtils.moveTile - [moveTile.py:1116] - DEBUG - moveTile loop time: 56.0 ms
2026-05-24 21:43:15,818 - picamera2.picamera2 - [picamera2.py:1391] - DEBUG - Execute job: <picamera2.job.Job object at 0x7f4ffa0b50>
2026-05-24 21:43:15,822 - mazeUtils.device.camera - [camera.py:37] - DEBUG - Average HSV: H=14.3, S=45.5, V=227.6
2026-05-24 21:43:15,852 - mazeUtils.moveTile - [moveTile.py:80] - DEBUG - roll: 358.69 deg, practicalMoveTime: 1.5522082525129024 sec
2026-05-24 21:43:15,854 - mazeUtils.moveTile - [moveTile.py:1116] - DEBUG - moveTile loop time: 43.0 ms
2026-05-24 21:43:15,860 - picamera2.picamera2 - [picamera2.py:1391] - DEBUG - Execute job: <picamera2.job.Job object at 0x7f4ffa0b50>
2026-05-24 21:43:15,866 - mazeUtils.device.camera - [camera.py:37] - DEBUG - Average HSV: H=14.3, S=45.5, V=227.4
2026-05-24 21:43:15,903 - mazeUtils.moveTile - [moveTile.py:80] - DEBUG - roll: 359.01000000000005 deg, practicalMoveTime: 1.6003291962839405 sec
2026-05-24 21:43:15,904 - mazeUtils.moveTile - [moveTile.py:1116] - DEBUG - moveTile loop time: 48.6 ms
2026-05-24 21:43:15,909 - picamera2.picamera2 - [picamera2.py:1391] - DEBUG - Execute job: <picamera2.job.Job object at 0x7f65e02150>
2026-05-24 21:43:15,916 - mazeUtils.device.camera - [camera.py:37] - DEBUG - Average HSV: H=14.2, S=45.2, V=227.6
2026-05-24 21:43:15,947 - mazeUtils.moveTile - [moveTile.py:80] - DEBUG - roll: 359.32 deg, practicalMoveTime: 1.6433316340111435 sec
2026-05-24 21:43:15,947 - mazeUtils.moveTile - [moveTile.py:1116] - DEBUG - moveTile loop time: 43.3 ms
2026-05-24 21:43:15,952 - picamera2.picamera2 - [picamera2.py:1391] - DEBUG - Execute job: <picamera2.job.Job object at 0x7f66cadc50>
2026-05-24 21:43:15,956 - mazeUtils.device.camera - [camera.py:37] - DEBUG - Average HSV: H=14.2, S=45.4, V=227.9
2026-05-24 21:43:15,983 - mazeUtils.moveTile - [moveTile.py:80] - DEBUG - roll: 359.34000000000003 deg, practicalMoveTime: 1.678709411764632 sec
2026-05-24 21:43:15,983 - mazeUtils.moveTile - [moveTile.py:1116] - DEBUG - moveTile loop time: 35.8 ms
2026-05-24 21:43:15,995 - picamera2.picamera2 - [picamera2.py:1391] - DEBUG - Execute job: <picamera2.job.Job object at 0x7f4ffa0790>
2026-05-24 21:43:15,998 - mazeUtils.device.camera - [camera.py:37] - DEBUG - Average HSV: H=14.1, S=44.3, V=228.9
2026-05-24 21:43:16,027 - mazeUtils.moveTile - [moveTile.py:80] - DEBUG - roll: 358.99 deg, practicalMoveTime: 1.722335140076717 sec
2026-05-24 21:43:16,028 - mazeUtils.moveTile - [moveTile.py:1116] - DEBUG - moveTile loop time: 44.0 ms
2026-05-24 21:43:16,035 - picamera2.picamera2 - [picamera2.py:1391] - DEBUG - Execute job: <picamera2.job.Job object at 0x7f65e02150>
2026-05-24 21:43:16,039 - mazeUtils.device.camera - [camera.py:37] - DEBUG - Average HSV: H=14.0, S=44.3, V=228.4
2026-05-24 21:43:16,068 - mazeUtils.moveTile - [moveTile.py:80] - DEBUG - roll: 359.17 deg, practicalMoveTime: 1.762732121355463 sec
2026-05-24 21:43:16,069 - mazeUtils.moveTile - [moveTile.py:1116] - DEBUG - moveTile loop time: 40.7 ms
2026-05-24 21:43:16,075 - picamera2.picamera2 - [picamera2.py:1391] - DEBUG - Execute job: <picamera2.job.Job object at 0x7f4ffa0790>
2026-05-24 21:43:16,078 - mazeUtils.device.camera - [camera.py:37] - DEBUG - Average HSV: H=14.0, S=44.6, V=228.3
2026-05-24 21:43:16,111 - mazeUtils.moveTile - [moveTile.py:80] - DEBUG - roll: 359.01000000000005 deg, practicalMoveTime: 1.8045449744611561 sec
2026-05-24 21:43:16,111 - mazeUtils.moveTile - [moveTile.py:1116] - DEBUG - moveTile loop time: 42.0 ms
2026-05-24 21:43:16,119 - picamera2.picamera2 - [picamera2.py:1391] - DEBUG - Execute job: <picamera2.job.Job object at 0x7f4ffa0790>
2026-05-24 21:43:16,122 - mazeUtils.device.camera - [camera.py:37] - DEBUG - Average HSV: H=14.0, S=44.7, V=228.2
2026-05-24 21:43:16,148 - mazeUtils.moveTile - [moveTile.py:80] - DEBUG - roll: 359.15000000000003 deg, practicalMoveTime: 1.8411253259676108 sec
2026-05-24 21:43:16,148 - mazeUtils.moveTile - [moveTile.py:1116] - DEBUG - moveTile loop time: 37.0 ms
2026-05-24 21:43:16,154 - picamera2.picamera2 - [picamera2.py:1391] - DEBUG - Execute job: <picamera2.job.Job object at 0x7f4ffa1190>
2026-05-24 21:43:16,158 - mazeUtils.device.camera - [camera.py:37] - DEBUG - Average HSV: H=14.0, S=44.8, V=228.8
2026-05-24 21:43:16,193 - mazeUtils.moveTile - [moveTile.py:80] - DEBUG - roll: 359.07 deg, practicalMoveTime: 1.8857304265850208 sec
2026-05-24 21:43:16,193 - mazeUtils.moveTile - [moveTile.py:1116] - DEBUG - moveTile loop time: 44.7 ms
2026-05-24 21:43:16,199 - picamera2.picamera2 - [picamera2.py:1391] - DEBUG - Execute job: <picamera2.job.Job object at 0x7f4ffa03d0>
2026-05-24 21:43:16,201 - mazeUtils.device.camera - [camera.py:37] - DEBUG - Average HSV: H=14.1, S=45.4, V=228.5
2026-05-24 21:43:16,270 - mazeUtils.moveTile - [moveTile.py:80] - DEBUG - Little forward to adjust position
2026-05-24 21:43:17,415 - mazeUtils.moveTile - [moveTile.py:511] - DEBUG - Direction: absDirection.NORTH, Angle: 0, Distance: 13.58229101600245 cm
2026-05-24 21:43:17,416 - mazeUtils.moveTile - [moveTile.py:511] - DEBUG - Direction: absDirection.EAST, Angle: 270, Distance: 21.79178846736751 cm
2026-05-24 21:43:17,417 - mazeUtils.moveTile - [moveTile.py:511] - DEBUG - Direction: absDirection.SOUTH, Angle: 180, Distance: 80.86486585621 cm
2026-05-24 21:43:17,418 - mazeUtils.moveTile - [moveTile.py:511] - DEBUG - Direction: absDirection.WEST, Angle: 90, Distance: 33.6223713296422 cm
2026-05-24 21:43:17,429 - __main__ - [main.py:144] - INFO - Program interrupted by user.
2026-05-24 21:43:18,496 - mazeUtils.device.stm - [stm.py:214] - DEBUG - ACK resynchronized: type=STS_MOTOR dropped=3B seq=15
2026-05-24 21:43:18,508 - picamera2.picamera2 - [picamera2.py:1391] - DEBUG - Execute job: <picamera2.job.Job object at 0x7f8b757010>
2026-05-24 21:43:18,523 - picamera2.picamera2 - [picamera2.py:1323] - INFO - Camera stopped
2026-05-24 21:43:18,724 - picamera2.picamera2 - [picamera2.py:1329] - DEBUG - Camera was not started
2026-05-24 21:43:18,927 - picamera2.picamera2 - [picamera2.py:723] - INFO - Camera closed successfully.
2026-05-24 21:43:19,097 - picamera2.picamera2 - [picamera2.py:500] - DEBUG - Resources now free: <picamera2.picamera2.Picamera2 object at 0x7f7eeb8350>
