2026-06-24 23:41:42,569 - root - [logging_config.py:61] - INFO - Logging initialized. Log file: /home/tuton/Kanto2026RPi/src/config/../logs/robot_20260624_234141.log
2026-06-24 23:41:44,230 - mazeUtils.device.LiDAR - [LiDAR.py:36] - INFO - Available ports: <ydlidar.Str2strMap; proxy of <Swig Object of type 'std::map< std::string,std::string > *' at 0x7f7faebfc0> >
2026-06-24 23:41:49,068 - mazeUtils.moveTile - [moveTile.py:553] - DEBUG - Direction: absDirection.NORTH, Angle: 0, Distance: 46.63827625026339 cm
2026-06-24 23:41:49,068 - mazeUtils.moveTile - [moveTile.py:578] - DEBUG - Front LiDAR distance: 46.63827625026339 cm, TSD10 distance: 38.6 cm
2026-06-24 23:41:49,070 - mazeUtils.moveTile - [moveTile.py:553] - DEBUG - Direction: absDirection.EAST, Angle: 270, Distance: 18.999657812870186 cm
2026-06-24 23:41:49,071 - mazeUtils.moveTile - [moveTile.py:553] - DEBUG - Direction: absDirection.SOUTH, Angle: 180, Distance: 134.9354250554615 cm
2026-06-24 23:41:49,072 - mazeUtils.moveTile - [moveTile.py:553] - DEBUG - Direction: absDirection.WEST, Angle: 90, Distance: 50.271833648853004 cm
2026-06-24 23:41:49,073 - __main__ - [main.py:68] - INFO - Initial Map:
2026-06-24 23:41:49,089 - __main__ - [main.py:69] - INFO - Current position: (20, 20, 0), front direction: absDirection.NORTH
Layer 0 (altitude=0.0cm, offset=(0.0cm, 0.0cm)):
Known map area: x=20..20, y=20..20
+   +
  @ |
+   +
mazeAsGraph[0][20][20] = {absDirection.NORTH: (20, 19, 0, 30), absDirection.EAST: None, absDirection.SOUTH: (20, 21, 0, 30), absDirection.WEST: (19, 20, 0, 30)}
2026-06-24 23:41:50,326 - mazeUtils.mazeMap - [mazeMap.py:61] - INFO - next goal: (20, 19, 0)
2026-06-24 23:41:50,328 - __main__ - [main.py:73] - INFO - Next Direction: [<absDirection.NORTH: 0>]
2026-06-24 23:41:50,329 - __main__ - [main.py:74] - INFO - Exploration started.
2026-06-24 23:41:50,336 - mazeUtils.moveTile - [moveTile.py:79] - DEBUG - Moving to absDirection.NORTH from (20, 20, 0) facing absDirection.NORTH
2026-06-24 23:41:50,361 - mazeUtils.moveTile - [moveTile.py:79] - DEBUG - current heading: 0.0 target: 0
2026-06-24 23:41:50,384 - mazeUtils.moveTile - [moveTile.py:427] - DEBUG - stopped turning at heading: 0.0, diff: 0.0
2026-06-24 23:41:50,438 - mazeUtils.moveTile - [moveTile.py:79] - DEBUG - Turned to heading: 0.0 deg
2026-06-24 23:41:50,654 - picamera2.picamera2 - [picamera2.py:1391] - DEBUG - Execute job: <picamera2.job.Job object at 0x7f5034ae90>
2026-06-24 23:41:50,660 - mazeUtils.device.camera - [camera.py:39] - DEBUG - Average HSV: H=114.0, S=125.3, V=192.3
2026-06-24 23:41:50,695 - mazeUtils.moveTile - [moveTile.py:79] - DEBUG - roll: 359.08 deg, practicalMoveTime: 0.04630000662514899 sec
2026-06-24 23:41:50,696 - mazeUtils.moveTile - [moveTile.py:1803] - DEBUG - moveTile loop time: 45.8 ms
2026-06-24 23:41:50,702 - picamera2.picamera2 - [picamera2.py:1391] - DEBUG - Execute job: <picamera2.job.Job object at 0x7f5a3f2510>
2026-06-24 23:41:50,708 - mazeUtils.device.camera - [camera.py:39] - DEBUG - Average HSV: H=114.3, S=123.0, V=190.1
2026-06-24 23:41:50,746 - mazeUtils.moveTile - [moveTile.py:79] - DEBUG - roll: 359.46 deg, practicalMoveTime: 0.09588028537869589 sec
2026-06-24 23:41:50,747 - mazeUtils.moveTile - [moveTile.py:1803] - DEBUG - moveTile loop time: 50.2 ms
2026-06-24 23:41:50,756 - picamera2.picamera2 - [picamera2.py:1391] - DEBUG - Execute job: <picamera2.job.Job object at 0x7f507a5890>
2026-06-24 23:41:50,761 - mazeUtils.device.camera - [camera.py:39] - DEBUG - Average HSV: H=114.5, S=121.9, V=188.6
2026-06-24 23:41:50,797 - mazeUtils.moveTile - [moveTile.py:79] - DEBUG - roll: 358.86 deg, practicalMoveTime: 0.14673836157533404 sec
2026-06-24 23:41:50,798 - mazeUtils.moveTile - [moveTile.py:1803] - DEBUG - moveTile loop time: 51.0 ms
2026-06-24 23:41:50,805 - picamera2.picamera2 - [picamera2.py:1391] - DEBUG - Execute job: <picamera2.job.Job object at 0x7f5034ad90>
2026-06-24 23:41:50,809 - mazeUtils.device.camera - [camera.py:39] - DEBUG - Average HSV: H=114.5, S=125.3, V=188.2
2026-06-24 23:41:50,841 - mazeUtils.moveTile - [moveTile.py:79] - DEBUG - roll: 359.07 deg, practicalMoveTime: 0.18955606814416215 sec
2026-06-24 23:41:50,841 - mazeUtils.moveTile - [moveTile.py:1803] - DEBUG - moveTile loop time: 43.2 ms
2026-06-24 23:41:50,846 - picamera2.picamera2 - [picamera2.py:1391] - DEBUG - Execute job: <picamera2.job.Job object at 0x7f5a3f2510>
2026-06-24 23:41:50,850 - mazeUtils.device.camera - [camera.py:39] - DEBUG - Average HSV: H=114.1, S=129.5, V=188.3
2026-06-24 23:41:50,886 - mazeUtils.moveTile - [moveTile.py:79] - DEBUG - roll: 359.24 deg, practicalMoveTime: 0.23423214536271778 sec
2026-06-24 23:41:50,887 - mazeUtils.moveTile - [moveTile.py:1803] - DEBUG - moveTile loop time: 44.9 ms
2026-06-24 23:41:50,892 - picamera2.picamera2 - [picamera2.py:1391] - DEBUG - Execute job: <picamera2.job.Job object at 0x7f5a400110>
2026-06-24 23:41:50,895 - mazeUtils.device.camera - [camera.py:39] - DEBUG - Average HSV: H=113.8, S=132.6, V=189.8
2026-06-24 23:41:50,929 - mazeUtils.moveTile - [moveTile.py:79] - DEBUG - roll: 358.85 deg, practicalMoveTime: 0.27689581488536075 sec
2026-06-24 23:41:50,930 - mazeUtils.moveTile - [moveTile.py:1803] - DEBUG - moveTile loop time: 42.8 ms
2026-06-24 23:41:50,934 - picamera2.picamera2 - [picamera2.py:1391] - DEBUG - Execute job: <picamera2.job.Job object at 0x7f5a3f2510>
2026-06-24 23:41:50,937 - mazeUtils.device.camera - [camera.py:39] - DEBUG - Average HSV: H=113.2, S=137.0, V=193.8
2026-06-24 23:41:50,970 - mazeUtils.moveTile - [moveTile.py:79] - DEBUG - roll: 359.37 deg, practicalMoveTime: 0.31701275840776016 sec
2026-06-24 23:41:50,970 - mazeUtils.moveTile - [moveTile.py:1803] - DEBUG - moveTile loop time: 40.4 ms
2026-06-24 23:41:50,975 - picamera2.picamera2 - [picamera2.py:1391] - DEBUG - Execute job: <picamera2.job.Job object at 0x7f5a400110>
2026-06-24 23:41:50,979 - mazeUtils.device.camera - [camera.py:39] - DEBUG - Average HSV: H=113.4, S=139.3, V=192.3
2026-06-24 23:41:51,011 - mazeUtils.moveTile - [moveTile.py:79] - DEBUG - roll: 359.43 deg, practicalMoveTime: 0.35769778637987454 sec
2026-06-24 23:41:51,011 - mazeUtils.moveTile - [moveTile.py:1803] - DEBUG - moveTile loop time: 40.8 ms
2026-06-24 23:41:51,019 - picamera2.picamera2 - [picamera2.py:1391] - DEBUG - Execute job: <picamera2.job.Job object at 0x7f5a3a3450>
2026-06-24 23:41:51,023 - mazeUtils.device.camera - [camera.py:39] - DEBUG - Average HSV: H=112.9, S=140.9, V=194.0
2026-06-24 23:41:51,058 - mazeUtils.moveTile - [moveTile.py:79] - DEBUG - roll: 358.73 deg, practicalMoveTime: 0.40454470292010525 sec
2026-06-24 23:41:51,059 - mazeUtils.moveTile - [moveTile.py:1803] - DEBUG - moveTile loop time: 47.2 ms
2026-06-24 23:41:51,070 - picamera2.picamera2 - [picamera2.py:1391] - DEBUG - Execute job: <picamera2.job.Job object at 0x7f5a3f4550>
2026-06-24 23:41:51,073 - mazeUtils.device.camera - [camera.py:39] - DEBUG - Average HSV: H=112.6, S=144.7, V=197.1
2026-06-24 23:41:51,107 - mazeUtils.moveTile - [moveTile.py:79] - DEBUG - roll: 359.88 deg, practicalMoveTime: 0.4524673160856672 sec
2026-06-24 23:41:51,108 - mazeUtils.moveTile - [moveTile.py:1803] - DEBUG - moveTile loop time: 48.2 ms
2026-06-24 23:41:51,114 - picamera2.picamera2 - [picamera2.py:1391] - DEBUG - Execute job: <picamera2.job.Job object at 0x7f5034ae90>
2026-06-24 23:41:51,117 - mazeUtils.device.camera - [camera.py:39] - DEBUG - Average HSV: H=112.3, S=147.1, V=198.8
2026-06-24 23:41:51,152 - mazeUtils.moveTile - [moveTile.py:79] - DEBUG - roll: 358.61 deg, practicalMoveTime: 0.4967503661318058 sec
2026-06-24 23:41:51,152 - mazeUtils.moveTile - [moveTile.py:1803] - DEBUG - moveTile loop time: 44.6 ms
2026-06-24 23:41:51,158 - picamera2.picamera2 - [picamera2.py:1391] - DEBUG - Execute job: <picamera2.job.Job object at 0x7f6c37ad90>
2026-06-24 23:41:51,161 - mazeUtils.device.camera - [camera.py:39] - DEBUG - Average HSV: H=112.1, S=150.6, V=199.3
2026-06-24 23:41:51,201 - mazeUtils.moveTile - [moveTile.py:79] - DEBUG - roll: 359.74 deg, practicalMoveTime: 0.5453804262579662 sec
2026-06-24 23:41:51,202 - mazeUtils.moveTile - [moveTile.py:1803] - DEBUG - moveTile loop time: 48.4 ms
2026-06-24 23:41:51,206 - picamera2.picamera2 - [picamera2.py:1391] - DEBUG - Execute job: <picamera2.job.Job object at 0x7f5a3f4550>
2026-06-24 23:41:51,209 - mazeUtils.device.camera - [camera.py:39] - DEBUG - Average HSV: H=111.9, S=153.9, V=201.9
2026-06-24 23:41:51,244 - mazeUtils.moveTile - [moveTile.py:79] - DEBUG - roll: 0.06999999999999318 deg, practicalMoveTime: 0.5876401168291104 sec
2026-06-24 23:41:51,244 - mazeUtils.moveTile - [moveTile.py:1803] - DEBUG - moveTile loop time: 42.7 ms
2026-06-24 23:41:51,251 - picamera2.picamera2 - [picamera2.py:1391] - DEBUG - Execute job: <picamera2.job.Job object at 0x7f6c37ad90>
2026-06-24 23:41:51,254 - mazeUtils.device.camera - [camera.py:39] - DEBUG - Average HSV: H=111.7, S=156.0, V=203.3
2026-06-24 23:41:51,293 - mazeUtils.moveTile - [moveTile.py:79] - DEBUG - roll: 359.07 deg, practicalMoveTime: 0.6356183369306974 sec
2026-06-24 23:41:51,293 - mazeUtils.moveTile - [moveTile.py:1803] - DEBUG - moveTile loop time: 48.6 ms
2026-06-24 23:41:51,298 - picamera2.picamera2 - [picamera2.py:1391] - DEBUG - Execute job: <picamera2.job.Job object at 0x7f5a3a3450>
2026-06-24 23:41:51,302 - mazeUtils.device.camera - [camera.py:39] - DEBUG - Average HSV: H=111.0, S=162.7, V=206.1
2026-06-24 23:41:51,338 - mazeUtils.moveTile - [moveTile.py:79] - DEBUG - roll: 0.2699999999999818 deg, practicalMoveTime: 0.6801694957593774 sec
2026-06-24 23:41:51,338 - mazeUtils.moveTile - [moveTile.py:1803] - DEBUG - moveTile loop time: 44.7 ms
2026-06-24 23:41:51,346 - picamera2.picamera2 - [picamera2.py:1391] - DEBUG - Execute job: <picamera2.job.Job object at 0x7f39a4e590>
2026-06-24 23:41:51,350 - mazeUtils.device.camera - [camera.py:39] - DEBUG - Average HSV: H=111.1, S=163.7, V=207.3
2026-06-24 23:41:51,382 - mazeUtils.moveTile - [moveTile.py:79] - DEBUG - roll: 359.48 deg, practicalMoveTime: 0.7231837416056507 sec
2026-06-24 23:41:51,382 - mazeUtils.moveTile - [moveTile.py:1803] - DEBUG - moveTile loop time: 43.2 ms
2026-06-24 23:41:51,387 - picamera2.picamera2 - [picamera2.py:1391] - DEBUG - Execute job: <picamera2.job.Job object at 0x7f5034ad90>
2026-06-24 23:41:51,391 - mazeUtils.device.camera - [camera.py:39] - DEBUG - Average HSV: H=110.7, S=166.9, V=208.9
2026-06-24 23:41:51,424 - mazeUtils.moveTile - [moveTile.py:79] - DEBUG - roll: 358.68 deg, practicalMoveTime: 0.765066917693215 sec
2026-06-24 23:41:51,425 - mazeUtils.moveTile - [moveTile.py:1803] - DEBUG - moveTile loop time: 42.5 ms
2026-06-24 23:41:51,430 - picamera2.picamera2 - [picamera2.py:1391] - DEBUG - Execute job: <picamera2.job.Job object at 0x7f5034ae90>
2026-06-24 23:41:51,433 - mazeUtils.device.camera - [camera.py:39] - DEBUG - Average HSV: H=109.8, S=175.7, V=212.8
2026-06-24 23:41:51,471 - mazeUtils.moveTile - [moveTile.py:79] - DEBUG - roll: 359.55 deg, practicalMoveTime: 0.8114056132621623 sec
2026-06-24 23:41:51,471 - mazeUtils.moveTile - [moveTile.py:1803] - DEBUG - moveTile loop time: 46.4 ms
2026-06-24 23:41:51,476 - picamera2.picamera2 - [picamera2.py:1391] - DEBUG - Execute job: <picamera2.job.Job object at 0x7f5034ae90>
2026-06-24 23:41:51,479 - mazeUtils.device.camera - [camera.py:39] - DEBUG - Average HSV: H=109.9, S=174.2, V=212.2
2026-06-24 23:41:51,513 - mazeUtils.moveTile - [moveTile.py:1651] - INFO - practicalVerticalMove: -0.38619809514638964 CM
2026-06-24 23:41:51,558 - mazeUtils.moveTile - [moveTile.py:79] - DEBUG - Little forward to adjust position
2026-06-24 23:41:51,940 - mazeUtils.moveTile - [moveTile.py:1998] - INFO - Set moved vertical distance: -0.38619809514638964 cm, past distances: [(0, False), (0, False), (0, False)]
2026-06-24 23:41:52,090 - mazeUtils.moveTile - [moveTile.py:553] - DEBUG - Direction: absDirection.NORTH, Angle: 0, Distance: 13.145174420140785 cm
2026-06-24 23:41:52,091 - mazeUtils.moveTile - [moveTile.py:578] - DEBUG - Front LiDAR distance: 13.145174420140785 cm, TSD10 distance: 3.2 cm
2026-06-24 23:41:52,092 - mazeUtils.moveTile - [moveTile.py:553] - DEBUG - Direction: absDirection.EAST, Angle: 270, Distance: 15.656178182988219 cm
2026-06-24 23:41:52,093 - mazeUtils.moveTile - [moveTile.py:553] - DEBUG - Direction: absDirection.SOUTH, Angle: 180, Distance: 118.12226573780373 cm
2026-06-24 23:41:52,095 - mazeUtils.moveTile - [moveTile.py:553] - DEBUG - Direction: absDirection.WEST, Angle: 90, Distance: 47.71806663265861 cm
2026-06-24 23:41:52,101 - mazeUtils.moveTile - [moveTile.py:2153] - INFO - Tile color detection, decided tile type: E
2026-06-24 23:41:52,160 - __main__ - [main.py:105] - INFO - Current position: (20, 19, 0), front direction: absDirection.NORTH
Layer 0 (altitude=0.0cm, offset=(0.0cm, 0.0cm)):
Known map area: x=20..20, y=19..20
+---+
  @ |
+   +
  S |
+   +
mazeAsGraph[0][19][20] = {absDirection.NORTH: None, absDirection.EAST: None, absDirection.SOUTH: (20, 20, 0, 30), absDirection.WEST: (19, 19, 0, 30)}
mazeAsGraph[0][20][20] = {absDirection.NORTH: (20, 19, 0, 30), absDirection.EAST: None, absDirection.SOUTH: (20, 21, 0, 30), absDirection.WEST: (19, 20, 0, 30)}
2026-06-24 23:41:52,165 - mazeUtils.mazeMap - [mazeMap.py:61] - INFO - next goal: (19, 19, 0)
2026-06-24 23:41:52,173 - mazeUtils.moveTile - [moveTile.py:79] - DEBUG - Moving to absDirection.WEST from (20, 19, 0) facing absDirection.NORTH
2026-06-24 23:41:52,199 - mazeUtils.moveTile - [moveTile.py:79] - DEBUG - current heading: 2.340000000000032 target: 90
2026-06-24 23:41:53,223 - mazeUtils.moveTile - [moveTile.py:427] - DEBUG - stopped turning at heading: 87.93, diff: 2.069999999999993
2026-06-24 23:41:53,269 - mazeUtils.moveTile - [moveTile.py:79] - DEBUG - Turned to heading: 88.37 deg
2026-06-24 23:41:53,437 - mazeUtils.moveTile - [moveTile.py:79] - DEBUG - Little backward to adjust position
2026-06-24 23:41:53,744 - picamera2.picamera2 - [picamera2.py:1391] - DEBUG - Execute job: <picamera2.job.Job object at 0x7f5a377ad0>
2026-06-24 23:41:53,747 - mazeUtils.device.camera - [camera.py:39] - DEBUG - Average HSV: H=113.3, S=138.5, V=193.5
2026-06-24 23:41:53,785 - mazeUtils.moveTile - [moveTile.py:79] - DEBUG - roll: 359.96 deg, practicalMoveTime: 0.04835598256291223 sec
2026-06-24 23:41:53,786 - mazeUtils.moveTile - [moveTile.py:1803] - DEBUG - moveTile loop time: 47.7 ms
2026-06-24 23:41:53,798 - picamera2.picamera2 - [picamera2.py:1391] - DEBUG - Execute job: <picamera2.job.Job object at 0x7f5b47ba50>
2026-06-24 23:41:53,802 - mazeUtils.device.camera - [camera.py:39] - DEBUG - Average HSV: H=113.2, S=144.0, V=193.6
2026-06-24 23:41:53,841 - mazeUtils.moveTile - [moveTile.py:79] - DEBUG - roll: 359.19 deg, practicalMoveTime: 0.10331669686096712 sec
2026-06-24 23:41:53,841 - mazeUtils.moveTile - [moveTile.py:1803] - DEBUG - moveTile loop time: 55.2 ms
2026-06-24 23:41:53,846 - picamera2.picamera2 - [picamera2.py:1391] - DEBUG - Execute job: <picamera2.job.Job object at 0x7f735d9b50>
2026-06-24 23:41:53,849 - mazeUtils.device.camera - [camera.py:39] - DEBUG - Average HSV: H=112.4, S=152.1, V=193.9
2026-06-24 23:41:53,883 - mazeUtils.moveTile - [moveTile.py:79] - DEBUG - roll: 0.17000000000001592 deg, practicalMoveTime: 0.14497964706156416 sec
2026-06-24 23:41:53,883 - mazeUtils.moveTile - [moveTile.py:1803] - DEBUG - moveTile loop time: 41.9 ms
2026-06-24 23:41:53,889 - picamera2.picamera2 - [picamera2.py:1391] - DEBUG - Execute job: <picamera2.job.Job object at 0x7f5034ae90>
2026-06-24 23:41:53,892 - mazeUtils.device.camera - [camera.py:39] - DEBUG - Average HSV: H=109.6, S=177.7, V=223.9
2026-06-24 23:41:53,932 - mazeUtils.moveTile - [moveTile.py:79] - DEBUG - roll: 359.06 deg, practicalMoveTime: 0.1931644986936017 sec
2026-06-24 23:41:53,932 - mazeUtils.moveTile - [moveTile.py:1803] - DEBUG - moveTile loop time: 48.4 ms
2026-06-24 23:41:53,937 - picamera2.picamera2 - [picamera2.py:1391] - DEBUG - Execute job: <picamera2.job.Job object at 0x7f5a367510>
2026-06-24 23:41:53,940 - mazeUtils.device.camera - [camera.py:39] - DEBUG - Average HSV: H=108.7, S=179.8, V=231.7
2026-06-24 23:41:53,981 - mazeUtils.moveTile - [moveTile.py:79] - DEBUG - roll: 359.02 deg, practicalMoveTime: 0.24233976556558762 sec
2026-06-24 23:41:53,982 - mazeUtils.moveTile - [moveTile.py:1803] - DEBUG - moveTile loop time: 49.4 ms
2026-06-24 23:41:53,987 - picamera2.picamera2 - [picamera2.py:1391] - DEBUG - Execute job: <picamera2.job.Job object at 0x7f5a367510>
2026-06-24 23:41:53,990 - mazeUtils.device.camera - [camera.py:39] - DEBUG - Average HSV: H=108.7, S=180.3, V=232.8
2026-06-24 23:41:54,024 - mazeUtils.moveTile - [moveTile.py:79] - DEBUG - roll: 359.71999999999997 deg, practicalMoveTime: 0.28450223676149944 sec
2026-06-24 23:41:54,024 - mazeUtils.moveTile - [moveTile.py:1803] - DEBUG - moveTile loop time: 42.5 ms
2026-06-24 23:41:54,035 - picamera2.picamera2 - [picamera2.py:1391] - DEBUG - Execute job: <picamera2.job.Job object at 0x7f735d9b50>
2026-06-24 23:41:54,038 - mazeUtils.device.camera - [camera.py:39] - DEBUG - Average HSV: H=108.5, S=183.8, V=233.0
2026-06-24 23:41:54,077 - mazeUtils.moveTile - [moveTile.py:79] - DEBUG - roll: 0.339999999999975 deg, practicalMoveTime: 0.3369265709938582 sec
2026-06-24 23:41:54,078 - mazeUtils.moveTile - [moveTile.py:1803] - DEBUG - moveTile loop time: 52.6 ms
2026-06-24 23:41:54,084 - picamera2.picamera2 - [picamera2.py:1391] - DEBUG - Execute job: <picamera2.job.Job object at 0x7f5a367510>
2026-06-24 23:41:54,087 - mazeUtils.device.camera - [camera.py:39] - DEBUG - Average HSV: H=108.2, S=184.5, V=234.2
2026-06-24 23:41:54,126 - mazeUtils.moveTile - [moveTile.py:79] - DEBUG - roll: 359.90999999999997 deg, practicalMoveTime: 0.3857130468328241 sec
2026-06-24 23:41:54,127 - mazeUtils.moveTile - [moveTile.py:1803] - DEBUG - moveTile loop time: 49.1 ms
2026-06-24 23:41:54,132 - picamera2.picamera2 - [picamera2.py:1391] - DEBUG - Execute job: <picamera2.job.Job object at 0x7f735d9b50>
2026-06-24 23:41:54,136 - mazeUtils.device.camera - [camera.py:39] - DEBUG - Average HSV: H=107.6, S=189.7, V=238.0
2026-06-24 23:41:54,171 - mazeUtils.moveTile - [moveTile.py:79] - DEBUG - roll: 3.9599999999999795 deg, practicalMoveTime: 0.4298786382432508 sec
2026-06-24 23:41:54,172 - mazeUtils.moveTile - [moveTile.py:1803] - DEBUG - moveTile loop time: 44.5 ms
2026-06-24 23:41:54,178 - picamera2.picamera2 - [picamera2.py:1391] - DEBUG - Execute job: <picamera2.job.Job object at 0x7f5a377ad0>
2026-06-24 23:41:54,180 - mazeUtils.device.camera - [camera.py:39] - DEBUG - Average HSV: H=108.2, S=187.5, V=235.8
2026-06-24 23:41:54,213 - mazeUtils.moveTile - [moveTile.py:79] - DEBUG - roll: 6.399999999999977 deg, practicalMoveTime: 0.47063170828603185 sec
2026-06-24 23:41:54,213 - mazeUtils.moveTile - [moveTile.py:1803] - DEBUG - moveTile loop time: 41.2 ms
2026-06-24 23:41:54,221 - picamera2.picamera2 - [picamera2.py:1391] - DEBUG - Execute job: <picamera2.job.Job object at 0x7f5b47ba50>
2026-06-24 23:41:54,224 - mazeUtils.device.camera - [camera.py:39] - DEBUG - Average HSV: H=108.9, S=182.2, V=234.2
2026-06-24 23:41:54,255 - mazeUtils.moveTile - [moveTile.py:79] - DEBUG - roll: 9.129999999999995 deg, practicalMoveTime: 0.5038650104418159 sec
2026-06-24 23:41:54,256 - mazeUtils.moveTile - [moveTile.py:1803] - DEBUG - moveTile loop time: 42.3 ms
2026-06-24 23:41:54,261 - picamera2.picamera2 - [picamera2.py:1391] - DEBUG - Execute job: <picamera2.job.Job object at 0x7f735d9b50>
2026-06-24 23:41:54,263 - mazeUtils.device.camera - [camera.py:39] - DEBUG - Average HSV: H=109.2, S=182.4, V=232.1
2026-06-24 23:41:54,299 - mazeUtils.moveTile - [moveTile.py:79] - DEBUG - roll: 11.519999999999982 deg, practicalMoveTime: 0.5378099674170582 sec
2026-06-24 23:41:54,299 - mazeUtils.moveTile - [moveTile.py:1803] - DEBUG - moveTile loop time: 43.4 ms
2026-06-24 23:41:54,312 - picamera2.picamera2 - [picamera2.py:1391] - DEBUG - Execute job: <picamera2.job.Job object at 0x7f509726d0>
2026-06-24 23:41:54,315 - mazeUtils.device.camera - [camera.py:39] - DEBUG - Average HSV: H=109.6, S=176.1, V=231.8
2026-06-24 23:41:54,362 - mazeUtils.moveTile - [moveTile.py:79] - DEBUG - roll: 14.96999999999997 deg, practicalMoveTime: 0.5864039228057454 sec
2026-06-24 23:41:54,362 - mazeUtils.moveTile - [moveTile.py:1803] - DEBUG - moveTile loop time: 62.7 ms
2026-06-24 23:41:54,367 - picamera2.picamera2 - [picamera2.py:1391] - DEBUG - Execute job: <picamera2.job.Job object at 0x7f6c3638d0>
2026-06-24 23:41:54,371 - mazeUtils.device.camera - [camera.py:39] - DEBUG - Average HSV: H=110.1, S=169.1, V=228.7
2026-06-24 23:41:54,404 - mazeUtils.moveTile - [moveTile.py:79] - DEBUG - roll: 18.25999999999999 deg, practicalMoveTime: 0.6180195281730008 sec
2026-06-24 23:41:54,404 - mazeUtils.moveTile - [moveTile.py:1803] - DEBUG - moveTile loop time: 41.7 ms
2026-06-24 23:41:54,409 - picamera2.picamera2 - [picamera2.py:1391] - DEBUG - Execute job: <picamera2.job.Job object at 0x7f5034ae90>
2026-06-24 23:41:54,412 - mazeUtils.device.camera - [camera.py:39] - DEBUG - Average HSV: H=110.6, S=165.8, V=226.5
2026-06-24 23:41:54,450 - mazeUtils.moveTile - [moveTile.py:79] - DEBUG - roll: 20.269999999999982 deg, practicalMoveTime: 0.6529026863342491 sec
2026-06-24 23:41:54,451 - mazeUtils.moveTile - [moveTile.py:1803] - DEBUG - moveTile loop time: 46.6 ms
2026-06-24 23:41:54,463 - picamera2.picamera2 - [picamera2.py:1391] - DEBUG - Execute job: <picamera2.job.Job object at 0x7f509726d0>
2026-06-24 23:41:54,467 - mazeUtils.device.camera - [camera.py:39] - DEBUG - Average HSV: H=111.0, S=157.1, V=224.9
2026-06-24 23:41:54,506 - mazeUtils.moveTile - [moveTile.py:79] - DEBUG - roll: 23.139999999999986 deg, practicalMoveTime: 0.6936512527138137 sec
2026-06-24 23:41:54,507 - mazeUtils.moveTile - [moveTile.py:1803] - DEBUG - moveTile loop time: 55.5 ms
2026-06-24 23:41:54,511 - picamera2.picamera2 - [picamera2.py:1391] - DEBUG - Execute job: <picamera2.job.Job object at 0x7f5a367510>
2026-06-24 23:41:54,514 - mazeUtils.device.camera - [camera.py:39] - DEBUG - Average HSV: H=111.1, S=154.8, V=224.3
2026-06-24 23:41:54,554 - mazeUtils.moveTile - [moveTile.py:79] - DEBUG - roll: 25.519999999999982 deg, practicalMoveTime: 0.7283866989772646 sec
2026-06-24 23:41:54,555 - mazeUtils.moveTile - [moveTile.py:1803] - DEBUG - moveTile loop time: 48.1 ms
2026-06-24 23:41:54,560 - picamera2.picamera2 - [picamera2.py:1391] - DEBUG - Execute job: <picamera2.job.Job object at 0x7f5034ae90>
2026-06-24 23:41:54,563 - mazeUtils.device.camera - [camera.py:39] - DEBUG - Average HSV: H=111.8, S=151.7, V=220.2
2026-06-24 23:41:54,593 - mazeUtils.moveTile - [moveTile.py:79] - DEBUG - roll: 26.139999999999986 deg, practicalMoveTime: 0.7554096635347871 sec
2026-06-24 23:41:54,593 - mazeUtils.moveTile - [moveTile.py:1803] - DEBUG - moveTile loop time: 37.9 ms
2026-06-24 23:41:54,599 - picamera2.picamera2 - [picamera2.py:1391] - DEBUG - Execute job: <picamera2.job.Job object at 0x7f509726d0>
2026-06-24 23:41:54,602 - mazeUtils.device.camera - [camera.py:39] - DEBUG - Average HSV: H=112.2, S=149.7, V=219.4
2026-06-24 23:41:54,643 - mazeUtils.moveTile - [moveTile.py:79] - DEBUG - roll: 25.99000000000001 deg, practicalMoveTime: 0.7910293758292806 sec
2026-06-24 23:41:54,643 - mazeUtils.moveTile - [moveTile.py:1803] - DEBUG - moveTile loop time: 49.9 ms
2026-06-24 23:41:54,653 - picamera2.picamera2 - [picamera2.py:1391] - DEBUG - Execute job: <picamera2.job.Job object at 0x7f5034ae90>
2026-06-24 23:41:54,657 - mazeUtils.device.camera - [camera.py:39] - DEBUG - Average HSV: H=111.9, S=150.1, V=221.8
2026-06-24 23:41:54,691 - mazeUtils.moveTile - [moveTile.py:79] - DEBUG - roll: 25.649999999999977 deg, practicalMoveTime: 0.8256745140735106 sec
2026-06-24 23:41:54,692 - mazeUtils.moveTile - [moveTile.py:1803] - DEBUG - moveTile loop time: 48.4 ms
2026-06-24 23:41:54,697 - picamera2.picamera2 - [picamera2.py:1391] - DEBUG - Execute job: <picamera2.job.Job object at 0x7f6c3638d0>
2026-06-24 23:41:54,702 - mazeUtils.device.camera - [camera.py:39] - DEBUG - Average HSV: H=112.0, S=150.0, V=221.1
2026-06-24 23:41:54,749 - picamera2.picamera2 - [picamera2.py:1391] - DEBUG - Execute job: <picamera2.job.Job object at 0x7f5b47ba50>
2026-06-24 23:41:54,754 - mazeUtils.device.camera - [camera.py:39] - DEBUG - Average HSV: H=112.0, S=150.1, V=220.7
2026-06-24 23:41:54,794 - mazeUtils.moveTile - [moveTile.py:79] - DEBUG - roll: 25.0 deg, practicalMoveTime: 0.8991710493299366 sec
2026-06-24 23:41:54,794 - mazeUtils.moveTile - [moveTile.py:1803] - DEBUG - moveTile loop time: 56.9 ms
2026-06-24 23:41:54,807 - picamera2.picamera2 - [picamera2.py:1391] - DEBUG - Execute job: <picamera2.job.Job object at 0x7f509726d0>
2026-06-24 23:41:54,812 - mazeUtils.device.camera - [camera.py:39] - DEBUG - Average HSV: H=111.9, S=150.3, V=220.9
2026-06-24 23:41:54,844 - mazeUtils.moveTile - [moveTile.py:79] - DEBUG - roll: 24.269999999999982 deg, practicalMoveTime: 0.9353002099383484 sec
2026-06-24 23:41:54,845 - mazeUtils.moveTile - [moveTile.py:1803] - DEBUG - moveTile loop time: 50.0 ms
2026-06-24 23:41:54,851 - picamera2.picamera2 - [picamera2.py:1391] - DEBUG - Execute job: <picamera2.job.Job object at 0x7f6c363dd0>
2026-06-24 23:41:54,855 - mazeUtils.device.camera - [camera.py:39] - DEBUG - Average HSV: H=112.1, S=151.6, V=219.0
2026-06-24 23:41:54,891 - mazeUtils.moveTile - [moveTile.py:79] - DEBUG - roll: 26.21999999999997 deg, practicalMoveTime: 0.9685705626102266 sec
2026-06-24 23:41:54,892 - mazeUtils.moveTile - [moveTile.py:1803] - DEBUG - moveTile loop time: 46.6 ms
2026-06-24 23:41:54,903 - picamera2.picamera2 - [picamera2.py:1391] - DEBUG - Execute job: <picamera2.job.Job object at 0x7f5a367510>
2026-06-24 23:41:54,907 - mazeUtils.device.camera - [camera.py:39] - DEBUG - Average HSV: H=119.9, S=109.9, V=151.2
2026-06-24 23:41:54,940 - mazeUtils.moveTile - [moveTile.py:79] - DEBUG - roll: 25.05000000000001 deg, practicalMoveTime: 1.0036960359515146 sec
2026-06-24 23:41:54,941 - mazeUtils.moveTile - [moveTile.py:1803] - DEBUG - moveTile loop time: 48.8 ms
2026-06-24 23:41:54,947 - picamera2.picamera2 - [picamera2.py:1391] - DEBUG - Execute job: <picamera2.job.Job object at 0x7f735d9b50>
2026-06-24 23:41:54,951 - mazeUtils.device.camera - [camera.py:39] - DEBUG - Average HSV: H=120.1, S=109.2, V=150.2
2026-06-24 23:41:54,988 - mazeUtils.moveTile - [moveTile.py:79] - DEBUG - roll: 25.189999999999998 deg, practicalMoveTime: 1.0378395073798374 sec
2026-06-24 23:41:54,989 - mazeUtils.moveTile - [moveTile.py:1803] - DEBUG - moveTile loop time: 47.5 ms
2026-06-24 23:41:54,995 - picamera2.picamera2 - [picamera2.py:1391] - DEBUG - Execute job: <picamera2.job.Job object at 0x7f5a367510>
2026-06-24 23:41:55,000 - mazeUtils.device.camera - [camera.py:39] - DEBUG - Average HSV: H=123.6, S=90.7, V=124.0
2026-06-24 23:41:55,040 - mazeUtils.moveTile - [moveTile.py:79] - DEBUG - roll: 25.019999999999982 deg, practicalMoveTime: 1.0744485299039492 sec
2026-06-24 23:41:55,040 - mazeUtils.moveTile - [moveTile.py:1803] - DEBUG - moveTile loop time: 51.2 ms
2026-06-24 23:41:55,045 - picamera2.picamera2 - [picamera2.py:1391] - DEBUG - Execute job: <picamera2.job.Job object at 0x7f5a377ad0>
2026-06-24 23:41:55,050 - mazeUtils.device.camera - [camera.py:39] - DEBUG - Average HSV: H=123.9, S=89.2, V=121.7
2026-06-24 23:41:55,087 - mazeUtils.moveTile - [moveTile.py:79] - DEBUG - roll: 24.45999999999998 deg, practicalMoveTime: 1.1083934149786703 sec
2026-06-24 23:41:55,088 - mazeUtils.moveTile - [moveTile.py:1803] - DEBUG - moveTile loop time: 47.1 ms
2026-06-24 23:41:55,096 - picamera2.picamera2 - [picamera2.py:1391] - DEBUG - Execute job: <picamera2.job.Job object at 0x7f5034ae90>
2026-06-24 23:41:55,100 - mazeUtils.device.camera - [camera.py:39] - DEBUG - Average HSV: H=124.8, S=86.4, V=115.7
2026-06-24 23:41:55,143 - mazeUtils.moveTile - [moveTile.py:79] - DEBUG - roll: 25.019999999999982 deg, practicalMoveTime: 1.148408485296975 sec
2026-06-24 23:41:55,144 - mazeUtils.moveTile - [moveTile.py:1803] - DEBUG - moveTile loop time: 54.8 ms
2026-06-24 23:41:55,153 - picamera2.picamera2 - [picamera2.py:1391] - DEBUG - Execute job: <picamera2.job.Job object at 0x7f6c363dd0>
2026-06-24 23:41:55,157 - mazeUtils.device.camera - [camera.py:39] - DEBUG - Average HSV: H=124.2, S=91.6, V=118.1
2026-06-24 23:41:55,193 - mazeUtils.moveTile - [moveTile.py:79] - DEBUG - roll: 23.839999999999975 deg, practicalMoveTime: 1.1840723773823965 sec
2026-06-24 23:41:55,194 - mazeUtils.moveTile - [moveTile.py:1803] - DEBUG - moveTile loop time: 49.7 ms
2026-06-24 23:41:55,201 - picamera2.picamera2 - [picamera2.py:1391] - DEBUG - Execute job: <picamera2.job.Job object at 0x7f509726d0>
2026-06-24 23:41:55,206 - mazeUtils.device.camera - [camera.py:39] - DEBUG - Average HSV: H=124.7, S=88.4, V=116.2
2026-06-24 23:41:55,250 - mazeUtils.moveTile - [moveTile.py:79] - DEBUG - roll: 24.019999999999982 deg, practicalMoveTime: 1.224579105944573 sec
2026-06-24 23:41:55,250 - mazeUtils.moveTile - [moveTile.py:1803] - DEBUG - moveTile loop time: 55.6 ms
2026-06-24 23:41:55,256 - picamera2.picamera2 - [picamera2.py:1391] - DEBUG - Execute job: <picamera2.job.Job object at 0x7f5b47ba50>
2026-06-24 23:41:55,260 - mazeUtils.device.camera - [camera.py:39] - DEBUG - Average HSV: H=123.6, S=94.6, V=119.9
2026-06-24 23:41:55,301 - mazeUtils.moveTile - [moveTile.py:79] - DEBUG - roll: 23.480000000000018 deg, practicalMoveTime: 1.2618091265434181 sec
2026-06-24 23:41:55,302 - mazeUtils.moveTile - [moveTile.py:1803] - DEBUG - moveTile loop time: 51.3 ms
2026-06-24 23:41:55,308 - picamera2.picamera2 - [picamera2.py:1391] - DEBUG - Execute job: <picamera2.job.Job object at 0x7f735d9b50>
2026-06-24 23:41:55,312 - mazeUtils.device.camera - [camera.py:39] - DEBUG - Average HSV: H=124.3, S=89.6, V=117.4
2026-06-24 23:41:55,349 - mazeUtils.moveTile - [moveTile.py:79] - DEBUG - roll: 21.730000000000018 deg, practicalMoveTime: 1.296302469208644 sec
2026-06-24 23:41:55,350 - mazeUtils.moveTile - [moveTile.py:1803] - DEBUG - moveTile loop time: 47.0 ms
2026-06-24 23:41:55,362 - picamera2.picamera2 - [picamera2.py:1391] - DEBUG - Execute job: <picamera2.job.Job object at 0x7f6c363dd0>
2026-06-24 23:41:55,366 - mazeUtils.device.camera - [camera.py:39] - DEBUG - Average HSV: H=123.7, S=93.8, V=120.1
2026-06-24 23:41:55,405 - mazeUtils.moveTile - [moveTile.py:79] - DEBUG - roll: 19.639999999999986 deg, practicalMoveTime: 1.3377113151679212 sec
2026-06-24 23:41:55,406 - mazeUtils.moveTile - [moveTile.py:1803] - DEBUG - moveTile loop time: 55.5 ms
2026-06-24 23:41:55,412 - picamera2.picamera2 - [picamera2.py:1391] - DEBUG - Execute job: <picamera2.job.Job object at 0x7f5034ae90>
2026-06-24 23:41:55,417 - mazeUtils.device.camera - [camera.py:39] - DEBUG - Average HSV: H=123.7, S=87.2, V=125.0
2026-06-24 23:41:55,451 - mazeUtils.moveTile - [moveTile.py:79] - DEBUG - roll: 14.199999999999989 deg, practicalMoveTime: 1.3717034808664637 sec
2026-06-24 23:41:55,451 - mazeUtils.moveTile - [moveTile.py:1803] - DEBUG - moveTile loop time: 44.1 ms
2026-06-24 23:41:55,462 - picamera2.picamera2 - [picamera2.py:1391] - DEBUG - Execute job: <picamera2.job.Job object at 0x7f735d9b50>
2026-06-24 23:41:55,467 - mazeUtils.device.camera - [camera.py:39] - DEBUG - Average HSV: H=119.0, S=112.6, V=148.7
2026-06-24 23:41:55,505 - mazeUtils.moveTile - [moveTile.py:79] - DEBUG - roll: 12.319999999999993 deg, practicalMoveTime: 1.4133554906952575 sec
2026-06-24 23:41:55,506 - mazeUtils.moveTile - [moveTile.py:1803] - DEBUG - moveTile loop time: 53.9 ms
2026-06-24 23:41:55,510 - picamera2.picamera2 - [picamera2.py:1391] - DEBUG - Execute job: <picamera2.job.Job object at 0x7f6c360850>
2026-06-24 23:41:55,515 - mazeUtils.device.camera - [camera.py:39] - DEBUG - Average HSV: H=118.2, S=115.9, V=155.5
2026-06-24 23:41:55,554 - mazeUtils.moveTile - [moveTile.py:79] - DEBUG - roll: 6.269999999999982 deg, practicalMoveTime: 1.4517171564567992 sec
2026-06-24 23:41:55,555 - mazeUtils.moveTile - [moveTile.py:1803] - DEBUG - moveTile loop time: 49.1 ms
2026-06-24 23:41:55,563 - picamera2.picamera2 - [picamera2.py:1391] - DEBUG - Execute job: <picamera2.job.Job object at 0x7f735d9b50>
2026-06-24 23:41:55,567 - mazeUtils.device.camera - [camera.py:39] - DEBUG - Average HSV: H=116.2, S=135.4, V=169.3
2026-06-24 23:41:55,609 - mazeUtils.moveTile - [moveTile.py:79] - DEBUG - roll: 5.949999999999989 deg, practicalMoveTime: 1.4947522319056203 sec
2026-06-24 23:41:55,611 - mazeUtils.moveTile - [moveTile.py:1803] - DEBUG - moveTile loop time: 54.8 ms
2026-06-24 23:41:55,622 - picamera2.picamera2 - [picamera2.py:1391] - DEBUG - Execute job: <picamera2.job.Job object at 0x7f509726d0>
2026-06-24 23:41:55,627 - mazeUtils.device.camera - [camera.py:39] - DEBUG - Average HSV: H=115.3, S=143.0, V=177.0
2026-06-24 23:41:55,672 - mazeUtils.moveTile - [moveTile.py:79] - DEBUG - roll: 1.670000000000016 deg, practicalMoveTime: 1.5562777996450254 sec
2026-06-24 23:41:55,674 - mazeUtils.moveTile - [moveTile.py:1803] - DEBUG - moveTile loop time: 62.1 ms
2026-06-24 23:41:55,678 - picamera2.picamera2 - [picamera2.py:1391] - DEBUG - Execute job: <picamera2.job.Job object at 0x7f5a367510>
2026-06-24 23:41:55,684 - mazeUtils.device.camera - [camera.py:39] - DEBUG - Average HSV: H=114.7, S=148.2, V=182.2
2026-06-24 23:41:55,836 - mazeUtils.moveTile - [moveTile.py:79] - DEBUG - roll: 0.45999999999997954 deg, practicalMoveTime: 1.718910926991011 sec
2026-06-24 23:41:55,837 - mazeUtils.moveTile - [moveTile.py:1803] - DEBUG - moveTile loop time: 162.9 ms
2026-06-24 23:41:55,846 - picamera2.picamera2 - [picamera2.py:1391] - DEBUG - Execute job: <picamera2.job.Job object at 0x7f5b47ba50>
2026-06-24 23:41:55,851 - mazeUtils.device.camera - [camera.py:39] - DEBUG - Average HSV: H=113.4, S=153.8, V=186.1
2026-06-24 23:41:55,887 - mazeUtils.moveTile - [moveTile.py:1651] - INFO - practicalVerticalMove: 14.772605864404387 CM
2026-06-24 23:41:55,888 - mazeUtils.moveTile - [moveTile.py:1662] - INFO - Waiting for adjustment after ramp
2026-06-24 23:41:56,282 - mazeUtils.moveTile - [moveTile.py:1906] - INFO - Set slope for tile at absDirection.WEST, horizontal: 30 cm, vertical: 15 cm based on roll 24.839999999999975 deg
2026-06-24 23:41:56,424 - mazeUtils.moveTile - [moveTile.py:553] - DEBUG - Direction: absDirection.NORTH, Angle: 270, Distance: 16.844933704344616 cm
2026-06-24 23:41:56,425 - mazeUtils.moveTile - [moveTile.py:553] - DEBUG - Direction: absDirection.EAST, Angle: 180, Distance: 165.79999307553575 cm
2026-06-24 23:41:56,426 - mazeUtils.moveTile - [moveTile.py:553] - DEBUG - Direction: absDirection.SOUTH, Angle: 90, Distance: 396.33409526952624 cm
2026-06-24 23:41:56,427 - mazeUtils.moveTile - [moveTile.py:553] - DEBUG - Direction: absDirection.WEST, Angle: 0, Distance: 33.09966457380417 cm
2026-06-24 23:41:56,427 - mazeUtils.moveTile - [moveTile.py:578] - DEBUG - Front LiDAR distance: 33.09966457380417 cm, TSD10 distance: 22.4 cm
2026-06-24 23:41:56,429 - mazeUtils.moveTile - [moveTile.py:2153] - INFO - Tile color detection, decided tile type: E
2026-06-24 23:41:56,500 - __main__ - [main.py:105] - INFO - Current position: (20, 19, 1), front direction: absDirection.WEST
Layer 0 (altitude=0.0cm, offset=(0.0cm, 0.0cm)):
Known map area: x=20..20, y=19..20
+---+
  E |
+   +
  S |
+   +
Layer 1 (altitude=15.0cm, offset=(-60.0cm, 0.0cm)):
Known map area: x=20..20, y=19..19
+---+
  @  
+   +
mazeAsGraph[0][19][20] = {absDirection.NORTH: None, absDirection.EAST: None, absDirection.SOUTH: (20, 20, 0, 30), absDirection.WEST: (20, 19, 1, 60)}
mazeAsGraph[0][20][20] = {absDirection.NORTH: (20, 19, 0, 30), absDirection.EAST: None, absDirection.SOUTH: (20, 21, 0, 30), absDirection.WEST: (19, 20, 0, 30)}
mazeAsGraph[1][19][20] = {absDirection.NORTH: None, absDirection.EAST: (20, 19, 0, 60), absDirection.SOUTH: (20, 20, 1, 30), absDirection.WEST: (19, 19, 1, 30)}
2026-06-24 23:41:56,511 - mazeUtils.mazeMap - [mazeMap.py:61] - INFO - next goal: (19, 19, 1)
2026-06-24 23:41:56,525 - mazeUtils.moveTile - [moveTile.py:79] - DEBUG - Moving to absDirection.WEST from (20, 19, 1) facing absDirection.WEST
2026-06-24 23:41:56,555 - mazeUtils.moveTile - [moveTile.py:79] - DEBUG - current heading: 91.50999999999999 target: 90
2026-06-24 23:41:56,573 - mazeUtils.moveTile - [moveTile.py:427] - DEBUG - stopped turning at heading: 91.50999999999999, diff: 1.509999999999991
2026-06-24 23:41:56,617 - mazeUtils.moveTile - [moveTile.py:79] - DEBUG - Turned to heading: 91.67000000000002 deg
2026-06-24 23:41:56,836 - picamera2.picamera2 - [picamera2.py:1391] - DEBUG - Execute job: <picamera2.job.Job object at 0x7f5b3df910>
2026-06-24 23:41:56,840 - mazeUtils.device.camera - [camera.py:39] - DEBUG - Average HSV: H=111.8, S=162.0, V=202.2
2026-06-24 23:41:56,893 - mazeUtils.moveTile - [moveTile.py:79] - DEBUG - roll: 359.71 deg, practicalMoveTime: 0.0617512344351123 sec
2026-06-24 23:41:56,893 - mazeUtils.moveTile - [moveTile.py:1803] - DEBUG - moveTile loop time: 61.0 ms
2026-06-24 23:41:56,899 - picamera2.picamera2 - [picamera2.py:1391] - DEBUG - Execute job: <picamera2.job.Job object at 0x7f5a3f6690>
2026-06-24 23:41:56,903 - mazeUtils.device.camera - [camera.py:39] - DEBUG - Average HSV: H=112.1, S=160.4, V=201.9
2026-06-24 23:41:56,939 - mazeUtils.moveTile - [moveTile.py:79] - DEBUG - roll: 0.8899999999999864 deg, practicalMoveTime: 0.10698458078396164 sec
2026-06-24 23:41:56,939 - mazeUtils.moveTile - [moveTile.py:1803] - DEBUG - moveTile loop time: 45.7 ms
2026-06-24 23:41:56,951 - picamera2.picamera2 - [picamera2.py:1391] - DEBUG - Execute job: <picamera2.job.Job object at 0x7f73487b90>
2026-06-24 23:41:56,954 - mazeUtils.device.camera - [camera.py:39] - DEBUG - Average HSV: H=112.1, S=168.6, V=204.1
2026-06-24 23:41:56,995 - mazeUtils.moveTile - [moveTile.py:79] - DEBUG - roll: 358.74 deg, practicalMoveTime: 0.16236768720146652 sec
2026-06-24 23:41:56,995 - mazeUtils.moveTile - [moveTile.py:1803] - DEBUG - moveTile loop time: 55.5 ms
2026-06-24 23:41:57,000 - picamera2.picamera2 - [picamera2.py:1391] - DEBUG - Execute job: <picamera2.job.Job object at 0x7f3be0cdd0>
2026-06-24 23:41:57,004 - mazeUtils.device.camera - [camera.py:39] - DEBUG - Average HSV: H=111.3, S=176.2, V=207.3
2026-06-24 23:41:57,033 - mazeUtils.moveTile - [moveTile.py:79] - DEBUG - roll: 0.39999999999997726 deg, practicalMoveTime: 0.19997333284698982 sec
2026-06-24 23:41:57,034 - mazeUtils.moveTile - [moveTile.py:1803] - DEBUG - moveTile loop time: 38.1 ms
2026-06-24 23:41:57,039 - picamera2.picamera2 - [picamera2.py:1391] - DEBUG - Execute job: <picamera2.job.Job object at 0x7f5b3df910>
2026-06-24 23:41:57,042 - mazeUtils.device.camera - [camera.py:39] - DEBUG - Average HSV: H=110.9, S=177.7, V=213.1
2026-06-24 23:41:57,089 - mazeUtils.moveTile - [moveTile.py:79] - DEBUG - roll: 0.18999999999999773 deg, practicalMoveTime: 0.2553065573331538 sec
2026-06-24 23:41:57,089 - mazeUtils.moveTile - [moveTile.py:1803] - DEBUG - moveTile loop time: 55.5 ms
2026-06-24 23:41:57,094 - picamera2.picamera2 - [picamera2.py:1391] - DEBUG - Execute job: <picamera2.job.Job object at 0x7f5b3f04d0>
2026-06-24 23:41:57,098 - mazeUtils.device.camera - [camera.py:39] - DEBUG - Average HSV: H=110.1, S=184.7, V=217.7
2026-06-24 23:41:57,131 - mazeUtils.moveTile - [moveTile.py:79] - DEBUG - roll: 359.11 deg, practicalMoveTime: 0.2966629175639821 sec
2026-06-24 23:41:57,131 - mazeUtils.moveTile - [moveTile.py:1803] - DEBUG - moveTile loop time: 41.6 ms
2026-06-24 23:41:57,136 - picamera2.picamera2 - [picamera2.py:1391] - DEBUG - Execute job: <picamera2.job.Job object at 0x7f5a377ad0>
2026-06-24 23:41:57,139 - mazeUtils.device.camera - [camera.py:39] - DEBUG - Average HSV: H=109.8, S=185.9, V=223.4
2026-06-24 23:41:57,175 - mazeUtils.moveTile - [moveTile.py:79] - DEBUG - roll: 0.05000000000001137 deg, practicalMoveTime: 0.34027728846906247 sec
2026-06-24 23:41:57,175 - mazeUtils.moveTile - [moveTile.py:1803] - DEBUG - moveTile loop time: 43.9 ms
2026-06-24 23:41:57,182 - picamera2.picamera2 - [picamera2.py:1391] - DEBUG - Execute job: <picamera2.job.Job object at 0x7f5b3f04d0>
2026-06-24 23:41:57,186 - mazeUtils.device.camera - [camera.py:39] - DEBUG - Average HSV: H=109.0, S=191.1, V=228.7
2026-06-24 23:41:57,228 - mazeUtils.moveTile - [moveTile.py:79] - DEBUG - roll: 359.63 deg, practicalMoveTime: 0.39323958437072565 sec
2026-06-24 23:41:57,229 - mazeUtils.moveTile - [moveTile.py:1803] - DEBUG - moveTile loop time: 53.2 ms
2026-06-24 23:41:57,234 - picamera2.picamera2 - [picamera2.py:1391] - DEBUG - Execute job: <picamera2.job.Job object at 0x7f3be0cd50>
2026-06-24 23:41:57,237 - mazeUtils.device.camera - [camera.py:39] - DEBUG - Average HSV: H=108.2, S=197.6, V=233.1
2026-06-24 23:41:57,274 - mazeUtils.moveTile - [moveTile.py:79] - DEBUG - roll: 0.29000000000002046 deg, practicalMoveTime: 0.43864892577097614 sec
2026-06-24 23:41:57,275 - mazeUtils.moveTile - [moveTile.py:1803] - DEBUG - moveTile loop time: 46.0 ms
2026-06-24 23:41:57,285 - picamera2.picamera2 - [picamera2.py:1391] - DEBUG - Execute job: <picamera2.job.Job object at 0x7f5b47ba50>
2026-06-24 23:41:57,287 - mazeUtils.device.camera - [camera.py:39] - DEBUG - Average HSV: H=110.5, S=203.1, V=207.9
2026-06-24 23:41:57,322 - mazeUtils.moveTile - [moveTile.py:79] - DEBUG - roll: 0.7900000000000205 deg, practicalMoveTime: 0.4853588309596855 sec
2026-06-24 23:41:57,322 - mazeUtils.moveTile - [moveTile.py:1803] - DEBUG - moveTile loop time: 47.0 ms
2026-06-24 23:41:57,335 - picamera2.picamera2 - [picamera2.py:1391] - DEBUG - Execute job: <picamera2.job.Job object at 0x7f5b3f04d0>
2026-06-24 23:41:57,339 - mazeUtils.device.camera - [camera.py:39] - DEBUG - Average HSV: H=111.1, S=206.4, V=199.3
2026-06-24 23:41:57,418 - mazeUtils.moveTile - [moveTile.py:79] - DEBUG - Little forward to adjust position
2026-06-24 23:41:57,527 - mazeUtils.moveTile - [moveTile.py:1998] - INFO - Set moved vertical distance: 0.024645066548469652 cm, past distances: [(14.772605864404387, True), (0, False), (0, False)]
2026-06-24 23:41:57,688 - mazeUtils.moveTile - [moveTile.py:553] - DEBUG - Direction: absDirection.NORTH, Angle: 270, Distance: 16.798677902677216 cm
2026-06-24 23:41:57,689 - mazeUtils.moveTile - [moveTile.py:553] - DEBUG - Direction: absDirection.EAST, Angle: 180, Distance: 185.69975077321973 cm
2026-06-24 23:41:57,690 - mazeUtils.moveTile - [moveTile.py:553] - DEBUG - Direction: absDirection.SOUTH, Angle: 90, Distance: 320.9587758229605 cm
2026-06-24 23:41:57,691 - mazeUtils.moveTile - [moveTile.py:553] - DEBUG - Direction: absDirection.WEST, Angle: 0, Distance: 11.651421994864194 cm
2026-06-24 23:41:57,692 - mazeUtils.moveTile - [moveTile.py:578] - DEBUG - Front LiDAR distance: 11.651421994864194 cm, TSD10 distance: 1.6 cm
2026-06-24 23:41:57,694 - mazeUtils.moveTile - [moveTile.py:2153] - INFO - Tile color detection, decided tile type: E
2026-06-24 23:41:57,767 - __main__ - [main.py:105] - INFO - Current position: (19, 19, 1), front direction: absDirection.WEST
Layer 0 (altitude=0.0cm, offset=(0.0cm, 0.0cm)):
Known map area: x=20..20, y=19..20
+---+
  E |
+   +
  S |
+   +
Layer 1 (altitude=15.0cm, offset=(-60.0cm, 0.0cm)):
Known map area: x=19..20, y=19..19
+---+---+
| @   E  
+   +   +
mazeAsGraph[0][19][20] = {absDirection.NORTH: None, absDirection.EAST: None, absDirection.SOUTH: (20, 20, 0, 30), absDirection.WEST: (20, 19, 1, 60)}
mazeAsGraph[0][20][20] = {absDirection.NORTH: (20, 19, 0, 30), absDirection.EAST: None, absDirection.SOUTH: (20, 21, 0, 30), absDirection.WEST: (19, 20, 0, 30)}
mazeAsGraph[1][19][19] = {absDirection.NORTH: None, absDirection.EAST: (20, 19, 1, 30), absDirection.SOUTH: (19, 20, 1, 30), absDirection.WEST: None}
mazeAsGraph[1][19][20] = {absDirection.NORTH: None, absDirection.EAST: (20, 19, 0, 60), absDirection.SOUTH: (20, 20, 1, 30), absDirection.WEST: (19, 19, 1, 30)}
2026-06-24 23:41:57,776 - mazeUtils.mazeMap - [mazeMap.py:61] - INFO - next goal: (19, 20, 1)
2026-06-24 23:41:57,788 - mazeUtils.moveTile - [moveTile.py:79] - DEBUG - Moving to absDirection.SOUTH from (19, 19, 1) facing absDirection.WEST
2026-06-24 23:41:57,818 - mazeUtils.moveTile - [moveTile.py:79] - DEBUG - current heading: 90.87 target: 180
2026-06-24 23:41:58,903 - mazeUtils.moveTile - [moveTile.py:427] - DEBUG - stopped turning at heading: 175.85000000000002, diff: 4.149999999999977
2026-06-24 23:41:58,952 - mazeUtils.moveTile - [moveTile.py:79] - DEBUG - Turned to heading: 178.47 deg
2026-06-24 23:41:59,117 - mazeUtils.moveTile - [moveTile.py:79] - DEBUG - Little backward to adjust position
2026-06-24 23:41:59,429 - picamera2.picamera2 - [picamera2.py:1391] - DEBUG - Execute job: <picamera2.job.Job object at 0x7f73a71fd0>
2026-06-24 23:41:59,433 - mazeUtils.device.camera - [camera.py:39] - DEBUG - Average HSV: H=148.2, S=26.4, V=187.6
2026-06-24 23:41:59,472 - mazeUtils.moveTile - [moveTile.py:79] - DEBUG - roll: 359.76 deg, practicalMoveTime: 0.04814483616090219 sec
2026-06-24 23:41:59,473 - mazeUtils.moveTile - [moveTile.py:1803] - DEBUG - moveTile loop time: 49.0 ms
2026-06-24 23:41:59,479 - picamera2.picamera2 - [picamera2.py:1391] - DEBUG - Execute job: <picamera2.job.Job object at 0x7f73a71fd0>
2026-06-24 23:41:59,485 - mazeUtils.device.camera - [camera.py:39] - DEBUG - Average HSV: H=151.4, S=24.1, V=191.0
2026-06-24 23:41:59,523 - mazeUtils.moveTile - [moveTile.py:79] - DEBUG - roll: 0.25 deg, practicalMoveTime: 0.09814165255326078 sec
2026-06-24 23:41:59,523 - mazeUtils.moveTile - [moveTile.py:1803] - DEBUG - moveTile loop time: 49.8 ms
2026-06-24 23:41:59,531 - picamera2.picamera2 - [picamera2.py:1391] - DEBUG - Execute job: <picamera2.job.Job object at 0x7f73a71fd0>
2026-06-24 23:41:59,536 - mazeUtils.device.camera - [camera.py:39] - DEBUG - Average HSV: H=154.0, S=23.1, V=195.6
2026-06-24 23:41:59,565 - mazeUtils.moveTile - [moveTile.py:79] - DEBUG - roll: 1.329999999999984 deg, practicalMoveTime: 0.13991239615864043 sec
2026-06-24 23:41:59,566 - mazeUtils.moveTile - [moveTile.py:1803] - DEBUG - moveTile loop time: 42.2 ms
2026-06-24 23:41:59,571 - picamera2.picamera2 - [picamera2.py:1391] - DEBUG - Execute job: <picamera2.job.Job object at 0x7f5a377ad0>
2026-06-24 23:41:59,574 - mazeUtils.device.camera - [camera.py:39] - DEBUG - Average HSV: H=154.7, S=23.9, V=197.7
2026-06-24 23:41:59,618 - mazeUtils.moveTile - [moveTile.py:79] - DEBUG - roll: 0.19999999999998863 deg, practicalMoveTime: 0.1923186869966329 sec
2026-06-24 23:41:59,619 - mazeUtils.moveTile - [moveTile.py:1803] - DEBUG - moveTile loop time: 52.2 ms
2026-06-24 23:41:59,623 - picamera2.picamera2 - [picamera2.py:1391] - DEBUG - Execute job: <picamera2.job.Job object at 0x7f5a3f7750>
2026-06-24 23:41:59,627 - mazeUtils.device.camera - [camera.py:39] - DEBUG - Average HSV: H=158.8, S=24.0, V=200.0
2026-06-24 23:41:59,659 - mazeUtils.moveTile - [moveTile.py:79] - DEBUG - roll: 1.670000000000016 deg, practicalMoveTime: 0.23226830357089245 sec
2026-06-24 23:41:59,659 - mazeUtils.moveTile - [moveTile.py:1803] - DEBUG - moveTile loop time: 40.3 ms
2026-06-24 23:41:59,666 - picamera2.picamera2 - [picamera2.py:1391] - DEBUG - Execute job: <picamera2.job.Job object at 0x7f5a377ad0>
2026-06-24 23:41:59,670 - mazeUtils.device.camera - [camera.py:39] - DEBUG - Average HSV: H=164.4, S=24.2, V=202.1
2026-06-24 23:41:59,703 - mazeUtils.moveTile - [moveTile.py:79] - DEBUG - roll: 1.0600000000000023 deg, practicalMoveTime: 0.2756418831399042 sec
2026-06-24 23:41:59,703 - mazeUtils.moveTile - [moveTile.py:1803] - DEBUG - moveTile loop time: 43.4 ms
2026-06-24 23:41:59,709 - picamera2.picamera2 - [picamera2.py:1391] - DEBUG - Execute job: <picamera2.job.Job object at 0x7f73a71fd0>
2026-06-24 23:41:59,713 - mazeUtils.device.camera - [camera.py:39] - DEBUG - Average HSV: H=158.5, S=24.6, V=199.8
2026-06-24 23:41:59,752 - mazeUtils.moveTile - [moveTile.py:79] - DEBUG - roll: 358.03 deg, practicalMoveTime: 0.324579378690693 sec
2026-06-24 23:41:59,752 - mazeUtils.moveTile - [moveTile.py:1803] - DEBUG - moveTile loop time: 49.3 ms
2026-06-24 23:41:59,756 - picamera2.picamera2 - [picamera2.py:1391] - DEBUG - Execute job: <picamera2.job.Job object at 0x7f5a3f6450>
2026-06-24 23:41:59,759 - mazeUtils.device.camera - [camera.py:39] - DEBUG - Average HSV: H=142.9, S=25.3, V=204.9
2026-06-24 23:41:59,797 - mazeUtils.moveTile - [moveTile.py:79] - DEBUG - roll: 354.25 deg, practicalMoveTime: 0.3690968783681735 sec
2026-06-24 23:41:59,798 - mazeUtils.moveTile - [moveTile.py:1803] - DEBUG - moveTile loop time: 44.9 ms
2026-06-24 23:41:59,803 - picamera2.picamera2 - [picamera2.py:1391] - DEBUG - Execute job: <picamera2.job.Job object at 0x7f73a71fd0>
2026-06-24 23:41:59,806 - mazeUtils.device.camera - [camera.py:39] - DEBUG - Average HSV: H=133.4, S=36.7, V=202.8
2026-06-24 23:41:59,840 - mazeUtils.moveTile - [moveTile.py:79] - DEBUG - roll: 348.79 deg, practicalMoveTime: 0.411138685827313 sec
2026-06-24 23:41:59,841 - mazeUtils.moveTile - [moveTile.py:1803] - DEBUG - moveTile loop time: 42.8 ms
2026-06-24 23:41:59,846 - picamera2.picamera2 - [picamera2.py:1391] - DEBUG - Execute job: <picamera2.job.Job object at 0x7f5a377ad0>
2026-06-24 23:41:59,849 - mazeUtils.device.camera - [camera.py:39] - DEBUG - Average HSV: H=124.5, S=57.4, V=197.3
2026-06-24 23:41:59,886 - mazeUtils.moveTile - [moveTile.py:79] - DEBUG - roll: 344.13 deg, practicalMoveTime: 0.4590966770646027 sec
2026-06-24 23:41:59,886 - mazeUtils.moveTile - [moveTile.py:1803] - DEBUG - moveTile loop time: 45.5 ms
2026-06-24 23:41:59,897 - picamera2.picamera2 - [picamera2.py:1391] - DEBUG - Execute job: <picamera2.job.Job object at 0x7f73a71fd0>
2026-06-24 23:41:59,900 - mazeUtils.device.camera - [camera.py:39] - DEBUG - Average HSV: H=118.8, S=76.9, V=207.0
2026-06-24 23:41:59,933 - mazeUtils.moveTile - [moveTile.py:79] - DEBUG - roll: 337.93 deg, practicalMoveTime: 0.5073939574102264 sec
2026-06-24 23:41:59,934 - mazeUtils.moveTile - [moveTile.py:1803] - DEBUG - moveTile loop time: 47.1 ms
2026-06-24 23:41:59,944 - picamera2.picamera2 - [picamera2.py:1391] - DEBUG - Execute job: <picamera2.job.Job object at 0x7f5a3f4610>
2026-06-24 23:41:59,947 - mazeUtils.device.camera - [camera.py:39] - DEBUG - Average HSV: H=115.5, S=99.1, V=215.2
2026-06-24 23:41:59,983 - mazeUtils.moveTile - [moveTile.py:79] - DEBUG - roll: 333.53 deg, practicalMoveTime: 0.5564089815806166 sec
2026-06-24 23:41:59,983 - mazeUtils.moveTile - [moveTile.py:1803] - DEBUG - moveTile loop time: 49.2 ms
2026-06-24 23:41:59,989 - picamera2.picamera2 - [picamera2.py:1391] - DEBUG - Execute job: <picamera2.job.Job object at 0x7f73a71fd0>
2026-06-24 23:41:59,992 - mazeUtils.device.camera - [camera.py:39] - DEBUG - Average HSV: H=114.3, S=104.7, V=220.7
2026-06-24 23:42:00,031 - mazeUtils.moveTile - [moveTile.py:79] - DEBUG - roll: 330.83 deg, practicalMoveTime: 0.6028337456596663 sec
2026-06-24 23:42:00,032 - mazeUtils.moveTile - [moveTile.py:1803] - DEBUG - moveTile loop time: 48.0 ms
2026-06-24 23:42:00,042 - picamera2.picamera2 - [picamera2.py:1391] - DEBUG - Execute job: <picamera2.job.Job object at 0x7f5a3f4490>
2026-06-24 23:42:00,045 - mazeUtils.device.camera - [camera.py:39] - DEBUG - Average HSV: H=113.7, S=108.8, V=222.6
2026-06-24 23:42:00,079 - mazeUtils.moveTile - [moveTile.py:79] - DEBUG - roll: 331.06 deg, practicalMoveTime: 0.648244477911311 sec
2026-06-24 23:42:00,079 - mazeUtils.moveTile - [moveTile.py:1803] - DEBUG - moveTile loop time: 47.4 ms
2026-06-24 23:42:00,090 - picamera2.picamera2 - [picamera2.py:1391] - DEBUG - Execute job: <picamera2.job.Job object at 0x7f73a71fd0>
2026-06-24 23:42:00,093 - mazeUtils.device.camera - [camera.py:39] - DEBUG - Average HSV: H=114.4, S=98.4, V=223.5
2026-06-24 23:42:00,139 - mazeUtils.moveTile - [moveTile.py:79] - DEBUG - roll: 331.81 deg, practicalMoveTime: 0.7063895760768875 sec
2026-06-24 23:42:00,140 - mazeUtils.moveTile - [moveTile.py:1803] - DEBUG - moveTile loop time: 59.9 ms
2026-06-24 23:42:00,145 - picamera2.picamera2 - [picamera2.py:1391] - DEBUG - Execute job: <picamera2.job.Job object at 0x7f5a377ad0>
2026-06-24 23:42:00,148 - mazeUtils.device.camera - [camera.py:39] - DEBUG - Average HSV: H=114.6, S=95.8, V=224.2
2026-06-24 23:42:00,189 - mazeUtils.moveTile - [moveTile.py:79] - DEBUG - roll: 332.33 deg, practicalMoveTime: 0.7543063657080918 sec
2026-06-24 23:42:00,189 - mazeUtils.moveTile - [moveTile.py:1803] - DEBUG - moveTile loop time: 49.6 ms
2026-06-24 23:42:00,200 - picamera2.picamera2 - [picamera2.py:1391] - DEBUG - Execute job: <picamera2.job.Job object at 0x7f5a3f7750>
2026-06-24 23:42:00,203 - mazeUtils.device.camera - [camera.py:39] - DEBUG - Average HSV: H=115.1, S=88.2, V=223.5
2026-06-24 23:42:00,237 - mazeUtils.moveTile - [moveTile.py:79] - DEBUG - roll: 331.71999999999997 deg, practicalMoveTime: 0.8000655087941264 sec
2026-06-24 23:42:00,237 - mazeUtils.moveTile - [moveTile.py:1803] - DEBUG - moveTile loop time: 47.4 ms
2026-06-24 23:42:00,247 - picamera2.picamera2 - [picamera2.py:1391] - DEBUG - Execute job: <picamera2.job.Job object at 0x7f5a377ad0>
2026-06-24 23:42:00,251 - mazeUtils.device.camera - [camera.py:39] - DEBUG - Average HSV: H=115.1, S=71.6, V=230.7
2026-06-24 23:42:00,301 - picamera2.picamera2 - [picamera2.py:1391] - DEBUG - Execute job: <picamera2.job.Job object at 0x7f5a3f4610>
2026-06-24 23:42:00,305 - mazeUtils.device.camera - [camera.py:39] - DEBUG - Average HSV: H=115.2, S=55.5, V=239.3
2026-06-24 23:42:00,342 - mazeUtils.moveTile - [moveTile.py:79] - DEBUG - roll: 333.14 deg, practicalMoveTime: 0.9029228612568833 sec
2026-06-24 23:42:00,342 - mazeUtils.moveTile - [moveTile.py:1803] - DEBUG - moveTile loop time: 46.9 ms
2026-06-24 23:42:00,348 - picamera2.picamera2 - [picamera2.py:1391] - DEBUG - Execute job: <picamera2.job.Job object at 0x7f73a71fd0>
2026-06-24 23:42:00,351 - mazeUtils.device.camera - [camera.py:39] - DEBUG - Average HSV: H=115.7, S=52.5, V=239.1
2026-06-24 23:42:00,384 - mazeUtils.moveTile - [moveTile.py:79] - DEBUG - roll: 331.35 deg, practicalMoveTime: 0.9432878921744242 sec
2026-06-24 23:42:00,385 - mazeUtils.moveTile - [moveTile.py:1803] - DEBUG - moveTile loop time: 42.0 ms
2026-06-24 23:42:00,395 - picamera2.picamera2 - [picamera2.py:1391] - DEBUG - Execute job: <picamera2.job.Job object at 0x7f5a377ad0>
2026-06-24 23:42:00,400 - mazeUtils.device.camera - [camera.py:39] - DEBUG - Average HSV: H=109.7, S=117.4, V=236.2
2026-06-24 23:42:00,445 - mazeUtils.moveTile - [moveTile.py:79] - DEBUG - roll: 333.44 deg, practicalMoveTime: 1.002349802532356 sec
2026-06-24 23:42:00,446 - mazeUtils.moveTile - [moveTile.py:1803] - DEBUG - moveTile loop time: 58.8 ms
2026-06-24 23:42:00,451 - picamera2.picamera2 - [picamera2.py:1391] - DEBUG - Execute job: <picamera2.job.Job object at 0x7f5a3f4610>
2026-06-24 23:42:00,454 - mazeUtils.device.camera - [camera.py:39] - DEBUG - Average HSV: H=109.8, S=117.2, V=231.8
2026-06-24 23:42:00,501 - mazeUtils.moveTile - [moveTile.py:79] - DEBUG - roll: 331.18 deg, practicalMoveTime: 1.0559605317345568 sec
2026-06-24 23:42:00,501 - mazeUtils.moveTile - [moveTile.py:1803] - DEBUG - moveTile loop time: 55.2 ms
2026-06-24 23:42:00,506 - picamera2.picamera2 - [picamera2.py:1391] - DEBUG - Execute job: <picamera2.job.Job object at 0x7f73a71fd0>
2026-06-24 23:42:00,509 - mazeUtils.device.camera - [camera.py:39] - DEBUG - Average HSV: H=110.8, S=147.0, V=196.7
2026-06-24 23:42:00,542 - mazeUtils.moveTile - [moveTile.py:79] - DEBUG - roll: 331.82 deg, practicalMoveTime: 1.094776959603734 sec
2026-06-24 23:42:00,542 - mazeUtils.moveTile - [moveTile.py:1803] - DEBUG - moveTile loop time: 40.6 ms
2026-06-24 23:42:00,554 - picamera2.picamera2 - [picamera2.py:1391] - DEBUG - Execute job: <picamera2.job.Job object at 0x7f50783a10>
2026-06-24 23:42:00,558 - mazeUtils.device.camera - [camera.py:39] - DEBUG - Average HSV: H=110.0, S=142.7, V=212.0
2026-06-24 23:42:00,593 - mazeUtils.moveTile - [moveTile.py:79] - DEBUG - roll: 336.69 deg, practicalMoveTime: 1.1451806528443342 sec
2026-06-24 23:42:00,593 - mazeUtils.moveTile - [moveTile.py:1803] - DEBUG - moveTile loop time: 50.8 ms
2026-06-24 23:42:00,600 - picamera2.picamera2 - [picamera2.py:1391] - DEBUG - Execute job: <picamera2.job.Job object at 0x7f5a3f64d0>
2026-06-24 23:42:00,604 - mazeUtils.device.camera - [camera.py:39] - DEBUG - Average HSV: H=111.0, S=138.0, V=205.8
2026-06-24 23:42:00,650 - mazeUtils.moveTile - [moveTile.py:79] - DEBUG - roll: 337.88 deg, practicalMoveTime: 1.2026541021144885 sec
2026-06-24 23:42:00,651 - mazeUtils.moveTile - [moveTile.py:1803] - DEBUG - moveTile loop time: 57.0 ms
2026-06-24 23:42:00,656 - picamera2.picamera2 - [picamera2.py:1391] - DEBUG - Execute job: <picamera2.job.Job object at 0x7f5a3f4610>
2026-06-24 23:42:00,659 - mazeUtils.device.camera - [camera.py:39] - DEBUG - Average HSV: H=120.5, S=35.8, V=234.9
2026-06-24 23:42:00,691 - mazeUtils.moveTile - [moveTile.py:79] - DEBUG - roll: 344.48 deg, practicalMoveTime: 1.244748424207599 sec
2026-06-24 23:42:00,691 - mazeUtils.moveTile - [moveTile.py:1803] - DEBUG - moveTile loop time: 40.1 ms
2026-06-24 23:42:00,703 - picamera2.picamera2 - [picamera2.py:1391] - DEBUG - Execute job: <picamera2.job.Job object at 0x7f5a3f7e50>
2026-06-24 23:42:00,706 - mazeUtils.device.camera - [camera.py:39] - DEBUG - Average HSV: H=125.3, S=32.6, V=225.1
2026-06-24 23:42:00,747 - mazeUtils.moveTile - [moveTile.py:79] - DEBUG - roll: 345.51 deg, practicalMoveTime: 1.3042839071143342 sec
2026-06-24 23:42:00,747 - mazeUtils.moveTile - [moveTile.py:1803] - DEBUG - moveTile loop time: 55.8 ms
2026-06-24 23:42:00,752 - picamera2.picamera2 - [picamera2.py:1391] - DEBUG - Execute job: <picamera2.job.Job object at 0x7f50783a10>
2026-06-24 23:42:00,756 - mazeUtils.device.camera - [camera.py:39] - DEBUG - Average HSV: H=127.4, S=31.7, V=223.2
2026-06-24 23:42:00,792 - mazeUtils.moveTile - [moveTile.py:79] - DEBUG - roll: 349.78 deg, practicalMoveTime: 1.3526935118224674 sec
2026-06-24 23:42:00,793 - mazeUtils.moveTile - [moveTile.py:1803] - DEBUG - moveTile loop time: 45.4 ms
2026-06-24 23:42:00,805 - picamera2.picamera2 - [picamera2.py:1391] - DEBUG - Execute job: <picamera2.job.Job object at 0x7f5a3f4490>
2026-06-24 23:42:00,808 - mazeUtils.device.camera - [camera.py:39] - DEBUG - Average HSV: H=123.7, S=30.0, V=237.0
2026-06-24 23:42:00,843 - mazeUtils.moveTile - [moveTile.py:79] - DEBUG - roll: 354.89 deg, practicalMoveTime: 1.4027793368170474 sec
2026-06-24 23:42:00,844 - mazeUtils.moveTile - [moveTile.py:1803] - DEBUG - moveTile loop time: 50.7 ms
2026-06-24 23:42:00,850 - picamera2.picamera2 - [picamera2.py:1391] - DEBUG - Execute job: <picamera2.job.Job object at 0x7f5a3f7e50>
2026-06-24 23:42:00,853 - mazeUtils.device.camera - [camera.py:39] - DEBUG - Average HSV: H=124.9, S=28.2, V=236.7
2026-06-24 23:42:00,896 - mazeUtils.moveTile - [moveTile.py:79] - DEBUG - roll: 357.82 deg, practicalMoveTime: 1.4551816574478091 sec
2026-06-24 23:42:00,897 - mazeUtils.moveTile - [moveTile.py:1803] - DEBUG - moveTile loop time: 52.9 ms
2026-06-24 23:42:00,905 - picamera2.picamera2 - [picamera2.py:1391] - DEBUG - Execute job: <picamera2.job.Job object at 0x7f5a3f45d0>
2026-06-24 23:42:00,908 - mazeUtils.device.camera - [camera.py:39] - DEBUG - Average HSV: H=130.2, S=24.8, V=230.1
2026-06-24 23:42:01,060 - mazeUtils.moveTile - [moveTile.py:79] - DEBUG - roll: 357.67 deg, practicalMoveTime: 1.617770257906035 sec
2026-06-24 23:42:01,060 - mazeUtils.moveTile - [moveTile.py:1803] - DEBUG - moveTile loop time: 163.3 ms
2026-06-24 23:42:01,067 - picamera2.picamera2 - [picamera2.py:1391] - DEBUG - Execute job: <picamera2.job.Job object at 0x7f5a3f49d0>
2026-06-24 23:42:01,070 - mazeUtils.device.camera - [camera.py:39] - DEBUG - Average HSV: H=128.8, S=25.0, V=234.1
2026-06-24 23:42:01,105 - mazeUtils.moveTile - [moveTile.py:1651] - INFO - practicalVerticalMove: -16.582309837184813 CM
2026-06-24 23:42:01,106 - mazeUtils.moveTile - [moveTile.py:1662] - INFO - Waiting for adjustment after ramp
2026-06-24 23:42:01,501 - mazeUtils.moveTile - [moveTile.py:1906] - INFO - Set slope for tile at absDirection.SOUTH, horizontal: 30 cm, vertical: -15 cm based on roll 331.6 deg
2026-06-24 23:42:01,640 - mazeUtils.moveTile - [moveTile.py:553] - DEBUG - Direction: absDirection.NORTH, Angle: 180, Distance: 58.48847154769535 cm
2026-06-24 23:42:01,642 - mazeUtils.moveTile - [moveTile.py:553] - DEBUG - Direction: absDirection.EAST, Angle: 90, Distance: 46.477734345428416 cm
2026-06-24 23:42:01,644 - mazeUtils.moveTile - [moveTile.py:553] - DEBUG - Direction: absDirection.SOUTH, Angle: 0, Distance: 96.27040745370981 cm
2026-06-24 23:42:01,645 - mazeUtils.moveTile - [moveTile.py:578] - DEBUG - Front LiDAR distance: 96.27040745370981 cm, TSD10 distance: 87.6 cm
2026-06-24 23:42:01,647 - mazeUtils.moveTile - [moveTile.py:553] - DEBUG - Direction: absDirection.WEST, Angle: 270, Distance: 52.322425204825535 cm
2026-06-24 23:42:01,650 - mazeUtils.moveTile - [moveTile.py:2153] - INFO - Tile color detection, decided tile type: E
2026-06-24 23:42:01,751 - __main__ - [main.py:105] - INFO - Current position: (17, 21, 0), front direction: absDirection.SOUTH
Layer 0 (altitude=0.0cm, offset=(0.0cm, 0.0cm)):
Known map area: x=17..20, y=19..21
+   +   +   +---+
  U   U   U   E |
+   +   +   +   +
  U   U   U   S |
+   +   +   +   +
  @   U   U   U  
+   +   +   +   +
Layer 1 (altitude=15.0cm, offset=(-60.0cm, 0.0cm)):
Known map area: x=19..20, y=19..19
+---+---+
| E   E  
+   +   +
mazeAsGraph[0][19][20] = {absDirection.NORTH: None, absDirection.EAST: None, absDirection.SOUTH: (20, 20, 0, 30), absDirection.WEST: (20, 19, 1, 60)}
mazeAsGraph[0][20][20] = {absDirection.NORTH: (20, 19, 0, 30), absDirection.EAST: None, absDirection.SOUTH: (20, 21, 0, 30), absDirection.WEST: (19, 20, 0, 30)}
mazeAsGraph[0][21][17] = {absDirection.NORTH: (19, 19, 1, 60), absDirection.EAST: (18, 21, 0, 30), absDirection.SOUTH: (17, 22, 0, 30), absDirection.WEST: (16, 21, 0, 30)}
mazeAsGraph[1][19][19] = {absDirection.NORTH: None, absDirection.EAST: (20, 19, 1, 30), absDirection.SOUTH: (17, 21, 0, 60), absDirection.WEST: None}
mazeAsGraph[1][19][20] = {absDirection.NORTH: None, absDirection.EAST: (20, 19, 0, 60), absDirection.SOUTH: (20, 20, 1, 30), absDirection.WEST: (19, 19, 1, 30)}
2026-06-24 23:42:01,755 - mazeUtils.mazeMap - [mazeMap.py:61] - INFO - next goal: (17, 22, 0)
2026-06-24 23:42:01,764 - mazeUtils.moveTile - [moveTile.py:79] - DEBUG - Moving to absDirection.SOUTH from (17, 21, 0) facing absDirection.SOUTH
2026-06-24 23:42:01,791 - mazeUtils.moveTile - [moveTile.py:79] - DEBUG - current heading: 181.39000000000001 target: 180
2026-06-24 23:42:01,814 - mazeUtils.moveTile - [moveTile.py:427] - DEBUG - stopped turning at heading: 181.39000000000001, diff: 1.3900000000000148
2026-06-24 23:42:01,857 - mazeUtils.moveTile - [moveTile.py:79] - DEBUG - Turned to heading: 181.44 deg
2026-06-24 23:42:02,123 - picamera2.picamera2 - [picamera2.py:1391] - DEBUG - Execute job: <picamera2.job.Job object at 0x7f3b807410>
2026-06-24 23:42:02,126 - mazeUtils.device.camera - [camera.py:39] - DEBUG - Average HSV: H=135.2, S=19.1, V=232.8
2026-06-24 23:42:02,164 - mazeUtils.moveTile - [moveTile.py:79] - DEBUG - roll: 359.89 deg, practicalMoveTime: 0.0455973969929116 sec
2026-06-24 23:42:02,164 - mazeUtils.moveTile - [moveTile.py:1803] - DEBUG - moveTile loop time: 45.8 ms
2026-06-24 23:42:02,170 - picamera2.picamera2 - [picamera2.py:1391] - DEBUG - Execute job: <picamera2.job.Job object at 0x7f5b3df910>
2026-06-24 23:42:02,174 - mazeUtils.device.camera - [camera.py:39] - DEBUG - Average HSV: H=136.2, S=18.7, V=231.7
2026-06-24 23:42:02,204 - mazeUtils.moveTile - [moveTile.py:79] - DEBUG - roll: 0.4399999999999977 deg, practicalMoveTime: 0.0849484684578253 sec
2026-06-24 23:42:02,204 - mazeUtils.moveTile - [moveTile.py:1803] - DEBUG - moveTile loop time: 39.7 ms
2026-06-24 23:42:02,210 - picamera2.picamera2 - [picamera2.py:1391] - DEBUG - Execute job: <picamera2.job.Job object at 0x7f50795790>
2026-06-24 23:42:02,213 - mazeUtils.device.camera - [camera.py:39] - DEBUG - Average HSV: H=137.7, S=18.1, V=231.9
2026-06-24 23:42:02,257 - mazeUtils.moveTile - [moveTile.py:79] - DEBUG - roll: 0.29000000000002046 deg, practicalMoveTime: 0.13766006006132078 sec
2026-06-24 23:42:02,257 - mazeUtils.moveTile - [moveTile.py:1803] - DEBUG - moveTile loop time: 52.9 ms
2026-06-24 23:42:02,264 - picamera2.picamera2 - [picamera2.py:1391] - DEBUG - Execute job: <picamera2.job.Job object at 0x7f50795790>
2026-06-24 23:42:02,267 - mazeUtils.device.camera - [camera.py:39] - DEBUG - Average HSV: H=138.9, S=16.0, V=233.2
2026-06-24 23:42:02,304 - mazeUtils.moveTile - [moveTile.py:79] - DEBUG - roll: 358.75 deg, practicalMoveTime: 0.1842006614734057 sec
2026-06-24 23:42:02,304 - mazeUtils.moveTile - [moveTile.py:1803] - DEBUG - moveTile loop time: 46.8 ms
2026-06-24 23:42:02,310 - picamera2.picamera2 - [picamera2.py:1391] - DEBUG - Execute job: <picamera2.job.Job object at 0x7f5a349390>
2026-06-24 23:42:02,313 - mazeUtils.device.camera - [camera.py:39] - DEBUG - Average HSV: H=136.6, S=17.0, V=233.5
2026-06-24 23:42:02,357 - mazeUtils.moveTile - [moveTile.py:79] - DEBUG - roll: 0.9599999999999795 deg, practicalMoveTime: 0.23646054224141333 sec
2026-06-24 23:42:02,358 - mazeUtils.moveTile - [moveTile.py:1803] - DEBUG - moveTile loop time: 53.0 ms
2026-06-24 23:42:02,362 - picamera2.picamera2 - [picamera2.py:1391] - DEBUG - Execute job: <picamera2.job.Job object at 0x7f3b807410>
2026-06-24 23:42:02,366 - mazeUtils.device.camera - [camera.py:39] - DEBUG - Average HSV: H=137.1, S=17.2, V=233.9
2026-06-24 23:42:02,404 - mazeUtils.moveTile - [moveTile.py:79] - DEBUG - roll: 356.67 deg, practicalMoveTime: 0.2829341264364879 sec
2026-06-24 23:42:02,405 - mazeUtils.moveTile - [moveTile.py:1803] - DEBUG - moveTile loop time: 46.5 ms
2026-06-24 23:42:02,415 - picamera2.picamera2 - [picamera2.py:1391] - DEBUG - Execute job: <picamera2.job.Job object at 0x7f7fa89210>
2026-06-24 23:42:02,418 - mazeUtils.device.camera - [camera.py:39] - DEBUG - Average HSV: H=135.6, S=22.4, V=225.5
2026-06-24 23:42:02,462 - mazeUtils.moveTile - [moveTile.py:79] - DEBUG - roll: 359.01 deg, practicalMoveTime: 0.3406298921100358 sec
2026-06-24 23:42:02,463 - mazeUtils.moveTile - [moveTile.py:1803] - DEBUG - moveTile loop time: 57.9 ms
2026-06-24 23:42:02,468 - picamera2.picamera2 - [picamera2.py:1391] - DEBUG - Execute job: <picamera2.job.Job object at 0x7f5a377ad0>
2026-06-24 23:42:02,472 - mazeUtils.device.camera - [camera.py:39] - DEBUG - Average HSV: H=126.4, S=29.1, V=228.2
2026-06-24 23:42:02,507 - mazeUtils.moveTile - [moveTile.py:79] - DEBUG - roll: 358.49 deg, practicalMoveTime: 0.3843018265488732 sec
2026-06-24 23:42:02,507 - mazeUtils.moveTile - [moveTile.py:1803] - DEBUG - moveTile loop time: 44.0 ms
2026-06-24 23:42:02,514 - picamera2.picamera2 - [picamera2.py:1391] - DEBUG - Execute job: <picamera2.job.Job object at 0x7f6c378b50>
2026-06-24 23:42:02,518 - mazeUtils.device.camera - [camera.py:39] - DEBUG - Average HSV: H=126.1, S=28.5, V=229.8
2026-06-24 23:42:02,562 - mazeUtils.moveTile - [moveTile.py:79] - DEBUG - roll: 358.87 deg, practicalMoveTime: 0.4391836301284002 sec
2026-06-24 23:42:02,562 - mazeUtils.moveTile - [moveTile.py:1803] - DEBUG - moveTile loop time: 55.1 ms
2026-06-24 23:42:02,568 - picamera2.picamera2 - [picamera2.py:1391] - DEBUG - Execute job: <picamera2.job.Job object at 0x7f50795b10>
2026-06-24 23:42:02,571 - mazeUtils.device.camera - [camera.py:39] - DEBUG - Average HSV: H=124.5, S=28.4, V=233.5
2026-06-24 23:42:02,603 - mazeUtils.moveTile - [moveTile.py:79] - DEBUG - roll: 359.4 deg, practicalMoveTime: 0.4795865218484364 sec
2026-06-24 23:42:02,603 - mazeUtils.moveTile - [moveTile.py:1803] - DEBUG - moveTile loop time: 40.5 ms
2026-06-24 23:42:02,611 - picamera2.picamera2 - [picamera2.py:1391] - DEBUG - Execute job: <picamera2.job.Job object at 0x7f5a349390>
2026-06-24 23:42:02,613 - mazeUtils.device.camera - [camera.py:39] - DEBUG - Average HSV: H=125.8, S=35.8, V=221.9
2026-06-24 23:42:02,653 - mazeUtils.moveTile - [moveTile.py:79] - DEBUG - roll: 358.29 deg, practicalMoveTime: 0.528937732090102 sec
2026-06-24 23:42:02,653 - mazeUtils.moveTile - [moveTile.py:1803] - DEBUG - moveTile loop time: 49.6 ms
2026-06-24 23:42:02,658 - picamera2.picamera2 - [picamera2.py:1391] - DEBUG - Execute job: <picamera2.job.Job object at 0x7f3b807410>
2026-06-24 23:42:02,661 - mazeUtils.device.camera - [camera.py:39] - DEBUG - Average HSV: H=124.5, S=36.2, V=224.4
2026-06-24 23:42:02,693 - mazeUtils.moveTile - [moveTile.py:79] - DEBUG - roll: 359.23 deg, practicalMoveTime: 0.5689939684642916 sec
2026-06-24 23:42:02,694 - mazeUtils.moveTile - [moveTile.py:1803] - DEBUG - moveTile loop time: 40.5 ms
2026-06-24 23:42:02,700 - picamera2.picamera2 - [picamera2.py:1391] - DEBUG - Execute job: <picamera2.job.Job object at 0x7f5a349390>
2026-06-24 23:42:02,703 - mazeUtils.device.camera - [camera.py:39] - DEBUG - Average HSV: H=129.5, S=32.4, V=215.7
2026-06-24 23:42:02,739 - mazeUtils.moveTile - [moveTile.py:79] - DEBUG - roll: 2.6000000000000227 deg, practicalMoveTime: 0.6137927817874398 sec
2026-06-24 23:42:02,740 - mazeUtils.moveTile - [moveTile.py:1803] - DEBUG - moveTile loop time: 45.4 ms
2026-06-24 23:42:02,745 - picamera2.picamera2 - [picamera2.py:1391] - DEBUG - Execute job: <picamera2.job.Job object at 0x7f3b807410>
2026-06-24 23:42:02,749 - mazeUtils.device.camera - [camera.py:39] - DEBUG - Average HSV: H=129.3, S=33.5, V=216.0
2026-06-24 23:42:02,797 - mazeUtils.moveTile - [moveTile.py:79] - DEBUG - roll: 1.2099999999999795 deg, practicalMoveTime: 0.6706958087399867 sec
2026-06-24 23:42:02,797 - mazeUtils.moveTile - [moveTile.py:1803] - DEBUG - moveTile loop time: 56.8 ms
2026-06-24 23:42:02,802 - picamera2.picamera2 - [picamera2.py:1391] - DEBUG - Execute job: <picamera2.job.Job object at 0x7f3b804290>
2026-06-24 23:42:02,806 - mazeUtils.device.camera - [camera.py:39] - DEBUG - Average HSV: H=125.8, S=44.2, V=210.7
2026-06-24 23:42:02,843 - mazeUtils.moveTile - [moveTile.py:79] - DEBUG - roll: 4.6299999999999955 deg, practicalMoveTime: 0.7157904944054723 sec
2026-06-24 23:42:02,843 - mazeUtils.moveTile - [moveTile.py:1803] - DEBUG - moveTile loop time: 45.3 ms
2026-06-24 23:42:02,850 - picamera2.picamera2 - [picamera2.py:1391] - DEBUG - Execute job: <picamera2.job.Job object at 0x7f5b3df910>
2026-06-24 23:42:02,853 - mazeUtils.device.camera - [camera.py:39] - DEBUG - Average HSV: H=119.0, S=100.5, V=181.6
2026-06-24 23:42:02,886 - mazeUtils.moveTile - [moveTile.py:79] - DEBUG - roll: 3.2900000000000205 deg, practicalMoveTime: 0.758985855689526 sec
2026-06-24 23:42:02,887 - mazeUtils.moveTile - [moveTile.py:1803] - DEBUG - moveTile loop time: 43.6 ms
2026-06-24 23:42:02,892 - picamera2.picamera2 - [picamera2.py:1391] - DEBUG - Execute job: <picamera2.job.Job object at 0x7f3be0fa50>
2026-06-24 23:42:02,895 - mazeUtils.device.camera - [camera.py:39] - DEBUG - Average HSV: H=116.6, S=135.1, V=173.5
2026-06-24 23:42:02,930 - mazeUtils.moveTile - [moveTile.py:79] - DEBUG - roll: 3.1999999999999886 deg, practicalMoveTime: 0.8024202132187184 sec
2026-06-24 23:42:02,931 - mazeUtils.moveTile - [moveTile.py:1803] - DEBUG - moveTile loop time: 43.9 ms
2026-06-24 23:42:02,938 - picamera2.picamera2 - [picamera2.py:1391] - DEBUG - Execute job: <picamera2.job.Job object at 0x7f5b3c1910>
2026-06-24 23:42:02,941 - mazeUtils.device.camera - [camera.py:39] - DEBUG - Average HSV: H=115.3, S=160.7, V=168.9
2026-06-24 23:42:02,973 - mazeUtils.moveTile - [moveTile.py:1651] - INFO - practicalVerticalMove: 0.1691001978375462 CM
2026-06-24 23:42:03,017 - mazeUtils.moveTile - [moveTile.py:1998] - INFO - Set moved vertical distance: 0.1691001978375462 cm, past distances: [(0, False), (0, False), (0, False)]
2026-06-24 23:42:03,158 - mazeUtils.moveTile - [moveTile.py:553] - DEBUG - Direction: absDirection.NORTH, Angle: 180, Distance: 75.91359463083829 cm
2026-06-24 23:42:03,159 - mazeUtils.moveTile - [moveTile.py:553] - DEBUG - Direction: absDirection.EAST, Angle: 90, Distance: 88.83693390389212 cm
2026-06-24 23:42:03,160 - mazeUtils.moveTile - [moveTile.py:553] - DEBUG - Direction: absDirection.SOUTH, Angle: 0, Distance: 69.90216288933885 cm
2026-06-24 23:42:03,161 - mazeUtils.moveTile - [moveTile.py:578] - DEBUG - Front LiDAR distance: 69.90216288933885 cm, TSD10 distance: 57.8 cm
2026-06-24 23:42:03,162 - mazeUtils.moveTile - [moveTile.py:553] - DEBUG - Direction: absDirection.WEST, Angle: 270, Distance: 52.69552606009447 cm
2026-06-24 23:42:03,163 - mazeUtils.moveTile - [moveTile.py:2153] - INFO - Tile color detection, decided tile type: E
2026-06-24 23:42:03,236 - __main__ - [main.py:105] - INFO - Current position: (17, 22, 0), front direction: absDirection.SOUTH
Layer 0 (altitude=0.0cm, offset=(0.0cm, 0.0cm)):
Known map area: x=17..20, y=19..22
+   +   +   +---+
  U   U   U   E |
+   +   +   +   +
  U   U   U   S |
+   +   +   +   +
  E   U   U   U  
+   +   +   +   +
  @   U   U   U  
+   +   +   +   +
Layer 1 (altitude=15.0cm, offset=(-60.0cm, 0.0cm)):
Known map area: x=19..20, y=19..19
+---+---+
| E   E  
+   +   +
mazeAsGraph[0][19][20] = {absDirection.NORTH: None, absDirection.EAST: None, absDirection.SOUTH: (20, 20, 0, 30), absDirection.WEST: (20, 19, 1, 60)}
mazeAsGraph[0][20][20] = {absDirection.NORTH: (20, 19, 0, 30), absDirection.EAST: None, absDirection.SOUTH: (20, 21, 0, 30), absDirection.WEST: (19, 20, 0, 30)}
mazeAsGraph[0][21][17] = {absDirection.NORTH: (19, 19, 1, 60), absDirection.EAST: (18, 21, 0, 30), absDirection.SOUTH: (17, 22, 0, 30), absDirection.WEST: (16, 21, 0, 30)}
mazeAsGraph[0][22][17] = {absDirection.NORTH: (17, 21, 0, 30), absDirection.EAST: (18, 22, 0, 30), absDirection.SOUTH: (17, 23, 0, 30), absDirection.WEST: (16, 22, 0, 30)}
mazeAsGraph[1][19][19] = {absDirection.NORTH: None, absDirection.EAST: (20, 19, 1, 30), absDirection.SOUTH: (17, 21, 0, 60), absDirection.WEST: None}
mazeAsGraph[1][19][20] = {absDirection.NORTH: None, absDirection.EAST: (20, 19, 0, 60), absDirection.SOUTH: (20, 20, 1, 30), absDirection.WEST: (19, 19, 1, 30)}
2026-06-24 23:42:03,243 - mazeUtils.mazeMap - [mazeMap.py:61] - INFO - next goal: (17, 23, 0)
2026-06-24 23:42:03,252 - mazeUtils.moveTile - [moveTile.py:79] - DEBUG - Moving to absDirection.SOUTH from (17, 22, 0) facing absDirection.SOUTH
2026-06-24 23:42:03,278 - mazeUtils.moveTile - [moveTile.py:79] - DEBUG - current heading: 178.36 target: 180
2026-06-24 23:42:03,298 - mazeUtils.moveTile - [moveTile.py:427] - DEBUG - stopped turning at heading: 178.36, diff: 1.6399999999999864
2026-06-24 23:42:03,345 - mazeUtils.moveTile - [moveTile.py:79] - DEBUG - Turned to heading: 178.43 deg
2026-06-24 23:42:03,544 - picamera2.picamera2 - [picamera2.py:1391] - DEBUG - Execute job: <picamera2.job.Job object at 0x7f5a349390>
2026-06-24 23:42:03,547 - mazeUtils.device.camera - [camera.py:39] - DEBUG - Average HSV: H=114.9, S=168.8, V=167.9
2026-06-24 23:42:03,580 - mazeUtils.moveTile - [moveTile.py:79] - DEBUG - roll: 2.8700000000000045 deg, practicalMoveTime: 0.041516154223753425 sec
2026-06-24 23:42:03,581 - mazeUtils.moveTile - [moveTile.py:1803] - DEBUG - moveTile loop time: 41.8 ms
2026-06-24 23:42:03,586 - picamera2.picamera2 - [picamera2.py:1391] - DEBUG - Execute job: <picamera2.job.Job object at 0x7f5a377ad0>
2026-06-24 23:42:03,589 - mazeUtils.device.camera - [camera.py:39] - DEBUG - Average HSV: H=115.2, S=167.3, V=166.1
2026-06-24 23:42:03,632 - mazeUtils.moveTile - [moveTile.py:79] - DEBUG - roll: 3.6200000000000045 deg, practicalMoveTime: 0.09323249652213333 sec
2026-06-24 23:42:03,633 - mazeUtils.moveTile - [moveTile.py:1803] - DEBUG - moveTile loop time: 52.0 ms
2026-06-24 23:42:03,638 - picamera2.picamera2 - [picamera2.py:1391] - DEBUG - Execute job: <picamera2.job.Job object at 0x7f5a349390>
2026-06-24 23:42:03,641 - mazeUtils.device.camera - [camera.py:39] - DEBUG - Average HSV: H=115.3, S=160.9, V=162.2
2026-06-24 23:42:03,679 - mazeUtils.moveTile - [moveTile.py:79] - DEBUG - roll: 3.7099999999999795 deg, practicalMoveTime: 0.13906477372194284 sec
2026-06-24 23:42:03,679 - mazeUtils.moveTile - [moveTile.py:1803] - DEBUG - moveTile loop time: 46.3 ms
2026-06-24 23:42:03,686 - picamera2.picamera2 - [picamera2.py:1391] - DEBUG - Execute job: <picamera2.job.Job object at 0x7f5a377ad0>
2026-06-24 23:42:03,689 - mazeUtils.device.camera - [camera.py:39] - DEBUG - Average HSV: H=114.3, S=164.9, V=168.5
2026-06-24 23:42:03,723 - mazeUtils.moveTile - [moveTile.py:79] - DEBUG - roll: 1.6899999999999977 deg, practicalMoveTime: 0.1823320756521871 sec
2026-06-24 23:42:03,723 - mazeUtils.moveTile - [moveTile.py:1803] - DEBUG - moveTile loop time: 43.5 ms
2026-06-24 23:42:03,728 - picamera2.picamera2 - [picamera2.py:1391] - DEBUG - Execute job: <picamera2.job.Job object at 0x7f3bdf6050>
2026-06-24 23:42:03,731 - mazeUtils.device.camera - [camera.py:39] - DEBUG - Average HSV: H=113.8, S=168.1, V=170.4
2026-06-24 23:42:03,774 - mazeUtils.moveTile - [moveTile.py:79] - DEBUG - roll: 2.3799999999999955 deg, practicalMoveTime: 0.23279524555513148 sec
2026-06-24 23:42:03,774 - mazeUtils.moveTile - [moveTile.py:1803] - DEBUG - moveTile loop time: 50.9 ms
2026-06-24 23:42:03,779 - picamera2.picamera2 - [picamera2.py:1391] - DEBUG - Execute job: <picamera2.job.Job object at 0x7f73487b90>
2026-06-24 23:42:03,782 - mazeUtils.device.camera - [camera.py:39] - DEBUG - Average HSV: H=114.4, S=163.8, V=166.5
2026-06-24 23:42:03,815 - mazeUtils.moveTile - [moveTile.py:79] - DEBUG - roll: 359.81 deg, practicalMoveTime: 0.2729942128374954 sec
2026-06-24 23:42:03,815 - mazeUtils.moveTile - [moveTile.py:1803] - DEBUG - moveTile loop time: 40.5 ms
2026-06-24 23:42:03,821 - picamera2.picamera2 - [picamera2.py:1391] - DEBUG - Execute job: <picamera2.job.Job object at 0x7f3bdf60d0>
2026-06-24 23:42:03,824 - mazeUtils.device.camera - [camera.py:39] - DEBUG - Average HSV: H=113.6, S=168.0, V=171.9
2026-06-24 23:42:03,860 - mazeUtils.moveTile - [moveTile.py:79] - DEBUG - roll: 0.5400000000000205 deg, practicalMoveTime: 0.3173523923625248 sec
2026-06-24 23:42:03,860 - mazeUtils.moveTile - [moveTile.py:1803] - DEBUG - moveTile loop time: 44.7 ms
2026-06-24 23:42:03,865 - picamera2.picamera2 - [picamera2.py:1391] - DEBUG - Execute job: <picamera2.job.Job object at 0x7f3bdf60d0>
2026-06-24 23:42:03,869 - mazeUtils.device.camera - [camera.py:39] - DEBUG - Average HSV: H=113.9, S=167.9, V=168.9
2026-06-24 23:42:03,905 - mazeUtils.moveTile - [moveTile.py:79] - DEBUG - roll: 1.4599999999999795 deg, practicalMoveTime: 0.3622485036787996 sec
2026-06-24 23:42:03,906 - mazeUtils.moveTile - [moveTile.py:1803] - DEBUG - moveTile loop time: 45.2 ms
2026-06-24 23:42:03,912 - picamera2.picamera2 - [picamera2.py:1391] - DEBUG - Execute job: <picamera2.job.Job object at 0x7f5a377ad0>
2026-06-24 23:42:03,915 - mazeUtils.device.camera - [camera.py:39] - DEBUG - Average HSV: H=114.3, S=167.4, V=166.2
2026-06-24 23:42:03,952 - mazeUtils.moveTile - [moveTile.py:79] - DEBUG - roll: 1.5500000000000114 deg, practicalMoveTime: 0.40827381262892354 sec
2026-06-24 23:42:03,952 - mazeUtils.moveTile - [moveTile.py:1803] - DEBUG - moveTile loop time: 46.2 ms
2026-06-24 23:42:03,959 - picamera2.picamera2 - [picamera2.py:1391] - DEBUG - Execute job: <picamera2.job.Job object at 0x7f5a377ad0>
2026-06-24 23:42:03,963 - mazeUtils.device.camera - [camera.py:39] - DEBUG - Average HSV: H=113.6, S=171.3, V=170.9
2026-06-24 23:42:03,994 - mazeUtils.moveTile - [moveTile.py:79] - DEBUG - roll: 359.76 deg, practicalMoveTime: 0.4504252637397634 sec
2026-06-24 23:42:03,995 - mazeUtils.moveTile - [moveTile.py:1803] - DEBUG - moveTile loop time: 42.6 ms
2026-06-24 23:42:04,000 - picamera2.picamera2 - [picamera2.py:1391] - DEBUG - Execute job: <picamera2.job.Job object at 0x7f3bdf6050>
2026-06-24 23:42:04,003 - mazeUtils.device.camera - [camera.py:39] - DEBUG - Average HSV: H=112.8, S=177.4, V=176.9
2026-06-24 23:42:04,040 - mazeUtils.moveTile - [moveTile.py:79] - DEBUG - roll: 359.79 deg, practicalMoveTime: 0.49498287743854 sec
2026-06-24 23:42:04,040 - mazeUtils.moveTile - [moveTile.py:1803] - DEBUG - moveTile loop time: 44.8 ms
2026-06-24 23:42:04,045 - picamera2.picamera2 - [picamera2.py:1391] - DEBUG - Execute job: <picamera2.job.Job object at 0x7f3bdf6050>
2026-06-24 23:42:04,048 - mazeUtils.device.camera - [camera.py:39] - DEBUG - Average HSV: H=112.3, S=181.5, V=179.0
2026-06-24 23:42:04,081 - mazeUtils.moveTile - [moveTile.py:79] - DEBUG - roll: 358.15 deg, practicalMoveTime: 0.5361695844340199 sec
2026-06-24 23:42:04,082 - mazeUtils.moveTile - [moveTile.py:1803] - DEBUG - moveTile loop time: 41.8 ms
2026-06-24 23:42:04,092 - picamera2.picamera2 - [picamera2.py:1391] - DEBUG - Execute job: <picamera2.job.Job object at 0x7f73487b90>
2026-06-24 23:42:04,095 - mazeUtils.device.camera - [camera.py:39] - DEBUG - Average HSV: H=111.7, S=186.4, V=183.8
2026-06-24 23:42:04,139 - mazeUtils.moveTile - [moveTile.py:79] - DEBUG - roll: 359.5 deg, practicalMoveTime: 0.593403769070727 sec
2026-06-24 23:42:04,140 - mazeUtils.moveTile - [moveTile.py:1803] - DEBUG - moveTile loop time: 57.4 ms
2026-06-24 23:42:04,144 - picamera2.picamera2 - [picamera2.py:1391] - DEBUG - Execute job: <picamera2.job.Job object at 0x7f3bdf60d0>
2026-06-24 23:42:04,147 - mazeUtils.device.camera - [camera.py:39] - DEBUG - Average HSV: H=112.5, S=181.5, V=179.4
2026-06-24 23:42:04,182 - mazeUtils.moveTile - [moveTile.py:79] - DEBUG - roll: 358.81 deg, practicalMoveTime: 0.635536394787101 sec
2026-06-24 23:42:04,182 - mazeUtils.moveTile - [moveTile.py:1803] - DEBUG - moveTile loop time: 42.4 ms
2026-06-24 23:42:04,195 - picamera2.picamera2 - [picamera2.py:1391] - DEBUG - Execute job: <picamera2.job.Job object at 0x7f73487b90>
2026-06-24 23:42:04,198 - mazeUtils.device.camera - [camera.py:39] - DEBUG - Average HSV: H=111.9, S=185.6, V=181.1
2026-06-24 23:42:04,233 - mazeUtils.moveTile - [moveTile.py:79] - DEBUG - roll: 358.92 deg, practicalMoveTime: 0.685626055927253 sec
2026-06-24 23:42:04,233 - mazeUtils.moveTile - [moveTile.py:1803] - DEBUG - moveTile loop time: 50.4 ms
2026-06-24 23:42:04,238 - picamera2.picamera2 - [picamera2.py:1391] - DEBUG - Execute job: <picamera2.job.Job object at 0x7f3bdf4c90>
2026-06-24 23:42:04,241 - mazeUtils.device.camera - [camera.py:39] - DEBUG - Average HSV: H=112.3, S=179.5, V=173.2
2026-06-24 23:42:04,277 - mazeUtils.moveTile - [moveTile.py:79] - DEBUG - roll: 359.55 deg, practicalMoveTime: 0.7291694168789453 sec
2026-06-24 23:42:04,277 - mazeUtils.moveTile - [moveTile.py:1803] - DEBUG - moveTile loop time: 43.8 ms
2026-06-24 23:42:04,282 - picamera2.picamera2 - [picamera2.py:1391] - DEBUG - Execute job: <picamera2.job.Job object at 0x7f73487b90>
2026-06-24 23:42:04,286 - mazeUtils.device.camera - [camera.py:39] - DEBUG - Average HSV: H=111.9, S=183.6, V=176.2
2026-06-24 23:42:04,321 - mazeUtils.moveTile - [moveTile.py:79] - DEBUG - roll: 358.2 deg, practicalMoveTime: 0.7729542210240543 sec
2026-06-24 23:42:04,321 - mazeUtils.moveTile - [moveTile.py:1803] - DEBUG - moveTile loop time: 43.7 ms
2026-06-24 23:42:04,326 - picamera2.picamera2 - [picamera2.py:1391] - DEBUG - Execute job: <picamera2.job.Job object at 0x7f3bdf5f50>
2026-06-24 23:42:04,330 - mazeUtils.device.camera - [camera.py:39] - DEBUG - Average HSV: H=111.4, S=188.6, V=181.9
2026-06-24 23:42:04,368 - mazeUtils.moveTile - [moveTile.py:79] - DEBUG - roll: 359.77 deg, practicalMoveTime: 0.8190433254150874 sec
2026-06-24 23:42:04,368 - mazeUtils.moveTile - [moveTile.py:1803] - DEBUG - moveTile loop time: 46.3 ms
2026-06-24 23:42:04,373 - picamera2.picamera2 - [picamera2.py:1391] - DEBUG - Execute job: <picamera2.job.Job object at 0x7f5a377ad0>
2026-06-24 23:42:04,376 - mazeUtils.device.camera - [camera.py:39] - DEBUG - Average HSV: H=112.6, S=186.4, V=178.4
2026-06-24 23:42:04,409 - mazeUtils.moveTile - [moveTile.py:1651] - INFO - practicalVerticalMove: 0.2842209130114645 CM
2026-06-24 23:42:04,454 - mazeUtils.moveTile - [moveTile.py:1998] - INFO - Set moved vertical distance: 0.2842209130114645 cm, past distances: [(0.1691001978375462, False), (0, False), (0, False)]
2026-06-24 23:42:04,613 - mazeUtils.moveTile - [moveTile.py:553] - DEBUG - Direction: absDirection.NORTH, Angle: 180, Distance: 145.25439505306906 cm
2026-06-24 23:42:04,614 - mazeUtils.moveTile - [moveTile.py:553] - DEBUG - Direction: absDirection.EAST, Angle: 90, Distance: 105.43244419823246 cm
2026-06-24 23:42:04,615 - mazeUtils.moveTile - [moveTile.py:553] - DEBUG - Direction: absDirection.SOUTH, Angle: 0, Distance: 41.787276880117595 cm
2026-06-24 23:42:04,616 - mazeUtils.moveTile - [moveTile.py:578] - DEBUG - Front LiDAR distance: 41.787276880117595 cm, TSD10 distance: 27.2 cm
2026-06-24 23:42:04,617 - mazeUtils.moveTile - [moveTile.py:553] - DEBUG - Direction: absDirection.WEST, Angle: 270, Distance: 20.630389025538726 cm
2026-06-24 23:42:04,619 - mazeUtils.moveTile - [moveTile.py:2153] - INFO - Tile color detection, decided tile type: E
2026-06-24 23:42:04,693 - __main__ - [main.py:105] - INFO - Current position: (17, 23, 0), front direction: absDirection.SOUTH
Layer 0 (altitude=0.0cm, offset=(0.0cm, 0.0cm)):
Known map area: x=17..20, y=19..23
+   +   +   +---+
  U   U   U   E |
+   +   +   +   +
  U   U   U   S |
+   +   +   +   +
  E   U   U   U  
+   +   +   +   +
  E   U   U   U  
+   +   +   +   +
| @   U   U   U  
+   +   +   +   +
Layer 1 (altitude=15.0cm, offset=(-60.0cm, 0.0cm)):
Known map area: x=19..20, y=19..19
+---+---+
| E   E  
+   +   +
mazeAsGraph[0][19][20] = {absDirection.NORTH: None, absDirection.EAST: None, absDirection.SOUTH: (20, 20, 0, 30), absDirection.WEST: (20, 19, 1, 60)}
mazeAsGraph[0][20][20] = {absDirection.NORTH: (20, 19, 0, 30), absDirection.EAST: None, absDirection.SOUTH: (20, 21, 0, 30), absDirection.WEST: (19, 20, 0, 30)}
mazeAsGraph[0][21][17] = {absDirection.NORTH: (19, 19, 1, 60), absDirection.EAST: (18, 21, 0, 30), absDirection.SOUTH: (17, 22, 0, 30), absDirection.WEST: (16, 21, 0, 30)}
mazeAsGraph[0][22][17] = {absDirection.NORTH: (17, 21, 0, 30), absDirection.EAST: (18, 22, 0, 30), absDirection.SOUTH: (17, 23, 0, 30), absDirection.WEST: (16, 22, 0, 30)}
mazeAsGraph[0][23][17] = {absDirection.NORTH: (17, 22, 0, 30), absDirection.EAST: (18, 23, 0, 30), absDirection.SOUTH: (17, 24, 0, 30), absDirection.WEST: None}
mazeAsGraph[1][19][19] = {absDirection.NORTH: None, absDirection.EAST: (20, 19, 1, 30), absDirection.SOUTH: (17, 21, 0, 60), absDirection.WEST: None}
mazeAsGraph[1][19][20] = {absDirection.NORTH: None, absDirection.EAST: (20, 19, 0, 60), absDirection.SOUTH: (20, 20, 1, 30), absDirection.WEST: (19, 19, 1, 30)}
2026-06-24 23:42:04,699 - mazeUtils.mazeMap - [mazeMap.py:61] - INFO - next goal: (17, 24, 0)
2026-06-24 23:42:04,713 - mazeUtils.moveTile - [moveTile.py:79] - DEBUG - Moving to absDirection.SOUTH from (17, 23, 0) facing absDirection.SOUTH
2026-06-24 23:42:04,739 - mazeUtils.moveTile - [moveTile.py:79] - DEBUG - current heading: 180.42000000000002 target: 180
2026-06-24 23:42:04,758 - mazeUtils.moveTile - [moveTile.py:427] - DEBUG - stopped turning at heading: 180.42000000000002, diff: 0.4200000000000159
2026-06-24 23:42:04,802 - mazeUtils.moveTile - [moveTile.py:79] - DEBUG - Turned to heading: 180.45000000000002 deg
2026-06-24 23:42:05,021 - picamera2.picamera2 - [picamera2.py:1391] - DEBUG - Execute job: <picamera2.job.Job object at 0x7f5a349390>
2026-06-24 23:42:05,025 - mazeUtils.device.camera - [camera.py:39] - DEBUG - Average HSV: H=111.5, S=191.7, V=190.4
2026-06-24 23:42:05,055 - mazeUtils.moveTile - [moveTile.py:79] - DEBUG - roll: 359.62 deg, practicalMoveTime: 0.04198392109947859 sec
2026-06-24 23:42:05,055 - mazeUtils.moveTile - [moveTile.py:1803] - DEBUG - moveTile loop time: 41.9 ms
2026-06-24 23:42:05,060 - picamera2.picamera2 - [picamera2.py:1391] - DEBUG - Execute job: <picamera2.job.Job object at 0x7f5090f490>
2026-06-24 23:42:05,063 - mazeUtils.device.camera - [camera.py:39] - DEBUG - Average HSV: H=111.6, S=191.3, V=188.6
2026-06-24 23:42:05,102 - mazeUtils.moveTile - [moveTile.py:79] - DEBUG - roll: 359.99 deg, practicalMoveTime: 0.08857533621310382 sec
2026-06-24 23:42:05,102 - mazeUtils.moveTile - [moveTile.py:1803] - DEBUG - moveTile loop time: 47.0 ms
2026-06-24 23:42:05,107 - picamera2.picamera2 - [picamera2.py:1391] - DEBUG - Execute job: <picamera2.job.Job object at 0x7f50751010>
2026-06-24 23:42:05,111 - mazeUtils.device.camera - [camera.py:39] - DEBUG - Average HSV: H=112.1, S=189.1, V=187.7
2026-06-24 23:42:05,149 - mazeUtils.moveTile - [moveTile.py:79] - DEBUG - roll: 0.6499999999999773 deg, practicalMoveTime: 0.13554268050847273 sec
2026-06-24 23:42:05,150 - mazeUtils.moveTile - [moveTile.py:1803] - DEBUG - moveTile loop time: 47.3 ms
2026-06-24 23:42:05,161 - picamera2.picamera2 - [picamera2.py:1391] - DEBUG - Execute job: <picamera2.job.Job object at 0x7f5a349390>
2026-06-24 23:42:05,164 - mazeUtils.device.camera - [camera.py:39] - DEBUG - Average HSV: H=111.2, S=192.7, V=192.1
2026-06-24 23:42:05,201 - mazeUtils.moveTile - [moveTile.py:79] - DEBUG - roll: 359.57 deg, practicalMoveTime: 0.1864778705620781 sec
2026-06-24 23:42:05,201 - mazeUtils.moveTile - [moveTile.py:1803] - DEBUG - moveTile loop time: 51.2 ms
2026-06-24 23:42:05,206 - picamera2.picamera2 - [picamera2.py:1391] - DEBUG - Execute job: <picamera2.job.Job object at 0x7f5a377ad0>
2026-06-24 23:42:05,209 - mazeUtils.device.camera - [camera.py:39] - DEBUG - Average HSV: H=110.8, S=193.7, V=196.7
2026-06-24 23:42:05,244 - mazeUtils.moveTile - [moveTile.py:79] - DEBUG - roll: 359.21999999999997 deg, practicalMoveTime: 0.22932370903165855 sec
2026-06-24 23:42:05,245 - mazeUtils.moveTile - [moveTile.py:1803] - DEBUG - moveTile loop time: 43.1 ms
2026-06-24 23:42:05,258 - picamera2.picamera2 - [picamera2.py:1391] - DEBUG - Execute job: <picamera2.job.Job object at 0x7f507a5890>
2026-06-24 23:42:05,261 - mazeUtils.device.camera - [camera.py:39] - DEBUG - Average HSV: H=110.8, S=196.5, V=195.2
2026-06-24 23:42:05,297 - mazeUtils.moveTile - [moveTile.py:79] - DEBUG - roll: 359.54 deg, practicalMoveTime: 0.2817878738377139 sec
2026-06-24 23:42:05,298 - mazeUtils.moveTile - [moveTile.py:1803] - DEBUG - moveTile loop time: 52.7 ms
2026-06-24 23:42:05,303 - picamera2.picamera2 - [picamera2.py:1391] - DEBUG - Execute job: <picamera2.job.Job object at 0x7f507a58d0>
2026-06-24 23:42:05,306 - mazeUtils.device.camera - [camera.py:39] - DEBUG - Average HSV: H=110.6, S=197.6, V=197.7
2026-06-24 23:42:05,345 - mazeUtils.moveTile - [moveTile.py:79] - DEBUG - roll: 0.05000000000001137 deg, practicalMoveTime: 0.328889086922468 sec
2026-06-24 23:42:05,345 - mazeUtils.moveTile - [moveTile.py:1803] - DEBUG - moveTile loop time: 47.5 ms
2026-06-24 23:42:05,350 - picamera2.picamera2 - [picamera2.py:1391] - DEBUG - Execute job: <picamera2.job.Job object at 0x7f5090f490>
2026-06-24 23:42:05,354 - mazeUtils.device.camera - [camera.py:39] - DEBUG - Average HSV: H=110.7, S=195.5, V=201.3
2026-06-24 23:42:05,390 - mazeUtils.moveTile - [moveTile.py:79] - DEBUG - roll: 0.19999999999998863 deg, practicalMoveTime: 0.37400670357591037 sec
2026-06-24 23:42:05,391 - mazeUtils.moveTile - [moveTile.py:1803] - DEBUG - moveTile loop time: 45.3 ms
2026-06-24 23:42:05,402 - picamera2.picamera2 - [picamera2.py:1391] - DEBUG - Execute job: <picamera2.job.Job object at 0x7f5a349390>
2026-06-24 23:42:05,406 - mazeUtils.device.camera - [camera.py:39] - DEBUG - Average HSV: H=110.7, S=197.5, V=203.1
2026-06-24 23:42:05,439 - mazeUtils.moveTile - [moveTile.py:79] - DEBUG - roll: 0.4900000000000091 deg, practicalMoveTime: 0.4220237865465688 sec
2026-06-24 23:42:05,440 - mazeUtils.moveTile - [moveTile.py:1803] - DEBUG - moveTile loop time: 48.6 ms
2026-06-24 23:42:05,444 - picamera2.picamera2 - [picamera2.py:1391] - DEBUG - Execute job: <picamera2.job.Job object at 0x7f5a377ad0>
2026-06-24 23:42:05,447 - mazeUtils.device.camera - [camera.py:39] - DEBUG - Average HSV: H=109.9, S=200.3, V=208.3
2026-06-24 23:42:05,491 - mazeUtils.moveTile - [moveTile.py:79] - DEBUG - roll: 0.9699999999999704 deg, practicalMoveTime: 0.4731882530973689 sec
2026-06-24 23:42:05,491 - mazeUtils.moveTile - [moveTile.py:1803] - DEBUG - moveTile loop time: 51.3 ms
2026-06-24 23:42:05,496 - picamera2.picamera2 - [picamera2.py:1391] - DEBUG - Execute job: <picamera2.job.Job object at 0x7f507a5890>
2026-06-24 23:42:05,500 - mazeUtils.device.camera - [camera.py:39] - DEBUG - Average HSV: H=109.4, S=205.2, V=212.3
2026-06-24 23:42:05,535 - mazeUtils.moveTile - [moveTile.py:79] - DEBUG - roll: 1.4099999999999682 deg, practicalMoveTime: 0.5168014856591172 sec
2026-06-24 23:42:05,535 - mazeUtils.moveTile - [moveTile.py:1803] - DEBUG - moveTile loop time: 43.8 ms
2026-06-24 23:42:05,548 - picamera2.picamera2 - [picamera2.py:1391] - DEBUG - Execute job: <picamera2.job.Job object at 0x7f5a349390>
2026-06-24 23:42:05,552 - mazeUtils.device.camera - [camera.py:39] - DEBUG - Average HSV: H=108.9, S=207.6, V=217.3
2026-06-24 23:42:05,586 - mazeUtils.moveTile - [moveTile.py:79] - DEBUG - roll: 359.90999999999997 deg, practicalMoveTime: 0.5674842570940468 sec
2026-06-24 23:42:05,587 - mazeUtils.moveTile - [moveTile.py:1803] - DEBUG - moveTile loop time: 50.9 ms
2026-06-24 23:42:05,594 - picamera2.picamera2 - [picamera2.py:1391] - DEBUG - Execute job: <picamera2.job.Job object at 0x7f5090f490>
2026-06-24 23:42:05,597 - mazeUtils.device.camera - [camera.py:39] - DEBUG - Average HSV: H=107.9, S=213.5, V=224.5
2026-06-24 23:42:05,630 - mazeUtils.moveTile - [moveTile.py:79] - DEBUG - roll: 1.259999999999991 deg, practicalMoveTime: 0.6108762061362102 sec
2026-06-24 23:42:05,630 - mazeUtils.moveTile - [moveTile.py:1803] - DEBUG - moveTile loop time: 43.7 ms
2026-06-24 23:42:05,641 - picamera2.picamera2 - [picamera2.py:1391] - DEBUG - Execute job: <picamera2.job.Job object at 0x7f50377990>
2026-06-24 23:42:05,644 - mazeUtils.device.camera - [camera.py:39] - DEBUG - Average HSV: H=108.5, S=226.2, V=215.1
2026-06-24 23:42:05,692 - mazeUtils.moveTile - [moveTile.py:79] - DEBUG - roll: 0.040000000000020464 deg, practicalMoveTime: 0.6722903585318445 sec
2026-06-24 23:42:05,692 - mazeUtils.moveTile - [moveTile.py:1803] - DEBUG - moveTile loop time: 61.7 ms
2026-06-24 23:42:05,698 - picamera2.picamera2 - [picamera2.py:1391] - DEBUG - Execute job: <picamera2.job.Job object at 0x7f5a349390>
2026-06-24 23:42:05,700 - mazeUtils.device.camera - [camera.py:39] - DEBUG - Average HSV: H=109.8, S=237.4, V=201.2
2026-06-24 23:42:05,788 - mazeUtils.moveTile - [moveTile.py:79] - DEBUG - Little forward to adjust position
2026-06-24 23:42:05,907 - mazeUtils.moveTile - [moveTile.py:1998] - INFO - Set moved vertical distance: 0.05431608794950046 cm, past distances: [(0.2842209130114645, False), (0.1691001978375462, False), (0, False)]
2026-06-24 23:42:06,052 - mazeUtils.moveTile - [moveTile.py:553] - DEBUG - Direction: absDirection.NORTH, Angle: 180, Distance: 171.2823736516822 cm
2026-06-24 23:42:06,053 - mazeUtils.moveTile - [moveTile.py:553] - DEBUG - Direction: absDirection.EAST, Angle: 90, Distance: 15.748899457443844 cm
2026-06-24 23:42:06,054 - mazeUtils.moveTile - [moveTile.py:553] - DEBUG - Direction: absDirection.SOUTH, Angle: 0, Distance: 11.990723255960777 cm
2026-06-24 23:42:06,054 - mazeUtils.moveTile - [moveTile.py:578] - DEBUG - Front LiDAR distance: 11.990723255960777 cm, TSD10 distance: 2.1 cm
2026-06-24 23:42:06,055 - mazeUtils.moveTile - [moveTile.py:553] - DEBUG - Direction: absDirection.WEST, Angle: 270, Distance: 79.88233913524115 cm
2026-06-24 23:42:06,057 - mazeUtils.moveTile - [moveTile.py:2153] - INFO - Tile color detection, decided tile type: E
2026-06-24 23:42:06,127 - __main__ - [main.py:105] - INFO - Current position: (17, 24, 0), front direction: absDirection.SOUTH
Layer 0 (altitude=0.0cm, offset=(0.0cm, 0.0cm)):
Known map area: x=17..20, y=19..24
+   +   +   +---+
  U   U   U   E |
+   +   +   +   +
  U   U   U   S |
+   +   +   +   +
  E   U   U   U  
+   +   +   +   +
  E   U   U   U  
+   +   +   +   +
| E   U   U   U  
+   +   +   +   +
  @ | U   U   U  
+---+   +   +   +
Layer 1 (altitude=15.0cm, offset=(-60.0cm, 0.0cm)):
Known map area: x=19..20, y=19..19
+---+---+
| E   E  
+   +   +
mazeAsGraph[0][19][20] = {absDirection.NORTH: None, absDirection.EAST: None, absDirection.SOUTH: (20, 20, 0, 30), absDirection.WEST: (20, 19, 1, 60)}
mazeAsGraph[0][20][20] = {absDirection.NORTH: (20, 19, 0, 30), absDirection.EAST: None, absDirection.SOUTH: (20, 21, 0, 30), absDirection.WEST: (19, 20, 0, 30)}
mazeAsGraph[0][21][17] = {absDirection.NORTH: (19, 19, 1, 60), absDirection.EAST: (18, 21, 0, 30), absDirection.SOUTH: (17, 22, 0, 30), absDirection.WEST: (16, 21, 0, 30)}
mazeAsGraph[0][22][17] = {absDirection.NORTH: (17, 21, 0, 30), absDirection.EAST: (18, 22, 0, 30), absDirection.SOUTH: (17, 23, 0, 30), absDirection.WEST: (16, 22, 0, 30)}
mazeAsGraph[0][23][17] = {absDirection.NORTH: (17, 22, 0, 30), absDirection.EAST: (18, 23, 0, 30), absDirection.SOUTH: (17, 24, 0, 30), absDirection.WEST: None}
mazeAsGraph[0][24][17] = {absDirection.NORTH: (17, 23, 0, 30), absDirection.EAST: None, absDirection.SOUTH: None, absDirection.WEST: (16, 24, 0, 30)}
mazeAsGraph[1][19][19] = {absDirection.NORTH: None, absDirection.EAST: (20, 19, 1, 30), absDirection.SOUTH: (17, 21, 0, 60), absDirection.WEST: None}
mazeAsGraph[1][19][20] = {absDirection.NORTH: None, absDirection.EAST: (20, 19, 0, 60), absDirection.SOUTH: (20, 20, 1, 30), absDirection.WEST: (19, 19, 1, 30)}
2026-06-24 23:42:06,140 - mazeUtils.mazeMap - [mazeMap.py:61] - INFO - next goal: (16, 24, 0)
2026-06-24 23:42:06,152 - mazeUtils.moveTile - [moveTile.py:79] - DEBUG - Moving to absDirection.WEST from (17, 24, 0) facing absDirection.SOUTH
2026-06-24 23:42:06,176 - mazeUtils.moveTile - [moveTile.py:79] - DEBUG - current heading: 178.57000000000002 target: 90
2026-06-24 23:42:07,118 - __main__ - [main.py:170] - INFO - Program interrupted by user.
2026-06-24 23:42:08,176 - mazeUtils.device.stm - [stm.py:216] - DEBUG - ACK resynchronized: type=STS_MOTOR dropped=24B seq=139
2026-06-24 23:42:08,206 - picamera2.picamera2 - [picamera2.py:1391] - DEBUG - Execute job: <picamera2.job.Job object at 0x7f7fb98dd0>
2026-06-24 23:42:08,237 - picamera2.picamera2 - [picamera2.py:1323] - INFO - Camera stopped
2026-06-24 23:42:08,438 - picamera2.picamera2 - [picamera2.py:1329] - DEBUG - Camera was not started
2026-06-24 23:42:08,641 - picamera2.picamera2 - [picamera2.py:723] - INFO - Camera closed successfully.
2026-06-24 23:42:08,890 - picamera2.picamera2 - [picamera2.py:500] - DEBUG - Resources now free: <picamera2.picamera2.Picamera2 object at 0x7f6c307190>
