2026-06-20 09:34:32,251 - root - [logging_config.py:61] - INFO - Logging initialized. Log file: /home/tuton/Kanto2026RPi/src/config/../logs/robot_20260620_093431.log
2026-06-20 09:34:34,252 - mazeUtils.device.LiDAR - [LiDAR.py:36] - INFO - Available ports: <ydlidar.Str2strMap; proxy of <Swig Object of type 'std::map< std::string,std::string > *' at 0x7fb8ed02d0> >
2026-06-20 09:34:38,287 - mazeUtils.moveTile - [moveTile.py:528] - DEBUG - Direction: absDirection.NORTH, Angle: 0, Distance: 47.27106168744842 cm
2026-06-20 09:34:38,288 - mazeUtils.moveTile - [moveTile.py:551] - DEBUG - Front LiDAR distance: 47.27106168744842 cm, TSD10 distance: 36.7 cm
2026-06-20 09:34:38,289 - mazeUtils.moveTile - [moveTile.py:528] - DEBUG - Direction: absDirection.EAST, Angle: 270, Distance: 17.046319772894822 cm
2026-06-20 09:34:38,290 - mazeUtils.moveTile - [moveTile.py:528] - DEBUG - Direction: absDirection.SOUTH, Angle: 180, Distance: 78.408047798603 cm
2026-06-20 09:34:38,291 - mazeUtils.moveTile - [moveTile.py:528] - DEBUG - Direction: absDirection.WEST, Angle: 90, Distance: 136.3742044113267 cm
2026-06-20 09:34:38,292 - __main__ - [main.py:69] - INFO - Initial Map:
2026-06-20 09:34:38,307 - __main__ - [main.py:70] - INFO - Current position: (20, 20, 0), front direction: absDirection.NORTH
Layer 0 (altitude=0.0cm, offset=(0.0cm, 0.0cm)):
Known map area: x=20..20, y=20..20
+   +
  @ |
+   +
mazeAsGraph[0][20][20] = {absDirection.NORTH: (20, 19, 0, 30), absDirection.EAST: None, absDirection.SOUTH: (20, 21, 0, 30), absDirection.WEST: (19, 20, 0, 30)}
2026-06-20 09:34:38,308 - mazeUtils.mazeMap - [mazeMap.py:61] - INFO - next goal: (20, 19, 0)
2026-06-20 09:34:38,309 - __main__ - [main.py:73] - INFO - Next Direction: [<absDirection.NORTH: 0>]
2026-06-20 09:34:38,310 - __main__ - [main.py:74] - INFO - Exploration started.
2026-06-20 09:34:38,310 - mazeUtils.moveTile - [moveTile.py:88] - DEBUG - [3152.666960] moveTile start direction=absDirection.NORTH position=(20, 20, 0) front=absDirection.NORTH
2026-06-20 09:34:38,316 - mazeUtils.moveTile - [moveTile.py:90] - DEBUG - [3152.672730] moveTile after initial toggle check (+5.8 ms)
2026-06-20 09:34:38,321 - mazeUtils.moveTile - [moveTile.py:90] - DEBUG - [3152.677497] moveTile after tile checks isRedTile=False isUnknownTileAhead=True (+4.8 ms)
2026-06-20 09:34:38,322 - mazeUtils.moveTile - [moveTile.py:79] - DEBUG - Moving to absDirection.NORTH from (20, 20, 0) facing absDirection.NORTH
2026-06-20 09:34:38,322 - mazeUtils.moveTile - [moveTile.py:90] - DEBUG - [3152.678234] moveTile updated front direction (+0.7 ms)
2026-06-20 09:34:38,324 - mazeUtils.moveTile - [moveTile.py:90] - DEBUG - [3152.680980] moveTile acquired initial LiDAR scan (+2.7 ms)
2026-06-20 09:34:38,345 - mazeUtils.moveTile - [moveTile.py:90] - DEBUG - [3152.701329] moveTile stopped motors before alignment (+20.3 ms)
2026-06-20 09:34:38,443 - mazeUtils.moveTile - [moveTile.py:90] - DEBUG - [3152.799978] moveTile ready for forward move (+98.6 ms)
2026-06-20 09:34:38,542 - mazeUtils.moveTile - [moveTile.py:90] - DEBUG - [3152.898830] moveTile initialized movement targetSteps=1 (+98.9 ms)
2026-06-20 09:34:38,545 - mazeUtils.moveTile - [moveTile.py:90] - DEBUG - [3152.901142] moveTile loop start (+2.3 ms)
2026-06-20 09:34:38,551 - picamera2.picamera2 - [picamera2.py:1391] - DEBUG - Execute job: <picamera2.job.Job object at 0x7f815e0750>
2026-06-20 09:34:38,562 - mazeUtils.device.camera - [camera.py:39] - DEBUG - Average HSV: H=152.3, S=23.2, V=215.8
2026-06-20 09:34:38,568 - mazeUtils.moveTile - [moveTile.py:90] - DEBUG - [3152.924216] moveTile calculated motor speeds left=100 right=97 gyroSteer=0.020000000000010232 wallSteer=2.3999999999999986 (+23.1 ms)
2026-06-20 09:34:38,589 - mazeUtils.moveTile - [moveTile.py:90] - DEBUG - [3152.945765] moveTile applied motor speed left=100 right=97 (+21.5 ms)
2026-06-20 09:34:38,590 - mazeUtils.moveTile - [moveTile.py:90] - DEBUG - [3152.946228] moveTile ramp check isBigRamp=False (+0.5 ms)
2026-06-20 09:34:38,593 - mazeUtils.moveTile - [moveTile.py:90] - DEBUG - [3152.949059] moveTile tile color check tempTileColor=E (+2.8 ms)
2026-06-20 09:34:38,593 - mazeUtils.moveTile - [moveTile.py:90] - DEBUG - [3152.949495] moveTile obstacle check escapeFlag=False (+0.4 ms)
2026-06-20 09:34:38,593 - mazeUtils.moveTile - [moveTile.py:79] - DEBUG - roll: 0.009999999999990905 deg, practicalMoveTime: 0.05095982473958455 sec
2026-06-20 09:34:38,594 - mazeUtils.moveTile - [moveTile.py:1397] - DEBUG - moveTile loop time: 49.0 ms
2026-06-20 09:34:38,594 - mazeUtils.moveTile - [moveTile.py:90] - DEBUG - [3152.950276] moveTile loop end practicalMoveTime=0.051 (+0.8 ms)
2026-06-20 09:34:38,594 - mazeUtils.moveTile - [moveTile.py:90] - DEBUG - [3152.950411] moveTile loop start (+0.1 ms)
2026-06-20 09:34:38,599 - picamera2.picamera2 - [picamera2.py:1391] - DEBUG - Execute job: <picamera2.job.Job object at 0x7f987fded0>
2026-06-20 09:34:38,605 - mazeUtils.device.camera - [camera.py:39] - DEBUG - Average HSV: H=154.3, S=22.8, V=216.1
2026-06-20 09:34:38,610 - mazeUtils.moveTile - [moveTile.py:90] - DEBUG - [3152.966717] moveTile calculated motor speeds left=100 right=95 gyroSteer=0.15500000000000114 wallSteer=4.799999999999997 (+16.3 ms)
2026-06-20 09:34:38,638 - mazeUtils.moveTile - [moveTile.py:90] - DEBUG - [3152.994328] moveTile applied motor speed left=100 right=95 (+27.6 ms)
2026-06-20 09:34:38,638 - mazeUtils.moveTile - [moveTile.py:90] - DEBUG - [3152.994763] moveTile ramp check isBigRamp=False (+0.4 ms)
2026-06-20 09:34:38,641 - mazeUtils.moveTile - [moveTile.py:90] - DEBUG - [3152.997630] moveTile tile color check tempTileColor=E (+2.9 ms)
2026-06-20 09:34:38,642 - mazeUtils.moveTile - [moveTile.py:90] - DEBUG - [3152.998120] moveTile obstacle check escapeFlag=False (+0.5 ms)
2026-06-20 09:34:38,642 - mazeUtils.moveTile - [moveTile.py:79] - DEBUG - roll: 0.7800000000000296 deg, practicalMoveTime: 0.09945062367473824 sec
2026-06-20 09:34:38,643 - mazeUtils.moveTile - [moveTile.py:1397] - DEBUG - moveTile loop time: 48.6 ms
2026-06-20 09:34:38,643 - mazeUtils.moveTile - [moveTile.py:90] - DEBUG - [3152.999242] moveTile loop end practicalMoveTime=0.099 (+1.1 ms)
2026-06-20 09:34:38,643 - mazeUtils.moveTile - [moveTile.py:90] - DEBUG - [3152.999379] moveTile loop start (+0.1 ms)
2026-06-20 09:34:38,649 - picamera2.picamera2 - [picamera2.py:1391] - DEBUG - Execute job: <picamera2.job.Job object at 0x7fa57d0450>
2026-06-20 09:34:38,652 - mazeUtils.device.camera - [camera.py:39] - DEBUG - Average HSV: H=150.0, S=22.7, V=216.0
2026-06-20 09:34:38,657 - mazeUtils.moveTile - [moveTile.py:90] - DEBUG - [3153.014002] moveTile calculated motor speeds left=100 right=96 gyroSteer=0.2400000000000091 wallSteer=2.8000000000000007 (+14.6 ms)
2026-06-20 09:34:38,677 - mazeUtils.moveTile - [moveTile.py:90] - DEBUG - [3153.033468] moveTile applied motor speed left=100 right=96 (+19.5 ms)
2026-06-20 09:34:38,677 - mazeUtils.moveTile - [moveTile.py:90] - DEBUG - [3153.034001] moveTile ramp check isBigRamp=False (+0.5 ms)
2026-06-20 09:34:38,683 - mazeUtils.moveTile - [moveTile.py:90] - DEBUG - [3153.039026] moveTile tile color check tempTileColor=E (+5.0 ms)
2026-06-20 09:34:38,683 - mazeUtils.moveTile - [moveTile.py:90] - DEBUG - [3153.039475] moveTile obstacle check escapeFlag=False (+0.4 ms)
2026-06-20 09:34:38,683 - mazeUtils.moveTile - [moveTile.py:79] - DEBUG - roll: 359.02000000000004 deg, practicalMoveTime: 0.14022091192719058 sec
2026-06-20 09:34:38,684 - mazeUtils.moveTile - [moveTile.py:1397] - DEBUG - moveTile loop time: 41.0 ms
2026-06-20 09:34:38,684 - mazeUtils.moveTile - [moveTile.py:90] - DEBUG - [3153.040793] moveTile loop end practicalMoveTime=0.140 (+1.3 ms)
2026-06-20 09:34:38,685 - mazeUtils.moveTile - [moveTile.py:90] - DEBUG - [3153.041070] moveTile loop start (+0.3 ms)
2026-06-20 09:34:38,691 - picamera2.picamera2 - [picamera2.py:1391] - DEBUG - Execute job: <picamera2.job.Job object at 0x7f8157a810>
2026-06-20 09:34:38,694 - mazeUtils.device.camera - [camera.py:39] - DEBUG - Average HSV: H=159.4, S=23.2, V=213.3
2026-06-20 09:34:38,698 - mazeUtils.moveTile - [moveTile.py:90] - DEBUG - [3153.054598] moveTile calculated motor speeds left=100 right=94 gyroSteer=0.125 wallSteer=5.200000000000003 (+13.5 ms)
2026-06-20 09:34:38,723 - mazeUtils.moveTile - [moveTile.py:90] - DEBUG - [3153.079100] moveTile applied motor speed left=100 right=94 (+24.5 ms)
2026-06-20 09:34:38,723 - mazeUtils.moveTile - [moveTile.py:90] - DEBUG - [3153.079474] moveTile ramp check isBigRamp=False (+0.4 ms)
2026-06-20 09:34:38,727 - mazeUtils.moveTile - [moveTile.py:90] - DEBUG - [3153.083122] moveTile tile color check tempTileColor=E (+3.6 ms)
2026-06-20 09:34:38,727 - mazeUtils.moveTile - [moveTile.py:90] - DEBUG - [3153.083514] moveTile obstacle check escapeFlag=False (+0.4 ms)
2026-06-20 09:34:38,727 - mazeUtils.moveTile - [moveTile.py:79] - DEBUG - roll: 0.18000000000000682 deg, practicalMoveTime: 0.183633621506041 sec
2026-06-20 09:34:38,728 - mazeUtils.moveTile - [moveTile.py:1397] - DEBUG - moveTile loop time: 43.2 ms
2026-06-20 09:34:38,728 - mazeUtils.moveTile - [moveTile.py:90] - DEBUG - [3153.084407] moveTile loop end practicalMoveTime=0.184 (+0.9 ms)
2026-06-20 09:34:38,728 - mazeUtils.moveTile - [moveTile.py:90] - DEBUG - [3153.084547] moveTile loop start (+0.1 ms)
2026-06-20 09:34:38,733 - picamera2.picamera2 - [picamera2.py:1391] - DEBUG - Execute job: <picamera2.job.Job object at 0x7facbd8150>
2026-06-20 09:34:38,736 - mazeUtils.device.camera - [camera.py:39] - DEBUG - Average HSV: H=158.9, S=24.9, V=211.8
2026-06-20 09:34:38,742 - mazeUtils.moveTile - [moveTile.py:90] - DEBUG - [3153.098129] moveTile calculated motor speeds left=100 right=96 gyroSteer=0.14500000000001023 wallSteer=3.6000000000000014 (+13.6 ms)
2026-06-20 09:34:38,761 - mazeUtils.moveTile - [moveTile.py:90] - DEBUG - [3153.117231] moveTile applied motor speed left=100 right=96 (+19.1 ms)
2026-06-20 09:34:38,761 - mazeUtils.moveTile - [moveTile.py:90] - DEBUG - [3153.117647] moveTile ramp check isBigRamp=False (+0.4 ms)
2026-06-20 09:34:38,764 - mazeUtils.moveTile - [moveTile.py:90] - DEBUG - [3153.120243] moveTile tile color check tempTileColor=E (+2.6 ms)
2026-06-20 09:34:38,764 - mazeUtils.moveTile - [moveTile.py:90] - DEBUG - [3153.120604] moveTile obstacle check escapeFlag=False (+0.4 ms)
2026-06-20 09:34:38,765 - mazeUtils.moveTile - [moveTile.py:79] - DEBUG - roll: 359.93 deg, practicalMoveTime: 0.2203274055376137 sec
2026-06-20 09:34:38,765 - mazeUtils.moveTile - [moveTile.py:1397] - DEBUG - moveTile loop time: 36.9 ms
2026-06-20 09:34:38,765 - mazeUtils.moveTile - [moveTile.py:90] - DEBUG - [3153.121690] moveTile loop end practicalMoveTime=0.220 (+1.1 ms)
2026-06-20 09:34:38,765 - mazeUtils.moveTile - [moveTile.py:90] - DEBUG - [3153.122010] moveTile loop start (+0.3 ms)
2026-06-20 09:34:38,771 - picamera2.picamera2 - [picamera2.py:1391] - DEBUG - Execute job: <picamera2.job.Job object at 0x7f9382e090>
2026-06-20 09:34:38,774 - mazeUtils.device.camera - [camera.py:39] - DEBUG - Average HSV: H=158.1, S=27.0, V=208.5
2026-06-20 09:34:38,783 - mazeUtils.moveTile - [moveTile.py:90] - DEBUG - [3153.139021] moveTile calculated motor speeds left=100 right=96 gyroSteer=0.28000000000000114 wallSteer=3.6000000000000014 (+17.0 ms)
2026-06-20 09:34:38,808 - mazeUtils.moveTile - [moveTile.py:90] - DEBUG - [3153.164582] moveTile applied motor speed left=100 right=96 (+25.6 ms)
2026-06-20 09:34:38,808 - mazeUtils.moveTile - [moveTile.py:90] - DEBUG - [3153.164956] moveTile ramp check isBigRamp=False (+0.4 ms)
2026-06-20 09:34:38,812 - mazeUtils.moveTile - [moveTile.py:90] - DEBUG - [3153.168543] moveTile tile color check tempTileColor=E (+3.6 ms)
2026-06-20 09:34:38,812 - mazeUtils.moveTile - [moveTile.py:90] - DEBUG - [3153.168902] moveTile obstacle check escapeFlag=False (+0.4 ms)
2026-06-20 09:34:38,813 - mazeUtils.moveTile - [moveTile.py:79] - DEBUG - roll: 359.69 deg, practicalMoveTime: 0.2680159069664777 sec
2026-06-20 09:34:38,813 - mazeUtils.moveTile - [moveTile.py:1397] - DEBUG - moveTile loop time: 47.4 ms
2026-06-20 09:34:38,813 - mazeUtils.moveTile - [moveTile.py:90] - DEBUG - [3153.169634] moveTile loop end practicalMoveTime=0.268 (+0.7 ms)
2026-06-20 09:34:38,813 - mazeUtils.moveTile - [moveTile.py:90] - DEBUG - [3153.169768] moveTile loop start (+0.1 ms)
2026-06-20 09:34:38,818 - picamera2.picamera2 - [picamera2.py:1391] - DEBUG - Execute job: <picamera2.job.Job object at 0x7f937d7650>
2026-06-20 09:34:38,821 - mazeUtils.device.camera - [camera.py:39] - DEBUG - Average HSV: H=167.3, S=26.9, V=206.4
2026-06-20 09:34:38,827 - mazeUtils.moveTile - [moveTile.py:90] - DEBUG - [3153.183317] moveTile calculated motor speeds left=100 right=96 gyroSteer=-0.04999999999998295 wallSteer=3.6000000000000014 (+13.5 ms)
2026-06-20 09:34:38,848 - mazeUtils.moveTile - [moveTile.py:90] - DEBUG - [3153.204153] moveTile applied motor speed left=100 right=96 (+20.8 ms)
2026-06-20 09:34:38,848 - mazeUtils.moveTile - [moveTile.py:90] - DEBUG - [3153.204641] moveTile ramp check isBigRamp=False (+0.5 ms)
2026-06-20 09:34:38,852 - mazeUtils.moveTile - [moveTile.py:90] - DEBUG - [3153.208136] moveTile tile color check tempTileColor=E (+3.5 ms)
2026-06-20 09:34:38,852 - mazeUtils.moveTile - [moveTile.py:90] - DEBUG - [3153.208541] moveTile obstacle check escapeFlag=False (+0.4 ms)
2026-06-20 09:34:38,852 - mazeUtils.moveTile - [moveTile.py:79] - DEBUG - roll: 2.5400000000000205 deg, practicalMoveTime: 0.30730560461566947 sec
2026-06-20 09:34:38,853 - mazeUtils.moveTile - [moveTile.py:1397] - DEBUG - moveTile loop time: 39.5 ms
2026-06-20 09:34:38,853 - mazeUtils.moveTile - [moveTile.py:90] - DEBUG - [3153.209449] moveTile loop end practicalMoveTime=0.307 (+0.9 ms)
2026-06-20 09:34:38,853 - mazeUtils.moveTile - [moveTile.py:90] - DEBUG - [3153.209673] moveTile loop start (+0.2 ms)
2026-06-20 09:34:38,857 - picamera2.picamera2 - [picamera2.py:1391] - DEBUG - Execute job: <picamera2.job.Job object at 0x7facbd8150>
2026-06-20 09:34:38,861 - mazeUtils.device.camera - [camera.py:39] - DEBUG - Average HSV: H=164.8, S=24.8, V=206.7
2026-06-20 09:34:38,869 - mazeUtils.moveTile - [moveTile.py:90] - DEBUG - [3153.225817] moveTile calculated motor speeds left=100 right=96 gyroSteer=0.13500000000001933 wallSteer=3.6000000000000014 (+16.1 ms)
2026-06-20 09:34:38,887 - mazeUtils.moveTile - [moveTile.py:90] - DEBUG - [3153.243831] moveTile applied motor speed left=100 right=96 (+18.0 ms)
2026-06-20 09:34:38,888 - mazeUtils.moveTile - [moveTile.py:90] - DEBUG - [3153.244307] moveTile ramp check isBigRamp=False (+0.5 ms)
2026-06-20 09:34:38,891 - mazeUtils.moveTile - [moveTile.py:90] - DEBUG - [3153.247046] moveTile tile color check tempTileColor=E (+2.7 ms)
2026-06-20 09:34:38,891 - mazeUtils.moveTile - [moveTile.py:90] - DEBUG - [3153.247386] moveTile obstacle check escapeFlag=False (+0.3 ms)
2026-06-20 09:34:38,891 - mazeUtils.moveTile - [moveTile.py:79] - DEBUG - roll: 2.4499999999999886 deg, practicalMoveTime: 0.3456721056490084 sec
2026-06-20 09:34:38,891 - mazeUtils.moveTile - [moveTile.py:1397] - DEBUG - moveTile loop time: 38.2 ms
2026-06-20 09:34:38,892 - mazeUtils.moveTile - [moveTile.py:90] - DEBUG - [3153.248157] moveTile loop end practicalMoveTime=0.346 (+0.8 ms)
2026-06-20 09:34:38,892 - mazeUtils.moveTile - [moveTile.py:90] - DEBUG - [3153.248314] moveTile loop start (+0.2 ms)
2026-06-20 09:34:38,899 - picamera2.picamera2 - [picamera2.py:1391] - DEBUG - Execute job: <picamera2.job.Job object at 0x7f937d7650>
2026-06-20 09:34:38,902 - mazeUtils.device.camera - [camera.py:39] - DEBUG - Average HSV: H=164.7, S=25.8, V=205.6
2026-06-20 09:34:38,907 - mazeUtils.moveTile - [moveTile.py:90] - DEBUG - [3153.263143] moveTile calculated motor speeds left=100 right=94 gyroSteer=0.5450000000000159 wallSteer=4.799999999999997 (+14.8 ms)
2026-06-20 09:34:38,927 - mazeUtils.moveTile - [moveTile.py:90] - DEBUG - [3153.283953] moveTile applied motor speed left=100 right=94 (+20.8 ms)
2026-06-20 09:34:38,928 - mazeUtils.moveTile - [moveTile.py:90] - DEBUG - [3153.284415] moveTile ramp check isBigRamp=False (+0.5 ms)
2026-06-20 09:34:38,933 - mazeUtils.moveTile - [moveTile.py:90] - DEBUG - [3153.289550] moveTile tile color check tempTileColor=E (+5.1 ms)
2026-06-20 09:34:38,933 - mazeUtils.moveTile - [moveTile.py:90] - DEBUG - [3153.289970] moveTile obstacle check escapeFlag=False (+0.4 ms)
2026-06-20 09:34:38,934 - mazeUtils.moveTile - [moveTile.py:79] - DEBUG - roll: 2.0400000000000205 deg, practicalMoveTime: 0.38823906640394096 sec
2026-06-20 09:34:38,934 - mazeUtils.moveTile - [moveTile.py:1397] - DEBUG - moveTile loop time: 42.6 ms
2026-06-20 09:34:38,935 - mazeUtils.moveTile - [moveTile.py:90] - DEBUG - [3153.291077] moveTile loop end practicalMoveTime=0.388 (+1.1 ms)
2026-06-20 09:34:38,935 - mazeUtils.moveTile - [moveTile.py:90] - DEBUG - [3153.291217] moveTile loop start (+0.1 ms)
2026-06-20 09:34:38,939 - picamera2.picamera2 - [picamera2.py:1391] - DEBUG - Execute job: <picamera2.job.Job object at 0x7f815e0750>
2026-06-20 09:34:38,942 - mazeUtils.device.camera - [camera.py:39] - DEBUG - Average HSV: H=166.0, S=27.2, V=203.1
2026-06-20 09:34:38,947 - mazeUtils.moveTile - [moveTile.py:90] - DEBUG - [3153.303577] moveTile calculated motor speeds left=100 right=95 gyroSteer=0.13000000000002387 wallSteer=4.799999999999997 (+12.4 ms)
2026-06-20 09:34:38,967 - mazeUtils.moveTile - [moveTile.py:90] - DEBUG - [3153.323695] moveTile applied motor speed left=100 right=95 (+20.1 ms)
2026-06-20 09:34:38,968 - mazeUtils.moveTile - [moveTile.py:90] - DEBUG - [3153.324137] moveTile ramp check isBigRamp=False (+0.4 ms)
2026-06-20 09:34:38,971 - mazeUtils.moveTile - [moveTile.py:90] - DEBUG - [3153.327918] moveTile tile color check tempTileColor=E (+3.8 ms)
2026-06-20 09:34:38,972 - mazeUtils.moveTile - [moveTile.py:90] - DEBUG - [3153.328439] moveTile obstacle check escapeFlag=False (+0.5 ms)
2026-06-20 09:34:38,972 - mazeUtils.moveTile - [moveTile.py:79] - DEBUG - roll: 1.7100000000000364 deg, practicalMoveTime: 0.4260685390196917 sec
2026-06-20 09:34:38,973 - mazeUtils.moveTile - [moveTile.py:1397] - DEBUG - moveTile loop time: 37.8 ms
2026-06-20 09:34:38,973 - mazeUtils.moveTile - [moveTile.py:90] - DEBUG - [3153.329187] moveTile loop end practicalMoveTime=0.426 (+0.7 ms)
2026-06-20 09:34:38,973 - mazeUtils.moveTile - [moveTile.py:90] - DEBUG - [3153.329349] moveTile loop start (+0.2 ms)
2026-06-20 09:34:38,980 - picamera2.picamera2 - [picamera2.py:1391] - DEBUG - Execute job: <picamera2.job.Job object at 0x7fa57d1610>
2026-06-20 09:34:38,983 - mazeUtils.device.camera - [camera.py:39] - DEBUG - Average HSV: H=166.7, S=26.4, V=203.8
2026-06-20 09:34:38,991 - mazeUtils.moveTile - [moveTile.py:90] - DEBUG - [3153.347683] moveTile calculated motor speeds left=100 right=93 gyroSteer=0.060000000000002274 wallSteer=6.0 (+18.3 ms)
2026-06-20 09:34:39,011 - mazeUtils.moveTile - [moveTile.py:90] - DEBUG - [3153.367924] moveTile applied motor speed left=100 right=93 (+20.2 ms)
2026-06-20 09:34:39,012 - mazeUtils.moveTile - [moveTile.py:90] - DEBUG - [3153.368366] moveTile ramp check isBigRamp=False (+0.4 ms)
2026-06-20 09:34:39,014 - mazeUtils.moveTile - [moveTile.py:90] - DEBUG - [3153.370997] moveTile tile color check tempTileColor=E (+2.6 ms)
2026-06-20 09:34:39,015 - mazeUtils.moveTile - [moveTile.py:90] - DEBUG - [3153.371430] moveTile obstacle check escapeFlag=False (+0.4 ms)
2026-06-20 09:34:39,016 - mazeUtils.moveTile - [moveTile.py:79] - DEBUG - roll: 3.490000000000009 deg, practicalMoveTime: 0.4689697376146007 sec
2026-06-20 09:34:39,016 - mazeUtils.moveTile - [moveTile.py:1397] - DEBUG - moveTile loop time: 43.3 ms
2026-06-20 09:34:39,016 - mazeUtils.moveTile - [moveTile.py:90] - DEBUG - [3153.372872] moveTile loop end practicalMoveTime=0.469 (+1.4 ms)
2026-06-20 09:34:39,016 - mazeUtils.moveTile - [moveTile.py:90] - DEBUG - [3153.373023] moveTile loop start (+0.2 ms)
2026-06-20 09:34:39,021 - picamera2.picamera2 - [picamera2.py:1391] - DEBUG - Execute job: <picamera2.job.Job object at 0x7f987fded0>
2026-06-20 09:34:39,025 - mazeUtils.device.camera - [camera.py:39] - DEBUG - Average HSV: H=164.0, S=24.7, V=204.7
2026-06-20 09:34:39,030 - mazeUtils.moveTile - [moveTile.py:90] - DEBUG - [3153.386328] moveTile calculated motor speeds left=100 right=93 gyroSteer=0.4200000000000159 wallSteer=6.0 (+13.3 ms)
2026-06-20 09:34:39,052 - mazeUtils.moveTile - [moveTile.py:90] - DEBUG - [3153.408574] moveTile applied motor speed left=100 right=93 (+22.2 ms)
2026-06-20 09:34:39,052 - mazeUtils.moveTile - [moveTile.py:90] - DEBUG - [3153.409008] moveTile ramp check isBigRamp=False (+0.4 ms)
2026-06-20 09:34:39,055 - mazeUtils.moveTile - [moveTile.py:90] - DEBUG - [3153.411668] moveTile tile color check tempTileColor=E (+2.7 ms)
2026-06-20 09:34:39,055 - mazeUtils.moveTile - [moveTile.py:90] - DEBUG - [3153.411996] moveTile obstacle check escapeFlag=False (+0.3 ms)
2026-06-20 09:34:39,056 - mazeUtils.moveTile - [moveTile.py:79] - DEBUG - roll: 1.8500000000000227 deg, practicalMoveTime: 0.5086562248265133 sec
2026-06-20 09:34:39,056 - mazeUtils.moveTile - [moveTile.py:1397] - DEBUG - moveTile loop time: 39.6 ms
2026-06-20 09:34:39,056 - mazeUtils.moveTile - [moveTile.py:90] - DEBUG - [3153.412811] moveTile loop end practicalMoveTime=0.509 (+0.8 ms)
2026-06-20 09:34:39,056 - mazeUtils.moveTile - [moveTile.py:90] - DEBUG - [3153.412955] moveTile loop start (+0.1 ms)
2026-06-20 09:34:39,063 - picamera2.picamera2 - [picamera2.py:1391] - DEBUG - Execute job: <picamera2.job.Job object at 0x7fb9316d50>
2026-06-20 09:34:39,066 - mazeUtils.device.camera - [camera.py:39] - DEBUG - Average HSV: H=163.8, S=24.6, V=203.1
2026-06-20 09:34:39,070 - mazeUtils.moveTile - [moveTile.py:90] - DEBUG - [3153.426294] moveTile calculated motor speeds left=100 right=94 gyroSteer=-0.23499999999998522 wallSteer=6.0 (+13.3 ms)
2026-06-20 09:34:39,090 - mazeUtils.moveTile - [moveTile.py:90] - DEBUG - [3153.446466] moveTile applied motor speed left=100 right=94 (+20.2 ms)
2026-06-20 09:34:39,090 - mazeUtils.moveTile - [moveTile.py:90] - DEBUG - [3153.446888] moveTile ramp check isBigRamp=False (+0.4 ms)
2026-06-20 09:34:39,093 - mazeUtils.moveTile - [moveTile.py:90] - DEBUG - [3153.449495] moveTile tile color check tempTileColor=E (+2.6 ms)
2026-06-20 09:34:39,093 - mazeUtils.moveTile - [moveTile.py:90] - DEBUG - [3153.449794] moveTile obstacle check escapeFlag=False (+0.3 ms)
2026-06-20 09:34:39,094 - mazeUtils.moveTile - [moveTile.py:79] - DEBUG - roll: 2.569999999999993 deg, practicalMoveTime: 0.5460731575201007 sec
2026-06-20 09:34:39,094 - mazeUtils.moveTile - [moveTile.py:1397] - DEBUG - moveTile loop time: 37.4 ms
2026-06-20 09:34:39,094 - mazeUtils.moveTile - [moveTile.py:90] - DEBUG - [3153.450526] moveTile loop end practicalMoveTime=0.546 (+0.7 ms)
2026-06-20 09:34:39,094 - mazeUtils.moveTile - [moveTile.py:90] - DEBUG - [3153.450697] moveTile loop start (+0.2 ms)
2026-06-20 09:34:39,099 - picamera2.picamera2 - [picamera2.py:1391] - DEBUG - Execute job: <picamera2.job.Job object at 0x7f937d7650>
2026-06-20 09:34:39,103 - mazeUtils.device.camera - [camera.py:39] - DEBUG - Average HSV: H=162.6, S=24.4, V=201.1
2026-06-20 09:34:39,112 - mazeUtils.moveTile - [moveTile.py:90] - DEBUG - [3153.468722] moveTile calculated motor speeds left=92 right=100 gyroSteer=-0.4199999999999875 wallSteer=-6.800000000000004 (+18.0 ms)
2026-06-20 09:34:39,139 - mazeUtils.moveTile - [moveTile.py:90] - DEBUG - [3153.495207] moveTile applied motor speed left=92 right=100 (+26.5 ms)
2026-06-20 09:34:39,139 - mazeUtils.moveTile - [moveTile.py:90] - DEBUG - [3153.495883] moveTile ramp check isBigRamp=False (+0.7 ms)
2026-06-20 09:34:39,142 - mazeUtils.moveTile - [moveTile.py:90] - DEBUG - [3153.498766] moveTile tile color check tempTileColor=E (+2.9 ms)
2026-06-20 09:34:39,143 - mazeUtils.moveTile - [moveTile.py:90] - DEBUG - [3153.499462] moveTile obstacle check escapeFlag=False (+0.7 ms)
2026-06-20 09:34:39,143 - mazeUtils.moveTile - [moveTile.py:79] - DEBUG - roll: 2.8500000000000227 deg, practicalMoveTime: 0.5955359713968207 sec
2026-06-20 09:34:39,144 - mazeUtils.moveTile - [moveTile.py:1397] - DEBUG - moveTile loop time: 49.7 ms
2026-06-20 09:34:39,144 - mazeUtils.moveTile - [moveTile.py:90] - DEBUG - [3153.500646] moveTile loop end practicalMoveTime=0.596 (+1.2 ms)
2026-06-20 09:34:39,144 - mazeUtils.moveTile - [moveTile.py:90] - DEBUG - [3153.500892] moveTile loop start (+0.2 ms)
2026-06-20 09:34:39,150 - picamera2.picamera2 - [picamera2.py:1391] - DEBUG - Execute job: <picamera2.job.Job object at 0x7fb9316d50>
2026-06-20 09:34:39,152 - mazeUtils.device.camera - [camera.py:39] - DEBUG - Average HSV: H=161.2, S=25.5, V=200.2
2026-06-20 09:34:39,158 - mazeUtils.moveTile - [moveTile.py:90] - DEBUG - [3153.514029] moveTile calculated motor speeds left=100 right=95 gyroSteer=0.025000000000005684 wallSteer=4.0 (+13.1 ms)
2026-06-20 09:34:39,178 - mazeUtils.moveTile - [moveTile.py:90] - DEBUG - [3153.534269] moveTile applied motor speed left=100 right=95 (+20.2 ms)
2026-06-20 09:34:39,178 - mazeUtils.moveTile - [moveTile.py:90] - DEBUG - [3153.534897] moveTile ramp check isBigRamp=False (+0.6 ms)
2026-06-20 09:34:39,181 - mazeUtils.moveTile - [moveTile.py:90] - DEBUG - [3153.537881] moveTile tile color check tempTileColor=E (+3.0 ms)
2026-06-20 09:34:39,182 - mazeUtils.moveTile - [moveTile.py:90] - DEBUG - [3153.538229] moveTile obstacle check escapeFlag=False (+0.3 ms)
2026-06-20 09:34:39,182 - mazeUtils.moveTile - [moveTile.py:79] - DEBUG - roll: 2.590000000000032 deg, practicalMoveTime: 0.6335860993172111 sec
2026-06-20 09:34:39,182 - mazeUtils.moveTile - [moveTile.py:1397] - DEBUG - moveTile loop time: 37.9 ms
2026-06-20 09:34:39,182 - mazeUtils.moveTile - [moveTile.py:90] - DEBUG - [3153.538921] moveTile loop end practicalMoveTime=0.634 (+0.7 ms)
2026-06-20 09:34:39,183 - mazeUtils.moveTile - [moveTile.py:90] - DEBUG - [3153.539052] moveTile loop start (+0.1 ms)
2026-06-20 09:34:39,187 - picamera2.picamera2 - [picamera2.py:1391] - DEBUG - Execute job: <picamera2.job.Job object at 0x7fa57d0450>
2026-06-20 09:34:39,191 - mazeUtils.device.camera - [camera.py:39] - DEBUG - Average HSV: H=161.3, S=26.7, V=197.1
2026-06-20 09:34:39,196 - mazeUtils.moveTile - [moveTile.py:90] - DEBUG - [3153.552250] moveTile calculated motor speeds left=100 right=96 gyroSteer=-0.3499999999999943 wallSteer=4.0 (+13.2 ms)
2026-06-20 09:34:39,216 - mazeUtils.moveTile - [moveTile.py:90] - DEBUG - [3153.572456] moveTile applied motor speed left=100 right=96 (+20.2 ms)
2026-06-20 09:34:39,216 - mazeUtils.moveTile - [moveTile.py:90] - DEBUG - [3153.572860] moveTile ramp check isBigRamp=False (+0.4 ms)
2026-06-20 09:34:39,221 - mazeUtils.moveTile - [moveTile.py:90] - DEBUG - [3153.577327] moveTile tile color check tempTileColor=E (+4.5 ms)
2026-06-20 09:34:39,221 - mazeUtils.moveTile - [moveTile.py:90] - DEBUG - [3153.577815] moveTile obstacle check escapeFlag=False (+0.5 ms)
2026-06-20 09:34:39,222 - mazeUtils.moveTile - [moveTile.py:79] - DEBUG - roll: 2.7200000000000273 deg, practicalMoveTime: 0.6728667934828925 sec
2026-06-20 09:34:39,222 - mazeUtils.moveTile - [moveTile.py:1397] - DEBUG - moveTile loop time: 39.9 ms
2026-06-20 09:34:39,223 - mazeUtils.moveTile - [moveTile.py:90] - DEBUG - [3153.579365] moveTile loop end practicalMoveTime=0.673 (+1.6 ms)
2026-06-20 09:34:39,223 - mazeUtils.moveTile - [moveTile.py:90] - DEBUG - [3153.579543] moveTile loop start (+0.2 ms)
2026-06-20 09:34:39,228 - picamera2.picamera2 - [picamera2.py:1391] - DEBUG - Execute job: <picamera2.job.Job object at 0x7f8157a810>
2026-06-20 09:34:39,231 - mazeUtils.device.camera - [camera.py:39] - DEBUG - Average HSV: H=161.0, S=28.9, V=196.3
2026-06-20 09:34:39,237 - mazeUtils.moveTile - [moveTile.py:90] - DEBUG - [3153.593114] moveTile calculated motor speeds left=100 right=97 gyroSteer=0.025000000000005684 wallSteer=2.3999999999999986 (+13.6 ms)
2026-06-20 09:34:39,262 - mazeUtils.moveTile - [moveTile.py:90] - DEBUG - [3153.618471] moveTile applied motor speed left=100 right=97 (+25.4 ms)
2026-06-20 09:34:39,262 - mazeUtils.moveTile - [moveTile.py:90] - DEBUG - [3153.618868] moveTile ramp check isBigRamp=False (+0.4 ms)
2026-06-20 09:34:39,265 - mazeUtils.moveTile - [moveTile.py:90] - DEBUG - [3153.621804] moveTile tile color check tempTileColor=E (+2.9 ms)
2026-06-20 09:34:39,266 - mazeUtils.moveTile - [moveTile.py:90] - DEBUG - [3153.622160] moveTile obstacle check escapeFlag=False (+0.4 ms)
2026-06-20 09:34:39,266 - mazeUtils.moveTile - [moveTile.py:79] - DEBUG - roll: 0.7800000000000296 deg, practicalMoveTime: 0.716358656493132 sec
2026-06-20 09:34:39,266 - mazeUtils.moveTile - [moveTile.py:1397] - DEBUG - moveTile loop time: 43.2 ms
2026-06-20 09:34:39,266 - mazeUtils.moveTile - [moveTile.py:90] - DEBUG - [3153.622879] moveTile loop end practicalMoveTime=0.716 (+0.7 ms)
2026-06-20 09:34:39,266 - mazeUtils.moveTile - [moveTile.py:90] - DEBUG - [3153.623015] moveTile loop start (+0.1 ms)
2026-06-20 09:34:39,277 - picamera2.picamera2 - [picamera2.py:1391] - DEBUG - Execute job: <picamera2.job.Job object at 0x7f815e0750>
2026-06-20 09:34:39,280 - mazeUtils.device.camera - [camera.py:39] - DEBUG - Average HSV: H=156.9, S=26.8, V=197.1
2026-06-20 09:34:39,286 - mazeUtils.moveTile - [moveTile.py:90] - DEBUG - [3153.642804] moveTile calculated motor speeds left=100 right=95 gyroSteer=-0.3499999999999943 wallSteer=4.799999999999997 (+19.8 ms)
2026-06-20 09:34:39,307 - mazeUtils.moveTile - [moveTile.py:90] - DEBUG - [3153.663746] moveTile applied motor speed left=100 right=95 (+20.9 ms)
2026-06-20 09:34:39,308 - mazeUtils.moveTile - [moveTile.py:90] - DEBUG - [3153.664130] moveTile ramp check isBigRamp=False (+0.4 ms)
2026-06-20 09:34:39,310 - mazeUtils.moveTile - [moveTile.py:90] - DEBUG - [3153.666762] moveTile tile color check tempTileColor=E (+2.6 ms)
2026-06-20 09:34:39,311 - mazeUtils.moveTile - [moveTile.py:90] - DEBUG - [3153.667096] moveTile obstacle check escapeFlag=False (+0.3 ms)
2026-06-20 09:34:39,311 - mazeUtils.moveTile - [moveTile.py:79] - DEBUG - roll: 1.1100000000000136 deg, practicalMoveTime: 0.7609779484201336 sec
2026-06-20 09:34:39,311 - mazeUtils.moveTile - [moveTile.py:1397] - DEBUG - moveTile loop time: 44.7 ms
2026-06-20 09:34:39,311 - mazeUtils.moveTile - [moveTile.py:90] - DEBUG - [3153.667873] moveTile loop end practicalMoveTime=0.761 (+0.8 ms)
2026-06-20 09:34:39,312 - mazeUtils.moveTile - [moveTile.py:90] - DEBUG - [3153.668062] moveTile loop start (+0.2 ms)
2026-06-20 09:34:39,318 - picamera2.picamera2 - [picamera2.py:1391] - DEBUG - Execute job: <picamera2.job.Job object at 0x7facbd8150>
2026-06-20 09:34:39,321 - mazeUtils.device.camera - [camera.py:39] - DEBUG - Average HSV: H=153.1, S=29.1, V=189.7
2026-06-20 09:34:39,326 - mazeUtils.moveTile - [moveTile.py:90] - DEBUG - [3153.682279] moveTile calculated motor speeds left=100 right=97 gyroSteer=-0.5749999999999886 wallSteer=2.8000000000000007 (+14.2 ms)
2026-06-20 09:34:39,345 - mazeUtils.moveTile - [moveTile.py:90] - DEBUG - [3153.701543] moveTile applied motor speed left=100 right=97 (+19.3 ms)
2026-06-20 09:34:39,345 - mazeUtils.moveTile - [moveTile.py:90] - DEBUG - [3153.701922] moveTile ramp check isBigRamp=False (+0.4 ms)
2026-06-20 09:34:39,348 - mazeUtils.moveTile - [moveTile.py:90] - DEBUG - [3153.704792] moveTile tile color check tempTileColor=E (+2.9 ms)
2026-06-20 09:34:39,349 - mazeUtils.moveTile - [moveTile.py:90] - DEBUG - [3153.705141] moveTile obstacle check escapeFlag=False (+0.3 ms)
2026-06-20 09:34:39,349 - mazeUtils.moveTile - [moveTile.py:1344] - INFO - practicalVerticalMove: 0.7468195462773034 CM
2026-06-20 09:34:39,368 - mazeUtils.moveTile - [moveTile.py:90] - DEBUG - [3153.724685] moveTile finished by time control (+19.5 ms)
2026-06-20 09:34:39,369 - mazeUtils.moveTile - [moveTile.py:90] - DEBUG - [3153.725050] moveTile start final forward adjustment (+19.9 ms)
2026-06-20 09:34:39,392 - mazeUtils.moveTile - [moveTile.py:79] - DEBUG - Little forward to adjust position
2026-06-20 09:34:39,940 - mazeUtils.moveTile - [moveTile.py:90] - DEBUG - [3154.296566] moveTile finished final forward adjustment (+571.5 ms)
2026-06-20 09:34:39,941 - mazeUtils.moveTile - [moveTile.py:1598] - INFO - Set moved vertical distance: 0.7468195462773034 cm, past distances: [(0, False), (0, False), (0, False)]
2026-06-20 09:34:39,941 - mazeUtils.moveTile - [moveTile.py:90] - DEBUG - [3154.297603] moveTile updated moved vertical distance 0.747 (+1.0 ms)
2026-06-20 09:34:40,030 - mazeUtils.moveTile - [moveTile.py:528] - DEBUG - Direction: absDirection.NORTH, Angle: 0, Distance: 13.454429333355659 cm
2026-06-20 09:34:40,031 - mazeUtils.moveTile - [moveTile.py:551] - DEBUG - Front LiDAR distance: 13.454429333355659 cm, TSD10 distance: 2.2 cm
2026-06-20 09:34:40,032 - mazeUtils.moveTile - [moveTile.py:528] - DEBUG - Direction: absDirection.EAST, Angle: 270, Distance: 17.253655435823738 cm
2026-06-20 09:34:40,033 - mazeUtils.moveTile - [moveTile.py:528] - DEBUG - Direction: absDirection.SOUTH, Angle: 180, Distance: 111.08868349644713 cm
2026-06-20 09:34:40,033 - mazeUtils.moveTile - [moveTile.py:528] - DEBUG - Direction: absDirection.WEST, Angle: 90, Distance: 135.47311262299655 cm
2026-06-20 09:34:40,034 - mazeUtils.moveTile - [moveTile.py:90] - DEBUG - [3154.390365] moveTile updated map and detected walls (+92.8 ms)
2026-06-20 09:34:40,036 - mazeUtils.moveTile - [moveTile.py:1719] - INFO - Tile color detection counts: {}, decided tile type: E
2026-06-20 09:34:40,036 - mazeUtils.moveTile - [moveTile.py:90] - DEBUG - [3154.392478] moveTile finished (+94.9 ms)
2026-06-20 09:34:40,093 - __main__ - [main.py:87] - INFO - Current position: (20, 19, 0), front direction: absDirection.NORTH
Layer 0 (altitude=0.0cm, offset=(0.0cm, 0.0cm)):
Known map area: x=20..20, y=19..20
+---+
  @ |
+   +
  S |
+   +
mazeAsGraph[0][19][20] = {absDirection.NORTH: None, absDirection.EAST: None, absDirection.SOUTH: (20, 20, 0, 30), absDirection.WEST: (19, 19, 0, 30)}
mazeAsGraph[0][20][20] = {absDirection.NORTH: (20, 19, 0, 30), absDirection.EAST: None, absDirection.SOUTH: (20, 21, 0, 30), absDirection.WEST: (19, 20, 0, 30)}
2026-06-20 09:34:40,101 - mazeUtils.mazeMap - [mazeMap.py:61] - INFO - next goal: (19, 19, 0)
2026-06-20 09:34:40,102 - mazeUtils.moveTile - [moveTile.py:88] - DEBUG - [3154.458053] moveTile start direction=absDirection.WEST position=(20, 19, 0) front=absDirection.NORTH
2026-06-20 09:34:40,114 - mazeUtils.moveTile - [moveTile.py:90] - DEBUG - [3154.470664] moveTile after initial toggle check (+12.6 ms)
2026-06-20 09:34:40,116 - mazeUtils.moveTile - [moveTile.py:90] - DEBUG - [3154.472359] moveTile after tile checks isRedTile=False isUnknownTileAhead=True (+1.7 ms)
2026-06-20 09:34:40,116 - mazeUtils.moveTile - [moveTile.py:79] - DEBUG - Moving to absDirection.WEST from (20, 19, 0) facing absDirection.NORTH
2026-06-20 09:34:40,116 - mazeUtils.moveTile - [moveTile.py:90] - DEBUG - [3154.472948] moveTile start heading change target=90 (+0.6 ms)
2026-06-20 09:34:40,145 - mazeUtils.moveTile - [moveTile.py:79] - DEBUG - current heading: 358.47 target: 45
2026-06-20 09:34:40,557 - mazeUtils.moveTile - [moveTile.py:371] - INFO - Find victim on RIGHT side during turn: UnitVStatus.R_VICTIM
2026-06-20 09:34:43,448 - __main__ - [main.py:147] - INFO - Program interrupted by user.
2026-06-20 09:34:44,522 - mazeUtils.device.stm - [stm.py:216] - DEBUG - ACK resynchronized: type=STS_MOTOR dropped=24B seq=86
2026-06-20 09:34:45,037 - picamera2.picamera2 - [picamera2.py:1391] - DEBUG - Execute job: <picamera2.job.Job object at 0x7fa57de950>
2026-06-20 09:34:45,055 - picamera2.picamera2 - [picamera2.py:1323] - INFO - Camera stopped
2026-06-20 09:34:45,256 - picamera2.picamera2 - [picamera2.py:1329] - DEBUG - Camera was not started
2026-06-20 09:34:45,459 - picamera2.picamera2 - [picamera2.py:723] - INFO - Camera closed successfully.
2026-06-20 09:34:45,637 - picamera2.picamera2 - [picamera2.py:500] - DEBUG - Resources now free: <picamera2.picamera2.Picamera2 object at 0x7f987fd9d0>
