2026-06-28 16:42:04,213 - root - [logging_config.py:61] - INFO - Logging initialized. Log file: /home/tuton/Kanto2026RPi/src/config/../logs/robot_20260628_164155.log
2026-06-28 16:42:06,178 - mazeUtils.device.LiDAR - [LiDAR.py:80] - INFO - Available ports: <ydlidar.Str2strMap; proxy of <Swig Object of type 'std::map< std::string,std::string > *' at 0x7f65c2d8f0> >
2026-06-28 16:42:10,602 - mazeUtils.moveTile - [moveTile.py:550] - DEBUG - overwrite the wall data
2026-06-28 16:42:10,654 - mazeUtils.moveTile - [moveTile.py:564] - DEBUG - Direction: absDirection.NORTH, Angle: 0, Distance: 221.35947188562665 cm
2026-06-28 16:42:10,656 - mazeUtils.moveTile - [moveTile.py:574] - INFO - angle: 0, result: judgeWallResult.NO_WALL
2026-06-28 16:42:10,659 - mazeUtils.moveTile - [moveTile.py:564] - DEBUG - Direction: absDirection.EAST, Angle: 270, Distance: 188.34729737389023 cm
2026-06-28 16:42:10,661 - mazeUtils.moveTile - [moveTile.py:564] - DEBUG - Direction: absDirection.SOUTH, Angle: 180, Distance: 149.88097301535237 cm
2026-06-28 16:42:10,663 - mazeUtils.moveTile - [moveTile.py:564] - DEBUG - Direction: absDirection.WEST, Angle: 90, Distance: 39.313643084554926 cm
2026-06-28 16:42:10,666 - __main__ - [main.py:68] - INFO - Initial Map:
2026-06-28 16:42:10,692 - __main__ - [main.py:69] - INFO - Current position: (20, 20, 0), front direction: absDirection.NORTH
Layer 0 (altitude=0.0cm, offset=(0.0cm, 0.0cm)):
Known map area: x=20..20, y=20..20
+   +
  @  
+   +
2026-06-28 16:42:11,738 - mazeUtils.mazeMap - [mazeMap.py:61] - INFO - next goal: (20, 19, 0)
2026-06-28 16:42:11,740 - __main__ - [main.py:75] - INFO - Next Direction: [<absDirection.NORTH: 0>]
2026-06-28 16:42:11,741 - __main__ - [main.py:76] - INFO - Exploration started.
2026-06-28 16:42:11,742 - mazeUtils.mazeMap - [mazeMap.py:61] - INFO - next goal: (20, 20, 0)
2026-06-28 16:42:11,744 - mazeUtils.moveTile - [moveTile.py:88] - DEBUG - [195.179491] moveTile start direction=absDirection.NORTH position=(20, 20, 0) front=absDirection.NORTH
2026-06-28 16:42:11,753 - mazeUtils.moveTile - [moveTile.py:90] - DEBUG - [195.188584] moveTile after initial toggle check (+9.1 ms)
2026-06-28 16:42:11,756 - mazeUtils.moveTile - [moveTile.py:90] - DEBUG - [195.192246] moveTile after tile checks isRedTile=True isUnknownTileAhead=True (+3.7 ms)
2026-06-28 16:42:11,757 - mazeUtils.moveTile - [moveTile.py:79] - DEBUG - Moving to absDirection.NORTH from (20, 20, 0) facing absDirection.NORTH
2026-06-28 16:42:11,757 - mazeUtils.moveTile - [moveTile.py:90] - DEBUG - [195.193445] moveTile start heading change target=0 (+1.2 ms)
2026-06-28 16:42:11,784 - mazeUtils.moveTile - [moveTile.py:79] - DEBUG - current heading: 359.98 target: 0
2026-06-28 16:42:11,806 - mazeUtils.moveTile - [moveTile.py:436] - DEBUG - stopped turning at heading: 359.98, diff: 0.01999999999998181
2026-06-28 16:42:11,855 - mazeUtils.moveTile - [moveTile.py:79] - DEBUG - Turned to heading: 0.0799999999999983 deg
2026-06-28 16:42:11,856 - mazeUtils.moveTile - [moveTile.py:90] - DEBUG - [195.291603] moveTile finished heading change (+98.2 ms)
2026-06-28 16:42:11,856 - mazeUtils.moveTile - [moveTile.py:90] - DEBUG - [195.292180] Adjustment after ramp completed (+0.6 ms)
2026-06-28 16:42:11,857 - mazeUtils.moveTile - [moveTile.py:90] - DEBUG - [195.292687] moveTile updated front direction (+0.5 ms)
2026-06-28 16:42:11,876 - mazeUtils.moveTile - [moveTile.py:90] - DEBUG - [195.312080] moveTile stopped motors before alignment (+19.4 ms)
2026-06-28 16:42:12,041 - mazeUtils.moveTile - [moveTile.py:564] - DEBUG - Direction: absDirection.NORTH, Angle: 0, Distance: 223.1707072505606 cm
2026-06-28 16:42:12,043 - mazeUtils.moveTile - [moveTile.py:564] - DEBUG - Direction: absDirection.EAST, Angle: 270, Distance: 189.73577500088317 cm
2026-06-28 16:42:12,045 - mazeUtils.moveTile - [moveTile.py:564] - DEBUG - Direction: absDirection.SOUTH, Angle: 180, Distance: 148.6593697406164 cm
2026-06-28 16:42:12,046 - mazeUtils.moveTile - [moveTile.py:564] - DEBUG - Direction: absDirection.WEST, Angle: 90, Distance: 39.40876252910679 cm
2026-06-28 16:42:12,046 - mazeUtils.moveTile - [moveTile.py:90] - DEBUG - [195.482238] moveTile ready for forward move (+170.2 ms)
2026-06-28 16:42:12,077 - mazeUtils.moveTile - [moveTile.py:90] - DEBUG - [195.513109] moveTile initialized movement targetSteps=1 (+30.9 ms)
2026-06-28 16:42:12,079 - mazeUtils.moveTile - [moveTile.py:90] - DEBUG - [195.515165] moveTile loop start (+2.1 ms)
2026-06-28 16:42:12,088 - picamera2.picamera2 - [picamera2.py:1391] - DEBUG - Execute job: <picamera2.job.Job object at 0x7f5c11da50>
2026-06-28 16:42:12,152 - mazeUtils.device.camera - [camera.py:39] - DEBUG - Average HSV: H=83.6, S=49.0, V=52.7
2026-06-28 16:42:12,160 - mazeUtils.moveTile - [moveTile.py:90] - DEBUG - [195.595721] moveTile calculated motor speeds left=100 right=98 gyroSteer=1.4799999999999613 wallSteer=0.0 (+80.6 ms)
2026-06-28 16:42:12,179 - mazeUtils.moveTile - [moveTile.py:90] - DEBUG - [195.615402] moveTile applied motor speed left=100 right=98 (+19.7 ms)
2026-06-28 16:42:12,180 - mazeUtils.moveTile - [moveTile.py:90] - DEBUG - [195.616215] moveTile ramp check isBigRamp=False (+0.8 ms)
2026-06-28 16:42:12,184 - mazeUtils.moveTile - [moveTile.py:90] - DEBUG - [195.619683] moveTile tile color check tempTileColor=R (+3.5 ms)
2026-06-28 16:42:12,184 - mazeUtils.moveTile - [moveTile.py:90] - DEBUG - [195.620287] moveTile obstacle check escapeFlag=False (+0.6 ms)
2026-06-28 16:42:12,190 - mazeUtils.moveTile - [moveTile.py:79] - DEBUG - roll: 1.7999999999999545 deg, practicalMoveTime: 0.11284583770460314 sec
2026-06-28 16:42:12,192 - mazeUtils.moveTile - [moveTile.py:2084] - DEBUG - moveTile loop time: 112.3 ms
2026-06-28 16:42:12,194 - mazeUtils.moveTile - [moveTile.py:90] - DEBUG - [195.629469] moveTile loop end practicalMoveTime=0.113 (+9.2 ms)
2026-06-28 16:42:12,194 - mazeUtils.moveTile - [moveTile.py:90] - DEBUG - [195.630289] moveTile loop start (+0.8 ms)
2026-06-28 16:42:12,204 - picamera2.picamera2 - [picamera2.py:1391] - DEBUG - Execute job: <picamera2.job.Job object at 0x7f46eb6f90>
2026-06-28 16:42:12,217 - mazeUtils.device.camera - [camera.py:39] - DEBUG - Average HSV: H=59.5, S=53.6, V=51.4
2026-06-28 16:42:12,229 - mazeUtils.moveTile - [moveTile.py:90] - DEBUG - [195.664687] moveTile calculated motor speeds left=99 right=100 gyroSteer=-0.07999999999992724 wallSteer=0.0 (+34.4 ms)
2026-06-28 16:42:12,254 - mazeUtils.moveTile - [moveTile.py:90] - DEBUG - [195.690293] moveTile applied motor speed left=99 right=100 (+25.6 ms)
2026-06-28 16:42:12,255 - mazeUtils.moveTile - [moveTile.py:90] - DEBUG - [195.691060] moveTile ramp check isBigRamp=False (+0.8 ms)
2026-06-28 16:42:12,258 - mazeUtils.moveTile - [moveTile.py:90] - DEBUG - [195.694457] moveTile tile color check tempTileColor=R (+3.4 ms)
2026-06-28 16:42:12,259 - mazeUtils.moveTile - [moveTile.py:90] - DEBUG - [195.695023] moveTile obstacle check escapeFlag=False (+0.6 ms)
2026-06-28 16:42:12,264 - mazeUtils.moveTile - [moveTile.py:79] - DEBUG - roll: 1.7899999999999636 deg, practicalMoveTime: 0.18527646376709703 sec
2026-06-28 16:42:12,265 - mazeUtils.moveTile - [moveTile.py:2084] - DEBUG - moveTile loop time: 70.7 ms
2026-06-28 16:42:12,266 - mazeUtils.moveTile - [moveTile.py:90] - DEBUG - [195.701770] moveTile loop end practicalMoveTime=0.185 (+6.7 ms)
2026-06-28 16:42:12,267 - mazeUtils.moveTile - [moveTile.py:90] - DEBUG - [195.702727] moveTile loop start (+1.0 ms)
2026-06-28 16:42:12,274 - picamera2.picamera2 - [picamera2.py:1391] - DEBUG - Execute job: <picamera2.job.Job object at 0x7f66d49c10>
2026-06-28 16:42:12,282 - mazeUtils.device.camera - [camera.py:39] - DEBUG - Average HSV: H=69.0, S=49.3, V=51.2
2026-06-28 16:42:12,294 - mazeUtils.moveTile - [moveTile.py:90] - DEBUG - [195.730312] moveTile calculated motor speeds left=100 right=97 gyroSteer=2.1200000000000045 wallSteer=0.0 (+27.6 ms)
2026-06-28 16:42:12,322 - mazeUtils.moveTile - [moveTile.py:90] - DEBUG - [195.758178] moveTile applied motor speed left=100 right=97 (+27.9 ms)
2026-06-28 16:42:12,323 - mazeUtils.moveTile - [moveTile.py:90] - DEBUG - [195.758942] moveTile ramp check isBigRamp=False (+0.8 ms)
2026-06-28 16:42:12,327 - mazeUtils.moveTile - [moveTile.py:90] - DEBUG - [195.762521] moveTile tile color check tempTileColor=R (+3.6 ms)
2026-06-28 16:42:12,327 - mazeUtils.moveTile - [moveTile.py:90] - DEBUG - [195.763145] moveTile obstacle check escapeFlag=False (+0.6 ms)
2026-06-28 16:42:12,334 - mazeUtils.moveTile - [moveTile.py:79] - DEBUG - roll: 3.1200000000000045 deg, practicalMoveTime: 0.2540668066076276 sec
2026-06-28 16:42:12,335 - mazeUtils.moveTile - [moveTile.py:2084] - DEBUG - moveTile loop time: 68.0 ms
2026-06-28 16:42:12,335 - mazeUtils.moveTile - [moveTile.py:90] - DEBUG - [195.771308] moveTile loop end practicalMoveTime=0.254 (+8.2 ms)
2026-06-28 16:42:12,336 - mazeUtils.moveTile - [moveTile.py:90] - DEBUG - [195.771766] moveTile loop start (+0.5 ms)
2026-06-28 16:42:12,343 - picamera2.picamera2 - [picamera2.py:1391] - DEBUG - Execute job: <picamera2.job.Job object at 0x7f461e0dd0>
2026-06-28 16:42:12,349 - mazeUtils.device.camera - [camera.py:39] - DEBUG - Average HSV: H=74.7, S=52.6, V=50.2
2026-06-28 16:42:12,356 - mazeUtils.moveTile - [moveTile.py:90] - DEBUG - [195.791587] moveTile calculated motor speeds left=100 right=99 gyroSteer=0.9199999999999591 wallSteer=0.0 (+19.8 ms)
2026-06-28 16:42:12,375 - mazeUtils.moveTile - [moveTile.py:90] - DEBUG - [195.811053] moveTile applied motor speed left=100 right=99 (+19.5 ms)
2026-06-28 16:42:12,376 - mazeUtils.moveTile - [moveTile.py:90] - DEBUG - [195.811780] moveTile ramp check isBigRamp=False (+0.7 ms)
2026-06-28 16:42:12,380 - mazeUtils.moveTile - [moveTile.py:90] - DEBUG - [195.816340] moveTile tile color check tempTileColor=R (+4.6 ms)
2026-06-28 16:42:12,381 - mazeUtils.moveTile - [moveTile.py:90] - DEBUG - [195.817458] moveTile obstacle check escapeFlag=False (+1.1 ms)
2026-06-28 16:42:12,386 - mazeUtils.moveTile - [moveTile.py:79] - DEBUG - roll: 1.6599999999999682 deg, practicalMoveTime: 0.30539463905534187 sec
2026-06-28 16:42:12,388 - mazeUtils.moveTile - [moveTile.py:2084] - DEBUG - moveTile loop time: 51.7 ms
2026-06-28 16:42:12,388 - mazeUtils.moveTile - [moveTile.py:90] - DEBUG - [195.824336] moveTile loop end practicalMoveTime=0.305 (+6.9 ms)
2026-06-28 16:42:12,389 - mazeUtils.moveTile - [moveTile.py:90] - DEBUG - [195.824882] moveTile loop start (+0.5 ms)
2026-06-28 16:42:12,395 - picamera2.picamera2 - [picamera2.py:1391] - DEBUG - Execute job: <picamera2.job.Job object at 0x7f77647410>
2026-06-28 16:42:12,401 - mazeUtils.device.camera - [camera.py:39] - DEBUG - Average HSV: H=80.0, S=44.5, V=51.4
2026-06-28 16:42:12,406 - mazeUtils.moveTile - [moveTile.py:90] - DEBUG - [195.842206] moveTile calculated motor speeds left=100 right=98 gyroSteer=1.1599999999999682 wallSteer=0.0 (+17.3 ms)
2026-06-28 16:42:12,427 - mazeUtils.moveTile - [moveTile.py:90] - DEBUG - [195.862621] moveTile applied motor speed left=100 right=98 (+20.4 ms)
2026-06-28 16:42:12,427 - mazeUtils.moveTile - [moveTile.py:90] - DEBUG - [195.863423] moveTile ramp check isBigRamp=False (+0.8 ms)
2026-06-28 16:42:12,431 - mazeUtils.moveTile - [moveTile.py:90] - DEBUG - [195.866990] moveTile tile color check tempTileColor=R (+3.6 ms)
2026-06-28 16:42:12,432 - mazeUtils.moveTile - [moveTile.py:90] - DEBUG - [195.867609] moveTile obstacle check escapeFlag=False (+0.6 ms)
2026-06-28 16:42:12,437 - mazeUtils.moveTile - [moveTile.py:79] - DEBUG - roll: 1.7699999999999818 deg, practicalMoveTime: 0.3550201191939181 sec
2026-06-28 16:42:12,439 - mazeUtils.moveTile - [moveTile.py:2084] - DEBUG - moveTile loop time: 49.7 ms
2026-06-28 16:42:12,440 - mazeUtils.moveTile - [moveTile.py:90] - DEBUG - [195.875466] moveTile loop end practicalMoveTime=0.355 (+7.9 ms)
2026-06-28 16:42:12,440 - mazeUtils.moveTile - [moveTile.py:90] - DEBUG - [195.876395] moveTile loop start (+0.9 ms)
2026-06-28 16:42:12,449 - picamera2.picamera2 - [picamera2.py:1391] - DEBUG - Execute job: <picamera2.job.Job object at 0x7f66c6af10>
2026-06-28 16:42:12,457 - mazeUtils.device.camera - [camera.py:39] - DEBUG - Average HSV: H=55.5, S=54.5, V=51.2
2026-06-28 16:42:12,464 - mazeUtils.moveTile - [moveTile.py:90] - DEBUG - [195.899954] moveTile calculated motor speeds left=98 right=100 gyroSteer=-1.759999999999991 wallSteer=0.0 (+23.6 ms)
2026-06-28 16:42:12,489 - mazeUtils.moveTile - [moveTile.py:90] - DEBUG - [195.924740] moveTile applied motor speed left=98 right=100 (+24.8 ms)
2026-06-28 16:42:12,490 - mazeUtils.moveTile - [moveTile.py:90] - DEBUG - [195.925499] moveTile ramp check isBigRamp=False (+0.8 ms)
2026-06-28 16:42:12,493 - mazeUtils.moveTile - [moveTile.py:90] - DEBUG - [195.928993] moveTile tile color check tempTileColor=R (+3.5 ms)
2026-06-28 16:42:12,494 - mazeUtils.moveTile - [moveTile.py:90] - DEBUG - [195.929753] moveTile obstacle check escapeFlag=False (+0.8 ms)
2026-06-28 16:42:12,499 - mazeUtils.moveTile - [moveTile.py:79] - DEBUG - roll: 1.9300000000000637 deg, practicalMoveTime: 0.415568253187527 sec
2026-06-28 16:42:12,500 - mazeUtils.moveTile - [moveTile.py:2084] - DEBUG - moveTile loop time: 59.7 ms
2026-06-28 16:42:12,501 - mazeUtils.moveTile - [moveTile.py:90] - DEBUG - [195.936772] moveTile loop end practicalMoveTime=0.416 (+7.0 ms)
2026-06-28 16:42:12,501 - mazeUtils.moveTile - [moveTile.py:90] - DEBUG - [195.937187] moveTile loop start (+0.4 ms)
2026-06-28 16:42:12,511 - picamera2.picamera2 - [picamera2.py:1391] - DEBUG - Execute job: <picamera2.job.Job object at 0x7f46eb6f90>
2026-06-28 16:42:12,518 - mazeUtils.device.camera - [camera.py:39] - DEBUG - Average HSV: H=66.8, S=49.3, V=51.8
2026-06-28 16:42:12,525 - mazeUtils.moveTile - [moveTile.py:90] - DEBUG - [195.960485] moveTile calculated motor speeds left=100 right=97 gyroSteer=2.6399999999999864 wallSteer=0.0 (+23.3 ms)
2026-06-28 16:42:12,544 - mazeUtils.moveTile - [moveTile.py:90] - DEBUG - [195.979910] moveTile applied motor speed left=100 right=97 (+19.4 ms)
2026-06-28 16:42:12,545 - mazeUtils.moveTile - [moveTile.py:90] - DEBUG - [195.980714] moveTile ramp check isBigRamp=False (+0.8 ms)
2026-06-28 16:42:12,550 - mazeUtils.moveTile - [moveTile.py:90] - DEBUG - [195.985808] moveTile tile color check tempTileColor=R (+5.1 ms)
2026-06-28 16:42:12,551 - mazeUtils.moveTile - [moveTile.py:90] - DEBUG - [195.987184] moveTile obstacle check escapeFlag=False (+1.4 ms)
2026-06-28 16:42:12,559 - mazeUtils.moveTile - [moveTile.py:79] - DEBUG - roll: 2.8199999999999363 deg, practicalMoveTime: 0.47391110843485684 sec
2026-06-28 16:42:12,560 - mazeUtils.moveTile - [moveTile.py:2084] - DEBUG - moveTile loop time: 58.2 ms
2026-06-28 16:42:12,560 - mazeUtils.moveTile - [moveTile.py:90] - DEBUG - [195.995969] moveTile loop end practicalMoveTime=0.474 (+8.8 ms)
2026-06-28 16:42:12,560 - mazeUtils.moveTile - [moveTile.py:90] - DEBUG - [195.996466] moveTile loop start (+0.5 ms)
2026-06-28 16:42:12,570 - picamera2.picamera2 - [picamera2.py:1391] - DEBUG - Execute job: <picamera2.job.Job object at 0x7f66c6af10>
2026-06-28 16:42:12,578 - mazeUtils.device.camera - [camera.py:39] - DEBUG - Average HSV: H=74.2, S=52.8, V=50.5
2026-06-28 16:42:12,582 - mazeUtils.moveTile - [moveTile.py:90] - DEBUG - [196.018253] moveTile calculated motor speeds left=100 right=93 gyroSteer=6.079999999999984 wallSteer=0.0 (+21.8 ms)
2026-06-28 16:42:12,609 - mazeUtils.moveTile - [moveTile.py:90] - DEBUG - [196.045019] moveTile applied motor speed left=100 right=93 (+26.8 ms)
2026-06-28 16:42:12,611 - mazeUtils.moveTile - [moveTile.py:90] - DEBUG - [196.046546] moveTile ramp check isBigRamp=False (+1.5 ms)
2026-06-28 16:42:12,615 - mazeUtils.moveTile - [moveTile.py:90] - DEBUG - [196.051397] moveTile tile color check tempTileColor=R (+4.9 ms)
2026-06-28 16:42:12,616 - mazeUtils.moveTile - [moveTile.py:90] - DEBUG - [196.052221] moveTile obstacle check escapeFlag=False (+0.8 ms)
2026-06-28 16:42:12,622 - mazeUtils.moveTile - [moveTile.py:79] - DEBUG - roll: 1.7200000000000273 deg, practicalMoveTime: 0.535765323786189 sec
2026-06-28 16:42:12,622 - mazeUtils.moveTile - [moveTile.py:2084] - DEBUG - moveTile loop time: 61.7 ms
2026-06-28 16:42:12,623 - mazeUtils.moveTile - [moveTile.py:90] - DEBUG - [196.058774] moveTile loop end practicalMoveTime=0.536 (+6.6 ms)
2026-06-28 16:42:12,623 - mazeUtils.moveTile - [moveTile.py:90] - DEBUG - [196.059176] moveTile loop start (+0.4 ms)
2026-06-28 16:42:12,630 - picamera2.picamera2 - [picamera2.py:1391] - DEBUG - Execute job: <picamera2.job.Job object at 0x7f77647410>
2026-06-28 16:42:12,637 - mazeUtils.device.camera - [camera.py:39] - DEBUG - Average HSV: H=102.1, S=41.8, V=51.2
2026-06-28 16:42:12,644 - mazeUtils.moveTile - [moveTile.py:90] - DEBUG - [196.080427] moveTile calculated motor speeds left=100 right=92 gyroSteer=7.359999999999957 wallSteer=0.0 (+21.3 ms)
2026-06-28 16:42:12,666 - mazeUtils.moveTile - [moveTile.py:90] - DEBUG - [196.101459] moveTile applied motor speed left=100 right=92 (+21.0 ms)
2026-06-28 16:42:12,666 - mazeUtils.moveTile - [moveTile.py:90] - DEBUG - [196.102269] moveTile ramp check isBigRamp=False (+0.8 ms)
2026-06-28 16:42:12,670 - mazeUtils.moveTile - [moveTile.py:90] - DEBUG - [196.106063] moveTile tile color check tempTileColor=R (+3.8 ms)
2026-06-28 16:42:12,671 - mazeUtils.moveTile - [moveTile.py:90] - DEBUG - [196.106810] moveTile obstacle check escapeFlag=False (+0.7 ms)
2026-06-28 16:42:12,679 - mazeUtils.moveTile - [moveTile.py:79] - DEBUG - roll: 3.019999999999982 deg, practicalMoveTime: 0.5924730331546607 sec
2026-06-28 16:42:12,681 - mazeUtils.moveTile - [moveTile.py:2084] - DEBUG - moveTile loop time: 57.2 ms
2026-06-28 16:42:12,681 - mazeUtils.moveTile - [moveTile.py:90] - DEBUG - [196.117201] moveTile loop end practicalMoveTime=0.592 (+10.4 ms)
2026-06-28 16:42:12,682 - mazeUtils.moveTile - [moveTile.py:90] - DEBUG - [196.117900] moveTile loop start (+0.7 ms)
2026-06-28 16:42:12,694 - picamera2.picamera2 - [picamera2.py:1391] - DEBUG - Execute job: <picamera2.job.Job object at 0x7f66d49c10>
2026-06-28 16:42:12,699 - mazeUtils.device.camera - [camera.py:39] - DEBUG - Average HSV: H=61.2, S=61.3, V=49.3
2026-06-28 16:42:12,705 - mazeUtils.moveTile - [moveTile.py:90] - DEBUG - [196.140426] moveTile calculated motor speeds left=100 right=91 gyroSteer=8.319999999999993 wallSteer=0.0 (+22.5 ms)
2026-06-28 16:42:12,730 - mazeUtils.moveTile - [moveTile.py:90] - DEBUG - [196.165597] moveTile applied motor speed left=100 right=91 (+25.2 ms)
2026-06-28 16:42:12,730 - mazeUtils.moveTile - [moveTile.py:90] - DEBUG - [196.166358] moveTile ramp check isBigRamp=False (+0.8 ms)
2026-06-28 16:42:12,734 - mazeUtils.moveTile - [moveTile.py:90] - DEBUG - [196.169768] moveTile tile color check tempTileColor=R (+3.4 ms)
2026-06-28 16:42:12,734 - mazeUtils.moveTile - [moveTile.py:90] - DEBUG - [196.170414] moveTile obstacle check escapeFlag=False (+0.6 ms)
2026-06-28 16:42:12,743 - mazeUtils.moveTile - [moveTile.py:79] - DEBUG - roll: 2.480000000000018 deg, practicalMoveTime: 0.6542840045699709 sec
2026-06-28 16:42:12,744 - mazeUtils.moveTile - [moveTile.py:2084] - DEBUG - moveTile loop time: 61.7 ms
2026-06-28 16:42:12,744 - mazeUtils.moveTile - [moveTile.py:90] - DEBUG - [196.180341] moveTile loop end practicalMoveTime=0.654 (+9.9 ms)
2026-06-28 16:42:12,745 - mazeUtils.moveTile - [moveTile.py:90] - DEBUG - [196.180863] moveTile loop start (+0.5 ms)
2026-06-28 16:42:12,751 - picamera2.picamera2 - [picamera2.py:1391] - DEBUG - Execute job: <picamera2.job.Job object at 0x7f5c11da50>
2026-06-28 16:42:12,758 - mazeUtils.device.camera - [camera.py:39] - DEBUG - Average HSV: H=55.7, S=59.1, V=50.2
2026-06-28 16:42:12,770 - mazeUtils.moveTile - [moveTile.py:90] - DEBUG - [196.205954] moveTile calculated motor speeds left=100 right=93 gyroSteer=6.359999999999957 wallSteer=0.0 (+25.1 ms)
2026-06-28 16:42:12,789 - mazeUtils.moveTile - [moveTile.py:90] - DEBUG - [196.224991] moveTile applied motor speed left=100 right=93 (+19.0 ms)
2026-06-28 16:42:12,790 - mazeUtils.moveTile - [moveTile.py:90] - DEBUG - [196.225711] moveTile ramp check isBigRamp=False (+0.7 ms)
2026-06-28 16:42:12,793 - mazeUtils.moveTile - [moveTile.py:90] - DEBUG - [196.229187] moveTile tile color check tempTileColor=R (+3.5 ms)
2026-06-28 16:42:12,794 - mazeUtils.moveTile - [moveTile.py:90] - DEBUG - [196.229781] moveTile obstacle check escapeFlag=False (+0.6 ms)
2026-06-28 16:42:12,802 - mazeUtils.moveTile - [moveTile.py:79] - DEBUG - roll: 3.730000000000018 deg, practicalMoveTime: 0.7122997853666921 sec
2026-06-28 16:42:12,803 - mazeUtils.moveTile - [moveTile.py:2084] - DEBUG - moveTile loop time: 57.8 ms
2026-06-28 16:42:12,803 - mazeUtils.moveTile - [moveTile.py:90] - DEBUG - [196.239231] moveTile loop end practicalMoveTime=0.712 (+9.5 ms)
2026-06-28 16:42:12,804 - mazeUtils.moveTile - [moveTile.py:90] - DEBUG - [196.239635] moveTile loop start (+0.4 ms)
2026-06-28 16:42:12,814 - picamera2.picamera2 - [picamera2.py:1391] - DEBUG - Execute job: <picamera2.job.Job object at 0x7f66c6aed0>
2026-06-28 16:42:12,821 - mazeUtils.device.camera - [camera.py:39] - DEBUG - Average HSV: H=56.4, S=69.0, V=49.7
2026-06-28 16:42:12,827 - mazeUtils.moveTile - [moveTile.py:90] - DEBUG - [196.262567] moveTile calculated motor speeds left=100 right=89 gyroSteer=10.159999999999968 wallSteer=0.0 (+22.9 ms)
2026-06-28 16:42:12,846 - mazeUtils.moveTile - [moveTile.py:90] - DEBUG - [196.282428] moveTile applied motor speed left=100 right=89 (+19.9 ms)
2026-06-28 16:42:12,847 - mazeUtils.moveTile - [moveTile.py:90] - DEBUG - [196.283170] moveTile ramp check isBigRamp=False (+0.7 ms)
2026-06-28 16:42:12,852 - mazeUtils.moveTile - [moveTile.py:90] - DEBUG - [196.287623] moveTile tile color check tempTileColor=R (+4.5 ms)
2026-06-28 16:42:12,853 - mazeUtils.moveTile - [moveTile.py:90] - DEBUG - [196.288481] moveTile obstacle check escapeFlag=False (+0.9 ms)
2026-06-28 16:42:12,859 - mazeUtils.moveTile - [moveTile.py:79] - DEBUG - roll: 2.599999999999909 deg, practicalMoveTime: 0.7681489175347693 sec
2026-06-28 16:42:12,860 - mazeUtils.moveTile - [moveTile.py:2084] - DEBUG - moveTile loop time: 55.8 ms
2026-06-28 16:42:12,860 - mazeUtils.moveTile - [moveTile.py:90] - DEBUG - [196.295988] moveTile loop end practicalMoveTime=0.768 (+7.5 ms)
2026-06-28 16:42:12,860 - mazeUtils.moveTile - [moveTile.py:90] - DEBUG - [196.296467] moveTile loop start (+0.5 ms)
2026-06-28 16:42:12,869 - picamera2.picamera2 - [picamera2.py:1391] - DEBUG - Execute job: <picamera2.job.Job object at 0x7f461e0dd0>
2026-06-28 16:42:12,875 - mazeUtils.device.camera - [camera.py:39] - DEBUG - Average HSV: H=62.8, S=59.7, V=49.5
2026-06-28 16:42:12,880 - mazeUtils.moveTile - [moveTile.py:90] - DEBUG - [196.316145] moveTile calculated motor speeds left=100 right=89 gyroSteer=10.799999999999955 wallSteer=0.0 (+19.7 ms)
2026-06-28 16:42:12,906 - mazeUtils.moveTile - [moveTile.py:90] - DEBUG - [196.341996] moveTile applied motor speed left=100 right=89 (+25.9 ms)
2026-06-28 16:42:12,907 - mazeUtils.moveTile - [moveTile.py:90] - DEBUG - [196.342723] moveTile ramp check isBigRamp=False (+0.7 ms)
2026-06-28 16:42:12,911 - mazeUtils.moveTile - [moveTile.py:90] - DEBUG - [196.347192] moveTile tile color check tempTileColor=R (+4.5 ms)
2026-06-28 16:42:12,912 - mazeUtils.moveTile - [moveTile.py:90] - DEBUG - [196.348056] moveTile obstacle check escapeFlag=False (+0.9 ms)
2026-06-28 16:42:12,917 - mazeUtils.moveTile - [moveTile.py:79] - DEBUG - roll: 3.6900000000000546 deg, practicalMoveTime: 0.8256092606534144 sec
2026-06-28 16:42:12,918 - mazeUtils.moveTile - [moveTile.py:2084] - DEBUG - moveTile loop time: 57.4 ms
2026-06-28 16:42:12,918 - mazeUtils.moveTile - [moveTile.py:90] - DEBUG - [196.354454] moveTile loop end practicalMoveTime=0.826 (+6.4 ms)
2026-06-28 16:42:12,920 - mazeUtils.moveTile - [moveTile.py:90] - DEBUG - [196.355457] moveTile loop start (+1.0 ms)
2026-06-28 16:42:12,926 - picamera2.picamera2 - [picamera2.py:1391] - DEBUG - Execute job: <picamera2.job.Job object at 0x7f5c11da50>
2026-06-28 16:42:12,931 - mazeUtils.device.camera - [camera.py:39] - DEBUG - Average HSV: H=46.1, S=64.1, V=48.9
2026-06-28 16:42:12,939 - mazeUtils.moveTile - [moveTile.py:90] - DEBUG - [196.374453] moveTile calculated motor speeds left=97 right=100 gyroSteer=8.67999999999995 wallSteer=-11.200000000000003 (+19.0 ms)
2026-06-28 16:42:12,959 - mazeUtils.moveTile - [moveTile.py:90] - DEBUG - [196.395040] moveTile applied motor speed left=97 right=100 (+20.6 ms)
2026-06-28 16:42:12,960 - mazeUtils.moveTile - [moveTile.py:90] - DEBUG - [196.395764] moveTile ramp check isBigRamp=False (+0.7 ms)
2026-06-28 16:42:12,963 - mazeUtils.moveTile - [moveTile.py:90] - DEBUG - [196.399313] moveTile tile color check tempTileColor=R (+3.5 ms)
2026-06-28 16:42:12,964 - mazeUtils.moveTile - [moveTile.py:90] - DEBUG - [196.399926] moveTile obstacle check escapeFlag=False (+0.6 ms)
2026-06-28 16:42:12,972 - mazeUtils.moveTile - [moveTile.py:1922] - INFO - practicalVerticalMove: 1.3310249855708358 CM
2026-06-28 16:42:12,999 - mazeUtils.moveTile - [moveTile.py:90] - DEBUG - [196.435193] moveTile finished by time control (+35.3 ms)
2026-06-28 16:42:13,000 - mazeUtils.moveTile - [moveTile.py:90] - DEBUG - [196.435933] moveTile start final forward adjustment (+36.0 ms)
2026-06-28 16:42:13,029 - mazeUtils.moveTile - [moveTile.py:90] - DEBUG - [196.465117] moveTile finished final forward adjustment (+29.2 ms)
2026-06-28 16:42:13,030 - mazeUtils.moveTile - [moveTile.py:2302] - INFO - Set moved vertical distance: 1.3310249855708358 cm, past distances: [(0, False), (0, False), (0, False)]
2026-06-28 16:42:13,031 - mazeUtils.moveTile - [moveTile.py:90] - DEBUG - [196.467217] moveTile updated moved vertical distance 1.331 (+2.1 ms)
2026-06-28 16:42:13,208 - mazeUtils.moveTile - [moveTile.py:564] - DEBUG - Direction: absDirection.NORTH, Angle: 0, Distance: 192.99181403408056 cm
2026-06-28 16:42:13,210 - mazeUtils.moveTile - [moveTile.py:574] - INFO - angle: 0, result: judgeWallResult.NO_WALL
2026-06-28 16:42:13,212 - mazeUtils.moveTile - [moveTile.py:564] - DEBUG - Direction: absDirection.EAST, Angle: 270, Distance: 195.63151976327003 cm
2026-06-28 16:42:13,214 - mazeUtils.moveTile - [moveTile.py:564] - DEBUG - Direction: absDirection.SOUTH, Angle: 180, Distance: 14.699999809265137 cm
2026-06-28 16:42:13,215 - mazeUtils.moveTile - [moveTile.py:564] - DEBUG - Direction: absDirection.WEST, Angle: 90, Distance: 318.9316697593087 cm
2026-06-28 16:42:13,217 - mazeUtils.moveTile - [moveTile.py:90] - DEBUG - [196.653129] moveTile updated map and detected walls (+185.9 ms)
2026-06-28 16:42:13,220 - mazeUtils.moveTile - [moveTile.py:2467] - INFO - Tile color detection, decided tile type: R
2026-06-28 16:42:13,222 - mazeUtils.moveTile - [moveTile.py:2475] - INFO - Moved to (20, 19, 0), Tile type: R, Wall types: {<absDirection.NORTH: 0>: <wallType.NO_WALL: 1>, <absDirection.EAST: 270>: <wallType.NO_WALL: 1>, <absDirection.SOUTH: 180>: <wallType.WALL: 2>, <absDirection.WEST: 90>: <wallType.NO_WALL: 1>}
2026-06-28 16:42:13,223 - mazeUtils.moveTile - [moveTile.py:90] - DEBUG - [196.659089] moveTile finished (+191.9 ms)
2026-06-28 16:42:13,265 - mazeUtils.moveTile - [moveTile.py:2504] - INFO - (None, 0)
2026-06-28 16:42:13,312 - __main__ - [main.py:109] - INFO - Current position: (20, 19, 0), front direction: absDirection.NORTH
Layer 0 (altitude=0.0cm, offset=(0.0cm, 0.0cm)):
Known map area: x=20..20, y=19..20
+   +
  @  
+---+
  S  
+   +
2026-06-28 16:42:14,604 - __main__ - [main.py:196] - INFO - Program interrupted by user.
