2026-06-17 01:10:44,580 - root - [logging_config.py:61] - INFO - Logging initialized. Log file: /home/tuton/Kanto2026RPi/src/config/../logs/robot_20260617_011043.log
2026-06-17 01:10:46,134 - mazeUtils.device.LiDAR - [LiDAR.py:36] - INFO - Available ports: <ydlidar.Str2strMap; proxy of <Swig Object of type 'std::map< std::string,std::string > *' at 0x7faa9b1500> >
2026-06-17 01:10:50,135 - mazeUtils.moveTile - [moveTile.py:514] - DEBUG - Direction: absDirection.NORTH, Angle: 0, Distance: 393.479684536968 cm
2026-06-17 01:10:50,136 - mazeUtils.moveTile - [moveTile.py:537] - DEBUG - Front LiDAR distance: 393.479684536968 cm, TSD10 distance: 369.7 cm
2026-06-17 01:10:50,137 - mazeUtils.moveTile - [moveTile.py:514] - DEBUG - Direction: absDirection.EAST, Angle: 270, Distance: 227.14625674775405 cm
2026-06-17 01:10:50,138 - mazeUtils.moveTile - [moveTile.py:514] - DEBUG - Direction: absDirection.SOUTH, Angle: 180, Distance: 60.03324326180596 cm
2026-06-17 01:10:50,139 - mazeUtils.moveTile - [moveTile.py:514] - DEBUG - Direction: absDirection.WEST, Angle: 90, Distance: 151.51472606542515 cm
2026-06-17 01:10:50,139 - __main__ - [main.py:70] - INFO - Initial Map:
2026-06-17 01:10:50,146 - __main__ - [main.py:71] - INFO - Current position: (20, 20, 0), front direction: absDirection.NORTH
Layer 0 (altitude=0.0cm, offset=(0.0cm, 0.0cm)):
Known map area: x=20..20, y=20..20
+   +
  @  
+   +
2026-06-17 01:10:50,147 - mazeUtils.mazeMap - [mazeMap.py:60] - INFO - next goal: (20, 19, 0)
2026-06-17 01:10:50,147 - __main__ - [main.py:74] - INFO - Next Direction: [<absDirection.NORTH: 0>]
2026-06-17 01:10:50,148 - __main__ - [main.py:75] - INFO - Exploration started.
2026-06-17 01:10:50,148 - mazeUtils.mazeMap - [mazeMap.py:60] - INFO - next goal: (20, 19, 0)
2026-06-17 01:10:50,154 - mazeUtils.moveTile - [moveTile.py:80] - DEBUG - Moving to absDirection.NORTH from (20, 20, 0) facing absDirection.NORTH
2026-06-17 01:10:50,510 - mazeUtils.moveTile - [moveTile.py:80] - DEBUG - roll: 0.009999999999990905 deg, practicalMoveTime: 0.04271882707381183 sec
2026-06-17 01:10:50,511 - mazeUtils.moveTile - [moveTile.py:1213] - DEBUG - moveTile loop time: 50.6 ms
2026-06-17 01:10:50,562 - mazeUtils.moveTile - [moveTile.py:80] - DEBUG - roll: 0.2300000000000182 deg, practicalMoveTime: 0.08619746635951327 sec
2026-06-17 01:10:50,562 - mazeUtils.moveTile - [moveTile.py:1213] - DEBUG - moveTile loop time: 51.4 ms
2026-06-17 01:10:50,614 - mazeUtils.moveTile - [moveTile.py:80] - DEBUG - roll: 0.9800000000000182 deg, practicalMoveTime: 0.1296370680648578 sec
2026-06-17 01:10:50,614 - mazeUtils.moveTile - [moveTile.py:1213] - DEBUG - moveTile loop time: 51.4 ms
2026-06-17 01:10:50,663 - mazeUtils.moveTile - [moveTile.py:80] - DEBUG - roll: 2.0600000000000023 deg, practicalMoveTime: 0.17144122927229788 sec
2026-06-17 01:10:50,664 - mazeUtils.moveTile - [moveTile.py:1213] - DEBUG - moveTile loop time: 49.5 ms
2026-06-17 01:10:50,714 - mazeUtils.moveTile - [moveTile.py:80] - DEBUG - roll: 2.3700000000000045 deg, practicalMoveTime: 0.21401620043541084 sec
2026-06-17 01:10:50,714 - mazeUtils.moveTile - [moveTile.py:1213] - DEBUG - moveTile loop time: 50.4 ms
2026-06-17 01:10:50,765 - mazeUtils.moveTile - [moveTile.py:80] - DEBUG - roll: 2.670000000000016 deg, practicalMoveTime: 0.257442928477438 sec
2026-06-17 01:10:50,766 - mazeUtils.moveTile - [moveTile.py:1213] - DEBUG - moveTile loop time: 51.3 ms
2026-06-17 01:10:50,815 - mazeUtils.moveTile - [moveTile.py:80] - DEBUG - roll: 3.0300000000000296 deg, practicalMoveTime: 0.2993411145408458 sec
2026-06-17 01:10:50,816 - mazeUtils.moveTile - [moveTile.py:1213] - DEBUG - moveTile loop time: 49.6 ms
2026-06-17 01:10:50,867 - mazeUtils.moveTile - [moveTile.py:80] - DEBUG - roll: 2.6000000000000227 deg, practicalMoveTime: 0.3427447760336079 sec
2026-06-17 01:10:50,867 - mazeUtils.moveTile - [moveTile.py:1213] - DEBUG - moveTile loop time: 51.3 ms
2026-06-17 01:10:50,918 - mazeUtils.moveTile - [moveTile.py:80] - DEBUG - roll: 1.8000000000000114 deg, practicalMoveTime: 0.38609819769998416 sec
2026-06-17 01:10:50,919 - mazeUtils.moveTile - [moveTile.py:1213] - DEBUG - moveTile loop time: 51.3 ms
2026-06-17 01:10:50,968 - mazeUtils.moveTile - [moveTile.py:80] - DEBUG - roll: 1.6400000000000432 deg, practicalMoveTime: 0.42785533514466734 sec
2026-06-17 01:10:50,968 - mazeUtils.moveTile - [moveTile.py:1213] - DEBUG - moveTile loop time: 49.4 ms
2026-06-17 01:10:51,017 - mazeUtils.moveTile - [moveTile.py:80] - DEBUG - roll: 0.29000000000002046 deg, practicalMoveTime: 0.46938343345548234 sec
2026-06-17 01:10:51,018 - mazeUtils.moveTile - [moveTile.py:1213] - DEBUG - moveTile loop time: 49.1 ms
2026-06-17 01:10:51,067 - mazeUtils.moveTile - [moveTile.py:80] - DEBUG - roll: 0.17000000000001592 deg, practicalMoveTime: 0.5117934297306769 sec
2026-06-17 01:10:51,068 - mazeUtils.moveTile - [moveTile.py:1213] - DEBUG - moveTile loop time: 50.1 ms
2026-06-17 01:10:51,119 - mazeUtils.moveTile - [moveTile.py:80] - DEBUG - roll: 359.44 deg, practicalMoveTime: 0.5628032708022127 sec
2026-06-17 01:10:51,119 - mazeUtils.moveTile - [moveTile.py:1213] - DEBUG - moveTile loop time: 51.2 ms
2026-06-17 01:10:51,168 - mazeUtils.moveTile - [moveTile.py:80] - DEBUG - roll: 359.20000000000005 deg, practicalMoveTime: 0.6119112802671377 sec
2026-06-17 01:10:51,169 - mazeUtils.moveTile - [moveTile.py:1213] - DEBUG - moveTile loop time: 49.4 ms
2026-06-17 01:10:51,218 - mazeUtils.moveTile - [moveTile.py:80] - DEBUG - roll: 359.17 deg, practicalMoveTime: 0.6607924500722139 sec
2026-06-17 01:10:51,218 - mazeUtils.moveTile - [moveTile.py:1213] - DEBUG - moveTile loop time: 49.1 ms
2026-06-17 01:10:51,267 - mazeUtils.moveTile - [moveTile.py:80] - DEBUG - roll: 359.02000000000004 deg, practicalMoveTime: 0.7096058045222347 sec
2026-06-17 01:10:51,267 - mazeUtils.moveTile - [moveTile.py:1213] - DEBUG - moveTile loop time: 49.0 ms
2026-06-17 01:10:51,317 - mazeUtils.moveTile - [moveTile.py:80] - DEBUG - roll: 359.0 deg, practicalMoveTime: 0.7594613101824593 sec
2026-06-17 01:10:51,317 - mazeUtils.moveTile - [moveTile.py:1213] - DEBUG - moveTile loop time: 50.1 ms
2026-06-17 01:10:51,367 - mazeUtils.moveTile - [moveTile.py:80] - DEBUG - roll: 359.18 deg, practicalMoveTime: 0.8084410596282556 sec
2026-06-17 01:10:51,367 - mazeUtils.moveTile - [moveTile.py:1213] - DEBUG - moveTile loop time: 49.2 ms
2026-06-17 01:10:51,418 - mazeUtils.moveTile - [moveTile.py:80] - DEBUG - roll: 359.18 deg, practicalMoveTime: 0.8597318020853757 sec
2026-06-17 01:10:51,419 - mazeUtils.moveTile - [moveTile.py:1213] - DEBUG - moveTile loop time: 51.6 ms
2026-06-17 01:10:51,470 - mazeUtils.moveTile - [moveTile.py:1164] - INFO - practicalVerticalMove: 0.2917384897790143 CM
2026-06-17 01:10:51,650 - mazeUtils.moveTile - [moveTile.py:1397] - INFO - Set moved vertical distance: 0.2917384897790143 cm, past distances: [(0, False), (0, False), (0, False)]
2026-06-17 01:10:51,671 - mazeUtils.moveTile - [moveTile.py:514] - DEBUG - Direction: absDirection.NORTH, Angle: 0, Distance: 390.18102223983107 cm
2026-06-17 01:10:51,671 - mazeUtils.moveTile - [moveTile.py:537] - DEBUG - Front LiDAR distance: 390.18102223983107 cm, TSD10 distance: 366.0 cm
2026-06-17 01:10:51,672 - mazeUtils.moveTile - [moveTile.py:514] - DEBUG - Direction: absDirection.EAST, Angle: 270, Distance: 222.77581381513482 cm
2026-06-17 01:10:51,673 - mazeUtils.moveTile - [moveTile.py:514] - DEBUG - Direction: absDirection.SOUTH, Angle: 180, Distance: 60.26413177601986 cm
2026-06-17 01:10:51,673 - mazeUtils.moveTile - [moveTile.py:514] - DEBUG - Direction: absDirection.WEST, Angle: 90, Distance: 152.50091170630847 cm
2026-06-17 01:10:51,674 - mazeUtils.moveTile - [moveTile.py:1512] - INFO - Tile color detection counts: {}, decided tile type: E
2026-06-17 01:10:51,765 - __main__ - [main.py:88] - INFO - Current position: (20, 19, 0), front direction: absDirection.NORTH
Layer 0 (altitude=0.0cm, offset=(0.0cm, 0.0cm)):
Known map area: x=20..20, y=19..20
+   +
  @  
+   +
  S  
+   +
2026-06-17 01:10:51,777 - __main__ - [main.py:151] - ERROR - An unexpected error occurred:
Traceback (most recent call last):
  File "/home/tuton/Kanto2026RPi/./src/main.py", line 96, in main
    moveTile.turnOffLED(stmInstance, mapInstance)
  File "/home/tuton/Kanto2026RPi/src/mazeUtils/moveTile.py", line 41, in turnOffLED
    mapInstance.arduinoNanoEvery.victimled((0, 0, 0))
    ^^^^^^^^^^^^^^^^^^^^^^^^^^^^
AttributeError: 'mazeMap' object has no attribute 'arduinoNanoEvery'
