2026-06-21 15:40:22,763 - root - [logging_config.py:61] - INFO - Logging initialized. Log file: /home/tuton/Kanto2026RPi/src/config/../logs/robot_20260621_154021.log
2026-06-21 15:40:25,006 - mazeUtils.device.LiDAR - [LiDAR.py:36] - INFO - Available ports: <ydlidar.Str2strMap; proxy of <Swig Object of type 'std::map< std::string,std::string > *' at 0x7f83c38bd0> >
2026-06-21 15:40:28,971 - mazeUtils.moveTile - [moveTile.py:79] - DEBUG - Turning to 0 deg, current heading: 0.04000000000000625 deg, turnAngle: 0.04000000000000625 deg
2026-06-21 15:40:28,992 - mazeUtils.moveTile - [moveTile.py:79] - DEBUG - Turned to heading: 0.04000000000000625 deg
2026-06-21 15:40:28,996 - mazeUtils.moveTile - [moveTile.py:79] - DEBUG - Turning to 180 deg, current heading: 0.04000000000000625 deg, turnAngle: -179.95999999999998 deg
2026-06-21 15:40:29,035 - mazeUtils.moveTile - [moveTile.py:79] - DEBUG - gyro:0.04000000000000625 deg, derivative: 0.0, turnSpeed: -100
2026-06-21 15:40:29,059 - mazeUtils.moveTile - [moveTile.py:79] - DEBUG - gyro:0.030000000000001137 deg, derivative: -0.010000000000019327, turnSpeed: -100
2026-06-21 15:40:29,085 - mazeUtils.moveTile - [moveTile.py:79] - DEBUG - gyro:0.04000000000000625 deg, derivative: 0.010000000000019327, turnSpeed: -100
2026-06-21 15:40:29,110 - mazeUtils.moveTile - [moveTile.py:79] - DEBUG - gyro:0.010000000000005116 deg, derivative: -0.03000000000002956, turnSpeed: -100
2026-06-21 15:40:29,138 - mazeUtils.moveTile - [moveTile.py:79] - DEBUG - gyro:0.10999999999999943 deg, derivative: 0.10000000000002274, turnSpeed: -100
2026-06-21 15:40:29,163 - mazeUtils.moveTile - [moveTile.py:79] - DEBUG - gyro:2.950000000000003 deg, derivative: 2.839999999999975, turnSpeed: -100
2026-06-21 15:40:29,187 - mazeUtils.moveTile - [moveTile.py:79] - DEBUG - gyro:6.609999999999999 deg, derivative: 3.660000000000025, turnSpeed: -100
2026-06-21 15:40:29,218 - mazeUtils.moveTile - [moveTile.py:79] - DEBUG - gyro:8.64 deg, derivative: 2.0299999999999727, turnSpeed: -100
2026-06-21 15:40:29,242 - mazeUtils.moveTile - [moveTile.py:79] - DEBUG - gyro:10.700000000000003 deg, derivative: 2.0600000000000023, turnSpeed: -100
2026-06-21 15:40:29,270 - mazeUtils.moveTile - [moveTile.py:79] - DEBUG - gyro:13.960000000000008 deg, derivative: 3.2600000000000193, turnSpeed: -100
2026-06-21 15:40:29,294 - mazeUtils.moveTile - [moveTile.py:79] - DEBUG - gyro:19.400000000000006 deg, derivative: 5.439999999999998, turnSpeed: -100
2026-06-21 15:40:29,319 - mazeUtils.moveTile - [moveTile.py:79] - DEBUG - gyro:22.799999999999997 deg, derivative: 3.4000000000000057, turnSpeed: -100
2026-06-21 15:40:29,348 - mazeUtils.moveTile - [moveTile.py:79] - DEBUG - gyro:26.14 deg, derivative: 3.339999999999975, turnSpeed: -100
2026-06-21 15:40:29,371 - mazeUtils.moveTile - [moveTile.py:79] - DEBUG - gyro:27.799999999999997 deg, derivative: 1.660000000000025, turnSpeed: -100
2026-06-21 15:40:29,398 - mazeUtils.moveTile - [moveTile.py:79] - DEBUG - gyro:31.11 deg, derivative: 3.3100000000000023, turnSpeed: -100
2026-06-21 15:40:29,424 - mazeUtils.moveTile - [moveTile.py:79] - DEBUG - gyro:34.41000000000001 deg, derivative: 3.3000000000000114, turnSpeed: -100
2026-06-21 15:40:29,453 - mazeUtils.moveTile - [moveTile.py:79] - DEBUG - gyro:38.32000000000001 deg, derivative: 3.909999999999968, turnSpeed: -100
2026-06-21 15:40:29,478 - mazeUtils.moveTile - [moveTile.py:79] - DEBUG - gyro:41.8 deg, derivative: 3.480000000000018, turnSpeed: -100
2026-06-21 15:40:29,506 - mazeUtils.moveTile - [moveTile.py:79] - DEBUG - gyro:43.96000000000001 deg, derivative: 2.1599999999999966, turnSpeed: -100
2026-06-21 15:40:29,530 - mazeUtils.moveTile - [moveTile.py:79] - DEBUG - gyro:45.61 deg, derivative: 1.6500000000000057, turnSpeed: -100
2026-06-21 15:40:29,553 - mazeUtils.moveTile - [moveTile.py:79] - DEBUG - gyro:50.17 deg, derivative: 4.560000000000002, turnSpeed: -100
2026-06-21 15:40:29,583 - mazeUtils.moveTile - [moveTile.py:79] - DEBUG - gyro:53.33 deg, derivative: 3.1599999999999824, turnSpeed: -100
2026-06-21 15:40:29,607 - mazeUtils.moveTile - [moveTile.py:79] - DEBUG - gyro:55.83 deg, derivative: 2.5, turnSpeed: -100
2026-06-21 15:40:29,635 - mazeUtils.moveTile - [moveTile.py:79] - DEBUG - gyro:59.09000000000002 deg, derivative: 3.2600000000000193, turnSpeed: -100
2026-06-21 15:40:29,667 - mazeUtils.moveTile - [moveTile.py:79] - DEBUG - gyro:63.55 deg, derivative: 4.4599999999999795, turnSpeed: -100
2026-06-21 15:40:29,695 - mazeUtils.moveTile - [moveTile.py:79] - DEBUG - gyro:68.03000000000002 deg, derivative: 4.480000000000018, turnSpeed: -100
2026-06-21 15:40:29,721 - mazeUtils.moveTile - [moveTile.py:79] - DEBUG - gyro:71.75000000000001 deg, derivative: 3.719999999999999, turnSpeed: -100
2026-06-21 15:40:29,757 - mazeUtils.moveTile - [moveTile.py:79] - DEBUG - gyro:74.97000000000001 deg, derivative: 3.219999999999999, turnSpeed: -100
2026-06-21 15:40:29,786 - mazeUtils.moveTile - [moveTile.py:79] - DEBUG - gyro:79.29 deg, derivative: 4.319999999999993, turnSpeed: -100
2026-06-21 15:40:29,813 - mazeUtils.moveTile - [moveTile.py:79] - DEBUG - gyro:82.92 deg, derivative: 3.6299999999999955, turnSpeed: -100
2026-06-21 15:40:29,845 - mazeUtils.moveTile - [moveTile.py:79] - DEBUG - gyro:88.36999999999999 deg, derivative: 5.449999999999989, turnSpeed: -100
2026-06-21 15:40:29,875 - mazeUtils.moveTile - [moveTile.py:79] - DEBUG - gyro:91.73 deg, derivative: 3.3600000000000136, turnSpeed: -100
2026-06-21 15:40:29,902 - mazeUtils.moveTile - [moveTile.py:79] - DEBUG - gyro:97.46 deg, derivative: 5.72999999999999, turnSpeed: -100
2026-06-21 15:40:29,932 - mazeUtils.moveTile - [moveTile.py:79] - DEBUG - gyro:100.89 deg, derivative: 3.430000000000007, turnSpeed: -100
2026-06-21 15:40:29,959 - mazeUtils.moveTile - [moveTile.py:79] - DEBUG - gyro:105.52 deg, derivative: 4.6299999999999955, turnSpeed: -100
2026-06-21 15:40:29,990 - mazeUtils.moveTile - [moveTile.py:79] - DEBUG - gyro:109.14 deg, derivative: 3.6200000000000045, turnSpeed: -100
2026-06-21 15:40:30,014 - mazeUtils.moveTile - [moveTile.py:79] - DEBUG - gyro:112.2 deg, derivative: 3.0600000000000023, turnSpeed: -100
2026-06-21 15:40:30,041 - mazeUtils.moveTile - [moveTile.py:79] - DEBUG - gyro:115.09000000000002 deg, derivative: 2.890000000000015, turnSpeed: -100
2026-06-21 15:40:30,067 - mazeUtils.moveTile - [moveTile.py:79] - DEBUG - gyro:118.77 deg, derivative: 3.6799999999999784, turnSpeed: -100
2026-06-21 15:40:30,091 - mazeUtils.moveTile - [moveTile.py:79] - DEBUG - gyro:121.35000000000001 deg, derivative: 2.5800000000000125, turnSpeed: -100
2026-06-21 15:40:30,116 - mazeUtils.moveTile - [moveTile.py:79] - DEBUG - gyro:123.44000000000001 deg, derivative: 2.0900000000000034, turnSpeed: -100
2026-06-21 15:40:30,146 - mazeUtils.moveTile - [moveTile.py:79] - DEBUG - gyro:125.44000000000001 deg, derivative: 2.0, turnSpeed: -100
2026-06-21 15:40:30,177 - mazeUtils.moveTile - [moveTile.py:79] - DEBUG - gyro:127.74 deg, derivative: 2.299999999999983, turnSpeed: -100
2026-06-21 15:40:30,204 - mazeUtils.moveTile - [moveTile.py:79] - DEBUG - gyro:130.86 deg, derivative: 3.1200000000000188, turnSpeed: -98.27999999999997
2026-06-21 15:40:30,236 - mazeUtils.moveTile - [moveTile.py:79] - DEBUG - gyro:133.73000000000002 deg, derivative: 2.8700000000000045, turnSpeed: -92.53999999999996
2026-06-21 15:40:30,265 - mazeUtils.moveTile - [moveTile.py:79] - DEBUG - gyro:136.22000000000003 deg, derivative: 2.490000000000009, turnSpeed: -87.55999999999995
2026-06-21 15:40:30,290 - mazeUtils.moveTile - [moveTile.py:79] - DEBUG - gyro:140.35000000000002 deg, derivative: 4.1299999999999955, turnSpeed: -79.29999999999995
2026-06-21 15:40:30,315 - mazeUtils.moveTile - [moveTile.py:79] - DEBUG - gyro:143.49 deg, derivative: 3.1399999999999864, turnSpeed: -73.01999999999998
2026-06-21 15:40:30,345 - mazeUtils.moveTile - [moveTile.py:79] - DEBUG - gyro:146.5 deg, derivative: 3.009999999999991, turnSpeed: -67.0
2026-06-21 15:40:30,370 - mazeUtils.moveTile - [moveTile.py:79] - DEBUG - gyro:149.45 deg, derivative: 2.9499999999999886, turnSpeed: -61.10000000000002
2026-06-21 15:40:30,398 - mazeUtils.moveTile - [moveTile.py:79] - DEBUG - gyro:152.57 deg, derivative: 3.1200000000000045, turnSpeed: -54.860000000000014
2026-06-21 15:40:30,423 - mazeUtils.moveTile - [moveTile.py:79] - DEBUG - gyro:154.48000000000002 deg, derivative: 1.910000000000025, turnSpeed: -51.039999999999964
2026-06-21 15:40:30,451 - mazeUtils.moveTile - [moveTile.py:79] - DEBUG - gyro:157.18 deg, derivative: 2.6999999999999886, turnSpeed: -45.639999999999986
2026-06-21 15:40:30,481 - mazeUtils.moveTile - [moveTile.py:79] - DEBUG - gyro:160.45999999999998 deg, derivative: 3.2799999999999727, turnSpeed: -39.08000000000004
2026-06-21 15:40:30,510 - mazeUtils.moveTile - [moveTile.py:79] - DEBUG - gyro:163.39999999999998 deg, derivative: 2.9399999999999977, turnSpeed: -33.200000000000045
2026-06-21 15:40:30,542 - mazeUtils.moveTile - [moveTile.py:79] - DEBUG - gyro:165.84000000000003 deg, derivative: 2.4400000000000546, turnSpeed: -28.319999999999936
2026-06-21 15:40:30,565 - mazeUtils.moveTile - [moveTile.py:79] - DEBUG - gyro:168.01 deg, derivative: 2.169999999999959, turnSpeed: -23.980000000000018
2026-06-21 15:40:30,589 - mazeUtils.moveTile - [moveTile.py:79] - DEBUG - gyro:169.01 deg, derivative: 1.0, turnSpeed: -21.980000000000018
2026-06-21 15:40:30,619 - mazeUtils.moveTile - [moveTile.py:79] - DEBUG - gyro:169.72000000000003 deg, derivative: 0.7100000000000364, turnSpeed: -20.559999999999945
2026-06-21 15:40:30,648 - mazeUtils.moveTile - [moveTile.py:79] - DEBUG - gyro:170.51 deg, derivative: 0.7899999999999636, turnSpeed: -18.980000000000018
2026-06-21 15:40:30,682 - mazeUtils.moveTile - [moveTile.py:79] - DEBUG - gyro:171.34000000000003 deg, derivative: 0.8300000000000409, turnSpeed: -17.319999999999936
2026-06-21 15:40:30,710 - mazeUtils.moveTile - [moveTile.py:79] - DEBUG - gyro:172.26999999999998 deg, derivative: 0.92999999999995, turnSpeed: -15.460000000000036
2026-06-21 15:40:30,734 - mazeUtils.moveTile - [moveTile.py:79] - DEBUG - gyro:173.55 deg, derivative: 1.2800000000000296, turnSpeed: -12.899999999999977
2026-06-21 15:40:30,763 - mazeUtils.moveTile - [moveTile.py:79] - DEBUG - gyro:174.49 deg, derivative: 0.9399999999999977, turnSpeed: -11.019999999999982
2026-06-21 15:40:30,793 - mazeUtils.moveTile - [moveTile.py:79] - DEBUG - gyro:175.3 deg, derivative: 0.8100000000000023, turnSpeed: -9.399999999999977
2026-06-21 15:40:30,821 - mazeUtils.moveTile - [moveTile.py:79] - DEBUG - gyro:176.0 deg, derivative: 0.6999999999999886, turnSpeed: -8.0
2026-06-21 15:40:30,853 - mazeUtils.moveTile - [moveTile.py:79] - DEBUG - gyro:176.3 deg, derivative: 0.30000000000001137, turnSpeed: -7.399999999999977
2026-06-21 15:40:30,877 - mazeUtils.moveTile - [moveTile.py:79] - DEBUG - gyro:176.60000000000002 deg, derivative: 0.30000000000001137, turnSpeed: -6.7999999999999545
2026-06-21 15:40:30,902 - mazeUtils.moveTile - [moveTile.py:79] - DEBUG - gyro:176.95 deg, derivative: 0.3499999999999659, turnSpeed: -6.100000000000023
2026-06-21 15:40:30,930 - mazeUtils.moveTile - [moveTile.py:79] - DEBUG - gyro:177.29000000000002 deg, derivative: 0.34000000000003183, turnSpeed: -5.419999999999959
2026-06-21 15:40:30,965 - mazeUtils.moveTile - [moveTile.py:79] - DEBUG - gyro:177.53000000000003 deg, derivative: 0.2400000000000091, turnSpeed: -4.939999999999941
2026-06-21 15:40:30,989 - mazeUtils.moveTile - [moveTile.py:79] - DEBUG - gyro:177.89 deg, derivative: 0.3599999999999568, turnSpeed: -4.220000000000027
2026-06-21 15:40:31,019 - mazeUtils.moveTile - [moveTile.py:79] - DEBUG - gyro:178.09000000000003 deg, derivative: 0.20000000000004547, turnSpeed: -3.8199999999999363
2026-06-21 15:40:31,038 - mazeUtils.moveTile - [moveTile.py:79] - DEBUG - Turned to heading: 178.09000000000003 deg
2026-06-21 15:40:31,046 - mazeUtils.moveTile - [moveTile.py:79] - DEBUG - Turning to 0 deg, current heading: 178.19 deg, turnAngle: 178.19 deg
2026-06-21 15:40:31,070 - mazeUtils.moveTile - [moveTile.py:79] - DEBUG - gyro:178.43 deg, derivative: 0.2400000000000091, turnSpeed: 100
2026-06-21 15:40:31,094 - mazeUtils.moveTile - [moveTile.py:79] - DEBUG - gyro:178.57 deg, derivative: 0.13999999999998636, turnSpeed: 100
2026-06-21 15:40:31,125 - mazeUtils.moveTile - [moveTile.py:79] - DEBUG - gyro:178.61 deg, derivative: 0.040000000000020464, turnSpeed: 100
2026-06-21 15:40:31,153 - mazeUtils.moveTile - [moveTile.py:79] - DEBUG - gyro:178.24 deg, derivative: -0.37000000000000455, turnSpeed: 100
2026-06-21 15:40:31,187 - mazeUtils.moveTile - [moveTile.py:79] - DEBUG - gyro:177.24 deg, derivative: -1.0, turnSpeed: 100
2026-06-21 15:40:31,216 - mazeUtils.moveTile - [moveTile.py:79] - DEBUG - gyro:173.38 deg, derivative: -3.8600000000000136, turnSpeed: 100
2026-06-21 15:40:31,247 - mazeUtils.moveTile - [moveTile.py:79] - DEBUG - gyro:168.17000000000002 deg, derivative: -5.2099999999999795, turnSpeed: 100
2026-06-21 15:40:31,271 - mazeUtils.moveTile - [moveTile.py:79] - DEBUG - gyro:164.07 deg, derivative: -4.100000000000023, turnSpeed: 100
2026-06-21 15:40:31,299 - mazeUtils.moveTile - [moveTile.py:79] - DEBUG - gyro:160.2 deg, derivative: -3.8700000000000045, turnSpeed: 100
2026-06-21 15:40:31,331 - mazeUtils.moveTile - [moveTile.py:79] - DEBUG - gyro:157.12 deg, derivative: -3.079999999999984, turnSpeed: 100
2026-06-21 15:40:31,358 - mazeUtils.moveTile - [moveTile.py:79] - DEBUG - gyro:154.56 deg, derivative: -2.5600000000000023, turnSpeed: 100
2026-06-21 15:40:31,384 - mazeUtils.moveTile - [moveTile.py:79] - DEBUG - gyro:150.89 deg, derivative: -3.670000000000016, turnSpeed: 100
2026-06-21 15:40:31,410 - mazeUtils.moveTile - [moveTile.py:79] - DEBUG - gyro:148.20999999999998 deg, derivative: -2.680000000000007, turnSpeed: 100
2026-06-21 15:40:31,440 - mazeUtils.moveTile - [moveTile.py:79] - DEBUG - gyro:145.76999999999998 deg, derivative: -2.4399999999999977, turnSpeed: 100
2026-06-21 15:40:31,468 - mazeUtils.moveTile - [moveTile.py:79] - DEBUG - gyro:142.43 deg, derivative: -3.339999999999975, turnSpeed: 100
2026-06-21 15:40:31,492 - mazeUtils.moveTile - [moveTile.py:79] - DEBUG - gyro:139.11 deg, derivative: -3.319999999999993, turnSpeed: 100
2026-06-21 15:40:31,517 - mazeUtils.moveTile - [moveTile.py:79] - DEBUG - gyro:136.01 deg, derivative: -3.1000000000000227, turnSpeed: 100
2026-06-21 15:40:31,547 - mazeUtils.moveTile - [moveTile.py:79] - DEBUG - gyro:134.01 deg, derivative: -2.0, turnSpeed: 100
2026-06-21 15:40:31,570 - mazeUtils.moveTile - [moveTile.py:79] - DEBUG - gyro:130.68 deg, derivative: -3.329999999999984, turnSpeed: 100
2026-06-21 15:40:31,593 - mazeUtils.moveTile - [moveTile.py:79] - DEBUG - gyro:127.63000000000001 deg, derivative: -3.049999999999997, turnSpeed: 100
2026-06-21 15:40:31,620 - mazeUtils.moveTile - [moveTile.py:79] - DEBUG - gyro:124.21 deg, derivative: -3.420000000000016, turnSpeed: 100
2026-06-21 15:40:31,650 - mazeUtils.moveTile - [moveTile.py:79] - DEBUG - gyro:120.57000000000001 deg, derivative: -3.6399999999999864, turnSpeed: 100
2026-06-21 15:40:31,673 - mazeUtils.moveTile - [moveTile.py:79] - DEBUG - gyro:116.26 deg, derivative: -4.310000000000002, turnSpeed: 100
2026-06-21 15:40:31,700 - mazeUtils.moveTile - [moveTile.py:79] - DEBUG - gyro:112.99 deg, derivative: -3.2700000000000102, turnSpeed: 100
2026-06-21 15:40:31,730 - mazeUtils.moveTile - [moveTile.py:79] - DEBUG - gyro:110.54 deg, derivative: -2.4499999999999886, turnSpeed: 100
2026-06-21 15:40:31,754 - mazeUtils.moveTile - [moveTile.py:79] - DEBUG - gyro:106.39999999999999 deg, derivative: -4.140000000000015, turnSpeed: 100
2026-06-21 15:40:31,781 - mazeUtils.moveTile - [moveTile.py:79] - DEBUG - gyro:104.10000000000001 deg, derivative: -2.299999999999983, turnSpeed: 100
2026-06-21 15:40:31,806 - mazeUtils.moveTile - [moveTile.py:79] - DEBUG - gyro:100.86999999999999 deg, derivative: -3.230000000000018, turnSpeed: 100
2026-06-21 15:40:31,830 - mazeUtils.moveTile - [moveTile.py:79] - DEBUG - gyro:98.35000000000001 deg, derivative: -2.519999999999982, turnSpeed: 100
2026-06-21 15:40:31,859 - mazeUtils.moveTile - [moveTile.py:79] - DEBUG - gyro:95.46 deg, derivative: -2.890000000000015, turnSpeed: 100
2026-06-21 15:40:31,891 - mazeUtils.moveTile - [moveTile.py:79] - DEBUG - gyro:91.97000000000001 deg, derivative: -3.4899999999999807, turnSpeed: 100
2026-06-21 15:40:31,920 - mazeUtils.moveTile - [moveTile.py:79] - DEBUG - gyro:87.36999999999999 deg, derivative: -4.600000000000023, turnSpeed: 100
2026-06-21 15:40:31,953 - mazeUtils.moveTile - [moveTile.py:79] - DEBUG - gyro:82.86999999999999 deg, derivative: -4.5, turnSpeed: 100
2026-06-21 15:40:31,977 - mazeUtils.moveTile - [moveTile.py:79] - DEBUG - gyro:77.83 deg, derivative: -5.039999999999992, turnSpeed: 100
2026-06-21 15:40:32,003 - mazeUtils.moveTile - [moveTile.py:79] - DEBUG - gyro:74.54 deg, derivative: -3.289999999999992, turnSpeed: 100
2026-06-21 15:40:32,029 - mazeUtils.moveTile - [moveTile.py:79] - DEBUG - gyro:70.38000000000001 deg, derivative: -4.159999999999997, turnSpeed: 100
2026-06-21 15:40:32,053 - mazeUtils.moveTile - [moveTile.py:79] - DEBUG - gyro:67.38000000000001 deg, derivative: -3.0, turnSpeed: 100
2026-06-21 15:40:32,080 - mazeUtils.moveTile - [moveTile.py:79] - DEBUG - gyro:65.33 deg, derivative: -2.0500000000000114, turnSpeed: 100
2026-06-21 15:40:32,105 - mazeUtils.moveTile - [moveTile.py:79] - DEBUG - gyro:62.010000000000005 deg, derivative: -3.319999999999993, turnSpeed: 100
2026-06-21 15:40:32,135 - mazeUtils.moveTile - [moveTile.py:79] - DEBUG - gyro:60.64999999999999 deg, derivative: -1.3600000000000136, turnSpeed: 100
2026-06-21 15:40:32,160 - mazeUtils.moveTile - [moveTile.py:79] - DEBUG - gyro:59.06000000000002 deg, derivative: -1.589999999999975, turnSpeed: 100
2026-06-21 15:40:32,186 - mazeUtils.moveTile - [moveTile.py:79] - DEBUG - gyro:57.36 deg, derivative: -1.700000000000017, turnSpeed: 100
2026-06-21 15:40:32,212 - mazeUtils.moveTile - [moveTile.py:79] - DEBUG - gyro:55.480000000000004 deg, derivative: -1.8799999999999955, turnSpeed: 100
2026-06-21 15:40:32,248 - mazeUtils.moveTile - [moveTile.py:79] - DEBUG - gyro:54.22 deg, derivative: -1.2600000000000051, turnSpeed: 100
2026-06-21 15:40:32,273 - mazeUtils.moveTile - [moveTile.py:79] - DEBUG - gyro:51.650000000000006 deg, derivative: -2.569999999999993, turnSpeed: 100
2026-06-21 15:40:32,309 - mazeUtils.moveTile - [moveTile.py:79] - DEBUG - gyro:49.68000000000001 deg, derivative: -1.9699999999999989, turnSpeed: 99.36000000000001
2026-06-21 15:40:32,333 - mazeUtils.moveTile - [moveTile.py:79] - DEBUG - gyro:46.3 deg, derivative: -3.3800000000000097, turnSpeed: 92.6
2026-06-21 15:40:32,365 - mazeUtils.moveTile - [moveTile.py:79] - DEBUG - gyro:43.63000000000001 deg, derivative: -2.6699999999999875, turnSpeed: 87.26000000000002
2026-06-21 15:40:32,388 - mazeUtils.moveTile - [moveTile.py:79] - DEBUG - gyro:40.57000000000001 deg, derivative: -3.0600000000000023, turnSpeed: 81.14000000000001
2026-06-21 15:40:32,416 - mazeUtils.moveTile - [moveTile.py:79] - DEBUG - gyro:37.49000000000001 deg, derivative: -3.0799999999999983, turnSpeed: 74.98000000000002
2026-06-21 15:40:32,449 - mazeUtils.moveTile - [moveTile.py:79] - DEBUG - gyro:34.57000000000001 deg, derivative: -2.9200000000000017, turnSpeed: 69.14000000000001
2026-06-21 15:40:32,483 - mazeUtils.moveTile - [moveTile.py:79] - DEBUG - gyro:30.35000000000001 deg, derivative: -4.219999999999999, turnSpeed: 60.70000000000002
2026-06-21 15:40:32,507 - mazeUtils.moveTile - [moveTile.py:79] - DEBUG - gyro:27.60000000000001 deg, derivative: -2.75, turnSpeed: 55.20000000000002
2026-06-21 15:40:32,535 - mazeUtils.moveTile - [moveTile.py:79] - DEBUG - gyro:26.66000000000001 deg, derivative: -0.9399999999999977, turnSpeed: 53.32000000000002
2026-06-21 15:40:32,560 - mazeUtils.moveTile - [moveTile.py:79] - DEBUG - gyro:25.299999999999997 deg, derivative: -1.3600000000000136, turnSpeed: 50.599999999999994
2026-06-21 15:40:32,582 - mazeUtils.moveTile - [moveTile.py:79] - DEBUG - gyro:24.430000000000007 deg, derivative: -0.8699999999999903, turnSpeed: 48.860000000000014
2026-06-21 15:40:32,609 - mazeUtils.moveTile - [moveTile.py:79] - DEBUG - gyro:22.66000000000001 deg, derivative: -1.769999999999996, turnSpeed: 45.32000000000002
2026-06-21 15:40:32,647 - mazeUtils.moveTile - [moveTile.py:79] - DEBUG - gyro:21.5 deg, derivative: -1.1600000000000108, turnSpeed: 43.0
2026-06-21 15:40:32,676 - mazeUtils.moveTile - [moveTile.py:79] - DEBUG - gyro:18.66000000000001 deg, derivative: -2.839999999999989, turnSpeed: 37.32000000000002
2026-06-21 15:40:32,699 - mazeUtils.moveTile - [moveTile.py:79] - DEBUG - gyro:17.299999999999997 deg, derivative: -1.3600000000000136, turnSpeed: 34.599999999999994
2026-06-21 15:40:32,726 - mazeUtils.moveTile - [moveTile.py:79] - DEBUG - gyro:15.650000000000006 deg, derivative: -1.6499999999999915, turnSpeed: 31.30000000000001
2026-06-21 15:40:32,754 - mazeUtils.moveTile - [moveTile.py:79] - DEBUG - gyro:15.25 deg, derivative: -0.4000000000000057, turnSpeed: 30.5
2026-06-21 15:40:32,779 - mazeUtils.moveTile - [moveTile.py:79] - DEBUG - gyro:12.460000000000008 deg, derivative: -2.789999999999992, turnSpeed: 24.920000000000016
2026-06-21 15:40:32,807 - mazeUtils.moveTile - [moveTile.py:79] - DEBUG - gyro:10.840000000000003 deg, derivative: -1.6200000000000045, turnSpeed: 21.680000000000007
2026-06-21 15:40:32,831 - mazeUtils.moveTile - [moveTile.py:79] - DEBUG - gyro:9.620000000000005 deg, derivative: -1.2199999999999989, turnSpeed: 19.24000000000001
2026-06-21 15:40:32,853 - mazeUtils.moveTile - [moveTile.py:79] - DEBUG - gyro:8.0 deg, derivative: -1.6200000000000045, turnSpeed: 16.0
2026-06-21 15:40:32,880 - mazeUtils.moveTile - [moveTile.py:79] - DEBUG - gyro:7.430000000000007 deg, derivative: -0.5699999999999932, turnSpeed: 14.860000000000014
2026-06-21 15:40:32,906 - mazeUtils.moveTile - [moveTile.py:79] - DEBUG - gyro:6.63000000000001 deg, derivative: -0.7999999999999972, turnSpeed: 13.26000000000002
2026-06-21 15:40:32,934 - mazeUtils.moveTile - [moveTile.py:79] - DEBUG - gyro:6.25 deg, derivative: -0.38000000000000966, turnSpeed: 12.5
2026-06-21 15:40:32,963 - mazeUtils.moveTile - [moveTile.py:79] - DEBUG - gyro:5.510000000000005 deg, derivative: -0.7399999999999949, turnSpeed: 11.02000000000001
2026-06-21 15:40:32,987 - mazeUtils.moveTile - [moveTile.py:79] - DEBUG - gyro:4.969999999999999 deg, derivative: -0.5400000000000063, turnSpeed: 9.939999999999998
2026-06-21 15:40:33,011 - mazeUtils.moveTile - [moveTile.py:79] - DEBUG - gyro:4.359999999999999 deg, derivative: -0.6099999999999994, turnSpeed: 8.719999999999999
2026-06-21 15:40:33,036 - mazeUtils.moveTile - [moveTile.py:79] - DEBUG - gyro:3.9399999999999977 deg, derivative: -0.4200000000000017, turnSpeed: 7.8799999999999955
2026-06-21 15:40:33,070 - mazeUtils.moveTile - [moveTile.py:79] - DEBUG - gyro:3.680000000000007 deg, derivative: -0.2599999999999909, turnSpeed: 7.360000000000014
2026-06-21 15:40:33,093 - mazeUtils.moveTile - [moveTile.py:79] - DEBUG - gyro:3.3400000000000034 deg, derivative: -0.3400000000000034, turnSpeed: 6.680000000000007
2026-06-21 15:40:33,119 - mazeUtils.moveTile - [moveTile.py:79] - DEBUG - gyro:3.049999999999997 deg, derivative: -0.29000000000000625, turnSpeed: 6.099999999999994
2026-06-21 15:40:33,149 - mazeUtils.moveTile - [moveTile.py:79] - DEBUG - gyro:2.7900000000000063 deg, derivative: -0.2599999999999909, turnSpeed: 5.5800000000000125
2026-06-21 15:40:33,180 - mazeUtils.moveTile - [moveTile.py:79] - DEBUG - gyro:2.530000000000001 deg, derivative: -0.2600000000000051, turnSpeed: 5.060000000000002
2026-06-21 15:40:33,208 - mazeUtils.moveTile - [moveTile.py:79] - DEBUG - gyro:2.1099999999999994 deg, derivative: -0.4200000000000017, turnSpeed: 4.219999999999999
2026-06-21 15:40:33,235 - mazeUtils.moveTile - [moveTile.py:79] - DEBUG - gyro:1.8200000000000074 deg, derivative: -0.28999999999999204, turnSpeed: 3.640000000000015
2026-06-21 15:40:33,254 - mazeUtils.moveTile - [moveTile.py:79] - DEBUG - Turned to heading: 1.8200000000000074 deg
2026-06-21 15:40:33,262 - mazeUtils.moveTile - [moveTile.py:79] - DEBUG - Turning to 180 deg, current heading: 1.6300000000000097 deg, turnAngle: -178.37 deg
2026-06-21 15:40:33,302 - mazeUtils.moveTile - [moveTile.py:79] - DEBUG - gyro:1.5300000000000011 deg, derivative: -0.09999999999999432, turnSpeed: -100
2026-06-21 15:40:33,324 - mazeUtils.moveTile - [moveTile.py:79] - DEBUG - gyro:1.460000000000008 deg, derivative: -0.06999999999999318, turnSpeed: -100
2026-06-21 15:40:33,362 - mazeUtils.moveTile - [moveTile.py:79] - DEBUG - gyro:1.5 deg, derivative: 0.03999999999999204, turnSpeed: -100
2026-06-21 15:40:33,386 - mazeUtils.moveTile - [moveTile.py:79] - DEBUG - gyro:1.7800000000000011 deg, derivative: 0.28000000000000114, turnSpeed: -100
2026-06-21 15:40:33,409 - mazeUtils.moveTile - [moveTile.py:79] - DEBUG - gyro:3.049999999999997 deg, derivative: 1.2700000000000102, turnSpeed: -100
2026-06-21 15:40:33,433 - mazeUtils.moveTile - [moveTile.py:79] - DEBUG - gyro:6.740000000000009 deg, derivative: 3.6899999999999977, turnSpeed: -100
2026-06-21 15:40:33,457 - mazeUtils.moveTile - [moveTile.py:79] - DEBUG - gyro:10.25 deg, derivative: 3.509999999999991, turnSpeed: -100
2026-06-21 15:40:33,486 - mazeUtils.moveTile - [moveTile.py:79] - DEBUG - gyro:12.900000000000006 deg, derivative: 2.6500000000000057, turnSpeed: -100
2026-06-21 15:40:33,514 - mazeUtils.moveTile - [moveTile.py:79] - DEBUG - gyro:17.930000000000007 deg, derivative: 5.030000000000001, turnSpeed: -100
2026-06-21 15:40:33,538 - mazeUtils.moveTile - [moveTile.py:79] - DEBUG - gyro:21.439999999999998 deg, derivative: 3.509999999999991, turnSpeed: -100
2026-06-21 15:40:33,561 - mazeUtils.moveTile - [moveTile.py:79] - DEBUG - gyro:26.320000000000007 deg, derivative: 4.8799999999999955, turnSpeed: -100
2026-06-21 15:40:33,585 - mazeUtils.moveTile - [moveTile.py:79] - DEBUG - gyro:29.64 deg, derivative: 3.319999999999993, turnSpeed: -100
2026-06-21 15:40:33,610 - mazeUtils.moveTile - [moveTile.py:79] - DEBUG - gyro:32.290000000000006 deg, derivative: 2.650000000000034, turnSpeed: -100
2026-06-21 15:40:33,637 - mazeUtils.moveTile - [moveTile.py:79] - DEBUG - gyro:35.260000000000005 deg, derivative: 2.9699999999999704, turnSpeed: -100
2026-06-21 15:40:33,664 - mazeUtils.moveTile - [moveTile.py:79] - DEBUG - gyro:38.85000000000001 deg, derivative: 3.590000000000032, turnSpeed: -100
2026-06-21 15:40:33,689 - mazeUtils.moveTile - [moveTile.py:79] - DEBUG - gyro:41.89 deg, derivative: 3.0399999999999636, turnSpeed: -100
2026-06-21 15:40:33,713 - mazeUtils.moveTile - [moveTile.py:79] - DEBUG - gyro:45.07000000000001 deg, derivative: 3.180000000000007, turnSpeed: -100
2026-06-21 15:40:33,740 - mazeUtils.moveTile - [moveTile.py:79] - DEBUG - gyro:49.28 deg, derivative: 4.210000000000008, turnSpeed: -100
2026-06-21 15:40:33,767 - mazeUtils.moveTile - [moveTile.py:79] - DEBUG - gyro:53.55 deg, derivative: 4.269999999999996, turnSpeed: -100
2026-06-21 15:40:33,791 - mazeUtils.moveTile - [moveTile.py:79] - DEBUG - gyro:56.17 deg, derivative: 2.6200000000000045, turnSpeed: -100
2026-06-21 15:40:33,820 - mazeUtils.moveTile - [moveTile.py:79] - DEBUG - gyro:59.22000000000001 deg, derivative: 3.0500000000000114, turnSpeed: -100
2026-06-21 15:40:33,842 - mazeUtils.moveTile - [moveTile.py:79] - DEBUG - gyro:63.030000000000015 deg, derivative: 3.8100000000000023, turnSpeed: -100
2026-06-21 15:40:33,866 - mazeUtils.moveTile - [moveTile.py:79] - DEBUG - gyro:66.16000000000001 deg, derivative: 3.1299999999999955, turnSpeed: -100
2026-06-21 15:40:33,894 - mazeUtils.moveTile - [moveTile.py:79] - DEBUG - gyro:70.42 deg, derivative: 4.259999999999991, turnSpeed: -100
2026-06-21 15:40:33,919 - mazeUtils.moveTile - [moveTile.py:79] - DEBUG - gyro:73.22000000000001 deg, derivative: 2.8000000000000114, turnSpeed: -100
2026-06-21 15:40:33,946 - mazeUtils.moveTile - [moveTile.py:79] - DEBUG - gyro:76.96 deg, derivative: 3.7399999999999807, turnSpeed: -100
2026-06-21 15:40:33,970 - mazeUtils.moveTile - [moveTile.py:79] - DEBUG - gyro:80.04 deg, derivative: 3.0800000000000125, turnSpeed: -100
2026-06-21 15:40:33,994 - mazeUtils.moveTile - [moveTile.py:79] - DEBUG - gyro:82.19000000000001 deg, derivative: 2.1500000000000057, turnSpeed: -100
2026-06-21 15:40:34,018 - mazeUtils.moveTile - [moveTile.py:79] - DEBUG - gyro:85.34000000000002 deg, derivative: 3.1500000000000057, turnSpeed: -100
2026-06-21 15:40:34,042 - mazeUtils.moveTile - [moveTile.py:79] - DEBUG - gyro:87.92 deg, derivative: 2.579999999999984, turnSpeed: -100
2026-06-21 15:40:34,067 - mazeUtils.moveTile - [moveTile.py:79] - DEBUG - gyro:90.86 deg, derivative: 2.9399999999999977, turnSpeed: -100
2026-06-21 15:40:34,089 - mazeUtils.moveTile - [moveTile.py:79] - DEBUG - gyro:93.11999999999999 deg, derivative: 2.259999999999991, turnSpeed: -100
2026-06-21 15:40:34,112 - mazeUtils.moveTile - [moveTile.py:79] - DEBUG - gyro:95.39 deg, derivative: 2.2700000000000102, turnSpeed: -100
2026-06-21 15:40:34,136 - mazeUtils.moveTile - [moveTile.py:79] - DEBUG - gyro:98.14 deg, derivative: 2.75, turnSpeed: -100
2026-06-21 15:40:34,161 - mazeUtils.moveTile - [moveTile.py:79] - DEBUG - gyro:101.64 deg, derivative: 3.5, turnSpeed: -100
2026-06-21 15:40:34,184 - mazeUtils.moveTile - [moveTile.py:79] - DEBUG - gyro:104.85000000000001 deg, derivative: 3.210000000000008, turnSpeed: -100
2026-06-21 15:40:34,208 - mazeUtils.moveTile - [moveTile.py:79] - DEBUG - gyro:107.81000000000002 deg, derivative: 2.960000000000008, turnSpeed: -100
2026-06-21 15:40:34,236 - mazeUtils.moveTile - [moveTile.py:79] - DEBUG - gyro:112.28000000000002 deg, derivative: 4.469999999999999, turnSpeed: -100
2026-06-21 15:40:34,261 - mazeUtils.moveTile - [moveTile.py:79] - DEBUG - gyro:115.58 deg, derivative: 3.299999999999983, turnSpeed: -100
2026-06-21 15:40:34,284 - mazeUtils.moveTile - [moveTile.py:79] - DEBUG - gyro:118.82000000000001 deg, derivative: 3.240000000000009, turnSpeed: -100
2026-06-21 15:40:34,308 - mazeUtils.moveTile - [moveTile.py:79] - DEBUG - gyro:120.91000000000001 deg, derivative: 2.0900000000000034, turnSpeed: -100
2026-06-21 15:40:34,336 - mazeUtils.moveTile - [moveTile.py:79] - DEBUG - gyro:122.88000000000001 deg, derivative: 1.9699999999999989, turnSpeed: -100
2026-06-21 15:40:34,360 - mazeUtils.moveTile - [moveTile.py:79] - DEBUG - gyro:124.31000000000002 deg, derivative: 1.4300000000000068, turnSpeed: -100
2026-06-21 15:40:34,382 - mazeUtils.moveTile - [moveTile.py:79] - DEBUG - gyro:127.11 deg, derivative: 2.799999999999983, turnSpeed: -100
2026-06-21 15:40:34,413 - mazeUtils.moveTile - [moveTile.py:79] - DEBUG - gyro:128.74 deg, derivative: 1.6300000000000097, turnSpeed: -100
2026-06-21 15:40:34,438 - mazeUtils.moveTile - [moveTile.py:79] - DEBUG - gyro:130.64 deg, derivative: 1.8999999999999773, turnSpeed: -98.72000000000003
2026-06-21 15:40:34,465 - mazeUtils.moveTile - [moveTile.py:79] - DEBUG - gyro:133.70999999999998 deg, derivative: 3.069999999999993, turnSpeed: -92.58000000000004
2026-06-21 15:40:34,496 - mazeUtils.moveTile - [moveTile.py:79] - DEBUG - gyro:137.72000000000003 deg, derivative: 4.010000000000048, turnSpeed: -84.55999999999995
2026-06-21 15:40:34,527 - mazeUtils.moveTile - [moveTile.py:79] - DEBUG - gyro:141.57 deg, derivative: 3.849999999999966, turnSpeed: -76.86000000000001
2026-06-21 15:40:34,549 - mazeUtils.moveTile - [moveTile.py:79] - DEBUG - gyro:146.26 deg, derivative: 4.689999999999998, turnSpeed: -67.48000000000002
2026-06-21 15:40:34,573 - mazeUtils.moveTile - [moveTile.py:79] - DEBUG - gyro:149.88 deg, derivative: 3.6200000000000045, turnSpeed: -60.24000000000001
2026-06-21 15:40:34,600 - mazeUtils.moveTile - [moveTile.py:79] - DEBUG - gyro:152.53000000000003 deg, derivative: 2.650000000000034, turnSpeed: -54.93999999999994
2026-06-21 15:40:34,628 - mazeUtils.moveTile - [moveTile.py:79] - DEBUG - gyro:154.2 deg, derivative: 1.669999999999959, turnSpeed: -51.60000000000002
2026-06-21 15:40:34,652 - mazeUtils.moveTile - [moveTile.py:79] - DEBUG - gyro:156.66000000000003 deg, derivative: 2.4600000000000364, turnSpeed: -46.67999999999995
2026-06-21 15:40:34,675 - mazeUtils.moveTile - [moveTile.py:79] - DEBUG - gyro:158.68 deg, derivative: 2.019999999999982, turnSpeed: -42.639999999999986
2026-06-21 15:40:34,701 - mazeUtils.moveTile - [moveTile.py:79] - DEBUG - gyro:160.25 deg, derivative: 1.5699999999999932, turnSpeed: -39.5
2026-06-21 15:40:34,731 - mazeUtils.moveTile - [moveTile.py:79] - DEBUG - gyro:161.85000000000002 deg, derivative: 1.6000000000000227, turnSpeed: -36.299999999999955
2026-06-21 15:40:34,755 - mazeUtils.moveTile - [moveTile.py:79] - DEBUG - gyro:163.5 deg, derivative: 1.6499999999999773, turnSpeed: -33.0
2026-06-21 15:40:34,779 - mazeUtils.moveTile - [moveTile.py:79] - DEBUG - gyro:165.25 deg, derivative: 1.75, turnSpeed: -29.5
2026-06-21 15:40:34,807 - mazeUtils.moveTile - [moveTile.py:79] - DEBUG - gyro:167.07999999999998 deg, derivative: 1.829999999999984, turnSpeed: -25.840000000000032
2026-06-21 15:40:34,832 - mazeUtils.moveTile - [moveTile.py:79] - DEBUG - gyro:168.24 deg, derivative: 1.160000000000025, turnSpeed: -23.519999999999982
2026-06-21 15:40:34,857 - mazeUtils.moveTile - [moveTile.py:79] - DEBUG - gyro:169.51 deg, derivative: 1.2699999999999818, turnSpeed: -20.980000000000018
2026-06-21 15:40:34,882 - mazeUtils.moveTile - [moveTile.py:79] - DEBUG - gyro:170.89999999999998 deg, derivative: 1.3899999999999864, turnSpeed: -18.200000000000045
2026-06-21 15:40:34,910 - mazeUtils.moveTile - [moveTile.py:79] - DEBUG - gyro:171.60000000000002 deg, derivative: 0.7000000000000455, turnSpeed: -16.799999999999955
2026-06-21 15:40:34,934 - mazeUtils.moveTile - [moveTile.py:79] - DEBUG - gyro:172.95999999999998 deg, derivative: 1.3599999999999568, turnSpeed: -14.080000000000041
2026-06-21 15:40:34,963 - mazeUtils.moveTile - [moveTile.py:79] - DEBUG - gyro:173.59000000000003 deg, derivative: 0.6300000000000523, turnSpeed: -12.819999999999936
2026-06-21 15:40:34,994 - mazeUtils.moveTile - [moveTile.py:79] - DEBUG - gyro:174.38 deg, derivative: 0.7899999999999636, turnSpeed: -11.240000000000009
2026-06-21 15:40:35,017 - mazeUtils.moveTile - [moveTile.py:79] - DEBUG - gyro:175.04000000000002 deg, derivative: 0.660000000000025, turnSpeed: -9.919999999999959
2026-06-21 15:40:35,039 - mazeUtils.moveTile - [moveTile.py:79] - DEBUG - gyro:175.69 deg, derivative: 0.6499999999999773, turnSpeed: -8.620000000000005
2026-06-21 15:40:35,065 - mazeUtils.moveTile - [moveTile.py:79] - DEBUG - gyro:176.01999999999998 deg, derivative: 0.3299999999999841, turnSpeed: -7.960000000000036
2026-06-21 15:40:35,090 - mazeUtils.moveTile - [moveTile.py:79] - DEBUG - gyro:176.57 deg, derivative: 0.5500000000000114, turnSpeed: -6.860000000000014
2026-06-21 15:40:35,114 - mazeUtils.moveTile - [moveTile.py:79] - DEBUG - gyro:176.91000000000003 deg, derivative: 0.34000000000003183, turnSpeed: -6.17999999999995
2026-06-21 15:40:35,137 - mazeUtils.moveTile - [moveTile.py:79] - DEBUG - gyro:177.22000000000003 deg, derivative: 0.3100000000000023, turnSpeed: -5.559999999999945
2026-06-21 15:40:35,158 - __main__ - [main.py:158] - INFO - Program interrupted by user.
2026-06-21 15:40:36,225 - mazeUtils.device.stm - [stm.py:216] - DEBUG - ACK resynchronized: type=STS_MOTOR dropped=3B seq=209
2026-06-21 15:40:36,735 - picamera2.picamera2 - [picamera2.py:1391] - DEBUG - Execute job: <picamera2.job.Job object at 0x7f810b6850>
2026-06-21 15:40:36,751 - picamera2.picamera2 - [picamera2.py:1323] - INFO - Camera stopped
2026-06-21 15:40:36,952 - picamera2.picamera2 - [picamera2.py:1329] - DEBUG - Camera was not started
2026-06-21 15:40:37,154 - picamera2.picamera2 - [picamera2.py:723] - INFO - Camera closed successfully.
2026-06-21 15:40:37,391 - picamera2.picamera2 - [picamera2.py:500] - DEBUG - Resources now free: <picamera2.picamera2.Picamera2 object at 0x7f71d1cb50>
