2026-06-20 11:31:39,965 - root - [logging_config.py:61] - INFO - Logging initialized. Log file: /home/tuton/Kanto2026RPi/src/config/../logs/robot_20260620_113139.log
2026-06-20 11:31:41,939 - mazeUtils.device.LiDAR - [LiDAR.py:36] - INFO - Available ports: <ydlidar.Str2strMap; proxy of <Swig Object of type 'std::map< std::string,std::string > *' at 0x7fa0abed60> >
2026-06-20 11:31:45,969 - mazeUtils.moveTile - [moveTile.py:528] - DEBUG - Direction: absDirection.NORTH, Angle: 0, Distance: 171.7729408198448 cm
2026-06-20 11:31:45,970 - mazeUtils.moveTile - [moveTile.py:551] - DEBUG - Front LiDAR distance: 171.7729408198448 cm, TSD10 distance: 9.9 cm
2026-06-20 11:31:45,972 - mazeUtils.moveTile - [moveTile.py:528] - DEBUG - Direction: absDirection.EAST, Angle: 270, Distance: 16.92965802523743 cm
2026-06-20 11:31:45,974 - mazeUtils.moveTile - [moveTile.py:528] - DEBUG - Direction: absDirection.SOUTH, Angle: 180, Distance: 15.476720314216188 cm
2026-06-20 11:31:45,976 - mazeUtils.moveTile - [moveTile.py:528] - DEBUG - Direction: absDirection.WEST, Angle: 90, Distance: 17.62265992258204 cm
2026-06-20 11:31:45,978 - __main__ - [main.py:69] - INFO - Initial Map:
2026-06-20 11:31:46,005 - __main__ - [main.py:70] - INFO - Current position: (20, 20, 0), front direction: absDirection.NORTH
Layer 0 (altitude=0.0cm, offset=(0.0cm, 0.0cm)):
Known map area: x=20..20, y=20..20
+   +
| @ |
+---+
mazeAsGraph[0][20][20] = {absDirection.NORTH: (20, 19, 0, 30), absDirection.EAST: None, absDirection.SOUTH: None, absDirection.WEST: None}
2026-06-20 11:31:46,007 - mazeUtils.mazeMap - [mazeMap.py:61] - INFO - next goal: (20, 19, 0)
2026-06-20 11:31:46,008 - __main__ - [main.py:73] - INFO - Next Direction: [<absDirection.NORTH: 0>]
2026-06-20 11:31:46,009 - __main__ - [main.py:74] - INFO - Exploration started.
2026-06-20 11:31:46,023 - mazeUtils.moveTile - [moveTile.py:79] - DEBUG - Moving to absDirection.NORTH from (20, 20, 0) facing absDirection.NORTH
2026-06-20 11:31:46,049 - mazeUtils.moveTile - [moveTile.py:79] - DEBUG - current heading: 0.05000000000001137 target: 0
2026-06-20 11:31:46,071 - mazeUtils.moveTile - [moveTile.py:403] - DEBUG - stopped turning at heading: 0.05000000000001137, diff: 0.05000000000001137
2026-06-20 11:31:46,114 - mazeUtils.moveTile - [moveTile.py:79] - DEBUG - Turned to heading: 0.05000000000001137 deg
2026-06-20 11:31:46,236 - mazeUtils.moveTile - [moveTile.py:79] - DEBUG - Little backward to adjust position
2026-06-20 11:31:47,041 - picamera2.picamera2 - [picamera2.py:1391] - DEBUG - Execute job: <picamera2.job.Job object at 0x7f7570d5d0>
2026-06-20 11:31:47,047 - mazeUtils.device.camera - [camera.py:39] - DEBUG - Average HSV: H=143.3, S=33.3, V=170.8
2026-06-20 11:31:47,080 - mazeUtils.moveTile - [moveTile.py:79] - DEBUG - roll: 16.659999999999968 deg, practicalMoveTime: 0.029655739695889707 sec
2026-06-20 11:31:47,081 - mazeUtils.moveTile - [moveTile.py:1398] - DEBUG - moveTile loop time: 43.9 ms
2026-06-20 11:31:47,086 - picamera2.picamera2 - [picamera2.py:1391] - DEBUG - Execute job: <picamera2.job.Job object at 0x7f8c92aa90>
2026-06-20 11:31:47,091 - mazeUtils.device.camera - [camera.py:39] - DEBUG - Average HSV: H=144.5, S=29.8, V=183.2
2026-06-20 11:31:47,124 - mazeUtils.moveTile - [moveTile.py:79] - DEBUG - roll: 17.75999999999999 deg, practicalMoveTime: 0.05821109485319617 sec
2026-06-20 11:31:47,124 - mazeUtils.moveTile - [moveTile.py:1398] - DEBUG - moveTile loop time: 43.1 ms
2026-06-20 11:31:47,130 - picamera2.picamera2 - [picamera2.py:1391] - DEBUG - Execute job: <picamera2.job.Job object at 0x7fa100b590>
2026-06-20 11:31:47,134 - mazeUtils.device.camera - [camera.py:39] - DEBUG - Average HSV: H=133.7, S=66.8, V=166.2
2026-06-20 11:31:47,160 - mazeUtils.moveTile - [moveTile.py:79] - DEBUG - roll: 21.329999999999984 deg, practicalMoveTime: 0.08188158443499258 sec
2026-06-20 11:31:47,161 - mazeUtils.moveTile - [moveTile.py:1398] - DEBUG - moveTile loop time: 36.5 ms
2026-06-20 11:31:47,166 - picamera2.picamera2 - [picamera2.py:1391] - DEBUG - Execute job: <picamera2.job.Job object at 0x7f8c91d750>
2026-06-20 11:31:47,169 - mazeUtils.device.camera - [camera.py:39] - DEBUG - Average HSV: H=130.7, S=70.5, V=162.4
2026-06-20 11:31:47,196 - mazeUtils.moveTile - [moveTile.py:79] - DEBUG - roll: 23.360000000000014 deg, practicalMoveTime: 0.10428914816364385 sec
2026-06-20 11:31:47,196 - mazeUtils.moveTile - [moveTile.py:1398] - DEBUG - moveTile loop time: 35.1 ms
2026-06-20 11:31:47,201 - picamera2.picamera2 - [picamera2.py:1391] - DEBUG - Execute job: <picamera2.job.Job object at 0x7f879a2a50>
2026-06-20 11:31:47,204 - mazeUtils.device.camera - [camera.py:39] - DEBUG - Average HSV: H=140.8, S=50.0, V=181.1
2026-06-20 11:31:47,231 - mazeUtils.moveTile - [moveTile.py:79] - DEBUG - roll: 22.600000000000023 deg, practicalMoveTime: 0.12679214187762966 sec
2026-06-20 11:31:47,232 - mazeUtils.moveTile - [moveTile.py:1398] - DEBUG - moveTile loop time: 35.3 ms
2026-06-20 11:31:47,238 - picamera2.picamera2 - [picamera2.py:1391] - DEBUG - Execute job: <picamera2.job.Job object at 0x7f8c91dd90>
2026-06-20 11:31:47,241 - mazeUtils.device.camera - [camera.py:39] - DEBUG - Average HSV: H=135.1, S=61.5, V=168.4
2026-06-20 11:31:47,274 - mazeUtils.moveTile - [moveTile.py:79] - DEBUG - roll: 25.310000000000002 deg, practicalMoveTime: 0.15341587581894853 sec
2026-06-20 11:31:47,274 - mazeUtils.moveTile - [moveTile.py:1398] - DEBUG - moveTile loop time: 42.3 ms
2026-06-20 11:31:47,280 - picamera2.picamera2 - [picamera2.py:1391] - DEBUG - Execute job: <picamera2.job.Job object at 0x7f7570d5d0>
2026-06-20 11:31:47,283 - mazeUtils.device.camera - [camera.py:39] - DEBUG - Average HSV: H=128.8, S=61.7, V=185.6
2026-06-20 11:31:47,312 - mazeUtils.moveTile - [moveTile.py:79] - DEBUG - roll: 30.100000000000023 deg, practicalMoveTime: 0.1761887071245901 sec
2026-06-20 11:31:47,312 - mazeUtils.moveTile - [moveTile.py:1398] - DEBUG - moveTile loop time: 37.9 ms
2026-06-20 11:31:47,316 - picamera2.picamera2 - [picamera2.py:1391] - DEBUG - Execute job: <picamera2.job.Job object at 0x7f8c92aa90>
2026-06-20 11:31:47,319 - mazeUtils.device.camera - [camera.py:39] - DEBUG - Average HSV: H=134.6, S=52.6, V=161.9
2026-06-20 11:31:47,355 - mazeUtils.moveTile - [moveTile.py:79] - DEBUG - roll: 28.170000000000016 deg, practicalMoveTime: 0.20271763649333022 sec
2026-06-20 11:31:47,356 - mazeUtils.moveTile - [moveTile.py:1398] - DEBUG - moveTile loop time: 43.4 ms
2026-06-20 11:31:47,361 - picamera2.picamera2 - [picamera2.py:1391] - DEBUG - Execute job: <picamera2.job.Job object at 0x7f87927ad0>
2026-06-20 11:31:47,364 - mazeUtils.device.camera - [camera.py:39] - DEBUG - Average HSV: H=149.7, S=34.5, V=84.0
2026-06-20 11:31:47,391 - mazeUtils.moveTile - [moveTile.py:79] - DEBUG - roll: 31.769999999999982 deg, practicalMoveTime: 0.22393132981730868 sec
2026-06-20 11:31:47,392 - mazeUtils.moveTile - [moveTile.py:1398] - DEBUG - moveTile loop time: 35.9 ms
2026-06-20 11:31:47,398 - picamera2.picamera2 - [picamera2.py:1391] - DEBUG - Execute job: <picamera2.job.Job object at 0x7f8c92aa90>
2026-06-20 11:31:47,401 - mazeUtils.device.camera - [camera.py:39] - DEBUG - Average HSV: H=148.3, S=34.3, V=88.2
2026-06-20 11:31:47,434 - mazeUtils.moveTile - [moveTile.py:79] - DEBUG - roll: 33.70999999999998 deg, practicalMoveTime: 0.24829758670365315 sec
2026-06-20 11:31:47,434 - mazeUtils.moveTile - [moveTile.py:1398] - DEBUG - moveTile loop time: 42.2 ms
2026-06-20 11:31:47,441 - picamera2.picamera2 - [picamera2.py:1391] - DEBUG - Execute job: <picamera2.job.Job object at 0x7f879a2a90>
2026-06-20 11:31:47,444 - mazeUtils.device.camera - [camera.py:39] - DEBUG - Average HSV: H=149.1, S=32.6, V=90.7
2026-06-20 11:31:47,470 - mazeUtils.moveTile - [moveTile.py:79] - DEBUG - roll: 32.52999999999997 deg, practicalMoveTime: 0.2693693465335785 sec
2026-06-20 11:31:47,471 - mazeUtils.moveTile - [moveTile.py:1398] - DEBUG - moveTile loop time: 36.0 ms
2026-06-20 11:31:47,477 - picamera2.picamera2 - [picamera2.py:1391] - DEBUG - Execute job: <picamera2.job.Job object at 0x7f879a2a50>
2026-06-20 11:31:47,481 - mazeUtils.device.camera - [camera.py:39] - DEBUG - Average HSV: H=148.4, S=34.1, V=86.9
2026-06-20 11:31:47,508 - mazeUtils.moveTile - [moveTile.py:79] - DEBUG - roll: 32.06999999999999 deg, practicalMoveTime: 0.2916699697729308 sec
2026-06-20 11:31:47,509 - mazeUtils.moveTile - [moveTile.py:1398] - DEBUG - moveTile loop time: 37.6 ms
2026-06-20 11:31:47,515 - picamera2.picamera2 - [picamera2.py:1391] - DEBUG - Execute job: <picamera2.job.Job object at 0x7f8c91dd90>
2026-06-20 11:31:47,518 - mazeUtils.device.camera - [camera.py:39] - DEBUG - Average HSV: H=147.2, S=34.5, V=87.2
2026-06-20 11:31:47,548 - mazeUtils.moveTile - [moveTile.py:79] - DEBUG - roll: 32.129999999999995 deg, practicalMoveTime: 0.3152432027072173 sec
2026-06-20 11:31:47,549 - mazeUtils.moveTile - [moveTile.py:1398] - DEBUG - moveTile loop time: 40.0 ms
2026-06-20 11:31:47,557 - picamera2.picamera2 - [picamera2.py:1391] - DEBUG - Execute job: <picamera2.job.Job object at 0x7f879a2a50>
2026-06-20 11:31:47,561 - mazeUtils.device.camera - [camera.py:39] - DEBUG - Average HSV: H=147.0, S=34.4, V=86.6
2026-06-20 11:31:47,589 - mazeUtils.moveTile - [moveTile.py:79] - DEBUG - roll: 31.379999999999995 deg, practicalMoveTime: 0.3392102426430427 sec
2026-06-20 11:31:47,589 - mazeUtils.moveTile - [moveTile.py:1398] - DEBUG - moveTile loop time: 40.0 ms
2026-06-20 11:31:47,594 - picamera2.picamera2 - [picamera2.py:1391] - DEBUG - Execute job: <picamera2.job.Job object at 0x7f879a2a90>
2026-06-20 11:31:47,598 - mazeUtils.device.camera - [camera.py:39] - DEBUG - Average HSV: H=146.8, S=35.1, V=84.2
2026-06-20 11:31:47,624 - mazeUtils.moveTile - [moveTile.py:79] - DEBUG - roll: 25.54000000000002 deg, practicalMoveTime: 0.3611598095848207 sec
2026-06-20 11:31:47,626 - mazeUtils.moveTile - [moveTile.py:1398] - DEBUG - moveTile loop time: 35.8 ms
2026-06-20 11:31:47,635 - picamera2.picamera2 - [picamera2.py:1391] - DEBUG - Execute job: <picamera2.job.Job object at 0x7f8c91dd90>
2026-06-20 11:31:47,638 - mazeUtils.device.camera - [camera.py:39] - DEBUG - Average HSV: H=142.8, S=38.7, V=75.9
2026-06-20 11:31:47,671 - mazeUtils.moveTile - [moveTile.py:79] - DEBUG - roll: 24.70999999999998 deg, practicalMoveTime: 0.3900323977699068 sec
2026-06-20 11:31:47,671 - mazeUtils.moveTile - [moveTile.py:1398] - DEBUG - moveTile loop time: 45.5 ms
2026-06-20 11:31:47,676 - picamera2.picamera2 - [picamera2.py:1391] - DEBUG - Execute job: <picamera2.job.Job object at 0x7f998bad10>
2026-06-20 11:31:47,679 - mazeUtils.device.camera - [camera.py:39] - DEBUG - Average HSV: H=148.6, S=36.8, V=77.6
2026-06-20 11:31:47,708 - mazeUtils.moveTile - [moveTile.py:79] - DEBUG - roll: 24.120000000000005 deg, practicalMoveTime: 0.4134153237351249 sec
2026-06-20 11:31:47,709 - mazeUtils.moveTile - [moveTile.py:1398] - DEBUG - moveTile loop time: 37.4 ms
2026-06-20 11:31:47,715 - picamera2.picamera2 - [picamera2.py:1391] - DEBUG - Execute job: <picamera2.job.Job object at 0x7f8c91dd90>
2026-06-20 11:31:47,719 - mazeUtils.device.camera - [camera.py:39] - DEBUG - Average HSV: H=149.7, S=35.2, V=76.6
2026-06-20 11:31:47,748 - mazeUtils.moveTile - [moveTile.py:79] - DEBUG - roll: 23.519999999999982 deg, practicalMoveTime: 0.4386454552345858 sec
2026-06-20 11:31:47,749 - mazeUtils.moveTile - [moveTile.py:1398] - DEBUG - moveTile loop time: 39.7 ms
2026-06-20 11:31:47,754 - picamera2.picamera2 - [picamera2.py:1391] - DEBUG - Execute job: <picamera2.job.Job object at 0x7fa100b590>
2026-06-20 11:31:47,757 - mazeUtils.device.camera - [camera.py:39] - DEBUG - Average HSV: H=143.8, S=35.3, V=74.7
2026-06-20 11:31:47,787 - mazeUtils.moveTile - [moveTile.py:79] - DEBUG - roll: 24.569999999999993 deg, practicalMoveTime: 0.46289315741917897 sec
2026-06-20 11:31:47,788 - mazeUtils.moveTile - [moveTile.py:1398] - DEBUG - moveTile loop time: 38.3 ms
2026-06-20 11:31:47,798 - picamera2.picamera2 - [picamera2.py:1391] - DEBUG - Execute job: <picamera2.job.Job object at 0x7f87927ad0>
2026-06-20 11:31:47,802 - mazeUtils.device.camera - [camera.py:39] - DEBUG - Average HSV: H=142.0, S=34.9, V=76.6
2026-06-20 11:31:47,842 - mazeUtils.moveTile - [moveTile.py:79] - DEBUG - roll: 24.79000000000002 deg, practicalMoveTime: 0.4973790908819179 sec
2026-06-20 11:31:47,842 - mazeUtils.moveTile - [moveTile.py:1398] - DEBUG - moveTile loop time: 54.6 ms
2026-06-20 11:31:47,846 - picamera2.picamera2 - [picamera2.py:1391] - DEBUG - Execute job: <picamera2.job.Job object at 0x7f998e1550>
2026-06-20 11:31:47,849 - mazeUtils.device.camera - [camera.py:39] - DEBUG - Average HSV: H=137.1, S=39.2, V=59.8
2026-06-20 11:31:47,877 - mazeUtils.moveTile - [moveTile.py:79] - DEBUG - roll: 20.230000000000018 deg, practicalMoveTime: 0.5198300370288612 sec
2026-06-20 11:31:47,877 - mazeUtils.moveTile - [moveTile.py:1398] - DEBUG - moveTile loop time: 34.4 ms
2026-06-20 11:31:47,889 - picamera2.picamera2 - [picamera2.py:1391] - DEBUG - Execute job: <picamera2.job.Job object at 0x7f879a2a50>
2026-06-20 11:31:47,892 - mazeUtils.device.camera - [camera.py:39] - DEBUG - Average HSV: H=133.5, S=40.5, V=48.6
2026-06-20 11:31:47,923 - mazeUtils.moveTile - [moveTile.py:79] - DEBUG - roll: 18.569999999999993 deg, practicalMoveTime: 0.5502462936393658 sec
2026-06-20 11:31:47,924 - mazeUtils.moveTile - [moveTile.py:1398] - DEBUG - moveTile loop time: 46.2 ms
2026-06-20 11:31:47,929 - picamera2.picamera2 - [picamera2.py:1391] - DEBUG - Execute job: <picamera2.job.Job object at 0x7f8c92aa90>
2026-06-20 11:31:47,931 - mazeUtils.device.camera - [camera.py:39] - DEBUG - Average HSV: H=130.6, S=42.7, V=63.1
2026-06-20 11:31:47,960 - mazeUtils.moveTile - [moveTile.py:79] - DEBUG - roll: 15.610000000000014 deg, practicalMoveTime: 0.574831700475086 sec
2026-06-20 11:31:47,960 - mazeUtils.moveTile - [moveTile.py:1398] - DEBUG - moveTile loop time: 36.7 ms
2026-06-20 11:31:47,966 - picamera2.picamera2 - [picamera2.py:1391] - DEBUG - Execute job: <picamera2.job.Job object at 0x7f879a2a50>
2026-06-20 11:31:47,970 - mazeUtils.device.camera - [camera.py:39] - DEBUG - Average HSV: H=108.0, S=33.5, V=168.0
2026-06-20 11:31:48,003 - mazeUtils.moveTile - [moveTile.py:79] - DEBUG - roll: 7.480000000000018 deg, practicalMoveTime: 0.6166322589075488 sec
2026-06-20 11:31:48,003 - mazeUtils.moveTile - [moveTile.py:1398] - DEBUG - moveTile loop time: 42.6 ms
2026-06-20 11:31:48,009 - picamera2.picamera2 - [picamera2.py:1391] - DEBUG - Execute job: <picamera2.job.Job object at 0x7f8c91dd90>
2026-06-20 11:31:48,012 - mazeUtils.device.camera - [camera.py:39] - DEBUG - Average HSV: H=133.1, S=17.2, V=232.5
2026-06-20 11:31:48,038 - mazeUtils.moveTile - [moveTile.py:79] - DEBUG - roll: 3.1499999999999773 deg, practicalMoveTime: 0.6516642117925874 sec
2026-06-20 11:31:48,039 - mazeUtils.moveTile - [moveTile.py:1398] - DEBUG - moveTile loop time: 35.2 ms
2026-06-20 11:31:48,047 - picamera2.picamera2 - [picamera2.py:1391] - DEBUG - Execute job: <picamera2.job.Job object at 0x7fa100b590>
2026-06-20 11:31:48,050 - mazeUtils.device.camera - [camera.py:39] - DEBUG - Average HSV: H=109.0, S=41.0, V=209.6
2026-06-20 11:31:48,077 - mazeUtils.moveTile - [moveTile.py:79] - DEBUG - roll: 355.65 deg, practicalMoveTime: 0.6892030095306806 sec
2026-06-20 11:31:48,077 - mazeUtils.moveTile - [moveTile.py:1398] - DEBUG - moveTile loop time: 37.8 ms
2026-06-20 11:31:48,082 - picamera2.picamera2 - [picamera2.py:1391] - DEBUG - Execute job: <picamera2.job.Job object at 0x7f879a2a90>
2026-06-20 11:31:48,085 - mazeUtils.device.camera - [camera.py:39] - DEBUG - Average HSV: H=9.4, S=32.3, V=227.2
2026-06-20 11:31:48,115 - mazeUtils.moveTile - [moveTile.py:79] - DEBUG - roll: 353.44 deg, practicalMoveTime: 0.7265810331324337 sec
2026-06-20 11:31:48,115 - mazeUtils.moveTile - [moveTile.py:1398] - DEBUG - moveTile loop time: 38.1 ms
2026-06-20 11:31:48,122 - picamera2.picamera2 - [picamera2.py:1391] - DEBUG - Execute job: <picamera2.job.Job object at 0x7f8c91dd90>
2026-06-20 11:31:48,125 - mazeUtils.device.camera - [camera.py:39] - DEBUG - Average HSV: H=6.1, S=33.0, V=228.9
2026-06-20 11:31:48,153 - mazeUtils.moveTile - [moveTile.py:79] - DEBUG - roll: 350.63 deg, practicalMoveTime: 0.763459214379287 sec
2026-06-20 11:31:48,153 - mazeUtils.moveTile - [moveTile.py:1398] - DEBUG - moveTile loop time: 37.6 ms
2026-06-20 11:31:48,159 - picamera2.picamera2 - [picamera2.py:1391] - DEBUG - Execute job: <picamera2.job.Job object at 0x7fa100b590>
2026-06-20 11:31:48,162 - mazeUtils.device.camera - [camera.py:39] - DEBUG - Average HSV: H=117.8, S=38.6, V=194.5
2026-06-20 11:31:48,191 - mazeUtils.moveTile - [moveTile.py:79] - DEBUG - roll: 348.14 deg, practicalMoveTime: 0.8039619999480808 sec
2026-06-20 11:31:48,191 - mazeUtils.moveTile - [moveTile.py:1398] - DEBUG - moveTile loop time: 38.0 ms
2026-06-20 11:31:48,199 - picamera2.picamera2 - [picamera2.py:1391] - DEBUG - Execute job: <picamera2.job.Job object at 0x7f8c91d750>
2026-06-20 11:31:48,202 - mazeUtils.device.camera - [camera.py:39] - DEBUG - Average HSV: H=99.7, S=41.0, V=192.9
2026-06-20 11:31:48,241 - mazeUtils.moveTile - [moveTile.py:1344] - INFO - practicalVerticalMove: 9.592774812401744 CM
2026-06-20 11:31:48,290 - mazeUtils.moveTile - [moveTile.py:1603] - INFO - Set moved vertical distance: 9.592774812401744 cm, past distances: [(0, False), (0, False), (0, False)]
2026-06-20 11:31:48,319 - mazeUtils.moveTile - [moveTile.py:528] - DEBUG - Direction: absDirection.NORTH, Angle: 0, Distance: 132.12471233689402 cm
2026-06-20 11:31:48,319 - mazeUtils.moveTile - [moveTile.py:551] - DEBUG - Front LiDAR distance: 132.12471233689402 cm, TSD10 distance: 122.7 cm
2026-06-20 11:31:48,320 - mazeUtils.moveTile - [moveTile.py:528] - DEBUG - Direction: absDirection.EAST, Angle: 270, Distance: 15.724874020264641 cm
2026-06-20 11:31:48,321 - mazeUtils.moveTile - [moveTile.py:528] - DEBUG - Direction: absDirection.SOUTH, Angle: 180, Distance: 133.5604654602308 cm
2026-06-20 11:31:48,322 - mazeUtils.moveTile - [moveTile.py:528] - DEBUG - Direction: absDirection.WEST, Angle: 90, Distance: 19.801168163833662 cm
2026-06-20 11:31:48,326 - mazeUtils.moveTile - [moveTile.py:1724] - INFO - Tile color detection counts: {}, decided tile type: E
2026-06-20 11:31:48,387 - __main__ - [main.py:87] - INFO - Current position: (20, 19, 0), front direction: absDirection.NORTH
Layer 0 (altitude=0.0cm, offset=(0.0cm, 0.0cm)):
Known map area: x=20..20, y=19..20
+   +
| @ |
+   +
| S |
+---+
mazeAsGraph[0][19][20] = {absDirection.NORTH: (20, 18, 0, 30), absDirection.EAST: None, absDirection.SOUTH: (20, 20, 0, 30), absDirection.WEST: None}
mazeAsGraph[0][20][20] = {absDirection.NORTH: (20, 19, 0, 30), absDirection.EAST: None, absDirection.SOUTH: None, absDirection.WEST: None}
2026-06-20 11:31:48,392 - mazeUtils.mazeMap - [mazeMap.py:61] - INFO - next goal: (20, 18, 0)
2026-06-20 11:31:48,399 - mazeUtils.moveTile - [moveTile.py:79] - DEBUG - Moving to absDirection.NORTH from (20, 19, 0) facing absDirection.NORTH
2026-06-20 11:31:48,426 - mazeUtils.moveTile - [moveTile.py:79] - DEBUG - current heading: 357.69 target: 0
2026-06-20 11:31:48,446 - mazeUtils.moveTile - [moveTile.py:403] - DEBUG - stopped turning at heading: 357.69, diff: 2.3100000000000023
2026-06-20 11:31:48,724 - mazeUtils.moveTile - [moveTile.py:79] - DEBUG - Turned to heading: 359.23 deg
2026-06-20 11:31:48,937 - picamera2.picamera2 - [picamera2.py:1391] - DEBUG - Execute job: <picamera2.job.Job object at 0x7fa09e8610>
2026-06-20 11:31:48,940 - mazeUtils.device.camera - [camera.py:39] - DEBUG - Average HSV: H=133.8, S=17.7, V=226.5
2026-06-20 11:31:48,975 - mazeUtils.moveTile - [moveTile.py:79] - DEBUG - roll: 346.06 deg, practicalMoveTime: 0.04466911642658718 sec
2026-06-20 11:31:48,976 - mazeUtils.moveTile - [moveTile.py:1398] - DEBUG - moveTile loop time: 41.9 ms
2026-06-20 11:31:48,982 - picamera2.picamera2 - [picamera2.py:1391] - DEBUG - Execute job: <picamera2.job.Job object at 0x7facfe9990>
2026-06-20 11:31:48,985 - mazeUtils.device.camera - [camera.py:39] - DEBUG - Average HSV: H=133.7, S=18.1, V=226.1
2026-06-20 11:31:49,011 - mazeUtils.moveTile - [moveTile.py:79] - DEBUG - roll: 346.5 deg, practicalMoveTime: 0.0825897220573302 sec
2026-06-20 11:31:49,012 - mazeUtils.moveTile - [moveTile.py:1398] - DEBUG - moveTile loop time: 36.0 ms
2026-06-20 11:31:49,018 - picamera2.picamera2 - [picamera2.py:1391] - DEBUG - Execute job: <picamera2.job.Job object at 0x7fa09e8610>
2026-06-20 11:31:49,021 - mazeUtils.device.camera - [camera.py:39] - DEBUG - Average HSV: H=133.3, S=18.0, V=232.8
2026-06-20 11:31:49,059 - mazeUtils.moveTile - [moveTile.py:79] - DEBUG - roll: 346.68 deg, practicalMoveTime: 0.1331721663888354 sec
2026-06-20 11:31:49,060 - mazeUtils.moveTile - [moveTile.py:1398] - DEBUG - moveTile loop time: 47.5 ms
2026-06-20 11:31:49,066 - picamera2.picamera2 - [picamera2.py:1391] - DEBUG - Execute job: <picamera2.job.Job object at 0x7f998ea110>
2026-06-20 11:31:49,069 - mazeUtils.device.camera - [camera.py:39] - DEBUG - Average HSV: H=130.0, S=21.0, V=229.9
2026-06-20 11:31:49,093 - mazeUtils.moveTile - [moveTile.py:79] - DEBUG - roll: 351.61 deg, practicalMoveTime: 0.16609565867604786 sec
2026-06-20 11:31:49,093 - mazeUtils.moveTile - [moveTile.py:1398] - DEBUG - moveTile loop time: 33.7 ms
2026-06-20 11:31:49,103 - picamera2.picamera2 - [picamera2.py:1391] - DEBUG - Execute job: <picamera2.job.Job object at 0x7fa09e8610>
2026-06-20 11:31:49,106 - mazeUtils.device.camera - [camera.py:39] - DEBUG - Average HSV: H=166.6, S=23.7, V=213.0
2026-06-20 11:31:49,133 - mazeUtils.moveTile - [moveTile.py:79] - DEBUG - roll: 355.87 deg, practicalMoveTime: 0.20573373662743813 sec
2026-06-20 11:31:49,134 - mazeUtils.moveTile - [moveTile.py:1398] - DEBUG - moveTile loop time: 39.9 ms
2026-06-20 11:31:49,139 - picamera2.picamera2 - [picamera2.py:1391] - DEBUG - Execute job: <picamera2.job.Job object at 0x7fa09e8610>
2026-06-20 11:31:49,142 - mazeUtils.device.camera - [camera.py:39] - DEBUG - Average HSV: H=163.5, S=26.0, V=208.0
2026-06-20 11:31:49,172 - mazeUtils.moveTile - [moveTile.py:79] - DEBUG - roll: 356.6 deg, practicalMoveTime: 0.24350725943581458 sec
2026-06-20 11:31:49,172 - mazeUtils.moveTile - [moveTile.py:1398] - DEBUG - moveTile loop time: 38.1 ms
2026-06-20 11:31:49,179 - picamera2.picamera2 - [picamera2.py:1391] - DEBUG - Execute job: <picamera2.job.Job object at 0x7f75877a90>
2026-06-20 11:31:49,183 - mazeUtils.device.camera - [camera.py:39] - DEBUG - Average HSV: H=168.0, S=25.7, V=209.0
2026-06-20 11:31:49,213 - mazeUtils.moveTile - [moveTile.py:79] - DEBUG - roll: 356.74 deg, practicalMoveTime: 0.28448745559403477 sec
2026-06-20 11:31:49,213 - mazeUtils.moveTile - [moveTile.py:1398] - DEBUG - moveTile loop time: 41.3 ms
2026-06-20 11:31:49,220 - picamera2.picamera2 - [picamera2.py:1391] - DEBUG - Execute job: <picamera2.job.Job object at 0x7f8c8d95d0>
2026-06-20 11:31:49,223 - mazeUtils.device.camera - [camera.py:39] - DEBUG - Average HSV: H=165.5, S=26.0, V=207.1
2026-06-20 11:31:49,252 - mazeUtils.moveTile - [moveTile.py:79] - DEBUG - roll: 355.7 deg, practicalMoveTime: 0.32282661141875807 sec
2026-06-20 11:31:49,252 - mazeUtils.moveTile - [moveTile.py:1398] - DEBUG - moveTile loop time: 38.7 ms
2026-06-20 11:31:49,258 - picamera2.picamera2 - [picamera2.py:1391] - DEBUG - Execute job: <picamera2.job.Job object at 0x7f75877a90>
2026-06-20 11:31:49,261 - mazeUtils.device.camera - [camera.py:39] - DEBUG - Average HSV: H=169.7, S=25.9, V=204.8
2026-06-20 11:31:49,289 - mazeUtils.moveTile - [moveTile.py:79] - DEBUG - roll: 356.37 deg, practicalMoveTime: 0.359393268021894 sec
2026-06-20 11:31:49,290 - mazeUtils.moveTile - [moveTile.py:1398] - DEBUG - moveTile loop time: 36.6 ms
2026-06-20 11:31:49,295 - picamera2.picamera2 - [picamera2.py:1391] - DEBUG - Execute job: <picamera2.job.Job object at 0x7fa0ae86d0>
2026-06-20 11:31:49,298 - mazeUtils.device.camera - [camera.py:39] - DEBUG - Average HSV: H=172.1, S=26.0, V=208.3
2026-06-20 11:31:49,328 - mazeUtils.moveTile - [moveTile.py:79] - DEBUG - roll: 351.17 deg, practicalMoveTime: 0.3976304630060945 sec
2026-06-20 11:31:49,329 - mazeUtils.moveTile - [moveTile.py:1398] - DEBUG - moveTile loop time: 38.8 ms
2026-06-20 11:31:49,334 - picamera2.picamera2 - [picamera2.py:1391] - DEBUG - Execute job: <picamera2.job.Job object at 0x7f75877a90>
2026-06-20 11:31:49,337 - mazeUtils.device.camera - [camera.py:39] - DEBUG - Average HSV: H=171.9, S=25.9, V=209.2
2026-06-20 11:31:49,365 - mazeUtils.moveTile - [moveTile.py:79] - DEBUG - roll: 351.71 deg, practicalMoveTime: 0.43306014290120515 sec
2026-06-20 11:31:49,365 - mazeUtils.moveTile - [moveTile.py:1398] - DEBUG - moveTile loop time: 36.1 ms
2026-06-20 11:31:49,371 - picamera2.picamera2 - [picamera2.py:1391] - DEBUG - Execute job: <picamera2.job.Job object at 0x7f8c8d95d0>
2026-06-20 11:31:49,375 - mazeUtils.device.camera - [camera.py:39] - DEBUG - Average HSV: H=171.4, S=25.6, V=207.7
2026-06-20 11:31:49,403 - mazeUtils.moveTile - [moveTile.py:79] - DEBUG - roll: 352.33 deg, practicalMoveTime: 0.470187683556681 sec
2026-06-20 11:31:49,403 - mazeUtils.moveTile - [moveTile.py:1398] - DEBUG - moveTile loop time: 37.7 ms
2026-06-20 11:31:49,407 - picamera2.picamera2 - [picamera2.py:1391] - DEBUG - Execute job: <picamera2.job.Job object at 0x7facfe9990>
2026-06-20 11:31:49,410 - mazeUtils.device.camera - [camera.py:39] - DEBUG - Average HSV: H=171.2, S=25.6, V=209.4
2026-06-20 11:31:49,441 - mazeUtils.moveTile - [moveTile.py:79] - DEBUG - roll: 347.79 deg, practicalMoveTime: 0.510400139189481 sec
2026-06-20 11:31:49,441 - mazeUtils.moveTile - [moveTile.py:1398] - DEBUG - moveTile loop time: 37.6 ms
2026-06-20 11:31:49,448 - picamera2.picamera2 - [picamera2.py:1391] - DEBUG - Execute job: <picamera2.job.Job object at 0x7fa09e8610>
2026-06-20 11:31:49,451 - mazeUtils.device.camera - [camera.py:39] - DEBUG - Average HSV: H=168.7, S=23.5, V=214.9
2026-06-20 11:31:49,483 - mazeUtils.moveTile - [moveTile.py:79] - DEBUG - roll: 341.49 deg, practicalMoveTime: 0.5540821135055268 sec
2026-06-20 11:31:49,483 - mazeUtils.moveTile - [moveTile.py:1398] - DEBUG - moveTile loop time: 42.1 ms
2026-06-20 11:31:49,487 - picamera2.picamera2 - [picamera2.py:1391] - DEBUG - Execute job: <picamera2.job.Job object at 0x7fa0ae86d0>
2026-06-20 11:31:49,491 - mazeUtils.device.camera - [camera.py:39] - DEBUG - Average HSV: H=144.1, S=23.1, V=222.6
2026-06-20 11:31:49,527 - mazeUtils.moveTile - [moveTile.py:79] - DEBUG - roll: 336.23 deg, practicalMoveTime: 0.5983909326308817 sec
2026-06-20 11:31:49,528 - mazeUtils.moveTile - [moveTile.py:1398] - DEBUG - moveTile loop time: 44.4 ms
2026-06-20 11:31:49,532 - picamera2.picamera2 - [picamera2.py:1391] - DEBUG - Execute job: <picamera2.job.Job object at 0x7f8c91d750>
2026-06-20 11:31:49,536 - mazeUtils.device.camera - [camera.py:39] - DEBUG - Average HSV: H=154.0, S=23.2, V=222.1
2026-06-20 11:31:49,566 - mazeUtils.moveTile - [moveTile.py:79] - DEBUG - roll: 329.93 deg, practicalMoveTime: 0.6343833100237092 sec
2026-06-20 11:31:49,566 - mazeUtils.moveTile - [moveTile.py:1398] - DEBUG - moveTile loop time: 38.3 ms
2026-06-20 11:31:49,573 - picamera2.picamera2 - [picamera2.py:1391] - DEBUG - Execute job: <picamera2.job.Job object at 0x7f8c8d95d0>
2026-06-20 11:31:49,576 - mazeUtils.device.camera - [camera.py:39] - DEBUG - Average HSV: H=139.0, S=34.8, V=212.2
2026-06-20 11:31:49,605 - mazeUtils.moveTile - [moveTile.py:79] - DEBUG - roll: 323.88 deg, practicalMoveTime: 0.6686190897050464 sec
2026-06-20 11:31:49,605 - mazeUtils.moveTile - [moveTile.py:1398] - DEBUG - moveTile loop time: 38.6 ms
2026-06-20 11:31:49,611 - picamera2.picamera2 - [picamera2.py:1391] - DEBUG - Execute job: <picamera2.job.Job object at 0x7facfe9990>
2026-06-20 11:31:49,614 - mazeUtils.device.camera - [camera.py:39] - DEBUG - Average HSV: H=135.4, S=56.4, V=182.4
2026-06-20 11:31:49,647 - mazeUtils.moveTile - [moveTile.py:79] - DEBUG - roll: 322.61 deg, practicalMoveTime: 0.7049250840570218 sec
2026-06-20 11:31:49,648 - mazeUtils.moveTile - [moveTile.py:1398] - DEBUG - moveTile loop time: 41.7 ms
2026-06-20 11:31:49,655 - picamera2.picamera2 - [picamera2.py:1391] - DEBUG - Execute job: <picamera2.job.Job object at 0x7fa0ae86d0>
2026-06-20 11:31:49,658 - mazeUtils.device.camera - [camera.py:39] - DEBUG - Average HSV: H=123.0, S=58.8, V=204.4
2026-06-20 11:31:49,684 - mazeUtils.moveTile - [moveTile.py:79] - DEBUG - roll: 317.01 deg, practicalMoveTime: 0.7343259239226537 sec
2026-06-20 11:31:49,685 - mazeUtils.moveTile - [moveTile.py:1398] - DEBUG - moveTile loop time: 37.0 ms
2026-06-20 11:31:49,693 - picamera2.picamera2 - [picamera2.py:1391] - DEBUG - Execute job: <picamera2.job.Job object at 0x7facfe9990>
2026-06-20 11:31:49,697 - mazeUtils.device.camera - [camera.py:39] - DEBUG - Average HSV: H=123.9, S=121.4, V=123.1
2026-06-20 11:31:49,726 - mazeUtils.moveTile - [moveTile.py:79] - DEBUG - roll: 312.65 deg, practicalMoveTime: 0.7653801388518021 sec
2026-06-20 11:31:49,727 - mazeUtils.moveTile - [moveTile.py:1398] - DEBUG - moveTile loop time: 42.0 ms
2026-06-20 11:31:49,740 - picamera2.picamera2 - [picamera2.py:1391] - DEBUG - Execute job: <picamera2.job.Job object at 0x7f8c8d95d0>
2026-06-20 11:31:49,743 - mazeUtils.device.camera - [camera.py:39] - DEBUG - Average HSV: H=126.2, S=129.4, V=105.9
2026-06-20 11:31:49,781 - mazeUtils.moveTile - [moveTile.py:79] - DEBUG - roll: 315.24 deg, practicalMoveTime: 0.8077084263836437 sec
2026-06-20 11:31:49,782 - mazeUtils.moveTile - [moveTile.py:1398] - DEBUG - moveTile loop time: 54.5 ms
2026-06-20 11:31:49,793 - picamera2.picamera2 - [picamera2.py:1391] - DEBUG - Execute job: <picamera2.job.Job object at 0x7facfe9990>
2026-06-20 11:31:49,796 - mazeUtils.device.camera - [camera.py:39] - DEBUG - Average HSV: H=133.8, S=99.9, V=79.9
2026-06-20 11:31:49,834 - picamera2.picamera2 - [picamera2.py:1391] - DEBUG - Execute job: <picamera2.job.Job object at 0x7fa09e8610>
2026-06-20 11:31:49,837 - mazeUtils.device.camera - [camera.py:39] - DEBUG - Average HSV: H=153.2, S=70.7, V=58.9
2026-06-20 11:31:49,874 - mazeUtils.moveTile - [moveTile.py:79] - DEBUG - roll: 320.19 deg, practicalMoveTime: 0.8859138005243745 sec
2026-06-20 11:31:49,875 - mazeUtils.moveTile - [moveTile.py:1398] - DEBUG - moveTile loop time: 49.1 ms
2026-06-20 11:31:49,881 - picamera2.picamera2 - [picamera2.py:1391] - DEBUG - Execute job: <picamera2.job.Job object at 0x7f8c91d750>
2026-06-20 11:31:49,884 - mazeUtils.device.camera - [camera.py:39] - DEBUG - Average HSV: H=152.0, S=59.9, V=59.7
2026-06-20 11:31:49,914 - mazeUtils.moveTile - [moveTile.py:79] - DEBUG - roll: 322.85 deg, practicalMoveTime: 0.9196874221414996 sec
2026-06-20 11:31:49,914 - mazeUtils.moveTile - [moveTile.py:1398] - DEBUG - moveTile loop time: 38.8 ms
2026-06-20 11:31:49,923 - picamera2.picamera2 - [picamera2.py:1391] - DEBUG - Execute job: <picamera2.job.Job object at 0x7facfe9990>
2026-06-20 11:31:49,926 - mazeUtils.device.camera - [camera.py:39] - DEBUG - Average HSV: H=143.8, S=70.2, V=67.4
2026-06-20 11:31:49,959 - mazeUtils.moveTile - [moveTile.py:79] - DEBUG - roll: 328.34 deg, practicalMoveTime: 0.9618397667948031 sec
2026-06-20 11:31:49,959 - mazeUtils.moveTile - [moveTile.py:1398] - DEBUG - moveTile loop time: 45.3 ms
2026-06-20 11:31:49,968 - picamera2.picamera2 - [picamera2.py:1391] - DEBUG - Execute job: <picamera2.job.Job object at 0x7fa0ae86d0>
2026-06-20 11:31:49,971 - mazeUtils.device.camera - [camera.py:39] - DEBUG - Average HSV: H=146.1, S=66.3, V=69.8
2026-06-20 11:31:50,005 - mazeUtils.moveTile - [moveTile.py:79] - DEBUG - roll: 334.0 deg, practicalMoveTime: 1.0071407821289096 sec
2026-06-20 11:31:50,006 - mazeUtils.moveTile - [moveTile.py:1398] - DEBUG - moveTile loop time: 46.4 ms
2026-06-20 11:31:50,016 - picamera2.picamera2 - [picamera2.py:1391] - DEBUG - Execute job: <picamera2.job.Job object at 0x7f8c8d95d0>
2026-06-20 11:31:50,019 - mazeUtils.device.camera - [camera.py:39] - DEBUG - Average HSV: H=158.7, S=52.6, V=85.3
2026-06-20 11:31:50,063 - mazeUtils.moveTile - [moveTile.py:79] - DEBUG - roll: 340.7 deg, practicalMoveTime: 1.0657430178996936 sec
2026-06-20 11:31:50,063 - mazeUtils.moveTile - [moveTile.py:1398] - DEBUG - moveTile loop time: 56.7 ms
2026-06-20 11:31:50,069 - picamera2.picamera2 - [picamera2.py:1391] - DEBUG - Execute job: <picamera2.job.Job object at 0x7f75877a90>
2026-06-20 11:31:50,072 - mazeUtils.device.camera - [camera.py:39] - DEBUG - Average HSV: H=164.7, S=26.6, V=194.4
2026-06-20 11:31:50,102 - mazeUtils.moveTile - [moveTile.py:79] - DEBUG - roll: 347.62 deg, practicalMoveTime: 1.107895779032157 sec
2026-06-20 11:31:50,103 - mazeUtils.moveTile - [moveTile.py:1398] - DEBUG - moveTile loop time: 39.5 ms
2026-06-20 11:31:50,108 - picamera2.picamera2 - [picamera2.py:1391] - DEBUG - Execute job: <picamera2.job.Job object at 0x7fa0ae86d0>
2026-06-20 11:31:50,111 - mazeUtils.device.camera - [camera.py:39] - DEBUG - Average HSV: H=160.7, S=33.5, V=185.1
2026-06-20 11:31:50,138 - mazeUtils.moveTile - [moveTile.py:79] - DEBUG - roll: 346.90999999999997 deg, practicalMoveTime: 1.1459181101198328 sec
2026-06-20 11:31:50,139 - mazeUtils.moveTile - [moveTile.py:1398] - DEBUG - moveTile loop time: 35.9 ms
2026-06-20 11:31:50,145 - picamera2.picamera2 - [picamera2.py:1391] - DEBUG - Execute job: <picamera2.job.Job object at 0x7f75877a90>
2026-06-20 11:31:50,148 - mazeUtils.device.camera - [camera.py:39] - DEBUG - Average HSV: H=161.8, S=31.2, V=181.3
2026-06-20 11:31:50,177 - mazeUtils.moveTile - [moveTile.py:79] - DEBUG - roll: 352.37 deg, practicalMoveTime: 1.1832575557726015 sec
2026-06-20 11:31:50,177 - mazeUtils.moveTile - [moveTile.py:1398] - DEBUG - moveTile loop time: 37.9 ms
2026-06-20 11:31:50,183 - picamera2.picamera2 - [picamera2.py:1391] - DEBUG - Execute job: <picamera2.job.Job object at 0x7f998eb710>
2026-06-20 11:31:50,186 - mazeUtils.device.camera - [camera.py:39] - DEBUG - Average HSV: H=160.6, S=30.7, V=183.0
2026-06-20 11:31:50,217 - mazeUtils.moveTile - [moveTile.py:79] - DEBUG - roll: 350.75 deg, practicalMoveTime: 1.2226453633400116 sec
2026-06-20 11:31:50,217 - mazeUtils.moveTile - [moveTile.py:1398] - DEBUG - moveTile loop time: 40.2 ms
2026-06-20 11:31:50,224 - picamera2.picamera2 - [picamera2.py:1391] - DEBUG - Execute job: <picamera2.job.Job object at 0x7facfe9990>
2026-06-20 11:31:50,226 - mazeUtils.device.camera - [camera.py:39] - DEBUG - Average HSV: H=159.9, S=29.8, V=183.0
2026-06-20 11:31:50,255 - mazeUtils.moveTile - [moveTile.py:79] - DEBUG - roll: 353.54 deg, practicalMoveTime: 1.2599689998853667 sec
2026-06-20 11:31:50,256 - mazeUtils.moveTile - [moveTile.py:1398] - DEBUG - moveTile loop time: 37.8 ms
2026-06-20 11:31:50,268 - picamera2.picamera2 - [picamera2.py:1391] - DEBUG - Execute job: <picamera2.job.Job object at 0x7f8c8d95d0>
2026-06-20 11:31:50,271 - mazeUtils.device.camera - [camera.py:39] - DEBUG - Average HSV: H=157.9, S=34.4, V=170.1
2026-06-20 11:31:50,299 - mazeUtils.moveTile - [moveTile.py:79] - DEBUG - roll: 351.07 deg, practicalMoveTime: 1.3030665018087677 sec
2026-06-20 11:31:50,300 - mazeUtils.moveTile - [moveTile.py:1398] - DEBUG - moveTile loop time: 43.9 ms
2026-06-20 11:31:50,305 - picamera2.picamera2 - [picamera2.py:1391] - DEBUG - Execute job: <picamera2.job.Job object at 0x7facfe9990>
2026-06-20 11:31:50,308 - mazeUtils.device.camera - [camera.py:39] - DEBUG - Average HSV: H=158.2, S=32.7, V=172.8
2026-06-20 11:31:50,338 - mazeUtils.moveTile - [moveTile.py:79] - DEBUG - roll: 352.6 deg, practicalMoveTime: 1.3408177316904615 sec
2026-06-20 11:31:50,338 - mazeUtils.moveTile - [moveTile.py:1398] - DEBUG - moveTile loop time: 38.2 ms
2026-06-20 11:31:50,346 - picamera2.picamera2 - [picamera2.py:1391] - DEBUG - Execute job: <picamera2.job.Job object at 0x7fa09e8610>
2026-06-20 11:31:50,349 - mazeUtils.device.camera - [camera.py:39] - DEBUG - Average HSV: H=158.2, S=33.5, V=171.1
2026-06-20 11:31:50,382 - mazeUtils.moveTile - [moveTile.py:79] - DEBUG - roll: 351.87 deg, practicalMoveTime: 1.3843343638834376 sec
2026-06-20 11:31:50,383 - mazeUtils.moveTile - [moveTile.py:1398] - DEBUG - moveTile loop time: 44.1 ms
2026-06-20 11:31:50,388 - picamera2.picamera2 - [picamera2.py:1391] - DEBUG - Execute job: <picamera2.job.Job object at 0x7f8c91d750>
2026-06-20 11:31:50,392 - mazeUtils.device.camera - [camera.py:39] - DEBUG - Average HSV: H=155.8, S=38.0, V=159.7
2026-06-20 11:31:50,427 - mazeUtils.moveTile - [moveTile.py:79] - DEBUG - roll: 352.13 deg, practicalMoveTime: 1.4278657683721452 sec
2026-06-20 11:31:50,427 - mazeUtils.moveTile - [moveTile.py:1398] - DEBUG - moveTile loop time: 44.1 ms
2026-06-20 11:31:50,433 - picamera2.picamera2 - [picamera2.py:1391] - DEBUG - Execute job: <picamera2.job.Job object at 0x7f75877a90>
2026-06-20 11:31:50,437 - mazeUtils.device.camera - [camera.py:39] - DEBUG - Average HSV: H=153.6, S=35.9, V=159.5
2026-06-20 11:31:50,464 - mazeUtils.moveTile - [moveTile.py:79] - DEBUG - roll: 352.6 deg, practicalMoveTime: 1.4640589059076228 sec
2026-06-20 11:31:50,464 - mazeUtils.moveTile - [moveTile.py:1398] - DEBUG - moveTile loop time: 36.7 ms
2026-06-20 11:31:50,468 - picamera2.picamera2 - [picamera2.py:1391] - DEBUG - Execute job: <picamera2.job.Job object at 0x7facfe9990>
2026-06-20 11:31:50,471 - mazeUtils.device.camera - [camera.py:39] - DEBUG - Average HSV: H=155.8, S=35.0, V=164.1
2026-06-20 11:31:50,496 - mazeUtils.moveTile - [moveTile.py:79] - DEBUG - roll: 352.76 deg, practicalMoveTime: 1.495815895375265 sec
2026-06-20 11:31:50,497 - mazeUtils.moveTile - [moveTile.py:1398] - DEBUG - moveTile loop time: 32.3 ms
2026-06-20 11:31:50,508 - picamera2.picamera2 - [picamera2.py:1391] - DEBUG - Execute job: <picamera2.job.Job object at 0x7fa09e8610>
2026-06-20 11:31:50,512 - mazeUtils.device.camera - [camera.py:39] - DEBUG - Average HSV: H=154.7, S=39.1, V=157.1
2026-06-20 11:31:50,541 - mazeUtils.moveTile - [moveTile.py:79] - DEBUG - roll: 351.85 deg, practicalMoveTime: 1.539490842147541 sec
2026-06-20 11:31:50,541 - mazeUtils.moveTile - [moveTile.py:1398] - DEBUG - moveTile loop time: 44.3 ms
2026-06-20 11:31:50,547 - picamera2.picamera2 - [picamera2.py:1391] - DEBUG - Execute job: <picamera2.job.Job object at 0x7fa0ae86d0>
2026-06-20 11:31:50,550 - mazeUtils.device.camera - [camera.py:39] - DEBUG - Average HSV: H=150.3, S=42.3, V=149.9
2026-06-20 11:31:50,583 - mazeUtils.moveTile - [moveTile.py:79] - DEBUG - roll: 351.7 deg, practicalMoveTime: 1.5803241063964026 sec
2026-06-20 11:31:50,583 - mazeUtils.moveTile - [moveTile.py:1398] - DEBUG - moveTile loop time: 41.5 ms
2026-06-20 11:31:50,589 - picamera2.picamera2 - [picamera2.py:1391] - DEBUG - Execute job: <picamera2.job.Job object at 0x7fa09e8610>
2026-06-20 11:31:50,593 - mazeUtils.device.camera - [camera.py:39] - DEBUG - Average HSV: H=151.8, S=40.3, V=154.9
2026-06-20 11:31:50,619 - mazeUtils.moveTile - [moveTile.py:79] - DEBUG - roll: 352.5 deg, practicalMoveTime: 1.616132196670754 sec
2026-06-20 11:31:50,620 - mazeUtils.moveTile - [moveTile.py:1398] - DEBUG - moveTile loop time: 36.7 ms
2026-06-20 11:31:50,625 - picamera2.picamera2 - [picamera2.py:1391] - DEBUG - Execute job: <picamera2.job.Job object at 0x7fa0ae86d0>
2026-06-20 11:31:50,629 - mazeUtils.device.camera - [camera.py:39] - DEBUG - Average HSV: H=147.8, S=44.8, V=146.2
2026-06-20 11:31:50,659 - mazeUtils.moveTile - [moveTile.py:1344] - INFO - practicalVerticalMove: -19.798532842163937 CM
2026-06-20 11:31:50,700 - mazeUtils.moveTile - [moveTile.py:1517] - INFO - Set slope for tile at absDirection.NORTH, horizontal: 30 cm, vertical: -15 cm based on roll 317.47 deg
2026-06-20 11:31:50,718 - mazeUtils.moveTile - [moveTile.py:528] - DEBUG - Direction: absDirection.NORTH, Angle: 0, Distance: 65.80800949376031 cm
2026-06-20 11:31:50,719 - mazeUtils.moveTile - [moveTile.py:551] - DEBUG - Front LiDAR distance: 65.80800949376031 cm, TSD10 distance: 55.0 cm
2026-06-20 11:31:50,719 - mazeUtils.moveTile - [moveTile.py:528] - DEBUG - Direction: absDirection.EAST, Angle: 270, Distance: 90.98429652401529 cm
2026-06-20 11:31:50,720 - mazeUtils.moveTile - [moveTile.py:528] - DEBUG - Direction: absDirection.SOUTH, Angle: 180, Distance: 46.776451447682376 cm
2026-06-20 11:31:50,721 - mazeUtils.moveTile - [moveTile.py:528] - DEBUG - Direction: absDirection.WEST, Angle: 90, Distance: 135.08659545323394 cm
2026-06-20 11:31:50,723 - mazeUtils.moveTile - [moveTile.py:1724] - INFO - Tile color detection counts: {}, decided tile type: E
2026-06-20 11:31:50,797 - __main__ - [main.py:87] - INFO - Current position: (20, 19, 1), front direction: absDirection.NORTH
Layer 0 (altitude=0.0cm, offset=(0.0cm, 0.0cm)):
Known map area: x=20..20, y=19..20
+   +
| E |
+   +
| S |
+---+
Layer 1 (altitude=-15.0cm, offset=(0.0cm, -60.0cm)):
Known map area: x=20..20, y=19..19
+   +
  @  
+   +
mazeAsGraph[0][19][20] = {absDirection.NORTH: (20, 19, 1, 60), absDirection.EAST: None, absDirection.SOUTH: (20, 20, 0, 30), absDirection.WEST: None}
mazeAsGraph[0][20][20] = {absDirection.NORTH: (20, 19, 0, 30), absDirection.EAST: None, absDirection.SOUTH: None, absDirection.WEST: None}
mazeAsGraph[1][19][20] = {absDirection.NORTH: (20, 18, 1, 30), absDirection.EAST: (21, 19, 1, 30), absDirection.SOUTH: (20, 19, 0, 60), absDirection.WEST: (19, 19, 1, 30)}
2026-06-20 11:31:50,806 - mazeUtils.mazeMap - [mazeMap.py:61] - INFO - next goal: (20, 18, 1)
2026-06-20 11:31:50,814 - mazeUtils.moveTile - [moveTile.py:79] - DEBUG - Moving to absDirection.NORTH from (20, 19, 1) facing absDirection.NORTH
2026-06-20 11:31:50,838 - mazeUtils.moveTile - [moveTile.py:79] - DEBUG - current heading: 358.55 target: 0
2026-06-20 11:31:50,857 - mazeUtils.moveTile - [moveTile.py:403] - DEBUG - stopped turning at heading: 358.55, diff: 1.4499999999999886
2026-06-20 11:31:50,922 - mazeUtils.moveTile - [moveTile.py:79] - DEBUG - Turned to heading: 359.46 deg
2026-06-20 11:31:51,131 - picamera2.picamera2 - [picamera2.py:1391] - DEBUG - Execute job: <picamera2.job.Job object at 0x7f8c8573d0>
2026-06-20 11:31:51,138 - mazeUtils.device.camera - [camera.py:39] - DEBUG - Average HSV: H=145.5, S=49.6, V=138.8
2026-06-20 11:31:51,170 - mazeUtils.moveTile - [moveTile.py:79] - DEBUG - roll: 351.98 deg, practicalMoveTime: 0.04565444778317425 sec
2026-06-20 11:31:51,170 - mazeUtils.moveTile - [moveTile.py:1398] - DEBUG - moveTile loop time: 43.9 ms
2026-06-20 11:31:51,176 - picamera2.picamera2 - [picamera2.py:1391] - DEBUG - Execute job: <picamera2.job.Job object at 0x7f7572df50>
2026-06-20 11:31:51,180 - mazeUtils.device.camera - [camera.py:39] - DEBUG - Average HSV: H=145.3, S=49.5, V=138.9
2026-06-20 11:31:51,216 - mazeUtils.moveTile - [moveTile.py:79] - DEBUG - roll: 351.84 deg, practicalMoveTime: 0.0911776352571158 sec
2026-06-20 11:31:51,217 - mazeUtils.moveTile - [moveTile.py:1398] - DEBUG - moveTile loop time: 46.3 ms
2026-06-20 11:31:51,223 - picamera2.picamera2 - [picamera2.py:1391] - DEBUG - Execute job: <picamera2.job.Job object at 0x7f75745b10>
2026-06-20 11:31:51,227 - mazeUtils.device.camera - [camera.py:39] - DEBUG - Average HSV: H=143.9, S=50.2, V=139.5
2026-06-20 11:31:51,259 - mazeUtils.moveTile - [moveTile.py:79] - DEBUG - roll: 351.74 deg, practicalMoveTime: 0.13310747502805179 sec
2026-06-20 11:31:51,260 - mazeUtils.moveTile - [moveTile.py:1398] - DEBUG - moveTile loop time: 42.5 ms
2026-06-20 11:31:51,266 - picamera2.picamera2 - [picamera2.py:1391] - DEBUG - Execute job: <picamera2.job.Job object at 0x7f7572df10>
2026-06-20 11:31:51,272 - mazeUtils.device.camera - [camera.py:39] - DEBUG - Average HSV: H=141.5, S=52.7, V=140.1
2026-06-20 11:31:51,306 - mazeUtils.moveTile - [moveTile.py:79] - DEBUG - roll: 352.4 deg, practicalMoveTime: 0.17873884229091344 sec
2026-06-20 11:31:51,307 - mazeUtils.moveTile - [moveTile.py:1398] - DEBUG - moveTile loop time: 44.8 ms
2026-06-20 11:31:51,313 - picamera2.picamera2 - [picamera2.py:1391] - DEBUG - Execute job: <picamera2.job.Job object at 0x7f75745950>
2026-06-20 11:31:51,318 - mazeUtils.device.camera - [camera.py:39] - DEBUG - Average HSV: H=140.7, S=54.9, V=136.9
2026-06-20 11:31:51,347 - mazeUtils.moveTile - [moveTile.py:79] - DEBUG - roll: 351.06 deg, practicalMoveTime: 0.21802158649947395 sec
2026-06-20 11:31:51,347 - mazeUtils.moveTile - [moveTile.py:1398] - DEBUG - moveTile loop time: 40.1 ms
2026-06-20 11:31:51,352 - picamera2.picamera2 - [picamera2.py:1391] - DEBUG - Execute job: <picamera2.job.Job object at 0x7f8c8573d0>
2026-06-20 11:31:51,357 - mazeUtils.device.camera - [camera.py:39] - DEBUG - Average HSV: H=140.0, S=54.6, V=139.8
2026-06-20 11:31:51,385 - mazeUtils.moveTile - [moveTile.py:79] - DEBUG - roll: 351.40999999999997 deg, practicalMoveTime: 0.2555666649948484 sec
2026-06-20 11:31:51,386 - mazeUtils.moveTile - [moveTile.py:1398] - DEBUG - moveTile loop time: 38.5 ms
2026-06-20 11:31:51,392 - picamera2.picamera2 - [picamera2.py:1391] - DEBUG - Execute job: <picamera2.job.Job object at 0x7f7572df10>
2026-06-20 11:31:51,396 - mazeUtils.device.camera - [camera.py:39] - DEBUG - Average HSV: H=137.8, S=58.3, V=136.0
2026-06-20 11:31:51,425 - mazeUtils.moveTile - [moveTile.py:79] - DEBUG - roll: 351.99 deg, practicalMoveTime: 0.29407004824819927 sec
2026-06-20 11:31:51,426 - mazeUtils.moveTile - [moveTile.py:1398] - DEBUG - moveTile loop time: 39.5 ms
2026-06-20 11:31:51,433 - picamera2.picamera2 - [picamera2.py:1391] - DEBUG - Execute job: <picamera2.job.Job object at 0x7f75877a90>
2026-06-20 11:31:51,437 - mazeUtils.device.camera - [camera.py:39] - DEBUG - Average HSV: H=136.1, S=59.0, V=137.1
2026-06-20 11:31:51,463 - mazeUtils.moveTile - [moveTile.py:79] - DEBUG - roll: 352.49 deg, practicalMoveTime: 0.33085708309883743 sec
2026-06-20 11:31:51,464 - mazeUtils.moveTile - [moveTile.py:1398] - DEBUG - moveTile loop time: 37.4 ms
2026-06-20 11:31:51,470 - picamera2.picamera2 - [picamera2.py:1391] - DEBUG - Execute job: <picamera2.job.Job object at 0x7f8797a390>
2026-06-20 11:31:51,474 - mazeUtils.device.camera - [camera.py:39] - DEBUG - Average HSV: H=136.2, S=59.4, V=138.6
2026-06-20 11:31:51,501 - mazeUtils.moveTile - [moveTile.py:79] - DEBUG - roll: 350.96 deg, practicalMoveTime: 0.36738967347723506 sec
2026-06-20 11:31:51,501 - mazeUtils.moveTile - [moveTile.py:1398] - DEBUG - moveTile loop time: 37.3 ms
2026-06-20 11:31:51,509 - picamera2.picamera2 - [picamera2.py:1391] - DEBUG - Execute job: <picamera2.job.Job object at 0x7f8c8573d0>
2026-06-20 11:31:51,513 - mazeUtils.device.camera - [camera.py:39] - DEBUG - Average HSV: H=137.8, S=58.4, V=134.1
2026-06-20 11:31:51,545 - mazeUtils.moveTile - [moveTile.py:79] - DEBUG - roll: 352.74 deg, practicalMoveTime: 0.4100106279850661 sec
2026-06-20 11:31:51,545 - mazeUtils.moveTile - [moveTile.py:1398] - DEBUG - moveTile loop time: 43.2 ms
2026-06-20 11:31:51,552 - picamera2.picamera2 - [picamera2.py:1391] - DEBUG - Execute job: <picamera2.job.Job object at 0x7f7572df10>
2026-06-20 11:31:51,558 - mazeUtils.device.camera - [camera.py:39] - DEBUG - Average HSV: H=135.8, S=64.4, V=130.3
2026-06-20 11:31:51,590 - mazeUtils.moveTile - [moveTile.py:79] - DEBUG - roll: 352.40999999999997 deg, practicalMoveTime: 0.45408469915558497 sec
2026-06-20 11:31:51,591 - mazeUtils.moveTile - [moveTile.py:1398] - DEBUG - moveTile loop time: 45.1 ms
2026-06-20 11:31:51,595 - picamera2.picamera2 - [picamera2.py:1391] - DEBUG - Execute job: <picamera2.job.Job object at 0x7f8c8573d0>
2026-06-20 11:31:51,599 - mazeUtils.device.camera - [camera.py:39] - DEBUG - Average HSV: H=137.5, S=64.7, V=125.8
2026-06-20 11:31:51,629 - mazeUtils.moveTile - [moveTile.py:79] - DEBUG - roll: 350.52 deg, practicalMoveTime: 0.49155102911818216 sec
2026-06-20 11:31:51,629 - mazeUtils.moveTile - [moveTile.py:1398] - DEBUG - moveTile loop time: 38.2 ms
2026-06-20 11:31:51,635 - picamera2.picamera2 - [picamera2.py:1391] - DEBUG - Execute job: <picamera2.job.Job object at 0x7f7572df10>
2026-06-20 11:31:51,640 - mazeUtils.device.camera - [camera.py:39] - DEBUG - Average HSV: H=137.2, S=62.9, V=124.9
2026-06-20 11:31:51,672 - mazeUtils.moveTile - [moveTile.py:79] - DEBUG - roll: 352.55 deg, practicalMoveTime: 0.5341263208917552 sec
2026-06-20 11:31:51,673 - mazeUtils.moveTile - [moveTile.py:1398] - DEBUG - moveTile loop time: 43.3 ms
2026-06-20 11:31:51,678 - picamera2.picamera2 - [picamera2.py:1391] - DEBUG - Execute job: <picamera2.job.Job object at 0x7f7572df10>
2026-06-20 11:31:51,683 - mazeUtils.device.camera - [camera.py:39] - DEBUG - Average HSV: H=134.4, S=69.4, V=116.3
2026-06-20 11:31:51,712 - mazeUtils.moveTile - [moveTile.py:79] - DEBUG - roll: 352.01 deg, practicalMoveTime: 0.5725052774006216 sec
2026-06-20 11:31:51,712 - mazeUtils.moveTile - [moveTile.py:1398] - DEBUG - moveTile loop time: 39.1 ms
2026-06-20 11:31:51,719 - picamera2.picamera2 - [picamera2.py:1391] - DEBUG - Execute job: <picamera2.job.Job object at 0x7f8797aad0>
2026-06-20 11:31:51,724 - mazeUtils.device.camera - [camera.py:39] - DEBUG - Average HSV: H=131.9, S=73.7, V=112.0
2026-06-20 11:31:51,753 - mazeUtils.moveTile - [moveTile.py:79] - DEBUG - roll: 351.23 deg, practicalMoveTime: 0.6125484218314596 sec
2026-06-20 11:31:51,754 - mazeUtils.moveTile - [moveTile.py:1398] - DEBUG - moveTile loop time: 40.9 ms
2026-06-20 11:31:51,759 - picamera2.picamera2 - [picamera2.py:1391] - DEBUG - Execute job: <picamera2.job.Job object at 0x7fa0ae86d0>
2026-06-20 11:31:51,764 - mazeUtils.device.camera - [camera.py:39] - DEBUG - Average HSV: H=125.3, S=113.8, V=82.4
2026-06-20 11:31:51,794 - mazeUtils.moveTile - [moveTile.py:79] - DEBUG - roll: 351.49 deg, practicalMoveTime: 0.6523956543272762 sec
2026-06-20 11:31:51,794 - mazeUtils.moveTile - [moveTile.py:1398] - DEBUG - moveTile loop time: 40.5 ms
2026-06-20 11:31:51,804 - picamera2.picamera2 - [picamera2.py:1391] - DEBUG - Execute job: <picamera2.job.Job object at 0x7f998a49d0>
2026-06-20 11:31:51,809 - mazeUtils.device.camera - [camera.py:39] - DEBUG - Average HSV: H=113.0, S=137.3, V=9.7
2026-06-20 11:31:51,839 - mazeUtils.moveTile - [moveTile.py:79] - DEBUG - roll: 352.92 deg, practicalMoveTime: 0.6967828813184239 sec
2026-06-20 11:31:51,840 - mazeUtils.moveTile - [moveTile.py:1398] - DEBUG - moveTile loop time: 45.1 ms
2026-06-20 11:31:51,846 - picamera2.picamera2 - [picamera2.py:1391] - DEBUG - Execute job: <picamera2.job.Job object at 0x7f75745a50>
2026-06-20 11:31:51,851 - mazeUtils.device.camera - [camera.py:39] - DEBUG - Average HSV: H=109.7, S=93.8, V=10.7
2026-06-20 11:31:51,882 - mazeUtils.moveTile - [moveTile.py:79] - DEBUG - roll: 351.58 deg, practicalMoveTime: 0.7385021635250664 sec
2026-06-20 11:31:51,883 - mazeUtils.moveTile - [moveTile.py:1398] - DEBUG - moveTile loop time: 42.6 ms
2026-06-20 11:31:51,888 - picamera2.picamera2 - [picamera2.py:1391] - DEBUG - Execute job: <picamera2.job.Job object at 0x7fa0ae86d0>
2026-06-20 11:31:51,893 - mazeUtils.device.camera - [camera.py:39] - DEBUG - Average HSV: H=107.0, S=96.2, V=10.1
2026-06-20 11:31:51,923 - mazeUtils.moveTile - [moveTile.py:79] - DEBUG - roll: 351.96999999999997 deg, practicalMoveTime: 0.7786429989091864 sec
2026-06-20 11:31:51,925 - mazeUtils.moveTile - [moveTile.py:1398] - DEBUG - moveTile loop time: 41.9 ms
2026-06-20 11:31:51,931 - picamera2.picamera2 - [picamera2.py:1391] - DEBUG - Execute job: <picamera2.job.Job object at 0x7f8797aad0>
2026-06-20 11:31:51,937 - mazeUtils.device.camera - [camera.py:39] - DEBUG - Average HSV: H=109.3, S=98.7, V=11.7
2026-06-20 11:31:51,969 - mazeUtils.moveTile - [moveTile.py:79] - DEBUG - roll: 352.59 deg, practicalMoveTime: 0.8223941380017193 sec
2026-06-20 11:31:51,970 - mazeUtils.moveTile - [moveTile.py:1398] - DEBUG - moveTile loop time: 44.5 ms
2026-06-20 11:31:51,975 - picamera2.picamera2 - [picamera2.py:1391] - DEBUG - Execute job: <picamera2.job.Job object at 0x7f75745a50>
2026-06-20 11:31:51,981 - mazeUtils.device.camera - [camera.py:39] - DEBUG - Average HSV: H=110.1, S=102.3, V=11.2
2026-06-20 11:31:52,009 - mazeUtils.moveTile - [moveTile.py:1344] - INFO - practicalVerticalMove: -4.378544653882973 CM
2026-06-20 11:31:52,056 - mazeUtils.moveTile - [moveTile.py:1603] - INFO - Set moved vertical distance: -4.378544653882973 cm, past distances: [(0, False), (9.592774812401744, False), (0, False)]
2026-06-20 11:31:52,110 - mazeUtils.moveTile - [moveTile.py:528] - DEBUG - Direction: absDirection.NORTH, Angle: 0, Distance: 35.50313334027946 cm
2026-06-20 11:31:52,111 - mazeUtils.moveTile - [moveTile.py:551] - DEBUG - Front LiDAR distance: 35.50313334027946 cm, TSD10 distance: 23.7 cm
2026-06-20 11:31:52,112 - mazeUtils.moveTile - [moveTile.py:528] - DEBUG - Direction: absDirection.EAST, Angle: 270, Distance: 94.13769918838008 cm
2026-06-20 11:31:52,114 - mazeUtils.moveTile - [moveTile.py:528] - DEBUG - Direction: absDirection.SOUTH, Angle: 180, Distance: 124.14297122076486 cm
2026-06-20 11:31:52,115 - mazeUtils.moveTile - [moveTile.py:528] - DEBUG - Direction: absDirection.WEST, Angle: 90, Distance: 73.49758768530216 cm
2026-06-20 11:31:52,117 - mazeUtils.moveTile - [moveTile.py:1724] - INFO - Tile color detection counts: {}, decided tile type: B
2026-06-20 11:31:52,211 - __main__ - [main.py:87] - INFO - Current position: (20, 18, 1), front direction: absDirection.NORTH
Layer 0 (altitude=0.0cm, offset=(0.0cm, 0.0cm)):
Known map area: x=20..20, y=19..20
+   +
| E |
+   +
| S |
+---+
Layer 1 (altitude=-15.0cm, offset=(0.0cm, -60.0cm)):
Known map area: x=20..20, y=18..19
+   +
  @  
+   +
  E  
+   +
mazeAsGraph[0][19][20] = {absDirection.NORTH: (20, 19, 1, 60), absDirection.EAST: None, absDirection.SOUTH: (20, 20, 0, 30), absDirection.WEST: None}
mazeAsGraph[0][20][20] = {absDirection.NORTH: (20, 19, 0, 30), absDirection.EAST: None, absDirection.SOUTH: None, absDirection.WEST: None}
mazeAsGraph[1][18][20] = {absDirection.NORTH: (20, 17, 1, 30), absDirection.EAST: (21, 18, 1, 30), absDirection.SOUTH: (20, 19, 1, 30), absDirection.WEST: (19, 18, 1, 30)}
mazeAsGraph[1][19][20] = {absDirection.NORTH: (20, 18, 1, 30), absDirection.EAST: (21, 19, 1, 30), absDirection.SOUTH: (20, 19, 0, 60), absDirection.WEST: (19, 19, 1, 30)}
2026-06-20 11:31:52,219 - mazeUtils.mazeMap - [mazeMap.py:61] - INFO - next goal: (20, 17, 1)
2026-06-20 11:31:52,225 - mazeUtils.moveTile - [moveTile.py:79] - DEBUG - Moving to absDirection.NORTH from (20, 18, 1) facing absDirection.NORTH
2026-06-20 11:31:52,252 - mazeUtils.moveTile - [moveTile.py:79] - DEBUG - current heading: 356.63 target: 0
2026-06-20 11:31:52,271 - mazeUtils.moveTile - [moveTile.py:403] - DEBUG - stopped turning at heading: 356.63, diff: 3.3700000000000045
2026-06-20 11:31:52,790 - mazeUtils.moveTile - [moveTile.py:79] - DEBUG - Turned to heading: 359.23 deg
2026-06-20 11:31:53,015 - picamera2.picamera2 - [picamera2.py:1391] - DEBUG - Execute job: <picamera2.job.Job object at 0x7f757456d0>
2026-06-20 11:31:53,019 - mazeUtils.device.camera - [camera.py:39] - DEBUG - Average HSV: H=108.7, S=106.3, V=10.0
2026-06-20 11:31:53,064 - mazeUtils.moveTile - [moveTile.py:235] - INFO - Black tile detected! Stopping movement. Starting escape maneuver.
2026-06-20 11:31:53,107 - mazeUtils.moveTile - [moveTile.py:79] - DEBUG - Escape maneuver complete.
2026-06-20 11:31:53,139 - __main__ - [main.py:87] - INFO - Current position: (20, 18, 1), front direction: absDirection.NORTH
Layer 0 (altitude=0.0cm, offset=(0.0cm, 0.0cm)):
Known map area: x=20..20, y=19..20
+   +
| E |
+   +
| S |
+---+
Layer 1 (altitude=-15.0cm, offset=(0.0cm, -60.0cm)):
Known map area: x=20..20, y=17..19
+   +
  B  
+   +
  @  
+   +
  E  
+   +
mazeAsGraph[0][19][20] = {absDirection.NORTH: (20, 19, 1, 60), absDirection.EAST: None, absDirection.SOUTH: (20, 20, 0, 30), absDirection.WEST: None}
mazeAsGraph[0][20][20] = {absDirection.NORTH: (20, 19, 0, 30), absDirection.EAST: None, absDirection.SOUTH: None, absDirection.WEST: None}
mazeAsGraph[1][17][20] = {absDirection.NORTH: None, absDirection.EAST: None, absDirection.SOUTH: None, absDirection.WEST: None}
mazeAsGraph[1][18][20] = {absDirection.NORTH: None, absDirection.EAST: (21, 18, 1, 30), absDirection.SOUTH: (20, 19, 1, 30), absDirection.WEST: (19, 18, 1, 30)}
mazeAsGraph[1][19][20] = {absDirection.NORTH: (20, 18, 1, 30), absDirection.EAST: (21, 19, 1, 30), absDirection.SOUTH: (20, 19, 0, 60), absDirection.WEST: (19, 19, 1, 30)}
2026-06-20 11:31:53,144 - mazeUtils.mazeMap - [mazeMap.py:61] - INFO - next goal: (21, 18, 1)
2026-06-20 11:31:53,157 - mazeUtils.moveTile - [moveTile.py:79] - DEBUG - Moving to absDirection.EAST from (20, 18, 1) facing absDirection.NORTH
2026-06-20 11:31:53,162 - mazeUtils.moveTile - [moveTile.py:79] - DEBUG - Turning to 270 deg, current heading: 1.25 deg, turnAngle: 91.25 deg
2026-06-20 11:31:53,190 - mazeUtils.moveTile - [moveTile.py:79] - DEBUG - gyro:1.3899999999999864 deg, derivative: 0.13999999999998636, turnSpeed: 100
2026-06-20 11:31:53,217 - mazeUtils.moveTile - [moveTile.py:79] - DEBUG - gyro:1.329999999999984 deg, derivative: -0.060000000000002274, turnSpeed: 100
2026-06-20 11:31:53,245 - mazeUtils.moveTile - [moveTile.py:79] - DEBUG - gyro:1.3100000000000023 deg, derivative: -0.01999999999998181, turnSpeed: 100
2026-06-20 11:31:53,272 - mazeUtils.moveTile - [moveTile.py:79] - DEBUG - gyro:0.9900000000000091 deg, derivative: -0.3199999999999932, turnSpeed: 100
2026-06-20 11:31:53,298 - mazeUtils.moveTile - [moveTile.py:79] - DEBUG - gyro:359.90000000000003 deg, derivative: -1.089999999999975, turnSpeed: 100
2026-06-20 11:31:53,327 - mazeUtils.moveTile - [moveTile.py:79] - DEBUG - gyro:357.69 deg, derivative: -2.2100000000000364, turnSpeed: 100
2026-06-20 11:31:53,351 - mazeUtils.moveTile - [moveTile.py:79] - DEBUG - gyro:353.5 deg, derivative: -4.189999999999998, turnSpeed: 100
2026-06-20 11:31:53,380 - mazeUtils.moveTile - [moveTile.py:79] - DEBUG - gyro:350.07 deg, derivative: -3.430000000000007, turnSpeed: 100
2026-06-20 11:31:53,404 - mazeUtils.moveTile - [moveTile.py:79] - DEBUG - gyro:347.78000000000003 deg, derivative: -2.2899999999999636, turnSpeed: 100
2026-06-20 11:31:53,429 - mazeUtils.moveTile - [moveTile.py:79] - DEBUG - gyro:344.82 deg, derivative: -2.9600000000000364, turnSpeed: 100
2026-06-20 11:31:53,450 - mazeUtils.moveTile - [moveTile.py:79] - DEBUG - gyro:341.58 deg, derivative: -3.240000000000009, turnSpeed: 100
2026-06-20 11:31:53,475 - mazeUtils.moveTile - [moveTile.py:79] - DEBUG - gyro:339.04 deg, derivative: -2.5399999999999636, turnSpeed: 100
2026-06-20 11:31:53,498 - mazeUtils.moveTile - [moveTile.py:79] - DEBUG - gyro:335.71 deg, derivative: -3.330000000000041, turnSpeed: 100
2026-06-20 11:31:53,520 - mazeUtils.moveTile - [moveTile.py:79] - DEBUG - gyro:332.41 deg, derivative: -3.2999999999999545, turnSpeed: 100
2026-06-20 11:31:53,549 - mazeUtils.moveTile - [moveTile.py:79] - DEBUG - gyro:329.41 deg, derivative: -3.0, turnSpeed: 100
2026-06-20 11:31:53,574 - mazeUtils.moveTile - [moveTile.py:79] - DEBUG - gyro:327.21 deg, derivative: -2.2000000000000455, turnSpeed: 100
2026-06-20 11:31:53,602 - mazeUtils.moveTile - [moveTile.py:79] - DEBUG - gyro:323.67 deg, derivative: -3.5399999999999636, turnSpeed: 100
2026-06-20 11:31:53,628 - mazeUtils.moveTile - [moveTile.py:79] - DEBUG - gyro:321.26 deg, derivative: -2.410000000000025, turnSpeed: 100
2026-06-20 11:31:53,654 - mazeUtils.moveTile - [moveTile.py:79] - DEBUG - gyro:320.14 deg, derivative: -1.1200000000000045, turnSpeed: 100
2026-06-20 11:31:53,677 - mazeUtils.moveTile - [moveTile.py:79] - DEBUG - gyro:318.59000000000003 deg, derivative: -1.5499999999999545, turnSpeed: 97.18000000000006
2026-06-20 11:31:53,704 - mazeUtils.moveTile - [moveTile.py:79] - DEBUG - gyro:317.21 deg, derivative: -1.3800000000000523, turnSpeed: 94.41999999999996
2026-06-20 11:31:53,728 - mazeUtils.moveTile - [moveTile.py:79] - DEBUG - gyro:316.52 deg, derivative: -0.6899999999999977, turnSpeed: 93.03999999999996
2026-06-20 11:31:53,763 - mazeUtils.moveTile - [moveTile.py:79] - DEBUG - gyro:315.23 deg, derivative: -1.2899999999999636, turnSpeed: 90.46000000000004
2026-06-20 11:31:53,787 - mazeUtils.moveTile - [moveTile.py:79] - DEBUG - gyro:314.29 deg, derivative: -0.9399999999999977, turnSpeed: 88.58000000000004
2026-06-20 11:31:53,813 - mazeUtils.moveTile - [moveTile.py:79] - DEBUG - gyro:313.28000000000003 deg, derivative: -1.009999999999991, turnSpeed: 86.56000000000006
2026-06-20 11:31:53,836 - mazeUtils.moveTile - [moveTile.py:79] - DEBUG - gyro:312.82 deg, derivative: -0.4600000000000364, turnSpeed: 85.63999999999999
2026-06-20 11:31:53,861 - mazeUtils.moveTile - [moveTile.py:79] - DEBUG - gyro:311.67 deg, derivative: -1.1499999999999773, turnSpeed: 83.34000000000003
2026-06-20 11:31:53,873 - __main__ - [main.py:147] - INFO - Program interrupted by user.
2026-06-20 11:31:54,940 - mazeUtils.device.stm - [stm.py:216] - DEBUG - ACK resynchronized: type=STS_MOTOR dropped=3B seq=23
2026-06-20 11:31:55,451 - picamera2.picamera2 - [picamera2.py:1391] - DEBUG - Execute job: <picamera2.job.Job object at 0x7fad2975d0>
2026-06-20 11:31:55,467 - picamera2.picamera2 - [picamera2.py:1323] - INFO - Camera stopped
2026-06-20 11:31:55,668 - picamera2.picamera2 - [picamera2.py:1329] - DEBUG - Camera was not started
2026-06-20 11:31:55,870 - picamera2.picamera2 - [picamera2.py:723] - INFO - Camera closed successfully.
2026-06-20 11:31:56,045 - picamera2.picamera2 - [picamera2.py:500] - DEBUG - Resources now free: <picamera2.picamera2.Picamera2 object at 0x7f99861b10>
