2026-07-02 20:30:18,704 - root - [logging_config.py:61] - INFO - Logging initialized. Log file: /home/tuton/Kanto2026RPi/src/config/../logs/robot_20260702_203013.log
2026-07-02 20:30:20,567 - mazeUtils.device.LiDAR - [LiDAR.py:80] - INFO - Available ports: <ydlidar.Str2strMap; proxy of <Swig Object of type 'std::map< std::string,std::string > *' at 0x7f77192640> >
2026-07-02 20:30:31,283 - mazeUtils.device.stm - [stm.py:134] - ERROR - Timeout while searching valid frame: elapsed=0.500s timeout=0.500s seq=55 buffered=11B dropped=0B tail=00 37 00 00 ff ff c0 c0 00 2e ec
2026-07-02 20:30:31,284 - mazeUtils.device.stm - [stm.py:709] - ERROR - update failed: requestSensorValues returned None
2026-07-02 20:30:31,286 - __main__ - [main.py:65] - WARNING - STM update failed. Retrying...
2026-07-02 20:30:31,888 - mazeUtils.device.stm - [stm.py:134] - ERROR - Timeout while searching valid frame: elapsed=0.500s timeout=0.500s seq=56 buffered=0B dropped=0B tail=
2026-07-02 20:30:31,889 - mazeUtils.device.stm - [stm.py:709] - ERROR - update failed: requestSensorValues returned None
2026-07-02 20:30:31,890 - __main__ - [main.py:65] - WARNING - STM update failed. Retrying...
2026-07-02 20:30:33,092 - mazeUtils.moveTile - [moveTile.py:556] - DEBUG - overwrite the wall data
2026-07-02 20:30:33,118 - mazeUtils.moveTile - [moveTile.py:570] - DEBUG - Direction: absDirection.NORTH, Angle: 0, Distance: 222.82659589842442 cm
2026-07-02 20:30:33,120 - mazeUtils.moveTile - [moveTile.py:580] - INFO - angle: 0, result: judgeWallResult.NO_WALL
2026-07-02 20:30:33,123 - mazeUtils.moveTile - [moveTile.py:570] - DEBUG - Direction: absDirection.EAST, Angle: 270, Distance: 52.51705805906055 cm
2026-07-02 20:30:33,125 - mazeUtils.moveTile - [moveTile.py:570] - DEBUG - Direction: absDirection.SOUTH, Angle: 180, Distance: 123.92446255036788 cm
2026-07-02 20:30:33,126 - mazeUtils.moveTile - [moveTile.py:570] - DEBUG - Direction: absDirection.WEST, Angle: 90, Distance: 27.08349179345484 cm
2026-07-02 20:30:33,127 - __main__ - [main.py:78] - INFO - Initial Map:
2026-07-02 20:30:33,147 - __main__ - [main.py:79] - INFO - Current position: (20, 20, 0), front direction: absDirection.NORTH
Layer 0 (altitude=0.0cm, offset=(0.0cm, 0.0cm)):
Known map area: x=20..20, y=20..20
+   +
| @  
+   +
2026-07-02 20:30:34,157 - mazeUtils.mazeMap - [mazeMap.py:61] - INFO - next goal: (20, 19, 0)
2026-07-02 20:30:34,158 - __main__ - [main.py:85] - INFO - Next Direction: [<absDirection.NORTH: 0>]
2026-07-02 20:30:34,160 - __main__ - [main.py:86] - INFO - Exploration started.
2026-07-02 20:30:34,161 - mazeUtils.mazeMap - [mazeMap.py:61] - INFO - next goal: (20, 20, 0)
2026-07-02 20:30:34,162 - mazeUtils.moveTile - [moveTile.py:88] - DEBUG - [1074.429918] moveTile start direction=absDirection.NORTH position=(20, 20, 0) front=absDirection.NORTH
2026-07-02 20:30:34,211 - mazeUtils.moveTile - [moveTile.py:2745] - INFO - (None, None)
2026-07-02 20:30:34,258 - __main__ - [main.py:119] - INFO - Current position: (20, 20, 0), front direction: absDirection.NORTH
Layer 0 (altitude=0.0cm, offset=(0.0cm, 0.0cm)):
Known map area: x=20..20, y=20..20
+   +
| @  
+   +
